    1C
    1UNormalized cross-passage space-truss torsion benchmark            
    1UUSER                                                              
    1UDATE              06.august.2026                                  
    1UTIME              08:14:20                                        
    1UHOST                                                              
    1UPGM               CalculiX                                        
    1UVERSION           Version 2.21                             
    1UCOMPILETIME       Sat Jul 29 10:52:01 CEST 2023                    
    1UDIR                                                               
    1UDBN                                                               
    1UMAT    1STEEL                                                     
    2C                           952                                     1
 -1       189-1.19368E+00 7.11544E-04-3.54908E-02
 -1       190-1.23019E+00 3.55767E-03-1.93897E-02
 -1       191-1.20632E+00-7.11544E-04 3.54908E-02
 -1       192-1.16981E+00-3.55767E-03 1.93897E-02
 -1       197-1.20102E+00-3.40950E-02-1.16828E-02
 -1       198-1.20007E+00-2.33416E-03-3.59798E-02
 -1       199-1.19898E+00 3.40950E-02 1.16828E-02
 -1       200-1.19993E+00 2.33416E-03 3.59798E-02
 -1       205-1.23354E+00-1.32202E-02 3.96605E-04
 -1       206-1.20069E+00-3.60327E-02 1.08098E-03
 -1       207-1.16646E+00 1.32202E-02-3.96605E-04
 -1       208-1.19931E+00 3.60327E-02-1.08098E-03
 -1       239 1.20171E+00 2.51691E-03-3.59268E-02
 -1       240 1.16756E+00-2.03267E-03-1.56053E-02
 -1       241 1.19829E+00-2.51691E-03 3.59268E-02
 -1       242 1.23244E+00 2.03267E-03 1.56053E-02
 -1       247 1.20102E+00-3.38645E-02-1.23355E-02
 -1       248 1.20005E+00-1.64335E-03-3.60180E-02
 -1       249 1.19898E+00 3.38645E-02 1.23355E-02
 -1       250 1.19995E+00 1.64335E-03 3.60180E-02
 -1       255 1.16697E+00-1.44498E-02-4.33494E-04
 -1       256 1.20064E+00-3.60336E-02-1.08101E-03
 -1       257 1.23303E+00 1.44498E-02 4.33494E-04
 -1       258 1.19936E+00 3.60336E-02 1.08101E-03
 -1       289-1.19290E+00-2.97828E-03 1.96478E+00
 -1       290-1.22975E+00 1.47062E-03 1.97969E+00
 -1       291-1.20710E+00 2.97828E-03 2.03522E+00
 -1       292-1.17025E+00-1.47062E-03 2.02031E+00
 -1       297-1.19898E+00-3.38645E-02 1.98766E+00
 -1       298-1.19995E+00-1.64335E-03 1.96398E+00
 -1       299-1.20102E+00 3.38645E-02 2.01234E+00
 -1       300-1.20005E+00 1.64335E-03 2.03602E+00
 -1       305-1.23303E+00-1.44498E-02 1.99957E+00
 -1       306-1.19936E+00-3.60336E-02 1.99892E+00
 -1       307-1.16697E+00 1.44498E-02 2.00043E+00
 -1       308-1.20064E+00 3.60336E-02 2.00108E+00
 -1       339 1.20310E+00-1.03034E-03 1.96409E+00
 -1       340 1.16818E+00-3.60743E-03 1.98344E+00
 -1       341 1.19690E+00 1.03034E-03 2.03591E+00
 -1       342 1.23182E+00 3.60743E-03 2.01656E+00
 -1       347 1.19898E+00-3.40950E-02 1.98832E+00
 -1       348 1.19993E+00-2.33416E-03 1.96402E+00
 -1       349 1.20102E+00 3.40950E-02 2.01168E+00
 -1       350 1.20007E+00 2.33416E-03 2.03598E+00
 -1       355 1.16646E+00-1.32202E-02 2.00040E+00
 -1       356 1.19931E+00-3.60327E-02 2.00108E+00
 -1       357 1.23354E+00 1.32202E-02 1.99960E+00
 -1       358 1.20069E+00 3.60327E-02 1.99892E+00
 -1       389-1.19627E+00 9.99980E+00-3.58615E-02
 -1       390-1.23164E+00 9.99863E+00-1.72260E-02
 -1       391-1.20373E+00 1.00002E+01 3.58615E-02
 -1       392-1.16836E+00 1.00014E+01 1.72260E-02
 -1       397-1.20000E+00 9.96600E+00-1.20000E-02
 -1       398-1.20000E+00 9.99800E+00-3.60000E-02
 -1       399-1.20000E+00 1.00340E+01 1.20000E-02
 -1       400-1.20000E+00 1.00020E+01 3.60000E-02
 -1       405-1.23328E+00 9.98613E+00 0.00000E+00
 -1       406-1.20000E+00 9.96394E+00 0.00000E+00
 -1       407-1.16672E+00 1.00139E+01 0.00000E+00
 -1       408-1.20000E+00 1.00361E+01 0.00000E+00
 -1       413-1.19221E+00 9.99890E+00-3.51860E-02
 -1       414-1.22916E+00 1.00041E+01-2.07980E-02
 -1       415-1.20779E+00 1.00011E+01 3.51860E-02
 -1       416-1.17084E+00 9.99587E+00 2.07980E-02
 -1       455 1.20443E+00 9.99926E+00-3.57745E-02
 -1       456 1.16868E+00 9.99913E+00-1.78392E-02
 -1       457 1.19557E+00 1.00007E+01 3.57745E-02
 -1       458 1.23132E+00 1.00009E+01 1.78392E-02
 -1       463 1.20000E+00 9.96600E+00-1.20000E-02
 -1       464 1.20000E+00 9.99800E+00-3.60000E-02
 -1       465 1.20000E+00 1.00340E+01 1.20000E-02
 -1       466 1.20000E+00 1.00020E+01 3.60000E-02
 -1       471 1.16672E+00 9.98613E+00 0.00000E+00
 -1       472 1.20000E+00 9.96394E+00 0.00000E+00
 -1       473 1.23328E+00 1.00139E+01 0.00000E+00
 -1       474 1.20000E+00 1.00361E+01 0.00000E+00
 -1       505-1.19674E+00 1.00011E+01 1.96411E+00
 -1       506-1.23187E+00 9.99924E+00 1.98315E+00
 -1       507-1.20326E+00 9.99891E+00 2.03589E+00
 -1       508-1.16813E+00 1.00008E+01 2.01685E+00
 -1       513-1.20000E+00 9.96600E+00 1.98800E+00
 -1       514-1.20000E+00 9.99800E+00 1.96400E+00
 -1       515-1.20000E+00 1.00340E+01 2.01200E+00
 -1       516-1.20000E+00 1.00020E+01 2.03600E+00
 -1       521-1.23328E+00 9.98613E+00 2.00000E+00
 -1       522-1.20000E+00 9.96394E+00 2.00000E+00
 -1       523-1.16672E+00 1.00139E+01 2.00000E+00
 -1       524-1.20000E+00 1.00361E+01 2.00000E+00
 -1       529-1.19299E+00 9.99753E+00 1.96472E+00
 -1       530-1.22980E+00 1.00018E+01 1.97979E+00
 -1       531-1.20701E+00 1.00025E+01 2.03528E+00
 -1       532-1.17020E+00 9.99823E+00 2.02021E+00
 -1       571 1.20407E+00 1.00003E+01 1.96418E+00
 -1       572 1.16850E+00 9.99967E+00 1.98246E+00
 -1       573 1.19593E+00 9.99965E+00 2.03582E+00
 -1       574 1.23150E+00 1.00003E+01 2.01754E+00
 -1       579 1.20000E+00 9.96600E+00 1.98800E+00
 -1       580 1.20000E+00 9.99800E+00 1.96400E+00
 -1       581 1.20000E+00 1.00340E+01 2.01200E+00
 -1       582 1.20000E+00 1.00020E+01 2.03600E+00
 -1       587 1.16672E+00 9.98613E+00 2.00000E+00
 -1       588 1.20000E+00 9.96394E+00 2.00000E+00
 -1       589 1.23328E+00 1.00139E+01 2.00000E+00
 -1       590 1.20000E+00 1.00361E+01 2.00000E+00
 -1       621-1.19522E+00 1.99994E+01-3.57329E-02
 -1       622-1.23115E+00 2.00000E+01-1.81586E-02
 -1       623-1.20478E+00 2.00006E+01 3.57329E-02
 -1       624-1.16885E+00 2.00000E+01 1.81586E-02
 -1       629-1.20102E+00 1.99659E+01-1.16828E-02
 -1       630-1.20007E+00 1.99977E+01-3.59798E-02
 -1       631-1.19898E+00 2.00341E+01 1.16828E-02
 -1       632-1.19993E+00 2.00023E+01 3.59798E-02
 -1       637-1.23354E+00 1.99868E+01 3.96605E-04
 -1       638-1.20069E+00 1.99640E+01 1.08098E-03
 -1       639-1.16646E+00 2.00132E+01-3.96605E-04
 -1       640-1.19931E+00 2.00360E+01-1.08098E-03
 -1       671 1.20431E+00 2.00000E+01-3.57974E-02
 -1       672 1.16861E+00 1.99998E+01-1.77433E-02
 -1       673 1.19569E+00 2.00000E+01 3.57974E-02
 -1       674 1.23139E+00 2.00002E+01 1.77433E-02
 -1       679 1.20102E+00 1.99661E+01-1.23355E-02
 -1       680 1.20005E+00 1.99984E+01-3.60180E-02
 -1       681 1.19898E+00 2.00339E+01 1.23355E-02
 -1       682 1.19995E+00 2.00016E+01 3.60180E-02
 -1       687 1.16697E+00 1.99855E+01-4.33494E-04
 -1       688 1.20064E+00 1.99640E+01-1.08101E-03
 -1       689 1.23303E+00 2.00145E+01 4.33494E-04
 -1       690 1.19936E+00 2.00360E+01 1.08101E-03
 -1       721-1.19540E+00 2.00000E+01 1.96424E+00
 -1       722-1.23124E+00 2.00002E+01 1.98200E+00
 -1       723-1.20460E+00 2.00000E+01 2.03576E+00
 -1       724-1.16876E+00 1.99998E+01 2.01800E+00
 -1       729-1.19898E+00 1.99661E+01 1.98766E+00
 -1       730-1.19995E+00 1.99984E+01 1.96398E+00
 -1       731-1.20102E+00 2.00339E+01 2.01234E+00
 -1       732-1.20005E+00 2.00016E+01 2.03602E+00
 -1       737-1.23303E+00 1.99855E+01 1.99957E+00
 -1       738-1.19936E+00 1.99640E+01 1.99892E+00
 -1       739-1.16697E+00 2.00145E+01 2.00043E+00
 -1       740-1.20064E+00 2.00360E+01 2.00108E+00
 -1       771 1.20412E+00 2.00006E+01 1.96419E+00
 -1       772 1.16852E+00 2.00000E+01 1.98242E+00
 -1       773 1.19588E+00 1.99994E+01 2.03581E+00
 -1       774 1.23148E+00 2.00000E+01 2.01758E+00
 -1       779 1.19898E+00 1.99659E+01 1.98832E+00
 -1       780 1.19993E+00 1.99977E+01 1.96402E+00
 -1       781 1.20102E+00 2.00341E+01 2.01168E+00
 -1       782 1.20007E+00 2.00023E+01 2.03598E+00
 -1       787 1.16646E+00 1.99868E+01 2.00040E+00
 -1       788 1.19931E+00 1.99640E+01 2.00108E+00
 -1       789 1.23354E+00 2.00132E+01 1.99960E+00
 -1       790 1.20069E+00 2.00360E+01 1.99892E+00
 -1       821-1.19558E+00 3.00003E+01-3.57826E-02
 -1       822-1.23133E+00 3.00001E+01-1.78430E-02
 -1       823-1.20442E+00 2.99997E+01 3.57826E-02
 -1       824-1.16867E+00 2.99999E+01 1.78430E-02
 -1       829-1.20102E+00 2.99659E+01-1.16828E-02
 -1       830-1.20007E+00 2.99977E+01-3.59798E-02
 -1       831-1.19898E+00 3.00341E+01 1.16828E-02
 -1       832-1.19993E+00 3.00023E+01 3.59798E-02
 -1       837-1.23354E+00 2.99868E+01 3.96605E-04
 -1       838-1.20069E+00 2.99640E+01 1.08098E-03
 -1       839-1.16646E+00 3.00132E+01-3.96605E-04
 -1       840-1.19931E+00 3.00360E+01-1.08098E-03
 -1       871 1.20457E+00 2.99997E+01-3.57633E-02
 -1       872 1.16875E+00 2.99999E+01-1.79771E-02
 -1       873 1.19543E+00 3.00003E+01 3.57633E-02
 -1       874 1.23125E+00 3.00001E+01 1.79771E-02
 -1       879 1.20102E+00 2.99661E+01-1.23355E-02
 -1       880 1.20005E+00 2.99984E+01-3.60180E-02
 -1       881 1.19898E+00 3.00339E+01 1.23355E-02
 -1       882 1.19995E+00 3.00016E+01 3.60180E-02
 -1       887 1.16697E+00 2.99855E+01-4.33494E-04
 -1       888 1.20064E+00 2.99640E+01-1.08101E-03
 -1       889 1.23303E+00 3.00145E+01 4.33494E-04
 -1       890 1.19936E+00 3.00360E+01 1.08101E-03
 -1       921-1.19558E+00 3.00003E+01 1.96422E+00
 -1       922-1.23133E+00 3.00001E+01 1.98216E+00
 -1       923-1.20442E+00 2.99997E+01 2.03578E+00
 -1       924-1.16867E+00 2.99999E+01 2.01784E+00
 -1       929-1.19898E+00 2.99661E+01 1.98766E+00
 -1       930-1.19995E+00 2.99984E+01 1.96398E+00
 -1       931-1.20102E+00 3.00339E+01 2.01234E+00
 -1       932-1.20005E+00 3.00016E+01 2.03602E+00
 -1       937-1.23303E+00 2.99855E+01 1.99957E+00
 -1       938-1.19936E+00 2.99640E+01 1.99892E+00
 -1       939-1.16697E+00 3.00145E+01 2.00043E+00
 -1       940-1.20064E+00 3.00360E+01 2.00108E+00
 -1       971 1.20457E+00 2.99997E+01 1.96424E+00
 -1       972 1.16875E+00 2.99999E+01 1.98202E+00
 -1       973 1.19543E+00 3.00003E+01 2.03576E+00
 -1       974 1.23125E+00 3.00001E+01 2.01798E+00
 -1       979 1.19898E+00 2.99659E+01 1.98832E+00
 -1       980 1.19993E+00 2.99977E+01 1.96402E+00
 -1       981 1.20102E+00 3.00341E+01 2.01168E+00
 -1       982 1.20007E+00 3.00023E+01 2.03598E+00
 -1       987 1.16646E+00 2.99868E+01 2.00040E+00
 -1       988 1.19931E+00 2.99640E+01 2.00108E+00
 -1       989 1.23354E+00 3.00132E+01 1.99960E+00
 -1       990 1.20069E+00 3.00360E+01 1.99892E+00
 -1      1021-1.19545E+00 3.99998E+01-3.57665E-02
 -1      1022-1.23126E+00 3.99999E+01-1.79587E-02
 -1      1023-1.20455E+00 4.00002E+01 3.57665E-02
 -1      1024-1.16874E+00 4.00001E+01 1.79587E-02
 -1      1029-1.20000E+00 3.99660E+01-1.20000E-02
 -1      1030-1.20000E+00 3.99980E+01-3.60000E-02
 -1      1031-1.20000E+00 4.00340E+01 1.20000E-02
 -1      1032-1.20000E+00 4.00020E+01 3.60000E-02
 -1      1037-1.23328E+00 3.99861E+01 0.00000E+00
 -1      1038-1.20000E+00 3.99639E+01 0.00000E+00
 -1      1039-1.16672E+00 4.00139E+01 0.00000E+00
 -1      1040-1.20000E+00 4.00361E+01 0.00000E+00
 -1      1071 1.20444E+00 4.00002E+01-3.57801E-02
 -1      1072 1.16868E+00 4.00001E+01-1.78639E-02
 -1      1073 1.19556E+00 3.99998E+01 3.57801E-02
 -1      1074 1.23132E+00 3.99999E+01 1.78639E-02
 -1      1079 1.20000E+00 3.99660E+01-1.20000E-02
 -1      1080 1.20000E+00 3.99980E+01-3.60000E-02
 -1      1081 1.20000E+00 4.00340E+01 1.20000E-02
 -1      1082 1.20000E+00 4.00020E+01 3.60000E-02
 -1      1087 1.16672E+00 3.99861E+01 0.00000E+00
 -1      1088 1.20000E+00 3.99639E+01 0.00000E+00
 -1      1089 1.23328E+00 4.00139E+01 0.00000E+00
 -1      1090 1.20000E+00 4.00361E+01 0.00000E+00
 -1      1121-1.19545E+00 3.99998E+01 1.96423E+00
 -1      1122-1.23126E+00 3.99999E+01 1.98204E+00
 -1      1123-1.20455E+00 4.00002E+01 2.03577E+00
 -1      1124-1.16874E+00 4.00001E+01 2.01796E+00
 -1      1129-1.20000E+00 3.99660E+01 1.98800E+00
 -1      1130-1.20000E+00 3.99980E+01 1.96400E+00
 -1      1131-1.20000E+00 4.00340E+01 2.01200E+00
 -1      1132-1.20000E+00 4.00020E+01 2.03600E+00
 -1      1137-1.23328E+00 3.99861E+01 2.00000E+00
 -1      1138-1.20000E+00 3.99639E+01 2.00000E+00
 -1      1139-1.16672E+00 4.00139E+01 2.00000E+00
 -1      1140-1.20000E+00 4.00361E+01 2.00000E+00
 -1      1171 1.20444E+00 4.00002E+01 1.96422E+00
 -1      1172 1.16868E+00 4.00001E+01 1.98214E+00
 -1      1173 1.19556E+00 3.99998E+01 2.03578E+00
 -1      1174 1.23132E+00 3.99999E+01 2.01786E+00
 -1      1179 1.20000E+00 3.99660E+01 1.98800E+00
 -1      1180 1.20000E+00 3.99980E+01 1.96400E+00
 -1      1181 1.20000E+00 4.00340E+01 2.01200E+00
 -1      1182 1.20000E+00 4.00020E+01 2.03600E+00
 -1      1187 1.16672E+00 3.99861E+01 2.00000E+00
 -1      1188 1.20000E+00 3.99639E+01 2.00000E+00
 -1      1189 1.23328E+00 4.00139E+01 2.00000E+00
 -1      1190 1.20000E+00 4.00361E+01 2.00000E+00
 -1      1221-1.19643E+00 4.99983E+01-3.58369E-02
 -1      1222-1.23164E+00 4.99965E+01-1.69330E-02
 -1      1223-1.20357E+00 5.00017E+01 3.58369E-02
 -1      1224-1.16836E+00 5.00035E+01 1.69330E-02
 -1      1229-1.20145E+00 4.99659E+01-1.15569E-02
 -1      1230-1.20010E+00 4.99975E+01-3.59709E-02
 -1      1231-1.19855E+00 5.00341E+01 1.15569E-02
 -1      1232-1.19990E+00 5.00025E+01 3.59709E-02
 -1      1237-1.23365E+00 4.99871E+01 5.48678E-04
 -1      1238-1.20099E+00 4.99640E+01 1.52775E-03
 -1      1239-1.16635E+00 5.00129E+01-5.48678E-04
 -1      1240-1.19901E+00 5.00360E+01-1.52775E-03
 -1      1271 1.20681E+00 4.99968E+01-3.52587E-02
 -1      1272 1.17004E+00 5.00008E+01-2.00420E-02
 -1      1273 1.19319E+00 5.00032E+01 3.52587E-02
 -1      1274 1.22996E+00 4.99992E+01 2.00420E-02
 -1      1279 1.20143E+00 4.99662E+01-1.24797E-02
 -1      1280 1.20006E+00 4.99985E+01-3.60247E-02
 -1      1281 1.19857E+00 5.00338E+01 1.24797E-02
 -1      1282 1.19994E+00 5.00015E+01 3.60247E-02
 -1      1287 1.16707E+00 4.99853E+01-6.22501E-04
 -1      1288 1.20089E+00 4.99640E+01-1.52786E-03
 -1      1289 1.23293E+00 5.00147E+01 6.22501E-04
 -1      1290 1.19911E+00 5.00360E+01 1.52786E-03
 -1      1321-1.19820E+00 5.00029E+01 1.96411E+00
 -1      1322-1.23244E+00 4.99986E+01 1.98433E+00
 -1      1323-1.20180E+00 4.99971E+01 2.03589E+00
 -1      1324-1.16756E+00 5.00014E+01 2.01567E+00
 -1      1329-1.19857E+00 4.99662E+01 1.98752E+00
 -1      1330-1.19994E+00 4.99985E+01 1.96398E+00
 -1      1331-1.20143E+00 5.00338E+01 2.01248E+00
 -1      1332-1.20006E+00 5.00015E+01 2.03602E+00
 -1      1337-1.23293E+00 4.99853E+01 1.99938E+00
 -1      1338-1.19911E+00 4.99640E+01 1.99847E+00
 -1      1339-1.16707E+00 5.00147E+01 2.00062E+00
 -1      1340-1.20089E+00 5.00360E+01 2.00153E+00
 -1      1371 1.20569E+00 5.00016E+01 1.96443E+00
 -1      1372 1.16943E+00 5.00035E+01 1.98120E+00
 -1      1373 1.19431E+00 4.99984E+01 2.03557E+00
 -1      1374 1.23057E+00 4.99965E+01 2.01880E+00
 -1      1379 1.19855E+00 4.99659E+01 1.98844E+00
 -1      1380 1.19990E+00 4.99975E+01 1.96403E+00
 -1      1381 1.20145E+00 5.00341E+01 2.01156E+00
 -1      1382 1.20010E+00 5.00025E+01 2.03597E+00
 -1      1387 1.16635E+00 4.99871E+01 2.00055E+00
 -1      1388 1.19901E+00 4.99640E+01 2.00153E+00
 -1      1389 1.23365E+00 5.00129E+01 1.99945E+00
 -1      1390 1.20099E+00 5.00360E+01 1.99847E+00
 -1      1421-1.19522E+00 2.49893E+00-1.41787E-01
 -1      1422-1.23115E+00 2.49946E+00-1.24216E-01
 -1      1423-1.20478E+00 2.50107E+00-7.03450E-02
 -1      1424-1.16885E+00 2.50054E+00-8.79159E-02
 -1      1429-1.19553E+00 5.00000E+00-1.85777E-01
 -1      1430-1.23131E+00 5.00000E+00-1.67887E-01
 -1      1431-1.20447E+00 5.00000E+00-1.14223E-01
 -1      1432-1.16869E+00 5.00000E+00-1.32113E-01
 -1      1437-1.19586E+00 7.50107E+00-1.41867E-01
 -1      1438-1.23147E+00 7.50053E+00-1.23652E-01
 -1      1439-1.20414E+00 7.49893E+00-7.02647E-02
 -1      1440-1.16853E+00 7.49947E+00-8.84797E-02
 -1      1445 1.20414E+00 2.50107E+00 7.02647E-02
 -1      1446 1.16853E+00 2.50053E+00 8.84797E-02
 -1      1447 1.19586E+00 2.49893E+00 1.41867E-01
 -1      1448 1.23147E+00 2.49947E+00 1.23652E-01
 -1      1453 1.20447E+00 5.00000E+00 1.14223E-01
 -1      1454 1.16869E+00 5.00000E+00 1.32113E-01
 -1      1455 1.19553E+00 5.00000E+00 1.85777E-01
 -1      1456 1.23131E+00 5.00000E+00 1.67887E-01
 -1      1461 1.20478E+00 7.49893E+00 7.03450E-02
 -1      1462 1.16885E+00 7.49946E+00 8.79159E-02
 -1      1463 1.19522E+00 7.50107E+00 1.41787E-01
 -1      1464 1.23115E+00 7.50054E+00 1.24216E-01
 -1      1469-1.19522E+00 2.49893E+00 1.85821E+00
 -1      1470-1.23115E+00 2.49946E+00 1.87578E+00
 -1      1471-1.20478E+00 2.50107E+00 1.92966E+00
 -1      1472-1.16885E+00 2.50054E+00 1.91208E+00
 -1      1477-1.19553E+00 5.00000E+00 1.81422E+00
 -1      1478-1.23131E+00 5.00000E+00 1.83211E+00
 -1      1479-1.20447E+00 5.00000E+00 1.88578E+00
 -1      1480-1.16869E+00 5.00000E+00 1.86789E+00
 -1      1485-1.19586E+00 7.50107E+00 1.85813E+00
 -1      1486-1.23147E+00 7.50053E+00 1.87635E+00
 -1      1487-1.20414E+00 7.49893E+00 1.92974E+00
 -1      1488-1.16853E+00 7.49947E+00 1.91152E+00
 -1      1493 1.20414E+00 2.50107E+00 2.07026E+00
 -1      1494 1.16853E+00 2.50053E+00 2.08848E+00
 -1      1495 1.19586E+00 2.49893E+00 2.14187E+00
 -1      1496 1.23147E+00 2.49947E+00 2.12365E+00
 -1      1501 1.20447E+00 5.00000E+00 2.11422E+00
 -1      1502 1.16869E+00 5.00000E+00 2.13211E+00
 -1      1503 1.19553E+00 5.00000E+00 2.18578E+00
 -1      1504 1.23131E+00 5.00000E+00 2.16789E+00
 -1      1509 1.20478E+00 7.49893E+00 2.07034E+00
 -1      1510 1.16885E+00 7.49946E+00 2.08792E+00
 -1      1511 1.19522E+00 7.50107E+00 2.14179E+00
 -1      1512 1.23115E+00 7.50054E+00 2.12422E+00
 -1      1517-1.19522E+00 2.24989E+01-1.41787E-01
 -1      1518-1.23115E+00 2.24995E+01-1.24216E-01
 -1      1519-1.20478E+00 2.25011E+01-7.03450E-02
 -1      1520-1.16885E+00 2.25005E+01-8.79159E-02
 -1      1525-1.19553E+00 2.50000E+01-1.85777E-01
 -1      1526-1.23131E+00 2.50000E+01-1.67887E-01
 -1      1527-1.20447E+00 2.50000E+01-1.14223E-01
 -1      1528-1.16869E+00 2.50000E+01-1.32113E-01
 -1      1533-1.19586E+00 2.75011E+01-1.41867E-01
 -1      1534-1.23147E+00 2.75005E+01-1.23652E-01
 -1      1535-1.20414E+00 2.74989E+01-7.02647E-02
 -1      1536-1.16853E+00 2.74995E+01-8.84797E-02
 -1      1541 1.20414E+00 2.25011E+01 7.02647E-02
 -1      1542 1.16853E+00 2.25005E+01 8.84797E-02
 -1      1543 1.19586E+00 2.24989E+01 1.41867E-01
 -1      1544 1.23147E+00 2.24995E+01 1.23652E-01
 -1      1549 1.20447E+00 2.50000E+01 1.14223E-01
 -1      1550 1.16869E+00 2.50000E+01 1.32113E-01
 -1      1551 1.19553E+00 2.50000E+01 1.85777E-01
 -1      1552 1.23131E+00 2.50000E+01 1.67887E-01
 -1      1557 1.20478E+00 2.74989E+01 7.03450E-02
 -1      1558 1.16885E+00 2.74995E+01 8.79159E-02
 -1      1559 1.19522E+00 2.75011E+01 1.41787E-01
 -1      1560 1.23115E+00 2.75005E+01 1.24216E-01
 -1      1565-1.19522E+00 2.24989E+01 1.85821E+00
 -1      1566-1.23115E+00 2.24995E+01 1.87578E+00
 -1      1567-1.20478E+00 2.25011E+01 1.92966E+00
 -1      1568-1.16885E+00 2.25005E+01 1.91208E+00
 -1      1573-1.19553E+00 2.50000E+01 1.81422E+00
 -1      1574-1.23131E+00 2.50000E+01 1.83211E+00
 -1      1575-1.20447E+00 2.50000E+01 1.88578E+00
 -1      1576-1.16869E+00 2.50000E+01 1.86789E+00
 -1      1581-1.19586E+00 2.75011E+01 1.85813E+00
 -1      1582-1.23147E+00 2.75005E+01 1.87635E+00
 -1      1583-1.20414E+00 2.74989E+01 1.92974E+00
 -1      1584-1.16853E+00 2.74995E+01 1.91152E+00
 -1      1589 1.20414E+00 2.25011E+01 2.07026E+00
 -1      1590 1.16853E+00 2.25005E+01 2.08848E+00
 -1      1591 1.19586E+00 2.24989E+01 2.14187E+00
 -1      1592 1.23147E+00 2.24995E+01 2.12365E+00
 -1      1597 1.20447E+00 2.50000E+01 2.11422E+00
 -1      1598 1.16869E+00 2.50000E+01 2.13211E+00
 -1      1599 1.19553E+00 2.50000E+01 2.18578E+00
 -1      1600 1.23131E+00 2.50000E+01 2.16789E+00
 -1      1605 1.20478E+00 2.74989E+01 2.07034E+00
 -1      1606 1.16885E+00 2.74995E+01 2.08792E+00
 -1      1607 1.19522E+00 2.75011E+01 2.14179E+00
 -1      1608 1.23115E+00 2.75005E+01 2.12422E+00
 -1      1613-1.19553E+00 4.50000E+01-1.85778E-01
 -1      1614-1.23131E+00 4.50000E+01-1.67883E-01
 -1      1615-1.20447E+00 4.50000E+01-1.14222E-01
 -1      1616-1.16869E+00 4.50000E+01-1.32117E-01
 -1      1621 1.20447E+00 4.50000E+01 1.14222E-01
 -1      1622 1.16869E+00 4.50000E+01 1.32117E-01
 -1      1623 1.19553E+00 4.50000E+01 1.85778E-01
 -1      1624 1.23131E+00 4.50000E+01 1.67883E-01
 -1      1629-1.19553E+00 4.50000E+01 1.81422E+00
 -1      1630-1.23131E+00 4.50000E+01 1.83212E+00
 -1      1631-1.20447E+00 4.50000E+01 1.88578E+00
 -1      1632-1.16869E+00 4.50000E+01 1.86788E+00
 -1      1637 1.20447E+00 4.50000E+01 2.11422E+00
 -1      1638 1.16869E+00 4.50000E+01 2.13212E+00
 -1      1639 1.19553E+00 4.50000E+01 2.18578E+00
 -1      1640 1.23131E+00 4.50000E+01 2.16788E+00
 -1      1645 0.00000E+00-6.99992E-02-1.20023E-02
 -1      1646 0.00000E+00-3.79975E-02-3.60001E-02
 -1      1647 0.00000E+00-2.00083E-03 1.20023E-02
 -1      1648 0.00000E+00-3.40025E-02 3.60001E-02
 -1      1653 0.00000E+00 2.00083E-03 1.98800E+00
 -1      1654 0.00000E+00 3.40025E-02 1.96400E+00
 -1      1655 0.00000E+00 6.99992E-02 2.01200E+00
 -1      1656 0.00000E+00 3.79975E-02 2.03600E+00
 -1      1661-1.23329E+00 1.61495E-02 1.00000E+00
 -1      1662-1.20002E+00-6.05551E-03 1.00000E+00
 -1      1663-1.16671E+00 4.38505E-02 1.00000E+00
 -1      1664-1.19998E+00 6.60555E-02 1.00000E+00
 -1      1669 1.16671E+00-4.38505E-02 1.00000E+00
 -1      1670 1.19998E+00-6.60555E-02 1.00000E+00
 -1      1671 1.23329E+00-1.61495E-02 1.00000E+00
 -1      1672 1.20002E+00 6.05551E-03 1.00000E+00
 -1      1677 0.00000E+00 1.99300E+01-1.20023E-02
 -1      1678 0.00000E+00 1.99620E+01-3.60001E-02
 -1      1679 0.00000E+00 1.99980E+01 1.20023E-02
 -1      1680 0.00000E+00 1.99660E+01 3.60001E-02
 -1      1685 0.00000E+00 2.00020E+01 1.98800E+00
 -1      1686 0.00000E+00 2.00340E+01 1.96400E+00
 -1      1687 0.00000E+00 2.00700E+01 2.01200E+00
 -1      1688 0.00000E+00 2.00380E+01 2.03600E+00
 -1      1693-1.23329E+00 2.00161E+01 1.00000E+00
 -1      1694-1.20002E+00 1.99939E+01 1.00000E+00
 -1      1695-1.16671E+00 2.00438E+01 1.00000E+00
 -1      1696-1.19998E+00 2.00661E+01 1.00000E+00
 -1      1701 1.16671E+00 1.99562E+01 1.00000E+00
 -1      1702 1.19998E+00 1.99339E+01 1.00000E+00
 -1      1703 1.23329E+00 1.99839E+01 1.00000E+00
 -1      1704 1.20002E+00 2.00061E+01 1.00000E+00
 -1      1709 0.00000E+00 2.99300E+01-1.20023E-02
 -1      1710 0.00000E+00 2.99620E+01-3.60001E-02
 -1      1711 0.00000E+00 2.99980E+01 1.20023E-02
 -1      1712 0.00000E+00 2.99660E+01 3.60001E-02
 -1      1717 0.00000E+00 3.00020E+01 1.98800E+00
 -1      1718 0.00000E+00 3.00340E+01 1.96400E+00
 -1      1719 0.00000E+00 3.00700E+01 2.01200E+00
 -1      1720 0.00000E+00 3.00380E+01 2.03600E+00
 -1      1725-1.23329E+00 3.00161E+01 1.00000E+00
 -1      1726-1.20002E+00 2.99939E+01 1.00000E+00
 -1      1727-1.16671E+00 3.00438E+01 1.00000E+00
 -1      1728-1.19998E+00 3.00661E+01 1.00000E+00
 -1      1733 1.16671E+00 2.99562E+01 1.00000E+00
 -1      1734 1.19998E+00 2.99339E+01 1.00000E+00
 -1      1735 1.23329E+00 2.99839E+01 1.00000E+00
 -1      1736 1.20002E+00 3.00061E+01 1.00000E+00
 -1      1741-6.01023E-01 4.99404E+01-1.16832E-02
 -1      1742-6.00070E-01 4.99722E+01-3.59798E-02
 -1      1743-5.98977E-01 5.00086E+01 1.16832E-02
 -1      1744-5.99930E-01 4.99769E+01 3.59798E-02
 -1      1749 0.00000E+00 4.99300E+01-1.20008E-02
 -1      1750 0.00000E+00 4.99620E+01-3.60000E-02
 -1      1751 0.00000E+00 4.99980E+01 1.20008E-02
 -1      1752 0.00000E+00 4.99660E+01 3.60000E-02
 -1      1757 6.01016E-01 4.99407E+01-1.23359E-02
 -1      1758 6.00049E-01 4.99729E+01-3.60180E-02
 -1      1759 5.98984E-01 5.00084E+01 1.23359E-02
 -1      1760 5.99951E-01 4.99762E+01 3.60180E-02
 -1      1765-5.98984E-01 4.99916E+01 1.98766E+00
 -1      1766-5.99951E-01 5.00238E+01 1.96398E+00
 -1      1767-6.01016E-01 5.00593E+01 2.01234E+00
 -1      1768-6.00049E-01 5.00271E+01 2.03602E+00
 -1      1773 0.00000E+00 5.00020E+01 1.98800E+00
 -1      1774 0.00000E+00 5.00340E+01 1.96400E+00
 -1      1775 0.00000E+00 5.00700E+01 2.01200E+00
 -1      1776 0.00000E+00 5.00380E+01 2.03600E+00
 -1      1781 5.98977E-01 4.99914E+01 1.98832E+00
 -1      1782 5.99930E-01 5.00231E+01 1.96402E+00
 -1      1783 6.01023E-01 5.00596E+01 2.01168E+00
 -1      1784 6.00070E-01 5.00278E+01 2.03598E+00
 -1      1789-1.23354E+00 5.00080E+01 5.00396E-01
 -1      1790-1.20070E+00 4.99852E+01 5.01081E-01
 -1      1791-1.16646E+00 5.00344E+01 4.99604E-01
 -1      1792-1.19930E+00 5.00572E+01 4.98919E-01
 -1      1797-1.23328E+00 5.00161E+01 1.00000E+00
 -1      1798-1.20001E+00 4.99939E+01 1.00000E+00
 -1      1799-1.16672E+00 5.00439E+01 1.00000E+00
 -1      1800-1.19999E+00 5.00661E+01 1.00000E+00
 -1      1805-1.23303E+00 5.00068E+01 1.49957E+00
 -1      1806-1.19936E+00 4.99852E+01 1.49892E+00
 -1      1807-1.16697E+00 5.00357E+01 1.50043E+00
 -1      1808-1.20064E+00 5.00572E+01 1.50108E+00
 -1      1813 1.16697E+00 4.99643E+01 4.99567E-01
 -1      1814 1.20064E+00 4.99428E+01 4.98919E-01
 -1      1815 1.23303E+00 4.99932E+01 5.00433E-01
 -1      1816 1.19936E+00 5.00148E+01 5.01081E-01
 -1      1821 1.16672E+00 4.99561E+01 1.00000E+00
 -1      1822 1.19999E+00 4.99339E+01 1.00000E+00
 -1      1823 1.23328E+00 4.99839E+01 1.00000E+00
 -1      1824 1.20001E+00 5.00061E+01 1.00000E+00
 -1      1829 1.16646E+00 4.99656E+01 1.50040E+00
 -1      1830 1.19930E+00 4.99428E+01 1.50108E+00
 -1      1831 1.23354E+00 4.99920E+01 1.49960E+00
 -1      1832 1.20070E+00 5.00148E+01 1.49892E+00
 -1      1837-1.19757E+00 1.26703E+00 1.57055E-01
 -1      1838-1.23227E+00 1.26396E+00 1.76710E-01
 -1      1839-1.20243E+00 1.25593E+00 2.28140E-01
 -1      1840-1.16773E+00 1.25900E+00 2.08485E-01
 -1      1845-1.19773E+00 2.52712E+00 3.58438E-01
 -1      1846-1.23234E+00 2.52383E+00 3.78214E-01
 -1      1847-1.20227E+00 2.51531E+00 4.29430E-01
 -1      1848-1.16766E+00 2.51860E+00 4.09654E-01
 -1      1853-1.19798E+00 3.78416E+00 5.76000E-01
 -1      1854-1.23245E+00 3.78053E+00 5.95959E-01
 -1      1855-1.20202E+00 3.77128E+00 6.46836E-01
 -1      1856-1.16755E+00 3.77491E+00 6.26877E-01
 -1      1861-1.19828E+00 5.03706E+00 8.14685E-01
 -1      1862-1.23258E+00 5.03303E+00 8.34863E-01
 -1      1863-1.20172E+00 5.02294E+00 8.85315E-01
 -1      1864-1.16742E+00 5.02697E+00 8.65137E-01
 -1      1869-1.19860E+00 6.28540E+00 1.07622E+00
 -1      1870-1.23272E+00 6.28095E+00 1.09662E+00
 -1      1871-1.20140E+00 6.27003E+00 1.14662E+00
 -1      1872-1.16728E+00 6.27449E+00 1.12622E+00
 -1      1877-1.19888E+00 7.52942E+00 1.35884E+00
 -1      1878-1.23284E+00 7.52461E+00 1.37943E+00
 -1      1879-1.20112E+00 7.51300E+00 1.42902E+00
 -1      1880-1.16716E+00 7.51782E+00 1.40843E+00
 -1      1885-1.19908E+00 8.77004E+00 1.65759E+00
 -1      1886-1.23292E+00 8.76498E+00 1.67830E+00
 -1      1887-1.20092E+00 8.75292E+00 1.72761E+00
 -1      1888-1.16708E+00 8.75799E+00 1.70689E+00
 -1      1893-1.19416E+00 1.25599E+00 1.77225E+00
 -1      1894-1.23060E+00 1.25854E+00 1.78856E+00
 -1      1895-1.20584E+00 1.26697E+00 1.84256E+00
 -1      1896-1.16940E+00 1.26443E+00 1.82625E+00
 -1      1901-1.19409E+00 2.51537E+00 1.57098E+00
 -1      1902-1.23056E+00 2.51807E+00 1.58719E+00
 -1      1903-1.20591E+00 2.52705E+00 1.64115E+00
 -1      1904-1.16944E+00 2.52435E+00 1.62494E+00
 -1      1909-1.19399E+00 3.77136E+00 1.35360E+00
 -1      1910-1.23051E+00 3.77428E+00 1.36967E+00
 -1      1911-1.20601E+00 3.78408E+00 1.42356E+00
 -1      1912-1.16949E+00 3.78115E+00 1.40749E+00
 -1      1917-1.19388E+00 5.02303E+00 1.11516E+00
 -1      1918-1.23044E+00 5.02621E+00 1.13106E+00
 -1      1919-1.20612E+00 5.03697E+00 1.18484E+00
 -1      1920-1.16956E+00 5.03379E+00 1.16894E+00
 -1      1925-1.19377E+00 6.27014E+00 8.53886E-01
 -1      1926-1.23038E+00 6.27358E+00 8.69618E-01
 -1      1927-1.20623E+00 6.28529E+00 9.23278E-01
 -1      1928-1.16962E+00 6.28186E+00 9.07546E-01
 -1      1933-1.19368E+00 7.51313E+00 5.71502E-01
 -1      1934-1.23034E+00 7.51677E+00 5.87093E-01
 -1      1935-1.20632E+00 7.52930E+00 6.40630E-01
 -1      1936-1.16966E+00 7.52565E+00 6.25039E-01
 -1      1941-1.19363E+00 8.75305E+00 2.72930E-01
 -1      1942-1.23031E+00 8.75684E+00 2.88429E-01
 -1      1943-1.20637E+00 8.76991E+00 3.41875E-01
 -1      1944-1.16969E+00 8.76612E+00 3.26376E-01
 -1      1949 1.20243E+00 1.26703E+00 1.57055E-01
 -1      1950 1.16773E+00 1.26396E+00 1.76710E-01
 -1      1951 1.19757E+00 1.25593E+00 2.28140E-01
 -1      1952 1.23227E+00 1.25900E+00 2.08485E-01
 -1      1957 1.20227E+00 2.52712E+00 3.58438E-01
 -1      1958 1.16766E+00 2.52383E+00 3.78214E-01
 -1      1959 1.19773E+00 2.51531E+00 4.29430E-01
 -1      1960 1.23234E+00 2.51860E+00 4.09654E-01
 -1      1965 1.20202E+00 3.78416E+00 5.76000E-01
 -1      1966 1.16755E+00 3.78053E+00 5.95959E-01
 -1      1967 1.19798E+00 3.77128E+00 6.46836E-01
 -1      1968 1.23245E+00 3.77491E+00 6.26877E-01
 -1      1973 1.20172E+00 5.03706E+00 8.14685E-01
 -1      1974 1.16742E+00 5.03303E+00 8.34863E-01
 -1      1975 1.19828E+00 5.02294E+00 8.85315E-01
 -1      1976 1.23258E+00 5.02697E+00 8.65137E-01
 -1      1981 1.20140E+00 6.28540E+00 1.07622E+00
 -1      1982 1.16728E+00 6.28095E+00 1.09662E+00
 -1      1983 1.19860E+00 6.27003E+00 1.14662E+00
 -1      1984 1.23272E+00 6.27449E+00 1.12622E+00
 -1      1989 1.20112E+00 7.52942E+00 1.35884E+00
 -1      1990 1.16716E+00 7.52461E+00 1.37943E+00
 -1      1991 1.19888E+00 7.51300E+00 1.42902E+00
 -1      1992 1.23284E+00 7.51782E+00 1.40843E+00
 -1      1997 1.20092E+00 8.77004E+00 1.65759E+00
 -1      1998 1.16708E+00 8.76498E+00 1.67830E+00
 -1      1999 1.19908E+00 8.75292E+00 1.72761E+00
 -1      2000 1.23292E+00 8.75799E+00 1.70689E+00
 -1      2005 1.20584E+00 1.25599E+00 1.77225E+00
 -1      2006 1.16940E+00 1.25854E+00 1.78856E+00
 -1      2007 1.19416E+00 1.26697E+00 1.84256E+00
 -1      2008 1.23060E+00 1.26443E+00 1.82625E+00
 -1      2013 1.20591E+00 2.51537E+00 1.57098E+00
 -1      2014 1.16944E+00 2.51807E+00 1.58719E+00
 -1      2015 1.19409E+00 2.52705E+00 1.64115E+00
 -1      2016 1.23056E+00 2.52435E+00 1.62494E+00
 -1      2021 1.20601E+00 3.77136E+00 1.35360E+00
 -1      2022 1.16949E+00 3.77428E+00 1.36967E+00
 -1      2023 1.19399E+00 3.78408E+00 1.42356E+00
 -1      2024 1.23051E+00 3.78115E+00 1.40749E+00
 -1      2029 1.20612E+00 5.02303E+00 1.11516E+00
 -1      2030 1.16956E+00 5.02621E+00 1.13106E+00
 -1      2031 1.19388E+00 5.03697E+00 1.18484E+00
 -1      2032 1.23044E+00 5.03379E+00 1.16894E+00
 -1      2037 1.20623E+00 6.27014E+00 8.53886E-01
 -1      2038 1.16962E+00 6.27358E+00 8.69618E-01
 -1      2039 1.19377E+00 6.28529E+00 9.23278E-01
 -1      2040 1.23038E+00 6.28186E+00 9.07546E-01
 -1      2045 1.20632E+00 7.51313E+00 5.71502E-01
 -1      2046 1.16966E+00 7.51677E+00 5.87093E-01
 -1      2047 1.19368E+00 7.52930E+00 6.40630E-01
 -1      2048 1.23034E+00 7.52565E+00 6.25039E-01
 -1      2053 1.20637E+00 8.75305E+00 2.72930E-01
 -1      2054 1.16969E+00 8.75684E+00 2.88429E-01
 -1      2055 1.19363E+00 8.76991E+00 3.41875E-01
 -1      2056 1.23031E+00 8.76612E+00 3.26376E-01
 -1      2061-8.31704E-01 1.23312E+00-3.42295E-02
 -1      2062-8.68791E-01 1.24370E+00-2.36225E-02
 -1      2063-8.53491E-01 1.23933E+00 3.42295E-02
 -1      2064-8.16404E-01 1.22875E+00 2.36225E-02
 -1      2069-4.83271E-01 2.47162E+00-3.43179E-02
 -1      2070-5.20380E-01 2.48181E+00-2.34066E-02
 -1      2071-5.04597E-01 2.47747E+00 3.43179E-02
 -1      2072-4.67488E-01 2.46728E+00 2.34066E-02
 -1      2077-1.51102E-01 3.71407E+00-3.44451E-02
 -1      2078-1.88233E-01 3.72368E+00-2.30837E-02
 -1      2079-1.71734E-01 3.71941E+00 3.44451E-02
 -1      2080-1.34603E-01 3.70980E+00 2.30837E-02
 -1      2085 1.59903E-01 4.96162E+00-3.45874E-02
 -1      2086 1.22764E-01 4.97054E+00-2.27035E-02
 -1      2087 1.40097E-01 4.96638E+00 3.45874E-02
 -1      2088 1.77236E-01 4.95746E+00 2.27035E-02
 -1      2093 4.48070E-01 6.21464E+00-3.47212E-02
 -1      2094 4.10939E-01 6.22286E+00-2.23246E-02
 -1      2095 4.29094E-01 6.21884E+00 3.47212E-02
 -1      2096 4.66225E-01 6.21062E+00 2.23246E-02
 -1      2101 7.15201E-01 7.47266E+00-3.48283E-02
 -1      2102 6.78091E-01 7.48030E+00-2.20050E-02
 -1      2103 6.96931E-01 7.47643E+00 3.48283E-02
 -1      2104 7.34041E-01 7.46878E+00 2.20050E-02
 -1      2109 9.66302E-01 8.73448E+00-3.48965E-02
 -1      2110 9.29212E-01 8.74174E+00-2.17923E-02
 -1      2111 9.48503E-01 8.73796E+00 3.48965E-02
 -1      2112 9.85593E-01 8.73071E+00 2.17923E-02
 -1      2117 8.42124E-01 1.23609E+00-3.60521E-02
 -1      2118 8.10413E-01 1.22704E+00-1.34113E-02
 -1      2119 8.43071E-01 1.23636E+00 3.60521E-02
 -1      2120 8.74781E-01 1.24541E+00 1.34113E-02
 -1      2125 4.93597E-01 2.47445E+00-3.60538E-02
 -1      2126 4.61712E-01 2.46570E+00-1.35445E-02
 -1      2127 4.94271E-01 2.47464E+00 3.60538E-02
 -1      2128 5.26156E-01 2.48339E+00 1.35445E-02
 -1      2133 1.61293E-01 3.71671E+00-3.60553E-02
 -1      2134 1.29148E-01 3.70839E+00-1.37478E-02
 -1      2135 1.61544E-01 3.71677E+00 3.60553E-02
 -1      2136 1.93688E-01 3.72509E+00 1.37478E-02
 -1      2141-1.49867E-01 4.96403E+00-3.60553E-02
 -1      2142-1.82312E-01 4.95625E+00-1.39935E-02
 -1      2143-1.50133E-01 4.96397E+00 3.60553E-02
 -1      2144-1.17688E-01 4.97176E+00 1.39935E-02
 -1      2149-4.38181E-01 6.21683E+00-3.60532E-02
 -1      2150-4.70920E-01 6.20958E+00-1.42455E-02
 -1      2151-4.38983E-01 6.21665E+00 3.60532E-02
 -1      2152-4.06244E-01 6.22390E+00 1.42455E-02
 -1      2157-7.05431E-01 7.47468E+00-3.60497E-02
 -1      2158-7.38414E-01 7.46788E+00-1.44640E-02
 -1      2159-7.06701E-01 7.47441E+00 3.60497E-02
 -1      2160-6.73718E-01 7.48121E+00 1.44640E-02
 -1      2165-9.56607E-01 8.73638E+00-3.60464E-02
 -1      2166-9.89751E-01 8.72990E+00-1.46123E-02
 -1      2167-9.58198E-01 8.73607E+00 3.60464E-02
 -1      2168-9.25054E-01 8.74255E+00 1.46123E-02
 -1      2173-8.31704E-01 1.23312E+00 1.96577E+00
 -1      2174-8.68791E-01 1.24370E+00 1.97638E+00
 -1      2175-8.53491E-01 1.23933E+00 2.03423E+00
 -1      2176-8.16404E-01 1.22875E+00 2.02362E+00
 -1      2181-4.83271E-01 2.47162E+00 1.96568E+00
 -1      2182-5.20380E-01 2.48181E+00 1.97659E+00
 -1      2183-5.04597E-01 2.47747E+00 2.03432E+00
 -1      2184-4.67488E-01 2.46728E+00 2.02341E+00
 -1      2189-1.51102E-01 3.71407E+00 1.96555E+00
 -1      2190-1.88233E-01 3.72368E+00 1.97692E+00
 -1      2191-1.71734E-01 3.71941E+00 2.03445E+00
 -1      2192-1.34603E-01 3.70980E+00 2.02308E+00
 -1      2197 1.59903E-01 4.96162E+00 1.96541E+00
 -1      2198 1.22764E-01 4.97054E+00 1.97730E+00
 -1      2199 1.40097E-01 4.96638E+00 2.03459E+00
 -1      2200 1.77236E-01 4.95746E+00 2.02270E+00
 -1      2205 4.48070E-01 6.21464E+00 1.96528E+00
 -1      2206 4.10939E-01 6.22286E+00 1.97768E+00
 -1      2207 4.29094E-01 6.21884E+00 2.03472E+00
 -1      2208 4.66225E-01 6.21062E+00 2.02232E+00
 -1      2213 7.15201E-01 7.47266E+00 1.96517E+00
 -1      2214 6.78091E-01 7.48030E+00 1.97800E+00
 -1      2215 6.96931E-01 7.47643E+00 2.03483E+00
 -1      2216 7.34041E-01 7.46878E+00 2.02200E+00
 -1      2221 9.66302E-01 8.73448E+00 1.96510E+00
 -1      2222 9.29212E-01 8.74174E+00 1.97821E+00
 -1      2223 9.48503E-01 8.73796E+00 2.03490E+00
 -1      2224 9.85593E-01 8.73071E+00 2.02179E+00
 -1      2229 8.42124E-01 1.23609E+00 1.96395E+00
 -1      2230 8.10413E-01 1.22704E+00 1.98659E+00
 -1      2231 8.43071E-01 1.23636E+00 2.03605E+00
 -1      2232 8.74781E-01 1.24541E+00 2.01341E+00
 -1      2237 4.93597E-01 2.47445E+00 1.96395E+00
 -1      2238 4.61712E-01 2.46570E+00 1.98646E+00
 -1      2239 4.94271E-01 2.47464E+00 2.03605E+00
 -1      2240 5.26156E-01 2.48339E+00 2.01354E+00
 -1      2245 1.61293E-01 3.71671E+00 1.96394E+00
 -1      2246 1.29148E-01 3.70839E+00 1.98625E+00
 -1      2247 1.61544E-01 3.71677E+00 2.03606E+00
 -1      2248 1.93688E-01 3.72509E+00 2.01375E+00
 -1      2253-1.49867E-01 4.96403E+00 1.96394E+00
 -1      2254-1.82312E-01 4.95625E+00 1.98601E+00
 -1      2255-1.50133E-01 4.96397E+00 2.03606E+00
 -1      2256-1.17688E-01 4.97176E+00 2.01399E+00
 -1      2261-4.38181E-01 6.21683E+00 1.96395E+00
 -1      2262-4.70920E-01 6.20958E+00 1.98575E+00
 -1      2263-4.38983E-01 6.21665E+00 2.03605E+00
 -1      2264-4.06244E-01 6.22390E+00 2.01425E+00
 -1      2269-7.05431E-01 7.47468E+00 1.96395E+00
 -1      2270-7.38414E-01 7.46788E+00 1.98554E+00
 -1      2271-7.06701E-01 7.47441E+00 2.03605E+00
 -1      2272-6.73718E-01 7.48121E+00 2.01446E+00
 -1      2277-9.56607E-01 8.73638E+00 1.96395E+00
 -1      2278-9.89751E-01 8.72990E+00 1.98539E+00
 -1      2279-9.58198E-01 8.73607E+00 2.03605E+00
 -1      2280-9.25054E-01 8.74255E+00 2.01461E+00
 -1      2285-1.19757E+00 1.12670E+01 1.57055E-01
 -1      2286-1.23227E+00 1.12640E+01 1.76710E-01
 -1      2287-1.20243E+00 1.12559E+01 2.28140E-01
 -1      2288-1.16773E+00 1.12590E+01 2.08485E-01
 -1      2293-1.19773E+00 1.25271E+01 3.58438E-01
 -1      2294-1.23234E+00 1.25238E+01 3.78214E-01
 -1      2295-1.20227E+00 1.25153E+01 4.29430E-01
 -1      2296-1.16766E+00 1.25186E+01 4.09654E-01
 -1      2301-1.19798E+00 1.37842E+01 5.76000E-01
 -1      2302-1.23245E+00 1.37805E+01 5.95959E-01
 -1      2303-1.20202E+00 1.37713E+01 6.46836E-01
 -1      2304-1.16755E+00 1.37749E+01 6.26877E-01
 -1      2309-1.19828E+00 1.50371E+01 8.14685E-01
 -1      2310-1.23258E+00 1.50330E+01 8.34863E-01
 -1      2311-1.20172E+00 1.50229E+01 8.85315E-01
 -1      2312-1.16742E+00 1.50270E+01 8.65137E-01
 -1      2317-1.19860E+00 1.62854E+01 1.07622E+00
 -1      2318-1.23272E+00 1.62809E+01 1.09662E+00
 -1      2319-1.20140E+00 1.62700E+01 1.14662E+00
 -1      2320-1.16728E+00 1.62745E+01 1.12622E+00
 -1      2325-1.19888E+00 1.75294E+01 1.35884E+00
 -1      2326-1.23284E+00 1.75246E+01 1.37943E+00
 -1      2327-1.20112E+00 1.75130E+01 1.42902E+00
 -1      2328-1.16716E+00 1.75178E+01 1.40843E+00
 -1      2333-1.19908E+00 1.87700E+01 1.65759E+00
 -1      2334-1.23292E+00 1.87650E+01 1.67830E+00
 -1      2335-1.20092E+00 1.87529E+01 1.72761E+00
 -1      2336-1.16708E+00 1.87580E+01 1.70689E+00
 -1      2341-1.19416E+00 1.12560E+01 1.77225E+00
 -1      2342-1.23060E+00 1.12585E+01 1.78856E+00
 -1      2343-1.20584E+00 1.12670E+01 1.84256E+00
 -1      2344-1.16940E+00 1.12644E+01 1.82625E+00
 -1      2349-1.19409E+00 1.25154E+01 1.57098E+00
 -1      2350-1.23056E+00 1.25181E+01 1.58719E+00
 -1      2351-1.20591E+00 1.25271E+01 1.64115E+00
 -1      2352-1.16944E+00 1.25244E+01 1.62494E+00
 -1      2357-1.19399E+00 1.37714E+01 1.35360E+00
 -1      2358-1.23051E+00 1.37743E+01 1.36967E+00
 -1      2359-1.20601E+00 1.37841E+01 1.42356E+00
 -1      2360-1.16949E+00 1.37812E+01 1.40749E+00
 -1      2365-1.19388E+00 1.50230E+01 1.11516E+00
 -1      2366-1.23044E+00 1.50262E+01 1.13106E+00
 -1      2367-1.20612E+00 1.50370E+01 1.18484E+00
 -1      2368-1.16956E+00 1.50338E+01 1.16894E+00
 -1      2373-1.19377E+00 1.62701E+01 8.53886E-01
 -1      2374-1.23038E+00 1.62736E+01 8.69618E-01
 -1      2375-1.20623E+00 1.62853E+01 9.23278E-01
 -1      2376-1.16962E+00 1.62819E+01 9.07546E-01
 -1      2381-1.19368E+00 1.75131E+01 5.71502E-01
 -1      2382-1.23034E+00 1.75168E+01 5.87093E-01
 -1      2383-1.20632E+00 1.75293E+01 6.40630E-01
 -1      2384-1.16966E+00 1.75257E+01 6.25039E-01
 -1      2389-1.19363E+00 1.87531E+01 2.72930E-01
 -1      2390-1.23031E+00 1.87568E+01 2.88429E-01
 -1      2391-1.20637E+00 1.87699E+01 3.41875E-01
 -1      2392-1.16969E+00 1.87661E+01 3.26376E-01
 -1      2397 1.20243E+00 1.12670E+01 1.57055E-01
 -1      2398 1.16773E+00 1.12640E+01 1.76710E-01
 -1      2399 1.19757E+00 1.12559E+01 2.28140E-01
 -1      2400 1.23227E+00 1.12590E+01 2.08485E-01
 -1      2405 1.20227E+00 1.25271E+01 3.58438E-01
 -1      2406 1.16766E+00 1.25238E+01 3.78214E-01
 -1      2407 1.19773E+00 1.25153E+01 4.29430E-01
 -1      2408 1.23234E+00 1.25186E+01 4.09654E-01
 -1      2413 1.20202E+00 1.37842E+01 5.76000E-01
 -1      2414 1.16755E+00 1.37805E+01 5.95959E-01
 -1      2415 1.19798E+00 1.37713E+01 6.46836E-01
 -1      2416 1.23245E+00 1.37749E+01 6.26877E-01
 -1      2421 1.20172E+00 1.50371E+01 8.14685E-01
 -1      2422 1.16742E+00 1.50330E+01 8.34863E-01
 -1      2423 1.19828E+00 1.50229E+01 8.85315E-01
 -1      2424 1.23258E+00 1.50270E+01 8.65137E-01
 -1      2429 1.20140E+00 1.62854E+01 1.07622E+00
 -1      2430 1.16728E+00 1.62809E+01 1.09662E+00
 -1      2431 1.19860E+00 1.62700E+01 1.14662E+00
 -1      2432 1.23272E+00 1.62745E+01 1.12622E+00
 -1      2437 1.20112E+00 1.75294E+01 1.35884E+00
 -1      2438 1.16716E+00 1.75246E+01 1.37943E+00
 -1      2439 1.19888E+00 1.75130E+01 1.42902E+00
 -1      2440 1.23284E+00 1.75178E+01 1.40843E+00
 -1      2445 1.20092E+00 1.87700E+01 1.65759E+00
 -1      2446 1.16708E+00 1.87650E+01 1.67830E+00
 -1      2447 1.19908E+00 1.87529E+01 1.72761E+00
 -1      2448 1.23292E+00 1.87580E+01 1.70689E+00
 -1      2453 1.20584E+00 1.12560E+01 1.77225E+00
 -1      2454 1.16940E+00 1.12585E+01 1.78856E+00
 -1      2455 1.19416E+00 1.12670E+01 1.84256E+00
 -1      2456 1.23060E+00 1.12644E+01 1.82625E+00
 -1      2461 1.20591E+00 1.25154E+01 1.57098E+00
 -1      2462 1.16944E+00 1.25181E+01 1.58719E+00
 -1      2463 1.19409E+00 1.25271E+01 1.64115E+00
 -1      2464 1.23056E+00 1.25244E+01 1.62494E+00
 -1      2469 1.20601E+00 1.37714E+01 1.35360E+00
 -1      2470 1.16949E+00 1.37743E+01 1.36967E+00
 -1      2471 1.19399E+00 1.37841E+01 1.42356E+00
 -1      2472 1.23051E+00 1.37812E+01 1.40749E+00
 -1      2477 1.20612E+00 1.50230E+01 1.11516E+00
 -1      2478 1.16956E+00 1.50262E+01 1.13106E+00
 -1      2479 1.19388E+00 1.50370E+01 1.18484E+00
 -1      2480 1.23044E+00 1.50338E+01 1.16894E+00
 -1      2485 1.20623E+00 1.62701E+01 8.53886E-01
 -1      2486 1.16962E+00 1.62736E+01 8.69618E-01
 -1      2487 1.19377E+00 1.62853E+01 9.23278E-01
 -1      2488 1.23038E+00 1.62819E+01 9.07546E-01
 -1      2493 1.20632E+00 1.75131E+01 5.71502E-01
 -1      2494 1.16966E+00 1.75168E+01 5.87093E-01
 -1      2495 1.19368E+00 1.75293E+01 6.40630E-01
 -1      2496 1.23034E+00 1.75257E+01 6.25039E-01
 -1      2501 1.20637E+00 1.87531E+01 2.72930E-01
 -1      2502 1.16969E+00 1.87568E+01 2.88429E-01
 -1      2503 1.19363E+00 1.87699E+01 3.41875E-01
 -1      2504 1.23031E+00 1.87661E+01 3.26376E-01
 -1      2509-8.31704E-01 1.12331E+01-3.42295E-02
 -1      2510-8.68791E-01 1.12437E+01-2.36225E-02
 -1      2511-8.53491E-01 1.12393E+01 3.42295E-02
 -1      2512-8.16404E-01 1.12287E+01 2.36225E-02
 -1      2517-4.83271E-01 1.24716E+01-3.43179E-02
 -1      2518-5.20380E-01 1.24818E+01-2.34066E-02
 -1      2519-5.04597E-01 1.24775E+01 3.43179E-02
 -1      2520-4.67488E-01 1.24673E+01 2.34066E-02
 -1      2525-1.51102E-01 1.37141E+01-3.44451E-02
 -1      2526-1.88233E-01 1.37237E+01-2.30837E-02
 -1      2527-1.71734E-01 1.37194E+01 3.44451E-02
 -1      2528-1.34603E-01 1.37098E+01 2.30837E-02
 -1      2533 1.59903E-01 1.49616E+01-3.45874E-02
 -1      2534 1.22764E-01 1.49705E+01-2.27035E-02
 -1      2535 1.40097E-01 1.49664E+01 3.45874E-02
 -1      2536 1.77236E-01 1.49575E+01 2.27035E-02
 -1      2541 4.48070E-01 1.62146E+01-3.47212E-02
 -1      2542 4.10939E-01 1.62229E+01-2.23246E-02
 -1      2543 4.29094E-01 1.62188E+01 3.47212E-02
 -1      2544 4.66225E-01 1.62106E+01 2.23246E-02
 -1      2549 7.15201E-01 1.74727E+01-3.48283E-02
 -1      2550 6.78091E-01 1.74803E+01-2.20050E-02
 -1      2551 6.96931E-01 1.74764E+01 3.48283E-02
 -1      2552 7.34041E-01 1.74688E+01 2.20050E-02
 -1      2557 9.66302E-01 1.87345E+01-3.48965E-02
 -1      2558 9.29212E-01 1.87417E+01-2.17923E-02
 -1      2559 9.48503E-01 1.87380E+01 3.48965E-02
 -1      2560 9.85593E-01 1.87307E+01 2.17923E-02
 -1      2565 8.42124E-01 1.12361E+01-3.60521E-02
 -1      2566 8.10413E-01 1.12270E+01-1.34113E-02
 -1      2567 8.43071E-01 1.12364E+01 3.60521E-02
 -1      2568 8.74781E-01 1.12454E+01 1.34113E-02
 -1      2573 4.93597E-01 1.24745E+01-3.60538E-02
 -1      2574 4.61712E-01 1.24657E+01-1.35445E-02
 -1      2575 4.94271E-01 1.24746E+01 3.60538E-02
 -1      2576 5.26156E-01 1.24834E+01 1.35445E-02
 -1      2581 1.61293E-01 1.37167E+01-3.60553E-02
 -1      2582 1.29148E-01 1.37084E+01-1.37478E-02
 -1      2583 1.61544E-01 1.37168E+01 3.60553E-02
 -1      2584 1.93688E-01 1.37251E+01 1.37478E-02
 -1      2589-1.49867E-01 1.49640E+01-3.60553E-02
 -1      2590-1.82312E-01 1.49562E+01-1.39935E-02
 -1      2591-1.50133E-01 1.49640E+01 3.60553E-02
 -1      2592-1.17688E-01 1.49718E+01 1.39935E-02
 -1      2597-4.38181E-01 1.62168E+01-3.60532E-02
 -1      2598-4.70920E-01 1.62096E+01-1.42455E-02
 -1      2599-4.38983E-01 1.62167E+01 3.60532E-02
 -1      2600-4.06244E-01 1.62239E+01 1.42455E-02
 -1      2605-7.05431E-01 1.74747E+01-3.60497E-02
 -1      2606-7.38414E-01 1.74679E+01-1.44640E-02
 -1      2607-7.06701E-01 1.74744E+01 3.60497E-02
 -1      2608-6.73718E-01 1.74812E+01 1.44640E-02
 -1      2613-9.56607E-01 1.87364E+01-3.60464E-02
 -1      2614-9.89751E-01 1.87299E+01-1.46123E-02
 -1      2615-9.58198E-01 1.87361E+01 3.60464E-02
 -1      2616-9.25054E-01 1.87425E+01 1.46123E-02
 -1      2621-8.31704E-01 1.12331E+01 1.96577E+00
 -1      2622-8.68791E-01 1.12437E+01 1.97638E+00
 -1      2623-8.53491E-01 1.12393E+01 2.03423E+00
 -1      2624-8.16404E-01 1.12287E+01 2.02362E+00
 -1      2629-4.83271E-01 1.24716E+01 1.96568E+00
 -1      2630-5.20380E-01 1.24818E+01 1.97659E+00
 -1      2631-5.04597E-01 1.24775E+01 2.03432E+00
 -1      2632-4.67488E-01 1.24673E+01 2.02341E+00
 -1      2637-1.51102E-01 1.37141E+01 1.96555E+00
 -1      2638-1.88233E-01 1.37237E+01 1.97692E+00
 -1      2639-1.71734E-01 1.37194E+01 2.03445E+00
 -1      2640-1.34603E-01 1.37098E+01 2.02308E+00
 -1      2645 1.59903E-01 1.49616E+01 1.96541E+00
 -1      2646 1.22764E-01 1.49705E+01 1.97730E+00
 -1      2647 1.40097E-01 1.49664E+01 2.03459E+00
 -1      2648 1.77236E-01 1.49575E+01 2.02270E+00
 -1      2653 4.48070E-01 1.62146E+01 1.96528E+00
 -1      2654 4.10939E-01 1.62229E+01 1.97768E+00
 -1      2655 4.29094E-01 1.62188E+01 2.03472E+00
 -1      2656 4.66225E-01 1.62106E+01 2.02232E+00
 -1      2661 7.15201E-01 1.74727E+01 1.96517E+00
 -1      2662 6.78091E-01 1.74803E+01 1.97800E+00
 -1      2663 6.96931E-01 1.74764E+01 2.03483E+00
 -1      2664 7.34041E-01 1.74688E+01 2.02200E+00
 -1      2669 9.66302E-01 1.87345E+01 1.96510E+00
 -1      2670 9.29212E-01 1.87417E+01 1.97821E+00
 -1      2671 9.48503E-01 1.87380E+01 2.03490E+00
 -1      2672 9.85593E-01 1.87307E+01 2.02179E+00
 -1      2677 8.42124E-01 1.12361E+01 1.96395E+00
 -1      2678 8.10413E-01 1.12270E+01 1.98659E+00
 -1      2679 8.43071E-01 1.12364E+01 2.03605E+00
 -1      2680 8.74781E-01 1.12454E+01 2.01341E+00
 -1      2685 4.93597E-01 1.24745E+01 1.96395E+00
 -1      2686 4.61712E-01 1.24657E+01 1.98646E+00
 -1      2687 4.94271E-01 1.24746E+01 2.03605E+00
 -1      2688 5.26156E-01 1.24834E+01 2.01354E+00
 -1      2693 1.61293E-01 1.37167E+01 1.96394E+00
 -1      2694 1.29148E-01 1.37084E+01 1.98625E+00
 -1      2695 1.61544E-01 1.37168E+01 2.03606E+00
 -1      2696 1.93688E-01 1.37251E+01 2.01375E+00
 -1      2701-1.49867E-01 1.49640E+01 1.96394E+00
 -1      2702-1.82312E-01 1.49562E+01 1.98601E+00
 -1      2703-1.50133E-01 1.49640E+01 2.03606E+00
 -1      2704-1.17688E-01 1.49718E+01 2.01399E+00
 -1      2709-4.38181E-01 1.62168E+01 1.96395E+00
 -1      2710-4.70920E-01 1.62096E+01 1.98575E+00
 -1      2711-4.38983E-01 1.62167E+01 2.03605E+00
 -1      2712-4.06244E-01 1.62239E+01 2.01425E+00
 -1      2717-7.05431E-01 1.74747E+01 1.96395E+00
 -1      2718-7.38414E-01 1.74679E+01 1.98554E+00
 -1      2719-7.06701E-01 1.74744E+01 2.03605E+00
 -1      2720-6.73718E-01 1.74812E+01 2.01446E+00
 -1      2725-9.56607E-01 1.87364E+01 1.96395E+00
 -1      2726-9.89751E-01 1.87299E+01 1.98539E+00
 -1      2727-9.58198E-01 1.87361E+01 2.03605E+00
 -1      2728-9.25054E-01 1.87425E+01 2.01461E+00
 -3
    3C                           248                                     1
 -1         1    1    0    1
 -2       189      1421      1422       190       192      1424      1423       191
 -1         2    1    0    1
 -2      1421      1429      1430      1422      1424      1432      1431      1423
 -1         3    1    0    1
 -2      1429      1437      1438      1430      1432      1440      1439      1431
 -1         4    1    0    1
 -2      1437       389       390      1438      1440       392       391      1439
 -1         5    1    0    1
 -2       239      1445      1446       240       242      1448      1447       241
 -1         6    1    0    1
 -2      1445      1453      1454      1446      1448      1456      1455      1447
 -1         7    1    0    1
 -2      1453      1461      1462      1454      1456      1464      1463      1455
 -1         8    1    0    1
 -2      1461       455       456      1462      1464       458       457      1463
 -1         9    1    0    1
 -2       289      1469      1470       290       292      1472      1471       291
 -1        10    1    0    1
 -2      1469      1477      1478      1470      1472      1480      1479      1471
 -1        11    1    0    1
 -2      1477      1485      1486      1478      1480      1488      1487      1479
 -1        12    1    0    1
 -2      1485       505       506      1486      1488       508       507      1487
 -1        13    1    0    1
 -2       339      1493      1494       340       342      1496      1495       341
 -1        14    1    0    1
 -2      1493      1501      1502      1494      1496      1504      1503      1495
 -1        15    1    0    1
 -2      1501      1509      1510      1502      1504      1512      1511      1503
 -1        16    1    0    1
 -2      1509       571       572      1510      1512       574       573      1511
 -1        17    1    0    1
 -2       413       621       622       414       416       624       623       415
 -1        18    1    0    1
 -2       455       671       672       456       458       674       673       457
 -1        19    1    0    1
 -2       529       721       722       530       532       724       723       531
 -1        20    1    0    1
 -2       571       771       772       572       574       774       773       573
 -1        21    1    0    1
 -2       621      1517      1518       622       624      1520      1519       623
 -1        22    1    0    1
 -2      1517      1525      1526      1518      1520      1528      1527      1519
 -1        23    1    0    1
 -2      1525      1533      1534      1526      1528      1536      1535      1527
 -1        24    1    0    1
 -2      1533       821       822      1534      1536       824       823      1535
 -1        25    1    0    1
 -2       671      1541      1542       672       674      1544      1543       673
 -1        26    1    0    1
 -2      1541      1549      1550      1542      1544      1552      1551      1543
 -1        27    1    0    1
 -2      1549      1557      1558      1550      1552      1560      1559      1551
 -1        28    1    0    1
 -2      1557       871       872      1558      1560       874       873      1559
 -1        29    1    0    1
 -2       721      1565      1566       722       724      1568      1567       723
 -1        30    1    0    1
 -2      1565      1573      1574      1566      1568      1576      1575      1567
 -1        31    1    0    1
 -2      1573      1581      1582      1574      1576      1584      1583      1575
 -1        32    1    0    1
 -2      1581       921       922      1582      1584       924       923      1583
 -1        33    1    0    1
 -2       771      1589      1590       772       774      1592      1591       773
 -1        34    1    0    1
 -2      1589      1597      1598      1590      1592      1600      1599      1591
 -1        35    1    0    1
 -2      1597      1605      1606      1598      1600      1608      1607      1599
 -1        36    1    0    1
 -2      1605       971       972      1606      1608       974       973      1607
 -1        37    1    0    1
 -2       821      1021      1022       822       824      1024      1023       823
 -1        38    1    0    1
 -2       871      1071      1072       872       874      1074      1073       873
 -1        39    1    0    1
 -2       921      1121      1122       922       924      1124      1123       923
 -1        40    1    0    1
 -2       971      1171      1172       972       974      1174      1173       973
 -1        41    1    0    1
 -2      1021      1613      1614      1022      1024      1616      1615      1023
 -1        42    1    0    1
 -2      1613      1221      1222      1614      1616      1224      1223      1615
 -1        43    1    0    1
 -2      1071      1621      1622      1072      1074      1624      1623      1073
 -1        44    1    0    1
 -2      1621      1271      1272      1622      1624      1274      1273      1623
 -1        45    1    0    1
 -2      1121      1629      1630      1122      1124      1632      1631      1123
 -1        46    1    0    1
 -2      1629      1321      1322      1630      1632      1324      1323      1631
 -1        47    1    0    1
 -2      1171      1637      1638      1172      1174      1640      1639      1173
 -1        48    1    0    1
 -2      1637      1371      1372      1638      1640      1374      1373      1639
 -1        49    1    0    1
 -2       197      1645      1646       198       200      1648      1647       199
 -1        50    1    0    1
 -2      1645       247       248      1646      1648       250       249      1647
 -1        51    1    0    1
 -2       297      1653      1654       298       300      1656      1655       299
 -1        52    1    0    1
 -2      1653       347       348      1654      1656       350       349      1655
 -1        53    1    0    1
 -2       205      1661      1662       206       208      1664      1663       207
 -1        54    1    0    1
 -2      1661       305       306      1662      1664       308       307      1663
 -1        55    1    0    1
 -2       255      1669      1670       256       258      1672      1671       257
 -1        56    1    0    1
 -2      1669       355       356      1670      1672       358       357      1671
 -1        57    1    0    1
 -2       397       463       464       398       400       466       465       399
 -1        58    1    0    1
 -2       513       579       580       514       516       582       581       515
 -1        59    1    0    1
 -2       405       521       522       406       408       524       523       407
 -1        60    1    0    1
 -2       471       587       588       472       474       590       589       473
 -1        61    1    0    1
 -2       629      1677      1678       630       632      1680      1679       631
 -1        62    1    0    1
 -2      1677       679       680      1678      1680       682       681      1679
 -1        63    1    0    1
 -2       729      1685      1686       730       732      1688      1687       731
 -1        64    1    0    1
 -2      1685       779       780      1686      1688       782       781      1687
 -1        65    1    0    1
 -2       637      1693      1694       638       640      1696      1695       639
 -1        66    1    0    1
 -2      1693       737       738      1694      1696       740       739      1695
 -1        67    1    0    1
 -2       687      1701      1702       688       690      1704      1703       689
 -1        68    1    0    1
 -2      1701       787       788      1702      1704       790       789      1703
 -1        69    1    0    1
 -2       829      1709      1710       830       832      1712      1711       831
 -1        70    1    0    1
 -2      1709       879       880      1710      1712       882       881      1711
 -1        71    1    0    1
 -2       929      1717      1718       930       932      1720      1719       931
 -1        72    1    0    1
 -2      1717       979       980      1718      1720       982       981      1719
 -1        73    1    0    1
 -2       837      1725      1726       838       840      1728      1727       839
 -1        74    1    0    1
 -2      1725       937       938      1726      1728       940       939      1727
 -1        75    1    0    1
 -2       887      1733      1734       888       890      1736      1735       889
 -1        76    1    0    1
 -2      1733       987       988      1734      1736       990       989      1735
 -1        77    1    0    1
 -2      1029      1079      1080      1030      1032      1082      1081      1031
 -1        78    1    0    1
 -2      1129      1179      1180      1130      1132      1182      1181      1131
 -1        79    1    0    1
 -2      1037      1137      1138      1038      1040      1140      1139      1039
 -1        80    1    0    1
 -2      1087      1187      1188      1088      1090      1190      1189      1089
 -1        81    1    0    1
 -2      1229      1741      1742      1230      1232      1744      1743      1231
 -1        82    1    0    1
 -2      1741      1749      1750      1742      1744      1752      1751      1743
 -1        83    1    0    1
 -2      1749      1757      1758      1750      1752      1760      1759      1751
 -1        84    1    0    1
 -2      1757      1279      1280      1758      1760      1282      1281      1759
 -1        85    1    0    1
 -2      1329      1765      1766      1330      1332      1768      1767      1331
 -1        86    1    0    1
 -2      1765      1773      1774      1766      1768      1776      1775      1767
 -1        87    1    0    1
 -2      1773      1781      1782      1774      1776      1784      1783      1775
 -1        88    1    0    1
 -2      1781      1379      1380      1782      1784      1382      1381      1783
 -1        89    1    0    1
 -2      1237      1789      1790      1238      1240      1792      1791      1239
 -1        90    1    0    1
 -2      1789      1797      1798      1790      1792      1800      1799      1791
 -1        91    1    0    1
 -2      1797      1805      1806      1798      1800      1808      1807      1799
 -1        92    1    0    1
 -2      1805      1337      1338      1806      1808      1340      1339      1807
 -1        93    1    0    1
 -2      1287      1813      1814      1288      1290      1816      1815      1289
 -1        94    1    0    1
 -2      1813      1821      1822      1814      1816      1824      1823      1815
 -1        95    1    0    1
 -2      1821      1829      1830      1822      1824      1832      1831      1823
 -1        96    1    0    1
 -2      1829      1387      1388      1830      1832      1390      1389      1831
 -1        97    1    0    1
 -2       189      1837      1838       190       192      1840      1839       191
 -1        98    1    0    1
 -2      1837      1845      1846      1838      1840      1848      1847      1839
 -1        99    1    0    1
 -2      1845      1853      1854      1846      1848      1856      1855      1847
 -1       100    1    0    1
 -2      1853      1861      1862      1854      1856      1864      1863      1855
 -1       101    1    0    1
 -2      1861      1869      1870      1862      1864      1872      1871      1863
 -1       102    1    0    1
 -2      1869      1877      1878      1870      1872      1880      1879      1871
 -1       103    1    0    1
 -2      1877      1885      1886      1878      1880      1888      1887      1879
 -1       104    1    0    1
 -2      1885       505       506      1886      1888       508       507      1887
 -1       105    1    0    1
 -2       289      1893      1894       290       292      1896      1895       291
 -1       106    1    0    1
 -2      1893      1901      1902      1894      1896      1904      1903      1895
 -1       107    1    0    1
 -2      1901      1909      1910      1902      1904      1912      1911      1903
 -1       108    1    0    1
 -2      1909      1917      1918      1910      1912      1920      1919      1911
 -1       109    1    0    1
 -2      1917      1925      1926      1918      1920      1928      1927      1919
 -1       110    1    0    1
 -2      1925      1933      1934      1926      1928      1936      1935      1927
 -1       111    1    0    1
 -2      1933      1941      1942      1934      1936      1944      1943      1935
 -1       112    1    0    1
 -2      1941       389       390      1942      1944       392       391      1943
 -1       113    1    0    1
 -2       239      1949      1950       240       242      1952      1951       241
 -1       114    1    0    1
 -2      1949      1957      1958      1950      1952      1960      1959      1951
 -1       115    1    0    1
 -2      1957      1965      1966      1958      1960      1968      1967      1959
 -1       116    1    0    1
 -2      1965      1973      1974      1966      1968      1976      1975      1967
 -1       117    1    0    1
 -2      1973      1981      1982      1974      1976      1984      1983      1975
 -1       118    1    0    1
 -2      1981      1989      1990      1982      1984      1992      1991      1983
 -1       119    1    0    1
 -2      1989      1997      1998      1990      1992      2000      1999      1991
 -1       120    1    0    1
 -2      1997       571       572      1998      2000       574       573      1999
 -1       121    1    0    1
 -2       339      2005      2006       340       342      2008      2007       341
 -1       122    1    0    1
 -2      2005      2013      2014      2006      2008      2016      2015      2007
 -1       123    1    0    1
 -2      2013      2021      2022      2014      2016      2024      2023      2015
 -1       124    1    0    1
 -2      2021      2029      2030      2022      2024      2032      2031      2023
 -1       125    1    0    1
 -2      2029      2037      2038      2030      2032      2040      2039      2031
 -1       126    1    0    1
 -2      2037      2045      2046      2038      2040      2048      2047      2039
 -1       127    1    0    1
 -2      2045      2053      2054      2046      2048      2056      2055      2047
 -1       128    1    0    1
 -2      2053       455       456      2054      2056       458       457      2055
 -1       129    1    0    1
 -2       189      2061      2062       190       192      2064      2063       191
 -1       130    1    0    1
 -2      2061      2069      2070      2062      2064      2072      2071      2063
 -1       131    1    0    1
 -2      2069      2077      2078      2070      2072      2080      2079      2071
 -1       132    1    0    1
 -2      2077      2085      2086      2078      2080      2088      2087      2079
 -1       133    1    0    1
 -2      2085      2093      2094      2086      2088      2096      2095      2087
 -1       134    1    0    1
 -2      2093      2101      2102      2094      2096      2104      2103      2095
 -1       135    1    0    1
 -2      2101      2109      2110      2102      2104      2112      2111      2103
 -1       136    1    0    1
 -2      2109       455       456      2110      2112       458       457      2111
 -1       137    1    0    1
 -2       239      2117      2118       240       242      2120      2119       241
 -1       138    1    0    1
 -2      2117      2125      2126      2118      2120      2128      2127      2119
 -1       139    1    0    1
 -2      2125      2133      2134      2126      2128      2136      2135      2127
 -1       140    1    0    1
 -2      2133      2141      2142      2134      2136      2144      2143      2135
 -1       141    1    0    1
 -2      2141      2149      2150      2142      2144      2152      2151      2143
 -1       142    1    0    1
 -2      2149      2157      2158      2150      2152      2160      2159      2151
 -1       143    1    0    1
 -2      2157      2165      2166      2158      2160      2168      2167      2159
 -1       144    1    0    1
 -2      2165       389       390      2166      2168       392       391      2167
 -1       145    1    0    1
 -2       289      2173      2174       290       292      2176      2175       291
 -1       146    1    0    1
 -2      2173      2181      2182      2174      2176      2184      2183      2175
 -1       147    1    0    1
 -2      2181      2189      2190      2182      2184      2192      2191      2183
 -1       148    1    0    1
 -2      2189      2197      2198      2190      2192      2200      2199      2191
 -1       149    1    0    1
 -2      2197      2205      2206      2198      2200      2208      2207      2199
 -1       150    1    0    1
 -2      2205      2213      2214      2206      2208      2216      2215      2207
 -1       151    1    0    1
 -2      2213      2221      2222      2214      2216      2224      2223      2215
 -1       152    1    0    1
 -2      2221       571       572      2222      2224       574       573      2223
 -1       153    1    0    1
 -2       339      2229      2230       340       342      2232      2231       341
 -1       154    1    0    1
 -2      2229      2237      2238      2230      2232      2240      2239      2231
 -1       155    1    0    1
 -2      2237      2245      2246      2238      2240      2248      2247      2239
 -1       156    1    0    1
 -2      2245      2253      2254      2246      2248      2256      2255      2247
 -1       157    1    0    1
 -2      2253      2261      2262      2254      2256      2264      2263      2255
 -1       158    1    0    1
 -2      2261      2269      2270      2262      2264      2272      2271      2263
 -1       159    1    0    1
 -2      2269      2277      2278      2270      2272      2280      2279      2271
 -1       160    1    0    1
 -2      2277       505       506      2278      2280       508       507      2279
 -1       161    1    0    1
 -2       389      2285      2286       390       392      2288      2287       391
 -1       162    1    0    1
 -2      2285      2293      2294      2286      2288      2296      2295      2287
 -1       163    1    0    1
 -2      2293      2301      2302      2294      2296      2304      2303      2295
 -1       164    1    0    1
 -2      2301      2309      2310      2302      2304      2312      2311      2303
 -1       165    1    0    1
 -2      2309      2317      2318      2310      2312      2320      2319      2311
 -1       166    1    0    1
 -2      2317      2325      2326      2318      2320      2328      2327      2319
 -1       167    1    0    1
 -2      2325      2333      2334      2326      2328      2336      2335      2327
 -1       168    1    0    1
 -2      2333       721       722      2334      2336       724       723      2335
 -1       169    1    0    1
 -2       529      2341      2342       530       532      2344      2343       531
 -1       170    1    0    1
 -2      2341      2349      2350      2342      2344      2352      2351      2343
 -1       171    1    0    1
 -2      2349      2357      2358      2350      2352      2360      2359      2351
 -1       172    1    0    1
 -2      2357      2365      2366      2358      2360      2368      2367      2359
 -1       173    1    0    1
 -2      2365      2373      2374      2366      2368      2376      2375      2367
 -1       174    1    0    1
 -2      2373      2381      2382      2374      2376      2384      2383      2375
 -1       175    1    0    1
 -2      2381      2389      2390      2382      2384      2392      2391      2383
 -1       176    1    0    1
 -2      2389       621       622      2390      2392       624       623      2391
 -1       177    1    0    1
 -2       455      2397      2398       456       458      2400      2399       457
 -1       178    1    0    1
 -2      2397      2405      2406      2398      2400      2408      2407      2399
 -1       179    1    0    1
 -2      2405      2413      2414      2406      2408      2416      2415      2407
 -1       180    1    0    1
 -2      2413      2421      2422      2414      2416      2424      2423      2415
 -1       181    1    0    1
 -2      2421      2429      2430      2422      2424      2432      2431      2423
 -1       182    1    0    1
 -2      2429      2437      2438      2430      2432      2440      2439      2431
 -1       183    1    0    1
 -2      2437      2445      2446      2438      2440      2448      2447      2439
 -1       184    1    0    1
 -2      2445       771       772      2446      2448       774       773      2447
 -1       185    1    0    1
 -2       571      2453      2454       572       574      2456      2455       573
 -1       186    1    0    1
 -2      2453      2461      2462      2454      2456      2464      2463      2455
 -1       187    1    0    1
 -2      2461      2469      2470      2462      2464      2472      2471      2463
 -1       188    1    0    1
 -2      2469      2477      2478      2470      2472      2480      2479      2471
 -1       189    1    0    1
 -2      2477      2485      2486      2478      2480      2488      2487      2479
 -1       190    1    0    1
 -2      2485      2493      2494      2486      2488      2496      2495      2487
 -1       191    1    0    1
 -2      2493      2501      2502      2494      2496      2504      2503      2495
 -1       192    1    0    1
 -2      2501       671       672      2502      2504       674       673      2503
 -1       193    1    0    1
 -2       413      2509      2510       414       416      2512      2511       415
 -1       194    1    0    1
 -2      2509      2517      2518      2510      2512      2520      2519      2511
 -1       195    1    0    1
 -2      2517      2525      2526      2518      2520      2528      2527      2519
 -1       196    1    0    1
 -2      2525      2533      2534      2526      2528      2536      2535      2527
 -1       197    1    0    1
 -2      2533      2541      2542      2534      2536      2544      2543      2535
 -1       198    1    0    1
 -2      2541      2549      2550      2542      2544      2552      2551      2543
 -1       199    1    0    1
 -2      2549      2557      2558      2550      2552      2560      2559      2551
 -1       200    1    0    1
 -2      2557       671       672      2558      2560       674       673      2559
 -1       201    1    0    1
 -2       455      2565      2566       456       458      2568      2567       457
 -1       202    1    0    1
 -2      2565      2573      2574      2566      2568      2576      2575      2567
 -1       203    1    0    1
 -2      2573      2581      2582      2574      2576      2584      2583      2575
 -1       204    1    0    1
 -2      2581      2589      2590      2582      2584      2592      2591      2583
 -1       205    1    0    1
 -2      2589      2597      2598      2590      2592      2600      2599      2591
 -1       206    1    0    1
 -2      2597      2605      2606      2598      2600      2608      2607      2599
 -1       207    1    0    1
 -2      2605      2613      2614      2606      2608      2616      2615      2607
 -1       208    1    0    1
 -2      2613       621       622      2614      2616       624       623      2615
 -1       209    1    0    1
 -2       529      2621      2622       530       532      2624      2623       531
 -1       210    1    0    1
 -2      2621      2629      2630      2622      2624      2632      2631      2623
 -1       211    1    0    1
 -2      2629      2637      2638      2630      2632      2640      2639      2631
 -1       212    1    0    1
 -2      2637      2645      2646      2638      2640      2648      2647      2639
 -1       213    1    0    1
 -2      2645      2653      2654      2646      2648      2656      2655      2647
 -1       214    1    0    1
 -2      2653      2661      2662      2654      2656      2664      2663      2655
 -1       215    1    0    1
 -2      2661      2669      2670      2662      2664      2672      2671      2663
 -1       216    1    0    1
 -2      2669       771       772      2670      2672       774       773      2671
 -1       217    1    0    1
 -2       571      2677      2678       572       574      2680      2679       573
 -1       218    1    0    1
 -2      2677      2685      2686      2678      2680      2688      2687      2679
 -1       219    1    0    1
 -2      2685      2693      2694      2686      2688      2696      2695      2687
 -1       220    1    0    1
 -2      2693      2701      2702      2694      2696      2704      2703      2695
 -1       221    1    0    1
 -2      2701      2709      2710      2702      2704      2712      2711      2703
 -1       222    1    0    1
 -2      2709      2717      2718      2710      2712      2720      2719      2711
 -1       223    1    0    1
 -2      2717      2725      2726      2718      2720      2728      2727      2719
 -1       224    1    0    1
 -2      2725       721       722      2726      2728       724       723      2727
 -1       225    1    0    1
 -2       621       921       922       622       624       924       923       623
 -1       226    1    0    1
 -2       721       821       822       722       724       824       823       723
 -1       227    1    0    1
 -2       671       971       972       672       674       974       973       673
 -1       228    1    0    1
 -2       771       871       872       772       774       874       873       773
 -1       229    1    0    1
 -2       621       871       872       622       624       874       873       623
 -1       230    1    0    1
 -2       671       821       822       672       674       824       823       673
 -1       231    1    0    1
 -2       721       971       972       722       724       974       973       723
 -1       232    1    0    1
 -2       771       921       922       772       774       924       923       773
 -1       233    1    0    1
 -2       821      1121      1122       822       824      1124      1123       823
 -1       234    1    0    1
 -2       921      1021      1022       922       924      1024      1023       923
 -1       235    1    0    1
 -2       871      1171      1172       872       874      1174      1173       873
 -1       236    1    0    1
 -2       971      1071      1072       972       974      1074      1073       973
 -1       237    1    0    1
 -2       821      1071      1072       822       824      1074      1073       823
 -1       238    1    0    1
 -2       871      1021      1022       872       874      1024      1023       873
 -1       239    1    0    1
 -2       921      1171      1172       922       924      1174      1173       923
 -1       240    1    0    1
 -2       971      1121      1122       972       974      1124      1123       973
 -1       241    1    0    1
 -2      1021      1321      1322      1022      1024      1324      1323      1023
 -1       242    1    0    1
 -2      1121      1221      1222      1122      1124      1224      1223      1123
 -1       243    1    0    1
 -2      1071      1371      1372      1072      1074      1374      1373      1073
 -1       244    1    0    1
 -2      1171      1271      1272      1172      1174      1274      1273      1173
 -1       245    1    0    1
 -2      1021      1271      1272      1022      1024      1274      1273      1023
 -1       246    1    0    1
 -2      1071      1221      1222      1072      1074      1224      1223      1073
 -1       247    1    0    1
 -2      1121      1371      1372      1122      1124      1374      1373      1123
 -1       248    1    0    1
 -2      1171      1321      1322      1172      1174      1324      1323      1173
 -3
    1PSTEP                         1           1           1          
  100CL  101 1.000000000           0                     0    1           1
 -4  DISP        4    1
 -5  D1          1    2    1    0
 -5  D2          1    2    2    0
 -5  D3          1    2    3    0
 -5  ALL         1    2    0    0    1ALL
 -3
 9999
