    1C
    1UNormalized cross-passage space-truss torsion benchmark            
    1UUSER                                                              
    1UDATE              06.august.2026                                  
    1UTIME              08:14:13                                        
    1UHOST                                                              
    1UPGM               CalculiX                                        
    1UVERSION           Version 2.21                             
    1UCOMPILETIME       Sat Jul 29 10:52:01 CEST 2023                    
    1UDIR                                                               
    1UDBN                                                               
    1UMAT    1STEEL                                                     
    2C                           672                                     1
 -1       121-1.19385E+00 1.28564E-03-3.55031E-02
 -1       122-1.23028E+00 3.82143E-03-1.91941E-02
 -1       123-1.20615E+00-1.28564E-03 3.55031E-02
 -1       124-1.16972E+00-3.82143E-03 1.91941E-02
 -1       129-1.20000E+00-3.40000E-02-1.20000E-02
 -1       130-1.20000E+00-2.00000E-03-3.60000E-02
 -1       131-1.20000E+00 3.40000E-02 1.20000E-02
 -1       132-1.20000E+00 2.00000E-03 3.60000E-02
 -1       137-1.23328E+00-1.38675E-02 0.00000E+00
 -1       138-1.20000E+00-3.60555E-02 0.00000E+00
 -1       139-1.16672E+00 1.38675E-02 0.00000E+00
 -1       140-1.20000E+00 3.60555E-02 0.00000E+00
 -1       171 1.20192E+00 2.05963E-03-3.59455E-02
 -1       172 1.16765E+00-2.18482E-03-1.57609E-02
 -1       173 1.19808E+00-2.05963E-03 3.59455E-02
 -1       174 1.23235E+00 2.18482E-03 1.57609E-02
 -1       179 1.20000E+00-3.40000E-02-1.20000E-02
 -1       180 1.20000E+00-2.00000E-03-3.60000E-02
 -1       181 1.20000E+00 3.40000E-02 1.20000E-02
 -1       182 1.20000E+00 2.00000E-03 3.60000E-02
 -1       187 1.16672E+00-1.38675E-02 0.00000E+00
 -1       188 1.20000E+00-3.60555E-02 0.00000E+00
 -1       189 1.23328E+00 1.38675E-02 0.00000E+00
 -1       190 1.20000E+00 3.60555E-02 0.00000E+00
 -1       221-1.19302E+00-2.49641E-03 1.96472E+00
 -1       222-1.22982E+00 1.71693E-03 1.97980E+00
 -1       223-1.20698E+00 2.49641E-03 2.03528E+00
 -1       224-1.17018E+00-1.71693E-03 2.02020E+00
 -1       229-1.20000E+00-3.40000E-02 1.98800E+00
 -1       230-1.20000E+00-2.00000E-03 1.96400E+00
 -1       231-1.20000E+00 3.40000E-02 2.01200E+00
 -1       232-1.20000E+00 2.00000E-03 2.03600E+00
 -1       237-1.23328E+00-1.38675E-02 2.00000E+00
 -1       238-1.20000E+00-3.60555E-02 2.00000E+00
 -1       239-1.16672E+00 1.38675E-02 2.00000E+00
 -1       240-1.20000E+00 3.60555E-02 2.00000E+00
 -1       271 1.20331E+00-1.56926E-03 1.96413E+00
 -1       272 1.16828E+00-3.82516E-03 1.98330E+00
 -1       273 1.19669E+00 1.56926E-03 2.03587E+00
 -1       274 1.23172E+00 3.82516E-03 2.01670E+00
 -1       279 1.20000E+00-3.40000E-02 1.98800E+00
 -1       280 1.20000E+00-2.00000E-03 1.96400E+00
 -1       281 1.20000E+00 3.40000E-02 2.01200E+00
 -1       282 1.20000E+00 2.00000E-03 2.03600E+00
 -1       287 1.16672E+00-1.38675E-02 2.00000E+00
 -1       288 1.20000E+00-3.60555E-02 2.00000E+00
 -1       289 1.23328E+00 1.38675E-02 2.00000E+00
 -1       290 1.20000E+00 3.60555E-02 2.00000E+00
 -1       321-1.19526E+00 9.99953E+00-3.57391E-02
 -1       322-1.23117E+00 1.00000E+01-1.81267E-02
 -1       323-1.20474E+00 1.00005E+01 3.57391E-02
 -1       324-1.16883E+00 1.00000E+01 1.81267E-02
 -1       329-1.20102E+00 9.96591E+00-1.16828E-02
 -1       330-1.20007E+00 9.99767E+00-3.59798E-02
 -1       331-1.19898E+00 1.00341E+01 1.16828E-02
 -1       332-1.19993E+00 1.00023E+01 3.59798E-02
 -1       337-1.23354E+00 9.98678E+00 3.96605E-04
 -1       338-1.20069E+00 9.96397E+00 1.08098E-03
 -1       339-1.16646E+00 1.00132E+01-3.96605E-04
 -1       340-1.19931E+00 1.00360E+01-1.08098E-03
 -1       371 1.20434E+00 9.99996E+00-3.57935E-02
 -1       372 1.16863E+00 9.99975E+00-1.77714E-02
 -1       373 1.19566E+00 1.00000E+01 3.57935E-02
 -1       374 1.23137E+00 1.00003E+01 1.77714E-02
 -1       379 1.20102E+00 9.96614E+00-1.23355E-02
 -1       380 1.20005E+00 9.99836E+00-3.60180E-02
 -1       381 1.19898E+00 1.00339E+01 1.23355E-02
 -1       382 1.19995E+00 1.00016E+01 3.60180E-02
 -1       387 1.16697E+00 9.98555E+00-4.33494E-04
 -1       388 1.20064E+00 9.96397E+00-1.08101E-03
 -1       389 1.23303E+00 1.00145E+01 4.33494E-04
 -1       390 1.19936E+00 1.00360E+01 1.08101E-03
 -1       421-1.19542E+00 1.00000E+01 1.96424E+00
 -1       422-1.23125E+00 1.00003E+01 1.98202E+00
 -1       423-1.20458E+00 9.99996E+00 2.03576E+00
 -1       424-1.16875E+00 9.99975E+00 2.01798E+00
 -1       429-1.19898E+00 9.96614E+00 1.98766E+00
 -1       430-1.19995E+00 9.99836E+00 1.96398E+00
 -1       431-1.20102E+00 1.00339E+01 2.01234E+00
 -1       432-1.20005E+00 1.00016E+01 2.03602E+00
 -1       437-1.23303E+00 9.98555E+00 1.99957E+00
 -1       438-1.19936E+00 9.96397E+00 1.99892E+00
 -1       439-1.16697E+00 1.00145E+01 2.00043E+00
 -1       440-1.20064E+00 1.00360E+01 2.00108E+00
 -1       471 1.20417E+00 1.00005E+01 1.96419E+00
 -1       472 1.16855E+00 9.99999E+00 1.98238E+00
 -1       473 1.19583E+00 9.99954E+00 2.03581E+00
 -1       474 1.23145E+00 1.00000E+01 2.01762E+00
 -1       479 1.19898E+00 9.96591E+00 1.98832E+00
 -1       480 1.19993E+00 9.99767E+00 1.96402E+00
 -1       481 1.20102E+00 1.00341E+01 2.01168E+00
 -1       482 1.20007E+00 1.00023E+01 2.03598E+00
 -1       487 1.16646E+00 9.98678E+00 2.00040E+00
 -1       488 1.19931E+00 9.96397E+00 2.00108E+00
 -1       489 1.23354E+00 1.00132E+01 1.99960E+00
 -1       490 1.20069E+00 1.00360E+01 1.99892E+00
 -1       521-1.19529E+00 1.99999E+01-3.57462E-02
 -1       522-1.23118E+00 2.00002E+01-1.80980E-02
 -1       523-1.20471E+00 2.00001E+01 3.57462E-02
 -1       524-1.16882E+00 1.99998E+01 1.80980E-02
 -1       529-1.20000E+00 1.99660E+01-1.20000E-02
 -1       530-1.20000E+00 1.99980E+01-3.60000E-02
 -1       531-1.20000E+00 2.00340E+01 1.20000E-02
 -1       532-1.20000E+00 2.00020E+01 3.60000E-02
 -1       537-1.23328E+00 1.99861E+01 0.00000E+00
 -1       538-1.20000E+00 1.99639E+01 0.00000E+00
 -1       539-1.16672E+00 2.00139E+01 0.00000E+00
 -1       540-1.20000E+00 2.00361E+01 0.00000E+00
 -1       571 1.20452E+00 1.99996E+01-3.57684E-02
 -1       572 1.16872E+00 1.99996E+01-1.79293E-02
 -1       573 1.19548E+00 2.00004E+01 3.57684E-02
 -1       574 1.23128E+00 2.00004E+01 1.79293E-02
 -1       579 1.20000E+00 1.99660E+01-1.20000E-02
 -1       580 1.20000E+00 1.99980E+01-3.60000E-02
 -1       581 1.20000E+00 2.00340E+01 1.20000E-02
 -1       582 1.20000E+00 2.00020E+01 3.60000E-02
 -1       587 1.16672E+00 1.99861E+01 0.00000E+00
 -1       588 1.20000E+00 1.99639E+01 0.00000E+00
 -1       589 1.23328E+00 2.00139E+01 0.00000E+00
 -1       590 1.20000E+00 2.00361E+01 0.00000E+00
 -1       621-1.19545E+00 2.00004E+01 1.96424E+00
 -1       622-1.23126E+00 2.00004E+01 1.98205E+00
 -1       623-1.20455E+00 1.99996E+01 2.03576E+00
 -1       624-1.16874E+00 1.99996E+01 2.01795E+00
 -1       629-1.20000E+00 1.99660E+01 1.98800E+00
 -1       630-1.20000E+00 1.99980E+01 1.96400E+00
 -1       631-1.20000E+00 2.00340E+01 2.01200E+00
 -1       632-1.20000E+00 2.00020E+01 2.03600E+00
 -1       637-1.23328E+00 1.99861E+01 2.00000E+00
 -1       638-1.20000E+00 1.99639E+01 2.00000E+00
 -1       639-1.16672E+00 2.00139E+01 2.00000E+00
 -1       640-1.20000E+00 2.00361E+01 2.00000E+00
 -1       671 1.20436E+00 2.00001E+01 1.96421E+00
 -1       672 1.16864E+00 1.99998E+01 1.98221E+00
 -1       673 1.19564E+00 1.99999E+01 2.03579E+00
 -1       674 1.23136E+00 2.00002E+01 2.01779E+00
 -1       679 1.20000E+00 1.99660E+01 1.98800E+00
 -1       680 1.20000E+00 1.99980E+01 1.96400E+00
 -1       681 1.20000E+00 2.00340E+01 2.01200E+00
 -1       682 1.20000E+00 2.00020E+01 2.03600E+00
 -1       687 1.16672E+00 1.99861E+01 2.00000E+00
 -1       688 1.20000E+00 1.99639E+01 2.00000E+00
 -1       689 1.23328E+00 2.00139E+01 2.00000E+00
 -1       690 1.20000E+00 2.00361E+01 2.00000E+00
 -1       721-1.19512E+00 2.99995E+01-3.57207E-02
 -1       722-1.23110E+00 3.00002E+01-1.82460E-02
 -1       723-1.20488E+00 3.00005E+01 3.57207E-02
 -1       724-1.16890E+00 2.99998E+01 1.82460E-02
 -1       729-1.20145E+00 2.99659E+01-1.15569E-02
 -1       730-1.20010E+00 2.99975E+01-3.59709E-02
 -1       731-1.19855E+00 3.00341E+01 1.15569E-02
 -1       732-1.19990E+00 3.00025E+01 3.59709E-02
 -1       737-1.23365E+00 2.99871E+01 5.48678E-04
 -1       738-1.20099E+00 2.99640E+01 1.52775E-03
 -1       739-1.16635E+00 3.00129E+01-5.48678E-04
 -1       740-1.19901E+00 3.00360E+01-1.52775E-03
 -1       771 1.20438E+00 2.99996E+01-3.57871E-02
 -1       772 1.16865E+00 2.99994E+01-1.77984E-02
 -1       773 1.19562E+00 3.00004E+01 3.57871E-02
 -1       774 1.23135E+00 3.00006E+01 1.77984E-02
 -1       779 1.20143E+00 2.99662E+01-1.24797E-02
 -1       780 1.20006E+00 2.99985E+01-3.60247E-02
 -1       781 1.19857E+00 3.00338E+01 1.24797E-02
 -1       782 1.19994E+00 3.00015E+01 3.60247E-02
 -1       787 1.16707E+00 2.99853E+01-6.22501E-04
 -1       788 1.20089E+00 2.99640E+01-1.52786E-03
 -1       789 1.23293E+00 3.00147E+01 6.22501E-04
 -1       790 1.19911E+00 3.00360E+01 1.52786E-03
 -1       821-1.19539E+00 3.00004E+01 1.96424E+00
 -1       822-1.23124E+00 3.00006E+01 1.98200E+00
 -1       823-1.20461E+00 2.99996E+01 2.03576E+00
 -1       824-1.16876E+00 2.99994E+01 2.01800E+00
 -1       829-1.19857E+00 2.99662E+01 1.98752E+00
 -1       830-1.19994E+00 2.99985E+01 1.96398E+00
 -1       831-1.20143E+00 3.00338E+01 2.01248E+00
 -1       832-1.20006E+00 3.00015E+01 2.03602E+00
 -1       837-1.23293E+00 2.99853E+01 1.99938E+00
 -1       838-1.19911E+00 2.99640E+01 1.99847E+00
 -1       839-1.16707E+00 3.00147E+01 2.00062E+00
 -1       840-1.20089E+00 3.00360E+01 2.00153E+00
 -1       871 1.20409E+00 3.00005E+01 1.96418E+00
 -1       872 1.16851E+00 2.99998E+01 1.98245E+00
 -1       873 1.19591E+00 2.99995E+01 2.03582E+00
 -1       874 1.23149E+00 3.00002E+01 2.01755E+00
 -1       879 1.19855E+00 2.99659E+01 1.98844E+00
 -1       880 1.19990E+00 2.99975E+01 1.96403E+00
 -1       881 1.20145E+00 3.00341E+01 2.01156E+00
 -1       882 1.20010E+00 3.00025E+01 2.03597E+00
 -1       887 1.16635E+00 2.99871E+01 2.00055E+00
 -1       888 1.19901E+00 2.99640E+01 2.00153E+00
 -1       889 1.23365E+00 3.00129E+01 1.99945E+00
 -1       890 1.20099E+00 3.00360E+01 1.99847E+00
 -1       921-1.19511E+00 3.99993E+01-3.57158E-02
 -1       922-1.23109E+00 4.00000E+01-1.82590E-02
 -1       923-1.20489E+00 4.00007E+01 3.57158E-02
 -1       924-1.16891E+00 4.00000E+01 1.82590E-02
 -1       929-1.20000E+00 3.99660E+01-1.20000E-02
 -1       930-1.20000E+00 3.99980E+01-3.60000E-02
 -1       931-1.20000E+00 4.00340E+01 1.20000E-02
 -1       932-1.20000E+00 4.00020E+01 3.60000E-02
 -1       937-1.23328E+00 3.99861E+01 0.00000E+00
 -1       938-1.20000E+00 3.99639E+01 0.00000E+00
 -1       939-1.16672E+00 4.00139E+01 0.00000E+00
 -1       940-1.20000E+00 4.00361E+01 0.00000E+00
 -1       971 1.20433E+00 3.99999E+01-3.57951E-02
 -1       972 1.16862E+00 3.99996E+01-1.77593E-02
 -1       973 1.19567E+00 4.00001E+01 3.57951E-02
 -1       974 1.23138E+00 4.00004E+01 1.77593E-02
 -1       979 1.20000E+00 3.99660E+01-1.20000E-02
 -1       980 1.20000E+00 3.99980E+01-3.60000E-02
 -1       981 1.20000E+00 4.00340E+01 1.20000E-02
 -1       982 1.20000E+00 4.00020E+01 3.60000E-02
 -1       987 1.16672E+00 3.99861E+01 0.00000E+00
 -1       988 1.20000E+00 3.99639E+01 0.00000E+00
 -1       989 1.23328E+00 4.00139E+01 0.00000E+00
 -1       990 1.20000E+00 4.00361E+01 0.00000E+00
 -1      1021-1.19533E+00 4.00001E+01 1.96425E+00
 -1      1022-1.23120E+00 4.00004E+01 1.98194E+00
 -1      1023-1.20467E+00 3.99999E+01 2.03575E+00
 -1      1024-1.16880E+00 3.99996E+01 2.01806E+00
 -1      1029-1.20000E+00 3.99660E+01 1.98800E+00
 -1      1030-1.20000E+00 3.99980E+01 1.96400E+00
 -1      1031-1.20000E+00 4.00340E+01 2.01200E+00
 -1      1032-1.20000E+00 4.00020E+01 2.03600E+00
 -1      1037-1.23328E+00 3.99861E+01 2.00000E+00
 -1      1038-1.20000E+00 3.99639E+01 2.00000E+00
 -1      1039-1.16672E+00 4.00139E+01 2.00000E+00
 -1      1040-1.20000E+00 4.00361E+01 2.00000E+00
 -1      1071 1.20409E+00 4.00007E+01 1.96418E+00
 -1      1072 1.16851E+00 4.00000E+01 1.98245E+00
 -1      1073 1.19591E+00 3.99993E+01 2.03582E+00
 -1      1074 1.23149E+00 4.00000E+01 2.01755E+00
 -1      1079 1.20000E+00 3.99660E+01 1.98800E+00
 -1      1080 1.20000E+00 3.99980E+01 1.96400E+00
 -1      1081 1.20000E+00 4.00340E+01 2.01200E+00
 -1      1082 1.20000E+00 4.00020E+01 2.03600E+00
 -1      1087 1.16672E+00 3.99861E+01 2.00000E+00
 -1      1088 1.20000E+00 3.99639E+01 2.00000E+00
 -1      1089 1.23328E+00 4.00139E+01 2.00000E+00
 -1      1090 1.20000E+00 4.00361E+01 2.00000E+00
 -1      1121-1.19622E+00 4.99980E+01-3.58033E-02
 -1      1122-1.23157E+00 4.99968E+01-1.71203E-02
 -1      1123-1.20378E+00 5.00020E+01 3.58033E-02
 -1      1124-1.16843E+00 5.00032E+01 1.71203E-02
 -1      1129-1.20000E+00 4.99660E+01-1.20000E-02
 -1      1130-1.20000E+00 4.99980E+01-3.60000E-02
 -1      1131-1.20000E+00 5.00340E+01 1.20000E-02
 -1      1132-1.20000E+00 5.00020E+01 3.60000E-02
 -1      1137-1.23328E+00 4.99861E+01 0.00000E+00
 -1      1138-1.20000E+00 4.99639E+01 0.00000E+00
 -1      1139-1.16672E+00 5.00139E+01 0.00000E+00
 -1      1140-1.20000E+00 5.00361E+01 0.00000E+00
 -1      1171 1.20667E+00 4.99963E+01-3.52437E-02
 -1      1172 1.16994E+00 5.00003E+01-1.99053E-02
 -1      1173 1.19333E+00 5.00037E+01 3.52437E-02
 -1      1174 1.23006E+00 4.99997E+01 1.99053E-02
 -1      1179 1.20000E+00 4.99660E+01-1.20000E-02
 -1      1180 1.20000E+00 4.99980E+01-3.60000E-02
 -1      1181 1.20000E+00 5.00340E+01 1.20000E-02
 -1      1182 1.20000E+00 5.00020E+01 3.60000E-02
 -1      1187 1.16672E+00 4.99861E+01 0.00000E+00
 -1      1188 1.20000E+00 4.99639E+01 0.00000E+00
 -1      1189 1.23328E+00 5.00139E+01 0.00000E+00
 -1      1190 1.20000E+00 5.00361E+01 0.00000E+00
 -1      1221-1.19824E+00 5.00034E+01 1.96415E+00
 -1      1222-1.23248E+00 4.99992E+01 1.98438E+00
 -1      1223-1.20176E+00 4.99966E+01 2.03585E+00
 -1      1224-1.16752E+00 5.00008E+01 2.01562E+00
 -1      1229-1.20000E+00 4.99660E+01 1.98800E+00
 -1      1230-1.20000E+00 4.99980E+01 1.96400E+00
 -1      1231-1.20000E+00 5.00340E+01 2.01200E+00
 -1      1232-1.20000E+00 5.00020E+01 2.03600E+00
 -1      1237-1.23328E+00 4.99861E+01 2.00000E+00
 -1      1238-1.20000E+00 4.99639E+01 2.00000E+00
 -1      1239-1.16672E+00 5.00139E+01 2.00000E+00
 -1      1240-1.20000E+00 5.00361E+01 2.00000E+00
 -1      1271 1.20533E+00 5.00018E+01 1.96439E+00
 -1      1272 1.16921E+00 5.00033E+01 1.98152E+00
 -1      1273 1.19467E+00 4.99982E+01 2.03561E+00
 -1      1274 1.23079E+00 4.99967E+01 2.01848E+00
 -1      1279 1.20000E+00 4.99660E+01 1.98800E+00
 -1      1280 1.20000E+00 4.99980E+01 1.96400E+00
 -1      1281 1.20000E+00 5.00340E+01 2.01200E+00
 -1      1282 1.20000E+00 5.00020E+01 2.03600E+00
 -1      1287 1.16672E+00 4.99861E+01 2.00000E+00
 -1      1288 1.20000E+00 4.99639E+01 2.00000E+00
 -1      1289 1.23328E+00 5.00139E+01 2.00000E+00
 -1      1290 1.20000E+00 5.00361E+01 2.00000E+00
 -1      1321-1.19553E+00 1.50000E+01-1.85778E-01
 -1      1322-1.23131E+00 1.50000E+01-1.67883E-01
 -1      1323-1.20447E+00 1.50000E+01-1.14222E-01
 -1      1324-1.16869E+00 1.50000E+01-1.32117E-01
 -1      1329 1.20447E+00 1.50000E+01 1.14222E-01
 -1      1330 1.16869E+00 1.50000E+01 1.32117E-01
 -1      1331 1.19553E+00 1.50000E+01 1.85778E-01
 -1      1332 1.23131E+00 1.50000E+01 1.67883E-01
 -1      1337-1.19553E+00 1.50000E+01 1.81422E+00
 -1      1338-1.23131E+00 1.50000E+01 1.83212E+00
 -1      1339-1.20447E+00 1.50000E+01 1.88578E+00
 -1      1340-1.16869E+00 1.50000E+01 1.86788E+00
 -1      1345 1.20447E+00 1.50000E+01 2.11422E+00
 -1      1346 1.16869E+00 1.50000E+01 2.13212E+00
 -1      1347 1.19553E+00 1.50000E+01 2.18578E+00
 -1      1348 1.23131E+00 1.50000E+01 2.16788E+00
 -1      1353-1.19522E+00 4.24989E+01-1.41787E-01
 -1      1354-1.23115E+00 4.24995E+01-1.24216E-01
 -1      1355-1.20478E+00 4.25011E+01-7.03450E-02
 -1      1356-1.16885E+00 4.25005E+01-8.79159E-02
 -1      1361-1.19553E+00 4.50000E+01-1.85777E-01
 -1      1362-1.23131E+00 4.50000E+01-1.67887E-01
 -1      1363-1.20447E+00 4.50000E+01-1.14223E-01
 -1      1364-1.16869E+00 4.50000E+01-1.32113E-01
 -1      1369-1.19586E+00 4.75011E+01-1.41867E-01
 -1      1370-1.23147E+00 4.75005E+01-1.23652E-01
 -1      1371-1.20414E+00 4.74989E+01-7.02647E-02
 -1      1372-1.16853E+00 4.74995E+01-8.84797E-02
 -1      1377 1.20414E+00 4.25011E+01 7.02647E-02
 -1      1378 1.16853E+00 4.25005E+01 8.84797E-02
 -1      1379 1.19586E+00 4.24989E+01 1.41867E-01
 -1      1380 1.23147E+00 4.24995E+01 1.23652E-01
 -1      1385 1.20447E+00 4.50000E+01 1.14223E-01
 -1      1386 1.16869E+00 4.50000E+01 1.32113E-01
 -1      1387 1.19553E+00 4.50000E+01 1.85777E-01
 -1      1388 1.23131E+00 4.50000E+01 1.67887E-01
 -1      1393 1.20478E+00 4.74989E+01 7.03450E-02
 -1      1394 1.16885E+00 4.74995E+01 8.79159E-02
 -1      1395 1.19522E+00 4.75011E+01 1.41787E-01
 -1      1396 1.23115E+00 4.75005E+01 1.24216E-01
 -1      1401-1.19522E+00 4.24989E+01 1.85821E+00
 -1      1402-1.23115E+00 4.24995E+01 1.87578E+00
 -1      1403-1.20478E+00 4.25011E+01 1.92966E+00
 -1      1404-1.16885E+00 4.25005E+01 1.91208E+00
 -1      1409-1.19553E+00 4.50000E+01 1.81422E+00
 -1      1410-1.23131E+00 4.50000E+01 1.83211E+00
 -1      1411-1.20447E+00 4.50000E+01 1.88578E+00
 -1      1412-1.16869E+00 4.50000E+01 1.86789E+00
 -1      1417-1.19586E+00 4.75011E+01 1.85813E+00
 -1      1418-1.23147E+00 4.75005E+01 1.87635E+00
 -1      1419-1.20414E+00 4.74989E+01 1.92974E+00
 -1      1420-1.16853E+00 4.74995E+01 1.91152E+00
 -1      1425 1.20414E+00 4.25011E+01 2.07026E+00
 -1      1426 1.16853E+00 4.25005E+01 2.08848E+00
 -1      1427 1.19586E+00 4.24989E+01 2.14187E+00
 -1      1428 1.23147E+00 4.24995E+01 2.12365E+00
 -1      1433 1.20447E+00 4.50000E+01 2.11422E+00
 -1      1434 1.16869E+00 4.50000E+01 2.13211E+00
 -1      1435 1.19553E+00 4.50000E+01 2.18578E+00
 -1      1436 1.23131E+00 4.50000E+01 2.16789E+00
 -1      1441 1.20478E+00 4.74989E+01 2.07034E+00
 -1      1442 1.16885E+00 4.74995E+01 2.08792E+00
 -1      1443 1.19522E+00 4.75011E+01 2.14179E+00
 -1      1444 1.23115E+00 4.75005E+01 2.12422E+00
 -1      1449 0.00000E+00 9.93000E+00-1.20023E-02
 -1      1450 0.00000E+00 9.96200E+00-3.60001E-02
 -1      1451 0.00000E+00 9.99800E+00 1.20023E-02
 -1      1452 0.00000E+00 9.96600E+00 3.60001E-02
 -1      1457 0.00000E+00 1.00020E+01 1.98800E+00
 -1      1458 0.00000E+00 1.00340E+01 1.96400E+00
 -1      1459 0.00000E+00 1.00700E+01 2.01200E+00
 -1      1460 0.00000E+00 1.00380E+01 2.03600E+00
 -1      1465-1.23329E+00 1.00161E+01 1.00000E+00
 -1      1466-1.20002E+00 9.99394E+00 1.00000E+00
 -1      1467-1.16671E+00 1.00439E+01 1.00000E+00
 -1      1468-1.19998E+00 1.00661E+01 1.00000E+00
 -1      1473 1.16671E+00 9.95615E+00 1.00000E+00
 -1      1474 1.19998E+00 9.93394E+00 1.00000E+00
 -1      1475 1.23329E+00 9.98385E+00 1.00000E+00
 -1      1476 1.20002E+00 1.00061E+01 1.00000E+00
 -1      1481-6.01023E-01 2.99404E+01-1.16832E-02
 -1      1482-6.00070E-01 2.99722E+01-3.59798E-02
 -1      1483-5.98977E-01 3.00086E+01 1.16832E-02
 -1      1484-5.99930E-01 2.99769E+01 3.59798E-02
 -1      1489 0.00000E+00 2.99300E+01-1.20008E-02
 -1      1490 0.00000E+00 2.99620E+01-3.60000E-02
 -1      1491 0.00000E+00 2.99980E+01 1.20008E-02
 -1      1492 0.00000E+00 2.99660E+01 3.60000E-02
 -1      1497 6.01016E-01 2.99407E+01-1.23359E-02
 -1      1498 6.00049E-01 2.99729E+01-3.60180E-02
 -1      1499 5.98984E-01 3.00084E+01 1.23359E-02
 -1      1500 5.99951E-01 2.99762E+01 3.60180E-02
 -1      1505-5.98984E-01 2.99916E+01 1.98766E+00
 -1      1506-5.99951E-01 3.00238E+01 1.96398E+00
 -1      1507-6.01016E-01 3.00593E+01 2.01234E+00
 -1      1508-6.00049E-01 3.00271E+01 2.03602E+00
 -1      1513 0.00000E+00 3.00020E+01 1.98800E+00
 -1      1514 0.00000E+00 3.00340E+01 1.96400E+00
 -1      1515 0.00000E+00 3.00700E+01 2.01200E+00
 -1      1516 0.00000E+00 3.00380E+01 2.03600E+00
 -1      1521 5.98977E-01 2.99914E+01 1.98832E+00
 -1      1522 5.99930E-01 3.00231E+01 1.96402E+00
 -1      1523 6.01023E-01 3.00596E+01 2.01168E+00
 -1      1524 6.00070E-01 3.00278E+01 2.03598E+00
 -1      1529-1.23354E+00 3.00080E+01 5.00396E-01
 -1      1530-1.20070E+00 2.99852E+01 5.01081E-01
 -1      1531-1.16646E+00 3.00344E+01 4.99604E-01
 -1      1532-1.19930E+00 3.00572E+01 4.98919E-01
 -1      1537-1.23328E+00 3.00161E+01 1.00000E+00
 -1      1538-1.20001E+00 2.99939E+01 1.00000E+00
 -1      1539-1.16672E+00 3.00439E+01 1.00000E+00
 -1      1540-1.19999E+00 3.00661E+01 1.00000E+00
 -1      1545-1.23303E+00 3.00068E+01 1.49957E+00
 -1      1546-1.19936E+00 2.99852E+01 1.49892E+00
 -1      1547-1.16697E+00 3.00357E+01 1.50043E+00
 -1      1548-1.20064E+00 3.00572E+01 1.50108E+00
 -1      1553 1.16697E+00 2.99643E+01 4.99567E-01
 -1      1554 1.20064E+00 2.99428E+01 4.98919E-01
 -1      1555 1.23303E+00 2.99932E+01 5.00433E-01
 -1      1556 1.19936E+00 3.00148E+01 5.01081E-01
 -1      1561 1.16672E+00 2.99561E+01 1.00000E+00
 -1      1562 1.19999E+00 2.99339E+01 1.00000E+00
 -1      1563 1.23328E+00 2.99839E+01 1.00000E+00
 -1      1564 1.20001E+00 3.00061E+01 1.00000E+00
 -1      1569 1.16646E+00 2.99656E+01 1.50040E+00
 -1      1570 1.19930E+00 2.99428E+01 1.50108E+00
 -1      1571 1.23354E+00 2.99920E+01 1.49960E+00
 -1      1572 1.20070E+00 3.00148E+01 1.49892E+00
 -1      1577-1.19777E+00 2.52721E+00 3.58451E-01
 -1      1578-1.23236E+00 2.52386E+00 3.78258E-01
 -1      1579-1.20223E+00 2.51522E+00 4.29417E-01
 -1      1580-1.16764E+00 2.51856E+00 4.09610E-01
 -1      1585-1.19829E+00 5.03706E+00 8.14685E-01
 -1      1586-1.23259E+00 5.03303E+00 8.34866E-01
 -1      1587-1.20171E+00 5.02294E+00 8.85315E-01
 -1      1588-1.16741E+00 5.02697E+00 8.65134E-01
 -1      1593-1.19884E+00 7.52934E+00 1.35882E+00
 -1      1594-1.23282E+00 7.52458E+00 1.37939E+00
 -1      1595-1.20116E+00 7.51309E+00 1.42904E+00
 -1      1596-1.16718E+00 7.51785E+00 1.40848E+00
 -1      1601-1.19407E+00 2.51529E+00 1.57100E+00
 -1      1602-1.23055E+00 2.51802E+00 1.58719E+00
 -1      1603-1.20593E+00 2.52714E+00 1.64113E+00
 -1      1604-1.16945E+00 2.52440E+00 1.62495E+00
 -1      1609-1.19388E+00 5.02303E+00 1.11516E+00
 -1      1610-1.23044E+00 5.02621E+00 1.13106E+00
 -1      1611-1.20612E+00 5.03697E+00 1.18484E+00
 -1      1612-1.16956E+00 5.03379E+00 1.16894E+00
 -1      1617-1.19370E+00 7.51321E+00 5.71480E-01
 -1      1618-1.23034E+00 7.51682E+00 5.87095E-01
 -1      1619-1.20630E+00 7.52922E+00 6.40652E-01
 -1      1620-1.16966E+00 7.52560E+00 6.25037E-01
 -1      1625 1.20223E+00 2.52721E+00 3.58451E-01
 -1      1626 1.16764E+00 2.52386E+00 3.78258E-01
 -1      1627 1.19777E+00 2.51522E+00 4.29417E-01
 -1      1628 1.23236E+00 2.51856E+00 4.09610E-01
 -1      1633 1.20171E+00 5.03706E+00 8.14685E-01
 -1      1634 1.16741E+00 5.03303E+00 8.34866E-01
 -1      1635 1.19829E+00 5.02294E+00 8.85315E-01
 -1      1636 1.23259E+00 5.02697E+00 8.65134E-01
 -1      1641 1.20116E+00 7.52934E+00 1.35882E+00
 -1      1642 1.16718E+00 7.52458E+00 1.37939E+00
 -1      1643 1.19884E+00 7.51309E+00 1.42904E+00
 -1      1644 1.23282E+00 7.51785E+00 1.40848E+00
 -1      1649 1.20593E+00 2.51529E+00 1.57100E+00
 -1      1650 1.16945E+00 2.51802E+00 1.58719E+00
 -1      1651 1.19407E+00 2.52714E+00 1.64113E+00
 -1      1652 1.23055E+00 2.52440E+00 1.62495E+00
 -1      1657 1.20612E+00 5.02303E+00 1.11516E+00
 -1      1658 1.16956E+00 5.02621E+00 1.13106E+00
 -1      1659 1.19388E+00 5.03697E+00 1.18484E+00
 -1      1660 1.23044E+00 5.03379E+00 1.16894E+00
 -1      1665 1.20630E+00 7.51321E+00 5.71480E-01
 -1      1666 1.16966E+00 7.51682E+00 5.87095E-01
 -1      1667 1.19370E+00 7.52922E+00 6.40652E-01
 -1      1668 1.23034E+00 7.52560E+00 6.25037E-01
 -1      1673-4.83328E-01 2.47166E+00-3.43393E-02
 -1      1674-5.20442E-01 2.48175E+00-2.33534E-02
 -1      1675-5.04540E-01 2.47743E+00 3.43393E-02
 -1      1676-4.67426E-01 2.46734E+00 2.33534E-02
 -1      1681 1.59904E-01 4.96162E+00-3.45869E-02
 -1      1682 1.22764E-01 4.97054E+00-2.27046E-02
 -1      1683 1.40096E-01 4.96638E+00 3.45869E-02
 -1      1684 1.77236E-01 4.95746E+00 2.27046E-02
 -1      1689 7.15261E-01 7.47263E+00-3.48107E-02
 -1      1690 6.78146E-01 7.48037E+00-2.20585E-02
 -1      1691 6.96871E-01 7.47646E+00 3.48107E-02
 -1      1692 7.33986E-01 7.46872E+00 2.20585E-02
 -1      1697 4.93632E-01 2.47446E+00-3.60542E-02
 -1      1698 4.61704E-01 2.46578E+00-1.35783E-02
 -1      1699 4.94236E-01 2.47463E+00 3.60542E-02
 -1      1700 5.26164E-01 2.48331E+00 1.35783E-02
 -1      1705-1.49866E-01 4.96403E+00-3.60553E-02
 -1      1706-1.82311E-01 4.95625E+00-1.39944E-02
 -1      1707-1.50134E-01 4.96397E+00 3.60553E-02
 -1      1708-1.17689E-01 4.97175E+00 1.39944E-02
 -1      1713-7.05470E-01 7.47467E+00-3.60504E-02
 -1      1714-7.38413E-01 7.46780E+00-1.44278E-02
 -1      1715-7.06662E-01 7.47442E+00 3.60504E-02
 -1      1716-6.73719E-01 7.48129E+00 1.44278E-02
 -1      1721-4.83328E-01 2.47166E+00 1.96566E+00
 -1      1722-5.20442E-01 2.48175E+00 1.97665E+00
 -1      1723-5.04540E-01 2.47743E+00 2.03434E+00
 -1      1724-4.67426E-01 2.46734E+00 2.02335E+00
 -1      1729 1.59904E-01 4.96162E+00 1.96541E+00
 -1      1730 1.22764E-01 4.97054E+00 1.97730E+00
 -1      1731 1.40096E-01 4.96638E+00 2.03459E+00
 -1      1732 1.77236E-01 4.95746E+00 2.02270E+00
 -1      1737 7.15261E-01 7.47263E+00 1.96519E+00
 -1      1738 6.78146E-01 7.48037E+00 1.97794E+00
 -1      1739 6.96871E-01 7.47646E+00 2.03481E+00
 -1      1740 7.33986E-01 7.46872E+00 2.02206E+00
 -1      1745 4.93632E-01 2.47446E+00 1.96395E+00
 -1      1746 4.61704E-01 2.46578E+00 1.98642E+00
 -1      1747 4.94236E-01 2.47463E+00 2.03605E+00
 -1      1748 5.26164E-01 2.48331E+00 2.01358E+00
 -1      1753-1.49866E-01 4.96403E+00 1.96394E+00
 -1      1754-1.82311E-01 4.95625E+00 1.98601E+00
 -1      1755-1.50134E-01 4.96397E+00 2.03606E+00
 -1      1756-1.17689E-01 4.97175E+00 2.01399E+00
 -1      1761-7.05470E-01 7.47467E+00 1.96395E+00
 -1      1762-7.38413E-01 7.46780E+00 1.98557E+00
 -1      1763-7.06662E-01 7.47442E+00 2.03605E+00
 -1      1764-6.73719E-01 7.48129E+00 2.01443E+00
 -1      1769-1.19777E+00 2.25272E+01 3.58451E-01
 -1      1770-1.23236E+00 2.25239E+01 3.78258E-01
 -1      1771-1.20223E+00 2.25152E+01 4.29417E-01
 -1      1772-1.16764E+00 2.25186E+01 4.09610E-01
 -1      1777-1.19829E+00 2.50371E+01 8.14685E-01
 -1      1778-1.23259E+00 2.50330E+01 8.34866E-01
 -1      1779-1.20171E+00 2.50229E+01 8.85315E-01
 -1      1780-1.16741E+00 2.50270E+01 8.65134E-01
 -1      1785-1.19884E+00 2.75293E+01 1.35882E+00
 -1      1786-1.23282E+00 2.75246E+01 1.37939E+00
 -1      1787-1.20116E+00 2.75131E+01 1.42904E+00
 -1      1788-1.16718E+00 2.75178E+01 1.40848E+00
 -1      1793-1.19407E+00 2.25153E+01 1.57100E+00
 -1      1794-1.23055E+00 2.25180E+01 1.58719E+00
 -1      1795-1.20593E+00 2.25271E+01 1.64113E+00
 -1      1796-1.16945E+00 2.25244E+01 1.62495E+00
 -1      1801-1.19388E+00 2.50230E+01 1.11516E+00
 -1      1802-1.23044E+00 2.50262E+01 1.13106E+00
 -1      1803-1.20612E+00 2.50370E+01 1.18484E+00
 -1      1804-1.16956E+00 2.50338E+01 1.16894E+00
 -1      1809-1.19370E+00 2.75132E+01 5.71480E-01
 -1      1810-1.23034E+00 2.75168E+01 5.87095E-01
 -1      1811-1.20630E+00 2.75292E+01 6.40652E-01
 -1      1812-1.16966E+00 2.75256E+01 6.25037E-01
 -1      1817 1.20223E+00 2.25272E+01 3.58451E-01
 -1      1818 1.16764E+00 2.25239E+01 3.78258E-01
 -1      1819 1.19777E+00 2.25152E+01 4.29417E-01
 -1      1820 1.23236E+00 2.25186E+01 4.09610E-01
 -1      1825 1.20171E+00 2.50371E+01 8.14685E-01
 -1      1826 1.16741E+00 2.50330E+01 8.34866E-01
 -1      1827 1.19829E+00 2.50229E+01 8.85315E-01
 -1      1828 1.23259E+00 2.50270E+01 8.65134E-01
 -1      1833 1.20116E+00 2.75293E+01 1.35882E+00
 -1      1834 1.16718E+00 2.75246E+01 1.37939E+00
 -1      1835 1.19884E+00 2.75131E+01 1.42904E+00
 -1      1836 1.23282E+00 2.75178E+01 1.40848E+00
 -1      1841 1.20593E+00 2.25153E+01 1.57100E+00
 -1      1842 1.16945E+00 2.25180E+01 1.58719E+00
 -1      1843 1.19407E+00 2.25271E+01 1.64113E+00
 -1      1844 1.23055E+00 2.25244E+01 1.62495E+00
 -1      1849 1.20612E+00 2.50230E+01 1.11516E+00
 -1      1850 1.16956E+00 2.50262E+01 1.13106E+00
 -1      1851 1.19388E+00 2.50370E+01 1.18484E+00
 -1      1852 1.23044E+00 2.50338E+01 1.16894E+00
 -1      1857 1.20630E+00 2.75132E+01 5.71480E-01
 -1      1858 1.16966E+00 2.75168E+01 5.87095E-01
 -1      1859 1.19370E+00 2.75292E+01 6.40652E-01
 -1      1860 1.23034E+00 2.75256E+01 6.25037E-01
 -1      1865-4.83328E-01 2.24717E+01-3.43393E-02
 -1      1866-5.20442E-01 2.24818E+01-2.33534E-02
 -1      1867-5.04540E-01 2.24774E+01 3.43393E-02
 -1      1868-4.67426E-01 2.24673E+01 2.33534E-02
 -1      1873 1.59904E-01 2.49616E+01-3.45869E-02
 -1      1874 1.22764E-01 2.49705E+01-2.27046E-02
 -1      1875 1.40096E-01 2.49664E+01 3.45869E-02
 -1      1876 1.77236E-01 2.49575E+01 2.27046E-02
 -1      1881 7.15261E-01 2.74726E+01-3.48107E-02
 -1      1882 6.78146E-01 2.74804E+01-2.20585E-02
 -1      1883 6.96871E-01 2.74765E+01 3.48107E-02
 -1      1884 7.33986E-01 2.74687E+01 2.20585E-02
 -1      1889 4.93632E-01 2.24745E+01-3.60542E-02
 -1      1890 4.61704E-01 2.24658E+01-1.35783E-02
 -1      1891 4.94236E-01 2.24746E+01 3.60542E-02
 -1      1892 5.26164E-01 2.24833E+01 1.35783E-02
 -1      1897-1.49866E-01 2.49640E+01-3.60553E-02
 -1      1898-1.82311E-01 2.49562E+01-1.39944E-02
 -1      1899-1.50134E-01 2.49640E+01 3.60553E-02
 -1      1900-1.17689E-01 2.49718E+01 1.39944E-02
 -1      1905-7.05470E-01 2.74747E+01-3.60504E-02
 -1      1906-7.38413E-01 2.74678E+01-1.44278E-02
 -1      1907-7.06662E-01 2.74744E+01 3.60504E-02
 -1      1908-6.73719E-01 2.74813E+01 1.44278E-02
 -1      1913-4.83328E-01 2.24717E+01 1.96566E+00
 -1      1914-5.20442E-01 2.24818E+01 1.97665E+00
 -1      1915-5.04540E-01 2.24774E+01 2.03434E+00
 -1      1916-4.67426E-01 2.24673E+01 2.02335E+00
 -1      1921 1.59904E-01 2.49616E+01 1.96541E+00
 -1      1922 1.22764E-01 2.49705E+01 1.97730E+00
 -1      1923 1.40096E-01 2.49664E+01 2.03459E+00
 -1      1924 1.77236E-01 2.49575E+01 2.02270E+00
 -1      1929 7.15261E-01 2.74726E+01 1.96519E+00
 -1      1930 6.78146E-01 2.74804E+01 1.97794E+00
 -1      1931 6.96871E-01 2.74765E+01 2.03481E+00
 -1      1932 7.33986E-01 2.74687E+01 2.02206E+00
 -1      1937 4.93632E-01 2.24745E+01 1.96395E+00
 -1      1938 4.61704E-01 2.24658E+01 1.98642E+00
 -1      1939 4.94236E-01 2.24746E+01 2.03605E+00
 -1      1940 5.26164E-01 2.24833E+01 2.01358E+00
 -1      1945-1.49866E-01 2.49640E+01 1.96394E+00
 -1      1946-1.82311E-01 2.49562E+01 1.98601E+00
 -1      1947-1.50134E-01 2.49640E+01 2.03606E+00
 -1      1948-1.17689E-01 2.49718E+01 2.01399E+00
 -1      1953-7.05470E-01 2.74747E+01 1.96395E+00
 -1      1954-7.38413E-01 2.74678E+01 1.98557E+00
 -1      1955-7.06662E-01 2.74744E+01 2.03605E+00
 -1      1956-6.73719E-01 2.74813E+01 2.01443E+00
 -1      1961-1.19830E+00 3.50371E+01 8.14684E-01
 -1      1962-1.23259E+00 3.50330E+01 8.34874E-01
 -1      1963-1.20170E+00 3.50229E+01 8.85316E-01
 -1      1964-1.16741E+00 3.50270E+01 8.65126E-01
 -1      1969-1.19388E+00 3.50230E+01 1.11516E+00
 -1      1970-1.23044E+00 3.50262E+01 1.13106E+00
 -1      1971-1.20612E+00 3.50370E+01 1.18484E+00
 -1      1972-1.16956E+00 3.50338E+01 1.16894E+00
 -1      1977 1.20170E+00 3.50371E+01 8.14684E-01
 -1      1978 1.16741E+00 3.50330E+01 8.34874E-01
 -1      1979 1.19830E+00 3.50229E+01 8.85316E-01
 -1      1980 1.23259E+00 3.50270E+01 8.65126E-01
 -1      1985 1.20612E+00 3.50230E+01 1.11516E+00
 -1      1986 1.16956E+00 3.50262E+01 1.13106E+00
 -1      1987 1.19388E+00 3.50370E+01 1.18484E+00
 -1      1988 1.23044E+00 3.50338E+01 1.16894E+00
 -1      1993 1.59908E-01 3.49616E+01-3.45858E-02
 -1      1994 1.22767E-01 3.49705E+01-2.27077E-02
 -1      1995 1.40092E-01 3.49664E+01 3.45858E-02
 -1      1996 1.77233E-01 3.49575E+01 2.27077E-02
 -1      2001-1.49864E-01 3.49640E+01-3.60552E-02
 -1      2002-1.82310E-01 3.49562E+01-1.39967E-02
 -1      2003-1.50136E-01 3.49640E+01 3.60552E-02
 -1      2004-1.17690E-01 3.49718E+01 1.39967E-02
 -1      2009 1.59908E-01 3.49616E+01 1.96541E+00
 -1      2010 1.22767E-01 3.49705E+01 1.97729E+00
 -1      2011 1.40092E-01 3.49664E+01 2.03459E+00
 -1      2012 1.77233E-01 3.49575E+01 2.02271E+00
 -1      2017-1.49864E-01 3.49640E+01 1.96394E+00
 -1      2018-1.82310E-01 3.49562E+01 1.98600E+00
 -1      2019-1.50136E-01 3.49640E+01 2.03606E+00
 -1      2020-1.17690E-01 3.49718E+01 2.01400E+00
 -1      2025-1.19830E+00 4.50371E+01 8.14684E-01
 -1      2026-1.23259E+00 4.50330E+01 8.34874E-01
 -1      2027-1.20170E+00 4.50229E+01 8.85316E-01
 -1      2028-1.16741E+00 4.50270E+01 8.65126E-01
 -1      2033-1.19388E+00 4.50230E+01 1.11516E+00
 -1      2034-1.23044E+00 4.50262E+01 1.13106E+00
 -1      2035-1.20612E+00 4.50370E+01 1.18484E+00
 -1      2036-1.16956E+00 4.50338E+01 1.16894E+00
 -1      2041 1.20170E+00 4.50371E+01 8.14684E-01
 -1      2042 1.16741E+00 4.50330E+01 8.34874E-01
 -1      2043 1.19830E+00 4.50229E+01 8.85316E-01
 -1      2044 1.23259E+00 4.50270E+01 8.65126E-01
 -1      2049 1.20612E+00 4.50230E+01 1.11516E+00
 -1      2050 1.16956E+00 4.50262E+01 1.13106E+00
 -1      2051 1.19388E+00 4.50370E+01 1.18484E+00
 -1      2052 1.23044E+00 4.50338E+01 1.16894E+00
 -1      2057 1.59908E-01 4.49616E+01-3.45858E-02
 -1      2058 1.22767E-01 4.49705E+01-2.27077E-02
 -1      2059 1.40092E-01 4.49664E+01 3.45858E-02
 -1      2060 1.77233E-01 4.49575E+01 2.27077E-02
 -1      2065-1.49864E-01 4.49640E+01-3.60552E-02
 -1      2066-1.82310E-01 4.49562E+01-1.39967E-02
 -1      2067-1.50136E-01 4.49640E+01 3.60552E-02
 -1      2068-1.17690E-01 4.49718E+01 1.39967E-02
 -1      2073 1.59908E-01 4.49616E+01 1.96541E+00
 -1      2074 1.22767E-01 4.49705E+01 1.97729E+00
 -1      2075 1.40092E-01 4.49664E+01 2.03459E+00
 -1      2076 1.77233E-01 4.49575E+01 2.02271E+00
 -1      2081-1.49864E-01 4.49640E+01 1.96394E+00
 -1      2082-1.82310E-01 4.49562E+01 1.98600E+00
 -1      2083-1.50136E-01 4.49640E+01 2.03606E+00
 -1      2084-1.17690E-01 4.49718E+01 2.01400E+00
 -3
    3C                           180                                     1
 -1         1    1    0    1
 -2       121       321       322       122       124       324       323       123
 -1         2    1    0    1
 -2       171       371       372       172       174       374       373       173
 -1         3    1    0    1
 -2       221       421       422       222       224       424       423       223
 -1         4    1    0    1
 -2       271       471       472       272       274       474       473       273
 -1         5    1    0    1
 -2       321      1321      1322       322       324      1324      1323       323
 -1         6    1    0    1
 -2      1321       521       522      1322      1324       524       523      1323
 -1         7    1    0    1
 -2       371      1329      1330       372       374      1332      1331       373
 -1         8    1    0    1
 -2      1329       571       572      1330      1332       574       573      1331
 -1         9    1    0    1
 -2       421      1337      1338       422       424      1340      1339       423
 -1        10    1    0    1
 -2      1337       621       622      1338      1340       624       623      1339
 -1        11    1    0    1
 -2       471      1345      1346       472       474      1348      1347       473
 -1        12    1    0    1
 -2      1345       671       672      1346      1348       674       673      1347
 -1        13    1    0    1
 -2       521       721       722       522       524       724       723       523
 -1        14    1    0    1
 -2       571       771       772       572       574       774       773       573
 -1        15    1    0    1
 -2       621       821       822       622       624       824       823       623
 -1        16    1    0    1
 -2       671       871       872       672       674       874       873       673
 -1        17    1    0    1
 -2       721       921       922       722       724       924       923       723
 -1        18    1    0    1
 -2       771       971       972       772       774       974       973       773
 -1        19    1    0    1
 -2       821      1021      1022       822       824      1024      1023       823
 -1        20    1    0    1
 -2       871      1071      1072       872       874      1074      1073       873
 -1        21    1    0    1
 -2       921      1353      1354       922       924      1356      1355       923
 -1        22    1    0    1
 -2      1353      1361      1362      1354      1356      1364      1363      1355
 -1        23    1    0    1
 -2      1361      1369      1370      1362      1364      1372      1371      1363
 -1        24    1    0    1
 -2      1369      1121      1122      1370      1372      1124      1123      1371
 -1        25    1    0    1
 -2       971      1377      1378       972       974      1380      1379       973
 -1        26    1    0    1
 -2      1377      1385      1386      1378      1380      1388      1387      1379
 -1        27    1    0    1
 -2      1385      1393      1394      1386      1388      1396      1395      1387
 -1        28    1    0    1
 -2      1393      1171      1172      1394      1396      1174      1173      1395
 -1        29    1    0    1
 -2      1021      1401      1402      1022      1024      1404      1403      1023
 -1        30    1    0    1
 -2      1401      1409      1410      1402      1404      1412      1411      1403
 -1        31    1    0    1
 -2      1409      1417      1418      1410      1412      1420      1419      1411
 -1        32    1    0    1
 -2      1417      1221      1222      1418      1420      1224      1223      1419
 -1        33    1    0    1
 -2      1071      1425      1426      1072      1074      1428      1427      1073
 -1        34    1    0    1
 -2      1425      1433      1434      1426      1428      1436      1435      1427
 -1        35    1    0    1
 -2      1433      1441      1442      1434      1436      1444      1443      1435
 -1        36    1    0    1
 -2      1441      1271      1272      1442      1444      1274      1273      1443
 -1        37    1    0    1
 -2       129       179       180       130       132       182       181       131
 -1        38    1    0    1
 -2       229       279       280       230       232       282       281       231
 -1        39    1    0    1
 -2       137       237       238       138       140       240       239       139
 -1        40    1    0    1
 -2       187       287       288       188       190       290       289       189
 -1        41    1    0    1
 -2       329      1449      1450       330       332      1452      1451       331
 -1        42    1    0    1
 -2      1449       379       380      1450      1452       382       381      1451
 -1        43    1    0    1
 -2       429      1457      1458       430       432      1460      1459       431
 -1        44    1    0    1
 -2      1457       479       480      1458      1460       482       481      1459
 -1        45    1    0    1
 -2       337      1465      1466       338       340      1468      1467       339
 -1        46    1    0    1
 -2      1465       437       438      1466      1468       440       439      1467
 -1        47    1    0    1
 -2       387      1473      1474       388       390      1476      1475       389
 -1        48    1    0    1
 -2      1473       487       488      1474      1476       490       489      1475
 -1        49    1    0    1
 -2       529       579       580       530       532       582       581       531
 -1        50    1    0    1
 -2       629       679       680       630       632       682       681       631
 -1        51    1    0    1
 -2       537       637       638       538       540       640       639       539
 -1        52    1    0    1
 -2       587       687       688       588       590       690       689       589
 -1        53    1    0    1
 -2       729      1481      1482       730       732      1484      1483       731
 -1        54    1    0    1
 -2      1481      1489      1490      1482      1484      1492      1491      1483
 -1        55    1    0    1
 -2      1489      1497      1498      1490      1492      1500      1499      1491
 -1        56    1    0    1
 -2      1497       779       780      1498      1500       782       781      1499
 -1        57    1    0    1
 -2       829      1505      1506       830       832      1508      1507       831
 -1        58    1    0    1
 -2      1505      1513      1514      1506      1508      1516      1515      1507
 -1        59    1    0    1
 -2      1513      1521      1522      1514      1516      1524      1523      1515
 -1        60    1    0    1
 -2      1521       879       880      1522      1524       882       881      1523
 -1        61    1    0    1
 -2       737      1529      1530       738       740      1532      1531       739
 -1        62    1    0    1
 -2      1529      1537      1538      1530      1532      1540      1539      1531
 -1        63    1    0    1
 -2      1537      1545      1546      1538      1540      1548      1547      1539
 -1        64    1    0    1
 -2      1545       837       838      1546      1548       840       839      1547
 -1        65    1    0    1
 -2       787      1553      1554       788       790      1556      1555       789
 -1        66    1    0    1
 -2      1553      1561      1562      1554      1556      1564      1563      1555
 -1        67    1    0    1
 -2      1561      1569      1570      1562      1564      1572      1571      1563
 -1        68    1    0    1
 -2      1569       887       888      1570      1572       890       889      1571
 -1        69    1    0    1
 -2       929       979       980       930       932       982       981       931
 -1        70    1    0    1
 -2      1029      1079      1080      1030      1032      1082      1081      1031
 -1        71    1    0    1
 -2       937      1037      1038       938       940      1040      1039       939
 -1        72    1    0    1
 -2       987      1087      1088       988       990      1090      1089       989
 -1        73    1    0    1
 -2      1129      1179      1180      1130      1132      1182      1181      1131
 -1        74    1    0    1
 -2      1229      1279      1280      1230      1232      1282      1281      1231
 -1        75    1    0    1
 -2      1137      1237      1238      1138      1140      1240      1239      1139
 -1        76    1    0    1
 -2      1187      1287      1288      1188      1190      1290      1289      1189
 -1        77    1    0    1
 -2       121      1577      1578       122       124      1580      1579       123
 -1        78    1    0    1
 -2      1577      1585      1586      1578      1580      1588      1587      1579
 -1        79    1    0    1
 -2      1585      1593      1594      1586      1588      1596      1595      1587
 -1        80    1    0    1
 -2      1593       421       422      1594      1596       424       423      1595
 -1        81    1    0    1
 -2       221      1601      1602       222       224      1604      1603       223
 -1        82    1    0    1
 -2      1601      1609      1610      1602      1604      1612      1611      1603
 -1        83    1    0    1
 -2      1609      1617      1618      1610      1612      1620      1619      1611
 -1        84    1    0    1
 -2      1617       321       322      1618      1620       324       323      1619
 -1        85    1    0    1
 -2       171      1625      1626       172       174      1628      1627       173
 -1        86    1    0    1
 -2      1625      1633      1634      1626      1628      1636      1635      1627
 -1        87    1    0    1
 -2      1633      1641      1642      1634      1636      1644      1643      1635
 -1        88    1    0    1
 -2      1641       471       472      1642      1644       474       473      1643
 -1        89    1    0    1
 -2       271      1649      1650       272       274      1652      1651       273
 -1        90    1    0    1
 -2      1649      1657      1658      1650      1652      1660      1659      1651
 -1        91    1    0    1
 -2      1657      1665      1666      1658      1660      1668      1667      1659
 -1        92    1    0    1
 -2      1665       371       372      1666      1668       374       373      1667
 -1        93    1    0    1
 -2       121      1673      1674       122       124      1676      1675       123
 -1        94    1    0    1
 -2      1673      1681      1682      1674      1676      1684      1683      1675
 -1        95    1    0    1
 -2      1681      1689      1690      1682      1684      1692      1691      1683
 -1        96    1    0    1
 -2      1689       371       372      1690      1692       374       373      1691
 -1        97    1    0    1
 -2       171      1697      1698       172       174      1700      1699       173
 -1        98    1    0    1
 -2      1697      1705      1706      1698      1700      1708      1707      1699
 -1        99    1    0    1
 -2      1705      1713      1714      1706      1708      1716      1715      1707
 -1       100    1    0    1
 -2      1713       321       322      1714      1716       324       323      1715
 -1       101    1    0    1
 -2       221      1721      1722       222       224      1724      1723       223
 -1       102    1    0    1
 -2      1721      1729      1730      1722      1724      1732      1731      1723
 -1       103    1    0    1
 -2      1729      1737      1738      1730      1732      1740      1739      1731
 -1       104    1    0    1
 -2      1737       471       472      1738      1740       474       473      1739
 -1       105    1    0    1
 -2       271      1745      1746       272       274      1748      1747       273
 -1       106    1    0    1
 -2      1745      1753      1754      1746      1748      1756      1755      1747
 -1       107    1    0    1
 -2      1753      1761      1762      1754      1756      1764      1763      1755
 -1       108    1    0    1
 -2      1761       421       422      1762      1764       424       423      1763
 -1       109    1    0    1
 -2       321       621       622       322       324       624       623       323
 -1       110    1    0    1
 -2       421       521       522       422       424       524       523       423
 -1       111    1    0    1
 -2       371       671       672       372       374       674       673       373
 -1       112    1    0    1
 -2       471       571       572       472       474       574       573       473
 -1       113    1    0    1
 -2       321       571       572       322       324       574       573       323
 -1       114    1    0    1
 -2       371       521       522       372       374       524       523       373
 -1       115    1    0    1
 -2       421       671       672       422       424       674       673       423
 -1       116    1    0    1
 -2       471       621       622       472       474       624       623       473
 -1       117    1    0    1
 -2       521      1769      1770       522       524      1772      1771       523
 -1       118    1    0    1
 -2      1769      1777      1778      1770      1772      1780      1779      1771
 -1       119    1    0    1
 -2      1777      1785      1786      1778      1780      1788      1787      1779
 -1       120    1    0    1
 -2      1785       821       822      1786      1788       824       823      1787
 -1       121    1    0    1
 -2       621      1793      1794       622       624      1796      1795       623
 -1       122    1    0    1
 -2      1793      1801      1802      1794      1796      1804      1803      1795
 -1       123    1    0    1
 -2      1801      1809      1810      1802      1804      1812      1811      1803
 -1       124    1    0    1
 -2      1809       721       722      1810      1812       724       723      1811
 -1       125    1    0    1
 -2       571      1817      1818       572       574      1820      1819       573
 -1       126    1    0    1
 -2      1817      1825      1826      1818      1820      1828      1827      1819
 -1       127    1    0    1
 -2      1825      1833      1834      1826      1828      1836      1835      1827
 -1       128    1    0    1
 -2      1833       871       872      1834      1836       874       873      1835
 -1       129    1    0    1
 -2       671      1841      1842       672       674      1844      1843       673
 -1       130    1    0    1
 -2      1841      1849      1850      1842      1844      1852      1851      1843
 -1       131    1    0    1
 -2      1849      1857      1858      1850      1852      1860      1859      1851
 -1       132    1    0    1
 -2      1857       771       772      1858      1860       774       773      1859
 -1       133    1    0    1
 -2       521      1865      1866       522       524      1868      1867       523
 -1       134    1    0    1
 -2      1865      1873      1874      1866      1868      1876      1875      1867
 -1       135    1    0    1
 -2      1873      1881      1882      1874      1876      1884      1883      1875
 -1       136    1    0    1
 -2      1881       771       772      1882      1884       774       773      1883
 -1       137    1    0    1
 -2       571      1889      1890       572       574      1892      1891       573
 -1       138    1    0    1
 -2      1889      1897      1898      1890      1892      1900      1899      1891
 -1       139    1    0    1
 -2      1897      1905      1906      1898      1900      1908      1907      1899
 -1       140    1    0    1
 -2      1905       721       722      1906      1908       724       723      1907
 -1       141    1    0    1
 -2       621      1913      1914       622       624      1916      1915       623
 -1       142    1    0    1
 -2      1913      1921      1922      1914      1916      1924      1923      1915
 -1       143    1    0    1
 -2      1921      1929      1930      1922      1924      1932      1931      1923
 -1       144    1    0    1
 -2      1929       871       872      1930      1932       874       873      1931
 -1       145    1    0    1
 -2       671      1937      1938       672       674      1940      1939       673
 -1       146    1    0    1
 -2      1937      1945      1946      1938      1940      1948      1947      1939
 -1       147    1    0    1
 -2      1945      1953      1954      1946      1948      1956      1955      1947
 -1       148    1    0    1
 -2      1953       821       822      1954      1956       824       823      1955
 -1       149    1    0    1
 -2       721      1961      1962       722       724      1964      1963       723
 -1       150    1    0    1
 -2      1961      1021      1022      1962      1964      1024      1023      1963
 -1       151    1    0    1
 -2       821      1969      1970       822       824      1972      1971       823
 -1       152    1    0    1
 -2      1969       921       922      1970      1972       924       923      1971
 -1       153    1    0    1
 -2       771      1977      1978       772       774      1980      1979       773
 -1       154    1    0    1
 -2      1977      1071      1072      1978      1980      1074      1073      1979
 -1       155    1    0    1
 -2       871      1985      1986       872       874      1988      1987       873
 -1       156    1    0    1
 -2      1985       971       972      1986      1988       974       973      1987
 -1       157    1    0    1
 -2       721      1993      1994       722       724      1996      1995       723
 -1       158    1    0    1
 -2      1993       971       972      1994      1996       974       973      1995
 -1       159    1    0    1
 -2       771      2001      2002       772       774      2004      2003       773
 -1       160    1    0    1
 -2      2001       921       922      2002      2004       924       923      2003
 -1       161    1    0    1
 -2       821      2009      2010       822       824      2012      2011       823
 -1       162    1    0    1
 -2      2009      1071      1072      2010      2012      1074      1073      2011
 -1       163    1    0    1
 -2       871      2017      2018       872       874      2020      2019       873
 -1       164    1    0    1
 -2      2017      1021      1022      2018      2020      1024      1023      2019
 -1       165    1    0    1
 -2       921      2025      2026       922       924      2028      2027       923
 -1       166    1    0    1
 -2      2025      1221      1222      2026      2028      1224      1223      2027
 -1       167    1    0    1
 -2      1021      2033      2034      1022      1024      2036      2035      1023
 -1       168    1    0    1
 -2      2033      1121      1122      2034      2036      1124      1123      2035
 -1       169    1    0    1
 -2       971      2041      2042       972       974      2044      2043       973
 -1       170    1    0    1
 -2      2041      1271      1272      2042      2044      1274      1273      2043
 -1       171    1    0    1
 -2      1071      2049      2050      1072      1074      2052      2051      1073
 -1       172    1    0    1
 -2      2049      1171      1172      2050      2052      1174      1173      2051
 -1       173    1    0    1
 -2       921      2057      2058       922       924      2060      2059       923
 -1       174    1    0    1
 -2      2057      1171      1172      2058      2060      1174      1173      2059
 -1       175    1    0    1
 -2       971      2065      2066       972       974      2068      2067       973
 -1       176    1    0    1
 -2      2065      1121      1122      2066      2068      1124      1123      2067
 -1       177    1    0    1
 -2      1021      2073      2074      1022      1024      2076      2075      1023
 -1       178    1    0    1
 -2      2073      1271      1272      2074      2076      1274      1273      2075
 -1       179    1    0    1
 -2      1071      2081      2082      1072      1074      2084      2083      1073
 -1       180    1    0    1
 -2      2081      1221      1222      2082      2084      1224      1223      2083
 -3
    1PSTEP                         1           1           1          
  100CL  101 1.000000000           0                     0    1           1
 -4  DISP        4    1
 -5  D1          1    2    1    0
 -5  D2          1    2    2    0
 -5  D3          1    2    3    0
 -5  ALL         1    2    0    0    1ALL
 -3
 9999
