    1C
    1UNormalized cross-passage space-truss torsion benchmark            
    1UUSER                                                              
    1UDATE              06.august.2026                                  
    1UTIME              05:20:13                                        
    1UHOST                                                              
    1UPGM               CalculiX                                        
    1UVERSION           Version 2.21                             
    1UCOMPILETIME       Sat Jul 29 10:52:01 CEST 2023                    
    1UDIR                                                               
    1UDBN                                                               
    1UMAT    1STEEL                                                     
    2C                           640                                     1
 -1       113-1.19392E+00 1.10406E-03-3.55217E-02
 -1       114-1.23033E+00 3.58513E-03-1.91580E-02
 -1       115-1.20608E+00-1.10406E-03 3.55217E-02
 -1       116-1.16967E+00-3.58513E-03 1.91580E-02
 -1       121-1.20102E+00-3.40950E-02-1.16828E-02
 -1       122-1.20007E+00-2.33416E-03-3.59798E-02
 -1       123-1.19898E+00 3.40950E-02 1.16828E-02
 -1       124-1.19993E+00 2.33416E-03 3.59798E-02
 -1       129-1.23354E+00-1.32202E-02 3.96605E-04
 -1       130-1.20069E+00-3.60327E-02 1.08098E-03
 -1       131-1.16646E+00 1.32202E-02-3.96605E-04
 -1       132-1.19931E+00 3.60327E-02-1.08098E-03
 -1       163 1.20178E+00 2.55221E-03-3.59208E-02
 -1       164 1.16758E+00-1.84045E-03-1.56598E-02
 -1       165 1.19822E+00-2.55221E-03 3.59208E-02
 -1       166 1.23242E+00 1.84045E-03 1.56598E-02
 -1       171 1.20102E+00-3.38645E-02-1.23355E-02
 -1       172 1.20005E+00-1.64335E-03-3.60180E-02
 -1       173 1.19898E+00 3.38645E-02 1.23355E-02
 -1       174 1.19995E+00 1.64335E-03 3.60180E-02
 -1       179 1.16697E+00-1.44498E-02-4.33494E-04
 -1       180 1.20064E+00-3.60336E-02-1.08101E-03
 -1       181 1.23303E+00 1.44498E-02 4.33494E-04
 -1       182 1.19936E+00 3.60336E-02 1.08101E-03
 -1       213-1.19302E+00-2.96955E-03 1.96475E+00
 -1       214-1.22984E+00 1.30746E-03 1.97980E+00
 -1       215-1.20698E+00 2.96955E-03 2.03525E+00
 -1       216-1.17016E+00-1.30746E-03 2.02020E+00
 -1       221-1.19898E+00-3.38645E-02 1.98766E+00
 -1       222-1.19995E+00-1.64335E-03 1.96398E+00
 -1       223-1.20102E+00 3.38645E-02 2.01234E+00
 -1       224-1.20005E+00 1.64335E-03 2.03602E+00
 -1       229-1.23303E+00-1.44498E-02 1.99957E+00
 -1       230-1.19936E+00-3.60336E-02 1.99892E+00
 -1       231-1.16697E+00 1.44498E-02 2.00043E+00
 -1       232-1.20064E+00 3.60336E-02 2.00108E+00
 -1       263 1.20330E+00-1.36844E-03 1.96412E+00
 -1       264 1.16826E+00-3.59743E-03 1.98329E+00
 -1       265 1.19670E+00 1.36844E-03 2.03588E+00
 -1       266 1.23174E+00 3.59743E-03 2.01671E+00
 -1       271 1.19898E+00-3.40950E-02 1.98832E+00
 -1       272 1.19993E+00-2.33416E-03 1.96402E+00
 -1       273 1.20102E+00 3.40950E-02 2.01168E+00
 -1       274 1.20007E+00 2.33416E-03 2.03598E+00
 -1       279 1.16646E+00-1.32202E-02 2.00040E+00
 -1       280 1.19931E+00-3.60327E-02 2.00108E+00
 -1       281 1.23354E+00 1.32202E-02 1.99960E+00
 -1       282 1.20069E+00 3.60327E-02 1.99892E+00
 -1       313-1.19518E+00 9.99960E+00-3.57295E-02
 -1       314-1.23113E+00 1.00001E+01-1.81950E-02
 -1       315-1.20482E+00 1.00004E+01 3.57295E-02
 -1       316-1.16887E+00 9.99987E+00 1.81950E-02
 -1       321-1.20102E+00 9.96591E+00-1.16828E-02
 -1       322-1.20007E+00 9.99767E+00-3.59798E-02
 -1       323-1.19898E+00 1.00341E+01 1.16828E-02
 -1       324-1.19993E+00 1.00023E+01 3.59798E-02
 -1       329-1.23354E+00 9.98678E+00 3.96605E-04
 -1       330-1.20069E+00 9.96397E+00 1.08098E-03
 -1       331-1.16646E+00 1.00132E+01-3.96605E-04
 -1       332-1.19931E+00 1.00360E+01-1.08098E-03
 -1       363 1.20440E+00 9.99969E+00-3.57842E-02
 -1       364 1.16866E+00 9.99951E+00-1.78246E-02
 -1       365 1.19560E+00 1.00003E+01 3.57842E-02
 -1       366 1.23134E+00 1.00005E+01 1.78246E-02
 -1       371 1.20102E+00 9.96614E+00-1.23355E-02
 -1       372 1.20005E+00 9.99836E+00-3.60180E-02
 -1       373 1.19898E+00 1.00339E+01 1.23355E-02
 -1       374 1.19995E+00 1.00016E+01 3.60180E-02
 -1       379 1.16697E+00 9.98555E+00-4.33494E-04
 -1       380 1.20064E+00 9.96397E+00-1.08101E-03
 -1       381 1.23303E+00 1.00145E+01 4.33494E-04
 -1       382 1.19936E+00 1.00360E+01 1.08101E-03
 -1       413-1.19541E+00 1.00003E+01 1.96424E+00
 -1       414-1.23124E+00 1.00005E+01 1.98201E+00
 -1       415-1.20459E+00 9.99969E+00 2.03576E+00
 -1       416-1.16876E+00 9.99951E+00 2.01799E+00
 -1       421-1.19898E+00 9.96614E+00 1.98766E+00
 -1       422-1.19995E+00 9.99836E+00 1.96398E+00
 -1       423-1.20102E+00 1.00339E+01 2.01234E+00
 -1       424-1.20005E+00 1.00016E+01 2.03602E+00
 -1       429-1.23303E+00 9.98555E+00 1.99957E+00
 -1       430-1.19936E+00 9.96397E+00 1.99892E+00
 -1       431-1.16697E+00 1.00145E+01 2.00043E+00
 -1       432-1.20064E+00 1.00360E+01 2.00108E+00
 -1       463 1.20417E+00 1.00004E+01 1.96419E+00
 -1       464 1.16855E+00 9.99986E+00 1.98238E+00
 -1       465 1.19583E+00 9.99960E+00 2.03581E+00
 -1       466 1.23145E+00 1.00001E+01 2.01762E+00
 -1       471 1.19898E+00 9.96591E+00 1.98832E+00
 -1       472 1.19993E+00 9.99767E+00 1.96402E+00
 -1       473 1.20102E+00 1.00341E+01 2.01168E+00
 -1       474 1.20007E+00 1.00023E+01 2.03598E+00
 -1       479 1.16646E+00 9.98678E+00 2.00040E+00
 -1       480 1.19931E+00 9.96397E+00 2.00108E+00
 -1       481 1.23354E+00 1.00132E+01 1.99960E+00
 -1       482 1.20069E+00 1.00360E+01 1.99892E+00
 -1       513-1.19518E+00 1.99996E+01-3.57295E-02
 -1       514-1.23113E+00 2.00001E+01-1.81950E-02
 -1       515-1.20482E+00 2.00004E+01 3.57295E-02
 -1       516-1.16887E+00 1.99999E+01 1.81950E-02
 -1       521-1.20102E+00 1.99659E+01-1.16828E-02
 -1       522-1.20007E+00 1.99977E+01-3.59798E-02
 -1       523-1.19898E+00 2.00341E+01 1.16828E-02
 -1       524-1.19993E+00 2.00023E+01 3.59798E-02
 -1       529-1.23354E+00 1.99868E+01 3.96605E-04
 -1       530-1.20069E+00 1.99640E+01 1.08098E-03
 -1       531-1.16646E+00 2.00132E+01-3.96605E-04
 -1       532-1.19931E+00 2.00360E+01-1.08098E-03
 -1       563 1.20440E+00 1.99997E+01-3.57842E-02
 -1       564 1.16866E+00 1.99995E+01-1.78246E-02
 -1       565 1.19560E+00 2.00003E+01 3.57842E-02
 -1       566 1.23134E+00 2.00005E+01 1.78246E-02
 -1       571 1.20102E+00 1.99661E+01-1.23355E-02
 -1       572 1.20005E+00 1.99984E+01-3.60180E-02
 -1       573 1.19898E+00 2.00339E+01 1.23355E-02
 -1       574 1.19995E+00 2.00016E+01 3.60180E-02
 -1       579 1.16697E+00 1.99855E+01-4.33494E-04
 -1       580 1.20064E+00 1.99640E+01-1.08101E-03
 -1       581 1.23303E+00 2.00145E+01 4.33494E-04
 -1       582 1.19936E+00 2.00360E+01 1.08101E-03
 -1       613-1.19541E+00 2.00003E+01 1.96424E+00
 -1       614-1.23124E+00 2.00005E+01 1.98201E+00
 -1       615-1.20459E+00 1.99997E+01 2.03576E+00
 -1       616-1.16876E+00 1.99995E+01 2.01799E+00
 -1       621-1.19898E+00 1.99661E+01 1.98766E+00
 -1       622-1.19995E+00 1.99984E+01 1.96398E+00
 -1       623-1.20102E+00 2.00339E+01 2.01234E+00
 -1       624-1.20005E+00 2.00016E+01 2.03602E+00
 -1       629-1.23303E+00 1.99855E+01 1.99957E+00
 -1       630-1.19936E+00 1.99640E+01 1.99892E+00
 -1       631-1.16697E+00 2.00145E+01 2.00043E+00
 -1       632-1.20064E+00 2.00360E+01 2.00108E+00
 -1       663 1.20417E+00 2.00004E+01 1.96419E+00
 -1       664 1.16855E+00 1.99999E+01 1.98238E+00
 -1       665 1.19583E+00 1.99996E+01 2.03581E+00
 -1       666 1.23145E+00 2.00001E+01 2.01762E+00
 -1       671 1.19898E+00 1.99659E+01 1.98832E+00
 -1       672 1.19993E+00 1.99977E+01 1.96402E+00
 -1       673 1.20102E+00 2.00341E+01 2.01168E+00
 -1       674 1.20007E+00 2.00023E+01 2.03598E+00
 -1       679 1.16646E+00 1.99868E+01 2.00040E+00
 -1       680 1.19931E+00 1.99640E+01 2.00108E+00
 -1       681 1.23354E+00 2.00132E+01 1.99960E+00
 -1       682 1.20069E+00 2.00360E+01 1.99892E+00
 -1       713-1.19516E+00 2.99995E+01-3.57258E-02
 -1       714-1.23112E+00 3.00001E+01-1.82131E-02
 -1       715-1.20484E+00 3.00005E+01 3.57258E-02
 -1       716-1.16888E+00 2.99999E+01 1.82131E-02
 -1       721-1.20102E+00 2.99659E+01-1.16828E-02
 -1       722-1.20007E+00 2.99977E+01-3.59798E-02
 -1       723-1.19898E+00 3.00341E+01 1.16828E-02
 -1       724-1.19993E+00 3.00023E+01 3.59798E-02
 -1       729-1.23354E+00 2.99868E+01 3.96605E-04
 -1       730-1.20069E+00 2.99640E+01 1.08098E-03
 -1       731-1.16646E+00 3.00132E+01-3.96605E-04
 -1       732-1.19931E+00 3.00360E+01-1.08098E-03
 -1       763 1.20438E+00 2.99998E+01-3.57877E-02
 -1       764 1.16865E+00 2.99995E+01-1.78048E-02
 -1       765 1.19562E+00 3.00002E+01 3.57877E-02
 -1       766 1.23135E+00 3.00005E+01 1.78048E-02
 -1       771 1.20102E+00 2.99661E+01-1.23355E-02
 -1       772 1.20005E+00 2.99984E+01-3.60180E-02
 -1       773 1.19898E+00 3.00339E+01 1.23355E-02
 -1       774 1.19995E+00 3.00016E+01 3.60180E-02
 -1       779 1.16697E+00 2.99855E+01-4.33494E-04
 -1       780 1.20064E+00 2.99640E+01-1.08101E-03
 -1       781 1.23303E+00 3.00145E+01 4.33494E-04
 -1       782 1.19936E+00 3.00360E+01 1.08101E-03
 -1       813-1.19538E+00 3.00002E+01 1.96424E+00
 -1       814-1.23123E+00 3.00005E+01 1.98199E+00
 -1       815-1.20462E+00 2.99998E+01 2.03576E+00
 -1       816-1.16877E+00 2.99995E+01 2.01801E+00
 -1       821-1.19898E+00 2.99661E+01 1.98766E+00
 -1       822-1.19995E+00 2.99984E+01 1.96398E+00
 -1       823-1.20102E+00 3.00339E+01 2.01234E+00
 -1       824-1.20005E+00 3.00016E+01 2.03602E+00
 -1       829-1.23303E+00 2.99855E+01 1.99957E+00
 -1       830-1.19936E+00 2.99640E+01 1.99892E+00
 -1       831-1.16697E+00 3.00145E+01 2.00043E+00
 -1       832-1.20064E+00 3.00360E+01 2.00108E+00
 -1       863 1.20414E+00 3.00005E+01 1.96419E+00
 -1       864 1.16853E+00 2.99999E+01 1.98240E+00
 -1       865 1.19586E+00 2.99995E+01 2.03581E+00
 -1       866 1.23147E+00 3.00001E+01 2.01760E+00
 -1       871 1.19898E+00 2.99659E+01 1.98832E+00
 -1       872 1.19993E+00 2.99977E+01 1.96402E+00
 -1       873 1.20102E+00 3.00341E+01 2.01168E+00
 -1       874 1.20007E+00 3.00023E+01 2.03598E+00
 -1       879 1.16646E+00 2.99868E+01 2.00040E+00
 -1       880 1.19931E+00 2.99640E+01 2.00108E+00
 -1       881 1.23354E+00 3.00132E+01 1.99960E+00
 -1       882 1.20069E+00 3.00360E+01 1.99892E+00
 -1       913-1.19520E+00 3.99997E+01-3.57333E-02
 -1       914-1.23114E+00 4.00002E+01-1.81751E-02
 -1       915-1.20480E+00 4.00003E+01 3.57333E-02
 -1       916-1.16886E+00 3.99998E+01 1.81751E-02
 -1       921-1.20000E+00 3.99660E+01-1.20000E-02
 -1       922-1.20000E+00 3.99980E+01-3.60000E-02
 -1       923-1.20000E+00 4.00340E+01 1.20000E-02
 -1       924-1.20000E+00 4.00020E+01 3.60000E-02
 -1       929-1.23328E+00 3.99861E+01 0.00000E+00
 -1       930-1.20000E+00 3.99639E+01 0.00000E+00
 -1       931-1.16672E+00 4.00139E+01 0.00000E+00
 -1       932-1.20000E+00 4.00361E+01 0.00000E+00
 -1       963 1.20443E+00 3.99996E+01-3.57808E-02
 -1       964 1.16867E+00 3.99995E+01-1.78425E-02
 -1       965 1.19557E+00 4.00004E+01 3.57808E-02
 -1       966 1.23133E+00 4.00005E+01 1.78425E-02
 -1       971 1.20000E+00 3.99660E+01-1.20000E-02
 -1       972 1.20000E+00 3.99980E+01-3.60000E-02
 -1       973 1.20000E+00 4.00340E+01 1.20000E-02
 -1       974 1.20000E+00 4.00020E+01 3.60000E-02
 -1       979 1.16672E+00 3.99861E+01 0.00000E+00
 -1       980 1.20000E+00 3.99639E+01 0.00000E+00
 -1       981 1.23328E+00 4.00139E+01 0.00000E+00
 -1       982 1.20000E+00 4.00361E+01 0.00000E+00
 -1      1013-1.19543E+00 4.00004E+01 1.96424E+00
 -1      1014-1.23125E+00 4.00005E+01 1.98203E+00
 -1      1015-1.20457E+00 3.99996E+01 2.03576E+00
 -1      1016-1.16875E+00 3.99995E+01 2.01797E+00
 -1      1021-1.20000E+00 3.99660E+01 1.98800E+00
 -1      1022-1.20000E+00 3.99980E+01 1.96400E+00
 -1      1023-1.20000E+00 4.00340E+01 2.01200E+00
 -1      1024-1.20000E+00 4.00020E+01 2.03600E+00
 -1      1029-1.23328E+00 3.99861E+01 2.00000E+00
 -1      1030-1.20000E+00 3.99639E+01 2.00000E+00
 -1      1031-1.16672E+00 4.00139E+01 2.00000E+00
 -1      1032-1.20000E+00 4.00361E+01 2.00000E+00
 -1      1063 1.20419E+00 4.00003E+01 1.96419E+00
 -1      1064 1.16856E+00 3.99998E+01 1.98236E+00
 -1      1065 1.19581E+00 3.99997E+01 2.03581E+00
 -1      1066 1.23144E+00 4.00002E+01 2.01764E+00
 -1      1071 1.20000E+00 3.99660E+01 1.98800E+00
 -1      1072 1.20000E+00 3.99980E+01 1.96400E+00
 -1      1073 1.20000E+00 4.00340E+01 2.01200E+00
 -1      1074 1.20000E+00 4.00020E+01 2.03600E+00
 -1      1079 1.16672E+00 3.99861E+01 2.00000E+00
 -1      1080 1.20000E+00 3.99639E+01 2.00000E+00
 -1      1081 1.23328E+00 4.00139E+01 2.00000E+00
 -1      1082 1.20000E+00 4.00361E+01 2.00000E+00
 -1      1113-1.19617E+00 4.99979E+01-3.57896E-02
 -1      1114-1.23154E+00 4.99967E+01-1.71518E-02
 -1      1115-1.20383E+00 5.00021E+01 3.57896E-02
 -1      1116-1.16846E+00 5.00033E+01 1.71518E-02
 -1      1121-1.20102E+00 4.99659E+01-1.16828E-02
 -1      1122-1.20007E+00 4.99977E+01-3.59798E-02
 -1      1123-1.19898E+00 5.00341E+01 1.16828E-02
 -1      1124-1.19993E+00 5.00023E+01 3.59798E-02
 -1      1129-1.23354E+00 4.99868E+01 3.96605E-04
 -1      1130-1.20069E+00 4.99640E+01 1.08098E-03
 -1      1131-1.16646E+00 5.00132E+01-3.96605E-04
 -1      1132-1.19931E+00 5.00360E+01-1.08098E-03
 -1      1163 1.20664E+00 4.99965E+01-3.52641E-02
 -1      1164 1.16992E+00 5.00004E+01-1.98802E-02
 -1      1165 1.19336E+00 5.00035E+01 3.52641E-02
 -1      1166 1.23008E+00 4.99996E+01 1.98802E-02
 -1      1171 1.20102E+00 4.99661E+01-1.23355E-02
 -1      1172 1.20005E+00 4.99984E+01-3.60180E-02
 -1      1173 1.19898E+00 5.00339E+01 1.23355E-02
 -1      1174 1.19995E+00 5.00016E+01 3.60180E-02
 -1      1179 1.16697E+00 4.99855E+01-4.33494E-04
 -1      1180 1.20064E+00 4.99640E+01-1.08101E-03
 -1      1181 1.23303E+00 5.00145E+01 4.33494E-04
 -1      1182 1.19936E+00 5.00360E+01 1.08101E-03
 -1      1213-1.19818E+00 5.00032E+01 1.96414E+00
 -1      1214-1.23246E+00 4.99991E+01 1.98433E+00
 -1      1215-1.20182E+00 4.99968E+01 2.03586E+00
 -1      1216-1.16754E+00 5.00009E+01 2.01567E+00
 -1      1221-1.19898E+00 4.99661E+01 1.98766E+00
 -1      1222-1.19995E+00 4.99984E+01 1.96398E+00
 -1      1223-1.20102E+00 5.00339E+01 2.01234E+00
 -1      1224-1.20005E+00 5.00016E+01 2.03602E+00
 -1      1229-1.23303E+00 4.99855E+01 1.99957E+00
 -1      1230-1.19936E+00 4.99640E+01 1.99892E+00
 -1      1231-1.16697E+00 5.00145E+01 2.00043E+00
 -1      1232-1.20064E+00 5.00360E+01 2.00108E+00
 -1      1263 1.20529E+00 5.00020E+01 1.96439E+00
 -1      1264 1.16919E+00 5.00033E+01 1.98157E+00
 -1      1265 1.19471E+00 4.99980E+01 2.03561E+00
 -1      1266 1.23081E+00 4.99967E+01 2.01843E+00
 -1      1271 1.19898E+00 4.99659E+01 1.98832E+00
 -1      1272 1.19993E+00 4.99977E+01 1.96402E+00
 -1      1273 1.20102E+00 5.00341E+01 2.01168E+00
 -1      1274 1.20007E+00 5.00023E+01 2.03598E+00
 -1      1279 1.16646E+00 4.99868E+01 2.00040E+00
 -1      1280 1.19931E+00 4.99640E+01 2.00108E+00
 -1      1281 1.23354E+00 5.00132E+01 1.99960E+00
 -1      1282 1.20069E+00 5.00360E+01 1.99892E+00
 -1      1313-1.19553E+00 5.00000E+00-1.85778E-01
 -1      1314-1.23131E+00 5.00000E+00-1.67883E-01
 -1      1315-1.20447E+00 5.00000E+00-1.14222E-01
 -1      1316-1.16869E+00 5.00000E+00-1.32117E-01
 -1      1321 1.20447E+00 5.00000E+00 1.14222E-01
 -1      1322 1.16869E+00 5.00000E+00 1.32117E-01
 -1      1323 1.19553E+00 5.00000E+00 1.85778E-01
 -1      1324 1.23131E+00 5.00000E+00 1.67883E-01
 -1      1329-1.19553E+00 5.00000E+00 1.81422E+00
 -1      1330-1.23131E+00 5.00000E+00 1.83212E+00
 -1      1331-1.20447E+00 5.00000E+00 1.88578E+00
 -1      1332-1.16869E+00 5.00000E+00 1.86788E+00
 -1      1337 1.20447E+00 5.00000E+00 2.11422E+00
 -1      1338 1.16869E+00 5.00000E+00 2.13212E+00
 -1      1339 1.19553E+00 5.00000E+00 2.18578E+00
 -1      1340 1.23131E+00 5.00000E+00 2.16788E+00
 -1      1345-1.19553E+00 1.50000E+01-1.85778E-01
 -1      1346-1.23131E+00 1.50000E+01-1.67883E-01
 -1      1347-1.20447E+00 1.50000E+01-1.14222E-01
 -1      1348-1.16869E+00 1.50000E+01-1.32117E-01
 -1      1353 1.20447E+00 1.50000E+01 1.14222E-01
 -1      1354 1.16869E+00 1.50000E+01 1.32117E-01
 -1      1355 1.19553E+00 1.50000E+01 1.85778E-01
 -1      1356 1.23131E+00 1.50000E+01 1.67883E-01
 -1      1361-1.19553E+00 1.50000E+01 1.81422E+00
 -1      1362-1.23131E+00 1.50000E+01 1.83212E+00
 -1      1363-1.20447E+00 1.50000E+01 1.88578E+00
 -1      1364-1.16869E+00 1.50000E+01 1.86788E+00
 -1      1369 1.20447E+00 1.50000E+01 2.11422E+00
 -1      1370 1.16869E+00 1.50000E+01 2.13212E+00
 -1      1371 1.19553E+00 1.50000E+01 2.18578E+00
 -1      1372 1.23131E+00 1.50000E+01 2.16788E+00
 -1      1377-1.19553E+00 2.50000E+01-1.85778E-01
 -1      1378-1.23131E+00 2.50000E+01-1.67883E-01
 -1      1379-1.20447E+00 2.50000E+01-1.14222E-01
 -1      1380-1.16869E+00 2.50000E+01-1.32117E-01
 -1      1385 1.20447E+00 2.50000E+01 1.14222E-01
 -1      1386 1.16869E+00 2.50000E+01 1.32117E-01
 -1      1387 1.19553E+00 2.50000E+01 1.85778E-01
 -1      1388 1.23131E+00 2.50000E+01 1.67883E-01
 -1      1393-1.19553E+00 2.50000E+01 1.81422E+00
 -1      1394-1.23131E+00 2.50000E+01 1.83212E+00
 -1      1395-1.20447E+00 2.50000E+01 1.88578E+00
 -1      1396-1.16869E+00 2.50000E+01 1.86788E+00
 -1      1401 1.20447E+00 2.50000E+01 2.11422E+00
 -1      1402 1.16869E+00 2.50000E+01 2.13212E+00
 -1      1403 1.19553E+00 2.50000E+01 2.18578E+00
 -1      1404 1.23131E+00 2.50000E+01 2.16788E+00
 -1      1409-1.19522E+00 3.24989E+01-1.41787E-01
 -1      1410-1.23115E+00 3.24995E+01-1.24216E-01
 -1      1411-1.20478E+00 3.25011E+01-7.03450E-02
 -1      1412-1.16885E+00 3.25005E+01-8.79159E-02
 -1      1417-1.19553E+00 3.50000E+01-1.85777E-01
 -1      1418-1.23131E+00 3.50000E+01-1.67887E-01
 -1      1419-1.20447E+00 3.50000E+01-1.14223E-01
 -1      1420-1.16869E+00 3.50000E+01-1.32113E-01
 -1      1425-1.19586E+00 3.75011E+01-1.41867E-01
 -1      1426-1.23147E+00 3.75005E+01-1.23652E-01
 -1      1427-1.20414E+00 3.74989E+01-7.02647E-02
 -1      1428-1.16853E+00 3.74995E+01-8.84797E-02
 -1      1433 1.20414E+00 3.25011E+01 7.02647E-02
 -1      1434 1.16853E+00 3.25005E+01 8.84797E-02
 -1      1435 1.19586E+00 3.24989E+01 1.41867E-01
 -1      1436 1.23147E+00 3.24995E+01 1.23652E-01
 -1      1441 1.20447E+00 3.50000E+01 1.14223E-01
 -1      1442 1.16869E+00 3.50000E+01 1.32113E-01
 -1      1443 1.19553E+00 3.50000E+01 1.85777E-01
 -1      1444 1.23131E+00 3.50000E+01 1.67887E-01
 -1      1449 1.20478E+00 3.74989E+01 7.03450E-02
 -1      1450 1.16885E+00 3.74995E+01 8.79159E-02
 -1      1451 1.19522E+00 3.75011E+01 1.41787E-01
 -1      1452 1.23115E+00 3.75005E+01 1.24216E-01
 -1      1457-1.19522E+00 3.24989E+01 1.85821E+00
 -1      1458-1.23115E+00 3.24995E+01 1.87578E+00
 -1      1459-1.20478E+00 3.25011E+01 1.92966E+00
 -1      1460-1.16885E+00 3.25005E+01 1.91208E+00
 -1      1465-1.19553E+00 3.50000E+01 1.81422E+00
 -1      1466-1.23131E+00 3.50000E+01 1.83211E+00
 -1      1467-1.20447E+00 3.50000E+01 1.88578E+00
 -1      1468-1.16869E+00 3.50000E+01 1.86789E+00
 -1      1473-1.19586E+00 3.75011E+01 1.85813E+00
 -1      1474-1.23147E+00 3.75005E+01 1.87635E+00
 -1      1475-1.20414E+00 3.74989E+01 1.92974E+00
 -1      1476-1.16853E+00 3.74995E+01 1.91152E+00
 -1      1481 1.20414E+00 3.25011E+01 2.07026E+00
 -1      1482 1.16853E+00 3.25005E+01 2.08848E+00
 -1      1483 1.19586E+00 3.24989E+01 2.14187E+00
 -1      1484 1.23147E+00 3.24995E+01 2.12365E+00
 -1      1489 1.20447E+00 3.50000E+01 2.11422E+00
 -1      1490 1.16869E+00 3.50000E+01 2.13211E+00
 -1      1491 1.19553E+00 3.50000E+01 2.18578E+00
 -1      1492 1.23131E+00 3.50000E+01 2.16789E+00
 -1      1497 1.20478E+00 3.74989E+01 2.07034E+00
 -1      1498 1.16885E+00 3.74995E+01 2.08792E+00
 -1      1499 1.19522E+00 3.75011E+01 2.14179E+00
 -1      1500 1.23115E+00 3.75005E+01 2.12422E+00
 -1      1505-1.19553E+00 4.50000E+01-1.85778E-01
 -1      1506-1.23131E+00 4.50000E+01-1.67883E-01
 -1      1507-1.20447E+00 4.50000E+01-1.14222E-01
 -1      1508-1.16869E+00 4.50000E+01-1.32117E-01
 -1      1513 1.20447E+00 4.50000E+01 1.14222E-01
 -1      1514 1.16869E+00 4.50000E+01 1.32117E-01
 -1      1515 1.19553E+00 4.50000E+01 1.85778E-01
 -1      1516 1.23131E+00 4.50000E+01 1.67883E-01
 -1      1521-1.19553E+00 4.50000E+01 1.81422E+00
 -1      1522-1.23131E+00 4.50000E+01 1.83212E+00
 -1      1523-1.20447E+00 4.50000E+01 1.88578E+00
 -1      1524-1.16869E+00 4.50000E+01 1.86788E+00
 -1      1529 1.20447E+00 4.50000E+01 2.11422E+00
 -1      1530 1.16869E+00 4.50000E+01 2.13212E+00
 -1      1531 1.19553E+00 4.50000E+01 2.18578E+00
 -1      1532 1.23131E+00 4.50000E+01 2.16788E+00
 -1      1537 0.00000E+00-6.99992E-02-1.20023E-02
 -1      1538 0.00000E+00-3.79975E-02-3.60001E-02
 -1      1539 0.00000E+00-2.00083E-03 1.20023E-02
 -1      1540 0.00000E+00-3.40025E-02 3.60001E-02
 -1      1545 0.00000E+00 2.00083E-03 1.98800E+00
 -1      1546 0.00000E+00 3.40025E-02 1.96400E+00
 -1      1547 0.00000E+00 6.99992E-02 2.01200E+00
 -1      1548 0.00000E+00 3.79975E-02 2.03600E+00
 -1      1553-1.23329E+00 1.61495E-02 1.00000E+00
 -1      1554-1.20002E+00-6.05551E-03 1.00000E+00
 -1      1555-1.16671E+00 4.38505E-02 1.00000E+00
 -1      1556-1.19998E+00 6.60555E-02 1.00000E+00
 -1      1561 1.16671E+00-4.38505E-02 1.00000E+00
 -1      1562 1.19998E+00-6.60555E-02 1.00000E+00
 -1      1563 1.23329E+00-1.61495E-02 1.00000E+00
 -1      1564 1.20002E+00 6.05551E-03 1.00000E+00
 -1      1569 0.00000E+00 9.93000E+00-1.20023E-02
 -1      1570 0.00000E+00 9.96200E+00-3.60001E-02
 -1      1571 0.00000E+00 9.99800E+00 1.20023E-02
 -1      1572 0.00000E+00 9.96600E+00 3.60001E-02
 -1      1577 0.00000E+00 1.00020E+01 1.98800E+00
 -1      1578 0.00000E+00 1.00340E+01 1.96400E+00
 -1      1579 0.00000E+00 1.00700E+01 2.01200E+00
 -1      1580 0.00000E+00 1.00380E+01 2.03600E+00
 -1      1585-1.23329E+00 1.00161E+01 1.00000E+00
 -1      1586-1.20002E+00 9.99394E+00 1.00000E+00
 -1      1587-1.16671E+00 1.00439E+01 1.00000E+00
 -1      1588-1.19998E+00 1.00661E+01 1.00000E+00
 -1      1593 1.16671E+00 9.95615E+00 1.00000E+00
 -1      1594 1.19998E+00 9.93394E+00 1.00000E+00
 -1      1595 1.23329E+00 9.98385E+00 1.00000E+00
 -1      1596 1.20002E+00 1.00061E+01 1.00000E+00
 -1      1601 0.00000E+00 1.99300E+01-1.20023E-02
 -1      1602 0.00000E+00 1.99620E+01-3.60001E-02
 -1      1603 0.00000E+00 1.99980E+01 1.20023E-02
 -1      1604 0.00000E+00 1.99660E+01 3.60001E-02
 -1      1609 0.00000E+00 2.00020E+01 1.98800E+00
 -1      1610 0.00000E+00 2.00340E+01 1.96400E+00
 -1      1611 0.00000E+00 2.00700E+01 2.01200E+00
 -1      1612 0.00000E+00 2.00380E+01 2.03600E+00
 -1      1617-1.23329E+00 2.00161E+01 1.00000E+00
 -1      1618-1.20002E+00 1.99939E+01 1.00000E+00
 -1      1619-1.16671E+00 2.00438E+01 1.00000E+00
 -1      1620-1.19998E+00 2.00661E+01 1.00000E+00
 -1      1625 1.16671E+00 1.99562E+01 1.00000E+00
 -1      1626 1.19998E+00 1.99339E+01 1.00000E+00
 -1      1627 1.23329E+00 1.99839E+01 1.00000E+00
 -1      1628 1.20002E+00 2.00061E+01 1.00000E+00
 -1      1633 0.00000E+00 2.99300E+01-1.20023E-02
 -1      1634 0.00000E+00 2.99620E+01-3.60001E-02
 -1      1635 0.00000E+00 2.99980E+01 1.20023E-02
 -1      1636 0.00000E+00 2.99660E+01 3.60001E-02
 -1      1641 0.00000E+00 3.00020E+01 1.98800E+00
 -1      1642 0.00000E+00 3.00340E+01 1.96400E+00
 -1      1643 0.00000E+00 3.00700E+01 2.01200E+00
 -1      1644 0.00000E+00 3.00380E+01 2.03600E+00
 -1      1649-1.23329E+00 3.00161E+01 1.00000E+00
 -1      1650-1.20002E+00 2.99939E+01 1.00000E+00
 -1      1651-1.16671E+00 3.00438E+01 1.00000E+00
 -1      1652-1.19998E+00 3.00661E+01 1.00000E+00
 -1      1657 1.16671E+00 2.99562E+01 1.00000E+00
 -1      1658 1.19998E+00 2.99339E+01 1.00000E+00
 -1      1659 1.23329E+00 2.99839E+01 1.00000E+00
 -1      1660 1.20002E+00 3.00061E+01 1.00000E+00
 -1      1665 0.00000E+00 4.99300E+01-1.20023E-02
 -1      1666 0.00000E+00 4.99620E+01-3.60001E-02
 -1      1667 0.00000E+00 4.99980E+01 1.20023E-02
 -1      1668 0.00000E+00 4.99660E+01 3.60001E-02
 -1      1673 0.00000E+00 5.00020E+01 1.98800E+00
 -1      1674 0.00000E+00 5.00340E+01 1.96400E+00
 -1      1675 0.00000E+00 5.00700E+01 2.01200E+00
 -1      1676 0.00000E+00 5.00380E+01 2.03600E+00
 -1      1681-1.23329E+00 5.00161E+01 1.00000E+00
 -1      1682-1.20002E+00 4.99939E+01 1.00000E+00
 -1      1683-1.16671E+00 5.00438E+01 1.00000E+00
 -1      1684-1.19998E+00 5.00661E+01 1.00000E+00
 -1      1689 1.16671E+00 4.99562E+01 1.00000E+00
 -1      1690 1.19998E+00 4.99339E+01 1.00000E+00
 -1      1691 1.23329E+00 4.99839E+01 1.00000E+00
 -1      1692 1.20002E+00 5.00061E+01 1.00000E+00
 -1      1697-1.19830E+00 5.03706E+00 8.14684E-01
 -1      1698-1.23259E+00 5.03303E+00 8.34874E-01
 -1      1699-1.20170E+00 5.02294E+00 8.85316E-01
 -1      1700-1.16741E+00 5.02697E+00 8.65126E-01
 -1      1705-1.19388E+00 5.02303E+00 1.11516E+00
 -1      1706-1.23044E+00 5.02621E+00 1.13106E+00
 -1      1707-1.20612E+00 5.03697E+00 1.18484E+00
 -1      1708-1.16956E+00 5.03379E+00 1.16894E+00
 -1      1713 1.20170E+00 5.03706E+00 8.14684E-01
 -1      1714 1.16741E+00 5.03303E+00 8.34874E-01
 -1      1715 1.19830E+00 5.02294E+00 8.85316E-01
 -1      1716 1.23259E+00 5.02697E+00 8.65126E-01
 -1      1721 1.20612E+00 5.02303E+00 1.11516E+00
 -1      1722 1.16956E+00 5.02621E+00 1.13106E+00
 -1      1723 1.19388E+00 5.03697E+00 1.18484E+00
 -1      1724 1.23044E+00 5.03379E+00 1.16894E+00
 -1      1729 1.59908E-01 4.96162E+00-3.45858E-02
 -1      1730 1.22767E-01 4.97054E+00-2.27077E-02
 -1      1731 1.40092E-01 4.96638E+00 3.45858E-02
 -1      1732 1.77233E-01 4.95746E+00 2.27077E-02
 -1      1737-1.49864E-01 4.96403E+00-3.60552E-02
 -1      1738-1.82310E-01 4.95625E+00-1.39967E-02
 -1      1739-1.50136E-01 4.96397E+00 3.60552E-02
 -1      1740-1.17690E-01 4.97175E+00 1.39967E-02
 -1      1745 1.59908E-01 4.96162E+00 1.96541E+00
 -1      1746 1.22767E-01 4.97054E+00 1.97729E+00
 -1      1747 1.40092E-01 4.96638E+00 2.03459E+00
 -1      1748 1.77233E-01 4.95746E+00 2.02271E+00
 -1      1753-1.49864E-01 4.96403E+00 1.96394E+00
 -1      1754-1.82310E-01 4.95625E+00 1.98600E+00
 -1      1755-1.50136E-01 4.96397E+00 2.03606E+00
 -1      1756-1.17690E-01 4.97175E+00 2.01400E+00
 -1      1761-1.19830E+00 1.50371E+01 8.14684E-01
 -1      1762-1.23259E+00 1.50330E+01 8.34874E-01
 -1      1763-1.20170E+00 1.50229E+01 8.85316E-01
 -1      1764-1.16741E+00 1.50270E+01 8.65126E-01
 -1      1769-1.19388E+00 1.50230E+01 1.11516E+00
 -1      1770-1.23044E+00 1.50262E+01 1.13106E+00
 -1      1771-1.20612E+00 1.50370E+01 1.18484E+00
 -1      1772-1.16956E+00 1.50338E+01 1.16894E+00
 -1      1777 1.20170E+00 1.50371E+01 8.14684E-01
 -1      1778 1.16741E+00 1.50330E+01 8.34874E-01
 -1      1779 1.19830E+00 1.50229E+01 8.85316E-01
 -1      1780 1.23259E+00 1.50270E+01 8.65126E-01
 -1      1785 1.20612E+00 1.50230E+01 1.11516E+00
 -1      1786 1.16956E+00 1.50262E+01 1.13106E+00
 -1      1787 1.19388E+00 1.50370E+01 1.18484E+00
 -1      1788 1.23044E+00 1.50338E+01 1.16894E+00
 -1      1793 1.59908E-01 1.49616E+01-3.45858E-02
 -1      1794 1.22767E-01 1.49705E+01-2.27077E-02
 -1      1795 1.40092E-01 1.49664E+01 3.45858E-02
 -1      1796 1.77233E-01 1.49575E+01 2.27077E-02
 -1      1801-1.49864E-01 1.49640E+01-3.60552E-02
 -1      1802-1.82310E-01 1.49562E+01-1.39967E-02
 -1      1803-1.50136E-01 1.49640E+01 3.60552E-02
 -1      1804-1.17690E-01 1.49718E+01 1.39967E-02
 -1      1809 1.59908E-01 1.49616E+01 1.96541E+00
 -1      1810 1.22767E-01 1.49705E+01 1.97729E+00
 -1      1811 1.40092E-01 1.49664E+01 2.03459E+00
 -1      1812 1.77233E-01 1.49575E+01 2.02271E+00
 -1      1817-1.49864E-01 1.49640E+01 1.96394E+00
 -1      1818-1.82310E-01 1.49562E+01 1.98600E+00
 -1      1819-1.50136E-01 1.49640E+01 2.03606E+00
 -1      1820-1.17690E-01 1.49718E+01 2.01400E+00
 -1      1825-1.19830E+00 2.50371E+01 8.14684E-01
 -1      1826-1.23259E+00 2.50330E+01 8.34874E-01
 -1      1827-1.20170E+00 2.50229E+01 8.85316E-01
 -1      1828-1.16741E+00 2.50270E+01 8.65126E-01
 -1      1833-1.19388E+00 2.50230E+01 1.11516E+00
 -1      1834-1.23044E+00 2.50262E+01 1.13106E+00
 -1      1835-1.20612E+00 2.50370E+01 1.18484E+00
 -1      1836-1.16956E+00 2.50338E+01 1.16894E+00
 -1      1841 1.20170E+00 2.50371E+01 8.14684E-01
 -1      1842 1.16741E+00 2.50330E+01 8.34874E-01
 -1      1843 1.19830E+00 2.50229E+01 8.85316E-01
 -1      1844 1.23259E+00 2.50270E+01 8.65126E-01
 -1      1849 1.20612E+00 2.50230E+01 1.11516E+00
 -1      1850 1.16956E+00 2.50262E+01 1.13106E+00
 -1      1851 1.19388E+00 2.50370E+01 1.18484E+00
 -1      1852 1.23044E+00 2.50338E+01 1.16894E+00
 -1      1857 1.59908E-01 2.49616E+01-3.45858E-02
 -1      1858 1.22767E-01 2.49705E+01-2.27077E-02
 -1      1859 1.40092E-01 2.49664E+01 3.45858E-02
 -1      1860 1.77233E-01 2.49575E+01 2.27077E-02
 -1      1865-1.49864E-01 2.49640E+01-3.60552E-02
 -1      1866-1.82310E-01 2.49562E+01-1.39967E-02
 -1      1867-1.50136E-01 2.49640E+01 3.60552E-02
 -1      1868-1.17690E-01 2.49718E+01 1.39967E-02
 -1      1873 1.59908E-01 2.49616E+01 1.96541E+00
 -1      1874 1.22767E-01 2.49705E+01 1.97729E+00
 -1      1875 1.40092E-01 2.49664E+01 2.03459E+00
 -1      1876 1.77233E-01 2.49575E+01 2.02271E+00
 -1      1881-1.49864E-01 2.49640E+01 1.96394E+00
 -1      1882-1.82310E-01 2.49562E+01 1.98600E+00
 -1      1883-1.50136E-01 2.49640E+01 2.03606E+00
 -1      1884-1.17690E-01 2.49718E+01 2.01400E+00
 -1      1889-1.19830E+00 3.50371E+01 8.14684E-01
 -1      1890-1.23259E+00 3.50330E+01 8.34874E-01
 -1      1891-1.20170E+00 3.50229E+01 8.85316E-01
 -1      1892-1.16741E+00 3.50270E+01 8.65126E-01
 -1      1897-1.19388E+00 3.50230E+01 1.11516E+00
 -1      1898-1.23044E+00 3.50262E+01 1.13106E+00
 -1      1899-1.20612E+00 3.50370E+01 1.18484E+00
 -1      1900-1.16956E+00 3.50338E+01 1.16894E+00
 -1      1905 1.20170E+00 3.50371E+01 8.14684E-01
 -1      1906 1.16741E+00 3.50330E+01 8.34874E-01
 -1      1907 1.19830E+00 3.50229E+01 8.85316E-01
 -1      1908 1.23259E+00 3.50270E+01 8.65126E-01
 -1      1913 1.20612E+00 3.50230E+01 1.11516E+00
 -1      1914 1.16956E+00 3.50262E+01 1.13106E+00
 -1      1915 1.19388E+00 3.50370E+01 1.18484E+00
 -1      1916 1.23044E+00 3.50338E+01 1.16894E+00
 -1      1921 1.59908E-01 3.49616E+01-3.45858E-02
 -1      1922 1.22767E-01 3.49705E+01-2.27077E-02
 -1      1923 1.40092E-01 3.49664E+01 3.45858E-02
 -1      1924 1.77233E-01 3.49575E+01 2.27077E-02
 -1      1929-1.49864E-01 3.49640E+01-3.60552E-02
 -1      1930-1.82310E-01 3.49562E+01-1.39967E-02
 -1      1931-1.50136E-01 3.49640E+01 3.60552E-02
 -1      1932-1.17690E-01 3.49718E+01 1.39967E-02
 -1      1937 1.59908E-01 3.49616E+01 1.96541E+00
 -1      1938 1.22767E-01 3.49705E+01 1.97729E+00
 -1      1939 1.40092E-01 3.49664E+01 2.03459E+00
 -1      1940 1.77233E-01 3.49575E+01 2.02271E+00
 -1      1945-1.49864E-01 3.49640E+01 1.96394E+00
 -1      1946-1.82310E-01 3.49562E+01 1.98600E+00
 -1      1947-1.50136E-01 3.49640E+01 2.03606E+00
 -1      1948-1.17690E-01 3.49718E+01 2.01400E+00
 -1      1953-1.19830E+00 4.50371E+01 8.14684E-01
 -1      1954-1.23259E+00 4.50330E+01 8.34874E-01
 -1      1955-1.20170E+00 4.50229E+01 8.85316E-01
 -1      1956-1.16741E+00 4.50270E+01 8.65126E-01
 -1      1961-1.19388E+00 4.50230E+01 1.11516E+00
 -1      1962-1.23044E+00 4.50262E+01 1.13106E+00
 -1      1963-1.20612E+00 4.50370E+01 1.18484E+00
 -1      1964-1.16956E+00 4.50338E+01 1.16894E+00
 -1      1969 1.20170E+00 4.50371E+01 8.14684E-01
 -1      1970 1.16741E+00 4.50330E+01 8.34874E-01
 -1      1971 1.19830E+00 4.50229E+01 8.85316E-01
 -1      1972 1.23259E+00 4.50270E+01 8.65126E-01
 -1      1977 1.20612E+00 4.50230E+01 1.11516E+00
 -1      1978 1.16956E+00 4.50262E+01 1.13106E+00
 -1      1979 1.19388E+00 4.50370E+01 1.18484E+00
 -1      1980 1.23044E+00 4.50338E+01 1.16894E+00
 -1      1985 1.59908E-01 4.49616E+01-3.45858E-02
 -1      1986 1.22767E-01 4.49705E+01-2.27077E-02
 -1      1987 1.40092E-01 4.49664E+01 3.45858E-02
 -1      1988 1.77233E-01 4.49575E+01 2.27077E-02
 -1      1993-1.49864E-01 4.49640E+01-3.60552E-02
 -1      1994-1.82310E-01 4.49562E+01-1.39967E-02
 -1      1995-1.50136E-01 4.49640E+01 3.60552E-02
 -1      1996-1.17690E-01 4.49718E+01 1.39967E-02
 -1      2001 1.59908E-01 4.49616E+01 1.96541E+00
 -1      2002 1.22767E-01 4.49705E+01 1.97729E+00
 -1      2003 1.40092E-01 4.49664E+01 2.03459E+00
 -1      2004 1.77233E-01 4.49575E+01 2.02271E+00
 -1      2009-1.49864E-01 4.49640E+01 1.96394E+00
 -1      2010-1.82310E-01 4.49562E+01 1.98600E+00
 -1      2011-1.50136E-01 4.49640E+01 2.03606E+00
 -1      2012-1.17690E-01 4.49718E+01 2.01400E+00
 -3
    3C                           172                                     1
 -1         1    1    0    1
 -2       113      1313      1314       114       116      1316      1315       115
 -1         2    1    0    1
 -2      1313       313       314      1314      1316       316       315      1315
 -1         3    1    0    1
 -2       163      1321      1322       164       166      1324      1323       165
 -1         4    1    0    1
 -2      1321       363       364      1322      1324       366       365      1323
 -1         5    1    0    1
 -2       213      1329      1330       214       216      1332      1331       215
 -1         6    1    0    1
 -2      1329       413       414      1330      1332       416       415      1331
 -1         7    1    0    1
 -2       263      1337      1338       264       266      1340      1339       265
 -1         8    1    0    1
 -2      1337       463       464      1338      1340       466       465      1339
 -1         9    1    0    1
 -2       313      1345      1346       314       316      1348      1347       315
 -1        10    1    0    1
 -2      1345       513       514      1346      1348       516       515      1347
 -1        11    1    0    1
 -2       363      1353      1354       364       366      1356      1355       365
 -1        12    1    0    1
 -2      1353       563       564      1354      1356       566       565      1355
 -1        13    1    0    1
 -2       413      1361      1362       414       416      1364      1363       415
 -1        14    1    0    1
 -2      1361       613       614      1362      1364       616       615      1363
 -1        15    1    0    1
 -2       463      1369      1370       464       466      1372      1371       465
 -1        16    1    0    1
 -2      1369       663       664      1370      1372       666       665      1371
 -1        17    1    0    1
 -2       513      1377      1378       514       516      1380      1379       515
 -1        18    1    0    1
 -2      1377       713       714      1378      1380       716       715      1379
 -1        19    1    0    1
 -2       563      1385      1386       564       566      1388      1387       565
 -1        20    1    0    1
 -2      1385       763       764      1386      1388       766       765      1387
 -1        21    1    0    1
 -2       613      1393      1394       614       616      1396      1395       615
 -1        22    1    0    1
 -2      1393       813       814      1394      1396       816       815      1395
 -1        23    1    0    1
 -2       663      1401      1402       664       666      1404      1403       665
 -1        24    1    0    1
 -2      1401       863       864      1402      1404       866       865      1403
 -1        25    1    0    1
 -2       713      1409      1410       714       716      1412      1411       715
 -1        26    1    0    1
 -2      1409      1417      1418      1410      1412      1420      1419      1411
 -1        27    1    0    1
 -2      1417      1425      1426      1418      1420      1428      1427      1419
 -1        28    1    0    1
 -2      1425       913       914      1426      1428       916       915      1427
 -1        29    1    0    1
 -2       763      1433      1434       764       766      1436      1435       765
 -1        30    1    0    1
 -2      1433      1441      1442      1434      1436      1444      1443      1435
 -1        31    1    0    1
 -2      1441      1449      1450      1442      1444      1452      1451      1443
 -1        32    1    0    1
 -2      1449       963       964      1450      1452       966       965      1451
 -1        33    1    0    1
 -2       813      1457      1458       814       816      1460      1459       815
 -1        34    1    0    1
 -2      1457      1465      1466      1458      1460      1468      1467      1459
 -1        35    1    0    1
 -2      1465      1473      1474      1466      1468      1476      1475      1467
 -1        36    1    0    1
 -2      1473      1013      1014      1474      1476      1016      1015      1475
 -1        37    1    0    1
 -2       863      1481      1482       864       866      1484      1483       865
 -1        38    1    0    1
 -2      1481      1489      1490      1482      1484      1492      1491      1483
 -1        39    1    0    1
 -2      1489      1497      1498      1490      1492      1500      1499      1491
 -1        40    1    0    1
 -2      1497      1063      1064      1498      1500      1066      1065      1499
 -1        41    1    0    1
 -2       913      1505      1506       914       916      1508      1507       915
 -1        42    1    0    1
 -2      1505      1113      1114      1506      1508      1116      1115      1507
 -1        43    1    0    1
 -2       963      1513      1514       964       966      1516      1515       965
 -1        44    1    0    1
 -2      1513      1163      1164      1514      1516      1166      1165      1515
 -1        45    1    0    1
 -2      1013      1521      1522      1014      1016      1524      1523      1015
 -1        46    1    0    1
 -2      1521      1213      1214      1522      1524      1216      1215      1523
 -1        47    1    0    1
 -2      1063      1529      1530      1064      1066      1532      1531      1065
 -1        48    1    0    1
 -2      1529      1263      1264      1530      1532      1266      1265      1531
 -1        49    1    0    1
 -2       121      1537      1538       122       124      1540      1539       123
 -1        50    1    0    1
 -2      1537       171       172      1538      1540       174       173      1539
 -1        51    1    0    1
 -2       221      1545      1546       222       224      1548      1547       223
 -1        52    1    0    1
 -2      1545       271       272      1546      1548       274       273      1547
 -1        53    1    0    1
 -2       129      1553      1554       130       132      1556      1555       131
 -1        54    1    0    1
 -2      1553       229       230      1554      1556       232       231      1555
 -1        55    1    0    1
 -2       179      1561      1562       180       182      1564      1563       181
 -1        56    1    0    1
 -2      1561       279       280      1562      1564       282       281      1563
 -1        57    1    0    1
 -2       321      1569      1570       322       324      1572      1571       323
 -1        58    1    0    1
 -2      1569       371       372      1570      1572       374       373      1571
 -1        59    1    0    1
 -2       421      1577      1578       422       424      1580      1579       423
 -1        60    1    0    1
 -2      1577       471       472      1578      1580       474       473      1579
 -1        61    1    0    1
 -2       329      1585      1586       330       332      1588      1587       331
 -1        62    1    0    1
 -2      1585       429       430      1586      1588       432       431      1587
 -1        63    1    0    1
 -2       379      1593      1594       380       382      1596      1595       381
 -1        64    1    0    1
 -2      1593       479       480      1594      1596       482       481      1595
 -1        65    1    0    1
 -2       521      1601      1602       522       524      1604      1603       523
 -1        66    1    0    1
 -2      1601       571       572      1602      1604       574       573      1603
 -1        67    1    0    1
 -2       621      1609      1610       622       624      1612      1611       623
 -1        68    1    0    1
 -2      1609       671       672      1610      1612       674       673      1611
 -1        69    1    0    1
 -2       529      1617      1618       530       532      1620      1619       531
 -1        70    1    0    1
 -2      1617       629       630      1618      1620       632       631      1619
 -1        71    1    0    1
 -2       579      1625      1626       580       582      1628      1627       581
 -1        72    1    0    1
 -2      1625       679       680      1626      1628       682       681      1627
 -1        73    1    0    1
 -2       721      1633      1634       722       724      1636      1635       723
 -1        74    1    0    1
 -2      1633       771       772      1634      1636       774       773      1635
 -1        75    1    0    1
 -2       821      1641      1642       822       824      1644      1643       823
 -1        76    1    0    1
 -2      1641       871       872      1642      1644       874       873      1643
 -1        77    1    0    1
 -2       729      1649      1650       730       732      1652      1651       731
 -1        78    1    0    1
 -2      1649       829       830      1650      1652       832       831      1651
 -1        79    1    0    1
 -2       779      1657      1658       780       782      1660      1659       781
 -1        80    1    0    1
 -2      1657       879       880      1658      1660       882       881      1659
 -1        81    1    0    1
 -2       921       971       972       922       924       974       973       923
 -1        82    1    0    1
 -2      1021      1071      1072      1022      1024      1074      1073      1023
 -1        83    1    0    1
 -2       929      1029      1030       930       932      1032      1031       931
 -1        84    1    0    1
 -2       979      1079      1080       980       982      1082      1081       981
 -1        85    1    0    1
 -2      1121      1665      1666      1122      1124      1668      1667      1123
 -1        86    1    0    1
 -2      1665      1171      1172      1666      1668      1174      1173      1667
 -1        87    1    0    1
 -2      1221      1673      1674      1222      1224      1676      1675      1223
 -1        88    1    0    1
 -2      1673      1271      1272      1674      1676      1274      1273      1675
 -1        89    1    0    1
 -2      1129      1681      1682      1130      1132      1684      1683      1131
 -1        90    1    0    1
 -2      1681      1229      1230      1682      1684      1232      1231      1683
 -1        91    1    0    1
 -2      1179      1689      1690      1180      1182      1692      1691      1181
 -1        92    1    0    1
 -2      1689      1279      1280      1690      1692      1282      1281      1691
 -1        93    1    0    1
 -2       113      1697      1698       114       116      1700      1699       115
 -1        94    1    0    1
 -2      1697       413       414      1698      1700       416       415      1699
 -1        95    1    0    1
 -2       213      1705      1706       214       216      1708      1707       215
 -1        96    1    0    1
 -2      1705       313       314      1706      1708       316       315      1707
 -1        97    1    0    1
 -2       163      1713      1714       164       166      1716      1715       165
 -1        98    1    0    1
 -2      1713       463       464      1714      1716       466       465      1715
 -1        99    1    0    1
 -2       263      1721      1722       264       266      1724      1723       265
 -1       100    1    0    1
 -2      1721       363       364      1722      1724       366       365      1723
 -1       101    1    0    1
 -2       113      1729      1730       114       116      1732      1731       115
 -1       102    1    0    1
 -2      1729       363       364      1730      1732       366       365      1731
 -1       103    1    0    1
 -2       163      1737      1738       164       166      1740      1739       165
 -1       104    1    0    1
 -2      1737       313       314      1738      1740       316       315      1739
 -1       105    1    0    1
 -2       213      1745      1746       214       216      1748      1747       215
 -1       106    1    0    1
 -2      1745       463       464      1746      1748       466       465      1747
 -1       107    1    0    1
 -2       263      1753      1754       264       266      1756      1755       265
 -1       108    1    0    1
 -2      1753       413       414      1754      1756       416       415      1755
 -1       109    1    0    1
 -2       313      1761      1762       314       316      1764      1763       315
 -1       110    1    0    1
 -2      1761       613       614      1762      1764       616       615      1763
 -1       111    1    0    1
 -2       413      1769      1770       414       416      1772      1771       415
 -1       112    1    0    1
 -2      1769       513       514      1770      1772       516       515      1771
 -1       113    1    0    1
 -2       363      1777      1778       364       366      1780      1779       365
 -1       114    1    0    1
 -2      1777       663       664      1778      1780       666       665      1779
 -1       115    1    0    1
 -2       463      1785      1786       464       466      1788      1787       465
 -1       116    1    0    1
 -2      1785       563       564      1786      1788       566       565      1787
 -1       117    1    0    1
 -2       313      1793      1794       314       316      1796      1795       315
 -1       118    1    0    1
 -2      1793       563       564      1794      1796       566       565      1795
 -1       119    1    0    1
 -2       363      1801      1802       364       366      1804      1803       365
 -1       120    1    0    1
 -2      1801       513       514      1802      1804       516       515      1803
 -1       121    1    0    1
 -2       413      1809      1810       414       416      1812      1811       415
 -1       122    1    0    1
 -2      1809       663       664      1810      1812       666       665      1811
 -1       123    1    0    1
 -2       463      1817      1818       464       466      1820      1819       465
 -1       124    1    0    1
 -2      1817       613       614      1818      1820       616       615      1819
 -1       125    1    0    1
 -2       513      1825      1826       514       516      1828      1827       515
 -1       126    1    0    1
 -2      1825       813       814      1826      1828       816       815      1827
 -1       127    1    0    1
 -2       613      1833      1834       614       616      1836      1835       615
 -1       128    1    0    1
 -2      1833       713       714      1834      1836       716       715      1835
 -1       129    1    0    1
 -2       563      1841      1842       564       566      1844      1843       565
 -1       130    1    0    1
 -2      1841       863       864      1842      1844       866       865      1843
 -1       131    1    0    1
 -2       663      1849      1850       664       666      1852      1851       665
 -1       132    1    0    1
 -2      1849       763       764      1850      1852       766       765      1851
 -1       133    1    0    1
 -2       513      1857      1858       514       516      1860      1859       515
 -1       134    1    0    1
 -2      1857       763       764      1858      1860       766       765      1859
 -1       135    1    0    1
 -2       563      1865      1866       564       566      1868      1867       565
 -1       136    1    0    1
 -2      1865       713       714      1866      1868       716       715      1867
 -1       137    1    0    1
 -2       613      1873      1874       614       616      1876      1875       615
 -1       138    1    0    1
 -2      1873       863       864      1874      1876       866       865      1875
 -1       139    1    0    1
 -2       663      1881      1882       664       666      1884      1883       665
 -1       140    1    0    1
 -2      1881       813       814      1882      1884       816       815      1883
 -1       141    1    0    1
 -2       713      1889      1890       714       716      1892      1891       715
 -1       142    1    0    1
 -2      1889      1013      1014      1890      1892      1016      1015      1891
 -1       143    1    0    1
 -2       813      1897      1898       814       816      1900      1899       815
 -1       144    1    0    1
 -2      1897       913       914      1898      1900       916       915      1899
 -1       145    1    0    1
 -2       763      1905      1906       764       766      1908      1907       765
 -1       146    1    0    1
 -2      1905      1063      1064      1906      1908      1066      1065      1907
 -1       147    1    0    1
 -2       863      1913      1914       864       866      1916      1915       865
 -1       148    1    0    1
 -2      1913       963       964      1914      1916       966       965      1915
 -1       149    1    0    1
 -2       713      1921      1922       714       716      1924      1923       715
 -1       150    1    0    1
 -2      1921       963       964      1922      1924       966       965      1923
 -1       151    1    0    1
 -2       763      1929      1930       764       766      1932      1931       765
 -1       152    1    0    1
 -2      1929       913       914      1930      1932       916       915      1931
 -1       153    1    0    1
 -2       813      1937      1938       814       816      1940      1939       815
 -1       154    1    0    1
 -2      1937      1063      1064      1938      1940      1066      1065      1939
 -1       155    1    0    1
 -2       863      1945      1946       864       866      1948      1947       865
 -1       156    1    0    1
 -2      1945      1013      1014      1946      1948      1016      1015      1947
 -1       157    1    0    1
 -2       913      1953      1954       914       916      1956      1955       915
 -1       158    1    0    1
 -2      1953      1213      1214      1954      1956      1216      1215      1955
 -1       159    1    0    1
 -2      1013      1961      1962      1014      1016      1964      1963      1015
 -1       160    1    0    1
 -2      1961      1113      1114      1962      1964      1116      1115      1963
 -1       161    1    0    1
 -2       963      1969      1970       964       966      1972      1971       965
 -1       162    1    0    1
 -2      1969      1263      1264      1970      1972      1266      1265      1971
 -1       163    1    0    1
 -2      1063      1977      1978      1064      1066      1980      1979      1065
 -1       164    1    0    1
 -2      1977      1163      1164      1978      1980      1166      1165      1979
 -1       165    1    0    1
 -2       913      1985      1986       914       916      1988      1987       915
 -1       166    1    0    1
 -2      1985      1163      1164      1986      1988      1166      1165      1987
 -1       167    1    0    1
 -2       963      1993      1994       964       966      1996      1995       965
 -1       168    1    0    1
 -2      1993      1113      1114      1994      1996      1116      1115      1995
 -1       169    1    0    1
 -2      1013      2001      2002      1014      1016      2004      2003      1015
 -1       170    1    0    1
 -2      2001      1263      1264      2002      2004      1266      1265      2003
 -1       171    1    0    1
 -2      1063      2009      2010      1064      1066      2012      2011      1065
 -1       172    1    0    1
 -2      2009      1213      1214      2010      2012      1216      1215      2011
 -3
    1PSTEP                         1           1           1          
  100CL  101 1.000000000           0                     0    1           1
 -4  DISP        4    1
 -5  D1          1    2    1    0
 -5  D2          1    2    2    0
 -5  D3          1    2    3    0
 -5  ALL         1    2    0    0    1ALL
 -3
 9999
