    1C
    1UNormalized cross-passage space-truss torsion benchmark            
    1UUSER                                                              
    1UDATE              06.august.2026                                  
    1UTIME              08:14:19                                        
    1UHOST                                                              
    1UPGM               CalculiX                                        
    1UVERSION           Version 2.21                             
    1UCOMPILETIME       Sat Jul 29 10:52:01 CEST 2023                    
    1UDIR                                                               
    1UDBN                                                               
    1UMAT    1STEEL                                                     
    2C                           720                                     1
 -1       133-1.19440E+00 1.91946E-03-3.55661E-02
 -1       134-1.23062E+00 3.66063E-03-1.86823E-02
 -1       135-1.20560E+00-1.91946E-03 3.55661E-02
 -1       136-1.16938E+00-3.66063E-03 1.86823E-02
 -1       141-1.20102E+00-3.40950E-02-1.16828E-02
 -1       142-1.20007E+00-2.33416E-03-3.59798E-02
 -1       143-1.19898E+00 3.40950E-02 1.16828E-02
 -1       144-1.19993E+00 2.33416E-03 3.59798E-02
 -1       149-1.23354E+00-1.32202E-02 3.96605E-04
 -1       150-1.20069E+00-3.60327E-02 1.08098E-03
 -1       151-1.16646E+00 1.32202E-02-3.96605E-04
 -1       152-1.19931E+00 3.60327E-02-1.08098E-03
 -1       183 1.20194E+00 2.53883E-03-3.59134E-02
 -1       184 1.16762E+00-1.51099E-03-1.57828E-02
 -1       185 1.19806E+00-2.53883E-03 3.59134E-02
 -1       186 1.23238E+00 1.51099E-03 1.57828E-02
 -1       191 1.20102E+00-3.38645E-02-1.23355E-02
 -1       192 1.20005E+00-1.64335E-03-3.60180E-02
 -1       193 1.19898E+00 3.38645E-02 1.23355E-02
 -1       194 1.19995E+00 1.64335E-03 3.60180E-02
 -1       199 1.16697E+00-1.44498E-02-4.33494E-04
 -1       200 1.20064E+00-3.60336E-02-1.08101E-03
 -1       201 1.23303E+00 1.44498E-02 4.33494E-04
 -1       202 1.19936E+00 3.60336E-02 1.08101E-03
 -1       233-1.19326E+00-2.87709E-03 1.96470E+00
 -1       234-1.23000E+00 1.04434E-03 1.98003E+00
 -1       235-1.20674E+00 2.87709E-03 2.03530E+00
 -1       236-1.17000E+00-1.04434E-03 2.01997E+00
 -1       241-1.19898E+00-3.38645E-02 1.98766E+00
 -1       242-1.19995E+00-1.64335E-03 1.96398E+00
 -1       243-1.20102E+00 3.38645E-02 2.01234E+00
 -1       244-1.20005E+00 1.64335E-03 2.03602E+00
 -1       249-1.23303E+00-1.44498E-02 1.99957E+00
 -1       250-1.19936E+00-3.60336E-02 1.99892E+00
 -1       251-1.16697E+00 1.44498E-02 2.00043E+00
 -1       252-1.20064E+00 3.60336E-02 2.00108E+00
 -1       283 1.20369E+00-2.08645E-03 1.96419E+00
 -1       284 1.16841E+00-3.62565E-03 1.98299E+00
 -1       285 1.19631E+00 2.08645E-03 2.03581E+00
 -1       286 1.23159E+00 3.62565E-03 2.01701E+00
 -1       291 1.19898E+00-3.40950E-02 1.98832E+00
 -1       292 1.19993E+00-2.33416E-03 1.96402E+00
 -1       293 1.20102E+00 3.40950E-02 2.01168E+00
 -1       294 1.20007E+00 2.33416E-03 2.03598E+00
 -1       299 1.16646E+00-1.32202E-02 2.00040E+00
 -1       300 1.19931E+00-3.60327E-02 2.00108E+00
 -1       301 1.23354E+00 1.32202E-02 1.99960E+00
 -1       302 1.20069E+00 3.60327E-02 1.99892E+00
 -1       333-1.19521E+00 9.99969E+00-3.57351E-02
 -1       334-1.23115E+00 1.00001E+01-1.81643E-02
 -1       335-1.20479E+00 1.00003E+01 3.57351E-02
 -1       336-1.16885E+00 9.99990E+00 1.81643E-02
 -1       341-1.20000E+00 9.96600E+00-1.20000E-02
 -1       342-1.20000E+00 9.99800E+00-3.60000E-02
 -1       343-1.20000E+00 1.00340E+01 1.20000E-02
 -1       344-1.20000E+00 1.00020E+01 3.60000E-02
 -1       349-1.23328E+00 9.98613E+00 0.00000E+00
 -1       350-1.20000E+00 9.96394E+00 0.00000E+00
 -1       351-1.16672E+00 1.00139E+01 0.00000E+00
 -1       352-1.20000E+00 1.00361E+01 0.00000E+00
 -1       383 1.20447E+00 9.99976E+00-3.57769E-02
 -1       384 1.16869E+00 9.99963E+00-1.78821E-02
 -1       385 1.19553E+00 1.00002E+01 3.57769E-02
 -1       386 1.23131E+00 1.00004E+01 1.78821E-02
 -1       391 1.20000E+00 9.96600E+00-1.20000E-02
 -1       392 1.20000E+00 9.99800E+00-3.60000E-02
 -1       393 1.20000E+00 1.00340E+01 1.20000E-02
 -1       394 1.20000E+00 1.00020E+01 3.60000E-02
 -1       399 1.16672E+00 9.98613E+00 0.00000E+00
 -1       400 1.20000E+00 9.96394E+00 0.00000E+00
 -1       401 1.23328E+00 1.00139E+01 0.00000E+00
 -1       402 1.20000E+00 1.00361E+01 0.00000E+00
 -1       433-1.19538E+00 1.00002E+01 1.96424E+00
 -1       434-1.23123E+00 1.00004E+01 1.98199E+00
 -1       435-1.20462E+00 9.99976E+00 2.03576E+00
 -1       436-1.16877E+00 9.99963E+00 2.01801E+00
 -1       441-1.20000E+00 9.96600E+00 1.98800E+00
 -1       442-1.20000E+00 9.99800E+00 1.96400E+00
 -1       443-1.20000E+00 1.00340E+01 2.01200E+00
 -1       444-1.20000E+00 1.00020E+01 2.03600E+00
 -1       449-1.23328E+00 9.98613E+00 2.00000E+00
 -1       450-1.20000E+00 9.96394E+00 2.00000E+00
 -1       451-1.16672E+00 1.00139E+01 2.00000E+00
 -1       452-1.20000E+00 1.00361E+01 2.00000E+00
 -1       483 1.20429E+00 1.00003E+01 1.96420E+00
 -1       484 1.16861E+00 9.99990E+00 1.98227E+00
 -1       485 1.19571E+00 9.99969E+00 2.03580E+00
 -1       486 1.23139E+00 1.00001E+01 2.01773E+00
 -1       491 1.20000E+00 9.96600E+00 1.98800E+00
 -1       492 1.20000E+00 9.99800E+00 1.96400E+00
 -1       493 1.20000E+00 1.00340E+01 2.01200E+00
 -1       494 1.20000E+00 1.00020E+01 2.03600E+00
 -1       499 1.16672E+00 9.98613E+00 2.00000E+00
 -1       500 1.20000E+00 9.96394E+00 2.00000E+00
 -1       501 1.23328E+00 1.00139E+01 2.00000E+00
 -1       502 1.20000E+00 1.00361E+01 2.00000E+00
 -1       533-1.19524E+00 1.99995E+01-3.57367E-02
 -1       534-1.23116E+00 2.00000E+01-1.81406E-02
 -1       535-1.20476E+00 2.00005E+01 3.57367E-02
 -1       536-1.16884E+00 2.00000E+01 1.81406E-02
 -1       541-1.20145E+00 1.99659E+01-1.15569E-02
 -1       542-1.20010E+00 1.99975E+01-3.59709E-02
 -1       543-1.19855E+00 2.00341E+01 1.15569E-02
 -1       544-1.19990E+00 2.00025E+01 3.59709E-02
 -1       549-1.23365E+00 1.99871E+01 5.48678E-04
 -1       550-1.20099E+00 1.99640E+01 1.52775E-03
 -1       551-1.16635E+00 2.00129E+01-5.48678E-04
 -1       552-1.19901E+00 2.00360E+01-1.52775E-03
 -1       583 1.20433E+00 1.99999E+01-3.57945E-02
 -1       584 1.16863E+00 1.99997E+01-1.77637E-02
 -1       585 1.19567E+00 2.00001E+01 3.57945E-02
 -1       586 1.23137E+00 2.00003E+01 1.77637E-02
 -1       591 1.20143E+00 1.99662E+01-1.24797E-02
 -1       592 1.20006E+00 1.99985E+01-3.60247E-02
 -1       593 1.19857E+00 2.00338E+01 1.24797E-02
 -1       594 1.19994E+00 2.00015E+01 3.60247E-02
 -1       599 1.16707E+00 1.99853E+01-6.22501E-04
 -1       600 1.20089E+00 1.99640E+01-1.52786E-03
 -1       601 1.23293E+00 2.00147E+01 6.22501E-04
 -1       602 1.19911E+00 2.00360E+01 1.52786E-03
 -1       633-1.19542E+00 2.00001E+01 1.96424E+00
 -1       634-1.23125E+00 2.00003E+01 1.98201E+00
 -1       635-1.20458E+00 1.99999E+01 2.03576E+00
 -1       636-1.16875E+00 1.99997E+01 2.01799E+00
 -1       641-1.19857E+00 1.99662E+01 1.98752E+00
 -1       642-1.19994E+00 1.99985E+01 1.96398E+00
 -1       643-1.20143E+00 2.00338E+01 2.01248E+00
 -1       644-1.20006E+00 2.00015E+01 2.03602E+00
 -1       649-1.23293E+00 1.99853E+01 1.99938E+00
 -1       650-1.19911E+00 1.99640E+01 1.99847E+00
 -1       651-1.16707E+00 2.00147E+01 2.00062E+00
 -1       652-1.20089E+00 2.00360E+01 2.00153E+00
 -1       683 1.20415E+00 2.00005E+01 1.96419E+00
 -1       684 1.16853E+00 2.00000E+01 1.98240E+00
 -1       685 1.19585E+00 1.99995E+01 2.03581E+00
 -1       686 1.23147E+00 2.00000E+01 2.01760E+00
 -1       691 1.19855E+00 1.99659E+01 1.98844E+00
 -1       692 1.19990E+00 1.99975E+01 1.96403E+00
 -1       693 1.20145E+00 2.00341E+01 2.01156E+00
 -1       694 1.20010E+00 2.00025E+01 2.03597E+00
 -1       699 1.16635E+00 1.99871E+01 2.00055E+00
 -1       700 1.19901E+00 1.99640E+01 2.00153E+00
 -1       701 1.23365E+00 2.00129E+01 1.99945E+00
 -1       702 1.20099E+00 2.00360E+01 1.99847E+00
 -1       733-1.19529E+00 2.99997E+01-3.57459E-02
 -1       734-1.23119E+00 3.00000E+01-1.80945E-02
 -1       735-1.20471E+00 3.00003E+01 3.57459E-02
 -1       736-1.16881E+00 3.00000E+01 1.80945E-02
 -1       741-1.20000E+00 2.99660E+01-1.20000E-02
 -1       742-1.20000E+00 2.99980E+01-3.60000E-02
 -1       743-1.20000E+00 3.00340E+01 1.20000E-02
 -1       744-1.20000E+00 3.00020E+01 3.60000E-02
 -1       749-1.23328E+00 2.99861E+01 0.00000E+00
 -1       750-1.20000E+00 2.99639E+01 0.00000E+00
 -1       751-1.16672E+00 3.00139E+01 0.00000E+00
 -1       752-1.20000E+00 3.00361E+01 0.00000E+00
 -1       783 1.20445E+00 2.99999E+01-3.57794E-02
 -1       784 1.16869E+00 2.99998E+01-1.78714E-02
 -1       785 1.19555E+00 3.00001E+01 3.57794E-02
 -1       786 1.23131E+00 3.00002E+01 1.78714E-02
 -1       791 1.20000E+00 2.99660E+01-1.20000E-02
 -1       792 1.20000E+00 2.99980E+01-3.60000E-02
 -1       793 1.20000E+00 3.00340E+01 1.20000E-02
 -1       794 1.20000E+00 3.00020E+01 3.60000E-02
 -1       799 1.16672E+00 2.99861E+01 0.00000E+00
 -1       800 1.20000E+00 2.99639E+01 0.00000E+00
 -1       801 1.23328E+00 3.00139E+01 0.00000E+00
 -1       802 1.20000E+00 3.00361E+01 0.00000E+00
 -1       833-1.19541E+00 3.00001E+01 1.96424E+00
 -1       834-1.23124E+00 3.00002E+01 1.98200E+00
 -1       835-1.20459E+00 2.99999E+01 2.03576E+00
 -1       836-1.16876E+00 2.99998E+01 2.01800E+00
 -1       841-1.20000E+00 2.99660E+01 1.98800E+00
 -1       842-1.20000E+00 2.99980E+01 1.96400E+00
 -1       843-1.20000E+00 3.00340E+01 2.01200E+00
 -1       844-1.20000E+00 3.00020E+01 2.03600E+00
 -1       849-1.23328E+00 2.99861E+01 2.00000E+00
 -1       850-1.20000E+00 2.99639E+01 2.00000E+00
 -1       851-1.16672E+00 3.00139E+01 2.00000E+00
 -1       852-1.20000E+00 3.00361E+01 2.00000E+00
 -1       883 1.20434E+00 3.00003E+01 1.96421E+00
 -1       884 1.16863E+00 3.00000E+01 1.98223E+00
 -1       885 1.19566E+00 2.99997E+01 2.03579E+00
 -1       886 1.23137E+00 3.00000E+01 2.01777E+00
 -1       891 1.20000E+00 2.99660E+01 1.98800E+00
 -1       892 1.20000E+00 2.99980E+01 1.96400E+00
 -1       893 1.20000E+00 3.00340E+01 2.01200E+00
 -1       894 1.20000E+00 3.00020E+01 2.03600E+00
 -1       899 1.16672E+00 2.99861E+01 2.00000E+00
 -1       900 1.20000E+00 2.99639E+01 2.00000E+00
 -1       901 1.23328E+00 3.00139E+01 2.00000E+00
 -1       902 1.20000E+00 3.00361E+01 2.00000E+00
 -1       933-1.19525E+00 3.99999E+01-3.57414E-02
 -1       934-1.23117E+00 4.00003E+01-1.81293E-02
 -1       935-1.20475E+00 4.00001E+01 3.57414E-02
 -1       936-1.16883E+00 3.99997E+01 1.81293E-02
 -1       941-1.20000E+00 3.99660E+01-1.20000E-02
 -1       942-1.20000E+00 3.99980E+01-3.60000E-02
 -1       943-1.20000E+00 4.00340E+01 1.20000E-02
 -1       944-1.20000E+00 4.00020E+01 3.60000E-02
 -1       949-1.23328E+00 3.99861E+01 0.00000E+00
 -1       950-1.20000E+00 3.99639E+01 0.00000E+00
 -1       951-1.16672E+00 4.00139E+01 0.00000E+00
 -1       952-1.20000E+00 4.00361E+01 0.00000E+00
 -1       983 1.20448E+00 3.99994E+01-3.57715E-02
 -1       984 1.16870E+00 3.99994E+01-1.78882E-02
 -1       985 1.19552E+00 4.00006E+01 3.57715E-02
 -1       986 1.23130E+00 4.00006E+01 1.78882E-02
 -1       991 1.20000E+00 3.99660E+01-1.20000E-02
 -1       992 1.20000E+00 3.99980E+01-3.60000E-02
 -1       993 1.20000E+00 4.00340E+01 1.20000E-02
 -1       994 1.20000E+00 4.00020E+01 3.60000E-02
 -1       999 1.16672E+00 3.99861E+01 0.00000E+00
 -1      1000 1.20000E+00 3.99639E+01 0.00000E+00
 -1      1001 1.23328E+00 4.00139E+01 0.00000E+00
 -1      1002 1.20000E+00 4.00361E+01 0.00000E+00
 -1      1033-1.19548E+00 4.00006E+01 1.96423E+00
 -1      1034-1.23128E+00 4.00006E+01 1.98208E+00
 -1      1035-1.20452E+00 3.99994E+01 2.03577E+00
 -1      1036-1.16872E+00 3.99994E+01 2.01792E+00
 -1      1041-1.20000E+00 3.99660E+01 1.98800E+00
 -1      1042-1.20000E+00 3.99980E+01 1.96400E+00
 -1      1043-1.20000E+00 4.00340E+01 2.01200E+00
 -1      1044-1.20000E+00 4.00020E+01 2.03600E+00
 -1      1049-1.23328E+00 3.99861E+01 2.00000E+00
 -1      1050-1.20000E+00 3.99639E+01 2.00000E+00
 -1      1051-1.16672E+00 4.00139E+01 2.00000E+00
 -1      1052-1.20000E+00 4.00361E+01 2.00000E+00
 -1      1083 1.20425E+00 4.00001E+01 1.96420E+00
 -1      1084 1.16858E+00 3.99997E+01 1.98231E+00
 -1      1085 1.19575E+00 3.99999E+01 2.03580E+00
 -1      1086 1.23142E+00 4.00003E+01 2.01769E+00
 -1      1091 1.20000E+00 3.99660E+01 1.98800E+00
 -1      1092 1.20000E+00 3.99980E+01 1.96400E+00
 -1      1093 1.20000E+00 4.00340E+01 2.01200E+00
 -1      1094 1.20000E+00 4.00020E+01 2.03600E+00
 -1      1099 1.16672E+00 3.99861E+01 2.00000E+00
 -1      1100 1.20000E+00 3.99639E+01 2.00000E+00
 -1      1101 1.23328E+00 4.00139E+01 2.00000E+00
 -1      1102 1.20000E+00 4.00361E+01 2.00000E+00
 -1      1133-1.19605E+00 4.99975E+01-3.57542E-02
 -1      1134-1.23148E+00 4.99965E+01-1.72231E-02
 -1      1135-1.20395E+00 5.00025E+01 3.57542E-02
 -1      1136-1.16852E+00 5.00035E+01 1.72231E-02
 -1      1141-1.20102E+00 4.99659E+01-1.16828E-02
 -1      1142-1.20007E+00 4.99977E+01-3.59798E-02
 -1      1143-1.19898E+00 5.00341E+01 1.16828E-02
 -1      1144-1.19993E+00 5.00023E+01 3.59798E-02
 -1      1149-1.23354E+00 4.99868E+01 3.96605E-04
 -1      1150-1.20069E+00 4.99640E+01 1.08098E-03
 -1      1151-1.16646E+00 5.00132E+01-3.96605E-04
 -1      1152-1.19931E+00 5.00360E+01-1.08098E-03
 -1      1183 1.20657E+00 4.99968E+01-3.53115E-02
 -1      1184 1.16988E+00 5.00006E+01-1.98149E-02
 -1      1185 1.19343E+00 5.00032E+01 3.53115E-02
 -1      1186 1.23012E+00 4.99994E+01 1.98149E-02
 -1      1191 1.20102E+00 4.99661E+01-1.23355E-02
 -1      1192 1.20005E+00 4.99984E+01-3.60180E-02
 -1      1193 1.19898E+00 5.00339E+01 1.23355E-02
 -1      1194 1.19995E+00 5.00016E+01 3.60180E-02
 -1      1199 1.16697E+00 4.99855E+01-4.33494E-04
 -1      1200 1.20064E+00 4.99640E+01-1.08101E-03
 -1      1201 1.23303E+00 5.00145E+01 4.33494E-04
 -1      1202 1.19936E+00 5.00360E+01 1.08101E-03
 -1      1233-1.19804E+00 5.00029E+01 1.96411E+00
 -1      1234-1.23240E+00 4.99990E+01 1.98421E+00
 -1      1235-1.20196E+00 4.99971E+01 2.03589E+00
 -1      1236-1.16760E+00 5.00010E+01 2.01579E+00
 -1      1241-1.19898E+00 4.99661E+01 1.98766E+00
 -1      1242-1.19995E+00 4.99984E+01 1.96398E+00
 -1      1243-1.20102E+00 5.00339E+01 2.01234E+00
 -1      1244-1.20005E+00 5.00016E+01 2.03602E+00
 -1      1249-1.23303E+00 4.99855E+01 1.99957E+00
 -1      1250-1.19936E+00 4.99640E+01 1.99892E+00
 -1      1251-1.16697E+00 5.00145E+01 2.00043E+00
 -1      1252-1.20064E+00 5.00360E+01 2.00108E+00
 -1      1283 1.20519E+00 5.00024E+01 1.96440E+00
 -1      1284 1.16914E+00 5.00035E+01 1.98169E+00
 -1      1285 1.19481E+00 4.99976E+01 2.03560E+00
 -1      1286 1.23086E+00 4.99965E+01 2.01831E+00
 -1      1291 1.19898E+00 4.99659E+01 1.98832E+00
 -1      1292 1.19993E+00 4.99977E+01 1.96402E+00
 -1      1293 1.20102E+00 5.00341E+01 2.01168E+00
 -1      1294 1.20007E+00 5.00023E+01 2.03598E+00
 -1      1299 1.16646E+00 4.99868E+01 2.00040E+00
 -1      1300 1.19931E+00 4.99640E+01 2.00108E+00
 -1      1301 1.23354E+00 5.00132E+01 1.99960E+00
 -1      1302 1.20069E+00 5.00360E+01 1.99892E+00
 -1      1333-1.19553E+00 2.50000E+01-1.85778E-01
 -1      1334-1.23131E+00 2.50000E+01-1.67883E-01
 -1      1335-1.20447E+00 2.50000E+01-1.14222E-01
 -1      1336-1.16869E+00 2.50000E+01-1.32117E-01
 -1      1341 1.20447E+00 2.50000E+01 1.14222E-01
 -1      1342 1.16869E+00 2.50000E+01 1.32117E-01
 -1      1343 1.19553E+00 2.50000E+01 1.85778E-01
 -1      1344 1.23131E+00 2.50000E+01 1.67883E-01
 -1      1349-1.19553E+00 2.50000E+01 1.81422E+00
 -1      1350-1.23131E+00 2.50000E+01 1.83212E+00
 -1      1351-1.20447E+00 2.50000E+01 1.88578E+00
 -1      1352-1.16869E+00 2.50000E+01 1.86788E+00
 -1      1357 1.20447E+00 2.50000E+01 2.11422E+00
 -1      1358 1.16869E+00 2.50000E+01 2.13212E+00
 -1      1359 1.19553E+00 2.50000E+01 2.18578E+00
 -1      1360 1.23131E+00 2.50000E+01 2.16788E+00
 -1      1365-1.19522E+00 3.24989E+01-1.41787E-01
 -1      1366-1.23115E+00 3.24995E+01-1.24216E-01
 -1      1367-1.20478E+00 3.25011E+01-7.03450E-02
 -1      1368-1.16885E+00 3.25005E+01-8.79159E-02
 -1      1373-1.19553E+00 3.50000E+01-1.85777E-01
 -1      1374-1.23131E+00 3.50000E+01-1.67887E-01
 -1      1375-1.20447E+00 3.50000E+01-1.14223E-01
 -1      1376-1.16869E+00 3.50000E+01-1.32113E-01
 -1      1381-1.19586E+00 3.75011E+01-1.41867E-01
 -1      1382-1.23147E+00 3.75005E+01-1.23652E-01
 -1      1383-1.20414E+00 3.74989E+01-7.02647E-02
 -1      1384-1.16853E+00 3.74995E+01-8.84797E-02
 -1      1389 1.20414E+00 3.25011E+01 7.02647E-02
 -1      1390 1.16853E+00 3.25005E+01 8.84797E-02
 -1      1391 1.19586E+00 3.24989E+01 1.41867E-01
 -1      1392 1.23147E+00 3.24995E+01 1.23652E-01
 -1      1397 1.20447E+00 3.50000E+01 1.14223E-01
 -1      1398 1.16869E+00 3.50000E+01 1.32113E-01
 -1      1399 1.19553E+00 3.50000E+01 1.85777E-01
 -1      1400 1.23131E+00 3.50000E+01 1.67887E-01
 -1      1405 1.20478E+00 3.74989E+01 7.03450E-02
 -1      1406 1.16885E+00 3.74995E+01 8.79159E-02
 -1      1407 1.19522E+00 3.75011E+01 1.41787E-01
 -1      1408 1.23115E+00 3.75005E+01 1.24216E-01
 -1      1413-1.19522E+00 3.24989E+01 1.85821E+00
 -1      1414-1.23115E+00 3.24995E+01 1.87578E+00
 -1      1415-1.20478E+00 3.25011E+01 1.92966E+00
 -1      1416-1.16885E+00 3.25005E+01 1.91208E+00
 -1      1421-1.19553E+00 3.50000E+01 1.81422E+00
 -1      1422-1.23131E+00 3.50000E+01 1.83211E+00
 -1      1423-1.20447E+00 3.50000E+01 1.88578E+00
 -1      1424-1.16869E+00 3.50000E+01 1.86789E+00
 -1      1429-1.19586E+00 3.75011E+01 1.85813E+00
 -1      1430-1.23147E+00 3.75005E+01 1.87635E+00
 -1      1431-1.20414E+00 3.74989E+01 1.92974E+00
 -1      1432-1.16853E+00 3.74995E+01 1.91152E+00
 -1      1437 1.20414E+00 3.25011E+01 2.07026E+00
 -1      1438 1.16853E+00 3.25005E+01 2.08848E+00
 -1      1439 1.19586E+00 3.24989E+01 2.14187E+00
 -1      1440 1.23147E+00 3.24995E+01 2.12365E+00
 -1      1445 1.20447E+00 3.50000E+01 2.11422E+00
 -1      1446 1.16869E+00 3.50000E+01 2.13211E+00
 -1      1447 1.19553E+00 3.50000E+01 2.18578E+00
 -1      1448 1.23131E+00 3.50000E+01 2.16789E+00
 -1      1453 1.20478E+00 3.74989E+01 2.07034E+00
 -1      1454 1.16885E+00 3.74995E+01 2.08792E+00
 -1      1455 1.19522E+00 3.75011E+01 2.14179E+00
 -1      1456 1.23115E+00 3.75005E+01 2.12422E+00
 -1      1461 0.00000E+00-6.99992E-02-1.20023E-02
 -1      1462 0.00000E+00-3.79975E-02-3.60001E-02
 -1      1463 0.00000E+00-2.00083E-03 1.20023E-02
 -1      1464 0.00000E+00-3.40025E-02 3.60001E-02
 -1      1469 0.00000E+00 2.00083E-03 1.98800E+00
 -1      1470 0.00000E+00 3.40025E-02 1.96400E+00
 -1      1471 0.00000E+00 6.99992E-02 2.01200E+00
 -1      1472 0.00000E+00 3.79975E-02 2.03600E+00
 -1      1477-1.23329E+00 1.61495E-02 1.00000E+00
 -1      1478-1.20002E+00-6.05551E-03 1.00000E+00
 -1      1479-1.16671E+00 4.38505E-02 1.00000E+00
 -1      1480-1.19998E+00 6.60555E-02 1.00000E+00
 -1      1485 1.16671E+00-4.38505E-02 1.00000E+00
 -1      1486 1.19998E+00-6.60555E-02 1.00000E+00
 -1      1487 1.23329E+00-1.61495E-02 1.00000E+00
 -1      1488 1.20002E+00 6.05551E-03 1.00000E+00
 -1      1493-6.01023E-01 1.99404E+01-1.16832E-02
 -1      1494-6.00070E-01 1.99722E+01-3.59798E-02
 -1      1495-5.98977E-01 2.00086E+01 1.16832E-02
 -1      1496-5.99930E-01 1.99769E+01 3.59798E-02
 -1      1501 0.00000E+00 1.99300E+01-1.20008E-02
 -1      1502 0.00000E+00 1.99620E+01-3.60000E-02
 -1      1503 0.00000E+00 1.99980E+01 1.20008E-02
 -1      1504 0.00000E+00 1.99660E+01 3.60000E-02
 -1      1509 6.01016E-01 1.99407E+01-1.23359E-02
 -1      1510 6.00049E-01 1.99729E+01-3.60180E-02
 -1      1511 5.98984E-01 2.00084E+01 1.23359E-02
 -1      1512 5.99951E-01 1.99762E+01 3.60180E-02
 -1      1517-5.98984E-01 1.99916E+01 1.98766E+00
 -1      1518-5.99951E-01 2.00238E+01 1.96398E+00
 -1      1519-6.01016E-01 2.00593E+01 2.01234E+00
 -1      1520-6.00049E-01 2.00271E+01 2.03602E+00
 -1      1525 0.00000E+00 2.00020E+01 1.98800E+00
 -1      1526 0.00000E+00 2.00340E+01 1.96400E+00
 -1      1527 0.00000E+00 2.00700E+01 2.01200E+00
 -1      1528 0.00000E+00 2.00380E+01 2.03600E+00
 -1      1533 5.98977E-01 1.99914E+01 1.98832E+00
 -1      1534 5.99930E-01 2.00231E+01 1.96402E+00
 -1      1535 6.01023E-01 2.00596E+01 2.01168E+00
 -1      1536 6.00070E-01 2.00278E+01 2.03598E+00
 -1      1541-1.23354E+00 2.00080E+01 5.00396E-01
 -1      1542-1.20070E+00 1.99852E+01 5.01081E-01
 -1      1543-1.16646E+00 2.00344E+01 4.99604E-01
 -1      1544-1.19930E+00 2.00572E+01 4.98919E-01
 -1      1549-1.23328E+00 2.00161E+01 1.00000E+00
 -1      1550-1.20001E+00 1.99939E+01 1.00000E+00
 -1      1551-1.16672E+00 2.00439E+01 1.00000E+00
 -1      1552-1.19999E+00 2.00661E+01 1.00000E+00
 -1      1557-1.23303E+00 2.00068E+01 1.49957E+00
 -1      1558-1.19936E+00 1.99852E+01 1.49892E+00
 -1      1559-1.16697E+00 2.00357E+01 1.50043E+00
 -1      1560-1.20064E+00 2.00572E+01 1.50108E+00
 -1      1565 1.16697E+00 1.99643E+01 4.99567E-01
 -1      1566 1.20064E+00 1.99428E+01 4.98919E-01
 -1      1567 1.23303E+00 1.99932E+01 5.00433E-01
 -1      1568 1.19936E+00 2.00148E+01 5.01081E-01
 -1      1573 1.16672E+00 1.99561E+01 1.00000E+00
 -1      1574 1.19999E+00 1.99339E+01 1.00000E+00
 -1      1575 1.23328E+00 1.99839E+01 1.00000E+00
 -1      1576 1.20001E+00 2.00061E+01 1.00000E+00
 -1      1581 1.16646E+00 1.99656E+01 1.50040E+00
 -1      1582 1.19930E+00 1.99428E+01 1.50108E+00
 -1      1583 1.23354E+00 1.99920E+01 1.49960E+00
 -1      1584 1.20070E+00 2.00148E+01 1.49892E+00
 -1      1589 0.00000E+00 4.99300E+01-1.20023E-02
 -1      1590 0.00000E+00 4.99620E+01-3.60001E-02
 -1      1591 0.00000E+00 4.99980E+01 1.20023E-02
 -1      1592 0.00000E+00 4.99660E+01 3.60001E-02
 -1      1597 0.00000E+00 5.00020E+01 1.98800E+00
 -1      1598 0.00000E+00 5.00340E+01 1.96400E+00
 -1      1599 0.00000E+00 5.00700E+01 2.01200E+00
 -1      1600 0.00000E+00 5.00380E+01 2.03600E+00
 -1      1605-1.23329E+00 5.00161E+01 1.00000E+00
 -1      1606-1.20002E+00 4.99939E+01 1.00000E+00
 -1      1607-1.16671E+00 5.00438E+01 1.00000E+00
 -1      1608-1.19998E+00 5.00661E+01 1.00000E+00
 -1      1613 1.16671E+00 4.99562E+01 1.00000E+00
 -1      1614 1.19998E+00 4.99339E+01 1.00000E+00
 -1      1615 1.23329E+00 4.99839E+01 1.00000E+00
 -1      1616 1.20002E+00 5.00061E+01 1.00000E+00
 -1      1621-1.19757E+00 1.12670E+01 1.57055E-01
 -1      1622-1.23227E+00 1.12640E+01 1.76710E-01
 -1      1623-1.20243E+00 1.12559E+01 2.28140E-01
 -1      1624-1.16773E+00 1.12590E+01 2.08485E-01
 -1      1629-1.19773E+00 1.25271E+01 3.58438E-01
 -1      1630-1.23234E+00 1.25238E+01 3.78214E-01
 -1      1631-1.20227E+00 1.25153E+01 4.29430E-01
 -1      1632-1.16766E+00 1.25186E+01 4.09654E-01
 -1      1637-1.19798E+00 1.37842E+01 5.76000E-01
 -1      1638-1.23245E+00 1.37805E+01 5.95959E-01
 -1      1639-1.20202E+00 1.37713E+01 6.46836E-01
 -1      1640-1.16755E+00 1.37749E+01 6.26877E-01
 -1      1645-1.19828E+00 1.50371E+01 8.14685E-01
 -1      1646-1.23258E+00 1.50330E+01 8.34863E-01
 -1      1647-1.20172E+00 1.50229E+01 8.85315E-01
 -1      1648-1.16742E+00 1.50270E+01 8.65137E-01
 -1      1653-1.19860E+00 1.62854E+01 1.07622E+00
 -1      1654-1.23272E+00 1.62809E+01 1.09662E+00
 -1      1655-1.20140E+00 1.62700E+01 1.14662E+00
 -1      1656-1.16728E+00 1.62745E+01 1.12622E+00
 -1      1661-1.19888E+00 1.75294E+01 1.35884E+00
 -1      1662-1.23284E+00 1.75246E+01 1.37943E+00
 -1      1663-1.20112E+00 1.75130E+01 1.42902E+00
 -1      1664-1.16716E+00 1.75178E+01 1.40843E+00
 -1      1669-1.19908E+00 1.87700E+01 1.65759E+00
 -1      1670-1.23292E+00 1.87650E+01 1.67830E+00
 -1      1671-1.20092E+00 1.87529E+01 1.72761E+00
 -1      1672-1.16708E+00 1.87580E+01 1.70689E+00
 -1      1677-1.19416E+00 1.12560E+01 1.77225E+00
 -1      1678-1.23060E+00 1.12585E+01 1.78856E+00
 -1      1679-1.20584E+00 1.12670E+01 1.84256E+00
 -1      1680-1.16940E+00 1.12644E+01 1.82625E+00
 -1      1685-1.19409E+00 1.25154E+01 1.57098E+00
 -1      1686-1.23056E+00 1.25181E+01 1.58719E+00
 -1      1687-1.20591E+00 1.25271E+01 1.64115E+00
 -1      1688-1.16944E+00 1.25244E+01 1.62494E+00
 -1      1693-1.19399E+00 1.37714E+01 1.35360E+00
 -1      1694-1.23051E+00 1.37743E+01 1.36967E+00
 -1      1695-1.20601E+00 1.37841E+01 1.42356E+00
 -1      1696-1.16949E+00 1.37812E+01 1.40749E+00
 -1      1701-1.19388E+00 1.50230E+01 1.11516E+00
 -1      1702-1.23044E+00 1.50262E+01 1.13106E+00
 -1      1703-1.20612E+00 1.50370E+01 1.18484E+00
 -1      1704-1.16956E+00 1.50338E+01 1.16894E+00
 -1      1709-1.19377E+00 1.62701E+01 8.53886E-01
 -1      1710-1.23038E+00 1.62736E+01 8.69618E-01
 -1      1711-1.20623E+00 1.62853E+01 9.23278E-01
 -1      1712-1.16962E+00 1.62819E+01 9.07546E-01
 -1      1717-1.19368E+00 1.75131E+01 5.71502E-01
 -1      1718-1.23034E+00 1.75168E+01 5.87093E-01
 -1      1719-1.20632E+00 1.75293E+01 6.40630E-01
 -1      1720-1.16966E+00 1.75257E+01 6.25039E-01
 -1      1725-1.19363E+00 1.87531E+01 2.72930E-01
 -1      1726-1.23031E+00 1.87568E+01 2.88429E-01
 -1      1727-1.20637E+00 1.87699E+01 3.41875E-01
 -1      1728-1.16969E+00 1.87661E+01 3.26376E-01
 -1      1733 1.20243E+00 1.12670E+01 1.57055E-01
 -1      1734 1.16773E+00 1.12640E+01 1.76710E-01
 -1      1735 1.19757E+00 1.12559E+01 2.28140E-01
 -1      1736 1.23227E+00 1.12590E+01 2.08485E-01
 -1      1741 1.20227E+00 1.25271E+01 3.58438E-01
 -1      1742 1.16766E+00 1.25238E+01 3.78214E-01
 -1      1743 1.19773E+00 1.25153E+01 4.29430E-01
 -1      1744 1.23234E+00 1.25186E+01 4.09654E-01
 -1      1749 1.20202E+00 1.37842E+01 5.76000E-01
 -1      1750 1.16755E+00 1.37805E+01 5.95959E-01
 -1      1751 1.19798E+00 1.37713E+01 6.46836E-01
 -1      1752 1.23245E+00 1.37749E+01 6.26877E-01
 -1      1757 1.20172E+00 1.50371E+01 8.14685E-01
 -1      1758 1.16742E+00 1.50330E+01 8.34863E-01
 -1      1759 1.19828E+00 1.50229E+01 8.85315E-01
 -1      1760 1.23258E+00 1.50270E+01 8.65137E-01
 -1      1765 1.20140E+00 1.62854E+01 1.07622E+00
 -1      1766 1.16728E+00 1.62809E+01 1.09662E+00
 -1      1767 1.19860E+00 1.62700E+01 1.14662E+00
 -1      1768 1.23272E+00 1.62745E+01 1.12622E+00
 -1      1773 1.20112E+00 1.75294E+01 1.35884E+00
 -1      1774 1.16716E+00 1.75246E+01 1.37943E+00
 -1      1775 1.19888E+00 1.75130E+01 1.42902E+00
 -1      1776 1.23284E+00 1.75178E+01 1.40843E+00
 -1      1781 1.20092E+00 1.87700E+01 1.65759E+00
 -1      1782 1.16708E+00 1.87650E+01 1.67830E+00
 -1      1783 1.19908E+00 1.87529E+01 1.72761E+00
 -1      1784 1.23292E+00 1.87580E+01 1.70689E+00
 -1      1789 1.20584E+00 1.12560E+01 1.77225E+00
 -1      1790 1.16940E+00 1.12585E+01 1.78856E+00
 -1      1791 1.19416E+00 1.12670E+01 1.84256E+00
 -1      1792 1.23060E+00 1.12644E+01 1.82625E+00
 -1      1797 1.20591E+00 1.25154E+01 1.57098E+00
 -1      1798 1.16944E+00 1.25181E+01 1.58719E+00
 -1      1799 1.19409E+00 1.25271E+01 1.64115E+00
 -1      1800 1.23056E+00 1.25244E+01 1.62494E+00
 -1      1805 1.20601E+00 1.37714E+01 1.35360E+00
 -1      1806 1.16949E+00 1.37743E+01 1.36967E+00
 -1      1807 1.19399E+00 1.37841E+01 1.42356E+00
 -1      1808 1.23051E+00 1.37812E+01 1.40749E+00
 -1      1813 1.20612E+00 1.50230E+01 1.11516E+00
 -1      1814 1.16956E+00 1.50262E+01 1.13106E+00
 -1      1815 1.19388E+00 1.50370E+01 1.18484E+00
 -1      1816 1.23044E+00 1.50338E+01 1.16894E+00
 -1      1821 1.20623E+00 1.62701E+01 8.53886E-01
 -1      1822 1.16962E+00 1.62736E+01 8.69618E-01
 -1      1823 1.19377E+00 1.62853E+01 9.23278E-01
 -1      1824 1.23038E+00 1.62819E+01 9.07546E-01
 -1      1829 1.20632E+00 1.75131E+01 5.71502E-01
 -1      1830 1.16966E+00 1.75168E+01 5.87093E-01
 -1      1831 1.19368E+00 1.75293E+01 6.40630E-01
 -1      1832 1.23034E+00 1.75257E+01 6.25039E-01
 -1      1837 1.20637E+00 1.87531E+01 2.72930E-01
 -1      1838 1.16969E+00 1.87568E+01 2.88429E-01
 -1      1839 1.19363E+00 1.87699E+01 3.41875E-01
 -1      1840 1.23031E+00 1.87661E+01 3.26376E-01
 -1      1845-8.31704E-01 1.12331E+01-3.42295E-02
 -1      1846-8.68791E-01 1.12437E+01-2.36225E-02
 -1      1847-8.53491E-01 1.12393E+01 3.42295E-02
 -1      1848-8.16404E-01 1.12287E+01 2.36225E-02
 -1      1853-4.83271E-01 1.24716E+01-3.43179E-02
 -1      1854-5.20380E-01 1.24818E+01-2.34066E-02
 -1      1855-5.04597E-01 1.24775E+01 3.43179E-02
 -1      1856-4.67488E-01 1.24673E+01 2.34066E-02
 -1      1861-1.51102E-01 1.37141E+01-3.44451E-02
 -1      1862-1.88233E-01 1.37237E+01-2.30837E-02
 -1      1863-1.71734E-01 1.37194E+01 3.44451E-02
 -1      1864-1.34603E-01 1.37098E+01 2.30837E-02
 -1      1869 1.59903E-01 1.49616E+01-3.45874E-02
 -1      1870 1.22764E-01 1.49705E+01-2.27035E-02
 -1      1871 1.40097E-01 1.49664E+01 3.45874E-02
 -1      1872 1.77236E-01 1.49575E+01 2.27035E-02
 -1      1877 4.48070E-01 1.62146E+01-3.47212E-02
 -1      1878 4.10939E-01 1.62229E+01-2.23246E-02
 -1      1879 4.29094E-01 1.62188E+01 3.47212E-02
 -1      1880 4.66225E-01 1.62106E+01 2.23246E-02
 -1      1885 7.15201E-01 1.74727E+01-3.48283E-02
 -1      1886 6.78091E-01 1.74803E+01-2.20050E-02
 -1      1887 6.96931E-01 1.74764E+01 3.48283E-02
 -1      1888 7.34041E-01 1.74688E+01 2.20050E-02
 -1      1893 9.66302E-01 1.87345E+01-3.48965E-02
 -1      1894 9.29212E-01 1.87417E+01-2.17923E-02
 -1      1895 9.48503E-01 1.87380E+01 3.48965E-02
 -1      1896 9.85593E-01 1.87307E+01 2.17923E-02
 -1      1901 8.42124E-01 1.12361E+01-3.60521E-02
 -1      1902 8.10413E-01 1.12270E+01-1.34113E-02
 -1      1903 8.43071E-01 1.12364E+01 3.60521E-02
 -1      1904 8.74781E-01 1.12454E+01 1.34113E-02
 -1      1909 4.93597E-01 1.24745E+01-3.60538E-02
 -1      1910 4.61712E-01 1.24657E+01-1.35445E-02
 -1      1911 4.94271E-01 1.24746E+01 3.60538E-02
 -1      1912 5.26156E-01 1.24834E+01 1.35445E-02
 -1      1917 1.61293E-01 1.37167E+01-3.60553E-02
 -1      1918 1.29148E-01 1.37084E+01-1.37478E-02
 -1      1919 1.61544E-01 1.37168E+01 3.60553E-02
 -1      1920 1.93688E-01 1.37251E+01 1.37478E-02
 -1      1925-1.49867E-01 1.49640E+01-3.60553E-02
 -1      1926-1.82312E-01 1.49562E+01-1.39935E-02
 -1      1927-1.50133E-01 1.49640E+01 3.60553E-02
 -1      1928-1.17688E-01 1.49718E+01 1.39935E-02
 -1      1933-4.38181E-01 1.62168E+01-3.60532E-02
 -1      1934-4.70920E-01 1.62096E+01-1.42455E-02
 -1      1935-4.38983E-01 1.62167E+01 3.60532E-02
 -1      1936-4.06244E-01 1.62239E+01 1.42455E-02
 -1      1941-7.05431E-01 1.74747E+01-3.60497E-02
 -1      1942-7.38414E-01 1.74679E+01-1.44640E-02
 -1      1943-7.06701E-01 1.74744E+01 3.60497E-02
 -1      1944-6.73718E-01 1.74812E+01 1.44640E-02
 -1      1949-9.56607E-01 1.87364E+01-3.60464E-02
 -1      1950-9.89751E-01 1.87299E+01-1.46123E-02
 -1      1951-9.58198E-01 1.87361E+01 3.60464E-02
 -1      1952-9.25054E-01 1.87425E+01 1.46123E-02
 -1      1957-8.31704E-01 1.12331E+01 1.96577E+00
 -1      1958-8.68791E-01 1.12437E+01 1.97638E+00
 -1      1959-8.53491E-01 1.12393E+01 2.03423E+00
 -1      1960-8.16404E-01 1.12287E+01 2.02362E+00
 -1      1965-4.83271E-01 1.24716E+01 1.96568E+00
 -1      1966-5.20380E-01 1.24818E+01 1.97659E+00
 -1      1967-5.04597E-01 1.24775E+01 2.03432E+00
 -1      1968-4.67488E-01 1.24673E+01 2.02341E+00
 -1      1973-1.51102E-01 1.37141E+01 1.96555E+00
 -1      1974-1.88233E-01 1.37237E+01 1.97692E+00
 -1      1975-1.71734E-01 1.37194E+01 2.03445E+00
 -1      1976-1.34603E-01 1.37098E+01 2.02308E+00
 -1      1981 1.59903E-01 1.49616E+01 1.96541E+00
 -1      1982 1.22764E-01 1.49705E+01 1.97730E+00
 -1      1983 1.40097E-01 1.49664E+01 2.03459E+00
 -1      1984 1.77236E-01 1.49575E+01 2.02270E+00
 -1      1989 4.48070E-01 1.62146E+01 1.96528E+00
 -1      1990 4.10939E-01 1.62229E+01 1.97768E+00
 -1      1991 4.29094E-01 1.62188E+01 2.03472E+00
 -1      1992 4.66225E-01 1.62106E+01 2.02232E+00
 -1      1997 7.15201E-01 1.74727E+01 1.96517E+00
 -1      1998 6.78091E-01 1.74803E+01 1.97800E+00
 -1      1999 6.96931E-01 1.74764E+01 2.03483E+00
 -1      2000 7.34041E-01 1.74688E+01 2.02200E+00
 -1      2005 9.66302E-01 1.87345E+01 1.96510E+00
 -1      2006 9.29212E-01 1.87417E+01 1.97821E+00
 -1      2007 9.48503E-01 1.87380E+01 2.03490E+00
 -1      2008 9.85593E-01 1.87307E+01 2.02179E+00
 -1      2013 8.42124E-01 1.12361E+01 1.96395E+00
 -1      2014 8.10413E-01 1.12270E+01 1.98659E+00
 -1      2015 8.43071E-01 1.12364E+01 2.03605E+00
 -1      2016 8.74781E-01 1.12454E+01 2.01341E+00
 -1      2021 4.93597E-01 1.24745E+01 1.96395E+00
 -1      2022 4.61712E-01 1.24657E+01 1.98646E+00
 -1      2023 4.94271E-01 1.24746E+01 2.03605E+00
 -1      2024 5.26156E-01 1.24834E+01 2.01354E+00
 -1      2029 1.61293E-01 1.37167E+01 1.96394E+00
 -1      2030 1.29148E-01 1.37084E+01 1.98625E+00
 -1      2031 1.61544E-01 1.37168E+01 2.03606E+00
 -1      2032 1.93688E-01 1.37251E+01 2.01375E+00
 -1      2037-1.49867E-01 1.49640E+01 1.96394E+00
 -1      2038-1.82312E-01 1.49562E+01 1.98601E+00
 -1      2039-1.50133E-01 1.49640E+01 2.03606E+00
 -1      2040-1.17688E-01 1.49718E+01 2.01399E+00
 -1      2045-4.38181E-01 1.62168E+01 1.96395E+00
 -1      2046-4.70920E-01 1.62096E+01 1.98575E+00
 -1      2047-4.38983E-01 1.62167E+01 2.03605E+00
 -1      2048-4.06244E-01 1.62239E+01 2.01425E+00
 -1      2053-7.05431E-01 1.74747E+01 1.96395E+00
 -1      2054-7.38414E-01 1.74679E+01 1.98554E+00
 -1      2055-7.06701E-01 1.74744E+01 2.03605E+00
 -1      2056-6.73718E-01 1.74812E+01 2.01446E+00
 -1      2061-9.56607E-01 1.87364E+01 1.96395E+00
 -1      2062-9.89751E-01 1.87299E+01 1.98539E+00
 -1      2063-9.58198E-01 1.87361E+01 2.03605E+00
 -1      2064-9.25054E-01 1.87425E+01 2.01461E+00
 -1      2069-1.19830E+00 3.50371E+01 8.14684E-01
 -1      2070-1.23259E+00 3.50330E+01 8.34874E-01
 -1      2071-1.20170E+00 3.50229E+01 8.85316E-01
 -1      2072-1.16741E+00 3.50270E+01 8.65126E-01
 -1      2077-1.19388E+00 3.50230E+01 1.11516E+00
 -1      2078-1.23044E+00 3.50262E+01 1.13106E+00
 -1      2079-1.20612E+00 3.50370E+01 1.18484E+00
 -1      2080-1.16956E+00 3.50338E+01 1.16894E+00
 -1      2085 1.20170E+00 3.50371E+01 8.14684E-01
 -1      2086 1.16741E+00 3.50330E+01 8.34874E-01
 -1      2087 1.19830E+00 3.50229E+01 8.85316E-01
 -1      2088 1.23259E+00 3.50270E+01 8.65126E-01
 -1      2093 1.20612E+00 3.50230E+01 1.11516E+00
 -1      2094 1.16956E+00 3.50262E+01 1.13106E+00
 -1      2095 1.19388E+00 3.50370E+01 1.18484E+00
 -1      2096 1.23044E+00 3.50338E+01 1.16894E+00
 -1      2101 1.59908E-01 3.49616E+01-3.45858E-02
 -1      2102 1.22767E-01 3.49705E+01-2.27077E-02
 -1      2103 1.40092E-01 3.49664E+01 3.45858E-02
 -1      2104 1.77233E-01 3.49575E+01 2.27077E-02
 -1      2109-1.49864E-01 3.49640E+01-3.60552E-02
 -1      2110-1.82310E-01 3.49562E+01-1.39967E-02
 -1      2111-1.50136E-01 3.49640E+01 3.60552E-02
 -1      2112-1.17690E-01 3.49718E+01 1.39967E-02
 -1      2117 1.59908E-01 3.49616E+01 1.96541E+00
 -1      2118 1.22767E-01 3.49705E+01 1.97729E+00
 -1      2119 1.40092E-01 3.49664E+01 2.03459E+00
 -1      2120 1.77233E-01 3.49575E+01 2.02271E+00
 -1      2125-1.49864E-01 3.49640E+01 1.96394E+00
 -1      2126-1.82310E-01 3.49562E+01 1.98600E+00
 -1      2127-1.50136E-01 3.49640E+01 2.03606E+00
 -1      2128-1.17690E-01 3.49718E+01 2.01400E+00
 -1      2133-1.19830E+00 4.50371E+01 8.14684E-01
 -1      2134-1.23259E+00 4.50330E+01 8.34874E-01
 -1      2135-1.20170E+00 4.50229E+01 8.85316E-01
 -1      2136-1.16741E+00 4.50270E+01 8.65126E-01
 -1      2141-1.19388E+00 4.50230E+01 1.11516E+00
 -1      2142-1.23044E+00 4.50262E+01 1.13106E+00
 -1      2143-1.20612E+00 4.50370E+01 1.18484E+00
 -1      2144-1.16956E+00 4.50338E+01 1.16894E+00
 -1      2149 1.20170E+00 4.50371E+01 8.14684E-01
 -1      2150 1.16741E+00 4.50330E+01 8.34874E-01
 -1      2151 1.19830E+00 4.50229E+01 8.85316E-01
 -1      2152 1.23259E+00 4.50270E+01 8.65126E-01
 -1      2157 1.20612E+00 4.50230E+01 1.11516E+00
 -1      2158 1.16956E+00 4.50262E+01 1.13106E+00
 -1      2159 1.19388E+00 4.50370E+01 1.18484E+00
 -1      2160 1.23044E+00 4.50338E+01 1.16894E+00
 -1      2165 1.59908E-01 4.49616E+01-3.45858E-02
 -1      2166 1.22767E-01 4.49705E+01-2.27077E-02
 -1      2167 1.40092E-01 4.49664E+01 3.45858E-02
 -1      2168 1.77233E-01 4.49575E+01 2.27077E-02
 -1      2173-1.49864E-01 4.49640E+01-3.60552E-02
 -1      2174-1.82310E-01 4.49562E+01-1.39967E-02
 -1      2175-1.50136E-01 4.49640E+01 3.60552E-02
 -1      2176-1.17690E-01 4.49718E+01 1.39967E-02
 -1      2181 1.59908E-01 4.49616E+01 1.96541E+00
 -1      2182 1.22767E-01 4.49705E+01 1.97729E+00
 -1      2183 1.40092E-01 4.49664E+01 2.03459E+00
 -1      2184 1.77233E-01 4.49575E+01 2.02271E+00
 -1      2189-1.49864E-01 4.49640E+01 1.96394E+00
 -1      2190-1.82310E-01 4.49562E+01 1.98600E+00
 -1      2191-1.50136E-01 4.49640E+01 2.03606E+00
 -1      2192-1.17690E-01 4.49718E+01 2.01400E+00
 -3
    3C                           192                                     1
 -1         1    1    0    1
 -2       133       333       334       134       136       336       335       135
 -1         2    1    0    1
 -2       183       383       384       184       186       386       385       185
 -1         3    1    0    1
 -2       233       433       434       234       236       436       435       235
 -1         4    1    0    1
 -2       283       483       484       284       286       486       485       285
 -1         5    1    0    1
 -2       333       533       534       334       336       536       535       335
 -1         6    1    0    1
 -2       383       583       584       384       386       586       585       385
 -1         7    1    0    1
 -2       433       633       634       434       436       636       635       435
 -1         8    1    0    1
 -2       483       683       684       484       486       686       685       485
 -1         9    1    0    1
 -2       533      1333      1334       534       536      1336      1335       535
 -1        10    1    0    1
 -2      1333       733       734      1334      1336       736       735      1335
 -1        11    1    0    1
 -2       583      1341      1342       584       586      1344      1343       585
 -1        12    1    0    1
 -2      1341       783       784      1342      1344       786       785      1343
 -1        13    1    0    1
 -2       633      1349      1350       634       636      1352      1351       635
 -1        14    1    0    1
 -2      1349       833       834      1350      1352       836       835      1351
 -1        15    1    0    1
 -2       683      1357      1358       684       686      1360      1359       685
 -1        16    1    0    1
 -2      1357       883       884      1358      1360       886       885      1359
 -1        17    1    0    1
 -2       733      1365      1366       734       736      1368      1367       735
 -1        18    1    0    1
 -2      1365      1373      1374      1366      1368      1376      1375      1367
 -1        19    1    0    1
 -2      1373      1381      1382      1374      1376      1384      1383      1375
 -1        20    1    0    1
 -2      1381       933       934      1382      1384       936       935      1383
 -1        21    1    0    1
 -2       783      1389      1390       784       786      1392      1391       785
 -1        22    1    0    1
 -2      1389      1397      1398      1390      1392      1400      1399      1391
 -1        23    1    0    1
 -2      1397      1405      1406      1398      1400      1408      1407      1399
 -1        24    1    0    1
 -2      1405       983       984      1406      1408       986       985      1407
 -1        25    1    0    1
 -2       833      1413      1414       834       836      1416      1415       835
 -1        26    1    0    1
 -2      1413      1421      1422      1414      1416      1424      1423      1415
 -1        27    1    0    1
 -2      1421      1429      1430      1422      1424      1432      1431      1423
 -1        28    1    0    1
 -2      1429      1033      1034      1430      1432      1036      1035      1431
 -1        29    1    0    1
 -2       883      1437      1438       884       886      1440      1439       885
 -1        30    1    0    1
 -2      1437      1445      1446      1438      1440      1448      1447      1439
 -1        31    1    0    1
 -2      1445      1453      1454      1446      1448      1456      1455      1447
 -1        32    1    0    1
 -2      1453      1083      1084      1454      1456      1086      1085      1455
 -1        33    1    0    1
 -2       933      1133      1134       934       936      1136      1135       935
 -1        34    1    0    1
 -2       983      1183      1184       984       986      1186      1185       985
 -1        35    1    0    1
 -2      1033      1233      1234      1034      1036      1236      1235      1035
 -1        36    1    0    1
 -2      1083      1283      1284      1084      1086      1286      1285      1085
 -1        37    1    0    1
 -2       141      1461      1462       142       144      1464      1463       143
 -1        38    1    0    1
 -2      1461       191       192      1462      1464       194       193      1463
 -1        39    1    0    1
 -2       241      1469      1470       242       244      1472      1471       243
 -1        40    1    0    1
 -2      1469       291       292      1470      1472       294       293      1471
 -1        41    1    0    1
 -2       149      1477      1478       150       152      1480      1479       151
 -1        42    1    0    1
 -2      1477       249       250      1478      1480       252       251      1479
 -1        43    1    0    1
 -2       199      1485      1486       200       202      1488      1487       201
 -1        44    1    0    1
 -2      1485       299       300      1486      1488       302       301      1487
 -1        45    1    0    1
 -2       341       391       392       342       344       394       393       343
 -1        46    1    0    1
 -2       441       491       492       442       444       494       493       443
 -1        47    1    0    1
 -2       349       449       450       350       352       452       451       351
 -1        48    1    0    1
 -2       399       499       500       400       402       502       501       401
 -1        49    1    0    1
 -2       541      1493      1494       542       544      1496      1495       543
 -1        50    1    0    1
 -2      1493      1501      1502      1494      1496      1504      1503      1495
 -1        51    1    0    1
 -2      1501      1509      1510      1502      1504      1512      1511      1503
 -1        52    1    0    1
 -2      1509       591       592      1510      1512       594       593      1511
 -1        53    1    0    1
 -2       641      1517      1518       642       644      1520      1519       643
 -1        54    1    0    1
 -2      1517      1525      1526      1518      1520      1528      1527      1519
 -1        55    1    0    1
 -2      1525      1533      1534      1526      1528      1536      1535      1527
 -1        56    1    0    1
 -2      1533       691       692      1534      1536       694       693      1535
 -1        57    1    0    1
 -2       549      1541      1542       550       552      1544      1543       551
 -1        58    1    0    1
 -2      1541      1549      1550      1542      1544      1552      1551      1543
 -1        59    1    0    1
 -2      1549      1557      1558      1550      1552      1560      1559      1551
 -1        60    1    0    1
 -2      1557       649       650      1558      1560       652       651      1559
 -1        61    1    0    1
 -2       599      1565      1566       600       602      1568      1567       601
 -1        62    1    0    1
 -2      1565      1573      1574      1566      1568      1576      1575      1567
 -1        63    1    0    1
 -2      1573      1581      1582      1574      1576      1584      1583      1575
 -1        64    1    0    1
 -2      1581       699       700      1582      1584       702       701      1583
 -1        65    1    0    1
 -2       741       791       792       742       744       794       793       743
 -1        66    1    0    1
 -2       841       891       892       842       844       894       893       843
 -1        67    1    0    1
 -2       749       849       850       750       752       852       851       751
 -1        68    1    0    1
 -2       799       899       900       800       802       902       901       801
 -1        69    1    0    1
 -2       941       991       992       942       944       994       993       943
 -1        70    1    0    1
 -2      1041      1091      1092      1042      1044      1094      1093      1043
 -1        71    1    0    1
 -2       949      1049      1050       950       952      1052      1051       951
 -1        72    1    0    1
 -2       999      1099      1100      1000      1002      1102      1101      1001
 -1        73    1    0    1
 -2      1141      1589      1590      1142      1144      1592      1591      1143
 -1        74    1    0    1
 -2      1589      1191      1192      1590      1592      1194      1193      1591
 -1        75    1    0    1
 -2      1241      1597      1598      1242      1244      1600      1599      1243
 -1        76    1    0    1
 -2      1597      1291      1292      1598      1600      1294      1293      1599
 -1        77    1    0    1
 -2      1149      1605      1606      1150      1152      1608      1607      1151
 -1        78    1    0    1
 -2      1605      1249      1250      1606      1608      1252      1251      1607
 -1        79    1    0    1
 -2      1199      1613      1614      1200      1202      1616      1615      1201
 -1        80    1    0    1
 -2      1613      1299      1300      1614      1616      1302      1301      1615
 -1        81    1    0    1
 -2       133       433       434       134       136       436       435       135
 -1        82    1    0    1
 -2       233       333       334       234       236       336       335       235
 -1        83    1    0    1
 -2       183       483       484       184       186       486       485       185
 -1        84    1    0    1
 -2       283       383       384       284       286       386       385       285
 -1        85    1    0    1
 -2       133       383       384       134       136       386       385       135
 -1        86    1    0    1
 -2       183       333       334       184       186       336       335       185
 -1        87    1    0    1
 -2       233       483       484       234       236       486       485       235
 -1        88    1    0    1
 -2       283       433       434       284       286       436       435       285
 -1        89    1    0    1
 -2       333      1621      1622       334       336      1624      1623       335
 -1        90    1    0    1
 -2      1621      1629      1630      1622      1624      1632      1631      1623
 -1        91    1    0    1
 -2      1629      1637      1638      1630      1632      1640      1639      1631
 -1        92    1    0    1
 -2      1637      1645      1646      1638      1640      1648      1647      1639
 -1        93    1    0    1
 -2      1645      1653      1654      1646      1648      1656      1655      1647
 -1        94    1    0    1
 -2      1653      1661      1662      1654      1656      1664      1663      1655
 -1        95    1    0    1
 -2      1661      1669      1670      1662      1664      1672      1671      1663
 -1        96    1    0    1
 -2      1669       633       634      1670      1672       636       635      1671
 -1        97    1    0    1
 -2       433      1677      1678       434       436      1680      1679       435
 -1        98    1    0    1
 -2      1677      1685      1686      1678      1680      1688      1687      1679
 -1        99    1    0    1
 -2      1685      1693      1694      1686      1688      1696      1695      1687
 -1       100    1    0    1
 -2      1693      1701      1702      1694      1696      1704      1703      1695
 -1       101    1    0    1
 -2      1701      1709      1710      1702      1704      1712      1711      1703
 -1       102    1    0    1
 -2      1709      1717      1718      1710      1712      1720      1719      1711
 -1       103    1    0    1
 -2      1717      1725      1726      1718      1720      1728      1727      1719
 -1       104    1    0    1
 -2      1725       533       534      1726      1728       536       535      1727
 -1       105    1    0    1
 -2       383      1733      1734       384       386      1736      1735       385
 -1       106    1    0    1
 -2      1733      1741      1742      1734      1736      1744      1743      1735
 -1       107    1    0    1
 -2      1741      1749      1750      1742      1744      1752      1751      1743
 -1       108    1    0    1
 -2      1749      1757      1758      1750      1752      1760      1759      1751
 -1       109    1    0    1
 -2      1757      1765      1766      1758      1760      1768      1767      1759
 -1       110    1    0    1
 -2      1765      1773      1774      1766      1768      1776      1775      1767
 -1       111    1    0    1
 -2      1773      1781      1782      1774      1776      1784      1783      1775
 -1       112    1    0    1
 -2      1781       683       684      1782      1784       686       685      1783
 -1       113    1    0    1
 -2       483      1789      1790       484       486      1792      1791       485
 -1       114    1    0    1
 -2      1789      1797      1798      1790      1792      1800      1799      1791
 -1       115    1    0    1
 -2      1797      1805      1806      1798      1800      1808      1807      1799
 -1       116    1    0    1
 -2      1805      1813      1814      1806      1808      1816      1815      1807
 -1       117    1    0    1
 -2      1813      1821      1822      1814      1816      1824      1823      1815
 -1       118    1    0    1
 -2      1821      1829      1830      1822      1824      1832      1831      1823
 -1       119    1    0    1
 -2      1829      1837      1838      1830      1832      1840      1839      1831
 -1       120    1    0    1
 -2      1837       583       584      1838      1840       586       585      1839
 -1       121    1    0    1
 -2       333      1845      1846       334       336      1848      1847       335
 -1       122    1    0    1
 -2      1845      1853      1854      1846      1848      1856      1855      1847
 -1       123    1    0    1
 -2      1853      1861      1862      1854      1856      1864      1863      1855
 -1       124    1    0    1
 -2      1861      1869      1870      1862      1864      1872      1871      1863
 -1       125    1    0    1
 -2      1869      1877      1878      1870      1872      1880      1879      1871
 -1       126    1    0    1
 -2      1877      1885      1886      1878      1880      1888      1887      1879
 -1       127    1    0    1
 -2      1885      1893      1894      1886      1888      1896      1895      1887
 -1       128    1    0    1
 -2      1893       583       584      1894      1896       586       585      1895
 -1       129    1    0    1
 -2       383      1901      1902       384       386      1904      1903       385
 -1       130    1    0    1
 -2      1901      1909      1910      1902      1904      1912      1911      1903
 -1       131    1    0    1
 -2      1909      1917      1918      1910      1912      1920      1919      1911
 -1       132    1    0    1
 -2      1917      1925      1926      1918      1920      1928      1927      1919
 -1       133    1    0    1
 -2      1925      1933      1934      1926      1928      1936      1935      1927
 -1       134    1    0    1
 -2      1933      1941      1942      1934      1936      1944      1943      1935
 -1       135    1    0    1
 -2      1941      1949      1950      1942      1944      1952      1951      1943
 -1       136    1    0    1
 -2      1949       533       534      1950      1952       536       535      1951
 -1       137    1    0    1
 -2       433      1957      1958       434       436      1960      1959       435
 -1       138    1    0    1
 -2      1957      1965      1966      1958      1960      1968      1967      1959
 -1       139    1    0    1
 -2      1965      1973      1974      1966      1968      1976      1975      1967
 -1       140    1    0    1
 -2      1973      1981      1982      1974      1976      1984      1983      1975
 -1       141    1    0    1
 -2      1981      1989      1990      1982      1984      1992      1991      1983
 -1       142    1    0    1
 -2      1989      1997      1998      1990      1992      2000      1999      1991
 -1       143    1    0    1
 -2      1997      2005      2006      1998      2000      2008      2007      1999
 -1       144    1    0    1
 -2      2005       683       684      2006      2008       686       685      2007
 -1       145    1    0    1
 -2       483      2013      2014       484       486      2016      2015       485
 -1       146    1    0    1
 -2      2013      2021      2022      2014      2016      2024      2023      2015
 -1       147    1    0    1
 -2      2021      2029      2030      2022      2024      2032      2031      2023
 -1       148    1    0    1
 -2      2029      2037      2038      2030      2032      2040      2039      2031
 -1       149    1    0    1
 -2      2037      2045      2046      2038      2040      2048      2047      2039
 -1       150    1    0    1
 -2      2045      2053      2054      2046      2048      2056      2055      2047
 -1       151    1    0    1
 -2      2053      2061      2062      2054      2056      2064      2063      2055
 -1       152    1    0    1
 -2      2061       633       634      2062      2064       636       635      2063
 -1       153    1    0    1
 -2       533       833       834       534       536       836       835       535
 -1       154    1    0    1
 -2       633       733       734       634       636       736       735       635
 -1       155    1    0    1
 -2       583       883       884       584       586       886       885       585
 -1       156    1    0    1
 -2       683       783       784       684       686       786       785       685
 -1       157    1    0    1
 -2       533       783       784       534       536       786       785       535
 -1       158    1    0    1
 -2       583       733       734       584       586       736       735       585
 -1       159    1    0    1
 -2       633       883       884       634       636       886       885       635
 -1       160    1    0    1
 -2       683       833       834       684       686       836       835       685
 -1       161    1    0    1
 -2       733      2069      2070       734       736      2072      2071       735
 -1       162    1    0    1
 -2      2069      1033      1034      2070      2072      1036      1035      2071
 -1       163    1    0    1
 -2       833      2077      2078       834       836      2080      2079       835
 -1       164    1    0    1
 -2      2077       933       934      2078      2080       936       935      2079
 -1       165    1    0    1
 -2       783      2085      2086       784       786      2088      2087       785
 -1       166    1    0    1
 -2      2085      1083      1084      2086      2088      1086      1085      2087
 -1       167    1    0    1
 -2       883      2093      2094       884       886      2096      2095       885
 -1       168    1    0    1
 -2      2093       983       984      2094      2096       986       985      2095
 -1       169    1    0    1
 -2       733      2101      2102       734       736      2104      2103       735
 -1       170    1    0    1
 -2      2101       983       984      2102      2104       986       985      2103
 -1       171    1    0    1
 -2       783      2109      2110       784       786      2112      2111       785
 -1       172    1    0    1
 -2      2109       933       934      2110      2112       936       935      2111
 -1       173    1    0    1
 -2       833      2117      2118       834       836      2120      2119       835
 -1       174    1    0    1
 -2      2117      1083      1084      2118      2120      1086      1085      2119
 -1       175    1    0    1
 -2       883      2125      2126       884       886      2128      2127       885
 -1       176    1    0    1
 -2      2125      1033      1034      2126      2128      1036      1035      2127
 -1       177    1    0    1
 -2       933      2133      2134       934       936      2136      2135       935
 -1       178    1    0    1
 -2      2133      1233      1234      2134      2136      1236      1235      2135
 -1       179    1    0    1
 -2      1033      2141      2142      1034      1036      2144      2143      1035
 -1       180    1    0    1
 -2      2141      1133      1134      2142      2144      1136      1135      2143
 -1       181    1    0    1
 -2       983      2149      2150       984       986      2152      2151       985
 -1       182    1    0    1
 -2      2149      1283      1284      2150      2152      1286      1285      2151
 -1       183    1    0    1
 -2      1083      2157      2158      1084      1086      2160      2159      1085
 -1       184    1    0    1
 -2      2157      1183      1184      2158      2160      1186      1185      2159
 -1       185    1    0    1
 -2       933      2165      2166       934       936      2168      2167       935
 -1       186    1    0    1
 -2      2165      1183      1184      2166      2168      1186      1185      2167
 -1       187    1    0    1
 -2       983      2173      2174       984       986      2176      2175       985
 -1       188    1    0    1
 -2      2173      1133      1134      2174      2176      1136      1135      2175
 -1       189    1    0    1
 -2      1033      2181      2182      1034      1036      2184      2183      1035
 -1       190    1    0    1
 -2      2181      1283      1284      2182      2184      1286      1285      2183
 -1       191    1    0    1
 -2      1083      2189      2190      1084      1086      2192      2191      1085
 -1       192    1    0    1
 -2      2189      1233      1234      2190      2192      1236      1235      2191
 -3
    1PSTEP                         1           1           1          
  100CL  101 1.000000000           0                     0    1           1
 -4  DISP        4    1
 -5  D1          1    2    1    0
 -5  D2          1    2    2    0
 -5  D3          1    2    3    0
 -5  ALL         1    2    0    0    1ALL
 -3
 9999
