SUMMARY OF C0NVERGENCE INFORMATION
  STEP   INC  ATT   ITER     CONT.   RESID.        CORR.      RESID.      CORR.
                              EL.    FORCE         DISP       FLUX        TEMP.
                              (#)     (%)           (%)        (%)         (%)
     1     1     1     1        0  0.0000E+00  0.1000E+03  0.0000E+00  0.0000E+00
     1     1     1     2        0  0.0000E+00  0.3730E-10  0.0000E+00  0.0000E+00
     1     2     1     1        0  0.0000E+00  0.2893E+02  0.0000E+00  0.0000E+00
     1     2     1     2        0  0.0000E+00  0.2878E-10  0.0000E+00  0.0000E+00
     1     3     1     1        0  0.0000E+00  0.3376E+02  0.0000E+00  0.0000E+00
     1     3     1     2        0  0.0000E+00  0.2891E-10  0.0000E+00  0.0000E+00
     1     4     1     1        0  0.0000E+00  0.1905E+02  0.0000E+00  0.0000E+00
     1     4     1     2        0  0.0000E+00  0.4630E-10  0.0000E+00  0.0000E+00
     1     5     1     1        0  0.0000E+00  0.1245E+02  0.0000E+00  0.0000E+00
     1     5     1     2        0  0.0000E+00  0.4713E-10  0.0000E+00  0.0000E+00
     1     6     1     1        0  0.0000E+00  0.7603E+01  0.0000E+00  0.0000E+00
     1     6     1     2        0  0.0000E+00  0.1664E-10  0.0000E+00  0.0000E+00
     1     7     1     1        0  0.0000E+00  0.1987E+02  0.0000E+00  0.0000E+00
     1     7     1     2        0  0.0000E+00  0.1015E-09  0.0000E+00  0.0000E+00
     1     8     1     1        0  0.0000E+00  0.9111E+02  0.0000E+00  0.0000E+00
     1     8     1     2        0  0.0000E+00  0.1373E-09  0.0000E+00  0.0000E+00
     1     9     1     1        0  0.0000E+00  0.2123E+02  0.0000E+00  0.0000E+00
     1     9     1     2        0  0.0000E+00  0.7809E-10  0.0000E+00  0.0000E+00
     1    10     1     1        0  0.0000E+00  0.3127E+01  0.0000E+00  0.0000E+00
     1    10     1     2        0  0.0000E+00  0.8703E-11  0.0000E+00  0.0000E+00
     1    11     1     1        0  0.0000E+00  0.1298E+02  0.0000E+00  0.0000E+00
     1    11     1     2        0  0.0000E+00  0.4959E-10  0.0000E+00  0.0000E+00
     1    12     1     1        0  0.0000E+00  0.2898E+02  0.0000E+00  0.0000E+00
     1    12     1     2        0  0.0000E+00  0.8894E-10  0.0000E+00  0.0000E+00
     1    13     1     1        0  0.0000E+00  0.1000E+03  0.0000E+00  0.0000E+00
     1    13     1     2        0  0.0000E+00  0.2037E-09  0.0000E+00  0.0000E+00
     1    14     1     1        0  0.0000E+00  0.7267E+01  0.0000E+00  0.0000E+00
     1    14     1     2        0  0.0000E+00  0.1742E-10  0.0000E+00  0.0000E+00
     1    15     1     1        0  0.0000E+00  0.1269E+02  0.0000E+00  0.0000E+00
     1    15     1     2        0  0.0000E+00  0.1680E-10  0.0000E+00  0.0000E+00
     1    16     1     1        0  0.0000E+00  0.2579E+02  0.0000E+00  0.0000E+00
     1    16     1     2        0  0.0000E+00  0.9432E-10  0.0000E+00  0.0000E+00
     1    17     1     1        0  0.0000E+00  0.1000E+03  0.0000E+00  0.0000E+00
     1    17     1     2        0  0.0000E+00  0.3428E-09  0.0000E+00  0.0000E+00
     1    18     1     1        0  0.0000E+00  0.2186E+02  0.0000E+00  0.0000E+00
     1    18     1     2        0  0.0000E+00  0.2233E-10  0.0000E+00  0.0000E+00
     1    19     1     1        0  0.0000E+00  0.9131E+01  0.0000E+00  0.0000E+00
     1    19     1     2        0  0.0000E+00  0.1273E-10  0.0000E+00  0.0000E+00
     1    20     1     1        0  0.0000E+00  0.2334E+02  0.0000E+00  0.0000E+00
     1    20     1     2        0  0.0000E+00  0.5920E-10  0.0000E+00  0.0000E+00
     1    21     1     1        0  0.0000E+00  0.7913E+02  0.0000E+00  0.0000E+00
     1    21     1     2        0  0.0000E+00  0.2965E-09  0.0000E+00  0.0000E+00
     1    22     1     1        0  0.0000E+00  0.2685E+02  0.0000E+00  0.0000E+00
     1    22     1     2        0  0.0000E+00  0.7111E-10  0.0000E+00  0.0000E+00
     1    23     1     1        0  0.0000E+00  0.3033E+01  0.0000E+00  0.0000E+00
     1    23     1     2        0  0.0000E+00  0.1964E-10  0.0000E+00  0.0000E+00
     1    24     1     1        0  0.0000E+00  0.1913E+02  0.0000E+00  0.0000E+00
     1    24     1     2        0  0.0000E+00  0.4782E-10  0.0000E+00  0.0000E+00
     1    25     1     1        0  0.0000E+00  0.5224E+02  0.0000E+00  0.0000E+00
     1    25     1     2        0  0.0000E+00  0.1377E-09  0.0000E+00  0.0000E+00
     1    26     1     1        0  0.0000E+00  0.3511E+02  0.0000E+00  0.0000E+00
     1    26     1     2        0  0.0000E+00  0.1432E-09  0.0000E+00  0.0000E+00
     1    27     1     1        0  0.0000E+00  0.7247E+00  0.0000E+00  0.0000E+00
     1    27     1     2        0  0.0000E+00  0.5700E-11  0.0000E+00  0.0000E+00
     1    28     1     1        0  0.0000E+00  0.7430E+01  0.0000E+00  0.0000E+00
     1    28     1     2        0  0.0000E+00  0.3565E-10  0.0000E+00  0.0000E+00
