    1C
    1UNormalized cross-passage space-truss torsion benchmark            
    1UUSER                                                              
    1UDATE              06.august.2026                                  
    1UTIME              08:14:21                                        
    1UHOST                                                              
    1UPGM               CalculiX                                        
    1UVERSION           Version 2.21                             
    1UCOMPILETIME       Sat Jul 29 10:52:01 CEST 2023                    
    1UDIR                                                               
    1UDBN                                                               
    1UMAT    1STEEL                                                     
    2C                          1000                                     1
 -1       201-1.19392E+00 1.10406E-03-3.55217E-02
 -1       202-1.23033E+00 3.58513E-03-1.91580E-02
 -1       203-1.20608E+00-1.10406E-03 3.55217E-02
 -1       204-1.16967E+00-3.58513E-03 1.91580E-02
 -1       209-1.20102E+00-3.40950E-02-1.16828E-02
 -1       210-1.20007E+00-2.33416E-03-3.59798E-02
 -1       211-1.19898E+00 3.40950E-02 1.16828E-02
 -1       212-1.19993E+00 2.33416E-03 3.59798E-02
 -1       217-1.23354E+00-1.32202E-02 3.96605E-04
 -1       218-1.20069E+00-3.60327E-02 1.08098E-03
 -1       219-1.16646E+00 1.32202E-02-3.96605E-04
 -1       220-1.19931E+00 3.60327E-02-1.08098E-03
 -1       251 1.20178E+00 2.55221E-03-3.59208E-02
 -1       252 1.16758E+00-1.84045E-03-1.56598E-02
 -1       253 1.19822E+00-2.55221E-03 3.59208E-02
 -1       254 1.23242E+00 1.84045E-03 1.56598E-02
 -1       259 1.20102E+00-3.38645E-02-1.23355E-02
 -1       260 1.20005E+00-1.64335E-03-3.60180E-02
 -1       261 1.19898E+00 3.38645E-02 1.23355E-02
 -1       262 1.19995E+00 1.64335E-03 3.60180E-02
 -1       267 1.16697E+00-1.44498E-02-4.33494E-04
 -1       268 1.20064E+00-3.60336E-02-1.08101E-03
 -1       269 1.23303E+00 1.44498E-02 4.33494E-04
 -1       270 1.19936E+00 3.60336E-02 1.08101E-03
 -1       301-1.19302E+00-2.96955E-03 1.96475E+00
 -1       302-1.22984E+00 1.30746E-03 1.97980E+00
 -1       303-1.20698E+00 2.96955E-03 2.03525E+00
 -1       304-1.17016E+00-1.30746E-03 2.02020E+00
 -1       309-1.19898E+00-3.38645E-02 1.98766E+00
 -1       310-1.19995E+00-1.64335E-03 1.96398E+00
 -1       311-1.20102E+00 3.38645E-02 2.01234E+00
 -1       312-1.20005E+00 1.64335E-03 2.03602E+00
 -1       317-1.23303E+00-1.44498E-02 1.99957E+00
 -1       318-1.19936E+00-3.60336E-02 1.99892E+00
 -1       319-1.16697E+00 1.44498E-02 2.00043E+00
 -1       320-1.20064E+00 3.60336E-02 2.00108E+00
 -1       351 1.20330E+00-1.36844E-03 1.96412E+00
 -1       352 1.16826E+00-3.59743E-03 1.98329E+00
 -1       353 1.19670E+00 1.36844E-03 2.03588E+00
 -1       354 1.23174E+00 3.59743E-03 2.01671E+00
 -1       359 1.19898E+00-3.40950E-02 1.98832E+00
 -1       360 1.19993E+00-2.33416E-03 1.96402E+00
 -1       361 1.20102E+00 3.40950E-02 2.01168E+00
 -1       362 1.20007E+00 2.33416E-03 2.03598E+00
 -1       367 1.16646E+00-1.32202E-02 2.00040E+00
 -1       368 1.19931E+00-3.60327E-02 2.00108E+00
 -1       369 1.23354E+00 1.32202E-02 1.99960E+00
 -1       370 1.20069E+00 3.60327E-02 1.99892E+00
 -1       401-1.19523E+00 9.99978E+00-3.57380E-02
 -1       402-1.23115E+00 1.00002E+01-1.81496E-02
 -1       403-1.20477E+00 1.00002E+01 3.57380E-02
 -1       404-1.16885E+00 9.99978E+00 1.81496E-02
 -1       409-1.20102E+00 9.96591E+00-1.16828E-02
 -1       410-1.20007E+00 9.99767E+00-3.59798E-02
 -1       411-1.19898E+00 1.00341E+01 1.16828E-02
 -1       412-1.19993E+00 1.00023E+01 3.59798E-02
 -1       417-1.23354E+00 9.98678E+00 3.96605E-04
 -1       418-1.20069E+00 9.96397E+00 1.08098E-03
 -1       419-1.16646E+00 1.00132E+01-3.96605E-04
 -1       420-1.19931E+00 1.00360E+01-1.08098E-03
 -1       451 1.20446E+00 9.99951E+00-3.57753E-02
 -1       452 1.16869E+00 9.99942E+00-1.78705E-02
 -1       453 1.19554E+00 1.00005E+01 3.57753E-02
 -1       454 1.23131E+00 1.00006E+01 1.78705E-02
 -1       459 1.20102E+00 9.96614E+00-1.23355E-02
 -1       460 1.20005E+00 9.99836E+00-3.60180E-02
 -1       461 1.19898E+00 1.00339E+01 1.23355E-02
 -1       462 1.19995E+00 1.00016E+01 3.60180E-02
 -1       467 1.16697E+00 9.98555E+00-4.33494E-04
 -1       468 1.20064E+00 9.96397E+00-1.08101E-03
 -1       469 1.23303E+00 1.00145E+01 4.33494E-04
 -1       470 1.19936E+00 1.00360E+01 1.08101E-03
 -1       501-1.19546E+00 1.00005E+01 1.96424E+00
 -1       502-1.23127E+00 1.00006E+01 1.98206E+00
 -1       503-1.20454E+00 9.99951E+00 2.03576E+00
 -1       504-1.16873E+00 9.99942E+00 2.01794E+00
 -1       509-1.19898E+00 9.96614E+00 1.98766E+00
 -1       510-1.19995E+00 9.99836E+00 1.96398E+00
 -1       511-1.20102E+00 1.00339E+01 2.01234E+00
 -1       512-1.20005E+00 1.00016E+01 2.03602E+00
 -1       517-1.23303E+00 9.98555E+00 1.99957E+00
 -1       518-1.19936E+00 9.96397E+00 1.99892E+00
 -1       519-1.16697E+00 1.00145E+01 2.00043E+00
 -1       520-1.20064E+00 1.00360E+01 2.00108E+00
 -1       551 1.20422E+00 1.00002E+01 1.96419E+00
 -1       552 1.16857E+00 9.99978E+00 1.98233E+00
 -1       553 1.19578E+00 9.99978E+00 2.03581E+00
 -1       554 1.23143E+00 1.00002E+01 2.01767E+00
 -1       559 1.19898E+00 9.96591E+00 1.98832E+00
 -1       560 1.19993E+00 9.99767E+00 1.96402E+00
 -1       561 1.20102E+00 1.00341E+01 2.01168E+00
 -1       562 1.20007E+00 1.00023E+01 2.03598E+00
 -1       567 1.16646E+00 9.98678E+00 2.00040E+00
 -1       568 1.19931E+00 9.96397E+00 2.00108E+00
 -1       569 1.23354E+00 1.00132E+01 1.99960E+00
 -1       570 1.20069E+00 1.00360E+01 1.99892E+00
 -1       601-1.19511E+00 1.99993E+01-3.57158E-02
 -1       602-1.23109E+00 2.00000E+01-1.82590E-02
 -1       603-1.20489E+00 2.00007E+01 3.57158E-02
 -1       604-1.16891E+00 2.00000E+01 1.82590E-02
 -1       609-1.20102E+00 1.99659E+01-1.16828E-02
 -1       610-1.20007E+00 1.99977E+01-3.59798E-02
 -1       611-1.19898E+00 2.00341E+01 1.16828E-02
 -1       612-1.19993E+00 2.00023E+01 3.59798E-02
 -1       617-1.23354E+00 1.99868E+01 3.96605E-04
 -1       618-1.20069E+00 1.99640E+01 1.08098E-03
 -1       619-1.16646E+00 2.00132E+01-3.96605E-04
 -1       620-1.19931E+00 2.00360E+01-1.08098E-03
 -1       651 1.20433E+00 1.99999E+01-3.57951E-02
 -1       652 1.16862E+00 1.99996E+01-1.77593E-02
 -1       653 1.19567E+00 2.00001E+01 3.57951E-02
 -1       654 1.23138E+00 2.00004E+01 1.77593E-02
 -1       659 1.20102E+00 1.99661E+01-1.23355E-02
 -1       660 1.20005E+00 1.99984E+01-3.60180E-02
 -1       661 1.19898E+00 2.00339E+01 1.23355E-02
 -1       662 1.19995E+00 2.00016E+01 3.60180E-02
 -1       667 1.16697E+00 1.99855E+01-4.33494E-04
 -1       668 1.20064E+00 1.99640E+01-1.08101E-03
 -1       669 1.23303E+00 2.00145E+01 4.33494E-04
 -1       670 1.19936E+00 2.00360E+01 1.08101E-03
 -1       701-1.19533E+00 2.00001E+01 1.96425E+00
 -1       702-1.23120E+00 2.00004E+01 1.98194E+00
 -1       703-1.20467E+00 1.99999E+01 2.03575E+00
 -1       704-1.16880E+00 1.99996E+01 2.01806E+00
 -1       709-1.19898E+00 1.99661E+01 1.98766E+00
 -1       710-1.19995E+00 1.99984E+01 1.96398E+00
 -1       711-1.20102E+00 2.00339E+01 2.01234E+00
 -1       712-1.20005E+00 2.00016E+01 2.03602E+00
 -1       717-1.23303E+00 1.99855E+01 1.99957E+00
 -1       718-1.19936E+00 1.99640E+01 1.99892E+00
 -1       719-1.16697E+00 2.00145E+01 2.00043E+00
 -1       720-1.20064E+00 2.00360E+01 2.00108E+00
 -1       751 1.20409E+00 2.00007E+01 1.96418E+00
 -1       752 1.16851E+00 2.00000E+01 1.98245E+00
 -1       753 1.19591E+00 1.99993E+01 2.03582E+00
 -1       754 1.23149E+00 2.00000E+01 2.01755E+00
 -1       759 1.19898E+00 1.99659E+01 1.98832E+00
 -1       760 1.19993E+00 1.99977E+01 1.96402E+00
 -1       761 1.20102E+00 2.00341E+01 2.01168E+00
 -1       762 1.20007E+00 2.00023E+01 2.03598E+00
 -1       767 1.16646E+00 1.99868E+01 2.00040E+00
 -1       768 1.19931E+00 1.99640E+01 2.00108E+00
 -1       769 1.23354E+00 2.00132E+01 1.99960E+00
 -1       770 1.20069E+00 2.00360E+01 1.99892E+00
 -1       801-1.19518E+00 2.99996E+01-3.57298E-02
 -1       802-1.23113E+00 3.00001E+01-1.81933E-02
 -1       803-1.20482E+00 3.00004E+01 3.57298E-02
 -1       804-1.16887E+00 2.99999E+01 1.81933E-02
 -1       809-1.20102E+00 2.99659E+01-1.16828E-02
 -1       810-1.20007E+00 2.99977E+01-3.59798E-02
 -1       811-1.19898E+00 3.00341E+01 1.16828E-02
 -1       812-1.19993E+00 3.00023E+01 3.59798E-02
 -1       817-1.23354E+00 2.99868E+01 3.96605E-04
 -1       818-1.20069E+00 2.99640E+01 1.08098E-03
 -1       819-1.16646E+00 3.00132E+01-3.96605E-04
 -1       820-1.19931E+00 3.00360E+01-1.08098E-03
 -1       851 1.20440E+00 2.99997E+01-3.57845E-02
 -1       852 1.16866E+00 2.99995E+01-1.78229E-02
 -1       853 1.19560E+00 3.00003E+01 3.57845E-02
 -1       854 1.23134E+00 3.00005E+01 1.78229E-02
 -1       859 1.20102E+00 2.99661E+01-1.23355E-02
 -1       860 1.20005E+00 2.99984E+01-3.60180E-02
 -1       861 1.19898E+00 3.00339E+01 1.23355E-02
 -1       862 1.19995E+00 3.00016E+01 3.60180E-02
 -1       867 1.16697E+00 2.99855E+01-4.33494E-04
 -1       868 1.20064E+00 2.99640E+01-1.08101E-03
 -1       869 1.23303E+00 3.00145E+01 4.33494E-04
 -1       870 1.19936E+00 3.00360E+01 1.08101E-03
 -1       901-1.19541E+00 3.00003E+01 1.96424E+00
 -1       902-1.23124E+00 3.00005E+01 1.98201E+00
 -1       903-1.20459E+00 2.99997E+01 2.03576E+00
 -1       904-1.16876E+00 2.99995E+01 2.01799E+00
 -1       909-1.19898E+00 2.99661E+01 1.98766E+00
 -1       910-1.19995E+00 2.99984E+01 1.96398E+00
 -1       911-1.20102E+00 3.00339E+01 2.01234E+00
 -1       912-1.20005E+00 3.00016E+01 2.03602E+00
 -1       917-1.23303E+00 2.99855E+01 1.99957E+00
 -1       918-1.19936E+00 2.99640E+01 1.99892E+00
 -1       919-1.16697E+00 3.00145E+01 2.00043E+00
 -1       920-1.20064E+00 3.00360E+01 2.00108E+00
 -1       951 1.20416E+00 3.00004E+01 1.96419E+00
 -1       952 1.16854E+00 2.99999E+01 1.98238E+00
 -1       953 1.19584E+00 2.99996E+01 2.03581E+00
 -1       954 1.23146E+00 3.00001E+01 2.01762E+00
 -1       959 1.19898E+00 2.99659E+01 1.98832E+00
 -1       960 1.19993E+00 2.99977E+01 1.96402E+00
 -1       961 1.20102E+00 3.00341E+01 2.01168E+00
 -1       962 1.20007E+00 3.00023E+01 2.03598E+00
 -1       967 1.16646E+00 2.99868E+01 2.00040E+00
 -1       968 1.19931E+00 2.99640E+01 2.00108E+00
 -1       969 1.23354E+00 3.00132E+01 1.99960E+00
 -1       970 1.20069E+00 3.00360E+01 1.99892E+00
 -1      1001-1.19629E+00 3.99997E+01-3.58628E-02
 -1      1002-1.23165E+00 3.99985E+01-1.72045E-02
 -1      1003-1.20371E+00 4.00003E+01 3.58628E-02
 -1      1004-1.16835E+00 4.00015E+01 1.72045E-02
 -1      1009-1.20145E+00 3.99659E+01-1.15569E-02
 -1      1010-1.20010E+00 3.99975E+01-3.59709E-02
 -1      1011-1.19855E+00 4.00341E+01 1.15569E-02
 -1      1012-1.19990E+00 4.00025E+01 3.59709E-02
 -1      1017-1.23365E+00 3.99871E+01 5.48678E-04
 -1      1018-1.20099E+00 3.99640E+01 1.52775E-03
 -1      1019-1.16635E+00 4.00129E+01-5.48678E-04
 -1      1020-1.19901E+00 4.00360E+01-1.52775E-03
 -1      1025-1.19212E+00 3.99983E+01-3.51449E-02
 -1      1026-1.22911E+00 4.00038E+01-2.09329E-02
 -1      1027-1.20788E+00 4.00017E+01 3.51449E-02
 -1      1028-1.17089E+00 3.99962E+01 2.09329E-02
 -1      1067 1.20441E+00 3.99995E+01-3.57811E-02
 -1      1068 1.16867E+00 3.99993E+01-1.78307E-02
 -1      1069 1.19559E+00 4.00005E+01 3.57811E-02
 -1      1070 1.23133E+00 4.00007E+01 1.78307E-02
 -1      1075 1.20143E+00 3.99662E+01-1.24797E-02
 -1      1076 1.20006E+00 3.99985E+01-3.60247E-02
 -1      1077 1.19857E+00 4.00338E+01 1.24797E-02
 -1      1078 1.19994E+00 4.00015E+01 3.60247E-02
 -1      1083 1.16707E+00 3.99853E+01-6.22501E-04
 -1      1084 1.20089E+00 3.99640E+01-1.52786E-03
 -1      1085 1.23293E+00 4.00147E+01 6.22501E-04
 -1      1086 1.19911E+00 4.00360E+01 1.52786E-03
 -1      1117-1.19668E+00 4.00008E+01 1.96411E+00
 -1      1118-1.23183E+00 3.99990E+01 1.98310E+00
 -1      1119-1.20332E+00 3.99992E+01 2.03589E+00
 -1      1120-1.16817E+00 4.00010E+01 2.01690E+00
 -1      1125-1.19857E+00 3.99662E+01 1.98752E+00
 -1      1126-1.19994E+00 3.99985E+01 1.96398E+00
 -1      1127-1.20143E+00 4.00338E+01 2.01248E+00
 -1      1128-1.20006E+00 4.00015E+01 2.03602E+00
 -1      1133-1.23293E+00 3.99853E+01 1.99938E+00
 -1      1134-1.19911E+00 3.99640E+01 1.99847E+00
 -1      1135-1.16707E+00 4.00147E+01 2.00062E+00
 -1      1136-1.20089E+00 4.00360E+01 2.00153E+00
 -1      1141-1.19293E+00 3.99972E+01 1.96476E+00
 -1      1142-1.22977E+00 4.00016E+01 1.97971E+00
 -1      1143-1.20707E+00 4.00028E+01 2.03524E+00
 -1      1144-1.17023E+00 3.99984E+01 2.02029E+00
 -1      1183 1.20412E+00 4.00004E+01 1.96418E+00
 -1      1184 1.16852E+00 3.99998E+01 1.98242E+00
 -1      1185 1.19588E+00 3.99996E+01 2.03582E+00
 -1      1186 1.23148E+00 4.00002E+01 2.01758E+00
 -1      1191 1.19855E+00 3.99659E+01 1.98844E+00
 -1      1192 1.19990E+00 3.99975E+01 1.96403E+00
 -1      1193 1.20145E+00 4.00341E+01 2.01156E+00
 -1      1194 1.20010E+00 4.00025E+01 2.03597E+00
 -1      1199 1.16635E+00 3.99871E+01 2.00055E+00
 -1      1200 1.19901E+00 3.99640E+01 2.00153E+00
 -1      1201 1.23365E+00 4.00129E+01 1.99945E+00
 -1      1202 1.20099E+00 4.00360E+01 1.99847E+00
 -1      1233-1.19603E+00 4.99977E+01-3.57623E-02
 -1      1234-1.23148E+00 4.99968E+01-1.72678E-02
 -1      1235-1.20397E+00 5.00023E+01 3.57623E-02
 -1      1236-1.16852E+00 5.00032E+01 1.72678E-02
 -1      1241-1.20157E+00 4.99659E+01-1.15220E-02
 -1      1242-1.20011E+00 4.99975E+01-3.59684E-02
 -1      1243-1.19843E+00 5.00341E+01 1.15220E-02
 -1      1244-1.19989E+00 5.00025E+01 3.59684E-02
 -1      1249-1.23368E+00 4.99872E+01 5.90072E-04
 -1      1250-1.20108E+00 4.99640E+01 1.65325E-03
 -1      1251-1.16632E+00 5.00128E+01-5.90072E-04
 -1      1252-1.19892E+00 5.00360E+01-1.65325E-03
 -1      1283 1.20656E+00 4.99963E+01-3.52652E-02
 -1      1284 1.16986E+00 5.00001E+01-1.97939E-02
 -1      1285 1.19344E+00 5.00037E+01 3.52652E-02
 -1      1286 1.23014E+00 4.99999E+01 1.97939E-02
 -1      1291 1.20155E+00 4.99662E+01-1.25208E-02
 -1      1292 1.20007E+00 4.99986E+01-3.60265E-02
 -1      1293 1.19845E+00 5.00338E+01 1.25208E-02
 -1      1294 1.19993E+00 5.00014E+01 3.60265E-02
 -1      1299 1.16710E+00 4.99853E+01-6.76580E-04
 -1      1300 1.20096E+00 4.99640E+01-1.65341E-03
 -1      1301 1.23290E+00 5.00147E+01 6.76580E-04
 -1      1302 1.19904E+00 5.00360E+01 1.65341E-03
 -1      1333-1.19817E+00 5.00034E+01 1.96415E+00
 -1      1334-1.23247E+00 4.99994E+01 1.98433E+00
 -1      1335-1.20183E+00 4.99966E+01 2.03585E+00
 -1      1336-1.16753E+00 5.00006E+01 2.01567E+00
 -1      1341-1.19845E+00 4.99662E+01 1.98748E+00
 -1      1342-1.19993E+00 4.99986E+01 1.96397E+00
 -1      1343-1.20155E+00 5.00338E+01 2.01252E+00
 -1      1344-1.20007E+00 5.00014E+01 2.03603E+00
 -1      1349-1.23290E+00 4.99853E+01 1.99932E+00
 -1      1350-1.19904E+00 4.99640E+01 1.99835E+00
 -1      1351-1.16710E+00 5.00147E+01 2.00068E+00
 -1      1352-1.20096E+00 5.00360E+01 2.00165E+00
 -1      1383 1.20507E+00 5.00022E+01 1.96437E+00
 -1      1384 1.16907E+00 5.00033E+01 1.98177E+00
 -1      1385 1.19493E+00 4.99978E+01 2.03563E+00
 -1      1386 1.23093E+00 4.99967E+01 2.01823E+00
 -1      1391 1.19843E+00 4.99659E+01 1.98848E+00
 -1      1392 1.19989E+00 4.99975E+01 1.96403E+00
 -1      1393 1.20157E+00 5.00341E+01 2.01152E+00
 -1      1394 1.20011E+00 5.00025E+01 2.03597E+00
 -1      1399 1.16632E+00 4.99872E+01 2.00059E+00
 -1      1400 1.19892E+00 4.99640E+01 2.00165E+00
 -1      1401 1.23368E+00 5.00128E+01 1.99941E+00
 -1      1402 1.20108E+00 5.00360E+01 1.99835E+00
 -1      1433-1.19553E+00 5.00000E+00-1.85778E-01
 -1      1434-1.23131E+00 5.00000E+00-1.67883E-01
 -1      1435-1.20447E+00 5.00000E+00-1.14222E-01
 -1      1436-1.16869E+00 5.00000E+00-1.32117E-01
 -1      1441 1.20447E+00 5.00000E+00 1.14222E-01
 -1      1442 1.16869E+00 5.00000E+00 1.32117E-01
 -1      1443 1.19553E+00 5.00000E+00 1.85778E-01
 -1      1444 1.23131E+00 5.00000E+00 1.67883E-01
 -1      1449-1.19553E+00 5.00000E+00 1.81422E+00
 -1      1450-1.23131E+00 5.00000E+00 1.83212E+00
 -1      1451-1.20447E+00 5.00000E+00 1.88578E+00
 -1      1452-1.16869E+00 5.00000E+00 1.86788E+00
 -1      1457 1.20447E+00 5.00000E+00 2.11422E+00
 -1      1458 1.16869E+00 5.00000E+00 2.13212E+00
 -1      1459 1.19553E+00 5.00000E+00 2.18578E+00
 -1      1460 1.23131E+00 5.00000E+00 2.16788E+00
 -1      1465-1.19522E+00 2.24989E+01-1.41787E-01
 -1      1466-1.23115E+00 2.24995E+01-1.24216E-01
 -1      1467-1.20478E+00 2.25011E+01-7.03450E-02
 -1      1468-1.16885E+00 2.25005E+01-8.79159E-02
 -1      1473-1.19553E+00 2.50000E+01-1.85777E-01
 -1      1474-1.23131E+00 2.50000E+01-1.67887E-01
 -1      1475-1.20447E+00 2.50000E+01-1.14223E-01
 -1      1476-1.16869E+00 2.50000E+01-1.32113E-01
 -1      1481-1.19586E+00 2.75011E+01-1.41867E-01
 -1      1482-1.23147E+00 2.75005E+01-1.23652E-01
 -1      1483-1.20414E+00 2.74989E+01-7.02647E-02
 -1      1484-1.16853E+00 2.74995E+01-8.84797E-02
 -1      1489 1.20414E+00 2.25011E+01 7.02647E-02
 -1      1490 1.16853E+00 2.25005E+01 8.84797E-02
 -1      1491 1.19586E+00 2.24989E+01 1.41867E-01
 -1      1492 1.23147E+00 2.24995E+01 1.23652E-01
 -1      1497 1.20447E+00 2.50000E+01 1.14223E-01
 -1      1498 1.16869E+00 2.50000E+01 1.32113E-01
 -1      1499 1.19553E+00 2.50000E+01 1.85777E-01
 -1      1500 1.23131E+00 2.50000E+01 1.67887E-01
 -1      1505 1.20478E+00 2.74989E+01 7.03450E-02
 -1      1506 1.16885E+00 2.74995E+01 8.79159E-02
 -1      1507 1.19522E+00 2.75011E+01 1.41787E-01
 -1      1508 1.23115E+00 2.75005E+01 1.24216E-01
 -1      1513-1.19522E+00 2.24989E+01 1.85821E+00
 -1      1514-1.23115E+00 2.24995E+01 1.87578E+00
 -1      1515-1.20478E+00 2.25011E+01 1.92966E+00
 -1      1516-1.16885E+00 2.25005E+01 1.91208E+00
 -1      1521-1.19553E+00 2.50000E+01 1.81422E+00
 -1      1522-1.23131E+00 2.50000E+01 1.83211E+00
 -1      1523-1.20447E+00 2.50000E+01 1.88578E+00
 -1      1524-1.16869E+00 2.50000E+01 1.86789E+00
 -1      1529-1.19586E+00 2.75011E+01 1.85813E+00
 -1      1530-1.23147E+00 2.75005E+01 1.87635E+00
 -1      1531-1.20414E+00 2.74989E+01 1.92974E+00
 -1      1532-1.16853E+00 2.74995E+01 1.91152E+00
 -1      1537 1.20414E+00 2.25011E+01 2.07026E+00
 -1      1538 1.16853E+00 2.25005E+01 2.08848E+00
 -1      1539 1.19586E+00 2.24989E+01 2.14187E+00
 -1      1540 1.23147E+00 2.24995E+01 2.12365E+00
 -1      1545 1.20447E+00 2.50000E+01 2.11422E+00
 -1      1546 1.16869E+00 2.50000E+01 2.13211E+00
 -1      1547 1.19553E+00 2.50000E+01 2.18578E+00
 -1      1548 1.23131E+00 2.50000E+01 2.16789E+00
 -1      1553 1.20478E+00 2.74989E+01 2.07034E+00
 -1      1554 1.16885E+00 2.74995E+01 2.08792E+00
 -1      1555 1.19522E+00 2.75011E+01 2.14179E+00
 -1      1556 1.23115E+00 2.75005E+01 2.12422E+00
 -1      1561-1.19522E+00 3.24989E+01-1.41787E-01
 -1      1562-1.23115E+00 3.24995E+01-1.24216E-01
 -1      1563-1.20478E+00 3.25011E+01-7.03450E-02
 -1      1564-1.16885E+00 3.25005E+01-8.79159E-02
 -1      1569-1.19553E+00 3.50000E+01-1.85777E-01
 -1      1570-1.23131E+00 3.50000E+01-1.67887E-01
 -1      1571-1.20447E+00 3.50000E+01-1.14223E-01
 -1      1572-1.16869E+00 3.50000E+01-1.32113E-01
 -1      1577-1.19586E+00 3.75011E+01-1.41867E-01
 -1      1578-1.23147E+00 3.75005E+01-1.23652E-01
 -1      1579-1.20414E+00 3.74989E+01-7.02647E-02
 -1      1580-1.16853E+00 3.74995E+01-8.84797E-02
 -1      1585 1.20414E+00 3.25011E+01 7.02647E-02
 -1      1586 1.16853E+00 3.25005E+01 8.84797E-02
 -1      1587 1.19586E+00 3.24989E+01 1.41867E-01
 -1      1588 1.23147E+00 3.24995E+01 1.23652E-01
 -1      1593 1.20447E+00 3.50000E+01 1.14223E-01
 -1      1594 1.16869E+00 3.50000E+01 1.32113E-01
 -1      1595 1.19553E+00 3.50000E+01 1.85777E-01
 -1      1596 1.23131E+00 3.50000E+01 1.67887E-01
 -1      1601 1.20478E+00 3.74989E+01 7.03450E-02
 -1      1602 1.16885E+00 3.74995E+01 8.79159E-02
 -1      1603 1.19522E+00 3.75011E+01 1.41787E-01
 -1      1604 1.23115E+00 3.75005E+01 1.24216E-01
 -1      1609-1.19522E+00 3.24989E+01 1.85821E+00
 -1      1610-1.23115E+00 3.24995E+01 1.87578E+00
 -1      1611-1.20478E+00 3.25011E+01 1.92966E+00
 -1      1612-1.16885E+00 3.25005E+01 1.91208E+00
 -1      1617-1.19553E+00 3.50000E+01 1.81422E+00
 -1      1618-1.23131E+00 3.50000E+01 1.83211E+00
 -1      1619-1.20447E+00 3.50000E+01 1.88578E+00
 -1      1620-1.16869E+00 3.50000E+01 1.86789E+00
 -1      1625-1.19586E+00 3.75011E+01 1.85813E+00
 -1      1626-1.23147E+00 3.75005E+01 1.87635E+00
 -1      1627-1.20414E+00 3.74989E+01 1.92974E+00
 -1      1628-1.16853E+00 3.74995E+01 1.91152E+00
 -1      1633 1.20414E+00 3.25011E+01 2.07026E+00
 -1      1634 1.16853E+00 3.25005E+01 2.08848E+00
 -1      1635 1.19586E+00 3.24989E+01 2.14187E+00
 -1      1636 1.23147E+00 3.24995E+01 2.12365E+00
 -1      1641 1.20447E+00 3.50000E+01 2.11422E+00
 -1      1642 1.16869E+00 3.50000E+01 2.13211E+00
 -1      1643 1.19553E+00 3.50000E+01 2.18578E+00
 -1      1644 1.23131E+00 3.50000E+01 2.16789E+00
 -1      1649 1.20478E+00 3.74989E+01 2.07034E+00
 -1      1650 1.16885E+00 3.74995E+01 2.08792E+00
 -1      1651 1.19522E+00 3.75011E+01 2.14179E+00
 -1      1652 1.23115E+00 3.75005E+01 2.12422E+00
 -1      1657-1.19553E+00 4.50000E+01-1.85778E-01
 -1      1658-1.23131E+00 4.50000E+01-1.67883E-01
 -1      1659-1.20447E+00 4.50000E+01-1.14222E-01
 -1      1660-1.16869E+00 4.50000E+01-1.32117E-01
 -1      1665 1.20447E+00 4.50000E+01 1.14222E-01
 -1      1666 1.16869E+00 4.50000E+01 1.32117E-01
 -1      1667 1.19553E+00 4.50000E+01 1.85778E-01
 -1      1668 1.23131E+00 4.50000E+01 1.67883E-01
 -1      1673-1.19553E+00 4.50000E+01 1.81422E+00
 -1      1674-1.23131E+00 4.50000E+01 1.83212E+00
 -1      1675-1.20447E+00 4.50000E+01 1.88578E+00
 -1      1676-1.16869E+00 4.50000E+01 1.86788E+00
 -1      1681 1.20447E+00 4.50000E+01 2.11422E+00
 -1      1682 1.16869E+00 4.50000E+01 2.13212E+00
 -1      1683 1.19553E+00 4.50000E+01 2.18578E+00
 -1      1684 1.23131E+00 4.50000E+01 2.16788E+00
 -1      1689 0.00000E+00-6.99992E-02-1.20023E-02
 -1      1690 0.00000E+00-3.79975E-02-3.60001E-02
 -1      1691 0.00000E+00-2.00083E-03 1.20023E-02
 -1      1692 0.00000E+00-3.40025E-02 3.60001E-02
 -1      1697 0.00000E+00 2.00083E-03 1.98800E+00
 -1      1698 0.00000E+00 3.40025E-02 1.96400E+00
 -1      1699 0.00000E+00 6.99992E-02 2.01200E+00
 -1      1700 0.00000E+00 3.79975E-02 2.03600E+00
 -1      1705-1.23329E+00 1.61495E-02 1.00000E+00
 -1      1706-1.20002E+00-6.05551E-03 1.00000E+00
 -1      1707-1.16671E+00 4.38505E-02 1.00000E+00
 -1      1708-1.19998E+00 6.60555E-02 1.00000E+00
 -1      1713 1.16671E+00-4.38505E-02 1.00000E+00
 -1      1714 1.19998E+00-6.60555E-02 1.00000E+00
 -1      1715 1.23329E+00-1.61495E-02 1.00000E+00
 -1      1716 1.20002E+00 6.05551E-03 1.00000E+00
 -1      1721 0.00000E+00 9.93000E+00-1.20023E-02
 -1      1722 0.00000E+00 9.96200E+00-3.60001E-02
 -1      1723 0.00000E+00 9.99800E+00 1.20023E-02
 -1      1724 0.00000E+00 9.96600E+00 3.60001E-02
 -1      1729 0.00000E+00 1.00020E+01 1.98800E+00
 -1      1730 0.00000E+00 1.00340E+01 1.96400E+00
 -1      1731 0.00000E+00 1.00700E+01 2.01200E+00
 -1      1732 0.00000E+00 1.00380E+01 2.03600E+00
 -1      1737-1.23329E+00 1.00161E+01 1.00000E+00
 -1      1738-1.20002E+00 9.99394E+00 1.00000E+00
 -1      1739-1.16671E+00 1.00439E+01 1.00000E+00
 -1      1740-1.19998E+00 1.00661E+01 1.00000E+00
 -1      1745 1.16671E+00 9.95615E+00 1.00000E+00
 -1      1746 1.19998E+00 9.93394E+00 1.00000E+00
 -1      1747 1.23329E+00 9.98385E+00 1.00000E+00
 -1      1748 1.20002E+00 1.00061E+01 1.00000E+00
 -1      1753 0.00000E+00 1.99300E+01-1.20023E-02
 -1      1754 0.00000E+00 1.99620E+01-3.60001E-02
 -1      1755 0.00000E+00 1.99980E+01 1.20023E-02
 -1      1756 0.00000E+00 1.99660E+01 3.60001E-02
 -1      1761 0.00000E+00 2.00020E+01 1.98800E+00
 -1      1762 0.00000E+00 2.00340E+01 1.96400E+00
 -1      1763 0.00000E+00 2.00700E+01 2.01200E+00
 -1      1764 0.00000E+00 2.00380E+01 2.03600E+00
 -1      1769-1.23329E+00 2.00161E+01 1.00000E+00
 -1      1770-1.20002E+00 1.99939E+01 1.00000E+00
 -1      1771-1.16671E+00 2.00438E+01 1.00000E+00
 -1      1772-1.19998E+00 2.00661E+01 1.00000E+00
 -1      1777 1.16671E+00 1.99562E+01 1.00000E+00
 -1      1778 1.19998E+00 1.99339E+01 1.00000E+00
 -1      1779 1.23329E+00 1.99839E+01 1.00000E+00
 -1      1780 1.20002E+00 2.00061E+01 1.00000E+00
 -1      1785 0.00000E+00 2.99300E+01-1.20023E-02
 -1      1786 0.00000E+00 2.99620E+01-3.60001E-02
 -1      1787 0.00000E+00 2.99980E+01 1.20023E-02
 -1      1788 0.00000E+00 2.99660E+01 3.60001E-02
 -1      1793 0.00000E+00 3.00020E+01 1.98800E+00
 -1      1794 0.00000E+00 3.00340E+01 1.96400E+00
 -1      1795 0.00000E+00 3.00700E+01 2.01200E+00
 -1      1796 0.00000E+00 3.00380E+01 2.03600E+00
 -1      1801-1.23329E+00 3.00161E+01 1.00000E+00
 -1      1802-1.20002E+00 2.99939E+01 1.00000E+00
 -1      1803-1.16671E+00 3.00438E+01 1.00000E+00
 -1      1804-1.19998E+00 3.00661E+01 1.00000E+00
 -1      1809 1.16671E+00 2.99562E+01 1.00000E+00
 -1      1810 1.19998E+00 2.99339E+01 1.00000E+00
 -1      1811 1.23329E+00 2.99839E+01 1.00000E+00
 -1      1812 1.20002E+00 3.00061E+01 1.00000E+00
 -1      1817-6.01023E-01 3.99404E+01-1.16832E-02
 -1      1818-6.00070E-01 3.99722E+01-3.59798E-02
 -1      1819-5.98977E-01 4.00086E+01 1.16832E-02
 -1      1820-5.99930E-01 3.99769E+01 3.59798E-02
 -1      1825 0.00000E+00 3.99300E+01-1.20008E-02
 -1      1826 0.00000E+00 3.99620E+01-3.60000E-02
 -1      1827 0.00000E+00 3.99980E+01 1.20008E-02
 -1      1828 0.00000E+00 3.99660E+01 3.60000E-02
 -1      1833 6.01016E-01 3.99407E+01-1.23359E-02
 -1      1834 6.00049E-01 3.99729E+01-3.60180E-02
 -1      1835 5.98984E-01 4.00084E+01 1.23359E-02
 -1      1836 5.99951E-01 3.99762E+01 3.60180E-02
 -1      1841-5.98984E-01 3.99916E+01 1.98766E+00
 -1      1842-5.99951E-01 4.00238E+01 1.96398E+00
 -1      1843-6.01016E-01 4.00593E+01 2.01234E+00
 -1      1844-6.00049E-01 4.00271E+01 2.03602E+00
 -1      1849 0.00000E+00 4.00020E+01 1.98800E+00
 -1      1850 0.00000E+00 4.00340E+01 1.96400E+00
 -1      1851 0.00000E+00 4.00700E+01 2.01200E+00
 -1      1852 0.00000E+00 4.00380E+01 2.03600E+00
 -1      1857 5.98977E-01 3.99914E+01 1.98832E+00
 -1      1858 5.99930E-01 4.00231E+01 1.96402E+00
 -1      1859 6.01023E-01 4.00596E+01 2.01168E+00
 -1      1860 6.00070E-01 4.00278E+01 2.03598E+00
 -1      1865-1.23354E+00 4.00080E+01 5.00396E-01
 -1      1866-1.20070E+00 3.99852E+01 5.01081E-01
 -1      1867-1.16646E+00 4.00344E+01 4.99604E-01
 -1      1868-1.19930E+00 4.00572E+01 4.98919E-01
 -1      1873-1.23328E+00 4.00161E+01 1.00000E+00
 -1      1874-1.20001E+00 3.99939E+01 1.00000E+00
 -1      1875-1.16672E+00 4.00439E+01 1.00000E+00
 -1      1876-1.19999E+00 4.00661E+01 1.00000E+00
 -1      1881-1.23303E+00 4.00068E+01 1.49957E+00
 -1      1882-1.19936E+00 3.99852E+01 1.49892E+00
 -1      1883-1.16697E+00 4.00357E+01 1.50043E+00
 -1      1884-1.20064E+00 4.00572E+01 1.50108E+00
 -1      1889 1.16697E+00 3.99643E+01 4.99567E-01
 -1      1890 1.20064E+00 3.99428E+01 4.98919E-01
 -1      1891 1.23303E+00 3.99932E+01 5.00433E-01
 -1      1892 1.19936E+00 4.00148E+01 5.01081E-01
 -1      1897 1.16672E+00 3.99561E+01 1.00000E+00
 -1      1898 1.19999E+00 3.99339E+01 1.00000E+00
 -1      1899 1.23328E+00 3.99839E+01 1.00000E+00
 -1      1900 1.20001E+00 4.00061E+01 1.00000E+00
 -1      1905 1.16646E+00 3.99656E+01 1.50040E+00
 -1      1906 1.19930E+00 3.99428E+01 1.50108E+00
 -1      1907 1.23354E+00 3.99920E+01 1.49960E+00
 -1      1908 1.20070E+00 4.00148E+01 1.49892E+00
 -1      1913-9.01448E-01 4.99521E+01-1.15569E-02
 -1      1914-9.00105E-01 4.99838E+01-3.59710E-02
 -1      1915-8.98552E-01 5.00203E+01 1.15569E-02
 -1      1916-8.99895E-01 4.99887E+01 3.59710E-02
 -1      1921-6.01107E-01 4.99404E+01-1.16576E-02
 -1      1922-6.00077E-01 4.99722E+01-3.59781E-02
 -1      1923-5.98893E-01 5.00086E+01 1.16576E-02
 -1      1924-5.99923E-01 4.99769E+01 3.59781E-02
 -1      1929-3.00599E-01 4.99327E+01-1.18121E-02
 -1      1930-3.00039E-01 4.99645E+01-3.59884E-02
 -1      1931-2.99401E-01 5.00008E+01 1.18121E-02
 -1      1932-2.99961E-01 4.99689E+01 3.59884E-02
 -1      1937 0.00000E+00 4.99300E+01-1.20002E-02
 -1      1938 0.00000E+00 4.99620E+01-3.60000E-02
 -1      1939 0.00000E+00 4.99980E+01 1.20002E-02
 -1      1940 0.00000E+00 4.99660E+01 3.60000E-02
 -1      1945 3.00596E-01 4.99328E+01-1.21945E-02
 -1      1946 3.00032E-01 4.99649E+01-3.60109E-02
 -1      1947 2.99404E-01 5.00007E+01 1.21945E-02
 -1      1948 2.99968E-01 4.99685E+01 3.60109E-02
 -1      1953 6.01099E-01 4.99407E+01-1.23640E-02
 -1      1954 6.00052E-01 4.99729E+01-3.60194E-02
 -1      1955 5.98901E-01 5.00084E+01 1.23640E-02
 -1      1956 5.99948E-01 4.99762E+01 3.60194E-02
 -1      1961 9.01434E-01 4.99524E+01-1.24797E-02
 -1      1962 9.00063E-01 4.99847E+01-3.60247E-02
 -1      1963 8.98566E-01 5.00200E+01 1.24797E-02
 -1      1964 8.99937E-01 4.99877E+01 3.60247E-02
 -1      1969-8.98566E-01 4.99800E+01 1.98752E+00
 -1      1970-8.99937E-01 5.00123E+01 1.96398E+00
 -1      1971-9.01434E-01 5.00476E+01 2.01248E+00
 -1      1972-9.00063E-01 5.00153E+01 2.03602E+00
 -1      1977-5.98901E-01 4.99916E+01 1.98764E+00
 -1      1978-5.99948E-01 5.00238E+01 1.96398E+00
 -1      1979-6.01099E-01 5.00593E+01 2.01236E+00
 -1      1980-6.00052E-01 5.00271E+01 2.03602E+00
 -1      1985-2.99404E-01 4.99993E+01 1.98781E+00
 -1      1986-2.99968E-01 5.00315E+01 1.96399E+00
 -1      1987-3.00596E-01 5.00672E+01 2.01219E+00
 -1      1988-3.00032E-01 5.00351E+01 2.03601E+00
 -1      1993 0.00000E+00 5.00020E+01 1.98800E+00
 -1      1994 0.00000E+00 5.00340E+01 1.96400E+00
 -1      1995 0.00000E+00 5.00700E+01 2.01200E+00
 -1      1996 0.00000E+00 5.00380E+01 2.03600E+00
 -1      2001 2.99401E-01 4.99992E+01 1.98819E+00
 -1      2002 2.99961E-01 5.00311E+01 1.96401E+00
 -1      2003 3.00599E-01 5.00673E+01 2.01181E+00
 -1      2004 3.00039E-01 5.00355E+01 2.03599E+00
 -1      2009 5.98893E-01 4.99914E+01 1.98834E+00
 -1      2010 5.99923E-01 5.00231E+01 1.96402E+00
 -1      2011 6.01107E-01 5.00596E+01 2.01166E+00
 -1      2012 6.00077E-01 5.00278E+01 2.03598E+00
 -1      2017 8.98552E-01 4.99797E+01 1.98844E+00
 -1      2018 8.99895E-01 5.00113E+01 1.96403E+00
 -1      2019 9.01448E-01 5.00479E+01 2.01156E+00
 -1      2020 9.00105E-01 5.00162E+01 2.03597E+00
 -1      2025-1.23365E+00 4.99985E+01 2.50549E-01
 -1      2026-1.20099E+00 4.99755E+01 2.51528E-01
 -1      2027-1.16635E+00 5.00244E+01 2.49451E-01
 -1      2028-1.19901E+00 5.00475E+01 2.48472E-01
 -1      2033-1.23356E+00 5.00080E+01 5.00427E-01
 -1      2034-1.20075E+00 4.99852E+01 5.01170E-01
 -1      2035-1.16644E+00 5.00344E+01 4.99573E-01
 -1      2036-1.19925E+00 5.00572E+01 4.98830E-01
 -1      2041-1.23343E+00 5.00142E+01 7.50237E-01
 -1      2042-1.20040E+00 4.99917E+01 7.50633E-01
 -1      2043-1.16657E+00 5.00412E+01 7.49763E-01
 -1      2044-1.19960E+00 5.00638E+01 7.49367E-01
 -1      2049-1.23328E+00 5.00161E+01 1.00000E+00
 -1      2050-1.20000E+00 4.99939E+01 1.00000E+00
 -1      2051-1.16672E+00 5.00439E+01 1.00000E+00
 -1      2052-1.20000E+00 5.00661E+01 1.00000E+00
 -1      2057-1.23313E+00 5.00135E+01 1.24975E+00
 -1      2058-1.19962E+00 4.99917E+01 1.24937E+00
 -1      2059-1.16687E+00 5.00419E+01 1.25025E+00
 -1      2060-1.20038E+00 5.00638E+01 1.25063E+00
 -1      2065-1.23301E+00 5.00067E+01 1.49953E+00
 -1      2066-1.19931E+00 4.99852E+01 1.49883E+00
 -1      2067-1.16699E+00 5.00357E+01 1.50047E+00
 -1      2068-1.20069E+00 5.00572E+01 1.50117E+00
 -1      2073-1.23293E+00 4.99968E+01 1.74938E+00
 -1      2074-1.19911E+00 4.99755E+01 1.74847E+00
 -1      2075-1.16707E+00 5.00262E+01 1.75062E+00
 -1      2076-1.20089E+00 5.00475E+01 1.75153E+00
 -1      2081 1.16707E+00 4.99738E+01 2.49378E-01
 -1      2082 1.20089E+00 4.99525E+01 2.48472E-01
 -1      2083 1.23293E+00 5.00032E+01 2.50622E-01
 -1      2084 1.19911E+00 5.00245E+01 2.51528E-01
 -1      2089 1.16699E+00 4.99643E+01 4.99529E-01
 -1      2090 1.20069E+00 4.99428E+01 4.98830E-01
 -1      2091 1.23301E+00 4.99933E+01 5.00471E-01
 -1      2092 1.19931E+00 5.00148E+01 5.01170E-01
 -1      2097 1.16687E+00 4.99581E+01 7.49750E-01
 -1      2098 1.20038E+00 4.99362E+01 7.49367E-01
 -1      2099 1.23313E+00 4.99865E+01 7.50250E-01
 -1      2100 1.19962E+00 5.00083E+01 7.50633E-01
 -1      2105 1.16672E+00 4.99561E+01 1.00000E+00
 -1      2106 1.20000E+00 4.99339E+01 1.00000E+00
 -1      2107 1.23328E+00 4.99839E+01 1.00000E+00
 -1      2108 1.20000E+00 5.00061E+01 1.00000E+00
 -1      2113 1.16657E+00 4.99588E+01 1.25024E+00
 -1      2114 1.19960E+00 4.99362E+01 1.25063E+00
 -1      2115 1.23343E+00 4.99858E+01 1.24976E+00
 -1      2116 1.20040E+00 5.00083E+01 1.24937E+00
 -1      2121 1.16644E+00 4.99656E+01 1.50043E+00
 -1      2122 1.19925E+00 4.99428E+01 1.50117E+00
 -1      2123 1.23356E+00 4.99920E+01 1.49957E+00
 -1      2124 1.20075E+00 5.00148E+01 1.49883E+00
 -1      2129 1.16635E+00 4.99756E+01 1.75055E+00
 -1      2130 1.19901E+00 4.99525E+01 1.75153E+00
 -1      2131 1.23365E+00 5.00015E+01 1.74945E+00
 -1      2132 1.20099E+00 5.00245E+01 1.74847E+00
 -1      2137-1.19830E+00 5.03706E+00 8.14684E-01
 -1      2138-1.23259E+00 5.03303E+00 8.34874E-01
 -1      2139-1.20170E+00 5.02294E+00 8.85316E-01
 -1      2140-1.16741E+00 5.02697E+00 8.65126E-01
 -1      2145-1.19388E+00 5.02303E+00 1.11516E+00
 -1      2146-1.23044E+00 5.02621E+00 1.13106E+00
 -1      2147-1.20612E+00 5.03697E+00 1.18484E+00
 -1      2148-1.16956E+00 5.03379E+00 1.16894E+00
 -1      2153 1.20170E+00 5.03706E+00 8.14684E-01
 -1      2154 1.16741E+00 5.03303E+00 8.34874E-01
 -1      2155 1.19830E+00 5.02294E+00 8.85316E-01
 -1      2156 1.23259E+00 5.02697E+00 8.65126E-01
 -1      2161 1.20612E+00 5.02303E+00 1.11516E+00
 -1      2162 1.16956E+00 5.02621E+00 1.13106E+00
 -1      2163 1.19388E+00 5.03697E+00 1.18484E+00
 -1      2164 1.23044E+00 5.03379E+00 1.16894E+00
 -1      2169 1.59908E-01 4.96162E+00-3.45858E-02
 -1      2170 1.22767E-01 4.97054E+00-2.27077E-02
 -1      2171 1.40092E-01 4.96638E+00 3.45858E-02
 -1      2172 1.77233E-01 4.95746E+00 2.27077E-02
 -1      2177-1.49864E-01 4.96403E+00-3.60552E-02
 -1      2178-1.82310E-01 4.95625E+00-1.39967E-02
 -1      2179-1.50136E-01 4.96397E+00 3.60552E-02
 -1      2180-1.17690E-01 4.97175E+00 1.39967E-02
 -1      2185 1.59908E-01 4.96162E+00 1.96541E+00
 -1      2186 1.22767E-01 4.97054E+00 1.97729E+00
 -1      2187 1.40092E-01 4.96638E+00 2.03459E+00
 -1      2188 1.77233E-01 4.95746E+00 2.02271E+00
 -1      2193-1.49864E-01 4.96403E+00 1.96394E+00
 -1      2194-1.82310E-01 4.95625E+00 1.98600E+00
 -1      2195-1.50136E-01 4.96397E+00 2.03606E+00
 -1      2196-1.17690E-01 4.97175E+00 2.01400E+00
 -1      2201-1.19830E+00 1.50371E+01 8.14684E-01
 -1      2202-1.23259E+00 1.50330E+01 8.34874E-01
 -1      2203-1.20170E+00 1.50229E+01 8.85316E-01
 -1      2204-1.16741E+00 1.50270E+01 8.65126E-01
 -1      2209-1.19388E+00 1.50230E+01 1.11516E+00
 -1      2210-1.23044E+00 1.50262E+01 1.13106E+00
 -1      2211-1.20612E+00 1.50370E+01 1.18484E+00
 -1      2212-1.16956E+00 1.50338E+01 1.16894E+00
 -1      2217 1.20170E+00 1.50371E+01 8.14684E-01
 -1      2218 1.16741E+00 1.50330E+01 8.34874E-01
 -1      2219 1.19830E+00 1.50229E+01 8.85316E-01
 -1      2220 1.23259E+00 1.50270E+01 8.65126E-01
 -1      2225 1.20612E+00 1.50230E+01 1.11516E+00
 -1      2226 1.16956E+00 1.50262E+01 1.13106E+00
 -1      2227 1.19388E+00 1.50370E+01 1.18484E+00
 -1      2228 1.23044E+00 1.50338E+01 1.16894E+00
 -1      2233 1.59908E-01 1.49616E+01-3.45858E-02
 -1      2234 1.22767E-01 1.49705E+01-2.27077E-02
 -1      2235 1.40092E-01 1.49664E+01 3.45858E-02
 -1      2236 1.77233E-01 1.49575E+01 2.27077E-02
 -1      2241-1.49864E-01 1.49640E+01-3.60552E-02
 -1      2242-1.82310E-01 1.49562E+01-1.39967E-02
 -1      2243-1.50136E-01 1.49640E+01 3.60552E-02
 -1      2244-1.17690E-01 1.49718E+01 1.39967E-02
 -1      2249 1.59908E-01 1.49616E+01 1.96541E+00
 -1      2250 1.22767E-01 1.49705E+01 1.97729E+00
 -1      2251 1.40092E-01 1.49664E+01 2.03459E+00
 -1      2252 1.77233E-01 1.49575E+01 2.02271E+00
 -1      2257-1.49864E-01 1.49640E+01 1.96394E+00
 -1      2258-1.82310E-01 1.49562E+01 1.98600E+00
 -1      2259-1.50136E-01 1.49640E+01 2.03606E+00
 -1      2260-1.17690E-01 1.49718E+01 2.01400E+00
 -1      2265-1.19830E+00 2.50371E+01 8.14684E-01
 -1      2266-1.23259E+00 2.50330E+01 8.34874E-01
 -1      2267-1.20170E+00 2.50229E+01 8.85316E-01
 -1      2268-1.16741E+00 2.50270E+01 8.65126E-01
 -1      2273-1.19388E+00 2.50230E+01 1.11516E+00
 -1      2274-1.23044E+00 2.50262E+01 1.13106E+00
 -1      2275-1.20612E+00 2.50370E+01 1.18484E+00
 -1      2276-1.16956E+00 2.50338E+01 1.16894E+00
 -1      2281 1.20170E+00 2.50371E+01 8.14684E-01
 -1      2282 1.16741E+00 2.50330E+01 8.34874E-01
 -1      2283 1.19830E+00 2.50229E+01 8.85316E-01
 -1      2284 1.23259E+00 2.50270E+01 8.65126E-01
 -1      2289 1.20612E+00 2.50230E+01 1.11516E+00
 -1      2290 1.16956E+00 2.50262E+01 1.13106E+00
 -1      2291 1.19388E+00 2.50370E+01 1.18484E+00
 -1      2292 1.23044E+00 2.50338E+01 1.16894E+00
 -1      2297 1.59908E-01 2.49616E+01-3.45858E-02
 -1      2298 1.22767E-01 2.49705E+01-2.27077E-02
 -1      2299 1.40092E-01 2.49664E+01 3.45858E-02
 -1      2300 1.77233E-01 2.49575E+01 2.27077E-02
 -1      2305-1.49864E-01 2.49640E+01-3.60552E-02
 -1      2306-1.82310E-01 2.49562E+01-1.39967E-02
 -1      2307-1.50136E-01 2.49640E+01 3.60552E-02
 -1      2308-1.17690E-01 2.49718E+01 1.39967E-02
 -1      2313 1.59908E-01 2.49616E+01 1.96541E+00
 -1      2314 1.22767E-01 2.49705E+01 1.97729E+00
 -1      2315 1.40092E-01 2.49664E+01 2.03459E+00
 -1      2316 1.77233E-01 2.49575E+01 2.02271E+00
 -1      2321-1.49864E-01 2.49640E+01 1.96394E+00
 -1      2322-1.82310E-01 2.49562E+01 1.98600E+00
 -1      2323-1.50136E-01 2.49640E+01 2.03606E+00
 -1      2324-1.17690E-01 2.49718E+01 2.01400E+00
 -1      2329-1.19830E+00 3.50371E+01 8.14684E-01
 -1      2330-1.23259E+00 3.50330E+01 8.34874E-01
 -1      2331-1.20170E+00 3.50229E+01 8.85316E-01
 -1      2332-1.16741E+00 3.50270E+01 8.65126E-01
 -1      2337-1.19388E+00 3.50230E+01 1.11516E+00
 -1      2338-1.23044E+00 3.50262E+01 1.13106E+00
 -1      2339-1.20612E+00 3.50370E+01 1.18484E+00
 -1      2340-1.16956E+00 3.50338E+01 1.16894E+00
 -1      2345 1.20170E+00 3.50371E+01 8.14684E-01
 -1      2346 1.16741E+00 3.50330E+01 8.34874E-01
 -1      2347 1.19830E+00 3.50229E+01 8.85316E-01
 -1      2348 1.23259E+00 3.50270E+01 8.65126E-01
 -1      2353 1.20612E+00 3.50230E+01 1.11516E+00
 -1      2354 1.16956E+00 3.50262E+01 1.13106E+00
 -1      2355 1.19388E+00 3.50370E+01 1.18484E+00
 -1      2356 1.23044E+00 3.50338E+01 1.16894E+00
 -1      2361 1.59908E-01 3.49616E+01-3.45858E-02
 -1      2362 1.22767E-01 3.49705E+01-2.27077E-02
 -1      2363 1.40092E-01 3.49664E+01 3.45858E-02
 -1      2364 1.77233E-01 3.49575E+01 2.27077E-02
 -1      2369-1.49864E-01 3.49640E+01-3.60552E-02
 -1      2370-1.82310E-01 3.49562E+01-1.39967E-02
 -1      2371-1.50136E-01 3.49640E+01 3.60552E-02
 -1      2372-1.17690E-01 3.49718E+01 1.39967E-02
 -1      2377 1.59908E-01 3.49616E+01 1.96541E+00
 -1      2378 1.22767E-01 3.49705E+01 1.97729E+00
 -1      2379 1.40092E-01 3.49664E+01 2.03459E+00
 -1      2380 1.77233E-01 3.49575E+01 2.02271E+00
 -1      2385-1.49864E-01 3.49640E+01 1.96394E+00
 -1      2386-1.82310E-01 3.49562E+01 1.98600E+00
 -1      2387-1.50136E-01 3.49640E+01 2.03606E+00
 -1      2388-1.17690E-01 3.49718E+01 2.01400E+00
 -1      2393-1.19757E+00 4.12670E+01 1.57055E-01
 -1      2394-1.23227E+00 4.12640E+01 1.76710E-01
 -1      2395-1.20243E+00 4.12559E+01 2.28140E-01
 -1      2396-1.16773E+00 4.12590E+01 2.08485E-01
 -1      2401-1.19773E+00 4.25271E+01 3.58438E-01
 -1      2402-1.23234E+00 4.25238E+01 3.78214E-01
 -1      2403-1.20227E+00 4.25153E+01 4.29430E-01
 -1      2404-1.16766E+00 4.25186E+01 4.09654E-01
 -1      2409-1.19798E+00 4.37842E+01 5.76000E-01
 -1      2410-1.23245E+00 4.37805E+01 5.95959E-01
 -1      2411-1.20202E+00 4.37713E+01 6.46836E-01
 -1      2412-1.16755E+00 4.37749E+01 6.26877E-01
 -1      2417-1.19828E+00 4.50371E+01 8.14685E-01
 -1      2418-1.23258E+00 4.50330E+01 8.34863E-01
 -1      2419-1.20172E+00 4.50229E+01 8.85315E-01
 -1      2420-1.16742E+00 4.50270E+01 8.65137E-01
 -1      2425-1.19860E+00 4.62854E+01 1.07622E+00
 -1      2426-1.23272E+00 4.62809E+01 1.09662E+00
 -1      2427-1.20140E+00 4.62700E+01 1.14662E+00
 -1      2428-1.16728E+00 4.62745E+01 1.12622E+00
 -1      2433-1.19888E+00 4.75294E+01 1.35884E+00
 -1      2434-1.23284E+00 4.75246E+01 1.37943E+00
 -1      2435-1.20112E+00 4.75130E+01 1.42902E+00
 -1      2436-1.16716E+00 4.75178E+01 1.40843E+00
 -1      2441-1.19908E+00 4.87700E+01 1.65759E+00
 -1      2442-1.23292E+00 4.87650E+01 1.67830E+00
 -1      2443-1.20092E+00 4.87529E+01 1.72761E+00
 -1      2444-1.16708E+00 4.87580E+01 1.70689E+00
 -1      2449-1.19416E+00 4.12560E+01 1.77225E+00
 -1      2450-1.23060E+00 4.12585E+01 1.78856E+00
 -1      2451-1.20584E+00 4.12670E+01 1.84256E+00
 -1      2452-1.16940E+00 4.12644E+01 1.82625E+00
 -1      2457-1.19409E+00 4.25154E+01 1.57098E+00
 -1      2458-1.23056E+00 4.25181E+01 1.58719E+00
 -1      2459-1.20591E+00 4.25271E+01 1.64115E+00
 -1      2460-1.16944E+00 4.25244E+01 1.62494E+00
 -1      2465-1.19399E+00 4.37714E+01 1.35360E+00
 -1      2466-1.23051E+00 4.37743E+01 1.36967E+00
 -1      2467-1.20601E+00 4.37841E+01 1.42356E+00
 -1      2468-1.16949E+00 4.37812E+01 1.40749E+00
 -1      2473-1.19388E+00 4.50230E+01 1.11516E+00
 -1      2474-1.23044E+00 4.50262E+01 1.13106E+00
 -1      2475-1.20612E+00 4.50370E+01 1.18484E+00
 -1      2476-1.16956E+00 4.50338E+01 1.16894E+00
 -1      2481-1.19377E+00 4.62701E+01 8.53886E-01
 -1      2482-1.23038E+00 4.62736E+01 8.69618E-01
 -1      2483-1.20623E+00 4.62853E+01 9.23278E-01
 -1      2484-1.16962E+00 4.62819E+01 9.07546E-01
 -1      2489-1.19368E+00 4.75131E+01 5.71502E-01
 -1      2490-1.23034E+00 4.75168E+01 5.87093E-01
 -1      2491-1.20632E+00 4.75293E+01 6.40630E-01
 -1      2492-1.16966E+00 4.75257E+01 6.25039E-01
 -1      2497-1.19363E+00 4.87531E+01 2.72930E-01
 -1      2498-1.23031E+00 4.87568E+01 2.88429E-01
 -1      2499-1.20637E+00 4.87699E+01 3.41875E-01
 -1      2500-1.16969E+00 4.87661E+01 3.26376E-01
 -1      2505 1.20243E+00 4.12670E+01 1.57055E-01
 -1      2506 1.16773E+00 4.12640E+01 1.76710E-01
 -1      2507 1.19757E+00 4.12559E+01 2.28140E-01
 -1      2508 1.23227E+00 4.12590E+01 2.08485E-01
 -1      2513 1.20227E+00 4.25271E+01 3.58438E-01
 -1      2514 1.16766E+00 4.25238E+01 3.78214E-01
 -1      2515 1.19773E+00 4.25153E+01 4.29430E-01
 -1      2516 1.23234E+00 4.25186E+01 4.09654E-01
 -1      2521 1.20202E+00 4.37842E+01 5.76000E-01
 -1      2522 1.16755E+00 4.37805E+01 5.95959E-01
 -1      2523 1.19798E+00 4.37713E+01 6.46836E-01
 -1      2524 1.23245E+00 4.37749E+01 6.26877E-01
 -1      2529 1.20172E+00 4.50371E+01 8.14685E-01
 -1      2530 1.16742E+00 4.50330E+01 8.34863E-01
 -1      2531 1.19828E+00 4.50229E+01 8.85315E-01
 -1      2532 1.23258E+00 4.50270E+01 8.65137E-01
 -1      2537 1.20140E+00 4.62854E+01 1.07622E+00
 -1      2538 1.16728E+00 4.62809E+01 1.09662E+00
 -1      2539 1.19860E+00 4.62700E+01 1.14662E+00
 -1      2540 1.23272E+00 4.62745E+01 1.12622E+00
 -1      2545 1.20112E+00 4.75294E+01 1.35884E+00
 -1      2546 1.16716E+00 4.75246E+01 1.37943E+00
 -1      2547 1.19888E+00 4.75130E+01 1.42902E+00
 -1      2548 1.23284E+00 4.75178E+01 1.40843E+00
 -1      2553 1.20092E+00 4.87700E+01 1.65759E+00
 -1      2554 1.16708E+00 4.87650E+01 1.67830E+00
 -1      2555 1.19908E+00 4.87529E+01 1.72761E+00
 -1      2556 1.23292E+00 4.87580E+01 1.70689E+00
 -1      2561 1.20584E+00 4.12560E+01 1.77225E+00
 -1      2562 1.16940E+00 4.12585E+01 1.78856E+00
 -1      2563 1.19416E+00 4.12670E+01 1.84256E+00
 -1      2564 1.23060E+00 4.12644E+01 1.82625E+00
 -1      2569 1.20591E+00 4.25154E+01 1.57098E+00
 -1      2570 1.16944E+00 4.25181E+01 1.58719E+00
 -1      2571 1.19409E+00 4.25271E+01 1.64115E+00
 -1      2572 1.23056E+00 4.25244E+01 1.62494E+00
 -1      2577 1.20601E+00 4.37714E+01 1.35360E+00
 -1      2578 1.16949E+00 4.37743E+01 1.36967E+00
 -1      2579 1.19399E+00 4.37841E+01 1.42356E+00
 -1      2580 1.23051E+00 4.37812E+01 1.40749E+00
 -1      2585 1.20612E+00 4.50230E+01 1.11516E+00
 -1      2586 1.16956E+00 4.50262E+01 1.13106E+00
 -1      2587 1.19388E+00 4.50370E+01 1.18484E+00
 -1      2588 1.23044E+00 4.50338E+01 1.16894E+00
 -1      2593 1.20623E+00 4.62701E+01 8.53886E-01
 -1      2594 1.16962E+00 4.62736E+01 8.69618E-01
 -1      2595 1.19377E+00 4.62853E+01 9.23278E-01
 -1      2596 1.23038E+00 4.62819E+01 9.07546E-01
 -1      2601 1.20632E+00 4.75131E+01 5.71502E-01
 -1      2602 1.16966E+00 4.75168E+01 5.87093E-01
 -1      2603 1.19368E+00 4.75293E+01 6.40630E-01
 -1      2604 1.23034E+00 4.75257E+01 6.25039E-01
 -1      2609 1.20637E+00 4.87531E+01 2.72930E-01
 -1      2610 1.16969E+00 4.87568E+01 2.88429E-01
 -1      2611 1.19363E+00 4.87699E+01 3.41875E-01
 -1      2612 1.23031E+00 4.87661E+01 3.26376E-01
 -1      2617-8.31704E-01 4.12331E+01-3.42295E-02
 -1      2618-8.68791E-01 4.12437E+01-2.36225E-02
 -1      2619-8.53491E-01 4.12393E+01 3.42295E-02
 -1      2620-8.16404E-01 4.12287E+01 2.36225E-02
 -1      2625-4.83271E-01 4.24716E+01-3.43179E-02
 -1      2626-5.20380E-01 4.24818E+01-2.34066E-02
 -1      2627-5.04597E-01 4.24775E+01 3.43179E-02
 -1      2628-4.67488E-01 4.24673E+01 2.34066E-02
 -1      2633-1.51102E-01 4.37141E+01-3.44451E-02
 -1      2634-1.88233E-01 4.37237E+01-2.30837E-02
 -1      2635-1.71734E-01 4.37194E+01 3.44451E-02
 -1      2636-1.34603E-01 4.37098E+01 2.30837E-02
 -1      2641 1.59903E-01 4.49616E+01-3.45874E-02
 -1      2642 1.22764E-01 4.49705E+01-2.27035E-02
 -1      2643 1.40097E-01 4.49664E+01 3.45874E-02
 -1      2644 1.77236E-01 4.49575E+01 2.27035E-02
 -1      2649 4.48070E-01 4.62146E+01-3.47212E-02
 -1      2650 4.10939E-01 4.62229E+01-2.23246E-02
 -1      2651 4.29094E-01 4.62188E+01 3.47212E-02
 -1      2652 4.66225E-01 4.62106E+01 2.23246E-02
 -1      2657 7.15201E-01 4.74727E+01-3.48283E-02
 -1      2658 6.78091E-01 4.74803E+01-2.20050E-02
 -1      2659 6.96931E-01 4.74764E+01 3.48283E-02
 -1      2660 7.34041E-01 4.74688E+01 2.20050E-02
 -1      2665 9.66302E-01 4.87345E+01-3.48965E-02
 -1      2666 9.29212E-01 4.87417E+01-2.17923E-02
 -1      2667 9.48503E-01 4.87380E+01 3.48965E-02
 -1      2668 9.85593E-01 4.87307E+01 2.17923E-02
 -1      2673 8.42124E-01 4.12361E+01-3.60521E-02
 -1      2674 8.10413E-01 4.12270E+01-1.34113E-02
 -1      2675 8.43071E-01 4.12364E+01 3.60521E-02
 -1      2676 8.74781E-01 4.12454E+01 1.34113E-02
 -1      2681 4.93597E-01 4.24745E+01-3.60538E-02
 -1      2682 4.61712E-01 4.24657E+01-1.35445E-02
 -1      2683 4.94271E-01 4.24746E+01 3.60538E-02
 -1      2684 5.26156E-01 4.24834E+01 1.35445E-02
 -1      2689 1.61293E-01 4.37167E+01-3.60553E-02
 -1      2690 1.29148E-01 4.37084E+01-1.37478E-02
 -1      2691 1.61544E-01 4.37168E+01 3.60553E-02
 -1      2692 1.93688E-01 4.37251E+01 1.37478E-02
 -1      2697-1.49867E-01 4.49640E+01-3.60553E-02
 -1      2698-1.82312E-01 4.49562E+01-1.39935E-02
 -1      2699-1.50133E-01 4.49640E+01 3.60553E-02
 -1      2700-1.17688E-01 4.49718E+01 1.39935E-02
 -1      2705-4.38181E-01 4.62168E+01-3.60532E-02
 -1      2706-4.70920E-01 4.62096E+01-1.42455E-02
 -1      2707-4.38983E-01 4.62167E+01 3.60532E-02
 -1      2708-4.06244E-01 4.62239E+01 1.42455E-02
 -1      2713-7.05431E-01 4.74747E+01-3.60497E-02
 -1      2714-7.38414E-01 4.74679E+01-1.44640E-02
 -1      2715-7.06701E-01 4.74744E+01 3.60497E-02
 -1      2716-6.73718E-01 4.74812E+01 1.44640E-02
 -1      2721-9.56607E-01 4.87364E+01-3.60464E-02
 -1      2722-9.89751E-01 4.87299E+01-1.46123E-02
 -1      2723-9.58198E-01 4.87361E+01 3.60464E-02
 -1      2724-9.25054E-01 4.87425E+01 1.46123E-02
 -1      2729-8.31704E-01 4.12331E+01 1.96577E+00
 -1      2730-8.68791E-01 4.12437E+01 1.97638E+00
 -1      2731-8.53491E-01 4.12393E+01 2.03423E+00
 -1      2732-8.16404E-01 4.12287E+01 2.02362E+00
 -1      2737-4.83271E-01 4.24716E+01 1.96568E+00
 -1      2738-5.20380E-01 4.24818E+01 1.97659E+00
 -1      2739-5.04597E-01 4.24775E+01 2.03432E+00
 -1      2740-4.67488E-01 4.24673E+01 2.02341E+00
 -1      2745-1.51102E-01 4.37141E+01 1.96555E+00
 -1      2746-1.88233E-01 4.37237E+01 1.97692E+00
 -1      2747-1.71734E-01 4.37194E+01 2.03445E+00
 -1      2748-1.34603E-01 4.37098E+01 2.02308E+00
 -1      2753 1.59903E-01 4.49616E+01 1.96541E+00
 -1      2754 1.22764E-01 4.49705E+01 1.97730E+00
 -1      2755 1.40097E-01 4.49664E+01 2.03459E+00
 -1      2756 1.77236E-01 4.49575E+01 2.02270E+00
 -1      2761 4.48070E-01 4.62146E+01 1.96528E+00
 -1      2762 4.10939E-01 4.62229E+01 1.97768E+00
 -1      2763 4.29094E-01 4.62188E+01 2.03472E+00
 -1      2764 4.66225E-01 4.62106E+01 2.02232E+00
 -1      2769 7.15201E-01 4.74727E+01 1.96517E+00
 -1      2770 6.78091E-01 4.74803E+01 1.97800E+00
 -1      2771 6.96931E-01 4.74764E+01 2.03483E+00
 -1      2772 7.34041E-01 4.74688E+01 2.02200E+00
 -1      2777 9.66302E-01 4.87345E+01 1.96510E+00
 -1      2778 9.29212E-01 4.87417E+01 1.97821E+00
 -1      2779 9.48503E-01 4.87380E+01 2.03490E+00
 -1      2780 9.85593E-01 4.87307E+01 2.02179E+00
 -1      2785 8.42124E-01 4.12361E+01 1.96395E+00
 -1      2786 8.10413E-01 4.12270E+01 1.98659E+00
 -1      2787 8.43071E-01 4.12364E+01 2.03605E+00
 -1      2788 8.74781E-01 4.12454E+01 2.01341E+00
 -1      2793 4.93597E-01 4.24745E+01 1.96395E+00
 -1      2794 4.61712E-01 4.24657E+01 1.98646E+00
 -1      2795 4.94271E-01 4.24746E+01 2.03605E+00
 -1      2796 5.26156E-01 4.24834E+01 2.01354E+00
 -1      2801 1.61293E-01 4.37167E+01 1.96394E+00
 -1      2802 1.29148E-01 4.37084E+01 1.98625E+00
 -1      2803 1.61544E-01 4.37168E+01 2.03606E+00
 -1      2804 1.93688E-01 4.37251E+01 2.01375E+00
 -1      2809-1.49867E-01 4.49640E+01 1.96394E+00
 -1      2810-1.82312E-01 4.49562E+01 1.98601E+00
 -1      2811-1.50133E-01 4.49640E+01 2.03606E+00
 -1      2812-1.17688E-01 4.49718E+01 2.01399E+00
 -1      2817-4.38181E-01 4.62168E+01 1.96395E+00
 -1      2818-4.70920E-01 4.62096E+01 1.98575E+00
 -1      2819-4.38983E-01 4.62167E+01 2.03605E+00
 -1      2820-4.06244E-01 4.62239E+01 2.01425E+00
 -1      2825-7.05431E-01 4.74747E+01 1.96395E+00
 -1      2826-7.38414E-01 4.74679E+01 1.98554E+00
 -1      2827-7.06701E-01 4.74744E+01 2.03605E+00
 -1      2828-6.73718E-01 4.74812E+01 2.01446E+00
 -1      2833-9.56607E-01 4.87364E+01 1.96395E+00
 -1      2834-9.89751E-01 4.87299E+01 1.98539E+00
 -1      2835-9.58198E-01 4.87361E+01 2.03605E+00
 -1      2836-9.25054E-01 4.87425E+01 2.01461E+00
 -3
    3C                           260                                     1
 -1         1    1    0    1
 -2       201      1433      1434       202       204      1436      1435       203
 -1         2    1    0    1
 -2      1433       401       402      1434      1436       404       403      1435
 -1         3    1    0    1
 -2       251      1441      1442       252       254      1444      1443       253
 -1         4    1    0    1
 -2      1441       451       452      1442      1444       454       453      1443
 -1         5    1    0    1
 -2       301      1449      1450       302       304      1452      1451       303
 -1         6    1    0    1
 -2      1449       501       502      1450      1452       504       503      1451
 -1         7    1    0    1
 -2       351      1457      1458       352       354      1460      1459       353
 -1         8    1    0    1
 -2      1457       551       552      1458      1460       554       553      1459
 -1         9    1    0    1
 -2       401       601       602       402       404       604       603       403
 -1        10    1    0    1
 -2       451       651       652       452       454       654       653       453
 -1        11    1    0    1
 -2       501       701       702       502       504       704       703       503
 -1        12    1    0    1
 -2       551       751       752       552       554       754       753       553
 -1        13    1    0    1
 -2       601      1465      1466       602       604      1468      1467       603
 -1        14    1    0    1
 -2      1465      1473      1474      1466      1468      1476      1475      1467
 -1        15    1    0    1
 -2      1473      1481      1482      1474      1476      1484      1483      1475
 -1        16    1    0    1
 -2      1481       801       802      1482      1484       804       803      1483
 -1        17    1    0    1
 -2       651      1489      1490       652       654      1492      1491       653
 -1        18    1    0    1
 -2      1489      1497      1498      1490      1492      1500      1499      1491
 -1        19    1    0    1
 -2      1497      1505      1506      1498      1500      1508      1507      1499
 -1        20    1    0    1
 -2      1505       851       852      1506      1508       854       853      1507
 -1        21    1    0    1
 -2       701      1513      1514       702       704      1516      1515       703
 -1        22    1    0    1
 -2      1513      1521      1522      1514      1516      1524      1523      1515
 -1        23    1    0    1
 -2      1521      1529      1530      1522      1524      1532      1531      1523
 -1        24    1    0    1
 -2      1529       901       902      1530      1532       904       903      1531
 -1        25    1    0    1
 -2       751      1537      1538       752       754      1540      1539       753
 -1        26    1    0    1
 -2      1537      1545      1546      1538      1540      1548      1547      1539
 -1        27    1    0    1
 -2      1545      1553      1554      1546      1548      1556      1555      1547
 -1        28    1    0    1
 -2      1553       951       952      1554      1556       954       953      1555
 -1        29    1    0    1
 -2       801      1561      1562       802       804      1564      1563       803
 -1        30    1    0    1
 -2      1561      1569      1570      1562      1564      1572      1571      1563
 -1        31    1    0    1
 -2      1569      1577      1578      1570      1572      1580      1579      1571
 -1        32    1    0    1
 -2      1577      1001      1002      1578      1580      1004      1003      1579
 -1        33    1    0    1
 -2       851      1585      1586       852       854      1588      1587       853
 -1        34    1    0    1
 -2      1585      1593      1594      1586      1588      1596      1595      1587
 -1        35    1    0    1
 -2      1593      1601      1602      1594      1596      1604      1603      1595
 -1        36    1    0    1
 -2      1601      1067      1068      1602      1604      1070      1069      1603
 -1        37    1    0    1
 -2       901      1609      1610       902       904      1612      1611       903
 -1        38    1    0    1
 -2      1609      1617      1618      1610      1612      1620      1619      1611
 -1        39    1    0    1
 -2      1617      1625      1626      1618      1620      1628      1627      1619
 -1        40    1    0    1
 -2      1625      1117      1118      1626      1628      1120      1119      1627
 -1        41    1    0    1
 -2       951      1633      1634       952       954      1636      1635       953
 -1        42    1    0    1
 -2      1633      1641      1642      1634      1636      1644      1643      1635
 -1        43    1    0    1
 -2      1641      1649      1650      1642      1644      1652      1651      1643
 -1        44    1    0    1
 -2      1649      1183      1184      1650      1652      1186      1185      1651
 -1        45    1    0    1
 -2      1025      1657      1658      1026      1028      1660      1659      1027
 -1        46    1    0    1
 -2      1657      1233      1234      1658      1660      1236      1235      1659
 -1        47    1    0    1
 -2      1067      1665      1666      1068      1070      1668      1667      1069
 -1        48    1    0    1
 -2      1665      1283      1284      1666      1668      1286      1285      1667
 -1        49    1    0    1
 -2      1141      1673      1674      1142      1144      1676      1675      1143
 -1        50    1    0    1
 -2      1673      1333      1334      1674      1676      1336      1335      1675
 -1        51    1    0    1
 -2      1183      1681      1682      1184      1186      1684      1683      1185
 -1        52    1    0    1
 -2      1681      1383      1384      1682      1684      1386      1385      1683
 -1        53    1    0    1
 -2       209      1689      1690       210       212      1692      1691       211
 -1        54    1    0    1
 -2      1689       259       260      1690      1692       262       261      1691
 -1        55    1    0    1
 -2       309      1697      1698       310       312      1700      1699       311
 -1        56    1    0    1
 -2      1697       359       360      1698      1700       362       361      1699
 -1        57    1    0    1
 -2       217      1705      1706       218       220      1708      1707       219
 -1        58    1    0    1
 -2      1705       317       318      1706      1708       320       319      1707
 -1        59    1    0    1
 -2       267      1713      1714       268       270      1716      1715       269
 -1        60    1    0    1
 -2      1713       367       368      1714      1716       370       369      1715
 -1        61    1    0    1
 -2       409      1721      1722       410       412      1724      1723       411
 -1        62    1    0    1
 -2      1721       459       460      1722      1724       462       461      1723
 -1        63    1    0    1
 -2       509      1729      1730       510       512      1732      1731       511
 -1        64    1    0    1
 -2      1729       559       560      1730      1732       562       561      1731
 -1        65    1    0    1
 -2       417      1737      1738       418       420      1740      1739       419
 -1        66    1    0    1
 -2      1737       517       518      1738      1740       520       519      1739
 -1        67    1    0    1
 -2       467      1745      1746       468       470      1748      1747       469
 -1        68    1    0    1
 -2      1745       567       568      1746      1748       570       569      1747
 -1        69    1    0    1
 -2       609      1753      1754       610       612      1756      1755       611
 -1        70    1    0    1
 -2      1753       659       660      1754      1756       662       661      1755
 -1        71    1    0    1
 -2       709      1761      1762       710       712      1764      1763       711
 -1        72    1    0    1
 -2      1761       759       760      1762      1764       762       761      1763
 -1        73    1    0    1
 -2       617      1769      1770       618       620      1772      1771       619
 -1        74    1    0    1
 -2      1769       717       718      1770      1772       720       719      1771
 -1        75    1    0    1
 -2       667      1777      1778       668       670      1780      1779       669
 -1        76    1    0    1
 -2      1777       767       768      1778      1780       770       769      1779
 -1        77    1    0    1
 -2       809      1785      1786       810       812      1788      1787       811
 -1        78    1    0    1
 -2      1785       859       860      1786      1788       862       861      1787
 -1        79    1    0    1
 -2       909      1793      1794       910       912      1796      1795       911
 -1        80    1    0    1
 -2      1793       959       960      1794      1796       962       961      1795
 -1        81    1    0    1
 -2       817      1801      1802       818       820      1804      1803       819
 -1        82    1    0    1
 -2      1801       917       918      1802      1804       920       919      1803
 -1        83    1    0    1
 -2       867      1809      1810       868       870      1812      1811       869
 -1        84    1    0    1
 -2      1809       967       968      1810      1812       970       969      1811
 -1        85    1    0    1
 -2      1009      1817      1818      1010      1012      1820      1819      1011
 -1        86    1    0    1
 -2      1817      1825      1826      1818      1820      1828      1827      1819
 -1        87    1    0    1
 -2      1825      1833      1834      1826      1828      1836      1835      1827
 -1        88    1    0    1
 -2      1833      1075      1076      1834      1836      1078      1077      1835
 -1        89    1    0    1
 -2      1125      1841      1842      1126      1128      1844      1843      1127
 -1        90    1    0    1
 -2      1841      1849      1850      1842      1844      1852      1851      1843
 -1        91    1    0    1
 -2      1849      1857      1858      1850      1852      1860      1859      1851
 -1        92    1    0    1
 -2      1857      1191      1192      1858      1860      1194      1193      1859
 -1        93    1    0    1
 -2      1017      1865      1866      1018      1020      1868      1867      1019
 -1        94    1    0    1
 -2      1865      1873      1874      1866      1868      1876      1875      1867
 -1        95    1    0    1
 -2      1873      1881      1882      1874      1876      1884      1883      1875
 -1        96    1    0    1
 -2      1881      1133      1134      1882      1884      1136      1135      1883
 -1        97    1    0    1
 -2      1083      1889      1890      1084      1086      1892      1891      1085
 -1        98    1    0    1
 -2      1889      1897      1898      1890      1892      1900      1899      1891
 -1        99    1    0    1
 -2      1897      1905      1906      1898      1900      1908      1907      1899
 -1       100    1    0    1
 -2      1905      1199      1200      1906      1908      1202      1201      1907
 -1       101    1    0    1
 -2      1241      1913      1914      1242      1244      1916      1915      1243
 -1       102    1    0    1
 -2      1913      1921      1922      1914      1916      1924      1923      1915
 -1       103    1    0    1
 -2      1921      1929      1930      1922      1924      1932      1931      1923
 -1       104    1    0    1
 -2      1929      1937      1938      1930      1932      1940      1939      1931
 -1       105    1    0    1
 -2      1937      1945      1946      1938      1940      1948      1947      1939
 -1       106    1    0    1
 -2      1945      1953      1954      1946      1948      1956      1955      1947
 -1       107    1    0    1
 -2      1953      1961      1962      1954      1956      1964      1963      1955
 -1       108    1    0    1
 -2      1961      1291      1292      1962      1964      1294      1293      1963
 -1       109    1    0    1
 -2      1341      1969      1970      1342      1344      1972      1971      1343
 -1       110    1    0    1
 -2      1969      1977      1978      1970      1972      1980      1979      1971
 -1       111    1    0    1
 -2      1977      1985      1986      1978      1980      1988      1987      1979
 -1       112    1    0    1
 -2      1985      1993      1994      1986      1988      1996      1995      1987
 -1       113    1    0    1
 -2      1993      2001      2002      1994      1996      2004      2003      1995
 -1       114    1    0    1
 -2      2001      2009      2010      2002      2004      2012      2011      2003
 -1       115    1    0    1
 -2      2009      2017      2018      2010      2012      2020      2019      2011
 -1       116    1    0    1
 -2      2017      1391      1392      2018      2020      1394      1393      2019
 -1       117    1    0    1
 -2      1249      2025      2026      1250      1252      2028      2027      1251
 -1       118    1    0    1
 -2      2025      2033      2034      2026      2028      2036      2035      2027
 -1       119    1    0    1
 -2      2033      2041      2042      2034      2036      2044      2043      2035
 -1       120    1    0    1
 -2      2041      2049      2050      2042      2044      2052      2051      2043
 -1       121    1    0    1
 -2      2049      2057      2058      2050      2052      2060      2059      2051
 -1       122    1    0    1
 -2      2057      2065      2066      2058      2060      2068      2067      2059
 -1       123    1    0    1
 -2      2065      2073      2074      2066      2068      2076      2075      2067
 -1       124    1    0    1
 -2      2073      1349      1350      2074      2076      1352      1351      2075
 -1       125    1    0    1
 -2      1299      2081      2082      1300      1302      2084      2083      1301
 -1       126    1    0    1
 -2      2081      2089      2090      2082      2084      2092      2091      2083
 -1       127    1    0    1
 -2      2089      2097      2098      2090      2092      2100      2099      2091
 -1       128    1    0    1
 -2      2097      2105      2106      2098      2100      2108      2107      2099
 -1       129    1    0    1
 -2      2105      2113      2114      2106      2108      2116      2115      2107
 -1       130    1    0    1
 -2      2113      2121      2122      2114      2116      2124      2123      2115
 -1       131    1    0    1
 -2      2121      2129      2130      2122      2124      2132      2131      2123
 -1       132    1    0    1
 -2      2129      1399      1400      2130      2132      1402      1401      2131
 -1       133    1    0    1
 -2       201      2137      2138       202       204      2140      2139       203
 -1       134    1    0    1
 -2      2137       501       502      2138      2140       504       503      2139
 -1       135    1    0    1
 -2       301      2145      2146       302       304      2148      2147       303
 -1       136    1    0    1
 -2      2145       401       402      2146      2148       404       403      2147
 -1       137    1    0    1
 -2       251      2153      2154       252       254      2156      2155       253
 -1       138    1    0    1
 -2      2153       551       552      2154      2156       554       553      2155
 -1       139    1    0    1
 -2       351      2161      2162       352       354      2164      2163       353
 -1       140    1    0    1
 -2      2161       451       452      2162      2164       454       453      2163
 -1       141    1    0    1
 -2       201      2169      2170       202       204      2172      2171       203
 -1       142    1    0    1
 -2      2169       451       452      2170      2172       454       453      2171
 -1       143    1    0    1
 -2       251      2177      2178       252       254      2180      2179       253
 -1       144    1    0    1
 -2      2177       401       402      2178      2180       404       403      2179
 -1       145    1    0    1
 -2       301      2185      2186       302       304      2188      2187       303
 -1       146    1    0    1
 -2      2185       551       552      2186      2188       554       553      2187
 -1       147    1    0    1
 -2       351      2193      2194       352       354      2196      2195       353
 -1       148    1    0    1
 -2      2193       501       502      2194      2196       504       503      2195
 -1       149    1    0    1
 -2       401      2201      2202       402       404      2204      2203       403
 -1       150    1    0    1
 -2      2201       701       702      2202      2204       704       703      2203
 -1       151    1    0    1
 -2       501      2209      2210       502       504      2212      2211       503
 -1       152    1    0    1
 -2      2209       601       602      2210      2212       604       603      2211
 -1       153    1    0    1
 -2       451      2217      2218       452       454      2220      2219       453
 -1       154    1    0    1
 -2      2217       751       752      2218      2220       754       753      2219
 -1       155    1    0    1
 -2       551      2225      2226       552       554      2228      2227       553
 -1       156    1    0    1
 -2      2225       651       652      2226      2228       654       653      2227
 -1       157    1    0    1
 -2       401      2233      2234       402       404      2236      2235       403
 -1       158    1    0    1
 -2      2233       651       652      2234      2236       654       653      2235
 -1       159    1    0    1
 -2       451      2241      2242       452       454      2244      2243       453
 -1       160    1    0    1
 -2      2241       601       602      2242      2244       604       603      2243
 -1       161    1    0    1
 -2       501      2249      2250       502       504      2252      2251       503
 -1       162    1    0    1
 -2      2249       751       752      2250      2252       754       753      2251
 -1       163    1    0    1
 -2       551      2257      2258       552       554      2260      2259       553
 -1       164    1    0    1
 -2      2257       701       702      2258      2260       704       703      2259
 -1       165    1    0    1
 -2       601      2265      2266       602       604      2268      2267       603
 -1       166    1    0    1
 -2      2265       901       902      2266      2268       904       903      2267
 -1       167    1    0    1
 -2       701      2273      2274       702       704      2276      2275       703
 -1       168    1    0    1
 -2      2273       801       802      2274      2276       804       803      2275
 -1       169    1    0    1
 -2       651      2281      2282       652       654      2284      2283       653
 -1       170    1    0    1
 -2      2281       951       952      2282      2284       954       953      2283
 -1       171    1    0    1
 -2       751      2289      2290       752       754      2292      2291       753
 -1       172    1    0    1
 -2      2289       851       852      2290      2292       854       853      2291
 -1       173    1    0    1
 -2       601      2297      2298       602       604      2300      2299       603
 -1       174    1    0    1
 -2      2297       851       852      2298      2300       854       853      2299
 -1       175    1    0    1
 -2       651      2305      2306       652       654      2308      2307       653
 -1       176    1    0    1
 -2      2305       801       802      2306      2308       804       803      2307
 -1       177    1    0    1
 -2       701      2313      2314       702       704      2316      2315       703
 -1       178    1    0    1
 -2      2313       951       952      2314      2316       954       953      2315
 -1       179    1    0    1
 -2       751      2321      2322       752       754      2324      2323       753
 -1       180    1    0    1
 -2      2321       901       902      2322      2324       904       903      2323
 -1       181    1    0    1
 -2       801      2329      2330       802       804      2332      2331       803
 -1       182    1    0    1
 -2      2329      1117      1118      2330      2332      1120      1119      2331
 -1       183    1    0    1
 -2       901      2337      2338       902       904      2340      2339       903
 -1       184    1    0    1
 -2      2337      1001      1002      2338      2340      1004      1003      2339
 -1       185    1    0    1
 -2       851      2345      2346       852       854      2348      2347       853
 -1       186    1    0    1
 -2      2345      1183      1184      2346      2348      1186      1185      2347
 -1       187    1    0    1
 -2       951      2353      2354       952       954      2356      2355       953
 -1       188    1    0    1
 -2      2353      1067      1068      2354      2356      1070      1069      2355
 -1       189    1    0    1
 -2       801      2361      2362       802       804      2364      2363       803
 -1       190    1    0    1
 -2      2361      1067      1068      2362      2364      1070      1069      2363
 -1       191    1    0    1
 -2       851      2369      2370       852       854      2372      2371       853
 -1       192    1    0    1
 -2      2369      1001      1002      2370      2372      1004      1003      2371
 -1       193    1    0    1
 -2       901      2377      2378       902       904      2380      2379       903
 -1       194    1    0    1
 -2      2377      1183      1184      2378      2380      1186      1185      2379
 -1       195    1    0    1
 -2       951      2385      2386       952       954      2388      2387       953
 -1       196    1    0    1
 -2      2385      1117      1118      2386      2388      1120      1119      2387
 -1       197    1    0    1
 -2      1001      2393      2394      1002      1004      2396      2395      1003
 -1       198    1    0    1
 -2      2393      2401      2402      2394      2396      2404      2403      2395
 -1       199    1    0    1
 -2      2401      2409      2410      2402      2404      2412      2411      2403
 -1       200    1    0    1
 -2      2409      2417      2418      2410      2412      2420      2419      2411
 -1       201    1    0    1
 -2      2417      2425      2426      2418      2420      2428      2427      2419
 -1       202    1    0    1
 -2      2425      2433      2434      2426      2428      2436      2435      2427
 -1       203    1    0    1
 -2      2433      2441      2442      2434      2436      2444      2443      2435
 -1       204    1    0    1
 -2      2441      1333      1334      2442      2444      1336      1335      2443
 -1       205    1    0    1
 -2      1141      2449      2450      1142      1144      2452      2451      1143
 -1       206    1    0    1
 -2      2449      2457      2458      2450      2452      2460      2459      2451
 -1       207    1    0    1
 -2      2457      2465      2466      2458      2460      2468      2467      2459
 -1       208    1    0    1
 -2      2465      2473      2474      2466      2468      2476      2475      2467
 -1       209    1    0    1
 -2      2473      2481      2482      2474      2476      2484      2483      2475
 -1       210    1    0    1
 -2      2481      2489      2490      2482      2484      2492      2491      2483
 -1       211    1    0    1
 -2      2489      2497      2498      2490      2492      2500      2499      2491
 -1       212    1    0    1
 -2      2497      1233      1234      2498      2500      1236      1235      2499
 -1       213    1    0    1
 -2      1067      2505      2506      1068      1070      2508      2507      1069
 -1       214    1    0    1
 -2      2505      2513      2514      2506      2508      2516      2515      2507
 -1       215    1    0    1
 -2      2513      2521      2522      2514      2516      2524      2523      2515
 -1       216    1    0    1
 -2      2521      2529      2530      2522      2524      2532      2531      2523
 -1       217    1    0    1
 -2      2529      2537      2538      2530      2532      2540      2539      2531
 -1       218    1    0    1
 -2      2537      2545      2546      2538      2540      2548      2547      2539
 -1       219    1    0    1
 -2      2545      2553      2554      2546      2548      2556      2555      2547
 -1       220    1    0    1
 -2      2553      1383      1384      2554      2556      1386      1385      2555
 -1       221    1    0    1
 -2      1183      2561      2562      1184      1186      2564      2563      1185
 -1       222    1    0    1
 -2      2561      2569      2570      2562      2564      2572      2571      2563
 -1       223    1    0    1
 -2      2569      2577      2578      2570      2572      2580      2579      2571
 -1       224    1    0    1
 -2      2577      2585      2586      2578      2580      2588      2587      2579
 -1       225    1    0    1
 -2      2585      2593      2594      2586      2588      2596      2595      2587
 -1       226    1    0    1
 -2      2593      2601      2602      2594      2596      2604      2603      2595
 -1       227    1    0    1
 -2      2601      2609      2610      2602      2604      2612      2611      2603
 -1       228    1    0    1
 -2      2609      1283      1284      2610      2612      1286      1285      2611
 -1       229    1    0    1
 -2      1025      2617      2618      1026      1028      2620      2619      1027
 -1       230    1    0    1
 -2      2617      2625      2626      2618      2620      2628      2627      2619
 -1       231    1    0    1
 -2      2625      2633      2634      2626      2628      2636      2635      2627
 -1       232    1    0    1
 -2      2633      2641      2642      2634      2636      2644      2643      2635
 -1       233    1    0    1
 -2      2641      2649      2650      2642      2644      2652      2651      2643
 -1       234    1    0    1
 -2      2649      2657      2658      2650      2652      2660      2659      2651
 -1       235    1    0    1
 -2      2657      2665      2666      2658      2660      2668      2667      2659
 -1       236    1    0    1
 -2      2665      1283      1284      2666      2668      1286      1285      2667
 -1       237    1    0    1
 -2      1067      2673      2674      1068      1070      2676      2675      1069
 -1       238    1    0    1
 -2      2673      2681      2682      2674      2676      2684      2683      2675
 -1       239    1    0    1
 -2      2681      2689      2690      2682      2684      2692      2691      2683
 -1       240    1    0    1
 -2      2689      2697      2698      2690      2692      2700      2699      2691
 -1       241    1    0    1
 -2      2697      2705      2706      2698      2700      2708      2707      2699
 -1       242    1    0    1
 -2      2705      2713      2714      2706      2708      2716      2715      2707
 -1       243    1    0    1
 -2      2713      2721      2722      2714      2716      2724      2723      2715
 -1       244    1    0    1
 -2      2721      1233      1234      2722      2724      1236      1235      2723
 -1       245    1    0    1
 -2      1141      2729      2730      1142      1144      2732      2731      1143
 -1       246    1    0    1
 -2      2729      2737      2738      2730      2732      2740      2739      2731
 -1       247    1    0    1
 -2      2737      2745      2746      2738      2740      2748      2747      2739
 -1       248    1    0    1
 -2      2745      2753      2754      2746      2748      2756      2755      2747
 -1       249    1    0    1
 -2      2753      2761      2762      2754      2756      2764      2763      2755
 -1       250    1    0    1
 -2      2761      2769      2770      2762      2764      2772      2771      2763
 -1       251    1    0    1
 -2      2769      2777      2778      2770      2772      2780      2779      2771
 -1       252    1    0    1
 -2      2777      1383      1384      2778      2780      1386      1385      2779
 -1       253    1    0    1
 -2      1183      2785      2786      1184      1186      2788      2787      1185
 -1       254    1    0    1
 -2      2785      2793      2794      2786      2788      2796      2795      2787
 -1       255    1    0    1
 -2      2793      2801      2802      2794      2796      2804      2803      2795
 -1       256    1    0    1
 -2      2801      2809      2810      2802      2804      2812      2811      2803
 -1       257    1    0    1
 -2      2809      2817      2818      2810      2812      2820      2819      2811
 -1       258    1    0    1
 -2      2817      2825      2826      2818      2820      2828      2827      2819
 -1       259    1    0    1
 -2      2825      2833      2834      2826      2828      2836      2835      2827
 -1       260    1    0    1
 -2      2833      1333      1334      2834      2836      1336      1335      2835
 -3
    1PSTEP                         1           1           1          
  100CL  101 1.000000000           0                     0    1           1
 -4  DISP        4    1
 -5  D1          1    2    1    0
 -5  D2          1    2    2    0
 -5  D3          1    2    3    0
 -5  ALL         1    2    0    0    1ALL
 -3
 9999
