    1C
    1UNormalized cross-passage space-truss torsion benchmark            
    1UUSER                                                              
    1UDATE              06.august.2026                                  
    1UTIME              08:14:13                                        
    1UHOST                                                              
    1UPGM               CalculiX                                        
    1UVERSION           Version 2.21                             
    1UCOMPILETIME       Sat Jul 29 10:52:01 CEST 2023                    
    1UDIR                                                               
    1UDBN                                                               
    1UMAT    1STEEL                                                     
    2C                           880                                     1
 -1       173-1.19385E+00 1.28564E-03-3.55031E-02
 -1       174-1.23028E+00 3.82143E-03-1.91941E-02
 -1       175-1.20615E+00-1.28564E-03 3.55031E-02
 -1       176-1.16972E+00-3.82143E-03 1.91941E-02
 -1       181-1.20000E+00-3.40000E-02-1.20000E-02
 -1       182-1.20000E+00-2.00000E-03-3.60000E-02
 -1       183-1.20000E+00 3.40000E-02 1.20000E-02
 -1       184-1.20000E+00 2.00000E-03 3.60000E-02
 -1       189-1.23328E+00-1.38675E-02 0.00000E+00
 -1       190-1.20000E+00-3.60555E-02 0.00000E+00
 -1       191-1.16672E+00 1.38675E-02 0.00000E+00
 -1       192-1.20000E+00 3.60555E-02 0.00000E+00
 -1       223 1.20192E+00 2.05963E-03-3.59455E-02
 -1       224 1.16765E+00-2.18482E-03-1.57609E-02
 -1       225 1.19808E+00-2.05963E-03 3.59455E-02
 -1       226 1.23235E+00 2.18482E-03 1.57609E-02
 -1       231 1.20000E+00-3.40000E-02-1.20000E-02
 -1       232 1.20000E+00-2.00000E-03-3.60000E-02
 -1       233 1.20000E+00 3.40000E-02 1.20000E-02
 -1       234 1.20000E+00 2.00000E-03 3.60000E-02
 -1       239 1.16672E+00-1.38675E-02 0.00000E+00
 -1       240 1.20000E+00-3.60555E-02 0.00000E+00
 -1       241 1.23328E+00 1.38675E-02 0.00000E+00
 -1       242 1.20000E+00 3.60555E-02 0.00000E+00
 -1       273-1.19302E+00-2.49641E-03 1.96472E+00
 -1       274-1.22982E+00 1.71693E-03 1.97980E+00
 -1       275-1.20698E+00 2.49641E-03 2.03528E+00
 -1       276-1.17018E+00-1.71693E-03 2.02020E+00
 -1       281-1.20000E+00-3.40000E-02 1.98800E+00
 -1       282-1.20000E+00-2.00000E-03 1.96400E+00
 -1       283-1.20000E+00 3.40000E-02 2.01200E+00
 -1       284-1.20000E+00 2.00000E-03 2.03600E+00
 -1       289-1.23328E+00-1.38675E-02 2.00000E+00
 -1       290-1.20000E+00-3.60555E-02 2.00000E+00
 -1       291-1.16672E+00 1.38675E-02 2.00000E+00
 -1       292-1.20000E+00 3.60555E-02 2.00000E+00
 -1       323 1.20331E+00-1.56926E-03 1.96413E+00
 -1       324 1.16828E+00-3.82516E-03 1.98330E+00
 -1       325 1.19669E+00 1.56926E-03 2.03587E+00
 -1       326 1.23172E+00 3.82516E-03 2.01670E+00
 -1       331 1.20000E+00-3.40000E-02 1.98800E+00
 -1       332 1.20000E+00-2.00000E-03 1.96400E+00
 -1       333 1.20000E+00 3.40000E-02 2.01200E+00
 -1       334 1.20000E+00 2.00000E-03 2.03600E+00
 -1       339 1.16672E+00-1.38675E-02 2.00000E+00
 -1       340 1.20000E+00-3.60555E-02 2.00000E+00
 -1       341 1.23328E+00 1.38675E-02 2.00000E+00
 -1       342 1.20000E+00 3.60555E-02 2.00000E+00
 -1       373-1.19526E+00 9.99953E+00-3.57391E-02
 -1       374-1.23117E+00 1.00000E+01-1.81267E-02
 -1       375-1.20474E+00 1.00005E+01 3.57391E-02
 -1       376-1.16883E+00 1.00000E+01 1.81267E-02
 -1       381-1.20102E+00 9.96591E+00-1.16828E-02
 -1       382-1.20007E+00 9.99767E+00-3.59798E-02
 -1       383-1.19898E+00 1.00341E+01 1.16828E-02
 -1       384-1.19993E+00 1.00023E+01 3.59798E-02
 -1       389-1.23354E+00 9.98678E+00 3.96605E-04
 -1       390-1.20069E+00 9.96397E+00 1.08098E-03
 -1       391-1.16646E+00 1.00132E+01-3.96605E-04
 -1       392-1.19931E+00 1.00360E+01-1.08098E-03
 -1       423 1.20434E+00 9.99996E+00-3.57935E-02
 -1       424 1.16863E+00 9.99975E+00-1.77714E-02
 -1       425 1.19566E+00 1.00000E+01 3.57935E-02
 -1       426 1.23137E+00 1.00003E+01 1.77714E-02
 -1       431 1.20102E+00 9.96614E+00-1.23355E-02
 -1       432 1.20005E+00 9.99836E+00-3.60180E-02
 -1       433 1.19898E+00 1.00339E+01 1.23355E-02
 -1       434 1.19995E+00 1.00016E+01 3.60180E-02
 -1       439 1.16697E+00 9.98555E+00-4.33494E-04
 -1       440 1.20064E+00 9.96397E+00-1.08101E-03
 -1       441 1.23303E+00 1.00145E+01 4.33494E-04
 -1       442 1.19936E+00 1.00360E+01 1.08101E-03
 -1       473-1.19542E+00 1.00000E+01 1.96424E+00
 -1       474-1.23125E+00 1.00003E+01 1.98202E+00
 -1       475-1.20458E+00 9.99996E+00 2.03576E+00
 -1       476-1.16875E+00 9.99975E+00 2.01798E+00
 -1       481-1.19898E+00 9.96614E+00 1.98766E+00
 -1       482-1.19995E+00 9.99836E+00 1.96398E+00
 -1       483-1.20102E+00 1.00339E+01 2.01234E+00
 -1       484-1.20005E+00 1.00016E+01 2.03602E+00
 -1       489-1.23303E+00 9.98555E+00 1.99957E+00
 -1       490-1.19936E+00 9.96397E+00 1.99892E+00
 -1       491-1.16697E+00 1.00145E+01 2.00043E+00
 -1       492-1.20064E+00 1.00360E+01 2.00108E+00
 -1       523 1.20417E+00 1.00005E+01 1.96419E+00
 -1       524 1.16855E+00 9.99999E+00 1.98238E+00
 -1       525 1.19583E+00 9.99954E+00 2.03581E+00
 -1       526 1.23145E+00 1.00000E+01 2.01762E+00
 -1       531 1.19898E+00 9.96591E+00 1.98832E+00
 -1       532 1.19993E+00 9.99767E+00 1.96402E+00
 -1       533 1.20102E+00 1.00341E+01 2.01168E+00
 -1       534 1.20007E+00 1.00023E+01 2.03598E+00
 -1       539 1.16646E+00 9.98678E+00 2.00040E+00
 -1       540 1.19931E+00 9.96397E+00 2.00108E+00
 -1       541 1.23354E+00 1.00132E+01 1.99960E+00
 -1       542 1.20069E+00 1.00360E+01 1.99892E+00
 -1       573-1.19529E+00 1.99999E+01-3.57462E-02
 -1       574-1.23118E+00 2.00002E+01-1.80980E-02
 -1       575-1.20471E+00 2.00001E+01 3.57462E-02
 -1       576-1.16882E+00 1.99998E+01 1.80980E-02
 -1       581-1.20000E+00 1.99660E+01-1.20000E-02
 -1       582-1.20000E+00 1.99980E+01-3.60000E-02
 -1       583-1.20000E+00 2.00340E+01 1.20000E-02
 -1       584-1.20000E+00 2.00020E+01 3.60000E-02
 -1       589-1.23328E+00 1.99861E+01 0.00000E+00
 -1       590-1.20000E+00 1.99639E+01 0.00000E+00
 -1       591-1.16672E+00 2.00139E+01 0.00000E+00
 -1       592-1.20000E+00 2.00361E+01 0.00000E+00
 -1       623 1.20452E+00 1.99996E+01-3.57684E-02
 -1       624 1.16872E+00 1.99996E+01-1.79293E-02
 -1       625 1.19548E+00 2.00004E+01 3.57684E-02
 -1       626 1.23128E+00 2.00004E+01 1.79293E-02
 -1       631 1.20000E+00 1.99660E+01-1.20000E-02
 -1       632 1.20000E+00 1.99980E+01-3.60000E-02
 -1       633 1.20000E+00 2.00340E+01 1.20000E-02
 -1       634 1.20000E+00 2.00020E+01 3.60000E-02
 -1       639 1.16672E+00 1.99861E+01 0.00000E+00
 -1       640 1.20000E+00 1.99639E+01 0.00000E+00
 -1       641 1.23328E+00 2.00139E+01 0.00000E+00
 -1       642 1.20000E+00 2.00361E+01 0.00000E+00
 -1       673-1.19545E+00 2.00004E+01 1.96424E+00
 -1       674-1.23126E+00 2.00004E+01 1.98205E+00
 -1       675-1.20455E+00 1.99996E+01 2.03576E+00
 -1       676-1.16874E+00 1.99996E+01 2.01795E+00
 -1       681-1.20000E+00 1.99660E+01 1.98800E+00
 -1       682-1.20000E+00 1.99980E+01 1.96400E+00
 -1       683-1.20000E+00 2.00340E+01 2.01200E+00
 -1       684-1.20000E+00 2.00020E+01 2.03600E+00
 -1       689-1.23328E+00 1.99861E+01 2.00000E+00
 -1       690-1.20000E+00 1.99639E+01 2.00000E+00
 -1       691-1.16672E+00 2.00139E+01 2.00000E+00
 -1       692-1.20000E+00 2.00361E+01 2.00000E+00
 -1       723 1.20436E+00 2.00001E+01 1.96421E+00
 -1       724 1.16864E+00 1.99998E+01 1.98221E+00
 -1       725 1.19564E+00 1.99999E+01 2.03579E+00
 -1       726 1.23136E+00 2.00002E+01 2.01779E+00
 -1       731 1.20000E+00 1.99660E+01 1.98800E+00
 -1       732 1.20000E+00 1.99980E+01 1.96400E+00
 -1       733 1.20000E+00 2.00340E+01 2.01200E+00
 -1       734 1.20000E+00 2.00020E+01 2.03600E+00
 -1       739 1.16672E+00 1.99861E+01 2.00000E+00
 -1       740 1.20000E+00 1.99639E+01 2.00000E+00
 -1       741 1.23328E+00 2.00139E+01 2.00000E+00
 -1       742 1.20000E+00 2.00361E+01 2.00000E+00
 -1       773-1.19498E+00 2.99992E+01-3.56952E-02
 -1       774-1.23102E+00 3.00001E+01-1.83759E-02
 -1       775-1.20502E+00 3.00008E+01 3.56952E-02
 -1       776-1.16898E+00 2.99999E+01 1.83759E-02
 -1       781-1.20145E+00 2.99659E+01-1.15569E-02
 -1       782-1.20010E+00 2.99975E+01-3.59709E-02
 -1       783-1.19855E+00 3.00341E+01 1.15569E-02
 -1       784-1.19990E+00 3.00025E+01 3.59709E-02
 -1       789-1.23365E+00 2.99871E+01 5.48678E-04
 -1       790-1.20099E+00 2.99640E+01 1.52775E-03
 -1       791-1.16635E+00 3.00129E+01-5.48678E-04
 -1       792-1.19901E+00 3.00360E+01-1.52775E-03
 -1       823 1.20431E+00 2.99997E+01-3.57960E-02
 -1       824 1.16862E+00 2.99994E+01-1.77407E-02
 -1       825 1.19569E+00 3.00003E+01 3.57960E-02
 -1       826 1.23138E+00 3.00006E+01 1.77407E-02
 -1       831 1.20143E+00 2.99662E+01-1.24797E-02
 -1       832 1.20006E+00 2.99985E+01-3.60247E-02
 -1       833 1.19857E+00 3.00338E+01 1.24797E-02
 -1       834 1.19994E+00 3.00015E+01 3.60247E-02
 -1       839 1.16707E+00 2.99853E+01-6.22501E-04
 -1       840 1.20089E+00 2.99640E+01-1.52786E-03
 -1       841 1.23293E+00 3.00147E+01 6.22501E-04
 -1       842 1.19911E+00 3.00360E+01 1.52786E-03
 -1       873-1.19530E+00 3.00003E+01 1.96425E+00
 -1       874-1.23119E+00 3.00006E+01 1.98192E+00
 -1       875-1.20470E+00 2.99997E+01 2.03575E+00
 -1       876-1.16881E+00 2.99994E+01 2.01808E+00
 -1       881-1.19857E+00 2.99662E+01 1.98752E+00
 -1       882-1.19994E+00 2.99985E+01 1.96398E+00
 -1       883-1.20143E+00 3.00338E+01 2.01248E+00
 -1       884-1.20006E+00 3.00015E+01 2.03602E+00
 -1       889-1.23293E+00 2.99853E+01 1.99938E+00
 -1       890-1.19911E+00 2.99640E+01 1.99847E+00
 -1       891-1.16707E+00 3.00147E+01 2.00062E+00
 -1       892-1.20089E+00 3.00360E+01 2.00153E+00
 -1       923 1.20395E+00 3.00008E+01 1.96417E+00
 -1       924 1.16844E+00 2.99999E+01 1.98256E+00
 -1       925 1.19605E+00 2.99992E+01 2.03583E+00
 -1       926 1.23156E+00 3.00001E+01 2.01744E+00
 -1       931 1.19855E+00 2.99659E+01 1.98844E+00
 -1       932 1.19990E+00 2.99975E+01 1.96403E+00
 -1       933 1.20145E+00 3.00341E+01 2.01156E+00
 -1       934 1.20010E+00 3.00025E+01 2.03597E+00
 -1       939 1.16635E+00 2.99871E+01 2.00055E+00
 -1       940 1.19901E+00 2.99640E+01 2.00153E+00
 -1       941 1.23365E+00 3.00129E+01 1.99945E+00
 -1       942 1.20099E+00 3.00360E+01 1.99847E+00
 -1       973-1.19509E+00 3.99994E+01-3.57146E-02
 -1       974-1.23108E+00 4.00001E+01-1.82762E-02
 -1       975-1.20491E+00 4.00006E+01 3.57146E-02
 -1       976-1.16892E+00 3.99999E+01 1.82762E-02
 -1       981-1.20000E+00 3.99660E+01-1.20000E-02
 -1       982-1.20000E+00 3.99980E+01-3.60000E-02
 -1       983-1.20000E+00 4.00340E+01 1.20000E-02
 -1       984-1.20000E+00 4.00020E+01 3.60000E-02
 -1       989-1.23328E+00 3.99861E+01 0.00000E+00
 -1       990-1.20000E+00 3.99639E+01 0.00000E+00
 -1       991-1.16672E+00 4.00139E+01 0.00000E+00
 -1       992-1.20000E+00 4.00361E+01 0.00000E+00
 -1      1023 1.20434E+00 3.99997E+01-3.57918E-02
 -1      1024 1.16863E+00 3.99994E+01-1.77692E-02
 -1      1025 1.19566E+00 4.00003E+01 3.57918E-02
 -1      1026 1.23137E+00 4.00006E+01 1.77692E-02
 -1      1031 1.20000E+00 3.99660E+01-1.20000E-02
 -1      1032 1.20000E+00 3.99980E+01-3.60000E-02
 -1      1033 1.20000E+00 4.00340E+01 1.20000E-02
 -1      1034 1.20000E+00 4.00020E+01 3.60000E-02
 -1      1039 1.16672E+00 3.99861E+01 0.00000E+00
 -1      1040 1.20000E+00 3.99639E+01 0.00000E+00
 -1      1041 1.23328E+00 4.00139E+01 0.00000E+00
 -1      1042 1.20000E+00 4.00361E+01 0.00000E+00
 -1      1073-1.19537E+00 4.00003E+01 1.96424E+00
 -1      1074-1.23122E+00 4.00006E+01 1.98198E+00
 -1      1075-1.20463E+00 3.99997E+01 2.03576E+00
 -1      1076-1.16878E+00 3.99994E+01 2.01802E+00
 -1      1081-1.20000E+00 3.99660E+01 1.98800E+00
 -1      1082-1.20000E+00 3.99980E+01 1.96400E+00
 -1      1083-1.20000E+00 4.00340E+01 2.01200E+00
 -1      1084-1.20000E+00 4.00020E+01 2.03600E+00
 -1      1089-1.23328E+00 3.99861E+01 2.00000E+00
 -1      1090-1.20000E+00 3.99639E+01 2.00000E+00
 -1      1091-1.16672E+00 4.00139E+01 2.00000E+00
 -1      1092-1.20000E+00 4.00361E+01 2.00000E+00
 -1      1123 1.20404E+00 4.00006E+01 1.96418E+00
 -1      1124 1.16848E+00 3.99999E+01 1.98249E+00
 -1      1125 1.19596E+00 3.99994E+01 2.03582E+00
 -1      1126 1.23152E+00 4.00001E+01 2.01751E+00
 -1      1131 1.20000E+00 3.99660E+01 1.98800E+00
 -1      1132 1.20000E+00 3.99980E+01 1.96400E+00
 -1      1133 1.20000E+00 4.00340E+01 2.01200E+00
 -1      1134 1.20000E+00 4.00020E+01 2.03600E+00
 -1      1139 1.16672E+00 3.99861E+01 2.00000E+00
 -1      1140 1.20000E+00 3.99639E+01 2.00000E+00
 -1      1141 1.23328E+00 4.00139E+01 2.00000E+00
 -1      1142 1.20000E+00 4.00361E+01 2.00000E+00
 -1      1173-1.19622E+00 4.99980E+01-3.58033E-02
 -1      1174-1.23157E+00 4.99968E+01-1.71203E-02
 -1      1175-1.20378E+00 5.00020E+01 3.58033E-02
 -1      1176-1.16843E+00 5.00032E+01 1.71203E-02
 -1      1181-1.20000E+00 4.99660E+01-1.20000E-02
 -1      1182-1.20000E+00 4.99980E+01-3.60000E-02
 -1      1183-1.20000E+00 5.00340E+01 1.20000E-02
 -1      1184-1.20000E+00 5.00020E+01 3.60000E-02
 -1      1189-1.23328E+00 4.99861E+01 0.00000E+00
 -1      1190-1.20000E+00 4.99639E+01 0.00000E+00
 -1      1191-1.16672E+00 5.00139E+01 0.00000E+00
 -1      1192-1.20000E+00 5.00361E+01 0.00000E+00
 -1      1223 1.20667E+00 4.99963E+01-3.52437E-02
 -1      1224 1.16994E+00 5.00003E+01-1.99053E-02
 -1      1225 1.19333E+00 5.00037E+01 3.52437E-02
 -1      1226 1.23006E+00 4.99997E+01 1.99053E-02
 -1      1231 1.20000E+00 4.99660E+01-1.20000E-02
 -1      1232 1.20000E+00 4.99980E+01-3.60000E-02
 -1      1233 1.20000E+00 5.00340E+01 1.20000E-02
 -1      1234 1.20000E+00 5.00020E+01 3.60000E-02
 -1      1239 1.16672E+00 4.99861E+01 0.00000E+00
 -1      1240 1.20000E+00 4.99639E+01 0.00000E+00
 -1      1241 1.23328E+00 5.00139E+01 0.00000E+00
 -1      1242 1.20000E+00 5.00361E+01 0.00000E+00
 -1      1273-1.19824E+00 5.00034E+01 1.96415E+00
 -1      1274-1.23248E+00 4.99992E+01 1.98438E+00
 -1      1275-1.20176E+00 4.99966E+01 2.03585E+00
 -1      1276-1.16752E+00 5.00008E+01 2.01562E+00
 -1      1281-1.20000E+00 4.99660E+01 1.98800E+00
 -1      1282-1.20000E+00 4.99980E+01 1.96400E+00
 -1      1283-1.20000E+00 5.00340E+01 2.01200E+00
 -1      1284-1.20000E+00 5.00020E+01 2.03600E+00
 -1      1289-1.23328E+00 4.99861E+01 2.00000E+00
 -1      1290-1.20000E+00 4.99639E+01 2.00000E+00
 -1      1291-1.16672E+00 5.00139E+01 2.00000E+00
 -1      1292-1.20000E+00 5.00361E+01 2.00000E+00
 -1      1323 1.20533E+00 5.00018E+01 1.96439E+00
 -1      1324 1.16921E+00 5.00033E+01 1.98152E+00
 -1      1325 1.19467E+00 4.99982E+01 2.03561E+00
 -1      1326 1.23079E+00 4.99967E+01 2.01848E+00
 -1      1331 1.20000E+00 4.99660E+01 1.98800E+00
 -1      1332 1.20000E+00 4.99980E+01 1.96400E+00
 -1      1333 1.20000E+00 5.00340E+01 2.01200E+00
 -1      1334 1.20000E+00 5.00020E+01 2.03600E+00
 -1      1339 1.16672E+00 4.99861E+01 2.00000E+00
 -1      1340 1.20000E+00 4.99639E+01 2.00000E+00
 -1      1341 1.23328E+00 5.00139E+01 2.00000E+00
 -1      1342 1.20000E+00 5.00361E+01 2.00000E+00
 -1      1373-1.19553E+00 1.50000E+01-1.85778E-01
 -1      1374-1.23131E+00 1.50000E+01-1.67883E-01
 -1      1375-1.20447E+00 1.50000E+01-1.14222E-01
 -1      1376-1.16869E+00 1.50000E+01-1.32117E-01
 -1      1381 1.20447E+00 1.50000E+01 1.14222E-01
 -1      1382 1.16869E+00 1.50000E+01 1.32117E-01
 -1      1383 1.19553E+00 1.50000E+01 1.85778E-01
 -1      1384 1.23131E+00 1.50000E+01 1.67883E-01
 -1      1389-1.19553E+00 1.50000E+01 1.81422E+00
 -1      1390-1.23131E+00 1.50000E+01 1.83212E+00
 -1      1391-1.20447E+00 1.50000E+01 1.88578E+00
 -1      1392-1.16869E+00 1.50000E+01 1.86788E+00
 -1      1397 1.20447E+00 1.50000E+01 2.11422E+00
 -1      1398 1.16869E+00 1.50000E+01 2.13212E+00
 -1      1399 1.19553E+00 1.50000E+01 2.18578E+00
 -1      1400 1.23131E+00 1.50000E+01 2.16788E+00
 -1      1405-1.19553E+00 3.50000E+01-1.85778E-01
 -1      1406-1.23131E+00 3.50000E+01-1.67883E-01
 -1      1407-1.20447E+00 3.50000E+01-1.14222E-01
 -1      1408-1.16869E+00 3.50000E+01-1.32117E-01
 -1      1413 1.20447E+00 3.50000E+01 1.14222E-01
 -1      1414 1.16869E+00 3.50000E+01 1.32117E-01
 -1      1415 1.19553E+00 3.50000E+01 1.85778E-01
 -1      1416 1.23131E+00 3.50000E+01 1.67883E-01
 -1      1421-1.19553E+00 3.50000E+01 1.81422E+00
 -1      1422-1.23131E+00 3.50000E+01 1.83212E+00
 -1      1423-1.20447E+00 3.50000E+01 1.88578E+00
 -1      1424-1.16869E+00 3.50000E+01 1.86788E+00
 -1      1429 1.20447E+00 3.50000E+01 2.11422E+00
 -1      1430 1.16869E+00 3.50000E+01 2.13212E+00
 -1      1431 1.19553E+00 3.50000E+01 2.18578E+00
 -1      1432 1.23131E+00 3.50000E+01 2.16788E+00
 -1      1437-1.19522E+00 4.24989E+01-1.41787E-01
 -1      1438-1.23115E+00 4.24995E+01-1.24216E-01
 -1      1439-1.20478E+00 4.25011E+01-7.03450E-02
 -1      1440-1.16885E+00 4.25005E+01-8.79159E-02
 -1      1445-1.19553E+00 4.50000E+01-1.85777E-01
 -1      1446-1.23131E+00 4.50000E+01-1.67887E-01
 -1      1447-1.20447E+00 4.50000E+01-1.14223E-01
 -1      1448-1.16869E+00 4.50000E+01-1.32113E-01
 -1      1453-1.19586E+00 4.75011E+01-1.41867E-01
 -1      1454-1.23147E+00 4.75005E+01-1.23652E-01
 -1      1455-1.20414E+00 4.74989E+01-7.02647E-02
 -1      1456-1.16853E+00 4.74995E+01-8.84797E-02
 -1      1461 1.20414E+00 4.25011E+01 7.02647E-02
 -1      1462 1.16853E+00 4.25005E+01 8.84797E-02
 -1      1463 1.19586E+00 4.24989E+01 1.41867E-01
 -1      1464 1.23147E+00 4.24995E+01 1.23652E-01
 -1      1469 1.20447E+00 4.50000E+01 1.14223E-01
 -1      1470 1.16869E+00 4.50000E+01 1.32113E-01
 -1      1471 1.19553E+00 4.50000E+01 1.85777E-01
 -1      1472 1.23131E+00 4.50000E+01 1.67887E-01
 -1      1477 1.20478E+00 4.74989E+01 7.03450E-02
 -1      1478 1.16885E+00 4.74995E+01 8.79159E-02
 -1      1479 1.19522E+00 4.75011E+01 1.41787E-01
 -1      1480 1.23115E+00 4.75005E+01 1.24216E-01
 -1      1485-1.19522E+00 4.24989E+01 1.85821E+00
 -1      1486-1.23115E+00 4.24995E+01 1.87578E+00
 -1      1487-1.20478E+00 4.25011E+01 1.92966E+00
 -1      1488-1.16885E+00 4.25005E+01 1.91208E+00
 -1      1493-1.19553E+00 4.50000E+01 1.81422E+00
 -1      1494-1.23131E+00 4.50000E+01 1.83211E+00
 -1      1495-1.20447E+00 4.50000E+01 1.88578E+00
 -1      1496-1.16869E+00 4.50000E+01 1.86789E+00
 -1      1501-1.19586E+00 4.75011E+01 1.85813E+00
 -1      1502-1.23147E+00 4.75005E+01 1.87635E+00
 -1      1503-1.20414E+00 4.74989E+01 1.92974E+00
 -1      1504-1.16853E+00 4.74995E+01 1.91152E+00
 -1      1509 1.20414E+00 4.25011E+01 2.07026E+00
 -1      1510 1.16853E+00 4.25005E+01 2.08848E+00
 -1      1511 1.19586E+00 4.24989E+01 2.14187E+00
 -1      1512 1.23147E+00 4.24995E+01 2.12365E+00
 -1      1517 1.20447E+00 4.50000E+01 2.11422E+00
 -1      1518 1.16869E+00 4.50000E+01 2.13211E+00
 -1      1519 1.19553E+00 4.50000E+01 2.18578E+00
 -1      1520 1.23131E+00 4.50000E+01 2.16789E+00
 -1      1525 1.20478E+00 4.74989E+01 2.07034E+00
 -1      1526 1.16885E+00 4.74995E+01 2.08792E+00
 -1      1527 1.19522E+00 4.75011E+01 2.14179E+00
 -1      1528 1.23115E+00 4.75005E+01 2.12422E+00
 -1      1533 0.00000E+00 9.93000E+00-1.20023E-02
 -1      1534 0.00000E+00 9.96200E+00-3.60001E-02
 -1      1535 0.00000E+00 9.99800E+00 1.20023E-02
 -1      1536 0.00000E+00 9.96600E+00 3.60001E-02
 -1      1541 0.00000E+00 1.00020E+01 1.98800E+00
 -1      1542 0.00000E+00 1.00340E+01 1.96400E+00
 -1      1543 0.00000E+00 1.00700E+01 2.01200E+00
 -1      1544 0.00000E+00 1.00380E+01 2.03600E+00
 -1      1549-1.23329E+00 1.00161E+01 1.00000E+00
 -1      1550-1.20002E+00 9.99394E+00 1.00000E+00
 -1      1551-1.16671E+00 1.00439E+01 1.00000E+00
 -1      1552-1.19998E+00 1.00661E+01 1.00000E+00
 -1      1557 1.16671E+00 9.95615E+00 1.00000E+00
 -1      1558 1.19998E+00 9.93394E+00 1.00000E+00
 -1      1559 1.23329E+00 9.98385E+00 1.00000E+00
 -1      1560 1.20002E+00 1.00061E+01 1.00000E+00
 -1      1565-6.01023E-01 2.99404E+01-1.16832E-02
 -1      1566-6.00070E-01 2.99722E+01-3.59798E-02
 -1      1567-5.98977E-01 3.00086E+01 1.16832E-02
 -1      1568-5.99930E-01 2.99769E+01 3.59798E-02
 -1      1573 0.00000E+00 2.99300E+01-1.20008E-02
 -1      1574 0.00000E+00 2.99620E+01-3.60000E-02
 -1      1575 0.00000E+00 2.99980E+01 1.20008E-02
 -1      1576 0.00000E+00 2.99660E+01 3.60000E-02
 -1      1581 6.01016E-01 2.99407E+01-1.23359E-02
 -1      1582 6.00049E-01 2.99729E+01-3.60180E-02
 -1      1583 5.98984E-01 3.00084E+01 1.23359E-02
 -1      1584 5.99951E-01 2.99762E+01 3.60180E-02
 -1      1589-5.98984E-01 2.99916E+01 1.98766E+00
 -1      1590-5.99951E-01 3.00238E+01 1.96398E+00
 -1      1591-6.01016E-01 3.00593E+01 2.01234E+00
 -1      1592-6.00049E-01 3.00271E+01 2.03602E+00
 -1      1597 0.00000E+00 3.00020E+01 1.98800E+00
 -1      1598 0.00000E+00 3.00340E+01 1.96400E+00
 -1      1599 0.00000E+00 3.00700E+01 2.01200E+00
 -1      1600 0.00000E+00 3.00380E+01 2.03600E+00
 -1      1605 5.98977E-01 2.99914E+01 1.98832E+00
 -1      1606 5.99930E-01 3.00231E+01 1.96402E+00
 -1      1607 6.01023E-01 3.00596E+01 2.01168E+00
 -1      1608 6.00070E-01 3.00278E+01 2.03598E+00
 -1      1613-1.23354E+00 3.00080E+01 5.00396E-01
 -1      1614-1.20070E+00 2.99852E+01 5.01081E-01
 -1      1615-1.16646E+00 3.00344E+01 4.99604E-01
 -1      1616-1.19930E+00 3.00572E+01 4.98919E-01
 -1      1621-1.23328E+00 3.00161E+01 1.00000E+00
 -1      1622-1.20001E+00 2.99939E+01 1.00000E+00
 -1      1623-1.16672E+00 3.00439E+01 1.00000E+00
 -1      1624-1.19999E+00 3.00661E+01 1.00000E+00
 -1      1629-1.23303E+00 3.00068E+01 1.49957E+00
 -1      1630-1.19936E+00 2.99852E+01 1.49892E+00
 -1      1631-1.16697E+00 3.00357E+01 1.50043E+00
 -1      1632-1.20064E+00 3.00572E+01 1.50108E+00
 -1      1637 1.16697E+00 2.99643E+01 4.99567E-01
 -1      1638 1.20064E+00 2.99428E+01 4.98919E-01
 -1      1639 1.23303E+00 2.99932E+01 5.00433E-01
 -1      1640 1.19936E+00 3.00148E+01 5.01081E-01
 -1      1645 1.16672E+00 2.99561E+01 1.00000E+00
 -1      1646 1.19999E+00 2.99339E+01 1.00000E+00
 -1      1647 1.23328E+00 2.99839E+01 1.00000E+00
 -1      1648 1.20001E+00 3.00061E+01 1.00000E+00
 -1      1653 1.16646E+00 2.99656E+01 1.50040E+00
 -1      1654 1.19930E+00 2.99428E+01 1.50108E+00
 -1      1655 1.23354E+00 2.99920E+01 1.49960E+00
 -1      1656 1.20070E+00 3.00148E+01 1.49892E+00
 -1      1661-1.19777E+00 2.52721E+00 3.58451E-01
 -1      1662-1.23236E+00 2.52386E+00 3.78258E-01
 -1      1663-1.20223E+00 2.51522E+00 4.29417E-01
 -1      1664-1.16764E+00 2.51856E+00 4.09610E-01
 -1      1669-1.19829E+00 5.03706E+00 8.14685E-01
 -1      1670-1.23259E+00 5.03303E+00 8.34866E-01
 -1      1671-1.20171E+00 5.02294E+00 8.85315E-01
 -1      1672-1.16741E+00 5.02697E+00 8.65134E-01
 -1      1677-1.19884E+00 7.52934E+00 1.35882E+00
 -1      1678-1.23282E+00 7.52458E+00 1.37939E+00
 -1      1679-1.20116E+00 7.51309E+00 1.42904E+00
 -1      1680-1.16718E+00 7.51785E+00 1.40848E+00
 -1      1685-1.19407E+00 2.51529E+00 1.57100E+00
 -1      1686-1.23055E+00 2.51802E+00 1.58719E+00
 -1      1687-1.20593E+00 2.52714E+00 1.64113E+00
 -1      1688-1.16945E+00 2.52440E+00 1.62495E+00
 -1      1693-1.19388E+00 5.02303E+00 1.11516E+00
 -1      1694-1.23044E+00 5.02621E+00 1.13106E+00
 -1      1695-1.20612E+00 5.03697E+00 1.18484E+00
 -1      1696-1.16956E+00 5.03379E+00 1.16894E+00
 -1      1701-1.19370E+00 7.51321E+00 5.71480E-01
 -1      1702-1.23034E+00 7.51682E+00 5.87095E-01
 -1      1703-1.20630E+00 7.52922E+00 6.40652E-01
 -1      1704-1.16966E+00 7.52560E+00 6.25037E-01
 -1      1709 1.20223E+00 2.52721E+00 3.58451E-01
 -1      1710 1.16764E+00 2.52386E+00 3.78258E-01
 -1      1711 1.19777E+00 2.51522E+00 4.29417E-01
 -1      1712 1.23236E+00 2.51856E+00 4.09610E-01
 -1      1717 1.20171E+00 5.03706E+00 8.14685E-01
 -1      1718 1.16741E+00 5.03303E+00 8.34866E-01
 -1      1719 1.19829E+00 5.02294E+00 8.85315E-01
 -1      1720 1.23259E+00 5.02697E+00 8.65134E-01
 -1      1725 1.20116E+00 7.52934E+00 1.35882E+00
 -1      1726 1.16718E+00 7.52458E+00 1.37939E+00
 -1      1727 1.19884E+00 7.51309E+00 1.42904E+00
 -1      1728 1.23282E+00 7.51785E+00 1.40848E+00
 -1      1733 1.20593E+00 2.51529E+00 1.57100E+00
 -1      1734 1.16945E+00 2.51802E+00 1.58719E+00
 -1      1735 1.19407E+00 2.52714E+00 1.64113E+00
 -1      1736 1.23055E+00 2.52440E+00 1.62495E+00
 -1      1741 1.20612E+00 5.02303E+00 1.11516E+00
 -1      1742 1.16956E+00 5.02621E+00 1.13106E+00
 -1      1743 1.19388E+00 5.03697E+00 1.18484E+00
 -1      1744 1.23044E+00 5.03379E+00 1.16894E+00
 -1      1749 1.20630E+00 7.51321E+00 5.71480E-01
 -1      1750 1.16966E+00 7.51682E+00 5.87095E-01
 -1      1751 1.19370E+00 7.52922E+00 6.40652E-01
 -1      1752 1.23034E+00 7.52560E+00 6.25037E-01
 -1      1757-4.83328E-01 2.47166E+00-3.43393E-02
 -1      1758-5.20442E-01 2.48175E+00-2.33534E-02
 -1      1759-5.04540E-01 2.47743E+00 3.43393E-02
 -1      1760-4.67426E-01 2.46734E+00 2.33534E-02
 -1      1765 1.59904E-01 4.96162E+00-3.45869E-02
 -1      1766 1.22764E-01 4.97054E+00-2.27046E-02
 -1      1767 1.40096E-01 4.96638E+00 3.45869E-02
 -1      1768 1.77236E-01 4.95746E+00 2.27046E-02
 -1      1773 7.15261E-01 7.47263E+00-3.48107E-02
 -1      1774 6.78146E-01 7.48037E+00-2.20585E-02
 -1      1775 6.96871E-01 7.47646E+00 3.48107E-02
 -1      1776 7.33986E-01 7.46872E+00 2.20585E-02
 -1      1781 4.93632E-01 2.47446E+00-3.60542E-02
 -1      1782 4.61704E-01 2.46578E+00-1.35783E-02
 -1      1783 4.94236E-01 2.47463E+00 3.60542E-02
 -1      1784 5.26164E-01 2.48331E+00 1.35783E-02
 -1      1789-1.49866E-01 4.96403E+00-3.60553E-02
 -1      1790-1.82311E-01 4.95625E+00-1.39944E-02
 -1      1791-1.50134E-01 4.96397E+00 3.60553E-02
 -1      1792-1.17689E-01 4.97175E+00 1.39944E-02
 -1      1797-7.05470E-01 7.47467E+00-3.60504E-02
 -1      1798-7.38413E-01 7.46780E+00-1.44278E-02
 -1      1799-7.06662E-01 7.47442E+00 3.60504E-02
 -1      1800-6.73719E-01 7.48129E+00 1.44278E-02
 -1      1805-4.83328E-01 2.47166E+00 1.96566E+00
 -1      1806-5.20442E-01 2.48175E+00 1.97665E+00
 -1      1807-5.04540E-01 2.47743E+00 2.03434E+00
 -1      1808-4.67426E-01 2.46734E+00 2.02335E+00
 -1      1813 1.59904E-01 4.96162E+00 1.96541E+00
 -1      1814 1.22764E-01 4.97054E+00 1.97730E+00
 -1      1815 1.40096E-01 4.96638E+00 2.03459E+00
 -1      1816 1.77236E-01 4.95746E+00 2.02270E+00
 -1      1821 7.15261E-01 7.47263E+00 1.96519E+00
 -1      1822 6.78146E-01 7.48037E+00 1.97794E+00
 -1      1823 6.96871E-01 7.47646E+00 2.03481E+00
 -1      1824 7.33986E-01 7.46872E+00 2.02206E+00
 -1      1829 4.93632E-01 2.47446E+00 1.96395E+00
 -1      1830 4.61704E-01 2.46578E+00 1.98642E+00
 -1      1831 4.94236E-01 2.47463E+00 2.03605E+00
 -1      1832 5.26164E-01 2.48331E+00 2.01358E+00
 -1      1837-1.49866E-01 4.96403E+00 1.96394E+00
 -1      1838-1.82311E-01 4.95625E+00 1.98601E+00
 -1      1839-1.50134E-01 4.96397E+00 2.03606E+00
 -1      1840-1.17689E-01 4.97175E+00 2.01399E+00
 -1      1845-7.05470E-01 7.47467E+00 1.96395E+00
 -1      1846-7.38413E-01 7.46780E+00 1.98557E+00
 -1      1847-7.06662E-01 7.47442E+00 2.03605E+00
 -1      1848-6.73719E-01 7.48129E+00 2.01443E+00
 -1      1853-1.19777E+00 2.25272E+01 3.58451E-01
 -1      1854-1.23236E+00 2.25239E+01 3.78258E-01
 -1      1855-1.20223E+00 2.25152E+01 4.29417E-01
 -1      1856-1.16764E+00 2.25186E+01 4.09610E-01
 -1      1861-1.19829E+00 2.50371E+01 8.14685E-01
 -1      1862-1.23259E+00 2.50330E+01 8.34866E-01
 -1      1863-1.20171E+00 2.50229E+01 8.85315E-01
 -1      1864-1.16741E+00 2.50270E+01 8.65134E-01
 -1      1869-1.19884E+00 2.75293E+01 1.35882E+00
 -1      1870-1.23282E+00 2.75246E+01 1.37939E+00
 -1      1871-1.20116E+00 2.75131E+01 1.42904E+00
 -1      1872-1.16718E+00 2.75178E+01 1.40848E+00
 -1      1877-1.19407E+00 2.25153E+01 1.57100E+00
 -1      1878-1.23055E+00 2.25180E+01 1.58719E+00
 -1      1879-1.20593E+00 2.25271E+01 1.64113E+00
 -1      1880-1.16945E+00 2.25244E+01 1.62495E+00
 -1      1885-1.19388E+00 2.50230E+01 1.11516E+00
 -1      1886-1.23044E+00 2.50262E+01 1.13106E+00
 -1      1887-1.20612E+00 2.50370E+01 1.18484E+00
 -1      1888-1.16956E+00 2.50338E+01 1.16894E+00
 -1      1893-1.19370E+00 2.75132E+01 5.71480E-01
 -1      1894-1.23034E+00 2.75168E+01 5.87095E-01
 -1      1895-1.20630E+00 2.75292E+01 6.40652E-01
 -1      1896-1.16966E+00 2.75256E+01 6.25037E-01
 -1      1901 1.20223E+00 2.25272E+01 3.58451E-01
 -1      1902 1.16764E+00 2.25239E+01 3.78258E-01
 -1      1903 1.19777E+00 2.25152E+01 4.29417E-01
 -1      1904 1.23236E+00 2.25186E+01 4.09610E-01
 -1      1909 1.20171E+00 2.50371E+01 8.14685E-01
 -1      1910 1.16741E+00 2.50330E+01 8.34866E-01
 -1      1911 1.19829E+00 2.50229E+01 8.85315E-01
 -1      1912 1.23259E+00 2.50270E+01 8.65134E-01
 -1      1917 1.20116E+00 2.75293E+01 1.35882E+00
 -1      1918 1.16718E+00 2.75246E+01 1.37939E+00
 -1      1919 1.19884E+00 2.75131E+01 1.42904E+00
 -1      1920 1.23282E+00 2.75178E+01 1.40848E+00
 -1      1925 1.20593E+00 2.25153E+01 1.57100E+00
 -1      1926 1.16945E+00 2.25180E+01 1.58719E+00
 -1      1927 1.19407E+00 2.25271E+01 1.64113E+00
 -1      1928 1.23055E+00 2.25244E+01 1.62495E+00
 -1      1933 1.20612E+00 2.50230E+01 1.11516E+00
 -1      1934 1.16956E+00 2.50262E+01 1.13106E+00
 -1      1935 1.19388E+00 2.50370E+01 1.18484E+00
 -1      1936 1.23044E+00 2.50338E+01 1.16894E+00
 -1      1941 1.20630E+00 2.75132E+01 5.71480E-01
 -1      1942 1.16966E+00 2.75168E+01 5.87095E-01
 -1      1943 1.19370E+00 2.75292E+01 6.40652E-01
 -1      1944 1.23034E+00 2.75256E+01 6.25037E-01
 -1      1949-4.83328E-01 2.24717E+01-3.43393E-02
 -1      1950-5.20442E-01 2.24818E+01-2.33534E-02
 -1      1951-5.04540E-01 2.24774E+01 3.43393E-02
 -1      1952-4.67426E-01 2.24673E+01 2.33534E-02
 -1      1957 1.59904E-01 2.49616E+01-3.45869E-02
 -1      1958 1.22764E-01 2.49705E+01-2.27046E-02
 -1      1959 1.40096E-01 2.49664E+01 3.45869E-02
 -1      1960 1.77236E-01 2.49575E+01 2.27046E-02
 -1      1965 7.15261E-01 2.74726E+01-3.48107E-02
 -1      1966 6.78146E-01 2.74804E+01-2.20585E-02
 -1      1967 6.96871E-01 2.74765E+01 3.48107E-02
 -1      1968 7.33986E-01 2.74687E+01 2.20585E-02
 -1      1973 4.93632E-01 2.24745E+01-3.60542E-02
 -1      1974 4.61704E-01 2.24658E+01-1.35783E-02
 -1      1975 4.94236E-01 2.24746E+01 3.60542E-02
 -1      1976 5.26164E-01 2.24833E+01 1.35783E-02
 -1      1981-1.49866E-01 2.49640E+01-3.60553E-02
 -1      1982-1.82311E-01 2.49562E+01-1.39944E-02
 -1      1983-1.50134E-01 2.49640E+01 3.60553E-02
 -1      1984-1.17689E-01 2.49718E+01 1.39944E-02
 -1      1989-7.05470E-01 2.74747E+01-3.60504E-02
 -1      1990-7.38413E-01 2.74678E+01-1.44278E-02
 -1      1991-7.06662E-01 2.74744E+01 3.60504E-02
 -1      1992-6.73719E-01 2.74813E+01 1.44278E-02
 -1      1997-4.83328E-01 2.24717E+01 1.96566E+00
 -1      1998-5.20442E-01 2.24818E+01 1.97665E+00
 -1      1999-5.04540E-01 2.24774E+01 2.03434E+00
 -1      2000-4.67426E-01 2.24673E+01 2.02335E+00
 -1      2005 1.59904E-01 2.49616E+01 1.96541E+00
 -1      2006 1.22764E-01 2.49705E+01 1.97730E+00
 -1      2007 1.40096E-01 2.49664E+01 2.03459E+00
 -1      2008 1.77236E-01 2.49575E+01 2.02270E+00
 -1      2013 7.15261E-01 2.74726E+01 1.96519E+00
 -1      2014 6.78146E-01 2.74804E+01 1.97794E+00
 -1      2015 6.96871E-01 2.74765E+01 2.03481E+00
 -1      2016 7.33986E-01 2.74687E+01 2.02206E+00
 -1      2021 4.93632E-01 2.24745E+01 1.96395E+00
 -1      2022 4.61704E-01 2.24658E+01 1.98642E+00
 -1      2023 4.94236E-01 2.24746E+01 2.03605E+00
 -1      2024 5.26164E-01 2.24833E+01 2.01358E+00
 -1      2029-1.49866E-01 2.49640E+01 1.96394E+00
 -1      2030-1.82311E-01 2.49562E+01 1.98601E+00
 -1      2031-1.50134E-01 2.49640E+01 2.03606E+00
 -1      2032-1.17689E-01 2.49718E+01 2.01399E+00
 -1      2037-7.05470E-01 2.74747E+01 1.96395E+00
 -1      2038-7.38413E-01 2.74678E+01 1.98557E+00
 -1      2039-7.06662E-01 2.74744E+01 2.03605E+00
 -1      2040-6.73719E-01 2.74813E+01 2.01443E+00
 -1      2045-1.19757E+00 3.12670E+01 1.57055E-01
 -1      2046-1.23227E+00 3.12640E+01 1.76710E-01
 -1      2047-1.20243E+00 3.12559E+01 2.28140E-01
 -1      2048-1.16773E+00 3.12590E+01 2.08485E-01
 -1      2053-1.19773E+00 3.25271E+01 3.58438E-01
 -1      2054-1.23234E+00 3.25238E+01 3.78214E-01
 -1      2055-1.20227E+00 3.25153E+01 4.29430E-01
 -1      2056-1.16766E+00 3.25186E+01 4.09654E-01
 -1      2061-1.19798E+00 3.37842E+01 5.76000E-01
 -1      2062-1.23245E+00 3.37805E+01 5.95959E-01
 -1      2063-1.20202E+00 3.37713E+01 6.46836E-01
 -1      2064-1.16755E+00 3.37749E+01 6.26877E-01
 -1      2069-1.19828E+00 3.50371E+01 8.14685E-01
 -1      2070-1.23258E+00 3.50330E+01 8.34863E-01
 -1      2071-1.20172E+00 3.50229E+01 8.85315E-01
 -1      2072-1.16742E+00 3.50270E+01 8.65137E-01
 -1      2077-1.19860E+00 3.62854E+01 1.07622E+00
 -1      2078-1.23272E+00 3.62809E+01 1.09662E+00
 -1      2079-1.20140E+00 3.62700E+01 1.14662E+00
 -1      2080-1.16728E+00 3.62745E+01 1.12622E+00
 -1      2085-1.19888E+00 3.75294E+01 1.35884E+00
 -1      2086-1.23284E+00 3.75246E+01 1.37943E+00
 -1      2087-1.20112E+00 3.75130E+01 1.42902E+00
 -1      2088-1.16716E+00 3.75178E+01 1.40843E+00
 -1      2093-1.19908E+00 3.87700E+01 1.65759E+00
 -1      2094-1.23292E+00 3.87650E+01 1.67830E+00
 -1      2095-1.20092E+00 3.87529E+01 1.72761E+00
 -1      2096-1.16708E+00 3.87580E+01 1.70689E+00
 -1      2101-1.19416E+00 3.12560E+01 1.77225E+00
 -1      2102-1.23060E+00 3.12585E+01 1.78856E+00
 -1      2103-1.20584E+00 3.12670E+01 1.84256E+00
 -1      2104-1.16940E+00 3.12644E+01 1.82625E+00
 -1      2109-1.19409E+00 3.25154E+01 1.57098E+00
 -1      2110-1.23056E+00 3.25181E+01 1.58719E+00
 -1      2111-1.20591E+00 3.25271E+01 1.64115E+00
 -1      2112-1.16944E+00 3.25244E+01 1.62494E+00
 -1      2117-1.19399E+00 3.37714E+01 1.35360E+00
 -1      2118-1.23051E+00 3.37743E+01 1.36967E+00
 -1      2119-1.20601E+00 3.37841E+01 1.42356E+00
 -1      2120-1.16949E+00 3.37812E+01 1.40749E+00
 -1      2125-1.19388E+00 3.50230E+01 1.11516E+00
 -1      2126-1.23044E+00 3.50262E+01 1.13106E+00
 -1      2127-1.20612E+00 3.50370E+01 1.18484E+00
 -1      2128-1.16956E+00 3.50338E+01 1.16894E+00
 -1      2133-1.19377E+00 3.62701E+01 8.53886E-01
 -1      2134-1.23038E+00 3.62736E+01 8.69618E-01
 -1      2135-1.20623E+00 3.62853E+01 9.23278E-01
 -1      2136-1.16962E+00 3.62819E+01 9.07546E-01
 -1      2141-1.19368E+00 3.75131E+01 5.71502E-01
 -1      2142-1.23034E+00 3.75168E+01 5.87093E-01
 -1      2143-1.20632E+00 3.75293E+01 6.40630E-01
 -1      2144-1.16966E+00 3.75257E+01 6.25039E-01
 -1      2149-1.19363E+00 3.87531E+01 2.72930E-01
 -1      2150-1.23031E+00 3.87568E+01 2.88429E-01
 -1      2151-1.20637E+00 3.87699E+01 3.41875E-01
 -1      2152-1.16969E+00 3.87661E+01 3.26376E-01
 -1      2157 1.20243E+00 3.12670E+01 1.57055E-01
 -1      2158 1.16773E+00 3.12640E+01 1.76710E-01
 -1      2159 1.19757E+00 3.12559E+01 2.28140E-01
 -1      2160 1.23227E+00 3.12590E+01 2.08485E-01
 -1      2165 1.20227E+00 3.25271E+01 3.58438E-01
 -1      2166 1.16766E+00 3.25238E+01 3.78214E-01
 -1      2167 1.19773E+00 3.25153E+01 4.29430E-01
 -1      2168 1.23234E+00 3.25186E+01 4.09654E-01
 -1      2173 1.20202E+00 3.37842E+01 5.76000E-01
 -1      2174 1.16755E+00 3.37805E+01 5.95959E-01
 -1      2175 1.19798E+00 3.37713E+01 6.46836E-01
 -1      2176 1.23245E+00 3.37749E+01 6.26877E-01
 -1      2181 1.20172E+00 3.50371E+01 8.14685E-01
 -1      2182 1.16742E+00 3.50330E+01 8.34863E-01
 -1      2183 1.19828E+00 3.50229E+01 8.85315E-01
 -1      2184 1.23258E+00 3.50270E+01 8.65137E-01
 -1      2189 1.20140E+00 3.62854E+01 1.07622E+00
 -1      2190 1.16728E+00 3.62809E+01 1.09662E+00
 -1      2191 1.19860E+00 3.62700E+01 1.14662E+00
 -1      2192 1.23272E+00 3.62745E+01 1.12622E+00
 -1      2197 1.20112E+00 3.75294E+01 1.35884E+00
 -1      2198 1.16716E+00 3.75246E+01 1.37943E+00
 -1      2199 1.19888E+00 3.75130E+01 1.42902E+00
 -1      2200 1.23284E+00 3.75178E+01 1.40843E+00
 -1      2205 1.20092E+00 3.87700E+01 1.65759E+00
 -1      2206 1.16708E+00 3.87650E+01 1.67830E+00
 -1      2207 1.19908E+00 3.87529E+01 1.72761E+00
 -1      2208 1.23292E+00 3.87580E+01 1.70689E+00
 -1      2213 1.20584E+00 3.12560E+01 1.77225E+00
 -1      2214 1.16940E+00 3.12585E+01 1.78856E+00
 -1      2215 1.19416E+00 3.12670E+01 1.84256E+00
 -1      2216 1.23060E+00 3.12644E+01 1.82625E+00
 -1      2221 1.20591E+00 3.25154E+01 1.57098E+00
 -1      2222 1.16944E+00 3.25181E+01 1.58719E+00
 -1      2223 1.19409E+00 3.25271E+01 1.64115E+00
 -1      2224 1.23056E+00 3.25244E+01 1.62494E+00
 -1      2229 1.20601E+00 3.37714E+01 1.35360E+00
 -1      2230 1.16949E+00 3.37743E+01 1.36967E+00
 -1      2231 1.19399E+00 3.37841E+01 1.42356E+00
 -1      2232 1.23051E+00 3.37812E+01 1.40749E+00
 -1      2237 1.20612E+00 3.50230E+01 1.11516E+00
 -1      2238 1.16956E+00 3.50262E+01 1.13106E+00
 -1      2239 1.19388E+00 3.50370E+01 1.18484E+00
 -1      2240 1.23044E+00 3.50338E+01 1.16894E+00
 -1      2245 1.20623E+00 3.62701E+01 8.53886E-01
 -1      2246 1.16962E+00 3.62736E+01 8.69618E-01
 -1      2247 1.19377E+00 3.62853E+01 9.23278E-01
 -1      2248 1.23038E+00 3.62819E+01 9.07546E-01
 -1      2253 1.20632E+00 3.75131E+01 5.71502E-01
 -1      2254 1.16966E+00 3.75168E+01 5.87093E-01
 -1      2255 1.19368E+00 3.75293E+01 6.40630E-01
 -1      2256 1.23034E+00 3.75257E+01 6.25039E-01
 -1      2261 1.20637E+00 3.87531E+01 2.72930E-01
 -1      2262 1.16969E+00 3.87568E+01 2.88429E-01
 -1      2263 1.19363E+00 3.87699E+01 3.41875E-01
 -1      2264 1.23031E+00 3.87661E+01 3.26376E-01
 -1      2269-8.31704E-01 3.12331E+01-3.42295E-02
 -1      2270-8.68791E-01 3.12437E+01-2.36225E-02
 -1      2271-8.53491E-01 3.12393E+01 3.42295E-02
 -1      2272-8.16404E-01 3.12288E+01 2.36225E-02
 -1      2277-4.83271E-01 3.24716E+01-3.43179E-02
 -1      2278-5.20380E-01 3.24818E+01-2.34066E-02
 -1      2279-5.04597E-01 3.24775E+01 3.43179E-02
 -1      2280-4.67488E-01 3.24673E+01 2.34066E-02
 -1      2285-1.51102E-01 3.37141E+01-3.44451E-02
 -1      2286-1.88233E-01 3.37237E+01-2.30837E-02
 -1      2287-1.71734E-01 3.37194E+01 3.44451E-02
 -1      2288-1.34603E-01 3.37098E+01 2.30837E-02
 -1      2293 1.59903E-01 3.49616E+01-3.45874E-02
 -1      2294 1.22764E-01 3.49705E+01-2.27035E-02
 -1      2295 1.40097E-01 3.49664E+01 3.45874E-02
 -1      2296 1.77236E-01 3.49575E+01 2.27035E-02
 -1      2301 4.48070E-01 3.62146E+01-3.47212E-02
 -1      2302 4.10939E-01 3.62229E+01-2.23246E-02
 -1      2303 4.29094E-01 3.62188E+01 3.47212E-02
 -1      2304 4.66225E-01 3.62106E+01 2.23246E-02
 -1      2309 7.15201E-01 3.74727E+01-3.48283E-02
 -1      2310 6.78091E-01 3.74803E+01-2.20050E-02
 -1      2311 6.96931E-01 3.74764E+01 3.48283E-02
 -1      2312 7.34041E-01 3.74688E+01 2.20050E-02
 -1      2317 9.66302E-01 3.87345E+01-3.48965E-02
 -1      2318 9.29212E-01 3.87417E+01-2.17923E-02
 -1      2319 9.48503E-01 3.87380E+01 3.48965E-02
 -1      2320 9.85593E-01 3.87307E+01 2.17923E-02
 -1      2325 8.42124E-01 3.12361E+01-3.60521E-02
 -1      2326 8.10413E-01 3.12270E+01-1.34113E-02
 -1      2327 8.43071E-01 3.12364E+01 3.60521E-02
 -1      2328 8.74781E-01 3.12454E+01 1.34113E-02
 -1      2333 4.93597E-01 3.24745E+01-3.60538E-02
 -1      2334 4.61712E-01 3.24657E+01-1.35445E-02
 -1      2335 4.94271E-01 3.24746E+01 3.60538E-02
 -1      2336 5.26156E-01 3.24834E+01 1.35445E-02
 -1      2341 1.61293E-01 3.37167E+01-3.60553E-02
 -1      2342 1.29148E-01 3.37084E+01-1.37478E-02
 -1      2343 1.61544E-01 3.37168E+01 3.60553E-02
 -1      2344 1.93688E-01 3.37251E+01 1.37478E-02
 -1      2349-1.49867E-01 3.49640E+01-3.60553E-02
 -1      2350-1.82312E-01 3.49562E+01-1.39935E-02
 -1      2351-1.50133E-01 3.49640E+01 3.60553E-02
 -1      2352-1.17688E-01 3.49718E+01 1.39935E-02
 -1      2357-4.38181E-01 3.62168E+01-3.60532E-02
 -1      2358-4.70920E-01 3.62096E+01-1.42455E-02
 -1      2359-4.38983E-01 3.62167E+01 3.60532E-02
 -1      2360-4.06244E-01 3.62239E+01 1.42455E-02
 -1      2365-7.05431E-01 3.74747E+01-3.60497E-02
 -1      2366-7.38414E-01 3.74679E+01-1.44640E-02
 -1      2367-7.06701E-01 3.74744E+01 3.60497E-02
 -1      2368-6.73718E-01 3.74812E+01 1.44640E-02
 -1      2373-9.56607E-01 3.87364E+01-3.60464E-02
 -1      2374-9.89751E-01 3.87299E+01-1.46123E-02
 -1      2375-9.58198E-01 3.87361E+01 3.60464E-02
 -1      2376-9.25054E-01 3.87425E+01 1.46123E-02
 -1      2381-8.31704E-01 3.12331E+01 1.96577E+00
 -1      2382-8.68791E-01 3.12437E+01 1.97638E+00
 -1      2383-8.53491E-01 3.12393E+01 2.03423E+00
 -1      2384-8.16404E-01 3.12288E+01 2.02362E+00
 -1      2389-4.83271E-01 3.24716E+01 1.96568E+00
 -1      2390-5.20380E-01 3.24818E+01 1.97659E+00
 -1      2391-5.04597E-01 3.24775E+01 2.03432E+00
 -1      2392-4.67488E-01 3.24673E+01 2.02341E+00
 -1      2397-1.51102E-01 3.37141E+01 1.96555E+00
 -1      2398-1.88233E-01 3.37237E+01 1.97692E+00
 -1      2399-1.71734E-01 3.37194E+01 2.03445E+00
 -1      2400-1.34603E-01 3.37098E+01 2.02308E+00
 -1      2405 1.59903E-01 3.49616E+01 1.96541E+00
 -1      2406 1.22764E-01 3.49705E+01 1.97730E+00
 -1      2407 1.40097E-01 3.49664E+01 2.03459E+00
 -1      2408 1.77236E-01 3.49575E+01 2.02270E+00
 -1      2413 4.48070E-01 3.62146E+01 1.96528E+00
 -1      2414 4.10939E-01 3.62229E+01 1.97768E+00
 -1      2415 4.29094E-01 3.62188E+01 2.03472E+00
 -1      2416 4.66225E-01 3.62106E+01 2.02232E+00
 -1      2421 7.15201E-01 3.74727E+01 1.96517E+00
 -1      2422 6.78091E-01 3.74803E+01 1.97800E+00
 -1      2423 6.96931E-01 3.74764E+01 2.03483E+00
 -1      2424 7.34041E-01 3.74688E+01 2.02200E+00
 -1      2429 9.66302E-01 3.87345E+01 1.96510E+00
 -1      2430 9.29212E-01 3.87417E+01 1.97821E+00
 -1      2431 9.48503E-01 3.87380E+01 2.03490E+00
 -1      2432 9.85593E-01 3.87307E+01 2.02179E+00
 -1      2437 8.42124E-01 3.12361E+01 1.96395E+00
 -1      2438 8.10413E-01 3.12270E+01 1.98659E+00
 -1      2439 8.43071E-01 3.12364E+01 2.03605E+00
 -1      2440 8.74781E-01 3.12454E+01 2.01341E+00
 -1      2445 4.93597E-01 3.24745E+01 1.96395E+00
 -1      2446 4.61712E-01 3.24657E+01 1.98646E+00
 -1      2447 4.94271E-01 3.24746E+01 2.03605E+00
 -1      2448 5.26156E-01 3.24834E+01 2.01354E+00
 -1      2453 1.61293E-01 3.37167E+01 1.96394E+00
 -1      2454 1.29148E-01 3.37084E+01 1.98625E+00
 -1      2455 1.61544E-01 3.37168E+01 2.03606E+00
 -1      2456 1.93688E-01 3.37251E+01 2.01375E+00
 -1      2461-1.49867E-01 3.49640E+01 1.96394E+00
 -1      2462-1.82312E-01 3.49562E+01 1.98601E+00
 -1      2463-1.50133E-01 3.49640E+01 2.03606E+00
 -1      2464-1.17688E-01 3.49718E+01 2.01399E+00
 -1      2469-4.38181E-01 3.62168E+01 1.96395E+00
 -1      2470-4.70920E-01 3.62096E+01 1.98575E+00
 -1      2471-4.38983E-01 3.62167E+01 2.03605E+00
 -1      2472-4.06244E-01 3.62239E+01 2.01425E+00
 -1      2477-7.05431E-01 3.74747E+01 1.96395E+00
 -1      2478-7.38414E-01 3.74679E+01 1.98554E+00
 -1      2479-7.06701E-01 3.74744E+01 2.03605E+00
 -1      2480-6.73718E-01 3.74812E+01 2.01446E+00
 -1      2485-9.56607E-01 3.87364E+01 1.96395E+00
 -1      2486-9.89751E-01 3.87299E+01 1.98539E+00
 -1      2487-9.58198E-01 3.87361E+01 2.03605E+00
 -1      2488-9.25054E-01 3.87425E+01 2.01461E+00
 -1      2493-1.19830E+00 4.50371E+01 8.14684E-01
 -1      2494-1.23259E+00 4.50330E+01 8.34874E-01
 -1      2495-1.20170E+00 4.50229E+01 8.85316E-01
 -1      2496-1.16741E+00 4.50270E+01 8.65126E-01
 -1      2501-1.19388E+00 4.50230E+01 1.11516E+00
 -1      2502-1.23044E+00 4.50262E+01 1.13106E+00
 -1      2503-1.20612E+00 4.50370E+01 1.18484E+00
 -1      2504-1.16956E+00 4.50338E+01 1.16894E+00
 -1      2509 1.20170E+00 4.50371E+01 8.14684E-01
 -1      2510 1.16741E+00 4.50330E+01 8.34874E-01
 -1      2511 1.19830E+00 4.50229E+01 8.85316E-01
 -1      2512 1.23259E+00 4.50270E+01 8.65126E-01
 -1      2517 1.20612E+00 4.50230E+01 1.11516E+00
 -1      2518 1.16956E+00 4.50262E+01 1.13106E+00
 -1      2519 1.19388E+00 4.50370E+01 1.18484E+00
 -1      2520 1.23044E+00 4.50338E+01 1.16894E+00
 -1      2525 1.59908E-01 4.49616E+01-3.45858E-02
 -1      2526 1.22767E-01 4.49705E+01-2.27077E-02
 -1      2527 1.40092E-01 4.49664E+01 3.45858E-02
 -1      2528 1.77233E-01 4.49575E+01 2.27077E-02
 -1      2533-1.49864E-01 4.49640E+01-3.60552E-02
 -1      2534-1.82310E-01 4.49562E+01-1.39967E-02
 -1      2535-1.50136E-01 4.49640E+01 3.60552E-02
 -1      2536-1.17690E-01 4.49718E+01 1.39967E-02
 -1      2541 1.59908E-01 4.49616E+01 1.96541E+00
 -1      2542 1.22767E-01 4.49705E+01 1.97729E+00
 -1      2543 1.40092E-01 4.49664E+01 2.03459E+00
 -1      2544 1.77233E-01 4.49575E+01 2.02271E+00
 -1      2549-1.49864E-01 4.49640E+01 1.96394E+00
 -1      2550-1.82310E-01 4.49562E+01 1.98600E+00
 -1      2551-1.50136E-01 4.49640E+01 2.03606E+00
 -1      2552-1.17690E-01 4.49718E+01 2.01400E+00
 -3
    3C                           232                                     1
 -1         1    1    0    1
 -2       173       373       374       174       176       376       375       175
 -1         2    1    0    1
 -2       223       423       424       224       226       426       425       225
 -1         3    1    0    1
 -2       273       473       474       274       276       476       475       275
 -1         4    1    0    1
 -2       323       523       524       324       326       526       525       325
 -1         5    1    0    1
 -2       373      1373      1374       374       376      1376      1375       375
 -1         6    1    0    1
 -2      1373       573       574      1374      1376       576       575      1375
 -1         7    1    0    1
 -2       423      1381      1382       424       426      1384      1383       425
 -1         8    1    0    1
 -2      1381       623       624      1382      1384       626       625      1383
 -1         9    1    0    1
 -2       473      1389      1390       474       476      1392      1391       475
 -1        10    1    0    1
 -2      1389       673       674      1390      1392       676       675      1391
 -1        11    1    0    1
 -2       523      1397      1398       524       526      1400      1399       525
 -1        12    1    0    1
 -2      1397       723       724      1398      1400       726       725      1399
 -1        13    1    0    1
 -2       573       773       774       574       576       776       775       575
 -1        14    1    0    1
 -2       623       823       824       624       626       826       825       625
 -1        15    1    0    1
 -2       673       873       874       674       676       876       875       675
 -1        16    1    0    1
 -2       723       923       924       724       726       926       925       725
 -1        17    1    0    1
 -2       773      1405      1406       774       776      1408      1407       775
 -1        18    1    0    1
 -2      1405       973       974      1406      1408       976       975      1407
 -1        19    1    0    1
 -2       823      1413      1414       824       826      1416      1415       825
 -1        20    1    0    1
 -2      1413      1023      1024      1414      1416      1026      1025      1415
 -1        21    1    0    1
 -2       873      1421      1422       874       876      1424      1423       875
 -1        22    1    0    1
 -2      1421      1073      1074      1422      1424      1076      1075      1423
 -1        23    1    0    1
 -2       923      1429      1430       924       926      1432      1431       925
 -1        24    1    0    1
 -2      1429      1123      1124      1430      1432      1126      1125      1431
 -1        25    1    0    1
 -2       973      1437      1438       974       976      1440      1439       975
 -1        26    1    0    1
 -2      1437      1445      1446      1438      1440      1448      1447      1439
 -1        27    1    0    1
 -2      1445      1453      1454      1446      1448      1456      1455      1447
 -1        28    1    0    1
 -2      1453      1173      1174      1454      1456      1176      1175      1455
 -1        29    1    0    1
 -2      1023      1461      1462      1024      1026      1464      1463      1025
 -1        30    1    0    1
 -2      1461      1469      1470      1462      1464      1472      1471      1463
 -1        31    1    0    1
 -2      1469      1477      1478      1470      1472      1480      1479      1471
 -1        32    1    0    1
 -2      1477      1223      1224      1478      1480      1226      1225      1479
 -1        33    1    0    1
 -2      1073      1485      1486      1074      1076      1488      1487      1075
 -1        34    1    0    1
 -2      1485      1493      1494      1486      1488      1496      1495      1487
 -1        35    1    0    1
 -2      1493      1501      1502      1494      1496      1504      1503      1495
 -1        36    1    0    1
 -2      1501      1273      1274      1502      1504      1276      1275      1503
 -1        37    1    0    1
 -2      1123      1509      1510      1124      1126      1512      1511      1125
 -1        38    1    0    1
 -2      1509      1517      1518      1510      1512      1520      1519      1511
 -1        39    1    0    1
 -2      1517      1525      1526      1518      1520      1528      1527      1519
 -1        40    1    0    1
 -2      1525      1323      1324      1526      1528      1326      1325      1527
 -1        41    1    0    1
 -2       181       231       232       182       184       234       233       183
 -1        42    1    0    1
 -2       281       331       332       282       284       334       333       283
 -1        43    1    0    1
 -2       189       289       290       190       192       292       291       191
 -1        44    1    0    1
 -2       239       339       340       240       242       342       341       241
 -1        45    1    0    1
 -2       381      1533      1534       382       384      1536      1535       383
 -1        46    1    0    1
 -2      1533       431       432      1534      1536       434       433      1535
 -1        47    1    0    1
 -2       481      1541      1542       482       484      1544      1543       483
 -1        48    1    0    1
 -2      1541       531       532      1542      1544       534       533      1543
 -1        49    1    0    1
 -2       389      1549      1550       390       392      1552      1551       391
 -1        50    1    0    1
 -2      1549       489       490      1550      1552       492       491      1551
 -1        51    1    0    1
 -2       439      1557      1558       440       442      1560      1559       441
 -1        52    1    0    1
 -2      1557       539       540      1558      1560       542       541      1559
 -1        53    1    0    1
 -2       581       631       632       582       584       634       633       583
 -1        54    1    0    1
 -2       681       731       732       682       684       734       733       683
 -1        55    1    0    1
 -2       589       689       690       590       592       692       691       591
 -1        56    1    0    1
 -2       639       739       740       640       642       742       741       641
 -1        57    1    0    1
 -2       781      1565      1566       782       784      1568      1567       783
 -1        58    1    0    1
 -2      1565      1573      1574      1566      1568      1576      1575      1567
 -1        59    1    0    1
 -2      1573      1581      1582      1574      1576      1584      1583      1575
 -1        60    1    0    1
 -2      1581       831       832      1582      1584       834       833      1583
 -1        61    1    0    1
 -2       881      1589      1590       882       884      1592      1591       883
 -1        62    1    0    1
 -2      1589      1597      1598      1590      1592      1600      1599      1591
 -1        63    1    0    1
 -2      1597      1605      1606      1598      1600      1608      1607      1599
 -1        64    1    0    1
 -2      1605       931       932      1606      1608       934       933      1607
 -1        65    1    0    1
 -2       789      1613      1614       790       792      1616      1615       791
 -1        66    1    0    1
 -2      1613      1621      1622      1614      1616      1624      1623      1615
 -1        67    1    0    1
 -2      1621      1629      1630      1622      1624      1632      1631      1623
 -1        68    1    0    1
 -2      1629       889       890      1630      1632       892       891      1631
 -1        69    1    0    1
 -2       839      1637      1638       840       842      1640      1639       841
 -1        70    1    0    1
 -2      1637      1645      1646      1638      1640      1648      1647      1639
 -1        71    1    0    1
 -2      1645      1653      1654      1646      1648      1656      1655      1647
 -1        72    1    0    1
 -2      1653       939       940      1654      1656       942       941      1655
 -1        73    1    0    1
 -2       981      1031      1032       982       984      1034      1033       983
 -1        74    1    0    1
 -2      1081      1131      1132      1082      1084      1134      1133      1083
 -1        75    1    0    1
 -2       989      1089      1090       990       992      1092      1091       991
 -1        76    1    0    1
 -2      1039      1139      1140      1040      1042      1142      1141      1041
 -1        77    1    0    1
 -2      1181      1231      1232      1182      1184      1234      1233      1183
 -1        78    1    0    1
 -2      1281      1331      1332      1282      1284      1334      1333      1283
 -1        79    1    0    1
 -2      1189      1289      1290      1190      1192      1292      1291      1191
 -1        80    1    0    1
 -2      1239      1339      1340      1240      1242      1342      1341      1241
 -1        81    1    0    1
 -2       173      1661      1662       174       176      1664      1663       175
 -1        82    1    0    1
 -2      1661      1669      1670      1662      1664      1672      1671      1663
 -1        83    1    0    1
 -2      1669      1677      1678      1670      1672      1680      1679      1671
 -1        84    1    0    1
 -2      1677       473       474      1678      1680       476       475      1679
 -1        85    1    0    1
 -2       273      1685      1686       274       276      1688      1687       275
 -1        86    1    0    1
 -2      1685      1693      1694      1686      1688      1696      1695      1687
 -1        87    1    0    1
 -2      1693      1701      1702      1694      1696      1704      1703      1695
 -1        88    1    0    1
 -2      1701       373       374      1702      1704       376       375      1703
 -1        89    1    0    1
 -2       223      1709      1710       224       226      1712      1711       225
 -1        90    1    0    1
 -2      1709      1717      1718      1710      1712      1720      1719      1711
 -1        91    1    0    1
 -2      1717      1725      1726      1718      1720      1728      1727      1719
 -1        92    1    0    1
 -2      1725       523       524      1726      1728       526       525      1727
 -1        93    1    0    1
 -2       323      1733      1734       324       326      1736      1735       325
 -1        94    1    0    1
 -2      1733      1741      1742      1734      1736      1744      1743      1735
 -1        95    1    0    1
 -2      1741      1749      1750      1742      1744      1752      1751      1743
 -1        96    1    0    1
 -2      1749       423       424      1750      1752       426       425      1751
 -1        97    1    0    1
 -2       173      1757      1758       174       176      1760      1759       175
 -1        98    1    0    1
 -2      1757      1765      1766      1758      1760      1768      1767      1759
 -1        99    1    0    1
 -2      1765      1773      1774      1766      1768      1776      1775      1767
 -1       100    1    0    1
 -2      1773       423       424      1774      1776       426       425      1775
 -1       101    1    0    1
 -2       223      1781      1782       224       226      1784      1783       225
 -1       102    1    0    1
 -2      1781      1789      1790      1782      1784      1792      1791      1783
 -1       103    1    0    1
 -2      1789      1797      1798      1790      1792      1800      1799      1791
 -1       104    1    0    1
 -2      1797       373       374      1798      1800       376       375      1799
 -1       105    1    0    1
 -2       273      1805      1806       274       276      1808      1807       275
 -1       106    1    0    1
 -2      1805      1813      1814      1806      1808      1816      1815      1807
 -1       107    1    0    1
 -2      1813      1821      1822      1814      1816      1824      1823      1815
 -1       108    1    0    1
 -2      1821       523       524      1822      1824       526       525      1823
 -1       109    1    0    1
 -2       323      1829      1830       324       326      1832      1831       325
 -1       110    1    0    1
 -2      1829      1837      1838      1830      1832      1840      1839      1831
 -1       111    1    0    1
 -2      1837      1845      1846      1838      1840      1848      1847      1839
 -1       112    1    0    1
 -2      1845       473       474      1846      1848       476       475      1847
 -1       113    1    0    1
 -2       373       673       674       374       376       676       675       375
 -1       114    1    0    1
 -2       473       573       574       474       476       576       575       475
 -1       115    1    0    1
 -2       423       723       724       424       426       726       725       425
 -1       116    1    0    1
 -2       523       623       624       524       526       626       625       525
 -1       117    1    0    1
 -2       373       623       624       374       376       626       625       375
 -1       118    1    0    1
 -2       423       573       574       424       426       576       575       425
 -1       119    1    0    1
 -2       473       723       724       474       476       726       725       475
 -1       120    1    0    1
 -2       523       673       674       524       526       676       675       525
 -1       121    1    0    1
 -2       573      1853      1854       574       576      1856      1855       575
 -1       122    1    0    1
 -2      1853      1861      1862      1854      1856      1864      1863      1855
 -1       123    1    0    1
 -2      1861      1869      1870      1862      1864      1872      1871      1863
 -1       124    1    0    1
 -2      1869       873       874      1870      1872       876       875      1871
 -1       125    1    0    1
 -2       673      1877      1878       674       676      1880      1879       675
 -1       126    1    0    1
 -2      1877      1885      1886      1878      1880      1888      1887      1879
 -1       127    1    0    1
 -2      1885      1893      1894      1886      1888      1896      1895      1887
 -1       128    1    0    1
 -2      1893       773       774      1894      1896       776       775      1895
 -1       129    1    0    1
 -2       623      1901      1902       624       626      1904      1903       625
 -1       130    1    0    1
 -2      1901      1909      1910      1902      1904      1912      1911      1903
 -1       131    1    0    1
 -2      1909      1917      1918      1910      1912      1920      1919      1911
 -1       132    1    0    1
 -2      1917       923       924      1918      1920       926       925      1919
 -1       133    1    0    1
 -2       723      1925      1926       724       726      1928      1927       725
 -1       134    1    0    1
 -2      1925      1933      1934      1926      1928      1936      1935      1927
 -1       135    1    0    1
 -2      1933      1941      1942      1934      1936      1944      1943      1935
 -1       136    1    0    1
 -2      1941       823       824      1942      1944       826       825      1943
 -1       137    1    0    1
 -2       573      1949      1950       574       576      1952      1951       575
 -1       138    1    0    1
 -2      1949      1957      1958      1950      1952      1960      1959      1951
 -1       139    1    0    1
 -2      1957      1965      1966      1958      1960      1968      1967      1959
 -1       140    1    0    1
 -2      1965       823       824      1966      1968       826       825      1967
 -1       141    1    0    1
 -2       623      1973      1974       624       626      1976      1975       625
 -1       142    1    0    1
 -2      1973      1981      1982      1974      1976      1984      1983      1975
 -1       143    1    0    1
 -2      1981      1989      1990      1982      1984      1992      1991      1983
 -1       144    1    0    1
 -2      1989       773       774      1990      1992       776       775      1991
 -1       145    1    0    1
 -2       673      1997      1998       674       676      2000      1999       675
 -1       146    1    0    1
 -2      1997      2005      2006      1998      2000      2008      2007      1999
 -1       147    1    0    1
 -2      2005      2013      2014      2006      2008      2016      2015      2007
 -1       148    1    0    1
 -2      2013       923       924      2014      2016       926       925      2015
 -1       149    1    0    1
 -2       723      2021      2022       724       726      2024      2023       725
 -1       150    1    0    1
 -2      2021      2029      2030      2022      2024      2032      2031      2023
 -1       151    1    0    1
 -2      2029      2037      2038      2030      2032      2040      2039      2031
 -1       152    1    0    1
 -2      2037       873       874      2038      2040       876       875      2039
 -1       153    1    0    1
 -2       773      2045      2046       774       776      2048      2047       775
 -1       154    1    0    1
 -2      2045      2053      2054      2046      2048      2056      2055      2047
 -1       155    1    0    1
 -2      2053      2061      2062      2054      2056      2064      2063      2055
 -1       156    1    0    1
 -2      2061      2069      2070      2062      2064      2072      2071      2063
 -1       157    1    0    1
 -2      2069      2077      2078      2070      2072      2080      2079      2071
 -1       158    1    0    1
 -2      2077      2085      2086      2078      2080      2088      2087      2079
 -1       159    1    0    1
 -2      2085      2093      2094      2086      2088      2096      2095      2087
 -1       160    1    0    1
 -2      2093      1073      1074      2094      2096      1076      1075      2095
 -1       161    1    0    1
 -2       873      2101      2102       874       876      2104      2103       875
 -1       162    1    0    1
 -2      2101      2109      2110      2102      2104      2112      2111      2103
 -1       163    1    0    1
 -2      2109      2117      2118      2110      2112      2120      2119      2111
 -1       164    1    0    1
 -2      2117      2125      2126      2118      2120      2128      2127      2119
 -1       165    1    0    1
 -2      2125      2133      2134      2126      2128      2136      2135      2127
 -1       166    1    0    1
 -2      2133      2141      2142      2134      2136      2144      2143      2135
 -1       167    1    0    1
 -2      2141      2149      2150      2142      2144      2152      2151      2143
 -1       168    1    0    1
 -2      2149       973       974      2150      2152       976       975      2151
 -1       169    1    0    1
 -2       823      2157      2158       824       826      2160      2159       825
 -1       170    1    0    1
 -2      2157      2165      2166      2158      2160      2168      2167      2159
 -1       171    1    0    1
 -2      2165      2173      2174      2166      2168      2176      2175      2167
 -1       172    1    0    1
 -2      2173      2181      2182      2174      2176      2184      2183      2175
 -1       173    1    0    1
 -2      2181      2189      2190      2182      2184      2192      2191      2183
 -1       174    1    0    1
 -2      2189      2197      2198      2190      2192      2200      2199      2191
 -1       175    1    0    1
 -2      2197      2205      2206      2198      2200      2208      2207      2199
 -1       176    1    0    1
 -2      2205      1123      1124      2206      2208      1126      1125      2207
 -1       177    1    0    1
 -2       923      2213      2214       924       926      2216      2215       925
 -1       178    1    0    1
 -2      2213      2221      2222      2214      2216      2224      2223      2215
 -1       179    1    0    1
 -2      2221      2229      2230      2222      2224      2232      2231      2223
 -1       180    1    0    1
 -2      2229      2237      2238      2230      2232      2240      2239      2231
 -1       181    1    0    1
 -2      2237      2245      2246      2238      2240      2248      2247      2239
 -1       182    1    0    1
 -2      2245      2253      2254      2246      2248      2256      2255      2247
 -1       183    1    0    1
 -2      2253      2261      2262      2254      2256      2264      2263      2255
 -1       184    1    0    1
 -2      2261      1023      1024      2262      2264      1026      1025      2263
 -1       185    1    0    1
 -2       773      2269      2270       774       776      2272      2271       775
 -1       186    1    0    1
 -2      2269      2277      2278      2270      2272      2280      2279      2271
 -1       187    1    0    1
 -2      2277      2285      2286      2278      2280      2288      2287      2279
 -1       188    1    0    1
 -2      2285      2293      2294      2286      2288      2296      2295      2287
 -1       189    1    0    1
 -2      2293      2301      2302      2294      2296      2304      2303      2295
 -1       190    1    0    1
 -2      2301      2309      2310      2302      2304      2312      2311      2303
 -1       191    1    0    1
 -2      2309      2317      2318      2310      2312      2320      2319      2311
 -1       192    1    0    1
 -2      2317      1023      1024      2318      2320      1026      1025      2319
 -1       193    1    0    1
 -2       823      2325      2326       824       826      2328      2327       825
 -1       194    1    0    1
 -2      2325      2333      2334      2326      2328      2336      2335      2327
 -1       195    1    0    1
 -2      2333      2341      2342      2334      2336      2344      2343      2335
 -1       196    1    0    1
 -2      2341      2349      2350      2342      2344      2352      2351      2343
 -1       197    1    0    1
 -2      2349      2357      2358      2350      2352      2360      2359      2351
 -1       198    1    0    1
 -2      2357      2365      2366      2358      2360      2368      2367      2359
 -1       199    1    0    1
 -2      2365      2373      2374      2366      2368      2376      2375      2367
 -1       200    1    0    1
 -2      2373       973       974      2374      2376       976       975      2375
 -1       201    1    0    1
 -2       873      2381      2382       874       876      2384      2383       875
 -1       202    1    0    1
 -2      2381      2389      2390      2382      2384      2392      2391      2383
 -1       203    1    0    1
 -2      2389      2397      2398      2390      2392      2400      2399      2391
 -1       204    1    0    1
 -2      2397      2405      2406      2398      2400      2408      2407      2399
 -1       205    1    0    1
 -2      2405      2413      2414      2406      2408      2416      2415      2407
 -1       206    1    0    1
 -2      2413      2421      2422      2414      2416      2424      2423      2415
 -1       207    1    0    1
 -2      2421      2429      2430      2422      2424      2432      2431      2423
 -1       208    1    0    1
 -2      2429      1123      1124      2430      2432      1126      1125      2431
 -1       209    1    0    1
 -2       923      2437      2438       924       926      2440      2439       925
 -1       210    1    0    1
 -2      2437      2445      2446      2438      2440      2448      2447      2439
 -1       211    1    0    1
 -2      2445      2453      2454      2446      2448      2456      2455      2447
 -1       212    1    0    1
 -2      2453      2461      2462      2454      2456      2464      2463      2455
 -1       213    1    0    1
 -2      2461      2469      2470      2462      2464      2472      2471      2463
 -1       214    1    0    1
 -2      2469      2477      2478      2470      2472      2480      2479      2471
 -1       215    1    0    1
 -2      2477      2485      2486      2478      2480      2488      2487      2479
 -1       216    1    0    1
 -2      2485      1073      1074      2486      2488      1076      1075      2487
 -1       217    1    0    1
 -2       973      2493      2494       974       976      2496      2495       975
 -1       218    1    0    1
 -2      2493      1273      1274      2494      2496      1276      1275      2495
 -1       219    1    0    1
 -2      1073      2501      2502      1074      1076      2504      2503      1075
 -1       220    1    0    1
 -2      2501      1173      1174      2502      2504      1176      1175      2503
 -1       221    1    0    1
 -2      1023      2509      2510      1024      1026      2512      2511      1025
 -1       222    1    0    1
 -2      2509      1323      1324      2510      2512      1326      1325      2511
 -1       223    1    0    1
 -2      1123      2517      2518      1124      1126      2520      2519      1125
 -1       224    1    0    1
 -2      2517      1223      1224      2518      2520      1226      1225      2519
 -1       225    1    0    1
 -2       973      2525      2526       974       976      2528      2527       975
 -1       226    1    0    1
 -2      2525      1223      1224      2526      2528      1226      1225      2527
 -1       227    1    0    1
 -2      1023      2533      2534      1024      1026      2536      2535      1025
 -1       228    1    0    1
 -2      2533      1173      1174      2534      2536      1176      1175      2535
 -1       229    1    0    1
 -2      1073      2541      2542      1074      1076      2544      2543      1075
 -1       230    1    0    1
 -2      2541      1323      1324      2542      2544      1326      1325      2543
 -1       231    1    0    1
 -2      1123      2549      2550      1124      1126      2552      2551      1125
 -1       232    1    0    1
 -2      2549      1273      1274      2550      2552      1276      1275      2551
 -3
    1PSTEP                         1           1           1          
  100CL  101 1.000000000           0                     0    1           1
 -4  DISP        4    1
 -5  D1          1    2    1    0
 -5  D2          1    2    2    0
 -5  D3          1    2    3    0
 -5  ALL         1    2    0    0    1ALL
 -3
 9999
