    1C
    1UNormalized cross-passage space-truss torsion benchmark            
    1UUSER                                                              
    1UDATE              06.august.2026                                  
    1UTIME              08:07:00                                        
    1UHOST                                                              
    1UPGM               CalculiX                                        
    1UVERSION           Version 2.21                             
    1UCOMPILETIME       Sat Jul 29 10:52:01 CEST 2023                    
    1UDIR                                                               
    1UDBN                                                               
    1UMAT    1STEEL                                                     
    2C                          1232                                     1
 -1       261-1.19392E+00 1.10406E-03-3.55217E-02
 -1       262-1.23033E+00 3.58513E-03-1.91580E-02
 -1       263-1.20608E+00-1.10406E-03 3.55217E-02
 -1       264-1.16967E+00-3.58513E-03 1.91580E-02
 -1       269-1.20102E+00-3.40950E-02-1.16828E-02
 -1       270-1.20007E+00-2.33416E-03-3.59798E-02
 -1       271-1.19898E+00 3.40950E-02 1.16828E-02
 -1       272-1.19993E+00 2.33416E-03 3.59798E-02
 -1       277-1.23354E+00-1.32202E-02 3.96605E-04
 -1       278-1.20069E+00-3.60327E-02 1.08098E-03
 -1       279-1.16646E+00 1.32202E-02-3.96605E-04
 -1       280-1.19931E+00 3.60327E-02-1.08098E-03
 -1       311 1.20178E+00 2.55221E-03-3.59208E-02
 -1       312 1.16758E+00-1.84045E-03-1.56598E-02
 -1       313 1.19822E+00-2.55221E-03 3.59208E-02
 -1       314 1.23242E+00 1.84045E-03 1.56598E-02
 -1       319 1.20102E+00-3.38645E-02-1.23355E-02
 -1       320 1.20005E+00-1.64335E-03-3.60180E-02
 -1       321 1.19898E+00 3.38645E-02 1.23355E-02
 -1       322 1.19995E+00 1.64335E-03 3.60180E-02
 -1       327 1.16697E+00-1.44498E-02-4.33494E-04
 -1       328 1.20064E+00-3.60336E-02-1.08101E-03
 -1       329 1.23303E+00 1.44498E-02 4.33494E-04
 -1       330 1.19936E+00 3.60336E-02 1.08101E-03
 -1       361-1.19302E+00-2.96955E-03 1.96475E+00
 -1       362-1.22984E+00 1.30746E-03 1.97980E+00
 -1       363-1.20698E+00 2.96955E-03 2.03525E+00
 -1       364-1.17016E+00-1.30746E-03 2.02020E+00
 -1       369-1.19898E+00-3.38645E-02 1.98766E+00
 -1       370-1.19995E+00-1.64335E-03 1.96398E+00
 -1       371-1.20102E+00 3.38645E-02 2.01234E+00
 -1       372-1.20005E+00 1.64335E-03 2.03602E+00
 -1       377-1.23303E+00-1.44498E-02 1.99957E+00
 -1       378-1.19936E+00-3.60336E-02 1.99892E+00
 -1       379-1.16697E+00 1.44498E-02 2.00043E+00
 -1       380-1.20064E+00 3.60336E-02 2.00108E+00
 -1       411 1.20330E+00-1.36844E-03 1.96412E+00
 -1       412 1.16826E+00-3.59743E-03 1.98329E+00
 -1       413 1.19670E+00 1.36844E-03 2.03588E+00
 -1       414 1.23174E+00 3.59743E-03 2.01671E+00
 -1       419 1.19898E+00-3.40950E-02 1.98832E+00
 -1       420 1.19993E+00-2.33416E-03 1.96402E+00
 -1       421 1.20102E+00 3.40950E-02 2.01168E+00
 -1       422 1.20007E+00 2.33416E-03 2.03598E+00
 -1       427 1.16646E+00-1.32202E-02 2.00040E+00
 -1       428 1.19931E+00-3.60327E-02 2.00108E+00
 -1       429 1.23354E+00 1.32202E-02 1.99960E+00
 -1       430 1.20069E+00 3.60327E-02 1.99892E+00
 -1       461-1.19518E+00 9.99960E+00-3.57295E-02
 -1       462-1.23113E+00 1.00001E+01-1.81950E-02
 -1       463-1.20482E+00 1.00004E+01 3.57295E-02
 -1       464-1.16887E+00 9.99987E+00 1.81950E-02
 -1       469-1.20102E+00 9.96591E+00-1.16828E-02
 -1       470-1.20007E+00 9.99767E+00-3.59798E-02
 -1       471-1.19898E+00 1.00341E+01 1.16828E-02
 -1       472-1.19993E+00 1.00023E+01 3.59798E-02
 -1       477-1.23354E+00 9.98678E+00 3.96605E-04
 -1       478-1.20069E+00 9.96397E+00 1.08098E-03
 -1       479-1.16646E+00 1.00132E+01-3.96605E-04
 -1       480-1.19931E+00 1.00360E+01-1.08098E-03
 -1       511 1.20440E+00 9.99969E+00-3.57842E-02
 -1       512 1.16866E+00 9.99951E+00-1.78246E-02
 -1       513 1.19560E+00 1.00003E+01 3.57842E-02
 -1       514 1.23134E+00 1.00005E+01 1.78246E-02
 -1       519 1.20102E+00 9.96614E+00-1.23355E-02
 -1       520 1.20005E+00 9.99836E+00-3.60180E-02
 -1       521 1.19898E+00 1.00339E+01 1.23355E-02
 -1       522 1.19995E+00 1.00016E+01 3.60180E-02
 -1       527 1.16697E+00 9.98555E+00-4.33494E-04
 -1       528 1.20064E+00 9.96397E+00-1.08101E-03
 -1       529 1.23303E+00 1.00145E+01 4.33494E-04
 -1       530 1.19936E+00 1.00360E+01 1.08101E-03
 -1       561-1.19541E+00 1.00003E+01 1.96424E+00
 -1       562-1.23124E+00 1.00005E+01 1.98201E+00
 -1       563-1.20459E+00 9.99969E+00 2.03576E+00
 -1       564-1.16876E+00 9.99951E+00 2.01799E+00
 -1       569-1.19898E+00 9.96614E+00 1.98766E+00
 -1       570-1.19995E+00 9.99836E+00 1.96398E+00
 -1       571-1.20102E+00 1.00339E+01 2.01234E+00
 -1       572-1.20005E+00 1.00016E+01 2.03602E+00
 -1       577-1.23303E+00 9.98555E+00 1.99957E+00
 -1       578-1.19936E+00 9.96397E+00 1.99892E+00
 -1       579-1.16697E+00 1.00145E+01 2.00043E+00
 -1       580-1.20064E+00 1.00360E+01 2.00108E+00
 -1       611 1.20417E+00 1.00004E+01 1.96419E+00
 -1       612 1.16855E+00 9.99986E+00 1.98238E+00
 -1       613 1.19583E+00 9.99960E+00 2.03581E+00
 -1       614 1.23145E+00 1.00001E+01 2.01762E+00
 -1       619 1.19898E+00 9.96591E+00 1.98832E+00
 -1       620 1.19993E+00 9.99767E+00 1.96402E+00
 -1       621 1.20102E+00 1.00341E+01 2.01168E+00
 -1       622 1.20007E+00 1.00023E+01 2.03598E+00
 -1       627 1.16646E+00 9.98678E+00 2.00040E+00
 -1       628 1.19931E+00 9.96397E+00 2.00108E+00
 -1       629 1.23354E+00 1.00132E+01 1.99960E+00
 -1       630 1.20069E+00 1.00360E+01 1.99892E+00
 -1       661-1.19508E+00 1.99995E+01-3.57149E-02
 -1       662-1.23108E+00 2.00002E+01-1.82812E-02
 -1       663-1.20492E+00 2.00005E+01 3.57149E-02
 -1       664-1.16892E+00 1.99998E+01 1.82812E-02
 -1       669-1.20157E+00 1.99659E+01-1.15220E-02
 -1       670-1.20011E+00 1.99975E+01-3.59684E-02
 -1       671-1.19843E+00 2.00341E+01 1.15220E-02
 -1       672-1.19989E+00 2.00025E+01 3.59684E-02
 -1       677-1.23368E+00 1.99872E+01 5.90072E-04
 -1       678-1.20108E+00 1.99640E+01 1.65325E-03
 -1       679-1.16632E+00 2.00128E+01-5.90072E-04
 -1       680-1.19892E+00 2.00360E+01-1.65325E-03
 -1       711 1.20439E+00 1.99996E+01-3.57847E-02
 -1       712 1.16866E+00 1.99994E+01-1.78130E-02
 -1       713 1.19561E+00 2.00004E+01 3.57847E-02
 -1       714 1.23134E+00 2.00006E+01 1.78130E-02
 -1       719 1.20155E+00 1.99662E+01-1.25208E-02
 -1       720 1.20007E+00 1.99986E+01-3.60265E-02
 -1       721 1.19845E+00 2.00338E+01 1.25208E-02
 -1       722 1.19993E+00 2.00014E+01 3.60265E-02
 -1       727 1.16710E+00 1.99853E+01-6.76580E-04
 -1       728 1.20096E+00 1.99640E+01-1.65341E-03
 -1       729 1.23290E+00 2.00147E+01 6.76580E-04
 -1       730 1.19904E+00 2.00360E+01 1.65341E-03
 -1       761-1.19536E+00 2.00004E+01 1.96425E+00
 -1       762-1.23122E+00 2.00006E+01 1.98197E+00
 -1       763-1.20464E+00 1.99996E+01 2.03575E+00
 -1       764-1.16878E+00 1.99994E+01 2.01803E+00
 -1       769-1.19845E+00 1.99662E+01 1.98748E+00
 -1       770-1.19993E+00 1.99986E+01 1.96397E+00
 -1       771-1.20155E+00 2.00338E+01 2.01252E+00
 -1       772-1.20007E+00 2.00014E+01 2.03603E+00
 -1       777-1.23290E+00 1.99853E+01 1.99932E+00
 -1       778-1.19904E+00 1.99640E+01 1.99835E+00
 -1       779-1.16710E+00 2.00147E+01 2.00068E+00
 -1       780-1.20096E+00 2.00360E+01 2.00165E+00
 -1       811 1.20409E+00 2.00005E+01 1.96418E+00
 -1       812 1.16851E+00 1.99998E+01 1.98244E+00
 -1       813 1.19591E+00 1.99995E+01 2.03582E+00
 -1       814 1.23149E+00 2.00002E+01 2.01756E+00
 -1       819 1.19843E+00 1.99659E+01 1.98848E+00
 -1       820 1.19989E+00 1.99975E+01 1.96403E+00
 -1       821 1.20157E+00 2.00341E+01 2.01152E+00
 -1       822 1.20011E+00 2.00025E+01 2.03597E+00
 -1       827 1.16632E+00 1.99872E+01 2.00059E+00
 -1       828 1.19892E+00 1.99640E+01 2.00165E+00
 -1       829 1.23368E+00 2.00128E+01 1.99941E+00
 -1       830 1.20108E+00 2.00360E+01 1.99835E+00
 -1       861-1.19501E+00 2.99994E+01-3.57034E-02
 -1       862-1.23104E+00 3.00002E+01-1.83443E-02
 -1       863-1.20499E+00 3.00006E+01 3.57034E-02
 -1       864-1.16896E+00 2.99998E+01 1.83443E-02
 -1       869-1.20145E+00 2.99659E+01-1.15569E-02
 -1       870-1.20010E+00 2.99975E+01-3.59709E-02
 -1       871-1.19855E+00 3.00341E+01 1.15569E-02
 -1       872-1.19990E+00 3.00025E+01 3.59709E-02
 -1       877-1.23365E+00 2.99871E+01 5.48678E-04
 -1       878-1.20099E+00 2.99640E+01 1.52775E-03
 -1       879-1.16635E+00 3.00129E+01-5.48678E-04
 -1       880-1.19901E+00 3.00360E+01-1.52775E-03
 -1       911 1.20435E+00 2.99995E+01-3.57883E-02
 -1       912 1.16864E+00 2.99993E+01-1.77770E-02
 -1       913 1.19565E+00 3.00005E+01 3.57883E-02
 -1       914 1.23136E+00 3.00007E+01 1.77770E-02
 -1       919 1.20143E+00 2.99662E+01-1.24797E-02
 -1       920 1.20006E+00 2.99985E+01-3.60247E-02
 -1       921 1.19857E+00 3.00338E+01 1.24797E-02
 -1       922 1.19994E+00 3.00015E+01 3.60247E-02
 -1       927 1.16707E+00 2.99853E+01-6.22501E-04
 -1       928 1.20089E+00 2.99640E+01-1.52786E-03
 -1       929 1.23293E+00 3.00147E+01 6.22501E-04
 -1       930 1.19911E+00 3.00360E+01 1.52786E-03
 -1       961-1.19535E+00 3.00005E+01 1.96425E+00
 -1       962-1.23121E+00 3.00007E+01 1.98197E+00
 -1       963-1.20465E+00 2.99995E+01 2.03575E+00
 -1       964-1.16879E+00 2.99993E+01 2.01803E+00
 -1       969-1.19857E+00 2.99662E+01 1.98752E+00
 -1       970-1.19994E+00 2.99985E+01 1.96398E+00
 -1       971-1.20143E+00 3.00338E+01 2.01248E+00
 -1       972-1.20006E+00 3.00015E+01 2.03602E+00
 -1       977-1.23293E+00 2.99853E+01 1.99938E+00
 -1       978-1.19911E+00 2.99640E+01 1.99847E+00
 -1       979-1.16707E+00 3.00147E+01 2.00062E+00
 -1       980-1.20089E+00 3.00360E+01 2.00153E+00
 -1      1011 1.20399E+00 3.00006E+01 1.96417E+00
 -1      1012 1.16846E+00 2.99998E+01 1.98253E+00
 -1      1013 1.19601E+00 2.99994E+01 2.03583E+00
 -1      1014 1.23154E+00 3.00002E+01 2.01747E+00
 -1      1019 1.19855E+00 2.99659E+01 1.98844E+00
 -1      1020 1.19990E+00 2.99975E+01 1.96403E+00
 -1      1021 1.20145E+00 3.00341E+01 2.01156E+00
 -1      1022 1.20010E+00 3.00025E+01 2.03597E+00
 -1      1027 1.16635E+00 2.99871E+01 2.00055E+00
 -1      1028 1.19901E+00 2.99640E+01 2.00153E+00
 -1      1029 1.23365E+00 3.00129E+01 1.99945E+00
 -1      1030 1.20099E+00 3.00360E+01 1.99847E+00
 -1      1061-1.19503E+00 3.99994E+01-3.57068E-02
 -1      1062-1.23105E+00 4.00002E+01-1.83255E-02
 -1      1063-1.20497E+00 4.00006E+01 3.57068E-02
 -1      1064-1.16895E+00 3.99998E+01 1.83255E-02
 -1      1069-1.20145E+00 3.99659E+01-1.15569E-02
 -1      1070-1.20010E+00 3.99975E+01-3.59709E-02
 -1      1071-1.19855E+00 4.00341E+01 1.15569E-02
 -1      1072-1.19990E+00 4.00025E+01 3.59709E-02
 -1      1077-1.23365E+00 3.99871E+01 5.48678E-04
 -1      1078-1.20099E+00 3.99640E+01 1.52775E-03
 -1      1079-1.16635E+00 4.00129E+01-5.48678E-04
 -1      1080-1.19901E+00 4.00360E+01-1.52775E-03
 -1      1111 1.20436E+00 3.99995E+01-3.57883E-02
 -1      1112 1.16864E+00 3.99993E+01-1.77797E-02
 -1      1113 1.19564E+00 4.00005E+01 3.57883E-02
 -1      1114 1.23136E+00 4.00007E+01 1.77797E-02
 -1      1119 1.20143E+00 3.99662E+01-1.24797E-02
 -1      1120 1.20006E+00 3.99985E+01-3.60247E-02
 -1      1121 1.19857E+00 4.00338E+01 1.24797E-02
 -1      1122 1.19994E+00 4.00015E+01 3.60247E-02
 -1      1127 1.16707E+00 3.99853E+01-6.22501E-04
 -1      1128 1.20089E+00 3.99640E+01-1.52786E-03
 -1      1129 1.23293E+00 4.00147E+01 6.22501E-04
 -1      1130 1.19911E+00 4.00360E+01 1.52786E-03
 -1      1161-1.19536E+00 4.00005E+01 1.96425E+00
 -1      1162-1.23122E+00 4.00007E+01 1.98197E+00
 -1      1163-1.20464E+00 3.99995E+01 2.03575E+00
 -1      1164-1.16878E+00 3.99993E+01 2.01803E+00
 -1      1169-1.19857E+00 3.99662E+01 1.98752E+00
 -1      1170-1.19994E+00 3.99985E+01 1.96398E+00
 -1      1171-1.20143E+00 4.00338E+01 2.01248E+00
 -1      1172-1.20006E+00 4.00015E+01 2.03602E+00
 -1      1177-1.23293E+00 3.99853E+01 1.99938E+00
 -1      1178-1.19911E+00 3.99640E+01 1.99847E+00
 -1      1179-1.16707E+00 4.00147E+01 2.00062E+00
 -1      1180-1.20089E+00 4.00360E+01 2.00153E+00
 -1      1211 1.20400E+00 4.00006E+01 1.96417E+00
 -1      1212 1.16847E+00 3.99998E+01 1.98252E+00
 -1      1213 1.19600E+00 3.99994E+01 2.03583E+00
 -1      1214 1.23153E+00 4.00002E+01 2.01748E+00
 -1      1219 1.19855E+00 3.99659E+01 1.98844E+00
 -1      1220 1.19990E+00 3.99975E+01 1.96403E+00
 -1      1221 1.20145E+00 4.00341E+01 2.01156E+00
 -1      1222 1.20010E+00 4.00025E+01 2.03597E+00
 -1      1227 1.16635E+00 3.99871E+01 2.00055E+00
 -1      1228 1.19901E+00 3.99640E+01 2.00153E+00
 -1      1229 1.23365E+00 4.00129E+01 1.99945E+00
 -1      1230 1.20099E+00 4.00360E+01 1.99847E+00
 -1      1261-1.19606E+00 4.99977E+01-3.57684E-02
 -1      1262-1.23150E+00 4.99967E+01-1.72423E-02
 -1      1263-1.20394E+00 5.00023E+01 3.57684E-02
 -1      1264-1.16850E+00 5.00033E+01 1.72423E-02
 -1      1269-1.20102E+00 4.99659E+01-1.16828E-02
 -1      1270-1.20007E+00 4.99977E+01-3.59798E-02
 -1      1271-1.19898E+00 5.00341E+01 1.16828E-02
 -1      1272-1.19993E+00 5.00023E+01 3.59798E-02
 -1      1277-1.23354E+00 4.99868E+01 3.96605E-04
 -1      1278-1.20069E+00 4.99640E+01 1.08098E-03
 -1      1279-1.16646E+00 5.00132E+01-3.96605E-04
 -1      1280-1.19931E+00 5.00360E+01-1.08098E-03
 -1      1311 1.20658E+00 4.99964E+01-3.52651E-02
 -1      1312 1.16988E+00 5.00002E+01-1.98129E-02
 -1      1313 1.19342E+00 5.00036E+01 3.52651E-02
 -1      1314 1.23012E+00 4.99998E+01 1.98129E-02
 -1      1319 1.20102E+00 4.99661E+01-1.23355E-02
 -1      1320 1.20005E+00 4.99984E+01-3.60180E-02
 -1      1321 1.19898E+00 5.00339E+01 1.23355E-02
 -1      1322 1.19995E+00 5.00016E+01 3.60180E-02
 -1      1327 1.16697E+00 4.99855E+01-4.33494E-04
 -1      1328 1.20064E+00 4.99640E+01-1.08101E-03
 -1      1329 1.23303E+00 5.00145E+01 4.33494E-04
 -1      1330 1.19936E+00 5.00360E+01 1.08101E-03
 -1      1361-1.19817E+00 5.00034E+01 1.96415E+00
 -1      1362-1.23246E+00 4.99993E+01 1.98433E+00
 -1      1363-1.20183E+00 4.99966E+01 2.03585E+00
 -1      1364-1.16754E+00 5.00007E+01 2.01567E+00
 -1      1369-1.19898E+00 4.99661E+01 1.98766E+00
 -1      1370-1.19995E+00 4.99984E+01 1.96398E+00
 -1      1371-1.20102E+00 5.00339E+01 2.01234E+00
 -1      1372-1.20005E+00 5.00016E+01 2.03602E+00
 -1      1377-1.23303E+00 4.99855E+01 1.99957E+00
 -1      1378-1.19936E+00 4.99640E+01 1.99892E+00
 -1      1379-1.16697E+00 5.00145E+01 2.00043E+00
 -1      1380-1.20064E+00 5.00360E+01 2.00108E+00
 -1      1411 1.20512E+00 5.00022E+01 1.96438E+00
 -1      1412 1.16910E+00 5.00033E+01 1.98172E+00
 -1      1413 1.19488E+00 4.99978E+01 2.03562E+00
 -1      1414 1.23090E+00 4.99967E+01 2.01828E+00
 -1      1419 1.19898E+00 4.99659E+01 1.98832E+00
 -1      1420 1.19993E+00 4.99977E+01 1.96402E+00
 -1      1421 1.20102E+00 5.00341E+01 2.01168E+00
 -1      1422 1.20007E+00 5.00023E+01 2.03598E+00
 -1      1427 1.16646E+00 4.99868E+01 2.00040E+00
 -1      1428 1.19931E+00 4.99640E+01 2.00108E+00
 -1      1429 1.23354E+00 5.00132E+01 1.99960E+00
 -1      1430 1.20069E+00 5.00360E+01 1.99892E+00
 -1      1461-1.19553E+00 5.00000E+00-1.85778E-01
 -1      1462-1.23131E+00 5.00000E+00-1.67883E-01
 -1      1463-1.20447E+00 5.00000E+00-1.14222E-01
 -1      1464-1.16869E+00 5.00000E+00-1.32117E-01
 -1      1469 1.20447E+00 5.00000E+00 1.14222E-01
 -1      1470 1.16869E+00 5.00000E+00 1.32117E-01
 -1      1471 1.19553E+00 5.00000E+00 1.85778E-01
 -1      1472 1.23131E+00 5.00000E+00 1.67883E-01
 -1      1477-1.19553E+00 5.00000E+00 1.81422E+00
 -1      1478-1.23131E+00 5.00000E+00 1.83212E+00
 -1      1479-1.20447E+00 5.00000E+00 1.88578E+00
 -1      1480-1.16869E+00 5.00000E+00 1.86788E+00
 -1      1485 1.20447E+00 5.00000E+00 2.11422E+00
 -1      1486 1.16869E+00 5.00000E+00 2.13212E+00
 -1      1487 1.19553E+00 5.00000E+00 2.18578E+00
 -1      1488 1.23131E+00 5.00000E+00 2.16788E+00
 -1      1493-1.19553E+00 1.50000E+01-1.85778E-01
 -1      1494-1.23131E+00 1.50000E+01-1.67883E-01
 -1      1495-1.20447E+00 1.50000E+01-1.14222E-01
 -1      1496-1.16869E+00 1.50000E+01-1.32117E-01
 -1      1501 1.20447E+00 1.50000E+01 1.14222E-01
 -1      1502 1.16869E+00 1.50000E+01 1.32117E-01
 -1      1503 1.19553E+00 1.50000E+01 1.85778E-01
 -1      1504 1.23131E+00 1.50000E+01 1.67883E-01
 -1      1509-1.19553E+00 1.50000E+01 1.81422E+00
 -1      1510-1.23131E+00 1.50000E+01 1.83212E+00
 -1      1511-1.20447E+00 1.50000E+01 1.88578E+00
 -1      1512-1.16869E+00 1.50000E+01 1.86788E+00
 -1      1517 1.20447E+00 1.50000E+01 2.11422E+00
 -1      1518 1.16869E+00 1.50000E+01 2.13212E+00
 -1      1519 1.19553E+00 1.50000E+01 2.18578E+00
 -1      1520 1.23131E+00 1.50000E+01 2.16788E+00
 -1      1525-1.19553E+00 2.50000E+01-1.85778E-01
 -1      1526-1.23131E+00 2.50000E+01-1.67883E-01
 -1      1527-1.20447E+00 2.50000E+01-1.14222E-01
 -1      1528-1.16869E+00 2.50000E+01-1.32117E-01
 -1      1533 1.20447E+00 2.50000E+01 1.14222E-01
 -1      1534 1.16869E+00 2.50000E+01 1.32117E-01
 -1      1535 1.19553E+00 2.50000E+01 1.85778E-01
 -1      1536 1.23131E+00 2.50000E+01 1.67883E-01
 -1      1541-1.19553E+00 2.50000E+01 1.81422E+00
 -1      1542-1.23131E+00 2.50000E+01 1.83212E+00
 -1      1543-1.20447E+00 2.50000E+01 1.88578E+00
 -1      1544-1.16869E+00 2.50000E+01 1.86788E+00
 -1      1549 1.20447E+00 2.50000E+01 2.11422E+00
 -1      1550 1.16869E+00 2.50000E+01 2.13212E+00
 -1      1551 1.19553E+00 2.50000E+01 2.18578E+00
 -1      1552 1.23131E+00 2.50000E+01 2.16788E+00
 -1      1557-1.19553E+00 3.50000E+01-1.85778E-01
 -1      1558-1.23131E+00 3.50000E+01-1.67883E-01
 -1      1559-1.20447E+00 3.50000E+01-1.14222E-01
 -1      1560-1.16869E+00 3.50000E+01-1.32117E-01
 -1      1565 1.20447E+00 3.50000E+01 1.14222E-01
 -1      1566 1.16869E+00 3.50000E+01 1.32117E-01
 -1      1567 1.19553E+00 3.50000E+01 1.85778E-01
 -1      1568 1.23131E+00 3.50000E+01 1.67883E-01
 -1      1573-1.19553E+00 3.50000E+01 1.81422E+00
 -1      1574-1.23131E+00 3.50000E+01 1.83212E+00
 -1      1575-1.20447E+00 3.50000E+01 1.88578E+00
 -1      1576-1.16869E+00 3.50000E+01 1.86788E+00
 -1      1581 1.20447E+00 3.50000E+01 2.11422E+00
 -1      1582 1.16869E+00 3.50000E+01 2.13212E+00
 -1      1583 1.19553E+00 3.50000E+01 2.18578E+00
 -1      1584 1.23131E+00 3.50000E+01 2.16788E+00
 -1      1589-1.19553E+00 4.50000E+01-1.85778E-01
 -1      1590-1.23131E+00 4.50000E+01-1.67883E-01
 -1      1591-1.20447E+00 4.50000E+01-1.14222E-01
 -1      1592-1.16869E+00 4.50000E+01-1.32117E-01
 -1      1597 1.20447E+00 4.50000E+01 1.14222E-01
 -1      1598 1.16869E+00 4.50000E+01 1.32117E-01
 -1      1599 1.19553E+00 4.50000E+01 1.85778E-01
 -1      1600 1.23131E+00 4.50000E+01 1.67883E-01
 -1      1605-1.19553E+00 4.50000E+01 1.81422E+00
 -1      1606-1.23131E+00 4.50000E+01 1.83212E+00
 -1      1607-1.20447E+00 4.50000E+01 1.88578E+00
 -1      1608-1.16869E+00 4.50000E+01 1.86788E+00
 -1      1613 1.20447E+00 4.50000E+01 2.11422E+00
 -1      1614 1.16869E+00 4.50000E+01 2.13212E+00
 -1      1615 1.19553E+00 4.50000E+01 2.18578E+00
 -1      1616 1.23131E+00 4.50000E+01 2.16788E+00
 -1      1621 0.00000E+00-6.99992E-02-1.20023E-02
 -1      1622 0.00000E+00-3.79975E-02-3.60001E-02
 -1      1623 0.00000E+00-2.00083E-03 1.20023E-02
 -1      1624 0.00000E+00-3.40025E-02 3.60001E-02
 -1      1629 0.00000E+00 2.00083E-03 1.98800E+00
 -1      1630 0.00000E+00 3.40025E-02 1.96400E+00
 -1      1631 0.00000E+00 6.99992E-02 2.01200E+00
 -1      1632 0.00000E+00 3.79975E-02 2.03600E+00
 -1      1637-1.23329E+00 1.61495E-02 1.00000E+00
 -1      1638-1.20002E+00-6.05551E-03 1.00000E+00
 -1      1639-1.16671E+00 4.38505E-02 1.00000E+00
 -1      1640-1.19998E+00 6.60555E-02 1.00000E+00
 -1      1645 1.16671E+00-4.38505E-02 1.00000E+00
 -1      1646 1.19998E+00-6.60555E-02 1.00000E+00
 -1      1647 1.23329E+00-1.61495E-02 1.00000E+00
 -1      1648 1.20002E+00 6.05551E-03 1.00000E+00
 -1      1653 0.00000E+00 9.93000E+00-1.20023E-02
 -1      1654 0.00000E+00 9.96200E+00-3.60001E-02
 -1      1655 0.00000E+00 9.99800E+00 1.20023E-02
 -1      1656 0.00000E+00 9.96600E+00 3.60001E-02
 -1      1661 0.00000E+00 1.00020E+01 1.98800E+00
 -1      1662 0.00000E+00 1.00340E+01 1.96400E+00
 -1      1663 0.00000E+00 1.00700E+01 2.01200E+00
 -1      1664 0.00000E+00 1.00380E+01 2.03600E+00
 -1      1669-1.23329E+00 1.00161E+01 1.00000E+00
 -1      1670-1.20002E+00 9.99394E+00 1.00000E+00
 -1      1671-1.16671E+00 1.00439E+01 1.00000E+00
 -1      1672-1.19998E+00 1.00661E+01 1.00000E+00
 -1      1677 1.16671E+00 9.95615E+00 1.00000E+00
 -1      1678 1.19998E+00 9.93394E+00 1.00000E+00
 -1      1679 1.23329E+00 9.98385E+00 1.00000E+00
 -1      1680 1.20002E+00 1.00061E+01 1.00000E+00
 -1      1685-9.01448E-01 1.99521E+01-1.15569E-02
 -1      1686-9.00105E-01 1.99838E+01-3.59710E-02
 -1      1687-8.98552E-01 2.00203E+01 1.15569E-02
 -1      1688-8.99895E-01 1.99887E+01 3.59710E-02
 -1      1693-6.01107E-01 1.99404E+01-1.16576E-02
 -1      1694-6.00077E-01 1.99722E+01-3.59781E-02
 -1      1695-5.98893E-01 2.00086E+01 1.16576E-02
 -1      1696-5.99923E-01 1.99769E+01 3.59781E-02
 -1      1701-3.00599E-01 1.99327E+01-1.18121E-02
 -1      1702-3.00039E-01 1.99645E+01-3.59884E-02
 -1      1703-2.99401E-01 2.00008E+01 1.18121E-02
 -1      1704-2.99961E-01 1.99689E+01 3.59884E-02
 -1      1709 0.00000E+00 1.99300E+01-1.20002E-02
 -1      1710 0.00000E+00 1.99620E+01-3.60000E-02
 -1      1711 0.00000E+00 1.99980E+01 1.20002E-02
 -1      1712 0.00000E+00 1.99660E+01 3.60000E-02
 -1      1717 3.00596E-01 1.99328E+01-1.21945E-02
 -1      1718 3.00032E-01 1.99649E+01-3.60109E-02
 -1      1719 2.99404E-01 2.00007E+01 1.21945E-02
 -1      1720 2.99968E-01 1.99685E+01 3.60109E-02
 -1      1725 6.01099E-01 1.99407E+01-1.23640E-02
 -1      1726 6.00052E-01 1.99729E+01-3.60194E-02
 -1      1727 5.98901E-01 2.00084E+01 1.23640E-02
 -1      1728 5.99948E-01 1.99762E+01 3.60194E-02
 -1      1733 9.01434E-01 1.99524E+01-1.24797E-02
 -1      1734 9.00063E-01 1.99847E+01-3.60247E-02
 -1      1735 8.98566E-01 2.00200E+01 1.24797E-02
 -1      1736 8.99937E-01 1.99877E+01 3.60247E-02
 -1      1741-8.98566E-01 1.99800E+01 1.98752E+00
 -1      1742-8.99937E-01 2.00123E+01 1.96398E+00
 -1      1743-9.01434E-01 2.00476E+01 2.01248E+00
 -1      1744-9.00063E-01 2.00153E+01 2.03602E+00
 -1      1749-5.98901E-01 1.99916E+01 1.98764E+00
 -1      1750-5.99948E-01 2.00238E+01 1.96398E+00
 -1      1751-6.01099E-01 2.00593E+01 2.01236E+00
 -1      1752-6.00052E-01 2.00271E+01 2.03602E+00
 -1      1757-2.99404E-01 1.99993E+01 1.98781E+00
 -1      1758-2.99968E-01 2.00315E+01 1.96399E+00
 -1      1759-3.00596E-01 2.00672E+01 2.01219E+00
 -1      1760-3.00032E-01 2.00351E+01 2.03601E+00
 -1      1765 0.00000E+00 2.00020E+01 1.98800E+00
 -1      1766 0.00000E+00 2.00340E+01 1.96400E+00
 -1      1767 0.00000E+00 2.00700E+01 2.01200E+00
 -1      1768 0.00000E+00 2.00380E+01 2.03600E+00
 -1      1773 2.99401E-01 1.99992E+01 1.98819E+00
 -1      1774 2.99961E-01 2.00311E+01 1.96401E+00
 -1      1775 3.00599E-01 2.00673E+01 2.01181E+00
 -1      1776 3.00039E-01 2.00355E+01 2.03599E+00
 -1      1781 5.98893E-01 1.99914E+01 1.98834E+00
 -1      1782 5.99923E-01 2.00231E+01 1.96402E+00
 -1      1783 6.01107E-01 2.00596E+01 2.01166E+00
 -1      1784 6.00077E-01 2.00278E+01 2.03598E+00
 -1      1789 8.98552E-01 1.99797E+01 1.98844E+00
 -1      1790 8.99895E-01 2.00113E+01 1.96403E+00
 -1      1791 9.01448E-01 2.00479E+01 2.01156E+00
 -1      1792 9.00105E-01 2.00162E+01 2.03597E+00
 -1      1797-1.23365E+00 1.99985E+01 2.50549E-01
 -1      1798-1.20099E+00 1.99755E+01 2.51528E-01
 -1      1799-1.16635E+00 2.00244E+01 2.49451E-01
 -1      1800-1.19901E+00 2.00475E+01 2.48472E-01
 -1      1805-1.23356E+00 2.00081E+01 5.00427E-01
 -1      1806-1.20075E+00 1.99852E+01 5.01170E-01
 -1      1807-1.16644E+00 2.00344E+01 4.99573E-01
 -1      1808-1.19925E+00 2.00572E+01 4.98830E-01
 -1      1813-1.23343E+00 2.00142E+01 7.50237E-01
 -1      1814-1.20040E+00 1.99917E+01 7.50633E-01
 -1      1815-1.16657E+00 2.00412E+01 7.49763E-01
 -1      1816-1.19960E+00 2.00638E+01 7.49367E-01
 -1      1821-1.23328E+00 2.00161E+01 1.00000E+00
 -1      1822-1.20000E+00 1.99939E+01 1.00000E+00
 -1      1823-1.16672E+00 2.00439E+01 1.00000E+00
 -1      1824-1.20000E+00 2.00661E+01 1.00000E+00
 -1      1829-1.23313E+00 2.00135E+01 1.24975E+00
 -1      1830-1.19962E+00 1.99917E+01 1.24937E+00
 -1      1831-1.16687E+00 2.00419E+01 1.25025E+00
 -1      1832-1.20038E+00 2.00638E+01 1.25063E+00
 -1      1837-1.23301E+00 2.00067E+01 1.49953E+00
 -1      1838-1.19931E+00 1.99852E+01 1.49883E+00
 -1      1839-1.16699E+00 2.00357E+01 1.50047E+00
 -1      1840-1.20069E+00 2.00572E+01 1.50117E+00
 -1      1845-1.23293E+00 1.99968E+01 1.74938E+00
 -1      1846-1.19911E+00 1.99755E+01 1.74847E+00
 -1      1847-1.16707E+00 2.00262E+01 1.75062E+00
 -1      1848-1.20089E+00 2.00475E+01 1.75153E+00
 -1      1853 1.16707E+00 1.99738E+01 2.49378E-01
 -1      1854 1.20089E+00 1.99525E+01 2.48472E-01
 -1      1855 1.23293E+00 2.00032E+01 2.50622E-01
 -1      1856 1.19911E+00 2.00245E+01 2.51528E-01
 -1      1861 1.16699E+00 1.99643E+01 4.99529E-01
 -1      1862 1.20069E+00 1.99428E+01 4.98830E-01
 -1      1863 1.23301E+00 1.99933E+01 5.00471E-01
 -1      1864 1.19931E+00 2.00148E+01 5.01170E-01
 -1      1869 1.16687E+00 1.99581E+01 7.49750E-01
 -1      1870 1.20038E+00 1.99362E+01 7.49367E-01
 -1      1871 1.23313E+00 1.99865E+01 7.50250E-01
 -1      1872 1.19962E+00 2.00083E+01 7.50633E-01
 -1      1877 1.16672E+00 1.99561E+01 1.00000E+00
 -1      1878 1.20000E+00 1.99339E+01 1.00000E+00
 -1      1879 1.23328E+00 1.99839E+01 1.00000E+00
 -1      1880 1.20000E+00 2.00061E+01 1.00000E+00
 -1      1885 1.16657E+00 1.99588E+01 1.25024E+00
 -1      1886 1.19960E+00 1.99362E+01 1.25063E+00
 -1      1887 1.23343E+00 1.99858E+01 1.24976E+00
 -1      1888 1.20040E+00 2.00083E+01 1.24937E+00
 -1      1893 1.16644E+00 1.99656E+01 1.50043E+00
 -1      1894 1.19925E+00 1.99428E+01 1.50117E+00
 -1      1895 1.23356E+00 1.99919E+01 1.49957E+00
 -1      1896 1.20075E+00 2.00148E+01 1.49883E+00
 -1      1901 1.16635E+00 1.99756E+01 1.75055E+00
 -1      1902 1.19901E+00 1.99525E+01 1.75153E+00
 -1      1903 1.23365E+00 2.00015E+01 1.74945E+00
 -1      1904 1.20099E+00 2.00245E+01 1.74847E+00
 -1      1909-6.01023E-01 2.99404E+01-1.16832E-02
 -1      1910-6.00070E-01 2.99722E+01-3.59798E-02
 -1      1911-5.98977E-01 3.00086E+01 1.16832E-02
 -1      1912-5.99930E-01 2.99769E+01 3.59798E-02
 -1      1917 0.00000E+00 2.99300E+01-1.20008E-02
 -1      1918 0.00000E+00 2.99620E+01-3.60000E-02
 -1      1919 0.00000E+00 2.99980E+01 1.20008E-02
 -1      1920 0.00000E+00 2.99660E+01 3.60000E-02
 -1      1925 6.01016E-01 2.99407E+01-1.23359E-02
 -1      1926 6.00049E-01 2.99729E+01-3.60180E-02
 -1      1927 5.98984E-01 3.00084E+01 1.23359E-02
 -1      1928 5.99951E-01 2.99762E+01 3.60180E-02
 -1      1933-5.98984E-01 2.99916E+01 1.98766E+00
 -1      1934-5.99951E-01 3.00238E+01 1.96398E+00
 -1      1935-6.01016E-01 3.00593E+01 2.01234E+00
 -1      1936-6.00049E-01 3.00271E+01 2.03602E+00
 -1      1941 0.00000E+00 3.00020E+01 1.98800E+00
 -1      1942 0.00000E+00 3.00340E+01 1.96400E+00
 -1      1943 0.00000E+00 3.00700E+01 2.01200E+00
 -1      1944 0.00000E+00 3.00380E+01 2.03600E+00
 -1      1949 5.98977E-01 2.99914E+01 1.98832E+00
 -1      1950 5.99930E-01 3.00231E+01 1.96402E+00
 -1      1951 6.01023E-01 3.00596E+01 2.01168E+00
 -1      1952 6.00070E-01 3.00278E+01 2.03598E+00
 -1      1957-1.23354E+00 3.00080E+01 5.00396E-01
 -1      1958-1.20070E+00 2.99852E+01 5.01081E-01
 -1      1959-1.16646E+00 3.00344E+01 4.99604E-01
 -1      1960-1.19930E+00 3.00572E+01 4.98919E-01
 -1      1965-1.23328E+00 3.00161E+01 1.00000E+00
 -1      1966-1.20001E+00 2.99939E+01 1.00000E+00
 -1      1967-1.16672E+00 3.00439E+01 1.00000E+00
 -1      1968-1.19999E+00 3.00661E+01 1.00000E+00
 -1      1973-1.23303E+00 3.00068E+01 1.49957E+00
 -1      1974-1.19936E+00 2.99852E+01 1.49892E+00
 -1      1975-1.16697E+00 3.00357E+01 1.50043E+00
 -1      1976-1.20064E+00 3.00572E+01 1.50108E+00
 -1      1981 1.16697E+00 2.99643E+01 4.99567E-01
 -1      1982 1.20064E+00 2.99428E+01 4.98919E-01
 -1      1983 1.23303E+00 2.99932E+01 5.00433E-01
 -1      1984 1.19936E+00 3.00148E+01 5.01081E-01
 -1      1989 1.16672E+00 2.99561E+01 1.00000E+00
 -1      1990 1.19999E+00 2.99339E+01 1.00000E+00
 -1      1991 1.23328E+00 2.99839E+01 1.00000E+00
 -1      1992 1.20001E+00 3.00061E+01 1.00000E+00
 -1      1997 1.16646E+00 2.99656E+01 1.50040E+00
 -1      1998 1.19930E+00 2.99428E+01 1.50108E+00
 -1      1999 1.23354E+00 2.99920E+01 1.49960E+00
 -1      2000 1.20070E+00 3.00148E+01 1.49892E+00
 -1      2005-6.01023E-01 3.99404E+01-1.16832E-02
 -1      2006-6.00070E-01 3.99722E+01-3.59798E-02
 -1      2007-5.98977E-01 4.00086E+01 1.16832E-02
 -1      2008-5.99930E-01 3.99769E+01 3.59798E-02
 -1      2013 0.00000E+00 3.99300E+01-1.20008E-02
 -1      2014 0.00000E+00 3.99620E+01-3.60000E-02
 -1      2015 0.00000E+00 3.99980E+01 1.20008E-02
 -1      2016 0.00000E+00 3.99660E+01 3.60000E-02
 -1      2021 6.01016E-01 3.99407E+01-1.23359E-02
 -1      2022 6.00049E-01 3.99729E+01-3.60180E-02
 -1      2023 5.98984E-01 4.00084E+01 1.23359E-02
 -1      2024 5.99951E-01 3.99762E+01 3.60180E-02
 -1      2029-5.98984E-01 3.99916E+01 1.98766E+00
 -1      2030-5.99951E-01 4.00238E+01 1.96398E+00
 -1      2031-6.01016E-01 4.00593E+01 2.01234E+00
 -1      2032-6.00049E-01 4.00271E+01 2.03602E+00
 -1      2037 0.00000E+00 4.00020E+01 1.98800E+00
 -1      2038 0.00000E+00 4.00340E+01 1.96400E+00
 -1      2039 0.00000E+00 4.00700E+01 2.01200E+00
 -1      2040 0.00000E+00 4.00380E+01 2.03600E+00
 -1      2045 5.98977E-01 3.99914E+01 1.98832E+00
 -1      2046 5.99930E-01 4.00231E+01 1.96402E+00
 -1      2047 6.01023E-01 4.00596E+01 2.01168E+00
 -1      2048 6.00070E-01 4.00278E+01 2.03598E+00
 -1      2053-1.23354E+00 4.00080E+01 5.00396E-01
 -1      2054-1.20070E+00 3.99852E+01 5.01081E-01
 -1      2055-1.16646E+00 4.00344E+01 4.99604E-01
 -1      2056-1.19930E+00 4.00572E+01 4.98919E-01
 -1      2061-1.23328E+00 4.00161E+01 1.00000E+00
 -1      2062-1.20001E+00 3.99939E+01 1.00000E+00
 -1      2063-1.16672E+00 4.00439E+01 1.00000E+00
 -1      2064-1.19999E+00 4.00661E+01 1.00000E+00
 -1      2069-1.23303E+00 4.00068E+01 1.49957E+00
 -1      2070-1.19936E+00 3.99852E+01 1.49892E+00
 -1      2071-1.16697E+00 4.00357E+01 1.50043E+00
 -1      2072-1.20064E+00 4.00572E+01 1.50108E+00
 -1      2077 1.16697E+00 3.99643E+01 4.99567E-01
 -1      2078 1.20064E+00 3.99428E+01 4.98919E-01
 -1      2079 1.23303E+00 3.99932E+01 5.00433E-01
 -1      2080 1.19936E+00 4.00148E+01 5.01081E-01
 -1      2085 1.16672E+00 3.99561E+01 1.00000E+00
 -1      2086 1.19999E+00 3.99339E+01 1.00000E+00
 -1      2087 1.23328E+00 3.99839E+01 1.00000E+00
 -1      2088 1.20001E+00 4.00061E+01 1.00000E+00
 -1      2093 1.16646E+00 3.99656E+01 1.50040E+00
 -1      2094 1.19930E+00 3.99428E+01 1.50108E+00
 -1      2095 1.23354E+00 3.99920E+01 1.49960E+00
 -1      2096 1.20070E+00 4.00148E+01 1.49892E+00
 -1      2101 0.00000E+00 4.99300E+01-1.20023E-02
 -1      2102 0.00000E+00 4.99620E+01-3.60001E-02
 -1      2103 0.00000E+00 4.99980E+01 1.20023E-02
 -1      2104 0.00000E+00 4.99660E+01 3.60001E-02
 -1      2109 0.00000E+00 5.00020E+01 1.98800E+00
 -1      2110 0.00000E+00 5.00340E+01 1.96400E+00
 -1      2111 0.00000E+00 5.00700E+01 2.01200E+00
 -1      2112 0.00000E+00 5.00380E+01 2.03600E+00
 -1      2117-1.23329E+00 5.00161E+01 1.00000E+00
 -1      2118-1.20002E+00 4.99939E+01 1.00000E+00
 -1      2119-1.16671E+00 5.00438E+01 1.00000E+00
 -1      2120-1.19998E+00 5.00661E+01 1.00000E+00
 -1      2125 1.16671E+00 4.99562E+01 1.00000E+00
 -1      2126 1.19998E+00 4.99339E+01 1.00000E+00
 -1      2127 1.23329E+00 4.99839E+01 1.00000E+00
 -1      2128 1.20002E+00 5.00061E+01 1.00000E+00
 -1      2133-1.19830E+00 5.03706E+00 8.14684E-01
 -1      2134-1.23259E+00 5.03303E+00 8.34874E-01
 -1      2135-1.20170E+00 5.02294E+00 8.85316E-01
 -1      2136-1.16741E+00 5.02697E+00 8.65126E-01
 -1      2141-1.19388E+00 5.02303E+00 1.11516E+00
 -1      2142-1.23044E+00 5.02621E+00 1.13106E+00
 -1      2143-1.20612E+00 5.03697E+00 1.18484E+00
 -1      2144-1.16956E+00 5.03379E+00 1.16894E+00
 -1      2149 1.20170E+00 5.03706E+00 8.14684E-01
 -1      2150 1.16741E+00 5.03303E+00 8.34874E-01
 -1      2151 1.19830E+00 5.02294E+00 8.85316E-01
 -1      2152 1.23259E+00 5.02697E+00 8.65126E-01
 -1      2157 1.20612E+00 5.02303E+00 1.11516E+00
 -1      2158 1.16956E+00 5.02621E+00 1.13106E+00
 -1      2159 1.19388E+00 5.03697E+00 1.18484E+00
 -1      2160 1.23044E+00 5.03379E+00 1.16894E+00
 -1      2165 1.59908E-01 4.96162E+00-3.45858E-02
 -1      2166 1.22767E-01 4.97054E+00-2.27077E-02
 -1      2167 1.40092E-01 4.96638E+00 3.45858E-02
 -1      2168 1.77233E-01 4.95746E+00 2.27077E-02
 -1      2173-1.49864E-01 4.96403E+00-3.60552E-02
 -1      2174-1.82310E-01 4.95625E+00-1.39967E-02
 -1      2175-1.50136E-01 4.96397E+00 3.60552E-02
 -1      2176-1.17690E-01 4.97175E+00 1.39967E-02
 -1      2181 1.59908E-01 4.96162E+00 1.96541E+00
 -1      2182 1.22767E-01 4.97054E+00 1.97729E+00
 -1      2183 1.40092E-01 4.96638E+00 2.03459E+00
 -1      2184 1.77233E-01 4.95746E+00 2.02271E+00
 -1      2189-1.49864E-01 4.96403E+00 1.96394E+00
 -1      2190-1.82310E-01 4.95625E+00 1.98600E+00
 -1      2191-1.50136E-01 4.96397E+00 2.03606E+00
 -1      2192-1.17690E-01 4.97175E+00 2.01400E+00
 -1      2197-1.19830E+00 1.50371E+01 8.14684E-01
 -1      2198-1.23259E+00 1.50330E+01 8.34874E-01
 -1      2199-1.20170E+00 1.50229E+01 8.85316E-01
 -1      2200-1.16741E+00 1.50270E+01 8.65126E-01
 -1      2205-1.19388E+00 1.50230E+01 1.11516E+00
 -1      2206-1.23044E+00 1.50262E+01 1.13106E+00
 -1      2207-1.20612E+00 1.50370E+01 1.18484E+00
 -1      2208-1.16956E+00 1.50338E+01 1.16894E+00
 -1      2213 1.20170E+00 1.50371E+01 8.14684E-01
 -1      2214 1.16741E+00 1.50330E+01 8.34874E-01
 -1      2215 1.19830E+00 1.50229E+01 8.85316E-01
 -1      2216 1.23259E+00 1.50270E+01 8.65126E-01
 -1      2221 1.20612E+00 1.50230E+01 1.11516E+00
 -1      2222 1.16956E+00 1.50262E+01 1.13106E+00
 -1      2223 1.19388E+00 1.50370E+01 1.18484E+00
 -1      2224 1.23044E+00 1.50338E+01 1.16894E+00
 -1      2229 1.59908E-01 1.49616E+01-3.45858E-02
 -1      2230 1.22767E-01 1.49705E+01-2.27077E-02
 -1      2231 1.40092E-01 1.49664E+01 3.45858E-02
 -1      2232 1.77233E-01 1.49575E+01 2.27077E-02
 -1      2237-1.49864E-01 1.49640E+01-3.60552E-02
 -1      2238-1.82310E-01 1.49562E+01-1.39967E-02
 -1      2239-1.50136E-01 1.49640E+01 3.60552E-02
 -1      2240-1.17690E-01 1.49718E+01 1.39967E-02
 -1      2245 1.59908E-01 1.49616E+01 1.96541E+00
 -1      2246 1.22767E-01 1.49705E+01 1.97729E+00
 -1      2247 1.40092E-01 1.49664E+01 2.03459E+00
 -1      2248 1.77233E-01 1.49575E+01 2.02271E+00
 -1      2253-1.49864E-01 1.49640E+01 1.96394E+00
 -1      2254-1.82310E-01 1.49562E+01 1.98600E+00
 -1      2255-1.50136E-01 1.49640E+01 2.03606E+00
 -1      2256-1.17690E-01 1.49718E+01 2.01400E+00
 -1      2261-1.19757E+00 2.12670E+01 1.57055E-01
 -1      2262-1.23227E+00 2.12640E+01 1.76710E-01
 -1      2263-1.20243E+00 2.12559E+01 2.28140E-01
 -1      2264-1.16773E+00 2.12590E+01 2.08485E-01
 -1      2269-1.19773E+00 2.25271E+01 3.58438E-01
 -1      2270-1.23234E+00 2.25238E+01 3.78214E-01
 -1      2271-1.20227E+00 2.25153E+01 4.29430E-01
 -1      2272-1.16766E+00 2.25186E+01 4.09654E-01
 -1      2277-1.19798E+00 2.37842E+01 5.76000E-01
 -1      2278-1.23245E+00 2.37805E+01 5.95959E-01
 -1      2279-1.20202E+00 2.37713E+01 6.46836E-01
 -1      2280-1.16755E+00 2.37749E+01 6.26877E-01
 -1      2285-1.19828E+00 2.50371E+01 8.14685E-01
 -1      2286-1.23258E+00 2.50330E+01 8.34863E-01
 -1      2287-1.20172E+00 2.50229E+01 8.85315E-01
 -1      2288-1.16742E+00 2.50270E+01 8.65137E-01
 -1      2293-1.19860E+00 2.62854E+01 1.07622E+00
 -1      2294-1.23272E+00 2.62809E+01 1.09662E+00
 -1      2295-1.20140E+00 2.62700E+01 1.14662E+00
 -1      2296-1.16728E+00 2.62745E+01 1.12622E+00
 -1      2301-1.19888E+00 2.75294E+01 1.35884E+00
 -1      2302-1.23284E+00 2.75246E+01 1.37943E+00
 -1      2303-1.20112E+00 2.75130E+01 1.42902E+00
 -1      2304-1.16716E+00 2.75178E+01 1.40843E+00
 -1      2309-1.19908E+00 2.87700E+01 1.65759E+00
 -1      2310-1.23292E+00 2.87650E+01 1.67830E+00
 -1      2311-1.20092E+00 2.87529E+01 1.72761E+00
 -1      2312-1.16708E+00 2.87580E+01 1.70689E+00
 -1      2317-1.19416E+00 2.12560E+01 1.77225E+00
 -1      2318-1.23060E+00 2.12585E+01 1.78856E+00
 -1      2319-1.20584E+00 2.12670E+01 1.84256E+00
 -1      2320-1.16940E+00 2.12644E+01 1.82625E+00
 -1      2325-1.19409E+00 2.25154E+01 1.57098E+00
 -1      2326-1.23056E+00 2.25181E+01 1.58719E+00
 -1      2327-1.20591E+00 2.25271E+01 1.64115E+00
 -1      2328-1.16944E+00 2.25244E+01 1.62494E+00
 -1      2333-1.19399E+00 2.37714E+01 1.35360E+00
 -1      2334-1.23051E+00 2.37743E+01 1.36967E+00
 -1      2335-1.20601E+00 2.37841E+01 1.42356E+00
 -1      2336-1.16949E+00 2.37812E+01 1.40749E+00
 -1      2341-1.19388E+00 2.50230E+01 1.11516E+00
 -1      2342-1.23044E+00 2.50262E+01 1.13106E+00
 -1      2343-1.20612E+00 2.50370E+01 1.18484E+00
 -1      2344-1.16956E+00 2.50338E+01 1.16894E+00
 -1      2349-1.19377E+00 2.62701E+01 8.53886E-01
 -1      2350-1.23038E+00 2.62736E+01 8.69618E-01
 -1      2351-1.20623E+00 2.62853E+01 9.23278E-01
 -1      2352-1.16962E+00 2.62819E+01 9.07546E-01
 -1      2357-1.19368E+00 2.75131E+01 5.71502E-01
 -1      2358-1.23034E+00 2.75168E+01 5.87093E-01
 -1      2359-1.20632E+00 2.75293E+01 6.40630E-01
 -1      2360-1.16966E+00 2.75257E+01 6.25039E-01
 -1      2365-1.19363E+00 2.87531E+01 2.72930E-01
 -1      2366-1.23031E+00 2.87568E+01 2.88429E-01
 -1      2367-1.20637E+00 2.87699E+01 3.41875E-01
 -1      2368-1.16969E+00 2.87661E+01 3.26376E-01
 -1      2373 1.20243E+00 2.12670E+01 1.57055E-01
 -1      2374 1.16773E+00 2.12640E+01 1.76710E-01
 -1      2375 1.19757E+00 2.12559E+01 2.28140E-01
 -1      2376 1.23227E+00 2.12590E+01 2.08485E-01
 -1      2381 1.20227E+00 2.25271E+01 3.58438E-01
 -1      2382 1.16766E+00 2.25238E+01 3.78214E-01
 -1      2383 1.19773E+00 2.25153E+01 4.29430E-01
 -1      2384 1.23234E+00 2.25186E+01 4.09654E-01
 -1      2389 1.20202E+00 2.37842E+01 5.76000E-01
 -1      2390 1.16755E+00 2.37805E+01 5.95959E-01
 -1      2391 1.19798E+00 2.37713E+01 6.46836E-01
 -1      2392 1.23245E+00 2.37749E+01 6.26877E-01
 -1      2397 1.20172E+00 2.50371E+01 8.14685E-01
 -1      2398 1.16742E+00 2.50330E+01 8.34863E-01
 -1      2399 1.19828E+00 2.50229E+01 8.85315E-01
 -1      2400 1.23258E+00 2.50270E+01 8.65137E-01
 -1      2405 1.20140E+00 2.62854E+01 1.07622E+00
 -1      2406 1.16728E+00 2.62809E+01 1.09662E+00
 -1      2407 1.19860E+00 2.62700E+01 1.14662E+00
 -1      2408 1.23272E+00 2.62745E+01 1.12622E+00
 -1      2413 1.20112E+00 2.75294E+01 1.35884E+00
 -1      2414 1.16716E+00 2.75246E+01 1.37943E+00
 -1      2415 1.19888E+00 2.75130E+01 1.42902E+00
 -1      2416 1.23284E+00 2.75178E+01 1.40843E+00
 -1      2421 1.20092E+00 2.87700E+01 1.65759E+00
 -1      2422 1.16708E+00 2.87650E+01 1.67830E+00
 -1      2423 1.19908E+00 2.87529E+01 1.72761E+00
 -1      2424 1.23292E+00 2.87580E+01 1.70689E+00
 -1      2429 1.20584E+00 2.12560E+01 1.77225E+00
 -1      2430 1.16940E+00 2.12585E+01 1.78856E+00
 -1      2431 1.19416E+00 2.12670E+01 1.84256E+00
 -1      2432 1.23060E+00 2.12644E+01 1.82625E+00
 -1      2437 1.20591E+00 2.25154E+01 1.57098E+00
 -1      2438 1.16944E+00 2.25181E+01 1.58719E+00
 -1      2439 1.19409E+00 2.25271E+01 1.64115E+00
 -1      2440 1.23056E+00 2.25244E+01 1.62494E+00
 -1      2445 1.20601E+00 2.37714E+01 1.35360E+00
 -1      2446 1.16949E+00 2.37743E+01 1.36967E+00
 -1      2447 1.19399E+00 2.37841E+01 1.42356E+00
 -1      2448 1.23051E+00 2.37812E+01 1.40749E+00
 -1      2453 1.20612E+00 2.50230E+01 1.11516E+00
 -1      2454 1.16956E+00 2.50262E+01 1.13106E+00
 -1      2455 1.19388E+00 2.50370E+01 1.18484E+00
 -1      2456 1.23044E+00 2.50338E+01 1.16894E+00
 -1      2461 1.20623E+00 2.62701E+01 8.53886E-01
 -1      2462 1.16962E+00 2.62736E+01 8.69618E-01
 -1      2463 1.19377E+00 2.62853E+01 9.23278E-01
 -1      2464 1.23038E+00 2.62819E+01 9.07546E-01
 -1      2469 1.20632E+00 2.75131E+01 5.71502E-01
 -1      2470 1.16966E+00 2.75168E+01 5.87093E-01
 -1      2471 1.19368E+00 2.75293E+01 6.40630E-01
 -1      2472 1.23034E+00 2.75257E+01 6.25039E-01
 -1      2477 1.20637E+00 2.87531E+01 2.72930E-01
 -1      2478 1.16969E+00 2.87568E+01 2.88429E-01
 -1      2479 1.19363E+00 2.87699E+01 3.41875E-01
 -1      2480 1.23031E+00 2.87661E+01 3.26376E-01
 -1      2485-8.31704E-01 2.12331E+01-3.42295E-02
 -1      2486-8.68791E-01 2.12437E+01-2.36225E-02
 -1      2487-8.53491E-01 2.12393E+01 3.42295E-02
 -1      2488-8.16404E-01 2.12288E+01 2.36225E-02
 -1      2493-4.83271E-01 2.24716E+01-3.43179E-02
 -1      2494-5.20380E-01 2.24818E+01-2.34066E-02
 -1      2495-5.04597E-01 2.24775E+01 3.43179E-02
 -1      2496-4.67488E-01 2.24673E+01 2.34066E-02
 -1      2501-1.51102E-01 2.37141E+01-3.44451E-02
 -1      2502-1.88233E-01 2.37237E+01-2.30837E-02
 -1      2503-1.71734E-01 2.37194E+01 3.44451E-02
 -1      2504-1.34603E-01 2.37098E+01 2.30837E-02
 -1      2509 1.59903E-01 2.49616E+01-3.45874E-02
 -1      2510 1.22764E-01 2.49705E+01-2.27035E-02
 -1      2511 1.40097E-01 2.49664E+01 3.45874E-02
 -1      2512 1.77236E-01 2.49575E+01 2.27035E-02
 -1      2517 4.48070E-01 2.62146E+01-3.47212E-02
 -1      2518 4.10939E-01 2.62229E+01-2.23246E-02
 -1      2519 4.29094E-01 2.62188E+01 3.47212E-02
 -1      2520 4.66225E-01 2.62106E+01 2.23246E-02
 -1      2525 7.15201E-01 2.74727E+01-3.48283E-02
 -1      2526 6.78091E-01 2.74803E+01-2.20050E-02
 -1      2527 6.96931E-01 2.74764E+01 3.48283E-02
 -1      2528 7.34041E-01 2.74688E+01 2.20050E-02
 -1      2533 9.66302E-01 2.87345E+01-3.48965E-02
 -1      2534 9.29212E-01 2.87417E+01-2.17923E-02
 -1      2535 9.48503E-01 2.87380E+01 3.48965E-02
 -1      2536 9.85593E-01 2.87307E+01 2.17923E-02
 -1      2541 8.42124E-01 2.12361E+01-3.60521E-02
 -1      2542 8.10413E-01 2.12270E+01-1.34113E-02
 -1      2543 8.43071E-01 2.12364E+01 3.60521E-02
 -1      2544 8.74781E-01 2.12454E+01 1.34113E-02
 -1      2549 4.93597E-01 2.24745E+01-3.60538E-02
 -1      2550 4.61712E-01 2.24657E+01-1.35445E-02
 -1      2551 4.94271E-01 2.24746E+01 3.60538E-02
 -1      2552 5.26156E-01 2.24834E+01 1.35445E-02
 -1      2557 1.61293E-01 2.37167E+01-3.60553E-02
 -1      2558 1.29148E-01 2.37084E+01-1.37478E-02
 -1      2559 1.61544E-01 2.37168E+01 3.60553E-02
 -1      2560 1.93688E-01 2.37251E+01 1.37478E-02
 -1      2565-1.49867E-01 2.49640E+01-3.60553E-02
 -1      2566-1.82312E-01 2.49562E+01-1.39935E-02
 -1      2567-1.50133E-01 2.49640E+01 3.60553E-02
 -1      2568-1.17688E-01 2.49718E+01 1.39935E-02
 -1      2573-4.38181E-01 2.62168E+01-3.60532E-02
 -1      2574-4.70920E-01 2.62096E+01-1.42455E-02
 -1      2575-4.38983E-01 2.62167E+01 3.60532E-02
 -1      2576-4.06244E-01 2.62239E+01 1.42455E-02
 -1      2581-7.05431E-01 2.74747E+01-3.60497E-02
 -1      2582-7.38414E-01 2.74679E+01-1.44640E-02
 -1      2583-7.06701E-01 2.74744E+01 3.60497E-02
 -1      2584-6.73718E-01 2.74812E+01 1.44640E-02
 -1      2589-9.56607E-01 2.87364E+01-3.60464E-02
 -1      2590-9.89751E-01 2.87299E+01-1.46123E-02
 -1      2591-9.58198E-01 2.87361E+01 3.60464E-02
 -1      2592-9.25054E-01 2.87425E+01 1.46123E-02
 -1      2597-8.31704E-01 2.12331E+01 1.96577E+00
 -1      2598-8.68791E-01 2.12437E+01 1.97638E+00
 -1      2599-8.53491E-01 2.12393E+01 2.03423E+00
 -1      2600-8.16404E-01 2.12288E+01 2.02362E+00
 -1      2605-4.83271E-01 2.24716E+01 1.96568E+00
 -1      2606-5.20380E-01 2.24818E+01 1.97659E+00
 -1      2607-5.04597E-01 2.24775E+01 2.03432E+00
 -1      2608-4.67488E-01 2.24673E+01 2.02341E+00
 -1      2613-1.51102E-01 2.37141E+01 1.96555E+00
 -1      2614-1.88233E-01 2.37237E+01 1.97692E+00
 -1      2615-1.71734E-01 2.37194E+01 2.03445E+00
 -1      2616-1.34603E-01 2.37098E+01 2.02308E+00
 -1      2621 1.59903E-01 2.49616E+01 1.96541E+00
 -1      2622 1.22764E-01 2.49705E+01 1.97730E+00
 -1      2623 1.40097E-01 2.49664E+01 2.03459E+00
 -1      2624 1.77236E-01 2.49575E+01 2.02270E+00
 -1      2629 4.48070E-01 2.62146E+01 1.96528E+00
 -1      2630 4.10939E-01 2.62229E+01 1.97768E+00
 -1      2631 4.29094E-01 2.62188E+01 2.03472E+00
 -1      2632 4.66225E-01 2.62106E+01 2.02232E+00
 -1      2637 7.15201E-01 2.74727E+01 1.96517E+00
 -1      2638 6.78091E-01 2.74803E+01 1.97800E+00
 -1      2639 6.96931E-01 2.74764E+01 2.03483E+00
 -1      2640 7.34041E-01 2.74688E+01 2.02200E+00
 -1      2645 9.66302E-01 2.87345E+01 1.96510E+00
 -1      2646 9.29212E-01 2.87417E+01 1.97821E+00
 -1      2647 9.48503E-01 2.87380E+01 2.03490E+00
 -1      2648 9.85593E-01 2.87307E+01 2.02179E+00
 -1      2653 8.42124E-01 2.12361E+01 1.96395E+00
 -1      2654 8.10413E-01 2.12270E+01 1.98659E+00
 -1      2655 8.43071E-01 2.12364E+01 2.03605E+00
 -1      2656 8.74781E-01 2.12454E+01 2.01341E+00
 -1      2661 4.93597E-01 2.24745E+01 1.96395E+00
 -1      2662 4.61712E-01 2.24657E+01 1.98646E+00
 -1      2663 4.94271E-01 2.24746E+01 2.03605E+00
 -1      2664 5.26156E-01 2.24834E+01 2.01354E+00
 -1      2669 1.61293E-01 2.37167E+01 1.96394E+00
 -1      2670 1.29148E-01 2.37084E+01 1.98625E+00
 -1      2671 1.61544E-01 2.37168E+01 2.03606E+00
 -1      2672 1.93688E-01 2.37251E+01 2.01375E+00
 -1      2677-1.49867E-01 2.49640E+01 1.96394E+00
 -1      2678-1.82312E-01 2.49562E+01 1.98601E+00
 -1      2679-1.50133E-01 2.49640E+01 2.03606E+00
 -1      2680-1.17688E-01 2.49718E+01 2.01399E+00
 -1      2685-4.38181E-01 2.62168E+01 1.96395E+00
 -1      2686-4.70920E-01 2.62096E+01 1.98575E+00
 -1      2687-4.38983E-01 2.62167E+01 2.03605E+00
 -1      2688-4.06244E-01 2.62239E+01 2.01425E+00
 -1      2693-7.05431E-01 2.74747E+01 1.96395E+00
 -1      2694-7.38414E-01 2.74679E+01 1.98554E+00
 -1      2695-7.06701E-01 2.74744E+01 2.03605E+00
 -1      2696-6.73718E-01 2.74812E+01 2.01446E+00
 -1      2701-9.56607E-01 2.87364E+01 1.96395E+00
 -1      2702-9.89751E-01 2.87299E+01 1.98539E+00
 -1      2703-9.58198E-01 2.87361E+01 2.03605E+00
 -1      2704-9.25054E-01 2.87425E+01 2.01461E+00
 -1      2709-1.19757E+00 3.12670E+01 1.57055E-01
 -1      2710-1.23227E+00 3.12640E+01 1.76710E-01
 -1      2711-1.20243E+00 3.12559E+01 2.28140E-01
 -1      2712-1.16773E+00 3.12590E+01 2.08485E-01
 -1      2717-1.19773E+00 3.25271E+01 3.58438E-01
 -1      2718-1.23234E+00 3.25238E+01 3.78214E-01
 -1      2719-1.20227E+00 3.25153E+01 4.29430E-01
 -1      2720-1.16766E+00 3.25186E+01 4.09654E-01
 -1      2725-1.19798E+00 3.37842E+01 5.76000E-01
 -1      2726-1.23245E+00 3.37805E+01 5.95959E-01
 -1      2727-1.20202E+00 3.37713E+01 6.46836E-01
 -1      2728-1.16755E+00 3.37749E+01 6.26877E-01
 -1      2733-1.19828E+00 3.50371E+01 8.14685E-01
 -1      2734-1.23258E+00 3.50330E+01 8.34863E-01
 -1      2735-1.20172E+00 3.50229E+01 8.85315E-01
 -1      2736-1.16742E+00 3.50270E+01 8.65137E-01
 -1      2741-1.19860E+00 3.62854E+01 1.07622E+00
 -1      2742-1.23272E+00 3.62809E+01 1.09662E+00
 -1      2743-1.20140E+00 3.62700E+01 1.14662E+00
 -1      2744-1.16728E+00 3.62745E+01 1.12622E+00
 -1      2749-1.19888E+00 3.75294E+01 1.35884E+00
 -1      2750-1.23284E+00 3.75246E+01 1.37943E+00
 -1      2751-1.20112E+00 3.75130E+01 1.42902E+00
 -1      2752-1.16716E+00 3.75178E+01 1.40843E+00
 -1      2757-1.19908E+00 3.87700E+01 1.65759E+00
 -1      2758-1.23292E+00 3.87650E+01 1.67830E+00
 -1      2759-1.20092E+00 3.87529E+01 1.72761E+00
 -1      2760-1.16708E+00 3.87580E+01 1.70689E+00
 -1      2765-1.19416E+00 3.12560E+01 1.77225E+00
 -1      2766-1.23060E+00 3.12585E+01 1.78856E+00
 -1      2767-1.20584E+00 3.12670E+01 1.84256E+00
 -1      2768-1.16940E+00 3.12644E+01 1.82625E+00
 -1      2773-1.19409E+00 3.25154E+01 1.57098E+00
 -1      2774-1.23056E+00 3.25181E+01 1.58719E+00
 -1      2775-1.20591E+00 3.25271E+01 1.64115E+00
 -1      2776-1.16944E+00 3.25244E+01 1.62494E+00
 -1      2781-1.19399E+00 3.37714E+01 1.35360E+00
 -1      2782-1.23051E+00 3.37743E+01 1.36967E+00
 -1      2783-1.20601E+00 3.37841E+01 1.42356E+00
 -1      2784-1.16949E+00 3.37812E+01 1.40749E+00
 -1      2789-1.19388E+00 3.50230E+01 1.11516E+00
 -1      2790-1.23044E+00 3.50262E+01 1.13106E+00
 -1      2791-1.20612E+00 3.50370E+01 1.18484E+00
 -1      2792-1.16956E+00 3.50338E+01 1.16894E+00
 -1      2797-1.19377E+00 3.62701E+01 8.53886E-01
 -1      2798-1.23038E+00 3.62736E+01 8.69618E-01
 -1      2799-1.20623E+00 3.62853E+01 9.23278E-01
 -1      2800-1.16962E+00 3.62819E+01 9.07546E-01
 -1      2805-1.19368E+00 3.75131E+01 5.71502E-01
 -1      2806-1.23034E+00 3.75168E+01 5.87093E-01
 -1      2807-1.20632E+00 3.75293E+01 6.40630E-01
 -1      2808-1.16966E+00 3.75257E+01 6.25039E-01
 -1      2813-1.19363E+00 3.87531E+01 2.72930E-01
 -1      2814-1.23031E+00 3.87568E+01 2.88429E-01
 -1      2815-1.20637E+00 3.87699E+01 3.41875E-01
 -1      2816-1.16969E+00 3.87661E+01 3.26376E-01
 -1      2821 1.20243E+00 3.12670E+01 1.57055E-01
 -1      2822 1.16773E+00 3.12640E+01 1.76710E-01
 -1      2823 1.19757E+00 3.12559E+01 2.28140E-01
 -1      2824 1.23227E+00 3.12590E+01 2.08485E-01
 -1      2829 1.20227E+00 3.25271E+01 3.58438E-01
 -1      2830 1.16766E+00 3.25238E+01 3.78214E-01
 -1      2831 1.19773E+00 3.25153E+01 4.29430E-01
 -1      2832 1.23234E+00 3.25186E+01 4.09654E-01
 -1      2837 1.20202E+00 3.37842E+01 5.76000E-01
 -1      2838 1.16755E+00 3.37805E+01 5.95959E-01
 -1      2839 1.19798E+00 3.37713E+01 6.46836E-01
 -1      2840 1.23245E+00 3.37749E+01 6.26877E-01
 -1      2845 1.20172E+00 3.50371E+01 8.14685E-01
 -1      2846 1.16742E+00 3.50330E+01 8.34863E-01
 -1      2847 1.19828E+00 3.50229E+01 8.85315E-01
 -1      2848 1.23258E+00 3.50270E+01 8.65137E-01
 -1      2853 1.20140E+00 3.62854E+01 1.07622E+00
 -1      2854 1.16728E+00 3.62809E+01 1.09662E+00
 -1      2855 1.19860E+00 3.62700E+01 1.14662E+00
 -1      2856 1.23272E+00 3.62745E+01 1.12622E+00
 -1      2861 1.20112E+00 3.75294E+01 1.35884E+00
 -1      2862 1.16716E+00 3.75246E+01 1.37943E+00
 -1      2863 1.19888E+00 3.75130E+01 1.42902E+00
 -1      2864 1.23284E+00 3.75178E+01 1.40843E+00
 -1      2869 1.20092E+00 3.87700E+01 1.65759E+00
 -1      2870 1.16708E+00 3.87650E+01 1.67830E+00
 -1      2871 1.19908E+00 3.87529E+01 1.72761E+00
 -1      2872 1.23292E+00 3.87580E+01 1.70689E+00
 -1      2877 1.20584E+00 3.12560E+01 1.77225E+00
 -1      2878 1.16940E+00 3.12585E+01 1.78856E+00
 -1      2879 1.19416E+00 3.12670E+01 1.84256E+00
 -1      2880 1.23060E+00 3.12644E+01 1.82625E+00
 -1      2885 1.20591E+00 3.25154E+01 1.57098E+00
 -1      2886 1.16944E+00 3.25181E+01 1.58719E+00
 -1      2887 1.19409E+00 3.25271E+01 1.64115E+00
 -1      2888 1.23056E+00 3.25244E+01 1.62494E+00
 -1      2893 1.20601E+00 3.37714E+01 1.35360E+00
 -1      2894 1.16949E+00 3.37743E+01 1.36967E+00
 -1      2895 1.19399E+00 3.37841E+01 1.42356E+00
 -1      2896 1.23051E+00 3.37812E+01 1.40749E+00
 -1      2901 1.20612E+00 3.50230E+01 1.11516E+00
 -1      2902 1.16956E+00 3.50262E+01 1.13106E+00
 -1      2903 1.19388E+00 3.50370E+01 1.18484E+00
 -1      2904 1.23044E+00 3.50338E+01 1.16894E+00
 -1      2909 1.20623E+00 3.62701E+01 8.53886E-01
 -1      2910 1.16962E+00 3.62736E+01 8.69618E-01
 -1      2911 1.19377E+00 3.62853E+01 9.23278E-01
 -1      2912 1.23038E+00 3.62819E+01 9.07546E-01
 -1      2917 1.20632E+00 3.75131E+01 5.71502E-01
 -1      2918 1.16966E+00 3.75168E+01 5.87093E-01
 -1      2919 1.19368E+00 3.75293E+01 6.40630E-01
 -1      2920 1.23034E+00 3.75257E+01 6.25039E-01
 -1      2925 1.20637E+00 3.87531E+01 2.72930E-01
 -1      2926 1.16969E+00 3.87568E+01 2.88429E-01
 -1      2927 1.19363E+00 3.87699E+01 3.41875E-01
 -1      2928 1.23031E+00 3.87661E+01 3.26376E-01
 -1      2933-8.31704E-01 3.12331E+01-3.42295E-02
 -1      2934-8.68791E-01 3.12437E+01-2.36225E-02
 -1      2935-8.53491E-01 3.12393E+01 3.42295E-02
 -1      2936-8.16404E-01 3.12288E+01 2.36225E-02
 -1      2941-4.83271E-01 3.24716E+01-3.43179E-02
 -1      2942-5.20380E-01 3.24818E+01-2.34066E-02
 -1      2943-5.04597E-01 3.24775E+01 3.43179E-02
 -1      2944-4.67488E-01 3.24673E+01 2.34066E-02
 -1      2949-1.51102E-01 3.37141E+01-3.44451E-02
 -1      2950-1.88233E-01 3.37237E+01-2.30837E-02
 -1      2951-1.71734E-01 3.37194E+01 3.44451E-02
 -1      2952-1.34603E-01 3.37098E+01 2.30837E-02
 -1      2957 1.59903E-01 3.49616E+01-3.45874E-02
 -1      2958 1.22764E-01 3.49705E+01-2.27035E-02
 -1      2959 1.40097E-01 3.49664E+01 3.45874E-02
 -1      2960 1.77236E-01 3.49575E+01 2.27035E-02
 -1      2965 4.48070E-01 3.62146E+01-3.47212E-02
 -1      2966 4.10939E-01 3.62229E+01-2.23246E-02
 -1      2967 4.29094E-01 3.62188E+01 3.47212E-02
 -1      2968 4.66225E-01 3.62106E+01 2.23246E-02
 -1      2973 7.15201E-01 3.74727E+01-3.48283E-02
 -1      2974 6.78091E-01 3.74803E+01-2.20050E-02
 -1      2975 6.96931E-01 3.74764E+01 3.48283E-02
 -1      2976 7.34041E-01 3.74688E+01 2.20050E-02
 -1      2981 9.66302E-01 3.87345E+01-3.48965E-02
 -1      2982 9.29212E-01 3.87417E+01-2.17923E-02
 -1      2983 9.48503E-01 3.87380E+01 3.48965E-02
 -1      2984 9.85593E-01 3.87307E+01 2.17923E-02
 -1      2989 8.42124E-01 3.12361E+01-3.60521E-02
 -1      2990 8.10413E-01 3.12270E+01-1.34113E-02
 -1      2991 8.43071E-01 3.12364E+01 3.60521E-02
 -1      2992 8.74781E-01 3.12454E+01 1.34113E-02
 -1      2997 4.93597E-01 3.24745E+01-3.60538E-02
 -1      2998 4.61712E-01 3.24657E+01-1.35445E-02
 -1      2999 4.94271E-01 3.24746E+01 3.60538E-02
 -1      3000 5.26156E-01 3.24834E+01 1.35445E-02
 -1      3005 1.61293E-01 3.37167E+01-3.60553E-02
 -1      3006 1.29148E-01 3.37084E+01-1.37478E-02
 -1      3007 1.61544E-01 3.37168E+01 3.60553E-02
 -1      3008 1.93688E-01 3.37251E+01 1.37478E-02
 -1      3013-1.49867E-01 3.49640E+01-3.60553E-02
 -1      3014-1.82312E-01 3.49562E+01-1.39935E-02
 -1      3015-1.50133E-01 3.49640E+01 3.60553E-02
 -1      3016-1.17688E-01 3.49718E+01 1.39935E-02
 -1      3021-4.38181E-01 3.62168E+01-3.60532E-02
 -1      3022-4.70920E-01 3.62096E+01-1.42455E-02
 -1      3023-4.38983E-01 3.62167E+01 3.60532E-02
 -1      3024-4.06244E-01 3.62239E+01 1.42455E-02
 -1      3029-7.05431E-01 3.74747E+01-3.60497E-02
 -1      3030-7.38414E-01 3.74679E+01-1.44640E-02
 -1      3031-7.06701E-01 3.74744E+01 3.60497E-02
 -1      3032-6.73718E-01 3.74812E+01 1.44640E-02
 -1      3037-9.56607E-01 3.87364E+01-3.60464E-02
 -1      3038-9.89751E-01 3.87299E+01-1.46123E-02
 -1      3039-9.58198E-01 3.87361E+01 3.60464E-02
 -1      3040-9.25054E-01 3.87425E+01 1.46123E-02
 -1      3045-8.31704E-01 3.12331E+01 1.96577E+00
 -1      3046-8.68791E-01 3.12437E+01 1.97638E+00
 -1      3047-8.53491E-01 3.12393E+01 2.03423E+00
 -1      3048-8.16404E-01 3.12288E+01 2.02362E+00
 -1      3053-4.83271E-01 3.24716E+01 1.96568E+00
 -1      3054-5.20380E-01 3.24818E+01 1.97659E+00
 -1      3055-5.04597E-01 3.24775E+01 2.03432E+00
 -1      3056-4.67488E-01 3.24673E+01 2.02341E+00
 -1      3061-1.51102E-01 3.37141E+01 1.96555E+00
 -1      3062-1.88233E-01 3.37237E+01 1.97692E+00
 -1      3063-1.71734E-01 3.37194E+01 2.03445E+00
 -1      3064-1.34603E-01 3.37098E+01 2.02308E+00
 -1      3069 1.59903E-01 3.49616E+01 1.96541E+00
 -1      3070 1.22764E-01 3.49705E+01 1.97730E+00
 -1      3071 1.40097E-01 3.49664E+01 2.03459E+00
 -1      3072 1.77236E-01 3.49575E+01 2.02270E+00
 -1      3077 4.48070E-01 3.62146E+01 1.96528E+00
 -1      3078 4.10939E-01 3.62229E+01 1.97768E+00
 -1      3079 4.29094E-01 3.62188E+01 2.03472E+00
 -1      3080 4.66225E-01 3.62106E+01 2.02232E+00
 -1      3085 7.15201E-01 3.74727E+01 1.96517E+00
 -1      3086 6.78091E-01 3.74803E+01 1.97800E+00
 -1      3087 6.96931E-01 3.74764E+01 2.03483E+00
 -1      3088 7.34041E-01 3.74688E+01 2.02200E+00
 -1      3093 9.66302E-01 3.87345E+01 1.96510E+00
 -1      3094 9.29212E-01 3.87417E+01 1.97821E+00
 -1      3095 9.48503E-01 3.87380E+01 2.03490E+00
 -1      3096 9.85593E-01 3.87307E+01 2.02179E+00
 -1      3101 8.42124E-01 3.12361E+01 1.96395E+00
 -1      3102 8.10413E-01 3.12270E+01 1.98659E+00
 -1      3103 8.43071E-01 3.12364E+01 2.03605E+00
 -1      3104 8.74781E-01 3.12454E+01 2.01341E+00
 -1      3109 4.93597E-01 3.24745E+01 1.96395E+00
 -1      3110 4.61712E-01 3.24657E+01 1.98646E+00
 -1      3111 4.94271E-01 3.24746E+01 2.03605E+00
 -1      3112 5.26156E-01 3.24834E+01 2.01354E+00
 -1      3117 1.61293E-01 3.37167E+01 1.96394E+00
 -1      3118 1.29148E-01 3.37084E+01 1.98625E+00
 -1      3119 1.61544E-01 3.37168E+01 2.03606E+00
 -1      3120 1.93688E-01 3.37251E+01 2.01375E+00
 -1      3125-1.49867E-01 3.49640E+01 1.96394E+00
 -1      3126-1.82312E-01 3.49562E+01 1.98601E+00
 -1      3127-1.50133E-01 3.49640E+01 2.03606E+00
 -1      3128-1.17688E-01 3.49718E+01 2.01399E+00
 -1      3133-4.38181E-01 3.62168E+01 1.96395E+00
 -1      3134-4.70920E-01 3.62096E+01 1.98575E+00
 -1      3135-4.38983E-01 3.62167E+01 2.03605E+00
 -1      3136-4.06244E-01 3.62239E+01 2.01425E+00
 -1      3141-7.05431E-01 3.74747E+01 1.96395E+00
 -1      3142-7.38414E-01 3.74679E+01 1.98554E+00
 -1      3143-7.06701E-01 3.74744E+01 2.03605E+00
 -1      3144-6.73718E-01 3.74812E+01 2.01446E+00
 -1      3149-9.56607E-01 3.87364E+01 1.96395E+00
 -1      3150-9.89751E-01 3.87299E+01 1.98539E+00
 -1      3151-9.58198E-01 3.87361E+01 2.03605E+00
 -1      3152-9.25054E-01 3.87425E+01 2.01461E+00
 -1      3157-1.19777E+00 4.25272E+01 3.58451E-01
 -1      3158-1.23236E+00 4.25239E+01 3.78258E-01
 -1      3159-1.20223E+00 4.25152E+01 4.29417E-01
 -1      3160-1.16764E+00 4.25186E+01 4.09610E-01
 -1      3165-1.19829E+00 4.50371E+01 8.14685E-01
 -1      3166-1.23259E+00 4.50330E+01 8.34866E-01
 -1      3167-1.20171E+00 4.50229E+01 8.85315E-01
 -1      3168-1.16741E+00 4.50270E+01 8.65134E-01
 -1      3173-1.19884E+00 4.75293E+01 1.35882E+00
 -1      3174-1.23282E+00 4.75246E+01 1.37939E+00
 -1      3175-1.20116E+00 4.75131E+01 1.42904E+00
 -1      3176-1.16718E+00 4.75178E+01 1.40848E+00
 -1      3181-1.19407E+00 4.25153E+01 1.57100E+00
 -1      3182-1.23055E+00 4.25180E+01 1.58719E+00
 -1      3183-1.20593E+00 4.25271E+01 1.64113E+00
 -1      3184-1.16945E+00 4.25244E+01 1.62495E+00
 -1      3189-1.19388E+00 4.50230E+01 1.11516E+00
 -1      3190-1.23044E+00 4.50262E+01 1.13106E+00
 -1      3191-1.20612E+00 4.50370E+01 1.18484E+00
 -1      3192-1.16956E+00 4.50338E+01 1.16894E+00
 -1      3197-1.19370E+00 4.75132E+01 5.71480E-01
 -1      3198-1.23034E+00 4.75168E+01 5.87095E-01
 -1      3199-1.20630E+00 4.75292E+01 6.40652E-01
 -1      3200-1.16966E+00 4.75256E+01 6.25037E-01
 -1      3205 1.20223E+00 4.25272E+01 3.58451E-01
 -1      3206 1.16764E+00 4.25239E+01 3.78258E-01
 -1      3207 1.19777E+00 4.25152E+01 4.29417E-01
 -1      3208 1.23236E+00 4.25186E+01 4.09610E-01
 -1      3213 1.20171E+00 4.50371E+01 8.14685E-01
 -1      3214 1.16741E+00 4.50330E+01 8.34866E-01
 -1      3215 1.19829E+00 4.50229E+01 8.85315E-01
 -1      3216 1.23259E+00 4.50270E+01 8.65134E-01
 -1      3221 1.20116E+00 4.75293E+01 1.35882E+00
 -1      3222 1.16718E+00 4.75246E+01 1.37939E+00
 -1      3223 1.19884E+00 4.75131E+01 1.42904E+00
 -1      3224 1.23282E+00 4.75178E+01 1.40848E+00
 -1      3229 1.20593E+00 4.25153E+01 1.57100E+00
 -1      3230 1.16945E+00 4.25180E+01 1.58719E+00
 -1      3231 1.19407E+00 4.25271E+01 1.64113E+00
 -1      3232 1.23055E+00 4.25244E+01 1.62495E+00
 -1      3237 1.20612E+00 4.50230E+01 1.11516E+00
 -1      3238 1.16956E+00 4.50262E+01 1.13106E+00
 -1      3239 1.19388E+00 4.50370E+01 1.18484E+00
 -1      3240 1.23044E+00 4.50338E+01 1.16894E+00
 -1      3245 1.20630E+00 4.75132E+01 5.71480E-01
 -1      3246 1.16966E+00 4.75168E+01 5.87095E-01
 -1      3247 1.19370E+00 4.75292E+01 6.40652E-01
 -1      3248 1.23034E+00 4.75256E+01 6.25037E-01
 -1      3253-4.83328E-01 4.24717E+01-3.43393E-02
 -1      3254-5.20442E-01 4.24818E+01-2.33534E-02
 -1      3255-5.04540E-01 4.24774E+01 3.43393E-02
 -1      3256-4.67426E-01 4.24673E+01 2.33534E-02
 -1      3261 1.59904E-01 4.49616E+01-3.45869E-02
 -1      3262 1.22764E-01 4.49705E+01-2.27046E-02
 -1      3263 1.40096E-01 4.49664E+01 3.45869E-02
 -1      3264 1.77236E-01 4.49575E+01 2.27046E-02
 -1      3269 7.15261E-01 4.74726E+01-3.48107E-02
 -1      3270 6.78146E-01 4.74804E+01-2.20585E-02
 -1      3271 6.96871E-01 4.74765E+01 3.48107E-02
 -1      3272 7.33986E-01 4.74687E+01 2.20585E-02
 -1      3277 4.93632E-01 4.24745E+01-3.60542E-02
 -1      3278 4.61704E-01 4.24658E+01-1.35783E-02
 -1      3279 4.94236E-01 4.24746E+01 3.60542E-02
 -1      3280 5.26164E-01 4.24833E+01 1.35783E-02
 -1      3285-1.49866E-01 4.49640E+01-3.60553E-02
 -1      3286-1.82311E-01 4.49562E+01-1.39944E-02
 -1      3287-1.50134E-01 4.49640E+01 3.60553E-02
 -1      3288-1.17689E-01 4.49718E+01 1.39944E-02
 -1      3293-7.05470E-01 4.74747E+01-3.60504E-02
 -1      3294-7.38413E-01 4.74678E+01-1.44278E-02
 -1      3295-7.06662E-01 4.74744E+01 3.60504E-02
 -1      3296-6.73719E-01 4.74813E+01 1.44278E-02
 -1      3301-4.83328E-01 4.24717E+01 1.96566E+00
 -1      3302-5.20442E-01 4.24818E+01 1.97665E+00
 -1      3303-5.04540E-01 4.24774E+01 2.03434E+00
 -1      3304-4.67426E-01 4.24673E+01 2.02335E+00
 -1      3309 1.59904E-01 4.49616E+01 1.96541E+00
 -1      3310 1.22764E-01 4.49705E+01 1.97730E+00
 -1      3311 1.40096E-01 4.49664E+01 2.03459E+00
 -1      3312 1.77236E-01 4.49575E+01 2.02270E+00
 -1      3317 7.15261E-01 4.74726E+01 1.96519E+00
 -1      3318 6.78146E-01 4.74804E+01 1.97794E+00
 -1      3319 6.96871E-01 4.74765E+01 2.03481E+00
 -1      3320 7.33986E-01 4.74687E+01 2.02206E+00
 -1      3325 4.93632E-01 4.24745E+01 1.96395E+00
 -1      3326 4.61704E-01 4.24658E+01 1.98642E+00
 -1      3327 4.94236E-01 4.24746E+01 2.03605E+00
 -1      3328 5.26164E-01 4.24833E+01 2.01358E+00
 -1      3333-1.49866E-01 4.49640E+01 1.96394E+00
 -1      3334-1.82311E-01 4.49562E+01 1.98601E+00
 -1      3335-1.50134E-01 4.49640E+01 2.03606E+00
 -1      3336-1.17689E-01 4.49718E+01 2.01399E+00
 -1      3341-7.05470E-01 4.74747E+01 1.96395E+00
 -1      3342-7.38413E-01 4.74678E+01 1.98557E+00
 -1      3343-7.06662E-01 4.74744E+01 2.03605E+00
 -1      3344-6.73719E-01 4.74813E+01 2.01443E+00
 -3
    3C                           320                                     1
 -1         1    1    0    1
 -2       261      1461      1462       262       264      1464      1463       263
 -1         2    1    0    1
 -2      1461       461       462      1462      1464       464       463      1463
 -1         3    1    0    1
 -2       311      1469      1470       312       314      1472      1471       313
 -1         4    1    0    1
 -2      1469       511       512      1470      1472       514       513      1471
 -1         5    1    0    1
 -2       361      1477      1478       362       364      1480      1479       363
 -1         6    1    0    1
 -2      1477       561       562      1478      1480       564       563      1479
 -1         7    1    0    1
 -2       411      1485      1486       412       414      1488      1487       413
 -1         8    1    0    1
 -2      1485       611       612      1486      1488       614       613      1487
 -1         9    1    0    1
 -2       461      1493      1494       462       464      1496      1495       463
 -1        10    1    0    1
 -2      1493       661       662      1494      1496       664       663      1495
 -1        11    1    0    1
 -2       511      1501      1502       512       514      1504      1503       513
 -1        12    1    0    1
 -2      1501       711       712      1502      1504       714       713      1503
 -1        13    1    0    1
 -2       561      1509      1510       562       564      1512      1511       563
 -1        14    1    0    1
 -2      1509       761       762      1510      1512       764       763      1511
 -1        15    1    0    1
 -2       611      1517      1518       612       614      1520      1519       613
 -1        16    1    0    1
 -2      1517       811       812      1518      1520       814       813      1519
 -1        17    1    0    1
 -2       661      1525      1526       662       664      1528      1527       663
 -1        18    1    0    1
 -2      1525       861       862      1526      1528       864       863      1527
 -1        19    1    0    1
 -2       711      1533      1534       712       714      1536      1535       713
 -1        20    1    0    1
 -2      1533       911       912      1534      1536       914       913      1535
 -1        21    1    0    1
 -2       761      1541      1542       762       764      1544      1543       763
 -1        22    1    0    1
 -2      1541       961       962      1542      1544       964       963      1543
 -1        23    1    0    1
 -2       811      1549      1550       812       814      1552      1551       813
 -1        24    1    0    1
 -2      1549      1011      1012      1550      1552      1014      1013      1551
 -1        25    1    0    1
 -2       861      1557      1558       862       864      1560      1559       863
 -1        26    1    0    1
 -2      1557      1061      1062      1558      1560      1064      1063      1559
 -1        27    1    0    1
 -2       911      1565      1566       912       914      1568      1567       913
 -1        28    1    0    1
 -2      1565      1111      1112      1566      1568      1114      1113      1567
 -1        29    1    0    1
 -2       961      1573      1574       962       964      1576      1575       963
 -1        30    1    0    1
 -2      1573      1161      1162      1574      1576      1164      1163      1575
 -1        31    1    0    1
 -2      1011      1581      1582      1012      1014      1584      1583      1013
 -1        32    1    0    1
 -2      1581      1211      1212      1582      1584      1214      1213      1583
 -1        33    1    0    1
 -2      1061      1589      1590      1062      1064      1592      1591      1063
 -1        34    1    0    1
 -2      1589      1261      1262      1590      1592      1264      1263      1591
 -1        35    1    0    1
 -2      1111      1597      1598      1112      1114      1600      1599      1113
 -1        36    1    0    1
 -2      1597      1311      1312      1598      1600      1314      1313      1599
 -1        37    1    0    1
 -2      1161      1605      1606      1162      1164      1608      1607      1163
 -1        38    1    0    1
 -2      1605      1361      1362      1606      1608      1364      1363      1607
 -1        39    1    0    1
 -2      1211      1613      1614      1212      1214      1616      1615      1213
 -1        40    1    0    1
 -2      1613      1411      1412      1614      1616      1414      1413      1615
 -1        41    1    0    1
 -2       269      1621      1622       270       272      1624      1623       271
 -1        42    1    0    1
 -2      1621       319       320      1622      1624       322       321      1623
 -1        43    1    0    1
 -2       369      1629      1630       370       372      1632      1631       371
 -1        44    1    0    1
 -2      1629       419       420      1630      1632       422       421      1631
 -1        45    1    0    1
 -2       277      1637      1638       278       280      1640      1639       279
 -1        46    1    0    1
 -2      1637       377       378      1638      1640       380       379      1639
 -1        47    1    0    1
 -2       327      1645      1646       328       330      1648      1647       329
 -1        48    1    0    1
 -2      1645       427       428      1646      1648       430       429      1647
 -1        49    1    0    1
 -2       469      1653      1654       470       472      1656      1655       471
 -1        50    1    0    1
 -2      1653       519       520      1654      1656       522       521      1655
 -1        51    1    0    1
 -2       569      1661      1662       570       572      1664      1663       571
 -1        52    1    0    1
 -2      1661       619       620      1662      1664       622       621      1663
 -1        53    1    0    1
 -2       477      1669      1670       478       480      1672      1671       479
 -1        54    1    0    1
 -2      1669       577       578      1670      1672       580       579      1671
 -1        55    1    0    1
 -2       527      1677      1678       528       530      1680      1679       529
 -1        56    1    0    1
 -2      1677       627       628      1678      1680       630       629      1679
 -1        57    1    0    1
 -2       669      1685      1686       670       672      1688      1687       671
 -1        58    1    0    1
 -2      1685      1693      1694      1686      1688      1696      1695      1687
 -1        59    1    0    1
 -2      1693      1701      1702      1694      1696      1704      1703      1695
 -1        60    1    0    1
 -2      1701      1709      1710      1702      1704      1712      1711      1703
 -1        61    1    0    1
 -2      1709      1717      1718      1710      1712      1720      1719      1711
 -1        62    1    0    1
 -2      1717      1725      1726      1718      1720      1728      1727      1719
 -1        63    1    0    1
 -2      1725      1733      1734      1726      1728      1736      1735      1727
 -1        64    1    0    1
 -2      1733       719       720      1734      1736       722       721      1735
 -1        65    1    0    1
 -2       769      1741      1742       770       772      1744      1743       771
 -1        66    1    0    1
 -2      1741      1749      1750      1742      1744      1752      1751      1743
 -1        67    1    0    1
 -2      1749      1757      1758      1750      1752      1760      1759      1751
 -1        68    1    0    1
 -2      1757      1765      1766      1758      1760      1768      1767      1759
 -1        69    1    0    1
 -2      1765      1773      1774      1766      1768      1776      1775      1767
 -1        70    1    0    1
 -2      1773      1781      1782      1774      1776      1784      1783      1775
 -1        71    1    0    1
 -2      1781      1789      1790      1782      1784      1792      1791      1783
 -1        72    1    0    1
 -2      1789       819       820      1790      1792       822       821      1791
 -1        73    1    0    1
 -2       677      1797      1798       678       680      1800      1799       679
 -1        74    1    0    1
 -2      1797      1805      1806      1798      1800      1808      1807      1799
 -1        75    1    0    1
 -2      1805      1813      1814      1806      1808      1816      1815      1807
 -1        76    1    0    1
 -2      1813      1821      1822      1814      1816      1824      1823      1815
 -1        77    1    0    1
 -2      1821      1829      1830      1822      1824      1832      1831      1823
 -1        78    1    0    1
 -2      1829      1837      1838      1830      1832      1840      1839      1831
 -1        79    1    0    1
 -2      1837      1845      1846      1838      1840      1848      1847      1839
 -1        80    1    0    1
 -2      1845       777       778      1846      1848       780       779      1847
 -1        81    1    0    1
 -2       727      1853      1854       728       730      1856      1855       729
 -1        82    1    0    1
 -2      1853      1861      1862      1854      1856      1864      1863      1855
 -1        83    1    0    1
 -2      1861      1869      1870      1862      1864      1872      1871      1863
 -1        84    1    0    1
 -2      1869      1877      1878      1870      1872      1880      1879      1871
 -1        85    1    0    1
 -2      1877      1885      1886      1878      1880      1888      1887      1879
 -1        86    1    0    1
 -2      1885      1893      1894      1886      1888      1896      1895      1887
 -1        87    1    0    1
 -2      1893      1901      1902      1894      1896      1904      1903      1895
 -1        88    1    0    1
 -2      1901       827       828      1902      1904       830       829      1903
 -1        89    1    0    1
 -2       869      1909      1910       870       872      1912      1911       871
 -1        90    1    0    1
 -2      1909      1917      1918      1910      1912      1920      1919      1911
 -1        91    1    0    1
 -2      1917      1925      1926      1918      1920      1928      1927      1919
 -1        92    1    0    1
 -2      1925       919       920      1926      1928       922       921      1927
 -1        93    1    0    1
 -2       969      1933      1934       970       972      1936      1935       971
 -1        94    1    0    1
 -2      1933      1941      1942      1934      1936      1944      1943      1935
 -1        95    1    0    1
 -2      1941      1949      1950      1942      1944      1952      1951      1943
 -1        96    1    0    1
 -2      1949      1019      1020      1950      1952      1022      1021      1951
 -1        97    1    0    1
 -2       877      1957      1958       878       880      1960      1959       879
 -1        98    1    0    1
 -2      1957      1965      1966      1958      1960      1968      1967      1959
 -1        99    1    0    1
 -2      1965      1973      1974      1966      1968      1976      1975      1967
 -1       100    1    0    1
 -2      1973       977       978      1974      1976       980       979      1975
 -1       101    1    0    1
 -2       927      1981      1982       928       930      1984      1983       929
 -1       102    1    0    1
 -2      1981      1989      1990      1982      1984      1992      1991      1983
 -1       103    1    0    1
 -2      1989      1997      1998      1990      1992      2000      1999      1991
 -1       104    1    0    1
 -2      1997      1027      1028      1998      2000      1030      1029      1999
 -1       105    1    0    1
 -2      1069      2005      2006      1070      1072      2008      2007      1071
 -1       106    1    0    1
 -2      2005      2013      2014      2006      2008      2016      2015      2007
 -1       107    1    0    1
 -2      2013      2021      2022      2014      2016      2024      2023      2015
 -1       108    1    0    1
 -2      2021      1119      1120      2022      2024      1122      1121      2023
 -1       109    1    0    1
 -2      1169      2029      2030      1170      1172      2032      2031      1171
 -1       110    1    0    1
 -2      2029      2037      2038      2030      2032      2040      2039      2031
 -1       111    1    0    1
 -2      2037      2045      2046      2038      2040      2048      2047      2039
 -1       112    1    0    1
 -2      2045      1219      1220      2046      2048      1222      1221      2047
 -1       113    1    0    1
 -2      1077      2053      2054      1078      1080      2056      2055      1079
 -1       114    1    0    1
 -2      2053      2061      2062      2054      2056      2064      2063      2055
 -1       115    1    0    1
 -2      2061      2069      2070      2062      2064      2072      2071      2063
 -1       116    1    0    1
 -2      2069      1177      1178      2070      2072      1180      1179      2071
 -1       117    1    0    1
 -2      1127      2077      2078      1128      1130      2080      2079      1129
 -1       118    1    0    1
 -2      2077      2085      2086      2078      2080      2088      2087      2079
 -1       119    1    0    1
 -2      2085      2093      2094      2086      2088      2096      2095      2087
 -1       120    1    0    1
 -2      2093      1227      1228      2094      2096      1230      1229      2095
 -1       121    1    0    1
 -2      1269      2101      2102      1270      1272      2104      2103      1271
 -1       122    1    0    1
 -2      2101      1319      1320      2102      2104      1322      1321      2103
 -1       123    1    0    1
 -2      1369      2109      2110      1370      1372      2112      2111      1371
 -1       124    1    0    1
 -2      2109      1419      1420      2110      2112      1422      1421      2111
 -1       125    1    0    1
 -2      1277      2117      2118      1278      1280      2120      2119      1279
 -1       126    1    0    1
 -2      2117      1377      1378      2118      2120      1380      1379      2119
 -1       127    1    0    1
 -2      1327      2125      2126      1328      1330      2128      2127      1329
 -1       128    1    0    1
 -2      2125      1427      1428      2126      2128      1430      1429      2127
 -1       129    1    0    1
 -2       261      2133      2134       262       264      2136      2135       263
 -1       130    1    0    1
 -2      2133       561       562      2134      2136       564       563      2135
 -1       131    1    0    1
 -2       361      2141      2142       362       364      2144      2143       363
 -1       132    1    0    1
 -2      2141       461       462      2142      2144       464       463      2143
 -1       133    1    0    1
 -2       311      2149      2150       312       314      2152      2151       313
 -1       134    1    0    1
 -2      2149       611       612      2150      2152       614       613      2151
 -1       135    1    0    1
 -2       411      2157      2158       412       414      2160      2159       413
 -1       136    1    0    1
 -2      2157       511       512      2158      2160       514       513      2159
 -1       137    1    0    1
 -2       261      2165      2166       262       264      2168      2167       263
 -1       138    1    0    1
 -2      2165       511       512      2166      2168       514       513      2167
 -1       139    1    0    1
 -2       311      2173      2174       312       314      2176      2175       313
 -1       140    1    0    1
 -2      2173       461       462      2174      2176       464       463      2175
 -1       141    1    0    1
 -2       361      2181      2182       362       364      2184      2183       363
 -1       142    1    0    1
 -2      2181       611       612      2182      2184       614       613      2183
 -1       143    1    0    1
 -2       411      2189      2190       412       414      2192      2191       413
 -1       144    1    0    1
 -2      2189       561       562      2190      2192       564       563      2191
 -1       145    1    0    1
 -2       461      2197      2198       462       464      2200      2199       463
 -1       146    1    0    1
 -2      2197       761       762      2198      2200       764       763      2199
 -1       147    1    0    1
 -2       561      2205      2206       562       564      2208      2207       563
 -1       148    1    0    1
 -2      2205       661       662      2206      2208       664       663      2207
 -1       149    1    0    1
 -2       511      2213      2214       512       514      2216      2215       513
 -1       150    1    0    1
 -2      2213       811       812      2214      2216       814       813      2215
 -1       151    1    0    1
 -2       611      2221      2222       612       614      2224      2223       613
 -1       152    1    0    1
 -2      2221       711       712      2222      2224       714       713      2223
 -1       153    1    0    1
 -2       461      2229      2230       462       464      2232      2231       463
 -1       154    1    0    1
 -2      2229       711       712      2230      2232       714       713      2231
 -1       155    1    0    1
 -2       511      2237      2238       512       514      2240      2239       513
 -1       156    1    0    1
 -2      2237       661       662      2238      2240       664       663      2239
 -1       157    1    0    1
 -2       561      2245      2246       562       564      2248      2247       563
 -1       158    1    0    1
 -2      2245       811       812      2246      2248       814       813      2247
 -1       159    1    0    1
 -2       611      2253      2254       612       614      2256      2255       613
 -1       160    1    0    1
 -2      2253       761       762      2254      2256       764       763      2255
 -1       161    1    0    1
 -2       661      2261      2262       662       664      2264      2263       663
 -1       162    1    0    1
 -2      2261      2269      2270      2262      2264      2272      2271      2263
 -1       163    1    0    1
 -2      2269      2277      2278      2270      2272      2280      2279      2271
 -1       164    1    0    1
 -2      2277      2285      2286      2278      2280      2288      2287      2279
 -1       165    1    0    1
 -2      2285      2293      2294      2286      2288      2296      2295      2287
 -1       166    1    0    1
 -2      2293      2301      2302      2294      2296      2304      2303      2295
 -1       167    1    0    1
 -2      2301      2309      2310      2302      2304      2312      2311      2303
 -1       168    1    0    1
 -2      2309       961       962      2310      2312       964       963      2311
 -1       169    1    0    1
 -2       761      2317      2318       762       764      2320      2319       763
 -1       170    1    0    1
 -2      2317      2325      2326      2318      2320      2328      2327      2319
 -1       171    1    0    1
 -2      2325      2333      2334      2326      2328      2336      2335      2327
 -1       172    1    0    1
 -2      2333      2341      2342      2334      2336      2344      2343      2335
 -1       173    1    0    1
 -2      2341      2349      2350      2342      2344      2352      2351      2343
 -1       174    1    0    1
 -2      2349      2357      2358      2350      2352      2360      2359      2351
 -1       175    1    0    1
 -2      2357      2365      2366      2358      2360      2368      2367      2359
 -1       176    1    0    1
 -2      2365       861       862      2366      2368       864       863      2367
 -1       177    1    0    1
 -2       711      2373      2374       712       714      2376      2375       713
 -1       178    1    0    1
 -2      2373      2381      2382      2374      2376      2384      2383      2375
 -1       179    1    0    1
 -2      2381      2389      2390      2382      2384      2392      2391      2383
 -1       180    1    0    1
 -2      2389      2397      2398      2390      2392      2400      2399      2391
 -1       181    1    0    1
 -2      2397      2405      2406      2398      2400      2408      2407      2399
 -1       182    1    0    1
 -2      2405      2413      2414      2406      2408      2416      2415      2407
 -1       183    1    0    1
 -2      2413      2421      2422      2414      2416      2424      2423      2415
 -1       184    1    0    1
 -2      2421      1011      1012      2422      2424      1014      1013      2423
 -1       185    1    0    1
 -2       811      2429      2430       812       814      2432      2431       813
 -1       186    1    0    1
 -2      2429      2437      2438      2430      2432      2440      2439      2431
 -1       187    1    0    1
 -2      2437      2445      2446      2438      2440      2448      2447      2439
 -1       188    1    0    1
 -2      2445      2453      2454      2446      2448      2456      2455      2447
 -1       189    1    0    1
 -2      2453      2461      2462      2454      2456      2464      2463      2455
 -1       190    1    0    1
 -2      2461      2469      2470      2462      2464      2472      2471      2463
 -1       191    1    0    1
 -2      2469      2477      2478      2470      2472      2480      2479      2471
 -1       192    1    0    1
 -2      2477       911       912      2478      2480       914       913      2479
 -1       193    1    0    1
 -2       661      2485      2486       662       664      2488      2487       663
 -1       194    1    0    1
 -2      2485      2493      2494      2486      2488      2496      2495      2487
 -1       195    1    0    1
 -2      2493      2501      2502      2494      2496      2504      2503      2495
 -1       196    1    0    1
 -2      2501      2509      2510      2502      2504      2512      2511      2503
 -1       197    1    0    1
 -2      2509      2517      2518      2510      2512      2520      2519      2511
 -1       198    1    0    1
 -2      2517      2525      2526      2518      2520      2528      2527      2519
 -1       199    1    0    1
 -2      2525      2533      2534      2526      2528      2536      2535      2527
 -1       200    1    0    1
 -2      2533       911       912      2534      2536       914       913      2535
 -1       201    1    0    1
 -2       711      2541      2542       712       714      2544      2543       713
 -1       202    1    0    1
 -2      2541      2549      2550      2542      2544      2552      2551      2543
 -1       203    1    0    1
 -2      2549      2557      2558      2550      2552      2560      2559      2551
 -1       204    1    0    1
 -2      2557      2565      2566      2558      2560      2568      2567      2559
 -1       205    1    0    1
 -2      2565      2573      2574      2566      2568      2576      2575      2567
 -1       206    1    0    1
 -2      2573      2581      2582      2574      2576      2584      2583      2575
 -1       207    1    0    1
 -2      2581      2589      2590      2582      2584      2592      2591      2583
 -1       208    1    0    1
 -2      2589       861       862      2590      2592       864       863      2591
 -1       209    1    0    1
 -2       761      2597      2598       762       764      2600      2599       763
 -1       210    1    0    1
 -2      2597      2605      2606      2598      2600      2608      2607      2599
 -1       211    1    0    1
 -2      2605      2613      2614      2606      2608      2616      2615      2607
 -1       212    1    0    1
 -2      2613      2621      2622      2614      2616      2624      2623      2615
 -1       213    1    0    1
 -2      2621      2629      2630      2622      2624      2632      2631      2623
 -1       214    1    0    1
 -2      2629      2637      2638      2630      2632      2640      2639      2631
 -1       215    1    0    1
 -2      2637      2645      2646      2638      2640      2648      2647      2639
 -1       216    1    0    1
 -2      2645      1011      1012      2646      2648      1014      1013      2647
 -1       217    1    0    1
 -2       811      2653      2654       812       814      2656      2655       813
 -1       218    1    0    1
 -2      2653      2661      2662      2654      2656      2664      2663      2655
 -1       219    1    0    1
 -2      2661      2669      2670      2662      2664      2672      2671      2663
 -1       220    1    0    1
 -2      2669      2677      2678      2670      2672      2680      2679      2671
 -1       221    1    0    1
 -2      2677      2685      2686      2678      2680      2688      2687      2679
 -1       222    1    0    1
 -2      2685      2693      2694      2686      2688      2696      2695      2687
 -1       223    1    0    1
 -2      2693      2701      2702      2694      2696      2704      2703      2695
 -1       224    1    0    1
 -2      2701       961       962      2702      2704       964       963      2703
 -1       225    1    0    1
 -2       861      2709      2710       862       864      2712      2711       863
 -1       226    1    0    1
 -2      2709      2717      2718      2710      2712      2720      2719      2711
 -1       227    1    0    1
 -2      2717      2725      2726      2718      2720      2728      2727      2719
 -1       228    1    0    1
 -2      2725      2733      2734      2726      2728      2736      2735      2727
 -1       229    1    0    1
 -2      2733      2741      2742      2734      2736      2744      2743      2735
 -1       230    1    0    1
 -2      2741      2749      2750      2742      2744      2752      2751      2743
 -1       231    1    0    1
 -2      2749      2757      2758      2750      2752      2760      2759      2751
 -1       232    1    0    1
 -2      2757      1161      1162      2758      2760      1164      1163      2759
 -1       233    1    0    1
 -2       961      2765      2766       962       964      2768      2767       963
 -1       234    1    0    1
 -2      2765      2773      2774      2766      2768      2776      2775      2767
 -1       235    1    0    1
 -2      2773      2781      2782      2774      2776      2784      2783      2775
 -1       236    1    0    1
 -2      2781      2789      2790      2782      2784      2792      2791      2783
 -1       237    1    0    1
 -2      2789      2797      2798      2790      2792      2800      2799      2791
 -1       238    1    0    1
 -2      2797      2805      2806      2798      2800      2808      2807      2799
 -1       239    1    0    1
 -2      2805      2813      2814      2806      2808      2816      2815      2807
 -1       240    1    0    1
 -2      2813      1061      1062      2814      2816      1064      1063      2815
 -1       241    1    0    1
 -2       911      2821      2822       912       914      2824      2823       913
 -1       242    1    0    1
 -2      2821      2829      2830      2822      2824      2832      2831      2823
 -1       243    1    0    1
 -2      2829      2837      2838      2830      2832      2840      2839      2831
 -1       244    1    0    1
 -2      2837      2845      2846      2838      2840      2848      2847      2839
 -1       245    1    0    1
 -2      2845      2853      2854      2846      2848      2856      2855      2847
 -1       246    1    0    1
 -2      2853      2861      2862      2854      2856      2864      2863      2855
 -1       247    1    0    1
 -2      2861      2869      2870      2862      2864      2872      2871      2863
 -1       248    1    0    1
 -2      2869      1211      1212      2870      2872      1214      1213      2871
 -1       249    1    0    1
 -2      1011      2877      2878      1012      1014      2880      2879      1013
 -1       250    1    0    1
 -2      2877      2885      2886      2878      2880      2888      2887      2879
 -1       251    1    0    1
 -2      2885      2893      2894      2886      2888      2896      2895      2887
 -1       252    1    0    1
 -2      2893      2901      2902      2894      2896      2904      2903      2895
 -1       253    1    0    1
 -2      2901      2909      2910      2902      2904      2912      2911      2903
 -1       254    1    0    1
 -2      2909      2917      2918      2910      2912      2920      2919      2911
 -1       255    1    0    1
 -2      2917      2925      2926      2918      2920      2928      2927      2919
 -1       256    1    0    1
 -2      2925      1111      1112      2926      2928      1114      1113      2927
 -1       257    1    0    1
 -2       861      2933      2934       862       864      2936      2935       863
 -1       258    1    0    1
 -2      2933      2941      2942      2934      2936      2944      2943      2935
 -1       259    1    0    1
 -2      2941      2949      2950      2942      2944      2952      2951      2943
 -1       260    1    0    1
 -2      2949      2957      2958      2950      2952      2960      2959      2951
 -1       261    1    0    1
 -2      2957      2965      2966      2958      2960      2968      2967      2959
 -1       262    1    0    1
 -2      2965      2973      2974      2966      2968      2976      2975      2967
 -1       263    1    0    1
 -2      2973      2981      2982      2974      2976      2984      2983      2975
 -1       264    1    0    1
 -2      2981      1111      1112      2982      2984      1114      1113      2983
 -1       265    1    0    1
 -2       911      2989      2990       912       914      2992      2991       913
 -1       266    1    0    1
 -2      2989      2997      2998      2990      2992      3000      2999      2991
 -1       267    1    0    1
 -2      2997      3005      3006      2998      3000      3008      3007      2999
 -1       268    1    0    1
 -2      3005      3013      3014      3006      3008      3016      3015      3007
 -1       269    1    0    1
 -2      3013      3021      3022      3014      3016      3024      3023      3015
 -1       270    1    0    1
 -2      3021      3029      3030      3022      3024      3032      3031      3023
 -1       271    1    0    1
 -2      3029      3037      3038      3030      3032      3040      3039      3031
 -1       272    1    0    1
 -2      3037      1061      1062      3038      3040      1064      1063      3039
 -1       273    1    0    1
 -2       961      3045      3046       962       964      3048      3047       963
 -1       274    1    0    1
 -2      3045      3053      3054      3046      3048      3056      3055      3047
 -1       275    1    0    1
 -2      3053      3061      3062      3054      3056      3064      3063      3055
 -1       276    1    0    1
 -2      3061      3069      3070      3062      3064      3072      3071      3063
 -1       277    1    0    1
 -2      3069      3077      3078      3070      3072      3080      3079      3071
 -1       278    1    0    1
 -2      3077      3085      3086      3078      3080      3088      3087      3079
 -1       279    1    0    1
 -2      3085      3093      3094      3086      3088      3096      3095      3087
 -1       280    1    0    1
 -2      3093      1211      1212      3094      3096      1214      1213      3095
 -1       281    1    0    1
 -2      1011      3101      3102      1012      1014      3104      3103      1013
 -1       282    1    0    1
 -2      3101      3109      3110      3102      3104      3112      3111      3103
 -1       283    1    0    1
 -2      3109      3117      3118      3110      3112      3120      3119      3111
 -1       284    1    0    1
 -2      3117      3125      3126      3118      3120      3128      3127      3119
 -1       285    1    0    1
 -2      3125      3133      3134      3126      3128      3136      3135      3127
 -1       286    1    0    1
 -2      3133      3141      3142      3134      3136      3144      3143      3135
 -1       287    1    0    1
 -2      3141      3149      3150      3142      3144      3152      3151      3143
 -1       288    1    0    1
 -2      3149      1161      1162      3150      3152      1164      1163      3151
 -1       289    1    0    1
 -2      1061      3157      3158      1062      1064      3160      3159      1063
 -1       290    1    0    1
 -2      3157      3165      3166      3158      3160      3168      3167      3159
 -1       291    1    0    1
 -2      3165      3173      3174      3166      3168      3176      3175      3167
 -1       292    1    0    1
 -2      3173      1361      1362      3174      3176      1364      1363      3175
 -1       293    1    0    1
 -2      1161      3181      3182      1162      1164      3184      3183      1163
 -1       294    1    0    1
 -2      3181      3189      3190      3182      3184      3192      3191      3183
 -1       295    1    0    1
 -2      3189      3197      3198      3190      3192      3200      3199      3191
 -1       296    1    0    1
 -2      3197      1261      1262      3198      3200      1264      1263      3199
 -1       297    1    0    1
 -2      1111      3205      3206      1112      1114      3208      3207      1113
 -1       298    1    0    1
 -2      3205      3213      3214      3206      3208      3216      3215      3207
 -1       299    1    0    1
 -2      3213      3221      3222      3214      3216      3224      3223      3215
 -1       300    1    0    1
 -2      3221      1411      1412      3222      3224      1414      1413      3223
 -1       301    1    0    1
 -2      1211      3229      3230      1212      1214      3232      3231      1213
 -1       302    1    0    1
 -2      3229      3237      3238      3230      3232      3240      3239      3231
 -1       303    1    0    1
 -2      3237      3245      3246      3238      3240      3248      3247      3239
 -1       304    1    0    1
 -2      3245      1311      1312      3246      3248      1314      1313      3247
 -1       305    1    0    1
 -2      1061      3253      3254      1062      1064      3256      3255      1063
 -1       306    1    0    1
 -2      3253      3261      3262      3254      3256      3264      3263      3255
 -1       307    1    0    1
 -2      3261      3269      3270      3262      3264      3272      3271      3263
 -1       308    1    0    1
 -2      3269      1311      1312      3270      3272      1314      1313      3271
 -1       309    1    0    1
 -2      1111      3277      3278      1112      1114      3280      3279      1113
 -1       310    1    0    1
 -2      3277      3285      3286      3278      3280      3288      3287      3279
 -1       311    1    0    1
 -2      3285      3293      3294      3286      3288      3296      3295      3287
 -1       312    1    0    1
 -2      3293      1261      1262      3294      3296      1264      1263      3295
 -1       313    1    0    1
 -2      1161      3301      3302      1162      1164      3304      3303      1163
 -1       314    1    0    1
 -2      3301      3309      3310      3302      3304      3312      3311      3303
 -1       315    1    0    1
 -2      3309      3317      3318      3310      3312      3320      3319      3311
 -1       316    1    0    1
 -2      3317      1411      1412      3318      3320      1414      1413      3319
 -1       317    1    0    1
 -2      1211      3325      3326      1212      1214      3328      3327      1213
 -1       318    1    0    1
 -2      3325      3333      3334      3326      3328      3336      3335      3327
 -1       319    1    0    1
 -2      3333      3341      3342      3334      3336      3344      3343      3335
 -1       320    1    0    1
 -2      3341      1361      1362      3342      3344      1364      1363      3343
 -3
    1PSTEP                         1           1           1          
  100CL  101 1.000000000           0                     0    1           1
 -4  DISP        4    1
 -5  D1          1    2    1    0
 -5  D2          1    2    2    0
 -5  D3          1    2    3    0
 -5  ALL         1    2    0    0    1ALL
 -3
 9999
