    1C
    1UNormalized cross-passage space-truss torsion benchmark            
    1UUSER                                                              
    1UDATE              06.august.2026                                  
    1UTIME              08:14:14                                        
    1UHOST                                                              
    1UPGM               CalculiX                                        
    1UVERSION           Version 2.21                             
    1UCOMPILETIME       Sat Jul 29 10:52:01 CEST 2023                    
    1UDIR                                                               
    1UDBN                                                               
    1UMAT    1STEEL                                                     
    2C                          1112                                     1
 -1       229-1.19372E+00 8.63941E-04-3.54933E-02
 -1       230-1.23021E+00 3.63861E-03-1.93460E-02
 -1       231-1.20628E+00-8.63941E-04 3.54933E-02
 -1       232-1.16979E+00-3.63861E-03 1.93460E-02
 -1       237-1.20145E+00-3.41225E-02-1.15569E-02
 -1       238-1.20010E+00-2.46574E-03-3.59709E-02
 -1       239-1.19855E+00 3.41225E-02 1.15569E-02
 -1       240-1.19990E+00 2.46574E-03 3.59709E-02
 -1       245-1.23365E+00-1.29325E-02 5.48678E-04
 -1       246-1.20099E+00-3.60094E-02 1.52775E-03
 -1       247-1.16635E+00 1.29325E-02-5.48678E-04
 -1       248-1.19901E+00 3.60094E-02-1.52775E-03
 -1       279 1.20177E+00 2.37157E-03-3.59337E-02
 -1       280 1.16759E+00-2.09270E-03-1.56514E-02
 -1       281 1.19823E+00-2.37157E-03 3.59337E-02
 -1       282 1.23241E+00 2.09270E-03 1.56514E-02
 -1       287 1.20143E+00-3.37965E-02-1.24797E-02
 -1       288 1.20006E+00-1.48932E-03-3.60247E-02
 -1       289 1.19857E+00 3.37965E-02 1.24797E-02
 -1       290 1.19994E+00 1.48932E-03 3.60247E-02
 -1       295 1.16707E+00-1.46725E-02-6.22501E-04
 -1       296 1.20089E+00-3.60121E-02-1.52786E-03
 -1       297 1.23293E+00 1.46725E-02 6.22501E-04
 -1       298 1.19911E+00 3.60121E-02 1.52786E-03
 -1       329-1.19293E+00-2.82830E-03 1.96476E+00
 -1       330-1.22977E+00 1.55898E-03 1.97971E+00
 -1       331-1.20707E+00 2.82830E-03 2.03524E+00
 -1       332-1.17023E+00-1.55898E-03 2.02029E+00
 -1       337-1.19857E+00-3.37965E-02 1.98752E+00
 -1       338-1.19994E+00-1.48932E-03 1.96398E+00
 -1       339-1.20143E+00 3.37965E-02 2.01248E+00
 -1       340-1.20006E+00 1.48932E-03 2.03602E+00
 -1       345-1.23293E+00-1.46725E-02 1.99938E+00
 -1       346-1.19911E+00-3.60121E-02 1.99847E+00
 -1       347-1.16707E+00 1.46725E-02 2.00062E+00
 -1       348-1.20089E+00 3.60121E-02 2.00153E+00
 -1       379 1.20315E+00-1.17563E-03 1.96410E+00
 -1       380 1.16820E+00-3.67554E-03 1.98340E+00
 -1       381 1.19685E+00 1.17563E-03 2.03590E+00
 -1       382 1.23180E+00 3.67554E-03 2.01660E+00
 -1       387 1.19855E+00-3.41225E-02 1.98844E+00
 -1       388 1.19990E+00-2.46574E-03 1.96403E+00
 -1       389 1.20145E+00 3.41225E-02 2.01156E+00
 -1       390 1.20010E+00 2.46574E-03 2.03597E+00
 -1       395 1.16635E+00-1.29325E-02 2.00055E+00
 -1       396 1.19901E+00-3.60094E-02 2.00153E+00
 -1       397 1.23365E+00 1.29325E-02 1.99945E+00
 -1       398 1.20099E+00 3.60094E-02 1.99847E+00
 -1       429-1.19509E+00 9.99941E+00-3.57146E-02
 -1       430-1.23108E+00 1.00001E+01-1.82762E-02
 -1       431-1.20491E+00 1.00006E+01 3.57146E-02
 -1       432-1.16892E+00 9.99988E+00 1.82762E-02
 -1       437-1.20000E+00 9.96600E+00-1.20000E-02
 -1       438-1.20000E+00 9.99800E+00-3.60000E-02
 -1       439-1.20000E+00 1.00340E+01 1.20000E-02
 -1       440-1.20000E+00 1.00020E+01 3.60000E-02
 -1       445-1.23328E+00 9.98613E+00 0.00000E+00
 -1       446-1.20000E+00 9.96394E+00 0.00000E+00
 -1       447-1.16672E+00 1.00139E+01 0.00000E+00
 -1       448-1.20000E+00 1.00361E+01 0.00000E+00
 -1       479 1.20434E+00 9.99968E+00-3.57918E-02
 -1       480 1.16863E+00 9.99942E+00-1.77692E-02
 -1       481 1.19566E+00 1.00003E+01 3.57918E-02
 -1       482 1.23137E+00 1.00006E+01 1.77692E-02
 -1       487 1.20000E+00 9.96600E+00-1.20000E-02
 -1       488 1.20000E+00 9.99800E+00-3.60000E-02
 -1       489 1.20000E+00 1.00340E+01 1.20000E-02
 -1       490 1.20000E+00 1.00020E+01 3.60000E-02
 -1       495 1.16672E+00 9.98613E+00 0.00000E+00
 -1       496 1.20000E+00 9.96394E+00 0.00000E+00
 -1       497 1.23328E+00 1.00139E+01 0.00000E+00
 -1       498 1.20000E+00 1.00361E+01 0.00000E+00
 -1       529-1.19537E+00 1.00003E+01 1.96424E+00
 -1       530-1.23122E+00 1.00006E+01 1.98198E+00
 -1       531-1.20463E+00 9.99968E+00 2.03576E+00
 -1       532-1.16878E+00 9.99942E+00 2.01802E+00
 -1       537-1.20000E+00 9.96600E+00 1.98800E+00
 -1       538-1.20000E+00 9.99800E+00 1.96400E+00
 -1       539-1.20000E+00 1.00340E+01 2.01200E+00
 -1       540-1.20000E+00 1.00020E+01 2.03600E+00
 -1       545-1.23328E+00 9.98613E+00 2.00000E+00
 -1       546-1.20000E+00 9.96394E+00 2.00000E+00
 -1       547-1.16672E+00 1.00139E+01 2.00000E+00
 -1       548-1.20000E+00 1.00361E+01 2.00000E+00
 -1       579 1.20404E+00 1.00006E+01 1.96418E+00
 -1       580 1.16848E+00 9.99986E+00 1.98249E+00
 -1       581 1.19596E+00 9.99942E+00 2.03582E+00
 -1       582 1.23152E+00 1.00001E+01 2.01751E+00
 -1       587 1.20000E+00 9.96600E+00 1.98800E+00
 -1       588 1.20000E+00 9.99800E+00 1.96400E+00
 -1       589 1.20000E+00 1.00340E+01 2.01200E+00
 -1       590 1.20000E+00 1.00020E+01 2.03600E+00
 -1       595 1.16672E+00 9.98613E+00 2.00000E+00
 -1       596 1.20000E+00 9.96394E+00 2.00000E+00
 -1       597 1.23328E+00 1.00139E+01 2.00000E+00
 -1       598 1.20000E+00 1.00361E+01 2.00000E+00
 -1       629-1.19629E+00 1.99997E+01-3.58628E-02
 -1       630-1.23165E+00 1.99985E+01-1.72045E-02
 -1       631-1.20371E+00 2.00003E+01 3.58628E-02
 -1       632-1.16835E+00 2.00015E+01 1.72045E-02
 -1       637-1.20145E+00 1.99659E+01-1.15569E-02
 -1       638-1.20010E+00 1.99975E+01-3.59709E-02
 -1       639-1.19855E+00 2.00341E+01 1.15569E-02
 -1       640-1.19990E+00 2.00025E+01 3.59709E-02
 -1       645-1.23365E+00 1.99871E+01 5.48678E-04
 -1       646-1.20099E+00 1.99640E+01 1.52775E-03
 -1       647-1.16635E+00 2.00129E+01-5.48678E-04
 -1       648-1.19901E+00 2.00360E+01-1.52775E-03
 -1       653-1.19212E+00 1.99983E+01-3.51449E-02
 -1       654-1.22911E+00 2.00038E+01-2.09329E-02
 -1       655-1.20788E+00 2.00017E+01 3.51449E-02
 -1       656-1.17089E+00 1.99962E+01 2.09329E-02
 -1       695 1.20441E+00 1.99995E+01-3.57811E-02
 -1       696 1.16867E+00 1.99993E+01-1.78307E-02
 -1       697 1.19559E+00 2.00005E+01 3.57811E-02
 -1       698 1.23133E+00 2.00007E+01 1.78307E-02
 -1       703 1.20143E+00 1.99662E+01-1.24797E-02
 -1       704 1.20006E+00 1.99985E+01-3.60247E-02
 -1       705 1.19857E+00 2.00338E+01 1.24797E-02
 -1       706 1.19994E+00 2.00015E+01 3.60247E-02
 -1       711 1.16707E+00 1.99853E+01-6.22501E-04
 -1       712 1.20089E+00 1.99640E+01-1.52786E-03
 -1       713 1.23293E+00 2.00147E+01 6.22501E-04
 -1       714 1.19911E+00 2.00360E+01 1.52786E-03
 -1       745-1.19668E+00 2.00008E+01 1.96411E+00
 -1       746-1.23183E+00 1.99990E+01 1.98310E+00
 -1       747-1.20332E+00 1.99992E+01 2.03589E+00
 -1       748-1.16817E+00 2.00010E+01 2.01690E+00
 -1       753-1.19857E+00 1.99662E+01 1.98752E+00
 -1       754-1.19994E+00 1.99985E+01 1.96398E+00
 -1       755-1.20143E+00 2.00338E+01 2.01248E+00
 -1       756-1.20006E+00 2.00015E+01 2.03602E+00
 -1       761-1.23293E+00 1.99853E+01 1.99938E+00
 -1       762-1.19911E+00 1.99640E+01 1.99847E+00
 -1       763-1.16707E+00 2.00147E+01 2.00062E+00
 -1       764-1.20089E+00 2.00360E+01 2.00153E+00
 -1       769-1.19293E+00 1.99972E+01 1.96476E+00
 -1       770-1.22977E+00 2.00016E+01 1.97971E+00
 -1       771-1.20707E+00 2.00028E+01 2.03524E+00
 -1       772-1.17023E+00 1.99984E+01 2.02029E+00
 -1       811 1.20412E+00 2.00004E+01 1.96418E+00
 -1       812 1.16852E+00 1.99998E+01 1.98242E+00
 -1       813 1.19588E+00 1.99996E+01 2.03582E+00
 -1       814 1.23148E+00 2.00002E+01 2.01758E+00
 -1       819 1.19855E+00 1.99659E+01 1.98844E+00
 -1       820 1.19990E+00 1.99975E+01 1.96403E+00
 -1       821 1.20145E+00 2.00341E+01 2.01156E+00
 -1       822 1.20010E+00 2.00025E+01 2.03597E+00
 -1       827 1.16635E+00 1.99871E+01 2.00055E+00
 -1       828 1.19901E+00 1.99640E+01 2.00153E+00
 -1       829 1.23365E+00 2.00129E+01 1.99945E+00
 -1       830 1.20099E+00 2.00360E+01 1.99847E+00
 -1       861-1.19529E+00 2.99997E+01-3.57458E-02
 -1       862-1.23119E+00 3.00001E+01-1.80938E-02
 -1       863-1.20471E+00 3.00003E+01 3.57458E-02
 -1       864-1.16881E+00 2.99999E+01 1.80938E-02
 -1       869-1.20145E+00 2.99659E+01-1.15569E-02
 -1       870-1.20010E+00 2.99975E+01-3.59709E-02
 -1       871-1.19855E+00 3.00341E+01 1.15569E-02
 -1       872-1.19990E+00 3.00025E+01 3.59709E-02
 -1       877-1.23365E+00 2.99871E+01 5.48678E-04
 -1       878-1.20099E+00 2.99640E+01 1.52775E-03
 -1       879-1.16635E+00 3.00129E+01-5.48678E-04
 -1       880-1.19901E+00 3.00360E+01-1.52775E-03
 -1       911 1.20438E+00 2.99998E+01-3.57872E-02
 -1       912 1.16865E+00 2.99996E+01-1.78095E-02
 -1       913 1.19562E+00 3.00002E+01 3.57872E-02
 -1       914 1.23135E+00 3.00004E+01 1.78095E-02
 -1       919 1.20143E+00 2.99662E+01-1.24797E-02
 -1       920 1.20006E+00 2.99985E+01-3.60247E-02
 -1       921 1.19857E+00 3.00338E+01 1.24797E-02
 -1       922 1.19994E+00 3.00015E+01 3.60247E-02
 -1       927 1.16707E+00 2.99853E+01-6.22501E-04
 -1       928 1.20089E+00 2.99640E+01-1.52786E-03
 -1       929 1.23293E+00 3.00147E+01 6.22501E-04
 -1       930 1.19911E+00 3.00360E+01 1.52786E-03
 -1       961-1.19547E+00 3.00002E+01 1.96423E+00
 -1       962-1.23128E+00 3.00004E+01 1.98206E+00
 -1       963-1.20453E+00 2.99998E+01 2.03577E+00
 -1       964-1.16872E+00 2.99996E+01 2.01794E+00
 -1       969-1.19857E+00 2.99662E+01 1.98752E+00
 -1       970-1.19994E+00 2.99985E+01 1.96398E+00
 -1       971-1.20143E+00 3.00338E+01 2.01248E+00
 -1       972-1.20006E+00 3.00015E+01 2.03602E+00
 -1       977-1.23293E+00 2.99853E+01 1.99938E+00
 -1       978-1.19911E+00 2.99640E+01 1.99847E+00
 -1       979-1.16707E+00 3.00147E+01 2.00062E+00
 -1       980-1.20089E+00 3.00360E+01 2.00153E+00
 -1      1011 1.20420E+00 3.00003E+01 1.96419E+00
 -1      1012 1.16856E+00 2.99999E+01 1.98235E+00
 -1      1013 1.19580E+00 2.99997E+01 2.03581E+00
 -1      1014 1.23144E+00 3.00001E+01 2.01765E+00
 -1      1019 1.19855E+00 2.99659E+01 1.98844E+00
 -1      1020 1.19990E+00 2.99975E+01 1.96403E+00
 -1      1021 1.20145E+00 3.00341E+01 2.01156E+00
 -1      1022 1.20010E+00 3.00025E+01 2.03597E+00
 -1      1027 1.16635E+00 2.99871E+01 2.00055E+00
 -1      1028 1.19901E+00 2.99640E+01 2.00153E+00
 -1      1029 1.23365E+00 3.00129E+01 1.99945E+00
 -1      1030 1.20099E+00 3.00360E+01 1.99847E+00
 -1      1061-1.19556E+00 4.00002E+01-3.57801E-02
 -1      1062-1.23132E+00 4.00001E+01-1.78639E-02
 -1      1063-1.20444E+00 3.99998E+01 3.57801E-02
 -1      1064-1.16868E+00 3.99999E+01 1.78639E-02
 -1      1069-1.20145E+00 3.99659E+01-1.15569E-02
 -1      1070-1.20010E+00 3.99975E+01-3.59709E-02
 -1      1071-1.19855E+00 4.00341E+01 1.15569E-02
 -1      1072-1.19990E+00 4.00025E+01 3.59709E-02
 -1      1077-1.23365E+00 3.99871E+01 5.48678E-04
 -1      1078-1.20099E+00 3.99640E+01 1.52775E-03
 -1      1079-1.16635E+00 4.00129E+01-5.48678E-04
 -1      1080-1.19901E+00 4.00360E+01-1.52775E-03
 -1      1111 1.20455E+00 3.99998E+01-3.57665E-02
 -1      1112 1.16874E+00 3.99999E+01-1.79587E-02
 -1      1113 1.19545E+00 4.00002E+01 3.57665E-02
 -1      1114 1.23126E+00 4.00001E+01 1.79587E-02
 -1      1119 1.20143E+00 3.99662E+01-1.24797E-02
 -1      1120 1.20006E+00 3.99985E+01-3.60247E-02
 -1      1121 1.19857E+00 4.00338E+01 1.24797E-02
 -1      1122 1.19994E+00 4.00015E+01 3.60247E-02
 -1      1127 1.16707E+00 3.99853E+01-6.22501E-04
 -1      1128 1.20089E+00 3.99640E+01-1.52786E-03
 -1      1129 1.23293E+00 4.00147E+01 6.22501E-04
 -1      1130 1.19911E+00 4.00360E+01 1.52786E-03
 -1      1161-1.19556E+00 4.00002E+01 1.96422E+00
 -1      1162-1.23132E+00 4.00001E+01 1.98214E+00
 -1      1163-1.20444E+00 3.99998E+01 2.03578E+00
 -1      1164-1.16868E+00 3.99999E+01 2.01786E+00
 -1      1169-1.19857E+00 3.99662E+01 1.98752E+00
 -1      1170-1.19994E+00 3.99985E+01 1.96398E+00
 -1      1171-1.20143E+00 4.00338E+01 2.01248E+00
 -1      1172-1.20006E+00 4.00015E+01 2.03602E+00
 -1      1177-1.23293E+00 3.99853E+01 1.99938E+00
 -1      1178-1.19911E+00 3.99640E+01 1.99847E+00
 -1      1179-1.16707E+00 4.00147E+01 2.00062E+00
 -1      1180-1.20089E+00 4.00360E+01 2.00153E+00
 -1      1211 1.20455E+00 3.99998E+01 1.96423E+00
 -1      1212 1.16874E+00 3.99999E+01 1.98204E+00
 -1      1213 1.19545E+00 4.00002E+01 2.03577E+00
 -1      1214 1.23126E+00 4.00001E+01 2.01796E+00
 -1      1219 1.19855E+00 3.99659E+01 1.98844E+00
 -1      1220 1.19990E+00 3.99975E+01 1.96403E+00
 -1      1221 1.20145E+00 4.00341E+01 2.01156E+00
 -1      1222 1.20010E+00 4.00025E+01 2.03597E+00
 -1      1227 1.16635E+00 3.99871E+01 2.00055E+00
 -1      1228 1.19901E+00 3.99640E+01 2.00153E+00
 -1      1229 1.23365E+00 4.00129E+01 1.99945E+00
 -1      1230 1.20099E+00 4.00360E+01 1.99847E+00
 -1      1261-1.19631E+00 4.99979E+01-3.58056E-02
 -1      1262-1.23159E+00 4.99964E+01-1.70069E-02
 -1      1263-1.20369E+00 5.00021E+01 3.58056E-02
 -1      1264-1.16841E+00 5.00036E+01 1.70069E-02
 -1      1269-1.20145E+00 4.99659E+01-1.15569E-02
 -1      1270-1.20010E+00 4.99975E+01-3.59709E-02
 -1      1271-1.19855E+00 5.00341E+01 1.15569E-02
 -1      1272-1.19990E+00 5.00025E+01 3.59709E-02
 -1      1277-1.23365E+00 4.99871E+01 5.48678E-04
 -1      1278-1.20099E+00 4.99640E+01 1.52775E-03
 -1      1279-1.16635E+00 5.00129E+01-5.48678E-04
 -1      1280-1.19901E+00 5.00360E+01-1.52775E-03
 -1      1311 1.20674E+00 4.99971E+01-3.53033E-02
 -1      1312 1.17000E+00 5.00010E+01-1.99736E-02
 -1      1313 1.19326E+00 5.00029E+01 3.53033E-02
 -1      1314 1.23000E+00 4.99990E+01 1.99736E-02
 -1      1319 1.20143E+00 4.99662E+01-1.24797E-02
 -1      1320 1.20006E+00 4.99985E+01-3.60247E-02
 -1      1321 1.19857E+00 5.00338E+01 1.24797E-02
 -1      1322 1.19994E+00 5.00015E+01 3.60247E-02
 -1      1327 1.16707E+00 4.99853E+01-6.22501E-04
 -1      1328 1.20089E+00 4.99640E+01-1.52786E-03
 -1      1329 1.23293E+00 5.00147E+01 6.22501E-04
 -1      1330 1.19911E+00 5.00360E+01 1.52786E-03
 -1      1361-1.19806E+00 5.00025E+01 1.96409E+00
 -1      1362-1.23238E+00 4.99985E+01 1.98422E+00
 -1      1363-1.20194E+00 4.99975E+01 2.03591E+00
 -1      1364-1.16762E+00 5.00015E+01 2.01578E+00
 -1      1369-1.19857E+00 4.99662E+01 1.98752E+00
 -1      1370-1.19994E+00 4.99985E+01 1.96398E+00
 -1      1371-1.20143E+00 5.00338E+01 2.01248E+00
 -1      1372-1.20006E+00 5.00015E+01 2.03602E+00
 -1      1377-1.23293E+00 4.99853E+01 1.99938E+00
 -1      1378-1.19911E+00 4.99640E+01 1.99847E+00
 -1      1379-1.16707E+00 5.00147E+01 2.00062E+00
 -1      1380-1.20089E+00 5.00360E+01 2.00153E+00
 -1      1411 1.20560E+00 5.00019E+01 1.96443E+00
 -1      1412 1.16938E+00 5.00037E+01 1.98132E+00
 -1      1413 1.19440E+00 4.99981E+01 2.03557E+00
 -1      1414 1.23062E+00 4.99963E+01 2.01868E+00
 -1      1419 1.19855E+00 4.99659E+01 1.98844E+00
 -1      1420 1.19990E+00 4.99975E+01 1.96403E+00
 -1      1421 1.20145E+00 5.00341E+01 2.01156E+00
 -1      1422 1.20010E+00 5.00025E+01 2.03597E+00
 -1      1427 1.16635E+00 4.99871E+01 2.00055E+00
 -1      1428 1.19901E+00 4.99640E+01 2.00153E+00
 -1      1429 1.23365E+00 5.00129E+01 1.99945E+00
 -1      1430 1.20099E+00 5.00360E+01 1.99847E+00
 -1      1461-1.19553E+00 5.00000E+00-1.85778E-01
 -1      1462-1.23131E+00 5.00000E+00-1.67883E-01
 -1      1463-1.20447E+00 5.00000E+00-1.14222E-01
 -1      1464-1.16869E+00 5.00000E+00-1.32117E-01
 -1      1469 1.20447E+00 5.00000E+00 1.14222E-01
 -1      1470 1.16869E+00 5.00000E+00 1.32117E-01
 -1      1471 1.19553E+00 5.00000E+00 1.85778E-01
 -1      1472 1.23131E+00 5.00000E+00 1.67883E-01
 -1      1477-1.19553E+00 5.00000E+00 1.81422E+00
 -1      1478-1.23131E+00 5.00000E+00 1.83212E+00
 -1      1479-1.20447E+00 5.00000E+00 1.88578E+00
 -1      1480-1.16869E+00 5.00000E+00 1.86788E+00
 -1      1485 1.20447E+00 5.00000E+00 2.11422E+00
 -1      1486 1.16869E+00 5.00000E+00 2.13212E+00
 -1      1487 1.19553E+00 5.00000E+00 2.18578E+00
 -1      1488 1.23131E+00 5.00000E+00 2.16788E+00
 -1      1493-1.19522E+00 1.24989E+01-1.41787E-01
 -1      1494-1.23115E+00 1.24995E+01-1.24216E-01
 -1      1495-1.20478E+00 1.25011E+01-7.03450E-02
 -1      1496-1.16885E+00 1.25005E+01-8.79159E-02
 -1      1501-1.19553E+00 1.50000E+01-1.85777E-01
 -1      1502-1.23131E+00 1.50000E+01-1.67887E-01
 -1      1503-1.20447E+00 1.50000E+01-1.14223E-01
 -1      1504-1.16869E+00 1.50000E+01-1.32113E-01
 -1      1509-1.19586E+00 1.75011E+01-1.41867E-01
 -1      1510-1.23147E+00 1.75005E+01-1.23652E-01
 -1      1511-1.20414E+00 1.74989E+01-7.02647E-02
 -1      1512-1.16853E+00 1.74995E+01-8.84797E-02
 -1      1517 1.20414E+00 1.25011E+01 7.02647E-02
 -1      1518 1.16853E+00 1.25005E+01 8.84797E-02
 -1      1519 1.19586E+00 1.24989E+01 1.41867E-01
 -1      1520 1.23147E+00 1.24995E+01 1.23652E-01
 -1      1525 1.20447E+00 1.50000E+01 1.14223E-01
 -1      1526 1.16869E+00 1.50000E+01 1.32113E-01
 -1      1527 1.19553E+00 1.50000E+01 1.85777E-01
 -1      1528 1.23131E+00 1.50000E+01 1.67887E-01
 -1      1533 1.20478E+00 1.74989E+01 7.03450E-02
 -1      1534 1.16885E+00 1.74995E+01 8.79159E-02
 -1      1535 1.19522E+00 1.75011E+01 1.41787E-01
 -1      1536 1.23115E+00 1.75005E+01 1.24216E-01
 -1      1541-1.19522E+00 1.24989E+01 1.85821E+00
 -1      1542-1.23115E+00 1.24995E+01 1.87578E+00
 -1      1543-1.20478E+00 1.25011E+01 1.92966E+00
 -1      1544-1.16885E+00 1.25005E+01 1.91208E+00
 -1      1549-1.19553E+00 1.50000E+01 1.81422E+00
 -1      1550-1.23131E+00 1.50000E+01 1.83211E+00
 -1      1551-1.20447E+00 1.50000E+01 1.88578E+00
 -1      1552-1.16869E+00 1.50000E+01 1.86789E+00
 -1      1557-1.19586E+00 1.75011E+01 1.85813E+00
 -1      1558-1.23147E+00 1.75005E+01 1.87635E+00
 -1      1559-1.20414E+00 1.74989E+01 1.92974E+00
 -1      1560-1.16853E+00 1.74995E+01 1.91152E+00
 -1      1565 1.20414E+00 1.25011E+01 2.07026E+00
 -1      1566 1.16853E+00 1.25005E+01 2.08848E+00
 -1      1567 1.19586E+00 1.24989E+01 2.14187E+00
 -1      1568 1.23147E+00 1.24995E+01 2.12365E+00
 -1      1573 1.20447E+00 1.50000E+01 2.11422E+00
 -1      1574 1.16869E+00 1.50000E+01 2.13211E+00
 -1      1575 1.19553E+00 1.50000E+01 2.18578E+00
 -1      1576 1.23131E+00 1.50000E+01 2.16789E+00
 -1      1581 1.20478E+00 1.74989E+01 2.07034E+00
 -1      1582 1.16885E+00 1.74995E+01 2.08792E+00
 -1      1583 1.19522E+00 1.75011E+01 2.14179E+00
 -1      1584 1.23115E+00 1.75005E+01 2.12422E+00
 -1      1589-1.19553E+00 2.50000E+01-1.85778E-01
 -1      1590-1.23131E+00 2.50000E+01-1.67883E-01
 -1      1591-1.20447E+00 2.50000E+01-1.14222E-01
 -1      1592-1.16869E+00 2.50000E+01-1.32117E-01
 -1      1597 1.20447E+00 2.50000E+01 1.14222E-01
 -1      1598 1.16869E+00 2.50000E+01 1.32117E-01
 -1      1599 1.19553E+00 2.50000E+01 1.85778E-01
 -1      1600 1.23131E+00 2.50000E+01 1.67883E-01
 -1      1605-1.19553E+00 2.50000E+01 1.81422E+00
 -1      1606-1.23131E+00 2.50000E+01 1.83212E+00
 -1      1607-1.20447E+00 2.50000E+01 1.88578E+00
 -1      1608-1.16869E+00 2.50000E+01 1.86788E+00
 -1      1613 1.20447E+00 2.50000E+01 2.11422E+00
 -1      1614 1.16869E+00 2.50000E+01 2.13212E+00
 -1      1615 1.19553E+00 2.50000E+01 2.18578E+00
 -1      1616 1.23131E+00 2.50000E+01 2.16788E+00
 -1      1621-1.19553E+00 3.50000E+01-1.85778E-01
 -1      1622-1.23131E+00 3.50000E+01-1.67883E-01
 -1      1623-1.20447E+00 3.50000E+01-1.14222E-01
 -1      1624-1.16869E+00 3.50000E+01-1.32117E-01
 -1      1629 1.20447E+00 3.50000E+01 1.14222E-01
 -1      1630 1.16869E+00 3.50000E+01 1.32117E-01
 -1      1631 1.19553E+00 3.50000E+01 1.85778E-01
 -1      1632 1.23131E+00 3.50000E+01 1.67883E-01
 -1      1637-1.19553E+00 3.50000E+01 1.81422E+00
 -1      1638-1.23131E+00 3.50000E+01 1.83212E+00
 -1      1639-1.20447E+00 3.50000E+01 1.88578E+00
 -1      1640-1.16869E+00 3.50000E+01 1.86788E+00
 -1      1645 1.20447E+00 3.50000E+01 2.11422E+00
 -1      1646 1.16869E+00 3.50000E+01 2.13212E+00
 -1      1647 1.19553E+00 3.50000E+01 2.18578E+00
 -1      1648 1.23131E+00 3.50000E+01 2.16788E+00
 -1      1653-6.01023E-01-5.95507E-02-1.16832E-02
 -1      1654-6.00070E-01-2.77896E-02-3.59798E-02
 -1      1655-5.98977E-01 8.63897E-03 1.16832E-02
 -1      1656-5.99930E-01-2.31221E-02 3.59798E-02
 -1      1661 0.00000E+00-6.99997E-02-1.20008E-02
 -1      1662 0.00000E+00-3.79991E-02-3.60000E-02
 -1      1663 0.00000E+00-2.00028E-03 1.20008E-02
 -1      1664 0.00000E+00-3.40009E-02 3.60000E-02
 -1      1669 6.01016E-01-5.93202E-02-1.23359E-02
 -1      1670 6.00049E-01-2.70988E-02-3.60180E-02
 -1      1671 5.98984E-01 8.40852E-03 1.23359E-02
 -1      1672 5.99951E-01-2.38129E-02 3.60180E-02
 -1      1677-5.98984E-01-8.40852E-03 1.98766E+00
 -1      1678-5.99951E-01 2.38129E-02 1.96398E+00
 -1      1679-6.01016E-01 5.93202E-02 2.01234E+00
 -1      1680-6.00049E-01 2.70988E-02 2.03602E+00
 -1      1685 0.00000E+00 2.00028E-03 1.98800E+00
 -1      1686 0.00000E+00 3.40009E-02 1.96400E+00
 -1      1687 0.00000E+00 6.99997E-02 2.01200E+00
 -1      1688 0.00000E+00 3.79991E-02 2.03600E+00
 -1      1693 5.98977E-01-8.63897E-03 1.98832E+00
 -1      1694 5.99930E-01 2.31221E-02 1.96402E+00
 -1      1695 6.01023E-01 5.95507E-02 2.01168E+00
 -1      1696 6.00070E-01 2.77896E-02 2.03598E+00
 -1      1701-1.23354E+00 7.99623E-03 5.00396E-01
 -1      1702-1.20070E+00-1.48194E-02 5.01081E-01
 -1      1703-1.16646E+00 3.44302E-02 4.99604E-01
 -1      1704-1.19930E+00 5.72458E-02 4.98919E-01
 -1      1709-1.23328E+00 1.61383E-02 1.00000E+00
 -1      1710-1.20001E+00-6.05551E-03 1.00000E+00
 -1      1711-1.16672E+00 4.38617E-02 1.00000E+00
 -1      1712-1.19999E+00 6.60555E-02 1.00000E+00
 -1      1717-1.23303E+00 6.76606E-03 1.49957E+00
 -1      1718-1.19936E+00-1.48205E-02 1.49892E+00
 -1      1719-1.16697E+00 3.56603E-02 1.50043E+00
 -1      1720-1.20064E+00 5.72469E-02 1.50108E+00
 -1      1725 1.16697E+00-3.56603E-02 4.99567E-01
 -1      1726 1.20064E+00-5.72469E-02 4.98919E-01
 -1      1727 1.23303E+00-6.76606E-03 5.00433E-01
 -1      1728 1.19936E+00 1.48205E-02 5.01081E-01
 -1      1733 1.16672E+00-4.38617E-02 1.00000E+00
 -1      1734 1.19999E+00-6.60555E-02 1.00000E+00
 -1      1735 1.23328E+00-1.61383E-02 1.00000E+00
 -1      1736 1.20001E+00 6.05551E-03 1.00000E+00
 -1      1741 1.16646E+00-3.44302E-02 1.50040E+00
 -1      1742 1.19930E+00-5.72458E-02 1.50108E+00
 -1      1743 1.23354E+00-7.99623E-03 1.49960E+00
 -1      1744 1.20070E+00 1.48194E-02 1.49892E+00
 -1      1749-6.01023E-01 1.99404E+01-1.16832E-02
 -1      1750-6.00070E-01 1.99722E+01-3.59798E-02
 -1      1751-5.98977E-01 2.00086E+01 1.16832E-02
 -1      1752-5.99930E-01 1.99769E+01 3.59798E-02
 -1      1757 0.00000E+00 1.99300E+01-1.20008E-02
 -1      1758 0.00000E+00 1.99620E+01-3.60000E-02
 -1      1759 0.00000E+00 1.99980E+01 1.20008E-02
 -1      1760 0.00000E+00 1.99660E+01 3.60000E-02
 -1      1765 6.01016E-01 1.99407E+01-1.23359E-02
 -1      1766 6.00049E-01 1.99729E+01-3.60180E-02
 -1      1767 5.98984E-01 2.00084E+01 1.23359E-02
 -1      1768 5.99951E-01 1.99762E+01 3.60180E-02
 -1      1773-5.98984E-01 1.99916E+01 1.98766E+00
 -1      1774-5.99951E-01 2.00238E+01 1.96398E+00
 -1      1775-6.01016E-01 2.00593E+01 2.01234E+00
 -1      1776-6.00049E-01 2.00271E+01 2.03602E+00
 -1      1781 0.00000E+00 2.00020E+01 1.98800E+00
 -1      1782 0.00000E+00 2.00340E+01 1.96400E+00
 -1      1783 0.00000E+00 2.00700E+01 2.01200E+00
 -1      1784 0.00000E+00 2.00380E+01 2.03600E+00
 -1      1789 5.98977E-01 1.99914E+01 1.98832E+00
 -1      1790 5.99930E-01 2.00231E+01 1.96402E+00
 -1      1791 6.01023E-01 2.00596E+01 2.01168E+00
 -1      1792 6.00070E-01 2.00278E+01 2.03598E+00
 -1      1797-1.23354E+00 2.00080E+01 5.00396E-01
 -1      1798-1.20070E+00 1.99852E+01 5.01081E-01
 -1      1799-1.16646E+00 2.00344E+01 4.99604E-01
 -1      1800-1.19930E+00 2.00572E+01 4.98919E-01
 -1      1805-1.23328E+00 2.00161E+01 1.00000E+00
 -1      1806-1.20001E+00 1.99939E+01 1.00000E+00
 -1      1807-1.16672E+00 2.00439E+01 1.00000E+00
 -1      1808-1.19999E+00 2.00661E+01 1.00000E+00
 -1      1813-1.23303E+00 2.00068E+01 1.49957E+00
 -1      1814-1.19936E+00 1.99852E+01 1.49892E+00
 -1      1815-1.16697E+00 2.00357E+01 1.50043E+00
 -1      1816-1.20064E+00 2.00572E+01 1.50108E+00
 -1      1821 1.16697E+00 1.99643E+01 4.99567E-01
 -1      1822 1.20064E+00 1.99428E+01 4.98919E-01
 -1      1823 1.23303E+00 1.99932E+01 5.00433E-01
 -1      1824 1.19936E+00 2.00148E+01 5.01081E-01
 -1      1829 1.16672E+00 1.99561E+01 1.00000E+00
 -1      1830 1.19999E+00 1.99339E+01 1.00000E+00
 -1      1831 1.23328E+00 1.99839E+01 1.00000E+00
 -1      1832 1.20001E+00 2.00061E+01 1.00000E+00
 -1      1837 1.16646E+00 1.99656E+01 1.50040E+00
 -1      1838 1.19930E+00 1.99428E+01 1.50108E+00
 -1      1839 1.23354E+00 1.99920E+01 1.49960E+00
 -1      1840 1.20070E+00 2.00148E+01 1.49892E+00
 -1      1845-6.01023E-01 2.99404E+01-1.16832E-02
 -1      1846-6.00070E-01 2.99722E+01-3.59798E-02
 -1      1847-5.98977E-01 3.00086E+01 1.16832E-02
 -1      1848-5.99930E-01 2.99769E+01 3.59798E-02
 -1      1853 0.00000E+00 2.99300E+01-1.20008E-02
 -1      1854 0.00000E+00 2.99620E+01-3.60000E-02
 -1      1855 0.00000E+00 2.99980E+01 1.20008E-02
 -1      1856 0.00000E+00 2.99660E+01 3.60000E-02
 -1      1861 6.01016E-01 2.99407E+01-1.23359E-02
 -1      1862 6.00049E-01 2.99729E+01-3.60180E-02
 -1      1863 5.98984E-01 3.00084E+01 1.23359E-02
 -1      1864 5.99951E-01 2.99762E+01 3.60180E-02
 -1      1869-5.98984E-01 2.99916E+01 1.98766E+00
 -1      1870-5.99951E-01 3.00238E+01 1.96398E+00
 -1      1871-6.01016E-01 3.00593E+01 2.01234E+00
 -1      1872-6.00049E-01 3.00271E+01 2.03602E+00
 -1      1877 0.00000E+00 3.00020E+01 1.98800E+00
 -1      1878 0.00000E+00 3.00340E+01 1.96400E+00
 -1      1879 0.00000E+00 3.00700E+01 2.01200E+00
 -1      1880 0.00000E+00 3.00380E+01 2.03600E+00
 -1      1885 5.98977E-01 2.99914E+01 1.98832E+00
 -1      1886 5.99930E-01 3.00231E+01 1.96402E+00
 -1      1887 6.01023E-01 3.00596E+01 2.01168E+00
 -1      1888 6.00070E-01 3.00278E+01 2.03598E+00
 -1      1893-1.23354E+00 3.00080E+01 5.00396E-01
 -1      1894-1.20070E+00 2.99852E+01 5.01081E-01
 -1      1895-1.16646E+00 3.00344E+01 4.99604E-01
 -1      1896-1.19930E+00 3.00572E+01 4.98919E-01
 -1      1901-1.23328E+00 3.00161E+01 1.00000E+00
 -1      1902-1.20001E+00 2.99939E+01 1.00000E+00
 -1      1903-1.16672E+00 3.00439E+01 1.00000E+00
 -1      1904-1.19999E+00 3.00661E+01 1.00000E+00
 -1      1909-1.23303E+00 3.00068E+01 1.49957E+00
 -1      1910-1.19936E+00 2.99852E+01 1.49892E+00
 -1      1911-1.16697E+00 3.00357E+01 1.50043E+00
 -1      1912-1.20064E+00 3.00572E+01 1.50108E+00
 -1      1917 1.16697E+00 2.99643E+01 4.99567E-01
 -1      1918 1.20064E+00 2.99428E+01 4.98919E-01
 -1      1919 1.23303E+00 2.99932E+01 5.00433E-01
 -1      1920 1.19936E+00 3.00148E+01 5.01081E-01
 -1      1925 1.16672E+00 2.99561E+01 1.00000E+00
 -1      1926 1.19999E+00 2.99339E+01 1.00000E+00
 -1      1927 1.23328E+00 2.99839E+01 1.00000E+00
 -1      1928 1.20001E+00 3.00061E+01 1.00000E+00
 -1      1933 1.16646E+00 2.99656E+01 1.50040E+00
 -1      1934 1.19930E+00 2.99428E+01 1.50108E+00
 -1      1935 1.23354E+00 2.99920E+01 1.49960E+00
 -1      1936 1.20070E+00 3.00148E+01 1.49892E+00
 -1      1941-6.01023E-01 3.99404E+01-1.16832E-02
 -1      1942-6.00070E-01 3.99722E+01-3.59798E-02
 -1      1943-5.98977E-01 4.00086E+01 1.16832E-02
 -1      1944-5.99930E-01 3.99769E+01 3.59798E-02
 -1      1949 0.00000E+00 3.99300E+01-1.20008E-02
 -1      1950 0.00000E+00 3.99620E+01-3.60000E-02
 -1      1951 0.00000E+00 3.99980E+01 1.20008E-02
 -1      1952 0.00000E+00 3.99660E+01 3.60000E-02
 -1      1957 6.01016E-01 3.99407E+01-1.23359E-02
 -1      1958 6.00049E-01 3.99729E+01-3.60180E-02
 -1      1959 5.98984E-01 4.00084E+01 1.23359E-02
 -1      1960 5.99951E-01 3.99762E+01 3.60180E-02
 -1      1965-5.98984E-01 3.99916E+01 1.98766E+00
 -1      1966-5.99951E-01 4.00238E+01 1.96398E+00
 -1      1967-6.01016E-01 4.00593E+01 2.01234E+00
 -1      1968-6.00049E-01 4.00271E+01 2.03602E+00
 -1      1973 0.00000E+00 4.00020E+01 1.98800E+00
 -1      1974 0.00000E+00 4.00340E+01 1.96400E+00
 -1      1975 0.00000E+00 4.00700E+01 2.01200E+00
 -1      1976 0.00000E+00 4.00380E+01 2.03600E+00
 -1      1981 5.98977E-01 3.99914E+01 1.98832E+00
 -1      1982 5.99930E-01 4.00231E+01 1.96402E+00
 -1      1983 6.01023E-01 4.00596E+01 2.01168E+00
 -1      1984 6.00070E-01 4.00278E+01 2.03598E+00
 -1      1989-1.23354E+00 4.00080E+01 5.00396E-01
 -1      1990-1.20070E+00 3.99852E+01 5.01081E-01
 -1      1991-1.16646E+00 4.00344E+01 4.99604E-01
 -1      1992-1.19930E+00 4.00572E+01 4.98919E-01
 -1      1997-1.23328E+00 4.00161E+01 1.00000E+00
 -1      1998-1.20001E+00 3.99939E+01 1.00000E+00
 -1      1999-1.16672E+00 4.00439E+01 1.00000E+00
 -1      2000-1.19999E+00 4.00661E+01 1.00000E+00
 -1      2005-1.23303E+00 4.00068E+01 1.49957E+00
 -1      2006-1.19936E+00 3.99852E+01 1.49892E+00
 -1      2007-1.16697E+00 4.00357E+01 1.50043E+00
 -1      2008-1.20064E+00 4.00572E+01 1.50108E+00
 -1      2013 1.16697E+00 3.99643E+01 4.99567E-01
 -1      2014 1.20064E+00 3.99428E+01 4.98919E-01
 -1      2015 1.23303E+00 3.99932E+01 5.00433E-01
 -1      2016 1.19936E+00 4.00148E+01 5.01081E-01
 -1      2021 1.16672E+00 3.99561E+01 1.00000E+00
 -1      2022 1.19999E+00 3.99339E+01 1.00000E+00
 -1      2023 1.23328E+00 3.99839E+01 1.00000E+00
 -1      2024 1.20001E+00 4.00061E+01 1.00000E+00
 -1      2029 1.16646E+00 3.99656E+01 1.50040E+00
 -1      2030 1.19930E+00 3.99428E+01 1.50108E+00
 -1      2031 1.23354E+00 3.99920E+01 1.49960E+00
 -1      2032 1.20070E+00 4.00148E+01 1.49892E+00
 -1      2037-6.01023E-01 4.99404E+01-1.16832E-02
 -1      2038-6.00070E-01 4.99722E+01-3.59798E-02
 -1      2039-5.98977E-01 5.00086E+01 1.16832E-02
 -1      2040-5.99930E-01 4.99769E+01 3.59798E-02
 -1      2045 0.00000E+00 4.99300E+01-1.20008E-02
 -1      2046 0.00000E+00 4.99620E+01-3.60000E-02
 -1      2047 0.00000E+00 4.99980E+01 1.20008E-02
 -1      2048 0.00000E+00 4.99660E+01 3.60000E-02
 -1      2053 6.01016E-01 4.99407E+01-1.23359E-02
 -1      2054 6.00049E-01 4.99729E+01-3.60180E-02
 -1      2055 5.98984E-01 5.00084E+01 1.23359E-02
 -1      2056 5.99951E-01 4.99762E+01 3.60180E-02
 -1      2061-5.98984E-01 4.99916E+01 1.98766E+00
 -1      2062-5.99951E-01 5.00238E+01 1.96398E+00
 -1      2063-6.01016E-01 5.00593E+01 2.01234E+00
 -1      2064-6.00049E-01 5.00271E+01 2.03602E+00
 -1      2069 0.00000E+00 5.00020E+01 1.98800E+00
 -1      2070 0.00000E+00 5.00340E+01 1.96400E+00
 -1      2071 0.00000E+00 5.00700E+01 2.01200E+00
 -1      2072 0.00000E+00 5.00380E+01 2.03600E+00
 -1      2077 5.98977E-01 4.99914E+01 1.98832E+00
 -1      2078 5.99930E-01 5.00231E+01 1.96402E+00
 -1      2079 6.01023E-01 5.00596E+01 2.01168E+00
 -1      2080 6.00070E-01 5.00278E+01 2.03598E+00
 -1      2085-1.23354E+00 5.00080E+01 5.00396E-01
 -1      2086-1.20070E+00 4.99852E+01 5.01081E-01
 -1      2087-1.16646E+00 5.00344E+01 4.99604E-01
 -1      2088-1.19930E+00 5.00572E+01 4.98919E-01
 -1      2093-1.23328E+00 5.00161E+01 1.00000E+00
 -1      2094-1.20001E+00 4.99939E+01 1.00000E+00
 -1      2095-1.16672E+00 5.00439E+01 1.00000E+00
 -1      2096-1.19999E+00 5.00661E+01 1.00000E+00
 -1      2101-1.23303E+00 5.00068E+01 1.49957E+00
 -1      2102-1.19936E+00 4.99852E+01 1.49892E+00
 -1      2103-1.16697E+00 5.00357E+01 1.50043E+00
 -1      2104-1.20064E+00 5.00572E+01 1.50108E+00
 -1      2109 1.16697E+00 4.99643E+01 4.99567E-01
 -1      2110 1.20064E+00 4.99428E+01 4.98919E-01
 -1      2111 1.23303E+00 4.99932E+01 5.00433E-01
 -1      2112 1.19936E+00 5.00148E+01 5.01081E-01
 -1      2117 1.16672E+00 4.99561E+01 1.00000E+00
 -1      2118 1.19999E+00 4.99339E+01 1.00000E+00
 -1      2119 1.23328E+00 4.99839E+01 1.00000E+00
 -1      2120 1.20001E+00 5.00061E+01 1.00000E+00
 -1      2125 1.16646E+00 4.99656E+01 1.50040E+00
 -1      2126 1.19930E+00 4.99428E+01 1.50108E+00
 -1      2127 1.23354E+00 4.99920E+01 1.49960E+00
 -1      2128 1.20070E+00 5.00148E+01 1.49892E+00
 -1      2133-1.19757E+00 1.26703E+00 1.57055E-01
 -1      2134-1.23227E+00 1.26396E+00 1.76710E-01
 -1      2135-1.20243E+00 1.25593E+00 2.28140E-01
 -1      2136-1.16773E+00 1.25900E+00 2.08485E-01
 -1      2141-1.19773E+00 2.52712E+00 3.58438E-01
 -1      2142-1.23234E+00 2.52383E+00 3.78214E-01
 -1      2143-1.20227E+00 2.51531E+00 4.29430E-01
 -1      2144-1.16766E+00 2.51860E+00 4.09654E-01
 -1      2149-1.19798E+00 3.78416E+00 5.76000E-01
 -1      2150-1.23245E+00 3.78053E+00 5.95959E-01
 -1      2151-1.20202E+00 3.77128E+00 6.46836E-01
 -1      2152-1.16755E+00 3.77491E+00 6.26877E-01
 -1      2157-1.19828E+00 5.03706E+00 8.14685E-01
 -1      2158-1.23258E+00 5.03303E+00 8.34863E-01
 -1      2159-1.20172E+00 5.02294E+00 8.85315E-01
 -1      2160-1.16742E+00 5.02697E+00 8.65137E-01
 -1      2165-1.19860E+00 6.28540E+00 1.07622E+00
 -1      2166-1.23272E+00 6.28095E+00 1.09662E+00
 -1      2167-1.20140E+00 6.27003E+00 1.14662E+00
 -1      2168-1.16728E+00 6.27449E+00 1.12622E+00
 -1      2173-1.19888E+00 7.52942E+00 1.35884E+00
 -1      2174-1.23284E+00 7.52461E+00 1.37943E+00
 -1      2175-1.20112E+00 7.51300E+00 1.42902E+00
 -1      2176-1.16716E+00 7.51782E+00 1.40843E+00
 -1      2181-1.19908E+00 8.77004E+00 1.65759E+00
 -1      2182-1.23292E+00 8.76498E+00 1.67830E+00
 -1      2183-1.20092E+00 8.75292E+00 1.72761E+00
 -1      2184-1.16708E+00 8.75799E+00 1.70689E+00
 -1      2189-1.19416E+00 1.25599E+00 1.77225E+00
 -1      2190-1.23060E+00 1.25854E+00 1.78856E+00
 -1      2191-1.20584E+00 1.26697E+00 1.84256E+00
 -1      2192-1.16940E+00 1.26443E+00 1.82625E+00
 -1      2197-1.19409E+00 2.51537E+00 1.57098E+00
 -1      2198-1.23056E+00 2.51807E+00 1.58719E+00
 -1      2199-1.20591E+00 2.52705E+00 1.64115E+00
 -1      2200-1.16944E+00 2.52435E+00 1.62494E+00
 -1      2205-1.19399E+00 3.77136E+00 1.35360E+00
 -1      2206-1.23051E+00 3.77428E+00 1.36967E+00
 -1      2207-1.20601E+00 3.78408E+00 1.42356E+00
 -1      2208-1.16949E+00 3.78115E+00 1.40749E+00
 -1      2213-1.19388E+00 5.02303E+00 1.11516E+00
 -1      2214-1.23044E+00 5.02621E+00 1.13106E+00
 -1      2215-1.20612E+00 5.03697E+00 1.18484E+00
 -1      2216-1.16956E+00 5.03379E+00 1.16894E+00
 -1      2221-1.19377E+00 6.27014E+00 8.53886E-01
 -1      2222-1.23038E+00 6.27358E+00 8.69618E-01
 -1      2223-1.20623E+00 6.28529E+00 9.23278E-01
 -1      2224-1.16962E+00 6.28186E+00 9.07546E-01
 -1      2229-1.19368E+00 7.51313E+00 5.71502E-01
 -1      2230-1.23034E+00 7.51677E+00 5.87093E-01
 -1      2231-1.20632E+00 7.52930E+00 6.40630E-01
 -1      2232-1.16966E+00 7.52565E+00 6.25039E-01
 -1      2237-1.19363E+00 8.75305E+00 2.72930E-01
 -1      2238-1.23031E+00 8.75684E+00 2.88429E-01
 -1      2239-1.20637E+00 8.76991E+00 3.41875E-01
 -1      2240-1.16969E+00 8.76612E+00 3.26376E-01
 -1      2245 1.20243E+00 1.26703E+00 1.57055E-01
 -1      2246 1.16773E+00 1.26396E+00 1.76710E-01
 -1      2247 1.19757E+00 1.25593E+00 2.28140E-01
 -1      2248 1.23227E+00 1.25900E+00 2.08485E-01
 -1      2253 1.20227E+00 2.52712E+00 3.58438E-01
 -1      2254 1.16766E+00 2.52383E+00 3.78214E-01
 -1      2255 1.19773E+00 2.51531E+00 4.29430E-01
 -1      2256 1.23234E+00 2.51860E+00 4.09654E-01
 -1      2261 1.20202E+00 3.78416E+00 5.76000E-01
 -1      2262 1.16755E+00 3.78053E+00 5.95959E-01
 -1      2263 1.19798E+00 3.77128E+00 6.46836E-01
 -1      2264 1.23245E+00 3.77491E+00 6.26877E-01
 -1      2269 1.20172E+00 5.03706E+00 8.14685E-01
 -1      2270 1.16742E+00 5.03303E+00 8.34863E-01
 -1      2271 1.19828E+00 5.02294E+00 8.85315E-01
 -1      2272 1.23258E+00 5.02697E+00 8.65137E-01
 -1      2277 1.20140E+00 6.28540E+00 1.07622E+00
 -1      2278 1.16728E+00 6.28095E+00 1.09662E+00
 -1      2279 1.19860E+00 6.27003E+00 1.14662E+00
 -1      2280 1.23272E+00 6.27449E+00 1.12622E+00
 -1      2285 1.20112E+00 7.52942E+00 1.35884E+00
 -1      2286 1.16716E+00 7.52461E+00 1.37943E+00
 -1      2287 1.19888E+00 7.51300E+00 1.42902E+00
 -1      2288 1.23284E+00 7.51782E+00 1.40843E+00
 -1      2293 1.20092E+00 8.77004E+00 1.65759E+00
 -1      2294 1.16708E+00 8.76498E+00 1.67830E+00
 -1      2295 1.19908E+00 8.75292E+00 1.72761E+00
 -1      2296 1.23292E+00 8.75799E+00 1.70689E+00
 -1      2301 1.20584E+00 1.25599E+00 1.77225E+00
 -1      2302 1.16940E+00 1.25854E+00 1.78856E+00
 -1      2303 1.19416E+00 1.26697E+00 1.84256E+00
 -1      2304 1.23060E+00 1.26443E+00 1.82625E+00
 -1      2309 1.20591E+00 2.51537E+00 1.57098E+00
 -1      2310 1.16944E+00 2.51807E+00 1.58719E+00
 -1      2311 1.19409E+00 2.52705E+00 1.64115E+00
 -1      2312 1.23056E+00 2.52435E+00 1.62494E+00
 -1      2317 1.20601E+00 3.77136E+00 1.35360E+00
 -1      2318 1.16949E+00 3.77428E+00 1.36967E+00
 -1      2319 1.19399E+00 3.78408E+00 1.42356E+00
 -1      2320 1.23051E+00 3.78115E+00 1.40749E+00
 -1      2325 1.20612E+00 5.02303E+00 1.11516E+00
 -1      2326 1.16956E+00 5.02621E+00 1.13106E+00
 -1      2327 1.19388E+00 5.03697E+00 1.18484E+00
 -1      2328 1.23044E+00 5.03379E+00 1.16894E+00
 -1      2333 1.20623E+00 6.27014E+00 8.53886E-01
 -1      2334 1.16962E+00 6.27358E+00 8.69618E-01
 -1      2335 1.19377E+00 6.28529E+00 9.23278E-01
 -1      2336 1.23038E+00 6.28186E+00 9.07546E-01
 -1      2341 1.20632E+00 7.51313E+00 5.71502E-01
 -1      2342 1.16966E+00 7.51677E+00 5.87093E-01
 -1      2343 1.19368E+00 7.52930E+00 6.40630E-01
 -1      2344 1.23034E+00 7.52565E+00 6.25039E-01
 -1      2349 1.20637E+00 8.75305E+00 2.72930E-01
 -1      2350 1.16969E+00 8.75684E+00 2.88429E-01
 -1      2351 1.19363E+00 8.76991E+00 3.41875E-01
 -1      2352 1.23031E+00 8.76612E+00 3.26376E-01
 -1      2357-8.31704E-01 1.23312E+00-3.42295E-02
 -1      2358-8.68791E-01 1.24370E+00-2.36225E-02
 -1      2359-8.53491E-01 1.23933E+00 3.42295E-02
 -1      2360-8.16404E-01 1.22875E+00 2.36225E-02
 -1      2365-4.83271E-01 2.47162E+00-3.43179E-02
 -1      2366-5.20380E-01 2.48181E+00-2.34066E-02
 -1      2367-5.04597E-01 2.47747E+00 3.43179E-02
 -1      2368-4.67488E-01 2.46728E+00 2.34066E-02
 -1      2373-1.51102E-01 3.71407E+00-3.44451E-02
 -1      2374-1.88233E-01 3.72368E+00-2.30837E-02
 -1      2375-1.71734E-01 3.71941E+00 3.44451E-02
 -1      2376-1.34603E-01 3.70980E+00 2.30837E-02
 -1      2381 1.59903E-01 4.96162E+00-3.45874E-02
 -1      2382 1.22764E-01 4.97054E+00-2.27035E-02
 -1      2383 1.40097E-01 4.96638E+00 3.45874E-02
 -1      2384 1.77236E-01 4.95746E+00 2.27035E-02
 -1      2389 4.48070E-01 6.21464E+00-3.47212E-02
 -1      2390 4.10939E-01 6.22286E+00-2.23246E-02
 -1      2391 4.29094E-01 6.21884E+00 3.47212E-02
 -1      2392 4.66225E-01 6.21062E+00 2.23246E-02
 -1      2397 7.15201E-01 7.47266E+00-3.48283E-02
 -1      2398 6.78091E-01 7.48030E+00-2.20050E-02
 -1      2399 6.96931E-01 7.47643E+00 3.48283E-02
 -1      2400 7.34041E-01 7.46878E+00 2.20050E-02
 -1      2405 9.66302E-01 8.73448E+00-3.48965E-02
 -1      2406 9.29212E-01 8.74174E+00-2.17923E-02
 -1      2407 9.48503E-01 8.73796E+00 3.48965E-02
 -1      2408 9.85593E-01 8.73071E+00 2.17923E-02
 -1      2413 8.42124E-01 1.23609E+00-3.60521E-02
 -1      2414 8.10413E-01 1.22704E+00-1.34113E-02
 -1      2415 8.43071E-01 1.23636E+00 3.60521E-02
 -1      2416 8.74781E-01 1.24541E+00 1.34113E-02
 -1      2421 4.93597E-01 2.47445E+00-3.60538E-02
 -1      2422 4.61712E-01 2.46570E+00-1.35445E-02
 -1      2423 4.94271E-01 2.47464E+00 3.60538E-02
 -1      2424 5.26156E-01 2.48339E+00 1.35445E-02
 -1      2429 1.61293E-01 3.71671E+00-3.60553E-02
 -1      2430 1.29148E-01 3.70839E+00-1.37478E-02
 -1      2431 1.61544E-01 3.71677E+00 3.60553E-02
 -1      2432 1.93688E-01 3.72509E+00 1.37478E-02
 -1      2437-1.49867E-01 4.96403E+00-3.60553E-02
 -1      2438-1.82312E-01 4.95625E+00-1.39935E-02
 -1      2439-1.50133E-01 4.96397E+00 3.60553E-02
 -1      2440-1.17688E-01 4.97176E+00 1.39935E-02
 -1      2445-4.38181E-01 6.21683E+00-3.60532E-02
 -1      2446-4.70920E-01 6.20958E+00-1.42455E-02
 -1      2447-4.38983E-01 6.21665E+00 3.60532E-02
 -1      2448-4.06244E-01 6.22390E+00 1.42455E-02
 -1      2453-7.05431E-01 7.47468E+00-3.60497E-02
 -1      2454-7.38414E-01 7.46788E+00-1.44640E-02
 -1      2455-7.06701E-01 7.47441E+00 3.60497E-02
 -1      2456-6.73718E-01 7.48121E+00 1.44640E-02
 -1      2461-9.56607E-01 8.73638E+00-3.60464E-02
 -1      2462-9.89751E-01 8.72990E+00-1.46123E-02
 -1      2463-9.58198E-01 8.73607E+00 3.60464E-02
 -1      2464-9.25054E-01 8.74255E+00 1.46123E-02
 -1      2469-8.31704E-01 1.23312E+00 1.96577E+00
 -1      2470-8.68791E-01 1.24370E+00 1.97638E+00
 -1      2471-8.53491E-01 1.23933E+00 2.03423E+00
 -1      2472-8.16404E-01 1.22875E+00 2.02362E+00
 -1      2477-4.83271E-01 2.47162E+00 1.96568E+00
 -1      2478-5.20380E-01 2.48181E+00 1.97659E+00
 -1      2479-5.04597E-01 2.47747E+00 2.03432E+00
 -1      2480-4.67488E-01 2.46728E+00 2.02341E+00
 -1      2485-1.51102E-01 3.71407E+00 1.96555E+00
 -1      2486-1.88233E-01 3.72368E+00 1.97692E+00
 -1      2487-1.71734E-01 3.71941E+00 2.03445E+00
 -1      2488-1.34603E-01 3.70980E+00 2.02308E+00
 -1      2493 1.59903E-01 4.96162E+00 1.96541E+00
 -1      2494 1.22764E-01 4.97054E+00 1.97730E+00
 -1      2495 1.40097E-01 4.96638E+00 2.03459E+00
 -1      2496 1.77236E-01 4.95746E+00 2.02270E+00
 -1      2501 4.48070E-01 6.21464E+00 1.96528E+00
 -1      2502 4.10939E-01 6.22286E+00 1.97768E+00
 -1      2503 4.29094E-01 6.21884E+00 2.03472E+00
 -1      2504 4.66225E-01 6.21062E+00 2.02232E+00
 -1      2509 7.15201E-01 7.47266E+00 1.96517E+00
 -1      2510 6.78091E-01 7.48030E+00 1.97800E+00
 -1      2511 6.96931E-01 7.47643E+00 2.03483E+00
 -1      2512 7.34041E-01 7.46878E+00 2.02200E+00
 -1      2517 9.66302E-01 8.73448E+00 1.96510E+00
 -1      2518 9.29212E-01 8.74174E+00 1.97821E+00
 -1      2519 9.48503E-01 8.73796E+00 2.03490E+00
 -1      2520 9.85593E-01 8.73071E+00 2.02179E+00
 -1      2525 8.42124E-01 1.23609E+00 1.96395E+00
 -1      2526 8.10413E-01 1.22704E+00 1.98659E+00
 -1      2527 8.43071E-01 1.23636E+00 2.03605E+00
 -1      2528 8.74781E-01 1.24541E+00 2.01341E+00
 -1      2533 4.93597E-01 2.47445E+00 1.96395E+00
 -1      2534 4.61712E-01 2.46570E+00 1.98646E+00
 -1      2535 4.94271E-01 2.47464E+00 2.03605E+00
 -1      2536 5.26156E-01 2.48339E+00 2.01354E+00
 -1      2541 1.61293E-01 3.71671E+00 1.96394E+00
 -1      2542 1.29148E-01 3.70839E+00 1.98625E+00
 -1      2543 1.61544E-01 3.71677E+00 2.03606E+00
 -1      2544 1.93688E-01 3.72509E+00 2.01375E+00
 -1      2549-1.49867E-01 4.96403E+00 1.96394E+00
 -1      2550-1.82312E-01 4.95625E+00 1.98601E+00
 -1      2551-1.50133E-01 4.96397E+00 2.03606E+00
 -1      2552-1.17688E-01 4.97176E+00 2.01399E+00
 -1      2557-4.38181E-01 6.21683E+00 1.96395E+00
 -1      2558-4.70920E-01 6.20958E+00 1.98575E+00
 -1      2559-4.38983E-01 6.21665E+00 2.03605E+00
 -1      2560-4.06244E-01 6.22390E+00 2.01425E+00
 -1      2565-7.05431E-01 7.47468E+00 1.96395E+00
 -1      2566-7.38414E-01 7.46788E+00 1.98554E+00
 -1      2567-7.06701E-01 7.47441E+00 2.03605E+00
 -1      2568-6.73718E-01 7.48121E+00 2.01446E+00
 -1      2573-9.56607E-01 8.73638E+00 1.96395E+00
 -1      2574-9.89751E-01 8.72990E+00 1.98539E+00
 -1      2575-9.58198E-01 8.73607E+00 2.03605E+00
 -1      2576-9.25054E-01 8.74255E+00 2.01461E+00
 -1      2581-1.19830E+00 1.50371E+01 8.14684E-01
 -1      2582-1.23259E+00 1.50330E+01 8.34874E-01
 -1      2583-1.20170E+00 1.50229E+01 8.85316E-01
 -1      2584-1.16741E+00 1.50270E+01 8.65126E-01
 -1      2589-1.19388E+00 1.50230E+01 1.11516E+00
 -1      2590-1.23044E+00 1.50262E+01 1.13106E+00
 -1      2591-1.20612E+00 1.50370E+01 1.18484E+00
 -1      2592-1.16956E+00 1.50338E+01 1.16894E+00
 -1      2597 1.20170E+00 1.50371E+01 8.14684E-01
 -1      2598 1.16741E+00 1.50330E+01 8.34874E-01
 -1      2599 1.19830E+00 1.50229E+01 8.85316E-01
 -1      2600 1.23259E+00 1.50270E+01 8.65126E-01
 -1      2605 1.20612E+00 1.50230E+01 1.11516E+00
 -1      2606 1.16956E+00 1.50262E+01 1.13106E+00
 -1      2607 1.19388E+00 1.50370E+01 1.18484E+00
 -1      2608 1.23044E+00 1.50338E+01 1.16894E+00
 -1      2613 1.59908E-01 1.49616E+01-3.45858E-02
 -1      2614 1.22767E-01 1.49705E+01-2.27077E-02
 -1      2615 1.40092E-01 1.49664E+01 3.45858E-02
 -1      2616 1.77233E-01 1.49575E+01 2.27077E-02
 -1      2621-1.49864E-01 1.49640E+01-3.60552E-02
 -1      2622-1.82310E-01 1.49562E+01-1.39967E-02
 -1      2623-1.50136E-01 1.49640E+01 3.60552E-02
 -1      2624-1.17690E-01 1.49718E+01 1.39967E-02
 -1      2629 1.59908E-01 1.49616E+01 1.96541E+00
 -1      2630 1.22767E-01 1.49705E+01 1.97729E+00
 -1      2631 1.40092E-01 1.49664E+01 2.03459E+00
 -1      2632 1.77233E-01 1.49575E+01 2.02271E+00
 -1      2637-1.49864E-01 1.49640E+01 1.96394E+00
 -1      2638-1.82310E-01 1.49562E+01 1.98600E+00
 -1      2639-1.50136E-01 1.49640E+01 2.03606E+00
 -1      2640-1.17690E-01 1.49718E+01 2.01400E+00
 -1      2645-1.19757E+00 2.12670E+01 1.57055E-01
 -1      2646-1.23227E+00 2.12640E+01 1.76710E-01
 -1      2647-1.20243E+00 2.12559E+01 2.28140E-01
 -1      2648-1.16773E+00 2.12590E+01 2.08485E-01
 -1      2653-1.19773E+00 2.25271E+01 3.58438E-01
 -1      2654-1.23234E+00 2.25238E+01 3.78214E-01
 -1      2655-1.20227E+00 2.25153E+01 4.29430E-01
 -1      2656-1.16766E+00 2.25186E+01 4.09654E-01
 -1      2661-1.19798E+00 2.37842E+01 5.76000E-01
 -1      2662-1.23245E+00 2.37805E+01 5.95959E-01
 -1      2663-1.20202E+00 2.37713E+01 6.46836E-01
 -1      2664-1.16755E+00 2.37749E+01 6.26877E-01
 -1      2669-1.19828E+00 2.50371E+01 8.14685E-01
 -1      2670-1.23258E+00 2.50330E+01 8.34863E-01
 -1      2671-1.20172E+00 2.50229E+01 8.85315E-01
 -1      2672-1.16742E+00 2.50270E+01 8.65137E-01
 -1      2677-1.19860E+00 2.62854E+01 1.07622E+00
 -1      2678-1.23272E+00 2.62809E+01 1.09662E+00
 -1      2679-1.20140E+00 2.62700E+01 1.14662E+00
 -1      2680-1.16728E+00 2.62745E+01 1.12622E+00
 -1      2685-1.19888E+00 2.75294E+01 1.35884E+00
 -1      2686-1.23284E+00 2.75246E+01 1.37943E+00
 -1      2687-1.20112E+00 2.75130E+01 1.42902E+00
 -1      2688-1.16716E+00 2.75178E+01 1.40843E+00
 -1      2693-1.19908E+00 2.87700E+01 1.65759E+00
 -1      2694-1.23292E+00 2.87650E+01 1.67830E+00
 -1      2695-1.20092E+00 2.87529E+01 1.72761E+00
 -1      2696-1.16708E+00 2.87580E+01 1.70689E+00
 -1      2701-1.19416E+00 2.12560E+01 1.77225E+00
 -1      2702-1.23060E+00 2.12585E+01 1.78856E+00
 -1      2703-1.20584E+00 2.12670E+01 1.84256E+00
 -1      2704-1.16940E+00 2.12644E+01 1.82625E+00
 -1      2709-1.19409E+00 2.25154E+01 1.57098E+00
 -1      2710-1.23056E+00 2.25181E+01 1.58719E+00
 -1      2711-1.20591E+00 2.25271E+01 1.64115E+00
 -1      2712-1.16944E+00 2.25244E+01 1.62494E+00
 -1      2717-1.19399E+00 2.37714E+01 1.35360E+00
 -1      2718-1.23051E+00 2.37743E+01 1.36967E+00
 -1      2719-1.20601E+00 2.37841E+01 1.42356E+00
 -1      2720-1.16949E+00 2.37812E+01 1.40749E+00
 -1      2725-1.19388E+00 2.50230E+01 1.11516E+00
 -1      2726-1.23044E+00 2.50262E+01 1.13106E+00
 -1      2727-1.20612E+00 2.50370E+01 1.18484E+00
 -1      2728-1.16956E+00 2.50338E+01 1.16894E+00
 -1      2733-1.19377E+00 2.62701E+01 8.53886E-01
 -1      2734-1.23038E+00 2.62736E+01 8.69618E-01
 -1      2735-1.20623E+00 2.62853E+01 9.23278E-01
 -1      2736-1.16962E+00 2.62819E+01 9.07546E-01
 -1      2741-1.19368E+00 2.75131E+01 5.71502E-01
 -1      2742-1.23034E+00 2.75168E+01 5.87093E-01
 -1      2743-1.20632E+00 2.75293E+01 6.40630E-01
 -1      2744-1.16966E+00 2.75257E+01 6.25039E-01
 -1      2749-1.19363E+00 2.87531E+01 2.72930E-01
 -1      2750-1.23031E+00 2.87568E+01 2.88429E-01
 -1      2751-1.20637E+00 2.87699E+01 3.41875E-01
 -1      2752-1.16969E+00 2.87661E+01 3.26376E-01
 -1      2757 1.20243E+00 2.12670E+01 1.57055E-01
 -1      2758 1.16773E+00 2.12640E+01 1.76710E-01
 -1      2759 1.19757E+00 2.12559E+01 2.28140E-01
 -1      2760 1.23227E+00 2.12590E+01 2.08485E-01
 -1      2765 1.20227E+00 2.25271E+01 3.58438E-01
 -1      2766 1.16766E+00 2.25238E+01 3.78214E-01
 -1      2767 1.19773E+00 2.25153E+01 4.29430E-01
 -1      2768 1.23234E+00 2.25186E+01 4.09654E-01
 -1      2773 1.20202E+00 2.37842E+01 5.76000E-01
 -1      2774 1.16755E+00 2.37805E+01 5.95959E-01
 -1      2775 1.19798E+00 2.37713E+01 6.46836E-01
 -1      2776 1.23245E+00 2.37749E+01 6.26877E-01
 -1      2781 1.20172E+00 2.50371E+01 8.14685E-01
 -1      2782 1.16742E+00 2.50330E+01 8.34863E-01
 -1      2783 1.19828E+00 2.50229E+01 8.85315E-01
 -1      2784 1.23258E+00 2.50270E+01 8.65137E-01
 -1      2789 1.20140E+00 2.62854E+01 1.07622E+00
 -1      2790 1.16728E+00 2.62809E+01 1.09662E+00
 -1      2791 1.19860E+00 2.62700E+01 1.14662E+00
 -1      2792 1.23272E+00 2.62745E+01 1.12622E+00
 -1      2797 1.20112E+00 2.75294E+01 1.35884E+00
 -1      2798 1.16716E+00 2.75246E+01 1.37943E+00
 -1      2799 1.19888E+00 2.75130E+01 1.42902E+00
 -1      2800 1.23284E+00 2.75178E+01 1.40843E+00
 -1      2805 1.20092E+00 2.87700E+01 1.65759E+00
 -1      2806 1.16708E+00 2.87650E+01 1.67830E+00
 -1      2807 1.19908E+00 2.87529E+01 1.72761E+00
 -1      2808 1.23292E+00 2.87580E+01 1.70689E+00
 -1      2813 1.20584E+00 2.12560E+01 1.77225E+00
 -1      2814 1.16940E+00 2.12585E+01 1.78856E+00
 -1      2815 1.19416E+00 2.12670E+01 1.84256E+00
 -1      2816 1.23060E+00 2.12644E+01 1.82625E+00
 -1      2821 1.20591E+00 2.25154E+01 1.57098E+00
 -1      2822 1.16944E+00 2.25181E+01 1.58719E+00
 -1      2823 1.19409E+00 2.25271E+01 1.64115E+00
 -1      2824 1.23056E+00 2.25244E+01 1.62494E+00
 -1      2829 1.20601E+00 2.37714E+01 1.35360E+00
 -1      2830 1.16949E+00 2.37743E+01 1.36967E+00
 -1      2831 1.19399E+00 2.37841E+01 1.42356E+00
 -1      2832 1.23051E+00 2.37812E+01 1.40749E+00
 -1      2837 1.20612E+00 2.50230E+01 1.11516E+00
 -1      2838 1.16956E+00 2.50262E+01 1.13106E+00
 -1      2839 1.19388E+00 2.50370E+01 1.18484E+00
 -1      2840 1.23044E+00 2.50338E+01 1.16894E+00
 -1      2845 1.20623E+00 2.62701E+01 8.53886E-01
 -1      2846 1.16962E+00 2.62736E+01 8.69618E-01
 -1      2847 1.19377E+00 2.62853E+01 9.23278E-01
 -1      2848 1.23038E+00 2.62819E+01 9.07546E-01
 -1      2853 1.20632E+00 2.75131E+01 5.71502E-01
 -1      2854 1.16966E+00 2.75168E+01 5.87093E-01
 -1      2855 1.19368E+00 2.75293E+01 6.40630E-01
 -1      2856 1.23034E+00 2.75257E+01 6.25039E-01
 -1      2861 1.20637E+00 2.87531E+01 2.72930E-01
 -1      2862 1.16969E+00 2.87568E+01 2.88429E-01
 -1      2863 1.19363E+00 2.87699E+01 3.41875E-01
 -1      2864 1.23031E+00 2.87661E+01 3.26376E-01
 -1      2869-8.31704E-01 2.12331E+01-3.42295E-02
 -1      2870-8.68791E-01 2.12437E+01-2.36225E-02
 -1      2871-8.53491E-01 2.12393E+01 3.42295E-02
 -1      2872-8.16404E-01 2.12288E+01 2.36225E-02
 -1      2877-4.83271E-01 2.24716E+01-3.43179E-02
 -1      2878-5.20380E-01 2.24818E+01-2.34066E-02
 -1      2879-5.04597E-01 2.24775E+01 3.43179E-02
 -1      2880-4.67488E-01 2.24673E+01 2.34066E-02
 -1      2885-1.51102E-01 2.37141E+01-3.44451E-02
 -1      2886-1.88233E-01 2.37237E+01-2.30837E-02
 -1      2887-1.71734E-01 2.37194E+01 3.44451E-02
 -1      2888-1.34603E-01 2.37098E+01 2.30837E-02
 -1      2893 1.59903E-01 2.49616E+01-3.45874E-02
 -1      2894 1.22764E-01 2.49705E+01-2.27035E-02
 -1      2895 1.40097E-01 2.49664E+01 3.45874E-02
 -1      2896 1.77236E-01 2.49575E+01 2.27035E-02
 -1      2901 4.48070E-01 2.62146E+01-3.47212E-02
 -1      2902 4.10939E-01 2.62229E+01-2.23246E-02
 -1      2903 4.29094E-01 2.62188E+01 3.47212E-02
 -1      2904 4.66225E-01 2.62106E+01 2.23246E-02
 -1      2909 7.15201E-01 2.74727E+01-3.48283E-02
 -1      2910 6.78091E-01 2.74803E+01-2.20050E-02
 -1      2911 6.96931E-01 2.74764E+01 3.48283E-02
 -1      2912 7.34041E-01 2.74688E+01 2.20050E-02
 -1      2917 9.66302E-01 2.87345E+01-3.48965E-02
 -1      2918 9.29212E-01 2.87417E+01-2.17923E-02
 -1      2919 9.48503E-01 2.87380E+01 3.48965E-02
 -1      2920 9.85593E-01 2.87307E+01 2.17923E-02
 -1      2925 8.42124E-01 2.12361E+01-3.60521E-02
 -1      2926 8.10413E-01 2.12270E+01-1.34113E-02
 -1      2927 8.43071E-01 2.12364E+01 3.60521E-02
 -1      2928 8.74781E-01 2.12454E+01 1.34113E-02
 -1      2933 4.93597E-01 2.24745E+01-3.60538E-02
 -1      2934 4.61712E-01 2.24657E+01-1.35445E-02
 -1      2935 4.94271E-01 2.24746E+01 3.60538E-02
 -1      2936 5.26156E-01 2.24834E+01 1.35445E-02
 -1      2941 1.61293E-01 2.37167E+01-3.60553E-02
 -1      2942 1.29148E-01 2.37084E+01-1.37478E-02
 -1      2943 1.61544E-01 2.37168E+01 3.60553E-02
 -1      2944 1.93688E-01 2.37251E+01 1.37478E-02
 -1      2949-1.49867E-01 2.49640E+01-3.60553E-02
 -1      2950-1.82312E-01 2.49562E+01-1.39935E-02
 -1      2951-1.50133E-01 2.49640E+01 3.60553E-02
 -1      2952-1.17688E-01 2.49718E+01 1.39935E-02
 -1      2957-4.38181E-01 2.62168E+01-3.60532E-02
 -1      2958-4.70920E-01 2.62096E+01-1.42455E-02
 -1      2959-4.38983E-01 2.62167E+01 3.60532E-02
 -1      2960-4.06244E-01 2.62239E+01 1.42455E-02
 -1      2965-7.05431E-01 2.74747E+01-3.60497E-02
 -1      2966-7.38414E-01 2.74679E+01-1.44640E-02
 -1      2967-7.06701E-01 2.74744E+01 3.60497E-02
 -1      2968-6.73718E-01 2.74812E+01 1.44640E-02
 -1      2973-9.56607E-01 2.87364E+01-3.60464E-02
 -1      2974-9.89751E-01 2.87299E+01-1.46123E-02
 -1      2975-9.58198E-01 2.87361E+01 3.60464E-02
 -1      2976-9.25054E-01 2.87425E+01 1.46123E-02
 -1      2981-8.31704E-01 2.12331E+01 1.96577E+00
 -1      2982-8.68791E-01 2.12437E+01 1.97638E+00
 -1      2983-8.53491E-01 2.12393E+01 2.03423E+00
 -1      2984-8.16404E-01 2.12288E+01 2.02362E+00
 -1      2989-4.83271E-01 2.24716E+01 1.96568E+00
 -1      2990-5.20380E-01 2.24818E+01 1.97659E+00
 -1      2991-5.04597E-01 2.24775E+01 2.03432E+00
 -1      2992-4.67488E-01 2.24673E+01 2.02341E+00
 -1      2997-1.51102E-01 2.37141E+01 1.96555E+00
 -1      2998-1.88233E-01 2.37237E+01 1.97692E+00
 -1      2999-1.71734E-01 2.37194E+01 2.03445E+00
 -1      3000-1.34603E-01 2.37098E+01 2.02308E+00
 -1      3005 1.59903E-01 2.49616E+01 1.96541E+00
 -1      3006 1.22764E-01 2.49705E+01 1.97730E+00
 -1      3007 1.40097E-01 2.49664E+01 2.03459E+00
 -1      3008 1.77236E-01 2.49575E+01 2.02270E+00
 -1      3013 4.48070E-01 2.62146E+01 1.96528E+00
 -1      3014 4.10939E-01 2.62229E+01 1.97768E+00
 -1      3015 4.29094E-01 2.62188E+01 2.03472E+00
 -1      3016 4.66225E-01 2.62106E+01 2.02232E+00
 -1      3021 7.15201E-01 2.74727E+01 1.96517E+00
 -1      3022 6.78091E-01 2.74803E+01 1.97800E+00
 -1      3023 6.96931E-01 2.74764E+01 2.03483E+00
 -1      3024 7.34041E-01 2.74688E+01 2.02200E+00
 -1      3029 9.66302E-01 2.87345E+01 1.96510E+00
 -1      3030 9.29212E-01 2.87417E+01 1.97821E+00
 -1      3031 9.48503E-01 2.87380E+01 2.03490E+00
 -1      3032 9.85593E-01 2.87307E+01 2.02179E+00
 -1      3037 8.42124E-01 2.12361E+01 1.96395E+00
 -1      3038 8.10413E-01 2.12270E+01 1.98659E+00
 -1      3039 8.43071E-01 2.12364E+01 2.03605E+00
 -1      3040 8.74781E-01 2.12454E+01 2.01341E+00
 -1      3045 4.93597E-01 2.24745E+01 1.96395E+00
 -1      3046 4.61712E-01 2.24657E+01 1.98646E+00
 -1      3047 4.94271E-01 2.24746E+01 2.03605E+00
 -1      3048 5.26156E-01 2.24834E+01 2.01354E+00
 -1      3053 1.61293E-01 2.37167E+01 1.96394E+00
 -1      3054 1.29148E-01 2.37084E+01 1.98625E+00
 -1      3055 1.61544E-01 2.37168E+01 2.03606E+00
 -1      3056 1.93688E-01 2.37251E+01 2.01375E+00
 -1      3061-1.49867E-01 2.49640E+01 1.96394E+00
 -1      3062-1.82312E-01 2.49562E+01 1.98601E+00
 -1      3063-1.50133E-01 2.49640E+01 2.03606E+00
 -1      3064-1.17688E-01 2.49718E+01 2.01399E+00
 -1      3069-4.38181E-01 2.62168E+01 1.96395E+00
 -1      3070-4.70920E-01 2.62096E+01 1.98575E+00
 -1      3071-4.38983E-01 2.62167E+01 2.03605E+00
 -1      3072-4.06244E-01 2.62239E+01 2.01425E+00
 -1      3077-7.05431E-01 2.74747E+01 1.96395E+00
 -1      3078-7.38414E-01 2.74679E+01 1.98554E+00
 -1      3079-7.06701E-01 2.74744E+01 2.03605E+00
 -1      3080-6.73718E-01 2.74812E+01 2.01446E+00
 -1      3085-9.56607E-01 2.87364E+01 1.96395E+00
 -1      3086-9.89751E-01 2.87299E+01 1.98539E+00
 -1      3087-9.58198E-01 2.87361E+01 2.03605E+00
 -1      3088-9.25054E-01 2.87425E+01 2.01461E+00
 -3
    3C                           288                                     1
 -1         1    1    0    1
 -2       229      1461      1462       230       232      1464      1463       231
 -1         2    1    0    1
 -2      1461       429       430      1462      1464       432       431      1463
 -1         3    1    0    1
 -2       279      1469      1470       280       282      1472      1471       281
 -1         4    1    0    1
 -2      1469       479       480      1470      1472       482       481      1471
 -1         5    1    0    1
 -2       329      1477      1478       330       332      1480      1479       331
 -1         6    1    0    1
 -2      1477       529       530      1478      1480       532       531      1479
 -1         7    1    0    1
 -2       379      1485      1486       380       382      1488      1487       381
 -1         8    1    0    1
 -2      1485       579       580      1486      1488       582       581      1487
 -1         9    1    0    1
 -2       429      1493      1494       430       432      1496      1495       431
 -1        10    1    0    1
 -2      1493      1501      1502      1494      1496      1504      1503      1495
 -1        11    1    0    1
 -2      1501      1509      1510      1502      1504      1512      1511      1503
 -1        12    1    0    1
 -2      1509       629       630      1510      1512       632       631      1511
 -1        13    1    0    1
 -2       479      1517      1518       480       482      1520      1519       481
 -1        14    1    0    1
 -2      1517      1525      1526      1518      1520      1528      1527      1519
 -1        15    1    0    1
 -2      1525      1533      1534      1526      1528      1536      1535      1527
 -1        16    1    0    1
 -2      1533       695       696      1534      1536       698       697      1535
 -1        17    1    0    1
 -2       529      1541      1542       530       532      1544      1543       531
 -1        18    1    0    1
 -2      1541      1549      1550      1542      1544      1552      1551      1543
 -1        19    1    0    1
 -2      1549      1557      1558      1550      1552      1560      1559      1551
 -1        20    1    0    1
 -2      1557       745       746      1558      1560       748       747      1559
 -1        21    1    0    1
 -2       579      1565      1566       580       582      1568      1567       581
 -1        22    1    0    1
 -2      1565      1573      1574      1566      1568      1576      1575      1567
 -1        23    1    0    1
 -2      1573      1581      1582      1574      1576      1584      1583      1575
 -1        24    1    0    1
 -2      1581       811       812      1582      1584       814       813      1583
 -1        25    1    0    1
 -2       653      1589      1590       654       656      1592      1591       655
 -1        26    1    0    1
 -2      1589       861       862      1590      1592       864       863      1591
 -1        27    1    0    1
 -2       695      1597      1598       696       698      1600      1599       697
 -1        28    1    0    1
 -2      1597       911       912      1598      1600       914       913      1599
 -1        29    1    0    1
 -2       769      1605      1606       770       772      1608      1607       771
 -1        30    1    0    1
 -2      1605       961       962      1606      1608       964       963      1607
 -1        31    1    0    1
 -2       811      1613      1614       812       814      1616      1615       813
 -1        32    1    0    1
 -2      1613      1011      1012      1614      1616      1014      1013      1615
 -1        33    1    0    1
 -2       861      1621      1622       862       864      1624      1623       863
 -1        34    1    0    1
 -2      1621      1061      1062      1622      1624      1064      1063      1623
 -1        35    1    0    1
 -2       911      1629      1630       912       914      1632      1631       913
 -1        36    1    0    1
 -2      1629      1111      1112      1630      1632      1114      1113      1631
 -1        37    1    0    1
 -2       961      1637      1638       962       964      1640      1639       963
 -1        38    1    0    1
 -2      1637      1161      1162      1638      1640      1164      1163      1639
 -1        39    1    0    1
 -2      1011      1645      1646      1012      1014      1648      1647      1013
 -1        40    1    0    1
 -2      1645      1211      1212      1646      1648      1214      1213      1647
 -1        41    1    0    1
 -2      1061      1261      1262      1062      1064      1264      1263      1063
 -1        42    1    0    1
 -2      1111      1311      1312      1112      1114      1314      1313      1113
 -1        43    1    0    1
 -2      1161      1361      1362      1162      1164      1364      1363      1163
 -1        44    1    0    1
 -2      1211      1411      1412      1212      1214      1414      1413      1213
 -1        45    1    0    1
 -2       237      1653      1654       238       240      1656      1655       239
 -1        46    1    0    1
 -2      1653      1661      1662      1654      1656      1664      1663      1655
 -1        47    1    0    1
 -2      1661      1669      1670      1662      1664      1672      1671      1663
 -1        48    1    0    1
 -2      1669       287       288      1670      1672       290       289      1671
 -1        49    1    0    1
 -2       337      1677      1678       338       340      1680      1679       339
 -1        50    1    0    1
 -2      1677      1685      1686      1678      1680      1688      1687      1679
 -1        51    1    0    1
 -2      1685      1693      1694      1686      1688      1696      1695      1687
 -1        52    1    0    1
 -2      1693       387       388      1694      1696       390       389      1695
 -1        53    1    0    1
 -2       245      1701      1702       246       248      1704      1703       247
 -1        54    1    0    1
 -2      1701      1709      1710      1702      1704      1712      1711      1703
 -1        55    1    0    1
 -2      1709      1717      1718      1710      1712      1720      1719      1711
 -1        56    1    0    1
 -2      1717       345       346      1718      1720       348       347      1719
 -1        57    1    0    1
 -2       295      1725      1726       296       298      1728      1727       297
 -1        58    1    0    1
 -2      1725      1733      1734      1726      1728      1736      1735      1727
 -1        59    1    0    1
 -2      1733      1741      1742      1734      1736      1744      1743      1735
 -1        60    1    0    1
 -2      1741       395       396      1742      1744       398       397      1743
 -1        61    1    0    1
 -2       437       487       488       438       440       490       489       439
 -1        62    1    0    1
 -2       537       587       588       538       540       590       589       539
 -1        63    1    0    1
 -2       445       545       546       446       448       548       547       447
 -1        64    1    0    1
 -2       495       595       596       496       498       598       597       497
 -1        65    1    0    1
 -2       637      1749      1750       638       640      1752      1751       639
 -1        66    1    0    1
 -2      1749      1757      1758      1750      1752      1760      1759      1751
 -1        67    1    0    1
 -2      1757      1765      1766      1758      1760      1768      1767      1759
 -1        68    1    0    1
 -2      1765       703       704      1766      1768       706       705      1767
 -1        69    1    0    1
 -2       753      1773      1774       754       756      1776      1775       755
 -1        70    1    0    1
 -2      1773      1781      1782      1774      1776      1784      1783      1775
 -1        71    1    0    1
 -2      1781      1789      1790      1782      1784      1792      1791      1783
 -1        72    1    0    1
 -2      1789       819       820      1790      1792       822       821      1791
 -1        73    1    0    1
 -2       645      1797      1798       646       648      1800      1799       647
 -1        74    1    0    1
 -2      1797      1805      1806      1798      1800      1808      1807      1799
 -1        75    1    0    1
 -2      1805      1813      1814      1806      1808      1816      1815      1807
 -1        76    1    0    1
 -2      1813       761       762      1814      1816       764       763      1815
 -1        77    1    0    1
 -2       711      1821      1822       712       714      1824      1823       713
 -1        78    1    0    1
 -2      1821      1829      1830      1822      1824      1832      1831      1823
 -1        79    1    0    1
 -2      1829      1837      1838      1830      1832      1840      1839      1831
 -1        80    1    0    1
 -2      1837       827       828      1838      1840       830       829      1839
 -1        81    1    0    1
 -2       869      1845      1846       870       872      1848      1847       871
 -1        82    1    0    1
 -2      1845      1853      1854      1846      1848      1856      1855      1847
 -1        83    1    0    1
 -2      1853      1861      1862      1854      1856      1864      1863      1855
 -1        84    1    0    1
 -2      1861       919       920      1862      1864       922       921      1863
 -1        85    1    0    1
 -2       969      1869      1870       970       972      1872      1871       971
 -1        86    1    0    1
 -2      1869      1877      1878      1870      1872      1880      1879      1871
 -1        87    1    0    1
 -2      1877      1885      1886      1878      1880      1888      1887      1879
 -1        88    1    0    1
 -2      1885      1019      1020      1886      1888      1022      1021      1887
 -1        89    1    0    1
 -2       877      1893      1894       878       880      1896      1895       879
 -1        90    1    0    1
 -2      1893      1901      1902      1894      1896      1904      1903      1895
 -1        91    1    0    1
 -2      1901      1909      1910      1902      1904      1912      1911      1903
 -1        92    1    0    1
 -2      1909       977       978      1910      1912       980       979      1911
 -1        93    1    0    1
 -2       927      1917      1918       928       930      1920      1919       929
 -1        94    1    0    1
 -2      1917      1925      1926      1918      1920      1928      1927      1919
 -1        95    1    0    1
 -2      1925      1933      1934      1926      1928      1936      1935      1927
 -1        96    1    0    1
 -2      1933      1027      1028      1934      1936      1030      1029      1935
 -1        97    1    0    1
 -2      1069      1941      1942      1070      1072      1944      1943      1071
 -1        98    1    0    1
 -2      1941      1949      1950      1942      1944      1952      1951      1943
 -1        99    1    0    1
 -2      1949      1957      1958      1950      1952      1960      1959      1951
 -1       100    1    0    1
 -2      1957      1119      1120      1958      1960      1122      1121      1959
 -1       101    1    0    1
 -2      1169      1965      1966      1170      1172      1968      1967      1171
 -1       102    1    0    1
 -2      1965      1973      1974      1966      1968      1976      1975      1967
 -1       103    1    0    1
 -2      1973      1981      1982      1974      1976      1984      1983      1975
 -1       104    1    0    1
 -2      1981      1219      1220      1982      1984      1222      1221      1983
 -1       105    1    0    1
 -2      1077      1989      1990      1078      1080      1992      1991      1079
 -1       106    1    0    1
 -2      1989      1997      1998      1990      1992      2000      1999      1991
 -1       107    1    0    1
 -2      1997      2005      2006      1998      2000      2008      2007      1999
 -1       108    1    0    1
 -2      2005      1177      1178      2006      2008      1180      1179      2007
 -1       109    1    0    1
 -2      1127      2013      2014      1128      1130      2016      2015      1129
 -1       110    1    0    1
 -2      2013      2021      2022      2014      2016      2024      2023      2015
 -1       111    1    0    1
 -2      2021      2029      2030      2022      2024      2032      2031      2023
 -1       112    1    0    1
 -2      2029      1227      1228      2030      2032      1230      1229      2031
 -1       113    1    0    1
 -2      1269      2037      2038      1270      1272      2040      2039      1271
 -1       114    1    0    1
 -2      2037      2045      2046      2038      2040      2048      2047      2039
 -1       115    1    0    1
 -2      2045      2053      2054      2046      2048      2056      2055      2047
 -1       116    1    0    1
 -2      2053      1319      1320      2054      2056      1322      1321      2055
 -1       117    1    0    1
 -2      1369      2061      2062      1370      1372      2064      2063      1371
 -1       118    1    0    1
 -2      2061      2069      2070      2062      2064      2072      2071      2063
 -1       119    1    0    1
 -2      2069      2077      2078      2070      2072      2080      2079      2071
 -1       120    1    0    1
 -2      2077      1419      1420      2078      2080      1422      1421      2079
 -1       121    1    0    1
 -2      1277      2085      2086      1278      1280      2088      2087      1279
 -1       122    1    0    1
 -2      2085      2093      2094      2086      2088      2096      2095      2087
 -1       123    1    0    1
 -2      2093      2101      2102      2094      2096      2104      2103      2095
 -1       124    1    0    1
 -2      2101      1377      1378      2102      2104      1380      1379      2103
 -1       125    1    0    1
 -2      1327      2109      2110      1328      1330      2112      2111      1329
 -1       126    1    0    1
 -2      2109      2117      2118      2110      2112      2120      2119      2111
 -1       127    1    0    1
 -2      2117      2125      2126      2118      2120      2128      2127      2119
 -1       128    1    0    1
 -2      2125      1427      1428      2126      2128      1430      1429      2127
 -1       129    1    0    1
 -2       229      2133      2134       230       232      2136      2135       231
 -1       130    1    0    1
 -2      2133      2141      2142      2134      2136      2144      2143      2135
 -1       131    1    0    1
 -2      2141      2149      2150      2142      2144      2152      2151      2143
 -1       132    1    0    1
 -2      2149      2157      2158      2150      2152      2160      2159      2151
 -1       133    1    0    1
 -2      2157      2165      2166      2158      2160      2168      2167      2159
 -1       134    1    0    1
 -2      2165      2173      2174      2166      2168      2176      2175      2167
 -1       135    1    0    1
 -2      2173      2181      2182      2174      2176      2184      2183      2175
 -1       136    1    0    1
 -2      2181       529       530      2182      2184       532       531      2183
 -1       137    1    0    1
 -2       329      2189      2190       330       332      2192      2191       331
 -1       138    1    0    1
 -2      2189      2197      2198      2190      2192      2200      2199      2191
 -1       139    1    0    1
 -2      2197      2205      2206      2198      2200      2208      2207      2199
 -1       140    1    0    1
 -2      2205      2213      2214      2206      2208      2216      2215      2207
 -1       141    1    0    1
 -2      2213      2221      2222      2214      2216      2224      2223      2215
 -1       142    1    0    1
 -2      2221      2229      2230      2222      2224      2232      2231      2223
 -1       143    1    0    1
 -2      2229      2237      2238      2230      2232      2240      2239      2231
 -1       144    1    0    1
 -2      2237       429       430      2238      2240       432       431      2239
 -1       145    1    0    1
 -2       279      2245      2246       280       282      2248      2247       281
 -1       146    1    0    1
 -2      2245      2253      2254      2246      2248      2256      2255      2247
 -1       147    1    0    1
 -2      2253      2261      2262      2254      2256      2264      2263      2255
 -1       148    1    0    1
 -2      2261      2269      2270      2262      2264      2272      2271      2263
 -1       149    1    0    1
 -2      2269      2277      2278      2270      2272      2280      2279      2271
 -1       150    1    0    1
 -2      2277      2285      2286      2278      2280      2288      2287      2279
 -1       151    1    0    1
 -2      2285      2293      2294      2286      2288      2296      2295      2287
 -1       152    1    0    1
 -2      2293       579       580      2294      2296       582       581      2295
 -1       153    1    0    1
 -2       379      2301      2302       380       382      2304      2303       381
 -1       154    1    0    1
 -2      2301      2309      2310      2302      2304      2312      2311      2303
 -1       155    1    0    1
 -2      2309      2317      2318      2310      2312      2320      2319      2311
 -1       156    1    0    1
 -2      2317      2325      2326      2318      2320      2328      2327      2319
 -1       157    1    0    1
 -2      2325      2333      2334      2326      2328      2336      2335      2327
 -1       158    1    0    1
 -2      2333      2341      2342      2334      2336      2344      2343      2335
 -1       159    1    0    1
 -2      2341      2349      2350      2342      2344      2352      2351      2343
 -1       160    1    0    1
 -2      2349       479       480      2350      2352       482       481      2351
 -1       161    1    0    1
 -2       229      2357      2358       230       232      2360      2359       231
 -1       162    1    0    1
 -2      2357      2365      2366      2358      2360      2368      2367      2359
 -1       163    1    0    1
 -2      2365      2373      2374      2366      2368      2376      2375      2367
 -1       164    1    0    1
 -2      2373      2381      2382      2374      2376      2384      2383      2375
 -1       165    1    0    1
 -2      2381      2389      2390      2382      2384      2392      2391      2383
 -1       166    1    0    1
 -2      2389      2397      2398      2390      2392      2400      2399      2391
 -1       167    1    0    1
 -2      2397      2405      2406      2398      2400      2408      2407      2399
 -1       168    1    0    1
 -2      2405       479       480      2406      2408       482       481      2407
 -1       169    1    0    1
 -2       279      2413      2414       280       282      2416      2415       281
 -1       170    1    0    1
 -2      2413      2421      2422      2414      2416      2424      2423      2415
 -1       171    1    0    1
 -2      2421      2429      2430      2422      2424      2432      2431      2423
 -1       172    1    0    1
 -2      2429      2437      2438      2430      2432      2440      2439      2431
 -1       173    1    0    1
 -2      2437      2445      2446      2438      2440      2448      2447      2439
 -1       174    1    0    1
 -2      2445      2453      2454      2446      2448      2456      2455      2447
 -1       175    1    0    1
 -2      2453      2461      2462      2454      2456      2464      2463      2455
 -1       176    1    0    1
 -2      2461       429       430      2462      2464       432       431      2463
 -1       177    1    0    1
 -2       329      2469      2470       330       332      2472      2471       331
 -1       178    1    0    1
 -2      2469      2477      2478      2470      2472      2480      2479      2471
 -1       179    1    0    1
 -2      2477      2485      2486      2478      2480      2488      2487      2479
 -1       180    1    0    1
 -2      2485      2493      2494      2486      2488      2496      2495      2487
 -1       181    1    0    1
 -2      2493      2501      2502      2494      2496      2504      2503      2495
 -1       182    1    0    1
 -2      2501      2509      2510      2502      2504      2512      2511      2503
 -1       183    1    0    1
 -2      2509      2517      2518      2510      2512      2520      2519      2511
 -1       184    1    0    1
 -2      2517       579       580      2518      2520       582       581      2519
 -1       185    1    0    1
 -2       379      2525      2526       380       382      2528      2527       381
 -1       186    1    0    1
 -2      2525      2533      2534      2526      2528      2536      2535      2527
 -1       187    1    0    1
 -2      2533      2541      2542      2534      2536      2544      2543      2535
 -1       188    1    0    1
 -2      2541      2549      2550      2542      2544      2552      2551      2543
 -1       189    1    0    1
 -2      2549      2557      2558      2550      2552      2560      2559      2551
 -1       190    1    0    1
 -2      2557      2565      2566      2558      2560      2568      2567      2559
 -1       191    1    0    1
 -2      2565      2573      2574      2566      2568      2576      2575      2567
 -1       192    1    0    1
 -2      2573       529       530      2574      2576       532       531      2575
 -1       193    1    0    1
 -2       429      2581      2582       430       432      2584      2583       431
 -1       194    1    0    1
 -2      2581       745       746      2582      2584       748       747      2583
 -1       195    1    0    1
 -2       529      2589      2590       530       532      2592      2591       531
 -1       196    1    0    1
 -2      2589       629       630      2590      2592       632       631      2591
 -1       197    1    0    1
 -2       479      2597      2598       480       482      2600      2599       481
 -1       198    1    0    1
 -2      2597       811       812      2598      2600       814       813      2599
 -1       199    1    0    1
 -2       579      2605      2606       580       582      2608      2607       581
 -1       200    1    0    1
 -2      2605       695       696      2606      2608       698       697      2607
 -1       201    1    0    1
 -2       429      2613      2614       430       432      2616      2615       431
 -1       202    1    0    1
 -2      2613       695       696      2614      2616       698       697      2615
 -1       203    1    0    1
 -2       479      2621      2622       480       482      2624      2623       481
 -1       204    1    0    1
 -2      2621       629       630      2622      2624       632       631      2623
 -1       205    1    0    1
 -2       529      2629      2630       530       532      2632      2631       531
 -1       206    1    0    1
 -2      2629       811       812      2630      2632       814       813      2631
 -1       207    1    0    1
 -2       579      2637      2638       580       582      2640      2639       581
 -1       208    1    0    1
 -2      2637       745       746      2638      2640       748       747      2639
 -1       209    1    0    1
 -2       629      2645      2646       630       632      2648      2647       631
 -1       210    1    0    1
 -2      2645      2653      2654      2646      2648      2656      2655      2647
 -1       211    1    0    1
 -2      2653      2661      2662      2654      2656      2664      2663      2655
 -1       212    1    0    1
 -2      2661      2669      2670      2662      2664      2672      2671      2663
 -1       213    1    0    1
 -2      2669      2677      2678      2670      2672      2680      2679      2671
 -1       214    1    0    1
 -2      2677      2685      2686      2678      2680      2688      2687      2679
 -1       215    1    0    1
 -2      2685      2693      2694      2686      2688      2696      2695      2687
 -1       216    1    0    1
 -2      2693       961       962      2694      2696       964       963      2695
 -1       217    1    0    1
 -2       769      2701      2702       770       772      2704      2703       771
 -1       218    1    0    1
 -2      2701      2709      2710      2702      2704      2712      2711      2703
 -1       219    1    0    1
 -2      2709      2717      2718      2710      2712      2720      2719      2711
 -1       220    1    0    1
 -2      2717      2725      2726      2718      2720      2728      2727      2719
 -1       221    1    0    1
 -2      2725      2733      2734      2726      2728      2736      2735      2727
 -1       222    1    0    1
 -2      2733      2741      2742      2734      2736      2744      2743      2735
 -1       223    1    0    1
 -2      2741      2749      2750      2742      2744      2752      2751      2743
 -1       224    1    0    1
 -2      2749       861       862      2750      2752       864       863      2751
 -1       225    1    0    1
 -2       695      2757      2758       696       698      2760      2759       697
 -1       226    1    0    1
 -2      2757      2765      2766      2758      2760      2768      2767      2759
 -1       227    1    0    1
 -2      2765      2773      2774      2766      2768      2776      2775      2767
 -1       228    1    0    1
 -2      2773      2781      2782      2774      2776      2784      2783      2775
 -1       229    1    0    1
 -2      2781      2789      2790      2782      2784      2792      2791      2783
 -1       230    1    0    1
 -2      2789      2797      2798      2790      2792      2800      2799      2791
 -1       231    1    0    1
 -2      2797      2805      2806      2798      2800      2808      2807      2799
 -1       232    1    0    1
 -2      2805      1011      1012      2806      2808      1014      1013      2807
 -1       233    1    0    1
 -2       811      2813      2814       812       814      2816      2815       813
 -1       234    1    0    1
 -2      2813      2821      2822      2814      2816      2824      2823      2815
 -1       235    1    0    1
 -2      2821      2829      2830      2822      2824      2832      2831      2823
 -1       236    1    0    1
 -2      2829      2837      2838      2830      2832      2840      2839      2831
 -1       237    1    0    1
 -2      2837      2845      2846      2838      2840      2848      2847      2839
 -1       238    1    0    1
 -2      2845      2853      2854      2846      2848      2856      2855      2847
 -1       239    1    0    1
 -2      2853      2861      2862      2854      2856      2864      2863      2855
 -1       240    1    0    1
 -2      2861       911       912      2862      2864       914       913      2863
 -1       241    1    0    1
 -2       653      2869      2870       654       656      2872      2871       655
 -1       242    1    0    1
 -2      2869      2877      2878      2870      2872      2880      2879      2871
 -1       243    1    0    1
 -2      2877      2885      2886      2878      2880      2888      2887      2879
 -1       244    1    0    1
 -2      2885      2893      2894      2886      2888      2896      2895      2887
 -1       245    1    0    1
 -2      2893      2901      2902      2894      2896      2904      2903      2895
 -1       246    1    0    1
 -2      2901      2909      2910      2902      2904      2912      2911      2903
 -1       247    1    0    1
 -2      2909      2917      2918      2910      2912      2920      2919      2911
 -1       248    1    0    1
 -2      2917       911       912      2918      2920       914       913      2919
 -1       249    1    0    1
 -2       695      2925      2926       696       698      2928      2927       697
 -1       250    1    0    1
 -2      2925      2933      2934      2926      2928      2936      2935      2927
 -1       251    1    0    1
 -2      2933      2941      2942      2934      2936      2944      2943      2935
 -1       252    1    0    1
 -2      2941      2949      2950      2942      2944      2952      2951      2943
 -1       253    1    0    1
 -2      2949      2957      2958      2950      2952      2960      2959      2951
 -1       254    1    0    1
 -2      2957      2965      2966      2958      2960      2968      2967      2959
 -1       255    1    0    1
 -2      2965      2973      2974      2966      2968      2976      2975      2967
 -1       256    1    0    1
 -2      2973       861       862      2974      2976       864       863      2975
 -1       257    1    0    1
 -2       769      2981      2982       770       772      2984      2983       771
 -1       258    1    0    1
 -2      2981      2989      2990      2982      2984      2992      2991      2983
 -1       259    1    0    1
 -2      2989      2997      2998      2990      2992      3000      2999      2991
 -1       260    1    0    1
 -2      2997      3005      3006      2998      3000      3008      3007      2999
 -1       261    1    0    1
 -2      3005      3013      3014      3006      3008      3016      3015      3007
 -1       262    1    0    1
 -2      3013      3021      3022      3014      3016      3024      3023      3015
 -1       263    1    0    1
 -2      3021      3029      3030      3022      3024      3032      3031      3023
 -1       264    1    0    1
 -2      3029      1011      1012      3030      3032      1014      1013      3031
 -1       265    1    0    1
 -2       811      3037      3038       812       814      3040      3039       813
 -1       266    1    0    1
 -2      3037      3045      3046      3038      3040      3048      3047      3039
 -1       267    1    0    1
 -2      3045      3053      3054      3046      3048      3056      3055      3047
 -1       268    1    0    1
 -2      3053      3061      3062      3054      3056      3064      3063      3055
 -1       269    1    0    1
 -2      3061      3069      3070      3062      3064      3072      3071      3063
 -1       270    1    0    1
 -2      3069      3077      3078      3070      3072      3080      3079      3071
 -1       271    1    0    1
 -2      3077      3085      3086      3078      3080      3088      3087      3079
 -1       272    1    0    1
 -2      3085       961       962      3086      3088       964       963      3087
 -1       273    1    0    1
 -2       861      1161      1162       862       864      1164      1163       863
 -1       274    1    0    1
 -2       961      1061      1062       962       964      1064      1063       963
 -1       275    1    0    1
 -2       911      1211      1212       912       914      1214      1213       913
 -1       276    1    0    1
 -2      1011      1111      1112      1012      1014      1114      1113      1013
 -1       277    1    0    1
 -2       861      1111      1112       862       864      1114      1113       863
 -1       278    1    0    1
 -2       911      1061      1062       912       914      1064      1063       913
 -1       279    1    0    1
 -2       961      1211      1212       962       964      1214      1213       963
 -1       280    1    0    1
 -2      1011      1161      1162      1012      1014      1164      1163      1013
 -1       281    1    0    1
 -2      1061      1361      1362      1062      1064      1364      1363      1063
 -1       282    1    0    1
 -2      1161      1261      1262      1162      1164      1264      1263      1163
 -1       283    1    0    1
 -2      1111      1411      1412      1112      1114      1414      1413      1113
 -1       284    1    0    1
 -2      1211      1311      1312      1212      1214      1314      1313      1213
 -1       285    1    0    1
 -2      1061      1311      1312      1062      1064      1314      1313      1063
 -1       286    1    0    1
 -2      1111      1261      1262      1112      1114      1264      1263      1113
 -1       287    1    0    1
 -2      1161      1411      1412      1162      1164      1414      1413      1163
 -1       288    1    0    1
 -2      1211      1361      1362      1212      1214      1364      1363      1213
 -3
    1PSTEP                         1           1           1          
  100CL  101 1.000000000           0                     0    1           1
 -4  DISP        4    1
 -5  D1          1    2    1    0
 -5  D2          1    2    2    0
 -5  D3          1    2    3    0
 -5  ALL         1    2    0    0    1ALL
 -3
 9999
