    1C
    1UNormalized cross-passage space-truss torsion benchmark            
    1UUSER                                                              
    1UDATE              06.august.2026                                  
    1UTIME              08:14:18                                        
    1UHOST                                                              
    1UPGM               CalculiX                                        
    1UVERSION           Version 2.21                             
    1UCOMPILETIME       Sat Jul 29 10:52:01 CEST 2023                    
    1UDIR                                                               
    1UDBN                                                               
    1UMAT    1STEEL                                                     
    2C                          1144                                     1
 -1       237-1.19401E+00 1.47267E-03-3.55231E-02
 -1       238-1.23038E+00 3.77713E-03-1.90457E-02
 -1       239-1.20599E+00-1.47267E-03 3.55231E-02
 -1       240-1.16962E+00-3.77713E-03 1.90457E-02
 -1       245-1.20145E+00-3.41225E-02-1.15569E-02
 -1       246-1.20010E+00-2.46574E-03-3.59709E-02
 -1       247-1.19855E+00 3.41225E-02 1.15569E-02
 -1       248-1.19990E+00 2.46574E-03 3.59709E-02
 -1       253-1.23365E+00-1.29325E-02 5.48678E-04
 -1       254-1.20099E+00-3.60094E-02 1.52775E-03
 -1       255-1.16635E+00 1.29325E-02-5.48678E-04
 -1       256-1.19901E+00 3.60094E-02-1.52775E-03
 -1       287 1.20193E+00 2.20034E-03-3.59368E-02
 -1       288 1.16764E+00-1.98767E-03-1.57688E-02
 -1       289 1.19807E+00-2.20034E-03 3.59368E-02
 -1       290 1.23236E+00 1.98767E-03 1.57688E-02
 -1       295 1.20143E+00-3.37965E-02-1.24797E-02
 -1       296 1.20006E+00-1.48932E-03-3.60247E-02
 -1       297 1.19857E+00 3.37965E-02 1.24797E-02
 -1       298 1.19994E+00 1.48932E-03 3.60247E-02
 -1       303 1.16707E+00-1.46725E-02-6.22501E-04
 -1       304 1.20089E+00-3.60121E-02-1.52786E-03
 -1       305 1.23293E+00 1.46725E-02 6.22501E-04
 -1       306 1.19911E+00 3.60121E-02 1.52786E-03
 -1       337-1.19309E+00-2.60726E-03 1.96471E+00
 -1       338-1.22987E+00 1.51998E-03 1.97987E+00
 -1       339-1.20691E+00 2.60726E-03 2.03529E+00
 -1       340-1.17013E+00-1.51998E-03 2.02013E+00
 -1       345-1.19857E+00-3.37965E-02 1.98752E+00
 -1       346-1.19994E+00-1.48932E-03 1.96398E+00
 -1       347-1.20143E+00 3.37965E-02 2.01248E+00
 -1       348-1.20006E+00 1.48932E-03 2.03602E+00
 -1       353-1.23293E+00-1.46725E-02 1.99938E+00
 -1       354-1.19911E+00-3.60121E-02 1.99847E+00
 -1       355-1.16707E+00 1.46725E-02 2.00062E+00
 -1       356-1.20089E+00 3.60121E-02 2.00153E+00
 -1       387 1.20342E+00-1.71996E-03 1.96415E+00
 -1       388 1.16832E+00-3.76571E-03 1.98321E+00
 -1       389 1.19658E+00 1.71996E-03 2.03585E+00
 -1       390 1.23168E+00 3.76571E-03 2.01679E+00
 -1       395 1.19855E+00-3.41225E-02 1.98844E+00
 -1       396 1.19990E+00-2.46574E-03 1.96403E+00
 -1       397 1.20145E+00 3.41225E-02 2.01156E+00
 -1       398 1.20010E+00 2.46574E-03 2.03597E+00
 -1       403 1.16635E+00-1.29325E-02 2.00055E+00
 -1       404 1.19901E+00-3.60094E-02 2.00153E+00
 -1       405 1.23365E+00 1.29325E-02 1.99945E+00
 -1       406 1.20099E+00 3.60094E-02 1.99847E+00
 -1       437-1.19518E+00 9.99960E+00-3.57293E-02
 -1       438-1.23113E+00 1.00001E+01-1.81967E-02
 -1       439-1.20482E+00 1.00004E+01 3.57293E-02
 -1       440-1.16887E+00 9.99987E+00 1.81967E-02
 -1       445-1.20000E+00 9.96600E+00-1.20000E-02
 -1       446-1.20000E+00 9.99800E+00-3.60000E-02
 -1       447-1.20000E+00 1.00340E+01 1.20000E-02
 -1       448-1.20000E+00 1.00020E+01 3.60000E-02
 -1       453-1.23328E+00 9.98613E+00 0.00000E+00
 -1       454-1.20000E+00 9.96394E+00 0.00000E+00
 -1       455-1.16672E+00 1.00139E+01 0.00000E+00
 -1       456-1.20000E+00 1.00361E+01 0.00000E+00
 -1       487 1.20441E+00 9.99969E+00-3.57840E-02
 -1       488 1.16866E+00 9.99951E+00-1.78263E-02
 -1       489 1.19559E+00 1.00003E+01 3.57840E-02
 -1       490 1.23134E+00 1.00005E+01 1.78263E-02
 -1       495 1.20000E+00 9.96600E+00-1.20000E-02
 -1       496 1.20000E+00 9.99800E+00-3.60000E-02
 -1       497 1.20000E+00 1.00340E+01 1.20000E-02
 -1       498 1.20000E+00 1.00020E+01 3.60000E-02
 -1       503 1.16672E+00 9.98613E+00 0.00000E+00
 -1       504 1.20000E+00 9.96394E+00 0.00000E+00
 -1       505 1.23328E+00 1.00139E+01 0.00000E+00
 -1       506 1.20000E+00 1.00361E+01 0.00000E+00
 -1       537-1.19540E+00 1.00003E+01 1.96424E+00
 -1       538-1.23124E+00 1.00005E+01 1.98201E+00
 -1       539-1.20460E+00 9.99969E+00 2.03576E+00
 -1       540-1.16876E+00 9.99951E+00 2.01799E+00
 -1       545-1.20000E+00 9.96600E+00 1.98800E+00
 -1       546-1.20000E+00 9.99800E+00 1.96400E+00
 -1       547-1.20000E+00 1.00340E+01 2.01200E+00
 -1       548-1.20000E+00 1.00020E+01 2.03600E+00
 -1       553-1.23328E+00 9.98613E+00 2.00000E+00
 -1       554-1.20000E+00 9.96394E+00 2.00000E+00
 -1       555-1.16672E+00 1.00139E+01 2.00000E+00
 -1       556-1.20000E+00 1.00361E+01 2.00000E+00
 -1       587 1.20417E+00 1.00004E+01 1.96419E+00
 -1       588 1.16855E+00 9.99986E+00 1.98238E+00
 -1       589 1.19583E+00 9.99960E+00 2.03581E+00
 -1       590 1.23145E+00 1.00001E+01 2.01762E+00
 -1       595 1.20000E+00 9.96600E+00 1.98800E+00
 -1       596 1.20000E+00 9.99800E+00 1.96400E+00
 -1       597 1.20000E+00 1.00340E+01 2.01200E+00
 -1       598 1.20000E+00 1.00020E+01 2.03600E+00
 -1       603 1.16672E+00 9.98613E+00 2.00000E+00
 -1       604 1.20000E+00 9.96394E+00 2.00000E+00
 -1       605 1.23328E+00 1.00139E+01 2.00000E+00
 -1       606 1.20000E+00 1.00361E+01 2.00000E+00
 -1       637-1.19531E+00 1.99996E+01-3.57475E-02
 -1       638-1.23120E+00 2.00000E+01-1.80774E-02
 -1       639-1.20469E+00 2.00004E+01 3.57475E-02
 -1       640-1.16880E+00 2.00000E+01 1.80774E-02
 -1       645-1.20102E+00 1.99659E+01-1.16828E-02
 -1       646-1.20007E+00 1.99977E+01-3.59798E-02
 -1       647-1.19898E+00 2.00341E+01 1.16828E-02
 -1       648-1.19993E+00 2.00023E+01 3.59798E-02
 -1       653-1.23354E+00 1.99868E+01 3.96605E-04
 -1       654-1.20069E+00 1.99640E+01 1.08098E-03
 -1       655-1.16646E+00 2.00132E+01-3.96605E-04
 -1       656-1.19931E+00 2.00360E+01-1.08098E-03
 -1       687 1.20437E+00 2.00000E+01-3.57898E-02
 -1       688 1.16864E+00 1.99998E+01-1.77986E-02
 -1       689 1.19563E+00 2.00000E+01 3.57898E-02
 -1       690 1.23136E+00 2.00002E+01 1.77986E-02
 -1       695 1.20102E+00 1.99661E+01-1.23355E-02
 -1       696 1.20005E+00 1.99984E+01-3.60180E-02
 -1       697 1.19898E+00 2.00339E+01 1.23355E-02
 -1       698 1.19995E+00 2.00016E+01 3.60180E-02
 -1       703 1.16697E+00 1.99855E+01-4.33494E-04
 -1       704 1.20064E+00 1.99640E+01-1.08101E-03
 -1       705 1.23303E+00 2.00145E+01 4.33494E-04
 -1       706 1.19936E+00 2.00360E+01 1.08101E-03
 -1       737-1.19543E+00 2.00000E+01 1.96424E+00
 -1       738-1.23125E+00 2.00002E+01 1.98202E+00
 -1       739-1.20457E+00 2.00000E+01 2.03576E+00
 -1       740-1.16875E+00 1.99998E+01 2.01798E+00
 -1       745-1.19898E+00 1.99661E+01 1.98766E+00
 -1       746-1.19995E+00 1.99984E+01 1.96398E+00
 -1       747-1.20102E+00 2.00339E+01 2.01234E+00
 -1       748-1.20005E+00 2.00016E+01 2.03602E+00
 -1       753-1.23303E+00 1.99855E+01 1.99957E+00
 -1       754-1.19936E+00 1.99640E+01 1.99892E+00
 -1       755-1.16697E+00 2.00145E+01 2.00043E+00
 -1       756-1.20064E+00 2.00360E+01 2.00108E+00
 -1       787 1.20425E+00 2.00004E+01 1.96420E+00
 -1       788 1.16859E+00 2.00000E+01 1.98231E+00
 -1       789 1.19575E+00 1.99996E+01 2.03580E+00
 -1       790 1.23141E+00 2.00000E+01 2.01769E+00
 -1       795 1.19898E+00 1.99659E+01 1.98832E+00
 -1       796 1.19993E+00 1.99977E+01 1.96402E+00
 -1       797 1.20102E+00 2.00341E+01 2.01168E+00
 -1       798 1.20007E+00 2.00023E+01 2.03598E+00
 -1       803 1.16646E+00 1.99868E+01 2.00040E+00
 -1       804 1.19931E+00 1.99640E+01 2.00108E+00
 -1       805 1.23354E+00 2.00132E+01 1.99960E+00
 -1       806 1.20069E+00 2.00360E+01 1.99892E+00
 -1       837-1.19529E+00 2.99997E+01-3.57449E-02
 -1       838-1.23118E+00 3.00000E+01-1.80996E-02
 -1       839-1.20471E+00 3.00003E+01 3.57449E-02
 -1       840-1.16882E+00 3.00000E+01 1.80996E-02
 -1       845-1.20000E+00 2.99660E+01-1.20000E-02
 -1       846-1.20000E+00 2.99980E+01-3.60000E-02
 -1       847-1.20000E+00 3.00340E+01 1.20000E-02
 -1       848-1.20000E+00 3.00020E+01 3.60000E-02
 -1       853-1.23328E+00 2.99861E+01 0.00000E+00
 -1       854-1.20000E+00 2.99639E+01 0.00000E+00
 -1       855-1.16672E+00 3.00139E+01 0.00000E+00
 -1       856-1.20000E+00 3.00361E+01 0.00000E+00
 -1       887 1.20445E+00 2.99999E+01-3.57802E-02
 -1       888 1.16868E+00 2.99998E+01-1.78657E-02
 -1       889 1.19555E+00 3.00001E+01 3.57802E-02
 -1       890 1.23132E+00 3.00002E+01 1.78657E-02
 -1       895 1.20000E+00 2.99660E+01-1.20000E-02
 -1       896 1.20000E+00 2.99980E+01-3.60000E-02
 -1       897 1.20000E+00 3.00340E+01 1.20000E-02
 -1       898 1.20000E+00 3.00020E+01 3.60000E-02
 -1       903 1.16672E+00 2.99861E+01 0.00000E+00
 -1       904 1.20000E+00 2.99639E+01 0.00000E+00
 -1       905 1.23328E+00 3.00139E+01 0.00000E+00
 -1       906 1.20000E+00 3.00361E+01 0.00000E+00
 -1       937-1.19540E+00 3.00001E+01 1.96424E+00
 -1       938-1.23124E+00 3.00002E+01 1.98200E+00
 -1       939-1.20460E+00 2.99999E+01 2.03576E+00
 -1       940-1.16876E+00 2.99998E+01 2.01800E+00
 -1       945-1.20000E+00 2.99660E+01 1.98800E+00
 -1       946-1.20000E+00 2.99980E+01 1.96400E+00
 -1       947-1.20000E+00 3.00340E+01 2.01200E+00
 -1       948-1.20000E+00 3.00020E+01 2.03600E+00
 -1       953-1.23328E+00 2.99861E+01 2.00000E+00
 -1       954-1.20000E+00 2.99639E+01 2.00000E+00
 -1       955-1.16672E+00 3.00139E+01 2.00000E+00
 -1       956-1.20000E+00 3.00361E+01 2.00000E+00
 -1       987 1.20433E+00 3.00003E+01 1.96421E+00
 -1       988 1.16862E+00 3.00000E+01 1.98223E+00
 -1       989 1.19567E+00 2.99997E+01 2.03579E+00
 -1       990 1.23138E+00 3.00000E+01 2.01777E+00
 -1       995 1.20000E+00 2.99660E+01 1.98800E+00
 -1       996 1.20000E+00 2.99980E+01 1.96400E+00
 -1       997 1.20000E+00 3.00340E+01 2.01200E+00
 -1       998 1.20000E+00 3.00020E+01 2.03600E+00
 -1      1003 1.16672E+00 2.99861E+01 2.00000E+00
 -1      1004 1.20000E+00 2.99639E+01 2.00000E+00
 -1      1005 1.23328E+00 3.00139E+01 2.00000E+00
 -1      1006 1.20000E+00 3.00361E+01 2.00000E+00
 -1      1037-1.19626E+00 3.99996E+01-3.58591E-02
 -1      1038-1.23164E+00 3.99984E+01-1.72250E-02
 -1      1039-1.20374E+00 4.00004E+01 3.58591E-02
 -1      1040-1.16836E+00 4.00016E+01 1.72250E-02
 -1      1045-1.20157E+00 3.99659E+01-1.15220E-02
 -1      1046-1.20011E+00 3.99975E+01-3.59684E-02
 -1      1047-1.19843E+00 4.00341E+01 1.15220E-02
 -1      1048-1.19989E+00 4.00025E+01 3.59684E-02
 -1      1053-1.23368E+00 3.99872E+01 5.90072E-04
 -1      1054-1.20108E+00 3.99640E+01 1.65325E-03
 -1      1055-1.16632E+00 4.00128E+01-5.90072E-04
 -1      1056-1.19892E+00 4.00360E+01-1.65325E-03
 -1      1061-1.19208E+00 3.99981E+01-3.51203E-02
 -1      1062-1.22908E+00 4.00036E+01-2.09992E-02
 -1      1063-1.20792E+00 4.00019E+01 3.51203E-02
 -1      1064-1.17092E+00 3.99964E+01 2.09992E-02
 -1      1103 1.20439E+00 3.99996E+01-3.57850E-02
 -1      1104 1.16866E+00 3.99994E+01-1.78108E-02
 -1      1105 1.19561E+00 4.00004E+01 3.57850E-02
 -1      1106 1.23134E+00 4.00006E+01 1.78108E-02
 -1      1111 1.20155E+00 3.99662E+01-1.25208E-02
 -1      1112 1.20007E+00 3.99986E+01-3.60265E-02
 -1      1113 1.19845E+00 4.00338E+01 1.25208E-02
 -1      1114 1.19993E+00 4.00014E+01 3.60265E-02
 -1      1119 1.16710E+00 3.99853E+01-6.76580E-04
 -1      1120 1.20096E+00 3.99640E+01-1.65341E-03
 -1      1121 1.23290E+00 4.00147E+01 6.76580E-04
 -1      1122 1.19904E+00 4.00360E+01 1.65341E-03
 -1      1153-1.19665E+00 4.00007E+01 1.96411E+00
 -1      1154-1.23182E+00 3.99989E+01 1.98308E+00
 -1      1155-1.20335E+00 3.99993E+01 2.03589E+00
 -1      1156-1.16818E+00 4.00011E+01 2.01692E+00
 -1      1161-1.19845E+00 3.99662E+01 1.98748E+00
 -1      1162-1.19993E+00 3.99986E+01 1.96397E+00
 -1      1163-1.20155E+00 4.00338E+01 2.01252E+00
 -1      1164-1.20007E+00 4.00014E+01 2.03603E+00
 -1      1169-1.23290E+00 3.99853E+01 1.99932E+00
 -1      1170-1.19904E+00 3.99640E+01 1.99835E+00
 -1      1171-1.16710E+00 4.00147E+01 2.00068E+00
 -1      1172-1.20096E+00 4.00360E+01 2.00165E+00
 -1      1177-1.19289E+00 3.99970E+01 1.96478E+00
 -1      1178-1.22975E+00 4.00014E+01 1.97968E+00
 -1      1179-1.20711E+00 4.00030E+01 2.03522E+00
 -1      1180-1.17025E+00 3.99986E+01 2.02032E+00
 -1      1219 1.20409E+00 4.00005E+01 1.96418E+00
 -1      1220 1.16851E+00 3.99998E+01 1.98244E+00
 -1      1221 1.19591E+00 3.99995E+01 2.03582E+00
 -1      1222 1.23149E+00 4.00002E+01 2.01756E+00
 -1      1227 1.19843E+00 3.99659E+01 1.98848E+00
 -1      1228 1.19989E+00 3.99975E+01 1.96403E+00
 -1      1229 1.20157E+00 4.00341E+01 2.01152E+00
 -1      1230 1.20011E+00 4.00025E+01 2.03597E+00
 -1      1235 1.16632E+00 3.99872E+01 2.00059E+00
 -1      1236 1.19892E+00 3.99640E+01 2.00165E+00
 -1      1237 1.23368E+00 4.00128E+01 1.99941E+00
 -1      1238 1.20108E+00 4.00360E+01 1.99835E+00
 -1      1269-1.19609E+00 4.99979E+01-3.57809E-02
 -1      1270-1.23152E+00 4.99968E+01-1.72280E-02
 -1      1271-1.20391E+00 5.00021E+01 3.57809E-02
 -1      1272-1.16848E+00 5.00032E+01 1.72280E-02
 -1      1277-1.20157E+00 4.99659E+01-1.15220E-02
 -1      1278-1.20011E+00 4.99975E+01-3.59684E-02
 -1      1279-1.19843E+00 5.00341E+01 1.15220E-02
 -1      1280-1.19989E+00 5.00025E+01 3.59684E-02
 -1      1285-1.23368E+00 4.99872E+01 5.90072E-04
 -1      1286-1.20108E+00 4.99640E+01 1.65325E-03
 -1      1287-1.16632E+00 5.00128E+01-5.90072E-04
 -1      1288-1.19892E+00 5.00360E+01-1.65325E-03
 -1      1319 1.20659E+00 4.99962E+01-3.52381E-02
 -1      1320 1.16988E+00 5.00000E+01-1.98251E-02
 -1      1321 1.19341E+00 5.00038E+01 3.52381E-02
 -1      1322 1.23012E+00 5.00000E+01 1.98251E-02
 -1      1327 1.20155E+00 4.99662E+01-1.25208E-02
 -1      1328 1.20007E+00 4.99986E+01-3.60265E-02
 -1      1329 1.19845E+00 5.00338E+01 1.25208E-02
 -1      1330 1.19993E+00 5.00014E+01 3.60265E-02
 -1      1335 1.16710E+00 4.99853E+01-6.76580E-04
 -1      1336 1.20096E+00 4.99640E+01-1.65341E-03
 -1      1337 1.23290E+00 5.00147E+01 6.76580E-04
 -1      1338 1.19904E+00 5.00360E+01 1.65341E-03
 -1      1369-1.19824E+00 5.00036E+01 1.96417E+00
 -1      1370-1.23250E+00 4.99994E+01 1.98440E+00
 -1      1371-1.20176E+00 4.99964E+01 2.03583E+00
 -1      1372-1.16750E+00 5.00006E+01 2.01560E+00
 -1      1377-1.19845E+00 4.99662E+01 1.98748E+00
 -1      1378-1.19993E+00 4.99986E+01 1.96397E+00
 -1      1379-1.20155E+00 5.00338E+01 2.01252E+00
 -1      1380-1.20007E+00 5.00014E+01 2.03603E+00
 -1      1385-1.23290E+00 4.99853E+01 1.99932E+00
 -1      1386-1.19904E+00 4.99640E+01 1.99835E+00
 -1      1387-1.16710E+00 5.00147E+01 2.00068E+00
 -1      1388-1.20096E+00 5.00360E+01 2.00165E+00
 -1      1419 1.20512E+00 5.00020E+01 1.96437E+00
 -1      1420 1.16909E+00 5.00032E+01 1.98171E+00
 -1      1421 1.19488E+00 4.99980E+01 2.03563E+00
 -1      1422 1.23091E+00 4.99968E+01 2.01829E+00
 -1      1427 1.19843E+00 4.99659E+01 1.98848E+00
 -1      1428 1.19989E+00 4.99975E+01 1.96403E+00
 -1      1429 1.20157E+00 5.00341E+01 2.01152E+00
 -1      1430 1.20011E+00 5.00025E+01 2.03597E+00
 -1      1435 1.16632E+00 4.99872E+01 2.00059E+00
 -1      1436 1.19892E+00 4.99640E+01 2.00165E+00
 -1      1437 1.23368E+00 5.00128E+01 1.99941E+00
 -1      1438 1.20108E+00 5.00360E+01 1.99835E+00
 -1      1469-1.19553E+00 2.50000E+01-1.85778E-01
 -1      1470-1.23131E+00 2.50000E+01-1.67883E-01
 -1      1471-1.20447E+00 2.50000E+01-1.14222E-01
 -1      1472-1.16869E+00 2.50000E+01-1.32117E-01
 -1      1477 1.20447E+00 2.50000E+01 1.14222E-01
 -1      1478 1.16869E+00 2.50000E+01 1.32117E-01
 -1      1479 1.19553E+00 2.50000E+01 1.85778E-01
 -1      1480 1.23131E+00 2.50000E+01 1.67883E-01
 -1      1485-1.19553E+00 2.50000E+01 1.81422E+00
 -1      1486-1.23131E+00 2.50000E+01 1.83212E+00
 -1      1487-1.20447E+00 2.50000E+01 1.88578E+00
 -1      1488-1.16869E+00 2.50000E+01 1.86788E+00
 -1      1493 1.20447E+00 2.50000E+01 2.11422E+00
 -1      1494 1.16869E+00 2.50000E+01 2.13212E+00
 -1      1495 1.19553E+00 2.50000E+01 2.18578E+00
 -1      1496 1.23131E+00 2.50000E+01 2.16788E+00
 -1      1501-1.19510E+00 3.12485E+01-9.30910E-02
 -1      1502-1.23109E+00 3.12492E+01-7.56508E-02
 -1      1503-1.20490E+00 3.12515E+01-2.17140E-02
 -1      1504-1.16891E+00 3.12508E+01-3.91543E-02
 -1      1509-1.19519E+00 3.24988E+01-1.41781E-01
 -1      1510-1.23114E+00 3.24994E+01-1.24237E-01
 -1      1511-1.20481E+00 3.25012E+01-7.03511E-02
 -1      1512-1.16886E+00 3.25006E+01-8.78954E-02
 -1      1517-1.19534E+00 3.37494E+01-1.74330E-01
 -1      1518-1.23121E+00 3.37497E+01-1.56628E-01
 -1      1519-1.20466E+00 3.37506E+01-1.02834E-01
 -1      1520-1.16879E+00 3.37503E+01-1.20535E-01
 -1      1525-1.19553E+00 3.50000E+01-1.85777E-01
 -1      1526-1.23131E+00 3.50000E+01-1.67888E-01
 -1      1527-1.20447E+00 3.50000E+01-1.14223E-01
 -1      1528-1.16869E+00 3.50000E+01-1.32112E-01
 -1      1533-1.19572E+00 3.62506E+01-1.74377E-01
 -1      1534-1.23140E+00 3.62503E+01-1.56298E-01
 -1      1535-1.20428E+00 3.62494E+01-1.02787E-01
 -1      1536-1.16860E+00 3.62497E+01-1.20866E-01
 -1      1541-1.19589E+00 3.75012E+01-1.41868E-01
 -1      1542-1.23149E+00 3.75006E+01-1.23626E-01
 -1      1543-1.20411E+00 3.74988E+01-7.02642E-02
 -1      1544-1.16851E+00 3.74994E+01-8.85056E-02
 -1      1549-1.19601E+00 3.87515E+01-9.32042E-02
 -1      1550-1.23154E+00 3.87507E+01-7.48534E-02
 -1      1551-1.20399E+00 3.87485E+01-2.16008E-02
 -1      1552-1.16846E+00 3.87493E+01-3.99517E-02
 -1      1557 1.20399E+00 3.12515E+01 2.16008E-02
 -1      1558 1.16846E+00 3.12507E+01 3.99517E-02
 -1      1559 1.19601E+00 3.12485E+01 9.32042E-02
 -1      1560 1.23154E+00 3.12493E+01 7.48534E-02
 -1      1565 1.20411E+00 3.25012E+01 7.02642E-02
 -1      1566 1.16851E+00 3.25006E+01 8.85056E-02
 -1      1567 1.19589E+00 3.24988E+01 1.41868E-01
 -1      1568 1.23149E+00 3.24994E+01 1.23626E-01
 -1      1573 1.20428E+00 3.37506E+01 1.02787E-01
 -1      1574 1.16860E+00 3.37503E+01 1.20866E-01
 -1      1575 1.19572E+00 3.37494E+01 1.74377E-01
 -1      1576 1.23140E+00 3.37497E+01 1.56298E-01
 -1      1581 1.20447E+00 3.50000E+01 1.14223E-01
 -1      1582 1.16869E+00 3.50000E+01 1.32112E-01
 -1      1583 1.19553E+00 3.50000E+01 1.85777E-01
 -1      1584 1.23131E+00 3.50000E+01 1.67888E-01
 -1      1589 1.20466E+00 3.62494E+01 1.02834E-01
 -1      1590 1.16879E+00 3.62497E+01 1.20535E-01
 -1      1591 1.19534E+00 3.62506E+01 1.74330E-01
 -1      1592 1.23121E+00 3.62503E+01 1.56628E-01
 -1      1597 1.20481E+00 3.74988E+01 7.03511E-02
 -1      1598 1.16886E+00 3.74994E+01 8.78954E-02
 -1      1599 1.19519E+00 3.75012E+01 1.41781E-01
 -1      1600 1.23114E+00 3.75006E+01 1.24237E-01
 -1      1605 1.20490E+00 3.87485E+01 2.17140E-02
 -1      1606 1.16891E+00 3.87492E+01 3.91543E-02
 -1      1607 1.19510E+00 3.87515E+01 9.30910E-02
 -1      1608 1.23109E+00 3.87508E+01 7.56508E-02
 -1      1613-1.19510E+00 3.12485E+01 1.90691E+00
 -1      1614-1.23109E+00 3.12492E+01 1.92435E+00
 -1      1615-1.20490E+00 3.12515E+01 1.97829E+00
 -1      1616-1.16891E+00 3.12508E+01 1.96085E+00
 -1      1621-1.19519E+00 3.24988E+01 1.85822E+00
 -1      1622-1.23114E+00 3.24994E+01 1.87576E+00
 -1      1623-1.20481E+00 3.25012E+01 1.92965E+00
 -1      1624-1.16886E+00 3.25006E+01 1.91210E+00
 -1      1629-1.19534E+00 3.37494E+01 1.82567E+00
 -1      1630-1.23121E+00 3.37497E+01 1.84337E+00
 -1      1631-1.20466E+00 3.37506E+01 1.89717E+00
 -1      1632-1.16879E+00 3.37503E+01 1.87946E+00
 -1      1637-1.19553E+00 3.50000E+01 1.81422E+00
 -1      1638-1.23131E+00 3.50000E+01 1.83211E+00
 -1      1639-1.20447E+00 3.50000E+01 1.88578E+00
 -1      1640-1.16869E+00 3.50000E+01 1.86789E+00
 -1      1645-1.19572E+00 3.62506E+01 1.82562E+00
 -1      1646-1.23140E+00 3.62503E+01 1.84370E+00
 -1      1647-1.20428E+00 3.62494E+01 1.89721E+00
 -1      1648-1.16860E+00 3.62497E+01 1.87913E+00
 -1      1653-1.19589E+00 3.75012E+01 1.85813E+00
 -1      1654-1.23149E+00 3.75006E+01 1.87637E+00
 -1      1655-1.20411E+00 3.74988E+01 1.92974E+00
 -1      1656-1.16851E+00 3.74994E+01 1.91149E+00
 -1      1661-1.19601E+00 3.87515E+01 1.90680E+00
 -1      1662-1.23154E+00 3.87507E+01 1.92515E+00
 -1      1663-1.20399E+00 3.87485E+01 1.97840E+00
 -1      1664-1.16846E+00 3.87493E+01 1.96005E+00
 -1      1669 1.20399E+00 3.12515E+01 2.02160E+00
 -1      1670 1.16846E+00 3.12507E+01 2.03995E+00
 -1      1671 1.19601E+00 3.12485E+01 2.09320E+00
 -1      1672 1.23154E+00 3.12493E+01 2.07485E+00
 -1      1677 1.20411E+00 3.25012E+01 2.07026E+00
 -1      1678 1.16851E+00 3.25006E+01 2.08851E+00
 -1      1679 1.19589E+00 3.24988E+01 2.14187E+00
 -1      1680 1.23149E+00 3.24994E+01 2.12363E+00
 -1      1685 1.20428E+00 3.37506E+01 2.10279E+00
 -1      1686 1.16860E+00 3.37503E+01 2.12087E+00
 -1      1687 1.19572E+00 3.37494E+01 2.17438E+00
 -1      1688 1.23140E+00 3.37497E+01 2.15630E+00
 -1      1693 1.20447E+00 3.50000E+01 2.11422E+00
 -1      1694 1.16869E+00 3.50000E+01 2.13211E+00
 -1      1695 1.19553E+00 3.50000E+01 2.18578E+00
 -1      1696 1.23131E+00 3.50000E+01 2.16789E+00
 -1      1701 1.20466E+00 3.62494E+01 2.10283E+00
 -1      1702 1.16879E+00 3.62497E+01 2.12054E+00
 -1      1703 1.19534E+00 3.62506E+01 2.17433E+00
 -1      1704 1.23121E+00 3.62503E+01 2.15663E+00
 -1      1709 1.20481E+00 3.74988E+01 2.07035E+00
 -1      1710 1.16886E+00 3.74994E+01 2.08790E+00
 -1      1711 1.19519E+00 3.75012E+01 2.14178E+00
 -1      1712 1.23114E+00 3.75006E+01 2.12424E+00
 -1      1717 1.20490E+00 3.87485E+01 2.02171E+00
 -1      1718 1.16891E+00 3.87492E+01 2.03915E+00
 -1      1719 1.19510E+00 3.87515E+01 2.09309E+00
 -1      1720 1.23109E+00 3.87508E+01 2.07565E+00
 -1      1725-1.19510E+00 4.12485E+01-9.30910E-02
 -1      1726-1.23109E+00 4.12492E+01-7.56508E-02
 -1      1727-1.20490E+00 4.12515E+01-2.17140E-02
 -1      1728-1.16891E+00 4.12508E+01-3.91543E-02
 -1      1733-1.19519E+00 4.24988E+01-1.41781E-01
 -1      1734-1.23114E+00 4.24994E+01-1.24237E-01
 -1      1735-1.20481E+00 4.25012E+01-7.03511E-02
 -1      1736-1.16886E+00 4.25006E+01-8.78954E-02
 -1      1741-1.19534E+00 4.37494E+01-1.74330E-01
 -1      1742-1.23121E+00 4.37497E+01-1.56628E-01
 -1      1743-1.20466E+00 4.37506E+01-1.02834E-01
 -1      1744-1.16879E+00 4.37503E+01-1.20535E-01
 -1      1749-1.19553E+00 4.50000E+01-1.85777E-01
 -1      1750-1.23131E+00 4.50000E+01-1.67888E-01
 -1      1751-1.20447E+00 4.50000E+01-1.14223E-01
 -1      1752-1.16869E+00 4.50000E+01-1.32112E-01
 -1      1757-1.19572E+00 4.62506E+01-1.74377E-01
 -1      1758-1.23140E+00 4.62503E+01-1.56298E-01
 -1      1759-1.20428E+00 4.62494E+01-1.02787E-01
 -1      1760-1.16860E+00 4.62497E+01-1.20866E-01
 -1      1765-1.19589E+00 4.75012E+01-1.41868E-01
 -1      1766-1.23149E+00 4.75006E+01-1.23626E-01
 -1      1767-1.20411E+00 4.74988E+01-7.02642E-02
 -1      1768-1.16851E+00 4.74994E+01-8.85056E-02
 -1      1773-1.19601E+00 4.87515E+01-9.32042E-02
 -1      1774-1.23154E+00 4.87507E+01-7.48534E-02
 -1      1775-1.20399E+00 4.87485E+01-2.16008E-02
 -1      1776-1.16846E+00 4.87493E+01-3.99517E-02
 -1      1781 1.20399E+00 4.12515E+01 2.16008E-02
 -1      1782 1.16846E+00 4.12507E+01 3.99517E-02
 -1      1783 1.19601E+00 4.12485E+01 9.32042E-02
 -1      1784 1.23154E+00 4.12493E+01 7.48534E-02
 -1      1789 1.20411E+00 4.25012E+01 7.02642E-02
 -1      1790 1.16851E+00 4.25006E+01 8.85056E-02
 -1      1791 1.19589E+00 4.24988E+01 1.41868E-01
 -1      1792 1.23149E+00 4.24994E+01 1.23626E-01
 -1      1797 1.20428E+00 4.37506E+01 1.02787E-01
 -1      1798 1.16860E+00 4.37503E+01 1.20866E-01
 -1      1799 1.19572E+00 4.37494E+01 1.74377E-01
 -1      1800 1.23140E+00 4.37497E+01 1.56298E-01
 -1      1805 1.20447E+00 4.50000E+01 1.14223E-01
 -1      1806 1.16869E+00 4.50000E+01 1.32112E-01
 -1      1807 1.19553E+00 4.50000E+01 1.85777E-01
 -1      1808 1.23131E+00 4.50000E+01 1.67888E-01
 -1      1813 1.20466E+00 4.62494E+01 1.02834E-01
 -1      1814 1.16879E+00 4.62497E+01 1.20535E-01
 -1      1815 1.19534E+00 4.62506E+01 1.74330E-01
 -1      1816 1.23121E+00 4.62503E+01 1.56628E-01
 -1      1821 1.20481E+00 4.74988E+01 7.03511E-02
 -1      1822 1.16886E+00 4.74994E+01 8.78954E-02
 -1      1823 1.19519E+00 4.75012E+01 1.41781E-01
 -1      1824 1.23114E+00 4.75006E+01 1.24237E-01
 -1      1829 1.20490E+00 4.87485E+01 2.17140E-02
 -1      1830 1.16891E+00 4.87492E+01 3.91543E-02
 -1      1831 1.19510E+00 4.87515E+01 9.30910E-02
 -1      1832 1.23109E+00 4.87508E+01 7.56508E-02
 -1      1837-1.19510E+00 4.12485E+01 1.90691E+00
 -1      1838-1.23109E+00 4.12492E+01 1.92435E+00
 -1      1839-1.20490E+00 4.12515E+01 1.97829E+00
 -1      1840-1.16891E+00 4.12508E+01 1.96085E+00
 -1      1845-1.19519E+00 4.24988E+01 1.85822E+00
 -1      1846-1.23114E+00 4.24994E+01 1.87576E+00
 -1      1847-1.20481E+00 4.25012E+01 1.92965E+00
 -1      1848-1.16886E+00 4.25006E+01 1.91210E+00
 -1      1853-1.19534E+00 4.37494E+01 1.82567E+00
 -1      1854-1.23121E+00 4.37497E+01 1.84337E+00
 -1      1855-1.20466E+00 4.37506E+01 1.89717E+00
 -1      1856-1.16879E+00 4.37503E+01 1.87946E+00
 -1      1861-1.19553E+00 4.50000E+01 1.81422E+00
 -1      1862-1.23131E+00 4.50000E+01 1.83211E+00
 -1      1863-1.20447E+00 4.50000E+01 1.88578E+00
 -1      1864-1.16869E+00 4.50000E+01 1.86789E+00
 -1      1869-1.19572E+00 4.62506E+01 1.82562E+00
 -1      1870-1.23140E+00 4.62503E+01 1.84370E+00
 -1      1871-1.20428E+00 4.62494E+01 1.89721E+00
 -1      1872-1.16860E+00 4.62497E+01 1.87913E+00
 -1      1877-1.19589E+00 4.75012E+01 1.85813E+00
 -1      1878-1.23149E+00 4.75006E+01 1.87637E+00
 -1      1879-1.20411E+00 4.74988E+01 1.92974E+00
 -1      1880-1.16851E+00 4.74994E+01 1.91149E+00
 -1      1885-1.19601E+00 4.87515E+01 1.90680E+00
 -1      1886-1.23154E+00 4.87507E+01 1.92515E+00
 -1      1887-1.20399E+00 4.87485E+01 1.97840E+00
 -1      1888-1.16846E+00 4.87493E+01 1.96005E+00
 -1      1893 1.20399E+00 4.12515E+01 2.02160E+00
 -1      1894 1.16846E+00 4.12507E+01 2.03995E+00
 -1      1895 1.19601E+00 4.12485E+01 2.09320E+00
 -1      1896 1.23154E+00 4.12493E+01 2.07485E+00
 -1      1901 1.20411E+00 4.25012E+01 2.07026E+00
 -1      1902 1.16851E+00 4.25006E+01 2.08851E+00
 -1      1903 1.19589E+00 4.24988E+01 2.14187E+00
 -1      1904 1.23149E+00 4.24994E+01 2.12363E+00
 -1      1909 1.20428E+00 4.37506E+01 2.10279E+00
 -1      1910 1.16860E+00 4.37503E+01 2.12087E+00
 -1      1911 1.19572E+00 4.37494E+01 2.17438E+00
 -1      1912 1.23140E+00 4.37497E+01 2.15630E+00
 -1      1917 1.20447E+00 4.50000E+01 2.11422E+00
 -1      1918 1.16869E+00 4.50000E+01 2.13211E+00
 -1      1919 1.19553E+00 4.50000E+01 2.18578E+00
 -1      1920 1.23131E+00 4.50000E+01 2.16789E+00
 -1      1925 1.20466E+00 4.62494E+01 2.10283E+00
 -1      1926 1.16879E+00 4.62497E+01 2.12054E+00
 -1      1927 1.19534E+00 4.62506E+01 2.17433E+00
 -1      1928 1.23121E+00 4.62503E+01 2.15663E+00
 -1      1933 1.20481E+00 4.74988E+01 2.07035E+00
 -1      1934 1.16886E+00 4.74994E+01 2.08790E+00
 -1      1935 1.19519E+00 4.75012E+01 2.14178E+00
 -1      1936 1.23114E+00 4.75006E+01 2.12424E+00
 -1      1941 1.20490E+00 4.87485E+01 2.02171E+00
 -1      1942 1.16891E+00 4.87492E+01 2.03915E+00
 -1      1943 1.19510E+00 4.87515E+01 2.09309E+00
 -1      1944 1.23109E+00 4.87508E+01 2.07565E+00
 -1      1949-6.01023E-01-5.95507E-02-1.16832E-02
 -1      1950-6.00070E-01-2.77896E-02-3.59798E-02
 -1      1951-5.98977E-01 8.63897E-03 1.16832E-02
 -1      1952-5.99930E-01-2.31221E-02 3.59798E-02
 -1      1957 0.00000E+00-6.99997E-02-1.20008E-02
 -1      1958 0.00000E+00-3.79991E-02-3.60000E-02
 -1      1959 0.00000E+00-2.00028E-03 1.20008E-02
 -1      1960 0.00000E+00-3.40009E-02 3.60000E-02
 -1      1965 6.01016E-01-5.93202E-02-1.23359E-02
 -1      1966 6.00049E-01-2.70988E-02-3.60180E-02
 -1      1967 5.98984E-01 8.40852E-03 1.23359E-02
 -1      1968 5.99951E-01-2.38129E-02 3.60180E-02
 -1      1973-5.98984E-01-8.40852E-03 1.98766E+00
 -1      1974-5.99951E-01 2.38129E-02 1.96398E+00
 -1      1975-6.01016E-01 5.93202E-02 2.01234E+00
 -1      1976-6.00049E-01 2.70988E-02 2.03602E+00
 -1      1981 0.00000E+00 2.00028E-03 1.98800E+00
 -1      1982 0.00000E+00 3.40009E-02 1.96400E+00
 -1      1983 0.00000E+00 6.99997E-02 2.01200E+00
 -1      1984 0.00000E+00 3.79991E-02 2.03600E+00
 -1      1989 5.98977E-01-8.63897E-03 1.98832E+00
 -1      1990 5.99930E-01 2.31221E-02 1.96402E+00
 -1      1991 6.01023E-01 5.95507E-02 2.01168E+00
 -1      1992 6.00070E-01 2.77896E-02 2.03598E+00
 -1      1997-1.23354E+00 7.99623E-03 5.00396E-01
 -1      1998-1.20070E+00-1.48194E-02 5.01081E-01
 -1      1999-1.16646E+00 3.44302E-02 4.99604E-01
 -1      2000-1.19930E+00 5.72458E-02 4.98919E-01
 -1      2005-1.23328E+00 1.61383E-02 1.00000E+00
 -1      2006-1.20001E+00-6.05551E-03 1.00000E+00
 -1      2007-1.16672E+00 4.38617E-02 1.00000E+00
 -1      2008-1.19999E+00 6.60555E-02 1.00000E+00
 -1      2013-1.23303E+00 6.76606E-03 1.49957E+00
 -1      2014-1.19936E+00-1.48205E-02 1.49892E+00
 -1      2015-1.16697E+00 3.56603E-02 1.50043E+00
 -1      2016-1.20064E+00 5.72469E-02 1.50108E+00
 -1      2021 1.16697E+00-3.56603E-02 4.99567E-01
 -1      2022 1.20064E+00-5.72469E-02 4.98919E-01
 -1      2023 1.23303E+00-6.76606E-03 5.00433E-01
 -1      2024 1.19936E+00 1.48205E-02 5.01081E-01
 -1      2029 1.16672E+00-4.38617E-02 1.00000E+00
 -1      2030 1.19999E+00-6.60555E-02 1.00000E+00
 -1      2031 1.23328E+00-1.61383E-02 1.00000E+00
 -1      2032 1.20001E+00 6.05551E-03 1.00000E+00
 -1      2037 1.16646E+00-3.44302E-02 1.50040E+00
 -1      2038 1.19930E+00-5.72458E-02 1.50108E+00
 -1      2039 1.23354E+00-7.99623E-03 1.49960E+00
 -1      2040 1.20070E+00 1.48194E-02 1.49892E+00
 -1      2045 0.00000E+00 1.99300E+01-1.20023E-02
 -1      2046 0.00000E+00 1.99620E+01-3.60001E-02
 -1      2047 0.00000E+00 1.99980E+01 1.20023E-02
 -1      2048 0.00000E+00 1.99660E+01 3.60001E-02
 -1      2053 0.00000E+00 2.00020E+01 1.98800E+00
 -1      2054 0.00000E+00 2.00340E+01 1.96400E+00
 -1      2055 0.00000E+00 2.00700E+01 2.01200E+00
 -1      2056 0.00000E+00 2.00380E+01 2.03600E+00
 -1      2061-1.23329E+00 2.00161E+01 1.00000E+00
 -1      2062-1.20002E+00 1.99939E+01 1.00000E+00
 -1      2063-1.16671E+00 2.00438E+01 1.00000E+00
 -1      2064-1.19998E+00 2.00661E+01 1.00000E+00
 -1      2069 1.16671E+00 1.99562E+01 1.00000E+00
 -1      2070 1.19998E+00 1.99339E+01 1.00000E+00
 -1      2071 1.23329E+00 1.99839E+01 1.00000E+00
 -1      2072 1.20002E+00 2.00061E+01 1.00000E+00
 -1      2077-9.01448E-01 3.99521E+01-1.15569E-02
 -1      2078-9.00105E-01 3.99838E+01-3.59710E-02
 -1      2079-8.98552E-01 4.00203E+01 1.15569E-02
 -1      2080-8.99895E-01 3.99887E+01 3.59710E-02
 -1      2085-6.01107E-01 3.99404E+01-1.16576E-02
 -1      2086-6.00077E-01 3.99722E+01-3.59781E-02
 -1      2087-5.98893E-01 4.00086E+01 1.16576E-02
 -1      2088-5.99923E-01 3.99769E+01 3.59781E-02
 -1      2093-3.00599E-01 3.99327E+01-1.18121E-02
 -1      2094-3.00039E-01 3.99645E+01-3.59884E-02
 -1      2095-2.99401E-01 4.00008E+01 1.18121E-02
 -1      2096-2.99961E-01 3.99689E+01 3.59884E-02
 -1      2101 0.00000E+00 3.99300E+01-1.20002E-02
 -1      2102 0.00000E+00 3.99620E+01-3.60000E-02
 -1      2103 0.00000E+00 3.99980E+01 1.20002E-02
 -1      2104 0.00000E+00 3.99660E+01 3.60000E-02
 -1      2109 3.00596E-01 3.99328E+01-1.21945E-02
 -1      2110 3.00032E-01 3.99649E+01-3.60109E-02
 -1      2111 2.99404E-01 4.00007E+01 1.21945E-02
 -1      2112 2.99968E-01 3.99685E+01 3.60109E-02
 -1      2117 6.01099E-01 3.99407E+01-1.23640E-02
 -1      2118 6.00052E-01 3.99729E+01-3.60194E-02
 -1      2119 5.98901E-01 4.00084E+01 1.23640E-02
 -1      2120 5.99948E-01 3.99762E+01 3.60194E-02
 -1      2125 9.01434E-01 3.99524E+01-1.24797E-02
 -1      2126 9.00063E-01 3.99847E+01-3.60247E-02
 -1      2127 8.98566E-01 4.00200E+01 1.24797E-02
 -1      2128 8.99937E-01 3.99877E+01 3.60247E-02
 -1      2133-8.98566E-01 3.99800E+01 1.98752E+00
 -1      2134-8.99937E-01 4.00123E+01 1.96398E+00
 -1      2135-9.01434E-01 4.00476E+01 2.01248E+00
 -1      2136-9.00063E-01 4.00153E+01 2.03602E+00
 -1      2141-5.98901E-01 3.99916E+01 1.98764E+00
 -1      2142-5.99948E-01 4.00238E+01 1.96398E+00
 -1      2143-6.01099E-01 4.00593E+01 2.01236E+00
 -1      2144-6.00052E-01 4.00271E+01 2.03602E+00
 -1      2149-2.99404E-01 3.99993E+01 1.98781E+00
 -1      2150-2.99968E-01 4.00315E+01 1.96399E+00
 -1      2151-3.00596E-01 4.00672E+01 2.01219E+00
 -1      2152-3.00032E-01 4.00351E+01 2.03601E+00
 -1      2157 0.00000E+00 4.00020E+01 1.98800E+00
 -1      2158 0.00000E+00 4.00340E+01 1.96400E+00
 -1      2159 0.00000E+00 4.00700E+01 2.01200E+00
 -1      2160 0.00000E+00 4.00380E+01 2.03600E+00
 -1      2165 2.99401E-01 3.99992E+01 1.98819E+00
 -1      2166 2.99961E-01 4.00311E+01 1.96401E+00
 -1      2167 3.00599E-01 4.00673E+01 2.01181E+00
 -1      2168 3.00039E-01 4.00355E+01 2.03599E+00
 -1      2173 5.98893E-01 3.99914E+01 1.98834E+00
 -1      2174 5.99923E-01 4.00231E+01 1.96402E+00
 -1      2175 6.01107E-01 4.00596E+01 2.01166E+00
 -1      2176 6.00077E-01 4.00278E+01 2.03598E+00
 -1      2181 8.98552E-01 3.99797E+01 1.98844E+00
 -1      2182 8.99895E-01 4.00113E+01 1.96403E+00
 -1      2183 9.01448E-01 4.00479E+01 2.01156E+00
 -1      2184 9.00105E-01 4.00162E+01 2.03597E+00
 -1      2189-1.23365E+00 3.99985E+01 2.50549E-01
 -1      2190-1.20099E+00 3.99755E+01 2.51528E-01
 -1      2191-1.16635E+00 4.00244E+01 2.49451E-01
 -1      2192-1.19901E+00 4.00475E+01 2.48472E-01
 -1      2197-1.23356E+00 4.00080E+01 5.00427E-01
 -1      2198-1.20075E+00 3.99852E+01 5.01170E-01
 -1      2199-1.16644E+00 4.00344E+01 4.99573E-01
 -1      2200-1.19925E+00 4.00572E+01 4.98830E-01
 -1      2205-1.23343E+00 4.00142E+01 7.50237E-01
 -1      2206-1.20040E+00 3.99917E+01 7.50633E-01
 -1      2207-1.16657E+00 4.00412E+01 7.49763E-01
 -1      2208-1.19960E+00 4.00638E+01 7.49367E-01
 -1      2213-1.23328E+00 4.00161E+01 1.00000E+00
 -1      2214-1.20000E+00 3.99939E+01 1.00000E+00
 -1      2215-1.16672E+00 4.00439E+01 1.00000E+00
 -1      2216-1.20000E+00 4.00661E+01 1.00000E+00
 -1      2221-1.23313E+00 4.00135E+01 1.24975E+00
 -1      2222-1.19962E+00 3.99917E+01 1.24937E+00
 -1      2223-1.16687E+00 4.00419E+01 1.25025E+00
 -1      2224-1.20038E+00 4.00638E+01 1.25063E+00
 -1      2229-1.23301E+00 4.00067E+01 1.49953E+00
 -1      2230-1.19931E+00 3.99852E+01 1.49883E+00
 -1      2231-1.16699E+00 4.00357E+01 1.50047E+00
 -1      2232-1.20069E+00 4.00572E+01 1.50117E+00
 -1      2237-1.23293E+00 3.99968E+01 1.74938E+00
 -1      2238-1.19911E+00 3.99755E+01 1.74847E+00
 -1      2239-1.16707E+00 4.00262E+01 1.75062E+00
 -1      2240-1.20089E+00 4.00475E+01 1.75153E+00
 -1      2245 1.16707E+00 3.99738E+01 2.49378E-01
 -1      2246 1.20089E+00 3.99525E+01 2.48472E-01
 -1      2247 1.23293E+00 4.00032E+01 2.50622E-01
 -1      2248 1.19911E+00 4.00245E+01 2.51528E-01
 -1      2253 1.16699E+00 3.99643E+01 4.99529E-01
 -1      2254 1.20069E+00 3.99428E+01 4.98830E-01
 -1      2255 1.23301E+00 3.99933E+01 5.00471E-01
 -1      2256 1.19931E+00 4.00148E+01 5.01170E-01
 -1      2261 1.16687E+00 3.99581E+01 7.49750E-01
 -1      2262 1.20038E+00 3.99362E+01 7.49367E-01
 -1      2263 1.23313E+00 3.99865E+01 7.50250E-01
 -1      2264 1.19962E+00 4.00083E+01 7.50633E-01
 -1      2269 1.16672E+00 3.99561E+01 1.00000E+00
 -1      2270 1.20000E+00 3.99339E+01 1.00000E+00
 -1      2271 1.23328E+00 3.99839E+01 1.00000E+00
 -1      2272 1.20000E+00 4.00061E+01 1.00000E+00
 -1      2277 1.16657E+00 3.99588E+01 1.25024E+00
 -1      2278 1.19960E+00 3.99362E+01 1.25063E+00
 -1      2279 1.23343E+00 3.99858E+01 1.24976E+00
 -1      2280 1.20040E+00 4.00083E+01 1.24937E+00
 -1      2285 1.16644E+00 3.99656E+01 1.50043E+00
 -1      2286 1.19925E+00 3.99428E+01 1.50117E+00
 -1      2287 1.23356E+00 3.99920E+01 1.49957E+00
 -1      2288 1.20075E+00 4.00148E+01 1.49883E+00
 -1      2293 1.16635E+00 3.99756E+01 1.75055E+00
 -1      2294 1.19901E+00 3.99525E+01 1.75153E+00
 -1      2295 1.23365E+00 4.00015E+01 1.74945E+00
 -1      2296 1.20099E+00 4.00245E+01 1.74847E+00
 -1      2301-9.01448E-01 4.99521E+01-1.15569E-02
 -1      2302-9.00105E-01 4.99838E+01-3.59710E-02
 -1      2303-8.98552E-01 5.00203E+01 1.15569E-02
 -1      2304-8.99895E-01 4.99887E+01 3.59710E-02
 -1      2309-6.01107E-01 4.99404E+01-1.16576E-02
 -1      2310-6.00077E-01 4.99722E+01-3.59781E-02
 -1      2311-5.98893E-01 5.00086E+01 1.16576E-02
 -1      2312-5.99923E-01 4.99769E+01 3.59781E-02
 -1      2317-3.00599E-01 4.99327E+01-1.18121E-02
 -1      2318-3.00039E-01 4.99645E+01-3.59884E-02
 -1      2319-2.99401E-01 5.00008E+01 1.18121E-02
 -1      2320-2.99961E-01 4.99689E+01 3.59884E-02
 -1      2325 0.00000E+00 4.99300E+01-1.20002E-02
 -1      2326 0.00000E+00 4.99620E+01-3.60000E-02
 -1      2327 0.00000E+00 4.99980E+01 1.20002E-02
 -1      2328 0.00000E+00 4.99660E+01 3.60000E-02
 -1      2333 3.00596E-01 4.99328E+01-1.21945E-02
 -1      2334 3.00032E-01 4.99649E+01-3.60109E-02
 -1      2335 2.99404E-01 5.00007E+01 1.21945E-02
 -1      2336 2.99968E-01 4.99685E+01 3.60109E-02
 -1      2341 6.01099E-01 4.99407E+01-1.23640E-02
 -1      2342 6.00052E-01 4.99729E+01-3.60194E-02
 -1      2343 5.98901E-01 5.00084E+01 1.23640E-02
 -1      2344 5.99948E-01 4.99762E+01 3.60194E-02
 -1      2349 9.01434E-01 4.99524E+01-1.24797E-02
 -1      2350 9.00063E-01 4.99847E+01-3.60247E-02
 -1      2351 8.98566E-01 5.00200E+01 1.24797E-02
 -1      2352 8.99937E-01 4.99877E+01 3.60247E-02
 -1      2357-8.98566E-01 4.99800E+01 1.98752E+00
 -1      2358-8.99937E-01 5.00123E+01 1.96398E+00
 -1      2359-9.01434E-01 5.00476E+01 2.01248E+00
 -1      2360-9.00063E-01 5.00153E+01 2.03602E+00
 -1      2365-5.98901E-01 4.99916E+01 1.98764E+00
 -1      2366-5.99948E-01 5.00238E+01 1.96398E+00
 -1      2367-6.01099E-01 5.00593E+01 2.01236E+00
 -1      2368-6.00052E-01 5.00271E+01 2.03602E+00
 -1      2373-2.99404E-01 4.99993E+01 1.98781E+00
 -1      2374-2.99968E-01 5.00315E+01 1.96399E+00
 -1      2375-3.00596E-01 5.00672E+01 2.01219E+00
 -1      2376-3.00032E-01 5.00351E+01 2.03601E+00
 -1      2381 0.00000E+00 5.00020E+01 1.98800E+00
 -1      2382 0.00000E+00 5.00340E+01 1.96400E+00
 -1      2383 0.00000E+00 5.00700E+01 2.01200E+00
 -1      2384 0.00000E+00 5.00380E+01 2.03600E+00
 -1      2389 2.99401E-01 4.99992E+01 1.98819E+00
 -1      2390 2.99961E-01 5.00311E+01 1.96401E+00
 -1      2391 3.00599E-01 5.00673E+01 2.01181E+00
 -1      2392 3.00039E-01 5.00355E+01 2.03599E+00
 -1      2397 5.98893E-01 4.99914E+01 1.98834E+00
 -1      2398 5.99923E-01 5.00231E+01 1.96402E+00
 -1      2399 6.01107E-01 5.00596E+01 2.01166E+00
 -1      2400 6.00077E-01 5.00278E+01 2.03598E+00
 -1      2405 8.98552E-01 4.99797E+01 1.98844E+00
 -1      2406 8.99895E-01 5.00113E+01 1.96403E+00
 -1      2407 9.01448E-01 5.00479E+01 2.01156E+00
 -1      2408 9.00105E-01 5.00162E+01 2.03597E+00
 -1      2413-1.23365E+00 4.99985E+01 2.50549E-01
 -1      2414-1.20099E+00 4.99755E+01 2.51528E-01
 -1      2415-1.16635E+00 5.00244E+01 2.49451E-01
 -1      2416-1.19901E+00 5.00475E+01 2.48472E-01
 -1      2421-1.23356E+00 5.00080E+01 5.00427E-01
 -1      2422-1.20075E+00 4.99852E+01 5.01170E-01
 -1      2423-1.16644E+00 5.00344E+01 4.99573E-01
 -1      2424-1.19925E+00 5.00572E+01 4.98830E-01
 -1      2429-1.23343E+00 5.00142E+01 7.50237E-01
 -1      2430-1.20040E+00 4.99917E+01 7.50633E-01
 -1      2431-1.16657E+00 5.00412E+01 7.49763E-01
 -1      2432-1.19960E+00 5.00638E+01 7.49367E-01
 -1      2437-1.23328E+00 5.00161E+01 1.00000E+00
 -1      2438-1.20000E+00 4.99939E+01 1.00000E+00
 -1      2439-1.16672E+00 5.00439E+01 1.00000E+00
 -1      2440-1.20000E+00 5.00661E+01 1.00000E+00
 -1      2445-1.23313E+00 5.00135E+01 1.24975E+00
 -1      2446-1.19962E+00 4.99917E+01 1.24937E+00
 -1      2447-1.16687E+00 5.00419E+01 1.25025E+00
 -1      2448-1.20038E+00 5.00638E+01 1.25063E+00
 -1      2453-1.23301E+00 5.00067E+01 1.49953E+00
 -1      2454-1.19931E+00 4.99852E+01 1.49883E+00
 -1      2455-1.16699E+00 5.00357E+01 1.50047E+00
 -1      2456-1.20069E+00 5.00572E+01 1.50117E+00
 -1      2461-1.23293E+00 4.99968E+01 1.74938E+00
 -1      2462-1.19911E+00 4.99755E+01 1.74847E+00
 -1      2463-1.16707E+00 5.00262E+01 1.75062E+00
 -1      2464-1.20089E+00 5.00475E+01 1.75153E+00
 -1      2469 1.16707E+00 4.99738E+01 2.49378E-01
 -1      2470 1.20089E+00 4.99525E+01 2.48472E-01
 -1      2471 1.23293E+00 5.00032E+01 2.50622E-01
 -1      2472 1.19911E+00 5.00245E+01 2.51528E-01
 -1      2477 1.16699E+00 4.99643E+01 4.99529E-01
 -1      2478 1.20069E+00 4.99428E+01 4.98830E-01
 -1      2479 1.23301E+00 4.99933E+01 5.00471E-01
 -1      2480 1.19931E+00 5.00148E+01 5.01170E-01
 -1      2485 1.16687E+00 4.99581E+01 7.49750E-01
 -1      2486 1.20038E+00 4.99362E+01 7.49367E-01
 -1      2487 1.23313E+00 4.99865E+01 7.50250E-01
 -1      2488 1.19962E+00 5.00083E+01 7.50633E-01
 -1      2493 1.16672E+00 4.99561E+01 1.00000E+00
 -1      2494 1.20000E+00 4.99339E+01 1.00000E+00
 -1      2495 1.23328E+00 4.99839E+01 1.00000E+00
 -1      2496 1.20000E+00 5.00061E+01 1.00000E+00
 -1      2501 1.16657E+00 4.99588E+01 1.25024E+00
 -1      2502 1.19960E+00 4.99362E+01 1.25063E+00
 -1      2503 1.23343E+00 4.99858E+01 1.24976E+00
 -1      2504 1.20040E+00 5.00083E+01 1.24937E+00
 -1      2509 1.16644E+00 4.99656E+01 1.50043E+00
 -1      2510 1.19925E+00 4.99428E+01 1.50117E+00
 -1      2511 1.23356E+00 4.99920E+01 1.49957E+00
 -1      2512 1.20075E+00 5.00148E+01 1.49883E+00
 -1      2517 1.16635E+00 4.99756E+01 1.75055E+00
 -1      2518 1.19901E+00 4.99525E+01 1.75153E+00
 -1      2519 1.23365E+00 5.00015E+01 1.74945E+00
 -1      2520 1.20099E+00 5.00245E+01 1.74847E+00
 -1      2525-1.19830E+00 5.03706E+00 8.14684E-01
 -1      2526-1.23259E+00 5.03303E+00 8.34874E-01
 -1      2527-1.20170E+00 5.02294E+00 8.85316E-01
 -1      2528-1.16741E+00 5.02697E+00 8.65126E-01
 -1      2533-1.19388E+00 5.02303E+00 1.11516E+00
 -1      2534-1.23044E+00 5.02621E+00 1.13106E+00
 -1      2535-1.20612E+00 5.03697E+00 1.18484E+00
 -1      2536-1.16956E+00 5.03379E+00 1.16894E+00
 -1      2541 1.20170E+00 5.03706E+00 8.14684E-01
 -1      2542 1.16741E+00 5.03303E+00 8.34874E-01
 -1      2543 1.19830E+00 5.02294E+00 8.85316E-01
 -1      2544 1.23259E+00 5.02697E+00 8.65126E-01
 -1      2549 1.20612E+00 5.02303E+00 1.11516E+00
 -1      2550 1.16956E+00 5.02621E+00 1.13106E+00
 -1      2551 1.19388E+00 5.03697E+00 1.18484E+00
 -1      2552 1.23044E+00 5.03379E+00 1.16894E+00
 -1      2557 1.59908E-01 4.96162E+00-3.45858E-02
 -1      2558 1.22767E-01 4.97054E+00-2.27077E-02
 -1      2559 1.40092E-01 4.96638E+00 3.45858E-02
 -1      2560 1.77233E-01 4.95746E+00 2.27077E-02
 -1      2565-1.49864E-01 4.96403E+00-3.60552E-02
 -1      2566-1.82310E-01 4.95625E+00-1.39967E-02
 -1      2567-1.50136E-01 4.96397E+00 3.60552E-02
 -1      2568-1.17690E-01 4.97175E+00 1.39967E-02
 -1      2573 1.59908E-01 4.96162E+00 1.96541E+00
 -1      2574 1.22767E-01 4.97054E+00 1.97729E+00
 -1      2575 1.40092E-01 4.96638E+00 2.03459E+00
 -1      2576 1.77233E-01 4.95746E+00 2.02271E+00
 -1      2581-1.49864E-01 4.96403E+00 1.96394E+00
 -1      2582-1.82310E-01 4.95625E+00 1.98600E+00
 -1      2583-1.50136E-01 4.96397E+00 2.03606E+00
 -1      2584-1.17690E-01 4.97175E+00 2.01400E+00
 -1      2589-1.19830E+00 1.50371E+01 8.14684E-01
 -1      2590-1.23259E+00 1.50330E+01 8.34874E-01
 -1      2591-1.20170E+00 1.50229E+01 8.85316E-01
 -1      2592-1.16741E+00 1.50270E+01 8.65126E-01
 -1      2597-1.19388E+00 1.50230E+01 1.11516E+00
 -1      2598-1.23044E+00 1.50262E+01 1.13106E+00
 -1      2599-1.20612E+00 1.50370E+01 1.18484E+00
 -1      2600-1.16956E+00 1.50338E+01 1.16894E+00
 -1      2605 1.20170E+00 1.50371E+01 8.14684E-01
 -1      2606 1.16741E+00 1.50330E+01 8.34874E-01
 -1      2607 1.19830E+00 1.50229E+01 8.85316E-01
 -1      2608 1.23259E+00 1.50270E+01 8.65126E-01
 -1      2613 1.20612E+00 1.50230E+01 1.11516E+00
 -1      2614 1.16956E+00 1.50262E+01 1.13106E+00
 -1      2615 1.19388E+00 1.50370E+01 1.18484E+00
 -1      2616 1.23044E+00 1.50338E+01 1.16894E+00
 -1      2621 1.59908E-01 1.49616E+01-3.45858E-02
 -1      2622 1.22767E-01 1.49705E+01-2.27077E-02
 -1      2623 1.40092E-01 1.49664E+01 3.45858E-02
 -1      2624 1.77233E-01 1.49575E+01 2.27077E-02
 -1      2629-1.49864E-01 1.49640E+01-3.60552E-02
 -1      2630-1.82310E-01 1.49562E+01-1.39967E-02
 -1      2631-1.50136E-01 1.49640E+01 3.60552E-02
 -1      2632-1.17690E-01 1.49718E+01 1.39967E-02
 -1      2637 1.59908E-01 1.49616E+01 1.96541E+00
 -1      2638 1.22767E-01 1.49705E+01 1.97729E+00
 -1      2639 1.40092E-01 1.49664E+01 2.03459E+00
 -1      2640 1.77233E-01 1.49575E+01 2.02271E+00
 -1      2645-1.49864E-01 1.49640E+01 1.96394E+00
 -1      2646-1.82310E-01 1.49562E+01 1.98600E+00
 -1      2647-1.50136E-01 1.49640E+01 2.03606E+00
 -1      2648-1.17690E-01 1.49718E+01 2.01400E+00
 -1      2653-1.19830E+00 3.50371E+01 8.14684E-01
 -1      2654-1.23259E+00 3.50330E+01 8.34874E-01
 -1      2655-1.20170E+00 3.50229E+01 8.85316E-01
 -1      2656-1.16741E+00 3.50270E+01 8.65126E-01
 -1      2661-1.19388E+00 3.50230E+01 1.11516E+00
 -1      2662-1.23044E+00 3.50262E+01 1.13106E+00
 -1      2663-1.20612E+00 3.50370E+01 1.18484E+00
 -1      2664-1.16956E+00 3.50338E+01 1.16894E+00
 -1      2669 1.20170E+00 3.50371E+01 8.14684E-01
 -1      2670 1.16741E+00 3.50330E+01 8.34874E-01
 -1      2671 1.19830E+00 3.50229E+01 8.85316E-01
 -1      2672 1.23259E+00 3.50270E+01 8.65126E-01
 -1      2677 1.20612E+00 3.50230E+01 1.11516E+00
 -1      2678 1.16956E+00 3.50262E+01 1.13106E+00
 -1      2679 1.19388E+00 3.50370E+01 1.18484E+00
 -1      2680 1.23044E+00 3.50338E+01 1.16894E+00
 -1      2685 1.59908E-01 3.49616E+01-3.45858E-02
 -1      2686 1.22767E-01 3.49705E+01-2.27077E-02
 -1      2687 1.40092E-01 3.49664E+01 3.45858E-02
 -1      2688 1.77233E-01 3.49575E+01 2.27077E-02
 -1      2693-1.49864E-01 3.49640E+01-3.60552E-02
 -1      2694-1.82310E-01 3.49562E+01-1.39967E-02
 -1      2695-1.50136E-01 3.49640E+01 3.60552E-02
 -1      2696-1.17690E-01 3.49718E+01 1.39967E-02
 -1      2701 1.59908E-01 3.49616E+01 1.96541E+00
 -1      2702 1.22767E-01 3.49705E+01 1.97729E+00
 -1      2703 1.40092E-01 3.49664E+01 2.03459E+00
 -1      2704 1.77233E-01 3.49575E+01 2.02271E+00
 -1      2709-1.49864E-01 3.49640E+01 1.96394E+00
 -1      2710-1.82310E-01 3.49562E+01 1.98600E+00
 -1      2711-1.50136E-01 3.49640E+01 2.03606E+00
 -1      2712-1.17690E-01 3.49718E+01 2.01400E+00
 -1      2717-1.19757E+00 4.12670E+01 1.57055E-01
 -1      2718-1.23227E+00 4.12640E+01 1.76710E-01
 -1      2719-1.20243E+00 4.12559E+01 2.28140E-01
 -1      2720-1.16773E+00 4.12590E+01 2.08485E-01
 -1      2725-1.19773E+00 4.25271E+01 3.58438E-01
 -1      2726-1.23234E+00 4.25238E+01 3.78214E-01
 -1      2727-1.20227E+00 4.25153E+01 4.29430E-01
 -1      2728-1.16766E+00 4.25186E+01 4.09654E-01
 -1      2733-1.19798E+00 4.37842E+01 5.76000E-01
 -1      2734-1.23245E+00 4.37805E+01 5.95959E-01
 -1      2735-1.20202E+00 4.37713E+01 6.46836E-01
 -1      2736-1.16755E+00 4.37749E+01 6.26877E-01
 -1      2741-1.19828E+00 4.50371E+01 8.14685E-01
 -1      2742-1.23258E+00 4.50330E+01 8.34863E-01
 -1      2743-1.20172E+00 4.50229E+01 8.85315E-01
 -1      2744-1.16742E+00 4.50270E+01 8.65137E-01
 -1      2749-1.19860E+00 4.62854E+01 1.07622E+00
 -1      2750-1.23272E+00 4.62809E+01 1.09662E+00
 -1      2751-1.20140E+00 4.62700E+01 1.14662E+00
 -1      2752-1.16728E+00 4.62745E+01 1.12622E+00
 -1      2757-1.19888E+00 4.75294E+01 1.35884E+00
 -1      2758-1.23284E+00 4.75246E+01 1.37943E+00
 -1      2759-1.20112E+00 4.75130E+01 1.42902E+00
 -1      2760-1.16716E+00 4.75178E+01 1.40843E+00
 -1      2765-1.19908E+00 4.87700E+01 1.65759E+00
 -1      2766-1.23292E+00 4.87650E+01 1.67830E+00
 -1      2767-1.20092E+00 4.87529E+01 1.72761E+00
 -1      2768-1.16708E+00 4.87580E+01 1.70689E+00
 -1      2773-1.19416E+00 4.12560E+01 1.77225E+00
 -1      2774-1.23060E+00 4.12585E+01 1.78856E+00
 -1      2775-1.20584E+00 4.12670E+01 1.84256E+00
 -1      2776-1.16940E+00 4.12644E+01 1.82625E+00
 -1      2781-1.19409E+00 4.25154E+01 1.57098E+00
 -1      2782-1.23056E+00 4.25181E+01 1.58719E+00
 -1      2783-1.20591E+00 4.25271E+01 1.64115E+00
 -1      2784-1.16944E+00 4.25244E+01 1.62494E+00
 -1      2789-1.19399E+00 4.37714E+01 1.35360E+00
 -1      2790-1.23051E+00 4.37743E+01 1.36967E+00
 -1      2791-1.20601E+00 4.37841E+01 1.42356E+00
 -1      2792-1.16949E+00 4.37812E+01 1.40749E+00
 -1      2797-1.19388E+00 4.50230E+01 1.11516E+00
 -1      2798-1.23044E+00 4.50262E+01 1.13106E+00
 -1      2799-1.20612E+00 4.50370E+01 1.18484E+00
 -1      2800-1.16956E+00 4.50338E+01 1.16894E+00
 -1      2805-1.19377E+00 4.62701E+01 8.53886E-01
 -1      2806-1.23038E+00 4.62736E+01 8.69618E-01
 -1      2807-1.20623E+00 4.62853E+01 9.23278E-01
 -1      2808-1.16962E+00 4.62819E+01 9.07546E-01
 -1      2813-1.19368E+00 4.75131E+01 5.71502E-01
 -1      2814-1.23034E+00 4.75168E+01 5.87093E-01
 -1      2815-1.20632E+00 4.75293E+01 6.40630E-01
 -1      2816-1.16966E+00 4.75257E+01 6.25039E-01
 -1      2821-1.19363E+00 4.87531E+01 2.72930E-01
 -1      2822-1.23031E+00 4.87568E+01 2.88429E-01
 -1      2823-1.20637E+00 4.87699E+01 3.41875E-01
 -1      2824-1.16969E+00 4.87661E+01 3.26376E-01
 -1      2829 1.20243E+00 4.12670E+01 1.57055E-01
 -1      2830 1.16773E+00 4.12640E+01 1.76710E-01
 -1      2831 1.19757E+00 4.12559E+01 2.28140E-01
 -1      2832 1.23227E+00 4.12590E+01 2.08485E-01
 -1      2837 1.20227E+00 4.25271E+01 3.58438E-01
 -1      2838 1.16766E+00 4.25238E+01 3.78214E-01
 -1      2839 1.19773E+00 4.25153E+01 4.29430E-01
 -1      2840 1.23234E+00 4.25186E+01 4.09654E-01
 -1      2845 1.20202E+00 4.37842E+01 5.76000E-01
 -1      2846 1.16755E+00 4.37805E+01 5.95959E-01
 -1      2847 1.19798E+00 4.37713E+01 6.46836E-01
 -1      2848 1.23245E+00 4.37749E+01 6.26877E-01
 -1      2853 1.20172E+00 4.50371E+01 8.14685E-01
 -1      2854 1.16742E+00 4.50330E+01 8.34863E-01
 -1      2855 1.19828E+00 4.50229E+01 8.85315E-01
 -1      2856 1.23258E+00 4.50270E+01 8.65137E-01
 -1      2861 1.20140E+00 4.62854E+01 1.07622E+00
 -1      2862 1.16728E+00 4.62809E+01 1.09662E+00
 -1      2863 1.19860E+00 4.62700E+01 1.14662E+00
 -1      2864 1.23272E+00 4.62745E+01 1.12622E+00
 -1      2869 1.20112E+00 4.75294E+01 1.35884E+00
 -1      2870 1.16716E+00 4.75246E+01 1.37943E+00
 -1      2871 1.19888E+00 4.75130E+01 1.42902E+00
 -1      2872 1.23284E+00 4.75178E+01 1.40843E+00
 -1      2877 1.20092E+00 4.87700E+01 1.65759E+00
 -1      2878 1.16708E+00 4.87650E+01 1.67830E+00
 -1      2879 1.19908E+00 4.87529E+01 1.72761E+00
 -1      2880 1.23292E+00 4.87580E+01 1.70689E+00
 -1      2885 1.20584E+00 4.12560E+01 1.77225E+00
 -1      2886 1.16940E+00 4.12585E+01 1.78856E+00
 -1      2887 1.19416E+00 4.12670E+01 1.84256E+00
 -1      2888 1.23060E+00 4.12644E+01 1.82625E+00
 -1      2893 1.20591E+00 4.25154E+01 1.57098E+00
 -1      2894 1.16944E+00 4.25181E+01 1.58719E+00
 -1      2895 1.19409E+00 4.25271E+01 1.64115E+00
 -1      2896 1.23056E+00 4.25244E+01 1.62494E+00
 -1      2901 1.20601E+00 4.37714E+01 1.35360E+00
 -1      2902 1.16949E+00 4.37743E+01 1.36967E+00
 -1      2903 1.19399E+00 4.37841E+01 1.42356E+00
 -1      2904 1.23051E+00 4.37812E+01 1.40749E+00
 -1      2909 1.20612E+00 4.50230E+01 1.11516E+00
 -1      2910 1.16956E+00 4.50262E+01 1.13106E+00
 -1      2911 1.19388E+00 4.50370E+01 1.18484E+00
 -1      2912 1.23044E+00 4.50338E+01 1.16894E+00
 -1      2917 1.20623E+00 4.62701E+01 8.53886E-01
 -1      2918 1.16962E+00 4.62736E+01 8.69618E-01
 -1      2919 1.19377E+00 4.62853E+01 9.23278E-01
 -1      2920 1.23038E+00 4.62819E+01 9.07546E-01
 -1      2925 1.20632E+00 4.75131E+01 5.71502E-01
 -1      2926 1.16966E+00 4.75168E+01 5.87093E-01
 -1      2927 1.19368E+00 4.75293E+01 6.40630E-01
 -1      2928 1.23034E+00 4.75257E+01 6.25039E-01
 -1      2933 1.20637E+00 4.87531E+01 2.72930E-01
 -1      2934 1.16969E+00 4.87568E+01 2.88429E-01
 -1      2935 1.19363E+00 4.87699E+01 3.41875E-01
 -1      2936 1.23031E+00 4.87661E+01 3.26376E-01
 -1      2941-8.31704E-01 4.12331E+01-3.42295E-02
 -1      2942-8.68791E-01 4.12437E+01-2.36225E-02
 -1      2943-8.53491E-01 4.12393E+01 3.42295E-02
 -1      2944-8.16404E-01 4.12287E+01 2.36225E-02
 -1      2949-4.83271E-01 4.24716E+01-3.43179E-02
 -1      2950-5.20380E-01 4.24818E+01-2.34066E-02
 -1      2951-5.04597E-01 4.24775E+01 3.43179E-02
 -1      2952-4.67488E-01 4.24673E+01 2.34066E-02
 -1      2957-1.51102E-01 4.37141E+01-3.44451E-02
 -1      2958-1.88233E-01 4.37237E+01-2.30837E-02
 -1      2959-1.71734E-01 4.37194E+01 3.44451E-02
 -1      2960-1.34603E-01 4.37098E+01 2.30837E-02
 -1      2965 1.59903E-01 4.49616E+01-3.45874E-02
 -1      2966 1.22764E-01 4.49705E+01-2.27035E-02
 -1      2967 1.40097E-01 4.49664E+01 3.45874E-02
 -1      2968 1.77236E-01 4.49575E+01 2.27035E-02
 -1      2973 4.48070E-01 4.62146E+01-3.47212E-02
 -1      2974 4.10939E-01 4.62229E+01-2.23246E-02
 -1      2975 4.29094E-01 4.62188E+01 3.47212E-02
 -1      2976 4.66225E-01 4.62106E+01 2.23246E-02
 -1      2981 7.15201E-01 4.74727E+01-3.48283E-02
 -1      2982 6.78091E-01 4.74803E+01-2.20050E-02
 -1      2983 6.96931E-01 4.74764E+01 3.48283E-02
 -1      2984 7.34041E-01 4.74688E+01 2.20050E-02
 -1      2989 9.66302E-01 4.87345E+01-3.48965E-02
 -1      2990 9.29212E-01 4.87417E+01-2.17923E-02
 -1      2991 9.48503E-01 4.87380E+01 3.48965E-02
 -1      2992 9.85593E-01 4.87307E+01 2.17923E-02
 -1      2997 8.42124E-01 4.12361E+01-3.60521E-02
 -1      2998 8.10413E-01 4.12270E+01-1.34113E-02
 -1      2999 8.43071E-01 4.12364E+01 3.60521E-02
 -1      3000 8.74781E-01 4.12454E+01 1.34113E-02
 -1      3005 4.93597E-01 4.24745E+01-3.60538E-02
 -1      3006 4.61712E-01 4.24657E+01-1.35445E-02
 -1      3007 4.94271E-01 4.24746E+01 3.60538E-02
 -1      3008 5.26156E-01 4.24834E+01 1.35445E-02
 -1      3013 1.61293E-01 4.37167E+01-3.60553E-02
 -1      3014 1.29148E-01 4.37084E+01-1.37478E-02
 -1      3015 1.61544E-01 4.37168E+01 3.60553E-02
 -1      3016 1.93688E-01 4.37251E+01 1.37478E-02
 -1      3021-1.49867E-01 4.49640E+01-3.60553E-02
 -1      3022-1.82312E-01 4.49562E+01-1.39935E-02
 -1      3023-1.50133E-01 4.49640E+01 3.60553E-02
 -1      3024-1.17688E-01 4.49718E+01 1.39935E-02
 -1      3029-4.38181E-01 4.62168E+01-3.60532E-02
 -1      3030-4.70920E-01 4.62096E+01-1.42455E-02
 -1      3031-4.38983E-01 4.62167E+01 3.60532E-02
 -1      3032-4.06244E-01 4.62239E+01 1.42455E-02
 -1      3037-7.05431E-01 4.74747E+01-3.60497E-02
 -1      3038-7.38414E-01 4.74679E+01-1.44640E-02
 -1      3039-7.06701E-01 4.74744E+01 3.60497E-02
 -1      3040-6.73718E-01 4.74812E+01 1.44640E-02
 -1      3045-9.56607E-01 4.87364E+01-3.60464E-02
 -1      3046-9.89751E-01 4.87299E+01-1.46123E-02
 -1      3047-9.58198E-01 4.87361E+01 3.60464E-02
 -1      3048-9.25054E-01 4.87425E+01 1.46123E-02
 -1      3053-8.31704E-01 4.12331E+01 1.96577E+00
 -1      3054-8.68791E-01 4.12437E+01 1.97638E+00
 -1      3055-8.53491E-01 4.12393E+01 2.03423E+00
 -1      3056-8.16404E-01 4.12287E+01 2.02362E+00
 -1      3061-4.83271E-01 4.24716E+01 1.96568E+00
 -1      3062-5.20380E-01 4.24818E+01 1.97659E+00
 -1      3063-5.04597E-01 4.24775E+01 2.03432E+00
 -1      3064-4.67488E-01 4.24673E+01 2.02341E+00
 -1      3069-1.51102E-01 4.37141E+01 1.96555E+00
 -1      3070-1.88233E-01 4.37237E+01 1.97692E+00
 -1      3071-1.71734E-01 4.37194E+01 2.03445E+00
 -1      3072-1.34603E-01 4.37098E+01 2.02308E+00
 -1      3077 1.59903E-01 4.49616E+01 1.96541E+00
 -1      3078 1.22764E-01 4.49705E+01 1.97730E+00
 -1      3079 1.40097E-01 4.49664E+01 2.03459E+00
 -1      3080 1.77236E-01 4.49575E+01 2.02270E+00
 -1      3085 4.48070E-01 4.62146E+01 1.96528E+00
 -1      3086 4.10939E-01 4.62229E+01 1.97768E+00
 -1      3087 4.29094E-01 4.62188E+01 2.03472E+00
 -1      3088 4.66225E-01 4.62106E+01 2.02232E+00
 -1      3093 7.15201E-01 4.74727E+01 1.96517E+00
 -1      3094 6.78091E-01 4.74803E+01 1.97800E+00
 -1      3095 6.96931E-01 4.74764E+01 2.03483E+00
 -1      3096 7.34041E-01 4.74688E+01 2.02200E+00
 -1      3101 9.66302E-01 4.87345E+01 1.96510E+00
 -1      3102 9.29212E-01 4.87417E+01 1.97821E+00
 -1      3103 9.48503E-01 4.87380E+01 2.03490E+00
 -1      3104 9.85593E-01 4.87307E+01 2.02179E+00
 -1      3109 8.42124E-01 4.12361E+01 1.96395E+00
 -1      3110 8.10413E-01 4.12270E+01 1.98659E+00
 -1      3111 8.43071E-01 4.12364E+01 2.03605E+00
 -1      3112 8.74781E-01 4.12454E+01 2.01341E+00
 -1      3117 4.93597E-01 4.24745E+01 1.96395E+00
 -1      3118 4.61712E-01 4.24657E+01 1.98646E+00
 -1      3119 4.94271E-01 4.24746E+01 2.03605E+00
 -1      3120 5.26156E-01 4.24834E+01 2.01354E+00
 -1      3125 1.61293E-01 4.37167E+01 1.96394E+00
 -1      3126 1.29148E-01 4.37084E+01 1.98625E+00
 -1      3127 1.61544E-01 4.37168E+01 2.03606E+00
 -1      3128 1.93688E-01 4.37251E+01 2.01375E+00
 -1      3133-1.49867E-01 4.49640E+01 1.96394E+00
 -1      3134-1.82312E-01 4.49562E+01 1.98601E+00
 -1      3135-1.50133E-01 4.49640E+01 2.03606E+00
 -1      3136-1.17688E-01 4.49718E+01 2.01399E+00
 -1      3141-4.38181E-01 4.62168E+01 1.96395E+00
 -1      3142-4.70920E-01 4.62096E+01 1.98575E+00
 -1      3143-4.38983E-01 4.62167E+01 2.03605E+00
 -1      3144-4.06244E-01 4.62239E+01 2.01425E+00
 -1      3149-7.05431E-01 4.74747E+01 1.96395E+00
 -1      3150-7.38414E-01 4.74679E+01 1.98554E+00
 -1      3151-7.06701E-01 4.74744E+01 2.03605E+00
 -1      3152-6.73718E-01 4.74812E+01 2.01446E+00
 -1      3157-9.56607E-01 4.87364E+01 1.96395E+00
 -1      3158-9.89751E-01 4.87299E+01 1.98539E+00
 -1      3159-9.58198E-01 4.87361E+01 2.03605E+00
 -1      3160-9.25054E-01 4.87425E+01 2.01461E+00
 -3
    3C                           296                                     1
 -1         1    1    0    1
 -2       237       437       438       238       240       440       439       239
 -1         2    1    0    1
 -2       287       487       488       288       290       490       489       289
 -1         3    1    0    1
 -2       337       537       538       338       340       540       539       339
 -1         4    1    0    1
 -2       387       587       588       388       390       590       589       389
 -1         5    1    0    1
 -2       437       637       638       438       440       640       639       439
 -1         6    1    0    1
 -2       487       687       688       488       490       690       689       489
 -1         7    1    0    1
 -2       537       737       738       538       540       740       739       539
 -1         8    1    0    1
 -2       587       787       788       588       590       790       789       589
 -1         9    1    0    1
 -2       637      1469      1470       638       640      1472      1471       639
 -1        10    1    0    1
 -2      1469       837       838      1470      1472       840       839      1471
 -1        11    1    0    1
 -2       687      1477      1478       688       690      1480      1479       689
 -1        12    1    0    1
 -2      1477       887       888      1478      1480       890       889      1479
 -1        13    1    0    1
 -2       737      1485      1486       738       740      1488      1487       739
 -1        14    1    0    1
 -2      1485       937       938      1486      1488       940       939      1487
 -1        15    1    0    1
 -2       787      1493      1494       788       790      1496      1495       789
 -1        16    1    0    1
 -2      1493       987       988      1494      1496       990       989      1495
 -1        17    1    0    1
 -2       837      1501      1502       838       840      1504      1503       839
 -1        18    1    0    1
 -2      1501      1509      1510      1502      1504      1512      1511      1503
 -1        19    1    0    1
 -2      1509      1517      1518      1510      1512      1520      1519      1511
 -1        20    1    0    1
 -2      1517      1525      1526      1518      1520      1528      1527      1519
 -1        21    1    0    1
 -2      1525      1533      1534      1526      1528      1536      1535      1527
 -1        22    1    0    1
 -2      1533      1541      1542      1534      1536      1544      1543      1535
 -1        23    1    0    1
 -2      1541      1549      1550      1542      1544      1552      1551      1543
 -1        24    1    0    1
 -2      1549      1037      1038      1550      1552      1040      1039      1551
 -1        25    1    0    1
 -2       887      1557      1558       888       890      1560      1559       889
 -1        26    1    0    1
 -2      1557      1565      1566      1558      1560      1568      1567      1559
 -1        27    1    0    1
 -2      1565      1573      1574      1566      1568      1576      1575      1567
 -1        28    1    0    1
 -2      1573      1581      1582      1574      1576      1584      1583      1575
 -1        29    1    0    1
 -2      1581      1589      1590      1582      1584      1592      1591      1583
 -1        30    1    0    1
 -2      1589      1597      1598      1590      1592      1600      1599      1591
 -1        31    1    0    1
 -2      1597      1605      1606      1598      1600      1608      1607      1599
 -1        32    1    0    1
 -2      1605      1103      1104      1606      1608      1106      1105      1607
 -1        33    1    0    1
 -2       937      1613      1614       938       940      1616      1615       939
 -1        34    1    0    1
 -2      1613      1621      1622      1614      1616      1624      1623      1615
 -1        35    1    0    1
 -2      1621      1629      1630      1622      1624      1632      1631      1623
 -1        36    1    0    1
 -2      1629      1637      1638      1630      1632      1640      1639      1631
 -1        37    1    0    1
 -2      1637      1645      1646      1638      1640      1648      1647      1639
 -1        38    1    0    1
 -2      1645      1653      1654      1646      1648      1656      1655      1647
 -1        39    1    0    1
 -2      1653      1661      1662      1654      1656      1664      1663      1655
 -1        40    1    0    1
 -2      1661      1153      1154      1662      1664      1156      1155      1663
 -1        41    1    0    1
 -2       987      1669      1670       988       990      1672      1671       989
 -1        42    1    0    1
 -2      1669      1677      1678      1670      1672      1680      1679      1671
 -1        43    1    0    1
 -2      1677      1685      1686      1678      1680      1688      1687      1679
 -1        44    1    0    1
 -2      1685      1693      1694      1686      1688      1696      1695      1687
 -1        45    1    0    1
 -2      1693      1701      1702      1694      1696      1704      1703      1695
 -1        46    1    0    1
 -2      1701      1709      1710      1702      1704      1712      1711      1703
 -1        47    1    0    1
 -2      1709      1717      1718      1710      1712      1720      1719      1711
 -1        48    1    0    1
 -2      1717      1219      1220      1718      1720      1222      1221      1719
 -1        49    1    0    1
 -2      1061      1725      1726      1062      1064      1728      1727      1063
 -1        50    1    0    1
 -2      1725      1733      1734      1726      1728      1736      1735      1727
 -1        51    1    0    1
 -2      1733      1741      1742      1734      1736      1744      1743      1735
 -1        52    1    0    1
 -2      1741      1749      1750      1742      1744      1752      1751      1743
 -1        53    1    0    1
 -2      1749      1757      1758      1750      1752      1760      1759      1751
 -1        54    1    0    1
 -2      1757      1765      1766      1758      1760      1768      1767      1759
 -1        55    1    0    1
 -2      1765      1773      1774      1766      1768      1776      1775      1767
 -1        56    1    0    1
 -2      1773      1269      1270      1774      1776      1272      1271      1775
 -1        57    1    0    1
 -2      1103      1781      1782      1104      1106      1784      1783      1105
 -1        58    1    0    1
 -2      1781      1789      1790      1782      1784      1792      1791      1783
 -1        59    1    0    1
 -2      1789      1797      1798      1790      1792      1800      1799      1791
 -1        60    1    0    1
 -2      1797      1805      1806      1798      1800      1808      1807      1799
 -1        61    1    0    1
 -2      1805      1813      1814      1806      1808      1816      1815      1807
 -1        62    1    0    1
 -2      1813      1821      1822      1814      1816      1824      1823      1815
 -1        63    1    0    1
 -2      1821      1829      1830      1822      1824      1832      1831      1823
 -1        64    1    0    1
 -2      1829      1319      1320      1830      1832      1322      1321      1831
 -1        65    1    0    1
 -2      1177      1837      1838      1178      1180      1840      1839      1179
 -1        66    1    0    1
 -2      1837      1845      1846      1838      1840      1848      1847      1839
 -1        67    1    0    1
 -2      1845      1853      1854      1846      1848      1856      1855      1847
 -1        68    1    0    1
 -2      1853      1861      1862      1854      1856      1864      1863      1855
 -1        69    1    0    1
 -2      1861      1869      1870      1862      1864      1872      1871      1863
 -1        70    1    0    1
 -2      1869      1877      1878      1870      1872      1880      1879      1871
 -1        71    1    0    1
 -2      1877      1885      1886      1878      1880      1888      1887      1879
 -1        72    1    0    1
 -2      1885      1369      1370      1886      1888      1372      1371      1887
 -1        73    1    0    1
 -2      1219      1893      1894      1220      1222      1896      1895      1221
 -1        74    1    0    1
 -2      1893      1901      1902      1894      1896      1904      1903      1895
 -1        75    1    0    1
 -2      1901      1909      1910      1902      1904      1912      1911      1903
 -1        76    1    0    1
 -2      1909      1917      1918      1910      1912      1920      1919      1911
 -1        77    1    0    1
 -2      1917      1925      1926      1918      1920      1928      1927      1919
 -1        78    1    0    1
 -2      1925      1933      1934      1926      1928      1936      1935      1927
 -1        79    1    0    1
 -2      1933      1941      1942      1934      1936      1944      1943      1935
 -1        80    1    0    1
 -2      1941      1419      1420      1942      1944      1422      1421      1943
 -1        81    1    0    1
 -2       245      1949      1950       246       248      1952      1951       247
 -1        82    1    0    1
 -2      1949      1957      1958      1950      1952      1960      1959      1951
 -1        83    1    0    1
 -2      1957      1965      1966      1958      1960      1968      1967      1959
 -1        84    1    0    1
 -2      1965       295       296      1966      1968       298       297      1967
 -1        85    1    0    1
 -2       345      1973      1974       346       348      1976      1975       347
 -1        86    1    0    1
 -2      1973      1981      1982      1974      1976      1984      1983      1975
 -1        87    1    0    1
 -2      1981      1989      1990      1982      1984      1992      1991      1983
 -1        88    1    0    1
 -2      1989       395       396      1990      1992       398       397      1991
 -1        89    1    0    1
 -2       253      1997      1998       254       256      2000      1999       255
 -1        90    1    0    1
 -2      1997      2005      2006      1998      2000      2008      2007      1999
 -1        91    1    0    1
 -2      2005      2013      2014      2006      2008      2016      2015      2007
 -1        92    1    0    1
 -2      2013       353       354      2014      2016       356       355      2015
 -1        93    1    0    1
 -2       303      2021      2022       304       306      2024      2023       305
 -1        94    1    0    1
 -2      2021      2029      2030      2022      2024      2032      2031      2023
 -1        95    1    0    1
 -2      2029      2037      2038      2030      2032      2040      2039      2031
 -1        96    1    0    1
 -2      2037       403       404      2038      2040       406       405      2039
 -1        97    1    0    1
 -2       445       495       496       446       448       498       497       447
 -1        98    1    0    1
 -2       545       595       596       546       548       598       597       547
 -1        99    1    0    1
 -2       453       553       554       454       456       556       555       455
 -1       100    1    0    1
 -2       503       603       604       504       506       606       605       505
 -1       101    1    0    1
 -2       645      2045      2046       646       648      2048      2047       647
 -1       102    1    0    1
 -2      2045       695       696      2046      2048       698       697      2047
 -1       103    1    0    1
 -2       745      2053      2054       746       748      2056      2055       747
 -1       104    1    0    1
 -2      2053       795       796      2054      2056       798       797      2055
 -1       105    1    0    1
 -2       653      2061      2062       654       656      2064      2063       655
 -1       106    1    0    1
 -2      2061       753       754      2062      2064       756       755      2063
 -1       107    1    0    1
 -2       703      2069      2070       704       706      2072      2071       705
 -1       108    1    0    1
 -2      2069       803       804      2070      2072       806       805      2071
 -1       109    1    0    1
 -2       845       895       896       846       848       898       897       847
 -1       110    1    0    1
 -2       945       995       996       946       948       998       997       947
 -1       111    1    0    1
 -2       853       953       954       854       856       956       955       855
 -1       112    1    0    1
 -2       903      1003      1004       904       906      1006      1005       905
 -1       113    1    0    1
 -2      1045      2077      2078      1046      1048      2080      2079      1047
 -1       114    1    0    1
 -2      2077      2085      2086      2078      2080      2088      2087      2079
 -1       115    1    0    1
 -2      2085      2093      2094      2086      2088      2096      2095      2087
 -1       116    1    0    1
 -2      2093      2101      2102      2094      2096      2104      2103      2095
 -1       117    1    0    1
 -2      2101      2109      2110      2102      2104      2112      2111      2103
 -1       118    1    0    1
 -2      2109      2117      2118      2110      2112      2120      2119      2111
 -1       119    1    0    1
 -2      2117      2125      2126      2118      2120      2128      2127      2119
 -1       120    1    0    1
 -2      2125      1111      1112      2126      2128      1114      1113      2127
 -1       121    1    0    1
 -2      1161      2133      2134      1162      1164      2136      2135      1163
 -1       122    1    0    1
 -2      2133      2141      2142      2134      2136      2144      2143      2135
 -1       123    1    0    1
 -2      2141      2149      2150      2142      2144      2152      2151      2143
 -1       124    1    0    1
 -2      2149      2157      2158      2150      2152      2160      2159      2151
 -1       125    1    0    1
 -2      2157      2165      2166      2158      2160      2168      2167      2159
 -1       126    1    0    1
 -2      2165      2173      2174      2166      2168      2176      2175      2167
 -1       127    1    0    1
 -2      2173      2181      2182      2174      2176      2184      2183      2175
 -1       128    1    0    1
 -2      2181      1227      1228      2182      2184      1230      1229      2183
 -1       129    1    0    1
 -2      1053      2189      2190      1054      1056      2192      2191      1055
 -1       130    1    0    1
 -2      2189      2197      2198      2190      2192      2200      2199      2191
 -1       131    1    0    1
 -2      2197      2205      2206      2198      2200      2208      2207      2199
 -1       132    1    0    1
 -2      2205      2213      2214      2206      2208      2216      2215      2207
 -1       133    1    0    1
 -2      2213      2221      2222      2214      2216      2224      2223      2215
 -1       134    1    0    1
 -2      2221      2229      2230      2222      2224      2232      2231      2223
 -1       135    1    0    1
 -2      2229      2237      2238      2230      2232      2240      2239      2231
 -1       136    1    0    1
 -2      2237      1169      1170      2238      2240      1172      1171      2239
 -1       137    1    0    1
 -2      1119      2245      2246      1120      1122      2248      2247      1121
 -1       138    1    0    1
 -2      2245      2253      2254      2246      2248      2256      2255      2247
 -1       139    1    0    1
 -2      2253      2261      2262      2254      2256      2264      2263      2255
 -1       140    1    0    1
 -2      2261      2269      2270      2262      2264      2272      2271      2263
 -1       141    1    0    1
 -2      2269      2277      2278      2270      2272      2280      2279      2271
 -1       142    1    0    1
 -2      2277      2285      2286      2278      2280      2288      2287      2279
 -1       143    1    0    1
 -2      2285      2293      2294      2286      2288      2296      2295      2287
 -1       144    1    0    1
 -2      2293      1235      1236      2294      2296      1238      1237      2295
 -1       145    1    0    1
 -2      1277      2301      2302      1278      1280      2304      2303      1279
 -1       146    1    0    1
 -2      2301      2309      2310      2302      2304      2312      2311      2303
 -1       147    1    0    1
 -2      2309      2317      2318      2310      2312      2320      2319      2311
 -1       148    1    0    1
 -2      2317      2325      2326      2318      2320      2328      2327      2319
 -1       149    1    0    1
 -2      2325      2333      2334      2326      2328      2336      2335      2327
 -1       150    1    0    1
 -2      2333      2341      2342      2334      2336      2344      2343      2335
 -1       151    1    0    1
 -2      2341      2349      2350      2342      2344      2352      2351      2343
 -1       152    1    0    1
 -2      2349      1327      1328      2350      2352      1330      1329      2351
 -1       153    1    0    1
 -2      1377      2357      2358      1378      1380      2360      2359      1379
 -1       154    1    0    1
 -2      2357      2365      2366      2358      2360      2368      2367      2359
 -1       155    1    0    1
 -2      2365      2373      2374      2366      2368      2376      2375      2367
 -1       156    1    0    1
 -2      2373      2381      2382      2374      2376      2384      2383      2375
 -1       157    1    0    1
 -2      2381      2389      2390      2382      2384      2392      2391      2383
 -1       158    1    0    1
 -2      2389      2397      2398      2390      2392      2400      2399      2391
 -1       159    1    0    1
 -2      2397      2405      2406      2398      2400      2408      2407      2399
 -1       160    1    0    1
 -2      2405      1427      1428      2406      2408      1430      1429      2407
 -1       161    1    0    1
 -2      1285      2413      2414      1286      1288      2416      2415      1287
 -1       162    1    0    1
 -2      2413      2421      2422      2414      2416      2424      2423      2415
 -1       163    1    0    1
 -2      2421      2429      2430      2422      2424      2432      2431      2423
 -1       164    1    0    1
 -2      2429      2437      2438      2430      2432      2440      2439      2431
 -1       165    1    0    1
 -2      2437      2445      2446      2438      2440      2448      2447      2439
 -1       166    1    0    1
 -2      2445      2453      2454      2446      2448      2456      2455      2447
 -1       167    1    0    1
 -2      2453      2461      2462      2454      2456      2464      2463      2455
 -1       168    1    0    1
 -2      2461      1385      1386      2462      2464      1388      1387      2463
 -1       169    1    0    1
 -2      1335      2469      2470      1336      1338      2472      2471      1337
 -1       170    1    0    1
 -2      2469      2477      2478      2470      2472      2480      2479      2471
 -1       171    1    0    1
 -2      2477      2485      2486      2478      2480      2488      2487      2479
 -1       172    1    0    1
 -2      2485      2493      2494      2486      2488      2496      2495      2487
 -1       173    1    0    1
 -2      2493      2501      2502      2494      2496      2504      2503      2495
 -1       174    1    0    1
 -2      2501      2509      2510      2502      2504      2512      2511      2503
 -1       175    1    0    1
 -2      2509      2517      2518      2510      2512      2520      2519      2511
 -1       176    1    0    1
 -2      2517      1435      1436      2518      2520      1438      1437      2519
 -1       177    1    0    1
 -2       237      2525      2526       238       240      2528      2527       239
 -1       178    1    0    1
 -2      2525       537       538      2526      2528       540       539      2527
 -1       179    1    0    1
 -2       337      2533      2534       338       340      2536      2535       339
 -1       180    1    0    1
 -2      2533       437       438      2534      2536       440       439      2535
 -1       181    1    0    1
 -2       287      2541      2542       288       290      2544      2543       289
 -1       182    1    0    1
 -2      2541       587       588      2542      2544       590       589      2543
 -1       183    1    0    1
 -2       387      2549      2550       388       390      2552      2551       389
 -1       184    1    0    1
 -2      2549       487       488      2550      2552       490       489      2551
 -1       185    1    0    1
 -2       237      2557      2558       238       240      2560      2559       239
 -1       186    1    0    1
 -2      2557       487       488      2558      2560       490       489      2559
 -1       187    1    0    1
 -2       287      2565      2566       288       290      2568      2567       289
 -1       188    1    0    1
 -2      2565       437       438      2566      2568       440       439      2567
 -1       189    1    0    1
 -2       337      2573      2574       338       340      2576      2575       339
 -1       190    1    0    1
 -2      2573       587       588      2574      2576       590       589      2575
 -1       191    1    0    1
 -2       387      2581      2582       388       390      2584      2583       389
 -1       192    1    0    1
 -2      2581       537       538      2582      2584       540       539      2583
 -1       193    1    0    1
 -2       437      2589      2590       438       440      2592      2591       439
 -1       194    1    0    1
 -2      2589       737       738      2590      2592       740       739      2591
 -1       195    1    0    1
 -2       537      2597      2598       538       540      2600      2599       539
 -1       196    1    0    1
 -2      2597       637       638      2598      2600       640       639      2599
 -1       197    1    0    1
 -2       487      2605      2606       488       490      2608      2607       489
 -1       198    1    0    1
 -2      2605       787       788      2606      2608       790       789      2607
 -1       199    1    0    1
 -2       587      2613      2614       588       590      2616      2615       589
 -1       200    1    0    1
 -2      2613       687       688      2614      2616       690       689      2615
 -1       201    1    0    1
 -2       437      2621      2622       438       440      2624      2623       439
 -1       202    1    0    1
 -2      2621       687       688      2622      2624       690       689      2623
 -1       203    1    0    1
 -2       487      2629      2630       488       490      2632      2631       489
 -1       204    1    0    1
 -2      2629       637       638      2630      2632       640       639      2631
 -1       205    1    0    1
 -2       537      2637      2638       538       540      2640      2639       539
 -1       206    1    0    1
 -2      2637       787       788      2638      2640       790       789      2639
 -1       207    1    0    1
 -2       587      2645      2646       588       590      2648      2647       589
 -1       208    1    0    1
 -2      2645       737       738      2646      2648       740       739      2647
 -1       209    1    0    1
 -2       637       937       938       638       640       940       939       639
 -1       210    1    0    1
 -2       737       837       838       738       740       840       839       739
 -1       211    1    0    1
 -2       687       987       988       688       690       990       989       689
 -1       212    1    0    1
 -2       787       887       888       788       790       890       889       789
 -1       213    1    0    1
 -2       637       887       888       638       640       890       889       639
 -1       214    1    0    1
 -2       687       837       838       688       690       840       839       689
 -1       215    1    0    1
 -2       737       987       988       738       740       990       989       739
 -1       216    1    0    1
 -2       787       937       938       788       790       940       939       789
 -1       217    1    0    1
 -2       837      2653      2654       838       840      2656      2655       839
 -1       218    1    0    1
 -2      2653      1153      1154      2654      2656      1156      1155      2655
 -1       219    1    0    1
 -2       937      2661      2662       938       940      2664      2663       939
 -1       220    1    0    1
 -2      2661      1037      1038      2662      2664      1040      1039      2663
 -1       221    1    0    1
 -2       887      2669      2670       888       890      2672      2671       889
 -1       222    1    0    1
 -2      2669      1219      1220      2670      2672      1222      1221      2671
 -1       223    1    0    1
 -2       987      2677      2678       988       990      2680      2679       989
 -1       224    1    0    1
 -2      2677      1103      1104      2678      2680      1106      1105      2679
 -1       225    1    0    1
 -2       837      2685      2686       838       840      2688      2687       839
 -1       226    1    0    1
 -2      2685      1103      1104      2686      2688      1106      1105      2687
 -1       227    1    0    1
 -2       887      2693      2694       888       890      2696      2695       889
 -1       228    1    0    1
 -2      2693      1037      1038      2694      2696      1040      1039      2695
 -1       229    1    0    1
 -2       937      2701      2702       938       940      2704      2703       939
 -1       230    1    0    1
 -2      2701      1219      1220      2702      2704      1222      1221      2703
 -1       231    1    0    1
 -2       987      2709      2710       988       990      2712      2711       989
 -1       232    1    0    1
 -2      2709      1153      1154      2710      2712      1156      1155      2711
 -1       233    1    0    1
 -2      1037      2717      2718      1038      1040      2720      2719      1039
 -1       234    1    0    1
 -2      2717      2725      2726      2718      2720      2728      2727      2719
 -1       235    1    0    1
 -2      2725      2733      2734      2726      2728      2736      2735      2727
 -1       236    1    0    1
 -2      2733      2741      2742      2734      2736      2744      2743      2735
 -1       237    1    0    1
 -2      2741      2749      2750      2742      2744      2752      2751      2743
 -1       238    1    0    1
 -2      2749      2757      2758      2750      2752      2760      2759      2751
 -1       239    1    0    1
 -2      2757      2765      2766      2758      2760      2768      2767      2759
 -1       240    1    0    1
 -2      2765      1369      1370      2766      2768      1372      1371      2767
 -1       241    1    0    1
 -2      1177      2773      2774      1178      1180      2776      2775      1179
 -1       242    1    0    1
 -2      2773      2781      2782      2774      2776      2784      2783      2775
 -1       243    1    0    1
 -2      2781      2789      2790      2782      2784      2792      2791      2783
 -1       244    1    0    1
 -2      2789      2797      2798      2790      2792      2800      2799      2791
 -1       245    1    0    1
 -2      2797      2805      2806      2798      2800      2808      2807      2799
 -1       246    1    0    1
 -2      2805      2813      2814      2806      2808      2816      2815      2807
 -1       247    1    0    1
 -2      2813      2821      2822      2814      2816      2824      2823      2815
 -1       248    1    0    1
 -2      2821      1269      1270      2822      2824      1272      1271      2823
 -1       249    1    0    1
 -2      1103      2829      2830      1104      1106      2832      2831      1105
 -1       250    1    0    1
 -2      2829      2837      2838      2830      2832      2840      2839      2831
 -1       251    1    0    1
 -2      2837      2845      2846      2838      2840      2848      2847      2839
 -1       252    1    0    1
 -2      2845      2853      2854      2846      2848      2856      2855      2847
 -1       253    1    0    1
 -2      2853      2861      2862      2854      2856      2864      2863      2855
 -1       254    1    0    1
 -2      2861      2869      2870      2862      2864      2872      2871      2863
 -1       255    1    0    1
 -2      2869      2877      2878      2870      2872      2880      2879      2871
 -1       256    1    0    1
 -2      2877      1419      1420      2878      2880      1422      1421      2879
 -1       257    1    0    1
 -2      1219      2885      2886      1220      1222      2888      2887      1221
 -1       258    1    0    1
 -2      2885      2893      2894      2886      2888      2896      2895      2887
 -1       259    1    0    1
 -2      2893      2901      2902      2894      2896      2904      2903      2895
 -1       260    1    0    1
 -2      2901      2909      2910      2902      2904      2912      2911      2903
 -1       261    1    0    1
 -2      2909      2917      2918      2910      2912      2920      2919      2911
 -1       262    1    0    1
 -2      2917      2925      2926      2918      2920      2928      2927      2919
 -1       263    1    0    1
 -2      2925      2933      2934      2926      2928      2936      2935      2927
 -1       264    1    0    1
 -2      2933      1319      1320      2934      2936      1322      1321      2935
 -1       265    1    0    1
 -2      1061      2941      2942      1062      1064      2944      2943      1063
 -1       266    1    0    1
 -2      2941      2949      2950      2942      2944      2952      2951      2943
 -1       267    1    0    1
 -2      2949      2957      2958      2950      2952      2960      2959      2951
 -1       268    1    0    1
 -2      2957      2965      2966      2958      2960      2968      2967      2959
 -1       269    1    0    1
 -2      2965      2973      2974      2966      2968      2976      2975      2967
 -1       270    1    0    1
 -2      2973      2981      2982      2974      2976      2984      2983      2975
 -1       271    1    0    1
 -2      2981      2989      2990      2982      2984      2992      2991      2983
 -1       272    1    0    1
 -2      2989      1319      1320      2990      2992      1322      1321      2991
 -1       273    1    0    1
 -2      1103      2997      2998      1104      1106      3000      2999      1105
 -1       274    1    0    1
 -2      2997      3005      3006      2998      3000      3008      3007      2999
 -1       275    1    0    1
 -2      3005      3013      3014      3006      3008      3016      3015      3007
 -1       276    1    0    1
 -2      3013      3021      3022      3014      3016      3024      3023      3015
 -1       277    1    0    1
 -2      3021      3029      3030      3022      3024      3032      3031      3023
 -1       278    1    0    1
 -2      3029      3037      3038      3030      3032      3040      3039      3031
 -1       279    1    0    1
 -2      3037      3045      3046      3038      3040      3048      3047      3039
 -1       280    1    0    1
 -2      3045      1269      1270      3046      3048      1272      1271      3047
 -1       281    1    0    1
 -2      1177      3053      3054      1178      1180      3056      3055      1179
 -1       282    1    0    1
 -2      3053      3061      3062      3054      3056      3064      3063      3055
 -1       283    1    0    1
 -2      3061      3069      3070      3062      3064      3072      3071      3063
 -1       284    1    0    1
 -2      3069      3077      3078      3070      3072      3080      3079      3071
 -1       285    1    0    1
 -2      3077      3085      3086      3078      3080      3088      3087      3079
 -1       286    1    0    1
 -2      3085      3093      3094      3086      3088      3096      3095      3087
 -1       287    1    0    1
 -2      3093      3101      3102      3094      3096      3104      3103      3095
 -1       288    1    0    1
 -2      3101      1419      1420      3102      3104      1422      1421      3103
 -1       289    1    0    1
 -2      1219      3109      3110      1220      1222      3112      3111      1221
 -1       290    1    0    1
 -2      3109      3117      3118      3110      3112      3120      3119      3111
 -1       291    1    0    1
 -2      3117      3125      3126      3118      3120      3128      3127      3119
 -1       292    1    0    1
 -2      3125      3133      3134      3126      3128      3136      3135      3127
 -1       293    1    0    1
 -2      3133      3141      3142      3134      3136      3144      3143      3135
 -1       294    1    0    1
 -2      3141      3149      3150      3142      3144      3152      3151      3143
 -1       295    1    0    1
 -2      3149      3157      3158      3150      3152      3160      3159      3151
 -1       296    1    0    1
 -2      3157      1369      1370      3158      3160      1372      1371      3159
 -3
    1PSTEP                         1           1           1          
  100CL  101 1.000000000           0                     0    1           1
 -4  DISP        4    1
 -5  D1          1    2    1    0
 -5  D2          1    2    2    0
 -5  D3          1    2    3    0
 -5  ALL         1    2    0    0    1ALL
 -3
 9999
