    1C
    1UNormalized cross-passage space-truss torsion benchmark            
    1UUSER                                                              
    1UDATE              06.august.2026                                  
    1UTIME              08:14:19                                        
    1UHOST                                                              
    1UPGM               CalculiX                                        
    1UVERSION           Version 2.21                             
    1UCOMPILETIME       Sat Jul 29 10:52:01 CEST 2023                    
    1UDIR                                                               
    1UDBN                                                               
    1UMAT    1STEEL                                                     
    2C                           592                                     1
 -1       101-1.19440E+00 1.91946E-03-3.55661E-02
 -1       102-1.23062E+00 3.66063E-03-1.86823E-02
 -1       103-1.20560E+00-1.91946E-03 3.55661E-02
 -1       104-1.16938E+00-3.66063E-03 1.86823E-02
 -1       109-1.20102E+00-3.40950E-02-1.16828E-02
 -1       110-1.20007E+00-2.33416E-03-3.59798E-02
 -1       111-1.19898E+00 3.40950E-02 1.16828E-02
 -1       112-1.19993E+00 2.33416E-03 3.59798E-02
 -1       117-1.23354E+00-1.32202E-02 3.96605E-04
 -1       118-1.20069E+00-3.60327E-02 1.08098E-03
 -1       119-1.16646E+00 1.32202E-02-3.96605E-04
 -1       120-1.19931E+00 3.60327E-02-1.08098E-03
 -1       151 1.20194E+00 2.53883E-03-3.59134E-02
 -1       152 1.16762E+00-1.51099E-03-1.57828E-02
 -1       153 1.19806E+00-2.53883E-03 3.59134E-02
 -1       154 1.23238E+00 1.51099E-03 1.57828E-02
 -1       159 1.20102E+00-3.38645E-02-1.23355E-02
 -1       160 1.20005E+00-1.64335E-03-3.60180E-02
 -1       161 1.19898E+00 3.38645E-02 1.23355E-02
 -1       162 1.19995E+00 1.64335E-03 3.60180E-02
 -1       167 1.16697E+00-1.44498E-02-4.33494E-04
 -1       168 1.20064E+00-3.60336E-02-1.08101E-03
 -1       169 1.23303E+00 1.44498E-02 4.33494E-04
 -1       170 1.19936E+00 3.60336E-02 1.08101E-03
 -1       201-1.19326E+00-2.87709E-03 1.96470E+00
 -1       202-1.23000E+00 1.04434E-03 1.98003E+00
 -1       203-1.20674E+00 2.87709E-03 2.03530E+00
 -1       204-1.17000E+00-1.04434E-03 2.01997E+00
 -1       209-1.19898E+00-3.38645E-02 1.98766E+00
 -1       210-1.19995E+00-1.64335E-03 1.96398E+00
 -1       211-1.20102E+00 3.38645E-02 2.01234E+00
 -1       212-1.20005E+00 1.64335E-03 2.03602E+00
 -1       217-1.23303E+00-1.44498E-02 1.99957E+00
 -1       218-1.19936E+00-3.60336E-02 1.99892E+00
 -1       219-1.16697E+00 1.44498E-02 2.00043E+00
 -1       220-1.20064E+00 3.60336E-02 2.00108E+00
 -1       251 1.20369E+00-2.08645E-03 1.96419E+00
 -1       252 1.16841E+00-3.62565E-03 1.98299E+00
 -1       253 1.19631E+00 2.08645E-03 2.03581E+00
 -1       254 1.23159E+00 3.62565E-03 2.01701E+00
 -1       259 1.19898E+00-3.40950E-02 1.98832E+00
 -1       260 1.19993E+00-2.33416E-03 1.96402E+00
 -1       261 1.20102E+00 3.40950E-02 2.01168E+00
 -1       262 1.20007E+00 2.33416E-03 2.03598E+00
 -1       267 1.16646E+00-1.32202E-02 2.00040E+00
 -1       268 1.19931E+00-3.60327E-02 2.00108E+00
 -1       269 1.23354E+00 1.32202E-02 1.99960E+00
 -1       270 1.20069E+00 3.60327E-02 1.99892E+00
 -1       301-1.19524E+00 9.99971E+00-3.57381E-02
 -1       302-1.23116E+00 1.00001E+01-1.81454E-02
 -1       303-1.20476E+00 1.00003E+01 3.57381E-02
 -1       304-1.16884E+00 9.99991E+00 1.81454E-02
 -1       309-1.20000E+00 9.96600E+00-1.20000E-02
 -1       310-1.20000E+00 9.99800E+00-3.60000E-02
 -1       311-1.20000E+00 1.00340E+01 1.20000E-02
 -1       312-1.20000E+00 1.00020E+01 3.60000E-02
 -1       317-1.23328E+00 9.98613E+00 0.00000E+00
 -1       318-1.20000E+00 9.96394E+00 0.00000E+00
 -1       319-1.16672E+00 1.00139E+01 0.00000E+00
 -1       320-1.20000E+00 1.00361E+01 0.00000E+00
 -1       351 1.20447E+00 9.99978E+00-3.57767E-02
 -1       352 1.16869E+00 9.99966E+00-1.78846E-02
 -1       353 1.19553E+00 1.00002E+01 3.57767E-02
 -1       354 1.23131E+00 1.00003E+01 1.78846E-02
 -1       359 1.20000E+00 9.96600E+00-1.20000E-02
 -1       360 1.20000E+00 9.99800E+00-3.60000E-02
 -1       361 1.20000E+00 1.00340E+01 1.20000E-02
 -1       362 1.20000E+00 1.00020E+01 3.60000E-02
 -1       367 1.16672E+00 9.98613E+00 0.00000E+00
 -1       368 1.20000E+00 9.96394E+00 0.00000E+00
 -1       369 1.23328E+00 1.00139E+01 0.00000E+00
 -1       370 1.20000E+00 1.00361E+01 0.00000E+00
 -1       401-1.19539E+00 1.00002E+01 1.96424E+00
 -1       402-1.23124E+00 1.00003E+01 1.98200E+00
 -1       403-1.20461E+00 9.99978E+00 2.03576E+00
 -1       404-1.16876E+00 9.99966E+00 2.01800E+00
 -1       409-1.20000E+00 9.96600E+00 1.98800E+00
 -1       410-1.20000E+00 9.99800E+00 1.96400E+00
 -1       411-1.20000E+00 1.00340E+01 2.01200E+00
 -1       412-1.20000E+00 1.00020E+01 2.03600E+00
 -1       417-1.23328E+00 9.98613E+00 2.00000E+00
 -1       418-1.20000E+00 9.96394E+00 2.00000E+00
 -1       419-1.16672E+00 1.00139E+01 2.00000E+00
 -1       420-1.20000E+00 1.00361E+01 2.00000E+00
 -1       451 1.20431E+00 1.00003E+01 1.96420E+00
 -1       452 1.16861E+00 9.99991E+00 1.98226E+00
 -1       453 1.19569E+00 9.99972E+00 2.03580E+00
 -1       454 1.23139E+00 1.00001E+01 2.01774E+00
 -1       459 1.20000E+00 9.96600E+00 1.98800E+00
 -1       460 1.20000E+00 9.99800E+00 1.96400E+00
 -1       461 1.20000E+00 1.00340E+01 2.01200E+00
 -1       462 1.20000E+00 1.00020E+01 2.03600E+00
 -1       467 1.16672E+00 9.98613E+00 2.00000E+00
 -1       468 1.20000E+00 9.96394E+00 2.00000E+00
 -1       469 1.23328E+00 1.00139E+01 2.00000E+00
 -1       470 1.20000E+00 1.00361E+01 2.00000E+00
 -1       501-1.19526E+00 1.99995E+01-3.57391E-02
 -1       502-1.23117E+00 2.00000E+01-1.81267E-02
 -1       503-1.20474E+00 2.00005E+01 3.57391E-02
 -1       504-1.16883E+00 2.00000E+01 1.81267E-02
 -1       509-1.20145E+00 1.99659E+01-1.15569E-02
 -1       510-1.20010E+00 1.99975E+01-3.59709E-02
 -1       511-1.19855E+00 2.00341E+01 1.15569E-02
 -1       512-1.19990E+00 2.00025E+01 3.59709E-02
 -1       517-1.23365E+00 1.99871E+01 5.48678E-04
 -1       518-1.20099E+00 1.99640E+01 1.52775E-03
 -1       519-1.16635E+00 2.00129E+01-5.48678E-04
 -1       520-1.19901E+00 2.00360E+01-1.52775E-03
 -1       551 1.20434E+00 2.00000E+01-3.57935E-02
 -1       552 1.16863E+00 1.99997E+01-1.77714E-02
 -1       553 1.19566E+00 2.00000E+01 3.57935E-02
 -1       554 1.23137E+00 2.00003E+01 1.77714E-02
 -1       559 1.20143E+00 1.99662E+01-1.24797E-02
 -1       560 1.20006E+00 1.99985E+01-3.60247E-02
 -1       561 1.19857E+00 2.00338E+01 1.24797E-02
 -1       562 1.19994E+00 2.00015E+01 3.60247E-02
 -1       567 1.16707E+00 1.99853E+01-6.22501E-04
 -1       568 1.20089E+00 1.99640E+01-1.52786E-03
 -1       569 1.23293E+00 2.00147E+01 6.22501E-04
 -1       570 1.19911E+00 2.00360E+01 1.52786E-03
 -1       601-1.19542E+00 2.00000E+01 1.96424E+00
 -1       602-1.23125E+00 2.00003E+01 1.98202E+00
 -1       603-1.20458E+00 2.00000E+01 2.03576E+00
 -1       604-1.16875E+00 1.99997E+01 2.01798E+00
 -1       609-1.19857E+00 1.99662E+01 1.98752E+00
 -1       610-1.19994E+00 1.99985E+01 1.96398E+00
 -1       611-1.20143E+00 2.00338E+01 2.01248E+00
 -1       612-1.20006E+00 2.00015E+01 2.03602E+00
 -1       617-1.23293E+00 1.99853E+01 1.99938E+00
 -1       618-1.19911E+00 1.99640E+01 1.99847E+00
 -1       619-1.16707E+00 2.00147E+01 2.00062E+00
 -1       620-1.20089E+00 2.00360E+01 2.00153E+00
 -1       651 1.20417E+00 2.00005E+01 1.96419E+00
 -1       652 1.16855E+00 2.00000E+01 1.98238E+00
 -1       653 1.19583E+00 1.99995E+01 2.03581E+00
 -1       654 1.23145E+00 2.00000E+01 2.01762E+00
 -1       659 1.19855E+00 1.99659E+01 1.98844E+00
 -1       660 1.19990E+00 1.99975E+01 1.96403E+00
 -1       661 1.20145E+00 2.00341E+01 2.01156E+00
 -1       662 1.20010E+00 2.00025E+01 2.03597E+00
 -1       667 1.16635E+00 1.99871E+01 2.00055E+00
 -1       668 1.19901E+00 1.99640E+01 2.00153E+00
 -1       669 1.23365E+00 2.00129E+01 1.99945E+00
 -1       670 1.20099E+00 2.00360E+01 1.99847E+00
 -1       701-1.19529E+00 2.99997E+01-3.57459E-02
 -1       702-1.23119E+00 3.00000E+01-1.80945E-02
 -1       703-1.20471E+00 3.00003E+01 3.57459E-02
 -1       704-1.16881E+00 3.00000E+01 1.80945E-02
 -1       709-1.20000E+00 2.99660E+01-1.20000E-02
 -1       710-1.20000E+00 2.99980E+01-3.60000E-02
 -1       711-1.20000E+00 3.00340E+01 1.20000E-02
 -1       712-1.20000E+00 3.00020E+01 3.60000E-02
 -1       717-1.23328E+00 2.99861E+01 0.00000E+00
 -1       718-1.20000E+00 2.99639E+01 0.00000E+00
 -1       719-1.16672E+00 3.00139E+01 0.00000E+00
 -1       720-1.20000E+00 3.00361E+01 0.00000E+00
 -1       751 1.20445E+00 2.99999E+01-3.57794E-02
 -1       752 1.16869E+00 2.99998E+01-1.78714E-02
 -1       753 1.19555E+00 3.00001E+01 3.57794E-02
 -1       754 1.23131E+00 3.00002E+01 1.78714E-02
 -1       759 1.20000E+00 2.99660E+01-1.20000E-02
 -1       760 1.20000E+00 2.99980E+01-3.60000E-02
 -1       761 1.20000E+00 3.00340E+01 1.20000E-02
 -1       762 1.20000E+00 3.00020E+01 3.60000E-02
 -1       767 1.16672E+00 2.99861E+01 0.00000E+00
 -1       768 1.20000E+00 2.99639E+01 0.00000E+00
 -1       769 1.23328E+00 3.00139E+01 0.00000E+00
 -1       770 1.20000E+00 3.00361E+01 0.00000E+00
 -1       801-1.19541E+00 3.00001E+01 1.96424E+00
 -1       802-1.23124E+00 3.00002E+01 1.98200E+00
 -1       803-1.20459E+00 2.99999E+01 2.03576E+00
 -1       804-1.16876E+00 2.99998E+01 2.01800E+00
 -1       809-1.20000E+00 2.99660E+01 1.98800E+00
 -1       810-1.20000E+00 2.99980E+01 1.96400E+00
 -1       811-1.20000E+00 3.00340E+01 2.01200E+00
 -1       812-1.20000E+00 3.00020E+01 2.03600E+00
 -1       817-1.23328E+00 2.99861E+01 2.00000E+00
 -1       818-1.20000E+00 2.99639E+01 2.00000E+00
 -1       819-1.16672E+00 3.00139E+01 2.00000E+00
 -1       820-1.20000E+00 3.00361E+01 2.00000E+00
 -1       851 1.20434E+00 3.00003E+01 1.96421E+00
 -1       852 1.16863E+00 3.00000E+01 1.98223E+00
 -1       853 1.19566E+00 2.99997E+01 2.03579E+00
 -1       854 1.23137E+00 3.00000E+01 2.01777E+00
 -1       859 1.20000E+00 2.99660E+01 1.98800E+00
 -1       860 1.20000E+00 2.99980E+01 1.96400E+00
 -1       861 1.20000E+00 3.00340E+01 2.01200E+00
 -1       862 1.20000E+00 3.00020E+01 2.03600E+00
 -1       867 1.16672E+00 2.99861E+01 2.00000E+00
 -1       868 1.20000E+00 2.99639E+01 2.00000E+00
 -1       869 1.23328E+00 3.00139E+01 2.00000E+00
 -1       870 1.20000E+00 3.00361E+01 2.00000E+00
 -1       901-1.19525E+00 3.99999E+01-3.57414E-02
 -1       902-1.23117E+00 4.00003E+01-1.81293E-02
 -1       903-1.20475E+00 4.00001E+01 3.57414E-02
 -1       904-1.16883E+00 3.99997E+01 1.81293E-02
 -1       909-1.20000E+00 3.99660E+01-1.20000E-02
 -1       910-1.20000E+00 3.99980E+01-3.60000E-02
 -1       911-1.20000E+00 4.00340E+01 1.20000E-02
 -1       912-1.20000E+00 4.00020E+01 3.60000E-02
 -1       917-1.23328E+00 3.99861E+01 0.00000E+00
 -1       918-1.20000E+00 3.99639E+01 0.00000E+00
 -1       919-1.16672E+00 4.00139E+01 0.00000E+00
 -1       920-1.20000E+00 4.00361E+01 0.00000E+00
 -1       951 1.20448E+00 3.99994E+01-3.57715E-02
 -1       952 1.16870E+00 3.99994E+01-1.78882E-02
 -1       953 1.19552E+00 4.00006E+01 3.57715E-02
 -1       954 1.23130E+00 4.00006E+01 1.78882E-02
 -1       959 1.20000E+00 3.99660E+01-1.20000E-02
 -1       960 1.20000E+00 3.99980E+01-3.60000E-02
 -1       961 1.20000E+00 4.00340E+01 1.20000E-02
 -1       962 1.20000E+00 4.00020E+01 3.60000E-02
 -1       967 1.16672E+00 3.99861E+01 0.00000E+00
 -1       968 1.20000E+00 3.99639E+01 0.00000E+00
 -1       969 1.23328E+00 4.00139E+01 0.00000E+00
 -1       970 1.20000E+00 4.00361E+01 0.00000E+00
 -1      1001-1.19548E+00 4.00006E+01 1.96423E+00
 -1      1002-1.23128E+00 4.00006E+01 1.98208E+00
 -1      1003-1.20452E+00 3.99994E+01 2.03577E+00
 -1      1004-1.16872E+00 3.99994E+01 2.01792E+00
 -1      1009-1.20000E+00 3.99660E+01 1.98800E+00
 -1      1010-1.20000E+00 3.99980E+01 1.96400E+00
 -1      1011-1.20000E+00 4.00340E+01 2.01200E+00
 -1      1012-1.20000E+00 4.00020E+01 2.03600E+00
 -1      1017-1.23328E+00 3.99861E+01 2.00000E+00
 -1      1018-1.20000E+00 3.99639E+01 2.00000E+00
 -1      1019-1.16672E+00 4.00139E+01 2.00000E+00
 -1      1020-1.20000E+00 4.00361E+01 2.00000E+00
 -1      1051 1.20425E+00 4.00001E+01 1.96420E+00
 -1      1052 1.16858E+00 3.99997E+01 1.98231E+00
 -1      1053 1.19575E+00 3.99999E+01 2.03580E+00
 -1      1054 1.23142E+00 4.00003E+01 2.01769E+00
 -1      1059 1.20000E+00 3.99660E+01 1.98800E+00
 -1      1060 1.20000E+00 3.99980E+01 1.96400E+00
 -1      1061 1.20000E+00 4.00340E+01 2.01200E+00
 -1      1062 1.20000E+00 4.00020E+01 2.03600E+00
 -1      1067 1.16672E+00 3.99861E+01 2.00000E+00
 -1      1068 1.20000E+00 3.99639E+01 2.00000E+00
 -1      1069 1.23328E+00 4.00139E+01 2.00000E+00
 -1      1070 1.20000E+00 4.00361E+01 2.00000E+00
 -1      1101-1.19605E+00 4.99975E+01-3.57542E-02
 -1      1102-1.23148E+00 4.99965E+01-1.72231E-02
 -1      1103-1.20395E+00 5.00025E+01 3.57542E-02
 -1      1104-1.16852E+00 5.00035E+01 1.72231E-02
 -1      1109-1.20102E+00 4.99659E+01-1.16828E-02
 -1      1110-1.20007E+00 4.99977E+01-3.59798E-02
 -1      1111-1.19898E+00 5.00341E+01 1.16828E-02
 -1      1112-1.19993E+00 5.00023E+01 3.59798E-02
 -1      1117-1.23354E+00 4.99868E+01 3.96605E-04
 -1      1118-1.20069E+00 4.99640E+01 1.08098E-03
 -1      1119-1.16646E+00 5.00132E+01-3.96605E-04
 -1      1120-1.19931E+00 5.00360E+01-1.08098E-03
 -1      1151 1.20657E+00 4.99968E+01-3.53115E-02
 -1      1152 1.16988E+00 5.00006E+01-1.98149E-02
 -1      1153 1.19343E+00 5.00032E+01 3.53115E-02
 -1      1154 1.23012E+00 4.99994E+01 1.98149E-02
 -1      1159 1.20102E+00 4.99661E+01-1.23355E-02
 -1      1160 1.20005E+00 4.99984E+01-3.60180E-02
 -1      1161 1.19898E+00 5.00339E+01 1.23355E-02
 -1      1162 1.19995E+00 5.00016E+01 3.60180E-02
 -1      1167 1.16697E+00 4.99855E+01-4.33494E-04
 -1      1168 1.20064E+00 4.99640E+01-1.08101E-03
 -1      1169 1.23303E+00 5.00145E+01 4.33494E-04
 -1      1170 1.19936E+00 5.00360E+01 1.08101E-03
 -1      1201-1.19804E+00 5.00029E+01 1.96411E+00
 -1      1202-1.23240E+00 4.99990E+01 1.98421E+00
 -1      1203-1.20196E+00 4.99971E+01 2.03589E+00
 -1      1204-1.16760E+00 5.00010E+01 2.01579E+00
 -1      1209-1.19898E+00 4.99661E+01 1.98766E+00
 -1      1210-1.19995E+00 4.99984E+01 1.96398E+00
 -1      1211-1.20102E+00 5.00339E+01 2.01234E+00
 -1      1212-1.20005E+00 5.00016E+01 2.03602E+00
 -1      1217-1.23303E+00 4.99855E+01 1.99957E+00
 -1      1218-1.19936E+00 4.99640E+01 1.99892E+00
 -1      1219-1.16697E+00 5.00145E+01 2.00043E+00
 -1      1220-1.20064E+00 5.00360E+01 2.00108E+00
 -1      1251 1.20519E+00 5.00024E+01 1.96440E+00
 -1      1252 1.16914E+00 5.00035E+01 1.98169E+00
 -1      1253 1.19481E+00 4.99976E+01 2.03560E+00
 -1      1254 1.23086E+00 4.99965E+01 2.01831E+00
 -1      1259 1.19898E+00 4.99659E+01 1.98832E+00
 -1      1260 1.19993E+00 4.99977E+01 1.96402E+00
 -1      1261 1.20102E+00 5.00341E+01 2.01168E+00
 -1      1262 1.20007E+00 5.00023E+01 2.03598E+00
 -1      1267 1.16646E+00 4.99868E+01 2.00040E+00
 -1      1268 1.19931E+00 4.99640E+01 2.00108E+00
 -1      1269 1.23354E+00 5.00132E+01 1.99960E+00
 -1      1270 1.20069E+00 5.00360E+01 1.99892E+00
 -1      1301-1.19553E+00 2.50000E+01-1.85778E-01
 -1      1302-1.23131E+00 2.50000E+01-1.67883E-01
 -1      1303-1.20447E+00 2.50000E+01-1.14222E-01
 -1      1304-1.16869E+00 2.50000E+01-1.32117E-01
 -1      1309 1.20447E+00 2.50000E+01 1.14222E-01
 -1      1310 1.16869E+00 2.50000E+01 1.32117E-01
 -1      1311 1.19553E+00 2.50000E+01 1.85778E-01
 -1      1312 1.23131E+00 2.50000E+01 1.67883E-01
 -1      1317-1.19553E+00 2.50000E+01 1.81422E+00
 -1      1318-1.23131E+00 2.50000E+01 1.83212E+00
 -1      1319-1.20447E+00 2.50000E+01 1.88578E+00
 -1      1320-1.16869E+00 2.50000E+01 1.86788E+00
 -1      1325 1.20447E+00 2.50000E+01 2.11422E+00
 -1      1326 1.16869E+00 2.50000E+01 2.13212E+00
 -1      1327 1.19553E+00 2.50000E+01 2.18578E+00
 -1      1328 1.23131E+00 2.50000E+01 2.16788E+00
 -1      1333-1.19522E+00 3.24989E+01-1.41787E-01
 -1      1334-1.23115E+00 3.24995E+01-1.24216E-01
 -1      1335-1.20478E+00 3.25011E+01-7.03450E-02
 -1      1336-1.16885E+00 3.25005E+01-8.79159E-02
 -1      1341-1.19553E+00 3.50000E+01-1.85777E-01
 -1      1342-1.23131E+00 3.50000E+01-1.67887E-01
 -1      1343-1.20447E+00 3.50000E+01-1.14223E-01
 -1      1344-1.16869E+00 3.50000E+01-1.32113E-01
 -1      1349-1.19586E+00 3.75011E+01-1.41867E-01
 -1      1350-1.23147E+00 3.75005E+01-1.23652E-01
 -1      1351-1.20414E+00 3.74989E+01-7.02647E-02
 -1      1352-1.16853E+00 3.74995E+01-8.84797E-02
 -1      1357 1.20414E+00 3.25011E+01 7.02647E-02
 -1      1358 1.16853E+00 3.25005E+01 8.84797E-02
 -1      1359 1.19586E+00 3.24989E+01 1.41867E-01
 -1      1360 1.23147E+00 3.24995E+01 1.23652E-01
 -1      1365 1.20447E+00 3.50000E+01 1.14223E-01
 -1      1366 1.16869E+00 3.50000E+01 1.32113E-01
 -1      1367 1.19553E+00 3.50000E+01 1.85777E-01
 -1      1368 1.23131E+00 3.50000E+01 1.67887E-01
 -1      1373 1.20478E+00 3.74989E+01 7.03450E-02
 -1      1374 1.16885E+00 3.74995E+01 8.79159E-02
 -1      1375 1.19522E+00 3.75011E+01 1.41787E-01
 -1      1376 1.23115E+00 3.75005E+01 1.24216E-01
 -1      1381-1.19522E+00 3.24989E+01 1.85821E+00
 -1      1382-1.23115E+00 3.24995E+01 1.87578E+00
 -1      1383-1.20478E+00 3.25011E+01 1.92966E+00
 -1      1384-1.16885E+00 3.25005E+01 1.91208E+00
 -1      1389-1.19553E+00 3.50000E+01 1.81422E+00
 -1      1390-1.23131E+00 3.50000E+01 1.83211E+00
 -1      1391-1.20447E+00 3.50000E+01 1.88578E+00
 -1      1392-1.16869E+00 3.50000E+01 1.86789E+00
 -1      1397-1.19586E+00 3.75011E+01 1.85813E+00
 -1      1398-1.23147E+00 3.75005E+01 1.87635E+00
 -1      1399-1.20414E+00 3.74989E+01 1.92974E+00
 -1      1400-1.16853E+00 3.74995E+01 1.91152E+00
 -1      1405 1.20414E+00 3.25011E+01 2.07026E+00
 -1      1406 1.16853E+00 3.25005E+01 2.08848E+00
 -1      1407 1.19586E+00 3.24989E+01 2.14187E+00
 -1      1408 1.23147E+00 3.24995E+01 2.12365E+00
 -1      1413 1.20447E+00 3.50000E+01 2.11422E+00
 -1      1414 1.16869E+00 3.50000E+01 2.13211E+00
 -1      1415 1.19553E+00 3.50000E+01 2.18578E+00
 -1      1416 1.23131E+00 3.50000E+01 2.16789E+00
 -1      1421 1.20478E+00 3.74989E+01 2.07034E+00
 -1      1422 1.16885E+00 3.74995E+01 2.08792E+00
 -1      1423 1.19522E+00 3.75011E+01 2.14179E+00
 -1      1424 1.23115E+00 3.75005E+01 2.12422E+00
 -1      1429 0.00000E+00-6.99992E-02-1.20023E-02
 -1      1430 0.00000E+00-3.79975E-02-3.60001E-02
 -1      1431 0.00000E+00-2.00083E-03 1.20023E-02
 -1      1432 0.00000E+00-3.40025E-02 3.60001E-02
 -1      1437 0.00000E+00 2.00083E-03 1.98800E+00
 -1      1438 0.00000E+00 3.40025E-02 1.96400E+00
 -1      1439 0.00000E+00 6.99992E-02 2.01200E+00
 -1      1440 0.00000E+00 3.79975E-02 2.03600E+00
 -1      1445-1.23329E+00 1.61495E-02 1.00000E+00
 -1      1446-1.20002E+00-6.05551E-03 1.00000E+00
 -1      1447-1.16671E+00 4.38505E-02 1.00000E+00
 -1      1448-1.19998E+00 6.60555E-02 1.00000E+00
 -1      1453 1.16671E+00-4.38505E-02 1.00000E+00
 -1      1454 1.19998E+00-6.60555E-02 1.00000E+00
 -1      1455 1.23329E+00-1.61495E-02 1.00000E+00
 -1      1456 1.20002E+00 6.05551E-03 1.00000E+00
 -1      1461-6.01023E-01 1.99404E+01-1.16832E-02
 -1      1462-6.00070E-01 1.99722E+01-3.59798E-02
 -1      1463-5.98977E-01 2.00086E+01 1.16832E-02
 -1      1464-5.99930E-01 1.99769E+01 3.59798E-02
 -1      1469 0.00000E+00 1.99300E+01-1.20008E-02
 -1      1470 0.00000E+00 1.99620E+01-3.60000E-02
 -1      1471 0.00000E+00 1.99980E+01 1.20008E-02
 -1      1472 0.00000E+00 1.99660E+01 3.60000E-02
 -1      1477 6.01016E-01 1.99407E+01-1.23359E-02
 -1      1478 6.00049E-01 1.99729E+01-3.60180E-02
 -1      1479 5.98984E-01 2.00084E+01 1.23359E-02
 -1      1480 5.99951E-01 1.99762E+01 3.60180E-02
 -1      1485-5.98984E-01 1.99916E+01 1.98766E+00
 -1      1486-5.99951E-01 2.00238E+01 1.96398E+00
 -1      1487-6.01016E-01 2.00593E+01 2.01234E+00
 -1      1488-6.00049E-01 2.00271E+01 2.03602E+00
 -1      1493 0.00000E+00 2.00020E+01 1.98800E+00
 -1      1494 0.00000E+00 2.00340E+01 1.96400E+00
 -1      1495 0.00000E+00 2.00700E+01 2.01200E+00
 -1      1496 0.00000E+00 2.00380E+01 2.03600E+00
 -1      1501 5.98977E-01 1.99914E+01 1.98832E+00
 -1      1502 5.99930E-01 2.00231E+01 1.96402E+00
 -1      1503 6.01023E-01 2.00596E+01 2.01168E+00
 -1      1504 6.00070E-01 2.00278E+01 2.03598E+00
 -1      1509-1.23354E+00 2.00080E+01 5.00396E-01
 -1      1510-1.20070E+00 1.99852E+01 5.01081E-01
 -1      1511-1.16646E+00 2.00344E+01 4.99604E-01
 -1      1512-1.19930E+00 2.00572E+01 4.98919E-01
 -1      1517-1.23328E+00 2.00161E+01 1.00000E+00
 -1      1518-1.20001E+00 1.99939E+01 1.00000E+00
 -1      1519-1.16672E+00 2.00439E+01 1.00000E+00
 -1      1520-1.19999E+00 2.00661E+01 1.00000E+00
 -1      1525-1.23303E+00 2.00068E+01 1.49957E+00
 -1      1526-1.19936E+00 1.99852E+01 1.49892E+00
 -1      1527-1.16697E+00 2.00357E+01 1.50043E+00
 -1      1528-1.20064E+00 2.00572E+01 1.50108E+00
 -1      1533 1.16697E+00 1.99643E+01 4.99567E-01
 -1      1534 1.20064E+00 1.99428E+01 4.98919E-01
 -1      1535 1.23303E+00 1.99932E+01 5.00433E-01
 -1      1536 1.19936E+00 2.00148E+01 5.01081E-01
 -1      1541 1.16672E+00 1.99561E+01 1.00000E+00
 -1      1542 1.19999E+00 1.99339E+01 1.00000E+00
 -1      1543 1.23328E+00 1.99839E+01 1.00000E+00
 -1      1544 1.20001E+00 2.00061E+01 1.00000E+00
 -1      1549 1.16646E+00 1.99656E+01 1.50040E+00
 -1      1550 1.19930E+00 1.99428E+01 1.50108E+00
 -1      1551 1.23354E+00 1.99920E+01 1.49960E+00
 -1      1552 1.20070E+00 2.00148E+01 1.49892E+00
 -1      1557 0.00000E+00 4.99300E+01-1.20023E-02
 -1      1558 0.00000E+00 4.99620E+01-3.60001E-02
 -1      1559 0.00000E+00 4.99980E+01 1.20023E-02
 -1      1560 0.00000E+00 4.99660E+01 3.60001E-02
 -1      1565 0.00000E+00 5.00020E+01 1.98800E+00
 -1      1566 0.00000E+00 5.00340E+01 1.96400E+00
 -1      1567 0.00000E+00 5.00700E+01 2.01200E+00
 -1      1568 0.00000E+00 5.00380E+01 2.03600E+00
 -1      1573-1.23329E+00 5.00161E+01 1.00000E+00
 -1      1574-1.20002E+00 4.99939E+01 1.00000E+00
 -1      1575-1.16671E+00 5.00438E+01 1.00000E+00
 -1      1576-1.19998E+00 5.00661E+01 1.00000E+00
 -1      1581 1.16671E+00 4.99562E+01 1.00000E+00
 -1      1582 1.19998E+00 4.99339E+01 1.00000E+00
 -1      1583 1.23329E+00 4.99839E+01 1.00000E+00
 -1      1584 1.20002E+00 5.00061E+01 1.00000E+00
 -1      1589-1.19777E+00 1.25272E+01 3.58451E-01
 -1      1590-1.23236E+00 1.25239E+01 3.78258E-01
 -1      1591-1.20223E+00 1.25152E+01 4.29417E-01
 -1      1592-1.16764E+00 1.25186E+01 4.09610E-01
 -1      1597-1.19829E+00 1.50371E+01 8.14685E-01
 -1      1598-1.23259E+00 1.50330E+01 8.34866E-01
 -1      1599-1.20171E+00 1.50229E+01 8.85315E-01
 -1      1600-1.16741E+00 1.50270E+01 8.65134E-01
 -1      1605-1.19884E+00 1.75293E+01 1.35882E+00
 -1      1606-1.23282E+00 1.75246E+01 1.37939E+00
 -1      1607-1.20116E+00 1.75131E+01 1.42904E+00
 -1      1608-1.16718E+00 1.75178E+01 1.40848E+00
 -1      1613-1.19407E+00 1.25153E+01 1.57100E+00
 -1      1614-1.23055E+00 1.25180E+01 1.58719E+00
 -1      1615-1.20593E+00 1.25271E+01 1.64113E+00
 -1      1616-1.16945E+00 1.25244E+01 1.62495E+00
 -1      1621-1.19388E+00 1.50230E+01 1.11516E+00
 -1      1622-1.23044E+00 1.50262E+01 1.13106E+00
 -1      1623-1.20612E+00 1.50370E+01 1.18484E+00
 -1      1624-1.16956E+00 1.50338E+01 1.16894E+00
 -1      1629-1.19370E+00 1.75132E+01 5.71480E-01
 -1      1630-1.23034E+00 1.75168E+01 5.87095E-01
 -1      1631-1.20630E+00 1.75292E+01 6.40652E-01
 -1      1632-1.16966E+00 1.75256E+01 6.25037E-01
 -1      1637 1.20223E+00 1.25272E+01 3.58451E-01
 -1      1638 1.16764E+00 1.25239E+01 3.78258E-01
 -1      1639 1.19777E+00 1.25152E+01 4.29417E-01
 -1      1640 1.23236E+00 1.25186E+01 4.09610E-01
 -1      1645 1.20171E+00 1.50371E+01 8.14685E-01
 -1      1646 1.16741E+00 1.50330E+01 8.34866E-01
 -1      1647 1.19829E+00 1.50229E+01 8.85315E-01
 -1      1648 1.23259E+00 1.50270E+01 8.65134E-01
 -1      1653 1.20116E+00 1.75293E+01 1.35882E+00
 -1      1654 1.16718E+00 1.75246E+01 1.37939E+00
 -1      1655 1.19884E+00 1.75131E+01 1.42904E+00
 -1      1656 1.23282E+00 1.75178E+01 1.40848E+00
 -1      1661 1.20593E+00 1.25153E+01 1.57100E+00
 -1      1662 1.16945E+00 1.25180E+01 1.58719E+00
 -1      1663 1.19407E+00 1.25271E+01 1.64113E+00
 -1      1664 1.23055E+00 1.25244E+01 1.62495E+00
 -1      1669 1.20612E+00 1.50230E+01 1.11516E+00
 -1      1670 1.16956E+00 1.50262E+01 1.13106E+00
 -1      1671 1.19388E+00 1.50370E+01 1.18484E+00
 -1      1672 1.23044E+00 1.50338E+01 1.16894E+00
 -1      1677 1.20630E+00 1.75132E+01 5.71480E-01
 -1      1678 1.16966E+00 1.75168E+01 5.87095E-01
 -1      1679 1.19370E+00 1.75292E+01 6.40652E-01
 -1      1680 1.23034E+00 1.75256E+01 6.25037E-01
 -1      1685-4.83328E-01 1.24717E+01-3.43393E-02
 -1      1686-5.20442E-01 1.24818E+01-2.33534E-02
 -1      1687-5.04540E-01 1.24774E+01 3.43393E-02
 -1      1688-4.67426E-01 1.24673E+01 2.33534E-02
 -1      1693 1.59904E-01 1.49616E+01-3.45869E-02
 -1      1694 1.22764E-01 1.49705E+01-2.27046E-02
 -1      1695 1.40096E-01 1.49664E+01 3.45869E-02
 -1      1696 1.77236E-01 1.49575E+01 2.27046E-02
 -1      1701 7.15261E-01 1.74726E+01-3.48107E-02
 -1      1702 6.78146E-01 1.74804E+01-2.20585E-02
 -1      1703 6.96871E-01 1.74765E+01 3.48107E-02
 -1      1704 7.33986E-01 1.74687E+01 2.20585E-02
 -1      1709 4.93632E-01 1.24745E+01-3.60542E-02
 -1      1710 4.61704E-01 1.24658E+01-1.35783E-02
 -1      1711 4.94236E-01 1.24746E+01 3.60542E-02
 -1      1712 5.26164E-01 1.24833E+01 1.35783E-02
 -1      1717-1.49866E-01 1.49640E+01-3.60553E-02
 -1      1718-1.82311E-01 1.49562E+01-1.39944E-02
 -1      1719-1.50134E-01 1.49640E+01 3.60553E-02
 -1      1720-1.17689E-01 1.49718E+01 1.39944E-02
 -1      1725-7.05470E-01 1.74747E+01-3.60504E-02
 -1      1726-7.38413E-01 1.74678E+01-1.44278E-02
 -1      1727-7.06662E-01 1.74744E+01 3.60504E-02
 -1      1728-6.73719E-01 1.74813E+01 1.44278E-02
 -1      1733-4.83328E-01 1.24717E+01 1.96566E+00
 -1      1734-5.20442E-01 1.24818E+01 1.97665E+00
 -1      1735-5.04540E-01 1.24774E+01 2.03434E+00
 -1      1736-4.67426E-01 1.24673E+01 2.02335E+00
 -1      1741 1.59904E-01 1.49616E+01 1.96541E+00
 -1      1742 1.22764E-01 1.49705E+01 1.97730E+00
 -1      1743 1.40096E-01 1.49664E+01 2.03459E+00
 -1      1744 1.77236E-01 1.49575E+01 2.02270E+00
 -1      1749 7.15261E-01 1.74726E+01 1.96519E+00
 -1      1750 6.78146E-01 1.74804E+01 1.97794E+00
 -1      1751 6.96871E-01 1.74765E+01 2.03481E+00
 -1      1752 7.33986E-01 1.74687E+01 2.02206E+00
 -1      1757 4.93632E-01 1.24745E+01 1.96395E+00
 -1      1758 4.61704E-01 1.24658E+01 1.98642E+00
 -1      1759 4.94236E-01 1.24746E+01 2.03605E+00
 -1      1760 5.26164E-01 1.24833E+01 2.01358E+00
 -1      1765-1.49866E-01 1.49640E+01 1.96394E+00
 -1      1766-1.82311E-01 1.49562E+01 1.98601E+00
 -1      1767-1.50134E-01 1.49640E+01 2.03606E+00
 -1      1768-1.17689E-01 1.49718E+01 2.01399E+00
 -1      1773-7.05470E-01 1.74747E+01 1.96395E+00
 -1      1774-7.38413E-01 1.74678E+01 1.98557E+00
 -1      1775-7.06662E-01 1.74744E+01 2.03605E+00
 -1      1776-6.73719E-01 1.74813E+01 2.01443E+00
 -1      1781-1.19830E+00 3.50371E+01 8.14684E-01
 -1      1782-1.23259E+00 3.50330E+01 8.34874E-01
 -1      1783-1.20170E+00 3.50229E+01 8.85316E-01
 -1      1784-1.16741E+00 3.50270E+01 8.65126E-01
 -1      1789-1.19388E+00 3.50230E+01 1.11516E+00
 -1      1790-1.23044E+00 3.50262E+01 1.13106E+00
 -1      1791-1.20612E+00 3.50370E+01 1.18484E+00
 -1      1792-1.16956E+00 3.50338E+01 1.16894E+00
 -1      1797 1.20170E+00 3.50371E+01 8.14684E-01
 -1      1798 1.16741E+00 3.50330E+01 8.34874E-01
 -1      1799 1.19830E+00 3.50229E+01 8.85316E-01
 -1      1800 1.23259E+00 3.50270E+01 8.65126E-01
 -1      1805 1.20612E+00 3.50230E+01 1.11516E+00
 -1      1806 1.16956E+00 3.50262E+01 1.13106E+00
 -1      1807 1.19388E+00 3.50370E+01 1.18484E+00
 -1      1808 1.23044E+00 3.50338E+01 1.16894E+00
 -1      1813 1.59908E-01 3.49616E+01-3.45858E-02
 -1      1814 1.22767E-01 3.49705E+01-2.27077E-02
 -1      1815 1.40092E-01 3.49664E+01 3.45858E-02
 -1      1816 1.77233E-01 3.49575E+01 2.27077E-02
 -1      1821-1.49864E-01 3.49640E+01-3.60552E-02
 -1      1822-1.82310E-01 3.49562E+01-1.39967E-02
 -1      1823-1.50136E-01 3.49640E+01 3.60552E-02
 -1      1824-1.17690E-01 3.49718E+01 1.39967E-02
 -1      1829 1.59908E-01 3.49616E+01 1.96541E+00
 -1      1830 1.22767E-01 3.49705E+01 1.97729E+00
 -1      1831 1.40092E-01 3.49664E+01 2.03459E+00
 -1      1832 1.77233E-01 3.49575E+01 2.02271E+00
 -1      1837-1.49864E-01 3.49640E+01 1.96394E+00
 -1      1838-1.82310E-01 3.49562E+01 1.98600E+00
 -1      1839-1.50136E-01 3.49640E+01 2.03606E+00
 -1      1840-1.17690E-01 3.49718E+01 2.01400E+00
 -1      1845-1.19830E+00 4.50371E+01 8.14684E-01
 -1      1846-1.23259E+00 4.50330E+01 8.34874E-01
 -1      1847-1.20170E+00 4.50229E+01 8.85316E-01
 -1      1848-1.16741E+00 4.50270E+01 8.65126E-01
 -1      1853-1.19388E+00 4.50230E+01 1.11516E+00
 -1      1854-1.23044E+00 4.50262E+01 1.13106E+00
 -1      1855-1.20612E+00 4.50370E+01 1.18484E+00
 -1      1856-1.16956E+00 4.50338E+01 1.16894E+00
 -1      1861 1.20170E+00 4.50371E+01 8.14684E-01
 -1      1862 1.16741E+00 4.50330E+01 8.34874E-01
 -1      1863 1.19830E+00 4.50229E+01 8.85316E-01
 -1      1864 1.23259E+00 4.50270E+01 8.65126E-01
 -1      1869 1.20612E+00 4.50230E+01 1.11516E+00
 -1      1870 1.16956E+00 4.50262E+01 1.13106E+00
 -1      1871 1.19388E+00 4.50370E+01 1.18484E+00
 -1      1872 1.23044E+00 4.50338E+01 1.16894E+00
 -1      1877 1.59908E-01 4.49616E+01-3.45858E-02
 -1      1878 1.22767E-01 4.49705E+01-2.27077E-02
 -1      1879 1.40092E-01 4.49664E+01 3.45858E-02
 -1      1880 1.77233E-01 4.49575E+01 2.27077E-02
 -1      1885-1.49864E-01 4.49640E+01-3.60552E-02
 -1      1886-1.82310E-01 4.49562E+01-1.39967E-02
 -1      1887-1.50136E-01 4.49640E+01 3.60552E-02
 -1      1888-1.17690E-01 4.49718E+01 1.39967E-02
 -1      1893 1.59908E-01 4.49616E+01 1.96541E+00
 -1      1894 1.22767E-01 4.49705E+01 1.97729E+00
 -1      1895 1.40092E-01 4.49664E+01 2.03459E+00
 -1      1896 1.77233E-01 4.49575E+01 2.02271E+00
 -1      1901-1.49864E-01 4.49640E+01 1.96394E+00
 -1      1902-1.82310E-01 4.49562E+01 1.98600E+00
 -1      1903-1.50136E-01 4.49640E+01 2.03606E+00
 -1      1904-1.17690E-01 4.49718E+01 2.01400E+00
 -3
    3C                           160                                     1
 -1         1    1    0    1
 -2       101       301       302       102       104       304       303       103
 -1         2    1    0    1
 -2       151       351       352       152       154       354       353       153
 -1         3    1    0    1
 -2       201       401       402       202       204       404       403       203
 -1         4    1    0    1
 -2       251       451       452       252       254       454       453       253
 -1         5    1    0    1
 -2       301       501       502       302       304       504       503       303
 -1         6    1    0    1
 -2       351       551       552       352       354       554       553       353
 -1         7    1    0    1
 -2       401       601       602       402       404       604       603       403
 -1         8    1    0    1
 -2       451       651       652       452       454       654       653       453
 -1         9    1    0    1
 -2       501      1301      1302       502       504      1304      1303       503
 -1        10    1    0    1
 -2      1301       701       702      1302      1304       704       703      1303
 -1        11    1    0    1
 -2       551      1309      1310       552       554      1312      1311       553
 -1        12    1    0    1
 -2      1309       751       752      1310      1312       754       753      1311
 -1        13    1    0    1
 -2       601      1317      1318       602       604      1320      1319       603
 -1        14    1    0    1
 -2      1317       801       802      1318      1320       804       803      1319
 -1        15    1    0    1
 -2       651      1325      1326       652       654      1328      1327       653
 -1        16    1    0    1
 -2      1325       851       852      1326      1328       854       853      1327
 -1        17    1    0    1
 -2       701      1333      1334       702       704      1336      1335       703
 -1        18    1    0    1
 -2      1333      1341      1342      1334      1336      1344      1343      1335
 -1        19    1    0    1
 -2      1341      1349      1350      1342      1344      1352      1351      1343
 -1        20    1    0    1
 -2      1349       901       902      1350      1352       904       903      1351
 -1        21    1    0    1
 -2       751      1357      1358       752       754      1360      1359       753
 -1        22    1    0    1
 -2      1357      1365      1366      1358      1360      1368      1367      1359
 -1        23    1    0    1
 -2      1365      1373      1374      1366      1368      1376      1375      1367
 -1        24    1    0    1
 -2      1373       951       952      1374      1376       954       953      1375
 -1        25    1    0    1
 -2       801      1381      1382       802       804      1384      1383       803
 -1        26    1    0    1
 -2      1381      1389      1390      1382      1384      1392      1391      1383
 -1        27    1    0    1
 -2      1389      1397      1398      1390      1392      1400      1399      1391
 -1        28    1    0    1
 -2      1397      1001      1002      1398      1400      1004      1003      1399
 -1        29    1    0    1
 -2       851      1405      1406       852       854      1408      1407       853
 -1        30    1    0    1
 -2      1405      1413      1414      1406      1408      1416      1415      1407
 -1        31    1    0    1
 -2      1413      1421      1422      1414      1416      1424      1423      1415
 -1        32    1    0    1
 -2      1421      1051      1052      1422      1424      1054      1053      1423
 -1        33    1    0    1
 -2       901      1101      1102       902       904      1104      1103       903
 -1        34    1    0    1
 -2       951      1151      1152       952       954      1154      1153       953
 -1        35    1    0    1
 -2      1001      1201      1202      1002      1004      1204      1203      1003
 -1        36    1    0    1
 -2      1051      1251      1252      1052      1054      1254      1253      1053
 -1        37    1    0    1
 -2       109      1429      1430       110       112      1432      1431       111
 -1        38    1    0    1
 -2      1429       159       160      1430      1432       162       161      1431
 -1        39    1    0    1
 -2       209      1437      1438       210       212      1440      1439       211
 -1        40    1    0    1
 -2      1437       259       260      1438      1440       262       261      1439
 -1        41    1    0    1
 -2       117      1445      1446       118       120      1448      1447       119
 -1        42    1    0    1
 -2      1445       217       218      1446      1448       220       219      1447
 -1        43    1    0    1
 -2       167      1453      1454       168       170      1456      1455       169
 -1        44    1    0    1
 -2      1453       267       268      1454      1456       270       269      1455
 -1        45    1    0    1
 -2       309       359       360       310       312       362       361       311
 -1        46    1    0    1
 -2       409       459       460       410       412       462       461       411
 -1        47    1    0    1
 -2       317       417       418       318       320       420       419       319
 -1        48    1    0    1
 -2       367       467       468       368       370       470       469       369
 -1        49    1    0    1
 -2       509      1461      1462       510       512      1464      1463       511
 -1        50    1    0    1
 -2      1461      1469      1470      1462      1464      1472      1471      1463
 -1        51    1    0    1
 -2      1469      1477      1478      1470      1472      1480      1479      1471
 -1        52    1    0    1
 -2      1477       559       560      1478      1480       562       561      1479
 -1        53    1    0    1
 -2       609      1485      1486       610       612      1488      1487       611
 -1        54    1    0    1
 -2      1485      1493      1494      1486      1488      1496      1495      1487
 -1        55    1    0    1
 -2      1493      1501      1502      1494      1496      1504      1503      1495
 -1        56    1    0    1
 -2      1501       659       660      1502      1504       662       661      1503
 -1        57    1    0    1
 -2       517      1509      1510       518       520      1512      1511       519
 -1        58    1    0    1
 -2      1509      1517      1518      1510      1512      1520      1519      1511
 -1        59    1    0    1
 -2      1517      1525      1526      1518      1520      1528      1527      1519
 -1        60    1    0    1
 -2      1525       617       618      1526      1528       620       619      1527
 -1        61    1    0    1
 -2       567      1533      1534       568       570      1536      1535       569
 -1        62    1    0    1
 -2      1533      1541      1542      1534      1536      1544      1543      1535
 -1        63    1    0    1
 -2      1541      1549      1550      1542      1544      1552      1551      1543
 -1        64    1    0    1
 -2      1549       667       668      1550      1552       670       669      1551
 -1        65    1    0    1
 -2       709       759       760       710       712       762       761       711
 -1        66    1    0    1
 -2       809       859       860       810       812       862       861       811
 -1        67    1    0    1
 -2       717       817       818       718       720       820       819       719
 -1        68    1    0    1
 -2       767       867       868       768       770       870       869       769
 -1        69    1    0    1
 -2       909       959       960       910       912       962       961       911
 -1        70    1    0    1
 -2      1009      1059      1060      1010      1012      1062      1061      1011
 -1        71    1    0    1
 -2       917      1017      1018       918       920      1020      1019       919
 -1        72    1    0    1
 -2       967      1067      1068       968       970      1070      1069       969
 -1        73    1    0    1
 -2      1109      1557      1558      1110      1112      1560      1559      1111
 -1        74    1    0    1
 -2      1557      1159      1160      1558      1560      1162      1161      1559
 -1        75    1    0    1
 -2      1209      1565      1566      1210      1212      1568      1567      1211
 -1        76    1    0    1
 -2      1565      1259      1260      1566      1568      1262      1261      1567
 -1        77    1    0    1
 -2      1117      1573      1574      1118      1120      1576      1575      1119
 -1        78    1    0    1
 -2      1573      1217      1218      1574      1576      1220      1219      1575
 -1        79    1    0    1
 -2      1167      1581      1582      1168      1170      1584      1583      1169
 -1        80    1    0    1
 -2      1581      1267      1268      1582      1584      1270      1269      1583
 -1        81    1    0    1
 -2       101       401       402       102       104       404       403       103
 -1        82    1    0    1
 -2       201       301       302       202       204       304       303       203
 -1        83    1    0    1
 -2       151       451       452       152       154       454       453       153
 -1        84    1    0    1
 -2       251       351       352       252       254       354       353       253
 -1        85    1    0    1
 -2       101       351       352       102       104       354       353       103
 -1        86    1    0    1
 -2       151       301       302       152       154       304       303       153
 -1        87    1    0    1
 -2       201       451       452       202       204       454       453       203
 -1        88    1    0    1
 -2       251       401       402       252       254       404       403       253
 -1        89    1    0    1
 -2       301      1589      1590       302       304      1592      1591       303
 -1        90    1    0    1
 -2      1589      1597      1598      1590      1592      1600      1599      1591
 -1        91    1    0    1
 -2      1597      1605      1606      1598      1600      1608      1607      1599
 -1        92    1    0    1
 -2      1605       601       602      1606      1608       604       603      1607
 -1        93    1    0    1
 -2       401      1613      1614       402       404      1616      1615       403
 -1        94    1    0    1
 -2      1613      1621      1622      1614      1616      1624      1623      1615
 -1        95    1    0    1
 -2      1621      1629      1630      1622      1624      1632      1631      1623
 -1        96    1    0    1
 -2      1629       501       502      1630      1632       504       503      1631
 -1        97    1    0    1
 -2       351      1637      1638       352       354      1640      1639       353
 -1        98    1    0    1
 -2      1637      1645      1646      1638      1640      1648      1647      1639
 -1        99    1    0    1
 -2      1645      1653      1654      1646      1648      1656      1655      1647
 -1       100    1    0    1
 -2      1653       651       652      1654      1656       654       653      1655
 -1       101    1    0    1
 -2       451      1661      1662       452       454      1664      1663       453
 -1       102    1    0    1
 -2      1661      1669      1670      1662      1664      1672      1671      1663
 -1       103    1    0    1
 -2      1669      1677      1678      1670      1672      1680      1679      1671
 -1       104    1    0    1
 -2      1677       551       552      1678      1680       554       553      1679
 -1       105    1    0    1
 -2       301      1685      1686       302       304      1688      1687       303
 -1       106    1    0    1
 -2      1685      1693      1694      1686      1688      1696      1695      1687
 -1       107    1    0    1
 -2      1693      1701      1702      1694      1696      1704      1703      1695
 -1       108    1    0    1
 -2      1701       551       552      1702      1704       554       553      1703
 -1       109    1    0    1
 -2       351      1709      1710       352       354      1712      1711       353
 -1       110    1    0    1
 -2      1709      1717      1718      1710      1712      1720      1719      1711
 -1       111    1    0    1
 -2      1717      1725      1726      1718      1720      1728      1727      1719
 -1       112    1    0    1
 -2      1725       501       502      1726      1728       504       503      1727
 -1       113    1    0    1
 -2       401      1733      1734       402       404      1736      1735       403
 -1       114    1    0    1
 -2      1733      1741      1742      1734      1736      1744      1743      1735
 -1       115    1    0    1
 -2      1741      1749      1750      1742      1744      1752      1751      1743
 -1       116    1    0    1
 -2      1749       651       652      1750      1752       654       653      1751
 -1       117    1    0    1
 -2       451      1757      1758       452       454      1760      1759       453
 -1       118    1    0    1
 -2      1757      1765      1766      1758      1760      1768      1767      1759
 -1       119    1    0    1
 -2      1765      1773      1774      1766      1768      1776      1775      1767
 -1       120    1    0    1
 -2      1773       601       602      1774      1776       604       603      1775
 -1       121    1    0    1
 -2       501       801       802       502       504       804       803       503
 -1       122    1    0    1
 -2       601       701       702       602       604       704       703       603
 -1       123    1    0    1
 -2       551       851       852       552       554       854       853       553
 -1       124    1    0    1
 -2       651       751       752       652       654       754       753       653
 -1       125    1    0    1
 -2       501       751       752       502       504       754       753       503
 -1       126    1    0    1
 -2       551       701       702       552       554       704       703       553
 -1       127    1    0    1
 -2       601       851       852       602       604       854       853       603
 -1       128    1    0    1
 -2       651       801       802       652       654       804       803       653
 -1       129    1    0    1
 -2       701      1781      1782       702       704      1784      1783       703
 -1       130    1    0    1
 -2      1781      1001      1002      1782      1784      1004      1003      1783
 -1       131    1    0    1
 -2       801      1789      1790       802       804      1792      1791       803
 -1       132    1    0    1
 -2      1789       901       902      1790      1792       904       903      1791
 -1       133    1    0    1
 -2       751      1797      1798       752       754      1800      1799       753
 -1       134    1    0    1
 -2      1797      1051      1052      1798      1800      1054      1053      1799
 -1       135    1    0    1
 -2       851      1805      1806       852       854      1808      1807       853
 -1       136    1    0    1
 -2      1805       951       952      1806      1808       954       953      1807
 -1       137    1    0    1
 -2       701      1813      1814       702       704      1816      1815       703
 -1       138    1    0    1
 -2      1813       951       952      1814      1816       954       953      1815
 -1       139    1    0    1
 -2       751      1821      1822       752       754      1824      1823       753
 -1       140    1    0    1
 -2      1821       901       902      1822      1824       904       903      1823
 -1       141    1    0    1
 -2       801      1829      1830       802       804      1832      1831       803
 -1       142    1    0    1
 -2      1829      1051      1052      1830      1832      1054      1053      1831
 -1       143    1    0    1
 -2       851      1837      1838       852       854      1840      1839       853
 -1       144    1    0    1
 -2      1837      1001      1002      1838      1840      1004      1003      1839
 -1       145    1    0    1
 -2       901      1845      1846       902       904      1848      1847       903
 -1       146    1    0    1
 -2      1845      1201      1202      1846      1848      1204      1203      1847
 -1       147    1    0    1
 -2      1001      1853      1854      1002      1004      1856      1855      1003
 -1       148    1    0    1
 -2      1853      1101      1102      1854      1856      1104      1103      1855
 -1       149    1    0    1
 -2       951      1861      1862       952       954      1864      1863       953
 -1       150    1    0    1
 -2      1861      1251      1252      1862      1864      1254      1253      1863
 -1       151    1    0    1
 -2      1051      1869      1870      1052      1054      1872      1871      1053
 -1       152    1    0    1
 -2      1869      1151      1152      1870      1872      1154      1153      1871
 -1       153    1    0    1
 -2       901      1877      1878       902       904      1880      1879       903
 -1       154    1    0    1
 -2      1877      1151      1152      1878      1880      1154      1153      1879
 -1       155    1    0    1
 -2       951      1885      1886       952       954      1888      1887       953
 -1       156    1    0    1
 -2      1885      1101      1102      1886      1888      1104      1103      1887
 -1       157    1    0    1
 -2      1001      1893      1894      1002      1004      1896      1895      1003
 -1       158    1    0    1
 -2      1893      1251      1252      1894      1896      1254      1253      1895
 -1       159    1    0    1
 -2      1051      1901      1902      1052      1054      1904      1903      1053
 -1       160    1    0    1
 -2      1901      1201      1202      1902      1904      1204      1203      1903
 -3
    1PSTEP                         1           1           1          
  100CL  101 1.000000000           0                     0    1           1
 -4  DISP        4    1
 -5  D1          1    2    1    0
 -5  D2          1    2    2    0
 -5  D3          1    2    3    0
 -5  ALL         1    2    0    0    1ALL
 -3
 9999
