    1C
    1UNormalized cross-passage space-truss torsion benchmark            
    1UUSER                                                              
    1UDATE              06.august.2026                                  
    1UTIME              08:14:20                                        
    1UHOST                                                              
    1UPGM               CalculiX                                        
    1UVERSION           Version 2.21                             
    1UCOMPILETIME       Sat Jul 29 10:52:01 CEST 2023                    
    1UDIR                                                               
    1UDBN                                                               
    1UMAT    1STEEL                                                     
    2C                           656                                     1
 -1       117-1.19376E+00 9.16807E-04-3.54997E-02
 -1       118-1.23024E+00 3.62719E-03-1.93049E-02
 -1       119-1.20624E+00-9.16807E-04 3.54997E-02
 -1       120-1.16976E+00-3.62719E-03 1.93049E-02
 -1       125-1.20102E+00-3.40950E-02-1.16828E-02
 -1       126-1.20007E+00-2.33416E-03-3.59798E-02
 -1       127-1.19898E+00 3.40950E-02 1.16828E-02
 -1       128-1.19993E+00 2.33416E-03 3.59798E-02
 -1       133-1.23354E+00-1.32202E-02 3.96605E-04
 -1       134-1.20069E+00-3.60327E-02 1.08098E-03
 -1       135-1.16646E+00 1.32202E-02-3.96605E-04
 -1       136-1.19931E+00 3.60327E-02-1.08098E-03
 -1       167 1.20177E+00 2.41126E-03-3.59310E-02
 -1       168 1.16758E+00-2.03736E-03-1.56535E-02
 -1       169 1.19823E+00-2.41126E-03 3.59310E-02
 -1       170 1.23242E+00 2.03736E-03 1.56535E-02
 -1       175 1.20102E+00-3.38645E-02-1.23355E-02
 -1       176 1.20005E+00-1.64335E-03-3.60180E-02
 -1       177 1.19898E+00 3.38645E-02 1.23355E-02
 -1       178 1.19995E+00 1.64335E-03 3.60180E-02
 -1       183 1.16697E+00-1.44498E-02-4.33494E-04
 -1       184 1.20064E+00-3.60336E-02-1.08101E-03
 -1       185 1.23303E+00 1.44498E-02 4.33494E-04
 -1       186 1.19936E+00 3.60336E-02 1.08101E-03
 -1       217-1.19295E+00-2.85923E-03 1.96476E+00
 -1       218-1.22978E+00 1.50377E-03 1.97973E+00
 -1       219-1.20705E+00 2.85923E-03 2.03524E+00
 -1       220-1.17022E+00-1.50377E-03 2.02027E+00
 -1       225-1.19898E+00-3.38645E-02 1.98766E+00
 -1       226-1.19995E+00-1.64335E-03 1.96398E+00
 -1       227-1.20102E+00 3.38645E-02 2.01234E+00
 -1       228-1.20005E+00 1.64335E-03 2.03602E+00
 -1       233-1.23303E+00-1.44498E-02 1.99957E+00
 -1       234-1.19936E+00-3.60336E-02 1.99892E+00
 -1       235-1.16697E+00 1.44498E-02 2.00043E+00
 -1       236-1.20064E+00 3.60336E-02 2.00108E+00
 -1       267 1.20318E+00-1.21786E-03 1.96411E+00
 -1       268 1.16822E+00-3.65827E-03 1.98338E+00
 -1       269 1.19682E+00 1.21786E-03 2.03589E+00
 -1       270 1.23178E+00 3.65827E-03 2.01662E+00
 -1       275 1.19898E+00-3.40950E-02 1.98832E+00
 -1       276 1.19993E+00-2.33416E-03 1.96402E+00
 -1       277 1.20102E+00 3.40950E-02 2.01168E+00
 -1       278 1.20007E+00 2.33416E-03 2.03598E+00
 -1       283 1.16646E+00-1.32202E-02 2.00040E+00
 -1       284 1.19931E+00-3.60327E-02 2.00108E+00
 -1       285 1.23354E+00 1.32202E-02 1.99960E+00
 -1       286 1.20069E+00 3.60327E-02 1.99892E+00
 -1       317-1.19510E+00 9.99961E+00-3.57187E-02
 -1       318-1.23108E+00 1.00003E+01-1.82668E-02
 -1       319-1.20490E+00 1.00004E+01 3.57187E-02
 -1       320-1.16892E+00 9.99973E+00 1.82668E-02
 -1       325-1.20000E+00 9.96600E+00-1.20000E-02
 -1       326-1.20000E+00 9.99800E+00-3.60000E-02
 -1       327-1.20000E+00 1.00340E+01 1.20000E-02
 -1       328-1.20000E+00 1.00020E+01 3.60000E-02
 -1       333-1.23328E+00 9.98613E+00 0.00000E+00
 -1       334-1.20000E+00 9.96394E+00 0.00000E+00
 -1       335-1.16672E+00 1.00139E+01 0.00000E+00
 -1       336-1.20000E+00 1.00361E+01 0.00000E+00
 -1       367 1.20442E+00 9.99938E+00-3.57780E-02
 -1       368 1.16867E+00 9.99922E+00-1.78328E-02
 -1       369 1.19558E+00 1.00006E+01 3.57780E-02
 -1       370 1.23133E+00 1.00008E+01 1.78328E-02
 -1       375 1.20000E+00 9.96600E+00-1.20000E-02
 -1       376 1.20000E+00 9.99800E+00-3.60000E-02
 -1       377 1.20000E+00 1.00340E+01 1.20000E-02
 -1       378 1.20000E+00 1.00020E+01 3.60000E-02
 -1       383 1.16672E+00 9.98613E+00 0.00000E+00
 -1       384 1.20000E+00 9.96394E+00 0.00000E+00
 -1       385 1.23328E+00 1.00139E+01 0.00000E+00
 -1       386 1.20000E+00 1.00361E+01 0.00000E+00
 -1       417-1.19542E+00 1.00006E+01 1.96424E+00
 -1       418-1.23125E+00 1.00008E+01 1.98203E+00
 -1       419-1.20458E+00 9.99938E+00 2.03576E+00
 -1       420-1.16875E+00 9.99922E+00 2.01797E+00
 -1       425-1.20000E+00 9.96600E+00 1.98800E+00
 -1       426-1.20000E+00 9.99800E+00 1.96400E+00
 -1       427-1.20000E+00 1.00340E+01 2.01200E+00
 -1       428-1.20000E+00 1.00020E+01 2.03600E+00
 -1       433-1.23328E+00 9.98613E+00 2.00000E+00
 -1       434-1.20000E+00 9.96394E+00 2.00000E+00
 -1       435-1.16672E+00 1.00139E+01 2.00000E+00
 -1       436-1.20000E+00 1.00361E+01 2.00000E+00
 -1       467 1.20409E+00 1.00004E+01 1.96418E+00
 -1       468 1.16851E+00 9.99972E+00 1.98245E+00
 -1       469 1.19591E+00 9.99962E+00 2.03582E+00
 -1       470 1.23149E+00 1.00003E+01 2.01755E+00
 -1       475 1.20000E+00 9.96600E+00 1.98800E+00
 -1       476 1.20000E+00 9.99800E+00 1.96400E+00
 -1       477 1.20000E+00 1.00340E+01 2.01200E+00
 -1       478 1.20000E+00 1.00020E+01 2.03600E+00
 -1       483 1.16672E+00 9.98613E+00 2.00000E+00
 -1       484 1.20000E+00 9.96394E+00 2.00000E+00
 -1       485 1.23328E+00 1.00139E+01 2.00000E+00
 -1       486 1.20000E+00 1.00361E+01 2.00000E+00
 -1       517-1.19524E+00 1.99995E+01-3.57353E-02
 -1       518-1.23116E+00 2.00000E+01-1.81448E-02
 -1       519-1.20476E+00 2.00005E+01 3.57353E-02
 -1       520-1.16884E+00 2.00000E+01 1.81448E-02
 -1       525-1.20102E+00 1.99659E+01-1.16828E-02
 -1       526-1.20007E+00 1.99977E+01-3.59798E-02
 -1       527-1.19898E+00 2.00341E+01 1.16828E-02
 -1       528-1.19993E+00 2.00023E+01 3.59798E-02
 -1       533-1.23354E+00 1.99868E+01 3.96605E-04
 -1       534-1.20069E+00 1.99640E+01 1.08098E-03
 -1       535-1.16646E+00 2.00132E+01-3.96605E-04
 -1       536-1.19931E+00 2.00360E+01-1.08098E-03
 -1       567 1.20431E+00 2.00000E+01-3.57964E-02
 -1       568 1.16862E+00 1.99998E+01-1.77509E-02
 -1       569 1.19569E+00 2.00000E+01 3.57964E-02
 -1       570 1.23138E+00 2.00002E+01 1.77509E-02
 -1       575 1.20102E+00 1.99661E+01-1.23355E-02
 -1       576 1.20005E+00 1.99984E+01-3.60180E-02
 -1       577 1.19898E+00 2.00339E+01 1.23355E-02
 -1       578 1.19995E+00 2.00016E+01 3.60180E-02
 -1       583 1.16697E+00 1.99855E+01-4.33494E-04
 -1       584 1.20064E+00 1.99640E+01-1.08101E-03
 -1       585 1.23303E+00 2.00145E+01 4.33494E-04
 -1       586 1.19936E+00 2.00360E+01 1.08101E-03
 -1       617-1.19540E+00 2.00000E+01 1.96424E+00
 -1       618-1.23124E+00 2.00002E+01 1.98200E+00
 -1       619-1.20460E+00 2.00000E+01 2.03576E+00
 -1       620-1.16876E+00 1.99998E+01 2.01800E+00
 -1       625-1.19898E+00 1.99661E+01 1.98766E+00
 -1       626-1.19995E+00 1.99984E+01 1.96398E+00
 -1       627-1.20102E+00 2.00339E+01 2.01234E+00
 -1       628-1.20005E+00 2.00016E+01 2.03602E+00
 -1       633-1.23303E+00 1.99855E+01 1.99957E+00
 -1       634-1.19936E+00 1.99640E+01 1.99892E+00
 -1       635-1.16697E+00 2.00145E+01 2.00043E+00
 -1       636-1.20064E+00 2.00360E+01 2.00108E+00
 -1       667 1.20414E+00 2.00005E+01 1.96419E+00
 -1       668 1.16853E+00 2.00000E+01 1.98240E+00
 -1       669 1.19586E+00 1.99995E+01 2.03581E+00
 -1       670 1.23147E+00 2.00000E+01 2.01760E+00
 -1       675 1.19898E+00 1.99659E+01 1.98832E+00
 -1       676 1.19993E+00 1.99977E+01 1.96402E+00
 -1       677 1.20102E+00 2.00341E+01 2.01168E+00
 -1       678 1.20007E+00 2.00023E+01 2.03598E+00
 -1       683 1.16646E+00 1.99868E+01 2.00040E+00
 -1       684 1.19931E+00 1.99640E+01 2.00108E+00
 -1       685 1.23354E+00 2.00132E+01 1.99960E+00
 -1       686 1.20069E+00 2.00360E+01 1.99892E+00
 -1       717-1.19558E+00 3.00003E+01-3.57826E-02
 -1       718-1.23133E+00 3.00001E+01-1.78430E-02
 -1       719-1.20442E+00 2.99997E+01 3.57826E-02
 -1       720-1.16867E+00 2.99999E+01 1.78430E-02
 -1       725-1.20102E+00 2.99659E+01-1.16828E-02
 -1       726-1.20007E+00 2.99977E+01-3.59798E-02
 -1       727-1.19898E+00 3.00341E+01 1.16828E-02
 -1       728-1.19993E+00 3.00023E+01 3.59798E-02
 -1       733-1.23354E+00 2.99868E+01 3.96605E-04
 -1       734-1.20069E+00 2.99640E+01 1.08098E-03
 -1       735-1.16646E+00 3.00132E+01-3.96605E-04
 -1       736-1.19931E+00 3.00360E+01-1.08098E-03
 -1       767 1.20457E+00 2.99997E+01-3.57633E-02
 -1       768 1.16875E+00 2.99999E+01-1.79771E-02
 -1       769 1.19543E+00 3.00003E+01 3.57633E-02
 -1       770 1.23125E+00 3.00001E+01 1.79771E-02
 -1       775 1.20102E+00 2.99661E+01-1.23355E-02
 -1       776 1.20005E+00 2.99984E+01-3.60180E-02
 -1       777 1.19898E+00 3.00339E+01 1.23355E-02
 -1       778 1.19995E+00 3.00016E+01 3.60180E-02
 -1       783 1.16697E+00 2.99855E+01-4.33494E-04
 -1       784 1.20064E+00 2.99640E+01-1.08101E-03
 -1       785 1.23303E+00 3.00145E+01 4.33494E-04
 -1       786 1.19936E+00 3.00360E+01 1.08101E-03
 -1       817-1.19558E+00 3.00003E+01 1.96422E+00
 -1       818-1.23133E+00 3.00001E+01 1.98216E+00
 -1       819-1.20442E+00 2.99997E+01 2.03578E+00
 -1       820-1.16867E+00 2.99999E+01 2.01784E+00
 -1       825-1.19898E+00 2.99661E+01 1.98766E+00
 -1       826-1.19995E+00 2.99984E+01 1.96398E+00
 -1       827-1.20102E+00 3.00339E+01 2.01234E+00
 -1       828-1.20005E+00 3.00016E+01 2.03602E+00
 -1       833-1.23303E+00 2.99855E+01 1.99957E+00
 -1       834-1.19936E+00 2.99640E+01 1.99892E+00
 -1       835-1.16697E+00 3.00145E+01 2.00043E+00
 -1       836-1.20064E+00 3.00360E+01 2.00108E+00
 -1       867 1.20457E+00 2.99997E+01 1.96424E+00
 -1       868 1.16875E+00 2.99999E+01 1.98202E+00
 -1       869 1.19543E+00 3.00003E+01 2.03576E+00
 -1       870 1.23125E+00 3.00001E+01 2.01798E+00
 -1       875 1.19898E+00 2.99659E+01 1.98832E+00
 -1       876 1.19993E+00 2.99977E+01 1.96402E+00
 -1       877 1.20102E+00 3.00341E+01 2.01168E+00
 -1       878 1.20007E+00 3.00023E+01 2.03598E+00
 -1       883 1.16646E+00 2.99868E+01 2.00040E+00
 -1       884 1.19931E+00 2.99640E+01 2.00108E+00
 -1       885 1.23354E+00 3.00132E+01 1.99960E+00
 -1       886 1.20069E+00 3.00360E+01 1.99892E+00
 -1       917-1.19545E+00 3.99998E+01-3.57665E-02
 -1       918-1.23126E+00 3.99999E+01-1.79587E-02
 -1       919-1.20455E+00 4.00002E+01 3.57665E-02
 -1       920-1.16874E+00 4.00001E+01 1.79587E-02
 -1       925-1.20000E+00 3.99660E+01-1.20000E-02
 -1       926-1.20000E+00 3.99980E+01-3.60000E-02
 -1       927-1.20000E+00 4.00340E+01 1.20000E-02
 -1       928-1.20000E+00 4.00020E+01 3.60000E-02
 -1       933-1.23328E+00 3.99861E+01 0.00000E+00
 -1       934-1.20000E+00 3.99639E+01 0.00000E+00
 -1       935-1.16672E+00 4.00139E+01 0.00000E+00
 -1       936-1.20000E+00 4.00361E+01 0.00000E+00
 -1       967 1.20444E+00 4.00002E+01-3.57801E-02
 -1       968 1.16868E+00 4.00001E+01-1.78639E-02
 -1       969 1.19556E+00 3.99998E+01 3.57801E-02
 -1       970 1.23132E+00 3.99999E+01 1.78639E-02
 -1       975 1.20000E+00 3.99660E+01-1.20000E-02
 -1       976 1.20000E+00 3.99980E+01-3.60000E-02
 -1       977 1.20000E+00 4.00340E+01 1.20000E-02
 -1       978 1.20000E+00 4.00020E+01 3.60000E-02
 -1       983 1.16672E+00 3.99861E+01 0.00000E+00
 -1       984 1.20000E+00 3.99639E+01 0.00000E+00
 -1       985 1.23328E+00 4.00139E+01 0.00000E+00
 -1       986 1.20000E+00 4.00361E+01 0.00000E+00
 -1      1017-1.19545E+00 3.99998E+01 1.96423E+00
 -1      1018-1.23126E+00 3.99999E+01 1.98204E+00
 -1      1019-1.20455E+00 4.00002E+01 2.03577E+00
 -1      1020-1.16874E+00 4.00001E+01 2.01796E+00
 -1      1025-1.20000E+00 3.99660E+01 1.98800E+00
 -1      1026-1.20000E+00 3.99980E+01 1.96400E+00
 -1      1027-1.20000E+00 4.00340E+01 2.01200E+00
 -1      1028-1.20000E+00 4.00020E+01 2.03600E+00
 -1      1033-1.23328E+00 3.99861E+01 2.00000E+00
 -1      1034-1.20000E+00 3.99639E+01 2.00000E+00
 -1      1035-1.16672E+00 4.00139E+01 2.00000E+00
 -1      1036-1.20000E+00 4.00361E+01 2.00000E+00
 -1      1067 1.20444E+00 4.00002E+01 1.96422E+00
 -1      1068 1.16868E+00 4.00001E+01 1.98214E+00
 -1      1069 1.19556E+00 3.99998E+01 2.03578E+00
 -1      1070 1.23132E+00 3.99999E+01 2.01786E+00
 -1      1075 1.20000E+00 3.99660E+01 1.98800E+00
 -1      1076 1.20000E+00 3.99980E+01 1.96400E+00
 -1      1077 1.20000E+00 4.00340E+01 2.01200E+00
 -1      1078 1.20000E+00 4.00020E+01 2.03600E+00
 -1      1083 1.16672E+00 3.99861E+01 2.00000E+00
 -1      1084 1.20000E+00 3.99639E+01 2.00000E+00
 -1      1085 1.23328E+00 4.00139E+01 2.00000E+00
 -1      1086 1.20000E+00 4.00361E+01 2.00000E+00
 -1      1117-1.19643E+00 4.99983E+01-3.58369E-02
 -1      1118-1.23164E+00 4.99965E+01-1.69330E-02
 -1      1119-1.20357E+00 5.00017E+01 3.58369E-02
 -1      1120-1.16836E+00 5.00035E+01 1.69330E-02
 -1      1125-1.20145E+00 4.99659E+01-1.15569E-02
 -1      1126-1.20010E+00 4.99975E+01-3.59709E-02
 -1      1127-1.19855E+00 5.00341E+01 1.15569E-02
 -1      1128-1.19990E+00 5.00025E+01 3.59709E-02
 -1      1133-1.23365E+00 4.99871E+01 5.48678E-04
 -1      1134-1.20099E+00 4.99640E+01 1.52775E-03
 -1      1135-1.16635E+00 5.00129E+01-5.48678E-04
 -1      1136-1.19901E+00 5.00360E+01-1.52775E-03
 -1      1167 1.20681E+00 4.99968E+01-3.52587E-02
 -1      1168 1.17004E+00 5.00008E+01-2.00420E-02
 -1      1169 1.19319E+00 5.00032E+01 3.52587E-02
 -1      1170 1.22996E+00 4.99992E+01 2.00420E-02
 -1      1175 1.20143E+00 4.99662E+01-1.24797E-02
 -1      1176 1.20006E+00 4.99985E+01-3.60247E-02
 -1      1177 1.19857E+00 5.00338E+01 1.24797E-02
 -1      1178 1.19994E+00 5.00015E+01 3.60247E-02
 -1      1183 1.16707E+00 4.99853E+01-6.22501E-04
 -1      1184 1.20089E+00 4.99640E+01-1.52786E-03
 -1      1185 1.23293E+00 5.00147E+01 6.22501E-04
 -1      1186 1.19911E+00 5.00360E+01 1.52786E-03
 -1      1217-1.19820E+00 5.00029E+01 1.96411E+00
 -1      1218-1.23244E+00 4.99986E+01 1.98433E+00
 -1      1219-1.20180E+00 4.99971E+01 2.03589E+00
 -1      1220-1.16756E+00 5.00014E+01 2.01567E+00
 -1      1225-1.19857E+00 4.99662E+01 1.98752E+00
 -1      1226-1.19994E+00 4.99985E+01 1.96398E+00
 -1      1227-1.20143E+00 5.00338E+01 2.01248E+00
 -1      1228-1.20006E+00 5.00015E+01 2.03602E+00
 -1      1233-1.23293E+00 4.99853E+01 1.99938E+00
 -1      1234-1.19911E+00 4.99640E+01 1.99847E+00
 -1      1235-1.16707E+00 5.00147E+01 2.00062E+00
 -1      1236-1.20089E+00 5.00360E+01 2.00153E+00
 -1      1267 1.20569E+00 5.00016E+01 1.96443E+00
 -1      1268 1.16943E+00 5.00035E+01 1.98120E+00
 -1      1269 1.19431E+00 4.99984E+01 2.03557E+00
 -1      1270 1.23057E+00 4.99965E+01 2.01880E+00
 -1      1275 1.19855E+00 4.99659E+01 1.98844E+00
 -1      1276 1.19990E+00 4.99975E+01 1.96403E+00
 -1      1277 1.20145E+00 5.00341E+01 2.01156E+00
 -1      1278 1.20010E+00 5.00025E+01 2.03597E+00
 -1      1283 1.16635E+00 4.99871E+01 2.00055E+00
 -1      1284 1.19901E+00 4.99640E+01 2.00153E+00
 -1      1285 1.23365E+00 5.00129E+01 1.99945E+00
 -1      1286 1.20099E+00 5.00360E+01 1.99847E+00
 -1      1317-1.19553E+00 5.00000E+00-1.85778E-01
 -1      1318-1.23131E+00 5.00000E+00-1.67883E-01
 -1      1319-1.20447E+00 5.00000E+00-1.14222E-01
 -1      1320-1.16869E+00 5.00000E+00-1.32117E-01
 -1      1325 1.20447E+00 5.00000E+00 1.14222E-01
 -1      1326 1.16869E+00 5.00000E+00 1.32117E-01
 -1      1327 1.19553E+00 5.00000E+00 1.85778E-01
 -1      1328 1.23131E+00 5.00000E+00 1.67883E-01
 -1      1333-1.19553E+00 5.00000E+00 1.81422E+00
 -1      1334-1.23131E+00 5.00000E+00 1.83212E+00
 -1      1335-1.20447E+00 5.00000E+00 1.88578E+00
 -1      1336-1.16869E+00 5.00000E+00 1.86788E+00
 -1      1341 1.20447E+00 5.00000E+00 2.11422E+00
 -1      1342 1.16869E+00 5.00000E+00 2.13212E+00
 -1      1343 1.19553E+00 5.00000E+00 2.18578E+00
 -1      1344 1.23131E+00 5.00000E+00 2.16788E+00
 -1      1349-1.19522E+00 2.24989E+01-1.41787E-01
 -1      1350-1.23115E+00 2.24995E+01-1.24216E-01
 -1      1351-1.20478E+00 2.25011E+01-7.03450E-02
 -1      1352-1.16885E+00 2.25005E+01-8.79159E-02
 -1      1357-1.19553E+00 2.50000E+01-1.85777E-01
 -1      1358-1.23131E+00 2.50000E+01-1.67887E-01
 -1      1359-1.20447E+00 2.50000E+01-1.14223E-01
 -1      1360-1.16869E+00 2.50000E+01-1.32113E-01
 -1      1365-1.19586E+00 2.75011E+01-1.41867E-01
 -1      1366-1.23147E+00 2.75005E+01-1.23652E-01
 -1      1367-1.20414E+00 2.74989E+01-7.02647E-02
 -1      1368-1.16853E+00 2.74995E+01-8.84797E-02
 -1      1373 1.20414E+00 2.25011E+01 7.02647E-02
 -1      1374 1.16853E+00 2.25005E+01 8.84797E-02
 -1      1375 1.19586E+00 2.24989E+01 1.41867E-01
 -1      1376 1.23147E+00 2.24995E+01 1.23652E-01
 -1      1381 1.20447E+00 2.50000E+01 1.14223E-01
 -1      1382 1.16869E+00 2.50000E+01 1.32113E-01
 -1      1383 1.19553E+00 2.50000E+01 1.85777E-01
 -1      1384 1.23131E+00 2.50000E+01 1.67887E-01
 -1      1389 1.20478E+00 2.74989E+01 7.03450E-02
 -1      1390 1.16885E+00 2.74995E+01 8.79159E-02
 -1      1391 1.19522E+00 2.75011E+01 1.41787E-01
 -1      1392 1.23115E+00 2.75005E+01 1.24216E-01
 -1      1397-1.19522E+00 2.24989E+01 1.85821E+00
 -1      1398-1.23115E+00 2.24995E+01 1.87578E+00
 -1      1399-1.20478E+00 2.25011E+01 1.92966E+00
 -1      1400-1.16885E+00 2.25005E+01 1.91208E+00
 -1      1405-1.19553E+00 2.50000E+01 1.81422E+00
 -1      1406-1.23131E+00 2.50000E+01 1.83211E+00
 -1      1407-1.20447E+00 2.50000E+01 1.88578E+00
 -1      1408-1.16869E+00 2.50000E+01 1.86789E+00
 -1      1413-1.19586E+00 2.75011E+01 1.85813E+00
 -1      1414-1.23147E+00 2.75005E+01 1.87635E+00
 -1      1415-1.20414E+00 2.74989E+01 1.92974E+00
 -1      1416-1.16853E+00 2.74995E+01 1.91152E+00
 -1      1421 1.20414E+00 2.25011E+01 2.07026E+00
 -1      1422 1.16853E+00 2.25005E+01 2.08848E+00
 -1      1423 1.19586E+00 2.24989E+01 2.14187E+00
 -1      1424 1.23147E+00 2.24995E+01 2.12365E+00
 -1      1429 1.20447E+00 2.50000E+01 2.11422E+00
 -1      1430 1.16869E+00 2.50000E+01 2.13211E+00
 -1      1431 1.19553E+00 2.50000E+01 2.18578E+00
 -1      1432 1.23131E+00 2.50000E+01 2.16789E+00
 -1      1437 1.20478E+00 2.74989E+01 2.07034E+00
 -1      1438 1.16885E+00 2.74995E+01 2.08792E+00
 -1      1439 1.19522E+00 2.75011E+01 2.14179E+00
 -1      1440 1.23115E+00 2.75005E+01 2.12422E+00
 -1      1445-1.19553E+00 4.50000E+01-1.85778E-01
 -1      1446-1.23131E+00 4.50000E+01-1.67883E-01
 -1      1447-1.20447E+00 4.50000E+01-1.14222E-01
 -1      1448-1.16869E+00 4.50000E+01-1.32117E-01
 -1      1453 1.20447E+00 4.50000E+01 1.14222E-01
 -1      1454 1.16869E+00 4.50000E+01 1.32117E-01
 -1      1455 1.19553E+00 4.50000E+01 1.85778E-01
 -1      1456 1.23131E+00 4.50000E+01 1.67883E-01
 -1      1461-1.19553E+00 4.50000E+01 1.81422E+00
 -1      1462-1.23131E+00 4.50000E+01 1.83212E+00
 -1      1463-1.20447E+00 4.50000E+01 1.88578E+00
 -1      1464-1.16869E+00 4.50000E+01 1.86788E+00
 -1      1469 1.20447E+00 4.50000E+01 2.11422E+00
 -1      1470 1.16869E+00 4.50000E+01 2.13212E+00
 -1      1471 1.19553E+00 4.50000E+01 2.18578E+00
 -1      1472 1.23131E+00 4.50000E+01 2.16788E+00
 -1      1477 0.00000E+00-6.99992E-02-1.20023E-02
 -1      1478 0.00000E+00-3.79975E-02-3.60001E-02
 -1      1479 0.00000E+00-2.00083E-03 1.20023E-02
 -1      1480 0.00000E+00-3.40025E-02 3.60001E-02
 -1      1485 0.00000E+00 2.00083E-03 1.98800E+00
 -1      1486 0.00000E+00 3.40025E-02 1.96400E+00
 -1      1487 0.00000E+00 6.99992E-02 2.01200E+00
 -1      1488 0.00000E+00 3.79975E-02 2.03600E+00
 -1      1493-1.23329E+00 1.61495E-02 1.00000E+00
 -1      1494-1.20002E+00-6.05551E-03 1.00000E+00
 -1      1495-1.16671E+00 4.38505E-02 1.00000E+00
 -1      1496-1.19998E+00 6.60555E-02 1.00000E+00
 -1      1501 1.16671E+00-4.38505E-02 1.00000E+00
 -1      1502 1.19998E+00-6.60555E-02 1.00000E+00
 -1      1503 1.23329E+00-1.61495E-02 1.00000E+00
 -1      1504 1.20002E+00 6.05551E-03 1.00000E+00
 -1      1509 0.00000E+00 1.99300E+01-1.20023E-02
 -1      1510 0.00000E+00 1.99620E+01-3.60001E-02
 -1      1511 0.00000E+00 1.99980E+01 1.20023E-02
 -1      1512 0.00000E+00 1.99660E+01 3.60001E-02
 -1      1517 0.00000E+00 2.00020E+01 1.98800E+00
 -1      1518 0.00000E+00 2.00340E+01 1.96400E+00
 -1      1519 0.00000E+00 2.00700E+01 2.01200E+00
 -1      1520 0.00000E+00 2.00380E+01 2.03600E+00
 -1      1525-1.23329E+00 2.00161E+01 1.00000E+00
 -1      1526-1.20002E+00 1.99939E+01 1.00000E+00
 -1      1527-1.16671E+00 2.00438E+01 1.00000E+00
 -1      1528-1.19998E+00 2.00661E+01 1.00000E+00
 -1      1533 1.16671E+00 1.99562E+01 1.00000E+00
 -1      1534 1.19998E+00 1.99339E+01 1.00000E+00
 -1      1535 1.23329E+00 1.99839E+01 1.00000E+00
 -1      1536 1.20002E+00 2.00061E+01 1.00000E+00
 -1      1541 0.00000E+00 2.99300E+01-1.20023E-02
 -1      1542 0.00000E+00 2.99620E+01-3.60001E-02
 -1      1543 0.00000E+00 2.99980E+01 1.20023E-02
 -1      1544 0.00000E+00 2.99660E+01 3.60001E-02
 -1      1549 0.00000E+00 3.00020E+01 1.98800E+00
 -1      1550 0.00000E+00 3.00340E+01 1.96400E+00
 -1      1551 0.00000E+00 3.00700E+01 2.01200E+00
 -1      1552 0.00000E+00 3.00380E+01 2.03600E+00
 -1      1557-1.23329E+00 3.00161E+01 1.00000E+00
 -1      1558-1.20002E+00 2.99939E+01 1.00000E+00
 -1      1559-1.16671E+00 3.00438E+01 1.00000E+00
 -1      1560-1.19998E+00 3.00661E+01 1.00000E+00
 -1      1565 1.16671E+00 2.99562E+01 1.00000E+00
 -1      1566 1.19998E+00 2.99339E+01 1.00000E+00
 -1      1567 1.23329E+00 2.99839E+01 1.00000E+00
 -1      1568 1.20002E+00 3.00061E+01 1.00000E+00
 -1      1573-6.01023E-01 4.99404E+01-1.16832E-02
 -1      1574-6.00070E-01 4.99722E+01-3.59798E-02
 -1      1575-5.98977E-01 5.00086E+01 1.16832E-02
 -1      1576-5.99930E-01 4.99769E+01 3.59798E-02
 -1      1581 0.00000E+00 4.99300E+01-1.20008E-02
 -1      1582 0.00000E+00 4.99620E+01-3.60000E-02
 -1      1583 0.00000E+00 4.99980E+01 1.20008E-02
 -1      1584 0.00000E+00 4.99660E+01 3.60000E-02
 -1      1589 6.01016E-01 4.99407E+01-1.23359E-02
 -1      1590 6.00049E-01 4.99729E+01-3.60180E-02
 -1      1591 5.98984E-01 5.00084E+01 1.23359E-02
 -1      1592 5.99951E-01 4.99762E+01 3.60180E-02
 -1      1597-5.98984E-01 4.99916E+01 1.98766E+00
 -1      1598-5.99951E-01 5.00238E+01 1.96398E+00
 -1      1599-6.01016E-01 5.00593E+01 2.01234E+00
 -1      1600-6.00049E-01 5.00271E+01 2.03602E+00
 -1      1605 0.00000E+00 5.00020E+01 1.98800E+00
 -1      1606 0.00000E+00 5.00340E+01 1.96400E+00
 -1      1607 0.00000E+00 5.00700E+01 2.01200E+00
 -1      1608 0.00000E+00 5.00380E+01 2.03600E+00
 -1      1613 5.98977E-01 4.99914E+01 1.98832E+00
 -1      1614 5.99930E-01 5.00231E+01 1.96402E+00
 -1      1615 6.01023E-01 5.00596E+01 2.01168E+00
 -1      1616 6.00070E-01 5.00278E+01 2.03598E+00
 -1      1621-1.23354E+00 5.00080E+01 5.00396E-01
 -1      1622-1.20070E+00 4.99852E+01 5.01081E-01
 -1      1623-1.16646E+00 5.00344E+01 4.99604E-01
 -1      1624-1.19930E+00 5.00572E+01 4.98919E-01
 -1      1629-1.23328E+00 5.00161E+01 1.00000E+00
 -1      1630-1.20001E+00 4.99939E+01 1.00000E+00
 -1      1631-1.16672E+00 5.00439E+01 1.00000E+00
 -1      1632-1.19999E+00 5.00661E+01 1.00000E+00
 -1      1637-1.23303E+00 5.00068E+01 1.49957E+00
 -1      1638-1.19936E+00 4.99852E+01 1.49892E+00
 -1      1639-1.16697E+00 5.00357E+01 1.50043E+00
 -1      1640-1.20064E+00 5.00572E+01 1.50108E+00
 -1      1645 1.16697E+00 4.99643E+01 4.99567E-01
 -1      1646 1.20064E+00 4.99428E+01 4.98919E-01
 -1      1647 1.23303E+00 4.99932E+01 5.00433E-01
 -1      1648 1.19936E+00 5.00148E+01 5.01081E-01
 -1      1653 1.16672E+00 4.99561E+01 1.00000E+00
 -1      1654 1.19999E+00 4.99339E+01 1.00000E+00
 -1      1655 1.23328E+00 4.99839E+01 1.00000E+00
 -1      1656 1.20001E+00 5.00061E+01 1.00000E+00
 -1      1661 1.16646E+00 4.99656E+01 1.50040E+00
 -1      1662 1.19930E+00 4.99428E+01 1.50108E+00
 -1      1663 1.23354E+00 4.99920E+01 1.49960E+00
 -1      1664 1.20070E+00 5.00148E+01 1.49892E+00
 -1      1669-1.19777E+00 2.52721E+00 3.58451E-01
 -1      1670-1.23236E+00 2.52386E+00 3.78258E-01
 -1      1671-1.20223E+00 2.51522E+00 4.29417E-01
 -1      1672-1.16764E+00 2.51856E+00 4.09610E-01
 -1      1677-1.19829E+00 5.03706E+00 8.14685E-01
 -1      1678-1.23259E+00 5.03303E+00 8.34866E-01
 -1      1679-1.20171E+00 5.02294E+00 8.85315E-01
 -1      1680-1.16741E+00 5.02697E+00 8.65134E-01
 -1      1685-1.19884E+00 7.52934E+00 1.35882E+00
 -1      1686-1.23282E+00 7.52458E+00 1.37939E+00
 -1      1687-1.20116E+00 7.51309E+00 1.42904E+00
 -1      1688-1.16718E+00 7.51785E+00 1.40848E+00
 -1      1693-1.19407E+00 2.51529E+00 1.57100E+00
 -1      1694-1.23055E+00 2.51802E+00 1.58719E+00
 -1      1695-1.20593E+00 2.52714E+00 1.64113E+00
 -1      1696-1.16945E+00 2.52440E+00 1.62495E+00
 -1      1701-1.19388E+00 5.02303E+00 1.11516E+00
 -1      1702-1.23044E+00 5.02621E+00 1.13106E+00
 -1      1703-1.20612E+00 5.03697E+00 1.18484E+00
 -1      1704-1.16956E+00 5.03379E+00 1.16894E+00
 -1      1709-1.19370E+00 7.51321E+00 5.71480E-01
 -1      1710-1.23034E+00 7.51682E+00 5.87095E-01
 -1      1711-1.20630E+00 7.52922E+00 6.40652E-01
 -1      1712-1.16966E+00 7.52560E+00 6.25037E-01
 -1      1717 1.20223E+00 2.52721E+00 3.58451E-01
 -1      1718 1.16764E+00 2.52386E+00 3.78258E-01
 -1      1719 1.19777E+00 2.51522E+00 4.29417E-01
 -1      1720 1.23236E+00 2.51856E+00 4.09610E-01
 -1      1725 1.20171E+00 5.03706E+00 8.14685E-01
 -1      1726 1.16741E+00 5.03303E+00 8.34866E-01
 -1      1727 1.19829E+00 5.02294E+00 8.85315E-01
 -1      1728 1.23259E+00 5.02697E+00 8.65134E-01
 -1      1733 1.20116E+00 7.52934E+00 1.35882E+00
 -1      1734 1.16718E+00 7.52458E+00 1.37939E+00
 -1      1735 1.19884E+00 7.51309E+00 1.42904E+00
 -1      1736 1.23282E+00 7.51785E+00 1.40848E+00
 -1      1741 1.20593E+00 2.51529E+00 1.57100E+00
 -1      1742 1.16945E+00 2.51802E+00 1.58719E+00
 -1      1743 1.19407E+00 2.52714E+00 1.64113E+00
 -1      1744 1.23055E+00 2.52440E+00 1.62495E+00
 -1      1749 1.20612E+00 5.02303E+00 1.11516E+00
 -1      1750 1.16956E+00 5.02621E+00 1.13106E+00
 -1      1751 1.19388E+00 5.03697E+00 1.18484E+00
 -1      1752 1.23044E+00 5.03379E+00 1.16894E+00
 -1      1757 1.20630E+00 7.51321E+00 5.71480E-01
 -1      1758 1.16966E+00 7.51682E+00 5.87095E-01
 -1      1759 1.19370E+00 7.52922E+00 6.40652E-01
 -1      1760 1.23034E+00 7.52560E+00 6.25037E-01
 -1      1765-4.83328E-01 2.47166E+00-3.43393E-02
 -1      1766-5.20442E-01 2.48175E+00-2.33534E-02
 -1      1767-5.04540E-01 2.47743E+00 3.43393E-02
 -1      1768-4.67426E-01 2.46734E+00 2.33534E-02
 -1      1773 1.59904E-01 4.96162E+00-3.45869E-02
 -1      1774 1.22764E-01 4.97054E+00-2.27046E-02
 -1      1775 1.40096E-01 4.96638E+00 3.45869E-02
 -1      1776 1.77236E-01 4.95746E+00 2.27046E-02
 -1      1781 7.15261E-01 7.47263E+00-3.48107E-02
 -1      1782 6.78146E-01 7.48037E+00-2.20585E-02
 -1      1783 6.96871E-01 7.47646E+00 3.48107E-02
 -1      1784 7.33986E-01 7.46872E+00 2.20585E-02
 -1      1789 4.93632E-01 2.47446E+00-3.60542E-02
 -1      1790 4.61704E-01 2.46578E+00-1.35783E-02
 -1      1791 4.94236E-01 2.47463E+00 3.60542E-02
 -1      1792 5.26164E-01 2.48331E+00 1.35783E-02
 -1      1797-1.49866E-01 4.96403E+00-3.60553E-02
 -1      1798-1.82311E-01 4.95625E+00-1.39944E-02
 -1      1799-1.50134E-01 4.96397E+00 3.60553E-02
 -1      1800-1.17689E-01 4.97175E+00 1.39944E-02
 -1      1805-7.05470E-01 7.47467E+00-3.60504E-02
 -1      1806-7.38413E-01 7.46780E+00-1.44278E-02
 -1      1807-7.06662E-01 7.47442E+00 3.60504E-02
 -1      1808-6.73719E-01 7.48129E+00 1.44278E-02
 -1      1813-4.83328E-01 2.47166E+00 1.96566E+00
 -1      1814-5.20442E-01 2.48175E+00 1.97665E+00
 -1      1815-5.04540E-01 2.47743E+00 2.03434E+00
 -1      1816-4.67426E-01 2.46734E+00 2.02335E+00
 -1      1821 1.59904E-01 4.96162E+00 1.96541E+00
 -1      1822 1.22764E-01 4.97054E+00 1.97730E+00
 -1      1823 1.40096E-01 4.96638E+00 2.03459E+00
 -1      1824 1.77236E-01 4.95746E+00 2.02270E+00
 -1      1829 7.15261E-01 7.47263E+00 1.96519E+00
 -1      1830 6.78146E-01 7.48037E+00 1.97794E+00
 -1      1831 6.96871E-01 7.47646E+00 2.03481E+00
 -1      1832 7.33986E-01 7.46872E+00 2.02206E+00
 -1      1837 4.93632E-01 2.47446E+00 1.96395E+00
 -1      1838 4.61704E-01 2.46578E+00 1.98642E+00
 -1      1839 4.94236E-01 2.47463E+00 2.03605E+00
 -1      1840 5.26164E-01 2.48331E+00 2.01358E+00
 -1      1845-1.49866E-01 4.96403E+00 1.96394E+00
 -1      1846-1.82311E-01 4.95625E+00 1.98601E+00
 -1      1847-1.50134E-01 4.96397E+00 2.03606E+00
 -1      1848-1.17689E-01 4.97175E+00 2.01399E+00
 -1      1853-7.05470E-01 7.47467E+00 1.96395E+00
 -1      1854-7.38413E-01 7.46780E+00 1.98557E+00
 -1      1855-7.06662E-01 7.47442E+00 2.03605E+00
 -1      1856-6.73719E-01 7.48129E+00 2.01443E+00
 -1      1861-1.19777E+00 1.25272E+01 3.58451E-01
 -1      1862-1.23236E+00 1.25239E+01 3.78258E-01
 -1      1863-1.20223E+00 1.25152E+01 4.29417E-01
 -1      1864-1.16764E+00 1.25186E+01 4.09610E-01
 -1      1869-1.19829E+00 1.50371E+01 8.14685E-01
 -1      1870-1.23259E+00 1.50330E+01 8.34866E-01
 -1      1871-1.20171E+00 1.50229E+01 8.85315E-01
 -1      1872-1.16741E+00 1.50270E+01 8.65134E-01
 -1      1877-1.19884E+00 1.75293E+01 1.35882E+00
 -1      1878-1.23282E+00 1.75246E+01 1.37939E+00
 -1      1879-1.20116E+00 1.75131E+01 1.42904E+00
 -1      1880-1.16718E+00 1.75178E+01 1.40848E+00
 -1      1885-1.19407E+00 1.25153E+01 1.57100E+00
 -1      1886-1.23055E+00 1.25180E+01 1.58719E+00
 -1      1887-1.20593E+00 1.25271E+01 1.64113E+00
 -1      1888-1.16945E+00 1.25244E+01 1.62495E+00
 -1      1893-1.19388E+00 1.50230E+01 1.11516E+00
 -1      1894-1.23044E+00 1.50262E+01 1.13106E+00
 -1      1895-1.20612E+00 1.50370E+01 1.18484E+00
 -1      1896-1.16956E+00 1.50338E+01 1.16894E+00
 -1      1901-1.19370E+00 1.75132E+01 5.71480E-01
 -1      1902-1.23034E+00 1.75168E+01 5.87095E-01
 -1      1903-1.20630E+00 1.75292E+01 6.40652E-01
 -1      1904-1.16966E+00 1.75256E+01 6.25037E-01
 -1      1909 1.20223E+00 1.25272E+01 3.58451E-01
 -1      1910 1.16764E+00 1.25239E+01 3.78258E-01
 -1      1911 1.19777E+00 1.25152E+01 4.29417E-01
 -1      1912 1.23236E+00 1.25186E+01 4.09610E-01
 -1      1917 1.20171E+00 1.50371E+01 8.14685E-01
 -1      1918 1.16741E+00 1.50330E+01 8.34866E-01
 -1      1919 1.19829E+00 1.50229E+01 8.85315E-01
 -1      1920 1.23259E+00 1.50270E+01 8.65134E-01
 -1      1925 1.20116E+00 1.75293E+01 1.35882E+00
 -1      1926 1.16718E+00 1.75246E+01 1.37939E+00
 -1      1927 1.19884E+00 1.75131E+01 1.42904E+00
 -1      1928 1.23282E+00 1.75178E+01 1.40848E+00
 -1      1933 1.20593E+00 1.25153E+01 1.57100E+00
 -1      1934 1.16945E+00 1.25180E+01 1.58719E+00
 -1      1935 1.19407E+00 1.25271E+01 1.64113E+00
 -1      1936 1.23055E+00 1.25244E+01 1.62495E+00
 -1      1941 1.20612E+00 1.50230E+01 1.11516E+00
 -1      1942 1.16956E+00 1.50262E+01 1.13106E+00
 -1      1943 1.19388E+00 1.50370E+01 1.18484E+00
 -1      1944 1.23044E+00 1.50338E+01 1.16894E+00
 -1      1949 1.20630E+00 1.75132E+01 5.71480E-01
 -1      1950 1.16966E+00 1.75168E+01 5.87095E-01
 -1      1951 1.19370E+00 1.75292E+01 6.40652E-01
 -1      1952 1.23034E+00 1.75256E+01 6.25037E-01
 -1      1957-4.83328E-01 1.24717E+01-3.43393E-02
 -1      1958-5.20442E-01 1.24818E+01-2.33534E-02
 -1      1959-5.04540E-01 1.24774E+01 3.43393E-02
 -1      1960-4.67426E-01 1.24673E+01 2.33534E-02
 -1      1965 1.59904E-01 1.49616E+01-3.45869E-02
 -1      1966 1.22764E-01 1.49705E+01-2.27046E-02
 -1      1967 1.40096E-01 1.49664E+01 3.45869E-02
 -1      1968 1.77236E-01 1.49575E+01 2.27046E-02
 -1      1973 7.15261E-01 1.74726E+01-3.48107E-02
 -1      1974 6.78146E-01 1.74804E+01-2.20585E-02
 -1      1975 6.96871E-01 1.74765E+01 3.48107E-02
 -1      1976 7.33986E-01 1.74687E+01 2.20585E-02
 -1      1981 4.93632E-01 1.24745E+01-3.60542E-02
 -1      1982 4.61704E-01 1.24658E+01-1.35783E-02
 -1      1983 4.94236E-01 1.24746E+01 3.60542E-02
 -1      1984 5.26164E-01 1.24833E+01 1.35783E-02
 -1      1989-1.49866E-01 1.49640E+01-3.60553E-02
 -1      1990-1.82311E-01 1.49562E+01-1.39944E-02
 -1      1991-1.50134E-01 1.49640E+01 3.60553E-02
 -1      1992-1.17689E-01 1.49718E+01 1.39944E-02
 -1      1997-7.05470E-01 1.74747E+01-3.60504E-02
 -1      1998-7.38413E-01 1.74678E+01-1.44278E-02
 -1      1999-7.06662E-01 1.74744E+01 3.60504E-02
 -1      2000-6.73719E-01 1.74813E+01 1.44278E-02
 -1      2005-4.83328E-01 1.24717E+01 1.96566E+00
 -1      2006-5.20442E-01 1.24818E+01 1.97665E+00
 -1      2007-5.04540E-01 1.24774E+01 2.03434E+00
 -1      2008-4.67426E-01 1.24673E+01 2.02335E+00
 -1      2013 1.59904E-01 1.49616E+01 1.96541E+00
 -1      2014 1.22764E-01 1.49705E+01 1.97730E+00
 -1      2015 1.40096E-01 1.49664E+01 2.03459E+00
 -1      2016 1.77236E-01 1.49575E+01 2.02270E+00
 -1      2021 7.15261E-01 1.74726E+01 1.96519E+00
 -1      2022 6.78146E-01 1.74804E+01 1.97794E+00
 -1      2023 6.96871E-01 1.74765E+01 2.03481E+00
 -1      2024 7.33986E-01 1.74687E+01 2.02206E+00
 -1      2029 4.93632E-01 1.24745E+01 1.96395E+00
 -1      2030 4.61704E-01 1.24658E+01 1.98642E+00
 -1      2031 4.94236E-01 1.24746E+01 2.03605E+00
 -1      2032 5.26164E-01 1.24833E+01 2.01358E+00
 -1      2037-1.49866E-01 1.49640E+01 1.96394E+00
 -1      2038-1.82311E-01 1.49562E+01 1.98601E+00
 -1      2039-1.50134E-01 1.49640E+01 2.03606E+00
 -1      2040-1.17689E-01 1.49718E+01 2.01399E+00
 -1      2045-7.05470E-01 1.74747E+01 1.96395E+00
 -1      2046-7.38413E-01 1.74678E+01 1.98557E+00
 -1      2047-7.06662E-01 1.74744E+01 2.03605E+00
 -1      2048-6.73719E-01 1.74813E+01 2.01443E+00
 -3
    3C                           176                                     1
 -1         1    1    0    1
 -2       117      1317      1318       118       120      1320      1319       119
 -1         2    1    0    1
 -2      1317       317       318      1318      1320       320       319      1319
 -1         3    1    0    1
 -2       167      1325      1326       168       170      1328      1327       169
 -1         4    1    0    1
 -2      1325       367       368      1326      1328       370       369      1327
 -1         5    1    0    1
 -2       217      1333      1334       218       220      1336      1335       219
 -1         6    1    0    1
 -2      1333       417       418      1334      1336       420       419      1335
 -1         7    1    0    1
 -2       267      1341      1342       268       270      1344      1343       269
 -1         8    1    0    1
 -2      1341       467       468      1342      1344       470       469      1343
 -1         9    1    0    1
 -2       317       517       518       318       320       520       519       319
 -1        10    1    0    1
 -2       367       567       568       368       370       570       569       369
 -1        11    1    0    1
 -2       417       617       618       418       420       620       619       419
 -1        12    1    0    1
 -2       467       667       668       468       470       670       669       469
 -1        13    1    0    1
 -2       517      1349      1350       518       520      1352      1351       519
 -1        14    1    0    1
 -2      1349      1357      1358      1350      1352      1360      1359      1351
 -1        15    1    0    1
 -2      1357      1365      1366      1358      1360      1368      1367      1359
 -1        16    1    0    1
 -2      1365       717       718      1366      1368       720       719      1367
 -1        17    1    0    1
 -2       567      1373      1374       568       570      1376      1375       569
 -1        18    1    0    1
 -2      1373      1381      1382      1374      1376      1384      1383      1375
 -1        19    1    0    1
 -2      1381      1389      1390      1382      1384      1392      1391      1383
 -1        20    1    0    1
 -2      1389       767       768      1390      1392       770       769      1391
 -1        21    1    0    1
 -2       617      1397      1398       618       620      1400      1399       619
 -1        22    1    0    1
 -2      1397      1405      1406      1398      1400      1408      1407      1399
 -1        23    1    0    1
 -2      1405      1413      1414      1406      1408      1416      1415      1407
 -1        24    1    0    1
 -2      1413       817       818      1414      1416       820       819      1415
 -1        25    1    0    1
 -2       667      1421      1422       668       670      1424      1423       669
 -1        26    1    0    1
 -2      1421      1429      1430      1422      1424      1432      1431      1423
 -1        27    1    0    1
 -2      1429      1437      1438      1430      1432      1440      1439      1431
 -1        28    1    0    1
 -2      1437       867       868      1438      1440       870       869      1439
 -1        29    1    0    1
 -2       717       917       918       718       720       920       919       719
 -1        30    1    0    1
 -2       767       967       968       768       770       970       969       769
 -1        31    1    0    1
 -2       817      1017      1018       818       820      1020      1019       819
 -1        32    1    0    1
 -2       867      1067      1068       868       870      1070      1069       869
 -1        33    1    0    1
 -2       917      1445      1446       918       920      1448      1447       919
 -1        34    1    0    1
 -2      1445      1117      1118      1446      1448      1120      1119      1447
 -1        35    1    0    1
 -2       967      1453      1454       968       970      1456      1455       969
 -1        36    1    0    1
 -2      1453      1167      1168      1454      1456      1170      1169      1455
 -1        37    1    0    1
 -2      1017      1461      1462      1018      1020      1464      1463      1019
 -1        38    1    0    1
 -2      1461      1217      1218      1462      1464      1220      1219      1463
 -1        39    1    0    1
 -2      1067      1469      1470      1068      1070      1472      1471      1069
 -1        40    1    0    1
 -2      1469      1267      1268      1470      1472      1270      1269      1471
 -1        41    1    0    1
 -2       125      1477      1478       126       128      1480      1479       127
 -1        42    1    0    1
 -2      1477       175       176      1478      1480       178       177      1479
 -1        43    1    0    1
 -2       225      1485      1486       226       228      1488      1487       227
 -1        44    1    0    1
 -2      1485       275       276      1486      1488       278       277      1487
 -1        45    1    0    1
 -2       133      1493      1494       134       136      1496      1495       135
 -1        46    1    0    1
 -2      1493       233       234      1494      1496       236       235      1495
 -1        47    1    0    1
 -2       183      1501      1502       184       186      1504      1503       185
 -1        48    1    0    1
 -2      1501       283       284      1502      1504       286       285      1503
 -1        49    1    0    1
 -2       325       375       376       326       328       378       377       327
 -1        50    1    0    1
 -2       425       475       476       426       428       478       477       427
 -1        51    1    0    1
 -2       333       433       434       334       336       436       435       335
 -1        52    1    0    1
 -2       383       483       484       384       386       486       485       385
 -1        53    1    0    1
 -2       525      1509      1510       526       528      1512      1511       527
 -1        54    1    0    1
 -2      1509       575       576      1510      1512       578       577      1511
 -1        55    1    0    1
 -2       625      1517      1518       626       628      1520      1519       627
 -1        56    1    0    1
 -2      1517       675       676      1518      1520       678       677      1519
 -1        57    1    0    1
 -2       533      1525      1526       534       536      1528      1527       535
 -1        58    1    0    1
 -2      1525       633       634      1526      1528       636       635      1527
 -1        59    1    0    1
 -2       583      1533      1534       584       586      1536      1535       585
 -1        60    1    0    1
 -2      1533       683       684      1534      1536       686       685      1535
 -1        61    1    0    1
 -2       725      1541      1542       726       728      1544      1543       727
 -1        62    1    0    1
 -2      1541       775       776      1542      1544       778       777      1543
 -1        63    1    0    1
 -2       825      1549      1550       826       828      1552      1551       827
 -1        64    1    0    1
 -2      1549       875       876      1550      1552       878       877      1551
 -1        65    1    0    1
 -2       733      1557      1558       734       736      1560      1559       735
 -1        66    1    0    1
 -2      1557       833       834      1558      1560       836       835      1559
 -1        67    1    0    1
 -2       783      1565      1566       784       786      1568      1567       785
 -1        68    1    0    1
 -2      1565       883       884      1566      1568       886       885      1567
 -1        69    1    0    1
 -2       925       975       976       926       928       978       977       927
 -1        70    1    0    1
 -2      1025      1075      1076      1026      1028      1078      1077      1027
 -1        71    1    0    1
 -2       933      1033      1034       934       936      1036      1035       935
 -1        72    1    0    1
 -2       983      1083      1084       984       986      1086      1085       985
 -1        73    1    0    1
 -2      1125      1573      1574      1126      1128      1576      1575      1127
 -1        74    1    0    1
 -2      1573      1581      1582      1574      1576      1584      1583      1575
 -1        75    1    0    1
 -2      1581      1589      1590      1582      1584      1592      1591      1583
 -1        76    1    0    1
 -2      1589      1175      1176      1590      1592      1178      1177      1591
 -1        77    1    0    1
 -2      1225      1597      1598      1226      1228      1600      1599      1227
 -1        78    1    0    1
 -2      1597      1605      1606      1598      1600      1608      1607      1599
 -1        79    1    0    1
 -2      1605      1613      1614      1606      1608      1616      1615      1607
 -1        80    1    0    1
 -2      1613      1275      1276      1614      1616      1278      1277      1615
 -1        81    1    0    1
 -2      1133      1621      1622      1134      1136      1624      1623      1135
 -1        82    1    0    1
 -2      1621      1629      1630      1622      1624      1632      1631      1623
 -1        83    1    0    1
 -2      1629      1637      1638      1630      1632      1640      1639      1631
 -1        84    1    0    1
 -2      1637      1233      1234      1638      1640      1236      1235      1639
 -1        85    1    0    1
 -2      1183      1645      1646      1184      1186      1648      1647      1185
 -1        86    1    0    1
 -2      1645      1653      1654      1646      1648      1656      1655      1647
 -1        87    1    0    1
 -2      1653      1661      1662      1654      1656      1664      1663      1655
 -1        88    1    0    1
 -2      1661      1283      1284      1662      1664      1286      1285      1663
 -1        89    1    0    1
 -2       117      1669      1670       118       120      1672      1671       119
 -1        90    1    0    1
 -2      1669      1677      1678      1670      1672      1680      1679      1671
 -1        91    1    0    1
 -2      1677      1685      1686      1678      1680      1688      1687      1679
 -1        92    1    0    1
 -2      1685       417       418      1686      1688       420       419      1687
 -1        93    1    0    1
 -2       217      1693      1694       218       220      1696      1695       219
 -1        94    1    0    1
 -2      1693      1701      1702      1694      1696      1704      1703      1695
 -1        95    1    0    1
 -2      1701      1709      1710      1702      1704      1712      1711      1703
 -1        96    1    0    1
 -2      1709       317       318      1710      1712       320       319      1711
 -1        97    1    0    1
 -2       167      1717      1718       168       170      1720      1719       169
 -1        98    1    0    1
 -2      1717      1725      1726      1718      1720      1728      1727      1719
 -1        99    1    0    1
 -2      1725      1733      1734      1726      1728      1736      1735      1727
 -1       100    1    0    1
 -2      1733       467       468      1734      1736       470       469      1735
 -1       101    1    0    1
 -2       267      1741      1742       268       270      1744      1743       269
 -1       102    1    0    1
 -2      1741      1749      1750      1742      1744      1752      1751      1743
 -1       103    1    0    1
 -2      1749      1757      1758      1750      1752      1760      1759      1751
 -1       104    1    0    1
 -2      1757       367       368      1758      1760       370       369      1759
 -1       105    1    0    1
 -2       117      1765      1766       118       120      1768      1767       119
 -1       106    1    0    1
 -2      1765      1773      1774      1766      1768      1776      1775      1767
 -1       107    1    0    1
 -2      1773      1781      1782      1774      1776      1784      1783      1775
 -1       108    1    0    1
 -2      1781       367       368      1782      1784       370       369      1783
 -1       109    1    0    1
 -2       167      1789      1790       168       170      1792      1791       169
 -1       110    1    0    1
 -2      1789      1797      1798      1790      1792      1800      1799      1791
 -1       111    1    0    1
 -2      1797      1805      1806      1798      1800      1808      1807      1799
 -1       112    1    0    1
 -2      1805       317       318      1806      1808       320       319      1807
 -1       113    1    0    1
 -2       217      1813      1814       218       220      1816      1815       219
 -1       114    1    0    1
 -2      1813      1821      1822      1814      1816      1824      1823      1815
 -1       115    1    0    1
 -2      1821      1829      1830      1822      1824      1832      1831      1823
 -1       116    1    0    1
 -2      1829       467       468      1830      1832       470       469      1831
 -1       117    1    0    1
 -2       267      1837      1838       268       270      1840      1839       269
 -1       118    1    0    1
 -2      1837      1845      1846      1838      1840      1848      1847      1839
 -1       119    1    0    1
 -2      1845      1853      1854      1846      1848      1856      1855      1847
 -1       120    1    0    1
 -2      1853       417       418      1854      1856       420       419      1855
 -1       121    1    0    1
 -2       317      1861      1862       318       320      1864      1863       319
 -1       122    1    0    1
 -2      1861      1869      1870      1862      1864      1872      1871      1863
 -1       123    1    0    1
 -2      1869      1877      1878      1870      1872      1880      1879      1871
 -1       124    1    0    1
 -2      1877       617       618      1878      1880       620       619      1879
 -1       125    1    0    1
 -2       417      1885      1886       418       420      1888      1887       419
 -1       126    1    0    1
 -2      1885      1893      1894      1886      1888      1896      1895      1887
 -1       127    1    0    1
 -2      1893      1901      1902      1894      1896      1904      1903      1895
 -1       128    1    0    1
 -2      1901       517       518      1902      1904       520       519      1903
 -1       129    1    0    1
 -2       367      1909      1910       368       370      1912      1911       369
 -1       130    1    0    1
 -2      1909      1917      1918      1910      1912      1920      1919      1911
 -1       131    1    0    1
 -2      1917      1925      1926      1918      1920      1928      1927      1919
 -1       132    1    0    1
 -2      1925       667       668      1926      1928       670       669      1927
 -1       133    1    0    1
 -2       467      1933      1934       468       470      1936      1935       469
 -1       134    1    0    1
 -2      1933      1941      1942      1934      1936      1944      1943      1935
 -1       135    1    0    1
 -2      1941      1949      1950      1942      1944      1952      1951      1943
 -1       136    1    0    1
 -2      1949       567       568      1950      1952       570       569      1951
 -1       137    1    0    1
 -2       317      1957      1958       318       320      1960      1959       319
 -1       138    1    0    1
 -2      1957      1965      1966      1958      1960      1968      1967      1959
 -1       139    1    0    1
 -2      1965      1973      1974      1966      1968      1976      1975      1967
 -1       140    1    0    1
 -2      1973       567       568      1974      1976       570       569      1975
 -1       141    1    0    1
 -2       367      1981      1982       368       370      1984      1983       369
 -1       142    1    0    1
 -2      1981      1989      1990      1982      1984      1992      1991      1983
 -1       143    1    0    1
 -2      1989      1997      1998      1990      1992      2000      1999      1991
 -1       144    1    0    1
 -2      1997       517       518      1998      2000       520       519      1999
 -1       145    1    0    1
 -2       417      2005      2006       418       420      2008      2007       419
 -1       146    1    0    1
 -2      2005      2013      2014      2006      2008      2016      2015      2007
 -1       147    1    0    1
 -2      2013      2021      2022      2014      2016      2024      2023      2015
 -1       148    1    0    1
 -2      2021       667       668      2022      2024       670       669      2023
 -1       149    1    0    1
 -2       467      2029      2030       468       470      2032      2031       469
 -1       150    1    0    1
 -2      2029      2037      2038      2030      2032      2040      2039      2031
 -1       151    1    0    1
 -2      2037      2045      2046      2038      2040      2048      2047      2039
 -1       152    1    0    1
 -2      2045       617       618      2046      2048       620       619      2047
 -1       153    1    0    1
 -2       517       817       818       518       520       820       819       519
 -1       154    1    0    1
 -2       617       717       718       618       620       720       719       619
 -1       155    1    0    1
 -2       567       867       868       568       570       870       869       569
 -1       156    1    0    1
 -2       667       767       768       668       670       770       769       669
 -1       157    1    0    1
 -2       517       767       768       518       520       770       769       519
 -1       158    1    0    1
 -2       567       717       718       568       570       720       719       569
 -1       159    1    0    1
 -2       617       867       868       618       620       870       869       619
 -1       160    1    0    1
 -2       667       817       818       668       670       820       819       669
 -1       161    1    0    1
 -2       717      1017      1018       718       720      1020      1019       719
 -1       162    1    0    1
 -2       817       917       918       818       820       920       919       819
 -1       163    1    0    1
 -2       767      1067      1068       768       770      1070      1069       769
 -1       164    1    0    1
 -2       867       967       968       868       870       970       969       869
 -1       165    1    0    1
 -2       717       967       968       718       720       970       969       719
 -1       166    1    0    1
 -2       767       917       918       768       770       920       919       769
 -1       167    1    0    1
 -2       817      1067      1068       818       820      1070      1069       819
 -1       168    1    0    1
 -2       867      1017      1018       868       870      1020      1019       869
 -1       169    1    0    1
 -2       917      1217      1218       918       920      1220      1219       919
 -1       170    1    0    1
 -2      1017      1117      1118      1018      1020      1120      1119      1019
 -1       171    1    0    1
 -2       967      1267      1268       968       970      1270      1269       969
 -1       172    1    0    1
 -2      1067      1167      1168      1068      1070      1170      1169      1069
 -1       173    1    0    1
 -2       917      1167      1168       918       920      1170      1169       919
 -1       174    1    0    1
 -2       967      1117      1118       968       970      1120      1119       969
 -1       175    1    0    1
 -2      1017      1267      1268      1018      1020      1270      1269      1019
 -1       176    1    0    1
 -2      1067      1217      1218      1068      1070      1220      1219      1069
 -3
    1PSTEP                         1           1           1          
  100CL  101 1.000000000           0                     0    1           1
 -4  DISP        4    1
 -5  D1          1    2    1    0
 -5  D2          1    2    2    0
 -5  D3          1    2    3    0
 -5  ALL         1    2    0    0    1ALL
 -3
 9999
