    1C
    1UNormalized cross-passage space-truss torsion benchmark            
    1UUSER                                                              
    1UDATE              06.august.2026                                  
    1UTIME              08:14:18                                        
    1UHOST                                                              
    1UPGM               CalculiX                                        
    1UVERSION           Version 2.21                             
    1UCOMPILETIME       Sat Jul 29 10:52:01 CEST 2023                    
    1UDIR                                                               
    1UDBN                                                               
    1UMAT    1STEEL                                                     
    2C                          1048                                     1
 -1       213-1.19401E+00 1.47267E-03-3.55231E-02
 -1       214-1.23038E+00 3.77713E-03-1.90457E-02
 -1       215-1.20599E+00-1.47267E-03 3.55231E-02
 -1       216-1.16962E+00-3.77713E-03 1.90457E-02
 -1       221-1.20145E+00-3.41225E-02-1.15569E-02
 -1       222-1.20010E+00-2.46574E-03-3.59709E-02
 -1       223-1.19855E+00 3.41225E-02 1.15569E-02
 -1       224-1.19990E+00 2.46574E-03 3.59709E-02
 -1       229-1.23365E+00-1.29325E-02 5.48678E-04
 -1       230-1.20099E+00-3.60094E-02 1.52775E-03
 -1       231-1.16635E+00 1.29325E-02-5.48678E-04
 -1       232-1.19901E+00 3.60094E-02-1.52775E-03
 -1       263 1.20193E+00 2.20034E-03-3.59368E-02
 -1       264 1.16764E+00-1.98767E-03-1.57688E-02
 -1       265 1.19807E+00-2.20034E-03 3.59368E-02
 -1       266 1.23236E+00 1.98767E-03 1.57688E-02
 -1       271 1.20143E+00-3.37965E-02-1.24797E-02
 -1       272 1.20006E+00-1.48932E-03-3.60247E-02
 -1       273 1.19857E+00 3.37965E-02 1.24797E-02
 -1       274 1.19994E+00 1.48932E-03 3.60247E-02
 -1       279 1.16707E+00-1.46725E-02-6.22501E-04
 -1       280 1.20089E+00-3.60121E-02-1.52786E-03
 -1       281 1.23293E+00 1.46725E-02 6.22501E-04
 -1       282 1.19911E+00 3.60121E-02 1.52786E-03
 -1       313-1.19309E+00-2.60726E-03 1.96471E+00
 -1       314-1.22987E+00 1.51998E-03 1.97987E+00
 -1       315-1.20691E+00 2.60726E-03 2.03529E+00
 -1       316-1.17013E+00-1.51998E-03 2.02013E+00
 -1       321-1.19857E+00-3.37965E-02 1.98752E+00
 -1       322-1.19994E+00-1.48932E-03 1.96398E+00
 -1       323-1.20143E+00 3.37965E-02 2.01248E+00
 -1       324-1.20006E+00 1.48932E-03 2.03602E+00
 -1       329-1.23293E+00-1.46725E-02 1.99938E+00
 -1       330-1.19911E+00-3.60121E-02 1.99847E+00
 -1       331-1.16707E+00 1.46725E-02 2.00062E+00
 -1       332-1.20089E+00 3.60121E-02 2.00153E+00
 -1       363 1.20342E+00-1.71996E-03 1.96415E+00
 -1       364 1.16832E+00-3.76571E-03 1.98321E+00
 -1       365 1.19658E+00 1.71996E-03 2.03585E+00
 -1       366 1.23168E+00 3.76571E-03 2.01679E+00
 -1       371 1.19855E+00-3.41225E-02 1.98844E+00
 -1       372 1.19990E+00-2.46574E-03 1.96403E+00
 -1       373 1.20145E+00 3.41225E-02 2.01156E+00
 -1       374 1.20010E+00 2.46574E-03 2.03597E+00
 -1       379 1.16635E+00-1.29325E-02 2.00055E+00
 -1       380 1.19901E+00-3.60094E-02 2.00153E+00
 -1       381 1.23365E+00 1.29325E-02 1.99945E+00
 -1       382 1.20099E+00 3.60094E-02 1.99847E+00
 -1       413-1.19518E+00 9.99960E+00-3.57293E-02
 -1       414-1.23113E+00 1.00001E+01-1.81967E-02
 -1       415-1.20482E+00 1.00004E+01 3.57293E-02
 -1       416-1.16887E+00 9.99987E+00 1.81967E-02
 -1       421-1.20000E+00 9.96600E+00-1.20000E-02
 -1       422-1.20000E+00 9.99800E+00-3.60000E-02
 -1       423-1.20000E+00 1.00340E+01 1.20000E-02
 -1       424-1.20000E+00 1.00020E+01 3.60000E-02
 -1       429-1.23328E+00 9.98613E+00 0.00000E+00
 -1       430-1.20000E+00 9.96394E+00 0.00000E+00
 -1       431-1.16672E+00 1.00139E+01 0.00000E+00
 -1       432-1.20000E+00 1.00361E+01 0.00000E+00
 -1       463 1.20441E+00 9.99969E+00-3.57840E-02
 -1       464 1.16866E+00 9.99951E+00-1.78263E-02
 -1       465 1.19559E+00 1.00003E+01 3.57840E-02
 -1       466 1.23134E+00 1.00005E+01 1.78263E-02
 -1       471 1.20000E+00 9.96600E+00-1.20000E-02
 -1       472 1.20000E+00 9.99800E+00-3.60000E-02
 -1       473 1.20000E+00 1.00340E+01 1.20000E-02
 -1       474 1.20000E+00 1.00020E+01 3.60000E-02
 -1       479 1.16672E+00 9.98613E+00 0.00000E+00
 -1       480 1.20000E+00 9.96394E+00 0.00000E+00
 -1       481 1.23328E+00 1.00139E+01 0.00000E+00
 -1       482 1.20000E+00 1.00361E+01 0.00000E+00
 -1       513-1.19540E+00 1.00003E+01 1.96424E+00
 -1       514-1.23124E+00 1.00005E+01 1.98201E+00
 -1       515-1.20460E+00 9.99969E+00 2.03576E+00
 -1       516-1.16876E+00 9.99951E+00 2.01799E+00
 -1       521-1.20000E+00 9.96600E+00 1.98800E+00
 -1       522-1.20000E+00 9.99800E+00 1.96400E+00
 -1       523-1.20000E+00 1.00340E+01 2.01200E+00
 -1       524-1.20000E+00 1.00020E+01 2.03600E+00
 -1       529-1.23328E+00 9.98613E+00 2.00000E+00
 -1       530-1.20000E+00 9.96394E+00 2.00000E+00
 -1       531-1.16672E+00 1.00139E+01 2.00000E+00
 -1       532-1.20000E+00 1.00361E+01 2.00000E+00
 -1       563 1.20417E+00 1.00004E+01 1.96419E+00
 -1       564 1.16855E+00 9.99986E+00 1.98238E+00
 -1       565 1.19583E+00 9.99960E+00 2.03581E+00
 -1       566 1.23145E+00 1.00001E+01 2.01762E+00
 -1       571 1.20000E+00 9.96600E+00 1.98800E+00
 -1       572 1.20000E+00 9.99800E+00 1.96400E+00
 -1       573 1.20000E+00 1.00340E+01 2.01200E+00
 -1       574 1.20000E+00 1.00020E+01 2.03600E+00
 -1       579 1.16672E+00 9.98613E+00 2.00000E+00
 -1       580 1.20000E+00 9.96394E+00 2.00000E+00
 -1       581 1.23328E+00 1.00139E+01 2.00000E+00
 -1       582 1.20000E+00 1.00361E+01 2.00000E+00
 -1       613-1.19531E+00 1.99996E+01-3.57475E-02
 -1       614-1.23120E+00 2.00000E+01-1.80774E-02
 -1       615-1.20469E+00 2.00004E+01 3.57475E-02
 -1       616-1.16880E+00 2.00000E+01 1.80774E-02
 -1       621-1.20102E+00 1.99659E+01-1.16828E-02
 -1       622-1.20007E+00 1.99977E+01-3.59798E-02
 -1       623-1.19898E+00 2.00341E+01 1.16828E-02
 -1       624-1.19993E+00 2.00023E+01 3.59798E-02
 -1       629-1.23354E+00 1.99868E+01 3.96605E-04
 -1       630-1.20069E+00 1.99640E+01 1.08098E-03
 -1       631-1.16646E+00 2.00132E+01-3.96605E-04
 -1       632-1.19931E+00 2.00360E+01-1.08098E-03
 -1       663 1.20437E+00 2.00000E+01-3.57898E-02
 -1       664 1.16864E+00 1.99998E+01-1.77986E-02
 -1       665 1.19563E+00 2.00000E+01 3.57898E-02
 -1       666 1.23136E+00 2.00002E+01 1.77986E-02
 -1       671 1.20102E+00 1.99661E+01-1.23355E-02
 -1       672 1.20005E+00 1.99984E+01-3.60180E-02
 -1       673 1.19898E+00 2.00339E+01 1.23355E-02
 -1       674 1.19995E+00 2.00016E+01 3.60180E-02
 -1       679 1.16697E+00 1.99855E+01-4.33494E-04
 -1       680 1.20064E+00 1.99640E+01-1.08101E-03
 -1       681 1.23303E+00 2.00145E+01 4.33494E-04
 -1       682 1.19936E+00 2.00360E+01 1.08101E-03
 -1       713-1.19543E+00 2.00000E+01 1.96424E+00
 -1       714-1.23125E+00 2.00002E+01 1.98202E+00
 -1       715-1.20457E+00 2.00000E+01 2.03576E+00
 -1       716-1.16875E+00 1.99998E+01 2.01798E+00
 -1       721-1.19898E+00 1.99661E+01 1.98766E+00
 -1       722-1.19995E+00 1.99984E+01 1.96398E+00
 -1       723-1.20102E+00 2.00339E+01 2.01234E+00
 -1       724-1.20005E+00 2.00016E+01 2.03602E+00
 -1       729-1.23303E+00 1.99855E+01 1.99957E+00
 -1       730-1.19936E+00 1.99640E+01 1.99892E+00
 -1       731-1.16697E+00 2.00145E+01 2.00043E+00
 -1       732-1.20064E+00 2.00360E+01 2.00108E+00
 -1       763 1.20425E+00 2.00004E+01 1.96420E+00
 -1       764 1.16859E+00 2.00000E+01 1.98231E+00
 -1       765 1.19575E+00 1.99996E+01 2.03580E+00
 -1       766 1.23141E+00 2.00000E+01 2.01769E+00
 -1       771 1.19898E+00 1.99659E+01 1.98832E+00
 -1       772 1.19993E+00 1.99977E+01 1.96402E+00
 -1       773 1.20102E+00 2.00341E+01 2.01168E+00
 -1       774 1.20007E+00 2.00023E+01 2.03598E+00
 -1       779 1.16646E+00 1.99868E+01 2.00040E+00
 -1       780 1.19931E+00 1.99640E+01 2.00108E+00
 -1       781 1.23354E+00 2.00132E+01 1.99960E+00
 -1       782 1.20069E+00 2.00360E+01 1.99892E+00
 -1       813-1.19548E+00 2.99999E+01-3.57711E-02
 -1       814-1.23128E+00 3.00000E+01-1.79296E-02
 -1       815-1.20452E+00 3.00001E+01 3.57711E-02
 -1       816-1.16872E+00 3.00000E+01 1.79296E-02
 -1       821-1.20000E+00 2.99660E+01-1.20000E-02
 -1       822-1.20000E+00 2.99980E+01-3.60000E-02
 -1       823-1.20000E+00 3.00340E+01 1.20000E-02
 -1       824-1.20000E+00 3.00020E+01 3.60000E-02
 -1       829-1.23328E+00 2.99861E+01 0.00000E+00
 -1       830-1.20000E+00 2.99639E+01 0.00000E+00
 -1       831-1.16672E+00 3.00139E+01 0.00000E+00
 -1       832-1.20000E+00 3.00361E+01 0.00000E+00
 -1       863 1.20447E+00 3.00001E+01-3.57768E-02
 -1       864 1.16870E+00 3.00000E+01-1.78903E-02
 -1       865 1.19553E+00 2.99999E+01 3.57768E-02
 -1       866 1.23130E+00 3.00000E+01 1.78903E-02
 -1       871 1.20000E+00 2.99660E+01-1.20000E-02
 -1       872 1.20000E+00 2.99980E+01-3.60000E-02
 -1       873 1.20000E+00 3.00340E+01 1.20000E-02
 -1       874 1.20000E+00 3.00020E+01 3.60000E-02
 -1       879 1.16672E+00 2.99861E+01 0.00000E+00
 -1       880 1.20000E+00 2.99639E+01 0.00000E+00
 -1       881 1.23328E+00 3.00139E+01 0.00000E+00
 -1       882 1.20000E+00 3.00361E+01 0.00000E+00
 -1       913-1.19548E+00 2.99999E+01 1.96423E+00
 -1       914-1.23128E+00 3.00000E+01 1.98207E+00
 -1       915-1.20452E+00 3.00001E+01 2.03577E+00
 -1       916-1.16872E+00 3.00000E+01 2.01793E+00
 -1       921-1.20000E+00 2.99660E+01 1.98800E+00
 -1       922-1.20000E+00 2.99980E+01 1.96400E+00
 -1       923-1.20000E+00 3.00340E+01 2.01200E+00
 -1       924-1.20000E+00 3.00020E+01 2.03600E+00
 -1       929-1.23328E+00 2.99861E+01 2.00000E+00
 -1       930-1.20000E+00 2.99639E+01 2.00000E+00
 -1       931-1.16672E+00 3.00139E+01 2.00000E+00
 -1       932-1.20000E+00 3.00361E+01 2.00000E+00
 -1       963 1.20447E+00 3.00001E+01 1.96422E+00
 -1       964 1.16870E+00 3.00000E+01 1.98211E+00
 -1       965 1.19553E+00 2.99999E+01 2.03578E+00
 -1       966 1.23130E+00 3.00000E+01 2.01789E+00
 -1       971 1.20000E+00 2.99660E+01 1.98800E+00
 -1       972 1.20000E+00 2.99980E+01 1.96400E+00
 -1       973 1.20000E+00 3.00340E+01 2.01200E+00
 -1       974 1.20000E+00 3.00020E+01 2.03600E+00
 -1       979 1.16672E+00 2.99861E+01 2.00000E+00
 -1       980 1.20000E+00 2.99639E+01 2.00000E+00
 -1       981 1.23328E+00 3.00139E+01 2.00000E+00
 -1       982 1.20000E+00 3.00361E+01 2.00000E+00
 -1      1013-1.19642E+00 3.99998E+01-3.58768E-02
 -1      1014-1.23170E+00 3.99983E+01-1.70921E-02
 -1      1015-1.20358E+00 4.00002E+01 3.58768E-02
 -1      1016-1.16830E+00 4.00017E+01 1.70921E-02
 -1      1021-1.20157E+00 3.99659E+01-1.15220E-02
 -1      1022-1.20011E+00 3.99975E+01-3.59684E-02
 -1      1023-1.19843E+00 4.00341E+01 1.15220E-02
 -1      1024-1.19989E+00 4.00025E+01 3.59684E-02
 -1      1029-1.23368E+00 3.99872E+01 5.90072E-04
 -1      1030-1.20108E+00 3.99640E+01 1.65325E-03
 -1      1031-1.16632E+00 4.00128E+01-5.90072E-04
 -1      1032-1.19892E+00 4.00360E+01-1.65325E-03
 -1      1037-1.19282E+00 3.99964E+01-3.51520E-02
 -1      1038-1.22970E+00 4.00011E+01-2.04069E-02
 -1      1039-1.20718E+00 4.00036E+01 3.51520E-02
 -1      1040-1.17030E+00 3.99989E+01 2.04069E-02
 -1      1079 1.20446E+00 3.99998E+01-3.57783E-02
 -1      1080 1.16869E+00 3.99996E+01-1.78731E-02
 -1      1081 1.19554E+00 4.00002E+01 3.57783E-02
 -1      1082 1.23131E+00 4.00004E+01 1.78731E-02
 -1      1087 1.20155E+00 3.99662E+01-1.25208E-02
 -1      1088 1.20007E+00 3.99986E+01-3.60265E-02
 -1      1089 1.19845E+00 4.00338E+01 1.25208E-02
 -1      1090 1.19993E+00 4.00014E+01 3.60265E-02
 -1      1095 1.16710E+00 3.99853E+01-6.76580E-04
 -1      1096 1.20096E+00 3.99640E+01-1.65341E-03
 -1      1097 1.23290E+00 4.00147E+01 6.76580E-04
 -1      1098 1.19904E+00 4.00360E+01 1.65341E-03
 -1      1129-1.19665E+00 4.00005E+01 1.96410E+00
 -1      1130-1.23181E+00 3.99986E+01 1.98309E+00
 -1      1131-1.20335E+00 3.99995E+01 2.03590E+00
 -1      1132-1.16819E+00 4.00014E+01 2.01691E+00
 -1      1137-1.19845E+00 3.99662E+01 1.98748E+00
 -1      1138-1.19993E+00 3.99986E+01 1.96397E+00
 -1      1139-1.20155E+00 4.00338E+01 2.01252E+00
 -1      1140-1.20007E+00 4.00014E+01 2.03603E+00
 -1      1145-1.23290E+00 3.99853E+01 1.99932E+00
 -1      1146-1.19904E+00 3.99640E+01 1.99835E+00
 -1      1147-1.16710E+00 4.00147E+01 2.00068E+00
 -1      1148-1.20096E+00 4.00360E+01 2.00165E+00
 -1      1153-1.19289E+00 3.99970E+01 1.96478E+00
 -1      1154-1.22975E+00 4.00014E+01 1.97968E+00
 -1      1155-1.20711E+00 4.00030E+01 2.03522E+00
 -1      1156-1.17025E+00 3.99986E+01 2.02032E+00
 -1      1195 1.20428E+00 4.00003E+01 1.96420E+00
 -1      1196 1.16860E+00 3.99999E+01 1.98228E+00
 -1      1197 1.19572E+00 3.99997E+01 2.03580E+00
 -1      1198 1.23140E+00 4.00001E+01 2.01772E+00
 -1      1203 1.19843E+00 3.99659E+01 1.98848E+00
 -1      1204 1.19989E+00 3.99975E+01 1.96403E+00
 -1      1205 1.20157E+00 4.00341E+01 2.01152E+00
 -1      1206 1.20011E+00 4.00025E+01 2.03597E+00
 -1      1211 1.16632E+00 3.99872E+01 2.00059E+00
 -1      1212 1.19892E+00 3.99640E+01 2.00165E+00
 -1      1213 1.23368E+00 4.00128E+01 1.99941E+00
 -1      1214 1.20108E+00 4.00360E+01 1.99835E+00
 -1      1245-1.19609E+00 4.99979E+01-3.57809E-02
 -1      1246-1.23152E+00 4.99968E+01-1.72280E-02
 -1      1247-1.20391E+00 5.00021E+01 3.57809E-02
 -1      1248-1.16848E+00 5.00032E+01 1.72280E-02
 -1      1253-1.20157E+00 4.99659E+01-1.15220E-02
 -1      1254-1.20011E+00 4.99975E+01-3.59684E-02
 -1      1255-1.19843E+00 5.00341E+01 1.15220E-02
 -1      1256-1.19989E+00 5.00025E+01 3.59684E-02
 -1      1261-1.23368E+00 4.99872E+01 5.90072E-04
 -1      1262-1.20108E+00 4.99640E+01 1.65325E-03
 -1      1263-1.16632E+00 5.00128E+01-5.90072E-04
 -1      1264-1.19892E+00 5.00360E+01-1.65325E-03
 -1      1295 1.20659E+00 4.99962E+01-3.52381E-02
 -1      1296 1.16988E+00 5.00000E+01-1.98251E-02
 -1      1297 1.19341E+00 5.00038E+01 3.52381E-02
 -1      1298 1.23012E+00 5.00000E+01 1.98251E-02
 -1      1303 1.20155E+00 4.99662E+01-1.25208E-02
 -1      1304 1.20007E+00 4.99986E+01-3.60265E-02
 -1      1305 1.19845E+00 5.00338E+01 1.25208E-02
 -1      1306 1.19993E+00 5.00014E+01 3.60265E-02
 -1      1311 1.16710E+00 4.99853E+01-6.76580E-04
 -1      1312 1.20096E+00 4.99640E+01-1.65341E-03
 -1      1313 1.23290E+00 5.00147E+01 6.76580E-04
 -1      1314 1.19904E+00 5.00360E+01 1.65341E-03
 -1      1345-1.19824E+00 5.00036E+01 1.96417E+00
 -1      1346-1.23250E+00 4.99994E+01 1.98440E+00
 -1      1347-1.20176E+00 4.99964E+01 2.03583E+00
 -1      1348-1.16750E+00 5.00006E+01 2.01560E+00
 -1      1353-1.19845E+00 4.99662E+01 1.98748E+00
 -1      1354-1.19993E+00 4.99986E+01 1.96397E+00
 -1      1355-1.20155E+00 5.00338E+01 2.01252E+00
 -1      1356-1.20007E+00 5.00014E+01 2.03603E+00
 -1      1361-1.23290E+00 4.99853E+01 1.99932E+00
 -1      1362-1.19904E+00 4.99640E+01 1.99835E+00
 -1      1363-1.16710E+00 5.00147E+01 2.00068E+00
 -1      1364-1.20096E+00 5.00360E+01 2.00165E+00
 -1      1395 1.20512E+00 5.00020E+01 1.96437E+00
 -1      1396 1.16909E+00 5.00032E+01 1.98171E+00
 -1      1397 1.19488E+00 4.99980E+01 2.03563E+00
 -1      1398 1.23091E+00 4.99968E+01 2.01829E+00
 -1      1403 1.19843E+00 4.99659E+01 1.98848E+00
 -1      1404 1.19989E+00 4.99975E+01 1.96403E+00
 -1      1405 1.20157E+00 5.00341E+01 2.01152E+00
 -1      1406 1.20011E+00 5.00025E+01 2.03597E+00
 -1      1411 1.16632E+00 4.99872E+01 2.00059E+00
 -1      1412 1.19892E+00 4.99640E+01 2.00165E+00
 -1      1413 1.23368E+00 5.00128E+01 1.99941E+00
 -1      1414 1.20108E+00 5.00360E+01 1.99835E+00
 -1      1445-1.19553E+00 2.50000E+01-1.85778E-01
 -1      1446-1.23131E+00 2.50000E+01-1.67883E-01
 -1      1447-1.20447E+00 2.50000E+01-1.14222E-01
 -1      1448-1.16869E+00 2.50000E+01-1.32117E-01
 -1      1453 1.20447E+00 2.50000E+01 1.14222E-01
 -1      1454 1.16869E+00 2.50000E+01 1.32117E-01
 -1      1455 1.19553E+00 2.50000E+01 1.85778E-01
 -1      1456 1.23131E+00 2.50000E+01 1.67883E-01
 -1      1461-1.19553E+00 2.50000E+01 1.81422E+00
 -1      1462-1.23131E+00 2.50000E+01 1.83212E+00
 -1      1463-1.20447E+00 2.50000E+01 1.88578E+00
 -1      1464-1.16869E+00 2.50000E+01 1.86788E+00
 -1      1469 1.20447E+00 2.50000E+01 2.11422E+00
 -1      1470 1.16869E+00 2.50000E+01 2.13212E+00
 -1      1471 1.19553E+00 2.50000E+01 2.18578E+00
 -1      1472 1.23131E+00 2.50000E+01 2.16788E+00
 -1      1477-1.19522E+00 3.24989E+01-1.41787E-01
 -1      1478-1.23115E+00 3.24995E+01-1.24216E-01
 -1      1479-1.20478E+00 3.25011E+01-7.03450E-02
 -1      1480-1.16885E+00 3.25005E+01-8.79159E-02
 -1      1485-1.19553E+00 3.50000E+01-1.85777E-01
 -1      1486-1.23131E+00 3.50000E+01-1.67887E-01
 -1      1487-1.20447E+00 3.50000E+01-1.14223E-01
 -1      1488-1.16869E+00 3.50000E+01-1.32113E-01
 -1      1493-1.19586E+00 3.75011E+01-1.41867E-01
 -1      1494-1.23147E+00 3.75005E+01-1.23652E-01
 -1      1495-1.20414E+00 3.74989E+01-7.02647E-02
 -1      1496-1.16853E+00 3.74995E+01-8.84797E-02
 -1      1501 1.20414E+00 3.25011E+01 7.02647E-02
 -1      1502 1.16853E+00 3.25005E+01 8.84797E-02
 -1      1503 1.19586E+00 3.24989E+01 1.41867E-01
 -1      1504 1.23147E+00 3.24995E+01 1.23652E-01
 -1      1509 1.20447E+00 3.50000E+01 1.14223E-01
 -1      1510 1.16869E+00 3.50000E+01 1.32113E-01
 -1      1511 1.19553E+00 3.50000E+01 1.85777E-01
 -1      1512 1.23131E+00 3.50000E+01 1.67887E-01
 -1      1517 1.20478E+00 3.74989E+01 7.03450E-02
 -1      1518 1.16885E+00 3.74995E+01 8.79159E-02
 -1      1519 1.19522E+00 3.75011E+01 1.41787E-01
 -1      1520 1.23115E+00 3.75005E+01 1.24216E-01
 -1      1525-1.19522E+00 3.24989E+01 1.85821E+00
 -1      1526-1.23115E+00 3.24995E+01 1.87578E+00
 -1      1527-1.20478E+00 3.25011E+01 1.92966E+00
 -1      1528-1.16885E+00 3.25005E+01 1.91208E+00
 -1      1533-1.19553E+00 3.50000E+01 1.81422E+00
 -1      1534-1.23131E+00 3.50000E+01 1.83211E+00
 -1      1535-1.20447E+00 3.50000E+01 1.88578E+00
 -1      1536-1.16869E+00 3.50000E+01 1.86789E+00
 -1      1541-1.19586E+00 3.75011E+01 1.85813E+00
 -1      1542-1.23147E+00 3.75005E+01 1.87635E+00
 -1      1543-1.20414E+00 3.74989E+01 1.92974E+00
 -1      1544-1.16853E+00 3.74995E+01 1.91152E+00
 -1      1549 1.20414E+00 3.25011E+01 2.07026E+00
 -1      1550 1.16853E+00 3.25005E+01 2.08848E+00
 -1      1551 1.19586E+00 3.24989E+01 2.14187E+00
 -1      1552 1.23147E+00 3.24995E+01 2.12365E+00
 -1      1557 1.20447E+00 3.50000E+01 2.11422E+00
 -1      1558 1.16869E+00 3.50000E+01 2.13211E+00
 -1      1559 1.19553E+00 3.50000E+01 2.18578E+00
 -1      1560 1.23131E+00 3.50000E+01 2.16789E+00
 -1      1565 1.20478E+00 3.74989E+01 2.07034E+00
 -1      1566 1.16885E+00 3.74995E+01 2.08792E+00
 -1      1567 1.19522E+00 3.75011E+01 2.14179E+00
 -1      1568 1.23115E+00 3.75005E+01 2.12422E+00
 -1      1573-1.19510E+00 4.12485E+01-9.30910E-02
 -1      1574-1.23109E+00 4.12492E+01-7.56508E-02
 -1      1575-1.20490E+00 4.12515E+01-2.17140E-02
 -1      1576-1.16891E+00 4.12508E+01-3.91543E-02
 -1      1581-1.19519E+00 4.24988E+01-1.41781E-01
 -1      1582-1.23114E+00 4.24994E+01-1.24237E-01
 -1      1583-1.20481E+00 4.25012E+01-7.03511E-02
 -1      1584-1.16886E+00 4.25006E+01-8.78954E-02
 -1      1589-1.19534E+00 4.37494E+01-1.74330E-01
 -1      1590-1.23121E+00 4.37497E+01-1.56628E-01
 -1      1591-1.20466E+00 4.37506E+01-1.02834E-01
 -1      1592-1.16879E+00 4.37503E+01-1.20535E-01
 -1      1597-1.19553E+00 4.50000E+01-1.85777E-01
 -1      1598-1.23131E+00 4.50000E+01-1.67888E-01
 -1      1599-1.20447E+00 4.50000E+01-1.14223E-01
 -1      1600-1.16869E+00 4.50000E+01-1.32112E-01
 -1      1605-1.19572E+00 4.62506E+01-1.74377E-01
 -1      1606-1.23140E+00 4.62503E+01-1.56298E-01
 -1      1607-1.20428E+00 4.62494E+01-1.02787E-01
 -1      1608-1.16860E+00 4.62497E+01-1.20866E-01
 -1      1613-1.19589E+00 4.75012E+01-1.41868E-01
 -1      1614-1.23149E+00 4.75006E+01-1.23626E-01
 -1      1615-1.20411E+00 4.74988E+01-7.02642E-02
 -1      1616-1.16851E+00 4.74994E+01-8.85056E-02
 -1      1621-1.19601E+00 4.87515E+01-9.32042E-02
 -1      1622-1.23154E+00 4.87507E+01-7.48534E-02
 -1      1623-1.20399E+00 4.87485E+01-2.16008E-02
 -1      1624-1.16846E+00 4.87493E+01-3.99517E-02
 -1      1629 1.20399E+00 4.12515E+01 2.16008E-02
 -1      1630 1.16846E+00 4.12507E+01 3.99517E-02
 -1      1631 1.19601E+00 4.12485E+01 9.32042E-02
 -1      1632 1.23154E+00 4.12493E+01 7.48534E-02
 -1      1637 1.20411E+00 4.25012E+01 7.02642E-02
 -1      1638 1.16851E+00 4.25006E+01 8.85056E-02
 -1      1639 1.19589E+00 4.24988E+01 1.41868E-01
 -1      1640 1.23149E+00 4.24994E+01 1.23626E-01
 -1      1645 1.20428E+00 4.37506E+01 1.02787E-01
 -1      1646 1.16860E+00 4.37503E+01 1.20866E-01
 -1      1647 1.19572E+00 4.37494E+01 1.74377E-01
 -1      1648 1.23140E+00 4.37497E+01 1.56298E-01
 -1      1653 1.20447E+00 4.50000E+01 1.14223E-01
 -1      1654 1.16869E+00 4.50000E+01 1.32112E-01
 -1      1655 1.19553E+00 4.50000E+01 1.85777E-01
 -1      1656 1.23131E+00 4.50000E+01 1.67888E-01
 -1      1661 1.20466E+00 4.62494E+01 1.02834E-01
 -1      1662 1.16879E+00 4.62497E+01 1.20535E-01
 -1      1663 1.19534E+00 4.62506E+01 1.74330E-01
 -1      1664 1.23121E+00 4.62503E+01 1.56628E-01
 -1      1669 1.20481E+00 4.74988E+01 7.03511E-02
 -1      1670 1.16886E+00 4.74994E+01 8.78954E-02
 -1      1671 1.19519E+00 4.75012E+01 1.41781E-01
 -1      1672 1.23114E+00 4.75006E+01 1.24237E-01
 -1      1677 1.20490E+00 4.87485E+01 2.17140E-02
 -1      1678 1.16891E+00 4.87492E+01 3.91543E-02
 -1      1679 1.19510E+00 4.87515E+01 9.30910E-02
 -1      1680 1.23109E+00 4.87508E+01 7.56508E-02
 -1      1685-1.19510E+00 4.12485E+01 1.90691E+00
 -1      1686-1.23109E+00 4.12492E+01 1.92435E+00
 -1      1687-1.20490E+00 4.12515E+01 1.97829E+00
 -1      1688-1.16891E+00 4.12508E+01 1.96085E+00
 -1      1693-1.19519E+00 4.24988E+01 1.85822E+00
 -1      1694-1.23114E+00 4.24994E+01 1.87576E+00
 -1      1695-1.20481E+00 4.25012E+01 1.92965E+00
 -1      1696-1.16886E+00 4.25006E+01 1.91210E+00
 -1      1701-1.19534E+00 4.37494E+01 1.82567E+00
 -1      1702-1.23121E+00 4.37497E+01 1.84337E+00
 -1      1703-1.20466E+00 4.37506E+01 1.89717E+00
 -1      1704-1.16879E+00 4.37503E+01 1.87946E+00
 -1      1709-1.19553E+00 4.50000E+01 1.81422E+00
 -1      1710-1.23131E+00 4.50000E+01 1.83211E+00
 -1      1711-1.20447E+00 4.50000E+01 1.88578E+00
 -1      1712-1.16869E+00 4.50000E+01 1.86789E+00
 -1      1717-1.19572E+00 4.62506E+01 1.82562E+00
 -1      1718-1.23140E+00 4.62503E+01 1.84370E+00
 -1      1719-1.20428E+00 4.62494E+01 1.89721E+00
 -1      1720-1.16860E+00 4.62497E+01 1.87913E+00
 -1      1725-1.19589E+00 4.75012E+01 1.85813E+00
 -1      1726-1.23149E+00 4.75006E+01 1.87637E+00
 -1      1727-1.20411E+00 4.74988E+01 1.92974E+00
 -1      1728-1.16851E+00 4.74994E+01 1.91149E+00
 -1      1733-1.19601E+00 4.87515E+01 1.90680E+00
 -1      1734-1.23154E+00 4.87507E+01 1.92515E+00
 -1      1735-1.20399E+00 4.87485E+01 1.97840E+00
 -1      1736-1.16846E+00 4.87493E+01 1.96005E+00
 -1      1741 1.20399E+00 4.12515E+01 2.02160E+00
 -1      1742 1.16846E+00 4.12507E+01 2.03995E+00
 -1      1743 1.19601E+00 4.12485E+01 2.09320E+00
 -1      1744 1.23154E+00 4.12493E+01 2.07485E+00
 -1      1749 1.20411E+00 4.25012E+01 2.07026E+00
 -1      1750 1.16851E+00 4.25006E+01 2.08851E+00
 -1      1751 1.19589E+00 4.24988E+01 2.14187E+00
 -1      1752 1.23149E+00 4.24994E+01 2.12363E+00
 -1      1757 1.20428E+00 4.37506E+01 2.10279E+00
 -1      1758 1.16860E+00 4.37503E+01 2.12087E+00
 -1      1759 1.19572E+00 4.37494E+01 2.17438E+00
 -1      1760 1.23140E+00 4.37497E+01 2.15630E+00
 -1      1765 1.20447E+00 4.50000E+01 2.11422E+00
 -1      1766 1.16869E+00 4.50000E+01 2.13211E+00
 -1      1767 1.19553E+00 4.50000E+01 2.18578E+00
 -1      1768 1.23131E+00 4.50000E+01 2.16789E+00
 -1      1773 1.20466E+00 4.62494E+01 2.10283E+00
 -1      1774 1.16879E+00 4.62497E+01 2.12054E+00
 -1      1775 1.19534E+00 4.62506E+01 2.17433E+00
 -1      1776 1.23121E+00 4.62503E+01 2.15663E+00
 -1      1781 1.20481E+00 4.74988E+01 2.07035E+00
 -1      1782 1.16886E+00 4.74994E+01 2.08790E+00
 -1      1783 1.19519E+00 4.75012E+01 2.14178E+00
 -1      1784 1.23114E+00 4.75006E+01 2.12424E+00
 -1      1789 1.20490E+00 4.87485E+01 2.02171E+00
 -1      1790 1.16891E+00 4.87492E+01 2.03915E+00
 -1      1791 1.19510E+00 4.87515E+01 2.09309E+00
 -1      1792 1.23109E+00 4.87508E+01 2.07565E+00
 -1      1797-6.01023E-01-5.95507E-02-1.16832E-02
 -1      1798-6.00070E-01-2.77896E-02-3.59798E-02
 -1      1799-5.98977E-01 8.63897E-03 1.16832E-02
 -1      1800-5.99930E-01-2.31221E-02 3.59798E-02
 -1      1805 0.00000E+00-6.99997E-02-1.20008E-02
 -1      1806 0.00000E+00-3.79991E-02-3.60000E-02
 -1      1807 0.00000E+00-2.00028E-03 1.20008E-02
 -1      1808 0.00000E+00-3.40009E-02 3.60000E-02
 -1      1813 6.01016E-01-5.93202E-02-1.23359E-02
 -1      1814 6.00049E-01-2.70988E-02-3.60180E-02
 -1      1815 5.98984E-01 8.40852E-03 1.23359E-02
 -1      1816 5.99951E-01-2.38129E-02 3.60180E-02
 -1      1821-5.98984E-01-8.40852E-03 1.98766E+00
 -1      1822-5.99951E-01 2.38129E-02 1.96398E+00
 -1      1823-6.01016E-01 5.93202E-02 2.01234E+00
 -1      1824-6.00049E-01 2.70988E-02 2.03602E+00
 -1      1829 0.00000E+00 2.00028E-03 1.98800E+00
 -1      1830 0.00000E+00 3.40009E-02 1.96400E+00
 -1      1831 0.00000E+00 6.99997E-02 2.01200E+00
 -1      1832 0.00000E+00 3.79991E-02 2.03600E+00
 -1      1837 5.98977E-01-8.63897E-03 1.98832E+00
 -1      1838 5.99930E-01 2.31221E-02 1.96402E+00
 -1      1839 6.01023E-01 5.95507E-02 2.01168E+00
 -1      1840 6.00070E-01 2.77896E-02 2.03598E+00
 -1      1845-1.23354E+00 7.99623E-03 5.00396E-01
 -1      1846-1.20070E+00-1.48194E-02 5.01081E-01
 -1      1847-1.16646E+00 3.44302E-02 4.99604E-01
 -1      1848-1.19930E+00 5.72458E-02 4.98919E-01
 -1      1853-1.23328E+00 1.61383E-02 1.00000E+00
 -1      1854-1.20001E+00-6.05551E-03 1.00000E+00
 -1      1855-1.16672E+00 4.38617E-02 1.00000E+00
 -1      1856-1.19999E+00 6.60555E-02 1.00000E+00
 -1      1861-1.23303E+00 6.76606E-03 1.49957E+00
 -1      1862-1.19936E+00-1.48205E-02 1.49892E+00
 -1      1863-1.16697E+00 3.56603E-02 1.50043E+00
 -1      1864-1.20064E+00 5.72469E-02 1.50108E+00
 -1      1869 1.16697E+00-3.56603E-02 4.99567E-01
 -1      1870 1.20064E+00-5.72469E-02 4.98919E-01
 -1      1871 1.23303E+00-6.76606E-03 5.00433E-01
 -1      1872 1.19936E+00 1.48205E-02 5.01081E-01
 -1      1877 1.16672E+00-4.38617E-02 1.00000E+00
 -1      1878 1.19999E+00-6.60555E-02 1.00000E+00
 -1      1879 1.23328E+00-1.61383E-02 1.00000E+00
 -1      1880 1.20001E+00 6.05551E-03 1.00000E+00
 -1      1885 1.16646E+00-3.44302E-02 1.50040E+00
 -1      1886 1.19930E+00-5.72458E-02 1.50108E+00
 -1      1887 1.23354E+00-7.99623E-03 1.49960E+00
 -1      1888 1.20070E+00 1.48194E-02 1.49892E+00
 -1      1893 0.00000E+00 1.99300E+01-1.20023E-02
 -1      1894 0.00000E+00 1.99620E+01-3.60001E-02
 -1      1895 0.00000E+00 1.99980E+01 1.20023E-02
 -1      1896 0.00000E+00 1.99660E+01 3.60001E-02
 -1      1901 0.00000E+00 2.00020E+01 1.98800E+00
 -1      1902 0.00000E+00 2.00340E+01 1.96400E+00
 -1      1903 0.00000E+00 2.00700E+01 2.01200E+00
 -1      1904 0.00000E+00 2.00380E+01 2.03600E+00
 -1      1909-1.23329E+00 2.00161E+01 1.00000E+00
 -1      1910-1.20002E+00 1.99939E+01 1.00000E+00
 -1      1911-1.16671E+00 2.00438E+01 1.00000E+00
 -1      1912-1.19998E+00 2.00661E+01 1.00000E+00
 -1      1917 1.16671E+00 1.99562E+01 1.00000E+00
 -1      1918 1.19998E+00 1.99339E+01 1.00000E+00
 -1      1919 1.23329E+00 1.99839E+01 1.00000E+00
 -1      1920 1.20002E+00 2.00061E+01 1.00000E+00
 -1      1925-9.01448E-01 3.99521E+01-1.15569E-02
 -1      1926-9.00105E-01 3.99838E+01-3.59710E-02
 -1      1927-8.98552E-01 4.00203E+01 1.15569E-02
 -1      1928-8.99895E-01 3.99887E+01 3.59710E-02
 -1      1933-6.01107E-01 3.99404E+01-1.16576E-02
 -1      1934-6.00077E-01 3.99722E+01-3.59781E-02
 -1      1935-5.98893E-01 4.00086E+01 1.16576E-02
 -1      1936-5.99923E-01 3.99769E+01 3.59781E-02
 -1      1941-3.00599E-01 3.99327E+01-1.18121E-02
 -1      1942-3.00039E-01 3.99645E+01-3.59884E-02
 -1      1943-2.99401E-01 4.00008E+01 1.18121E-02
 -1      1944-2.99961E-01 3.99689E+01 3.59884E-02
 -1      1949 0.00000E+00 3.99300E+01-1.20002E-02
 -1      1950 0.00000E+00 3.99620E+01-3.60000E-02
 -1      1951 0.00000E+00 3.99980E+01 1.20002E-02
 -1      1952 0.00000E+00 3.99660E+01 3.60000E-02
 -1      1957 3.00596E-01 3.99328E+01-1.21945E-02
 -1      1958 3.00032E-01 3.99649E+01-3.60109E-02
 -1      1959 2.99404E-01 4.00007E+01 1.21945E-02
 -1      1960 2.99968E-01 3.99685E+01 3.60109E-02
 -1      1965 6.01099E-01 3.99407E+01-1.23640E-02
 -1      1966 6.00052E-01 3.99729E+01-3.60194E-02
 -1      1967 5.98901E-01 4.00084E+01 1.23640E-02
 -1      1968 5.99948E-01 3.99762E+01 3.60194E-02
 -1      1973 9.01434E-01 3.99524E+01-1.24797E-02
 -1      1974 9.00063E-01 3.99847E+01-3.60247E-02
 -1      1975 8.98566E-01 4.00200E+01 1.24797E-02
 -1      1976 8.99937E-01 3.99877E+01 3.60247E-02
 -1      1981-8.98566E-01 3.99800E+01 1.98752E+00
 -1      1982-8.99937E-01 4.00123E+01 1.96398E+00
 -1      1983-9.01434E-01 4.00476E+01 2.01248E+00
 -1      1984-9.00063E-01 4.00153E+01 2.03602E+00
 -1      1989-5.98901E-01 3.99916E+01 1.98764E+00
 -1      1990-5.99948E-01 4.00238E+01 1.96398E+00
 -1      1991-6.01099E-01 4.00593E+01 2.01236E+00
 -1      1992-6.00052E-01 4.00271E+01 2.03602E+00
 -1      1997-2.99404E-01 3.99993E+01 1.98781E+00
 -1      1998-2.99968E-01 4.00315E+01 1.96399E+00
 -1      1999-3.00596E-01 4.00672E+01 2.01219E+00
 -1      2000-3.00032E-01 4.00351E+01 2.03601E+00
 -1      2005 0.00000E+00 4.00020E+01 1.98800E+00
 -1      2006 0.00000E+00 4.00340E+01 1.96400E+00
 -1      2007 0.00000E+00 4.00700E+01 2.01200E+00
 -1      2008 0.00000E+00 4.00380E+01 2.03600E+00
 -1      2013 2.99401E-01 3.99992E+01 1.98819E+00
 -1      2014 2.99961E-01 4.00311E+01 1.96401E+00
 -1      2015 3.00599E-01 4.00673E+01 2.01181E+00
 -1      2016 3.00039E-01 4.00355E+01 2.03599E+00
 -1      2021 5.98893E-01 3.99914E+01 1.98834E+00
 -1      2022 5.99923E-01 4.00231E+01 1.96402E+00
 -1      2023 6.01107E-01 4.00596E+01 2.01166E+00
 -1      2024 6.00077E-01 4.00278E+01 2.03598E+00
 -1      2029 8.98552E-01 3.99797E+01 1.98844E+00
 -1      2030 8.99895E-01 4.00113E+01 1.96403E+00
 -1      2031 9.01448E-01 4.00479E+01 2.01156E+00
 -1      2032 9.00105E-01 4.00162E+01 2.03597E+00
 -1      2037-1.23365E+00 3.99985E+01 2.50549E-01
 -1      2038-1.20099E+00 3.99755E+01 2.51528E-01
 -1      2039-1.16635E+00 4.00244E+01 2.49451E-01
 -1      2040-1.19901E+00 4.00475E+01 2.48472E-01
 -1      2045-1.23356E+00 4.00080E+01 5.00427E-01
 -1      2046-1.20075E+00 3.99852E+01 5.01170E-01
 -1      2047-1.16644E+00 4.00344E+01 4.99573E-01
 -1      2048-1.19925E+00 4.00572E+01 4.98830E-01
 -1      2053-1.23343E+00 4.00142E+01 7.50237E-01
 -1      2054-1.20040E+00 3.99917E+01 7.50633E-01
 -1      2055-1.16657E+00 4.00412E+01 7.49763E-01
 -1      2056-1.19960E+00 4.00638E+01 7.49367E-01
 -1      2061-1.23328E+00 4.00161E+01 1.00000E+00
 -1      2062-1.20000E+00 3.99939E+01 1.00000E+00
 -1      2063-1.16672E+00 4.00439E+01 1.00000E+00
 -1      2064-1.20000E+00 4.00661E+01 1.00000E+00
 -1      2069-1.23313E+00 4.00135E+01 1.24975E+00
 -1      2070-1.19962E+00 3.99917E+01 1.24937E+00
 -1      2071-1.16687E+00 4.00419E+01 1.25025E+00
 -1      2072-1.20038E+00 4.00638E+01 1.25063E+00
 -1      2077-1.23301E+00 4.00067E+01 1.49953E+00
 -1      2078-1.19931E+00 3.99852E+01 1.49883E+00
 -1      2079-1.16699E+00 4.00357E+01 1.50047E+00
 -1      2080-1.20069E+00 4.00572E+01 1.50117E+00
 -1      2085-1.23293E+00 3.99968E+01 1.74938E+00
 -1      2086-1.19911E+00 3.99755E+01 1.74847E+00
 -1      2087-1.16707E+00 4.00262E+01 1.75062E+00
 -1      2088-1.20089E+00 4.00475E+01 1.75153E+00
 -1      2093 1.16707E+00 3.99738E+01 2.49378E-01
 -1      2094 1.20089E+00 3.99525E+01 2.48472E-01
 -1      2095 1.23293E+00 4.00032E+01 2.50622E-01
 -1      2096 1.19911E+00 4.00245E+01 2.51528E-01
 -1      2101 1.16699E+00 3.99643E+01 4.99529E-01
 -1      2102 1.20069E+00 3.99428E+01 4.98830E-01
 -1      2103 1.23301E+00 3.99933E+01 5.00471E-01
 -1      2104 1.19931E+00 4.00148E+01 5.01170E-01
 -1      2109 1.16687E+00 3.99581E+01 7.49750E-01
 -1      2110 1.20038E+00 3.99362E+01 7.49367E-01
 -1      2111 1.23313E+00 3.99865E+01 7.50250E-01
 -1      2112 1.19962E+00 4.00083E+01 7.50633E-01
 -1      2117 1.16672E+00 3.99561E+01 1.00000E+00
 -1      2118 1.20000E+00 3.99339E+01 1.00000E+00
 -1      2119 1.23328E+00 3.99839E+01 1.00000E+00
 -1      2120 1.20000E+00 4.00061E+01 1.00000E+00
 -1      2125 1.16657E+00 3.99588E+01 1.25024E+00
 -1      2126 1.19960E+00 3.99362E+01 1.25063E+00
 -1      2127 1.23343E+00 3.99858E+01 1.24976E+00
 -1      2128 1.20040E+00 4.00083E+01 1.24937E+00
 -1      2133 1.16644E+00 3.99656E+01 1.50043E+00
 -1      2134 1.19925E+00 3.99428E+01 1.50117E+00
 -1      2135 1.23356E+00 3.99920E+01 1.49957E+00
 -1      2136 1.20075E+00 4.00148E+01 1.49883E+00
 -1      2141 1.16635E+00 3.99756E+01 1.75055E+00
 -1      2142 1.19901E+00 3.99525E+01 1.75153E+00
 -1      2143 1.23365E+00 4.00015E+01 1.74945E+00
 -1      2144 1.20099E+00 4.00245E+01 1.74847E+00
 -1      2149-9.01448E-01 4.99521E+01-1.15569E-02
 -1      2150-9.00105E-01 4.99838E+01-3.59710E-02
 -1      2151-8.98552E-01 5.00203E+01 1.15569E-02
 -1      2152-8.99895E-01 4.99887E+01 3.59710E-02
 -1      2157-6.01107E-01 4.99404E+01-1.16576E-02
 -1      2158-6.00077E-01 4.99722E+01-3.59781E-02
 -1      2159-5.98893E-01 5.00086E+01 1.16576E-02
 -1      2160-5.99923E-01 4.99769E+01 3.59781E-02
 -1      2165-3.00599E-01 4.99327E+01-1.18121E-02
 -1      2166-3.00039E-01 4.99645E+01-3.59884E-02
 -1      2167-2.99401E-01 5.00008E+01 1.18121E-02
 -1      2168-2.99961E-01 4.99689E+01 3.59884E-02
 -1      2173 0.00000E+00 4.99300E+01-1.20002E-02
 -1      2174 0.00000E+00 4.99620E+01-3.60000E-02
 -1      2175 0.00000E+00 4.99980E+01 1.20002E-02
 -1      2176 0.00000E+00 4.99660E+01 3.60000E-02
 -1      2181 3.00596E-01 4.99328E+01-1.21945E-02
 -1      2182 3.00032E-01 4.99649E+01-3.60109E-02
 -1      2183 2.99404E-01 5.00007E+01 1.21945E-02
 -1      2184 2.99968E-01 4.99685E+01 3.60109E-02
 -1      2189 6.01099E-01 4.99407E+01-1.23640E-02
 -1      2190 6.00052E-01 4.99729E+01-3.60194E-02
 -1      2191 5.98901E-01 5.00084E+01 1.23640E-02
 -1      2192 5.99948E-01 4.99762E+01 3.60194E-02
 -1      2197 9.01434E-01 4.99524E+01-1.24797E-02
 -1      2198 9.00063E-01 4.99847E+01-3.60247E-02
 -1      2199 8.98566E-01 5.00200E+01 1.24797E-02
 -1      2200 8.99937E-01 4.99877E+01 3.60247E-02
 -1      2205-8.98566E-01 4.99800E+01 1.98752E+00
 -1      2206-8.99937E-01 5.00123E+01 1.96398E+00
 -1      2207-9.01434E-01 5.00476E+01 2.01248E+00
 -1      2208-9.00063E-01 5.00153E+01 2.03602E+00
 -1      2213-5.98901E-01 4.99916E+01 1.98764E+00
 -1      2214-5.99948E-01 5.00238E+01 1.96398E+00
 -1      2215-6.01099E-01 5.00593E+01 2.01236E+00
 -1      2216-6.00052E-01 5.00271E+01 2.03602E+00
 -1      2221-2.99404E-01 4.99993E+01 1.98781E+00
 -1      2222-2.99968E-01 5.00315E+01 1.96399E+00
 -1      2223-3.00596E-01 5.00672E+01 2.01219E+00
 -1      2224-3.00032E-01 5.00351E+01 2.03601E+00
 -1      2229 0.00000E+00 5.00020E+01 1.98800E+00
 -1      2230 0.00000E+00 5.00340E+01 1.96400E+00
 -1      2231 0.00000E+00 5.00700E+01 2.01200E+00
 -1      2232 0.00000E+00 5.00380E+01 2.03600E+00
 -1      2237 2.99401E-01 4.99992E+01 1.98819E+00
 -1      2238 2.99961E-01 5.00311E+01 1.96401E+00
 -1      2239 3.00599E-01 5.00673E+01 2.01181E+00
 -1      2240 3.00039E-01 5.00355E+01 2.03599E+00
 -1      2245 5.98893E-01 4.99914E+01 1.98834E+00
 -1      2246 5.99923E-01 5.00231E+01 1.96402E+00
 -1      2247 6.01107E-01 5.00596E+01 2.01166E+00
 -1      2248 6.00077E-01 5.00278E+01 2.03598E+00
 -1      2253 8.98552E-01 4.99797E+01 1.98844E+00
 -1      2254 8.99895E-01 5.00113E+01 1.96403E+00
 -1      2255 9.01448E-01 5.00479E+01 2.01156E+00
 -1      2256 9.00105E-01 5.00162E+01 2.03597E+00
 -1      2261-1.23365E+00 4.99985E+01 2.50549E-01
 -1      2262-1.20099E+00 4.99755E+01 2.51528E-01
 -1      2263-1.16635E+00 5.00244E+01 2.49451E-01
 -1      2264-1.19901E+00 5.00475E+01 2.48472E-01
 -1      2269-1.23356E+00 5.00080E+01 5.00427E-01
 -1      2270-1.20075E+00 4.99852E+01 5.01170E-01
 -1      2271-1.16644E+00 5.00344E+01 4.99573E-01
 -1      2272-1.19925E+00 5.00572E+01 4.98830E-01
 -1      2277-1.23343E+00 5.00142E+01 7.50237E-01
 -1      2278-1.20040E+00 4.99917E+01 7.50633E-01
 -1      2279-1.16657E+00 5.00412E+01 7.49763E-01
 -1      2280-1.19960E+00 5.00638E+01 7.49367E-01
 -1      2285-1.23328E+00 5.00161E+01 1.00000E+00
 -1      2286-1.20000E+00 4.99939E+01 1.00000E+00
 -1      2287-1.16672E+00 5.00439E+01 1.00000E+00
 -1      2288-1.20000E+00 5.00661E+01 1.00000E+00
 -1      2293-1.23313E+00 5.00135E+01 1.24975E+00
 -1      2294-1.19962E+00 4.99917E+01 1.24937E+00
 -1      2295-1.16687E+00 5.00419E+01 1.25025E+00
 -1      2296-1.20038E+00 5.00638E+01 1.25063E+00
 -1      2301-1.23301E+00 5.00067E+01 1.49953E+00
 -1      2302-1.19931E+00 4.99852E+01 1.49883E+00
 -1      2303-1.16699E+00 5.00357E+01 1.50047E+00
 -1      2304-1.20069E+00 5.00572E+01 1.50117E+00
 -1      2309-1.23293E+00 4.99968E+01 1.74938E+00
 -1      2310-1.19911E+00 4.99755E+01 1.74847E+00
 -1      2311-1.16707E+00 5.00262E+01 1.75062E+00
 -1      2312-1.20089E+00 5.00475E+01 1.75153E+00
 -1      2317 1.16707E+00 4.99738E+01 2.49378E-01
 -1      2318 1.20089E+00 4.99525E+01 2.48472E-01
 -1      2319 1.23293E+00 5.00032E+01 2.50622E-01
 -1      2320 1.19911E+00 5.00245E+01 2.51528E-01
 -1      2325 1.16699E+00 4.99643E+01 4.99529E-01
 -1      2326 1.20069E+00 4.99428E+01 4.98830E-01
 -1      2327 1.23301E+00 4.99933E+01 5.00471E-01
 -1      2328 1.19931E+00 5.00148E+01 5.01170E-01
 -1      2333 1.16687E+00 4.99581E+01 7.49750E-01
 -1      2334 1.20038E+00 4.99362E+01 7.49367E-01
 -1      2335 1.23313E+00 4.99865E+01 7.50250E-01
 -1      2336 1.19962E+00 5.00083E+01 7.50633E-01
 -1      2341 1.16672E+00 4.99561E+01 1.00000E+00
 -1      2342 1.20000E+00 4.99339E+01 1.00000E+00
 -1      2343 1.23328E+00 4.99839E+01 1.00000E+00
 -1      2344 1.20000E+00 5.00061E+01 1.00000E+00
 -1      2349 1.16657E+00 4.99588E+01 1.25024E+00
 -1      2350 1.19960E+00 4.99362E+01 1.25063E+00
 -1      2351 1.23343E+00 4.99858E+01 1.24976E+00
 -1      2352 1.20040E+00 5.00083E+01 1.24937E+00
 -1      2357 1.16644E+00 4.99656E+01 1.50043E+00
 -1      2358 1.19925E+00 4.99428E+01 1.50117E+00
 -1      2359 1.23356E+00 4.99920E+01 1.49957E+00
 -1      2360 1.20075E+00 5.00148E+01 1.49883E+00
 -1      2365 1.16635E+00 4.99756E+01 1.75055E+00
 -1      2366 1.19901E+00 4.99525E+01 1.75153E+00
 -1      2367 1.23365E+00 5.00015E+01 1.74945E+00
 -1      2368 1.20099E+00 5.00245E+01 1.74847E+00
 -1      2373-1.19830E+00 5.03706E+00 8.14684E-01
 -1      2374-1.23259E+00 5.03303E+00 8.34874E-01
 -1      2375-1.20170E+00 5.02294E+00 8.85316E-01
 -1      2376-1.16741E+00 5.02697E+00 8.65126E-01
 -1      2381-1.19388E+00 5.02303E+00 1.11516E+00
 -1      2382-1.23044E+00 5.02621E+00 1.13106E+00
 -1      2383-1.20612E+00 5.03697E+00 1.18484E+00
 -1      2384-1.16956E+00 5.03379E+00 1.16894E+00
 -1      2389 1.20170E+00 5.03706E+00 8.14684E-01
 -1      2390 1.16741E+00 5.03303E+00 8.34874E-01
 -1      2391 1.19830E+00 5.02294E+00 8.85316E-01
 -1      2392 1.23259E+00 5.02697E+00 8.65126E-01
 -1      2397 1.20612E+00 5.02303E+00 1.11516E+00
 -1      2398 1.16956E+00 5.02621E+00 1.13106E+00
 -1      2399 1.19388E+00 5.03697E+00 1.18484E+00
 -1      2400 1.23044E+00 5.03379E+00 1.16894E+00
 -1      2405 1.59908E-01 4.96162E+00-3.45858E-02
 -1      2406 1.22767E-01 4.97054E+00-2.27077E-02
 -1      2407 1.40092E-01 4.96638E+00 3.45858E-02
 -1      2408 1.77233E-01 4.95746E+00 2.27077E-02
 -1      2413-1.49864E-01 4.96403E+00-3.60552E-02
 -1      2414-1.82310E-01 4.95625E+00-1.39967E-02
 -1      2415-1.50136E-01 4.96397E+00 3.60552E-02
 -1      2416-1.17690E-01 4.97175E+00 1.39967E-02
 -1      2421 1.59908E-01 4.96162E+00 1.96541E+00
 -1      2422 1.22767E-01 4.97054E+00 1.97729E+00
 -1      2423 1.40092E-01 4.96638E+00 2.03459E+00
 -1      2424 1.77233E-01 4.95746E+00 2.02271E+00
 -1      2429-1.49864E-01 4.96403E+00 1.96394E+00
 -1      2430-1.82310E-01 4.95625E+00 1.98600E+00
 -1      2431-1.50136E-01 4.96397E+00 2.03606E+00
 -1      2432-1.17690E-01 4.97175E+00 2.01400E+00
 -1      2437-1.19830E+00 1.50371E+01 8.14684E-01
 -1      2438-1.23259E+00 1.50330E+01 8.34874E-01
 -1      2439-1.20170E+00 1.50229E+01 8.85316E-01
 -1      2440-1.16741E+00 1.50270E+01 8.65126E-01
 -1      2445-1.19388E+00 1.50230E+01 1.11516E+00
 -1      2446-1.23044E+00 1.50262E+01 1.13106E+00
 -1      2447-1.20612E+00 1.50370E+01 1.18484E+00
 -1      2448-1.16956E+00 1.50338E+01 1.16894E+00
 -1      2453 1.20170E+00 1.50371E+01 8.14684E-01
 -1      2454 1.16741E+00 1.50330E+01 8.34874E-01
 -1      2455 1.19830E+00 1.50229E+01 8.85316E-01
 -1      2456 1.23259E+00 1.50270E+01 8.65126E-01
 -1      2461 1.20612E+00 1.50230E+01 1.11516E+00
 -1      2462 1.16956E+00 1.50262E+01 1.13106E+00
 -1      2463 1.19388E+00 1.50370E+01 1.18484E+00
 -1      2464 1.23044E+00 1.50338E+01 1.16894E+00
 -1      2469 1.59908E-01 1.49616E+01-3.45858E-02
 -1      2470 1.22767E-01 1.49705E+01-2.27077E-02
 -1      2471 1.40092E-01 1.49664E+01 3.45858E-02
 -1      2472 1.77233E-01 1.49575E+01 2.27077E-02
 -1      2477-1.49864E-01 1.49640E+01-3.60552E-02
 -1      2478-1.82310E-01 1.49562E+01-1.39967E-02
 -1      2479-1.50136E-01 1.49640E+01 3.60552E-02
 -1      2480-1.17690E-01 1.49718E+01 1.39967E-02
 -1      2485 1.59908E-01 1.49616E+01 1.96541E+00
 -1      2486 1.22767E-01 1.49705E+01 1.97729E+00
 -1      2487 1.40092E-01 1.49664E+01 2.03459E+00
 -1      2488 1.77233E-01 1.49575E+01 2.02271E+00
 -1      2493-1.49864E-01 1.49640E+01 1.96394E+00
 -1      2494-1.82310E-01 1.49562E+01 1.98600E+00
 -1      2495-1.50136E-01 1.49640E+01 2.03606E+00
 -1      2496-1.17690E-01 1.49718E+01 2.01400E+00
 -1      2501-1.19757E+00 4.12670E+01 1.57055E-01
 -1      2502-1.23227E+00 4.12640E+01 1.76710E-01
 -1      2503-1.20243E+00 4.12559E+01 2.28140E-01
 -1      2504-1.16773E+00 4.12590E+01 2.08485E-01
 -1      2509-1.19773E+00 4.25271E+01 3.58438E-01
 -1      2510-1.23234E+00 4.25238E+01 3.78214E-01
 -1      2511-1.20227E+00 4.25153E+01 4.29430E-01
 -1      2512-1.16766E+00 4.25186E+01 4.09654E-01
 -1      2517-1.19798E+00 4.37842E+01 5.76000E-01
 -1      2518-1.23245E+00 4.37805E+01 5.95959E-01
 -1      2519-1.20202E+00 4.37713E+01 6.46836E-01
 -1      2520-1.16755E+00 4.37749E+01 6.26877E-01
 -1      2525-1.19828E+00 4.50371E+01 8.14685E-01
 -1      2526-1.23258E+00 4.50330E+01 8.34863E-01
 -1      2527-1.20172E+00 4.50229E+01 8.85315E-01
 -1      2528-1.16742E+00 4.50270E+01 8.65137E-01
 -1      2533-1.19860E+00 4.62854E+01 1.07622E+00
 -1      2534-1.23272E+00 4.62809E+01 1.09662E+00
 -1      2535-1.20140E+00 4.62700E+01 1.14662E+00
 -1      2536-1.16728E+00 4.62745E+01 1.12622E+00
 -1      2541-1.19888E+00 4.75294E+01 1.35884E+00
 -1      2542-1.23284E+00 4.75246E+01 1.37943E+00
 -1      2543-1.20112E+00 4.75130E+01 1.42902E+00
 -1      2544-1.16716E+00 4.75178E+01 1.40843E+00
 -1      2549-1.19908E+00 4.87700E+01 1.65759E+00
 -1      2550-1.23292E+00 4.87650E+01 1.67830E+00
 -1      2551-1.20092E+00 4.87529E+01 1.72761E+00
 -1      2552-1.16708E+00 4.87580E+01 1.70689E+00
 -1      2557-1.19416E+00 4.12560E+01 1.77225E+00
 -1      2558-1.23060E+00 4.12585E+01 1.78856E+00
 -1      2559-1.20584E+00 4.12670E+01 1.84256E+00
 -1      2560-1.16940E+00 4.12644E+01 1.82625E+00
 -1      2565-1.19409E+00 4.25154E+01 1.57098E+00
 -1      2566-1.23056E+00 4.25181E+01 1.58719E+00
 -1      2567-1.20591E+00 4.25271E+01 1.64115E+00
 -1      2568-1.16944E+00 4.25244E+01 1.62494E+00
 -1      2573-1.19399E+00 4.37714E+01 1.35360E+00
 -1      2574-1.23051E+00 4.37743E+01 1.36967E+00
 -1      2575-1.20601E+00 4.37841E+01 1.42356E+00
 -1      2576-1.16949E+00 4.37812E+01 1.40749E+00
 -1      2581-1.19388E+00 4.50230E+01 1.11516E+00
 -1      2582-1.23044E+00 4.50262E+01 1.13106E+00
 -1      2583-1.20612E+00 4.50370E+01 1.18484E+00
 -1      2584-1.16956E+00 4.50338E+01 1.16894E+00
 -1      2589-1.19377E+00 4.62701E+01 8.53886E-01
 -1      2590-1.23038E+00 4.62736E+01 8.69618E-01
 -1      2591-1.20623E+00 4.62853E+01 9.23278E-01
 -1      2592-1.16962E+00 4.62819E+01 9.07546E-01
 -1      2597-1.19368E+00 4.75131E+01 5.71502E-01
 -1      2598-1.23034E+00 4.75168E+01 5.87093E-01
 -1      2599-1.20632E+00 4.75293E+01 6.40630E-01
 -1      2600-1.16966E+00 4.75257E+01 6.25039E-01
 -1      2605-1.19363E+00 4.87531E+01 2.72930E-01
 -1      2606-1.23031E+00 4.87568E+01 2.88429E-01
 -1      2607-1.20637E+00 4.87699E+01 3.41875E-01
 -1      2608-1.16969E+00 4.87661E+01 3.26376E-01
 -1      2613 1.20243E+00 4.12670E+01 1.57055E-01
 -1      2614 1.16773E+00 4.12640E+01 1.76710E-01
 -1      2615 1.19757E+00 4.12559E+01 2.28140E-01
 -1      2616 1.23227E+00 4.12590E+01 2.08485E-01
 -1      2621 1.20227E+00 4.25271E+01 3.58438E-01
 -1      2622 1.16766E+00 4.25238E+01 3.78214E-01
 -1      2623 1.19773E+00 4.25153E+01 4.29430E-01
 -1      2624 1.23234E+00 4.25186E+01 4.09654E-01
 -1      2629 1.20202E+00 4.37842E+01 5.76000E-01
 -1      2630 1.16755E+00 4.37805E+01 5.95959E-01
 -1      2631 1.19798E+00 4.37713E+01 6.46836E-01
 -1      2632 1.23245E+00 4.37749E+01 6.26877E-01
 -1      2637 1.20172E+00 4.50371E+01 8.14685E-01
 -1      2638 1.16742E+00 4.50330E+01 8.34863E-01
 -1      2639 1.19828E+00 4.50229E+01 8.85315E-01
 -1      2640 1.23258E+00 4.50270E+01 8.65137E-01
 -1      2645 1.20140E+00 4.62854E+01 1.07622E+00
 -1      2646 1.16728E+00 4.62809E+01 1.09662E+00
 -1      2647 1.19860E+00 4.62700E+01 1.14662E+00
 -1      2648 1.23272E+00 4.62745E+01 1.12622E+00
 -1      2653 1.20112E+00 4.75294E+01 1.35884E+00
 -1      2654 1.16716E+00 4.75246E+01 1.37943E+00
 -1      2655 1.19888E+00 4.75130E+01 1.42902E+00
 -1      2656 1.23284E+00 4.75178E+01 1.40843E+00
 -1      2661 1.20092E+00 4.87700E+01 1.65759E+00
 -1      2662 1.16708E+00 4.87650E+01 1.67830E+00
 -1      2663 1.19908E+00 4.87529E+01 1.72761E+00
 -1      2664 1.23292E+00 4.87580E+01 1.70689E+00
 -1      2669 1.20584E+00 4.12560E+01 1.77225E+00
 -1      2670 1.16940E+00 4.12585E+01 1.78856E+00
 -1      2671 1.19416E+00 4.12670E+01 1.84256E+00
 -1      2672 1.23060E+00 4.12644E+01 1.82625E+00
 -1      2677 1.20591E+00 4.25154E+01 1.57098E+00
 -1      2678 1.16944E+00 4.25181E+01 1.58719E+00
 -1      2679 1.19409E+00 4.25271E+01 1.64115E+00
 -1      2680 1.23056E+00 4.25244E+01 1.62494E+00
 -1      2685 1.20601E+00 4.37714E+01 1.35360E+00
 -1      2686 1.16949E+00 4.37743E+01 1.36967E+00
 -1      2687 1.19399E+00 4.37841E+01 1.42356E+00
 -1      2688 1.23051E+00 4.37812E+01 1.40749E+00
 -1      2693 1.20612E+00 4.50230E+01 1.11516E+00
 -1      2694 1.16956E+00 4.50262E+01 1.13106E+00
 -1      2695 1.19388E+00 4.50370E+01 1.18484E+00
 -1      2696 1.23044E+00 4.50338E+01 1.16894E+00
 -1      2701 1.20623E+00 4.62701E+01 8.53886E-01
 -1      2702 1.16962E+00 4.62736E+01 8.69618E-01
 -1      2703 1.19377E+00 4.62853E+01 9.23278E-01
 -1      2704 1.23038E+00 4.62819E+01 9.07546E-01
 -1      2709 1.20632E+00 4.75131E+01 5.71502E-01
 -1      2710 1.16966E+00 4.75168E+01 5.87093E-01
 -1      2711 1.19368E+00 4.75293E+01 6.40630E-01
 -1      2712 1.23034E+00 4.75257E+01 6.25039E-01
 -1      2717 1.20637E+00 4.87531E+01 2.72930E-01
 -1      2718 1.16969E+00 4.87568E+01 2.88429E-01
 -1      2719 1.19363E+00 4.87699E+01 3.41875E-01
 -1      2720 1.23031E+00 4.87661E+01 3.26376E-01
 -1      2725-8.31704E-01 4.12331E+01-3.42295E-02
 -1      2726-8.68791E-01 4.12437E+01-2.36225E-02
 -1      2727-8.53491E-01 4.12393E+01 3.42295E-02
 -1      2728-8.16404E-01 4.12287E+01 2.36225E-02
 -1      2733-4.83271E-01 4.24716E+01-3.43179E-02
 -1      2734-5.20380E-01 4.24818E+01-2.34066E-02
 -1      2735-5.04597E-01 4.24775E+01 3.43179E-02
 -1      2736-4.67488E-01 4.24673E+01 2.34066E-02
 -1      2741-1.51102E-01 4.37141E+01-3.44451E-02
 -1      2742-1.88233E-01 4.37237E+01-2.30837E-02
 -1      2743-1.71734E-01 4.37194E+01 3.44451E-02
 -1      2744-1.34603E-01 4.37098E+01 2.30837E-02
 -1      2749 1.59903E-01 4.49616E+01-3.45874E-02
 -1      2750 1.22764E-01 4.49705E+01-2.27035E-02
 -1      2751 1.40097E-01 4.49664E+01 3.45874E-02
 -1      2752 1.77236E-01 4.49575E+01 2.27035E-02
 -1      2757 4.48070E-01 4.62146E+01-3.47212E-02
 -1      2758 4.10939E-01 4.62229E+01-2.23246E-02
 -1      2759 4.29094E-01 4.62188E+01 3.47212E-02
 -1      2760 4.66225E-01 4.62106E+01 2.23246E-02
 -1      2765 7.15201E-01 4.74727E+01-3.48283E-02
 -1      2766 6.78091E-01 4.74803E+01-2.20050E-02
 -1      2767 6.96931E-01 4.74764E+01 3.48283E-02
 -1      2768 7.34041E-01 4.74688E+01 2.20050E-02
 -1      2773 9.66302E-01 4.87345E+01-3.48965E-02
 -1      2774 9.29212E-01 4.87417E+01-2.17923E-02
 -1      2775 9.48503E-01 4.87380E+01 3.48965E-02
 -1      2776 9.85593E-01 4.87307E+01 2.17923E-02
 -1      2781 8.42124E-01 4.12361E+01-3.60521E-02
 -1      2782 8.10413E-01 4.12270E+01-1.34113E-02
 -1      2783 8.43071E-01 4.12364E+01 3.60521E-02
 -1      2784 8.74781E-01 4.12454E+01 1.34113E-02
 -1      2789 4.93597E-01 4.24745E+01-3.60538E-02
 -1      2790 4.61712E-01 4.24657E+01-1.35445E-02
 -1      2791 4.94271E-01 4.24746E+01 3.60538E-02
 -1      2792 5.26156E-01 4.24834E+01 1.35445E-02
 -1      2797 1.61293E-01 4.37167E+01-3.60553E-02
 -1      2798 1.29148E-01 4.37084E+01-1.37478E-02
 -1      2799 1.61544E-01 4.37168E+01 3.60553E-02
 -1      2800 1.93688E-01 4.37251E+01 1.37478E-02
 -1      2805-1.49867E-01 4.49640E+01-3.60553E-02
 -1      2806-1.82312E-01 4.49562E+01-1.39935E-02
 -1      2807-1.50133E-01 4.49640E+01 3.60553E-02
 -1      2808-1.17688E-01 4.49718E+01 1.39935E-02
 -1      2813-4.38181E-01 4.62168E+01-3.60532E-02
 -1      2814-4.70920E-01 4.62096E+01-1.42455E-02
 -1      2815-4.38983E-01 4.62167E+01 3.60532E-02
 -1      2816-4.06244E-01 4.62239E+01 1.42455E-02
 -1      2821-7.05431E-01 4.74747E+01-3.60497E-02
 -1      2822-7.38414E-01 4.74679E+01-1.44640E-02
 -1      2823-7.06701E-01 4.74744E+01 3.60497E-02
 -1      2824-6.73718E-01 4.74812E+01 1.44640E-02
 -1      2829-9.56607E-01 4.87364E+01-3.60464E-02
 -1      2830-9.89751E-01 4.87299E+01-1.46123E-02
 -1      2831-9.58198E-01 4.87361E+01 3.60464E-02
 -1      2832-9.25054E-01 4.87425E+01 1.46123E-02
 -1      2837-8.31704E-01 4.12331E+01 1.96577E+00
 -1      2838-8.68791E-01 4.12437E+01 1.97638E+00
 -1      2839-8.53491E-01 4.12393E+01 2.03423E+00
 -1      2840-8.16404E-01 4.12287E+01 2.02362E+00
 -1      2845-4.83271E-01 4.24716E+01 1.96568E+00
 -1      2846-5.20380E-01 4.24818E+01 1.97659E+00
 -1      2847-5.04597E-01 4.24775E+01 2.03432E+00
 -1      2848-4.67488E-01 4.24673E+01 2.02341E+00
 -1      2853-1.51102E-01 4.37141E+01 1.96555E+00
 -1      2854-1.88233E-01 4.37237E+01 1.97692E+00
 -1      2855-1.71734E-01 4.37194E+01 2.03445E+00
 -1      2856-1.34603E-01 4.37098E+01 2.02308E+00
 -1      2861 1.59903E-01 4.49616E+01 1.96541E+00
 -1      2862 1.22764E-01 4.49705E+01 1.97730E+00
 -1      2863 1.40097E-01 4.49664E+01 2.03459E+00
 -1      2864 1.77236E-01 4.49575E+01 2.02270E+00
 -1      2869 4.48070E-01 4.62146E+01 1.96528E+00
 -1      2870 4.10939E-01 4.62229E+01 1.97768E+00
 -1      2871 4.29094E-01 4.62188E+01 2.03472E+00
 -1      2872 4.66225E-01 4.62106E+01 2.02232E+00
 -1      2877 7.15201E-01 4.74727E+01 1.96517E+00
 -1      2878 6.78091E-01 4.74803E+01 1.97800E+00
 -1      2879 6.96931E-01 4.74764E+01 2.03483E+00
 -1      2880 7.34041E-01 4.74688E+01 2.02200E+00
 -1      2885 9.66302E-01 4.87345E+01 1.96510E+00
 -1      2886 9.29212E-01 4.87417E+01 1.97821E+00
 -1      2887 9.48503E-01 4.87380E+01 2.03490E+00
 -1      2888 9.85593E-01 4.87307E+01 2.02179E+00
 -1      2893 8.42124E-01 4.12361E+01 1.96395E+00
 -1      2894 8.10413E-01 4.12270E+01 1.98659E+00
 -1      2895 8.43071E-01 4.12364E+01 2.03605E+00
 -1      2896 8.74781E-01 4.12454E+01 2.01341E+00
 -1      2901 4.93597E-01 4.24745E+01 1.96395E+00
 -1      2902 4.61712E-01 4.24657E+01 1.98646E+00
 -1      2903 4.94271E-01 4.24746E+01 2.03605E+00
 -1      2904 5.26156E-01 4.24834E+01 2.01354E+00
 -1      2909 1.61293E-01 4.37167E+01 1.96394E+00
 -1      2910 1.29148E-01 4.37084E+01 1.98625E+00
 -1      2911 1.61544E-01 4.37168E+01 2.03606E+00
 -1      2912 1.93688E-01 4.37251E+01 2.01375E+00
 -1      2917-1.49867E-01 4.49640E+01 1.96394E+00
 -1      2918-1.82312E-01 4.49562E+01 1.98601E+00
 -1      2919-1.50133E-01 4.49640E+01 2.03606E+00
 -1      2920-1.17688E-01 4.49718E+01 2.01399E+00
 -1      2925-4.38181E-01 4.62168E+01 1.96395E+00
 -1      2926-4.70920E-01 4.62096E+01 1.98575E+00
 -1      2927-4.38983E-01 4.62167E+01 2.03605E+00
 -1      2928-4.06244E-01 4.62239E+01 2.01425E+00
 -1      2933-7.05431E-01 4.74747E+01 1.96395E+00
 -1      2934-7.38414E-01 4.74679E+01 1.98554E+00
 -1      2935-7.06701E-01 4.74744E+01 2.03605E+00
 -1      2936-6.73718E-01 4.74812E+01 2.01446E+00
 -1      2941-9.56607E-01 4.87364E+01 1.96395E+00
 -1      2942-9.89751E-01 4.87299E+01 1.98539E+00
 -1      2943-9.58198E-01 4.87361E+01 2.03605E+00
 -1      2944-9.25054E-01 4.87425E+01 2.01461E+00
 -3
    3C                           272                                     1
 -1         1    1    0    1
 -2       213       413       414       214       216       416       415       215
 -1         2    1    0    1
 -2       263       463       464       264       266       466       465       265
 -1         3    1    0    1
 -2       313       513       514       314       316       516       515       315
 -1         4    1    0    1
 -2       363       563       564       364       366       566       565       365
 -1         5    1    0    1
 -2       413       613       614       414       416       616       615       415
 -1         6    1    0    1
 -2       463       663       664       464       466       666       665       465
 -1         7    1    0    1
 -2       513       713       714       514       516       716       715       515
 -1         8    1    0    1
 -2       563       763       764       564       566       766       765       565
 -1         9    1    0    1
 -2       613      1445      1446       614       616      1448      1447       615
 -1        10    1    0    1
 -2      1445       813       814      1446      1448       816       815      1447
 -1        11    1    0    1
 -2       663      1453      1454       664       666      1456      1455       665
 -1        12    1    0    1
 -2      1453       863       864      1454      1456       866       865      1455
 -1        13    1    0    1
 -2       713      1461      1462       714       716      1464      1463       715
 -1        14    1    0    1
 -2      1461       913       914      1462      1464       916       915      1463
 -1        15    1    0    1
 -2       763      1469      1470       764       766      1472      1471       765
 -1        16    1    0    1
 -2      1469       963       964      1470      1472       966       965      1471
 -1        17    1    0    1
 -2       813      1477      1478       814       816      1480      1479       815
 -1        18    1    0    1
 -2      1477      1485      1486      1478      1480      1488      1487      1479
 -1        19    1    0    1
 -2      1485      1493      1494      1486      1488      1496      1495      1487
 -1        20    1    0    1
 -2      1493      1013      1014      1494      1496      1016      1015      1495
 -1        21    1    0    1
 -2       863      1501      1502       864       866      1504      1503       865
 -1        22    1    0    1
 -2      1501      1509      1510      1502      1504      1512      1511      1503
 -1        23    1    0    1
 -2      1509      1517      1518      1510      1512      1520      1519      1511
 -1        24    1    0    1
 -2      1517      1079      1080      1518      1520      1082      1081      1519
 -1        25    1    0    1
 -2       913      1525      1526       914       916      1528      1527       915
 -1        26    1    0    1
 -2      1525      1533      1534      1526      1528      1536      1535      1527
 -1        27    1    0    1
 -2      1533      1541      1542      1534      1536      1544      1543      1535
 -1        28    1    0    1
 -2      1541      1129      1130      1542      1544      1132      1131      1543
 -1        29    1    0    1
 -2       963      1549      1550       964       966      1552      1551       965
 -1        30    1    0    1
 -2      1549      1557      1558      1550      1552      1560      1559      1551
 -1        31    1    0    1
 -2      1557      1565      1566      1558      1560      1568      1567      1559
 -1        32    1    0    1
 -2      1565      1195      1196      1566      1568      1198      1197      1567
 -1        33    1    0    1
 -2      1037      1573      1574      1038      1040      1576      1575      1039
 -1        34    1    0    1
 -2      1573      1581      1582      1574      1576      1584      1583      1575
 -1        35    1    0    1
 -2      1581      1589      1590      1582      1584      1592      1591      1583
 -1        36    1    0    1
 -2      1589      1597      1598      1590      1592      1600      1599      1591
 -1        37    1    0    1
 -2      1597      1605      1606      1598      1600      1608      1607      1599
 -1        38    1    0    1
 -2      1605      1613      1614      1606      1608      1616      1615      1607
 -1        39    1    0    1
 -2      1613      1621      1622      1614      1616      1624      1623      1615
 -1        40    1    0    1
 -2      1621      1245      1246      1622      1624      1248      1247      1623
 -1        41    1    0    1
 -2      1079      1629      1630      1080      1082      1632      1631      1081
 -1        42    1    0    1
 -2      1629      1637      1638      1630      1632      1640      1639      1631
 -1        43    1    0    1
 -2      1637      1645      1646      1638      1640      1648      1647      1639
 -1        44    1    0    1
 -2      1645      1653      1654      1646      1648      1656      1655      1647
 -1        45    1    0    1
 -2      1653      1661      1662      1654      1656      1664      1663      1655
 -1        46    1    0    1
 -2      1661      1669      1670      1662      1664      1672      1671      1663
 -1        47    1    0    1
 -2      1669      1677      1678      1670      1672      1680      1679      1671
 -1        48    1    0    1
 -2      1677      1295      1296      1678      1680      1298      1297      1679
 -1        49    1    0    1
 -2      1153      1685      1686      1154      1156      1688      1687      1155
 -1        50    1    0    1
 -2      1685      1693      1694      1686      1688      1696      1695      1687
 -1        51    1    0    1
 -2      1693      1701      1702      1694      1696      1704      1703      1695
 -1        52    1    0    1
 -2      1701      1709      1710      1702      1704      1712      1711      1703
 -1        53    1    0    1
 -2      1709      1717      1718      1710      1712      1720      1719      1711
 -1        54    1    0    1
 -2      1717      1725      1726      1718      1720      1728      1727      1719
 -1        55    1    0    1
 -2      1725      1733      1734      1726      1728      1736      1735      1727
 -1        56    1    0    1
 -2      1733      1345      1346      1734      1736      1348      1347      1735
 -1        57    1    0    1
 -2      1195      1741      1742      1196      1198      1744      1743      1197
 -1        58    1    0    1
 -2      1741      1749      1750      1742      1744      1752      1751      1743
 -1        59    1    0    1
 -2      1749      1757      1758      1750      1752      1760      1759      1751
 -1        60    1    0    1
 -2      1757      1765      1766      1758      1760      1768      1767      1759
 -1        61    1    0    1
 -2      1765      1773      1774      1766      1768      1776      1775      1767
 -1        62    1    0    1
 -2      1773      1781      1782      1774      1776      1784      1783      1775
 -1        63    1    0    1
 -2      1781      1789      1790      1782      1784      1792      1791      1783
 -1        64    1    0    1
 -2      1789      1395      1396      1790      1792      1398      1397      1791
 -1        65    1    0    1
 -2       221      1797      1798       222       224      1800      1799       223
 -1        66    1    0    1
 -2      1797      1805      1806      1798      1800      1808      1807      1799
 -1        67    1    0    1
 -2      1805      1813      1814      1806      1808      1816      1815      1807
 -1        68    1    0    1
 -2      1813       271       272      1814      1816       274       273      1815
 -1        69    1    0    1
 -2       321      1821      1822       322       324      1824      1823       323
 -1        70    1    0    1
 -2      1821      1829      1830      1822      1824      1832      1831      1823
 -1        71    1    0    1
 -2      1829      1837      1838      1830      1832      1840      1839      1831
 -1        72    1    0    1
 -2      1837       371       372      1838      1840       374       373      1839
 -1        73    1    0    1
 -2       229      1845      1846       230       232      1848      1847       231
 -1        74    1    0    1
 -2      1845      1853      1854      1846      1848      1856      1855      1847
 -1        75    1    0    1
 -2      1853      1861      1862      1854      1856      1864      1863      1855
 -1        76    1    0    1
 -2      1861       329       330      1862      1864       332       331      1863
 -1        77    1    0    1
 -2       279      1869      1870       280       282      1872      1871       281
 -1        78    1    0    1
 -2      1869      1877      1878      1870      1872      1880      1879      1871
 -1        79    1    0    1
 -2      1877      1885      1886      1878      1880      1888      1887      1879
 -1        80    1    0    1
 -2      1885       379       380      1886      1888       382       381      1887
 -1        81    1    0    1
 -2       421       471       472       422       424       474       473       423
 -1        82    1    0    1
 -2       521       571       572       522       524       574       573       523
 -1        83    1    0    1
 -2       429       529       530       430       432       532       531       431
 -1        84    1    0    1
 -2       479       579       580       480       482       582       581       481
 -1        85    1    0    1
 -2       621      1893      1894       622       624      1896      1895       623
 -1        86    1    0    1
 -2      1893       671       672      1894      1896       674       673      1895
 -1        87    1    0    1
 -2       721      1901      1902       722       724      1904      1903       723
 -1        88    1    0    1
 -2      1901       771       772      1902      1904       774       773      1903
 -1        89    1    0    1
 -2       629      1909      1910       630       632      1912      1911       631
 -1        90    1    0    1
 -2      1909       729       730      1910      1912       732       731      1911
 -1        91    1    0    1
 -2       679      1917      1918       680       682      1920      1919       681
 -1        92    1    0    1
 -2      1917       779       780      1918      1920       782       781      1919
 -1        93    1    0    1
 -2       821       871       872       822       824       874       873       823
 -1        94    1    0    1
 -2       921       971       972       922       924       974       973       923
 -1        95    1    0    1
 -2       829       929       930       830       832       932       931       831
 -1        96    1    0    1
 -2       879       979       980       880       882       982       981       881
 -1        97    1    0    1
 -2      1021      1925      1926      1022      1024      1928      1927      1023
 -1        98    1    0    1
 -2      1925      1933      1934      1926      1928      1936      1935      1927
 -1        99    1    0    1
 -2      1933      1941      1942      1934      1936      1944      1943      1935
 -1       100    1    0    1
 -2      1941      1949      1950      1942      1944      1952      1951      1943
 -1       101    1    0    1
 -2      1949      1957      1958      1950      1952      1960      1959      1951
 -1       102    1    0    1
 -2      1957      1965      1966      1958      1960      1968      1967      1959
 -1       103    1    0    1
 -2      1965      1973      1974      1966      1968      1976      1975      1967
 -1       104    1    0    1
 -2      1973      1087      1088      1974      1976      1090      1089      1975
 -1       105    1    0    1
 -2      1137      1981      1982      1138      1140      1984      1983      1139
 -1       106    1    0    1
 -2      1981      1989      1990      1982      1984      1992      1991      1983
 -1       107    1    0    1
 -2      1989      1997      1998      1990      1992      2000      1999      1991
 -1       108    1    0    1
 -2      1997      2005      2006      1998      2000      2008      2007      1999
 -1       109    1    0    1
 -2      2005      2013      2014      2006      2008      2016      2015      2007
 -1       110    1    0    1
 -2      2013      2021      2022      2014      2016      2024      2023      2015
 -1       111    1    0    1
 -2      2021      2029      2030      2022      2024      2032      2031      2023
 -1       112    1    0    1
 -2      2029      1203      1204      2030      2032      1206      1205      2031
 -1       113    1    0    1
 -2      1029      2037      2038      1030      1032      2040      2039      1031
 -1       114    1    0    1
 -2      2037      2045      2046      2038      2040      2048      2047      2039
 -1       115    1    0    1
 -2      2045      2053      2054      2046      2048      2056      2055      2047
 -1       116    1    0    1
 -2      2053      2061      2062      2054      2056      2064      2063      2055
 -1       117    1    0    1
 -2      2061      2069      2070      2062      2064      2072      2071      2063
 -1       118    1    0    1
 -2      2069      2077      2078      2070      2072      2080      2079      2071
 -1       119    1    0    1
 -2      2077      2085      2086      2078      2080      2088      2087      2079
 -1       120    1    0    1
 -2      2085      1145      1146      2086      2088      1148      1147      2087
 -1       121    1    0    1
 -2      1095      2093      2094      1096      1098      2096      2095      1097
 -1       122    1    0    1
 -2      2093      2101      2102      2094      2096      2104      2103      2095
 -1       123    1    0    1
 -2      2101      2109      2110      2102      2104      2112      2111      2103
 -1       124    1    0    1
 -2      2109      2117      2118      2110      2112      2120      2119      2111
 -1       125    1    0    1
 -2      2117      2125      2126      2118      2120      2128      2127      2119
 -1       126    1    0    1
 -2      2125      2133      2134      2126      2128      2136      2135      2127
 -1       127    1    0    1
 -2      2133      2141      2142      2134      2136      2144      2143      2135
 -1       128    1    0    1
 -2      2141      1211      1212      2142      2144      1214      1213      2143
 -1       129    1    0    1
 -2      1253      2149      2150      1254      1256      2152      2151      1255
 -1       130    1    0    1
 -2      2149      2157      2158      2150      2152      2160      2159      2151
 -1       131    1    0    1
 -2      2157      2165      2166      2158      2160      2168      2167      2159
 -1       132    1    0    1
 -2      2165      2173      2174      2166      2168      2176      2175      2167
 -1       133    1    0    1
 -2      2173      2181      2182      2174      2176      2184      2183      2175
 -1       134    1    0    1
 -2      2181      2189      2190      2182      2184      2192      2191      2183
 -1       135    1    0    1
 -2      2189      2197      2198      2190      2192      2200      2199      2191
 -1       136    1    0    1
 -2      2197      1303      1304      2198      2200      1306      1305      2199
 -1       137    1    0    1
 -2      1353      2205      2206      1354      1356      2208      2207      1355
 -1       138    1    0    1
 -2      2205      2213      2214      2206      2208      2216      2215      2207
 -1       139    1    0    1
 -2      2213      2221      2222      2214      2216      2224      2223      2215
 -1       140    1    0    1
 -2      2221      2229      2230      2222      2224      2232      2231      2223
 -1       141    1    0    1
 -2      2229      2237      2238      2230      2232      2240      2239      2231
 -1       142    1    0    1
 -2      2237      2245      2246      2238      2240      2248      2247      2239
 -1       143    1    0    1
 -2      2245      2253      2254      2246      2248      2256      2255      2247
 -1       144    1    0    1
 -2      2253      1403      1404      2254      2256      1406      1405      2255
 -1       145    1    0    1
 -2      1261      2261      2262      1262      1264      2264      2263      1263
 -1       146    1    0    1
 -2      2261      2269      2270      2262      2264      2272      2271      2263
 -1       147    1    0    1
 -2      2269      2277      2278      2270      2272      2280      2279      2271
 -1       148    1    0    1
 -2      2277      2285      2286      2278      2280      2288      2287      2279
 -1       149    1    0    1
 -2      2285      2293      2294      2286      2288      2296      2295      2287
 -1       150    1    0    1
 -2      2293      2301      2302      2294      2296      2304      2303      2295
 -1       151    1    0    1
 -2      2301      2309      2310      2302      2304      2312      2311      2303
 -1       152    1    0    1
 -2      2309      1361      1362      2310      2312      1364      1363      2311
 -1       153    1    0    1
 -2      1311      2317      2318      1312      1314      2320      2319      1313
 -1       154    1    0    1
 -2      2317      2325      2326      2318      2320      2328      2327      2319
 -1       155    1    0    1
 -2      2325      2333      2334      2326      2328      2336      2335      2327
 -1       156    1    0    1
 -2      2333      2341      2342      2334      2336      2344      2343      2335
 -1       157    1    0    1
 -2      2341      2349      2350      2342      2344      2352      2351      2343
 -1       158    1    0    1
 -2      2349      2357      2358      2350      2352      2360      2359      2351
 -1       159    1    0    1
 -2      2357      2365      2366      2358      2360      2368      2367      2359
 -1       160    1    0    1
 -2      2365      1411      1412      2366      2368      1414      1413      2367
 -1       161    1    0    1
 -2       213      2373      2374       214       216      2376      2375       215
 -1       162    1    0    1
 -2      2373       513       514      2374      2376       516       515      2375
 -1       163    1    0    1
 -2       313      2381      2382       314       316      2384      2383       315
 -1       164    1    0    1
 -2      2381       413       414      2382      2384       416       415      2383
 -1       165    1    0    1
 -2       263      2389      2390       264       266      2392      2391       265
 -1       166    1    0    1
 -2      2389       563       564      2390      2392       566       565      2391
 -1       167    1    0    1
 -2       363      2397      2398       364       366      2400      2399       365
 -1       168    1    0    1
 -2      2397       463       464      2398      2400       466       465      2399
 -1       169    1    0    1
 -2       213      2405      2406       214       216      2408      2407       215
 -1       170    1    0    1
 -2      2405       463       464      2406      2408       466       465      2407
 -1       171    1    0    1
 -2       263      2413      2414       264       266      2416      2415       265
 -1       172    1    0    1
 -2      2413       413       414      2414      2416       416       415      2415
 -1       173    1    0    1
 -2       313      2421      2422       314       316      2424      2423       315
 -1       174    1    0    1
 -2      2421       563       564      2422      2424       566       565      2423
 -1       175    1    0    1
 -2       363      2429      2430       364       366      2432      2431       365
 -1       176    1    0    1
 -2      2429       513       514      2430      2432       516       515      2431
 -1       177    1    0    1
 -2       413      2437      2438       414       416      2440      2439       415
 -1       178    1    0    1
 -2      2437       713       714      2438      2440       716       715      2439
 -1       179    1    0    1
 -2       513      2445      2446       514       516      2448      2447       515
 -1       180    1    0    1
 -2      2445       613       614      2446      2448       616       615      2447
 -1       181    1    0    1
 -2       463      2453      2454       464       466      2456      2455       465
 -1       182    1    0    1
 -2      2453       763       764      2454      2456       766       765      2455
 -1       183    1    0    1
 -2       563      2461      2462       564       566      2464      2463       565
 -1       184    1    0    1
 -2      2461       663       664      2462      2464       666       665      2463
 -1       185    1    0    1
 -2       413      2469      2470       414       416      2472      2471       415
 -1       186    1    0    1
 -2      2469       663       664      2470      2472       666       665      2471
 -1       187    1    0    1
 -2       463      2477      2478       464       466      2480      2479       465
 -1       188    1    0    1
 -2      2477       613       614      2478      2480       616       615      2479
 -1       189    1    0    1
 -2       513      2485      2486       514       516      2488      2487       515
 -1       190    1    0    1
 -2      2485       763       764      2486      2488       766       765      2487
 -1       191    1    0    1
 -2       563      2493      2494       564       566      2496      2495       565
 -1       192    1    0    1
 -2      2493       713       714      2494      2496       716       715      2495
 -1       193    1    0    1
 -2       613       913       914       614       616       916       915       615
 -1       194    1    0    1
 -2       713       813       814       714       716       816       815       715
 -1       195    1    0    1
 -2       663       963       964       664       666       966       965       665
 -1       196    1    0    1
 -2       763       863       864       764       766       866       865       765
 -1       197    1    0    1
 -2       613       863       864       614       616       866       865       615
 -1       198    1    0    1
 -2       663       813       814       664       666       816       815       665
 -1       199    1    0    1
 -2       713       963       964       714       716       966       965       715
 -1       200    1    0    1
 -2       763       913       914       764       766       916       915       765
 -1       201    1    0    1
 -2       813      1129      1130       814       816      1132      1131       815
 -1       202    1    0    1
 -2       913      1037      1038       914       916      1040      1039       915
 -1       203    1    0    1
 -2       863      1195      1196       864       866      1198      1197       865
 -1       204    1    0    1
 -2       963      1079      1080       964       966      1082      1081       965
 -1       205    1    0    1
 -2       813      1079      1080       814       816      1082      1081       815
 -1       206    1    0    1
 -2       863      1013      1014       864       866      1016      1015       865
 -1       207    1    0    1
 -2       913      1195      1196       914       916      1198      1197       915
 -1       208    1    0    1
 -2       963      1129      1130       964       966      1132      1131       965
 -1       209    1    0    1
 -2      1013      2501      2502      1014      1016      2504      2503      1015
 -1       210    1    0    1
 -2      2501      2509      2510      2502      2504      2512      2511      2503
 -1       211    1    0    1
 -2      2509      2517      2518      2510      2512      2520      2519      2511
 -1       212    1    0    1
 -2      2517      2525      2526      2518      2520      2528      2527      2519
 -1       213    1    0    1
 -2      2525      2533      2534      2526      2528      2536      2535      2527
 -1       214    1    0    1
 -2      2533      2541      2542      2534      2536      2544      2543      2535
 -1       215    1    0    1
 -2      2541      2549      2550      2542      2544      2552      2551      2543
 -1       216    1    0    1
 -2      2549      1345      1346      2550      2552      1348      1347      2551
 -1       217    1    0    1
 -2      1153      2557      2558      1154      1156      2560      2559      1155
 -1       218    1    0    1
 -2      2557      2565      2566      2558      2560      2568      2567      2559
 -1       219    1    0    1
 -2      2565      2573      2574      2566      2568      2576      2575      2567
 -1       220    1    0    1
 -2      2573      2581      2582      2574      2576      2584      2583      2575
 -1       221    1    0    1
 -2      2581      2589      2590      2582      2584      2592      2591      2583
 -1       222    1    0    1
 -2      2589      2597      2598      2590      2592      2600      2599      2591
 -1       223    1    0    1
 -2      2597      2605      2606      2598      2600      2608      2607      2599
 -1       224    1    0    1
 -2      2605      1245      1246      2606      2608      1248      1247      2607
 -1       225    1    0    1
 -2      1079      2613      2614      1080      1082      2616      2615      1081
 -1       226    1    0    1
 -2      2613      2621      2622      2614      2616      2624      2623      2615
 -1       227    1    0    1
 -2      2621      2629      2630      2622      2624      2632      2631      2623
 -1       228    1    0    1
 -2      2629      2637      2638      2630      2632      2640      2639      2631
 -1       229    1    0    1
 -2      2637      2645      2646      2638      2640      2648      2647      2639
 -1       230    1    0    1
 -2      2645      2653      2654      2646      2648      2656      2655      2647
 -1       231    1    0    1
 -2      2653      2661      2662      2654      2656      2664      2663      2655
 -1       232    1    0    1
 -2      2661      1395      1396      2662      2664      1398      1397      2663
 -1       233    1    0    1
 -2      1195      2669      2670      1196      1198      2672      2671      1197
 -1       234    1    0    1
 -2      2669      2677      2678      2670      2672      2680      2679      2671
 -1       235    1    0    1
 -2      2677      2685      2686      2678      2680      2688      2687      2679
 -1       236    1    0    1
 -2      2685      2693      2694      2686      2688      2696      2695      2687
 -1       237    1    0    1
 -2      2693      2701      2702      2694      2696      2704      2703      2695
 -1       238    1    0    1
 -2      2701      2709      2710      2702      2704      2712      2711      2703
 -1       239    1    0    1
 -2      2709      2717      2718      2710      2712      2720      2719      2711
 -1       240    1    0    1
 -2      2717      1295      1296      2718      2720      1298      1297      2719
 -1       241    1    0    1
 -2      1037      2725      2726      1038      1040      2728      2727      1039
 -1       242    1    0    1
 -2      2725      2733      2734      2726      2728      2736      2735      2727
 -1       243    1    0    1
 -2      2733      2741      2742      2734      2736      2744      2743      2735
 -1       244    1    0    1
 -2      2741      2749      2750      2742      2744      2752      2751      2743
 -1       245    1    0    1
 -2      2749      2757      2758      2750      2752      2760      2759      2751
 -1       246    1    0    1
 -2      2757      2765      2766      2758      2760      2768      2767      2759
 -1       247    1    0    1
 -2      2765      2773      2774      2766      2768      2776      2775      2767
 -1       248    1    0    1
 -2      2773      1295      1296      2774      2776      1298      1297      2775
 -1       249    1    0    1
 -2      1079      2781      2782      1080      1082      2784      2783      1081
 -1       250    1    0    1
 -2      2781      2789      2790      2782      2784      2792      2791      2783
 -1       251    1    0    1
 -2      2789      2797      2798      2790      2792      2800      2799      2791
 -1       252    1    0    1
 -2      2797      2805      2806      2798      2800      2808      2807      2799
 -1       253    1    0    1
 -2      2805      2813      2814      2806      2808      2816      2815      2807
 -1       254    1    0    1
 -2      2813      2821      2822      2814      2816      2824      2823      2815
 -1       255    1    0    1
 -2      2821      2829      2830      2822      2824      2832      2831      2823
 -1       256    1    0    1
 -2      2829      1245      1246      2830      2832      1248      1247      2831
 -1       257    1    0    1
 -2      1153      2837      2838      1154      1156      2840      2839      1155
 -1       258    1    0    1
 -2      2837      2845      2846      2838      2840      2848      2847      2839
 -1       259    1    0    1
 -2      2845      2853      2854      2846      2848      2856      2855      2847
 -1       260    1    0    1
 -2      2853      2861      2862      2854      2856      2864      2863      2855
 -1       261    1    0    1
 -2      2861      2869      2870      2862      2864      2872      2871      2863
 -1       262    1    0    1
 -2      2869      2877      2878      2870      2872      2880      2879      2871
 -1       263    1    0    1
 -2      2877      2885      2886      2878      2880      2888      2887      2879
 -1       264    1    0    1
 -2      2885      1395      1396      2886      2888      1398      1397      2887
 -1       265    1    0    1
 -2      1195      2893      2894      1196      1198      2896      2895      1197
 -1       266    1    0    1
 -2      2893      2901      2902      2894      2896      2904      2903      2895
 -1       267    1    0    1
 -2      2901      2909      2910      2902      2904      2912      2911      2903
 -1       268    1    0    1
 -2      2909      2917      2918      2910      2912      2920      2919      2911
 -1       269    1    0    1
 -2      2917      2925      2926      2918      2920      2928      2927      2919
 -1       270    1    0    1
 -2      2925      2933      2934      2926      2928      2936      2935      2927
 -1       271    1    0    1
 -2      2933      2941      2942      2934      2936      2944      2943      2935
 -1       272    1    0    1
 -2      2941      1345      1346      2942      2944      1348      1347      2943
 -3
    1PSTEP                         1           1           1          
  100CL  101 1.000000000           0                     0    1           1
 -4  DISP        4    1
 -5  D1          1    2    1    0
 -5  D2          1    2    2    0
 -5  D3          1    2    3    0
 -5  ALL         1    2    0    0    1ALL
 -3
 9999
