    1C
    1UUSER                                                              
    1UDATE              31.july.2026                                    
    1UTIME              10:34:35                                        
    1UHOST                                                              
    1UPGM               CalculiX                                        
    1UVERSION           Version 2.22                             
    1UCOMPILETIME       Mon Aug  5 19:15:25 CEST 2024                    
    1UDIR                                                               
    1UDBN                                                               
    1UMAT    1EL                                                        
    1UMAT    2SI1                                                       
    2C                            40                                     1
 -1         1 1.00000E+00 1.00000E+00 0.00000E+00
 -1         2 1.00000E+00 0.00000E+00 0.00000E+00
 -1         3 1.00000E+00 0.00000E+00 1.00000E+00
 -1         4 1.00000E+00 1.00000E+00 1.00000E+00
 -1         5 0.00000E+00 1.00000E+00 0.00000E+00
 -1         6 0.00000E+00 0.00000E+00 0.00000E+00
 -1         7 0.00000E+00 0.00000E+00 1.00000E+00
 -1         8 0.00000E+00 1.00000E+00 1.00000E+00
 -1         9 1.00000E+00 5.00000E-01 0.00000E+00
 -1        10 1.00000E+00 0.00000E+00 5.00000E-01
 -1        11 1.00000E+00 5.00000E-01 1.00000E+00
 -1        12 1.00000E+00 1.00000E+00 5.00000E-01
 -1        13 5.00000E-01 1.00000E+00 0.00000E+00
 -1        14 5.00000E-01 0.00000E+00 0.00000E+00
 -1        15 5.00000E-01 0.00000E+00 1.00000E+00
 -1        16 5.00000E-01 1.00000E+00 1.00000E+00
 -1        17 0.00000E+00 5.00000E-01 0.00000E+00
 -1        18 0.00000E+00 0.00000E+00 5.00000E-01
 -1        19 0.00000E+00 5.00000E-01 1.00000E+00
 -1        20 0.00000E+00 1.00000E+00 5.00000E-01
 -1        21 7.50000E-01 7.50000E-01 1.00000E+00
 -1        22 7.50000E-01 2.50000E-01 1.00000E+00
 -1        23 7.50000E-01 2.50000E-01 1.50000E+00
 -1        24 7.50000E-01 7.50000E-01 1.50000E+00
 -1        25 2.50000E-01 7.50000E-01 1.00000E+00
 -1        26 2.50000E-01 2.50000E-01 1.00000E+00
 -1        27 2.50000E-01 2.50000E-01 1.50000E+00
 -1        28 2.50000E-01 7.50000E-01 1.50000E+00
 -1        29 7.50000E-01 5.00000E-01 9.50000E-01
 -1        30 7.50000E-01 2.50000E-01 1.25000E+00
 -1        31 7.50000E-01 5.00000E-01 1.50000E+00
 -1        32 7.50000E-01 7.50000E-01 1.25000E+00
 -1        33 5.00000E-01 7.50000E-01 9.50000E-01
 -1        34 5.00000E-01 2.50000E-01 9.50000E-01
 -1        35 5.00000E-01 2.50000E-01 1.50000E+00
 -1        36 5.00000E-01 7.50000E-01 1.50000E+00
 -1        37 2.50000E-01 5.00000E-01 9.50000E-01
 -1        38 2.50000E-01 2.50000E-01 1.25000E+00
 -1        39 2.50000E-01 5.00000E-01 1.50000E+00
 -1        40 2.50000E-01 7.50000E-01 1.25000E+00
 -3
    3C                             2                                     1
 -1         1    4    0    1
 -2         1         2         3         4         5         6         7         8         9        10
 -2        11        12        13        14        15        16        17        18        19        20
 -1         2    4    0    1
 -2        21        22        23        24        25        26        27        28        29        30
 -2        31        32        33        34        35        36        37        38        39        40
 -3
    1PSTEP                         1           1           1          
  100CL  101 9.76563E-04          40                     0    1           1
 -4  DISP        4    1
 -5  D1          1    2    1    0
 -5  D2          1    2    2    0
 -5  D3          1    2    3    0
 -5  ALL         1    2    0    0    1ALL
 -1         1 0.00000E+00 0.00000E+00 0.00000E+00
 -1         2 0.00000E+00 0.00000E+00 0.00000E+00
 -1         3-3.34627E+00-6.26836E+00 1.62968E-01
 -1         4-3.34550E+00 6.26097E+00 1.63213E-01
 -1         5 0.00000E+00 0.00000E+00 0.00000E+00
 -1         6 0.00000E+00 0.00000E+00 0.00000E+00
 -1         7 3.34570E+00-6.26336E+00 1.63120E-01
 -1         8 3.34607E+00 6.26598E+00 1.63059E-01
 -1         9 0.00000E+00 0.00000E+00 0.00000E+00
 -1        10-6.17748E-01-4.52937E+00 5.33083E-01
 -1        11-2.03922E+00 6.01340E-04 8.81818E-01
 -1        12-6.17191E-01 4.52593E+00 5.33154E-01
 -1        13 0.00000E+00 0.00000E+00 0.00000E+00
 -1        14 0.00000E+00 0.00000E+00 0.00000E+00
 -1        15-2.09282E-04-5.03100E+00-1.04502E+00
 -1        16 2.06384E-04 5.02894E+00-1.04500E+00
 -1        17 0.00000E+00 0.00000E+00 0.00000E+00
 -1        18 6.17361E-01-4.52714E+00 5.33139E-01
 -1        19 2.03922E+00-6.85364E-04 8.81818E-01
 -1        20 6.17573E-01 4.52816E+00 5.33096E-01
 -1        21-7.81939E-03-1.73592E-01 9.24468E+00
 -1        22-7.81681E-03 1.73416E-01 9.24466E+00
 -1        23 0.00000E+00 0.00000E+00 7.93943E+00
 -1        24 0.00000E+00 0.00000E+00 7.93947E+00
 -1        25 7.82257E-03-1.73591E-01 9.24467E+00
 -1        26 7.81867E-03 1.73414E-01 9.24465E+00
 -1        27 0.00000E+00 0.00000E+00 7.93944E+00
 -1        28 0.00000E+00 0.00000E+00 7.93948E+00
 -1        29 3.32614E-01-6.73094E-05 8.91535E+00
 -1        30-3.01142E-01 4.97848E-01 8.58913E+00
 -1        31 0.00000E+00 0.00000E+00 8.27686E+00
 -1        32-3.01127E-01-4.98010E-01 8.58912E+00
 -1        33-2.00370E-07 1.99746E-01 9.05747E+00
 -1        34 3.27802E-07-1.99880E-01 9.05739E+00
 -1        35 0.00000E+00 0.00000E+00 8.20359E+00
 -1        36 0.00000E+00 0.00000E+00 8.20356E+00
 -1        37-3.32612E-01-6.87747E-05 8.91536E+00
 -1        38 3.01144E-01 4.97836E-01 8.58913E+00
 -1        39 0.00000E+00 0.00000E+00 8.27685E+00
 -1        40 3.01131E-01-4.97996E-01 8.58912E+00
 -3
    1PSTEP                         2           1           1          
  100CL  101 9.76563E-04          40                     0    1           1
 -4  FORC        4    1
 -5  F1          1    2    1    0
 -5  F2          1    2    2    0
 -5  F3          1    2    3    0
 -5  ALL         1    2    0    0    1ALL
 -1         1 0.00000E+00 0.00000E+00 0.00000E+00
 -1         2 0.00000E+00 0.00000E+00 0.00000E+00
 -1         3 4.14394E+06-1.16281E+06 4.33616E+06
 -1         4 4.13675E+06 1.25172E+06 4.33108E+06
 -1         5 0.00000E+00 0.00000E+00 0.00000E+00
 -1         6 0.00000E+00 0.00000E+00 0.00000E+00
 -1         7-4.13836E+06-1.20422E+06 4.33114E+06
 -1         8-4.14234E+06 1.21032E+06 4.33611E+06
 -1         9 0.00000E+00 0.00000E+00 0.00000E+00
 -1        10-1.30495E+05 3.26447E+07-1.78921E+06
 -1        11 8.53556E+07-7.87186E+04 5.06257E+07
 -1        12-1.40174E+05-3.26470E+07-1.79214E+06
 -1        13 0.00000E+00 0.00000E+00 0.00000E+00
 -1        14 0.00000E+00 0.00000E+00 0.00000E+00
 -1        15 5.59597E+03 4.53002E+07-5.69029E+05
 -1        16-5.59406E+03-4.53044E+07-5.71493E+05
 -1        17 0.00000E+00 0.00000E+00 0.00000E+00
 -1        18 1.37718E+05 3.26436E+07-1.79098E+06
 -1        19-8.53554E+07-1.96330E+03 5.06256E+07
 -1        20 1.32962E+05-3.26481E+07-1.79037E+06
 -1        21-1.90133E+03-1.86713E+03-6.34843E+03
 -1        22-1.90115E+03 1.86436E+03-6.34724E+03
 -1        23 0.00000E+00 0.00000E+00 5.17425E+02
 -1        24 0.00000E+00 0.00000E+00 5.16519E+02
 -1        25 1.90136E+03-1.86712E+03-6.34813E+03
 -1        26 1.90124E+03 1.86435E+03-6.34694E+03
 -1        27 0.00000E+00 0.00000E+00 5.17370E+02
 -1        28 0.00000E+00 0.00000E+00 5.16460E+02
 -1        29 9.05958E+07-5.71184E+03-5.77188E+07
 -1        30 1.25599E+03-4.37358E+03 3.36103E+03
 -1        31 0.00000E+00 0.00000E+00-1.78141E+03
 -1        32 1.25721E+03 4.38223E+03 3.36212E+03
 -1        33 6.02087E-02-3.16465E+03 4.09504E+03
 -1        34 5.82220E-02 3.16338E+03 4.09528E+03
 -1        35 0.00000E+00 0.00000E+00-2.86161E+03
 -1        36 0.00000E+00 0.00000E+00-2.86176E+03
 -1        37-9.05959E+07 8.71680E+03-5.77189E+07
 -1        38-1.25607E+03-4.37301E+03 3.36070E+03
 -1        39 0.00000E+00 0.00000E+00-1.78127E+03
 -1        40-1.25729E+03 4.38160E+03 3.36178E+03
 -3
