    1C
    1UNormalized cross-passage space-truss torsion benchmark            
    1UUSER                                                              
    1UDATE              06.august.2026                                  
    1UTIME              05:34:12                                        
    1UHOST                                                              
    1UPGM               CalculiX                                        
    1UVERSION           Version 2.21                             
    1UCOMPILETIME       Sat Jul 29 10:52:01 CEST 2023                    
    1UDIR                                                               
    1UDBN                                                               
    1UMAT    1STEEL                                                     
    2C                          1040                                     1
 -1       213-1.19376E+00 9.16807E-04-3.54997E-02
 -1       214-1.23024E+00 3.62719E-03-1.93049E-02
 -1       215-1.20624E+00-9.16807E-04 3.54997E-02
 -1       216-1.16976E+00-3.62719E-03 1.93049E-02
 -1       221-1.20102E+00-3.40950E-02-1.16828E-02
 -1       222-1.20007E+00-2.33416E-03-3.59798E-02
 -1       223-1.19898E+00 3.40950E-02 1.16828E-02
 -1       224-1.19993E+00 2.33416E-03 3.59798E-02
 -1       229-1.23354E+00-1.32202E-02 3.96605E-04
 -1       230-1.20069E+00-3.60327E-02 1.08098E-03
 -1       231-1.16646E+00 1.32202E-02-3.96605E-04
 -1       232-1.19931E+00 3.60327E-02-1.08098E-03
 -1       263 1.20177E+00 2.41126E-03-3.59310E-02
 -1       264 1.16758E+00-2.03736E-03-1.56535E-02
 -1       265 1.19823E+00-2.41126E-03 3.59310E-02
 -1       266 1.23242E+00 2.03736E-03 1.56535E-02
 -1       271 1.20102E+00-3.38645E-02-1.23355E-02
 -1       272 1.20005E+00-1.64335E-03-3.60180E-02
 -1       273 1.19898E+00 3.38645E-02 1.23355E-02
 -1       274 1.19995E+00 1.64335E-03 3.60180E-02
 -1       279 1.16697E+00-1.44498E-02-4.33494E-04
 -1       280 1.20064E+00-3.60336E-02-1.08101E-03
 -1       281 1.23303E+00 1.44498E-02 4.33494E-04
 -1       282 1.19936E+00 3.60336E-02 1.08101E-03
 -1       313-1.19295E+00-2.85923E-03 1.96476E+00
 -1       314-1.22978E+00 1.50377E-03 1.97973E+00
 -1       315-1.20705E+00 2.85923E-03 2.03524E+00
 -1       316-1.17022E+00-1.50377E-03 2.02027E+00
 -1       321-1.19898E+00-3.38645E-02 1.98766E+00
 -1       322-1.19995E+00-1.64335E-03 1.96398E+00
 -1       323-1.20102E+00 3.38645E-02 2.01234E+00
 -1       324-1.20005E+00 1.64335E-03 2.03602E+00
 -1       329-1.23303E+00-1.44498E-02 1.99957E+00
 -1       330-1.19936E+00-3.60336E-02 1.99892E+00
 -1       331-1.16697E+00 1.44498E-02 2.00043E+00
 -1       332-1.20064E+00 3.60336E-02 2.00108E+00
 -1       363 1.20318E+00-1.21786E-03 1.96411E+00
 -1       364 1.16822E+00-3.65827E-03 1.98338E+00
 -1       365 1.19682E+00 1.21786E-03 2.03589E+00
 -1       366 1.23178E+00 3.65827E-03 2.01662E+00
 -1       371 1.19898E+00-3.40950E-02 1.98832E+00
 -1       372 1.19993E+00-2.33416E-03 1.96402E+00
 -1       373 1.20102E+00 3.40950E-02 2.01168E+00
 -1       374 1.20007E+00 2.33416E-03 2.03598E+00
 -1       379 1.16646E+00-1.32202E-02 2.00040E+00
 -1       380 1.19931E+00-3.60327E-02 2.00108E+00
 -1       381 1.23354E+00 1.32202E-02 1.99960E+00
 -1       382 1.20069E+00 3.60327E-02 1.99892E+00
 -1       413-1.19505E+00 9.99943E+00-3.57093E-02
 -1       414-1.23106E+00 1.00002E+01-1.83116E-02
 -1       415-1.20495E+00 1.00006E+01 3.57093E-02
 -1       416-1.16894E+00 9.99982E+00 1.83116E-02
 -1       421-1.20102E+00 9.96591E+00-1.16828E-02
 -1       422-1.20007E+00 9.99767E+00-3.59798E-02
 -1       423-1.19898E+00 1.00341E+01 1.16828E-02
 -1       424-1.19993E+00 1.00023E+01 3.59798E-02
 -1       429-1.23354E+00 9.98678E+00 3.96605E-04
 -1       430-1.20069E+00 9.96397E+00 1.08098E-03
 -1       431-1.16646E+00 1.00132E+01-3.96605E-04
 -1       432-1.19931E+00 1.00360E+01-1.08098E-03
 -1       463 1.20437E+00 9.99956E+00-3.57875E-02
 -1       464 1.16865E+00 9.99931E+00-1.77876E-02
 -1       465 1.19563E+00 1.00004E+01 3.57875E-02
 -1       466 1.23135E+00 1.00007E+01 1.77876E-02
 -1       471 1.20102E+00 9.96614E+00-1.23355E-02
 -1       472 1.20005E+00 9.99836E+00-3.60180E-02
 -1       473 1.19898E+00 1.00339E+01 1.23355E-02
 -1       474 1.19995E+00 1.00016E+01 3.60180E-02
 -1       479 1.16697E+00 9.98555E+00-4.33494E-04
 -1       480 1.20064E+00 9.96397E+00-1.08101E-03
 -1       481 1.23303E+00 1.00145E+01 4.33494E-04
 -1       482 1.19936E+00 1.00360E+01 1.08101E-03
 -1       513-1.19536E+00 1.00004E+01 1.96425E+00
 -1       514-1.23122E+00 1.00007E+01 1.98198E+00
 -1       515-1.20464E+00 9.99956E+00 2.03575E+00
 -1       516-1.16878E+00 9.99931E+00 2.01802E+00
 -1       521-1.19898E+00 9.96614E+00 1.98766E+00
 -1       522-1.19995E+00 9.99836E+00 1.96398E+00
 -1       523-1.20102E+00 1.00339E+01 2.01234E+00
 -1       524-1.20005E+00 1.00016E+01 2.03602E+00
 -1       529-1.23303E+00 9.98555E+00 1.99957E+00
 -1       530-1.19936E+00 9.96397E+00 1.99892E+00
 -1       531-1.16697E+00 1.00145E+01 2.00043E+00
 -1       532-1.20064E+00 1.00360E+01 2.00108E+00
 -1       563 1.20403E+00 1.00006E+01 1.96417E+00
 -1       564 1.16848E+00 9.99981E+00 1.98250E+00
 -1       565 1.19597E+00 9.99944E+00 2.03583E+00
 -1       566 1.23152E+00 1.00002E+01 2.01750E+00
 -1       571 1.19898E+00 9.96591E+00 1.98832E+00
 -1       572 1.19993E+00 9.99767E+00 1.96402E+00
 -1       573 1.20102E+00 1.00341E+01 2.01168E+00
 -1       574 1.20007E+00 1.00023E+01 2.03598E+00
 -1       579 1.16646E+00 9.98678E+00 2.00040E+00
 -1       580 1.19931E+00 9.96397E+00 2.00108E+00
 -1       581 1.23354E+00 1.00132E+01 1.99960E+00
 -1       582 1.20069E+00 1.00360E+01 1.99892E+00
 -1       613-1.19505E+00 1.99994E+01-3.57093E-02
 -1       614-1.23106E+00 2.00002E+01-1.83116E-02
 -1       615-1.20495E+00 2.00006E+01 3.57093E-02
 -1       616-1.16894E+00 1.99998E+01 1.83116E-02
 -1       621-1.20102E+00 1.99659E+01-1.16828E-02
 -1       622-1.20007E+00 1.99977E+01-3.59798E-02
 -1       623-1.19898E+00 2.00341E+01 1.16828E-02
 -1       624-1.19993E+00 2.00023E+01 3.59798E-02
 -1       629-1.23354E+00 1.99868E+01 3.96605E-04
 -1       630-1.20069E+00 1.99640E+01 1.08098E-03
 -1       631-1.16646E+00 2.00132E+01-3.96605E-04
 -1       632-1.19931E+00 2.00360E+01-1.08098E-03
 -1       663 1.20437E+00 1.99996E+01-3.57875E-02
 -1       664 1.16865E+00 1.99993E+01-1.77876E-02
 -1       665 1.19563E+00 2.00004E+01 3.57875E-02
 -1       666 1.23135E+00 2.00007E+01 1.77876E-02
 -1       671 1.20102E+00 1.99661E+01-1.23355E-02
 -1       672 1.20005E+00 1.99984E+01-3.60180E-02
 -1       673 1.19898E+00 2.00339E+01 1.23355E-02
 -1       674 1.19995E+00 2.00016E+01 3.60180E-02
 -1       679 1.16697E+00 1.99855E+01-4.33494E-04
 -1       680 1.20064E+00 1.99640E+01-1.08101E-03
 -1       681 1.23303E+00 2.00145E+01 4.33494E-04
 -1       682 1.19936E+00 2.00360E+01 1.08101E-03
 -1       713-1.19536E+00 2.00004E+01 1.96425E+00
 -1       714-1.23122E+00 2.00007E+01 1.98198E+00
 -1       715-1.20464E+00 1.99996E+01 2.03575E+00
 -1       716-1.16878E+00 1.99993E+01 2.01802E+00
 -1       721-1.19898E+00 1.99661E+01 1.98766E+00
 -1       722-1.19995E+00 1.99984E+01 1.96398E+00
 -1       723-1.20102E+00 2.00339E+01 2.01234E+00
 -1       724-1.20005E+00 2.00016E+01 2.03602E+00
 -1       729-1.23303E+00 1.99855E+01 1.99957E+00
 -1       730-1.19936E+00 1.99640E+01 1.99892E+00
 -1       731-1.16697E+00 2.00145E+01 2.00043E+00
 -1       732-1.20064E+00 2.00360E+01 2.00108E+00
 -1       763 1.20403E+00 2.00006E+01 1.96417E+00
 -1       764 1.16848E+00 1.99998E+01 1.98250E+00
 -1       765 1.19597E+00 1.99994E+01 2.03583E+00
 -1       766 1.23152E+00 2.00002E+01 2.01750E+00
 -1       771 1.19898E+00 1.99659E+01 1.98832E+00
 -1       772 1.19993E+00 1.99977E+01 1.96402E+00
 -1       773 1.20102E+00 2.00341E+01 2.01168E+00
 -1       774 1.20007E+00 2.00023E+01 2.03598E+00
 -1       779 1.16646E+00 1.99868E+01 2.00040E+00
 -1       780 1.19931E+00 1.99640E+01 2.00108E+00
 -1       781 1.23354E+00 2.00132E+01 1.99960E+00
 -1       782 1.20069E+00 2.00360E+01 1.99892E+00
 -1       813-1.19505E+00 2.99994E+01-3.57093E-02
 -1       814-1.23106E+00 3.00002E+01-1.83116E-02
 -1       815-1.20495E+00 3.00006E+01 3.57093E-02
 -1       816-1.16894E+00 2.99998E+01 1.83116E-02
 -1       821-1.20102E+00 2.99659E+01-1.16828E-02
 -1       822-1.20007E+00 2.99977E+01-3.59798E-02
 -1       823-1.19898E+00 3.00341E+01 1.16828E-02
 -1       824-1.19993E+00 3.00023E+01 3.59798E-02
 -1       829-1.23354E+00 2.99868E+01 3.96605E-04
 -1       830-1.20069E+00 2.99640E+01 1.08098E-03
 -1       831-1.16646E+00 3.00132E+01-3.96605E-04
 -1       832-1.19931E+00 3.00360E+01-1.08098E-03
 -1       863 1.20437E+00 2.99996E+01-3.57875E-02
 -1       864 1.16865E+00 2.99993E+01-1.77876E-02
 -1       865 1.19563E+00 3.00004E+01 3.57875E-02
 -1       866 1.23135E+00 3.00007E+01 1.77876E-02
 -1       871 1.20102E+00 2.99661E+01-1.23355E-02
 -1       872 1.20005E+00 2.99984E+01-3.60180E-02
 -1       873 1.19898E+00 3.00339E+01 1.23355E-02
 -1       874 1.19995E+00 3.00016E+01 3.60180E-02
 -1       879 1.16697E+00 2.99855E+01-4.33494E-04
 -1       880 1.20064E+00 2.99640E+01-1.08101E-03
 -1       881 1.23303E+00 3.00145E+01 4.33494E-04
 -1       882 1.19936E+00 3.00360E+01 1.08101E-03
 -1       913-1.19536E+00 3.00004E+01 1.96425E+00
 -1       914-1.23122E+00 3.00007E+01 1.98198E+00
 -1       915-1.20464E+00 2.99996E+01 2.03575E+00
 -1       916-1.16878E+00 2.99993E+01 2.01802E+00
 -1       921-1.19898E+00 2.99661E+01 1.98766E+00
 -1       922-1.19995E+00 2.99984E+01 1.96398E+00
 -1       923-1.20102E+00 3.00339E+01 2.01234E+00
 -1       924-1.20005E+00 3.00016E+01 2.03602E+00
 -1       929-1.23303E+00 2.99855E+01 1.99957E+00
 -1       930-1.19936E+00 2.99640E+01 1.99892E+00
 -1       931-1.16697E+00 3.00145E+01 2.00043E+00
 -1       932-1.20064E+00 3.00360E+01 2.00108E+00
 -1       963 1.20403E+00 3.00006E+01 1.96417E+00
 -1       964 1.16848E+00 2.99998E+01 1.98250E+00
 -1       965 1.19597E+00 2.99994E+01 2.03583E+00
 -1       966 1.23152E+00 3.00002E+01 2.01750E+00
 -1       971 1.19898E+00 2.99659E+01 1.98832E+00
 -1       972 1.19993E+00 2.99977E+01 1.96402E+00
 -1       973 1.20102E+00 3.00341E+01 2.01168E+00
 -1       974 1.20007E+00 3.00023E+01 2.03598E+00
 -1       979 1.16646E+00 2.99868E+01 2.00040E+00
 -1       980 1.19931E+00 2.99640E+01 2.00108E+00
 -1       981 1.23354E+00 3.00132E+01 1.99960E+00
 -1       982 1.20069E+00 3.00360E+01 1.99892E+00
 -1      1013-1.19503E+00 3.99994E+01-3.57052E-02
 -1      1014-1.23105E+00 4.00001E+01-1.83294E-02
 -1      1015-1.20497E+00 4.00006E+01 3.57052E-02
 -1      1016-1.16895E+00 3.99999E+01 1.83294E-02
 -1      1021-1.20145E+00 3.99659E+01-1.15569E-02
 -1      1022-1.20010E+00 3.99975E+01-3.59709E-02
 -1      1023-1.19855E+00 4.00341E+01 1.15569E-02
 -1      1024-1.19990E+00 4.00025E+01 3.59709E-02
 -1      1029-1.23365E+00 3.99871E+01 5.48678E-04
 -1      1030-1.20099E+00 3.99640E+01 1.52775E-03
 -1      1031-1.16635E+00 4.00129E+01-5.48678E-04
 -1      1032-1.19901E+00 4.00360E+01-1.52775E-03
 -1      1063 1.20434E+00 3.99996E+01-3.57913E-02
 -1      1064 1.16863E+00 3.99993E+01-1.77681E-02
 -1      1065 1.19566E+00 4.00004E+01 3.57913E-02
 -1      1066 1.23137E+00 4.00007E+01 1.77681E-02
 -1      1071 1.20143E+00 3.99662E+01-1.24797E-02
 -1      1072 1.20006E+00 3.99985E+01-3.60247E-02
 -1      1073 1.19857E+00 4.00338E+01 1.24797E-02
 -1      1074 1.19994E+00 4.00015E+01 3.60247E-02
 -1      1079 1.16707E+00 3.99853E+01-6.22501E-04
 -1      1080 1.20089E+00 3.99640E+01-1.52786E-03
 -1      1081 1.23293E+00 4.00147E+01 6.22501E-04
 -1      1082 1.19911E+00 4.00360E+01 1.52786E-03
 -1      1113-1.19534E+00 4.00004E+01 1.96425E+00
 -1      1114-1.23121E+00 4.00007E+01 1.98196E+00
 -1      1115-1.20466E+00 3.99996E+01 2.03575E+00
 -1      1116-1.16879E+00 3.99993E+01 2.01804E+00
 -1      1121-1.19857E+00 3.99662E+01 1.98752E+00
 -1      1122-1.19994E+00 3.99985E+01 1.96398E+00
 -1      1123-1.20143E+00 4.00338E+01 2.01248E+00
 -1      1124-1.20006E+00 4.00015E+01 2.03602E+00
 -1      1129-1.23293E+00 3.99853E+01 1.99938E+00
 -1      1130-1.19911E+00 3.99640E+01 1.99847E+00
 -1      1131-1.16707E+00 4.00147E+01 2.00062E+00
 -1      1132-1.20089E+00 4.00360E+01 2.00153E+00
 -1      1163 1.20400E+00 4.00006E+01 1.96417E+00
 -1      1164 1.16847E+00 3.99998E+01 1.98252E+00
 -1      1165 1.19600E+00 3.99994E+01 2.03583E+00
 -1      1166 1.23153E+00 4.00002E+01 2.01748E+00
 -1      1171 1.19855E+00 3.99659E+01 1.98844E+00
 -1      1172 1.19990E+00 3.99975E+01 1.96403E+00
 -1      1173 1.20145E+00 4.00341E+01 2.01156E+00
 -1      1174 1.20010E+00 4.00025E+01 2.03597E+00
 -1      1179 1.16635E+00 3.99871E+01 2.00055E+00
 -1      1180 1.19901E+00 3.99640E+01 2.00153E+00
 -1      1181 1.23365E+00 4.00129E+01 1.99945E+00
 -1      1182 1.20099E+00 4.00360E+01 1.99847E+00
 -1      1213-1.19611E+00 4.99979E+01-3.57828E-02
 -1      1214-1.23152E+00 4.99968E+01-1.72113E-02
 -1      1215-1.20389E+00 5.00021E+01 3.57828E-02
 -1      1216-1.16848E+00 5.00032E+01 1.72113E-02
 -1      1221-1.20145E+00 4.99659E+01-1.15569E-02
 -1      1222-1.20010E+00 4.99975E+01-3.59709E-02
 -1      1223-1.19855E+00 5.00341E+01 1.15569E-02
 -1      1224-1.19990E+00 5.00025E+01 3.59709E-02
 -1      1229-1.23365E+00 4.99871E+01 5.48678E-04
 -1      1230-1.20099E+00 4.99640E+01 1.52775E-03
 -1      1231-1.16635E+00 5.00129E+01-5.48678E-04
 -1      1232-1.19901E+00 5.00360E+01-1.52775E-03
 -1      1263 1.20661E+00 4.99962E+01-3.52441E-02
 -1      1264 1.16989E+00 5.00001E+01-1.98375E-02
 -1      1265 1.19339E+00 5.00038E+01 3.52441E-02
 -1      1266 1.23011E+00 4.99999E+01 1.98375E-02
 -1      1271 1.20143E+00 4.99662E+01-1.24797E-02
 -1      1272 1.20006E+00 4.99985E+01-3.60247E-02
 -1      1273 1.19857E+00 5.00338E+01 1.24797E-02
 -1      1274 1.19994E+00 5.00015E+01 3.60247E-02
 -1      1279 1.16707E+00 4.99853E+01-6.22501E-04
 -1      1280 1.20089E+00 4.99640E+01-1.52786E-03
 -1      1281 1.23293E+00 5.00147E+01 6.22501E-04
 -1      1282 1.19911E+00 5.00360E+01 1.52786E-03
 -1      1313-1.19823E+00 5.00035E+01 1.96416E+00
 -1      1314-1.23249E+00 4.99994E+01 1.98438E+00
 -1      1315-1.20177E+00 4.99965E+01 2.03584E+00
 -1      1316-1.16751E+00 5.00006E+01 2.01562E+00
 -1      1321-1.19857E+00 4.99662E+01 1.98752E+00
 -1      1322-1.19994E+00 4.99985E+01 1.96398E+00
 -1      1323-1.20143E+00 5.00338E+01 2.01248E+00
 -1      1324-1.20006E+00 5.00015E+01 2.03602E+00
 -1      1329-1.23293E+00 4.99853E+01 1.99938E+00
 -1      1330-1.19911E+00 4.99640E+01 1.99847E+00
 -1      1331-1.16707E+00 5.00147E+01 2.00062E+00
 -1      1332-1.20089E+00 5.00360E+01 2.00153E+00
 -1      1363 1.20516E+00 5.00020E+01 1.96437E+00
 -1      1364 1.16912E+00 5.00032E+01 1.98168E+00
 -1      1365 1.19484E+00 4.99980E+01 2.03563E+00
 -1      1366 1.23088E+00 4.99968E+01 2.01832E+00
 -1      1371 1.19855E+00 4.99659E+01 1.98844E+00
 -1      1372 1.19990E+00 4.99975E+01 1.96403E+00
 -1      1373 1.20145E+00 5.00341E+01 2.01156E+00
 -1      1374 1.20010E+00 5.00025E+01 2.03597E+00
 -1      1379 1.16635E+00 4.99871E+01 2.00055E+00
 -1      1380 1.19901E+00 4.99640E+01 2.00153E+00
 -1      1381 1.23365E+00 5.00129E+01 1.99945E+00
 -1      1382 1.20099E+00 5.00360E+01 1.99847E+00
 -1      1413-1.19553E+00 5.00000E+00-1.85778E-01
 -1      1414-1.23131E+00 5.00000E+00-1.67883E-01
 -1      1415-1.20447E+00 5.00000E+00-1.14222E-01
 -1      1416-1.16869E+00 5.00000E+00-1.32117E-01
 -1      1421 1.20447E+00 5.00000E+00 1.14222E-01
 -1      1422 1.16869E+00 5.00000E+00 1.32117E-01
 -1      1423 1.19553E+00 5.00000E+00 1.85778E-01
 -1      1424 1.23131E+00 5.00000E+00 1.67883E-01
 -1      1429-1.19553E+00 5.00000E+00 1.81422E+00
 -1      1430-1.23131E+00 5.00000E+00 1.83212E+00
 -1      1431-1.20447E+00 5.00000E+00 1.88578E+00
 -1      1432-1.16869E+00 5.00000E+00 1.86788E+00
 -1      1437 1.20447E+00 5.00000E+00 2.11422E+00
 -1      1438 1.16869E+00 5.00000E+00 2.13212E+00
 -1      1439 1.19553E+00 5.00000E+00 2.18578E+00
 -1      1440 1.23131E+00 5.00000E+00 2.16788E+00
 -1      1445-1.19553E+00 1.50000E+01-1.85778E-01
 -1      1446-1.23131E+00 1.50000E+01-1.67883E-01
 -1      1447-1.20447E+00 1.50000E+01-1.14222E-01
 -1      1448-1.16869E+00 1.50000E+01-1.32117E-01
 -1      1453 1.20447E+00 1.50000E+01 1.14222E-01
 -1      1454 1.16869E+00 1.50000E+01 1.32117E-01
 -1      1455 1.19553E+00 1.50000E+01 1.85778E-01
 -1      1456 1.23131E+00 1.50000E+01 1.67883E-01
 -1      1461-1.19553E+00 1.50000E+01 1.81422E+00
 -1      1462-1.23131E+00 1.50000E+01 1.83212E+00
 -1      1463-1.20447E+00 1.50000E+01 1.88578E+00
 -1      1464-1.16869E+00 1.50000E+01 1.86788E+00
 -1      1469 1.20447E+00 1.50000E+01 2.11422E+00
 -1      1470 1.16869E+00 1.50000E+01 2.13212E+00
 -1      1471 1.19553E+00 1.50000E+01 2.18578E+00
 -1      1472 1.23131E+00 1.50000E+01 2.16788E+00
 -1      1477-1.19553E+00 2.50000E+01-1.85778E-01
 -1      1478-1.23131E+00 2.50000E+01-1.67883E-01
 -1      1479-1.20447E+00 2.50000E+01-1.14222E-01
 -1      1480-1.16869E+00 2.50000E+01-1.32117E-01
 -1      1485 1.20447E+00 2.50000E+01 1.14222E-01
 -1      1486 1.16869E+00 2.50000E+01 1.32117E-01
 -1      1487 1.19553E+00 2.50000E+01 1.85778E-01
 -1      1488 1.23131E+00 2.50000E+01 1.67883E-01
 -1      1493-1.19553E+00 2.50000E+01 1.81422E+00
 -1      1494-1.23131E+00 2.50000E+01 1.83212E+00
 -1      1495-1.20447E+00 2.50000E+01 1.88578E+00
 -1      1496-1.16869E+00 2.50000E+01 1.86788E+00
 -1      1501 1.20447E+00 2.50000E+01 2.11422E+00
 -1      1502 1.16869E+00 2.50000E+01 2.13212E+00
 -1      1503 1.19553E+00 2.50000E+01 2.18578E+00
 -1      1504 1.23131E+00 2.50000E+01 2.16788E+00
 -1      1509-1.19553E+00 3.50000E+01-1.85778E-01
 -1      1510-1.23131E+00 3.50000E+01-1.67883E-01
 -1      1511-1.20447E+00 3.50000E+01-1.14222E-01
 -1      1512-1.16869E+00 3.50000E+01-1.32117E-01
 -1      1517 1.20447E+00 3.50000E+01 1.14222E-01
 -1      1518 1.16869E+00 3.50000E+01 1.32117E-01
 -1      1519 1.19553E+00 3.50000E+01 1.85778E-01
 -1      1520 1.23131E+00 3.50000E+01 1.67883E-01
 -1      1525-1.19553E+00 3.50000E+01 1.81422E+00
 -1      1526-1.23131E+00 3.50000E+01 1.83212E+00
 -1      1527-1.20447E+00 3.50000E+01 1.88578E+00
 -1      1528-1.16869E+00 3.50000E+01 1.86788E+00
 -1      1533 1.20447E+00 3.50000E+01 2.11422E+00
 -1      1534 1.16869E+00 3.50000E+01 2.13212E+00
 -1      1535 1.19553E+00 3.50000E+01 2.18578E+00
 -1      1536 1.23131E+00 3.50000E+01 2.16788E+00
 -1      1541-1.19522E+00 4.24989E+01-1.41787E-01
 -1      1542-1.23115E+00 4.24995E+01-1.24216E-01
 -1      1543-1.20478E+00 4.25011E+01-7.03450E-02
 -1      1544-1.16885E+00 4.25005E+01-8.79159E-02
 -1      1549-1.19553E+00 4.50000E+01-1.85777E-01
 -1      1550-1.23131E+00 4.50000E+01-1.67887E-01
 -1      1551-1.20447E+00 4.50000E+01-1.14223E-01
 -1      1552-1.16869E+00 4.50000E+01-1.32113E-01
 -1      1557-1.19586E+00 4.75011E+01-1.41867E-01
 -1      1558-1.23147E+00 4.75005E+01-1.23652E-01
 -1      1559-1.20414E+00 4.74989E+01-7.02647E-02
 -1      1560-1.16853E+00 4.74995E+01-8.84797E-02
 -1      1565 1.20414E+00 4.25011E+01 7.02647E-02
 -1      1566 1.16853E+00 4.25005E+01 8.84797E-02
 -1      1567 1.19586E+00 4.24989E+01 1.41867E-01
 -1      1568 1.23147E+00 4.24995E+01 1.23652E-01
 -1      1573 1.20447E+00 4.50000E+01 1.14223E-01
 -1      1574 1.16869E+00 4.50000E+01 1.32113E-01
 -1      1575 1.19553E+00 4.50000E+01 1.85777E-01
 -1      1576 1.23131E+00 4.50000E+01 1.67887E-01
 -1      1581 1.20478E+00 4.74989E+01 7.03450E-02
 -1      1582 1.16885E+00 4.74995E+01 8.79159E-02
 -1      1583 1.19522E+00 4.75011E+01 1.41787E-01
 -1      1584 1.23115E+00 4.75005E+01 1.24216E-01
 -1      1589-1.19522E+00 4.24989E+01 1.85821E+00
 -1      1590-1.23115E+00 4.24995E+01 1.87578E+00
 -1      1591-1.20478E+00 4.25011E+01 1.92966E+00
 -1      1592-1.16885E+00 4.25005E+01 1.91208E+00
 -1      1597-1.19553E+00 4.50000E+01 1.81422E+00
 -1      1598-1.23131E+00 4.50000E+01 1.83211E+00
 -1      1599-1.20447E+00 4.50000E+01 1.88578E+00
 -1      1600-1.16869E+00 4.50000E+01 1.86789E+00
 -1      1605-1.19586E+00 4.75011E+01 1.85813E+00
 -1      1606-1.23147E+00 4.75005E+01 1.87635E+00
 -1      1607-1.20414E+00 4.74989E+01 1.92974E+00
 -1      1608-1.16853E+00 4.74995E+01 1.91152E+00
 -1      1613 1.20414E+00 4.25011E+01 2.07026E+00
 -1      1614 1.16853E+00 4.25005E+01 2.08848E+00
 -1      1615 1.19586E+00 4.24989E+01 2.14187E+00
 -1      1616 1.23147E+00 4.24995E+01 2.12365E+00
 -1      1621 1.20447E+00 4.50000E+01 2.11422E+00
 -1      1622 1.16869E+00 4.50000E+01 2.13211E+00
 -1      1623 1.19553E+00 4.50000E+01 2.18578E+00
 -1      1624 1.23131E+00 4.50000E+01 2.16789E+00
 -1      1629 1.20478E+00 4.74989E+01 2.07034E+00
 -1      1630 1.16885E+00 4.74995E+01 2.08792E+00
 -1      1631 1.19522E+00 4.75011E+01 2.14179E+00
 -1      1632 1.23115E+00 4.75005E+01 2.12422E+00
 -1      1637 0.00000E+00-6.99992E-02-1.20023E-02
 -1      1638 0.00000E+00-3.79975E-02-3.60001E-02
 -1      1639 0.00000E+00-2.00083E-03 1.20023E-02
 -1      1640 0.00000E+00-3.40025E-02 3.60001E-02
 -1      1645 0.00000E+00 2.00083E-03 1.98800E+00
 -1      1646 0.00000E+00 3.40025E-02 1.96400E+00
 -1      1647 0.00000E+00 6.99992E-02 2.01200E+00
 -1      1648 0.00000E+00 3.79975E-02 2.03600E+00
 -1      1653-1.23329E+00 1.61495E-02 1.00000E+00
 -1      1654-1.20002E+00-6.05551E-03 1.00000E+00
 -1      1655-1.16671E+00 4.38505E-02 1.00000E+00
 -1      1656-1.19998E+00 6.60555E-02 1.00000E+00
 -1      1661 1.16671E+00-4.38505E-02 1.00000E+00
 -1      1662 1.19998E+00-6.60555E-02 1.00000E+00
 -1      1663 1.23329E+00-1.61495E-02 1.00000E+00
 -1      1664 1.20002E+00 6.05551E-03 1.00000E+00
 -1      1669 0.00000E+00 9.93000E+00-1.20023E-02
 -1      1670 0.00000E+00 9.96200E+00-3.60001E-02
 -1      1671 0.00000E+00 9.99800E+00 1.20023E-02
 -1      1672 0.00000E+00 9.96600E+00 3.60001E-02
 -1      1677 0.00000E+00 1.00020E+01 1.98800E+00
 -1      1678 0.00000E+00 1.00340E+01 1.96400E+00
 -1      1679 0.00000E+00 1.00700E+01 2.01200E+00
 -1      1680 0.00000E+00 1.00380E+01 2.03600E+00
 -1      1685-1.23329E+00 1.00161E+01 1.00000E+00
 -1      1686-1.20002E+00 9.99394E+00 1.00000E+00
 -1      1687-1.16671E+00 1.00439E+01 1.00000E+00
 -1      1688-1.19998E+00 1.00661E+01 1.00000E+00
 -1      1693 1.16671E+00 9.95615E+00 1.00000E+00
 -1      1694 1.19998E+00 9.93394E+00 1.00000E+00
 -1      1695 1.23329E+00 9.98385E+00 1.00000E+00
 -1      1696 1.20002E+00 1.00061E+01 1.00000E+00
 -1      1701 0.00000E+00 1.99300E+01-1.20023E-02
 -1      1702 0.00000E+00 1.99620E+01-3.60001E-02
 -1      1703 0.00000E+00 1.99980E+01 1.20023E-02
 -1      1704 0.00000E+00 1.99660E+01 3.60001E-02
 -1      1709 0.00000E+00 2.00020E+01 1.98800E+00
 -1      1710 0.00000E+00 2.00340E+01 1.96400E+00
 -1      1711 0.00000E+00 2.00700E+01 2.01200E+00
 -1      1712 0.00000E+00 2.00380E+01 2.03600E+00
 -1      1717-1.23329E+00 2.00161E+01 1.00000E+00
 -1      1718-1.20002E+00 1.99939E+01 1.00000E+00
 -1      1719-1.16671E+00 2.00438E+01 1.00000E+00
 -1      1720-1.19998E+00 2.00661E+01 1.00000E+00
 -1      1725 1.16671E+00 1.99562E+01 1.00000E+00
 -1      1726 1.19998E+00 1.99339E+01 1.00000E+00
 -1      1727 1.23329E+00 1.99839E+01 1.00000E+00
 -1      1728 1.20002E+00 2.00061E+01 1.00000E+00
 -1      1733 0.00000E+00 2.99300E+01-1.20023E-02
 -1      1734 0.00000E+00 2.99620E+01-3.60001E-02
 -1      1735 0.00000E+00 2.99980E+01 1.20023E-02
 -1      1736 0.00000E+00 2.99660E+01 3.60001E-02
 -1      1741 0.00000E+00 3.00020E+01 1.98800E+00
 -1      1742 0.00000E+00 3.00340E+01 1.96400E+00
 -1      1743 0.00000E+00 3.00700E+01 2.01200E+00
 -1      1744 0.00000E+00 3.00380E+01 2.03600E+00
 -1      1749-1.23329E+00 3.00161E+01 1.00000E+00
 -1      1750-1.20002E+00 2.99939E+01 1.00000E+00
 -1      1751-1.16671E+00 3.00438E+01 1.00000E+00
 -1      1752-1.19998E+00 3.00661E+01 1.00000E+00
 -1      1757 1.16671E+00 2.99562E+01 1.00000E+00
 -1      1758 1.19998E+00 2.99339E+01 1.00000E+00
 -1      1759 1.23329E+00 2.99839E+01 1.00000E+00
 -1      1760 1.20002E+00 3.00061E+01 1.00000E+00
 -1      1765-6.01023E-01 3.99404E+01-1.16832E-02
 -1      1766-6.00070E-01 3.99722E+01-3.59798E-02
 -1      1767-5.98977E-01 4.00086E+01 1.16832E-02
 -1      1768-5.99930E-01 3.99769E+01 3.59798E-02
 -1      1773 0.00000E+00 3.99300E+01-1.20008E-02
 -1      1774 0.00000E+00 3.99620E+01-3.60000E-02
 -1      1775 0.00000E+00 3.99980E+01 1.20008E-02
 -1      1776 0.00000E+00 3.99660E+01 3.60000E-02
 -1      1781 6.01016E-01 3.99407E+01-1.23359E-02
 -1      1782 6.00049E-01 3.99729E+01-3.60180E-02
 -1      1783 5.98984E-01 4.00084E+01 1.23359E-02
 -1      1784 5.99951E-01 3.99762E+01 3.60180E-02
 -1      1789-5.98984E-01 3.99916E+01 1.98766E+00
 -1      1790-5.99951E-01 4.00238E+01 1.96398E+00
 -1      1791-6.01016E-01 4.00593E+01 2.01234E+00
 -1      1792-6.00049E-01 4.00271E+01 2.03602E+00
 -1      1797 0.00000E+00 4.00020E+01 1.98800E+00
 -1      1798 0.00000E+00 4.00340E+01 1.96400E+00
 -1      1799 0.00000E+00 4.00700E+01 2.01200E+00
 -1      1800 0.00000E+00 4.00380E+01 2.03600E+00
 -1      1805 5.98977E-01 3.99914E+01 1.98832E+00
 -1      1806 5.99930E-01 4.00231E+01 1.96402E+00
 -1      1807 6.01023E-01 4.00596E+01 2.01168E+00
 -1      1808 6.00070E-01 4.00278E+01 2.03598E+00
 -1      1813-1.23354E+00 4.00080E+01 5.00396E-01
 -1      1814-1.20070E+00 3.99852E+01 5.01081E-01
 -1      1815-1.16646E+00 4.00344E+01 4.99604E-01
 -1      1816-1.19930E+00 4.00572E+01 4.98919E-01
 -1      1821-1.23328E+00 4.00161E+01 1.00000E+00
 -1      1822-1.20001E+00 3.99939E+01 1.00000E+00
 -1      1823-1.16672E+00 4.00439E+01 1.00000E+00
 -1      1824-1.19999E+00 4.00661E+01 1.00000E+00
 -1      1829-1.23303E+00 4.00068E+01 1.49957E+00
 -1      1830-1.19936E+00 3.99852E+01 1.49892E+00
 -1      1831-1.16697E+00 4.00357E+01 1.50043E+00
 -1      1832-1.20064E+00 4.00572E+01 1.50108E+00
 -1      1837 1.16697E+00 3.99643E+01 4.99567E-01
 -1      1838 1.20064E+00 3.99428E+01 4.98919E-01
 -1      1839 1.23303E+00 3.99932E+01 5.00433E-01
 -1      1840 1.19936E+00 4.00148E+01 5.01081E-01
 -1      1845 1.16672E+00 3.99561E+01 1.00000E+00
 -1      1846 1.19999E+00 3.99339E+01 1.00000E+00
 -1      1847 1.23328E+00 3.99839E+01 1.00000E+00
 -1      1848 1.20001E+00 4.00061E+01 1.00000E+00
 -1      1853 1.16646E+00 3.99656E+01 1.50040E+00
 -1      1854 1.19930E+00 3.99428E+01 1.50108E+00
 -1      1855 1.23354E+00 3.99920E+01 1.49960E+00
 -1      1856 1.20070E+00 4.00148E+01 1.49892E+00
 -1      1861-6.01023E-01 4.99404E+01-1.16832E-02
 -1      1862-6.00070E-01 4.99722E+01-3.59798E-02
 -1      1863-5.98977E-01 5.00086E+01 1.16832E-02
 -1      1864-5.99930E-01 4.99769E+01 3.59798E-02
 -1      1869 0.00000E+00 4.99300E+01-1.20008E-02
 -1      1870 0.00000E+00 4.99620E+01-3.60000E-02
 -1      1871 0.00000E+00 4.99980E+01 1.20008E-02
 -1      1872 0.00000E+00 4.99660E+01 3.60000E-02
 -1      1877 6.01016E-01 4.99407E+01-1.23359E-02
 -1      1878 6.00049E-01 4.99729E+01-3.60180E-02
 -1      1879 5.98984E-01 5.00084E+01 1.23359E-02
 -1      1880 5.99951E-01 4.99762E+01 3.60180E-02
 -1      1885-5.98984E-01 4.99916E+01 1.98766E+00
 -1      1886-5.99951E-01 5.00238E+01 1.96398E+00
 -1      1887-6.01016E-01 5.00593E+01 2.01234E+00
 -1      1888-6.00049E-01 5.00271E+01 2.03602E+00
 -1      1893 0.00000E+00 5.00020E+01 1.98800E+00
 -1      1894 0.00000E+00 5.00340E+01 1.96400E+00
 -1      1895 0.00000E+00 5.00700E+01 2.01200E+00
 -1      1896 0.00000E+00 5.00380E+01 2.03600E+00
 -1      1901 5.98977E-01 4.99914E+01 1.98832E+00
 -1      1902 5.99930E-01 5.00231E+01 1.96402E+00
 -1      1903 6.01023E-01 5.00596E+01 2.01168E+00
 -1      1904 6.00070E-01 5.00278E+01 2.03598E+00
 -1      1909-1.23354E+00 5.00080E+01 5.00396E-01
 -1      1910-1.20070E+00 4.99852E+01 5.01081E-01
 -1      1911-1.16646E+00 5.00344E+01 4.99604E-01
 -1      1912-1.19930E+00 5.00572E+01 4.98919E-01
 -1      1917-1.23328E+00 5.00161E+01 1.00000E+00
 -1      1918-1.20001E+00 4.99939E+01 1.00000E+00
 -1      1919-1.16672E+00 5.00439E+01 1.00000E+00
 -1      1920-1.19999E+00 5.00661E+01 1.00000E+00
 -1      1925-1.23303E+00 5.00068E+01 1.49957E+00
 -1      1926-1.19936E+00 4.99852E+01 1.49892E+00
 -1      1927-1.16697E+00 5.00357E+01 1.50043E+00
 -1      1928-1.20064E+00 5.00572E+01 1.50108E+00
 -1      1933 1.16697E+00 4.99643E+01 4.99567E-01
 -1      1934 1.20064E+00 4.99428E+01 4.98919E-01
 -1      1935 1.23303E+00 4.99932E+01 5.00433E-01
 -1      1936 1.19936E+00 5.00148E+01 5.01081E-01
 -1      1941 1.16672E+00 4.99561E+01 1.00000E+00
 -1      1942 1.19999E+00 4.99339E+01 1.00000E+00
 -1      1943 1.23328E+00 4.99839E+01 1.00000E+00
 -1      1944 1.20001E+00 5.00061E+01 1.00000E+00
 -1      1949 1.16646E+00 4.99656E+01 1.50040E+00
 -1      1950 1.19930E+00 4.99428E+01 1.50108E+00
 -1      1951 1.23354E+00 4.99920E+01 1.49960E+00
 -1      1952 1.20070E+00 5.00148E+01 1.49892E+00
 -1      1957-1.19777E+00 2.52721E+00 3.58451E-01
 -1      1958-1.23236E+00 2.52386E+00 3.78258E-01
 -1      1959-1.20223E+00 2.51522E+00 4.29417E-01
 -1      1960-1.16764E+00 2.51856E+00 4.09610E-01
 -1      1965-1.19829E+00 5.03706E+00 8.14685E-01
 -1      1966-1.23259E+00 5.03303E+00 8.34866E-01
 -1      1967-1.20171E+00 5.02294E+00 8.85315E-01
 -1      1968-1.16741E+00 5.02697E+00 8.65134E-01
 -1      1973-1.19884E+00 7.52934E+00 1.35882E+00
 -1      1974-1.23282E+00 7.52458E+00 1.37939E+00
 -1      1975-1.20116E+00 7.51309E+00 1.42904E+00
 -1      1976-1.16718E+00 7.51785E+00 1.40848E+00
 -1      1981-1.19407E+00 2.51529E+00 1.57100E+00
 -1      1982-1.23055E+00 2.51802E+00 1.58719E+00
 -1      1983-1.20593E+00 2.52714E+00 1.64113E+00
 -1      1984-1.16945E+00 2.52440E+00 1.62495E+00
 -1      1989-1.19388E+00 5.02303E+00 1.11516E+00
 -1      1990-1.23044E+00 5.02621E+00 1.13106E+00
 -1      1991-1.20612E+00 5.03697E+00 1.18484E+00
 -1      1992-1.16956E+00 5.03379E+00 1.16894E+00
 -1      1997-1.19370E+00 7.51321E+00 5.71480E-01
 -1      1998-1.23034E+00 7.51682E+00 5.87095E-01
 -1      1999-1.20630E+00 7.52922E+00 6.40652E-01
 -1      2000-1.16966E+00 7.52560E+00 6.25037E-01
 -1      2005 1.20223E+00 2.52721E+00 3.58451E-01
 -1      2006 1.16764E+00 2.52386E+00 3.78258E-01
 -1      2007 1.19777E+00 2.51522E+00 4.29417E-01
 -1      2008 1.23236E+00 2.51856E+00 4.09610E-01
 -1      2013 1.20171E+00 5.03706E+00 8.14685E-01
 -1      2014 1.16741E+00 5.03303E+00 8.34866E-01
 -1      2015 1.19829E+00 5.02294E+00 8.85315E-01
 -1      2016 1.23259E+00 5.02697E+00 8.65134E-01
 -1      2021 1.20116E+00 7.52934E+00 1.35882E+00
 -1      2022 1.16718E+00 7.52458E+00 1.37939E+00
 -1      2023 1.19884E+00 7.51309E+00 1.42904E+00
 -1      2024 1.23282E+00 7.51785E+00 1.40848E+00
 -1      2029 1.20593E+00 2.51529E+00 1.57100E+00
 -1      2030 1.16945E+00 2.51802E+00 1.58719E+00
 -1      2031 1.19407E+00 2.52714E+00 1.64113E+00
 -1      2032 1.23055E+00 2.52440E+00 1.62495E+00
 -1      2037 1.20612E+00 5.02303E+00 1.11516E+00
 -1      2038 1.16956E+00 5.02621E+00 1.13106E+00
 -1      2039 1.19388E+00 5.03697E+00 1.18484E+00
 -1      2040 1.23044E+00 5.03379E+00 1.16894E+00
 -1      2045 1.20630E+00 7.51321E+00 5.71480E-01
 -1      2046 1.16966E+00 7.51682E+00 5.87095E-01
 -1      2047 1.19370E+00 7.52922E+00 6.40652E-01
 -1      2048 1.23034E+00 7.52560E+00 6.25037E-01
 -1      2053-4.83328E-01 2.47166E+00-3.43393E-02
 -1      2054-5.20442E-01 2.48175E+00-2.33534E-02
 -1      2055-5.04540E-01 2.47743E+00 3.43393E-02
 -1      2056-4.67426E-01 2.46734E+00 2.33534E-02
 -1      2061 1.59904E-01 4.96162E+00-3.45869E-02
 -1      2062 1.22764E-01 4.97054E+00-2.27046E-02
 -1      2063 1.40096E-01 4.96638E+00 3.45869E-02
 -1      2064 1.77236E-01 4.95746E+00 2.27046E-02
 -1      2069 7.15261E-01 7.47263E+00-3.48107E-02
 -1      2070 6.78146E-01 7.48037E+00-2.20585E-02
 -1      2071 6.96871E-01 7.47646E+00 3.48107E-02
 -1      2072 7.33986E-01 7.46872E+00 2.20585E-02
 -1      2077 4.93632E-01 2.47446E+00-3.60542E-02
 -1      2078 4.61704E-01 2.46578E+00-1.35783E-02
 -1      2079 4.94236E-01 2.47463E+00 3.60542E-02
 -1      2080 5.26164E-01 2.48331E+00 1.35783E-02
 -1      2085-1.49866E-01 4.96403E+00-3.60553E-02
 -1      2086-1.82311E-01 4.95625E+00-1.39944E-02
 -1      2087-1.50134E-01 4.96397E+00 3.60553E-02
 -1      2088-1.17689E-01 4.97175E+00 1.39944E-02
 -1      2093-7.05470E-01 7.47467E+00-3.60504E-02
 -1      2094-7.38413E-01 7.46780E+00-1.44278E-02
 -1      2095-7.06662E-01 7.47442E+00 3.60504E-02
 -1      2096-6.73719E-01 7.48129E+00 1.44278E-02
 -1      2101-4.83328E-01 2.47166E+00 1.96566E+00
 -1      2102-5.20442E-01 2.48175E+00 1.97665E+00
 -1      2103-5.04540E-01 2.47743E+00 2.03434E+00
 -1      2104-4.67426E-01 2.46734E+00 2.02335E+00
 -1      2109 1.59904E-01 4.96162E+00 1.96541E+00
 -1      2110 1.22764E-01 4.97054E+00 1.97730E+00
 -1      2111 1.40096E-01 4.96638E+00 2.03459E+00
 -1      2112 1.77236E-01 4.95746E+00 2.02270E+00
 -1      2117 7.15261E-01 7.47263E+00 1.96519E+00
 -1      2118 6.78146E-01 7.48037E+00 1.97794E+00
 -1      2119 6.96871E-01 7.47646E+00 2.03481E+00
 -1      2120 7.33986E-01 7.46872E+00 2.02206E+00
 -1      2125 4.93632E-01 2.47446E+00 1.96395E+00
 -1      2126 4.61704E-01 2.46578E+00 1.98642E+00
 -1      2127 4.94236E-01 2.47463E+00 2.03605E+00
 -1      2128 5.26164E-01 2.48331E+00 2.01358E+00
 -1      2133-1.49866E-01 4.96403E+00 1.96394E+00
 -1      2134-1.82311E-01 4.95625E+00 1.98601E+00
 -1      2135-1.50134E-01 4.96397E+00 2.03606E+00
 -1      2136-1.17689E-01 4.97175E+00 2.01399E+00
 -1      2141-7.05470E-01 7.47467E+00 1.96395E+00
 -1      2142-7.38413E-01 7.46780E+00 1.98557E+00
 -1      2143-7.06662E-01 7.47442E+00 2.03605E+00
 -1      2144-6.73719E-01 7.48129E+00 2.01443E+00
 -1      2149-1.19777E+00 1.25272E+01 3.58451E-01
 -1      2150-1.23236E+00 1.25239E+01 3.78258E-01
 -1      2151-1.20223E+00 1.25152E+01 4.29417E-01
 -1      2152-1.16764E+00 1.25186E+01 4.09610E-01
 -1      2157-1.19829E+00 1.50371E+01 8.14685E-01
 -1      2158-1.23259E+00 1.50330E+01 8.34866E-01
 -1      2159-1.20171E+00 1.50229E+01 8.85315E-01
 -1      2160-1.16741E+00 1.50270E+01 8.65134E-01
 -1      2165-1.19884E+00 1.75293E+01 1.35882E+00
 -1      2166-1.23282E+00 1.75246E+01 1.37939E+00
 -1      2167-1.20116E+00 1.75131E+01 1.42904E+00
 -1      2168-1.16718E+00 1.75178E+01 1.40848E+00
 -1      2173-1.19407E+00 1.25153E+01 1.57100E+00
 -1      2174-1.23055E+00 1.25180E+01 1.58719E+00
 -1      2175-1.20593E+00 1.25271E+01 1.64113E+00
 -1      2176-1.16945E+00 1.25244E+01 1.62495E+00
 -1      2181-1.19388E+00 1.50230E+01 1.11516E+00
 -1      2182-1.23044E+00 1.50262E+01 1.13106E+00
 -1      2183-1.20612E+00 1.50370E+01 1.18484E+00
 -1      2184-1.16956E+00 1.50338E+01 1.16894E+00
 -1      2189-1.19370E+00 1.75132E+01 5.71480E-01
 -1      2190-1.23034E+00 1.75168E+01 5.87095E-01
 -1      2191-1.20630E+00 1.75292E+01 6.40652E-01
 -1      2192-1.16966E+00 1.75256E+01 6.25037E-01
 -1      2197 1.20223E+00 1.25272E+01 3.58451E-01
 -1      2198 1.16764E+00 1.25239E+01 3.78258E-01
 -1      2199 1.19777E+00 1.25152E+01 4.29417E-01
 -1      2200 1.23236E+00 1.25186E+01 4.09610E-01
 -1      2205 1.20171E+00 1.50371E+01 8.14685E-01
 -1      2206 1.16741E+00 1.50330E+01 8.34866E-01
 -1      2207 1.19829E+00 1.50229E+01 8.85315E-01
 -1      2208 1.23259E+00 1.50270E+01 8.65134E-01
 -1      2213 1.20116E+00 1.75293E+01 1.35882E+00
 -1      2214 1.16718E+00 1.75246E+01 1.37939E+00
 -1      2215 1.19884E+00 1.75131E+01 1.42904E+00
 -1      2216 1.23282E+00 1.75178E+01 1.40848E+00
 -1      2221 1.20593E+00 1.25153E+01 1.57100E+00
 -1      2222 1.16945E+00 1.25180E+01 1.58719E+00
 -1      2223 1.19407E+00 1.25271E+01 1.64113E+00
 -1      2224 1.23055E+00 1.25244E+01 1.62495E+00
 -1      2229 1.20612E+00 1.50230E+01 1.11516E+00
 -1      2230 1.16956E+00 1.50262E+01 1.13106E+00
 -1      2231 1.19388E+00 1.50370E+01 1.18484E+00
 -1      2232 1.23044E+00 1.50338E+01 1.16894E+00
 -1      2237 1.20630E+00 1.75132E+01 5.71480E-01
 -1      2238 1.16966E+00 1.75168E+01 5.87095E-01
 -1      2239 1.19370E+00 1.75292E+01 6.40652E-01
 -1      2240 1.23034E+00 1.75256E+01 6.25037E-01
 -1      2245-4.83328E-01 1.24717E+01-3.43393E-02
 -1      2246-5.20442E-01 1.24818E+01-2.33534E-02
 -1      2247-5.04540E-01 1.24774E+01 3.43393E-02
 -1      2248-4.67426E-01 1.24673E+01 2.33534E-02
 -1      2253 1.59904E-01 1.49616E+01-3.45869E-02
 -1      2254 1.22764E-01 1.49705E+01-2.27046E-02
 -1      2255 1.40096E-01 1.49664E+01 3.45869E-02
 -1      2256 1.77236E-01 1.49575E+01 2.27046E-02
 -1      2261 7.15261E-01 1.74726E+01-3.48107E-02
 -1      2262 6.78146E-01 1.74804E+01-2.20585E-02
 -1      2263 6.96871E-01 1.74765E+01 3.48107E-02
 -1      2264 7.33986E-01 1.74687E+01 2.20585E-02
 -1      2269 4.93632E-01 1.24745E+01-3.60542E-02
 -1      2270 4.61704E-01 1.24658E+01-1.35783E-02
 -1      2271 4.94236E-01 1.24746E+01 3.60542E-02
 -1      2272 5.26164E-01 1.24833E+01 1.35783E-02
 -1      2277-1.49866E-01 1.49640E+01-3.60553E-02
 -1      2278-1.82311E-01 1.49562E+01-1.39944E-02
 -1      2279-1.50134E-01 1.49640E+01 3.60553E-02
 -1      2280-1.17689E-01 1.49718E+01 1.39944E-02
 -1      2285-7.05470E-01 1.74747E+01-3.60504E-02
 -1      2286-7.38413E-01 1.74678E+01-1.44278E-02
 -1      2287-7.06662E-01 1.74744E+01 3.60504E-02
 -1      2288-6.73719E-01 1.74813E+01 1.44278E-02
 -1      2293-4.83328E-01 1.24717E+01 1.96566E+00
 -1      2294-5.20442E-01 1.24818E+01 1.97665E+00
 -1      2295-5.04540E-01 1.24774E+01 2.03434E+00
 -1      2296-4.67426E-01 1.24673E+01 2.02335E+00
 -1      2301 1.59904E-01 1.49616E+01 1.96541E+00
 -1      2302 1.22764E-01 1.49705E+01 1.97730E+00
 -1      2303 1.40096E-01 1.49664E+01 2.03459E+00
 -1      2304 1.77236E-01 1.49575E+01 2.02270E+00
 -1      2309 7.15261E-01 1.74726E+01 1.96519E+00
 -1      2310 6.78146E-01 1.74804E+01 1.97794E+00
 -1      2311 6.96871E-01 1.74765E+01 2.03481E+00
 -1      2312 7.33986E-01 1.74687E+01 2.02206E+00
 -1      2317 4.93632E-01 1.24745E+01 1.96395E+00
 -1      2318 4.61704E-01 1.24658E+01 1.98642E+00
 -1      2319 4.94236E-01 1.24746E+01 2.03605E+00
 -1      2320 5.26164E-01 1.24833E+01 2.01358E+00
 -1      2325-1.49866E-01 1.49640E+01 1.96394E+00
 -1      2326-1.82311E-01 1.49562E+01 1.98601E+00
 -1      2327-1.50134E-01 1.49640E+01 2.03606E+00
 -1      2328-1.17689E-01 1.49718E+01 2.01399E+00
 -1      2333-7.05470E-01 1.74747E+01 1.96395E+00
 -1      2334-7.38413E-01 1.74678E+01 1.98557E+00
 -1      2335-7.06662E-01 1.74744E+01 2.03605E+00
 -1      2336-6.73719E-01 1.74813E+01 2.01443E+00
 -1      2341-1.19777E+00 2.25272E+01 3.58451E-01
 -1      2342-1.23236E+00 2.25239E+01 3.78258E-01
 -1      2343-1.20223E+00 2.25152E+01 4.29417E-01
 -1      2344-1.16764E+00 2.25186E+01 4.09610E-01
 -1      2349-1.19829E+00 2.50371E+01 8.14685E-01
 -1      2350-1.23259E+00 2.50330E+01 8.34866E-01
 -1      2351-1.20171E+00 2.50229E+01 8.85315E-01
 -1      2352-1.16741E+00 2.50270E+01 8.65134E-01
 -1      2357-1.19884E+00 2.75293E+01 1.35882E+00
 -1      2358-1.23282E+00 2.75246E+01 1.37939E+00
 -1      2359-1.20116E+00 2.75131E+01 1.42904E+00
 -1      2360-1.16718E+00 2.75178E+01 1.40848E+00
 -1      2365-1.19407E+00 2.25153E+01 1.57100E+00
 -1      2366-1.23055E+00 2.25180E+01 1.58719E+00
 -1      2367-1.20593E+00 2.25271E+01 1.64113E+00
 -1      2368-1.16945E+00 2.25244E+01 1.62495E+00
 -1      2373-1.19388E+00 2.50230E+01 1.11516E+00
 -1      2374-1.23044E+00 2.50262E+01 1.13106E+00
 -1      2375-1.20612E+00 2.50370E+01 1.18484E+00
 -1      2376-1.16956E+00 2.50338E+01 1.16894E+00
 -1      2381-1.19370E+00 2.75132E+01 5.71480E-01
 -1      2382-1.23034E+00 2.75168E+01 5.87095E-01
 -1      2383-1.20630E+00 2.75292E+01 6.40652E-01
 -1      2384-1.16966E+00 2.75256E+01 6.25037E-01
 -1      2389 1.20223E+00 2.25272E+01 3.58451E-01
 -1      2390 1.16764E+00 2.25239E+01 3.78258E-01
 -1      2391 1.19777E+00 2.25152E+01 4.29417E-01
 -1      2392 1.23236E+00 2.25186E+01 4.09610E-01
 -1      2397 1.20171E+00 2.50371E+01 8.14685E-01
 -1      2398 1.16741E+00 2.50330E+01 8.34866E-01
 -1      2399 1.19829E+00 2.50229E+01 8.85315E-01
 -1      2400 1.23259E+00 2.50270E+01 8.65134E-01
 -1      2405 1.20116E+00 2.75293E+01 1.35882E+00
 -1      2406 1.16718E+00 2.75246E+01 1.37939E+00
 -1      2407 1.19884E+00 2.75131E+01 1.42904E+00
 -1      2408 1.23282E+00 2.75178E+01 1.40848E+00
 -1      2413 1.20593E+00 2.25153E+01 1.57100E+00
 -1      2414 1.16945E+00 2.25180E+01 1.58719E+00
 -1      2415 1.19407E+00 2.25271E+01 1.64113E+00
 -1      2416 1.23055E+00 2.25244E+01 1.62495E+00
 -1      2421 1.20612E+00 2.50230E+01 1.11516E+00
 -1      2422 1.16956E+00 2.50262E+01 1.13106E+00
 -1      2423 1.19388E+00 2.50370E+01 1.18484E+00
 -1      2424 1.23044E+00 2.50338E+01 1.16894E+00
 -1      2429 1.20630E+00 2.75132E+01 5.71480E-01
 -1      2430 1.16966E+00 2.75168E+01 5.87095E-01
 -1      2431 1.19370E+00 2.75292E+01 6.40652E-01
 -1      2432 1.23034E+00 2.75256E+01 6.25037E-01
 -1      2437-4.83328E-01 2.24717E+01-3.43393E-02
 -1      2438-5.20442E-01 2.24818E+01-2.33534E-02
 -1      2439-5.04540E-01 2.24774E+01 3.43393E-02
 -1      2440-4.67426E-01 2.24673E+01 2.33534E-02
 -1      2445 1.59904E-01 2.49616E+01-3.45869E-02
 -1      2446 1.22764E-01 2.49705E+01-2.27046E-02
 -1      2447 1.40096E-01 2.49664E+01 3.45869E-02
 -1      2448 1.77236E-01 2.49575E+01 2.27046E-02
 -1      2453 7.15261E-01 2.74726E+01-3.48107E-02
 -1      2454 6.78146E-01 2.74804E+01-2.20585E-02
 -1      2455 6.96871E-01 2.74765E+01 3.48107E-02
 -1      2456 7.33986E-01 2.74687E+01 2.20585E-02
 -1      2461 4.93632E-01 2.24745E+01-3.60542E-02
 -1      2462 4.61704E-01 2.24658E+01-1.35783E-02
 -1      2463 4.94236E-01 2.24746E+01 3.60542E-02
 -1      2464 5.26164E-01 2.24833E+01 1.35783E-02
 -1      2469-1.49866E-01 2.49640E+01-3.60553E-02
 -1      2470-1.82311E-01 2.49562E+01-1.39944E-02
 -1      2471-1.50134E-01 2.49640E+01 3.60553E-02
 -1      2472-1.17689E-01 2.49718E+01 1.39944E-02
 -1      2477-7.05470E-01 2.74747E+01-3.60504E-02
 -1      2478-7.38413E-01 2.74678E+01-1.44278E-02
 -1      2479-7.06662E-01 2.74744E+01 3.60504E-02
 -1      2480-6.73719E-01 2.74813E+01 1.44278E-02
 -1      2485-4.83328E-01 2.24717E+01 1.96566E+00
 -1      2486-5.20442E-01 2.24818E+01 1.97665E+00
 -1      2487-5.04540E-01 2.24774E+01 2.03434E+00
 -1      2488-4.67426E-01 2.24673E+01 2.02335E+00
 -1      2493 1.59904E-01 2.49616E+01 1.96541E+00
 -1      2494 1.22764E-01 2.49705E+01 1.97730E+00
 -1      2495 1.40096E-01 2.49664E+01 2.03459E+00
 -1      2496 1.77236E-01 2.49575E+01 2.02270E+00
 -1      2501 7.15261E-01 2.74726E+01 1.96519E+00
 -1      2502 6.78146E-01 2.74804E+01 1.97794E+00
 -1      2503 6.96871E-01 2.74765E+01 2.03481E+00
 -1      2504 7.33986E-01 2.74687E+01 2.02206E+00
 -1      2509 4.93632E-01 2.24745E+01 1.96395E+00
 -1      2510 4.61704E-01 2.24658E+01 1.98642E+00
 -1      2511 4.94236E-01 2.24746E+01 2.03605E+00
 -1      2512 5.26164E-01 2.24833E+01 2.01358E+00
 -1      2517-1.49866E-01 2.49640E+01 1.96394E+00
 -1      2518-1.82311E-01 2.49562E+01 1.98601E+00
 -1      2519-1.50134E-01 2.49640E+01 2.03606E+00
 -1      2520-1.17689E-01 2.49718E+01 2.01399E+00
 -1      2525-7.05470E-01 2.74747E+01 1.96395E+00
 -1      2526-7.38413E-01 2.74678E+01 1.98557E+00
 -1      2527-7.06662E-01 2.74744E+01 2.03605E+00
 -1      2528-6.73719E-01 2.74813E+01 2.01443E+00
 -1      2533-1.19777E+00 3.25272E+01 3.58451E-01
 -1      2534-1.23236E+00 3.25239E+01 3.78258E-01
 -1      2535-1.20223E+00 3.25152E+01 4.29417E-01
 -1      2536-1.16764E+00 3.25186E+01 4.09610E-01
 -1      2541-1.19829E+00 3.50371E+01 8.14685E-01
 -1      2542-1.23259E+00 3.50330E+01 8.34866E-01
 -1      2543-1.20171E+00 3.50229E+01 8.85315E-01
 -1      2544-1.16741E+00 3.50270E+01 8.65134E-01
 -1      2549-1.19884E+00 3.75293E+01 1.35882E+00
 -1      2550-1.23282E+00 3.75246E+01 1.37939E+00
 -1      2551-1.20116E+00 3.75131E+01 1.42904E+00
 -1      2552-1.16718E+00 3.75178E+01 1.40848E+00
 -1      2557-1.19407E+00 3.25153E+01 1.57100E+00
 -1      2558-1.23055E+00 3.25180E+01 1.58719E+00
 -1      2559-1.20593E+00 3.25271E+01 1.64113E+00
 -1      2560-1.16945E+00 3.25244E+01 1.62495E+00
 -1      2565-1.19388E+00 3.50230E+01 1.11516E+00
 -1      2566-1.23044E+00 3.50262E+01 1.13106E+00
 -1      2567-1.20612E+00 3.50370E+01 1.18484E+00
 -1      2568-1.16956E+00 3.50338E+01 1.16894E+00
 -1      2573-1.19370E+00 3.75132E+01 5.71480E-01
 -1      2574-1.23034E+00 3.75168E+01 5.87095E-01
 -1      2575-1.20630E+00 3.75292E+01 6.40652E-01
 -1      2576-1.16966E+00 3.75256E+01 6.25037E-01
 -1      2581 1.20223E+00 3.25272E+01 3.58451E-01
 -1      2582 1.16764E+00 3.25239E+01 3.78258E-01
 -1      2583 1.19777E+00 3.25152E+01 4.29417E-01
 -1      2584 1.23236E+00 3.25186E+01 4.09610E-01
 -1      2589 1.20171E+00 3.50371E+01 8.14685E-01
 -1      2590 1.16741E+00 3.50330E+01 8.34866E-01
 -1      2591 1.19829E+00 3.50229E+01 8.85315E-01
 -1      2592 1.23259E+00 3.50270E+01 8.65134E-01
 -1      2597 1.20116E+00 3.75293E+01 1.35882E+00
 -1      2598 1.16718E+00 3.75246E+01 1.37939E+00
 -1      2599 1.19884E+00 3.75131E+01 1.42904E+00
 -1      2600 1.23282E+00 3.75178E+01 1.40848E+00
 -1      2605 1.20593E+00 3.25153E+01 1.57100E+00
 -1      2606 1.16945E+00 3.25180E+01 1.58719E+00
 -1      2607 1.19407E+00 3.25271E+01 1.64113E+00
 -1      2608 1.23055E+00 3.25244E+01 1.62495E+00
 -1      2613 1.20612E+00 3.50230E+01 1.11516E+00
 -1      2614 1.16956E+00 3.50262E+01 1.13106E+00
 -1      2615 1.19388E+00 3.50370E+01 1.18484E+00
 -1      2616 1.23044E+00 3.50338E+01 1.16894E+00
 -1      2621 1.20630E+00 3.75132E+01 5.71480E-01
 -1      2622 1.16966E+00 3.75168E+01 5.87095E-01
 -1      2623 1.19370E+00 3.75292E+01 6.40652E-01
 -1      2624 1.23034E+00 3.75256E+01 6.25037E-01
 -1      2629-4.83328E-01 3.24717E+01-3.43393E-02
 -1      2630-5.20442E-01 3.24818E+01-2.33534E-02
 -1      2631-5.04540E-01 3.24774E+01 3.43393E-02
 -1      2632-4.67426E-01 3.24673E+01 2.33534E-02
 -1      2637 1.59904E-01 3.49616E+01-3.45869E-02
 -1      2638 1.22764E-01 3.49705E+01-2.27046E-02
 -1      2639 1.40096E-01 3.49664E+01 3.45869E-02
 -1      2640 1.77236E-01 3.49575E+01 2.27046E-02
 -1      2645 7.15261E-01 3.74726E+01-3.48107E-02
 -1      2646 6.78146E-01 3.74804E+01-2.20585E-02
 -1      2647 6.96871E-01 3.74765E+01 3.48107E-02
 -1      2648 7.33986E-01 3.74687E+01 2.20585E-02
 -1      2653 4.93632E-01 3.24745E+01-3.60542E-02
 -1      2654 4.61704E-01 3.24658E+01-1.35783E-02
 -1      2655 4.94236E-01 3.24746E+01 3.60542E-02
 -1      2656 5.26164E-01 3.24833E+01 1.35783E-02
 -1      2661-1.49866E-01 3.49640E+01-3.60553E-02
 -1      2662-1.82311E-01 3.49562E+01-1.39944E-02
 -1      2663-1.50134E-01 3.49640E+01 3.60553E-02
 -1      2664-1.17689E-01 3.49718E+01 1.39944E-02
 -1      2669-7.05470E-01 3.74747E+01-3.60504E-02
 -1      2670-7.38413E-01 3.74678E+01-1.44278E-02
 -1      2671-7.06662E-01 3.74744E+01 3.60504E-02
 -1      2672-6.73719E-01 3.74813E+01 1.44278E-02
 -1      2677-4.83328E-01 3.24717E+01 1.96566E+00
 -1      2678-5.20442E-01 3.24818E+01 1.97665E+00
 -1      2679-5.04540E-01 3.24774E+01 2.03434E+00
 -1      2680-4.67426E-01 3.24673E+01 2.02335E+00
 -1      2685 1.59904E-01 3.49616E+01 1.96541E+00
 -1      2686 1.22764E-01 3.49705E+01 1.97730E+00
 -1      2687 1.40096E-01 3.49664E+01 2.03459E+00
 -1      2688 1.77236E-01 3.49575E+01 2.02270E+00
 -1      2693 7.15261E-01 3.74726E+01 1.96519E+00
 -1      2694 6.78146E-01 3.74804E+01 1.97794E+00
 -1      2695 6.96871E-01 3.74765E+01 2.03481E+00
 -1      2696 7.33986E-01 3.74687E+01 2.02206E+00
 -1      2701 4.93632E-01 3.24745E+01 1.96395E+00
 -1      2702 4.61704E-01 3.24658E+01 1.98642E+00
 -1      2703 4.94236E-01 3.24746E+01 2.03605E+00
 -1      2704 5.26164E-01 3.24833E+01 2.01358E+00
 -1      2709-1.49866E-01 3.49640E+01 1.96394E+00
 -1      2710-1.82311E-01 3.49562E+01 1.98601E+00
 -1      2711-1.50134E-01 3.49640E+01 2.03606E+00
 -1      2712-1.17689E-01 3.49718E+01 2.01399E+00
 -1      2717-7.05470E-01 3.74747E+01 1.96395E+00
 -1      2718-7.38413E-01 3.74678E+01 1.98557E+00
 -1      2719-7.06662E-01 3.74744E+01 2.03605E+00
 -1      2720-6.73719E-01 3.74813E+01 2.01443E+00
 -1      2725-1.19777E+00 4.25272E+01 3.58451E-01
 -1      2726-1.23236E+00 4.25239E+01 3.78258E-01
 -1      2727-1.20223E+00 4.25152E+01 4.29417E-01
 -1      2728-1.16764E+00 4.25186E+01 4.09610E-01
 -1      2733-1.19829E+00 4.50371E+01 8.14685E-01
 -1      2734-1.23259E+00 4.50330E+01 8.34866E-01
 -1      2735-1.20171E+00 4.50229E+01 8.85315E-01
 -1      2736-1.16741E+00 4.50270E+01 8.65134E-01
 -1      2741-1.19884E+00 4.75293E+01 1.35882E+00
 -1      2742-1.23282E+00 4.75246E+01 1.37939E+00
 -1      2743-1.20116E+00 4.75131E+01 1.42904E+00
 -1      2744-1.16718E+00 4.75178E+01 1.40848E+00
 -1      2749-1.19407E+00 4.25153E+01 1.57100E+00
 -1      2750-1.23055E+00 4.25180E+01 1.58719E+00
 -1      2751-1.20593E+00 4.25271E+01 1.64113E+00
 -1      2752-1.16945E+00 4.25244E+01 1.62495E+00
 -1      2757-1.19388E+00 4.50230E+01 1.11516E+00
 -1      2758-1.23044E+00 4.50262E+01 1.13106E+00
 -1      2759-1.20612E+00 4.50370E+01 1.18484E+00
 -1      2760-1.16956E+00 4.50338E+01 1.16894E+00
 -1      2765-1.19370E+00 4.75132E+01 5.71480E-01
 -1      2766-1.23034E+00 4.75168E+01 5.87095E-01
 -1      2767-1.20630E+00 4.75292E+01 6.40652E-01
 -1      2768-1.16966E+00 4.75256E+01 6.25037E-01
 -1      2773 1.20223E+00 4.25272E+01 3.58451E-01
 -1      2774 1.16764E+00 4.25239E+01 3.78258E-01
 -1      2775 1.19777E+00 4.25152E+01 4.29417E-01
 -1      2776 1.23236E+00 4.25186E+01 4.09610E-01
 -1      2781 1.20171E+00 4.50371E+01 8.14685E-01
 -1      2782 1.16741E+00 4.50330E+01 8.34866E-01
 -1      2783 1.19829E+00 4.50229E+01 8.85315E-01
 -1      2784 1.23259E+00 4.50270E+01 8.65134E-01
 -1      2789 1.20116E+00 4.75293E+01 1.35882E+00
 -1      2790 1.16718E+00 4.75246E+01 1.37939E+00
 -1      2791 1.19884E+00 4.75131E+01 1.42904E+00
 -1      2792 1.23282E+00 4.75178E+01 1.40848E+00
 -1      2797 1.20593E+00 4.25153E+01 1.57100E+00
 -1      2798 1.16945E+00 4.25180E+01 1.58719E+00
 -1      2799 1.19407E+00 4.25271E+01 1.64113E+00
 -1      2800 1.23055E+00 4.25244E+01 1.62495E+00
 -1      2805 1.20612E+00 4.50230E+01 1.11516E+00
 -1      2806 1.16956E+00 4.50262E+01 1.13106E+00
 -1      2807 1.19388E+00 4.50370E+01 1.18484E+00
 -1      2808 1.23044E+00 4.50338E+01 1.16894E+00
 -1      2813 1.20630E+00 4.75132E+01 5.71480E-01
 -1      2814 1.16966E+00 4.75168E+01 5.87095E-01
 -1      2815 1.19370E+00 4.75292E+01 6.40652E-01
 -1      2816 1.23034E+00 4.75256E+01 6.25037E-01
 -1      2821-4.83328E-01 4.24717E+01-3.43393E-02
 -1      2822-5.20442E-01 4.24818E+01-2.33534E-02
 -1      2823-5.04540E-01 4.24774E+01 3.43393E-02
 -1      2824-4.67426E-01 4.24673E+01 2.33534E-02
 -1      2829 1.59904E-01 4.49616E+01-3.45869E-02
 -1      2830 1.22764E-01 4.49705E+01-2.27046E-02
 -1      2831 1.40096E-01 4.49664E+01 3.45869E-02
 -1      2832 1.77236E-01 4.49575E+01 2.27046E-02
 -1      2837 7.15261E-01 4.74726E+01-3.48107E-02
 -1      2838 6.78146E-01 4.74804E+01-2.20585E-02
 -1      2839 6.96871E-01 4.74765E+01 3.48107E-02
 -1      2840 7.33986E-01 4.74687E+01 2.20585E-02
 -1      2845 4.93632E-01 4.24745E+01-3.60542E-02
 -1      2846 4.61704E-01 4.24658E+01-1.35783E-02
 -1      2847 4.94236E-01 4.24746E+01 3.60542E-02
 -1      2848 5.26164E-01 4.24833E+01 1.35783E-02
 -1      2853-1.49866E-01 4.49640E+01-3.60553E-02
 -1      2854-1.82311E-01 4.49562E+01-1.39944E-02
 -1      2855-1.50134E-01 4.49640E+01 3.60553E-02
 -1      2856-1.17689E-01 4.49718E+01 1.39944E-02
 -1      2861-7.05470E-01 4.74747E+01-3.60504E-02
 -1      2862-7.38413E-01 4.74678E+01-1.44278E-02
 -1      2863-7.06662E-01 4.74744E+01 3.60504E-02
 -1      2864-6.73719E-01 4.74813E+01 1.44278E-02
 -1      2869-4.83328E-01 4.24717E+01 1.96566E+00
 -1      2870-5.20442E-01 4.24818E+01 1.97665E+00
 -1      2871-5.04540E-01 4.24774E+01 2.03434E+00
 -1      2872-4.67426E-01 4.24673E+01 2.02335E+00
 -1      2877 1.59904E-01 4.49616E+01 1.96541E+00
 -1      2878 1.22764E-01 4.49705E+01 1.97730E+00
 -1      2879 1.40096E-01 4.49664E+01 2.03459E+00
 -1      2880 1.77236E-01 4.49575E+01 2.02270E+00
 -1      2885 7.15261E-01 4.74726E+01 1.96519E+00
 -1      2886 6.78146E-01 4.74804E+01 1.97794E+00
 -1      2887 6.96871E-01 4.74765E+01 2.03481E+00
 -1      2888 7.33986E-01 4.74687E+01 2.02206E+00
 -1      2893 4.93632E-01 4.24745E+01 1.96395E+00
 -1      2894 4.61704E-01 4.24658E+01 1.98642E+00
 -1      2895 4.94236E-01 4.24746E+01 2.03605E+00
 -1      2896 5.26164E-01 4.24833E+01 2.01358E+00
 -1      2901-1.49866E-01 4.49640E+01 1.96394E+00
 -1      2902-1.82311E-01 4.49562E+01 1.98601E+00
 -1      2903-1.50134E-01 4.49640E+01 2.03606E+00
 -1      2904-1.17689E-01 4.49718E+01 2.01399E+00
 -1      2909-7.05470E-01 4.74747E+01 1.96395E+00
 -1      2910-7.38413E-01 4.74678E+01 1.98557E+00
 -1      2911-7.06662E-01 4.74744E+01 2.03605E+00
 -1      2912-6.73719E-01 4.74813E+01 2.01443E+00
 -3
    3C                           272                                     1
 -1         1    1    0    1
 -2       213      1413      1414       214       216      1416      1415       215
 -1         2    1    0    1
 -2      1413       413       414      1414      1416       416       415      1415
 -1         3    1    0    1
 -2       263      1421      1422       264       266      1424      1423       265
 -1         4    1    0    1
 -2      1421       463       464      1422      1424       466       465      1423
 -1         5    1    0    1
 -2       313      1429      1430       314       316      1432      1431       315
 -1         6    1    0    1
 -2      1429       513       514      1430      1432       516       515      1431
 -1         7    1    0    1
 -2       363      1437      1438       364       366      1440      1439       365
 -1         8    1    0    1
 -2      1437       563       564      1438      1440       566       565      1439
 -1         9    1    0    1
 -2       413      1445      1446       414       416      1448      1447       415
 -1        10    1    0    1
 -2      1445       613       614      1446      1448       616       615      1447
 -1        11    1    0    1
 -2       463      1453      1454       464       466      1456      1455       465
 -1        12    1    0    1
 -2      1453       663       664      1454      1456       666       665      1455
 -1        13    1    0    1
 -2       513      1461      1462       514       516      1464      1463       515
 -1        14    1    0    1
 -2      1461       713       714      1462      1464       716       715      1463
 -1        15    1    0    1
 -2       563      1469      1470       564       566      1472      1471       565
 -1        16    1    0    1
 -2      1469       763       764      1470      1472       766       765      1471
 -1        17    1    0    1
 -2       613      1477      1478       614       616      1480      1479       615
 -1        18    1    0    1
 -2      1477       813       814      1478      1480       816       815      1479
 -1        19    1    0    1
 -2       663      1485      1486       664       666      1488      1487       665
 -1        20    1    0    1
 -2      1485       863       864      1486      1488       866       865      1487
 -1        21    1    0    1
 -2       713      1493      1494       714       716      1496      1495       715
 -1        22    1    0    1
 -2      1493       913       914      1494      1496       916       915      1495
 -1        23    1    0    1
 -2       763      1501      1502       764       766      1504      1503       765
 -1        24    1    0    1
 -2      1501       963       964      1502      1504       966       965      1503
 -1        25    1    0    1
 -2       813      1509      1510       814       816      1512      1511       815
 -1        26    1    0    1
 -2      1509      1013      1014      1510      1512      1016      1015      1511
 -1        27    1    0    1
 -2       863      1517      1518       864       866      1520      1519       865
 -1        28    1    0    1
 -2      1517      1063      1064      1518      1520      1066      1065      1519
 -1        29    1    0    1
 -2       913      1525      1526       914       916      1528      1527       915
 -1        30    1    0    1
 -2      1525      1113      1114      1526      1528      1116      1115      1527
 -1        31    1    0    1
 -2       963      1533      1534       964       966      1536      1535       965
 -1        32    1    0    1
 -2      1533      1163      1164      1534      1536      1166      1165      1535
 -1        33    1    0    1
 -2      1013      1541      1542      1014      1016      1544      1543      1015
 -1        34    1    0    1
 -2      1541      1549      1550      1542      1544      1552      1551      1543
 -1        35    1    0    1
 -2      1549      1557      1558      1550      1552      1560      1559      1551
 -1        36    1    0    1
 -2      1557      1213      1214      1558      1560      1216      1215      1559
 -1        37    1    0    1
 -2      1063      1565      1566      1064      1066      1568      1567      1065
 -1        38    1    0    1
 -2      1565      1573      1574      1566      1568      1576      1575      1567
 -1        39    1    0    1
 -2      1573      1581      1582      1574      1576      1584      1583      1575
 -1        40    1    0    1
 -2      1581      1263      1264      1582      1584      1266      1265      1583
 -1        41    1    0    1
 -2      1113      1589      1590      1114      1116      1592      1591      1115
 -1        42    1    0    1
 -2      1589      1597      1598      1590      1592      1600      1599      1591
 -1        43    1    0    1
 -2      1597      1605      1606      1598      1600      1608      1607      1599
 -1        44    1    0    1
 -2      1605      1313      1314      1606      1608      1316      1315      1607
 -1        45    1    0    1
 -2      1163      1613      1614      1164      1166      1616      1615      1165
 -1        46    1    0    1
 -2      1613      1621      1622      1614      1616      1624      1623      1615
 -1        47    1    0    1
 -2      1621      1629      1630      1622      1624      1632      1631      1623
 -1        48    1    0    1
 -2      1629      1363      1364      1630      1632      1366      1365      1631
 -1        49    1    0    1
 -2       221      1637      1638       222       224      1640      1639       223
 -1        50    1    0    1
 -2      1637       271       272      1638      1640       274       273      1639
 -1        51    1    0    1
 -2       321      1645      1646       322       324      1648      1647       323
 -1        52    1    0    1
 -2      1645       371       372      1646      1648       374       373      1647
 -1        53    1    0    1
 -2       229      1653      1654       230       232      1656      1655       231
 -1        54    1    0    1
 -2      1653       329       330      1654      1656       332       331      1655
 -1        55    1    0    1
 -2       279      1661      1662       280       282      1664      1663       281
 -1        56    1    0    1
 -2      1661       379       380      1662      1664       382       381      1663
 -1        57    1    0    1
 -2       421      1669      1670       422       424      1672      1671       423
 -1        58    1    0    1
 -2      1669       471       472      1670      1672       474       473      1671
 -1        59    1    0    1
 -2       521      1677      1678       522       524      1680      1679       523
 -1        60    1    0    1
 -2      1677       571       572      1678      1680       574       573      1679
 -1        61    1    0    1
 -2       429      1685      1686       430       432      1688      1687       431
 -1        62    1    0    1
 -2      1685       529       530      1686      1688       532       531      1687
 -1        63    1    0    1
 -2       479      1693      1694       480       482      1696      1695       481
 -1        64    1    0    1
 -2      1693       579       580      1694      1696       582       581      1695
 -1        65    1    0    1
 -2       621      1701      1702       622       624      1704      1703       623
 -1        66    1    0    1
 -2      1701       671       672      1702      1704       674       673      1703
 -1        67    1    0    1
 -2       721      1709      1710       722       724      1712      1711       723
 -1        68    1    0    1
 -2      1709       771       772      1710      1712       774       773      1711
 -1        69    1    0    1
 -2       629      1717      1718       630       632      1720      1719       631
 -1        70    1    0    1
 -2      1717       729       730      1718      1720       732       731      1719
 -1        71    1    0    1
 -2       679      1725      1726       680       682      1728      1727       681
 -1        72    1    0    1
 -2      1725       779       780      1726      1728       782       781      1727
 -1        73    1    0    1
 -2       821      1733      1734       822       824      1736      1735       823
 -1        74    1    0    1
 -2      1733       871       872      1734      1736       874       873      1735
 -1        75    1    0    1
 -2       921      1741      1742       922       924      1744      1743       923
 -1        76    1    0    1
 -2      1741       971       972      1742      1744       974       973      1743
 -1        77    1    0    1
 -2       829      1749      1750       830       832      1752      1751       831
 -1        78    1    0    1
 -2      1749       929       930      1750      1752       932       931      1751
 -1        79    1    0    1
 -2       879      1757      1758       880       882      1760      1759       881
 -1        80    1    0    1
 -2      1757       979       980      1758      1760       982       981      1759
 -1        81    1    0    1
 -2      1021      1765      1766      1022      1024      1768      1767      1023
 -1        82    1    0    1
 -2      1765      1773      1774      1766      1768      1776      1775      1767
 -1        83    1    0    1
 -2      1773      1781      1782      1774      1776      1784      1783      1775
 -1        84    1    0    1
 -2      1781      1071      1072      1782      1784      1074      1073      1783
 -1        85    1    0    1
 -2      1121      1789      1790      1122      1124      1792      1791      1123
 -1        86    1    0    1
 -2      1789      1797      1798      1790      1792      1800      1799      1791
 -1        87    1    0    1
 -2      1797      1805      1806      1798      1800      1808      1807      1799
 -1        88    1    0    1
 -2      1805      1171      1172      1806      1808      1174      1173      1807
 -1        89    1    0    1
 -2      1029      1813      1814      1030      1032      1816      1815      1031
 -1        90    1    0    1
 -2      1813      1821      1822      1814      1816      1824      1823      1815
 -1        91    1    0    1
 -2      1821      1829      1830      1822      1824      1832      1831      1823
 -1        92    1    0    1
 -2      1829      1129      1130      1830      1832      1132      1131      1831
 -1        93    1    0    1
 -2      1079      1837      1838      1080      1082      1840      1839      1081
 -1        94    1    0    1
 -2      1837      1845      1846      1838      1840      1848      1847      1839
 -1        95    1    0    1
 -2      1845      1853      1854      1846      1848      1856      1855      1847
 -1        96    1    0    1
 -2      1853      1179      1180      1854      1856      1182      1181      1855
 -1        97    1    0    1
 -2      1221      1861      1862      1222      1224      1864      1863      1223
 -1        98    1    0    1
 -2      1861      1869      1870      1862      1864      1872      1871      1863
 -1        99    1    0    1
 -2      1869      1877      1878      1870      1872      1880      1879      1871
 -1       100    1    0    1
 -2      1877      1271      1272      1878      1880      1274      1273      1879
 -1       101    1    0    1
 -2      1321      1885      1886      1322      1324      1888      1887      1323
 -1       102    1    0    1
 -2      1885      1893      1894      1886      1888      1896      1895      1887
 -1       103    1    0    1
 -2      1893      1901      1902      1894      1896      1904      1903      1895
 -1       104    1    0    1
 -2      1901      1371      1372      1902      1904      1374      1373      1903
 -1       105    1    0    1
 -2      1229      1909      1910      1230      1232      1912      1911      1231
 -1       106    1    0    1
 -2      1909      1917      1918      1910      1912      1920      1919      1911
 -1       107    1    0    1
 -2      1917      1925      1926      1918      1920      1928      1927      1919
 -1       108    1    0    1
 -2      1925      1329      1330      1926      1928      1332      1331      1927
 -1       109    1    0    1
 -2      1279      1933      1934      1280      1282      1936      1935      1281
 -1       110    1    0    1
 -2      1933      1941      1942      1934      1936      1944      1943      1935
 -1       111    1    0    1
 -2      1941      1949      1950      1942      1944      1952      1951      1943
 -1       112    1    0    1
 -2      1949      1379      1380      1950      1952      1382      1381      1951
 -1       113    1    0    1
 -2       213      1957      1958       214       216      1960      1959       215
 -1       114    1    0    1
 -2      1957      1965      1966      1958      1960      1968      1967      1959
 -1       115    1    0    1
 -2      1965      1973      1974      1966      1968      1976      1975      1967
 -1       116    1    0    1
 -2      1973       513       514      1974      1976       516       515      1975
 -1       117    1    0    1
 -2       313      1981      1982       314       316      1984      1983       315
 -1       118    1    0    1
 -2      1981      1989      1990      1982      1984      1992      1991      1983
 -1       119    1    0    1
 -2      1989      1997      1998      1990      1992      2000      1999      1991
 -1       120    1    0    1
 -2      1997       413       414      1998      2000       416       415      1999
 -1       121    1    0    1
 -2       263      2005      2006       264       266      2008      2007       265
 -1       122    1    0    1
 -2      2005      2013      2014      2006      2008      2016      2015      2007
 -1       123    1    0    1
 -2      2013      2021      2022      2014      2016      2024      2023      2015
 -1       124    1    0    1
 -2      2021       563       564      2022      2024       566       565      2023
 -1       125    1    0    1
 -2       363      2029      2030       364       366      2032      2031       365
 -1       126    1    0    1
 -2      2029      2037      2038      2030      2032      2040      2039      2031
 -1       127    1    0    1
 -2      2037      2045      2046      2038      2040      2048      2047      2039
 -1       128    1    0    1
 -2      2045       463       464      2046      2048       466       465      2047
 -1       129    1    0    1
 -2       213      2053      2054       214       216      2056      2055       215
 -1       130    1    0    1
 -2      2053      2061      2062      2054      2056      2064      2063      2055
 -1       131    1    0    1
 -2      2061      2069      2070      2062      2064      2072      2071      2063
 -1       132    1    0    1
 -2      2069       463       464      2070      2072       466       465      2071
 -1       133    1    0    1
 -2       263      2077      2078       264       266      2080      2079       265
 -1       134    1    0    1
 -2      2077      2085      2086      2078      2080      2088      2087      2079
 -1       135    1    0    1
 -2      2085      2093      2094      2086      2088      2096      2095      2087
 -1       136    1    0    1
 -2      2093       413       414      2094      2096       416       415      2095
 -1       137    1    0    1
 -2       313      2101      2102       314       316      2104      2103       315
 -1       138    1    0    1
 -2      2101      2109      2110      2102      2104      2112      2111      2103
 -1       139    1    0    1
 -2      2109      2117      2118      2110      2112      2120      2119      2111
 -1       140    1    0    1
 -2      2117       563       564      2118      2120       566       565      2119
 -1       141    1    0    1
 -2       363      2125      2126       364       366      2128      2127       365
 -1       142    1    0    1
 -2      2125      2133      2134      2126      2128      2136      2135      2127
 -1       143    1    0    1
 -2      2133      2141      2142      2134      2136      2144      2143      2135
 -1       144    1    0    1
 -2      2141       513       514      2142      2144       516       515      2143
 -1       145    1    0    1
 -2       413      2149      2150       414       416      2152      2151       415
 -1       146    1    0    1
 -2      2149      2157      2158      2150      2152      2160      2159      2151
 -1       147    1    0    1
 -2      2157      2165      2166      2158      2160      2168      2167      2159
 -1       148    1    0    1
 -2      2165       713       714      2166      2168       716       715      2167
 -1       149    1    0    1
 -2       513      2173      2174       514       516      2176      2175       515
 -1       150    1    0    1
 -2      2173      2181      2182      2174      2176      2184      2183      2175
 -1       151    1    0    1
 -2      2181      2189      2190      2182      2184      2192      2191      2183
 -1       152    1    0    1
 -2      2189       613       614      2190      2192       616       615      2191
 -1       153    1    0    1
 -2       463      2197      2198       464       466      2200      2199       465
 -1       154    1    0    1
 -2      2197      2205      2206      2198      2200      2208      2207      2199
 -1       155    1    0    1
 -2      2205      2213      2214      2206      2208      2216      2215      2207
 -1       156    1    0    1
 -2      2213       763       764      2214      2216       766       765      2215
 -1       157    1    0    1
 -2       563      2221      2222       564       566      2224      2223       565
 -1       158    1    0    1
 -2      2221      2229      2230      2222      2224      2232      2231      2223
 -1       159    1    0    1
 -2      2229      2237      2238      2230      2232      2240      2239      2231
 -1       160    1    0    1
 -2      2237       663       664      2238      2240       666       665      2239
 -1       161    1    0    1
 -2       413      2245      2246       414       416      2248      2247       415
 -1       162    1    0    1
 -2      2245      2253      2254      2246      2248      2256      2255      2247
 -1       163    1    0    1
 -2      2253      2261      2262      2254      2256      2264      2263      2255
 -1       164    1    0    1
 -2      2261       663       664      2262      2264       666       665      2263
 -1       165    1    0    1
 -2       463      2269      2270       464       466      2272      2271       465
 -1       166    1    0    1
 -2      2269      2277      2278      2270      2272      2280      2279      2271
 -1       167    1    0    1
 -2      2277      2285      2286      2278      2280      2288      2287      2279
 -1       168    1    0    1
 -2      2285       613       614      2286      2288       616       615      2287
 -1       169    1    0    1
 -2       513      2293      2294       514       516      2296      2295       515
 -1       170    1    0    1
 -2      2293      2301      2302      2294      2296      2304      2303      2295
 -1       171    1    0    1
 -2      2301      2309      2310      2302      2304      2312      2311      2303
 -1       172    1    0    1
 -2      2309       763       764      2310      2312       766       765      2311
 -1       173    1    0    1
 -2       563      2317      2318       564       566      2320      2319       565
 -1       174    1    0    1
 -2      2317      2325      2326      2318      2320      2328      2327      2319
 -1       175    1    0    1
 -2      2325      2333      2334      2326      2328      2336      2335      2327
 -1       176    1    0    1
 -2      2333       713       714      2334      2336       716       715      2335
 -1       177    1    0    1
 -2       613      2341      2342       614       616      2344      2343       615
 -1       178    1    0    1
 -2      2341      2349      2350      2342      2344      2352      2351      2343
 -1       179    1    0    1
 -2      2349      2357      2358      2350      2352      2360      2359      2351
 -1       180    1    0    1
 -2      2357       913       914      2358      2360       916       915      2359
 -1       181    1    0    1
 -2       713      2365      2366       714       716      2368      2367       715
 -1       182    1    0    1
 -2      2365      2373      2374      2366      2368      2376      2375      2367
 -1       183    1    0    1
 -2      2373      2381      2382      2374      2376      2384      2383      2375
 -1       184    1    0    1
 -2      2381       813       814      2382      2384       816       815      2383
 -1       185    1    0    1
 -2       663      2389      2390       664       666      2392      2391       665
 -1       186    1    0    1
 -2      2389      2397      2398      2390      2392      2400      2399      2391
 -1       187    1    0    1
 -2      2397      2405      2406      2398      2400      2408      2407      2399
 -1       188    1    0    1
 -2      2405       963       964      2406      2408       966       965      2407
 -1       189    1    0    1
 -2       763      2413      2414       764       766      2416      2415       765
 -1       190    1    0    1
 -2      2413      2421      2422      2414      2416      2424      2423      2415
 -1       191    1    0    1
 -2      2421      2429      2430      2422      2424      2432      2431      2423
 -1       192    1    0    1
 -2      2429       863       864      2430      2432       866       865      2431
 -1       193    1    0    1
 -2       613      2437      2438       614       616      2440      2439       615
 -1       194    1    0    1
 -2      2437      2445      2446      2438      2440      2448      2447      2439
 -1       195    1    0    1
 -2      2445      2453      2454      2446      2448      2456      2455      2447
 -1       196    1    0    1
 -2      2453       863       864      2454      2456       866       865      2455
 -1       197    1    0    1
 -2       663      2461      2462       664       666      2464      2463       665
 -1       198    1    0    1
 -2      2461      2469      2470      2462      2464      2472      2471      2463
 -1       199    1    0    1
 -2      2469      2477      2478      2470      2472      2480      2479      2471
 -1       200    1    0    1
 -2      2477       813       814      2478      2480       816       815      2479
 -1       201    1    0    1
 -2       713      2485      2486       714       716      2488      2487       715
 -1       202    1    0    1
 -2      2485      2493      2494      2486      2488      2496      2495      2487
 -1       203    1    0    1
 -2      2493      2501      2502      2494      2496      2504      2503      2495
 -1       204    1    0    1
 -2      2501       963       964      2502      2504       966       965      2503
 -1       205    1    0    1
 -2       763      2509      2510       764       766      2512      2511       765
 -1       206    1    0    1
 -2      2509      2517      2518      2510      2512      2520      2519      2511
 -1       207    1    0    1
 -2      2517      2525      2526      2518      2520      2528      2527      2519
 -1       208    1    0    1
 -2      2525       913       914      2526      2528       916       915      2527
 -1       209    1    0    1
 -2       813      2533      2534       814       816      2536      2535       815
 -1       210    1    0    1
 -2      2533      2541      2542      2534      2536      2544      2543      2535
 -1       211    1    0    1
 -2      2541      2549      2550      2542      2544      2552      2551      2543
 -1       212    1    0    1
 -2      2549      1113      1114      2550      2552      1116      1115      2551
 -1       213    1    0    1
 -2       913      2557      2558       914       916      2560      2559       915
 -1       214    1    0    1
 -2      2557      2565      2566      2558      2560      2568      2567      2559
 -1       215    1    0    1
 -2      2565      2573      2574      2566      2568      2576      2575      2567
 -1       216    1    0    1
 -2      2573      1013      1014      2574      2576      1016      1015      2575
 -1       217    1    0    1
 -2       863      2581      2582       864       866      2584      2583       865
 -1       218    1    0    1
 -2      2581      2589      2590      2582      2584      2592      2591      2583
 -1       219    1    0    1
 -2      2589      2597      2598      2590      2592      2600      2599      2591
 -1       220    1    0    1
 -2      2597      1163      1164      2598      2600      1166      1165      2599
 -1       221    1    0    1
 -2       963      2605      2606       964       966      2608      2607       965
 -1       222    1    0    1
 -2      2605      2613      2614      2606      2608      2616      2615      2607
 -1       223    1    0    1
 -2      2613      2621      2622      2614      2616      2624      2623      2615
 -1       224    1    0    1
 -2      2621      1063      1064      2622      2624      1066      1065      2623
 -1       225    1    0    1
 -2       813      2629      2630       814       816      2632      2631       815
 -1       226    1    0    1
 -2      2629      2637      2638      2630      2632      2640      2639      2631
 -1       227    1    0    1
 -2      2637      2645      2646      2638      2640      2648      2647      2639
 -1       228    1    0    1
 -2      2645      1063      1064      2646      2648      1066      1065      2647
 -1       229    1    0    1
 -2       863      2653      2654       864       866      2656      2655       865
 -1       230    1    0    1
 -2      2653      2661      2662      2654      2656      2664      2663      2655
 -1       231    1    0    1
 -2      2661      2669      2670      2662      2664      2672      2671      2663
 -1       232    1    0    1
 -2      2669      1013      1014      2670      2672      1016      1015      2671
 -1       233    1    0    1
 -2       913      2677      2678       914       916      2680      2679       915
 -1       234    1    0    1
 -2      2677      2685      2686      2678      2680      2688      2687      2679
 -1       235    1    0    1
 -2      2685      2693      2694      2686      2688      2696      2695      2687
 -1       236    1    0    1
 -2      2693      1163      1164      2694      2696      1166      1165      2695
 -1       237    1    0    1
 -2       963      2701      2702       964       966      2704      2703       965
 -1       238    1    0    1
 -2      2701      2709      2710      2702      2704      2712      2711      2703
 -1       239    1    0    1
 -2      2709      2717      2718      2710      2712      2720      2719      2711
 -1       240    1    0    1
 -2      2717      1113      1114      2718      2720      1116      1115      2719
 -1       241    1    0    1
 -2      1013      2725      2726      1014      1016      2728      2727      1015
 -1       242    1    0    1
 -2      2725      2733      2734      2726      2728      2736      2735      2727
 -1       243    1    0    1
 -2      2733      2741      2742      2734      2736      2744      2743      2735
 -1       244    1    0    1
 -2      2741      1313      1314      2742      2744      1316      1315      2743
 -1       245    1    0    1
 -2      1113      2749      2750      1114      1116      2752      2751      1115
 -1       246    1    0    1
 -2      2749      2757      2758      2750      2752      2760      2759      2751
 -1       247    1    0    1
 -2      2757      2765      2766      2758      2760      2768      2767      2759
 -1       248    1    0    1
 -2      2765      1213      1214      2766      2768      1216      1215      2767
 -1       249    1    0    1
 -2      1063      2773      2774      1064      1066      2776      2775      1065
 -1       250    1    0    1
 -2      2773      2781      2782      2774      2776      2784      2783      2775
 -1       251    1    0    1
 -2      2781      2789      2790      2782      2784      2792      2791      2783
 -1       252    1    0    1
 -2      2789      1363      1364      2790      2792      1366      1365      2791
 -1       253    1    0    1
 -2      1163      2797      2798      1164      1166      2800      2799      1165
 -1       254    1    0    1
 -2      2797      2805      2806      2798      2800      2808      2807      2799
 -1       255    1    0    1
 -2      2805      2813      2814      2806      2808      2816      2815      2807
 -1       256    1    0    1
 -2      2813      1263      1264      2814      2816      1266      1265      2815
 -1       257    1    0    1
 -2      1013      2821      2822      1014      1016      2824      2823      1015
 -1       258    1    0    1
 -2      2821      2829      2830      2822      2824      2832      2831      2823
 -1       259    1    0    1
 -2      2829      2837      2838      2830      2832      2840      2839      2831
 -1       260    1    0    1
 -2      2837      1263      1264      2838      2840      1266      1265      2839
 -1       261    1    0    1
 -2      1063      2845      2846      1064      1066      2848      2847      1065
 -1       262    1    0    1
 -2      2845      2853      2854      2846      2848      2856      2855      2847
 -1       263    1    0    1
 -2      2853      2861      2862      2854      2856      2864      2863      2855
 -1       264    1    0    1
 -2      2861      1213      1214      2862      2864      1216      1215      2863
 -1       265    1    0    1
 -2      1113      2869      2870      1114      1116      2872      2871      1115
 -1       266    1    0    1
 -2      2869      2877      2878      2870      2872      2880      2879      2871
 -1       267    1    0    1
 -2      2877      2885      2886      2878      2880      2888      2887      2879
 -1       268    1    0    1
 -2      2885      1363      1364      2886      2888      1366      1365      2887
 -1       269    1    0    1
 -2      1163      2893      2894      1164      1166      2896      2895      1165
 -1       270    1    0    1
 -2      2893      2901      2902      2894      2896      2904      2903      2895
 -1       271    1    0    1
 -2      2901      2909      2910      2902      2904      2912      2911      2903
 -1       272    1    0    1
 -2      2909      1313      1314      2910      2912      1316      1315      2911
 -3
    1PSTEP                         1           1           1          
  100CL  101 1.000000000           0                     0    1           1
 -4  DISP        4    1
 -5  D1          1    2    1    0
 -5  D2          1    2    2    0
 -5  D3          1    2    3    0
 -5  ALL         1    2    0    0    1ALL
 -3
 9999
