    1C
    1UNormalized cross-passage space-truss torsion benchmark            
    1UUSER                                                              
    1UDATE              06.august.2026                                  
    1UTIME              08:14:18                                        
    1UHOST                                                              
    1UPGM               CalculiX                                        
    1UVERSION           Version 2.21                             
    1UCOMPILETIME       Sat Jul 29 10:52:01 CEST 2023                    
    1UDIR                                                               
    1UDBN                                                               
    1UMAT    1STEEL                                                     
    2C                           856                                     1
 -1       165-1.19401E+00 1.47267E-03-3.55231E-02
 -1       166-1.23038E+00 3.77713E-03-1.90457E-02
 -1       167-1.20599E+00-1.47267E-03 3.55231E-02
 -1       168-1.16962E+00-3.77713E-03 1.90457E-02
 -1       173-1.20145E+00-3.41225E-02-1.15569E-02
 -1       174-1.20010E+00-2.46574E-03-3.59709E-02
 -1       175-1.19855E+00 3.41225E-02 1.15569E-02
 -1       176-1.19990E+00 2.46574E-03 3.59709E-02
 -1       181-1.23365E+00-1.29325E-02 5.48678E-04
 -1       182-1.20099E+00-3.60094E-02 1.52775E-03
 -1       183-1.16635E+00 1.29325E-02-5.48678E-04
 -1       184-1.19901E+00 3.60094E-02-1.52775E-03
 -1       215 1.20193E+00 2.20034E-03-3.59368E-02
 -1       216 1.16764E+00-1.98767E-03-1.57688E-02
 -1       217 1.19807E+00-2.20034E-03 3.59368E-02
 -1       218 1.23236E+00 1.98767E-03 1.57688E-02
 -1       223 1.20143E+00-3.37965E-02-1.24797E-02
 -1       224 1.20006E+00-1.48932E-03-3.60247E-02
 -1       225 1.19857E+00 3.37965E-02 1.24797E-02
 -1       226 1.19994E+00 1.48932E-03 3.60247E-02
 -1       231 1.16707E+00-1.46725E-02-6.22501E-04
 -1       232 1.20089E+00-3.60121E-02-1.52786E-03
 -1       233 1.23293E+00 1.46725E-02 6.22501E-04
 -1       234 1.19911E+00 3.60121E-02 1.52786E-03
 -1       265-1.19309E+00-2.60726E-03 1.96471E+00
 -1       266-1.22987E+00 1.51998E-03 1.97987E+00
 -1       267-1.20691E+00 2.60726E-03 2.03529E+00
 -1       268-1.17013E+00-1.51998E-03 2.02013E+00
 -1       273-1.19857E+00-3.37965E-02 1.98752E+00
 -1       274-1.19994E+00-1.48932E-03 1.96398E+00
 -1       275-1.20143E+00 3.37965E-02 2.01248E+00
 -1       276-1.20006E+00 1.48932E-03 2.03602E+00
 -1       281-1.23293E+00-1.46725E-02 1.99938E+00
 -1       282-1.19911E+00-3.60121E-02 1.99847E+00
 -1       283-1.16707E+00 1.46725E-02 2.00062E+00
 -1       284-1.20089E+00 3.60121E-02 2.00153E+00
 -1       315 1.20342E+00-1.71996E-03 1.96415E+00
 -1       316 1.16832E+00-3.76571E-03 1.98321E+00
 -1       317 1.19658E+00 1.71996E-03 2.03585E+00
 -1       318 1.23168E+00 3.76571E-03 2.01679E+00
 -1       323 1.19855E+00-3.41225E-02 1.98844E+00
 -1       324 1.19990E+00-2.46574E-03 1.96403E+00
 -1       325 1.20145E+00 3.41225E-02 2.01156E+00
 -1       326 1.20010E+00 2.46574E-03 2.03597E+00
 -1       331 1.16635E+00-1.29325E-02 2.00055E+00
 -1       332 1.19901E+00-3.60094E-02 2.00153E+00
 -1       333 1.23365E+00 1.29325E-02 1.99945E+00
 -1       334 1.20099E+00 3.60094E-02 1.99847E+00
 -1       365-1.19518E+00 9.99960E+00-3.57293E-02
 -1       366-1.23113E+00 1.00001E+01-1.81967E-02
 -1       367-1.20482E+00 1.00004E+01 3.57293E-02
 -1       368-1.16887E+00 9.99987E+00 1.81967E-02
 -1       373-1.20000E+00 9.96600E+00-1.20000E-02
 -1       374-1.20000E+00 9.99800E+00-3.60000E-02
 -1       375-1.20000E+00 1.00340E+01 1.20000E-02
 -1       376-1.20000E+00 1.00020E+01 3.60000E-02
 -1       381-1.23328E+00 9.98613E+00 0.00000E+00
 -1       382-1.20000E+00 9.96394E+00 0.00000E+00
 -1       383-1.16672E+00 1.00139E+01 0.00000E+00
 -1       384-1.20000E+00 1.00361E+01 0.00000E+00
 -1       415 1.20441E+00 9.99969E+00-3.57840E-02
 -1       416 1.16866E+00 9.99951E+00-1.78263E-02
 -1       417 1.19559E+00 1.00003E+01 3.57840E-02
 -1       418 1.23134E+00 1.00005E+01 1.78263E-02
 -1       423 1.20000E+00 9.96600E+00-1.20000E-02
 -1       424 1.20000E+00 9.99800E+00-3.60000E-02
 -1       425 1.20000E+00 1.00340E+01 1.20000E-02
 -1       426 1.20000E+00 1.00020E+01 3.60000E-02
 -1       431 1.16672E+00 9.98613E+00 0.00000E+00
 -1       432 1.20000E+00 9.96394E+00 0.00000E+00
 -1       433 1.23328E+00 1.00139E+01 0.00000E+00
 -1       434 1.20000E+00 1.00361E+01 0.00000E+00
 -1       465-1.19540E+00 1.00003E+01 1.96424E+00
 -1       466-1.23124E+00 1.00005E+01 1.98201E+00
 -1       467-1.20460E+00 9.99969E+00 2.03576E+00
 -1       468-1.16876E+00 9.99951E+00 2.01799E+00
 -1       473-1.20000E+00 9.96600E+00 1.98800E+00
 -1       474-1.20000E+00 9.99800E+00 1.96400E+00
 -1       475-1.20000E+00 1.00340E+01 2.01200E+00
 -1       476-1.20000E+00 1.00020E+01 2.03600E+00
 -1       481-1.23328E+00 9.98613E+00 2.00000E+00
 -1       482-1.20000E+00 9.96394E+00 2.00000E+00
 -1       483-1.16672E+00 1.00139E+01 2.00000E+00
 -1       484-1.20000E+00 1.00361E+01 2.00000E+00
 -1       515 1.20417E+00 1.00004E+01 1.96419E+00
 -1       516 1.16855E+00 9.99986E+00 1.98238E+00
 -1       517 1.19583E+00 9.99960E+00 2.03581E+00
 -1       518 1.23145E+00 1.00001E+01 2.01762E+00
 -1       523 1.20000E+00 9.96600E+00 1.98800E+00
 -1       524 1.20000E+00 9.99800E+00 1.96400E+00
 -1       525 1.20000E+00 1.00340E+01 2.01200E+00
 -1       526 1.20000E+00 1.00020E+01 2.03600E+00
 -1       531 1.16672E+00 9.98613E+00 2.00000E+00
 -1       532 1.20000E+00 9.96394E+00 2.00000E+00
 -1       533 1.23328E+00 1.00139E+01 2.00000E+00
 -1       534 1.20000E+00 1.00361E+01 2.00000E+00
 -1       565-1.19531E+00 1.99996E+01-3.57475E-02
 -1       566-1.23120E+00 2.00000E+01-1.80774E-02
 -1       567-1.20469E+00 2.00004E+01 3.57475E-02
 -1       568-1.16880E+00 2.00000E+01 1.80774E-02
 -1       573-1.20102E+00 1.99659E+01-1.16828E-02
 -1       574-1.20007E+00 1.99977E+01-3.59798E-02
 -1       575-1.19898E+00 2.00341E+01 1.16828E-02
 -1       576-1.19993E+00 2.00023E+01 3.59798E-02
 -1       581-1.23354E+00 1.99868E+01 3.96605E-04
 -1       582-1.20069E+00 1.99640E+01 1.08098E-03
 -1       583-1.16646E+00 2.00132E+01-3.96605E-04
 -1       584-1.19931E+00 2.00360E+01-1.08098E-03
 -1       615 1.20437E+00 2.00000E+01-3.57898E-02
 -1       616 1.16864E+00 1.99998E+01-1.77986E-02
 -1       617 1.19563E+00 2.00000E+01 3.57898E-02
 -1       618 1.23136E+00 2.00002E+01 1.77986E-02
 -1       623 1.20102E+00 1.99661E+01-1.23355E-02
 -1       624 1.20005E+00 1.99984E+01-3.60180E-02
 -1       625 1.19898E+00 2.00339E+01 1.23355E-02
 -1       626 1.19995E+00 2.00016E+01 3.60180E-02
 -1       631 1.16697E+00 1.99855E+01-4.33494E-04
 -1       632 1.20064E+00 1.99640E+01-1.08101E-03
 -1       633 1.23303E+00 2.00145E+01 4.33494E-04
 -1       634 1.19936E+00 2.00360E+01 1.08101E-03
 -1       665-1.19543E+00 2.00000E+01 1.96424E+00
 -1       666-1.23125E+00 2.00002E+01 1.98202E+00
 -1       667-1.20457E+00 2.00000E+01 2.03576E+00
 -1       668-1.16875E+00 1.99998E+01 2.01798E+00
 -1       673-1.19898E+00 1.99661E+01 1.98766E+00
 -1       674-1.19995E+00 1.99984E+01 1.96398E+00
 -1       675-1.20102E+00 2.00339E+01 2.01234E+00
 -1       676-1.20005E+00 2.00016E+01 2.03602E+00
 -1       681-1.23303E+00 1.99855E+01 1.99957E+00
 -1       682-1.19936E+00 1.99640E+01 1.99892E+00
 -1       683-1.16697E+00 2.00145E+01 2.00043E+00
 -1       684-1.20064E+00 2.00360E+01 2.00108E+00
 -1       715 1.20425E+00 2.00004E+01 1.96420E+00
 -1       716 1.16859E+00 2.00000E+01 1.98231E+00
 -1       717 1.19575E+00 1.99996E+01 2.03580E+00
 -1       718 1.23141E+00 2.00000E+01 2.01769E+00
 -1       723 1.19898E+00 1.99659E+01 1.98832E+00
 -1       724 1.19993E+00 1.99977E+01 1.96402E+00
 -1       725 1.20102E+00 2.00341E+01 2.01168E+00
 -1       726 1.20007E+00 2.00023E+01 2.03598E+00
 -1       731 1.16646E+00 1.99868E+01 2.00040E+00
 -1       732 1.19931E+00 1.99640E+01 2.00108E+00
 -1       733 1.23354E+00 2.00132E+01 1.99960E+00
 -1       734 1.20069E+00 2.00360E+01 1.99892E+00
 -1       765-1.19548E+00 2.99999E+01-3.57711E-02
 -1       766-1.23128E+00 3.00000E+01-1.79296E-02
 -1       767-1.20452E+00 3.00001E+01 3.57711E-02
 -1       768-1.16872E+00 3.00000E+01 1.79296E-02
 -1       773-1.20000E+00 2.99660E+01-1.20000E-02
 -1       774-1.20000E+00 2.99980E+01-3.60000E-02
 -1       775-1.20000E+00 3.00340E+01 1.20000E-02
 -1       776-1.20000E+00 3.00020E+01 3.60000E-02
 -1       781-1.23328E+00 2.99861E+01 0.00000E+00
 -1       782-1.20000E+00 2.99639E+01 0.00000E+00
 -1       783-1.16672E+00 3.00139E+01 0.00000E+00
 -1       784-1.20000E+00 3.00361E+01 0.00000E+00
 -1       815 1.20447E+00 3.00001E+01-3.57768E-02
 -1       816 1.16870E+00 3.00000E+01-1.78903E-02
 -1       817 1.19553E+00 2.99999E+01 3.57768E-02
 -1       818 1.23130E+00 3.00000E+01 1.78903E-02
 -1       823 1.20000E+00 2.99660E+01-1.20000E-02
 -1       824 1.20000E+00 2.99980E+01-3.60000E-02
 -1       825 1.20000E+00 3.00340E+01 1.20000E-02
 -1       826 1.20000E+00 3.00020E+01 3.60000E-02
 -1       831 1.16672E+00 2.99861E+01 0.00000E+00
 -1       832 1.20000E+00 2.99639E+01 0.00000E+00
 -1       833 1.23328E+00 3.00139E+01 0.00000E+00
 -1       834 1.20000E+00 3.00361E+01 0.00000E+00
 -1       865-1.19548E+00 2.99999E+01 1.96423E+00
 -1       866-1.23128E+00 3.00000E+01 1.98207E+00
 -1       867-1.20452E+00 3.00001E+01 2.03577E+00
 -1       868-1.16872E+00 3.00000E+01 2.01793E+00
 -1       873-1.20000E+00 2.99660E+01 1.98800E+00
 -1       874-1.20000E+00 2.99980E+01 1.96400E+00
 -1       875-1.20000E+00 3.00340E+01 2.01200E+00
 -1       876-1.20000E+00 3.00020E+01 2.03600E+00
 -1       881-1.23328E+00 2.99861E+01 2.00000E+00
 -1       882-1.20000E+00 2.99639E+01 2.00000E+00
 -1       883-1.16672E+00 3.00139E+01 2.00000E+00
 -1       884-1.20000E+00 3.00361E+01 2.00000E+00
 -1       915 1.20447E+00 3.00001E+01 1.96422E+00
 -1       916 1.16870E+00 3.00000E+01 1.98211E+00
 -1       917 1.19553E+00 2.99999E+01 2.03578E+00
 -1       918 1.23130E+00 3.00000E+01 2.01789E+00
 -1       923 1.20000E+00 2.99660E+01 1.98800E+00
 -1       924 1.20000E+00 2.99980E+01 1.96400E+00
 -1       925 1.20000E+00 3.00340E+01 2.01200E+00
 -1       926 1.20000E+00 3.00020E+01 2.03600E+00
 -1       931 1.16672E+00 2.99861E+01 2.00000E+00
 -1       932 1.20000E+00 2.99639E+01 2.00000E+00
 -1       933 1.23328E+00 3.00139E+01 2.00000E+00
 -1       934 1.20000E+00 3.00361E+01 2.00000E+00
 -1       965-1.19643E+00 3.99998E+01-3.58777E-02
 -1       966-1.23171E+00 3.99983E+01-1.70861E-02
 -1       967-1.20357E+00 4.00002E+01 3.58777E-02
 -1       968-1.16829E+00 4.00017E+01 1.70861E-02
 -1       973-1.20145E+00 3.99659E+01-1.15569E-02
 -1       974-1.20010E+00 3.99975E+01-3.59709E-02
 -1       975-1.19855E+00 4.00341E+01 1.15569E-02
 -1       976-1.19990E+00 4.00025E+01 3.59709E-02
 -1       981-1.23365E+00 3.99871E+01 5.48678E-04
 -1       982-1.20099E+00 3.99640E+01 1.52775E-03
 -1       983-1.16635E+00 4.00129E+01-5.48678E-04
 -1       984-1.19901E+00 4.00360E+01-1.52775E-03
 -1       989-1.19283E+00 3.99965E+01-3.51577E-02
 -1       990-1.22971E+00 4.00012E+01-2.03998E-02
 -1       991-1.20717E+00 4.00035E+01 3.51577E-02
 -1       992-1.17029E+00 3.99988E+01 2.03998E-02
 -1      1031 1.20446E+00 3.99998E+01-3.57774E-02
 -1      1032 1.16869E+00 3.99996E+01-1.78788E-02
 -1      1033 1.19554E+00 4.00002E+01 3.57774E-02
 -1      1034 1.23131E+00 4.00004E+01 1.78788E-02
 -1      1039 1.20143E+00 3.99662E+01-1.24797E-02
 -1      1040 1.20006E+00 3.99985E+01-3.60247E-02
 -1      1041 1.19857E+00 4.00338E+01 1.24797E-02
 -1      1042 1.19994E+00 4.00015E+01 3.60247E-02
 -1      1047 1.16707E+00 3.99853E+01-6.22501E-04
 -1      1048 1.20089E+00 3.99640E+01-1.52786E-03
 -1      1049 1.23293E+00 4.00147E+01 6.22501E-04
 -1      1050 1.19911E+00 4.00360E+01 1.52786E-03
 -1      1081-1.19666E+00 4.00005E+01 1.96410E+00
 -1      1082-1.23182E+00 3.99986E+01 1.98309E+00
 -1      1083-1.20334E+00 3.99995E+01 2.03590E+00
 -1      1084-1.16818E+00 4.00014E+01 2.01691E+00
 -1      1089-1.19857E+00 3.99662E+01 1.98752E+00
 -1      1090-1.19994E+00 3.99985E+01 1.96398E+00
 -1      1091-1.20143E+00 4.00338E+01 2.01248E+00
 -1      1092-1.20006E+00 4.00015E+01 2.03602E+00
 -1      1097-1.23293E+00 3.99853E+01 1.99938E+00
 -1      1098-1.19911E+00 3.99640E+01 1.99847E+00
 -1      1099-1.16707E+00 4.00147E+01 2.00062E+00
 -1      1100-1.20089E+00 4.00360E+01 2.00153E+00
 -1      1105-1.19290E+00 3.99970E+01 1.96478E+00
 -1      1106-1.22975E+00 4.00015E+01 1.97969E+00
 -1      1107-1.20710E+00 4.00030E+01 2.03522E+00
 -1      1108-1.17025E+00 3.99985E+01 2.02031E+00
 -1      1147 1.20429E+00 4.00003E+01 1.96420E+00
 -1      1148 1.16860E+00 3.99999E+01 1.98227E+00
 -1      1149 1.19571E+00 3.99997E+01 2.03580E+00
 -1      1150 1.23140E+00 4.00001E+01 2.01773E+00
 -1      1155 1.19855E+00 3.99659E+01 1.98844E+00
 -1      1156 1.19990E+00 3.99975E+01 1.96403E+00
 -1      1157 1.20145E+00 4.00341E+01 2.01156E+00
 -1      1158 1.20010E+00 4.00025E+01 2.03597E+00
 -1      1163 1.16635E+00 3.99871E+01 2.00055E+00
 -1      1164 1.19901E+00 3.99640E+01 2.00153E+00
 -1      1165 1.23365E+00 4.00129E+01 1.99945E+00
 -1      1166 1.20099E+00 4.00360E+01 1.99847E+00
 -1      1197-1.19608E+00 4.99978E+01-3.57769E-02
 -1      1198-1.23151E+00 4.99968E+01-1.72369E-02
 -1      1199-1.20392E+00 5.00022E+01 3.57769E-02
 -1      1200-1.16849E+00 5.00032E+01 1.72369E-02
 -1      1205-1.20145E+00 4.99659E+01-1.15569E-02
 -1      1206-1.20010E+00 4.99975E+01-3.59709E-02
 -1      1207-1.19855E+00 5.00341E+01 1.15569E-02
 -1      1208-1.19990E+00 5.00025E+01 3.59709E-02
 -1      1213-1.23365E+00 4.99871E+01 5.48678E-04
 -1      1214-1.20099E+00 4.99640E+01 1.52775E-03
 -1      1215-1.16635E+00 5.00129E+01-5.48678E-04
 -1      1216-1.19901E+00 5.00360E+01-1.52775E-03
 -1      1247 1.20659E+00 4.99962E+01-3.52441E-02
 -1      1248 1.16988E+00 5.00000E+01-1.98184E-02
 -1      1249 1.19341E+00 5.00038E+01 3.52441E-02
 -1      1250 1.23012E+00 5.00000E+01 1.98184E-02
 -1      1255 1.20143E+00 4.99662E+01-1.24797E-02
 -1      1256 1.20006E+00 4.99985E+01-3.60247E-02
 -1      1257 1.19857E+00 5.00338E+01 1.24797E-02
 -1      1258 1.19994E+00 5.00015E+01 3.60247E-02
 -1      1263 1.16707E+00 4.99853E+01-6.22501E-04
 -1      1264 1.20089E+00 4.99640E+01-1.52786E-03
 -1      1265 1.23293E+00 5.00147E+01 6.22501E-04
 -1      1266 1.19911E+00 5.00360E+01 1.52786E-03
 -1      1297-1.19822E+00 5.00036E+01 1.96416E+00
 -1      1298-1.23249E+00 4.99994E+01 1.98438E+00
 -1      1299-1.20178E+00 4.99964E+01 2.03584E+00
 -1      1300-1.16751E+00 5.00006E+01 2.01562E+00
 -1      1305-1.19857E+00 4.99662E+01 1.98752E+00
 -1      1306-1.19994E+00 4.99985E+01 1.96398E+00
 -1      1307-1.20143E+00 5.00338E+01 2.01248E+00
 -1      1308-1.20006E+00 5.00015E+01 2.03602E+00
 -1      1313-1.23293E+00 4.99853E+01 1.99938E+00
 -1      1314-1.19911E+00 4.99640E+01 1.99847E+00
 -1      1315-1.16707E+00 5.00147E+01 2.00062E+00
 -1      1316-1.20089E+00 5.00360E+01 2.00153E+00
 -1      1347 1.20511E+00 5.00021E+01 1.96437E+00
 -1      1348 1.16909E+00 5.00032E+01 1.98172E+00
 -1      1349 1.19489E+00 4.99979E+01 2.03563E+00
 -1      1350 1.23091E+00 4.99968E+01 2.01828E+00
 -1      1355 1.19855E+00 4.99659E+01 1.98844E+00
 -1      1356 1.19990E+00 4.99975E+01 1.96403E+00
 -1      1357 1.20145E+00 5.00341E+01 2.01156E+00
 -1      1358 1.20010E+00 5.00025E+01 2.03597E+00
 -1      1363 1.16635E+00 4.99871E+01 2.00055E+00
 -1      1364 1.19901E+00 4.99640E+01 2.00153E+00
 -1      1365 1.23365E+00 5.00129E+01 1.99945E+00
 -1      1366 1.20099E+00 5.00360E+01 1.99847E+00
 -1      1397-1.19553E+00 2.50000E+01-1.85778E-01
 -1      1398-1.23131E+00 2.50000E+01-1.67883E-01
 -1      1399-1.20447E+00 2.50000E+01-1.14222E-01
 -1      1400-1.16869E+00 2.50000E+01-1.32117E-01
 -1      1405 1.20447E+00 2.50000E+01 1.14222E-01
 -1      1406 1.16869E+00 2.50000E+01 1.32117E-01
 -1      1407 1.19553E+00 2.50000E+01 1.85778E-01
 -1      1408 1.23131E+00 2.50000E+01 1.67883E-01
 -1      1413-1.19553E+00 2.50000E+01 1.81422E+00
 -1      1414-1.23131E+00 2.50000E+01 1.83212E+00
 -1      1415-1.20447E+00 2.50000E+01 1.88578E+00
 -1      1416-1.16869E+00 2.50000E+01 1.86788E+00
 -1      1421 1.20447E+00 2.50000E+01 2.11422E+00
 -1      1422 1.16869E+00 2.50000E+01 2.13212E+00
 -1      1423 1.19553E+00 2.50000E+01 2.18578E+00
 -1      1424 1.23131E+00 2.50000E+01 2.16788E+00
 -1      1429-1.19522E+00 3.24989E+01-1.41787E-01
 -1      1430-1.23115E+00 3.24995E+01-1.24216E-01
 -1      1431-1.20478E+00 3.25011E+01-7.03450E-02
 -1      1432-1.16885E+00 3.25005E+01-8.79159E-02
 -1      1437-1.19553E+00 3.50000E+01-1.85777E-01
 -1      1438-1.23131E+00 3.50000E+01-1.67887E-01
 -1      1439-1.20447E+00 3.50000E+01-1.14223E-01
 -1      1440-1.16869E+00 3.50000E+01-1.32113E-01
 -1      1445-1.19586E+00 3.75011E+01-1.41867E-01
 -1      1446-1.23147E+00 3.75005E+01-1.23652E-01
 -1      1447-1.20414E+00 3.74989E+01-7.02647E-02
 -1      1448-1.16853E+00 3.74995E+01-8.84797E-02
 -1      1453 1.20414E+00 3.25011E+01 7.02647E-02
 -1      1454 1.16853E+00 3.25005E+01 8.84797E-02
 -1      1455 1.19586E+00 3.24989E+01 1.41867E-01
 -1      1456 1.23147E+00 3.24995E+01 1.23652E-01
 -1      1461 1.20447E+00 3.50000E+01 1.14223E-01
 -1      1462 1.16869E+00 3.50000E+01 1.32113E-01
 -1      1463 1.19553E+00 3.50000E+01 1.85777E-01
 -1      1464 1.23131E+00 3.50000E+01 1.67887E-01
 -1      1469 1.20478E+00 3.74989E+01 7.03450E-02
 -1      1470 1.16885E+00 3.74995E+01 8.79159E-02
 -1      1471 1.19522E+00 3.75011E+01 1.41787E-01
 -1      1472 1.23115E+00 3.75005E+01 1.24216E-01
 -1      1477-1.19522E+00 3.24989E+01 1.85821E+00
 -1      1478-1.23115E+00 3.24995E+01 1.87578E+00
 -1      1479-1.20478E+00 3.25011E+01 1.92966E+00
 -1      1480-1.16885E+00 3.25005E+01 1.91208E+00
 -1      1485-1.19553E+00 3.50000E+01 1.81422E+00
 -1      1486-1.23131E+00 3.50000E+01 1.83211E+00
 -1      1487-1.20447E+00 3.50000E+01 1.88578E+00
 -1      1488-1.16869E+00 3.50000E+01 1.86789E+00
 -1      1493-1.19586E+00 3.75011E+01 1.85813E+00
 -1      1494-1.23147E+00 3.75005E+01 1.87635E+00
 -1      1495-1.20414E+00 3.74989E+01 1.92974E+00
 -1      1496-1.16853E+00 3.74995E+01 1.91152E+00
 -1      1501 1.20414E+00 3.25011E+01 2.07026E+00
 -1      1502 1.16853E+00 3.25005E+01 2.08848E+00
 -1      1503 1.19586E+00 3.24989E+01 2.14187E+00
 -1      1504 1.23147E+00 3.24995E+01 2.12365E+00
 -1      1509 1.20447E+00 3.50000E+01 2.11422E+00
 -1      1510 1.16869E+00 3.50000E+01 2.13211E+00
 -1      1511 1.19553E+00 3.50000E+01 2.18578E+00
 -1      1512 1.23131E+00 3.50000E+01 2.16789E+00
 -1      1517 1.20478E+00 3.74989E+01 2.07034E+00
 -1      1518 1.16885E+00 3.74995E+01 2.08792E+00
 -1      1519 1.19522E+00 3.75011E+01 2.14179E+00
 -1      1520 1.23115E+00 3.75005E+01 2.12422E+00
 -1      1525-1.19522E+00 4.24989E+01-1.41787E-01
 -1      1526-1.23115E+00 4.24995E+01-1.24216E-01
 -1      1527-1.20478E+00 4.25011E+01-7.03450E-02
 -1      1528-1.16885E+00 4.25005E+01-8.79159E-02
 -1      1533-1.19553E+00 4.50000E+01-1.85777E-01
 -1      1534-1.23131E+00 4.50000E+01-1.67887E-01
 -1      1535-1.20447E+00 4.50000E+01-1.14223E-01
 -1      1536-1.16869E+00 4.50000E+01-1.32113E-01
 -1      1541-1.19586E+00 4.75011E+01-1.41867E-01
 -1      1542-1.23147E+00 4.75005E+01-1.23652E-01
 -1      1543-1.20414E+00 4.74989E+01-7.02647E-02
 -1      1544-1.16853E+00 4.74995E+01-8.84797E-02
 -1      1549 1.20414E+00 4.25011E+01 7.02647E-02
 -1      1550 1.16853E+00 4.25005E+01 8.84797E-02
 -1      1551 1.19586E+00 4.24989E+01 1.41867E-01
 -1      1552 1.23147E+00 4.24995E+01 1.23652E-01
 -1      1557 1.20447E+00 4.50000E+01 1.14223E-01
 -1      1558 1.16869E+00 4.50000E+01 1.32113E-01
 -1      1559 1.19553E+00 4.50000E+01 1.85777E-01
 -1      1560 1.23131E+00 4.50000E+01 1.67887E-01
 -1      1565 1.20478E+00 4.74989E+01 7.03450E-02
 -1      1566 1.16885E+00 4.74995E+01 8.79159E-02
 -1      1567 1.19522E+00 4.75011E+01 1.41787E-01
 -1      1568 1.23115E+00 4.75005E+01 1.24216E-01
 -1      1573-1.19522E+00 4.24989E+01 1.85821E+00
 -1      1574-1.23115E+00 4.24995E+01 1.87578E+00
 -1      1575-1.20478E+00 4.25011E+01 1.92966E+00
 -1      1576-1.16885E+00 4.25005E+01 1.91208E+00
 -1      1581-1.19553E+00 4.50000E+01 1.81422E+00
 -1      1582-1.23131E+00 4.50000E+01 1.83211E+00
 -1      1583-1.20447E+00 4.50000E+01 1.88578E+00
 -1      1584-1.16869E+00 4.50000E+01 1.86789E+00
 -1      1589-1.19586E+00 4.75011E+01 1.85813E+00
 -1      1590-1.23147E+00 4.75005E+01 1.87635E+00
 -1      1591-1.20414E+00 4.74989E+01 1.92974E+00
 -1      1592-1.16853E+00 4.74995E+01 1.91152E+00
 -1      1597 1.20414E+00 4.25011E+01 2.07026E+00
 -1      1598 1.16853E+00 4.25005E+01 2.08848E+00
 -1      1599 1.19586E+00 4.24989E+01 2.14187E+00
 -1      1600 1.23147E+00 4.24995E+01 2.12365E+00
 -1      1605 1.20447E+00 4.50000E+01 2.11422E+00
 -1      1606 1.16869E+00 4.50000E+01 2.13211E+00
 -1      1607 1.19553E+00 4.50000E+01 2.18578E+00
 -1      1608 1.23131E+00 4.50000E+01 2.16789E+00
 -1      1613 1.20478E+00 4.74989E+01 2.07034E+00
 -1      1614 1.16885E+00 4.74995E+01 2.08792E+00
 -1      1615 1.19522E+00 4.75011E+01 2.14179E+00
 -1      1616 1.23115E+00 4.75005E+01 2.12422E+00
 -1      1621-6.01023E-01-5.95507E-02-1.16832E-02
 -1      1622-6.00070E-01-2.77896E-02-3.59798E-02
 -1      1623-5.98977E-01 8.63897E-03 1.16832E-02
 -1      1624-5.99930E-01-2.31221E-02 3.59798E-02
 -1      1629 0.00000E+00-6.99997E-02-1.20008E-02
 -1      1630 0.00000E+00-3.79991E-02-3.60000E-02
 -1      1631 0.00000E+00-2.00028E-03 1.20008E-02
 -1      1632 0.00000E+00-3.40009E-02 3.60000E-02
 -1      1637 6.01016E-01-5.93202E-02-1.23359E-02
 -1      1638 6.00049E-01-2.70988E-02-3.60180E-02
 -1      1639 5.98984E-01 8.40852E-03 1.23359E-02
 -1      1640 5.99951E-01-2.38129E-02 3.60180E-02
 -1      1645-5.98984E-01-8.40852E-03 1.98766E+00
 -1      1646-5.99951E-01 2.38129E-02 1.96398E+00
 -1      1647-6.01016E-01 5.93202E-02 2.01234E+00
 -1      1648-6.00049E-01 2.70988E-02 2.03602E+00
 -1      1653 0.00000E+00 2.00028E-03 1.98800E+00
 -1      1654 0.00000E+00 3.40009E-02 1.96400E+00
 -1      1655 0.00000E+00 6.99997E-02 2.01200E+00
 -1      1656 0.00000E+00 3.79991E-02 2.03600E+00
 -1      1661 5.98977E-01-8.63897E-03 1.98832E+00
 -1      1662 5.99930E-01 2.31221E-02 1.96402E+00
 -1      1663 6.01023E-01 5.95507E-02 2.01168E+00
 -1      1664 6.00070E-01 2.77896E-02 2.03598E+00
 -1      1669-1.23354E+00 7.99623E-03 5.00396E-01
 -1      1670-1.20070E+00-1.48194E-02 5.01081E-01
 -1      1671-1.16646E+00 3.44302E-02 4.99604E-01
 -1      1672-1.19930E+00 5.72458E-02 4.98919E-01
 -1      1677-1.23328E+00 1.61383E-02 1.00000E+00
 -1      1678-1.20001E+00-6.05551E-03 1.00000E+00
 -1      1679-1.16672E+00 4.38617E-02 1.00000E+00
 -1      1680-1.19999E+00 6.60555E-02 1.00000E+00
 -1      1685-1.23303E+00 6.76606E-03 1.49957E+00
 -1      1686-1.19936E+00-1.48205E-02 1.49892E+00
 -1      1687-1.16697E+00 3.56603E-02 1.50043E+00
 -1      1688-1.20064E+00 5.72469E-02 1.50108E+00
 -1      1693 1.16697E+00-3.56603E-02 4.99567E-01
 -1      1694 1.20064E+00-5.72469E-02 4.98919E-01
 -1      1695 1.23303E+00-6.76606E-03 5.00433E-01
 -1      1696 1.19936E+00 1.48205E-02 5.01081E-01
 -1      1701 1.16672E+00-4.38617E-02 1.00000E+00
 -1      1702 1.19999E+00-6.60555E-02 1.00000E+00
 -1      1703 1.23328E+00-1.61383E-02 1.00000E+00
 -1      1704 1.20001E+00 6.05551E-03 1.00000E+00
 -1      1709 1.16646E+00-3.44302E-02 1.50040E+00
 -1      1710 1.19930E+00-5.72458E-02 1.50108E+00
 -1      1711 1.23354E+00-7.99623E-03 1.49960E+00
 -1      1712 1.20070E+00 1.48194E-02 1.49892E+00
 -1      1717 0.00000E+00 1.99300E+01-1.20023E-02
 -1      1718 0.00000E+00 1.99620E+01-3.60001E-02
 -1      1719 0.00000E+00 1.99980E+01 1.20023E-02
 -1      1720 0.00000E+00 1.99660E+01 3.60001E-02
 -1      1725 0.00000E+00 2.00020E+01 1.98800E+00
 -1      1726 0.00000E+00 2.00340E+01 1.96400E+00
 -1      1727 0.00000E+00 2.00700E+01 2.01200E+00
 -1      1728 0.00000E+00 2.00380E+01 2.03600E+00
 -1      1733-1.23329E+00 2.00161E+01 1.00000E+00
 -1      1734-1.20002E+00 1.99939E+01 1.00000E+00
 -1      1735-1.16671E+00 2.00438E+01 1.00000E+00
 -1      1736-1.19998E+00 2.00661E+01 1.00000E+00
 -1      1741 1.16671E+00 1.99562E+01 1.00000E+00
 -1      1742 1.19998E+00 1.99339E+01 1.00000E+00
 -1      1743 1.23329E+00 1.99839E+01 1.00000E+00
 -1      1744 1.20002E+00 2.00061E+01 1.00000E+00
 -1      1749-6.01023E-01 3.99404E+01-1.16832E-02
 -1      1750-6.00070E-01 3.99722E+01-3.59798E-02
 -1      1751-5.98977E-01 4.00086E+01 1.16832E-02
 -1      1752-5.99930E-01 3.99769E+01 3.59798E-02
 -1      1757 0.00000E+00 3.99300E+01-1.20008E-02
 -1      1758 0.00000E+00 3.99620E+01-3.60000E-02
 -1      1759 0.00000E+00 3.99980E+01 1.20008E-02
 -1      1760 0.00000E+00 3.99660E+01 3.60000E-02
 -1      1765 6.01016E-01 3.99407E+01-1.23359E-02
 -1      1766 6.00049E-01 3.99729E+01-3.60180E-02
 -1      1767 5.98984E-01 4.00084E+01 1.23359E-02
 -1      1768 5.99951E-01 3.99762E+01 3.60180E-02
 -1      1773-5.98984E-01 3.99916E+01 1.98766E+00
 -1      1774-5.99951E-01 4.00238E+01 1.96398E+00
 -1      1775-6.01016E-01 4.00593E+01 2.01234E+00
 -1      1776-6.00049E-01 4.00271E+01 2.03602E+00
 -1      1781 0.00000E+00 4.00020E+01 1.98800E+00
 -1      1782 0.00000E+00 4.00340E+01 1.96400E+00
 -1      1783 0.00000E+00 4.00700E+01 2.01200E+00
 -1      1784 0.00000E+00 4.00380E+01 2.03600E+00
 -1      1789 5.98977E-01 3.99914E+01 1.98832E+00
 -1      1790 5.99930E-01 4.00231E+01 1.96402E+00
 -1      1791 6.01023E-01 4.00596E+01 2.01168E+00
 -1      1792 6.00070E-01 4.00278E+01 2.03598E+00
 -1      1797-1.23354E+00 4.00080E+01 5.00396E-01
 -1      1798-1.20070E+00 3.99852E+01 5.01081E-01
 -1      1799-1.16646E+00 4.00344E+01 4.99604E-01
 -1      1800-1.19930E+00 4.00572E+01 4.98919E-01
 -1      1805-1.23328E+00 4.00161E+01 1.00000E+00
 -1      1806-1.20001E+00 3.99939E+01 1.00000E+00
 -1      1807-1.16672E+00 4.00439E+01 1.00000E+00
 -1      1808-1.19999E+00 4.00661E+01 1.00000E+00
 -1      1813-1.23303E+00 4.00068E+01 1.49957E+00
 -1      1814-1.19936E+00 3.99852E+01 1.49892E+00
 -1      1815-1.16697E+00 4.00357E+01 1.50043E+00
 -1      1816-1.20064E+00 4.00572E+01 1.50108E+00
 -1      1821 1.16697E+00 3.99643E+01 4.99567E-01
 -1      1822 1.20064E+00 3.99428E+01 4.98919E-01
 -1      1823 1.23303E+00 3.99932E+01 5.00433E-01
 -1      1824 1.19936E+00 4.00148E+01 5.01081E-01
 -1      1829 1.16672E+00 3.99561E+01 1.00000E+00
 -1      1830 1.19999E+00 3.99339E+01 1.00000E+00
 -1      1831 1.23328E+00 3.99839E+01 1.00000E+00
 -1      1832 1.20001E+00 4.00061E+01 1.00000E+00
 -1      1837 1.16646E+00 3.99656E+01 1.50040E+00
 -1      1838 1.19930E+00 3.99428E+01 1.50108E+00
 -1      1839 1.23354E+00 3.99920E+01 1.49960E+00
 -1      1840 1.20070E+00 4.00148E+01 1.49892E+00
 -1      1845-6.01023E-01 4.99404E+01-1.16832E-02
 -1      1846-6.00070E-01 4.99722E+01-3.59798E-02
 -1      1847-5.98977E-01 5.00086E+01 1.16832E-02
 -1      1848-5.99930E-01 4.99769E+01 3.59798E-02
 -1      1853 0.00000E+00 4.99300E+01-1.20008E-02
 -1      1854 0.00000E+00 4.99620E+01-3.60000E-02
 -1      1855 0.00000E+00 4.99980E+01 1.20008E-02
 -1      1856 0.00000E+00 4.99660E+01 3.60000E-02
 -1      1861 6.01016E-01 4.99407E+01-1.23359E-02
 -1      1862 6.00049E-01 4.99729E+01-3.60180E-02
 -1      1863 5.98984E-01 5.00084E+01 1.23359E-02
 -1      1864 5.99951E-01 4.99762E+01 3.60180E-02
 -1      1869-5.98984E-01 4.99916E+01 1.98766E+00
 -1      1870-5.99951E-01 5.00238E+01 1.96398E+00
 -1      1871-6.01016E-01 5.00593E+01 2.01234E+00
 -1      1872-6.00049E-01 5.00271E+01 2.03602E+00
 -1      1877 0.00000E+00 5.00020E+01 1.98800E+00
 -1      1878 0.00000E+00 5.00340E+01 1.96400E+00
 -1      1879 0.00000E+00 5.00700E+01 2.01200E+00
 -1      1880 0.00000E+00 5.00380E+01 2.03600E+00
 -1      1885 5.98977E-01 4.99914E+01 1.98832E+00
 -1      1886 5.99930E-01 5.00231E+01 1.96402E+00
 -1      1887 6.01023E-01 5.00596E+01 2.01168E+00
 -1      1888 6.00070E-01 5.00278E+01 2.03598E+00
 -1      1893-1.23354E+00 5.00080E+01 5.00396E-01
 -1      1894-1.20070E+00 4.99852E+01 5.01081E-01
 -1      1895-1.16646E+00 5.00344E+01 4.99604E-01
 -1      1896-1.19930E+00 5.00572E+01 4.98919E-01
 -1      1901-1.23328E+00 5.00161E+01 1.00000E+00
 -1      1902-1.20001E+00 4.99939E+01 1.00000E+00
 -1      1903-1.16672E+00 5.00439E+01 1.00000E+00
 -1      1904-1.19999E+00 5.00661E+01 1.00000E+00
 -1      1909-1.23303E+00 5.00068E+01 1.49957E+00
 -1      1910-1.19936E+00 4.99852E+01 1.49892E+00
 -1      1911-1.16697E+00 5.00357E+01 1.50043E+00
 -1      1912-1.20064E+00 5.00572E+01 1.50108E+00
 -1      1917 1.16697E+00 4.99643E+01 4.99567E-01
 -1      1918 1.20064E+00 4.99428E+01 4.98919E-01
 -1      1919 1.23303E+00 4.99932E+01 5.00433E-01
 -1      1920 1.19936E+00 5.00148E+01 5.01081E-01
 -1      1925 1.16672E+00 4.99561E+01 1.00000E+00
 -1      1926 1.19999E+00 4.99339E+01 1.00000E+00
 -1      1927 1.23328E+00 4.99839E+01 1.00000E+00
 -1      1928 1.20001E+00 5.00061E+01 1.00000E+00
 -1      1933 1.16646E+00 4.99656E+01 1.50040E+00
 -1      1934 1.19930E+00 4.99428E+01 1.50108E+00
 -1      1935 1.23354E+00 4.99920E+01 1.49960E+00
 -1      1936 1.20070E+00 5.00148E+01 1.49892E+00
 -1      1941-1.19830E+00 5.03706E+00 8.14684E-01
 -1      1942-1.23259E+00 5.03303E+00 8.34874E-01
 -1      1943-1.20170E+00 5.02294E+00 8.85316E-01
 -1      1944-1.16741E+00 5.02697E+00 8.65126E-01
 -1      1949-1.19388E+00 5.02303E+00 1.11516E+00
 -1      1950-1.23044E+00 5.02621E+00 1.13106E+00
 -1      1951-1.20612E+00 5.03697E+00 1.18484E+00
 -1      1952-1.16956E+00 5.03379E+00 1.16894E+00
 -1      1957 1.20170E+00 5.03706E+00 8.14684E-01
 -1      1958 1.16741E+00 5.03303E+00 8.34874E-01
 -1      1959 1.19830E+00 5.02294E+00 8.85316E-01
 -1      1960 1.23259E+00 5.02697E+00 8.65126E-01
 -1      1965 1.20612E+00 5.02303E+00 1.11516E+00
 -1      1966 1.16956E+00 5.02621E+00 1.13106E+00
 -1      1967 1.19388E+00 5.03697E+00 1.18484E+00
 -1      1968 1.23044E+00 5.03379E+00 1.16894E+00
 -1      1973 1.59908E-01 4.96162E+00-3.45858E-02
 -1      1974 1.22767E-01 4.97054E+00-2.27077E-02
 -1      1975 1.40092E-01 4.96638E+00 3.45858E-02
 -1      1976 1.77233E-01 4.95746E+00 2.27077E-02
 -1      1981-1.49864E-01 4.96403E+00-3.60552E-02
 -1      1982-1.82310E-01 4.95625E+00-1.39967E-02
 -1      1983-1.50136E-01 4.96397E+00 3.60552E-02
 -1      1984-1.17690E-01 4.97175E+00 1.39967E-02
 -1      1989 1.59908E-01 4.96162E+00 1.96541E+00
 -1      1990 1.22767E-01 4.97054E+00 1.97729E+00
 -1      1991 1.40092E-01 4.96638E+00 2.03459E+00
 -1      1992 1.77233E-01 4.95746E+00 2.02271E+00
 -1      1997-1.49864E-01 4.96403E+00 1.96394E+00
 -1      1998-1.82310E-01 4.95625E+00 1.98600E+00
 -1      1999-1.50136E-01 4.96397E+00 2.03606E+00
 -1      2000-1.17690E-01 4.97175E+00 2.01400E+00
 -1      2005-1.19830E+00 1.50371E+01 8.14684E-01
 -1      2006-1.23259E+00 1.50330E+01 8.34874E-01
 -1      2007-1.20170E+00 1.50229E+01 8.85316E-01
 -1      2008-1.16741E+00 1.50270E+01 8.65126E-01
 -1      2013-1.19388E+00 1.50230E+01 1.11516E+00
 -1      2014-1.23044E+00 1.50262E+01 1.13106E+00
 -1      2015-1.20612E+00 1.50370E+01 1.18484E+00
 -1      2016-1.16956E+00 1.50338E+01 1.16894E+00
 -1      2021 1.20170E+00 1.50371E+01 8.14684E-01
 -1      2022 1.16741E+00 1.50330E+01 8.34874E-01
 -1      2023 1.19830E+00 1.50229E+01 8.85316E-01
 -1      2024 1.23259E+00 1.50270E+01 8.65126E-01
 -1      2029 1.20612E+00 1.50230E+01 1.11516E+00
 -1      2030 1.16956E+00 1.50262E+01 1.13106E+00
 -1      2031 1.19388E+00 1.50370E+01 1.18484E+00
 -1      2032 1.23044E+00 1.50338E+01 1.16894E+00
 -1      2037 1.59908E-01 1.49616E+01-3.45858E-02
 -1      2038 1.22767E-01 1.49705E+01-2.27077E-02
 -1      2039 1.40092E-01 1.49664E+01 3.45858E-02
 -1      2040 1.77233E-01 1.49575E+01 2.27077E-02
 -1      2045-1.49864E-01 1.49640E+01-3.60552E-02
 -1      2046-1.82310E-01 1.49562E+01-1.39967E-02
 -1      2047-1.50136E-01 1.49640E+01 3.60552E-02
 -1      2048-1.17690E-01 1.49718E+01 1.39967E-02
 -1      2053 1.59908E-01 1.49616E+01 1.96541E+00
 -1      2054 1.22767E-01 1.49705E+01 1.97729E+00
 -1      2055 1.40092E-01 1.49664E+01 2.03459E+00
 -1      2056 1.77233E-01 1.49575E+01 2.02271E+00
 -1      2061-1.49864E-01 1.49640E+01 1.96394E+00
 -1      2062-1.82310E-01 1.49562E+01 1.98600E+00
 -1      2063-1.50136E-01 1.49640E+01 2.03606E+00
 -1      2064-1.17690E-01 1.49718E+01 2.01400E+00
 -1      2069-1.19757E+00 4.12670E+01 1.57055E-01
 -1      2070-1.23227E+00 4.12640E+01 1.76710E-01
 -1      2071-1.20243E+00 4.12559E+01 2.28140E-01
 -1      2072-1.16773E+00 4.12590E+01 2.08485E-01
 -1      2077-1.19773E+00 4.25271E+01 3.58438E-01
 -1      2078-1.23234E+00 4.25238E+01 3.78214E-01
 -1      2079-1.20227E+00 4.25153E+01 4.29430E-01
 -1      2080-1.16766E+00 4.25186E+01 4.09654E-01
 -1      2085-1.19798E+00 4.37842E+01 5.76000E-01
 -1      2086-1.23245E+00 4.37805E+01 5.95959E-01
 -1      2087-1.20202E+00 4.37713E+01 6.46836E-01
 -1      2088-1.16755E+00 4.37749E+01 6.26877E-01
 -1      2093-1.19828E+00 4.50371E+01 8.14685E-01
 -1      2094-1.23258E+00 4.50330E+01 8.34863E-01
 -1      2095-1.20172E+00 4.50229E+01 8.85315E-01
 -1      2096-1.16742E+00 4.50270E+01 8.65137E-01
 -1      2101-1.19860E+00 4.62854E+01 1.07622E+00
 -1      2102-1.23272E+00 4.62809E+01 1.09662E+00
 -1      2103-1.20140E+00 4.62700E+01 1.14662E+00
 -1      2104-1.16728E+00 4.62745E+01 1.12622E+00
 -1      2109-1.19888E+00 4.75294E+01 1.35884E+00
 -1      2110-1.23284E+00 4.75246E+01 1.37943E+00
 -1      2111-1.20112E+00 4.75130E+01 1.42902E+00
 -1      2112-1.16716E+00 4.75178E+01 1.40843E+00
 -1      2117-1.19908E+00 4.87700E+01 1.65759E+00
 -1      2118-1.23292E+00 4.87650E+01 1.67830E+00
 -1      2119-1.20092E+00 4.87529E+01 1.72761E+00
 -1      2120-1.16708E+00 4.87580E+01 1.70689E+00
 -1      2125-1.19416E+00 4.12560E+01 1.77225E+00
 -1      2126-1.23060E+00 4.12585E+01 1.78856E+00
 -1      2127-1.20584E+00 4.12670E+01 1.84256E+00
 -1      2128-1.16940E+00 4.12644E+01 1.82625E+00
 -1      2133-1.19409E+00 4.25154E+01 1.57098E+00
 -1      2134-1.23056E+00 4.25181E+01 1.58719E+00
 -1      2135-1.20591E+00 4.25271E+01 1.64115E+00
 -1      2136-1.16944E+00 4.25244E+01 1.62494E+00
 -1      2141-1.19399E+00 4.37714E+01 1.35360E+00
 -1      2142-1.23051E+00 4.37743E+01 1.36967E+00
 -1      2143-1.20601E+00 4.37841E+01 1.42356E+00
 -1      2144-1.16949E+00 4.37812E+01 1.40749E+00
 -1      2149-1.19388E+00 4.50230E+01 1.11516E+00
 -1      2150-1.23044E+00 4.50262E+01 1.13106E+00
 -1      2151-1.20612E+00 4.50370E+01 1.18484E+00
 -1      2152-1.16956E+00 4.50338E+01 1.16894E+00
 -1      2157-1.19377E+00 4.62701E+01 8.53886E-01
 -1      2158-1.23038E+00 4.62736E+01 8.69618E-01
 -1      2159-1.20623E+00 4.62853E+01 9.23278E-01
 -1      2160-1.16962E+00 4.62819E+01 9.07546E-01
 -1      2165-1.19368E+00 4.75131E+01 5.71502E-01
 -1      2166-1.23034E+00 4.75168E+01 5.87093E-01
 -1      2167-1.20632E+00 4.75293E+01 6.40630E-01
 -1      2168-1.16966E+00 4.75257E+01 6.25039E-01
 -1      2173-1.19363E+00 4.87531E+01 2.72930E-01
 -1      2174-1.23031E+00 4.87568E+01 2.88429E-01
 -1      2175-1.20637E+00 4.87699E+01 3.41875E-01
 -1      2176-1.16969E+00 4.87661E+01 3.26376E-01
 -1      2181 1.20243E+00 4.12670E+01 1.57055E-01
 -1      2182 1.16773E+00 4.12640E+01 1.76710E-01
 -1      2183 1.19757E+00 4.12559E+01 2.28140E-01
 -1      2184 1.23227E+00 4.12590E+01 2.08485E-01
 -1      2189 1.20227E+00 4.25271E+01 3.58438E-01
 -1      2190 1.16766E+00 4.25238E+01 3.78214E-01
 -1      2191 1.19773E+00 4.25153E+01 4.29430E-01
 -1      2192 1.23234E+00 4.25186E+01 4.09654E-01
 -1      2197 1.20202E+00 4.37842E+01 5.76000E-01
 -1      2198 1.16755E+00 4.37805E+01 5.95959E-01
 -1      2199 1.19798E+00 4.37713E+01 6.46836E-01
 -1      2200 1.23245E+00 4.37749E+01 6.26877E-01
 -1      2205 1.20172E+00 4.50371E+01 8.14685E-01
 -1      2206 1.16742E+00 4.50330E+01 8.34863E-01
 -1      2207 1.19828E+00 4.50229E+01 8.85315E-01
 -1      2208 1.23258E+00 4.50270E+01 8.65137E-01
 -1      2213 1.20140E+00 4.62854E+01 1.07622E+00
 -1      2214 1.16728E+00 4.62809E+01 1.09662E+00
 -1      2215 1.19860E+00 4.62700E+01 1.14662E+00
 -1      2216 1.23272E+00 4.62745E+01 1.12622E+00
 -1      2221 1.20112E+00 4.75294E+01 1.35884E+00
 -1      2222 1.16716E+00 4.75246E+01 1.37943E+00
 -1      2223 1.19888E+00 4.75130E+01 1.42902E+00
 -1      2224 1.23284E+00 4.75178E+01 1.40843E+00
 -1      2229 1.20092E+00 4.87700E+01 1.65759E+00
 -1      2230 1.16708E+00 4.87650E+01 1.67830E+00
 -1      2231 1.19908E+00 4.87529E+01 1.72761E+00
 -1      2232 1.23292E+00 4.87580E+01 1.70689E+00
 -1      2237 1.20584E+00 4.12560E+01 1.77225E+00
 -1      2238 1.16940E+00 4.12585E+01 1.78856E+00
 -1      2239 1.19416E+00 4.12670E+01 1.84256E+00
 -1      2240 1.23060E+00 4.12644E+01 1.82625E+00
 -1      2245 1.20591E+00 4.25154E+01 1.57098E+00
 -1      2246 1.16944E+00 4.25181E+01 1.58719E+00
 -1      2247 1.19409E+00 4.25271E+01 1.64115E+00
 -1      2248 1.23056E+00 4.25244E+01 1.62494E+00
 -1      2253 1.20601E+00 4.37714E+01 1.35360E+00
 -1      2254 1.16949E+00 4.37743E+01 1.36967E+00
 -1      2255 1.19399E+00 4.37841E+01 1.42356E+00
 -1      2256 1.23051E+00 4.37812E+01 1.40749E+00
 -1      2261 1.20612E+00 4.50230E+01 1.11516E+00
 -1      2262 1.16956E+00 4.50262E+01 1.13106E+00
 -1      2263 1.19388E+00 4.50370E+01 1.18484E+00
 -1      2264 1.23044E+00 4.50338E+01 1.16894E+00
 -1      2269 1.20623E+00 4.62701E+01 8.53886E-01
 -1      2270 1.16962E+00 4.62736E+01 8.69618E-01
 -1      2271 1.19377E+00 4.62853E+01 9.23278E-01
 -1      2272 1.23038E+00 4.62819E+01 9.07546E-01
 -1      2277 1.20632E+00 4.75131E+01 5.71502E-01
 -1      2278 1.16966E+00 4.75168E+01 5.87093E-01
 -1      2279 1.19368E+00 4.75293E+01 6.40630E-01
 -1      2280 1.23034E+00 4.75257E+01 6.25039E-01
 -1      2285 1.20637E+00 4.87531E+01 2.72930E-01
 -1      2286 1.16969E+00 4.87568E+01 2.88429E-01
 -1      2287 1.19363E+00 4.87699E+01 3.41875E-01
 -1      2288 1.23031E+00 4.87661E+01 3.26376E-01
 -1      2293-8.31704E-01 4.12331E+01-3.42295E-02
 -1      2294-8.68791E-01 4.12437E+01-2.36225E-02
 -1      2295-8.53491E-01 4.12393E+01 3.42295E-02
 -1      2296-8.16404E-01 4.12287E+01 2.36225E-02
 -1      2301-4.83271E-01 4.24716E+01-3.43179E-02
 -1      2302-5.20380E-01 4.24818E+01-2.34066E-02
 -1      2303-5.04597E-01 4.24775E+01 3.43179E-02
 -1      2304-4.67488E-01 4.24673E+01 2.34066E-02
 -1      2309-1.51102E-01 4.37141E+01-3.44451E-02
 -1      2310-1.88233E-01 4.37237E+01-2.30837E-02
 -1      2311-1.71734E-01 4.37194E+01 3.44451E-02
 -1      2312-1.34603E-01 4.37098E+01 2.30837E-02
 -1      2317 1.59903E-01 4.49616E+01-3.45874E-02
 -1      2318 1.22764E-01 4.49705E+01-2.27035E-02
 -1      2319 1.40097E-01 4.49664E+01 3.45874E-02
 -1      2320 1.77236E-01 4.49575E+01 2.27035E-02
 -1      2325 4.48070E-01 4.62146E+01-3.47212E-02
 -1      2326 4.10939E-01 4.62229E+01-2.23246E-02
 -1      2327 4.29094E-01 4.62188E+01 3.47212E-02
 -1      2328 4.66225E-01 4.62106E+01 2.23246E-02
 -1      2333 7.15201E-01 4.74727E+01-3.48283E-02
 -1      2334 6.78091E-01 4.74803E+01-2.20050E-02
 -1      2335 6.96931E-01 4.74764E+01 3.48283E-02
 -1      2336 7.34041E-01 4.74688E+01 2.20050E-02
 -1      2341 9.66302E-01 4.87345E+01-3.48965E-02
 -1      2342 9.29212E-01 4.87417E+01-2.17923E-02
 -1      2343 9.48503E-01 4.87380E+01 3.48965E-02
 -1      2344 9.85593E-01 4.87307E+01 2.17923E-02
 -1      2349 8.42124E-01 4.12361E+01-3.60521E-02
 -1      2350 8.10413E-01 4.12270E+01-1.34113E-02
 -1      2351 8.43071E-01 4.12364E+01 3.60521E-02
 -1      2352 8.74781E-01 4.12454E+01 1.34113E-02
 -1      2357 4.93597E-01 4.24745E+01-3.60538E-02
 -1      2358 4.61712E-01 4.24657E+01-1.35445E-02
 -1      2359 4.94271E-01 4.24746E+01 3.60538E-02
 -1      2360 5.26156E-01 4.24834E+01 1.35445E-02
 -1      2365 1.61293E-01 4.37167E+01-3.60553E-02
 -1      2366 1.29148E-01 4.37084E+01-1.37478E-02
 -1      2367 1.61544E-01 4.37168E+01 3.60553E-02
 -1      2368 1.93688E-01 4.37251E+01 1.37478E-02
 -1      2373-1.49867E-01 4.49640E+01-3.60553E-02
 -1      2374-1.82312E-01 4.49562E+01-1.39935E-02
 -1      2375-1.50133E-01 4.49640E+01 3.60553E-02
 -1      2376-1.17688E-01 4.49718E+01 1.39935E-02
 -1      2381-4.38181E-01 4.62168E+01-3.60532E-02
 -1      2382-4.70920E-01 4.62096E+01-1.42455E-02
 -1      2383-4.38983E-01 4.62167E+01 3.60532E-02
 -1      2384-4.06244E-01 4.62239E+01 1.42455E-02
 -1      2389-7.05431E-01 4.74747E+01-3.60497E-02
 -1      2390-7.38414E-01 4.74679E+01-1.44640E-02
 -1      2391-7.06701E-01 4.74744E+01 3.60497E-02
 -1      2392-6.73718E-01 4.74812E+01 1.44640E-02
 -1      2397-9.56607E-01 4.87364E+01-3.60464E-02
 -1      2398-9.89751E-01 4.87299E+01-1.46123E-02
 -1      2399-9.58198E-01 4.87361E+01 3.60464E-02
 -1      2400-9.25054E-01 4.87425E+01 1.46123E-02
 -1      2405-8.31704E-01 4.12331E+01 1.96577E+00
 -1      2406-8.68791E-01 4.12437E+01 1.97638E+00
 -1      2407-8.53491E-01 4.12393E+01 2.03423E+00
 -1      2408-8.16404E-01 4.12287E+01 2.02362E+00
 -1      2413-4.83271E-01 4.24716E+01 1.96568E+00
 -1      2414-5.20380E-01 4.24818E+01 1.97659E+00
 -1      2415-5.04597E-01 4.24775E+01 2.03432E+00
 -1      2416-4.67488E-01 4.24673E+01 2.02341E+00
 -1      2421-1.51102E-01 4.37141E+01 1.96555E+00
 -1      2422-1.88233E-01 4.37237E+01 1.97692E+00
 -1      2423-1.71734E-01 4.37194E+01 2.03445E+00
 -1      2424-1.34603E-01 4.37098E+01 2.02308E+00
 -1      2429 1.59903E-01 4.49616E+01 1.96541E+00
 -1      2430 1.22764E-01 4.49705E+01 1.97730E+00
 -1      2431 1.40097E-01 4.49664E+01 2.03459E+00
 -1      2432 1.77236E-01 4.49575E+01 2.02270E+00
 -1      2437 4.48070E-01 4.62146E+01 1.96528E+00
 -1      2438 4.10939E-01 4.62229E+01 1.97768E+00
 -1      2439 4.29094E-01 4.62188E+01 2.03472E+00
 -1      2440 4.66225E-01 4.62106E+01 2.02232E+00
 -1      2445 7.15201E-01 4.74727E+01 1.96517E+00
 -1      2446 6.78091E-01 4.74803E+01 1.97800E+00
 -1      2447 6.96931E-01 4.74764E+01 2.03483E+00
 -1      2448 7.34041E-01 4.74688E+01 2.02200E+00
 -1      2453 9.66302E-01 4.87345E+01 1.96510E+00
 -1      2454 9.29212E-01 4.87417E+01 1.97821E+00
 -1      2455 9.48503E-01 4.87380E+01 2.03490E+00
 -1      2456 9.85593E-01 4.87307E+01 2.02179E+00
 -1      2461 8.42124E-01 4.12361E+01 1.96395E+00
 -1      2462 8.10413E-01 4.12270E+01 1.98659E+00
 -1      2463 8.43071E-01 4.12364E+01 2.03605E+00
 -1      2464 8.74781E-01 4.12454E+01 2.01341E+00
 -1      2469 4.93597E-01 4.24745E+01 1.96395E+00
 -1      2470 4.61712E-01 4.24657E+01 1.98646E+00
 -1      2471 4.94271E-01 4.24746E+01 2.03605E+00
 -1      2472 5.26156E-01 4.24834E+01 2.01354E+00
 -1      2477 1.61293E-01 4.37167E+01 1.96394E+00
 -1      2478 1.29148E-01 4.37084E+01 1.98625E+00
 -1      2479 1.61544E-01 4.37168E+01 2.03606E+00
 -1      2480 1.93688E-01 4.37251E+01 2.01375E+00
 -1      2485-1.49867E-01 4.49640E+01 1.96394E+00
 -1      2486-1.82312E-01 4.49562E+01 1.98601E+00
 -1      2487-1.50133E-01 4.49640E+01 2.03606E+00
 -1      2488-1.17688E-01 4.49718E+01 2.01399E+00
 -1      2493-4.38181E-01 4.62168E+01 1.96395E+00
 -1      2494-4.70920E-01 4.62096E+01 1.98575E+00
 -1      2495-4.38983E-01 4.62167E+01 2.03605E+00
 -1      2496-4.06244E-01 4.62239E+01 2.01425E+00
 -1      2501-7.05431E-01 4.74747E+01 1.96395E+00
 -1      2502-7.38414E-01 4.74679E+01 1.98554E+00
 -1      2503-7.06701E-01 4.74744E+01 2.03605E+00
 -1      2504-6.73718E-01 4.74812E+01 2.01446E+00
 -1      2509-9.56607E-01 4.87364E+01 1.96395E+00
 -1      2510-9.89751E-01 4.87299E+01 1.98539E+00
 -1      2511-9.58198E-01 4.87361E+01 2.03605E+00
 -1      2512-9.25054E-01 4.87425E+01 2.01461E+00
 -3
    3C                           224                                     1
 -1         1    1    0    1
 -2       165       365       366       166       168       368       367       167
 -1         2    1    0    1
 -2       215       415       416       216       218       418       417       217
 -1         3    1    0    1
 -2       265       465       466       266       268       468       467       267
 -1         4    1    0    1
 -2       315       515       516       316       318       518       517       317
 -1         5    1    0    1
 -2       365       565       566       366       368       568       567       367
 -1         6    1    0    1
 -2       415       615       616       416       418       618       617       417
 -1         7    1    0    1
 -2       465       665       666       466       468       668       667       467
 -1         8    1    0    1
 -2       515       715       716       516       518       718       717       517
 -1         9    1    0    1
 -2       565      1397      1398       566       568      1400      1399       567
 -1        10    1    0    1
 -2      1397       765       766      1398      1400       768       767      1399
 -1        11    1    0    1
 -2       615      1405      1406       616       618      1408      1407       617
 -1        12    1    0    1
 -2      1405       815       816      1406      1408       818       817      1407
 -1        13    1    0    1
 -2       665      1413      1414       666       668      1416      1415       667
 -1        14    1    0    1
 -2      1413       865       866      1414      1416       868       867      1415
 -1        15    1    0    1
 -2       715      1421      1422       716       718      1424      1423       717
 -1        16    1    0    1
 -2      1421       915       916      1422      1424       918       917      1423
 -1        17    1    0    1
 -2       765      1429      1430       766       768      1432      1431       767
 -1        18    1    0    1
 -2      1429      1437      1438      1430      1432      1440      1439      1431
 -1        19    1    0    1
 -2      1437      1445      1446      1438      1440      1448      1447      1439
 -1        20    1    0    1
 -2      1445       965       966      1446      1448       968       967      1447
 -1        21    1    0    1
 -2       815      1453      1454       816       818      1456      1455       817
 -1        22    1    0    1
 -2      1453      1461      1462      1454      1456      1464      1463      1455
 -1        23    1    0    1
 -2      1461      1469      1470      1462      1464      1472      1471      1463
 -1        24    1    0    1
 -2      1469      1031      1032      1470      1472      1034      1033      1471
 -1        25    1    0    1
 -2       865      1477      1478       866       868      1480      1479       867
 -1        26    1    0    1
 -2      1477      1485      1486      1478      1480      1488      1487      1479
 -1        27    1    0    1
 -2      1485      1493      1494      1486      1488      1496      1495      1487
 -1        28    1    0    1
 -2      1493      1081      1082      1494      1496      1084      1083      1495
 -1        29    1    0    1
 -2       915      1501      1502       916       918      1504      1503       917
 -1        30    1    0    1
 -2      1501      1509      1510      1502      1504      1512      1511      1503
 -1        31    1    0    1
 -2      1509      1517      1518      1510      1512      1520      1519      1511
 -1        32    1    0    1
 -2      1517      1147      1148      1518      1520      1150      1149      1519
 -1        33    1    0    1
 -2       989      1525      1526       990       992      1528      1527       991
 -1        34    1    0    1
 -2      1525      1533      1534      1526      1528      1536      1535      1527
 -1        35    1    0    1
 -2      1533      1541      1542      1534      1536      1544      1543      1535
 -1        36    1    0    1
 -2      1541      1197      1198      1542      1544      1200      1199      1543
 -1        37    1    0    1
 -2      1031      1549      1550      1032      1034      1552      1551      1033
 -1        38    1    0    1
 -2      1549      1557      1558      1550      1552      1560      1559      1551
 -1        39    1    0    1
 -2      1557      1565      1566      1558      1560      1568      1567      1559
 -1        40    1    0    1
 -2      1565      1247      1248      1566      1568      1250      1249      1567
 -1        41    1    0    1
 -2      1105      1573      1574      1106      1108      1576      1575      1107
 -1        42    1    0    1
 -2      1573      1581      1582      1574      1576      1584      1583      1575
 -1        43    1    0    1
 -2      1581      1589      1590      1582      1584      1592      1591      1583
 -1        44    1    0    1
 -2      1589      1297      1298      1590      1592      1300      1299      1591
 -1        45    1    0    1
 -2      1147      1597      1598      1148      1150      1600      1599      1149
 -1        46    1    0    1
 -2      1597      1605      1606      1598      1600      1608      1607      1599
 -1        47    1    0    1
 -2      1605      1613      1614      1606      1608      1616      1615      1607
 -1        48    1    0    1
 -2      1613      1347      1348      1614      1616      1350      1349      1615
 -1        49    1    0    1
 -2       173      1621      1622       174       176      1624      1623       175
 -1        50    1    0    1
 -2      1621      1629      1630      1622      1624      1632      1631      1623
 -1        51    1    0    1
 -2      1629      1637      1638      1630      1632      1640      1639      1631
 -1        52    1    0    1
 -2      1637       223       224      1638      1640       226       225      1639
 -1        53    1    0    1
 -2       273      1645      1646       274       276      1648      1647       275
 -1        54    1    0    1
 -2      1645      1653      1654      1646      1648      1656      1655      1647
 -1        55    1    0    1
 -2      1653      1661      1662      1654      1656      1664      1663      1655
 -1        56    1    0    1
 -2      1661       323       324      1662      1664       326       325      1663
 -1        57    1    0    1
 -2       181      1669      1670       182       184      1672      1671       183
 -1        58    1    0    1
 -2      1669      1677      1678      1670      1672      1680      1679      1671
 -1        59    1    0    1
 -2      1677      1685      1686      1678      1680      1688      1687      1679
 -1        60    1    0    1
 -2      1685       281       282      1686      1688       284       283      1687
 -1        61    1    0    1
 -2       231      1693      1694       232       234      1696      1695       233
 -1        62    1    0    1
 -2      1693      1701      1702      1694      1696      1704      1703      1695
 -1        63    1    0    1
 -2      1701      1709      1710      1702      1704      1712      1711      1703
 -1        64    1    0    1
 -2      1709       331       332      1710      1712       334       333      1711
 -1        65    1    0    1
 -2       373       423       424       374       376       426       425       375
 -1        66    1    0    1
 -2       473       523       524       474       476       526       525       475
 -1        67    1    0    1
 -2       381       481       482       382       384       484       483       383
 -1        68    1    0    1
 -2       431       531       532       432       434       534       533       433
 -1        69    1    0    1
 -2       573      1717      1718       574       576      1720      1719       575
 -1        70    1    0    1
 -2      1717       623       624      1718      1720       626       625      1719
 -1        71    1    0    1
 -2       673      1725      1726       674       676      1728      1727       675
 -1        72    1    0    1
 -2      1725       723       724      1726      1728       726       725      1727
 -1        73    1    0    1
 -2       581      1733      1734       582       584      1736      1735       583
 -1        74    1    0    1
 -2      1733       681       682      1734      1736       684       683      1735
 -1        75    1    0    1
 -2       631      1741      1742       632       634      1744      1743       633
 -1        76    1    0    1
 -2      1741       731       732      1742      1744       734       733      1743
 -1        77    1    0    1
 -2       773       823       824       774       776       826       825       775
 -1        78    1    0    1
 -2       873       923       924       874       876       926       925       875
 -1        79    1    0    1
 -2       781       881       882       782       784       884       883       783
 -1        80    1    0    1
 -2       831       931       932       832       834       934       933       833
 -1        81    1    0    1
 -2       973      1749      1750       974       976      1752      1751       975
 -1        82    1    0    1
 -2      1749      1757      1758      1750      1752      1760      1759      1751
 -1        83    1    0    1
 -2      1757      1765      1766      1758      1760      1768      1767      1759
 -1        84    1    0    1
 -2      1765      1039      1040      1766      1768      1042      1041      1767
 -1        85    1    0    1
 -2      1089      1773      1774      1090      1092      1776      1775      1091
 -1        86    1    0    1
 -2      1773      1781      1782      1774      1776      1784      1783      1775
 -1        87    1    0    1
 -2      1781      1789      1790      1782      1784      1792      1791      1783
 -1        88    1    0    1
 -2      1789      1155      1156      1790      1792      1158      1157      1791
 -1        89    1    0    1
 -2       981      1797      1798       982       984      1800      1799       983
 -1        90    1    0    1
 -2      1797      1805      1806      1798      1800      1808      1807      1799
 -1        91    1    0    1
 -2      1805      1813      1814      1806      1808      1816      1815      1807
 -1        92    1    0    1
 -2      1813      1097      1098      1814      1816      1100      1099      1815
 -1        93    1    0    1
 -2      1047      1821      1822      1048      1050      1824      1823      1049
 -1        94    1    0    1
 -2      1821      1829      1830      1822      1824      1832      1831      1823
 -1        95    1    0    1
 -2      1829      1837      1838      1830      1832      1840      1839      1831
 -1        96    1    0    1
 -2      1837      1163      1164      1838      1840      1166      1165      1839
 -1        97    1    0    1
 -2      1205      1845      1846      1206      1208      1848      1847      1207
 -1        98    1    0    1
 -2      1845      1853      1854      1846      1848      1856      1855      1847
 -1        99    1    0    1
 -2      1853      1861      1862      1854      1856      1864      1863      1855
 -1       100    1    0    1
 -2      1861      1255      1256      1862      1864      1258      1257      1863
 -1       101    1    0    1
 -2      1305      1869      1870      1306      1308      1872      1871      1307
 -1       102    1    0    1
 -2      1869      1877      1878      1870      1872      1880      1879      1871
 -1       103    1    0    1
 -2      1877      1885      1886      1878      1880      1888      1887      1879
 -1       104    1    0    1
 -2      1885      1355      1356      1886      1888      1358      1357      1887
 -1       105    1    0    1
 -2      1213      1893      1894      1214      1216      1896      1895      1215
 -1       106    1    0    1
 -2      1893      1901      1902      1894      1896      1904      1903      1895
 -1       107    1    0    1
 -2      1901      1909      1910      1902      1904      1912      1911      1903
 -1       108    1    0    1
 -2      1909      1313      1314      1910      1912      1316      1315      1911
 -1       109    1    0    1
 -2      1263      1917      1918      1264      1266      1920      1919      1265
 -1       110    1    0    1
 -2      1917      1925      1926      1918      1920      1928      1927      1919
 -1       111    1    0    1
 -2      1925      1933      1934      1926      1928      1936      1935      1927
 -1       112    1    0    1
 -2      1933      1363      1364      1934      1936      1366      1365      1935
 -1       113    1    0    1
 -2       165      1941      1942       166       168      1944      1943       167
 -1       114    1    0    1
 -2      1941       465       466      1942      1944       468       467      1943
 -1       115    1    0    1
 -2       265      1949      1950       266       268      1952      1951       267
 -1       116    1    0    1
 -2      1949       365       366      1950      1952       368       367      1951
 -1       117    1    0    1
 -2       215      1957      1958       216       218      1960      1959       217
 -1       118    1    0    1
 -2      1957       515       516      1958      1960       518       517      1959
 -1       119    1    0    1
 -2       315      1965      1966       316       318      1968      1967       317
 -1       120    1    0    1
 -2      1965       415       416      1966      1968       418       417      1967
 -1       121    1    0    1
 -2       165      1973      1974       166       168      1976      1975       167
 -1       122    1    0    1
 -2      1973       415       416      1974      1976       418       417      1975
 -1       123    1    0    1
 -2       215      1981      1982       216       218      1984      1983       217
 -1       124    1    0    1
 -2      1981       365       366      1982      1984       368       367      1983
 -1       125    1    0    1
 -2       265      1989      1990       266       268      1992      1991       267
 -1       126    1    0    1
 -2      1989       515       516      1990      1992       518       517      1991
 -1       127    1    0    1
 -2       315      1997      1998       316       318      2000      1999       317
 -1       128    1    0    1
 -2      1997       465       466      1998      2000       468       467      1999
 -1       129    1    0    1
 -2       365      2005      2006       366       368      2008      2007       367
 -1       130    1    0    1
 -2      2005       665       666      2006      2008       668       667      2007
 -1       131    1    0    1
 -2       465      2013      2014       466       468      2016      2015       467
 -1       132    1    0    1
 -2      2013       565       566      2014      2016       568       567      2015
 -1       133    1    0    1
 -2       415      2021      2022       416       418      2024      2023       417
 -1       134    1    0    1
 -2      2021       715       716      2022      2024       718       717      2023
 -1       135    1    0    1
 -2       515      2029      2030       516       518      2032      2031       517
 -1       136    1    0    1
 -2      2029       615       616      2030      2032       618       617      2031
 -1       137    1    0    1
 -2       365      2037      2038       366       368      2040      2039       367
 -1       138    1    0    1
 -2      2037       615       616      2038      2040       618       617      2039
 -1       139    1    0    1
 -2       415      2045      2046       416       418      2048      2047       417
 -1       140    1    0    1
 -2      2045       565       566      2046      2048       568       567      2047
 -1       141    1    0    1
 -2       465      2053      2054       466       468      2056      2055       467
 -1       142    1    0    1
 -2      2053       715       716      2054      2056       718       717      2055
 -1       143    1    0    1
 -2       515      2061      2062       516       518      2064      2063       517
 -1       144    1    0    1
 -2      2061       665       666      2062      2064       668       667      2063
 -1       145    1    0    1
 -2       565       865       866       566       568       868       867       567
 -1       146    1    0    1
 -2       665       765       766       666       668       768       767       667
 -1       147    1    0    1
 -2       615       915       916       616       618       918       917       617
 -1       148    1    0    1
 -2       715       815       816       716       718       818       817       717
 -1       149    1    0    1
 -2       565       815       816       566       568       818       817       567
 -1       150    1    0    1
 -2       615       765       766       616       618       768       767       617
 -1       151    1    0    1
 -2       665       915       916       666       668       918       917       667
 -1       152    1    0    1
 -2       715       865       866       716       718       868       867       717
 -1       153    1    0    1
 -2       765      1081      1082       766       768      1084      1083       767
 -1       154    1    0    1
 -2       865       989       990       866       868       992       991       867
 -1       155    1    0    1
 -2       815      1147      1148       816       818      1150      1149       817
 -1       156    1    0    1
 -2       915      1031      1032       916       918      1034      1033       917
 -1       157    1    0    1
 -2       765      1031      1032       766       768      1034      1033       767
 -1       158    1    0    1
 -2       815       965       966       816       818       968       967       817
 -1       159    1    0    1
 -2       865      1147      1148       866       868      1150      1149       867
 -1       160    1    0    1
 -2       915      1081      1082       916       918      1084      1083       917
 -1       161    1    0    1
 -2       965      2069      2070       966       968      2072      2071       967
 -1       162    1    0    1
 -2      2069      2077      2078      2070      2072      2080      2079      2071
 -1       163    1    0    1
 -2      2077      2085      2086      2078      2080      2088      2087      2079
 -1       164    1    0    1
 -2      2085      2093      2094      2086      2088      2096      2095      2087
 -1       165    1    0    1
 -2      2093      2101      2102      2094      2096      2104      2103      2095
 -1       166    1    0    1
 -2      2101      2109      2110      2102      2104      2112      2111      2103
 -1       167    1    0    1
 -2      2109      2117      2118      2110      2112      2120      2119      2111
 -1       168    1    0    1
 -2      2117      1297      1298      2118      2120      1300      1299      2119
 -1       169    1    0    1
 -2      1105      2125      2126      1106      1108      2128      2127      1107
 -1       170    1    0    1
 -2      2125      2133      2134      2126      2128      2136      2135      2127
 -1       171    1    0    1
 -2      2133      2141      2142      2134      2136      2144      2143      2135
 -1       172    1    0    1
 -2      2141      2149      2150      2142      2144      2152      2151      2143
 -1       173    1    0    1
 -2      2149      2157      2158      2150      2152      2160      2159      2151
 -1       174    1    0    1
 -2      2157      2165      2166      2158      2160      2168      2167      2159
 -1       175    1    0    1
 -2      2165      2173      2174      2166      2168      2176      2175      2167
 -1       176    1    0    1
 -2      2173      1197      1198      2174      2176      1200      1199      2175
 -1       177    1    0    1
 -2      1031      2181      2182      1032      1034      2184      2183      1033
 -1       178    1    0    1
 -2      2181      2189      2190      2182      2184      2192      2191      2183
 -1       179    1    0    1
 -2      2189      2197      2198      2190      2192      2200      2199      2191
 -1       180    1    0    1
 -2      2197      2205      2206      2198      2200      2208      2207      2199
 -1       181    1    0    1
 -2      2205      2213      2214      2206      2208      2216      2215      2207
 -1       182    1    0    1
 -2      2213      2221      2222      2214      2216      2224      2223      2215
 -1       183    1    0    1
 -2      2221      2229      2230      2222      2224      2232      2231      2223
 -1       184    1    0    1
 -2      2229      1347      1348      2230      2232      1350      1349      2231
 -1       185    1    0    1
 -2      1147      2237      2238      1148      1150      2240      2239      1149
 -1       186    1    0    1
 -2      2237      2245      2246      2238      2240      2248      2247      2239
 -1       187    1    0    1
 -2      2245      2253      2254      2246      2248      2256      2255      2247
 -1       188    1    0    1
 -2      2253      2261      2262      2254      2256      2264      2263      2255
 -1       189    1    0    1
 -2      2261      2269      2270      2262      2264      2272      2271      2263
 -1       190    1    0    1
 -2      2269      2277      2278      2270      2272      2280      2279      2271
 -1       191    1    0    1
 -2      2277      2285      2286      2278      2280      2288      2287      2279
 -1       192    1    0    1
 -2      2285      1247      1248      2286      2288      1250      1249      2287
 -1       193    1    0    1
 -2       989      2293      2294       990       992      2296      2295       991
 -1       194    1    0    1
 -2      2293      2301      2302      2294      2296      2304      2303      2295
 -1       195    1    0    1
 -2      2301      2309      2310      2302      2304      2312      2311      2303
 -1       196    1    0    1
 -2      2309      2317      2318      2310      2312      2320      2319      2311
 -1       197    1    0    1
 -2      2317      2325      2326      2318      2320      2328      2327      2319
 -1       198    1    0    1
 -2      2325      2333      2334      2326      2328      2336      2335      2327
 -1       199    1    0    1
 -2      2333      2341      2342      2334      2336      2344      2343      2335
 -1       200    1    0    1
 -2      2341      1247      1248      2342      2344      1250      1249      2343
 -1       201    1    0    1
 -2      1031      2349      2350      1032      1034      2352      2351      1033
 -1       202    1    0    1
 -2      2349      2357      2358      2350      2352      2360      2359      2351
 -1       203    1    0    1
 -2      2357      2365      2366      2358      2360      2368      2367      2359
 -1       204    1    0    1
 -2      2365      2373      2374      2366      2368      2376      2375      2367
 -1       205    1    0    1
 -2      2373      2381      2382      2374      2376      2384      2383      2375
 -1       206    1    0    1
 -2      2381      2389      2390      2382      2384      2392      2391      2383
 -1       207    1    0    1
 -2      2389      2397      2398      2390      2392      2400      2399      2391
 -1       208    1    0    1
 -2      2397      1197      1198      2398      2400      1200      1199      2399
 -1       209    1    0    1
 -2      1105      2405      2406      1106      1108      2408      2407      1107
 -1       210    1    0    1
 -2      2405      2413      2414      2406      2408      2416      2415      2407
 -1       211    1    0    1
 -2      2413      2421      2422      2414      2416      2424      2423      2415
 -1       212    1    0    1
 -2      2421      2429      2430      2422      2424      2432      2431      2423
 -1       213    1    0    1
 -2      2429      2437      2438      2430      2432      2440      2439      2431
 -1       214    1    0    1
 -2      2437      2445      2446      2438      2440      2448      2447      2439
 -1       215    1    0    1
 -2      2445      2453      2454      2446      2448      2456      2455      2447
 -1       216    1    0    1
 -2      2453      1347      1348      2454      2456      1350      1349      2455
 -1       217    1    0    1
 -2      1147      2461      2462      1148      1150      2464      2463      1149
 -1       218    1    0    1
 -2      2461      2469      2470      2462      2464      2472      2471      2463
 -1       219    1    0    1
 -2      2469      2477      2478      2470      2472      2480      2479      2471
 -1       220    1    0    1
 -2      2477      2485      2486      2478      2480      2488      2487      2479
 -1       221    1    0    1
 -2      2485      2493      2494      2486      2488      2496      2495      2487
 -1       222    1    0    1
 -2      2493      2501      2502      2494      2496      2504      2503      2495
 -1       223    1    0    1
 -2      2501      2509      2510      2502      2504      2512      2511      2503
 -1       224    1    0    1
 -2      2509      1297      1298      2510      2512      1300      1299      2511
 -3
    1PSTEP                         1           1           1          
  100CL  101 1.000000000           0                     0    1           1
 -4  DISP        4    1
 -5  D1          1    2    1    0
 -5  D2          1    2    2    0
 -5  D3          1    2    3    0
 -5  ALL         1    2    0    0    1ALL
 -3
 9999
