    1C
    1UNormalized cross-passage space-truss torsion benchmark            
    1UUSER                                                              
    1UDATE              06.august.2026                                  
    1UTIME              05:20:14                                        
    1UHOST                                                              
    1UPGM               CalculiX                                        
    1UVERSION           Version 2.21                             
    1UCOMPILETIME       Sat Jul 29 10:52:01 CEST 2023                    
    1UDIR                                                               
    1UDBN                                                               
    1UMAT    1STEEL                                                     
    2C                           720                                     1
 -1       133-1.19392E+00 1.10406E-03-3.55217E-02
 -1       134-1.23033E+00 3.58513E-03-1.91580E-02
 -1       135-1.20608E+00-1.10406E-03 3.55217E-02
 -1       136-1.16967E+00-3.58513E-03 1.91580E-02
 -1       141-1.20102E+00-3.40950E-02-1.16828E-02
 -1       142-1.20007E+00-2.33416E-03-3.59798E-02
 -1       143-1.19898E+00 3.40950E-02 1.16828E-02
 -1       144-1.19993E+00 2.33416E-03 3.59798E-02
 -1       149-1.23354E+00-1.32202E-02 3.96605E-04
 -1       150-1.20069E+00-3.60327E-02 1.08098E-03
 -1       151-1.16646E+00 1.32202E-02-3.96605E-04
 -1       152-1.19931E+00 3.60327E-02-1.08098E-03
 -1       183 1.20178E+00 2.55221E-03-3.59208E-02
 -1       184 1.16758E+00-1.84045E-03-1.56598E-02
 -1       185 1.19822E+00-2.55221E-03 3.59208E-02
 -1       186 1.23242E+00 1.84045E-03 1.56598E-02
 -1       191 1.20102E+00-3.38645E-02-1.23355E-02
 -1       192 1.20005E+00-1.64335E-03-3.60180E-02
 -1       193 1.19898E+00 3.38645E-02 1.23355E-02
 -1       194 1.19995E+00 1.64335E-03 3.60180E-02
 -1       199 1.16697E+00-1.44498E-02-4.33494E-04
 -1       200 1.20064E+00-3.60336E-02-1.08101E-03
 -1       201 1.23303E+00 1.44498E-02 4.33494E-04
 -1       202 1.19936E+00 3.60336E-02 1.08101E-03
 -1       233-1.19302E+00-2.96955E-03 1.96475E+00
 -1       234-1.22984E+00 1.30746E-03 1.97980E+00
 -1       235-1.20698E+00 2.96955E-03 2.03525E+00
 -1       236-1.17016E+00-1.30746E-03 2.02020E+00
 -1       241-1.19898E+00-3.38645E-02 1.98766E+00
 -1       242-1.19995E+00-1.64335E-03 1.96398E+00
 -1       243-1.20102E+00 3.38645E-02 2.01234E+00
 -1       244-1.20005E+00 1.64335E-03 2.03602E+00
 -1       249-1.23303E+00-1.44498E-02 1.99957E+00
 -1       250-1.19936E+00-3.60336E-02 1.99892E+00
 -1       251-1.16697E+00 1.44498E-02 2.00043E+00
 -1       252-1.20064E+00 3.60336E-02 2.00108E+00
 -1       283 1.20330E+00-1.36844E-03 1.96412E+00
 -1       284 1.16826E+00-3.59743E-03 1.98329E+00
 -1       285 1.19670E+00 1.36844E-03 2.03588E+00
 -1       286 1.23174E+00 3.59743E-03 2.01671E+00
 -1       291 1.19898E+00-3.40950E-02 1.98832E+00
 -1       292 1.19993E+00-2.33416E-03 1.96402E+00
 -1       293 1.20102E+00 3.40950E-02 2.01168E+00
 -1       294 1.20007E+00 2.33416E-03 2.03598E+00
 -1       299 1.16646E+00-1.32202E-02 2.00040E+00
 -1       300 1.19931E+00-3.60327E-02 2.00108E+00
 -1       301 1.23354E+00 1.32202E-02 1.99960E+00
 -1       302 1.20069E+00 3.60327E-02 1.99892E+00
 -1       333-1.19518E+00 9.99960E+00-3.57295E-02
 -1       334-1.23113E+00 1.00001E+01-1.81950E-02
 -1       335-1.20482E+00 1.00004E+01 3.57295E-02
 -1       336-1.16887E+00 9.99987E+00 1.81950E-02
 -1       341-1.20102E+00 9.96591E+00-1.16828E-02
 -1       342-1.20007E+00 9.99767E+00-3.59798E-02
 -1       343-1.19898E+00 1.00341E+01 1.16828E-02
 -1       344-1.19993E+00 1.00023E+01 3.59798E-02
 -1       349-1.23354E+00 9.98678E+00 3.96605E-04
 -1       350-1.20069E+00 9.96397E+00 1.08098E-03
 -1       351-1.16646E+00 1.00132E+01-3.96605E-04
 -1       352-1.19931E+00 1.00360E+01-1.08098E-03
 -1       383 1.20440E+00 9.99969E+00-3.57842E-02
 -1       384 1.16866E+00 9.99951E+00-1.78246E-02
 -1       385 1.19560E+00 1.00003E+01 3.57842E-02
 -1       386 1.23134E+00 1.00005E+01 1.78246E-02
 -1       391 1.20102E+00 9.96614E+00-1.23355E-02
 -1       392 1.20005E+00 9.99836E+00-3.60180E-02
 -1       393 1.19898E+00 1.00339E+01 1.23355E-02
 -1       394 1.19995E+00 1.00016E+01 3.60180E-02
 -1       399 1.16697E+00 9.98555E+00-4.33494E-04
 -1       400 1.20064E+00 9.96397E+00-1.08101E-03
 -1       401 1.23303E+00 1.00145E+01 4.33494E-04
 -1       402 1.19936E+00 1.00360E+01 1.08101E-03
 -1       433-1.19541E+00 1.00003E+01 1.96424E+00
 -1       434-1.23124E+00 1.00005E+01 1.98201E+00
 -1       435-1.20459E+00 9.99969E+00 2.03576E+00
 -1       436-1.16876E+00 9.99951E+00 2.01799E+00
 -1       441-1.19898E+00 9.96614E+00 1.98766E+00
 -1       442-1.19995E+00 9.99836E+00 1.96398E+00
 -1       443-1.20102E+00 1.00339E+01 2.01234E+00
 -1       444-1.20005E+00 1.00016E+01 2.03602E+00
 -1       449-1.23303E+00 9.98555E+00 1.99957E+00
 -1       450-1.19936E+00 9.96397E+00 1.99892E+00
 -1       451-1.16697E+00 1.00145E+01 2.00043E+00
 -1       452-1.20064E+00 1.00360E+01 2.00108E+00
 -1       483 1.20417E+00 1.00004E+01 1.96419E+00
 -1       484 1.16855E+00 9.99986E+00 1.98238E+00
 -1       485 1.19583E+00 9.99960E+00 2.03581E+00
 -1       486 1.23145E+00 1.00001E+01 2.01762E+00
 -1       491 1.19898E+00 9.96591E+00 1.98832E+00
 -1       492 1.19993E+00 9.99767E+00 1.96402E+00
 -1       493 1.20102E+00 1.00341E+01 2.01168E+00
 -1       494 1.20007E+00 1.00023E+01 2.03598E+00
 -1       499 1.16646E+00 9.98678E+00 2.00040E+00
 -1       500 1.19931E+00 9.96397E+00 2.00108E+00
 -1       501 1.23354E+00 1.00132E+01 1.99960E+00
 -1       502 1.20069E+00 1.00360E+01 1.99892E+00
 -1       533-1.19516E+00 1.99995E+01-3.57258E-02
 -1       534-1.23112E+00 2.00001E+01-1.82131E-02
 -1       535-1.20484E+00 2.00005E+01 3.57258E-02
 -1       536-1.16888E+00 1.99999E+01 1.82131E-02
 -1       541-1.20102E+00 1.99659E+01-1.16828E-02
 -1       542-1.20007E+00 1.99977E+01-3.59798E-02
 -1       543-1.19898E+00 2.00341E+01 1.16828E-02
 -1       544-1.19993E+00 2.00023E+01 3.59798E-02
 -1       549-1.23354E+00 1.99868E+01 3.96605E-04
 -1       550-1.20069E+00 1.99640E+01 1.08098E-03
 -1       551-1.16646E+00 2.00132E+01-3.96605E-04
 -1       552-1.19931E+00 2.00360E+01-1.08098E-03
 -1       583 1.20438E+00 1.99998E+01-3.57877E-02
 -1       584 1.16865E+00 1.99995E+01-1.78048E-02
 -1       585 1.19562E+00 2.00002E+01 3.57877E-02
 -1       586 1.23135E+00 2.00005E+01 1.78048E-02
 -1       591 1.20102E+00 1.99661E+01-1.23355E-02
 -1       592 1.20005E+00 1.99984E+01-3.60180E-02
 -1       593 1.19898E+00 2.00339E+01 1.23355E-02
 -1       594 1.19995E+00 2.00016E+01 3.60180E-02
 -1       599 1.16697E+00 1.99855E+01-4.33494E-04
 -1       600 1.20064E+00 1.99640E+01-1.08101E-03
 -1       601 1.23303E+00 2.00145E+01 4.33494E-04
 -1       602 1.19936E+00 2.00360E+01 1.08101E-03
 -1       633-1.19538E+00 2.00002E+01 1.96424E+00
 -1       634-1.23123E+00 2.00005E+01 1.98199E+00
 -1       635-1.20462E+00 1.99998E+01 2.03576E+00
 -1       636-1.16877E+00 1.99995E+01 2.01801E+00
 -1       641-1.19898E+00 1.99661E+01 1.98766E+00
 -1       642-1.19995E+00 1.99984E+01 1.96398E+00
 -1       643-1.20102E+00 2.00339E+01 2.01234E+00
 -1       644-1.20005E+00 2.00016E+01 2.03602E+00
 -1       649-1.23303E+00 1.99855E+01 1.99957E+00
 -1       650-1.19936E+00 1.99640E+01 1.99892E+00
 -1       651-1.16697E+00 2.00145E+01 2.00043E+00
 -1       652-1.20064E+00 2.00360E+01 2.00108E+00
 -1       683 1.20414E+00 2.00005E+01 1.96419E+00
 -1       684 1.16853E+00 1.99999E+01 1.98240E+00
 -1       685 1.19586E+00 1.99995E+01 2.03581E+00
 -1       686 1.23147E+00 2.00001E+01 2.01760E+00
 -1       691 1.19898E+00 1.99659E+01 1.98832E+00
 -1       692 1.19993E+00 1.99977E+01 1.96402E+00
 -1       693 1.20102E+00 2.00341E+01 2.01168E+00
 -1       694 1.20007E+00 2.00023E+01 2.03598E+00
 -1       699 1.16646E+00 1.99868E+01 2.00040E+00
 -1       700 1.19931E+00 1.99640E+01 2.00108E+00
 -1       701 1.23354E+00 2.00132E+01 1.99960E+00
 -1       702 1.20069E+00 2.00360E+01 1.99892E+00
 -1       733-1.19518E+00 2.99996E+01-3.57288E-02
 -1       734-1.23113E+00 3.00001E+01-1.81984E-02
 -1       735-1.20482E+00 3.00004E+01 3.57288E-02
 -1       736-1.16887E+00 2.99999E+01 1.81984E-02
 -1       741-1.20102E+00 2.99659E+01-1.16828E-02
 -1       742-1.20007E+00 2.99977E+01-3.59798E-02
 -1       743-1.19898E+00 3.00341E+01 1.16828E-02
 -1       744-1.19993E+00 3.00023E+01 3.59798E-02
 -1       749-1.23354E+00 2.99868E+01 3.96605E-04
 -1       750-1.20069E+00 2.99640E+01 1.08098E-03
 -1       751-1.16646E+00 3.00132E+01-3.96605E-04
 -1       752-1.19931E+00 3.00360E+01-1.08098E-03
 -1       783 1.20439E+00 2.99997E+01-3.57855E-02
 -1       784 1.16866E+00 2.99995E+01-1.78173E-02
 -1       785 1.19561E+00 3.00003E+01 3.57855E-02
 -1       786 1.23134E+00 3.00005E+01 1.78173E-02
 -1       791 1.20102E+00 2.99661E+01-1.23355E-02
 -1       792 1.20005E+00 2.99984E+01-3.60180E-02
 -1       793 1.19898E+00 3.00339E+01 1.23355E-02
 -1       794 1.19995E+00 3.00016E+01 3.60180E-02
 -1       799 1.16697E+00 2.99855E+01-4.33494E-04
 -1       800 1.20064E+00 2.99640E+01-1.08101E-03
 -1       801 1.23303E+00 3.00145E+01 4.33494E-04
 -1       802 1.19936E+00 3.00360E+01 1.08101E-03
 -1       833-1.19540E+00 3.00003E+01 1.96424E+00
 -1       834-1.23124E+00 3.00005E+01 1.98200E+00
 -1       835-1.20460E+00 2.99997E+01 2.03576E+00
 -1       836-1.16876E+00 2.99995E+01 2.01800E+00
 -1       841-1.19898E+00 2.99661E+01 1.98766E+00
 -1       842-1.19995E+00 2.99984E+01 1.96398E+00
 -1       843-1.20102E+00 3.00339E+01 2.01234E+00
 -1       844-1.20005E+00 3.00016E+01 2.03602E+00
 -1       849-1.23303E+00 2.99855E+01 1.99957E+00
 -1       850-1.19936E+00 2.99640E+01 1.99892E+00
 -1       851-1.16697E+00 3.00145E+01 2.00043E+00
 -1       852-1.20064E+00 3.00360E+01 2.00108E+00
 -1       883 1.20416E+00 3.00004E+01 1.96419E+00
 -1       884 1.16854E+00 2.99999E+01 1.98238E+00
 -1       885 1.19584E+00 2.99996E+01 2.03581E+00
 -1       886 1.23146E+00 3.00001E+01 2.01762E+00
 -1       891 1.19898E+00 2.99659E+01 1.98832E+00
 -1       892 1.19993E+00 2.99977E+01 1.96402E+00
 -1       893 1.20102E+00 3.00341E+01 2.01168E+00
 -1       894 1.20007E+00 3.00023E+01 2.03598E+00
 -1       899 1.16646E+00 2.99868E+01 2.00040E+00
 -1       900 1.19931E+00 2.99640E+01 2.00108E+00
 -1       901 1.23354E+00 3.00132E+01 1.99960E+00
 -1       902 1.20069E+00 3.00360E+01 1.99892E+00
 -1       933-1.19526E+00 3.99999E+01-3.57423E-02
 -1       934-1.23117E+00 4.00003E+01-1.81235E-02
 -1       935-1.20474E+00 4.00001E+01 3.57423E-02
 -1       936-1.16883E+00 3.99997E+01 1.81235E-02
 -1       941-1.20000E+00 3.99660E+01-1.20000E-02
 -1       942-1.20000E+00 3.99980E+01-3.60000E-02
 -1       943-1.20000E+00 4.00340E+01 1.20000E-02
 -1       944-1.20000E+00 4.00020E+01 3.60000E-02
 -1       949-1.23328E+00 3.99861E+01 0.00000E+00
 -1       950-1.20000E+00 3.99639E+01 0.00000E+00
 -1       951-1.16672E+00 4.00139E+01 0.00000E+00
 -1       952-1.20000E+00 4.00361E+01 0.00000E+00
 -1       983 1.20449E+00 3.99994E+01-3.57704E-02
 -1       984 1.16870E+00 3.99994E+01-1.78931E-02
 -1       985 1.19551E+00 4.00006E+01 3.57704E-02
 -1       986 1.23130E+00 4.00006E+01 1.78931E-02
 -1       991 1.20000E+00 3.99660E+01-1.20000E-02
 -1       992 1.20000E+00 3.99980E+01-3.60000E-02
 -1       993 1.20000E+00 4.00340E+01 1.20000E-02
 -1       994 1.20000E+00 4.00020E+01 3.60000E-02
 -1       999 1.16672E+00 3.99861E+01 0.00000E+00
 -1      1000 1.20000E+00 3.99639E+01 0.00000E+00
 -1      1001 1.23328E+00 4.00139E+01 0.00000E+00
 -1      1002 1.20000E+00 4.00361E+01 0.00000E+00
 -1      1033-1.19549E+00 4.00006E+01 1.96423E+00
 -1      1034-1.23128E+00 4.00006E+01 1.98208E+00
 -1      1035-1.20451E+00 3.99994E+01 2.03577E+00
 -1      1036-1.16872E+00 3.99994E+01 2.01792E+00
 -1      1041-1.20000E+00 3.99660E+01 1.98800E+00
 -1      1042-1.20000E+00 3.99980E+01 1.96400E+00
 -1      1043-1.20000E+00 4.00340E+01 2.01200E+00
 -1      1044-1.20000E+00 4.00020E+01 2.03600E+00
 -1      1049-1.23328E+00 3.99861E+01 2.00000E+00
 -1      1050-1.20000E+00 3.99639E+01 2.00000E+00
 -1      1051-1.16672E+00 4.00139E+01 2.00000E+00
 -1      1052-1.20000E+00 4.00361E+01 2.00000E+00
 -1      1083 1.20425E+00 4.00001E+01 1.96420E+00
 -1      1084 1.16859E+00 3.99997E+01 1.98230E+00
 -1      1085 1.19575E+00 3.99999E+01 2.03580E+00
 -1      1086 1.23141E+00 4.00003E+01 2.01770E+00
 -1      1091 1.20000E+00 3.99660E+01 1.98800E+00
 -1      1092 1.20000E+00 3.99980E+01 1.96400E+00
 -1      1093 1.20000E+00 4.00340E+01 2.01200E+00
 -1      1094 1.20000E+00 4.00020E+01 2.03600E+00
 -1      1099 1.16672E+00 3.99861E+01 2.00000E+00
 -1      1100 1.20000E+00 3.99639E+01 2.00000E+00
 -1      1101 1.23328E+00 4.00139E+01 2.00000E+00
 -1      1102 1.20000E+00 4.00361E+01 2.00000E+00
 -1      1133-1.19605E+00 4.99975E+01-3.57542E-02
 -1      1134-1.23148E+00 4.99965E+01-1.72231E-02
 -1      1135-1.20395E+00 5.00025E+01 3.57542E-02
 -1      1136-1.16852E+00 5.00035E+01 1.72231E-02
 -1      1141-1.20102E+00 4.99659E+01-1.16828E-02
 -1      1142-1.20007E+00 4.99977E+01-3.59798E-02
 -1      1143-1.19898E+00 5.00341E+01 1.16828E-02
 -1      1144-1.19993E+00 5.00023E+01 3.59798E-02
 -1      1149-1.23354E+00 4.99868E+01 3.96605E-04
 -1      1150-1.20069E+00 4.99640E+01 1.08098E-03
 -1      1151-1.16646E+00 5.00132E+01-3.96605E-04
 -1      1152-1.19931E+00 5.00360E+01-1.08098E-03
 -1      1183 1.20657E+00 4.99968E+01-3.53115E-02
 -1      1184 1.16988E+00 5.00006E+01-1.98149E-02
 -1      1185 1.19343E+00 5.00032E+01 3.53115E-02
 -1      1186 1.23012E+00 4.99994E+01 1.98149E-02
 -1      1191 1.20102E+00 4.99661E+01-1.23355E-02
 -1      1192 1.20005E+00 4.99984E+01-3.60180E-02
 -1      1193 1.19898E+00 5.00339E+01 1.23355E-02
 -1      1194 1.19995E+00 5.00016E+01 3.60180E-02
 -1      1199 1.16697E+00 4.99855E+01-4.33494E-04
 -1      1200 1.20064E+00 4.99640E+01-1.08101E-03
 -1      1201 1.23303E+00 5.00145E+01 4.33494E-04
 -1      1202 1.19936E+00 5.00360E+01 1.08101E-03
 -1      1233-1.19804E+00 5.00029E+01 1.96411E+00
 -1      1234-1.23240E+00 4.99990E+01 1.98421E+00
 -1      1235-1.20196E+00 4.99971E+01 2.03589E+00
 -1      1236-1.16760E+00 5.00010E+01 2.01579E+00
 -1      1241-1.19898E+00 4.99661E+01 1.98766E+00
 -1      1242-1.19995E+00 4.99984E+01 1.96398E+00
 -1      1243-1.20102E+00 5.00339E+01 2.01234E+00
 -1      1244-1.20005E+00 5.00016E+01 2.03602E+00
 -1      1249-1.23303E+00 4.99855E+01 1.99957E+00
 -1      1250-1.19936E+00 4.99640E+01 1.99892E+00
 -1      1251-1.16697E+00 5.00145E+01 2.00043E+00
 -1      1252-1.20064E+00 5.00360E+01 2.00108E+00
 -1      1283 1.20519E+00 5.00024E+01 1.96440E+00
 -1      1284 1.16914E+00 5.00035E+01 1.98169E+00
 -1      1285 1.19481E+00 4.99976E+01 2.03560E+00
 -1      1286 1.23086E+00 4.99965E+01 2.01831E+00
 -1      1291 1.19898E+00 4.99659E+01 1.98832E+00
 -1      1292 1.19993E+00 4.99977E+01 1.96402E+00
 -1      1293 1.20102E+00 5.00341E+01 2.01168E+00
 -1      1294 1.20007E+00 5.00023E+01 2.03598E+00
 -1      1299 1.16646E+00 4.99868E+01 2.00040E+00
 -1      1300 1.19931E+00 4.99640E+01 2.00108E+00
 -1      1301 1.23354E+00 5.00132E+01 1.99960E+00
 -1      1302 1.20069E+00 5.00360E+01 1.99892E+00
 -1      1333-1.19553E+00 5.00000E+00-1.85778E-01
 -1      1334-1.23131E+00 5.00000E+00-1.67883E-01
 -1      1335-1.20447E+00 5.00000E+00-1.14222E-01
 -1      1336-1.16869E+00 5.00000E+00-1.32117E-01
 -1      1341 1.20447E+00 5.00000E+00 1.14222E-01
 -1      1342 1.16869E+00 5.00000E+00 1.32117E-01
 -1      1343 1.19553E+00 5.00000E+00 1.85778E-01
 -1      1344 1.23131E+00 5.00000E+00 1.67883E-01
 -1      1349-1.19553E+00 5.00000E+00 1.81422E+00
 -1      1350-1.23131E+00 5.00000E+00 1.83212E+00
 -1      1351-1.20447E+00 5.00000E+00 1.88578E+00
 -1      1352-1.16869E+00 5.00000E+00 1.86788E+00
 -1      1357 1.20447E+00 5.00000E+00 2.11422E+00
 -1      1358 1.16869E+00 5.00000E+00 2.13212E+00
 -1      1359 1.19553E+00 5.00000E+00 2.18578E+00
 -1      1360 1.23131E+00 5.00000E+00 2.16788E+00
 -1      1365-1.19553E+00 1.50000E+01-1.85778E-01
 -1      1366-1.23131E+00 1.50000E+01-1.67883E-01
 -1      1367-1.20447E+00 1.50000E+01-1.14222E-01
 -1      1368-1.16869E+00 1.50000E+01-1.32117E-01
 -1      1373 1.20447E+00 1.50000E+01 1.14222E-01
 -1      1374 1.16869E+00 1.50000E+01 1.32117E-01
 -1      1375 1.19553E+00 1.50000E+01 1.85778E-01
 -1      1376 1.23131E+00 1.50000E+01 1.67883E-01
 -1      1381-1.19553E+00 1.50000E+01 1.81422E+00
 -1      1382-1.23131E+00 1.50000E+01 1.83212E+00
 -1      1383-1.20447E+00 1.50000E+01 1.88578E+00
 -1      1384-1.16869E+00 1.50000E+01 1.86788E+00
 -1      1389 1.20447E+00 1.50000E+01 2.11422E+00
 -1      1390 1.16869E+00 1.50000E+01 2.13212E+00
 -1      1391 1.19553E+00 1.50000E+01 2.18578E+00
 -1      1392 1.23131E+00 1.50000E+01 2.16788E+00
 -1      1397-1.19522E+00 2.24989E+01-1.41787E-01
 -1      1398-1.23115E+00 2.24995E+01-1.24216E-01
 -1      1399-1.20478E+00 2.25011E+01-7.03450E-02
 -1      1400-1.16885E+00 2.25005E+01-8.79159E-02
 -1      1405-1.19553E+00 2.50000E+01-1.85777E-01
 -1      1406-1.23131E+00 2.50000E+01-1.67887E-01
 -1      1407-1.20447E+00 2.50000E+01-1.14223E-01
 -1      1408-1.16869E+00 2.50000E+01-1.32113E-01
 -1      1413-1.19586E+00 2.75011E+01-1.41867E-01
 -1      1414-1.23147E+00 2.75005E+01-1.23652E-01
 -1      1415-1.20414E+00 2.74989E+01-7.02647E-02
 -1      1416-1.16853E+00 2.74995E+01-8.84797E-02
 -1      1421 1.20414E+00 2.25011E+01 7.02647E-02
 -1      1422 1.16853E+00 2.25005E+01 8.84797E-02
 -1      1423 1.19586E+00 2.24989E+01 1.41867E-01
 -1      1424 1.23147E+00 2.24995E+01 1.23652E-01
 -1      1429 1.20447E+00 2.50000E+01 1.14223E-01
 -1      1430 1.16869E+00 2.50000E+01 1.32113E-01
 -1      1431 1.19553E+00 2.50000E+01 1.85777E-01
 -1      1432 1.23131E+00 2.50000E+01 1.67887E-01
 -1      1437 1.20478E+00 2.74989E+01 7.03450E-02
 -1      1438 1.16885E+00 2.74995E+01 8.79159E-02
 -1      1439 1.19522E+00 2.75011E+01 1.41787E-01
 -1      1440 1.23115E+00 2.75005E+01 1.24216E-01
 -1      1445-1.19522E+00 2.24989E+01 1.85821E+00
 -1      1446-1.23115E+00 2.24995E+01 1.87578E+00
 -1      1447-1.20478E+00 2.25011E+01 1.92966E+00
 -1      1448-1.16885E+00 2.25005E+01 1.91208E+00
 -1      1453-1.19553E+00 2.50000E+01 1.81422E+00
 -1      1454-1.23131E+00 2.50000E+01 1.83211E+00
 -1      1455-1.20447E+00 2.50000E+01 1.88578E+00
 -1      1456-1.16869E+00 2.50000E+01 1.86789E+00
 -1      1461-1.19586E+00 2.75011E+01 1.85813E+00
 -1      1462-1.23147E+00 2.75005E+01 1.87635E+00
 -1      1463-1.20414E+00 2.74989E+01 1.92974E+00
 -1      1464-1.16853E+00 2.74995E+01 1.91152E+00
 -1      1469 1.20414E+00 2.25011E+01 2.07026E+00
 -1      1470 1.16853E+00 2.25005E+01 2.08848E+00
 -1      1471 1.19586E+00 2.24989E+01 2.14187E+00
 -1      1472 1.23147E+00 2.24995E+01 2.12365E+00
 -1      1477 1.20447E+00 2.50000E+01 2.11422E+00
 -1      1478 1.16869E+00 2.50000E+01 2.13211E+00
 -1      1479 1.19553E+00 2.50000E+01 2.18578E+00
 -1      1480 1.23131E+00 2.50000E+01 2.16789E+00
 -1      1485 1.20478E+00 2.74989E+01 2.07034E+00
 -1      1486 1.16885E+00 2.74995E+01 2.08792E+00
 -1      1487 1.19522E+00 2.75011E+01 2.14179E+00
 -1      1488 1.23115E+00 2.75005E+01 2.12422E+00
 -1      1493-1.19510E+00 3.12485E+01-9.30910E-02
 -1      1494-1.23109E+00 3.12492E+01-7.56508E-02
 -1      1495-1.20490E+00 3.12515E+01-2.17140E-02
 -1      1496-1.16891E+00 3.12508E+01-3.91543E-02
 -1      1501-1.19519E+00 3.24988E+01-1.41781E-01
 -1      1502-1.23114E+00 3.24994E+01-1.24237E-01
 -1      1503-1.20481E+00 3.25012E+01-7.03511E-02
 -1      1504-1.16886E+00 3.25006E+01-8.78954E-02
 -1      1509-1.19534E+00 3.37494E+01-1.74330E-01
 -1      1510-1.23121E+00 3.37497E+01-1.56628E-01
 -1      1511-1.20466E+00 3.37506E+01-1.02834E-01
 -1      1512-1.16879E+00 3.37503E+01-1.20535E-01
 -1      1517-1.19553E+00 3.50000E+01-1.85777E-01
 -1      1518-1.23131E+00 3.50000E+01-1.67888E-01
 -1      1519-1.20447E+00 3.50000E+01-1.14223E-01
 -1      1520-1.16869E+00 3.50000E+01-1.32112E-01
 -1      1525-1.19572E+00 3.62506E+01-1.74377E-01
 -1      1526-1.23140E+00 3.62503E+01-1.56298E-01
 -1      1527-1.20428E+00 3.62494E+01-1.02787E-01
 -1      1528-1.16860E+00 3.62497E+01-1.20866E-01
 -1      1533-1.19589E+00 3.75012E+01-1.41868E-01
 -1      1534-1.23149E+00 3.75006E+01-1.23626E-01
 -1      1535-1.20411E+00 3.74988E+01-7.02642E-02
 -1      1536-1.16851E+00 3.74994E+01-8.85056E-02
 -1      1541-1.19601E+00 3.87515E+01-9.32042E-02
 -1      1542-1.23154E+00 3.87507E+01-7.48534E-02
 -1      1543-1.20399E+00 3.87485E+01-2.16008E-02
 -1      1544-1.16846E+00 3.87493E+01-3.99517E-02
 -1      1549 1.20399E+00 3.12515E+01 2.16008E-02
 -1      1550 1.16846E+00 3.12507E+01 3.99517E-02
 -1      1551 1.19601E+00 3.12485E+01 9.32042E-02
 -1      1552 1.23154E+00 3.12493E+01 7.48534E-02
 -1      1557 1.20411E+00 3.25012E+01 7.02642E-02
 -1      1558 1.16851E+00 3.25006E+01 8.85056E-02
 -1      1559 1.19589E+00 3.24988E+01 1.41868E-01
 -1      1560 1.23149E+00 3.24994E+01 1.23626E-01
 -1      1565 1.20428E+00 3.37506E+01 1.02787E-01
 -1      1566 1.16860E+00 3.37503E+01 1.20866E-01
 -1      1567 1.19572E+00 3.37494E+01 1.74377E-01
 -1      1568 1.23140E+00 3.37497E+01 1.56298E-01
 -1      1573 1.20447E+00 3.50000E+01 1.14223E-01
 -1      1574 1.16869E+00 3.50000E+01 1.32112E-01
 -1      1575 1.19553E+00 3.50000E+01 1.85777E-01
 -1      1576 1.23131E+00 3.50000E+01 1.67888E-01
 -1      1581 1.20466E+00 3.62494E+01 1.02834E-01
 -1      1582 1.16879E+00 3.62497E+01 1.20535E-01
 -1      1583 1.19534E+00 3.62506E+01 1.74330E-01
 -1      1584 1.23121E+00 3.62503E+01 1.56628E-01
 -1      1589 1.20481E+00 3.74988E+01 7.03511E-02
 -1      1590 1.16886E+00 3.74994E+01 8.78954E-02
 -1      1591 1.19519E+00 3.75012E+01 1.41781E-01
 -1      1592 1.23114E+00 3.75006E+01 1.24237E-01
 -1      1597 1.20490E+00 3.87485E+01 2.17140E-02
 -1      1598 1.16891E+00 3.87492E+01 3.91543E-02
 -1      1599 1.19510E+00 3.87515E+01 9.30910E-02
 -1      1600 1.23109E+00 3.87508E+01 7.56508E-02
 -1      1605-1.19510E+00 3.12485E+01 1.90691E+00
 -1      1606-1.23109E+00 3.12492E+01 1.92435E+00
 -1      1607-1.20490E+00 3.12515E+01 1.97829E+00
 -1      1608-1.16891E+00 3.12508E+01 1.96085E+00
 -1      1613-1.19519E+00 3.24988E+01 1.85822E+00
 -1      1614-1.23114E+00 3.24994E+01 1.87576E+00
 -1      1615-1.20481E+00 3.25012E+01 1.92965E+00
 -1      1616-1.16886E+00 3.25006E+01 1.91210E+00
 -1      1621-1.19534E+00 3.37494E+01 1.82567E+00
 -1      1622-1.23121E+00 3.37497E+01 1.84337E+00
 -1      1623-1.20466E+00 3.37506E+01 1.89717E+00
 -1      1624-1.16879E+00 3.37503E+01 1.87946E+00
 -1      1629-1.19553E+00 3.50000E+01 1.81422E+00
 -1      1630-1.23131E+00 3.50000E+01 1.83211E+00
 -1      1631-1.20447E+00 3.50000E+01 1.88578E+00
 -1      1632-1.16869E+00 3.50000E+01 1.86789E+00
 -1      1637-1.19572E+00 3.62506E+01 1.82562E+00
 -1      1638-1.23140E+00 3.62503E+01 1.84370E+00
 -1      1639-1.20428E+00 3.62494E+01 1.89721E+00
 -1      1640-1.16860E+00 3.62497E+01 1.87913E+00
 -1      1645-1.19589E+00 3.75012E+01 1.85813E+00
 -1      1646-1.23149E+00 3.75006E+01 1.87637E+00
 -1      1647-1.20411E+00 3.74988E+01 1.92974E+00
 -1      1648-1.16851E+00 3.74994E+01 1.91149E+00
 -1      1653-1.19601E+00 3.87515E+01 1.90680E+00
 -1      1654-1.23154E+00 3.87507E+01 1.92515E+00
 -1      1655-1.20399E+00 3.87485E+01 1.97840E+00
 -1      1656-1.16846E+00 3.87493E+01 1.96005E+00
 -1      1661 1.20399E+00 3.12515E+01 2.02160E+00
 -1      1662 1.16846E+00 3.12507E+01 2.03995E+00
 -1      1663 1.19601E+00 3.12485E+01 2.09320E+00
 -1      1664 1.23154E+00 3.12493E+01 2.07485E+00
 -1      1669 1.20411E+00 3.25012E+01 2.07026E+00
 -1      1670 1.16851E+00 3.25006E+01 2.08851E+00
 -1      1671 1.19589E+00 3.24988E+01 2.14187E+00
 -1      1672 1.23149E+00 3.24994E+01 2.12363E+00
 -1      1677 1.20428E+00 3.37506E+01 2.10279E+00
 -1      1678 1.16860E+00 3.37503E+01 2.12087E+00
 -1      1679 1.19572E+00 3.37494E+01 2.17438E+00
 -1      1680 1.23140E+00 3.37497E+01 2.15630E+00
 -1      1685 1.20447E+00 3.50000E+01 2.11422E+00
 -1      1686 1.16869E+00 3.50000E+01 2.13211E+00
 -1      1687 1.19553E+00 3.50000E+01 2.18578E+00
 -1      1688 1.23131E+00 3.50000E+01 2.16789E+00
 -1      1693 1.20466E+00 3.62494E+01 2.10283E+00
 -1      1694 1.16879E+00 3.62497E+01 2.12054E+00
 -1      1695 1.19534E+00 3.62506E+01 2.17433E+00
 -1      1696 1.23121E+00 3.62503E+01 2.15663E+00
 -1      1701 1.20481E+00 3.74988E+01 2.07035E+00
 -1      1702 1.16886E+00 3.74994E+01 2.08790E+00
 -1      1703 1.19519E+00 3.75012E+01 2.14178E+00
 -1      1704 1.23114E+00 3.75006E+01 2.12424E+00
 -1      1709 1.20490E+00 3.87485E+01 2.02171E+00
 -1      1710 1.16891E+00 3.87492E+01 2.03915E+00
 -1      1711 1.19510E+00 3.87515E+01 2.09309E+00
 -1      1712 1.23109E+00 3.87508E+01 2.07565E+00
 -1      1717 0.00000E+00-6.99992E-02-1.20023E-02
 -1      1718 0.00000E+00-3.79975E-02-3.60001E-02
 -1      1719 0.00000E+00-2.00083E-03 1.20023E-02
 -1      1720 0.00000E+00-3.40025E-02 3.60001E-02
 -1      1725 0.00000E+00 2.00083E-03 1.98800E+00
 -1      1726 0.00000E+00 3.40025E-02 1.96400E+00
 -1      1727 0.00000E+00 6.99992E-02 2.01200E+00
 -1      1728 0.00000E+00 3.79975E-02 2.03600E+00
 -1      1733-1.23329E+00 1.61495E-02 1.00000E+00
 -1      1734-1.20002E+00-6.05551E-03 1.00000E+00
 -1      1735-1.16671E+00 4.38505E-02 1.00000E+00
 -1      1736-1.19998E+00 6.60555E-02 1.00000E+00
 -1      1741 1.16671E+00-4.38505E-02 1.00000E+00
 -1      1742 1.19998E+00-6.60555E-02 1.00000E+00
 -1      1743 1.23329E+00-1.61495E-02 1.00000E+00
 -1      1744 1.20002E+00 6.05551E-03 1.00000E+00
 -1      1749 0.00000E+00 9.93000E+00-1.20023E-02
 -1      1750 0.00000E+00 9.96200E+00-3.60001E-02
 -1      1751 0.00000E+00 9.99800E+00 1.20023E-02
 -1      1752 0.00000E+00 9.96600E+00 3.60001E-02
 -1      1757 0.00000E+00 1.00020E+01 1.98800E+00
 -1      1758 0.00000E+00 1.00340E+01 1.96400E+00
 -1      1759 0.00000E+00 1.00700E+01 2.01200E+00
 -1      1760 0.00000E+00 1.00380E+01 2.03600E+00
 -1      1765-1.23329E+00 1.00161E+01 1.00000E+00
 -1      1766-1.20002E+00 9.99394E+00 1.00000E+00
 -1      1767-1.16671E+00 1.00439E+01 1.00000E+00
 -1      1768-1.19998E+00 1.00661E+01 1.00000E+00
 -1      1773 1.16671E+00 9.95615E+00 1.00000E+00
 -1      1774 1.19998E+00 9.93394E+00 1.00000E+00
 -1      1775 1.23329E+00 9.98385E+00 1.00000E+00
 -1      1776 1.20002E+00 1.00061E+01 1.00000E+00
 -1      1781 0.00000E+00 1.99300E+01-1.20023E-02
 -1      1782 0.00000E+00 1.99620E+01-3.60001E-02
 -1      1783 0.00000E+00 1.99980E+01 1.20023E-02
 -1      1784 0.00000E+00 1.99660E+01 3.60001E-02
 -1      1789 0.00000E+00 2.00020E+01 1.98800E+00
 -1      1790 0.00000E+00 2.00340E+01 1.96400E+00
 -1      1791 0.00000E+00 2.00700E+01 2.01200E+00
 -1      1792 0.00000E+00 2.00380E+01 2.03600E+00
 -1      1797-1.23329E+00 2.00161E+01 1.00000E+00
 -1      1798-1.20002E+00 1.99939E+01 1.00000E+00
 -1      1799-1.16671E+00 2.00438E+01 1.00000E+00
 -1      1800-1.19998E+00 2.00661E+01 1.00000E+00
 -1      1805 1.16671E+00 1.99562E+01 1.00000E+00
 -1      1806 1.19998E+00 1.99339E+01 1.00000E+00
 -1      1807 1.23329E+00 1.99839E+01 1.00000E+00
 -1      1808 1.20002E+00 2.00061E+01 1.00000E+00
 -1      1813 0.00000E+00 2.99300E+01-1.20023E-02
 -1      1814 0.00000E+00 2.99620E+01-3.60001E-02
 -1      1815 0.00000E+00 2.99980E+01 1.20023E-02
 -1      1816 0.00000E+00 2.99660E+01 3.60001E-02
 -1      1821 0.00000E+00 3.00020E+01 1.98800E+00
 -1      1822 0.00000E+00 3.00340E+01 1.96400E+00
 -1      1823 0.00000E+00 3.00700E+01 2.01200E+00
 -1      1824 0.00000E+00 3.00380E+01 2.03600E+00
 -1      1829-1.23329E+00 3.00161E+01 1.00000E+00
 -1      1830-1.20002E+00 2.99939E+01 1.00000E+00
 -1      1831-1.16671E+00 3.00438E+01 1.00000E+00
 -1      1832-1.19998E+00 3.00661E+01 1.00000E+00
 -1      1837 1.16671E+00 2.99562E+01 1.00000E+00
 -1      1838 1.19998E+00 2.99339E+01 1.00000E+00
 -1      1839 1.23329E+00 2.99839E+01 1.00000E+00
 -1      1840 1.20002E+00 3.00061E+01 1.00000E+00
 -1      1845 0.00000E+00 4.99300E+01-1.20023E-02
 -1      1846 0.00000E+00 4.99620E+01-3.60001E-02
 -1      1847 0.00000E+00 4.99980E+01 1.20023E-02
 -1      1848 0.00000E+00 4.99660E+01 3.60001E-02
 -1      1853 0.00000E+00 5.00020E+01 1.98800E+00
 -1      1854 0.00000E+00 5.00340E+01 1.96400E+00
 -1      1855 0.00000E+00 5.00700E+01 2.01200E+00
 -1      1856 0.00000E+00 5.00380E+01 2.03600E+00
 -1      1861-1.23329E+00 5.00161E+01 1.00000E+00
 -1      1862-1.20002E+00 4.99939E+01 1.00000E+00
 -1      1863-1.16671E+00 5.00438E+01 1.00000E+00
 -1      1864-1.19998E+00 5.00661E+01 1.00000E+00
 -1      1869 1.16671E+00 4.99562E+01 1.00000E+00
 -1      1870 1.19998E+00 4.99339E+01 1.00000E+00
 -1      1871 1.23329E+00 4.99839E+01 1.00000E+00
 -1      1872 1.20002E+00 5.00061E+01 1.00000E+00
 -1      1877-1.19830E+00 5.03706E+00 8.14684E-01
 -1      1878-1.23259E+00 5.03303E+00 8.34874E-01
 -1      1879-1.20170E+00 5.02294E+00 8.85316E-01
 -1      1880-1.16741E+00 5.02697E+00 8.65126E-01
 -1      1885-1.19388E+00 5.02303E+00 1.11516E+00
 -1      1886-1.23044E+00 5.02621E+00 1.13106E+00
 -1      1887-1.20612E+00 5.03697E+00 1.18484E+00
 -1      1888-1.16956E+00 5.03379E+00 1.16894E+00
 -1      1893 1.20170E+00 5.03706E+00 8.14684E-01
 -1      1894 1.16741E+00 5.03303E+00 8.34874E-01
 -1      1895 1.19830E+00 5.02294E+00 8.85316E-01
 -1      1896 1.23259E+00 5.02697E+00 8.65126E-01
 -1      1901 1.20612E+00 5.02303E+00 1.11516E+00
 -1      1902 1.16956E+00 5.02621E+00 1.13106E+00
 -1      1903 1.19388E+00 5.03697E+00 1.18484E+00
 -1      1904 1.23044E+00 5.03379E+00 1.16894E+00
 -1      1909 1.59908E-01 4.96162E+00-3.45858E-02
 -1      1910 1.22767E-01 4.97054E+00-2.27077E-02
 -1      1911 1.40092E-01 4.96638E+00 3.45858E-02
 -1      1912 1.77233E-01 4.95746E+00 2.27077E-02
 -1      1917-1.49864E-01 4.96403E+00-3.60552E-02
 -1      1918-1.82310E-01 4.95625E+00-1.39967E-02
 -1      1919-1.50136E-01 4.96397E+00 3.60552E-02
 -1      1920-1.17690E-01 4.97175E+00 1.39967E-02
 -1      1925 1.59908E-01 4.96162E+00 1.96541E+00
 -1      1926 1.22767E-01 4.97054E+00 1.97729E+00
 -1      1927 1.40092E-01 4.96638E+00 2.03459E+00
 -1      1928 1.77233E-01 4.95746E+00 2.02271E+00
 -1      1933-1.49864E-01 4.96403E+00 1.96394E+00
 -1      1934-1.82310E-01 4.95625E+00 1.98600E+00
 -1      1935-1.50136E-01 4.96397E+00 2.03606E+00
 -1      1936-1.17690E-01 4.97175E+00 2.01400E+00
 -1      1941-1.19830E+00 1.50371E+01 8.14684E-01
 -1      1942-1.23259E+00 1.50330E+01 8.34874E-01
 -1      1943-1.20170E+00 1.50229E+01 8.85316E-01
 -1      1944-1.16741E+00 1.50270E+01 8.65126E-01
 -1      1949-1.19388E+00 1.50230E+01 1.11516E+00
 -1      1950-1.23044E+00 1.50262E+01 1.13106E+00
 -1      1951-1.20612E+00 1.50370E+01 1.18484E+00
 -1      1952-1.16956E+00 1.50338E+01 1.16894E+00
 -1      1957 1.20170E+00 1.50371E+01 8.14684E-01
 -1      1958 1.16741E+00 1.50330E+01 8.34874E-01
 -1      1959 1.19830E+00 1.50229E+01 8.85316E-01
 -1      1960 1.23259E+00 1.50270E+01 8.65126E-01
 -1      1965 1.20612E+00 1.50230E+01 1.11516E+00
 -1      1966 1.16956E+00 1.50262E+01 1.13106E+00
 -1      1967 1.19388E+00 1.50370E+01 1.18484E+00
 -1      1968 1.23044E+00 1.50338E+01 1.16894E+00
 -1      1973 1.59908E-01 1.49616E+01-3.45858E-02
 -1      1974 1.22767E-01 1.49705E+01-2.27077E-02
 -1      1975 1.40092E-01 1.49664E+01 3.45858E-02
 -1      1976 1.77233E-01 1.49575E+01 2.27077E-02
 -1      1981-1.49864E-01 1.49640E+01-3.60552E-02
 -1      1982-1.82310E-01 1.49562E+01-1.39967E-02
 -1      1983-1.50136E-01 1.49640E+01 3.60552E-02
 -1      1984-1.17690E-01 1.49718E+01 1.39967E-02
 -1      1989 1.59908E-01 1.49616E+01 1.96541E+00
 -1      1990 1.22767E-01 1.49705E+01 1.97729E+00
 -1      1991 1.40092E-01 1.49664E+01 2.03459E+00
 -1      1992 1.77233E-01 1.49575E+01 2.02271E+00
 -1      1997-1.49864E-01 1.49640E+01 1.96394E+00
 -1      1998-1.82310E-01 1.49562E+01 1.98600E+00
 -1      1999-1.50136E-01 1.49640E+01 2.03606E+00
 -1      2000-1.17690E-01 1.49718E+01 2.01400E+00
 -1      2005-1.19830E+00 2.50371E+01 8.14684E-01
 -1      2006-1.23259E+00 2.50330E+01 8.34874E-01
 -1      2007-1.20170E+00 2.50229E+01 8.85316E-01
 -1      2008-1.16741E+00 2.50270E+01 8.65126E-01
 -1      2013-1.19388E+00 2.50230E+01 1.11516E+00
 -1      2014-1.23044E+00 2.50262E+01 1.13106E+00
 -1      2015-1.20612E+00 2.50370E+01 1.18484E+00
 -1      2016-1.16956E+00 2.50338E+01 1.16894E+00
 -1      2021 1.20170E+00 2.50371E+01 8.14684E-01
 -1      2022 1.16741E+00 2.50330E+01 8.34874E-01
 -1      2023 1.19830E+00 2.50229E+01 8.85316E-01
 -1      2024 1.23259E+00 2.50270E+01 8.65126E-01
 -1      2029 1.20612E+00 2.50230E+01 1.11516E+00
 -1      2030 1.16956E+00 2.50262E+01 1.13106E+00
 -1      2031 1.19388E+00 2.50370E+01 1.18484E+00
 -1      2032 1.23044E+00 2.50338E+01 1.16894E+00
 -1      2037 1.59908E-01 2.49616E+01-3.45858E-02
 -1      2038 1.22767E-01 2.49705E+01-2.27077E-02
 -1      2039 1.40092E-01 2.49664E+01 3.45858E-02
 -1      2040 1.77233E-01 2.49575E+01 2.27077E-02
 -1      2045-1.49864E-01 2.49640E+01-3.60552E-02
 -1      2046-1.82310E-01 2.49562E+01-1.39967E-02
 -1      2047-1.50136E-01 2.49640E+01 3.60552E-02
 -1      2048-1.17690E-01 2.49718E+01 1.39967E-02
 -1      2053 1.59908E-01 2.49616E+01 1.96541E+00
 -1      2054 1.22767E-01 2.49705E+01 1.97729E+00
 -1      2055 1.40092E-01 2.49664E+01 2.03459E+00
 -1      2056 1.77233E-01 2.49575E+01 2.02271E+00
 -1      2061-1.49864E-01 2.49640E+01 1.96394E+00
 -1      2062-1.82310E-01 2.49562E+01 1.98600E+00
 -1      2063-1.50136E-01 2.49640E+01 2.03606E+00
 -1      2064-1.17690E-01 2.49718E+01 2.01400E+00
 -1      2069-1.19830E+00 3.50371E+01 8.14684E-01
 -1      2070-1.23259E+00 3.50330E+01 8.34874E-01
 -1      2071-1.20170E+00 3.50229E+01 8.85316E-01
 -1      2072-1.16741E+00 3.50270E+01 8.65126E-01
 -1      2077-1.19388E+00 3.50230E+01 1.11516E+00
 -1      2078-1.23044E+00 3.50262E+01 1.13106E+00
 -1      2079-1.20612E+00 3.50370E+01 1.18484E+00
 -1      2080-1.16956E+00 3.50338E+01 1.16894E+00
 -1      2085 1.20170E+00 3.50371E+01 8.14684E-01
 -1      2086 1.16741E+00 3.50330E+01 8.34874E-01
 -1      2087 1.19830E+00 3.50229E+01 8.85316E-01
 -1      2088 1.23259E+00 3.50270E+01 8.65126E-01
 -1      2093 1.20612E+00 3.50230E+01 1.11516E+00
 -1      2094 1.16956E+00 3.50262E+01 1.13106E+00
 -1      2095 1.19388E+00 3.50370E+01 1.18484E+00
 -1      2096 1.23044E+00 3.50338E+01 1.16894E+00
 -1      2101 1.59908E-01 3.49616E+01-3.45858E-02
 -1      2102 1.22767E-01 3.49705E+01-2.27077E-02
 -1      2103 1.40092E-01 3.49664E+01 3.45858E-02
 -1      2104 1.77233E-01 3.49575E+01 2.27077E-02
 -1      2109-1.49864E-01 3.49640E+01-3.60552E-02
 -1      2110-1.82310E-01 3.49562E+01-1.39967E-02
 -1      2111-1.50136E-01 3.49640E+01 3.60552E-02
 -1      2112-1.17690E-01 3.49718E+01 1.39967E-02
 -1      2117 1.59908E-01 3.49616E+01 1.96541E+00
 -1      2118 1.22767E-01 3.49705E+01 1.97729E+00
 -1      2119 1.40092E-01 3.49664E+01 2.03459E+00
 -1      2120 1.77233E-01 3.49575E+01 2.02271E+00
 -1      2125-1.49864E-01 3.49640E+01 1.96394E+00
 -1      2126-1.82310E-01 3.49562E+01 1.98600E+00
 -1      2127-1.50136E-01 3.49640E+01 2.03606E+00
 -1      2128-1.17690E-01 3.49718E+01 2.01400E+00
 -1      2133-1.19830E+00 4.50371E+01 8.14684E-01
 -1      2134-1.23259E+00 4.50330E+01 8.34874E-01
 -1      2135-1.20170E+00 4.50229E+01 8.85316E-01
 -1      2136-1.16741E+00 4.50270E+01 8.65126E-01
 -1      2141-1.19388E+00 4.50230E+01 1.11516E+00
 -1      2142-1.23044E+00 4.50262E+01 1.13106E+00
 -1      2143-1.20612E+00 4.50370E+01 1.18484E+00
 -1      2144-1.16956E+00 4.50338E+01 1.16894E+00
 -1      2149 1.20170E+00 4.50371E+01 8.14684E-01
 -1      2150 1.16741E+00 4.50330E+01 8.34874E-01
 -1      2151 1.19830E+00 4.50229E+01 8.85316E-01
 -1      2152 1.23259E+00 4.50270E+01 8.65126E-01
 -1      2157 1.20612E+00 4.50230E+01 1.11516E+00
 -1      2158 1.16956E+00 4.50262E+01 1.13106E+00
 -1      2159 1.19388E+00 4.50370E+01 1.18484E+00
 -1      2160 1.23044E+00 4.50338E+01 1.16894E+00
 -1      2165 1.59908E-01 4.49616E+01-3.45858E-02
 -1      2166 1.22767E-01 4.49705E+01-2.27077E-02
 -1      2167 1.40092E-01 4.49664E+01 3.45858E-02
 -1      2168 1.77233E-01 4.49575E+01 2.27077E-02
 -1      2173-1.49864E-01 4.49640E+01-3.60552E-02
 -1      2174-1.82310E-01 4.49562E+01-1.39967E-02
 -1      2175-1.50136E-01 4.49640E+01 3.60552E-02
 -1      2176-1.17690E-01 4.49718E+01 1.39967E-02
 -1      2181 1.59908E-01 4.49616E+01 1.96541E+00
 -1      2182 1.22767E-01 4.49705E+01 1.97729E+00
 -1      2183 1.40092E-01 4.49664E+01 2.03459E+00
 -1      2184 1.77233E-01 4.49575E+01 2.02271E+00
 -1      2189-1.49864E-01 4.49640E+01 1.96394E+00
 -1      2190-1.82310E-01 4.49562E+01 1.98600E+00
 -1      2191-1.50136E-01 4.49640E+01 2.03606E+00
 -1      2192-1.17690E-01 4.49718E+01 2.01400E+00
 -3
    3C                           192                                     1
 -1         1    1    0    1
 -2       133      1333      1334       134       136      1336      1335       135
 -1         2    1    0    1
 -2      1333       333       334      1334      1336       336       335      1335
 -1         3    1    0    1
 -2       183      1341      1342       184       186      1344      1343       185
 -1         4    1    0    1
 -2      1341       383       384      1342      1344       386       385      1343
 -1         5    1    0    1
 -2       233      1349      1350       234       236      1352      1351       235
 -1         6    1    0    1
 -2      1349       433       434      1350      1352       436       435      1351
 -1         7    1    0    1
 -2       283      1357      1358       284       286      1360      1359       285
 -1         8    1    0    1
 -2      1357       483       484      1358      1360       486       485      1359
 -1         9    1    0    1
 -2       333      1365      1366       334       336      1368      1367       335
 -1        10    1    0    1
 -2      1365       533       534      1366      1368       536       535      1367
 -1        11    1    0    1
 -2       383      1373      1374       384       386      1376      1375       385
 -1        12    1    0    1
 -2      1373       583       584      1374      1376       586       585      1375
 -1        13    1    0    1
 -2       433      1381      1382       434       436      1384      1383       435
 -1        14    1    0    1
 -2      1381       633       634      1382      1384       636       635      1383
 -1        15    1    0    1
 -2       483      1389      1390       484       486      1392      1391       485
 -1        16    1    0    1
 -2      1389       683       684      1390      1392       686       685      1391
 -1        17    1    0    1
 -2       533      1397      1398       534       536      1400      1399       535
 -1        18    1    0    1
 -2      1397      1405      1406      1398      1400      1408      1407      1399
 -1        19    1    0    1
 -2      1405      1413      1414      1406      1408      1416      1415      1407
 -1        20    1    0    1
 -2      1413       733       734      1414      1416       736       735      1415
 -1        21    1    0    1
 -2       583      1421      1422       584       586      1424      1423       585
 -1        22    1    0    1
 -2      1421      1429      1430      1422      1424      1432      1431      1423
 -1        23    1    0    1
 -2      1429      1437      1438      1430      1432      1440      1439      1431
 -1        24    1    0    1
 -2      1437       783       784      1438      1440       786       785      1439
 -1        25    1    0    1
 -2       633      1445      1446       634       636      1448      1447       635
 -1        26    1    0    1
 -2      1445      1453      1454      1446      1448      1456      1455      1447
 -1        27    1    0    1
 -2      1453      1461      1462      1454      1456      1464      1463      1455
 -1        28    1    0    1
 -2      1461       833       834      1462      1464       836       835      1463
 -1        29    1    0    1
 -2       683      1469      1470       684       686      1472      1471       685
 -1        30    1    0    1
 -2      1469      1477      1478      1470      1472      1480      1479      1471
 -1        31    1    0    1
 -2      1477      1485      1486      1478      1480      1488      1487      1479
 -1        32    1    0    1
 -2      1485       883       884      1486      1488       886       885      1487
 -1        33    1    0    1
 -2       733      1493      1494       734       736      1496      1495       735
 -1        34    1    0    1
 -2      1493      1501      1502      1494      1496      1504      1503      1495
 -1        35    1    0    1
 -2      1501      1509      1510      1502      1504      1512      1511      1503
 -1        36    1    0    1
 -2      1509      1517      1518      1510      1512      1520      1519      1511
 -1        37    1    0    1
 -2      1517      1525      1526      1518      1520      1528      1527      1519
 -1        38    1    0    1
 -2      1525      1533      1534      1526      1528      1536      1535      1527
 -1        39    1    0    1
 -2      1533      1541      1542      1534      1536      1544      1543      1535
 -1        40    1    0    1
 -2      1541       933       934      1542      1544       936       935      1543
 -1        41    1    0    1
 -2       783      1549      1550       784       786      1552      1551       785
 -1        42    1    0    1
 -2      1549      1557      1558      1550      1552      1560      1559      1551
 -1        43    1    0    1
 -2      1557      1565      1566      1558      1560      1568      1567      1559
 -1        44    1    0    1
 -2      1565      1573      1574      1566      1568      1576      1575      1567
 -1        45    1    0    1
 -2      1573      1581      1582      1574      1576      1584      1583      1575
 -1        46    1    0    1
 -2      1581      1589      1590      1582      1584      1592      1591      1583
 -1        47    1    0    1
 -2      1589      1597      1598      1590      1592      1600      1599      1591
 -1        48    1    0    1
 -2      1597       983       984      1598      1600       986       985      1599
 -1        49    1    0    1
 -2       833      1605      1606       834       836      1608      1607       835
 -1        50    1    0    1
 -2      1605      1613      1614      1606      1608      1616      1615      1607
 -1        51    1    0    1
 -2      1613      1621      1622      1614      1616      1624      1623      1615
 -1        52    1    0    1
 -2      1621      1629      1630      1622      1624      1632      1631      1623
 -1        53    1    0    1
 -2      1629      1637      1638      1630      1632      1640      1639      1631
 -1        54    1    0    1
 -2      1637      1645      1646      1638      1640      1648      1647      1639
 -1        55    1    0    1
 -2      1645      1653      1654      1646      1648      1656      1655      1647
 -1        56    1    0    1
 -2      1653      1033      1034      1654      1656      1036      1035      1655
 -1        57    1    0    1
 -2       883      1661      1662       884       886      1664      1663       885
 -1        58    1    0    1
 -2      1661      1669      1670      1662      1664      1672      1671      1663
 -1        59    1    0    1
 -2      1669      1677      1678      1670      1672      1680      1679      1671
 -1        60    1    0    1
 -2      1677      1685      1686      1678      1680      1688      1687      1679
 -1        61    1    0    1
 -2      1685      1693      1694      1686      1688      1696      1695      1687
 -1        62    1    0    1
 -2      1693      1701      1702      1694      1696      1704      1703      1695
 -1        63    1    0    1
 -2      1701      1709      1710      1702      1704      1712      1711      1703
 -1        64    1    0    1
 -2      1709      1083      1084      1710      1712      1086      1085      1711
 -1        65    1    0    1
 -2       933      1133      1134       934       936      1136      1135       935
 -1        66    1    0    1
 -2       983      1183      1184       984       986      1186      1185       985
 -1        67    1    0    1
 -2      1033      1233      1234      1034      1036      1236      1235      1035
 -1        68    1    0    1
 -2      1083      1283      1284      1084      1086      1286      1285      1085
 -1        69    1    0    1
 -2       141      1717      1718       142       144      1720      1719       143
 -1        70    1    0    1
 -2      1717       191       192      1718      1720       194       193      1719
 -1        71    1    0    1
 -2       241      1725      1726       242       244      1728      1727       243
 -1        72    1    0    1
 -2      1725       291       292      1726      1728       294       293      1727
 -1        73    1    0    1
 -2       149      1733      1734       150       152      1736      1735       151
 -1        74    1    0    1
 -2      1733       249       250      1734      1736       252       251      1735
 -1        75    1    0    1
 -2       199      1741      1742       200       202      1744      1743       201
 -1        76    1    0    1
 -2      1741       299       300      1742      1744       302       301      1743
 -1        77    1    0    1
 -2       341      1749      1750       342       344      1752      1751       343
 -1        78    1    0    1
 -2      1749       391       392      1750      1752       394       393      1751
 -1        79    1    0    1
 -2       441      1757      1758       442       444      1760      1759       443
 -1        80    1    0    1
 -2      1757       491       492      1758      1760       494       493      1759
 -1        81    1    0    1
 -2       349      1765      1766       350       352      1768      1767       351
 -1        82    1    0    1
 -2      1765       449       450      1766      1768       452       451      1767
 -1        83    1    0    1
 -2       399      1773      1774       400       402      1776      1775       401
 -1        84    1    0    1
 -2      1773       499       500      1774      1776       502       501      1775
 -1        85    1    0    1
 -2       541      1781      1782       542       544      1784      1783       543
 -1        86    1    0    1
 -2      1781       591       592      1782      1784       594       593      1783
 -1        87    1    0    1
 -2       641      1789      1790       642       644      1792      1791       643
 -1        88    1    0    1
 -2      1789       691       692      1790      1792       694       693      1791
 -1        89    1    0    1
 -2       549      1797      1798       550       552      1800      1799       551
 -1        90    1    0    1
 -2      1797       649       650      1798      1800       652       651      1799
 -1        91    1    0    1
 -2       599      1805      1806       600       602      1808      1807       601
 -1        92    1    0    1
 -2      1805       699       700      1806      1808       702       701      1807
 -1        93    1    0    1
 -2       741      1813      1814       742       744      1816      1815       743
 -1        94    1    0    1
 -2      1813       791       792      1814      1816       794       793      1815
 -1        95    1    0    1
 -2       841      1821      1822       842       844      1824      1823       843
 -1        96    1    0    1
 -2      1821       891       892      1822      1824       894       893      1823
 -1        97    1    0    1
 -2       749      1829      1830       750       752      1832      1831       751
 -1        98    1    0    1
 -2      1829       849       850      1830      1832       852       851      1831
 -1        99    1    0    1
 -2       799      1837      1838       800       802      1840      1839       801
 -1       100    1    0    1
 -2      1837       899       900      1838      1840       902       901      1839
 -1       101    1    0    1
 -2       941       991       992       942       944       994       993       943
 -1       102    1    0    1
 -2      1041      1091      1092      1042      1044      1094      1093      1043
 -1       103    1    0    1
 -2       949      1049      1050       950       952      1052      1051       951
 -1       104    1    0    1
 -2       999      1099      1100      1000      1002      1102      1101      1001
 -1       105    1    0    1
 -2      1141      1845      1846      1142      1144      1848      1847      1143
 -1       106    1    0    1
 -2      1845      1191      1192      1846      1848      1194      1193      1847
 -1       107    1    0    1
 -2      1241      1853      1854      1242      1244      1856      1855      1243
 -1       108    1    0    1
 -2      1853      1291      1292      1854      1856      1294      1293      1855
 -1       109    1    0    1
 -2      1149      1861      1862      1150      1152      1864      1863      1151
 -1       110    1    0    1
 -2      1861      1249      1250      1862      1864      1252      1251      1863
 -1       111    1    0    1
 -2      1199      1869      1870      1200      1202      1872      1871      1201
 -1       112    1    0    1
 -2      1869      1299      1300      1870      1872      1302      1301      1871
 -1       113    1    0    1
 -2       133      1877      1878       134       136      1880      1879       135
 -1       114    1    0    1
 -2      1877       433       434      1878      1880       436       435      1879
 -1       115    1    0    1
 -2       233      1885      1886       234       236      1888      1887       235
 -1       116    1    0    1
 -2      1885       333       334      1886      1888       336       335      1887
 -1       117    1    0    1
 -2       183      1893      1894       184       186      1896      1895       185
 -1       118    1    0    1
 -2      1893       483       484      1894      1896       486       485      1895
 -1       119    1    0    1
 -2       283      1901      1902       284       286      1904      1903       285
 -1       120    1    0    1
 -2      1901       383       384      1902      1904       386       385      1903
 -1       121    1    0    1
 -2       133      1909      1910       134       136      1912      1911       135
 -1       122    1    0    1
 -2      1909       383       384      1910      1912       386       385      1911
 -1       123    1    0    1
 -2       183      1917      1918       184       186      1920      1919       185
 -1       124    1    0    1
 -2      1917       333       334      1918      1920       336       335      1919
 -1       125    1    0    1
 -2       233      1925      1926       234       236      1928      1927       235
 -1       126    1    0    1
 -2      1925       483       484      1926      1928       486       485      1927
 -1       127    1    0    1
 -2       283      1933      1934       284       286      1936      1935       285
 -1       128    1    0    1
 -2      1933       433       434      1934      1936       436       435      1935
 -1       129    1    0    1
 -2       333      1941      1942       334       336      1944      1943       335
 -1       130    1    0    1
 -2      1941       633       634      1942      1944       636       635      1943
 -1       131    1    0    1
 -2       433      1949      1950       434       436      1952      1951       435
 -1       132    1    0    1
 -2      1949       533       534      1950      1952       536       535      1951
 -1       133    1    0    1
 -2       383      1957      1958       384       386      1960      1959       385
 -1       134    1    0    1
 -2      1957       683       684      1958      1960       686       685      1959
 -1       135    1    0    1
 -2       483      1965      1966       484       486      1968      1967       485
 -1       136    1    0    1
 -2      1965       583       584      1966      1968       586       585      1967
 -1       137    1    0    1
 -2       333      1973      1974       334       336      1976      1975       335
 -1       138    1    0    1
 -2      1973       583       584      1974      1976       586       585      1975
 -1       139    1    0    1
 -2       383      1981      1982       384       386      1984      1983       385
 -1       140    1    0    1
 -2      1981       533       534      1982      1984       536       535      1983
 -1       141    1    0    1
 -2       433      1989      1990       434       436      1992      1991       435
 -1       142    1    0    1
 -2      1989       683       684      1990      1992       686       685      1991
 -1       143    1    0    1
 -2       483      1997      1998       484       486      2000      1999       485
 -1       144    1    0    1
 -2      1997       633       634      1998      2000       636       635      1999
 -1       145    1    0    1
 -2       533      2005      2006       534       536      2008      2007       535
 -1       146    1    0    1
 -2      2005       833       834      2006      2008       836       835      2007
 -1       147    1    0    1
 -2       633      2013      2014       634       636      2016      2015       635
 -1       148    1    0    1
 -2      2013       733       734      2014      2016       736       735      2015
 -1       149    1    0    1
 -2       583      2021      2022       584       586      2024      2023       585
 -1       150    1    0    1
 -2      2021       883       884      2022      2024       886       885      2023
 -1       151    1    0    1
 -2       683      2029      2030       684       686      2032      2031       685
 -1       152    1    0    1
 -2      2029       783       784      2030      2032       786       785      2031
 -1       153    1    0    1
 -2       533      2037      2038       534       536      2040      2039       535
 -1       154    1    0    1
 -2      2037       783       784      2038      2040       786       785      2039
 -1       155    1    0    1
 -2       583      2045      2046       584       586      2048      2047       585
 -1       156    1    0    1
 -2      2045       733       734      2046      2048       736       735      2047
 -1       157    1    0    1
 -2       633      2053      2054       634       636      2056      2055       635
 -1       158    1    0    1
 -2      2053       883       884      2054      2056       886       885      2055
 -1       159    1    0    1
 -2       683      2061      2062       684       686      2064      2063       685
 -1       160    1    0    1
 -2      2061       833       834      2062      2064       836       835      2063
 -1       161    1    0    1
 -2       733      2069      2070       734       736      2072      2071       735
 -1       162    1    0    1
 -2      2069      1033      1034      2070      2072      1036      1035      2071
 -1       163    1    0    1
 -2       833      2077      2078       834       836      2080      2079       835
 -1       164    1    0    1
 -2      2077       933       934      2078      2080       936       935      2079
 -1       165    1    0    1
 -2       783      2085      2086       784       786      2088      2087       785
 -1       166    1    0    1
 -2      2085      1083      1084      2086      2088      1086      1085      2087
 -1       167    1    0    1
 -2       883      2093      2094       884       886      2096      2095       885
 -1       168    1    0    1
 -2      2093       983       984      2094      2096       986       985      2095
 -1       169    1    0    1
 -2       733      2101      2102       734       736      2104      2103       735
 -1       170    1    0    1
 -2      2101       983       984      2102      2104       986       985      2103
 -1       171    1    0    1
 -2       783      2109      2110       784       786      2112      2111       785
 -1       172    1    0    1
 -2      2109       933       934      2110      2112       936       935      2111
 -1       173    1    0    1
 -2       833      2117      2118       834       836      2120      2119       835
 -1       174    1    0    1
 -2      2117      1083      1084      2118      2120      1086      1085      2119
 -1       175    1    0    1
 -2       883      2125      2126       884       886      2128      2127       885
 -1       176    1    0    1
 -2      2125      1033      1034      2126      2128      1036      1035      2127
 -1       177    1    0    1
 -2       933      2133      2134       934       936      2136      2135       935
 -1       178    1    0    1
 -2      2133      1233      1234      2134      2136      1236      1235      2135
 -1       179    1    0    1
 -2      1033      2141      2142      1034      1036      2144      2143      1035
 -1       180    1    0    1
 -2      2141      1133      1134      2142      2144      1136      1135      2143
 -1       181    1    0    1
 -2       983      2149      2150       984       986      2152      2151       985
 -1       182    1    0    1
 -2      2149      1283      1284      2150      2152      1286      1285      2151
 -1       183    1    0    1
 -2      1083      2157      2158      1084      1086      2160      2159      1085
 -1       184    1    0    1
 -2      2157      1183      1184      2158      2160      1186      1185      2159
 -1       185    1    0    1
 -2       933      2165      2166       934       936      2168      2167       935
 -1       186    1    0    1
 -2      2165      1183      1184      2166      2168      1186      1185      2167
 -1       187    1    0    1
 -2       983      2173      2174       984       986      2176      2175       985
 -1       188    1    0    1
 -2      2173      1133      1134      2174      2176      1136      1135      2175
 -1       189    1    0    1
 -2      1033      2181      2182      1034      1036      2184      2183      1035
 -1       190    1    0    1
 -2      2181      1283      1284      2182      2184      1286      1285      2183
 -1       191    1    0    1
 -2      1083      2189      2190      1084      1086      2192      2191      1085
 -1       192    1    0    1
 -2      2189      1233      1234      2190      2192      1236      1235      2191
 -3
    1PSTEP                         1           1           1          
  100CL  101 1.000000000           0                     0    1           1
 -4  DISP        4    1
 -5  D1          1    2    1    0
 -5  D2          1    2    2    0
 -5  D3          1    2    3    0
 -5  ALL         1    2    0    0    1ALL
 -3
 9999
