    1C
    1UNormalized cross-passage space-truss torsion benchmark            
    1UUSER                                                              
    1UDATE              06.august.2026                                  
    1UTIME              05:20:10                                        
    1UHOST                                                              
    1UPGM               CalculiX                                        
    1UVERSION           Version 2.21                             
    1UCOMPILETIME       Sat Jul 29 10:52:01 CEST 2023                    
    1UDIR                                                               
    1UDBN                                                               
    1UMAT    1STEEL                                                     
    2C                          1200                                     1
 -1       253-1.19376E+00 9.16807E-04-3.54997E-02
 -1       254-1.23024E+00 3.62719E-03-1.93049E-02
 -1       255-1.20624E+00-9.16807E-04 3.54997E-02
 -1       256-1.16976E+00-3.62719E-03 1.93049E-02
 -1       261-1.20145E+00-3.41225E-02-1.15569E-02
 -1       262-1.20010E+00-2.46574E-03-3.59709E-02
 -1       263-1.19855E+00 3.41225E-02 1.15569E-02
 -1       264-1.19990E+00 2.46574E-03 3.59709E-02
 -1       269-1.23365E+00-1.29325E-02 5.48678E-04
 -1       270-1.20099E+00-3.60094E-02 1.52775E-03
 -1       271-1.16635E+00 1.29325E-02-5.48678E-04
 -1       272-1.19901E+00 3.60094E-02-1.52775E-03
 -1       303 1.20177E+00 2.41126E-03-3.59310E-02
 -1       304 1.16758E+00-2.03736E-03-1.56535E-02
 -1       305 1.19823E+00-2.41126E-03 3.59310E-02
 -1       306 1.23242E+00 2.03736E-03 1.56535E-02
 -1       311 1.20143E+00-3.37965E-02-1.24797E-02
 -1       312 1.20006E+00-1.48932E-03-3.60247E-02
 -1       313 1.19857E+00 3.37965E-02 1.24797E-02
 -1       314 1.19994E+00 1.48932E-03 3.60247E-02
 -1       319 1.16707E+00-1.46725E-02-6.22501E-04
 -1       320 1.20089E+00-3.60121E-02-1.52786E-03
 -1       321 1.23293E+00 1.46725E-02 6.22501E-04
 -1       322 1.19911E+00 3.60121E-02 1.52786E-03
 -1       353-1.19295E+00-2.85923E-03 1.96476E+00
 -1       354-1.22978E+00 1.50377E-03 1.97973E+00
 -1       355-1.20705E+00 2.85923E-03 2.03524E+00
 -1       356-1.17022E+00-1.50377E-03 2.02027E+00
 -1       361-1.19857E+00-3.37965E-02 1.98752E+00
 -1       362-1.19994E+00-1.48932E-03 1.96398E+00
 -1       363-1.20143E+00 3.37965E-02 2.01248E+00
 -1       364-1.20006E+00 1.48932E-03 2.03602E+00
 -1       369-1.23293E+00-1.46725E-02 1.99938E+00
 -1       370-1.19911E+00-3.60121E-02 1.99847E+00
 -1       371-1.16707E+00 1.46725E-02 2.00062E+00
 -1       372-1.20089E+00 3.60121E-02 2.00153E+00
 -1       403 1.20318E+00-1.21786E-03 1.96411E+00
 -1       404 1.16822E+00-3.65827E-03 1.98338E+00
 -1       405 1.19682E+00 1.21786E-03 2.03589E+00
 -1       406 1.23178E+00 3.65827E-03 2.01662E+00
 -1       411 1.19855E+00-3.41225E-02 1.98844E+00
 -1       412 1.19990E+00-2.46574E-03 1.96403E+00
 -1       413 1.20145E+00 3.41225E-02 2.01156E+00
 -1       414 1.20010E+00 2.46574E-03 2.03597E+00
 -1       419 1.16635E+00-1.29325E-02 2.00055E+00
 -1       420 1.19901E+00-3.60094E-02 2.00153E+00
 -1       421 1.23365E+00 1.29325E-02 1.99945E+00
 -1       422 1.20099E+00 3.60094E-02 1.99847E+00
 -1       453-1.19503E+00 9.99935E+00-3.57052E-02
 -1       454-1.23105E+00 1.00001E+01-1.83294E-02
 -1       455-1.20497E+00 1.00006E+01 3.57052E-02
 -1       456-1.16895E+00 9.99986E+00 1.83294E-02
 -1       461-1.20145E+00 9.96588E+00-1.15569E-02
 -1       462-1.20010E+00 9.99753E+00-3.59709E-02
 -1       463-1.19855E+00 1.00341E+01 1.15569E-02
 -1       464-1.19990E+00 1.00025E+01 3.59709E-02
 -1       469-1.23365E+00 9.98707E+00 5.48678E-04
 -1       470-1.20099E+00 9.96399E+00 1.52775E-03
 -1       471-1.16635E+00 1.00129E+01-5.48678E-04
 -1       472-1.19901E+00 1.00360E+01-1.52775E-03
 -1       503 1.20434E+00 9.99963E+00-3.57913E-02
 -1       504 1.16863E+00 9.99935E+00-1.77681E-02
 -1       505 1.19566E+00 1.00004E+01 3.57913E-02
 -1       506 1.23137E+00 1.00007E+01 1.77681E-02
 -1       511 1.20143E+00 9.96620E+00-1.24797E-02
 -1       512 1.20006E+00 9.99851E+00-3.60247E-02
 -1       513 1.19857E+00 1.00338E+01 1.24797E-02
 -1       514 1.19994E+00 1.00015E+01 3.60247E-02
 -1       519 1.16707E+00 9.98533E+00-6.22501E-04
 -1       520 1.20089E+00 9.96399E+00-1.52786E-03
 -1       521 1.23293E+00 1.00147E+01 6.22501E-04
 -1       522 1.19911E+00 1.00360E+01 1.52786E-03
 -1       553-1.19534E+00 1.00004E+01 1.96425E+00
 -1       554-1.23121E+00 1.00007E+01 1.98196E+00
 -1       555-1.20466E+00 9.99964E+00 2.03575E+00
 -1       556-1.16879E+00 9.99935E+00 2.01804E+00
 -1       561-1.19857E+00 9.96620E+00 1.98752E+00
 -1       562-1.19994E+00 9.99851E+00 1.96398E+00
 -1       563-1.20143E+00 1.00338E+01 2.01248E+00
 -1       564-1.20006E+00 1.00015E+01 2.03602E+00
 -1       569-1.23293E+00 9.98533E+00 1.99938E+00
 -1       570-1.19911E+00 9.96399E+00 1.99847E+00
 -1       571-1.16707E+00 1.00147E+01 2.00062E+00
 -1       572-1.20089E+00 1.00360E+01 2.00153E+00
 -1       603 1.20400E+00 1.00006E+01 1.96417E+00
 -1       604 1.16847E+00 9.99984E+00 1.98252E+00
 -1       605 1.19600E+00 9.99936E+00 2.03583E+00
 -1       606 1.23153E+00 1.00002E+01 2.01748E+00
 -1       611 1.19855E+00 9.96588E+00 1.98844E+00
 -1       612 1.19990E+00 9.99753E+00 1.96403E+00
 -1       613 1.20145E+00 1.00341E+01 2.01156E+00
 -1       614 1.20010E+00 1.00025E+01 2.03597E+00
 -1       619 1.16635E+00 9.98707E+00 2.00055E+00
 -1       620 1.19901E+00 9.96399E+00 2.00153E+00
 -1       621 1.23365E+00 1.00129E+01 1.99945E+00
 -1       622 1.20099E+00 1.00360E+01 1.99847E+00
 -1       653-1.19507E+00 1.99995E+01-3.57135E-02
 -1       654-1.23107E+00 2.00002E+01-1.82919E-02
 -1       655-1.20493E+00 2.00005E+01 3.57135E-02
 -1       656-1.16893E+00 1.99998E+01 1.82919E-02
 -1       661-1.20145E+00 1.99659E+01-1.15569E-02
 -1       662-1.20010E+00 1.99975E+01-3.59709E-02
 -1       663-1.19855E+00 2.00341E+01 1.15569E-02
 -1       664-1.19990E+00 2.00025E+01 3.59709E-02
 -1       669-1.23365E+00 1.99871E+01 5.48678E-04
 -1       670-1.20099E+00 1.99640E+01 1.52775E-03
 -1       671-1.16635E+00 2.00129E+01-5.48678E-04
 -1       672-1.19901E+00 2.00360E+01-1.52775E-03
 -1       703 1.20439E+00 1.99995E+01-3.57838E-02
 -1       704 1.16866E+00 1.99993E+01-1.78052E-02
 -1       705 1.19561E+00 2.00005E+01 3.57838E-02
 -1       706 1.23134E+00 2.00007E+01 1.78052E-02
 -1       711 1.20143E+00 1.99662E+01-1.24797E-02
 -1       712 1.20006E+00 1.99985E+01-3.60247E-02
 -1       713 1.19857E+00 2.00338E+01 1.24797E-02
 -1       714 1.19994E+00 2.00015E+01 3.60247E-02
 -1       719 1.16707E+00 1.99853E+01-6.22501E-04
 -1       720 1.20089E+00 1.99640E+01-1.52786E-03
 -1       721 1.23293E+00 2.00147E+01 6.22501E-04
 -1       722 1.19911E+00 2.00360E+01 1.52786E-03
 -1       753-1.19539E+00 2.00005E+01 1.96424E+00
 -1       754-1.23123E+00 2.00007E+01 1.98200E+00
 -1       755-1.20461E+00 1.99995E+01 2.03576E+00
 -1       756-1.16877E+00 1.99993E+01 2.01800E+00
 -1       761-1.19857E+00 1.99662E+01 1.98752E+00
 -1       762-1.19994E+00 1.99985E+01 1.96398E+00
 -1       763-1.20143E+00 2.00338E+01 2.01248E+00
 -1       764-1.20006E+00 2.00015E+01 2.03602E+00
 -1       769-1.23293E+00 1.99853E+01 1.99938E+00
 -1       770-1.19911E+00 1.99640E+01 1.99847E+00
 -1       771-1.16707E+00 2.00147E+01 2.00062E+00
 -1       772-1.20089E+00 2.00360E+01 2.00153E+00
 -1       803 1.20405E+00 2.00005E+01 1.96418E+00
 -1       804 1.16849E+00 1.99998E+01 1.98248E+00
 -1       805 1.19595E+00 1.99995E+01 2.03582E+00
 -1       806 1.23151E+00 2.00002E+01 2.01752E+00
 -1       811 1.19855E+00 1.99659E+01 1.98844E+00
 -1       812 1.19990E+00 1.99975E+01 1.96403E+00
 -1       813 1.20145E+00 2.00341E+01 2.01156E+00
 -1       814 1.20010E+00 2.00025E+01 2.03597E+00
 -1       819 1.16635E+00 1.99871E+01 2.00055E+00
 -1       820 1.19901E+00 1.99640E+01 2.00153E+00
 -1       821 1.23365E+00 2.00129E+01 1.99945E+00
 -1       822 1.20099E+00 2.00360E+01 1.99847E+00
 -1       853-1.19505E+00 2.99994E+01-3.57093E-02
 -1       854-1.23106E+00 3.00002E+01-1.83116E-02
 -1       855-1.20495E+00 3.00006E+01 3.57093E-02
 -1       856-1.16894E+00 2.99998E+01 1.83116E-02
 -1       861-1.20145E+00 2.99659E+01-1.15569E-02
 -1       862-1.20010E+00 2.99975E+01-3.59709E-02
 -1       863-1.19855E+00 3.00341E+01 1.15569E-02
 -1       864-1.19990E+00 3.00025E+01 3.59709E-02
 -1       869-1.23365E+00 2.99871E+01 5.48678E-04
 -1       870-1.20099E+00 2.99640E+01 1.52775E-03
 -1       871-1.16635E+00 3.00129E+01-5.48678E-04
 -1       872-1.19901E+00 3.00360E+01-1.52775E-03
 -1       903 1.20437E+00 2.99996E+01-3.57875E-02
 -1       904 1.16865E+00 2.99993E+01-1.77876E-02
 -1       905 1.19563E+00 3.00004E+01 3.57875E-02
 -1       906 1.23135E+00 3.00007E+01 1.77876E-02
 -1       911 1.20143E+00 2.99662E+01-1.24797E-02
 -1       912 1.20006E+00 2.99985E+01-3.60247E-02
 -1       913 1.19857E+00 3.00338E+01 1.24797E-02
 -1       914 1.19994E+00 3.00015E+01 3.60247E-02
 -1       919 1.16707E+00 2.99853E+01-6.22501E-04
 -1       920 1.20089E+00 2.99640E+01-1.52786E-03
 -1       921 1.23293E+00 3.00147E+01 6.22501E-04
 -1       922 1.19911E+00 3.00360E+01 1.52786E-03
 -1       953-1.19536E+00 3.00004E+01 1.96425E+00
 -1       954-1.23122E+00 3.00007E+01 1.98198E+00
 -1       955-1.20464E+00 2.99996E+01 2.03575E+00
 -1       956-1.16878E+00 2.99993E+01 2.01802E+00
 -1       961-1.19857E+00 2.99662E+01 1.98752E+00
 -1       962-1.19994E+00 2.99985E+01 1.96398E+00
 -1       963-1.20143E+00 3.00338E+01 2.01248E+00
 -1       964-1.20006E+00 3.00015E+01 2.03602E+00
 -1       969-1.23293E+00 2.99853E+01 1.99938E+00
 -1       970-1.19911E+00 2.99640E+01 1.99847E+00
 -1       971-1.16707E+00 3.00147E+01 2.00062E+00
 -1       972-1.20089E+00 3.00360E+01 2.00153E+00
 -1      1003 1.20403E+00 3.00006E+01 1.96417E+00
 -1      1004 1.16848E+00 2.99998E+01 1.98250E+00
 -1      1005 1.19597E+00 2.99994E+01 2.03583E+00
 -1      1006 1.23152E+00 3.00002E+01 2.01750E+00
 -1      1011 1.19855E+00 2.99659E+01 1.98844E+00
 -1      1012 1.19990E+00 2.99975E+01 1.96403E+00
 -1      1013 1.20145E+00 3.00341E+01 2.01156E+00
 -1      1014 1.20010E+00 3.00025E+01 2.03597E+00
 -1      1019 1.16635E+00 2.99871E+01 2.00055E+00
 -1      1020 1.19901E+00 2.99640E+01 2.00153E+00
 -1      1021 1.23365E+00 3.00129E+01 1.99945E+00
 -1      1022 1.20099E+00 3.00360E+01 1.99847E+00
 -1      1053-1.19503E+00 3.99994E+01-3.57052E-02
 -1      1054-1.23105E+00 4.00001E+01-1.83294E-02
 -1      1055-1.20497E+00 4.00006E+01 3.57052E-02
 -1      1056-1.16895E+00 3.99999E+01 1.83294E-02
 -1      1061-1.20145E+00 3.99659E+01-1.15569E-02
 -1      1062-1.20010E+00 3.99975E+01-3.59709E-02
 -1      1063-1.19855E+00 4.00341E+01 1.15569E-02
 -1      1064-1.19990E+00 4.00025E+01 3.59709E-02
 -1      1069-1.23365E+00 3.99871E+01 5.48678E-04
 -1      1070-1.20099E+00 3.99640E+01 1.52775E-03
 -1      1071-1.16635E+00 4.00129E+01-5.48678E-04
 -1      1072-1.19901E+00 4.00360E+01-1.52775E-03
 -1      1103 1.20434E+00 3.99996E+01-3.57913E-02
 -1      1104 1.16863E+00 3.99993E+01-1.77681E-02
 -1      1105 1.19566E+00 4.00004E+01 3.57913E-02
 -1      1106 1.23137E+00 4.00007E+01 1.77681E-02
 -1      1111 1.20143E+00 3.99662E+01-1.24797E-02
 -1      1112 1.20006E+00 3.99985E+01-3.60247E-02
 -1      1113 1.19857E+00 4.00338E+01 1.24797E-02
 -1      1114 1.19994E+00 4.00015E+01 3.60247E-02
 -1      1119 1.16707E+00 3.99853E+01-6.22501E-04
 -1      1120 1.20089E+00 3.99640E+01-1.52786E-03
 -1      1121 1.23293E+00 4.00147E+01 6.22501E-04
 -1      1122 1.19911E+00 4.00360E+01 1.52786E-03
 -1      1153-1.19534E+00 4.00004E+01 1.96425E+00
 -1      1154-1.23121E+00 4.00007E+01 1.98196E+00
 -1      1155-1.20466E+00 3.99996E+01 2.03575E+00
 -1      1156-1.16879E+00 3.99993E+01 2.01804E+00
 -1      1161-1.19857E+00 3.99662E+01 1.98752E+00
 -1      1162-1.19994E+00 3.99985E+01 1.96398E+00
 -1      1163-1.20143E+00 4.00338E+01 2.01248E+00
 -1      1164-1.20006E+00 4.00015E+01 2.03602E+00
 -1      1169-1.23293E+00 3.99853E+01 1.99938E+00
 -1      1170-1.19911E+00 3.99640E+01 1.99847E+00
 -1      1171-1.16707E+00 4.00147E+01 2.00062E+00
 -1      1172-1.20089E+00 4.00360E+01 2.00153E+00
 -1      1203 1.20400E+00 4.00006E+01 1.96417E+00
 -1      1204 1.16847E+00 3.99998E+01 1.98252E+00
 -1      1205 1.19600E+00 3.99994E+01 2.03583E+00
 -1      1206 1.23153E+00 4.00002E+01 2.01748E+00
 -1      1211 1.19855E+00 3.99659E+01 1.98844E+00
 -1      1212 1.19990E+00 3.99975E+01 1.96403E+00
 -1      1213 1.20145E+00 4.00341E+01 2.01156E+00
 -1      1214 1.20010E+00 4.00025E+01 2.03597E+00
 -1      1219 1.16635E+00 3.99871E+01 2.00055E+00
 -1      1220 1.19901E+00 3.99640E+01 2.00153E+00
 -1      1221 1.23365E+00 4.00129E+01 1.99945E+00
 -1      1222 1.20099E+00 4.00360E+01 1.99847E+00
 -1      1253-1.19611E+00 4.99979E+01-3.57828E-02
 -1      1254-1.23152E+00 4.99968E+01-1.72113E-02
 -1      1255-1.20389E+00 5.00021E+01 3.57828E-02
 -1      1256-1.16848E+00 5.00032E+01 1.72113E-02
 -1      1261-1.20145E+00 4.99659E+01-1.15569E-02
 -1      1262-1.20010E+00 4.99975E+01-3.59709E-02
 -1      1263-1.19855E+00 5.00341E+01 1.15569E-02
 -1      1264-1.19990E+00 5.00025E+01 3.59709E-02
 -1      1269-1.23365E+00 4.99871E+01 5.48678E-04
 -1      1270-1.20099E+00 4.99640E+01 1.52775E-03
 -1      1271-1.16635E+00 5.00129E+01-5.48678E-04
 -1      1272-1.19901E+00 5.00360E+01-1.52775E-03
 -1      1303 1.20661E+00 4.99962E+01-3.52441E-02
 -1      1304 1.16989E+00 5.00001E+01-1.98375E-02
 -1      1305 1.19339E+00 5.00038E+01 3.52441E-02
 -1      1306 1.23011E+00 4.99999E+01 1.98375E-02
 -1      1311 1.20143E+00 4.99662E+01-1.24797E-02
 -1      1312 1.20006E+00 4.99985E+01-3.60247E-02
 -1      1313 1.19857E+00 5.00338E+01 1.24797E-02
 -1      1314 1.19994E+00 5.00015E+01 3.60247E-02
 -1      1319 1.16707E+00 4.99853E+01-6.22501E-04
 -1      1320 1.20089E+00 4.99640E+01-1.52786E-03
 -1      1321 1.23293E+00 5.00147E+01 6.22501E-04
 -1      1322 1.19911E+00 5.00360E+01 1.52786E-03
 -1      1353-1.19823E+00 5.00035E+01 1.96416E+00
 -1      1354-1.23249E+00 4.99994E+01 1.98438E+00
 -1      1355-1.20177E+00 4.99965E+01 2.03584E+00
 -1      1356-1.16751E+00 5.00006E+01 2.01562E+00
 -1      1361-1.19857E+00 4.99662E+01 1.98752E+00
 -1      1362-1.19994E+00 4.99985E+01 1.96398E+00
 -1      1363-1.20143E+00 5.00338E+01 2.01248E+00
 -1      1364-1.20006E+00 5.00015E+01 2.03602E+00
 -1      1369-1.23293E+00 4.99853E+01 1.99938E+00
 -1      1370-1.19911E+00 4.99640E+01 1.99847E+00
 -1      1371-1.16707E+00 5.00147E+01 2.00062E+00
 -1      1372-1.20089E+00 5.00360E+01 2.00153E+00
 -1      1403 1.20516E+00 5.00020E+01 1.96437E+00
 -1      1404 1.16912E+00 5.00032E+01 1.98168E+00
 -1      1405 1.19484E+00 4.99980E+01 2.03563E+00
 -1      1406 1.23088E+00 4.99968E+01 2.01832E+00
 -1      1411 1.19855E+00 4.99659E+01 1.98844E+00
 -1      1412 1.19990E+00 4.99975E+01 1.96403E+00
 -1      1413 1.20145E+00 5.00341E+01 2.01156E+00
 -1      1414 1.20010E+00 5.00025E+01 2.03597E+00
 -1      1419 1.16635E+00 4.99871E+01 2.00055E+00
 -1      1420 1.19901E+00 4.99640E+01 2.00153E+00
 -1      1421 1.23365E+00 5.00129E+01 1.99945E+00
 -1      1422 1.20099E+00 5.00360E+01 1.99847E+00
 -1      1453-1.19553E+00 5.00000E+00-1.85778E-01
 -1      1454-1.23131E+00 5.00000E+00-1.67883E-01
 -1      1455-1.20447E+00 5.00000E+00-1.14222E-01
 -1      1456-1.16869E+00 5.00000E+00-1.32117E-01
 -1      1461 1.20447E+00 5.00000E+00 1.14222E-01
 -1      1462 1.16869E+00 5.00000E+00 1.32117E-01
 -1      1463 1.19553E+00 5.00000E+00 1.85778E-01
 -1      1464 1.23131E+00 5.00000E+00 1.67883E-01
 -1      1469-1.19553E+00 5.00000E+00 1.81422E+00
 -1      1470-1.23131E+00 5.00000E+00 1.83212E+00
 -1      1471-1.20447E+00 5.00000E+00 1.88578E+00
 -1      1472-1.16869E+00 5.00000E+00 1.86788E+00
 -1      1477 1.20447E+00 5.00000E+00 2.11422E+00
 -1      1478 1.16869E+00 5.00000E+00 2.13212E+00
 -1      1479 1.19553E+00 5.00000E+00 2.18578E+00
 -1      1480 1.23131E+00 5.00000E+00 2.16788E+00
 -1      1485-1.19522E+00 1.24989E+01-1.41787E-01
 -1      1486-1.23115E+00 1.24995E+01-1.24216E-01
 -1      1487-1.20478E+00 1.25011E+01-7.03450E-02
 -1      1488-1.16885E+00 1.25005E+01-8.79159E-02
 -1      1493-1.19553E+00 1.50000E+01-1.85777E-01
 -1      1494-1.23131E+00 1.50000E+01-1.67887E-01
 -1      1495-1.20447E+00 1.50000E+01-1.14223E-01
 -1      1496-1.16869E+00 1.50000E+01-1.32113E-01
 -1      1501-1.19586E+00 1.75011E+01-1.41867E-01
 -1      1502-1.23147E+00 1.75005E+01-1.23652E-01
 -1      1503-1.20414E+00 1.74989E+01-7.02647E-02
 -1      1504-1.16853E+00 1.74995E+01-8.84797E-02
 -1      1509 1.20414E+00 1.25011E+01 7.02647E-02
 -1      1510 1.16853E+00 1.25005E+01 8.84797E-02
 -1      1511 1.19586E+00 1.24989E+01 1.41867E-01
 -1      1512 1.23147E+00 1.24995E+01 1.23652E-01
 -1      1517 1.20447E+00 1.50000E+01 1.14223E-01
 -1      1518 1.16869E+00 1.50000E+01 1.32113E-01
 -1      1519 1.19553E+00 1.50000E+01 1.85777E-01
 -1      1520 1.23131E+00 1.50000E+01 1.67887E-01
 -1      1525 1.20478E+00 1.74989E+01 7.03450E-02
 -1      1526 1.16885E+00 1.74995E+01 8.79159E-02
 -1      1527 1.19522E+00 1.75011E+01 1.41787E-01
 -1      1528 1.23115E+00 1.75005E+01 1.24216E-01
 -1      1533-1.19522E+00 1.24989E+01 1.85821E+00
 -1      1534-1.23115E+00 1.24995E+01 1.87578E+00
 -1      1535-1.20478E+00 1.25011E+01 1.92966E+00
 -1      1536-1.16885E+00 1.25005E+01 1.91208E+00
 -1      1541-1.19553E+00 1.50000E+01 1.81422E+00
 -1      1542-1.23131E+00 1.50000E+01 1.83211E+00
 -1      1543-1.20447E+00 1.50000E+01 1.88578E+00
 -1      1544-1.16869E+00 1.50000E+01 1.86789E+00
 -1      1549-1.19586E+00 1.75011E+01 1.85813E+00
 -1      1550-1.23147E+00 1.75005E+01 1.87635E+00
 -1      1551-1.20414E+00 1.74989E+01 1.92974E+00
 -1      1552-1.16853E+00 1.74995E+01 1.91152E+00
 -1      1557 1.20414E+00 1.25011E+01 2.07026E+00
 -1      1558 1.16853E+00 1.25005E+01 2.08848E+00
 -1      1559 1.19586E+00 1.24989E+01 2.14187E+00
 -1      1560 1.23147E+00 1.24995E+01 2.12365E+00
 -1      1565 1.20447E+00 1.50000E+01 2.11422E+00
 -1      1566 1.16869E+00 1.50000E+01 2.13211E+00
 -1      1567 1.19553E+00 1.50000E+01 2.18578E+00
 -1      1568 1.23131E+00 1.50000E+01 2.16789E+00
 -1      1573 1.20478E+00 1.74989E+01 2.07034E+00
 -1      1574 1.16885E+00 1.74995E+01 2.08792E+00
 -1      1575 1.19522E+00 1.75011E+01 2.14179E+00
 -1      1576 1.23115E+00 1.75005E+01 2.12422E+00
 -1      1581-1.19553E+00 2.50000E+01-1.85778E-01
 -1      1582-1.23131E+00 2.50000E+01-1.67883E-01
 -1      1583-1.20447E+00 2.50000E+01-1.14222E-01
 -1      1584-1.16869E+00 2.50000E+01-1.32117E-01
 -1      1589 1.20447E+00 2.50000E+01 1.14222E-01
 -1      1590 1.16869E+00 2.50000E+01 1.32117E-01
 -1      1591 1.19553E+00 2.50000E+01 1.85778E-01
 -1      1592 1.23131E+00 2.50000E+01 1.67883E-01
 -1      1597-1.19553E+00 2.50000E+01 1.81422E+00
 -1      1598-1.23131E+00 2.50000E+01 1.83212E+00
 -1      1599-1.20447E+00 2.50000E+01 1.88578E+00
 -1      1600-1.16869E+00 2.50000E+01 1.86788E+00
 -1      1605 1.20447E+00 2.50000E+01 2.11422E+00
 -1      1606 1.16869E+00 2.50000E+01 2.13212E+00
 -1      1607 1.19553E+00 2.50000E+01 2.18578E+00
 -1      1608 1.23131E+00 2.50000E+01 2.16788E+00
 -1      1613-1.19553E+00 3.50000E+01-1.85778E-01
 -1      1614-1.23131E+00 3.50000E+01-1.67883E-01
 -1      1615-1.20447E+00 3.50000E+01-1.14222E-01
 -1      1616-1.16869E+00 3.50000E+01-1.32117E-01
 -1      1621 1.20447E+00 3.50000E+01 1.14222E-01
 -1      1622 1.16869E+00 3.50000E+01 1.32117E-01
 -1      1623 1.19553E+00 3.50000E+01 1.85778E-01
 -1      1624 1.23131E+00 3.50000E+01 1.67883E-01
 -1      1629-1.19553E+00 3.50000E+01 1.81422E+00
 -1      1630-1.23131E+00 3.50000E+01 1.83212E+00
 -1      1631-1.20447E+00 3.50000E+01 1.88578E+00
 -1      1632-1.16869E+00 3.50000E+01 1.86788E+00
 -1      1637 1.20447E+00 3.50000E+01 2.11422E+00
 -1      1638 1.16869E+00 3.50000E+01 2.13212E+00
 -1      1639 1.19553E+00 3.50000E+01 2.18578E+00
 -1      1640 1.23131E+00 3.50000E+01 2.16788E+00
 -1      1645-1.19522E+00 4.24989E+01-1.41787E-01
 -1      1646-1.23115E+00 4.24995E+01-1.24216E-01
 -1      1647-1.20478E+00 4.25011E+01-7.03450E-02
 -1      1648-1.16885E+00 4.25005E+01-8.79159E-02
 -1      1653-1.19553E+00 4.50000E+01-1.85777E-01
 -1      1654-1.23131E+00 4.50000E+01-1.67887E-01
 -1      1655-1.20447E+00 4.50000E+01-1.14223E-01
 -1      1656-1.16869E+00 4.50000E+01-1.32113E-01
 -1      1661-1.19586E+00 4.75011E+01-1.41867E-01
 -1      1662-1.23147E+00 4.75005E+01-1.23652E-01
 -1      1663-1.20414E+00 4.74989E+01-7.02647E-02
 -1      1664-1.16853E+00 4.74995E+01-8.84797E-02
 -1      1669 1.20414E+00 4.25011E+01 7.02647E-02
 -1      1670 1.16853E+00 4.25005E+01 8.84797E-02
 -1      1671 1.19586E+00 4.24989E+01 1.41867E-01
 -1      1672 1.23147E+00 4.24995E+01 1.23652E-01
 -1      1677 1.20447E+00 4.50000E+01 1.14223E-01
 -1      1678 1.16869E+00 4.50000E+01 1.32113E-01
 -1      1679 1.19553E+00 4.50000E+01 1.85777E-01
 -1      1680 1.23131E+00 4.50000E+01 1.67887E-01
 -1      1685 1.20478E+00 4.74989E+01 7.03450E-02
 -1      1686 1.16885E+00 4.74995E+01 8.79159E-02
 -1      1687 1.19522E+00 4.75011E+01 1.41787E-01
 -1      1688 1.23115E+00 4.75005E+01 1.24216E-01
 -1      1693-1.19522E+00 4.24989E+01 1.85821E+00
 -1      1694-1.23115E+00 4.24995E+01 1.87578E+00
 -1      1695-1.20478E+00 4.25011E+01 1.92966E+00
 -1      1696-1.16885E+00 4.25005E+01 1.91208E+00
 -1      1701-1.19553E+00 4.50000E+01 1.81422E+00
 -1      1702-1.23131E+00 4.50000E+01 1.83211E+00
 -1      1703-1.20447E+00 4.50000E+01 1.88578E+00
 -1      1704-1.16869E+00 4.50000E+01 1.86789E+00
 -1      1709-1.19586E+00 4.75011E+01 1.85813E+00
 -1      1710-1.23147E+00 4.75005E+01 1.87635E+00
 -1      1711-1.20414E+00 4.74989E+01 1.92974E+00
 -1      1712-1.16853E+00 4.74995E+01 1.91152E+00
 -1      1717 1.20414E+00 4.25011E+01 2.07026E+00
 -1      1718 1.16853E+00 4.25005E+01 2.08848E+00
 -1      1719 1.19586E+00 4.24989E+01 2.14187E+00
 -1      1720 1.23147E+00 4.24995E+01 2.12365E+00
 -1      1725 1.20447E+00 4.50000E+01 2.11422E+00
 -1      1726 1.16869E+00 4.50000E+01 2.13211E+00
 -1      1727 1.19553E+00 4.50000E+01 2.18578E+00
 -1      1728 1.23131E+00 4.50000E+01 2.16789E+00
 -1      1733 1.20478E+00 4.74989E+01 2.07034E+00
 -1      1734 1.16885E+00 4.74995E+01 2.08792E+00
 -1      1735 1.19522E+00 4.75011E+01 2.14179E+00
 -1      1736 1.23115E+00 4.75005E+01 2.12422E+00
 -1      1741-6.01023E-01-5.95507E-02-1.16832E-02
 -1      1742-6.00070E-01-2.77896E-02-3.59798E-02
 -1      1743-5.98977E-01 8.63897E-03 1.16832E-02
 -1      1744-5.99930E-01-2.31221E-02 3.59798E-02
 -1      1749 0.00000E+00-6.99997E-02-1.20008E-02
 -1      1750 0.00000E+00-3.79991E-02-3.60000E-02
 -1      1751 0.00000E+00-2.00028E-03 1.20008E-02
 -1      1752 0.00000E+00-3.40009E-02 3.60000E-02
 -1      1757 6.01016E-01-5.93202E-02-1.23359E-02
 -1      1758 6.00049E-01-2.70988E-02-3.60180E-02
 -1      1759 5.98984E-01 8.40852E-03 1.23359E-02
 -1      1760 5.99951E-01-2.38129E-02 3.60180E-02
 -1      1765-5.98984E-01-8.40852E-03 1.98766E+00
 -1      1766-5.99951E-01 2.38129E-02 1.96398E+00
 -1      1767-6.01016E-01 5.93202E-02 2.01234E+00
 -1      1768-6.00049E-01 2.70988E-02 2.03602E+00
 -1      1773 0.00000E+00 2.00028E-03 1.98800E+00
 -1      1774 0.00000E+00 3.40009E-02 1.96400E+00
 -1      1775 0.00000E+00 6.99997E-02 2.01200E+00
 -1      1776 0.00000E+00 3.79991E-02 2.03600E+00
 -1      1781 5.98977E-01-8.63897E-03 1.98832E+00
 -1      1782 5.99930E-01 2.31221E-02 1.96402E+00
 -1      1783 6.01023E-01 5.95507E-02 2.01168E+00
 -1      1784 6.00070E-01 2.77896E-02 2.03598E+00
 -1      1789-1.23354E+00 7.99623E-03 5.00396E-01
 -1      1790-1.20070E+00-1.48194E-02 5.01081E-01
 -1      1791-1.16646E+00 3.44302E-02 4.99604E-01
 -1      1792-1.19930E+00 5.72458E-02 4.98919E-01
 -1      1797-1.23328E+00 1.61383E-02 1.00000E+00
 -1      1798-1.20001E+00-6.05551E-03 1.00000E+00
 -1      1799-1.16672E+00 4.38617E-02 1.00000E+00
 -1      1800-1.19999E+00 6.60555E-02 1.00000E+00
 -1      1805-1.23303E+00 6.76606E-03 1.49957E+00
 -1      1806-1.19936E+00-1.48205E-02 1.49892E+00
 -1      1807-1.16697E+00 3.56603E-02 1.50043E+00
 -1      1808-1.20064E+00 5.72469E-02 1.50108E+00
 -1      1813 1.16697E+00-3.56603E-02 4.99567E-01
 -1      1814 1.20064E+00-5.72469E-02 4.98919E-01
 -1      1815 1.23303E+00-6.76606E-03 5.00433E-01
 -1      1816 1.19936E+00 1.48205E-02 5.01081E-01
 -1      1821 1.16672E+00-4.38617E-02 1.00000E+00
 -1      1822 1.19999E+00-6.60555E-02 1.00000E+00
 -1      1823 1.23328E+00-1.61383E-02 1.00000E+00
 -1      1824 1.20001E+00 6.05551E-03 1.00000E+00
 -1      1829 1.16646E+00-3.44302E-02 1.50040E+00
 -1      1830 1.19930E+00-5.72458E-02 1.50108E+00
 -1      1831 1.23354E+00-7.99623E-03 1.49960E+00
 -1      1832 1.20070E+00 1.48194E-02 1.49892E+00
 -1      1837-6.01023E-01 9.94045E+00-1.16832E-02
 -1      1838-6.00070E-01 9.97221E+00-3.59798E-02
 -1      1839-5.98977E-01 1.00086E+01 1.16832E-02
 -1      1840-5.99930E-01 9.97688E+00 3.59798E-02
 -1      1845 0.00000E+00 9.93000E+00-1.20008E-02
 -1      1846 0.00000E+00 9.96200E+00-3.60000E-02
 -1      1847 0.00000E+00 9.99800E+00 1.20008E-02
 -1      1848 0.00000E+00 9.96600E+00 3.60000E-02
 -1      1853 6.01016E-01 9.94068E+00-1.23359E-02
 -1      1854 6.00049E-01 9.97290E+00-3.60180E-02
 -1      1855 5.98984E-01 1.00084E+01 1.23359E-02
 -1      1856 5.99951E-01 9.97619E+00 3.60180E-02
 -1      1861-5.98984E-01 9.99159E+00 1.98766E+00
 -1      1862-5.99951E-01 1.00238E+01 1.96398E+00
 -1      1863-6.01016E-01 1.00593E+01 2.01234E+00
 -1      1864-6.00049E-01 1.00271E+01 2.03602E+00
 -1      1869 0.00000E+00 1.00020E+01 1.98800E+00
 -1      1870 0.00000E+00 1.00340E+01 1.96400E+00
 -1      1871 0.00000E+00 1.00700E+01 2.01200E+00
 -1      1872 0.00000E+00 1.00380E+01 2.03600E+00
 -1      1877 5.98977E-01 9.99136E+00 1.98832E+00
 -1      1878 5.99930E-01 1.00231E+01 1.96402E+00
 -1      1879 6.01023E-01 1.00596E+01 2.01168E+00
 -1      1880 6.00070E-01 1.00278E+01 2.03598E+00
 -1      1885-1.23354E+00 1.00080E+01 5.00396E-01
 -1      1886-1.20070E+00 9.98518E+00 5.01081E-01
 -1      1887-1.16646E+00 1.00344E+01 4.99604E-01
 -1      1888-1.19930E+00 1.00572E+01 4.98919E-01
 -1      1893-1.23328E+00 1.00161E+01 1.00000E+00
 -1      1894-1.20001E+00 9.99394E+00 1.00000E+00
 -1      1895-1.16672E+00 1.00439E+01 1.00000E+00
 -1      1896-1.19999E+00 1.00661E+01 1.00000E+00
 -1      1901-1.23303E+00 1.00068E+01 1.49957E+00
 -1      1902-1.19936E+00 9.98518E+00 1.49892E+00
 -1      1903-1.16697E+00 1.00357E+01 1.50043E+00
 -1      1904-1.20064E+00 1.00572E+01 1.50108E+00
 -1      1909 1.16697E+00 9.96434E+00 4.99567E-01
 -1      1910 1.20064E+00 9.94275E+00 4.98919E-01
 -1      1911 1.23303E+00 9.99323E+00 5.00433E-01
 -1      1912 1.19936E+00 1.00148E+01 5.01081E-01
 -1      1917 1.16672E+00 9.95614E+00 1.00000E+00
 -1      1918 1.19999E+00 9.93394E+00 1.00000E+00
 -1      1919 1.23328E+00 9.98386E+00 1.00000E+00
 -1      1920 1.20001E+00 1.00061E+01 1.00000E+00
 -1      1925 1.16646E+00 9.96557E+00 1.50040E+00
 -1      1926 1.19930E+00 9.94275E+00 1.50108E+00
 -1      1927 1.23354E+00 9.99200E+00 1.49960E+00
 -1      1928 1.20070E+00 1.00148E+01 1.49892E+00
 -1      1933-6.01023E-01 1.99404E+01-1.16832E-02
 -1      1934-6.00070E-01 1.99722E+01-3.59798E-02
 -1      1935-5.98977E-01 2.00086E+01 1.16832E-02
 -1      1936-5.99930E-01 1.99769E+01 3.59798E-02
 -1      1941 0.00000E+00 1.99300E+01-1.20008E-02
 -1      1942 0.00000E+00 1.99620E+01-3.60000E-02
 -1      1943 0.00000E+00 1.99980E+01 1.20008E-02
 -1      1944 0.00000E+00 1.99660E+01 3.60000E-02
 -1      1949 6.01016E-01 1.99407E+01-1.23359E-02
 -1      1950 6.00049E-01 1.99729E+01-3.60180E-02
 -1      1951 5.98984E-01 2.00084E+01 1.23359E-02
 -1      1952 5.99951E-01 1.99762E+01 3.60180E-02
 -1      1957-5.98984E-01 1.99916E+01 1.98766E+00
 -1      1958-5.99951E-01 2.00238E+01 1.96398E+00
 -1      1959-6.01016E-01 2.00593E+01 2.01234E+00
 -1      1960-6.00049E-01 2.00271E+01 2.03602E+00
 -1      1965 0.00000E+00 2.00020E+01 1.98800E+00
 -1      1966 0.00000E+00 2.00340E+01 1.96400E+00
 -1      1967 0.00000E+00 2.00700E+01 2.01200E+00
 -1      1968 0.00000E+00 2.00380E+01 2.03600E+00
 -1      1973 5.98977E-01 1.99914E+01 1.98832E+00
 -1      1974 5.99930E-01 2.00231E+01 1.96402E+00
 -1      1975 6.01023E-01 2.00596E+01 2.01168E+00
 -1      1976 6.00070E-01 2.00278E+01 2.03598E+00
 -1      1981-1.23354E+00 2.00080E+01 5.00396E-01
 -1      1982-1.20070E+00 1.99852E+01 5.01081E-01
 -1      1983-1.16646E+00 2.00344E+01 4.99604E-01
 -1      1984-1.19930E+00 2.00572E+01 4.98919E-01
 -1      1989-1.23328E+00 2.00161E+01 1.00000E+00
 -1      1990-1.20001E+00 1.99939E+01 1.00000E+00
 -1      1991-1.16672E+00 2.00439E+01 1.00000E+00
 -1      1992-1.19999E+00 2.00661E+01 1.00000E+00
 -1      1997-1.23303E+00 2.00068E+01 1.49957E+00
 -1      1998-1.19936E+00 1.99852E+01 1.49892E+00
 -1      1999-1.16697E+00 2.00357E+01 1.50043E+00
 -1      2000-1.20064E+00 2.00572E+01 1.50108E+00
 -1      2005 1.16697E+00 1.99643E+01 4.99567E-01
 -1      2006 1.20064E+00 1.99428E+01 4.98919E-01
 -1      2007 1.23303E+00 1.99932E+01 5.00433E-01
 -1      2008 1.19936E+00 2.00148E+01 5.01081E-01
 -1      2013 1.16672E+00 1.99561E+01 1.00000E+00
 -1      2014 1.19999E+00 1.99339E+01 1.00000E+00
 -1      2015 1.23328E+00 1.99839E+01 1.00000E+00
 -1      2016 1.20001E+00 2.00061E+01 1.00000E+00
 -1      2021 1.16646E+00 1.99656E+01 1.50040E+00
 -1      2022 1.19930E+00 1.99428E+01 1.50108E+00
 -1      2023 1.23354E+00 1.99920E+01 1.49960E+00
 -1      2024 1.20070E+00 2.00148E+01 1.49892E+00
 -1      2029-6.01023E-01 2.99404E+01-1.16832E-02
 -1      2030-6.00070E-01 2.99722E+01-3.59798E-02
 -1      2031-5.98977E-01 3.00086E+01 1.16832E-02
 -1      2032-5.99930E-01 2.99769E+01 3.59798E-02
 -1      2037 0.00000E+00 2.99300E+01-1.20008E-02
 -1      2038 0.00000E+00 2.99620E+01-3.60000E-02
 -1      2039 0.00000E+00 2.99980E+01 1.20008E-02
 -1      2040 0.00000E+00 2.99660E+01 3.60000E-02
 -1      2045 6.01016E-01 2.99407E+01-1.23359E-02
 -1      2046 6.00049E-01 2.99729E+01-3.60180E-02
 -1      2047 5.98984E-01 3.00084E+01 1.23359E-02
 -1      2048 5.99951E-01 2.99762E+01 3.60180E-02
 -1      2053-5.98984E-01 2.99916E+01 1.98766E+00
 -1      2054-5.99951E-01 3.00238E+01 1.96398E+00
 -1      2055-6.01016E-01 3.00593E+01 2.01234E+00
 -1      2056-6.00049E-01 3.00271E+01 2.03602E+00
 -1      2061 0.00000E+00 3.00020E+01 1.98800E+00
 -1      2062 0.00000E+00 3.00340E+01 1.96400E+00
 -1      2063 0.00000E+00 3.00700E+01 2.01200E+00
 -1      2064 0.00000E+00 3.00380E+01 2.03600E+00
 -1      2069 5.98977E-01 2.99914E+01 1.98832E+00
 -1      2070 5.99930E-01 3.00231E+01 1.96402E+00
 -1      2071 6.01023E-01 3.00596E+01 2.01168E+00
 -1      2072 6.00070E-01 3.00278E+01 2.03598E+00
 -1      2077-1.23354E+00 3.00080E+01 5.00396E-01
 -1      2078-1.20070E+00 2.99852E+01 5.01081E-01
 -1      2079-1.16646E+00 3.00344E+01 4.99604E-01
 -1      2080-1.19930E+00 3.00572E+01 4.98919E-01
 -1      2085-1.23328E+00 3.00161E+01 1.00000E+00
 -1      2086-1.20001E+00 2.99939E+01 1.00000E+00
 -1      2087-1.16672E+00 3.00439E+01 1.00000E+00
 -1      2088-1.19999E+00 3.00661E+01 1.00000E+00
 -1      2093-1.23303E+00 3.00068E+01 1.49957E+00
 -1      2094-1.19936E+00 2.99852E+01 1.49892E+00
 -1      2095-1.16697E+00 3.00357E+01 1.50043E+00
 -1      2096-1.20064E+00 3.00572E+01 1.50108E+00
 -1      2101 1.16697E+00 2.99643E+01 4.99567E-01
 -1      2102 1.20064E+00 2.99428E+01 4.98919E-01
 -1      2103 1.23303E+00 2.99932E+01 5.00433E-01
 -1      2104 1.19936E+00 3.00148E+01 5.01081E-01
 -1      2109 1.16672E+00 2.99561E+01 1.00000E+00
 -1      2110 1.19999E+00 2.99339E+01 1.00000E+00
 -1      2111 1.23328E+00 2.99839E+01 1.00000E+00
 -1      2112 1.20001E+00 3.00061E+01 1.00000E+00
 -1      2117 1.16646E+00 2.99656E+01 1.50040E+00
 -1      2118 1.19930E+00 2.99428E+01 1.50108E+00
 -1      2119 1.23354E+00 2.99920E+01 1.49960E+00
 -1      2120 1.20070E+00 3.00148E+01 1.49892E+00
 -1      2125-6.01023E-01 3.99404E+01-1.16832E-02
 -1      2126-6.00070E-01 3.99722E+01-3.59798E-02
 -1      2127-5.98977E-01 4.00086E+01 1.16832E-02
 -1      2128-5.99930E-01 3.99769E+01 3.59798E-02
 -1      2133 0.00000E+00 3.99300E+01-1.20008E-02
 -1      2134 0.00000E+00 3.99620E+01-3.60000E-02
 -1      2135 0.00000E+00 3.99980E+01 1.20008E-02
 -1      2136 0.00000E+00 3.99660E+01 3.60000E-02
 -1      2141 6.01016E-01 3.99407E+01-1.23359E-02
 -1      2142 6.00049E-01 3.99729E+01-3.60180E-02
 -1      2143 5.98984E-01 4.00084E+01 1.23359E-02
 -1      2144 5.99951E-01 3.99762E+01 3.60180E-02
 -1      2149-5.98984E-01 3.99916E+01 1.98766E+00
 -1      2150-5.99951E-01 4.00238E+01 1.96398E+00
 -1      2151-6.01016E-01 4.00593E+01 2.01234E+00
 -1      2152-6.00049E-01 4.00271E+01 2.03602E+00
 -1      2157 0.00000E+00 4.00020E+01 1.98800E+00
 -1      2158 0.00000E+00 4.00340E+01 1.96400E+00
 -1      2159 0.00000E+00 4.00700E+01 2.01200E+00
 -1      2160 0.00000E+00 4.00380E+01 2.03600E+00
 -1      2165 5.98977E-01 3.99914E+01 1.98832E+00
 -1      2166 5.99930E-01 4.00231E+01 1.96402E+00
 -1      2167 6.01023E-01 4.00596E+01 2.01168E+00
 -1      2168 6.00070E-01 4.00278E+01 2.03598E+00
 -1      2173-1.23354E+00 4.00080E+01 5.00396E-01
 -1      2174-1.20070E+00 3.99852E+01 5.01081E-01
 -1      2175-1.16646E+00 4.00344E+01 4.99604E-01
 -1      2176-1.19930E+00 4.00572E+01 4.98919E-01
 -1      2181-1.23328E+00 4.00161E+01 1.00000E+00
 -1      2182-1.20001E+00 3.99939E+01 1.00000E+00
 -1      2183-1.16672E+00 4.00439E+01 1.00000E+00
 -1      2184-1.19999E+00 4.00661E+01 1.00000E+00
 -1      2189-1.23303E+00 4.00068E+01 1.49957E+00
 -1      2190-1.19936E+00 3.99852E+01 1.49892E+00
 -1      2191-1.16697E+00 4.00357E+01 1.50043E+00
 -1      2192-1.20064E+00 4.00572E+01 1.50108E+00
 -1      2197 1.16697E+00 3.99643E+01 4.99567E-01
 -1      2198 1.20064E+00 3.99428E+01 4.98919E-01
 -1      2199 1.23303E+00 3.99932E+01 5.00433E-01
 -1      2200 1.19936E+00 4.00148E+01 5.01081E-01
 -1      2205 1.16672E+00 3.99561E+01 1.00000E+00
 -1      2206 1.19999E+00 3.99339E+01 1.00000E+00
 -1      2207 1.23328E+00 3.99839E+01 1.00000E+00
 -1      2208 1.20001E+00 4.00061E+01 1.00000E+00
 -1      2213 1.16646E+00 3.99656E+01 1.50040E+00
 -1      2214 1.19930E+00 3.99428E+01 1.50108E+00
 -1      2215 1.23354E+00 3.99920E+01 1.49960E+00
 -1      2216 1.20070E+00 4.00148E+01 1.49892E+00
 -1      2221-6.01023E-01 4.99404E+01-1.16832E-02
 -1      2222-6.00070E-01 4.99722E+01-3.59798E-02
 -1      2223-5.98977E-01 5.00086E+01 1.16832E-02
 -1      2224-5.99930E-01 4.99769E+01 3.59798E-02
 -1      2229 0.00000E+00 4.99300E+01-1.20008E-02
 -1      2230 0.00000E+00 4.99620E+01-3.60000E-02
 -1      2231 0.00000E+00 4.99980E+01 1.20008E-02
 -1      2232 0.00000E+00 4.99660E+01 3.60000E-02
 -1      2237 6.01016E-01 4.99407E+01-1.23359E-02
 -1      2238 6.00049E-01 4.99729E+01-3.60180E-02
 -1      2239 5.98984E-01 5.00084E+01 1.23359E-02
 -1      2240 5.99951E-01 4.99762E+01 3.60180E-02
 -1      2245-5.98984E-01 4.99916E+01 1.98766E+00
 -1      2246-5.99951E-01 5.00238E+01 1.96398E+00
 -1      2247-6.01016E-01 5.00593E+01 2.01234E+00
 -1      2248-6.00049E-01 5.00271E+01 2.03602E+00
 -1      2253 0.00000E+00 5.00020E+01 1.98800E+00
 -1      2254 0.00000E+00 5.00340E+01 1.96400E+00
 -1      2255 0.00000E+00 5.00700E+01 2.01200E+00
 -1      2256 0.00000E+00 5.00380E+01 2.03600E+00
 -1      2261 5.98977E-01 4.99914E+01 1.98832E+00
 -1      2262 5.99930E-01 5.00231E+01 1.96402E+00
 -1      2263 6.01023E-01 5.00596E+01 2.01168E+00
 -1      2264 6.00070E-01 5.00278E+01 2.03598E+00
 -1      2269-1.23354E+00 5.00080E+01 5.00396E-01
 -1      2270-1.20070E+00 4.99852E+01 5.01081E-01
 -1      2271-1.16646E+00 5.00344E+01 4.99604E-01
 -1      2272-1.19930E+00 5.00572E+01 4.98919E-01
 -1      2277-1.23328E+00 5.00161E+01 1.00000E+00
 -1      2278-1.20001E+00 4.99939E+01 1.00000E+00
 -1      2279-1.16672E+00 5.00439E+01 1.00000E+00
 -1      2280-1.19999E+00 5.00661E+01 1.00000E+00
 -1      2285-1.23303E+00 5.00068E+01 1.49957E+00
 -1      2286-1.19936E+00 4.99852E+01 1.49892E+00
 -1      2287-1.16697E+00 5.00357E+01 1.50043E+00
 -1      2288-1.20064E+00 5.00572E+01 1.50108E+00
 -1      2293 1.16697E+00 4.99643E+01 4.99567E-01
 -1      2294 1.20064E+00 4.99428E+01 4.98919E-01
 -1      2295 1.23303E+00 4.99932E+01 5.00433E-01
 -1      2296 1.19936E+00 5.00148E+01 5.01081E-01
 -1      2301 1.16672E+00 4.99561E+01 1.00000E+00
 -1      2302 1.19999E+00 4.99339E+01 1.00000E+00
 -1      2303 1.23328E+00 4.99839E+01 1.00000E+00
 -1      2304 1.20001E+00 5.00061E+01 1.00000E+00
 -1      2309 1.16646E+00 4.99656E+01 1.50040E+00
 -1      2310 1.19930E+00 4.99428E+01 1.50108E+00
 -1      2311 1.23354E+00 4.99920E+01 1.49960E+00
 -1      2312 1.20070E+00 5.00148E+01 1.49892E+00
 -1      2317-1.19777E+00 2.52721E+00 3.58451E-01
 -1      2318-1.23236E+00 2.52386E+00 3.78258E-01
 -1      2319-1.20223E+00 2.51522E+00 4.29417E-01
 -1      2320-1.16764E+00 2.51856E+00 4.09610E-01
 -1      2325-1.19829E+00 5.03706E+00 8.14685E-01
 -1      2326-1.23259E+00 5.03303E+00 8.34866E-01
 -1      2327-1.20171E+00 5.02294E+00 8.85315E-01
 -1      2328-1.16741E+00 5.02697E+00 8.65134E-01
 -1      2333-1.19884E+00 7.52934E+00 1.35882E+00
 -1      2334-1.23282E+00 7.52458E+00 1.37939E+00
 -1      2335-1.20116E+00 7.51309E+00 1.42904E+00
 -1      2336-1.16718E+00 7.51785E+00 1.40848E+00
 -1      2341-1.19407E+00 2.51529E+00 1.57100E+00
 -1      2342-1.23055E+00 2.51802E+00 1.58719E+00
 -1      2343-1.20593E+00 2.52714E+00 1.64113E+00
 -1      2344-1.16945E+00 2.52440E+00 1.62495E+00
 -1      2349-1.19388E+00 5.02303E+00 1.11516E+00
 -1      2350-1.23044E+00 5.02621E+00 1.13106E+00
 -1      2351-1.20612E+00 5.03697E+00 1.18484E+00
 -1      2352-1.16956E+00 5.03379E+00 1.16894E+00
 -1      2357-1.19370E+00 7.51321E+00 5.71480E-01
 -1      2358-1.23034E+00 7.51682E+00 5.87095E-01
 -1      2359-1.20630E+00 7.52922E+00 6.40652E-01
 -1      2360-1.16966E+00 7.52560E+00 6.25037E-01
 -1      2365 1.20223E+00 2.52721E+00 3.58451E-01
 -1      2366 1.16764E+00 2.52386E+00 3.78258E-01
 -1      2367 1.19777E+00 2.51522E+00 4.29417E-01
 -1      2368 1.23236E+00 2.51856E+00 4.09610E-01
 -1      2373 1.20171E+00 5.03706E+00 8.14685E-01
 -1      2374 1.16741E+00 5.03303E+00 8.34866E-01
 -1      2375 1.19829E+00 5.02294E+00 8.85315E-01
 -1      2376 1.23259E+00 5.02697E+00 8.65134E-01
 -1      2381 1.20116E+00 7.52934E+00 1.35882E+00
 -1      2382 1.16718E+00 7.52458E+00 1.37939E+00
 -1      2383 1.19884E+00 7.51309E+00 1.42904E+00
 -1      2384 1.23282E+00 7.51785E+00 1.40848E+00
 -1      2389 1.20593E+00 2.51529E+00 1.57100E+00
 -1      2390 1.16945E+00 2.51802E+00 1.58719E+00
 -1      2391 1.19407E+00 2.52714E+00 1.64113E+00
 -1      2392 1.23055E+00 2.52440E+00 1.62495E+00
 -1      2397 1.20612E+00 5.02303E+00 1.11516E+00
 -1      2398 1.16956E+00 5.02621E+00 1.13106E+00
 -1      2399 1.19388E+00 5.03697E+00 1.18484E+00
 -1      2400 1.23044E+00 5.03379E+00 1.16894E+00
 -1      2405 1.20630E+00 7.51321E+00 5.71480E-01
 -1      2406 1.16966E+00 7.51682E+00 5.87095E-01
 -1      2407 1.19370E+00 7.52922E+00 6.40652E-01
 -1      2408 1.23034E+00 7.52560E+00 6.25037E-01
 -1      2413-4.83328E-01 2.47166E+00-3.43393E-02
 -1      2414-5.20442E-01 2.48175E+00-2.33534E-02
 -1      2415-5.04540E-01 2.47743E+00 3.43393E-02
 -1      2416-4.67426E-01 2.46734E+00 2.33534E-02
 -1      2421 1.59904E-01 4.96162E+00-3.45869E-02
 -1      2422 1.22764E-01 4.97054E+00-2.27046E-02
 -1      2423 1.40096E-01 4.96638E+00 3.45869E-02
 -1      2424 1.77236E-01 4.95746E+00 2.27046E-02
 -1      2429 7.15261E-01 7.47263E+00-3.48107E-02
 -1      2430 6.78146E-01 7.48037E+00-2.20585E-02
 -1      2431 6.96871E-01 7.47646E+00 3.48107E-02
 -1      2432 7.33986E-01 7.46872E+00 2.20585E-02
 -1      2437 4.93632E-01 2.47446E+00-3.60542E-02
 -1      2438 4.61704E-01 2.46578E+00-1.35783E-02
 -1      2439 4.94236E-01 2.47463E+00 3.60542E-02
 -1      2440 5.26164E-01 2.48331E+00 1.35783E-02
 -1      2445-1.49866E-01 4.96403E+00-3.60553E-02
 -1      2446-1.82311E-01 4.95625E+00-1.39944E-02
 -1      2447-1.50134E-01 4.96397E+00 3.60553E-02
 -1      2448-1.17689E-01 4.97175E+00 1.39944E-02
 -1      2453-7.05470E-01 7.47467E+00-3.60504E-02
 -1      2454-7.38413E-01 7.46780E+00-1.44278E-02
 -1      2455-7.06662E-01 7.47442E+00 3.60504E-02
 -1      2456-6.73719E-01 7.48129E+00 1.44278E-02
 -1      2461-4.83328E-01 2.47166E+00 1.96566E+00
 -1      2462-5.20442E-01 2.48175E+00 1.97665E+00
 -1      2463-5.04540E-01 2.47743E+00 2.03434E+00
 -1      2464-4.67426E-01 2.46734E+00 2.02335E+00
 -1      2469 1.59904E-01 4.96162E+00 1.96541E+00
 -1      2470 1.22764E-01 4.97054E+00 1.97730E+00
 -1      2471 1.40096E-01 4.96638E+00 2.03459E+00
 -1      2472 1.77236E-01 4.95746E+00 2.02270E+00
 -1      2477 7.15261E-01 7.47263E+00 1.96519E+00
 -1      2478 6.78146E-01 7.48037E+00 1.97794E+00
 -1      2479 6.96871E-01 7.47646E+00 2.03481E+00
 -1      2480 7.33986E-01 7.46872E+00 2.02206E+00
 -1      2485 4.93632E-01 2.47446E+00 1.96395E+00
 -1      2486 4.61704E-01 2.46578E+00 1.98642E+00
 -1      2487 4.94236E-01 2.47463E+00 2.03605E+00
 -1      2488 5.26164E-01 2.48331E+00 2.01358E+00
 -1      2493-1.49866E-01 4.96403E+00 1.96394E+00
 -1      2494-1.82311E-01 4.95625E+00 1.98601E+00
 -1      2495-1.50134E-01 4.96397E+00 2.03606E+00
 -1      2496-1.17689E-01 4.97175E+00 2.01399E+00
 -1      2501-7.05470E-01 7.47467E+00 1.96395E+00
 -1      2502-7.38413E-01 7.46780E+00 1.98557E+00
 -1      2503-7.06662E-01 7.47442E+00 2.03605E+00
 -1      2504-6.73719E-01 7.48129E+00 2.01443E+00
 -1      2509-1.19777E+00 1.25272E+01 3.58451E-01
 -1      2510-1.23236E+00 1.25239E+01 3.78258E-01
 -1      2511-1.20223E+00 1.25152E+01 4.29417E-01
 -1      2512-1.16764E+00 1.25186E+01 4.09610E-01
 -1      2517-1.19829E+00 1.50371E+01 8.14685E-01
 -1      2518-1.23259E+00 1.50330E+01 8.34866E-01
 -1      2519-1.20171E+00 1.50229E+01 8.85315E-01
 -1      2520-1.16741E+00 1.50270E+01 8.65134E-01
 -1      2525-1.19884E+00 1.75293E+01 1.35882E+00
 -1      2526-1.23282E+00 1.75246E+01 1.37939E+00
 -1      2527-1.20116E+00 1.75131E+01 1.42904E+00
 -1      2528-1.16718E+00 1.75178E+01 1.40848E+00
 -1      2533-1.19407E+00 1.25153E+01 1.57100E+00
 -1      2534-1.23055E+00 1.25180E+01 1.58719E+00
 -1      2535-1.20593E+00 1.25271E+01 1.64113E+00
 -1      2536-1.16945E+00 1.25244E+01 1.62495E+00
 -1      2541-1.19388E+00 1.50230E+01 1.11516E+00
 -1      2542-1.23044E+00 1.50262E+01 1.13106E+00
 -1      2543-1.20612E+00 1.50370E+01 1.18484E+00
 -1      2544-1.16956E+00 1.50338E+01 1.16894E+00
 -1      2549-1.19370E+00 1.75132E+01 5.71480E-01
 -1      2550-1.23034E+00 1.75168E+01 5.87095E-01
 -1      2551-1.20630E+00 1.75292E+01 6.40652E-01
 -1      2552-1.16966E+00 1.75256E+01 6.25037E-01
 -1      2557 1.20223E+00 1.25272E+01 3.58451E-01
 -1      2558 1.16764E+00 1.25239E+01 3.78258E-01
 -1      2559 1.19777E+00 1.25152E+01 4.29417E-01
 -1      2560 1.23236E+00 1.25186E+01 4.09610E-01
 -1      2565 1.20171E+00 1.50371E+01 8.14685E-01
 -1      2566 1.16741E+00 1.50330E+01 8.34866E-01
 -1      2567 1.19829E+00 1.50229E+01 8.85315E-01
 -1      2568 1.23259E+00 1.50270E+01 8.65134E-01
 -1      2573 1.20116E+00 1.75293E+01 1.35882E+00
 -1      2574 1.16718E+00 1.75246E+01 1.37939E+00
 -1      2575 1.19884E+00 1.75131E+01 1.42904E+00
 -1      2576 1.23282E+00 1.75178E+01 1.40848E+00
 -1      2581 1.20593E+00 1.25153E+01 1.57100E+00
 -1      2582 1.16945E+00 1.25180E+01 1.58719E+00
 -1      2583 1.19407E+00 1.25271E+01 1.64113E+00
 -1      2584 1.23055E+00 1.25244E+01 1.62495E+00
 -1      2589 1.20612E+00 1.50230E+01 1.11516E+00
 -1      2590 1.16956E+00 1.50262E+01 1.13106E+00
 -1      2591 1.19388E+00 1.50370E+01 1.18484E+00
 -1      2592 1.23044E+00 1.50338E+01 1.16894E+00
 -1      2597 1.20630E+00 1.75132E+01 5.71480E-01
 -1      2598 1.16966E+00 1.75168E+01 5.87095E-01
 -1      2599 1.19370E+00 1.75292E+01 6.40652E-01
 -1      2600 1.23034E+00 1.75256E+01 6.25037E-01
 -1      2605-4.83328E-01 1.24717E+01-3.43393E-02
 -1      2606-5.20442E-01 1.24818E+01-2.33534E-02
 -1      2607-5.04540E-01 1.24774E+01 3.43393E-02
 -1      2608-4.67426E-01 1.24673E+01 2.33534E-02
 -1      2613 1.59904E-01 1.49616E+01-3.45869E-02
 -1      2614 1.22764E-01 1.49705E+01-2.27046E-02
 -1      2615 1.40096E-01 1.49664E+01 3.45869E-02
 -1      2616 1.77236E-01 1.49575E+01 2.27046E-02
 -1      2621 7.15261E-01 1.74726E+01-3.48107E-02
 -1      2622 6.78146E-01 1.74804E+01-2.20585E-02
 -1      2623 6.96871E-01 1.74765E+01 3.48107E-02
 -1      2624 7.33986E-01 1.74687E+01 2.20585E-02
 -1      2629 4.93632E-01 1.24745E+01-3.60542E-02
 -1      2630 4.61704E-01 1.24658E+01-1.35783E-02
 -1      2631 4.94236E-01 1.24746E+01 3.60542E-02
 -1      2632 5.26164E-01 1.24833E+01 1.35783E-02
 -1      2637-1.49866E-01 1.49640E+01-3.60553E-02
 -1      2638-1.82311E-01 1.49562E+01-1.39944E-02
 -1      2639-1.50134E-01 1.49640E+01 3.60553E-02
 -1      2640-1.17689E-01 1.49718E+01 1.39944E-02
 -1      2645-7.05470E-01 1.74747E+01-3.60504E-02
 -1      2646-7.38413E-01 1.74678E+01-1.44278E-02
 -1      2647-7.06662E-01 1.74744E+01 3.60504E-02
 -1      2648-6.73719E-01 1.74813E+01 1.44278E-02
 -1      2653-4.83328E-01 1.24717E+01 1.96566E+00
 -1      2654-5.20442E-01 1.24818E+01 1.97665E+00
 -1      2655-5.04540E-01 1.24774E+01 2.03434E+00
 -1      2656-4.67426E-01 1.24673E+01 2.02335E+00
 -1      2661 1.59904E-01 1.49616E+01 1.96541E+00
 -1      2662 1.22764E-01 1.49705E+01 1.97730E+00
 -1      2663 1.40096E-01 1.49664E+01 2.03459E+00
 -1      2664 1.77236E-01 1.49575E+01 2.02270E+00
 -1      2669 7.15261E-01 1.74726E+01 1.96519E+00
 -1      2670 6.78146E-01 1.74804E+01 1.97794E+00
 -1      2671 6.96871E-01 1.74765E+01 2.03481E+00
 -1      2672 7.33986E-01 1.74687E+01 2.02206E+00
 -1      2677 4.93632E-01 1.24745E+01 1.96395E+00
 -1      2678 4.61704E-01 1.24658E+01 1.98642E+00
 -1      2679 4.94236E-01 1.24746E+01 2.03605E+00
 -1      2680 5.26164E-01 1.24833E+01 2.01358E+00
 -1      2685-1.49866E-01 1.49640E+01 1.96394E+00
 -1      2686-1.82311E-01 1.49562E+01 1.98601E+00
 -1      2687-1.50134E-01 1.49640E+01 2.03606E+00
 -1      2688-1.17689E-01 1.49718E+01 2.01399E+00
 -1      2693-7.05470E-01 1.74747E+01 1.96395E+00
 -1      2694-7.38413E-01 1.74678E+01 1.98557E+00
 -1      2695-7.06662E-01 1.74744E+01 2.03605E+00
 -1      2696-6.73719E-01 1.74813E+01 2.01443E+00
 -1      2701-1.19777E+00 2.25272E+01 3.58451E-01
 -1      2702-1.23236E+00 2.25239E+01 3.78258E-01
 -1      2703-1.20223E+00 2.25152E+01 4.29417E-01
 -1      2704-1.16764E+00 2.25186E+01 4.09610E-01
 -1      2709-1.19829E+00 2.50371E+01 8.14685E-01
 -1      2710-1.23259E+00 2.50330E+01 8.34866E-01
 -1      2711-1.20171E+00 2.50229E+01 8.85315E-01
 -1      2712-1.16741E+00 2.50270E+01 8.65134E-01
 -1      2717-1.19884E+00 2.75293E+01 1.35882E+00
 -1      2718-1.23282E+00 2.75246E+01 1.37939E+00
 -1      2719-1.20116E+00 2.75131E+01 1.42904E+00
 -1      2720-1.16718E+00 2.75178E+01 1.40848E+00
 -1      2725-1.19407E+00 2.25153E+01 1.57100E+00
 -1      2726-1.23055E+00 2.25180E+01 1.58719E+00
 -1      2727-1.20593E+00 2.25271E+01 1.64113E+00
 -1      2728-1.16945E+00 2.25244E+01 1.62495E+00
 -1      2733-1.19388E+00 2.50230E+01 1.11516E+00
 -1      2734-1.23044E+00 2.50262E+01 1.13106E+00
 -1      2735-1.20612E+00 2.50370E+01 1.18484E+00
 -1      2736-1.16956E+00 2.50338E+01 1.16894E+00
 -1      2741-1.19370E+00 2.75132E+01 5.71480E-01
 -1      2742-1.23034E+00 2.75168E+01 5.87095E-01
 -1      2743-1.20630E+00 2.75292E+01 6.40652E-01
 -1      2744-1.16966E+00 2.75256E+01 6.25037E-01
 -1      2749 1.20223E+00 2.25272E+01 3.58451E-01
 -1      2750 1.16764E+00 2.25239E+01 3.78258E-01
 -1      2751 1.19777E+00 2.25152E+01 4.29417E-01
 -1      2752 1.23236E+00 2.25186E+01 4.09610E-01
 -1      2757 1.20171E+00 2.50371E+01 8.14685E-01
 -1      2758 1.16741E+00 2.50330E+01 8.34866E-01
 -1      2759 1.19829E+00 2.50229E+01 8.85315E-01
 -1      2760 1.23259E+00 2.50270E+01 8.65134E-01
 -1      2765 1.20116E+00 2.75293E+01 1.35882E+00
 -1      2766 1.16718E+00 2.75246E+01 1.37939E+00
 -1      2767 1.19884E+00 2.75131E+01 1.42904E+00
 -1      2768 1.23282E+00 2.75178E+01 1.40848E+00
 -1      2773 1.20593E+00 2.25153E+01 1.57100E+00
 -1      2774 1.16945E+00 2.25180E+01 1.58719E+00
 -1      2775 1.19407E+00 2.25271E+01 1.64113E+00
 -1      2776 1.23055E+00 2.25244E+01 1.62495E+00
 -1      2781 1.20612E+00 2.50230E+01 1.11516E+00
 -1      2782 1.16956E+00 2.50262E+01 1.13106E+00
 -1      2783 1.19388E+00 2.50370E+01 1.18484E+00
 -1      2784 1.23044E+00 2.50338E+01 1.16894E+00
 -1      2789 1.20630E+00 2.75132E+01 5.71480E-01
 -1      2790 1.16966E+00 2.75168E+01 5.87095E-01
 -1      2791 1.19370E+00 2.75292E+01 6.40652E-01
 -1      2792 1.23034E+00 2.75256E+01 6.25037E-01
 -1      2797-4.83328E-01 2.24717E+01-3.43393E-02
 -1      2798-5.20442E-01 2.24818E+01-2.33534E-02
 -1      2799-5.04540E-01 2.24774E+01 3.43393E-02
 -1      2800-4.67426E-01 2.24673E+01 2.33534E-02
 -1      2805 1.59904E-01 2.49616E+01-3.45869E-02
 -1      2806 1.22764E-01 2.49705E+01-2.27046E-02
 -1      2807 1.40096E-01 2.49664E+01 3.45869E-02
 -1      2808 1.77236E-01 2.49575E+01 2.27046E-02
 -1      2813 7.15261E-01 2.74726E+01-3.48107E-02
 -1      2814 6.78146E-01 2.74804E+01-2.20585E-02
 -1      2815 6.96871E-01 2.74765E+01 3.48107E-02
 -1      2816 7.33986E-01 2.74687E+01 2.20585E-02
 -1      2821 4.93632E-01 2.24745E+01-3.60542E-02
 -1      2822 4.61704E-01 2.24658E+01-1.35783E-02
 -1      2823 4.94236E-01 2.24746E+01 3.60542E-02
 -1      2824 5.26164E-01 2.24833E+01 1.35783E-02
 -1      2829-1.49866E-01 2.49640E+01-3.60553E-02
 -1      2830-1.82311E-01 2.49562E+01-1.39944E-02
 -1      2831-1.50134E-01 2.49640E+01 3.60553E-02
 -1      2832-1.17689E-01 2.49718E+01 1.39944E-02
 -1      2837-7.05470E-01 2.74747E+01-3.60504E-02
 -1      2838-7.38413E-01 2.74678E+01-1.44278E-02
 -1      2839-7.06662E-01 2.74744E+01 3.60504E-02
 -1      2840-6.73719E-01 2.74813E+01 1.44278E-02
 -1      2845-4.83328E-01 2.24717E+01 1.96566E+00
 -1      2846-5.20442E-01 2.24818E+01 1.97665E+00
 -1      2847-5.04540E-01 2.24774E+01 2.03434E+00
 -1      2848-4.67426E-01 2.24673E+01 2.02335E+00
 -1      2853 1.59904E-01 2.49616E+01 1.96541E+00
 -1      2854 1.22764E-01 2.49705E+01 1.97730E+00
 -1      2855 1.40096E-01 2.49664E+01 2.03459E+00
 -1      2856 1.77236E-01 2.49575E+01 2.02270E+00
 -1      2861 7.15261E-01 2.74726E+01 1.96519E+00
 -1      2862 6.78146E-01 2.74804E+01 1.97794E+00
 -1      2863 6.96871E-01 2.74765E+01 2.03481E+00
 -1      2864 7.33986E-01 2.74687E+01 2.02206E+00
 -1      2869 4.93632E-01 2.24745E+01 1.96395E+00
 -1      2870 4.61704E-01 2.24658E+01 1.98642E+00
 -1      2871 4.94236E-01 2.24746E+01 2.03605E+00
 -1      2872 5.26164E-01 2.24833E+01 2.01358E+00
 -1      2877-1.49866E-01 2.49640E+01 1.96394E+00
 -1      2878-1.82311E-01 2.49562E+01 1.98601E+00
 -1      2879-1.50134E-01 2.49640E+01 2.03606E+00
 -1      2880-1.17689E-01 2.49718E+01 2.01399E+00
 -1      2885-7.05470E-01 2.74747E+01 1.96395E+00
 -1      2886-7.38413E-01 2.74678E+01 1.98557E+00
 -1      2887-7.06662E-01 2.74744E+01 2.03605E+00
 -1      2888-6.73719E-01 2.74813E+01 2.01443E+00
 -1      2893-1.19777E+00 3.25272E+01 3.58451E-01
 -1      2894-1.23236E+00 3.25239E+01 3.78258E-01
 -1      2895-1.20223E+00 3.25152E+01 4.29417E-01
 -1      2896-1.16764E+00 3.25186E+01 4.09610E-01
 -1      2901-1.19829E+00 3.50371E+01 8.14685E-01
 -1      2902-1.23259E+00 3.50330E+01 8.34866E-01
 -1      2903-1.20171E+00 3.50229E+01 8.85315E-01
 -1      2904-1.16741E+00 3.50270E+01 8.65134E-01
 -1      2909-1.19884E+00 3.75293E+01 1.35882E+00
 -1      2910-1.23282E+00 3.75246E+01 1.37939E+00
 -1      2911-1.20116E+00 3.75131E+01 1.42904E+00
 -1      2912-1.16718E+00 3.75178E+01 1.40848E+00
 -1      2917-1.19407E+00 3.25153E+01 1.57100E+00
 -1      2918-1.23055E+00 3.25180E+01 1.58719E+00
 -1      2919-1.20593E+00 3.25271E+01 1.64113E+00
 -1      2920-1.16945E+00 3.25244E+01 1.62495E+00
 -1      2925-1.19388E+00 3.50230E+01 1.11516E+00
 -1      2926-1.23044E+00 3.50262E+01 1.13106E+00
 -1      2927-1.20612E+00 3.50370E+01 1.18484E+00
 -1      2928-1.16956E+00 3.50338E+01 1.16894E+00
 -1      2933-1.19370E+00 3.75132E+01 5.71480E-01
 -1      2934-1.23034E+00 3.75168E+01 5.87095E-01
 -1      2935-1.20630E+00 3.75292E+01 6.40652E-01
 -1      2936-1.16966E+00 3.75256E+01 6.25037E-01
 -1      2941 1.20223E+00 3.25272E+01 3.58451E-01
 -1      2942 1.16764E+00 3.25239E+01 3.78258E-01
 -1      2943 1.19777E+00 3.25152E+01 4.29417E-01
 -1      2944 1.23236E+00 3.25186E+01 4.09610E-01
 -1      2949 1.20171E+00 3.50371E+01 8.14685E-01
 -1      2950 1.16741E+00 3.50330E+01 8.34866E-01
 -1      2951 1.19829E+00 3.50229E+01 8.85315E-01
 -1      2952 1.23259E+00 3.50270E+01 8.65134E-01
 -1      2957 1.20116E+00 3.75293E+01 1.35882E+00
 -1      2958 1.16718E+00 3.75246E+01 1.37939E+00
 -1      2959 1.19884E+00 3.75131E+01 1.42904E+00
 -1      2960 1.23282E+00 3.75178E+01 1.40848E+00
 -1      2965 1.20593E+00 3.25153E+01 1.57100E+00
 -1      2966 1.16945E+00 3.25180E+01 1.58719E+00
 -1      2967 1.19407E+00 3.25271E+01 1.64113E+00
 -1      2968 1.23055E+00 3.25244E+01 1.62495E+00
 -1      2973 1.20612E+00 3.50230E+01 1.11516E+00
 -1      2974 1.16956E+00 3.50262E+01 1.13106E+00
 -1      2975 1.19388E+00 3.50370E+01 1.18484E+00
 -1      2976 1.23044E+00 3.50338E+01 1.16894E+00
 -1      2981 1.20630E+00 3.75132E+01 5.71480E-01
 -1      2982 1.16966E+00 3.75168E+01 5.87095E-01
 -1      2983 1.19370E+00 3.75292E+01 6.40652E-01
 -1      2984 1.23034E+00 3.75256E+01 6.25037E-01
 -1      2989-4.83328E-01 3.24717E+01-3.43393E-02
 -1      2990-5.20442E-01 3.24818E+01-2.33534E-02
 -1      2991-5.04540E-01 3.24774E+01 3.43393E-02
 -1      2992-4.67426E-01 3.24673E+01 2.33534E-02
 -1      2997 1.59904E-01 3.49616E+01-3.45869E-02
 -1      2998 1.22764E-01 3.49705E+01-2.27046E-02
 -1      2999 1.40096E-01 3.49664E+01 3.45869E-02
 -1      3000 1.77236E-01 3.49575E+01 2.27046E-02
 -1      3005 7.15261E-01 3.74726E+01-3.48107E-02
 -1      3006 6.78146E-01 3.74804E+01-2.20585E-02
 -1      3007 6.96871E-01 3.74765E+01 3.48107E-02
 -1      3008 7.33986E-01 3.74687E+01 2.20585E-02
 -1      3013 4.93632E-01 3.24745E+01-3.60542E-02
 -1      3014 4.61704E-01 3.24658E+01-1.35783E-02
 -1      3015 4.94236E-01 3.24746E+01 3.60542E-02
 -1      3016 5.26164E-01 3.24833E+01 1.35783E-02
 -1      3021-1.49866E-01 3.49640E+01-3.60553E-02
 -1      3022-1.82311E-01 3.49562E+01-1.39944E-02
 -1      3023-1.50134E-01 3.49640E+01 3.60553E-02
 -1      3024-1.17689E-01 3.49718E+01 1.39944E-02
 -1      3029-7.05470E-01 3.74747E+01-3.60504E-02
 -1      3030-7.38413E-01 3.74678E+01-1.44278E-02
 -1      3031-7.06662E-01 3.74744E+01 3.60504E-02
 -1      3032-6.73719E-01 3.74813E+01 1.44278E-02
 -1      3037-4.83328E-01 3.24717E+01 1.96566E+00
 -1      3038-5.20442E-01 3.24818E+01 1.97665E+00
 -1      3039-5.04540E-01 3.24774E+01 2.03434E+00
 -1      3040-4.67426E-01 3.24673E+01 2.02335E+00
 -1      3045 1.59904E-01 3.49616E+01 1.96541E+00
 -1      3046 1.22764E-01 3.49705E+01 1.97730E+00
 -1      3047 1.40096E-01 3.49664E+01 2.03459E+00
 -1      3048 1.77236E-01 3.49575E+01 2.02270E+00
 -1      3053 7.15261E-01 3.74726E+01 1.96519E+00
 -1      3054 6.78146E-01 3.74804E+01 1.97794E+00
 -1      3055 6.96871E-01 3.74765E+01 2.03481E+00
 -1      3056 7.33986E-01 3.74687E+01 2.02206E+00
 -1      3061 4.93632E-01 3.24745E+01 1.96395E+00
 -1      3062 4.61704E-01 3.24658E+01 1.98642E+00
 -1      3063 4.94236E-01 3.24746E+01 2.03605E+00
 -1      3064 5.26164E-01 3.24833E+01 2.01358E+00
 -1      3069-1.49866E-01 3.49640E+01 1.96394E+00
 -1      3070-1.82311E-01 3.49562E+01 1.98601E+00
 -1      3071-1.50134E-01 3.49640E+01 2.03606E+00
 -1      3072-1.17689E-01 3.49718E+01 2.01399E+00
 -1      3077-7.05470E-01 3.74747E+01 1.96395E+00
 -1      3078-7.38413E-01 3.74678E+01 1.98557E+00
 -1      3079-7.06662E-01 3.74744E+01 2.03605E+00
 -1      3080-6.73719E-01 3.74813E+01 2.01443E+00
 -1      3085-1.19777E+00 4.25272E+01 3.58451E-01
 -1      3086-1.23236E+00 4.25239E+01 3.78258E-01
 -1      3087-1.20223E+00 4.25152E+01 4.29417E-01
 -1      3088-1.16764E+00 4.25186E+01 4.09610E-01
 -1      3093-1.19829E+00 4.50371E+01 8.14685E-01
 -1      3094-1.23259E+00 4.50330E+01 8.34866E-01
 -1      3095-1.20171E+00 4.50229E+01 8.85315E-01
 -1      3096-1.16741E+00 4.50270E+01 8.65134E-01
 -1      3101-1.19884E+00 4.75293E+01 1.35882E+00
 -1      3102-1.23282E+00 4.75246E+01 1.37939E+00
 -1      3103-1.20116E+00 4.75131E+01 1.42904E+00
 -1      3104-1.16718E+00 4.75178E+01 1.40848E+00
 -1      3109-1.19407E+00 4.25153E+01 1.57100E+00
 -1      3110-1.23055E+00 4.25180E+01 1.58719E+00
 -1      3111-1.20593E+00 4.25271E+01 1.64113E+00
 -1      3112-1.16945E+00 4.25244E+01 1.62495E+00
 -1      3117-1.19388E+00 4.50230E+01 1.11516E+00
 -1      3118-1.23044E+00 4.50262E+01 1.13106E+00
 -1      3119-1.20612E+00 4.50370E+01 1.18484E+00
 -1      3120-1.16956E+00 4.50338E+01 1.16894E+00
 -1      3125-1.19370E+00 4.75132E+01 5.71480E-01
 -1      3126-1.23034E+00 4.75168E+01 5.87095E-01
 -1      3127-1.20630E+00 4.75292E+01 6.40652E-01
 -1      3128-1.16966E+00 4.75256E+01 6.25037E-01
 -1      3133 1.20223E+00 4.25272E+01 3.58451E-01
 -1      3134 1.16764E+00 4.25239E+01 3.78258E-01
 -1      3135 1.19777E+00 4.25152E+01 4.29417E-01
 -1      3136 1.23236E+00 4.25186E+01 4.09610E-01
 -1      3141 1.20171E+00 4.50371E+01 8.14685E-01
 -1      3142 1.16741E+00 4.50330E+01 8.34866E-01
 -1      3143 1.19829E+00 4.50229E+01 8.85315E-01
 -1      3144 1.23259E+00 4.50270E+01 8.65134E-01
 -1      3149 1.20116E+00 4.75293E+01 1.35882E+00
 -1      3150 1.16718E+00 4.75246E+01 1.37939E+00
 -1      3151 1.19884E+00 4.75131E+01 1.42904E+00
 -1      3152 1.23282E+00 4.75178E+01 1.40848E+00
 -1      3157 1.20593E+00 4.25153E+01 1.57100E+00
 -1      3158 1.16945E+00 4.25180E+01 1.58719E+00
 -1      3159 1.19407E+00 4.25271E+01 1.64113E+00
 -1      3160 1.23055E+00 4.25244E+01 1.62495E+00
 -1      3165 1.20612E+00 4.50230E+01 1.11516E+00
 -1      3166 1.16956E+00 4.50262E+01 1.13106E+00
 -1      3167 1.19388E+00 4.50370E+01 1.18484E+00
 -1      3168 1.23044E+00 4.50338E+01 1.16894E+00
 -1      3173 1.20630E+00 4.75132E+01 5.71480E-01
 -1      3174 1.16966E+00 4.75168E+01 5.87095E-01
 -1      3175 1.19370E+00 4.75292E+01 6.40652E-01
 -1      3176 1.23034E+00 4.75256E+01 6.25037E-01
 -1      3181-4.83328E-01 4.24717E+01-3.43393E-02
 -1      3182-5.20442E-01 4.24818E+01-2.33534E-02
 -1      3183-5.04540E-01 4.24774E+01 3.43393E-02
 -1      3184-4.67426E-01 4.24673E+01 2.33534E-02
 -1      3189 1.59904E-01 4.49616E+01-3.45869E-02
 -1      3190 1.22764E-01 4.49705E+01-2.27046E-02
 -1      3191 1.40096E-01 4.49664E+01 3.45869E-02
 -1      3192 1.77236E-01 4.49575E+01 2.27046E-02
 -1      3197 7.15261E-01 4.74726E+01-3.48107E-02
 -1      3198 6.78146E-01 4.74804E+01-2.20585E-02
 -1      3199 6.96871E-01 4.74765E+01 3.48107E-02
 -1      3200 7.33986E-01 4.74687E+01 2.20585E-02
 -1      3205 4.93632E-01 4.24745E+01-3.60542E-02
 -1      3206 4.61704E-01 4.24658E+01-1.35783E-02
 -1      3207 4.94236E-01 4.24746E+01 3.60542E-02
 -1      3208 5.26164E-01 4.24833E+01 1.35783E-02
 -1      3213-1.49866E-01 4.49640E+01-3.60553E-02
 -1      3214-1.82311E-01 4.49562E+01-1.39944E-02
 -1      3215-1.50134E-01 4.49640E+01 3.60553E-02
 -1      3216-1.17689E-01 4.49718E+01 1.39944E-02
 -1      3221-7.05470E-01 4.74747E+01-3.60504E-02
 -1      3222-7.38413E-01 4.74678E+01-1.44278E-02
 -1      3223-7.06662E-01 4.74744E+01 3.60504E-02
 -1      3224-6.73719E-01 4.74813E+01 1.44278E-02
 -1      3229-4.83328E-01 4.24717E+01 1.96566E+00
 -1      3230-5.20442E-01 4.24818E+01 1.97665E+00
 -1      3231-5.04540E-01 4.24774E+01 2.03434E+00
 -1      3232-4.67426E-01 4.24673E+01 2.02335E+00
 -1      3237 1.59904E-01 4.49616E+01 1.96541E+00
 -1      3238 1.22764E-01 4.49705E+01 1.97730E+00
 -1      3239 1.40096E-01 4.49664E+01 2.03459E+00
 -1      3240 1.77236E-01 4.49575E+01 2.02270E+00
 -1      3245 7.15261E-01 4.74726E+01 1.96519E+00
 -1      3246 6.78146E-01 4.74804E+01 1.97794E+00
 -1      3247 6.96871E-01 4.74765E+01 2.03481E+00
 -1      3248 7.33986E-01 4.74687E+01 2.02206E+00
 -1      3253 4.93632E-01 4.24745E+01 1.96395E+00
 -1      3254 4.61704E-01 4.24658E+01 1.98642E+00
 -1      3255 4.94236E-01 4.24746E+01 2.03605E+00
 -1      3256 5.26164E-01 4.24833E+01 2.01358E+00
 -1      3261-1.49866E-01 4.49640E+01 1.96394E+00
 -1      3262-1.82311E-01 4.49562E+01 1.98601E+00
 -1      3263-1.50134E-01 4.49640E+01 2.03606E+00
 -1      3264-1.17689E-01 4.49718E+01 2.01399E+00
 -1      3269-7.05470E-01 4.74747E+01 1.96395E+00
 -1      3270-7.38413E-01 4.74678E+01 1.98557E+00
 -1      3271-7.06662E-01 4.74744E+01 2.03605E+00
 -1      3272-6.73719E-01 4.74813E+01 2.01443E+00
 -3
    3C                           312                                     1
 -1         1    1    0    1
 -2       253      1453      1454       254       256      1456      1455       255
 -1         2    1    0    1
 -2      1453       453       454      1454      1456       456       455      1455
 -1         3    1    0    1
 -2       303      1461      1462       304       306      1464      1463       305
 -1         4    1    0    1
 -2      1461       503       504      1462      1464       506       505      1463
 -1         5    1    0    1
 -2       353      1469      1470       354       356      1472      1471       355
 -1         6    1    0    1
 -2      1469       553       554      1470      1472       556       555      1471
 -1         7    1    0    1
 -2       403      1477      1478       404       406      1480      1479       405
 -1         8    1    0    1
 -2      1477       603       604      1478      1480       606       605      1479
 -1         9    1    0    1
 -2       453      1485      1486       454       456      1488      1487       455
 -1        10    1    0    1
 -2      1485      1493      1494      1486      1488      1496      1495      1487
 -1        11    1    0    1
 -2      1493      1501      1502      1494      1496      1504      1503      1495
 -1        12    1    0    1
 -2      1501       653       654      1502      1504       656       655      1503
 -1        13    1    0    1
 -2       503      1509      1510       504       506      1512      1511       505
 -1        14    1    0    1
 -2      1509      1517      1518      1510      1512      1520      1519      1511
 -1        15    1    0    1
 -2      1517      1525      1526      1518      1520      1528      1527      1519
 -1        16    1    0    1
 -2      1525       703       704      1526      1528       706       705      1527
 -1        17    1    0    1
 -2       553      1533      1534       554       556      1536      1535       555
 -1        18    1    0    1
 -2      1533      1541      1542      1534      1536      1544      1543      1535
 -1        19    1    0    1
 -2      1541      1549      1550      1542      1544      1552      1551      1543
 -1        20    1    0    1
 -2      1549       753       754      1550      1552       756       755      1551
 -1        21    1    0    1
 -2       603      1557      1558       604       606      1560      1559       605
 -1        22    1    0    1
 -2      1557      1565      1566      1558      1560      1568      1567      1559
 -1        23    1    0    1
 -2      1565      1573      1574      1566      1568      1576      1575      1567
 -1        24    1    0    1
 -2      1573       803       804      1574      1576       806       805      1575
 -1        25    1    0    1
 -2       653      1581      1582       654       656      1584      1583       655
 -1        26    1    0    1
 -2      1581       853       854      1582      1584       856       855      1583
 -1        27    1    0    1
 -2       703      1589      1590       704       706      1592      1591       705
 -1        28    1    0    1
 -2      1589       903       904      1590      1592       906       905      1591
 -1        29    1    0    1
 -2       753      1597      1598       754       756      1600      1599       755
 -1        30    1    0    1
 -2      1597       953       954      1598      1600       956       955      1599
 -1        31    1    0    1
 -2       803      1605      1606       804       806      1608      1607       805
 -1        32    1    0    1
 -2      1605      1003      1004      1606      1608      1006      1005      1607
 -1        33    1    0    1
 -2       853      1613      1614       854       856      1616      1615       855
 -1        34    1    0    1
 -2      1613      1053      1054      1614      1616      1056      1055      1615
 -1        35    1    0    1
 -2       903      1621      1622       904       906      1624      1623       905
 -1        36    1    0    1
 -2      1621      1103      1104      1622      1624      1106      1105      1623
 -1        37    1    0    1
 -2       953      1629      1630       954       956      1632      1631       955
 -1        38    1    0    1
 -2      1629      1153      1154      1630      1632      1156      1155      1631
 -1        39    1    0    1
 -2      1003      1637      1638      1004      1006      1640      1639      1005
 -1        40    1    0    1
 -2      1637      1203      1204      1638      1640      1206      1205      1639
 -1        41    1    0    1
 -2      1053      1645      1646      1054      1056      1648      1647      1055
 -1        42    1    0    1
 -2      1645      1653      1654      1646      1648      1656      1655      1647
 -1        43    1    0    1
 -2      1653      1661      1662      1654      1656      1664      1663      1655
 -1        44    1    0    1
 -2      1661      1253      1254      1662      1664      1256      1255      1663
 -1        45    1    0    1
 -2      1103      1669      1670      1104      1106      1672      1671      1105
 -1        46    1    0    1
 -2      1669      1677      1678      1670      1672      1680      1679      1671
 -1        47    1    0    1
 -2      1677      1685      1686      1678      1680      1688      1687      1679
 -1        48    1    0    1
 -2      1685      1303      1304      1686      1688      1306      1305      1687
 -1        49    1    0    1
 -2      1153      1693      1694      1154      1156      1696      1695      1155
 -1        50    1    0    1
 -2      1693      1701      1702      1694      1696      1704      1703      1695
 -1        51    1    0    1
 -2      1701      1709      1710      1702      1704      1712      1711      1703
 -1        52    1    0    1
 -2      1709      1353      1354      1710      1712      1356      1355      1711
 -1        53    1    0    1
 -2      1203      1717      1718      1204      1206      1720      1719      1205
 -1        54    1    0    1
 -2      1717      1725      1726      1718      1720      1728      1727      1719
 -1        55    1    0    1
 -2      1725      1733      1734      1726      1728      1736      1735      1727
 -1        56    1    0    1
 -2      1733      1403      1404      1734      1736      1406      1405      1735
 -1        57    1    0    1
 -2       261      1741      1742       262       264      1744      1743       263
 -1        58    1    0    1
 -2      1741      1749      1750      1742      1744      1752      1751      1743
 -1        59    1    0    1
 -2      1749      1757      1758      1750      1752      1760      1759      1751
 -1        60    1    0    1
 -2      1757       311       312      1758      1760       314       313      1759
 -1        61    1    0    1
 -2       361      1765      1766       362       364      1768      1767       363
 -1        62    1    0    1
 -2      1765      1773      1774      1766      1768      1776      1775      1767
 -1        63    1    0    1
 -2      1773      1781      1782      1774      1776      1784      1783      1775
 -1        64    1    0    1
 -2      1781       411       412      1782      1784       414       413      1783
 -1        65    1    0    1
 -2       269      1789      1790       270       272      1792      1791       271
 -1        66    1    0    1
 -2      1789      1797      1798      1790      1792      1800      1799      1791
 -1        67    1    0    1
 -2      1797      1805      1806      1798      1800      1808      1807      1799
 -1        68    1    0    1
 -2      1805       369       370      1806      1808       372       371      1807
 -1        69    1    0    1
 -2       319      1813      1814       320       322      1816      1815       321
 -1        70    1    0    1
 -2      1813      1821      1822      1814      1816      1824      1823      1815
 -1        71    1    0    1
 -2      1821      1829      1830      1822      1824      1832      1831      1823
 -1        72    1    0    1
 -2      1829       419       420      1830      1832       422       421      1831
 -1        73    1    0    1
 -2       461      1837      1838       462       464      1840      1839       463
 -1        74    1    0    1
 -2      1837      1845      1846      1838      1840      1848      1847      1839
 -1        75    1    0    1
 -2      1845      1853      1854      1846      1848      1856      1855      1847
 -1        76    1    0    1
 -2      1853       511       512      1854      1856       514       513      1855
 -1        77    1    0    1
 -2       561      1861      1862       562       564      1864      1863       563
 -1        78    1    0    1
 -2      1861      1869      1870      1862      1864      1872      1871      1863
 -1        79    1    0    1
 -2      1869      1877      1878      1870      1872      1880      1879      1871
 -1        80    1    0    1
 -2      1877       611       612      1878      1880       614       613      1879
 -1        81    1    0    1
 -2       469      1885      1886       470       472      1888      1887       471
 -1        82    1    0    1
 -2      1885      1893      1894      1886      1888      1896      1895      1887
 -1        83    1    0    1
 -2      1893      1901      1902      1894      1896      1904      1903      1895
 -1        84    1    0    1
 -2      1901       569       570      1902      1904       572       571      1903
 -1        85    1    0    1
 -2       519      1909      1910       520       522      1912      1911       521
 -1        86    1    0    1
 -2      1909      1917      1918      1910      1912      1920      1919      1911
 -1        87    1    0    1
 -2      1917      1925      1926      1918      1920      1928      1927      1919
 -1        88    1    0    1
 -2      1925       619       620      1926      1928       622       621      1927
 -1        89    1    0    1
 -2       661      1933      1934       662       664      1936      1935       663
 -1        90    1    0    1
 -2      1933      1941      1942      1934      1936      1944      1943      1935
 -1        91    1    0    1
 -2      1941      1949      1950      1942      1944      1952      1951      1943
 -1        92    1    0    1
 -2      1949       711       712      1950      1952       714       713      1951
 -1        93    1    0    1
 -2       761      1957      1958       762       764      1960      1959       763
 -1        94    1    0    1
 -2      1957      1965      1966      1958      1960      1968      1967      1959
 -1        95    1    0    1
 -2      1965      1973      1974      1966      1968      1976      1975      1967
 -1        96    1    0    1
 -2      1973       811       812      1974      1976       814       813      1975
 -1        97    1    0    1
 -2       669      1981      1982       670       672      1984      1983       671
 -1        98    1    0    1
 -2      1981      1989      1990      1982      1984      1992      1991      1983
 -1        99    1    0    1
 -2      1989      1997      1998      1990      1992      2000      1999      1991
 -1       100    1    0    1
 -2      1997       769       770      1998      2000       772       771      1999
 -1       101    1    0    1
 -2       719      2005      2006       720       722      2008      2007       721
 -1       102    1    0    1
 -2      2005      2013      2014      2006      2008      2016      2015      2007
 -1       103    1    0    1
 -2      2013      2021      2022      2014      2016      2024      2023      2015
 -1       104    1    0    1
 -2      2021       819       820      2022      2024       822       821      2023
 -1       105    1    0    1
 -2       861      2029      2030       862       864      2032      2031       863
 -1       106    1    0    1
 -2      2029      2037      2038      2030      2032      2040      2039      2031
 -1       107    1    0    1
 -2      2037      2045      2046      2038      2040      2048      2047      2039
 -1       108    1    0    1
 -2      2045       911       912      2046      2048       914       913      2047
 -1       109    1    0    1
 -2       961      2053      2054       962       964      2056      2055       963
 -1       110    1    0    1
 -2      2053      2061      2062      2054      2056      2064      2063      2055
 -1       111    1    0    1
 -2      2061      2069      2070      2062      2064      2072      2071      2063
 -1       112    1    0    1
 -2      2069      1011      1012      2070      2072      1014      1013      2071
 -1       113    1    0    1
 -2       869      2077      2078       870       872      2080      2079       871
 -1       114    1    0    1
 -2      2077      2085      2086      2078      2080      2088      2087      2079
 -1       115    1    0    1
 -2      2085      2093      2094      2086      2088      2096      2095      2087
 -1       116    1    0    1
 -2      2093       969       970      2094      2096       972       971      2095
 -1       117    1    0    1
 -2       919      2101      2102       920       922      2104      2103       921
 -1       118    1    0    1
 -2      2101      2109      2110      2102      2104      2112      2111      2103
 -1       119    1    0    1
 -2      2109      2117      2118      2110      2112      2120      2119      2111
 -1       120    1    0    1
 -2      2117      1019      1020      2118      2120      1022      1021      2119
 -1       121    1    0    1
 -2      1061      2125      2126      1062      1064      2128      2127      1063
 -1       122    1    0    1
 -2      2125      2133      2134      2126      2128      2136      2135      2127
 -1       123    1    0    1
 -2      2133      2141      2142      2134      2136      2144      2143      2135
 -1       124    1    0    1
 -2      2141      1111      1112      2142      2144      1114      1113      2143
 -1       125    1    0    1
 -2      1161      2149      2150      1162      1164      2152      2151      1163
 -1       126    1    0    1
 -2      2149      2157      2158      2150      2152      2160      2159      2151
 -1       127    1    0    1
 -2      2157      2165      2166      2158      2160      2168      2167      2159
 -1       128    1    0    1
 -2      2165      1211      1212      2166      2168      1214      1213      2167
 -1       129    1    0    1
 -2      1069      2173      2174      1070      1072      2176      2175      1071
 -1       130    1    0    1
 -2      2173      2181      2182      2174      2176      2184      2183      2175
 -1       131    1    0    1
 -2      2181      2189      2190      2182      2184      2192      2191      2183
 -1       132    1    0    1
 -2      2189      1169      1170      2190      2192      1172      1171      2191
 -1       133    1    0    1
 -2      1119      2197      2198      1120      1122      2200      2199      1121
 -1       134    1    0    1
 -2      2197      2205      2206      2198      2200      2208      2207      2199
 -1       135    1    0    1
 -2      2205      2213      2214      2206      2208      2216      2215      2207
 -1       136    1    0    1
 -2      2213      1219      1220      2214      2216      1222      1221      2215
 -1       137    1    0    1
 -2      1261      2221      2222      1262      1264      2224      2223      1263
 -1       138    1    0    1
 -2      2221      2229      2230      2222      2224      2232      2231      2223
 -1       139    1    0    1
 -2      2229      2237      2238      2230      2232      2240      2239      2231
 -1       140    1    0    1
 -2      2237      1311      1312      2238      2240      1314      1313      2239
 -1       141    1    0    1
 -2      1361      2245      2246      1362      1364      2248      2247      1363
 -1       142    1    0    1
 -2      2245      2253      2254      2246      2248      2256      2255      2247
 -1       143    1    0    1
 -2      2253      2261      2262      2254      2256      2264      2263      2255
 -1       144    1    0    1
 -2      2261      1411      1412      2262      2264      1414      1413      2263
 -1       145    1    0    1
 -2      1269      2269      2270      1270      1272      2272      2271      1271
 -1       146    1    0    1
 -2      2269      2277      2278      2270      2272      2280      2279      2271
 -1       147    1    0    1
 -2      2277      2285      2286      2278      2280      2288      2287      2279
 -1       148    1    0    1
 -2      2285      1369      1370      2286      2288      1372      1371      2287
 -1       149    1    0    1
 -2      1319      2293      2294      1320      1322      2296      2295      1321
 -1       150    1    0    1
 -2      2293      2301      2302      2294      2296      2304      2303      2295
 -1       151    1    0    1
 -2      2301      2309      2310      2302      2304      2312      2311      2303
 -1       152    1    0    1
 -2      2309      1419      1420      2310      2312      1422      1421      2311
 -1       153    1    0    1
 -2       253      2317      2318       254       256      2320      2319       255
 -1       154    1    0    1
 -2      2317      2325      2326      2318      2320      2328      2327      2319
 -1       155    1    0    1
 -2      2325      2333      2334      2326      2328      2336      2335      2327
 -1       156    1    0    1
 -2      2333       553       554      2334      2336       556       555      2335
 -1       157    1    0    1
 -2       353      2341      2342       354       356      2344      2343       355
 -1       158    1    0    1
 -2      2341      2349      2350      2342      2344      2352      2351      2343
 -1       159    1    0    1
 -2      2349      2357      2358      2350      2352      2360      2359      2351
 -1       160    1    0    1
 -2      2357       453       454      2358      2360       456       455      2359
 -1       161    1    0    1
 -2       303      2365      2366       304       306      2368      2367       305
 -1       162    1    0    1
 -2      2365      2373      2374      2366      2368      2376      2375      2367
 -1       163    1    0    1
 -2      2373      2381      2382      2374      2376      2384      2383      2375
 -1       164    1    0    1
 -2      2381       603       604      2382      2384       606       605      2383
 -1       165    1    0    1
 -2       403      2389      2390       404       406      2392      2391       405
 -1       166    1    0    1
 -2      2389      2397      2398      2390      2392      2400      2399      2391
 -1       167    1    0    1
 -2      2397      2405      2406      2398      2400      2408      2407      2399
 -1       168    1    0    1
 -2      2405       503       504      2406      2408       506       505      2407
 -1       169    1    0    1
 -2       253      2413      2414       254       256      2416      2415       255
 -1       170    1    0    1
 -2      2413      2421      2422      2414      2416      2424      2423      2415
 -1       171    1    0    1
 -2      2421      2429      2430      2422      2424      2432      2431      2423
 -1       172    1    0    1
 -2      2429       503       504      2430      2432       506       505      2431
 -1       173    1    0    1
 -2       303      2437      2438       304       306      2440      2439       305
 -1       174    1    0    1
 -2      2437      2445      2446      2438      2440      2448      2447      2439
 -1       175    1    0    1
 -2      2445      2453      2454      2446      2448      2456      2455      2447
 -1       176    1    0    1
 -2      2453       453       454      2454      2456       456       455      2455
 -1       177    1    0    1
 -2       353      2461      2462       354       356      2464      2463       355
 -1       178    1    0    1
 -2      2461      2469      2470      2462      2464      2472      2471      2463
 -1       179    1    0    1
 -2      2469      2477      2478      2470      2472      2480      2479      2471
 -1       180    1    0    1
 -2      2477       603       604      2478      2480       606       605      2479
 -1       181    1    0    1
 -2       403      2485      2486       404       406      2488      2487       405
 -1       182    1    0    1
 -2      2485      2493      2494      2486      2488      2496      2495      2487
 -1       183    1    0    1
 -2      2493      2501      2502      2494      2496      2504      2503      2495
 -1       184    1    0    1
 -2      2501       553       554      2502      2504       556       555      2503
 -1       185    1    0    1
 -2       453      2509      2510       454       456      2512      2511       455
 -1       186    1    0    1
 -2      2509      2517      2518      2510      2512      2520      2519      2511
 -1       187    1    0    1
 -2      2517      2525      2526      2518      2520      2528      2527      2519
 -1       188    1    0    1
 -2      2525       753       754      2526      2528       756       755      2527
 -1       189    1    0    1
 -2       553      2533      2534       554       556      2536      2535       555
 -1       190    1    0    1
 -2      2533      2541      2542      2534      2536      2544      2543      2535
 -1       191    1    0    1
 -2      2541      2549      2550      2542      2544      2552      2551      2543
 -1       192    1    0    1
 -2      2549       653       654      2550      2552       656       655      2551
 -1       193    1    0    1
 -2       503      2557      2558       504       506      2560      2559       505
 -1       194    1    0    1
 -2      2557      2565      2566      2558      2560      2568      2567      2559
 -1       195    1    0    1
 -2      2565      2573      2574      2566      2568      2576      2575      2567
 -1       196    1    0    1
 -2      2573       803       804      2574      2576       806       805      2575
 -1       197    1    0    1
 -2       603      2581      2582       604       606      2584      2583       605
 -1       198    1    0    1
 -2      2581      2589      2590      2582      2584      2592      2591      2583
 -1       199    1    0    1
 -2      2589      2597      2598      2590      2592      2600      2599      2591
 -1       200    1    0    1
 -2      2597       703       704      2598      2600       706       705      2599
 -1       201    1    0    1
 -2       453      2605      2606       454       456      2608      2607       455
 -1       202    1    0    1
 -2      2605      2613      2614      2606      2608      2616      2615      2607
 -1       203    1    0    1
 -2      2613      2621      2622      2614      2616      2624      2623      2615
 -1       204    1    0    1
 -2      2621       703       704      2622      2624       706       705      2623
 -1       205    1    0    1
 -2       503      2629      2630       504       506      2632      2631       505
 -1       206    1    0    1
 -2      2629      2637      2638      2630      2632      2640      2639      2631
 -1       207    1    0    1
 -2      2637      2645      2646      2638      2640      2648      2647      2639
 -1       208    1    0    1
 -2      2645       653       654      2646      2648       656       655      2647
 -1       209    1    0    1
 -2       553      2653      2654       554       556      2656      2655       555
 -1       210    1    0    1
 -2      2653      2661      2662      2654      2656      2664      2663      2655
 -1       211    1    0    1
 -2      2661      2669      2670      2662      2664      2672      2671      2663
 -1       212    1    0    1
 -2      2669       803       804      2670      2672       806       805      2671
 -1       213    1    0    1
 -2       603      2677      2678       604       606      2680      2679       605
 -1       214    1    0    1
 -2      2677      2685      2686      2678      2680      2688      2687      2679
 -1       215    1    0    1
 -2      2685      2693      2694      2686      2688      2696      2695      2687
 -1       216    1    0    1
 -2      2693       753       754      2694      2696       756       755      2695
 -1       217    1    0    1
 -2       653      2701      2702       654       656      2704      2703       655
 -1       218    1    0    1
 -2      2701      2709      2710      2702      2704      2712      2711      2703
 -1       219    1    0    1
 -2      2709      2717      2718      2710      2712      2720      2719      2711
 -1       220    1    0    1
 -2      2717       953       954      2718      2720       956       955      2719
 -1       221    1    0    1
 -2       753      2725      2726       754       756      2728      2727       755
 -1       222    1    0    1
 -2      2725      2733      2734      2726      2728      2736      2735      2727
 -1       223    1    0    1
 -2      2733      2741      2742      2734      2736      2744      2743      2735
 -1       224    1    0    1
 -2      2741       853       854      2742      2744       856       855      2743
 -1       225    1    0    1
 -2       703      2749      2750       704       706      2752      2751       705
 -1       226    1    0    1
 -2      2749      2757      2758      2750      2752      2760      2759      2751
 -1       227    1    0    1
 -2      2757      2765      2766      2758      2760      2768      2767      2759
 -1       228    1    0    1
 -2      2765      1003      1004      2766      2768      1006      1005      2767
 -1       229    1    0    1
 -2       803      2773      2774       804       806      2776      2775       805
 -1       230    1    0    1
 -2      2773      2781      2782      2774      2776      2784      2783      2775
 -1       231    1    0    1
 -2      2781      2789      2790      2782      2784      2792      2791      2783
 -1       232    1    0    1
 -2      2789       903       904      2790      2792       906       905      2791
 -1       233    1    0    1
 -2       653      2797      2798       654       656      2800      2799       655
 -1       234    1    0    1
 -2      2797      2805      2806      2798      2800      2808      2807      2799
 -1       235    1    0    1
 -2      2805      2813      2814      2806      2808      2816      2815      2807
 -1       236    1    0    1
 -2      2813       903       904      2814      2816       906       905      2815
 -1       237    1    0    1
 -2       703      2821      2822       704       706      2824      2823       705
 -1       238    1    0    1
 -2      2821      2829      2830      2822      2824      2832      2831      2823
 -1       239    1    0    1
 -2      2829      2837      2838      2830      2832      2840      2839      2831
 -1       240    1    0    1
 -2      2837       853       854      2838      2840       856       855      2839
 -1       241    1    0    1
 -2       753      2845      2846       754       756      2848      2847       755
 -1       242    1    0    1
 -2      2845      2853      2854      2846      2848      2856      2855      2847
 -1       243    1    0    1
 -2      2853      2861      2862      2854      2856      2864      2863      2855
 -1       244    1    0    1
 -2      2861      1003      1004      2862      2864      1006      1005      2863
 -1       245    1    0    1
 -2       803      2869      2870       804       806      2872      2871       805
 -1       246    1    0    1
 -2      2869      2877      2878      2870      2872      2880      2879      2871
 -1       247    1    0    1
 -2      2877      2885      2886      2878      2880      2888      2887      2879
 -1       248    1    0    1
 -2      2885       953       954      2886      2888       956       955      2887
 -1       249    1    0    1
 -2       853      2893      2894       854       856      2896      2895       855
 -1       250    1    0    1
 -2      2893      2901      2902      2894      2896      2904      2903      2895
 -1       251    1    0    1
 -2      2901      2909      2910      2902      2904      2912      2911      2903
 -1       252    1    0    1
 -2      2909      1153      1154      2910      2912      1156      1155      2911
 -1       253    1    0    1
 -2       953      2917      2918       954       956      2920      2919       955
 -1       254    1    0    1
 -2      2917      2925      2926      2918      2920      2928      2927      2919
 -1       255    1    0    1
 -2      2925      2933      2934      2926      2928      2936      2935      2927
 -1       256    1    0    1
 -2      2933      1053      1054      2934      2936      1056      1055      2935
 -1       257    1    0    1
 -2       903      2941      2942       904       906      2944      2943       905
 -1       258    1    0    1
 -2      2941      2949      2950      2942      2944      2952      2951      2943
 -1       259    1    0    1
 -2      2949      2957      2958      2950      2952      2960      2959      2951
 -1       260    1    0    1
 -2      2957      1203      1204      2958      2960      1206      1205      2959
 -1       261    1    0    1
 -2      1003      2965      2966      1004      1006      2968      2967      1005
 -1       262    1    0    1
 -2      2965      2973      2974      2966      2968      2976      2975      2967
 -1       263    1    0    1
 -2      2973      2981      2982      2974      2976      2984      2983      2975
 -1       264    1    0    1
 -2      2981      1103      1104      2982      2984      1106      1105      2983
 -1       265    1    0    1
 -2       853      2989      2990       854       856      2992      2991       855
 -1       266    1    0    1
 -2      2989      2997      2998      2990      2992      3000      2999      2991
 -1       267    1    0    1
 -2      2997      3005      3006      2998      3000      3008      3007      2999
 -1       268    1    0    1
 -2      3005      1103      1104      3006      3008      1106      1105      3007
 -1       269    1    0    1
 -2       903      3013      3014       904       906      3016      3015       905
 -1       270    1    0    1
 -2      3013      3021      3022      3014      3016      3024      3023      3015
 -1       271    1    0    1
 -2      3021      3029      3030      3022      3024      3032      3031      3023
 -1       272    1    0    1
 -2      3029      1053      1054      3030      3032      1056      1055      3031
 -1       273    1    0    1
 -2       953      3037      3038       954       956      3040      3039       955
 -1       274    1    0    1
 -2      3037      3045      3046      3038      3040      3048      3047      3039
 -1       275    1    0    1
 -2      3045      3053      3054      3046      3048      3056      3055      3047
 -1       276    1    0    1
 -2      3053      1203      1204      3054      3056      1206      1205      3055
 -1       277    1    0    1
 -2      1003      3061      3062      1004      1006      3064      3063      1005
 -1       278    1    0    1
 -2      3061      3069      3070      3062      3064      3072      3071      3063
 -1       279    1    0    1
 -2      3069      3077      3078      3070      3072      3080      3079      3071
 -1       280    1    0    1
 -2      3077      1153      1154      3078      3080      1156      1155      3079
 -1       281    1    0    1
 -2      1053      3085      3086      1054      1056      3088      3087      1055
 -1       282    1    0    1
 -2      3085      3093      3094      3086      3088      3096      3095      3087
 -1       283    1    0    1
 -2      3093      3101      3102      3094      3096      3104      3103      3095
 -1       284    1    0    1
 -2      3101      1353      1354      3102      3104      1356      1355      3103
 -1       285    1    0    1
 -2      1153      3109      3110      1154      1156      3112      3111      1155
 -1       286    1    0    1
 -2      3109      3117      3118      3110      3112      3120      3119      3111
 -1       287    1    0    1
 -2      3117      3125      3126      3118      3120      3128      3127      3119
 -1       288    1    0    1
 -2      3125      1253      1254      3126      3128      1256      1255      3127
 -1       289    1    0    1
 -2      1103      3133      3134      1104      1106      3136      3135      1105
 -1       290    1    0    1
 -2      3133      3141      3142      3134      3136      3144      3143      3135
 -1       291    1    0    1
 -2      3141      3149      3150      3142      3144      3152      3151      3143
 -1       292    1    0    1
 -2      3149      1403      1404      3150      3152      1406      1405      3151
 -1       293    1    0    1
 -2      1203      3157      3158      1204      1206      3160      3159      1205
 -1       294    1    0    1
 -2      3157      3165      3166      3158      3160      3168      3167      3159
 -1       295    1    0    1
 -2      3165      3173      3174      3166      3168      3176      3175      3167
 -1       296    1    0    1
 -2      3173      1303      1304      3174      3176      1306      1305      3175
 -1       297    1    0    1
 -2      1053      3181      3182      1054      1056      3184      3183      1055
 -1       298    1    0    1
 -2      3181      3189      3190      3182      3184      3192      3191      3183
 -1       299    1    0    1
 -2      3189      3197      3198      3190      3192      3200      3199      3191
 -1       300    1    0    1
 -2      3197      1303      1304      3198      3200      1306      1305      3199
 -1       301    1    0    1
 -2      1103      3205      3206      1104      1106      3208      3207      1105
 -1       302    1    0    1
 -2      3205      3213      3214      3206      3208      3216      3215      3207
 -1       303    1    0    1
 -2      3213      3221      3222      3214      3216      3224      3223      3215
 -1       304    1    0    1
 -2      3221      1253      1254      3222      3224      1256      1255      3223
 -1       305    1    0    1
 -2      1153      3229      3230      1154      1156      3232      3231      1155
 -1       306    1    0    1
 -2      3229      3237      3238      3230      3232      3240      3239      3231
 -1       307    1    0    1
 -2      3237      3245      3246      3238      3240      3248      3247      3239
 -1       308    1    0    1
 -2      3245      1403      1404      3246      3248      1406      1405      3247
 -1       309    1    0    1
 -2      1203      3253      3254      1204      1206      3256      3255      1205
 -1       310    1    0    1
 -2      3253      3261      3262      3254      3256      3264      3263      3255
 -1       311    1    0    1
 -2      3261      3269      3270      3262      3264      3272      3271      3263
 -1       312    1    0    1
 -2      3269      1353      1354      3270      3272      1356      1355      3271
 -3
    1PSTEP                         1           1           1          
  100CL  101 1.000000000           0                     0    1           1
 -4  DISP        4    1
 -5  D1          1    2    1    0
 -5  D2          1    2    2    0
 -5  D3          1    2    3    0
 -5  ALL         1    2    0    0    1ALL
 -3
 9999
