    1C
    1UNormalized cross-passage space-truss torsion benchmark            
    1UUSER                                                              
    1UDATE              05.august.2026                                  
    1UTIME              18:18:03                                        
    1UHOST                                                              
    1UPGM               CalculiX                                        
    1UVERSION           Version 2.21                             
    1UCOMPILETIME       Sat Jul 29 10:52:01 CEST 2023                    
    1UDIR                                                               
    1UDBN                                                               
    1UMAT    1STEEL                                                     
    2C                           768                                     1
 -1       145-1.19392E+00 1.10406E-03-3.55217E-02
 -1       146-1.23033E+00 3.58513E-03-1.91580E-02
 -1       147-1.20608E+00-1.10406E-03 3.55217E-02
 -1       148-1.16967E+00-3.58513E-03 1.91580E-02
 -1       153-1.20102E+00-3.40950E-02-1.16828E-02
 -1       154-1.20007E+00-2.33416E-03-3.59798E-02
 -1       155-1.19898E+00 3.40950E-02 1.16828E-02
 -1       156-1.19993E+00 2.33416E-03 3.59798E-02
 -1       161-1.23354E+00-1.32202E-02 3.96605E-04
 -1       162-1.20069E+00-3.60327E-02 1.08098E-03
 -1       163-1.16646E+00 1.32202E-02-3.96605E-04
 -1       164-1.19931E+00 3.60327E-02-1.08098E-03
 -1       195 1.20178E+00 2.55221E-03-3.59208E-02
 -1       196 1.16758E+00-1.84045E-03-1.56598E-02
 -1       197 1.19822E+00-2.55221E-03 3.59208E-02
 -1       198 1.23242E+00 1.84045E-03 1.56598E-02
 -1       203 1.20102E+00-3.38645E-02-1.23355E-02
 -1       204 1.20005E+00-1.64335E-03-3.60180E-02
 -1       205 1.19898E+00 3.38645E-02 1.23355E-02
 -1       206 1.19995E+00 1.64335E-03 3.60180E-02
 -1       211 1.16697E+00-1.44498E-02-4.33494E-04
 -1       212 1.20064E+00-3.60336E-02-1.08101E-03
 -1       213 1.23303E+00 1.44498E-02 4.33494E-04
 -1       214 1.19936E+00 3.60336E-02 1.08101E-03
 -1       245-1.19302E+00-2.96955E-03 1.96475E+00
 -1       246-1.22984E+00 1.30746E-03 1.97980E+00
 -1       247-1.20698E+00 2.96955E-03 2.03525E+00
 -1       248-1.17016E+00-1.30746E-03 2.02020E+00
 -1       253-1.19898E+00-3.38645E-02 1.98766E+00
 -1       254-1.19995E+00-1.64335E-03 1.96398E+00
 -1       255-1.20102E+00 3.38645E-02 2.01234E+00
 -1       256-1.20005E+00 1.64335E-03 2.03602E+00
 -1       261-1.23303E+00-1.44498E-02 1.99957E+00
 -1       262-1.19936E+00-3.60336E-02 1.99892E+00
 -1       263-1.16697E+00 1.44498E-02 2.00043E+00
 -1       264-1.20064E+00 3.60336E-02 2.00108E+00
 -1       295 1.20330E+00-1.36844E-03 1.96412E+00
 -1       296 1.16826E+00-3.59743E-03 1.98329E+00
 -1       297 1.19670E+00 1.36844E-03 2.03588E+00
 -1       298 1.23174E+00 3.59743E-03 2.01671E+00
 -1       303 1.19898E+00-3.40950E-02 1.98832E+00
 -1       304 1.19993E+00-2.33416E-03 1.96402E+00
 -1       305 1.20102E+00 3.40950E-02 2.01168E+00
 -1       306 1.20007E+00 2.33416E-03 2.03598E+00
 -1       311 1.16646E+00-1.32202E-02 2.00040E+00
 -1       312 1.19931E+00-3.60327E-02 2.00108E+00
 -1       313 1.23354E+00 1.32202E-02 1.99960E+00
 -1       314 1.20069E+00 3.60327E-02 1.99892E+00
 -1       345-1.19518E+00 9.99960E+00-3.57295E-02
 -1       346-1.23113E+00 1.00001E+01-1.81950E-02
 -1       347-1.20482E+00 1.00004E+01 3.57295E-02
 -1       348-1.16887E+00 9.99987E+00 1.81950E-02
 -1       353-1.20102E+00 9.96591E+00-1.16828E-02
 -1       354-1.20007E+00 9.99767E+00-3.59798E-02
 -1       355-1.19898E+00 1.00341E+01 1.16828E-02
 -1       356-1.19993E+00 1.00023E+01 3.59798E-02
 -1       361-1.23354E+00 9.98678E+00 3.96605E-04
 -1       362-1.20069E+00 9.96397E+00 1.08098E-03
 -1       363-1.16646E+00 1.00132E+01-3.96605E-04
 -1       364-1.19931E+00 1.00360E+01-1.08098E-03
 -1       395 1.20440E+00 9.99969E+00-3.57842E-02
 -1       396 1.16866E+00 9.99951E+00-1.78246E-02
 -1       397 1.19560E+00 1.00003E+01 3.57842E-02
 -1       398 1.23134E+00 1.00005E+01 1.78246E-02
 -1       403 1.20102E+00 9.96614E+00-1.23355E-02
 -1       404 1.20005E+00 9.99836E+00-3.60180E-02
 -1       405 1.19898E+00 1.00339E+01 1.23355E-02
 -1       406 1.19995E+00 1.00016E+01 3.60180E-02
 -1       411 1.16697E+00 9.98555E+00-4.33494E-04
 -1       412 1.20064E+00 9.96397E+00-1.08101E-03
 -1       413 1.23303E+00 1.00145E+01 4.33494E-04
 -1       414 1.19936E+00 1.00360E+01 1.08101E-03
 -1       445-1.19541E+00 1.00003E+01 1.96424E+00
 -1       446-1.23124E+00 1.00005E+01 1.98201E+00
 -1       447-1.20459E+00 9.99969E+00 2.03576E+00
 -1       448-1.16876E+00 9.99951E+00 2.01799E+00
 -1       453-1.19898E+00 9.96614E+00 1.98766E+00
 -1       454-1.19995E+00 9.99836E+00 1.96398E+00
 -1       455-1.20102E+00 1.00339E+01 2.01234E+00
 -1       456-1.20005E+00 1.00016E+01 2.03602E+00
 -1       461-1.23303E+00 9.98555E+00 1.99957E+00
 -1       462-1.19936E+00 9.96397E+00 1.99892E+00
 -1       463-1.16697E+00 1.00145E+01 2.00043E+00
 -1       464-1.20064E+00 1.00360E+01 2.00108E+00
 -1       495 1.20417E+00 1.00004E+01 1.96419E+00
 -1       496 1.16855E+00 9.99986E+00 1.98238E+00
 -1       497 1.19583E+00 9.99960E+00 2.03581E+00
 -1       498 1.23145E+00 1.00001E+01 2.01762E+00
 -1       503 1.19898E+00 9.96591E+00 1.98832E+00
 -1       504 1.19993E+00 9.99767E+00 1.96402E+00
 -1       505 1.20102E+00 1.00341E+01 2.01168E+00
 -1       506 1.20007E+00 1.00023E+01 2.03598E+00
 -1       511 1.16646E+00 9.98678E+00 2.00040E+00
 -1       512 1.19931E+00 9.96397E+00 2.00108E+00
 -1       513 1.23354E+00 1.00132E+01 1.99960E+00
 -1       514 1.20069E+00 1.00360E+01 1.99892E+00
 -1       545-1.19537E+00 1.99998E+01-3.57560E-02
 -1       546-1.23122E+00 2.00001E+01-1.80302E-02
 -1       547-1.20463E+00 2.00002E+01 3.57560E-02
 -1       548-1.16878E+00 1.99999E+01 1.80302E-02
 -1       553-1.20000E+00 1.99660E+01-1.20000E-02
 -1       554-1.20000E+00 1.99980E+01-3.60000E-02
 -1       555-1.20000E+00 2.00340E+01 1.20000E-02
 -1       556-1.20000E+00 2.00020E+01 3.60000E-02
 -1       561-1.23328E+00 1.99861E+01 0.00000E+00
 -1       562-1.20000E+00 1.99639E+01 0.00000E+00
 -1       563-1.16672E+00 2.00139E+01 0.00000E+00
 -1       564-1.20000E+00 2.00361E+01 0.00000E+00
 -1       595 1.20442E+00 1.99998E+01-3.57828E-02
 -1       596 1.16867E+00 1.99998E+01-1.78447E-02
 -1       597 1.19558E+00 2.00002E+01 3.57828E-02
 -1       598 1.23133E+00 2.00002E+01 1.78447E-02
 -1       603 1.20000E+00 1.99660E+01-1.20000E-02
 -1       604 1.20000E+00 1.99980E+01-3.60000E-02
 -1       605 1.20000E+00 2.00340E+01 1.20000E-02
 -1       606 1.20000E+00 2.00020E+01 3.60000E-02
 -1       611 1.16672E+00 1.99861E+01 0.00000E+00
 -1       612 1.20000E+00 1.99639E+01 0.00000E+00
 -1       613 1.23328E+00 2.00139E+01 0.00000E+00
 -1       614 1.20000E+00 2.00361E+01 0.00000E+00
 -1       645-1.19548E+00 2.00002E+01 1.96423E+00
 -1       646-1.23128E+00 2.00002E+01 1.98207E+00
 -1       647-1.20452E+00 1.99998E+01 2.03577E+00
 -1       648-1.16872E+00 1.99998E+01 2.01793E+00
 -1       653-1.20000E+00 1.99660E+01 1.98800E+00
 -1       654-1.20000E+00 1.99980E+01 1.96400E+00
 -1       655-1.20000E+00 2.00340E+01 2.01200E+00
 -1       656-1.20000E+00 2.00020E+01 2.03600E+00
 -1       661-1.23328E+00 1.99861E+01 2.00000E+00
 -1       662-1.20000E+00 1.99639E+01 2.00000E+00
 -1       663-1.16672E+00 2.00139E+01 2.00000E+00
 -1       664-1.20000E+00 2.00361E+01 2.00000E+00
 -1       695 1.20430E+00 2.00002E+01 1.96420E+00
 -1       696 1.16861E+00 1.99999E+01 1.98226E+00
 -1       697 1.19570E+00 1.99998E+01 2.03580E+00
 -1       698 1.23139E+00 2.00001E+01 2.01774E+00
 -1       703 1.20000E+00 1.99660E+01 1.98800E+00
 -1       704 1.20000E+00 1.99980E+01 1.96400E+00
 -1       705 1.20000E+00 2.00340E+01 2.01200E+00
 -1       706 1.20000E+00 2.00020E+01 2.03600E+00
 -1       711 1.16672E+00 1.99861E+01 2.00000E+00
 -1       712 1.20000E+00 1.99639E+01 2.00000E+00
 -1       713 1.23328E+00 2.00139E+01 2.00000E+00
 -1       714 1.20000E+00 2.00361E+01 2.00000E+00
 -1       745-1.19524E+00 2.99997E+01-3.57384E-02
 -1       746-1.23116E+00 3.00001E+01-1.81437E-02
 -1       747-1.20476E+00 3.00003E+01 3.57384E-02
 -1       748-1.16884E+00 2.99999E+01 1.81437E-02
 -1       753-1.20145E+00 2.99659E+01-1.15569E-02
 -1       754-1.20010E+00 2.99975E+01-3.59709E-02
 -1       755-1.19855E+00 3.00341E+01 1.15569E-02
 -1       756-1.19990E+00 3.00025E+01 3.59709E-02
 -1       761-1.23365E+00 2.99871E+01 5.48678E-04
 -1       762-1.20099E+00 2.99640E+01 1.52775E-03
 -1       763-1.16635E+00 3.00129E+01-5.48678E-04
 -1       764-1.19901E+00 3.00360E+01-1.52775E-03
 -1       795 1.20447E+00 2.99998E+01-3.57769E-02
 -1       796 1.16869E+00 2.99997E+01-1.78829E-02
 -1       797 1.19553E+00 3.00002E+01 3.57769E-02
 -1       798 1.23131E+00 3.00003E+01 1.78829E-02
 -1       803 1.20143E+00 2.99662E+01-1.24797E-02
 -1       804 1.20006E+00 2.99985E+01-3.60247E-02
 -1       805 1.19857E+00 3.00338E+01 1.24797E-02
 -1       806 1.19994E+00 3.00015E+01 3.60247E-02
 -1       811 1.16707E+00 2.99853E+01-6.22501E-04
 -1       812 1.20089E+00 2.99640E+01-1.52786E-03
 -1       813 1.23293E+00 3.00147E+01 6.22501E-04
 -1       814 1.19911E+00 3.00360E+01 1.52786E-03
 -1       845-1.19539E+00 3.00002E+01 1.96424E+00
 -1       846-1.23124E+00 3.00003E+01 1.98200E+00
 -1       847-1.20461E+00 2.99998E+01 2.03576E+00
 -1       848-1.16876E+00 2.99997E+01 2.01800E+00
 -1       853-1.19857E+00 2.99662E+01 1.98752E+00
 -1       854-1.19994E+00 2.99985E+01 1.96398E+00
 -1       855-1.20143E+00 3.00338E+01 2.01248E+00
 -1       856-1.20006E+00 3.00015E+01 2.03602E+00
 -1       861-1.23293E+00 2.99853E+01 1.99938E+00
 -1       862-1.19911E+00 2.99640E+01 1.99847E+00
 -1       863-1.16707E+00 3.00147E+01 2.00062E+00
 -1       864-1.20089E+00 3.00360E+01 2.00153E+00
 -1       895 1.20430E+00 3.00003E+01 1.96420E+00
 -1       896 1.16861E+00 2.99999E+01 1.98226E+00
 -1       897 1.19570E+00 2.99997E+01 2.03580E+00
 -1       898 1.23139E+00 3.00001E+01 2.01774E+00
 -1       903 1.19855E+00 2.99659E+01 1.98844E+00
 -1       904 1.19990E+00 2.99975E+01 1.96403E+00
 -1       905 1.20145E+00 3.00341E+01 2.01156E+00
 -1       906 1.20010E+00 3.00025E+01 2.03597E+00
 -1       911 1.16635E+00 2.99871E+01 2.00055E+00
 -1       912 1.19901E+00 2.99640E+01 2.00153E+00
 -1       913 1.23365E+00 3.00129E+01 1.99945E+00
 -1       914 1.20099E+00 3.00360E+01 1.99847E+00
 -1       945-1.19505E+00 3.99994E+01-3.57093E-02
 -1       946-1.23106E+00 4.00002E+01-1.83116E-02
 -1       947-1.20495E+00 4.00006E+01 3.57093E-02
 -1       948-1.16894E+00 3.99998E+01 1.83116E-02
 -1       953-1.20145E+00 3.99659E+01-1.15569E-02
 -1       954-1.20010E+00 3.99975E+01-3.59709E-02
 -1       955-1.19855E+00 4.00341E+01 1.15569E-02
 -1       956-1.19990E+00 4.00025E+01 3.59709E-02
 -1       961-1.23365E+00 3.99871E+01 5.48678E-04
 -1       962-1.20099E+00 3.99640E+01 1.52775E-03
 -1       963-1.16635E+00 4.00129E+01-5.48678E-04
 -1       964-1.19901E+00 4.00360E+01-1.52775E-03
 -1       995 1.20437E+00 3.99996E+01-3.57875E-02
 -1       996 1.16865E+00 3.99993E+01-1.77876E-02
 -1       997 1.19563E+00 4.00004E+01 3.57875E-02
 -1       998 1.23135E+00 4.00007E+01 1.77876E-02
 -1      1003 1.20143E+00 3.99662E+01-1.24797E-02
 -1      1004 1.20006E+00 3.99985E+01-3.60247E-02
 -1      1005 1.19857E+00 4.00338E+01 1.24797E-02
 -1      1006 1.19994E+00 4.00015E+01 3.60247E-02
 -1      1011 1.16707E+00 3.99853E+01-6.22501E-04
 -1      1012 1.20089E+00 3.99640E+01-1.52786E-03
 -1      1013 1.23293E+00 4.00147E+01 6.22501E-04
 -1      1014 1.19911E+00 4.00360E+01 1.52786E-03
 -1      1045-1.19536E+00 4.00004E+01 1.96425E+00
 -1      1046-1.23122E+00 4.00007E+01 1.98198E+00
 -1      1047-1.20464E+00 3.99996E+01 2.03575E+00
 -1      1048-1.16878E+00 3.99993E+01 2.01802E+00
 -1      1053-1.19857E+00 3.99662E+01 1.98752E+00
 -1      1054-1.19994E+00 3.99985E+01 1.96398E+00
 -1      1055-1.20143E+00 4.00338E+01 2.01248E+00
 -1      1056-1.20006E+00 4.00015E+01 2.03602E+00
 -1      1061-1.23293E+00 3.99853E+01 1.99938E+00
 -1      1062-1.19911E+00 3.99640E+01 1.99847E+00
 -1      1063-1.16707E+00 4.00147E+01 2.00062E+00
 -1      1064-1.20089E+00 4.00360E+01 2.00153E+00
 -1      1095 1.20403E+00 4.00006E+01 1.96417E+00
 -1      1096 1.16848E+00 3.99998E+01 1.98250E+00
 -1      1097 1.19597E+00 3.99994E+01 2.03583E+00
 -1      1098 1.23152E+00 4.00002E+01 2.01750E+00
 -1      1103 1.19855E+00 3.99659E+01 1.98844E+00
 -1      1104 1.19990E+00 3.99975E+01 1.96403E+00
 -1      1105 1.20145E+00 4.00341E+01 2.01156E+00
 -1      1106 1.20010E+00 4.00025E+01 2.03597E+00
 -1      1111 1.16635E+00 3.99871E+01 2.00055E+00
 -1      1112 1.19901E+00 3.99640E+01 2.00153E+00
 -1      1113 1.23365E+00 4.00129E+01 1.99945E+00
 -1      1114 1.20099E+00 4.00360E+01 1.99847E+00
 -1      1145-1.19606E+00 4.99977E+01-3.57684E-02
 -1      1146-1.23150E+00 4.99967E+01-1.72423E-02
 -1      1147-1.20394E+00 5.00023E+01 3.57684E-02
 -1      1148-1.16850E+00 5.00033E+01 1.72423E-02
 -1      1153-1.20102E+00 4.99659E+01-1.16828E-02
 -1      1154-1.20007E+00 4.99977E+01-3.59798E-02
 -1      1155-1.19898E+00 5.00341E+01 1.16828E-02
 -1      1156-1.19993E+00 5.00023E+01 3.59798E-02
 -1      1161-1.23354E+00 4.99868E+01 3.96605E-04
 -1      1162-1.20069E+00 4.99640E+01 1.08098E-03
 -1      1163-1.16646E+00 5.00132E+01-3.96605E-04
 -1      1164-1.19931E+00 5.00360E+01-1.08098E-03
 -1      1195 1.20658E+00 4.99964E+01-3.52651E-02
 -1      1196 1.16988E+00 5.00002E+01-1.98129E-02
 -1      1197 1.19342E+00 5.00036E+01 3.52651E-02
 -1      1198 1.23012E+00 4.99998E+01 1.98129E-02
 -1      1203 1.20102E+00 4.99661E+01-1.23355E-02
 -1      1204 1.20005E+00 4.99984E+01-3.60180E-02
 -1      1205 1.19898E+00 5.00339E+01 1.23355E-02
 -1      1206 1.19995E+00 5.00016E+01 3.60180E-02
 -1      1211 1.16697E+00 4.99855E+01-4.33494E-04
 -1      1212 1.20064E+00 4.99640E+01-1.08101E-03
 -1      1213 1.23303E+00 5.00145E+01 4.33494E-04
 -1      1214 1.19936E+00 5.00360E+01 1.08101E-03
 -1      1245-1.19817E+00 5.00034E+01 1.96415E+00
 -1      1246-1.23246E+00 4.99993E+01 1.98433E+00
 -1      1247-1.20183E+00 4.99966E+01 2.03585E+00
 -1      1248-1.16754E+00 5.00007E+01 2.01567E+00
 -1      1253-1.19898E+00 4.99661E+01 1.98766E+00
 -1      1254-1.19995E+00 4.99984E+01 1.96398E+00
 -1      1255-1.20102E+00 5.00339E+01 2.01234E+00
 -1      1256-1.20005E+00 5.00016E+01 2.03602E+00
 -1      1261-1.23303E+00 4.99855E+01 1.99957E+00
 -1      1262-1.19936E+00 4.99640E+01 1.99892E+00
 -1      1263-1.16697E+00 5.00145E+01 2.00043E+00
 -1      1264-1.20064E+00 5.00360E+01 2.00108E+00
 -1      1295 1.20512E+00 5.00022E+01 1.96438E+00
 -1      1296 1.16910E+00 5.00033E+01 1.98172E+00
 -1      1297 1.19488E+00 4.99978E+01 2.03562E+00
 -1      1298 1.23090E+00 4.99967E+01 2.01828E+00
 -1      1303 1.19898E+00 4.99659E+01 1.98832E+00
 -1      1304 1.19993E+00 4.99977E+01 1.96402E+00
 -1      1305 1.20102E+00 5.00341E+01 2.01168E+00
 -1      1306 1.20007E+00 5.00023E+01 2.03598E+00
 -1      1311 1.16646E+00 4.99868E+01 2.00040E+00
 -1      1312 1.19931E+00 4.99640E+01 2.00108E+00
 -1      1313 1.23354E+00 5.00132E+01 1.99960E+00
 -1      1314 1.20069E+00 5.00360E+01 1.99892E+00
 -1      1345-1.19553E+00 5.00000E+00-1.85778E-01
 -1      1346-1.23131E+00 5.00000E+00-1.67883E-01
 -1      1347-1.20447E+00 5.00000E+00-1.14222E-01
 -1      1348-1.16869E+00 5.00000E+00-1.32117E-01
 -1      1353 1.20447E+00 5.00000E+00 1.14222E-01
 -1      1354 1.16869E+00 5.00000E+00 1.32117E-01
 -1      1355 1.19553E+00 5.00000E+00 1.85778E-01
 -1      1356 1.23131E+00 5.00000E+00 1.67883E-01
 -1      1361-1.19553E+00 5.00000E+00 1.81422E+00
 -1      1362-1.23131E+00 5.00000E+00 1.83212E+00
 -1      1363-1.20447E+00 5.00000E+00 1.88578E+00
 -1      1364-1.16869E+00 5.00000E+00 1.86788E+00
 -1      1369 1.20447E+00 5.00000E+00 2.11422E+00
 -1      1370 1.16869E+00 5.00000E+00 2.13212E+00
 -1      1371 1.19553E+00 5.00000E+00 2.18578E+00
 -1      1372 1.23131E+00 5.00000E+00 2.16788E+00
 -1      1377-1.19553E+00 1.50000E+01-1.85778E-01
 -1      1378-1.23131E+00 1.50000E+01-1.67883E-01
 -1      1379-1.20447E+00 1.50000E+01-1.14222E-01
 -1      1380-1.16869E+00 1.50000E+01-1.32117E-01
 -1      1385 1.20447E+00 1.50000E+01 1.14222E-01
 -1      1386 1.16869E+00 1.50000E+01 1.32117E-01
 -1      1387 1.19553E+00 1.50000E+01 1.85778E-01
 -1      1388 1.23131E+00 1.50000E+01 1.67883E-01
 -1      1393-1.19553E+00 1.50000E+01 1.81422E+00
 -1      1394-1.23131E+00 1.50000E+01 1.83212E+00
 -1      1395-1.20447E+00 1.50000E+01 1.88578E+00
 -1      1396-1.16869E+00 1.50000E+01 1.86788E+00
 -1      1401 1.20447E+00 1.50000E+01 2.11422E+00
 -1      1402 1.16869E+00 1.50000E+01 2.13212E+00
 -1      1403 1.19553E+00 1.50000E+01 2.18578E+00
 -1      1404 1.23131E+00 1.50000E+01 2.16788E+00
 -1      1409-1.19553E+00 2.50000E+01-1.85778E-01
 -1      1410-1.23131E+00 2.50000E+01-1.67883E-01
 -1      1411-1.20447E+00 2.50000E+01-1.14222E-01
 -1      1412-1.16869E+00 2.50000E+01-1.32117E-01
 -1      1417 1.20447E+00 2.50000E+01 1.14222E-01
 -1      1418 1.16869E+00 2.50000E+01 1.32117E-01
 -1      1419 1.19553E+00 2.50000E+01 1.85778E-01
 -1      1420 1.23131E+00 2.50000E+01 1.67883E-01
 -1      1425-1.19553E+00 2.50000E+01 1.81422E+00
 -1      1426-1.23131E+00 2.50000E+01 1.83212E+00
 -1      1427-1.20447E+00 2.50000E+01 1.88578E+00
 -1      1428-1.16869E+00 2.50000E+01 1.86788E+00
 -1      1433 1.20447E+00 2.50000E+01 2.11422E+00
 -1      1434 1.16869E+00 2.50000E+01 2.13212E+00
 -1      1435 1.19553E+00 2.50000E+01 2.18578E+00
 -1      1436 1.23131E+00 2.50000E+01 2.16788E+00
 -1      1441-1.19553E+00 3.50000E+01-1.85778E-01
 -1      1442-1.23131E+00 3.50000E+01-1.67883E-01
 -1      1443-1.20447E+00 3.50000E+01-1.14222E-01
 -1      1444-1.16869E+00 3.50000E+01-1.32117E-01
 -1      1449 1.20447E+00 3.50000E+01 1.14222E-01
 -1      1450 1.16869E+00 3.50000E+01 1.32117E-01
 -1      1451 1.19553E+00 3.50000E+01 1.85778E-01
 -1      1452 1.23131E+00 3.50000E+01 1.67883E-01
 -1      1457-1.19553E+00 3.50000E+01 1.81422E+00
 -1      1458-1.23131E+00 3.50000E+01 1.83212E+00
 -1      1459-1.20447E+00 3.50000E+01 1.88578E+00
 -1      1460-1.16869E+00 3.50000E+01 1.86788E+00
 -1      1465 1.20447E+00 3.50000E+01 2.11422E+00
 -1      1466 1.16869E+00 3.50000E+01 2.13212E+00
 -1      1467 1.19553E+00 3.50000E+01 2.18578E+00
 -1      1468 1.23131E+00 3.50000E+01 2.16788E+00
 -1      1473-1.19553E+00 4.50000E+01-1.85778E-01
 -1      1474-1.23131E+00 4.50000E+01-1.67883E-01
 -1      1475-1.20447E+00 4.50000E+01-1.14222E-01
 -1      1476-1.16869E+00 4.50000E+01-1.32117E-01
 -1      1481 1.20447E+00 4.50000E+01 1.14222E-01
 -1      1482 1.16869E+00 4.50000E+01 1.32117E-01
 -1      1483 1.19553E+00 4.50000E+01 1.85778E-01
 -1      1484 1.23131E+00 4.50000E+01 1.67883E-01
 -1      1489-1.19553E+00 4.50000E+01 1.81422E+00
 -1      1490-1.23131E+00 4.50000E+01 1.83212E+00
 -1      1491-1.20447E+00 4.50000E+01 1.88578E+00
 -1      1492-1.16869E+00 4.50000E+01 1.86788E+00
 -1      1497 1.20447E+00 4.50000E+01 2.11422E+00
 -1      1498 1.16869E+00 4.50000E+01 2.13212E+00
 -1      1499 1.19553E+00 4.50000E+01 2.18578E+00
 -1      1500 1.23131E+00 4.50000E+01 2.16788E+00
 -1      1505 0.00000E+00-6.99992E-02-1.20023E-02
 -1      1506 0.00000E+00-3.79975E-02-3.60001E-02
 -1      1507 0.00000E+00-2.00083E-03 1.20023E-02
 -1      1508 0.00000E+00-3.40025E-02 3.60001E-02
 -1      1513 0.00000E+00 2.00083E-03 1.98800E+00
 -1      1514 0.00000E+00 3.40025E-02 1.96400E+00
 -1      1515 0.00000E+00 6.99992E-02 2.01200E+00
 -1      1516 0.00000E+00 3.79975E-02 2.03600E+00
 -1      1521-1.23329E+00 1.61495E-02 1.00000E+00
 -1      1522-1.20002E+00-6.05551E-03 1.00000E+00
 -1      1523-1.16671E+00 4.38505E-02 1.00000E+00
 -1      1524-1.19998E+00 6.60555E-02 1.00000E+00
 -1      1529 1.16671E+00-4.38505E-02 1.00000E+00
 -1      1530 1.19998E+00-6.60555E-02 1.00000E+00
 -1      1531 1.23329E+00-1.61495E-02 1.00000E+00
 -1      1532 1.20002E+00 6.05551E-03 1.00000E+00
 -1      1537 0.00000E+00 9.93000E+00-1.20023E-02
 -1      1538 0.00000E+00 9.96200E+00-3.60001E-02
 -1      1539 0.00000E+00 9.99800E+00 1.20023E-02
 -1      1540 0.00000E+00 9.96600E+00 3.60001E-02
 -1      1545 0.00000E+00 1.00020E+01 1.98800E+00
 -1      1546 0.00000E+00 1.00340E+01 1.96400E+00
 -1      1547 0.00000E+00 1.00700E+01 2.01200E+00
 -1      1548 0.00000E+00 1.00380E+01 2.03600E+00
 -1      1553-1.23329E+00 1.00161E+01 1.00000E+00
 -1      1554-1.20002E+00 9.99394E+00 1.00000E+00
 -1      1555-1.16671E+00 1.00439E+01 1.00000E+00
 -1      1556-1.19998E+00 1.00661E+01 1.00000E+00
 -1      1561 1.16671E+00 9.95615E+00 1.00000E+00
 -1      1562 1.19998E+00 9.93394E+00 1.00000E+00
 -1      1563 1.23329E+00 9.98385E+00 1.00000E+00
 -1      1564 1.20002E+00 1.00061E+01 1.00000E+00
 -1      1569-6.01023E-01 2.99404E+01-1.16832E-02
 -1      1570-6.00070E-01 2.99722E+01-3.59798E-02
 -1      1571-5.98977E-01 3.00086E+01 1.16832E-02
 -1      1572-5.99930E-01 2.99769E+01 3.59798E-02
 -1      1577 0.00000E+00 2.99300E+01-1.20008E-02
 -1      1578 0.00000E+00 2.99620E+01-3.60000E-02
 -1      1579 0.00000E+00 2.99980E+01 1.20008E-02
 -1      1580 0.00000E+00 2.99660E+01 3.60000E-02
 -1      1585 6.01016E-01 2.99407E+01-1.23359E-02
 -1      1586 6.00049E-01 2.99729E+01-3.60180E-02
 -1      1587 5.98984E-01 3.00084E+01 1.23359E-02
 -1      1588 5.99951E-01 2.99762E+01 3.60180E-02
 -1      1593-5.98984E-01 2.99916E+01 1.98766E+00
 -1      1594-5.99951E-01 3.00238E+01 1.96398E+00
 -1      1595-6.01016E-01 3.00593E+01 2.01234E+00
 -1      1596-6.00049E-01 3.00271E+01 2.03602E+00
 -1      1601 0.00000E+00 3.00020E+01 1.98800E+00
 -1      1602 0.00000E+00 3.00340E+01 1.96400E+00
 -1      1603 0.00000E+00 3.00700E+01 2.01200E+00
 -1      1604 0.00000E+00 3.00380E+01 2.03600E+00
 -1      1609 5.98977E-01 2.99914E+01 1.98832E+00
 -1      1610 5.99930E-01 3.00231E+01 1.96402E+00
 -1      1611 6.01023E-01 3.00596E+01 2.01168E+00
 -1      1612 6.00070E-01 3.00278E+01 2.03598E+00
 -1      1617-1.23354E+00 3.00080E+01 5.00396E-01
 -1      1618-1.20070E+00 2.99852E+01 5.01081E-01
 -1      1619-1.16646E+00 3.00344E+01 4.99604E-01
 -1      1620-1.19930E+00 3.00572E+01 4.98919E-01
 -1      1625-1.23328E+00 3.00161E+01 1.00000E+00
 -1      1626-1.20001E+00 2.99939E+01 1.00000E+00
 -1      1627-1.16672E+00 3.00439E+01 1.00000E+00
 -1      1628-1.19999E+00 3.00661E+01 1.00000E+00
 -1      1633-1.23303E+00 3.00068E+01 1.49957E+00
 -1      1634-1.19936E+00 2.99852E+01 1.49892E+00
 -1      1635-1.16697E+00 3.00357E+01 1.50043E+00
 -1      1636-1.20064E+00 3.00572E+01 1.50108E+00
 -1      1641 1.16697E+00 2.99643E+01 4.99567E-01
 -1      1642 1.20064E+00 2.99428E+01 4.98919E-01
 -1      1643 1.23303E+00 2.99932E+01 5.00433E-01
 -1      1644 1.19936E+00 3.00148E+01 5.01081E-01
 -1      1649 1.16672E+00 2.99561E+01 1.00000E+00
 -1      1650 1.19999E+00 2.99339E+01 1.00000E+00
 -1      1651 1.23328E+00 2.99839E+01 1.00000E+00
 -1      1652 1.20001E+00 3.00061E+01 1.00000E+00
 -1      1657 1.16646E+00 2.99656E+01 1.50040E+00
 -1      1658 1.19930E+00 2.99428E+01 1.50108E+00
 -1      1659 1.23354E+00 2.99920E+01 1.49960E+00
 -1      1660 1.20070E+00 3.00148E+01 1.49892E+00
 -1      1665-6.01023E-01 3.99404E+01-1.16832E-02
 -1      1666-6.00070E-01 3.99722E+01-3.59798E-02
 -1      1667-5.98977E-01 4.00086E+01 1.16832E-02
 -1      1668-5.99930E-01 3.99769E+01 3.59798E-02
 -1      1673 0.00000E+00 3.99300E+01-1.20008E-02
 -1      1674 0.00000E+00 3.99620E+01-3.60000E-02
 -1      1675 0.00000E+00 3.99980E+01 1.20008E-02
 -1      1676 0.00000E+00 3.99660E+01 3.60000E-02
 -1      1681 6.01016E-01 3.99407E+01-1.23359E-02
 -1      1682 6.00049E-01 3.99729E+01-3.60180E-02
 -1      1683 5.98984E-01 4.00084E+01 1.23359E-02
 -1      1684 5.99951E-01 3.99762E+01 3.60180E-02
 -1      1689-5.98984E-01 3.99916E+01 1.98766E+00
 -1      1690-5.99951E-01 4.00238E+01 1.96398E+00
 -1      1691-6.01016E-01 4.00593E+01 2.01234E+00
 -1      1692-6.00049E-01 4.00271E+01 2.03602E+00
 -1      1697 0.00000E+00 4.00020E+01 1.98800E+00
 -1      1698 0.00000E+00 4.00340E+01 1.96400E+00
 -1      1699 0.00000E+00 4.00700E+01 2.01200E+00
 -1      1700 0.00000E+00 4.00380E+01 2.03600E+00
 -1      1705 5.98977E-01 3.99914E+01 1.98832E+00
 -1      1706 5.99930E-01 4.00231E+01 1.96402E+00
 -1      1707 6.01023E-01 4.00596E+01 2.01168E+00
 -1      1708 6.00070E-01 4.00278E+01 2.03598E+00
 -1      1713-1.23354E+00 4.00080E+01 5.00396E-01
 -1      1714-1.20070E+00 3.99852E+01 5.01081E-01
 -1      1715-1.16646E+00 4.00344E+01 4.99604E-01
 -1      1716-1.19930E+00 4.00572E+01 4.98919E-01
 -1      1721-1.23328E+00 4.00161E+01 1.00000E+00
 -1      1722-1.20001E+00 3.99939E+01 1.00000E+00
 -1      1723-1.16672E+00 4.00439E+01 1.00000E+00
 -1      1724-1.19999E+00 4.00661E+01 1.00000E+00
 -1      1729-1.23303E+00 4.00068E+01 1.49957E+00
 -1      1730-1.19936E+00 3.99852E+01 1.49892E+00
 -1      1731-1.16697E+00 4.00357E+01 1.50043E+00
 -1      1732-1.20064E+00 4.00572E+01 1.50108E+00
 -1      1737 1.16697E+00 3.99643E+01 4.99567E-01
 -1      1738 1.20064E+00 3.99428E+01 4.98919E-01
 -1      1739 1.23303E+00 3.99932E+01 5.00433E-01
 -1      1740 1.19936E+00 4.00148E+01 5.01081E-01
 -1      1745 1.16672E+00 3.99561E+01 1.00000E+00
 -1      1746 1.19999E+00 3.99339E+01 1.00000E+00
 -1      1747 1.23328E+00 3.99839E+01 1.00000E+00
 -1      1748 1.20001E+00 4.00061E+01 1.00000E+00
 -1      1753 1.16646E+00 3.99656E+01 1.50040E+00
 -1      1754 1.19930E+00 3.99428E+01 1.50108E+00
 -1      1755 1.23354E+00 3.99920E+01 1.49960E+00
 -1      1756 1.20070E+00 4.00148E+01 1.49892E+00
 -1      1761 0.00000E+00 4.99300E+01-1.20023E-02
 -1      1762 0.00000E+00 4.99620E+01-3.60001E-02
 -1      1763 0.00000E+00 4.99980E+01 1.20023E-02
 -1      1764 0.00000E+00 4.99660E+01 3.60001E-02
 -1      1769 0.00000E+00 5.00020E+01 1.98800E+00
 -1      1770 0.00000E+00 5.00340E+01 1.96400E+00
 -1      1771 0.00000E+00 5.00700E+01 2.01200E+00
 -1      1772 0.00000E+00 5.00380E+01 2.03600E+00
 -1      1777-1.23329E+00 5.00161E+01 1.00000E+00
 -1      1778-1.20002E+00 4.99939E+01 1.00000E+00
 -1      1779-1.16671E+00 5.00438E+01 1.00000E+00
 -1      1780-1.19998E+00 5.00661E+01 1.00000E+00
 -1      1785 1.16671E+00 4.99562E+01 1.00000E+00
 -1      1786 1.19998E+00 4.99339E+01 1.00000E+00
 -1      1787 1.23329E+00 4.99839E+01 1.00000E+00
 -1      1788 1.20002E+00 5.00061E+01 1.00000E+00
 -1      1793-1.19830E+00 5.03706E+00 8.14684E-01
 -1      1794-1.23259E+00 5.03303E+00 8.34874E-01
 -1      1795-1.20170E+00 5.02294E+00 8.85316E-01
 -1      1796-1.16741E+00 5.02697E+00 8.65126E-01
 -1      1801-1.19388E+00 5.02303E+00 1.11516E+00
 -1      1802-1.23044E+00 5.02621E+00 1.13106E+00
 -1      1803-1.20612E+00 5.03697E+00 1.18484E+00
 -1      1804-1.16956E+00 5.03379E+00 1.16894E+00
 -1      1809 1.20170E+00 5.03706E+00 8.14684E-01
 -1      1810 1.16741E+00 5.03303E+00 8.34874E-01
 -1      1811 1.19830E+00 5.02294E+00 8.85316E-01
 -1      1812 1.23259E+00 5.02697E+00 8.65126E-01
 -1      1817 1.20612E+00 5.02303E+00 1.11516E+00
 -1      1818 1.16956E+00 5.02621E+00 1.13106E+00
 -1      1819 1.19388E+00 5.03697E+00 1.18484E+00
 -1      1820 1.23044E+00 5.03379E+00 1.16894E+00
 -1      1825 1.59908E-01 4.96162E+00-3.45858E-02
 -1      1826 1.22767E-01 4.97054E+00-2.27077E-02
 -1      1827 1.40092E-01 4.96638E+00 3.45858E-02
 -1      1828 1.77233E-01 4.95746E+00 2.27077E-02
 -1      1833-1.49864E-01 4.96403E+00-3.60552E-02
 -1      1834-1.82310E-01 4.95625E+00-1.39967E-02
 -1      1835-1.50136E-01 4.96397E+00 3.60552E-02
 -1      1836-1.17690E-01 4.97175E+00 1.39967E-02
 -1      1841 1.59908E-01 4.96162E+00 1.96541E+00
 -1      1842 1.22767E-01 4.97054E+00 1.97729E+00
 -1      1843 1.40092E-01 4.96638E+00 2.03459E+00
 -1      1844 1.77233E-01 4.95746E+00 2.02271E+00
 -1      1849-1.49864E-01 4.96403E+00 1.96394E+00
 -1      1850-1.82310E-01 4.95625E+00 1.98600E+00
 -1      1851-1.50136E-01 4.96397E+00 2.03606E+00
 -1      1852-1.17690E-01 4.97175E+00 2.01400E+00
 -1      1857-1.19830E+00 1.50371E+01 8.14684E-01
 -1      1858-1.23259E+00 1.50330E+01 8.34874E-01
 -1      1859-1.20170E+00 1.50229E+01 8.85316E-01
 -1      1860-1.16741E+00 1.50270E+01 8.65126E-01
 -1      1865-1.19388E+00 1.50230E+01 1.11516E+00
 -1      1866-1.23044E+00 1.50262E+01 1.13106E+00
 -1      1867-1.20612E+00 1.50370E+01 1.18484E+00
 -1      1868-1.16956E+00 1.50338E+01 1.16894E+00
 -1      1873 1.20170E+00 1.50371E+01 8.14684E-01
 -1      1874 1.16741E+00 1.50330E+01 8.34874E-01
 -1      1875 1.19830E+00 1.50229E+01 8.85316E-01
 -1      1876 1.23259E+00 1.50270E+01 8.65126E-01
 -1      1881 1.20612E+00 1.50230E+01 1.11516E+00
 -1      1882 1.16956E+00 1.50262E+01 1.13106E+00
 -1      1883 1.19388E+00 1.50370E+01 1.18484E+00
 -1      1884 1.23044E+00 1.50338E+01 1.16894E+00
 -1      1889 1.59908E-01 1.49616E+01-3.45858E-02
 -1      1890 1.22767E-01 1.49705E+01-2.27077E-02
 -1      1891 1.40092E-01 1.49664E+01 3.45858E-02
 -1      1892 1.77233E-01 1.49575E+01 2.27077E-02
 -1      1897-1.49864E-01 1.49640E+01-3.60552E-02
 -1      1898-1.82310E-01 1.49562E+01-1.39967E-02
 -1      1899-1.50136E-01 1.49640E+01 3.60552E-02
 -1      1900-1.17690E-01 1.49718E+01 1.39967E-02
 -1      1905 1.59908E-01 1.49616E+01 1.96541E+00
 -1      1906 1.22767E-01 1.49705E+01 1.97729E+00
 -1      1907 1.40092E-01 1.49664E+01 2.03459E+00
 -1      1908 1.77233E-01 1.49575E+01 2.02271E+00
 -1      1913-1.49864E-01 1.49640E+01 1.96394E+00
 -1      1914-1.82310E-01 1.49562E+01 1.98600E+00
 -1      1915-1.50136E-01 1.49640E+01 2.03606E+00
 -1      1916-1.17690E-01 1.49718E+01 2.01400E+00
 -1      1921-1.19777E+00 3.25272E+01 3.58451E-01
 -1      1922-1.23236E+00 3.25239E+01 3.78258E-01
 -1      1923-1.20223E+00 3.25152E+01 4.29417E-01
 -1      1924-1.16764E+00 3.25186E+01 4.09610E-01
 -1      1929-1.19829E+00 3.50371E+01 8.14685E-01
 -1      1930-1.23259E+00 3.50330E+01 8.34866E-01
 -1      1931-1.20171E+00 3.50229E+01 8.85315E-01
 -1      1932-1.16741E+00 3.50270E+01 8.65134E-01
 -1      1937-1.19884E+00 3.75293E+01 1.35882E+00
 -1      1938-1.23282E+00 3.75246E+01 1.37939E+00
 -1      1939-1.20116E+00 3.75131E+01 1.42904E+00
 -1      1940-1.16718E+00 3.75178E+01 1.40848E+00
 -1      1945-1.19407E+00 3.25153E+01 1.57100E+00
 -1      1946-1.23055E+00 3.25180E+01 1.58719E+00
 -1      1947-1.20593E+00 3.25271E+01 1.64113E+00
 -1      1948-1.16945E+00 3.25244E+01 1.62495E+00
 -1      1953-1.19388E+00 3.50230E+01 1.11516E+00
 -1      1954-1.23044E+00 3.50262E+01 1.13106E+00
 -1      1955-1.20612E+00 3.50370E+01 1.18484E+00
 -1      1956-1.16956E+00 3.50338E+01 1.16894E+00
 -1      1961-1.19370E+00 3.75132E+01 5.71480E-01
 -1      1962-1.23034E+00 3.75168E+01 5.87095E-01
 -1      1963-1.20630E+00 3.75292E+01 6.40652E-01
 -1      1964-1.16966E+00 3.75256E+01 6.25037E-01
 -1      1969 1.20223E+00 3.25272E+01 3.58451E-01
 -1      1970 1.16764E+00 3.25239E+01 3.78258E-01
 -1      1971 1.19777E+00 3.25152E+01 4.29417E-01
 -1      1972 1.23236E+00 3.25186E+01 4.09610E-01
 -1      1977 1.20171E+00 3.50371E+01 8.14685E-01
 -1      1978 1.16741E+00 3.50330E+01 8.34866E-01
 -1      1979 1.19829E+00 3.50229E+01 8.85315E-01
 -1      1980 1.23259E+00 3.50270E+01 8.65134E-01
 -1      1985 1.20116E+00 3.75293E+01 1.35882E+00
 -1      1986 1.16718E+00 3.75246E+01 1.37939E+00
 -1      1987 1.19884E+00 3.75131E+01 1.42904E+00
 -1      1988 1.23282E+00 3.75178E+01 1.40848E+00
 -1      1993 1.20593E+00 3.25153E+01 1.57100E+00
 -1      1994 1.16945E+00 3.25180E+01 1.58719E+00
 -1      1995 1.19407E+00 3.25271E+01 1.64113E+00
 -1      1996 1.23055E+00 3.25244E+01 1.62495E+00
 -1      2001 1.20612E+00 3.50230E+01 1.11516E+00
 -1      2002 1.16956E+00 3.50262E+01 1.13106E+00
 -1      2003 1.19388E+00 3.50370E+01 1.18484E+00
 -1      2004 1.23044E+00 3.50338E+01 1.16894E+00
 -1      2009 1.20630E+00 3.75132E+01 5.71480E-01
 -1      2010 1.16966E+00 3.75168E+01 5.87095E-01
 -1      2011 1.19370E+00 3.75292E+01 6.40652E-01
 -1      2012 1.23034E+00 3.75256E+01 6.25037E-01
 -1      2017-4.83328E-01 3.24717E+01-3.43393E-02
 -1      2018-5.20442E-01 3.24818E+01-2.33534E-02
 -1      2019-5.04540E-01 3.24774E+01 3.43393E-02
 -1      2020-4.67426E-01 3.24673E+01 2.33534E-02
 -1      2025 1.59904E-01 3.49616E+01-3.45869E-02
 -1      2026 1.22764E-01 3.49705E+01-2.27046E-02
 -1      2027 1.40096E-01 3.49664E+01 3.45869E-02
 -1      2028 1.77236E-01 3.49575E+01 2.27046E-02
 -1      2033 7.15261E-01 3.74726E+01-3.48107E-02
 -1      2034 6.78146E-01 3.74804E+01-2.20585E-02
 -1      2035 6.96871E-01 3.74765E+01 3.48107E-02
 -1      2036 7.33986E-01 3.74687E+01 2.20585E-02
 -1      2041 4.93632E-01 3.24745E+01-3.60542E-02
 -1      2042 4.61704E-01 3.24658E+01-1.35783E-02
 -1      2043 4.94236E-01 3.24746E+01 3.60542E-02
 -1      2044 5.26164E-01 3.24833E+01 1.35783E-02
 -1      2049-1.49866E-01 3.49640E+01-3.60553E-02
 -1      2050-1.82311E-01 3.49562E+01-1.39944E-02
 -1      2051-1.50134E-01 3.49640E+01 3.60553E-02
 -1      2052-1.17689E-01 3.49718E+01 1.39944E-02
 -1      2057-7.05470E-01 3.74747E+01-3.60504E-02
 -1      2058-7.38413E-01 3.74678E+01-1.44278E-02
 -1      2059-7.06662E-01 3.74744E+01 3.60504E-02
 -1      2060-6.73719E-01 3.74813E+01 1.44278E-02
 -1      2065-4.83328E-01 3.24717E+01 1.96566E+00
 -1      2066-5.20442E-01 3.24818E+01 1.97665E+00
 -1      2067-5.04540E-01 3.24774E+01 2.03434E+00
 -1      2068-4.67426E-01 3.24673E+01 2.02335E+00
 -1      2073 1.59904E-01 3.49616E+01 1.96541E+00
 -1      2074 1.22764E-01 3.49705E+01 1.97730E+00
 -1      2075 1.40096E-01 3.49664E+01 2.03459E+00
 -1      2076 1.77236E-01 3.49575E+01 2.02270E+00
 -1      2081 7.15261E-01 3.74726E+01 1.96519E+00
 -1      2082 6.78146E-01 3.74804E+01 1.97794E+00
 -1      2083 6.96871E-01 3.74765E+01 2.03481E+00
 -1      2084 7.33986E-01 3.74687E+01 2.02206E+00
 -1      2089 4.93632E-01 3.24745E+01 1.96395E+00
 -1      2090 4.61704E-01 3.24658E+01 1.98642E+00
 -1      2091 4.94236E-01 3.24746E+01 2.03605E+00
 -1      2092 5.26164E-01 3.24833E+01 2.01358E+00
 -1      2097-1.49866E-01 3.49640E+01 1.96394E+00
 -1      2098-1.82311E-01 3.49562E+01 1.98601E+00
 -1      2099-1.50134E-01 3.49640E+01 2.03606E+00
 -1      2100-1.17689E-01 3.49718E+01 2.01399E+00
 -1      2105-7.05470E-01 3.74747E+01 1.96395E+00
 -1      2106-7.38413E-01 3.74678E+01 1.98557E+00
 -1      2107-7.06662E-01 3.74744E+01 2.03605E+00
 -1      2108-6.73719E-01 3.74813E+01 2.01443E+00
 -1      2113-1.19777E+00 4.25272E+01 3.58451E-01
 -1      2114-1.23236E+00 4.25239E+01 3.78258E-01
 -1      2115-1.20223E+00 4.25152E+01 4.29417E-01
 -1      2116-1.16764E+00 4.25186E+01 4.09610E-01
 -1      2121-1.19829E+00 4.50371E+01 8.14685E-01
 -1      2122-1.23259E+00 4.50330E+01 8.34866E-01
 -1      2123-1.20171E+00 4.50229E+01 8.85315E-01
 -1      2124-1.16741E+00 4.50270E+01 8.65134E-01
 -1      2129-1.19884E+00 4.75293E+01 1.35882E+00
 -1      2130-1.23282E+00 4.75246E+01 1.37939E+00
 -1      2131-1.20116E+00 4.75131E+01 1.42904E+00
 -1      2132-1.16718E+00 4.75178E+01 1.40848E+00
 -1      2137-1.19407E+00 4.25153E+01 1.57100E+00
 -1      2138-1.23055E+00 4.25180E+01 1.58719E+00
 -1      2139-1.20593E+00 4.25271E+01 1.64113E+00
 -1      2140-1.16945E+00 4.25244E+01 1.62495E+00
 -1      2145-1.19388E+00 4.50230E+01 1.11516E+00
 -1      2146-1.23044E+00 4.50262E+01 1.13106E+00
 -1      2147-1.20612E+00 4.50370E+01 1.18484E+00
 -1      2148-1.16956E+00 4.50338E+01 1.16894E+00
 -1      2153-1.19370E+00 4.75132E+01 5.71480E-01
 -1      2154-1.23034E+00 4.75168E+01 5.87095E-01
 -1      2155-1.20630E+00 4.75292E+01 6.40652E-01
 -1      2156-1.16966E+00 4.75256E+01 6.25037E-01
 -1      2161 1.20223E+00 4.25272E+01 3.58451E-01
 -1      2162 1.16764E+00 4.25239E+01 3.78258E-01
 -1      2163 1.19777E+00 4.25152E+01 4.29417E-01
 -1      2164 1.23236E+00 4.25186E+01 4.09610E-01
 -1      2169 1.20171E+00 4.50371E+01 8.14685E-01
 -1      2170 1.16741E+00 4.50330E+01 8.34866E-01
 -1      2171 1.19829E+00 4.50229E+01 8.85315E-01
 -1      2172 1.23259E+00 4.50270E+01 8.65134E-01
 -1      2177 1.20116E+00 4.75293E+01 1.35882E+00
 -1      2178 1.16718E+00 4.75246E+01 1.37939E+00
 -1      2179 1.19884E+00 4.75131E+01 1.42904E+00
 -1      2180 1.23282E+00 4.75178E+01 1.40848E+00
 -1      2185 1.20593E+00 4.25153E+01 1.57100E+00
 -1      2186 1.16945E+00 4.25180E+01 1.58719E+00
 -1      2187 1.19407E+00 4.25271E+01 1.64113E+00
 -1      2188 1.23055E+00 4.25244E+01 1.62495E+00
 -1      2193 1.20612E+00 4.50230E+01 1.11516E+00
 -1      2194 1.16956E+00 4.50262E+01 1.13106E+00
 -1      2195 1.19388E+00 4.50370E+01 1.18484E+00
 -1      2196 1.23044E+00 4.50338E+01 1.16894E+00
 -1      2201 1.20630E+00 4.75132E+01 5.71480E-01
 -1      2202 1.16966E+00 4.75168E+01 5.87095E-01
 -1      2203 1.19370E+00 4.75292E+01 6.40652E-01
 -1      2204 1.23034E+00 4.75256E+01 6.25037E-01
 -1      2209-4.83328E-01 4.24717E+01-3.43393E-02
 -1      2210-5.20442E-01 4.24818E+01-2.33534E-02
 -1      2211-5.04540E-01 4.24774E+01 3.43393E-02
 -1      2212-4.67426E-01 4.24673E+01 2.33534E-02
 -1      2217 1.59904E-01 4.49616E+01-3.45869E-02
 -1      2218 1.22764E-01 4.49705E+01-2.27046E-02
 -1      2219 1.40096E-01 4.49664E+01 3.45869E-02
 -1      2220 1.77236E-01 4.49575E+01 2.27046E-02
 -1      2225 7.15261E-01 4.74726E+01-3.48107E-02
 -1      2226 6.78146E-01 4.74804E+01-2.20585E-02
 -1      2227 6.96871E-01 4.74765E+01 3.48107E-02
 -1      2228 7.33986E-01 4.74687E+01 2.20585E-02
 -1      2233 4.93632E-01 4.24745E+01-3.60542E-02
 -1      2234 4.61704E-01 4.24658E+01-1.35783E-02
 -1      2235 4.94236E-01 4.24746E+01 3.60542E-02
 -1      2236 5.26164E-01 4.24833E+01 1.35783E-02
 -1      2241-1.49866E-01 4.49640E+01-3.60553E-02
 -1      2242-1.82311E-01 4.49562E+01-1.39944E-02
 -1      2243-1.50134E-01 4.49640E+01 3.60553E-02
 -1      2244-1.17689E-01 4.49718E+01 1.39944E-02
 -1      2249-7.05470E-01 4.74747E+01-3.60504E-02
 -1      2250-7.38413E-01 4.74678E+01-1.44278E-02
 -1      2251-7.06662E-01 4.74744E+01 3.60504E-02
 -1      2252-6.73719E-01 4.74813E+01 1.44278E-02
 -1      2257-4.83328E-01 4.24717E+01 1.96566E+00
 -1      2258-5.20442E-01 4.24818E+01 1.97665E+00
 -1      2259-5.04540E-01 4.24774E+01 2.03434E+00
 -1      2260-4.67426E-01 4.24673E+01 2.02335E+00
 -1      2265 1.59904E-01 4.49616E+01 1.96541E+00
 -1      2266 1.22764E-01 4.49705E+01 1.97730E+00
 -1      2267 1.40096E-01 4.49664E+01 2.03459E+00
 -1      2268 1.77236E-01 4.49575E+01 2.02270E+00
 -1      2273 7.15261E-01 4.74726E+01 1.96519E+00
 -1      2274 6.78146E-01 4.74804E+01 1.97794E+00
 -1      2275 6.96871E-01 4.74765E+01 2.03481E+00
 -1      2276 7.33986E-01 4.74687E+01 2.02206E+00
 -1      2281 4.93632E-01 4.24745E+01 1.96395E+00
 -1      2282 4.61704E-01 4.24658E+01 1.98642E+00
 -1      2283 4.94236E-01 4.24746E+01 2.03605E+00
 -1      2284 5.26164E-01 4.24833E+01 2.01358E+00
 -1      2289-1.49866E-01 4.49640E+01 1.96394E+00
 -1      2290-1.82311E-01 4.49562E+01 1.98601E+00
 -1      2291-1.50134E-01 4.49640E+01 2.03606E+00
 -1      2292-1.17689E-01 4.49718E+01 2.01399E+00
 -1      2297-7.05470E-01 4.74747E+01 1.96395E+00
 -1      2298-7.38413E-01 4.74678E+01 1.98557E+00
 -1      2299-7.06662E-01 4.74744E+01 2.03605E+00
 -1      2300-6.73719E-01 4.74813E+01 2.01443E+00
 -3
    3C                           204                                     1
 -1         1    1    0    1
 -2       145      1345      1346       146       148      1348      1347       147
 -1         2    1    0    1
 -2      1345       345       346      1346      1348       348       347      1347
 -1         3    1    0    1
 -2       195      1353      1354       196       198      1356      1355       197
 -1         4    1    0    1
 -2      1353       395       396      1354      1356       398       397      1355
 -1         5    1    0    1
 -2       245      1361      1362       246       248      1364      1363       247
 -1         6    1    0    1
 -2      1361       445       446      1362      1364       448       447      1363
 -1         7    1    0    1
 -2       295      1369      1370       296       298      1372      1371       297
 -1         8    1    0    1
 -2      1369       495       496      1370      1372       498       497      1371
 -1         9    1    0    1
 -2       345      1377      1378       346       348      1380      1379       347
 -1        10    1    0    1
 -2      1377       545       546      1378      1380       548       547      1379
 -1        11    1    0    1
 -2       395      1385      1386       396       398      1388      1387       397
 -1        12    1    0    1
 -2      1385       595       596      1386      1388       598       597      1387
 -1        13    1    0    1
 -2       445      1393      1394       446       448      1396      1395       447
 -1        14    1    0    1
 -2      1393       645       646      1394      1396       648       647      1395
 -1        15    1    0    1
 -2       495      1401      1402       496       498      1404      1403       497
 -1        16    1    0    1
 -2      1401       695       696      1402      1404       698       697      1403
 -1        17    1    0    1
 -2       545      1409      1410       546       548      1412      1411       547
 -1        18    1    0    1
 -2      1409       745       746      1410      1412       748       747      1411
 -1        19    1    0    1
 -2       595      1417      1418       596       598      1420      1419       597
 -1        20    1    0    1
 -2      1417       795       796      1418      1420       798       797      1419
 -1        21    1    0    1
 -2       645      1425      1426       646       648      1428      1427       647
 -1        22    1    0    1
 -2      1425       845       846      1426      1428       848       847      1427
 -1        23    1    0    1
 -2       695      1433      1434       696       698      1436      1435       697
 -1        24    1    0    1
 -2      1433       895       896      1434      1436       898       897      1435
 -1        25    1    0    1
 -2       745      1441      1442       746       748      1444      1443       747
 -1        26    1    0    1
 -2      1441       945       946      1442      1444       948       947      1443
 -1        27    1    0    1
 -2       795      1449      1450       796       798      1452      1451       797
 -1        28    1    0    1
 -2      1449       995       996      1450      1452       998       997      1451
 -1        29    1    0    1
 -2       845      1457      1458       846       848      1460      1459       847
 -1        30    1    0    1
 -2      1457      1045      1046      1458      1460      1048      1047      1459
 -1        31    1    0    1
 -2       895      1465      1466       896       898      1468      1467       897
 -1        32    1    0    1
 -2      1465      1095      1096      1466      1468      1098      1097      1467
 -1        33    1    0    1
 -2       945      1473      1474       946       948      1476      1475       947
 -1        34    1    0    1
 -2      1473      1145      1146      1474      1476      1148      1147      1475
 -1        35    1    0    1
 -2       995      1481      1482       996       998      1484      1483       997
 -1        36    1    0    1
 -2      1481      1195      1196      1482      1484      1198      1197      1483
 -1        37    1    0    1
 -2      1045      1489      1490      1046      1048      1492      1491      1047
 -1        38    1    0    1
 -2      1489      1245      1246      1490      1492      1248      1247      1491
 -1        39    1    0    1
 -2      1095      1497      1498      1096      1098      1500      1499      1097
 -1        40    1    0    1
 -2      1497      1295      1296      1498      1500      1298      1297      1499
 -1        41    1    0    1
 -2       153      1505      1506       154       156      1508      1507       155
 -1        42    1    0    1
 -2      1505       203       204      1506      1508       206       205      1507
 -1        43    1    0    1
 -2       253      1513      1514       254       256      1516      1515       255
 -1        44    1    0    1
 -2      1513       303       304      1514      1516       306       305      1515
 -1        45    1    0    1
 -2       161      1521      1522       162       164      1524      1523       163
 -1        46    1    0    1
 -2      1521       261       262      1522      1524       264       263      1523
 -1        47    1    0    1
 -2       211      1529      1530       212       214      1532      1531       213
 -1        48    1    0    1
 -2      1529       311       312      1530      1532       314       313      1531
 -1        49    1    0    1
 -2       353      1537      1538       354       356      1540      1539       355
 -1        50    1    0    1
 -2      1537       403       404      1538      1540       406       405      1539
 -1        51    1    0    1
 -2       453      1545      1546       454       456      1548      1547       455
 -1        52    1    0    1
 -2      1545       503       504      1546      1548       506       505      1547
 -1        53    1    0    1
 -2       361      1553      1554       362       364      1556      1555       363
 -1        54    1    0    1
 -2      1553       461       462      1554      1556       464       463      1555
 -1        55    1    0    1
 -2       411      1561      1562       412       414      1564      1563       413
 -1        56    1    0    1
 -2      1561       511       512      1562      1564       514       513      1563
 -1        57    1    0    1
 -2       553       603       604       554       556       606       605       555
 -1        58    1    0    1
 -2       653       703       704       654       656       706       705       655
 -1        59    1    0    1
 -2       561       661       662       562       564       664       663       563
 -1        60    1    0    1
 -2       611       711       712       612       614       714       713       613
 -1        61    1    0    1
 -2       753      1569      1570       754       756      1572      1571       755
 -1        62    1    0    1
 -2      1569      1577      1578      1570      1572      1580      1579      1571
 -1        63    1    0    1
 -2      1577      1585      1586      1578      1580      1588      1587      1579
 -1        64    1    0    1
 -2      1585       803       804      1586      1588       806       805      1587
 -1        65    1    0    1
 -2       853      1593      1594       854       856      1596      1595       855
 -1        66    1    0    1
 -2      1593      1601      1602      1594      1596      1604      1603      1595
 -1        67    1    0    1
 -2      1601      1609      1610      1602      1604      1612      1611      1603
 -1        68    1    0    1
 -2      1609       903       904      1610      1612       906       905      1611
 -1        69    1    0    1
 -2       761      1617      1618       762       764      1620      1619       763
 -1        70    1    0    1
 -2      1617      1625      1626      1618      1620      1628      1627      1619
 -1        71    1    0    1
 -2      1625      1633      1634      1626      1628      1636      1635      1627
 -1        72    1    0    1
 -2      1633       861       862      1634      1636       864       863      1635
 -1        73    1    0    1
 -2       811      1641      1642       812       814      1644      1643       813
 -1        74    1    0    1
 -2      1641      1649      1650      1642      1644      1652      1651      1643
 -1        75    1    0    1
 -2      1649      1657      1658      1650      1652      1660      1659      1651
 -1        76    1    0    1
 -2      1657       911       912      1658      1660       914       913      1659
 -1        77    1    0    1
 -2       953      1665      1666       954       956      1668      1667       955
 -1        78    1    0    1
 -2      1665      1673      1674      1666      1668      1676      1675      1667
 -1        79    1    0    1
 -2      1673      1681      1682      1674      1676      1684      1683      1675
 -1        80    1    0    1
 -2      1681      1003      1004      1682      1684      1006      1005      1683
 -1        81    1    0    1
 -2      1053      1689      1690      1054      1056      1692      1691      1055
 -1        82    1    0    1
 -2      1689      1697      1698      1690      1692      1700      1699      1691
 -1        83    1    0    1
 -2      1697      1705      1706      1698      1700      1708      1707      1699
 -1        84    1    0    1
 -2      1705      1103      1104      1706      1708      1106      1105      1707
 -1        85    1    0    1
 -2       961      1713      1714       962       964      1716      1715       963
 -1        86    1    0    1
 -2      1713      1721      1722      1714      1716      1724      1723      1715
 -1        87    1    0    1
 -2      1721      1729      1730      1722      1724      1732      1731      1723
 -1        88    1    0    1
 -2      1729      1061      1062      1730      1732      1064      1063      1731
 -1        89    1    0    1
 -2      1011      1737      1738      1012      1014      1740      1739      1013
 -1        90    1    0    1
 -2      1737      1745      1746      1738      1740      1748      1747      1739
 -1        91    1    0    1
 -2      1745      1753      1754      1746      1748      1756      1755      1747
 -1        92    1    0    1
 -2      1753      1111      1112      1754      1756      1114      1113      1755
 -1        93    1    0    1
 -2      1153      1761      1762      1154      1156      1764      1763      1155
 -1        94    1    0    1
 -2      1761      1203      1204      1762      1764      1206      1205      1763
 -1        95    1    0    1
 -2      1253      1769      1770      1254      1256      1772      1771      1255
 -1        96    1    0    1
 -2      1769      1303      1304      1770      1772      1306      1305      1771
 -1        97    1    0    1
 -2      1161      1777      1778      1162      1164      1780      1779      1163
 -1        98    1    0    1
 -2      1777      1261      1262      1778      1780      1264      1263      1779
 -1        99    1    0    1
 -2      1211      1785      1786      1212      1214      1788      1787      1213
 -1       100    1    0    1
 -2      1785      1311      1312      1786      1788      1314      1313      1787
 -1       101    1    0    1
 -2       145      1793      1794       146       148      1796      1795       147
 -1       102    1    0    1
 -2      1793       445       446      1794      1796       448       447      1795
 -1       103    1    0    1
 -2       245      1801      1802       246       248      1804      1803       247
 -1       104    1    0    1
 -2      1801       345       346      1802      1804       348       347      1803
 -1       105    1    0    1
 -2       195      1809      1810       196       198      1812      1811       197
 -1       106    1    0    1
 -2      1809       495       496      1810      1812       498       497      1811
 -1       107    1    0    1
 -2       295      1817      1818       296       298      1820      1819       297
 -1       108    1    0    1
 -2      1817       395       396      1818      1820       398       397      1819
 -1       109    1    0    1
 -2       145      1825      1826       146       148      1828      1827       147
 -1       110    1    0    1
 -2      1825       395       396      1826      1828       398       397      1827
 -1       111    1    0    1
 -2       195      1833      1834       196       198      1836      1835       197
 -1       112    1    0    1
 -2      1833       345       346      1834      1836       348       347      1835
 -1       113    1    0    1
 -2       245      1841      1842       246       248      1844      1843       247
 -1       114    1    0    1
 -2      1841       495       496      1842      1844       498       497      1843
 -1       115    1    0    1
 -2       295      1849      1850       296       298      1852      1851       297
 -1       116    1    0    1
 -2      1849       445       446      1850      1852       448       447      1851
 -1       117    1    0    1
 -2       345      1857      1858       346       348      1860      1859       347
 -1       118    1    0    1
 -2      1857       645       646      1858      1860       648       647      1859
 -1       119    1    0    1
 -2       445      1865      1866       446       448      1868      1867       447
 -1       120    1    0    1
 -2      1865       545       546      1866      1868       548       547      1867
 -1       121    1    0    1
 -2       395      1873      1874       396       398      1876      1875       397
 -1       122    1    0    1
 -2      1873       695       696      1874      1876       698       697      1875
 -1       123    1    0    1
 -2       495      1881      1882       496       498      1884      1883       497
 -1       124    1    0    1
 -2      1881       595       596      1882      1884       598       597      1883
 -1       125    1    0    1
 -2       345      1889      1890       346       348      1892      1891       347
 -1       126    1    0    1
 -2      1889       595       596      1890      1892       598       597      1891
 -1       127    1    0    1
 -2       395      1897      1898       396       398      1900      1899       397
 -1       128    1    0    1
 -2      1897       545       546      1898      1900       548       547      1899
 -1       129    1    0    1
 -2       445      1905      1906       446       448      1908      1907       447
 -1       130    1    0    1
 -2      1905       695       696      1906      1908       698       697      1907
 -1       131    1    0    1
 -2       495      1913      1914       496       498      1916      1915       497
 -1       132    1    0    1
 -2      1913       645       646      1914      1916       648       647      1915
 -1       133    1    0    1
 -2       545       845       846       546       548       848       847       547
 -1       134    1    0    1
 -2       645       745       746       646       648       748       747       647
 -1       135    1    0    1
 -2       595       895       896       596       598       898       897       597
 -1       136    1    0    1
 -2       695       795       796       696       698       798       797       697
 -1       137    1    0    1
 -2       545       795       796       546       548       798       797       547
 -1       138    1    0    1
 -2       595       745       746       596       598       748       747       597
 -1       139    1    0    1
 -2       645       895       896       646       648       898       897       647
 -1       140    1    0    1
 -2       695       845       846       696       698       848       847       697
 -1       141    1    0    1
 -2       745      1921      1922       746       748      1924      1923       747
 -1       142    1    0    1
 -2      1921      1929      1930      1922      1924      1932      1931      1923
 -1       143    1    0    1
 -2      1929      1937      1938      1930      1932      1940      1939      1931
 -1       144    1    0    1
 -2      1937      1045      1046      1938      1940      1048      1047      1939
 -1       145    1    0    1
 -2       845      1945      1946       846       848      1948      1947       847
 -1       146    1    0    1
 -2      1945      1953      1954      1946      1948      1956      1955      1947
 -1       147    1    0    1
 -2      1953      1961      1962      1954      1956      1964      1963      1955
 -1       148    1    0    1
 -2      1961       945       946      1962      1964       948       947      1963
 -1       149    1    0    1
 -2       795      1969      1970       796       798      1972      1971       797
 -1       150    1    0    1
 -2      1969      1977      1978      1970      1972      1980      1979      1971
 -1       151    1    0    1
 -2      1977      1985      1986      1978      1980      1988      1987      1979
 -1       152    1    0    1
 -2      1985      1095      1096      1986      1988      1098      1097      1987
 -1       153    1    0    1
 -2       895      1993      1994       896       898      1996      1995       897
 -1       154    1    0    1
 -2      1993      2001      2002      1994      1996      2004      2003      1995
 -1       155    1    0    1
 -2      2001      2009      2010      2002      2004      2012      2011      2003
 -1       156    1    0    1
 -2      2009       995       996      2010      2012       998       997      2011
 -1       157    1    0    1
 -2       745      2017      2018       746       748      2020      2019       747
 -1       158    1    0    1
 -2      2017      2025      2026      2018      2020      2028      2027      2019
 -1       159    1    0    1
 -2      2025      2033      2034      2026      2028      2036      2035      2027
 -1       160    1    0    1
 -2      2033       995       996      2034      2036       998       997      2035
 -1       161    1    0    1
 -2       795      2041      2042       796       798      2044      2043       797
 -1       162    1    0    1
 -2      2041      2049      2050      2042      2044      2052      2051      2043
 -1       163    1    0    1
 -2      2049      2057      2058      2050      2052      2060      2059      2051
 -1       164    1    0    1
 -2      2057       945       946      2058      2060       948       947      2059
 -1       165    1    0    1
 -2       845      2065      2066       846       848      2068      2067       847
 -1       166    1    0    1
 -2      2065      2073      2074      2066      2068      2076      2075      2067
 -1       167    1    0    1
 -2      2073      2081      2082      2074      2076      2084      2083      2075
 -1       168    1    0    1
 -2      2081      1095      1096      2082      2084      1098      1097      2083
 -1       169    1    0    1
 -2       895      2089      2090       896       898      2092      2091       897
 -1       170    1    0    1
 -2      2089      2097      2098      2090      2092      2100      2099      2091
 -1       171    1    0    1
 -2      2097      2105      2106      2098      2100      2108      2107      2099
 -1       172    1    0    1
 -2      2105      1045      1046      2106      2108      1048      1047      2107
 -1       173    1    0    1
 -2       945      2113      2114       946       948      2116      2115       947
 -1       174    1    0    1
 -2      2113      2121      2122      2114      2116      2124      2123      2115
 -1       175    1    0    1
 -2      2121      2129      2130      2122      2124      2132      2131      2123
 -1       176    1    0    1
 -2      2129      1245      1246      2130      2132      1248      1247      2131
 -1       177    1    0    1
 -2      1045      2137      2138      1046      1048      2140      2139      1047
 -1       178    1    0    1
 -2      2137      2145      2146      2138      2140      2148      2147      2139
 -1       179    1    0    1
 -2      2145      2153      2154      2146      2148      2156      2155      2147
 -1       180    1    0    1
 -2      2153      1145      1146      2154      2156      1148      1147      2155
 -1       181    1    0    1
 -2       995      2161      2162       996       998      2164      2163       997
 -1       182    1    0    1
 -2      2161      2169      2170      2162      2164      2172      2171      2163
 -1       183    1    0    1
 -2      2169      2177      2178      2170      2172      2180      2179      2171
 -1       184    1    0    1
 -2      2177      1295      1296      2178      2180      1298      1297      2179
 -1       185    1    0    1
 -2      1095      2185      2186      1096      1098      2188      2187      1097
 -1       186    1    0    1
 -2      2185      2193      2194      2186      2188      2196      2195      2187
 -1       187    1    0    1
 -2      2193      2201      2202      2194      2196      2204      2203      2195
 -1       188    1    0    1
 -2      2201      1195      1196      2202      2204      1198      1197      2203
 -1       189    1    0    1
 -2       945      2209      2210       946       948      2212      2211       947
 -1       190    1    0    1
 -2      2209      2217      2218      2210      2212      2220      2219      2211
 -1       191    1    0    1
 -2      2217      2225      2226      2218      2220      2228      2227      2219
 -1       192    1    0    1
 -2      2225      1195      1196      2226      2228      1198      1197      2227
 -1       193    1    0    1
 -2       995      2233      2234       996       998      2236      2235       997
 -1       194    1    0    1
 -2      2233      2241      2242      2234      2236      2244      2243      2235
 -1       195    1    0    1
 -2      2241      2249      2250      2242      2244      2252      2251      2243
 -1       196    1    0    1
 -2      2249      1145      1146      2250      2252      1148      1147      2251
 -1       197    1    0    1
 -2      1045      2257      2258      1046      1048      2260      2259      1047
 -1       198    1    0    1
 -2      2257      2265      2266      2258      2260      2268      2267      2259
 -1       199    1    0    1
 -2      2265      2273      2274      2266      2268      2276      2275      2267
 -1       200    1    0    1
 -2      2273      1295      1296      2274      2276      1298      1297      2275
 -1       201    1    0    1
 -2      1095      2281      2282      1096      1098      2284      2283      1097
 -1       202    1    0    1
 -2      2281      2289      2290      2282      2284      2292      2291      2283
 -1       203    1    0    1
 -2      2289      2297      2298      2290      2292      2300      2299      2291
 -1       204    1    0    1
 -2      2297      1245      1246      2298      2300      1248      1247      2299
 -3
    1PSTEP                         1           1           1          
  100CL  101 1.000000000           0                     0    1           1
 -4  DISP        4    1
 -5  D1          1    2    1    0
 -5  D2          1    2    2    0
 -5  D3          1    2    3    0
 -5  ALL         1    2    0    0    1ALL
 -3
 9999
