SUMMARY OF C0NVERGENCE INFORMATION
  STEP   INC  ATT   ITER     CONT.   RESID.        CORR.      RESID.      CORR.
                              EL.    FORCE         DISP       FLUX        TEMP.
                              (#)     (%)           (%)        (%)         (%)
     1     1     1     1        8  0.2223E+04  0.1000E+03  0.0000E+00  0.0000E+00
     1     1     1     2        4  0.2849E+04  0.1000E+03  0.0000E+00  0.0000E+00
     1     1     1     3        8  0.1117E+04  0.1000E+03  0.0000E+00  0.0000E+00
     1     1     1     4        0  0.3989E+03  0.1000E+03  0.0000E+00  0.0000E+00
     1     1     1     5        0  0.3989E+03  0.1000E+03  0.0000E+00  0.0000E+00
     1     1     1     6        8  0.2434E+04  0.5958E+02  0.0000E+00  0.0000E+00
     1     1     1     7        0  0.8693E+03  0.1031E+02  0.0000E+00  0.0000E+00
     1     1     2     1        8  0.1299E+04  0.1000E+03  0.0000E+00  0.0000E+00
     1     1     2     2        4  0.7177E+03  0.2202E+02  0.0000E+00  0.0000E+00
     1     1     2     3        0  0.1142E+03  0.1000E+03  0.0000E+00  0.0000E+00
     1     1     2     4        0  0.7103E+03  0.1000E+03  0.0000E+00  0.0000E+00
     1     1     2     5        8  0.2409E+04  0.8720E+02  0.0000E+00  0.0000E+00
     1     1     2     6        4  0.1633E+04  0.1919E-07  0.0000E+00  0.0000E+00
     1     1     2     7        2  0.7939E+03  0.1416E-07  0.0000E+00  0.0000E+00
     1     1     2     8        1  0.6972E+03  0.9583E-08  0.0000E+00  0.0000E+00
     1     1     2     9        1  0.7074E+03  0.5445E-08  0.0000E+00  0.0000E+00
     1     1     2    10        1  0.7108E+03  0.3434E-08  0.0000E+00  0.0000E+00
     1     1     2    11        1  0.7090E+03  0.2311E-08  0.0000E+00  0.0000E+00
     1     1     2    12        1  0.7105E+03  0.1539E-08  0.0000E+00  0.0000E+00
     1     1     2    13        1  0.7101E+03  0.1027E-08  0.0000E+00  0.0000E+00
     1     1     2    14        1  0.7138E+03  0.7145E-09  0.0000E+00  0.0000E+00
     1     1     2    15        1  0.4455E+04  0.5757E-08  0.0000E+00  0.0000E+00
     1     1     2    16        1  0.1836E+04  0.4431E-08  0.0000E+00  0.0000E+00
     1     1     3     1        8  0.1316E+04  0.1000E+03  0.0000E+00  0.0000E+00
     1     1     3     2        4  0.7274E+03  0.2219E+02  0.0000E+00  0.0000E+00
     1     1     3     3        0  0.1206E+03  0.1000E+03  0.0000E+00  0.0000E+00
     1     1     3     4        8  0.2894E+04  0.1000E+03  0.0000E+00  0.0000E+00
     1     1     3     5        2  0.1498E+04  0.1951E-06  0.0000E+00  0.0000E+00
     1     1     3     6        2  0.1498E+04  0.1301E-06  0.0000E+00  0.0000E+00
     1     1     3     7        2  0.1497E+04  0.8668E-07  0.0000E+00  0.0000E+00
     1     1     3     8        2  0.1495E+04  0.5771E-07  0.0000E+00  0.0000E+00
     1     1     3     9        2  0.1492E+04  0.3832E-07  0.0000E+00  0.0000E+00
     1     1     3    10        2  0.1480E+04  0.2617E-07  0.0000E+00  0.0000E+00
     1     1     3    11        2  0.2472E+04  0.3812E-06  0.0000E+00  0.0000E+00
     1     1     3    12        2  0.3181E+04  0.3064E-06  0.0000E+00  0.0000E+00
     1     1     4     1        8  0.1315E+04  0.1000E+03  0.0000E+00  0.0000E+00
     1     1     4     2        4  0.7262E+03  0.2217E+02  0.0000E+00  0.0000E+00
     1     1     4     3        0  0.1207E+03  0.1000E+03  0.0000E+00  0.0000E+00
     1     1     4     4        8  0.2893E+04  0.1000E+03  0.0000E+00  0.0000E+00
     1     1     4     5        2  0.1497E+04  0.9887E-06  0.0000E+00  0.0000E+00
     1     1     4     6        2  0.1497E+04  0.6594E-06  0.0000E+00  0.0000E+00
     1     1     4     7        2  0.1496E+04  0.4393E-06  0.0000E+00  0.0000E+00
     1     1     4     8        2  0.1494E+04  0.2925E-06  0.0000E+00  0.0000E+00
     1     1     4     9        2  0.1491E+04  0.1942E-06  0.0000E+00  0.0000E+00
     1     1     4    10        2  0.1465E+04  0.1337E-06  0.0000E+00  0.0000E+00
     1     1     4    11        2  0.2482E+04  0.1771E-05  0.0000E+00  0.0000E+00
     1     1     4    12        2  0.3207E+04  0.1402E-05  0.0000E+00  0.0000E+00
     1     1     5     1        8  0.1278E+04  0.1000E+03  0.0000E+00  0.0000E+00
     1     1     5     2        4  0.7043E+03  0.2184E+02  0.0000E+00  0.0000E+00
     1     1     5     3        0  0.1154E+03  0.1000E+03  0.0000E+00  0.0000E+00
     1     1     5     4        0  0.4509E+03  0.1000E+03  0.0000E+00  0.0000E+00
     1     1     5     5        8  0.2699E+04  0.6895E+02  0.0000E+00  0.0000E+00
     1     1     5     6        4  0.1829E+04  0.1397E-05  0.0000E+00  0.0000E+00
     1     1     5     7        2  0.1397E+04  0.9321E-06  0.0000E+00  0.0000E+00
     1     1     5     8        2  0.1396E+04  0.6208E-06  0.0000E+00  0.0000E+00
     1     1     5     9        2  0.1394E+04  0.4129E-06  0.0000E+00  0.0000E+00
     1     1     5    10        2  0.1392E+04  0.2738E-06  0.0000E+00  0.0000E+00
     1     1     5    11        2  0.1234E+04  0.1808E-06  0.0000E+00  0.0000E+00
     1     1     5    12        2  0.1345E+04  0.1180E-06  0.0000E+00  0.0000E+00
     1     1     5    13        2  0.1249E+04  0.7796E-07  0.0000E+00  0.0000E+00
     1     1     5    14        2  0.2810E+04  0.1024E-06  0.0000E+00  0.0000E+00
     1     1     5    15        2  0.1864E+04  0.6501E-07  0.0000E+00  0.0000E+00
     1     1     5    16        2  0.1692E+04  0.1858E-07  0.0000E+00  0.0000E+00
     1     1     6     1        8  0.1306E+04  0.1000E+03  0.0000E+00  0.0000E+00
     1     1     6     2        4  0.7211E+03  0.2209E+02  0.0000E+00  0.0000E+00
     1     1     6     3        0  0.1195E+03  0.1000E+03  0.0000E+00  0.0000E+00
     1     1     6     4        8  0.2885E+04  0.1000E+03  0.0000E+00  0.0000E+00
     1     1     6     5        2  0.1493E+04  0.1461E-04  0.0000E+00  0.0000E+00
     1     1     6     6        2  0.1493E+04  0.9747E-05  0.0000E+00  0.0000E+00
     1     1     6     7        2  0.1492E+04  0.6494E-05  0.0000E+00  0.0000E+00
     1     1     6     8        2  0.1489E+04  0.4323E-05  0.0000E+00  0.0000E+00
     1     1     6     9        2  0.1486E+04  0.2869E-05  0.0000E+00  0.0000E+00
     1     1     6    10        2  0.2080E+04  0.1458E-04  0.0000E+00  0.0000E+00
     1     1     6    11        2  0.1620E+04  0.1222E-04  0.0000E+00  0.0000E+00
