    1C
    1UNormalized cross-passage space-truss torsion benchmark            
    1UUSER                                                              
    1UDATE              06.august.2026                                  
    1UTIME              05:34:11                                        
    1UHOST                                                              
    1UPGM               CalculiX                                        
    1UVERSION           Version 2.21                             
    1UCOMPILETIME       Sat Jul 29 10:52:01 CEST 2023                    
    1UDIR                                                               
    1UDBN                                                               
    1UMAT    1STEEL                                                     
    2C                           752                                     1
 -1       141-1.19376E+00 9.16807E-04-3.54997E-02
 -1       142-1.23024E+00 3.62719E-03-1.93049E-02
 -1       143-1.20624E+00-9.16807E-04 3.54997E-02
 -1       144-1.16976E+00-3.62719E-03 1.93049E-02
 -1       149-1.20102E+00-3.40950E-02-1.16828E-02
 -1       150-1.20007E+00-2.33416E-03-3.59798E-02
 -1       151-1.19898E+00 3.40950E-02 1.16828E-02
 -1       152-1.19993E+00 2.33416E-03 3.59798E-02
 -1       157-1.23354E+00-1.32202E-02 3.96605E-04
 -1       158-1.20069E+00-3.60327E-02 1.08098E-03
 -1       159-1.16646E+00 1.32202E-02-3.96605E-04
 -1       160-1.19931E+00 3.60327E-02-1.08098E-03
 -1       191 1.20177E+00 2.41126E-03-3.59310E-02
 -1       192 1.16758E+00-2.03736E-03-1.56535E-02
 -1       193 1.19823E+00-2.41126E-03 3.59310E-02
 -1       194 1.23242E+00 2.03736E-03 1.56535E-02
 -1       199 1.20102E+00-3.38645E-02-1.23355E-02
 -1       200 1.20005E+00-1.64335E-03-3.60180E-02
 -1       201 1.19898E+00 3.38645E-02 1.23355E-02
 -1       202 1.19995E+00 1.64335E-03 3.60180E-02
 -1       207 1.16697E+00-1.44498E-02-4.33494E-04
 -1       208 1.20064E+00-3.60336E-02-1.08101E-03
 -1       209 1.23303E+00 1.44498E-02 4.33494E-04
 -1       210 1.19936E+00 3.60336E-02 1.08101E-03
 -1       241-1.19295E+00-2.85923E-03 1.96476E+00
 -1       242-1.22978E+00 1.50377E-03 1.97973E+00
 -1       243-1.20705E+00 2.85923E-03 2.03524E+00
 -1       244-1.17022E+00-1.50377E-03 2.02027E+00
 -1       249-1.19898E+00-3.38645E-02 1.98766E+00
 -1       250-1.19995E+00-1.64335E-03 1.96398E+00
 -1       251-1.20102E+00 3.38645E-02 2.01234E+00
 -1       252-1.20005E+00 1.64335E-03 2.03602E+00
 -1       257-1.23303E+00-1.44498E-02 1.99957E+00
 -1       258-1.19936E+00-3.60336E-02 1.99892E+00
 -1       259-1.16697E+00 1.44498E-02 2.00043E+00
 -1       260-1.20064E+00 3.60336E-02 2.00108E+00
 -1       291 1.20318E+00-1.21786E-03 1.96411E+00
 -1       292 1.16822E+00-3.65827E-03 1.98338E+00
 -1       293 1.19682E+00 1.21786E-03 2.03589E+00
 -1       294 1.23178E+00 3.65827E-03 2.01662E+00
 -1       299 1.19898E+00-3.40950E-02 1.98832E+00
 -1       300 1.19993E+00-2.33416E-03 1.96402E+00
 -1       301 1.20102E+00 3.40950E-02 2.01168E+00
 -1       302 1.20007E+00 2.33416E-03 2.03598E+00
 -1       307 1.16646E+00-1.32202E-02 2.00040E+00
 -1       308 1.19931E+00-3.60327E-02 2.00108E+00
 -1       309 1.23354E+00 1.32202E-02 1.99960E+00
 -1       310 1.20069E+00 3.60327E-02 1.99892E+00
 -1       341-1.19512E+00 9.99951E+00-3.57210E-02
 -1       342-1.23110E+00 1.00002E+01-1.82443E-02
 -1       343-1.20488E+00 1.00005E+01 3.57210E-02
 -1       344-1.16890E+00 9.99985E+00 1.82443E-02
 -1       349-1.20102E+00 9.96591E+00-1.16828E-02
 -1       350-1.20007E+00 9.99767E+00-3.59798E-02
 -1       351-1.19898E+00 1.00341E+01 1.16828E-02
 -1       352-1.19993E+00 1.00023E+01 3.59798E-02
 -1       357-1.23354E+00 9.98678E+00 3.96605E-04
 -1       358-1.20069E+00 9.96397E+00 1.08098E-03
 -1       359-1.16646E+00 1.00132E+01-3.96605E-04
 -1       360-1.19931E+00 1.00360E+01-1.08098E-03
 -1       391 1.20437E+00 9.99962E+00-3.57873E-02
 -1       392 1.16865E+00 9.99941E+00-1.77967E-02
 -1       393 1.19563E+00 1.00004E+01 3.57873E-02
 -1       394 1.23135E+00 1.00006E+01 1.77967E-02
 -1       399 1.20102E+00 9.96614E+00-1.23355E-02
 -1       400 1.20005E+00 9.99836E+00-3.60180E-02
 -1       401 1.19898E+00 1.00339E+01 1.23355E-02
 -1       402 1.19995E+00 1.00016E+01 3.60180E-02
 -1       407 1.16697E+00 9.98555E+00-4.33494E-04
 -1       408 1.20064E+00 9.96397E+00-1.08101E-03
 -1       409 1.23303E+00 1.00145E+01 4.33494E-04
 -1       410 1.19936E+00 1.00360E+01 1.08101E-03
 -1       441-1.19540E+00 1.00004E+01 1.96424E+00
 -1       442-1.23124E+00 1.00006E+01 1.98200E+00
 -1       443-1.20460E+00 9.99963E+00 2.03576E+00
 -1       444-1.16876E+00 9.99941E+00 2.01800E+00
 -1       449-1.19898E+00 9.96614E+00 1.98766E+00
 -1       450-1.19995E+00 9.99836E+00 1.96398E+00
 -1       451-1.20102E+00 1.00339E+01 2.01234E+00
 -1       452-1.20005E+00 1.00016E+01 2.03602E+00
 -1       457-1.23303E+00 9.98555E+00 1.99957E+00
 -1       458-1.19936E+00 9.96397E+00 1.99892E+00
 -1       459-1.16697E+00 1.00145E+01 2.00043E+00
 -1       460-1.20064E+00 1.00360E+01 2.00108E+00
 -1       491 1.20408E+00 1.00005E+01 1.96418E+00
 -1       492 1.16851E+00 9.99984E+00 1.98245E+00
 -1       493 1.19592E+00 9.99952E+00 2.03582E+00
 -1       494 1.23149E+00 1.00002E+01 2.01755E+00
 -1       499 1.19898E+00 9.96591E+00 1.98832E+00
 -1       500 1.19993E+00 9.99767E+00 1.96402E+00
 -1       501 1.20102E+00 1.00341E+01 2.01168E+00
 -1       502 1.20007E+00 1.00023E+01 2.03598E+00
 -1       507 1.16646E+00 9.98678E+00 2.00040E+00
 -1       508 1.19931E+00 9.96397E+00 2.00108E+00
 -1       509 1.23354E+00 1.00132E+01 1.99960E+00
 -1       510 1.20069E+00 1.00360E+01 1.99892E+00
 -1       541-1.19518E+00 1.99996E+01-3.57295E-02
 -1       542-1.23113E+00 2.00001E+01-1.81950E-02
 -1       543-1.20482E+00 2.00004E+01 3.57295E-02
 -1       544-1.16887E+00 1.99999E+01 1.81950E-02
 -1       549-1.20102E+00 1.99659E+01-1.16828E-02
 -1       550-1.20007E+00 1.99977E+01-3.59798E-02
 -1       551-1.19898E+00 2.00341E+01 1.16828E-02
 -1       552-1.19993E+00 2.00023E+01 3.59798E-02
 -1       557-1.23354E+00 1.99868E+01 3.96605E-04
 -1       558-1.20069E+00 1.99640E+01 1.08098E-03
 -1       559-1.16646E+00 2.00132E+01-3.96605E-04
 -1       560-1.19931E+00 2.00360E+01-1.08098E-03
 -1       591 1.20440E+00 1.99997E+01-3.57842E-02
 -1       592 1.16866E+00 1.99995E+01-1.78246E-02
 -1       593 1.19560E+00 2.00003E+01 3.57842E-02
 -1       594 1.23134E+00 2.00005E+01 1.78246E-02
 -1       599 1.20102E+00 1.99661E+01-1.23355E-02
 -1       600 1.20005E+00 1.99984E+01-3.60180E-02
 -1       601 1.19898E+00 2.00339E+01 1.23355E-02
 -1       602 1.19995E+00 2.00016E+01 3.60180E-02
 -1       607 1.16697E+00 1.99855E+01-4.33494E-04
 -1       608 1.20064E+00 1.99640E+01-1.08101E-03
 -1       609 1.23303E+00 2.00145E+01 4.33494E-04
 -1       610 1.19936E+00 2.00360E+01 1.08101E-03
 -1       641-1.19541E+00 2.00003E+01 1.96424E+00
 -1       642-1.23124E+00 2.00005E+01 1.98201E+00
 -1       643-1.20459E+00 1.99997E+01 2.03576E+00
 -1       644-1.16876E+00 1.99995E+01 2.01799E+00
 -1       649-1.19898E+00 1.99661E+01 1.98766E+00
 -1       650-1.19995E+00 1.99984E+01 1.96398E+00
 -1       651-1.20102E+00 2.00339E+01 2.01234E+00
 -1       652-1.20005E+00 2.00016E+01 2.03602E+00
 -1       657-1.23303E+00 1.99855E+01 1.99957E+00
 -1       658-1.19936E+00 1.99640E+01 1.99892E+00
 -1       659-1.16697E+00 2.00145E+01 2.00043E+00
 -1       660-1.20064E+00 2.00360E+01 2.00108E+00
 -1       691 1.20417E+00 2.00004E+01 1.96419E+00
 -1       692 1.16855E+00 1.99999E+01 1.98238E+00
 -1       693 1.19583E+00 1.99996E+01 2.03581E+00
 -1       694 1.23145E+00 2.00001E+01 2.01762E+00
 -1       699 1.19898E+00 1.99659E+01 1.98832E+00
 -1       700 1.19993E+00 1.99977E+01 1.96402E+00
 -1       701 1.20102E+00 2.00341E+01 2.01168E+00
 -1       702 1.20007E+00 2.00023E+01 2.03598E+00
 -1       707 1.16646E+00 1.99868E+01 2.00040E+00
 -1       708 1.19931E+00 1.99640E+01 2.00108E+00
 -1       709 1.23354E+00 2.00132E+01 1.99960E+00
 -1       710 1.20069E+00 2.00360E+01 1.99892E+00
 -1       741-1.19518E+00 2.99996E+01-3.57295E-02
 -1       742-1.23113E+00 3.00001E+01-1.81950E-02
 -1       743-1.20482E+00 3.00004E+01 3.57295E-02
 -1       744-1.16887E+00 2.99999E+01 1.81950E-02
 -1       749-1.20102E+00 2.99659E+01-1.16828E-02
 -1       750-1.20007E+00 2.99977E+01-3.59798E-02
 -1       751-1.19898E+00 3.00341E+01 1.16828E-02
 -1       752-1.19993E+00 3.00023E+01 3.59798E-02
 -1       757-1.23354E+00 2.99868E+01 3.96605E-04
 -1       758-1.20069E+00 2.99640E+01 1.08098E-03
 -1       759-1.16646E+00 3.00132E+01-3.96605E-04
 -1       760-1.19931E+00 3.00360E+01-1.08098E-03
 -1       791 1.20440E+00 2.99997E+01-3.57842E-02
 -1       792 1.16866E+00 2.99995E+01-1.78246E-02
 -1       793 1.19560E+00 3.00003E+01 3.57842E-02
 -1       794 1.23134E+00 3.00005E+01 1.78246E-02
 -1       799 1.20102E+00 2.99661E+01-1.23355E-02
 -1       800 1.20005E+00 2.99984E+01-3.60180E-02
 -1       801 1.19898E+00 3.00339E+01 1.23355E-02
 -1       802 1.19995E+00 3.00016E+01 3.60180E-02
 -1       807 1.16697E+00 2.99855E+01-4.33494E-04
 -1       808 1.20064E+00 2.99640E+01-1.08101E-03
 -1       809 1.23303E+00 3.00145E+01 4.33494E-04
 -1       810 1.19936E+00 3.00360E+01 1.08101E-03
 -1       841-1.19541E+00 3.00003E+01 1.96424E+00
 -1       842-1.23124E+00 3.00005E+01 1.98201E+00
 -1       843-1.20459E+00 2.99997E+01 2.03576E+00
 -1       844-1.16876E+00 2.99995E+01 2.01799E+00
 -1       849-1.19898E+00 2.99661E+01 1.98766E+00
 -1       850-1.19995E+00 2.99984E+01 1.96398E+00
 -1       851-1.20102E+00 3.00339E+01 2.01234E+00
 -1       852-1.20005E+00 3.00016E+01 2.03602E+00
 -1       857-1.23303E+00 2.99855E+01 1.99957E+00
 -1       858-1.19936E+00 2.99640E+01 1.99892E+00
 -1       859-1.16697E+00 3.00145E+01 2.00043E+00
 -1       860-1.20064E+00 3.00360E+01 2.00108E+00
 -1       891 1.20417E+00 3.00004E+01 1.96419E+00
 -1       892 1.16855E+00 2.99999E+01 1.98238E+00
 -1       893 1.19583E+00 2.99996E+01 2.03581E+00
 -1       894 1.23145E+00 3.00001E+01 2.01762E+00
 -1       899 1.19898E+00 2.99659E+01 1.98832E+00
 -1       900 1.19993E+00 2.99977E+01 1.96402E+00
 -1       901 1.20102E+00 3.00341E+01 2.01168E+00
 -1       902 1.20007E+00 3.00023E+01 2.03598E+00
 -1       907 1.16646E+00 2.99868E+01 2.00040E+00
 -1       908 1.19931E+00 2.99640E+01 2.00108E+00
 -1       909 1.23354E+00 3.00132E+01 1.99960E+00
 -1       910 1.20069E+00 3.00360E+01 1.99892E+00
 -1       941-1.19510E+00 3.99995E+01-3.57181E-02
 -1       942-1.23109E+00 4.00001E+01-1.82624E-02
 -1       943-1.20490E+00 4.00005E+01 3.57181E-02
 -1       944-1.16891E+00 3.99999E+01 1.82624E-02
 -1       949-1.20102E+00 3.99659E+01-1.16828E-02
 -1       950-1.20007E+00 3.99977E+01-3.59798E-02
 -1       951-1.19898E+00 4.00341E+01 1.16828E-02
 -1       952-1.19993E+00 4.00023E+01 3.59798E-02
 -1       957-1.23354E+00 3.99868E+01 3.96605E-04
 -1       958-1.20069E+00 3.99640E+01 1.08098E-03
 -1       959-1.16646E+00 4.00132E+01-3.96605E-04
 -1       960-1.19931E+00 4.00360E+01-1.08098E-03
 -1       991 1.20440E+00 3.99996E+01-3.57846E-02
 -1       992 1.16866E+00 3.99994E+01-1.78156E-02
 -1       993 1.19560E+00 4.00004E+01 3.57846E-02
 -1       994 1.23134E+00 4.00006E+01 1.78156E-02
 -1       999 1.20102E+00 3.99661E+01-1.23355E-02
 -1      1000 1.20005E+00 3.99984E+01-3.60180E-02
 -1      1001 1.19898E+00 4.00339E+01 1.23355E-02
 -1      1002 1.19995E+00 4.00016E+01 3.60180E-02
 -1      1007 1.16697E+00 3.99855E+01-4.33494E-04
 -1      1008 1.20064E+00 3.99640E+01-1.08101E-03
 -1      1009 1.23303E+00 4.00145E+01 4.33494E-04
 -1      1010 1.19936E+00 4.00360E+01 1.08101E-03
 -1      1041-1.19537E+00 4.00004E+01 1.96424E+00
 -1      1042-1.23122E+00 4.00006E+01 1.98198E+00
 -1      1043-1.20463E+00 3.99996E+01 2.03576E+00
 -1      1044-1.16878E+00 3.99994E+01 2.01802E+00
 -1      1049-1.19898E+00 3.99661E+01 1.98766E+00
 -1      1050-1.19995E+00 3.99984E+01 1.96398E+00
 -1      1051-1.20102E+00 4.00339E+01 2.01234E+00
 -1      1052-1.20005E+00 4.00016E+01 2.03602E+00
 -1      1057-1.23303E+00 3.99855E+01 1.99957E+00
 -1      1058-1.19936E+00 3.99640E+01 1.99892E+00
 -1      1059-1.16697E+00 4.00145E+01 2.00043E+00
 -1      1060-1.20064E+00 4.00360E+01 2.00108E+00
 -1      1091 1.20411E+00 4.00005E+01 1.96418E+00
 -1      1092 1.16852E+00 3.99998E+01 1.98243E+00
 -1      1093 1.19589E+00 3.99995E+01 2.03582E+00
 -1      1094 1.23148E+00 4.00002E+01 2.01757E+00
 -1      1099 1.19898E+00 3.99659E+01 1.98832E+00
 -1      1100 1.19993E+00 3.99977E+01 1.96402E+00
 -1      1101 1.20102E+00 4.00341E+01 2.01168E+00
 -1      1102 1.20007E+00 4.00023E+01 2.03598E+00
 -1      1107 1.16646E+00 3.99868E+01 2.00040E+00
 -1      1108 1.19931E+00 3.99640E+01 2.00108E+00
 -1      1109 1.23354E+00 4.00132E+01 1.99960E+00
 -1      1110 1.20069E+00 4.00360E+01 1.99892E+00
 -1      1141-1.19606E+00 4.99977E+01-3.57684E-02
 -1      1142-1.23150E+00 4.99967E+01-1.72423E-02
 -1      1143-1.20394E+00 5.00023E+01 3.57684E-02
 -1      1144-1.16850E+00 5.00033E+01 1.72423E-02
 -1      1149-1.20102E+00 4.99659E+01-1.16828E-02
 -1      1150-1.20007E+00 4.99977E+01-3.59798E-02
 -1      1151-1.19898E+00 5.00341E+01 1.16828E-02
 -1      1152-1.19993E+00 5.00023E+01 3.59798E-02
 -1      1157-1.23354E+00 4.99868E+01 3.96605E-04
 -1      1158-1.20069E+00 4.99640E+01 1.08098E-03
 -1      1159-1.16646E+00 5.00132E+01-3.96605E-04
 -1      1160-1.19931E+00 5.00360E+01-1.08098E-03
 -1      1191 1.20658E+00 4.99964E+01-3.52651E-02
 -1      1192 1.16988E+00 5.00002E+01-1.98129E-02
 -1      1193 1.19342E+00 5.00036E+01 3.52651E-02
 -1      1194 1.23012E+00 4.99998E+01 1.98129E-02
 -1      1199 1.20102E+00 4.99661E+01-1.23355E-02
 -1      1200 1.20005E+00 4.99984E+01-3.60180E-02
 -1      1201 1.19898E+00 5.00339E+01 1.23355E-02
 -1      1202 1.19995E+00 5.00016E+01 3.60180E-02
 -1      1207 1.16697E+00 4.99855E+01-4.33494E-04
 -1      1208 1.20064E+00 4.99640E+01-1.08101E-03
 -1      1209 1.23303E+00 5.00145E+01 4.33494E-04
 -1      1210 1.19936E+00 5.00360E+01 1.08101E-03
 -1      1241-1.19817E+00 5.00034E+01 1.96415E+00
 -1      1242-1.23246E+00 4.99993E+01 1.98433E+00
 -1      1243-1.20183E+00 4.99966E+01 2.03585E+00
 -1      1244-1.16754E+00 5.00007E+01 2.01567E+00
 -1      1249-1.19898E+00 4.99661E+01 1.98766E+00
 -1      1250-1.19995E+00 4.99984E+01 1.96398E+00
 -1      1251-1.20102E+00 5.00339E+01 2.01234E+00
 -1      1252-1.20005E+00 5.00016E+01 2.03602E+00
 -1      1257-1.23303E+00 4.99855E+01 1.99957E+00
 -1      1258-1.19936E+00 4.99640E+01 1.99892E+00
 -1      1259-1.16697E+00 5.00145E+01 2.00043E+00
 -1      1260-1.20064E+00 5.00360E+01 2.00108E+00
 -1      1291 1.20512E+00 5.00022E+01 1.96438E+00
 -1      1292 1.16910E+00 5.00033E+01 1.98172E+00
 -1      1293 1.19488E+00 4.99978E+01 2.03562E+00
 -1      1294 1.23090E+00 4.99967E+01 2.01828E+00
 -1      1299 1.19898E+00 4.99659E+01 1.98832E+00
 -1      1300 1.19993E+00 4.99977E+01 1.96402E+00
 -1      1301 1.20102E+00 5.00341E+01 2.01168E+00
 -1      1302 1.20007E+00 5.00023E+01 2.03598E+00
 -1      1307 1.16646E+00 4.99868E+01 2.00040E+00
 -1      1308 1.19931E+00 4.99640E+01 2.00108E+00
 -1      1309 1.23354E+00 5.00132E+01 1.99960E+00
 -1      1310 1.20069E+00 5.00360E+01 1.99892E+00
 -1      1341-1.19553E+00 5.00000E+00-1.85778E-01
 -1      1342-1.23131E+00 5.00000E+00-1.67883E-01
 -1      1343-1.20447E+00 5.00000E+00-1.14222E-01
 -1      1344-1.16869E+00 5.00000E+00-1.32117E-01
 -1      1349 1.20447E+00 5.00000E+00 1.14222E-01
 -1      1350 1.16869E+00 5.00000E+00 1.32117E-01
 -1      1351 1.19553E+00 5.00000E+00 1.85778E-01
 -1      1352 1.23131E+00 5.00000E+00 1.67883E-01
 -1      1357-1.19553E+00 5.00000E+00 1.81422E+00
 -1      1358-1.23131E+00 5.00000E+00 1.83212E+00
 -1      1359-1.20447E+00 5.00000E+00 1.88578E+00
 -1      1360-1.16869E+00 5.00000E+00 1.86788E+00
 -1      1365 1.20447E+00 5.00000E+00 2.11422E+00
 -1      1366 1.16869E+00 5.00000E+00 2.13212E+00
 -1      1367 1.19553E+00 5.00000E+00 2.18578E+00
 -1      1368 1.23131E+00 5.00000E+00 2.16788E+00
 -1      1373-1.19553E+00 1.50000E+01-1.85778E-01
 -1      1374-1.23131E+00 1.50000E+01-1.67883E-01
 -1      1375-1.20447E+00 1.50000E+01-1.14222E-01
 -1      1376-1.16869E+00 1.50000E+01-1.32117E-01
 -1      1381 1.20447E+00 1.50000E+01 1.14222E-01
 -1      1382 1.16869E+00 1.50000E+01 1.32117E-01
 -1      1383 1.19553E+00 1.50000E+01 1.85778E-01
 -1      1384 1.23131E+00 1.50000E+01 1.67883E-01
 -1      1389-1.19553E+00 1.50000E+01 1.81422E+00
 -1      1390-1.23131E+00 1.50000E+01 1.83212E+00
 -1      1391-1.20447E+00 1.50000E+01 1.88578E+00
 -1      1392-1.16869E+00 1.50000E+01 1.86788E+00
 -1      1397 1.20447E+00 1.50000E+01 2.11422E+00
 -1      1398 1.16869E+00 1.50000E+01 2.13212E+00
 -1      1399 1.19553E+00 1.50000E+01 2.18578E+00
 -1      1400 1.23131E+00 1.50000E+01 2.16788E+00
 -1      1405-1.19553E+00 2.50000E+01-1.85778E-01
 -1      1406-1.23131E+00 2.50000E+01-1.67883E-01
 -1      1407-1.20447E+00 2.50000E+01-1.14222E-01
 -1      1408-1.16869E+00 2.50000E+01-1.32117E-01
 -1      1413 1.20447E+00 2.50000E+01 1.14222E-01
 -1      1414 1.16869E+00 2.50000E+01 1.32117E-01
 -1      1415 1.19553E+00 2.50000E+01 1.85778E-01
 -1      1416 1.23131E+00 2.50000E+01 1.67883E-01
 -1      1421-1.19553E+00 2.50000E+01 1.81422E+00
 -1      1422-1.23131E+00 2.50000E+01 1.83212E+00
 -1      1423-1.20447E+00 2.50000E+01 1.88578E+00
 -1      1424-1.16869E+00 2.50000E+01 1.86788E+00
 -1      1429 1.20447E+00 2.50000E+01 2.11422E+00
 -1      1430 1.16869E+00 2.50000E+01 2.13212E+00
 -1      1431 1.19553E+00 2.50000E+01 2.18578E+00
 -1      1432 1.23131E+00 2.50000E+01 2.16788E+00
 -1      1437-1.19553E+00 3.50000E+01-1.85778E-01
 -1      1438-1.23131E+00 3.50000E+01-1.67883E-01
 -1      1439-1.20447E+00 3.50000E+01-1.14222E-01
 -1      1440-1.16869E+00 3.50000E+01-1.32117E-01
 -1      1445 1.20447E+00 3.50000E+01 1.14222E-01
 -1      1446 1.16869E+00 3.50000E+01 1.32117E-01
 -1      1447 1.19553E+00 3.50000E+01 1.85778E-01
 -1      1448 1.23131E+00 3.50000E+01 1.67883E-01
 -1      1453-1.19553E+00 3.50000E+01 1.81422E+00
 -1      1454-1.23131E+00 3.50000E+01 1.83212E+00
 -1      1455-1.20447E+00 3.50000E+01 1.88578E+00
 -1      1456-1.16869E+00 3.50000E+01 1.86788E+00
 -1      1461 1.20447E+00 3.50000E+01 2.11422E+00
 -1      1462 1.16869E+00 3.50000E+01 2.13212E+00
 -1      1463 1.19553E+00 3.50000E+01 2.18578E+00
 -1      1464 1.23131E+00 3.50000E+01 2.16788E+00
 -1      1469-1.19553E+00 4.50000E+01-1.85778E-01
 -1      1470-1.23131E+00 4.50000E+01-1.67883E-01
 -1      1471-1.20447E+00 4.50000E+01-1.14222E-01
 -1      1472-1.16869E+00 4.50000E+01-1.32117E-01
 -1      1477 1.20447E+00 4.50000E+01 1.14222E-01
 -1      1478 1.16869E+00 4.50000E+01 1.32117E-01
 -1      1479 1.19553E+00 4.50000E+01 1.85778E-01
 -1      1480 1.23131E+00 4.50000E+01 1.67883E-01
 -1      1485-1.19553E+00 4.50000E+01 1.81422E+00
 -1      1486-1.23131E+00 4.50000E+01 1.83212E+00
 -1      1487-1.20447E+00 4.50000E+01 1.88578E+00
 -1      1488-1.16869E+00 4.50000E+01 1.86788E+00
 -1      1493 1.20447E+00 4.50000E+01 2.11422E+00
 -1      1494 1.16869E+00 4.50000E+01 2.13212E+00
 -1      1495 1.19553E+00 4.50000E+01 2.18578E+00
 -1      1496 1.23131E+00 4.50000E+01 2.16788E+00
 -1      1501 0.00000E+00-6.99992E-02-1.20023E-02
 -1      1502 0.00000E+00-3.79975E-02-3.60001E-02
 -1      1503 0.00000E+00-2.00083E-03 1.20023E-02
 -1      1504 0.00000E+00-3.40025E-02 3.60001E-02
 -1      1509 0.00000E+00 2.00083E-03 1.98800E+00
 -1      1510 0.00000E+00 3.40025E-02 1.96400E+00
 -1      1511 0.00000E+00 6.99992E-02 2.01200E+00
 -1      1512 0.00000E+00 3.79975E-02 2.03600E+00
 -1      1517-1.23329E+00 1.61495E-02 1.00000E+00
 -1      1518-1.20002E+00-6.05551E-03 1.00000E+00
 -1      1519-1.16671E+00 4.38505E-02 1.00000E+00
 -1      1520-1.19998E+00 6.60555E-02 1.00000E+00
 -1      1525 1.16671E+00-4.38505E-02 1.00000E+00
 -1      1526 1.19998E+00-6.60555E-02 1.00000E+00
 -1      1527 1.23329E+00-1.61495E-02 1.00000E+00
 -1      1528 1.20002E+00 6.05551E-03 1.00000E+00
 -1      1533 0.00000E+00 9.93000E+00-1.20023E-02
 -1      1534 0.00000E+00 9.96200E+00-3.60001E-02
 -1      1535 0.00000E+00 9.99800E+00 1.20023E-02
 -1      1536 0.00000E+00 9.96600E+00 3.60001E-02
 -1      1541 0.00000E+00 1.00020E+01 1.98800E+00
 -1      1542 0.00000E+00 1.00340E+01 1.96400E+00
 -1      1543 0.00000E+00 1.00700E+01 2.01200E+00
 -1      1544 0.00000E+00 1.00380E+01 2.03600E+00
 -1      1549-1.23329E+00 1.00161E+01 1.00000E+00
 -1      1550-1.20002E+00 9.99394E+00 1.00000E+00
 -1      1551-1.16671E+00 1.00439E+01 1.00000E+00
 -1      1552-1.19998E+00 1.00661E+01 1.00000E+00
 -1      1557 1.16671E+00 9.95615E+00 1.00000E+00
 -1      1558 1.19998E+00 9.93394E+00 1.00000E+00
 -1      1559 1.23329E+00 9.98385E+00 1.00000E+00
 -1      1560 1.20002E+00 1.00061E+01 1.00000E+00
 -1      1565 0.00000E+00 1.99300E+01-1.20023E-02
 -1      1566 0.00000E+00 1.99620E+01-3.60001E-02
 -1      1567 0.00000E+00 1.99980E+01 1.20023E-02
 -1      1568 0.00000E+00 1.99660E+01 3.60001E-02
 -1      1573 0.00000E+00 2.00020E+01 1.98800E+00
 -1      1574 0.00000E+00 2.00340E+01 1.96400E+00
 -1      1575 0.00000E+00 2.00700E+01 2.01200E+00
 -1      1576 0.00000E+00 2.00380E+01 2.03600E+00
 -1      1581-1.23329E+00 2.00161E+01 1.00000E+00
 -1      1582-1.20002E+00 1.99939E+01 1.00000E+00
 -1      1583-1.16671E+00 2.00438E+01 1.00000E+00
 -1      1584-1.19998E+00 2.00661E+01 1.00000E+00
 -1      1589 1.16671E+00 1.99562E+01 1.00000E+00
 -1      1590 1.19998E+00 1.99339E+01 1.00000E+00
 -1      1591 1.23329E+00 1.99839E+01 1.00000E+00
 -1      1592 1.20002E+00 2.00061E+01 1.00000E+00
 -1      1597 0.00000E+00 2.99300E+01-1.20023E-02
 -1      1598 0.00000E+00 2.99620E+01-3.60001E-02
 -1      1599 0.00000E+00 2.99980E+01 1.20023E-02
 -1      1600 0.00000E+00 2.99660E+01 3.60001E-02
 -1      1605 0.00000E+00 3.00020E+01 1.98800E+00
 -1      1606 0.00000E+00 3.00340E+01 1.96400E+00
 -1      1607 0.00000E+00 3.00700E+01 2.01200E+00
 -1      1608 0.00000E+00 3.00380E+01 2.03600E+00
 -1      1613-1.23329E+00 3.00161E+01 1.00000E+00
 -1      1614-1.20002E+00 2.99939E+01 1.00000E+00
 -1      1615-1.16671E+00 3.00438E+01 1.00000E+00
 -1      1616-1.19998E+00 3.00661E+01 1.00000E+00
 -1      1621 1.16671E+00 2.99562E+01 1.00000E+00
 -1      1622 1.19998E+00 2.99339E+01 1.00000E+00
 -1      1623 1.23329E+00 2.99839E+01 1.00000E+00
 -1      1624 1.20002E+00 3.00061E+01 1.00000E+00
 -1      1629 0.00000E+00 3.99300E+01-1.20023E-02
 -1      1630 0.00000E+00 3.99620E+01-3.60001E-02
 -1      1631 0.00000E+00 3.99980E+01 1.20023E-02
 -1      1632 0.00000E+00 3.99660E+01 3.60001E-02
 -1      1637 0.00000E+00 4.00020E+01 1.98800E+00
 -1      1638 0.00000E+00 4.00340E+01 1.96400E+00
 -1      1639 0.00000E+00 4.00700E+01 2.01200E+00
 -1      1640 0.00000E+00 4.00380E+01 2.03600E+00
 -1      1645-1.23329E+00 4.00161E+01 1.00000E+00
 -1      1646-1.20002E+00 3.99939E+01 1.00000E+00
 -1      1647-1.16671E+00 4.00438E+01 1.00000E+00
 -1      1648-1.19998E+00 4.00661E+01 1.00000E+00
 -1      1653 1.16671E+00 3.99562E+01 1.00000E+00
 -1      1654 1.19998E+00 3.99339E+01 1.00000E+00
 -1      1655 1.23329E+00 3.99839E+01 1.00000E+00
 -1      1656 1.20002E+00 4.00061E+01 1.00000E+00
 -1      1661 0.00000E+00 4.99300E+01-1.20023E-02
 -1      1662 0.00000E+00 4.99620E+01-3.60001E-02
 -1      1663 0.00000E+00 4.99980E+01 1.20023E-02
 -1      1664 0.00000E+00 4.99660E+01 3.60001E-02
 -1      1669 0.00000E+00 5.00020E+01 1.98800E+00
 -1      1670 0.00000E+00 5.00340E+01 1.96400E+00
 -1      1671 0.00000E+00 5.00700E+01 2.01200E+00
 -1      1672 0.00000E+00 5.00380E+01 2.03600E+00
 -1      1677-1.23329E+00 5.00161E+01 1.00000E+00
 -1      1678-1.20002E+00 4.99939E+01 1.00000E+00
 -1      1679-1.16671E+00 5.00438E+01 1.00000E+00
 -1      1680-1.19998E+00 5.00661E+01 1.00000E+00
 -1      1685 1.16671E+00 4.99562E+01 1.00000E+00
 -1      1686 1.19998E+00 4.99339E+01 1.00000E+00
 -1      1687 1.23329E+00 4.99839E+01 1.00000E+00
 -1      1688 1.20002E+00 5.00061E+01 1.00000E+00
 -1      1693-1.19777E+00 2.52721E+00 3.58451E-01
 -1      1694-1.23236E+00 2.52386E+00 3.78258E-01
 -1      1695-1.20223E+00 2.51522E+00 4.29417E-01
 -1      1696-1.16764E+00 2.51856E+00 4.09610E-01
 -1      1701-1.19829E+00 5.03706E+00 8.14685E-01
 -1      1702-1.23259E+00 5.03303E+00 8.34866E-01
 -1      1703-1.20171E+00 5.02294E+00 8.85315E-01
 -1      1704-1.16741E+00 5.02697E+00 8.65134E-01
 -1      1709-1.19884E+00 7.52934E+00 1.35882E+00
 -1      1710-1.23282E+00 7.52458E+00 1.37939E+00
 -1      1711-1.20116E+00 7.51309E+00 1.42904E+00
 -1      1712-1.16718E+00 7.51785E+00 1.40848E+00
 -1      1717-1.19407E+00 2.51529E+00 1.57100E+00
 -1      1718-1.23055E+00 2.51802E+00 1.58719E+00
 -1      1719-1.20593E+00 2.52714E+00 1.64113E+00
 -1      1720-1.16945E+00 2.52440E+00 1.62495E+00
 -1      1725-1.19388E+00 5.02303E+00 1.11516E+00
 -1      1726-1.23044E+00 5.02621E+00 1.13106E+00
 -1      1727-1.20612E+00 5.03697E+00 1.18484E+00
 -1      1728-1.16956E+00 5.03379E+00 1.16894E+00
 -1      1733-1.19370E+00 7.51321E+00 5.71480E-01
 -1      1734-1.23034E+00 7.51682E+00 5.87095E-01
 -1      1735-1.20630E+00 7.52922E+00 6.40652E-01
 -1      1736-1.16966E+00 7.52560E+00 6.25037E-01
 -1      1741 1.20223E+00 2.52721E+00 3.58451E-01
 -1      1742 1.16764E+00 2.52386E+00 3.78258E-01
 -1      1743 1.19777E+00 2.51522E+00 4.29417E-01
 -1      1744 1.23236E+00 2.51856E+00 4.09610E-01
 -1      1749 1.20171E+00 5.03706E+00 8.14685E-01
 -1      1750 1.16741E+00 5.03303E+00 8.34866E-01
 -1      1751 1.19829E+00 5.02294E+00 8.85315E-01
 -1      1752 1.23259E+00 5.02697E+00 8.65134E-01
 -1      1757 1.20116E+00 7.52934E+00 1.35882E+00
 -1      1758 1.16718E+00 7.52458E+00 1.37939E+00
 -1      1759 1.19884E+00 7.51309E+00 1.42904E+00
 -1      1760 1.23282E+00 7.51785E+00 1.40848E+00
 -1      1765 1.20593E+00 2.51529E+00 1.57100E+00
 -1      1766 1.16945E+00 2.51802E+00 1.58719E+00
 -1      1767 1.19407E+00 2.52714E+00 1.64113E+00
 -1      1768 1.23055E+00 2.52440E+00 1.62495E+00
 -1      1773 1.20612E+00 5.02303E+00 1.11516E+00
 -1      1774 1.16956E+00 5.02621E+00 1.13106E+00
 -1      1775 1.19388E+00 5.03697E+00 1.18484E+00
 -1      1776 1.23044E+00 5.03379E+00 1.16894E+00
 -1      1781 1.20630E+00 7.51321E+00 5.71480E-01
 -1      1782 1.16966E+00 7.51682E+00 5.87095E-01
 -1      1783 1.19370E+00 7.52922E+00 6.40652E-01
 -1      1784 1.23034E+00 7.52560E+00 6.25037E-01
 -1      1789-4.83328E-01 2.47166E+00-3.43393E-02
 -1      1790-5.20442E-01 2.48175E+00-2.33534E-02
 -1      1791-5.04540E-01 2.47743E+00 3.43393E-02
 -1      1792-4.67426E-01 2.46734E+00 2.33534E-02
 -1      1797 1.59904E-01 4.96162E+00-3.45869E-02
 -1      1798 1.22764E-01 4.97054E+00-2.27046E-02
 -1      1799 1.40096E-01 4.96638E+00 3.45869E-02
 -1      1800 1.77236E-01 4.95746E+00 2.27046E-02
 -1      1805 7.15261E-01 7.47263E+00-3.48107E-02
 -1      1806 6.78146E-01 7.48037E+00-2.20585E-02
 -1      1807 6.96871E-01 7.47646E+00 3.48107E-02
 -1      1808 7.33986E-01 7.46872E+00 2.20585E-02
 -1      1813 4.93632E-01 2.47446E+00-3.60542E-02
 -1      1814 4.61704E-01 2.46578E+00-1.35783E-02
 -1      1815 4.94236E-01 2.47463E+00 3.60542E-02
 -1      1816 5.26164E-01 2.48331E+00 1.35783E-02
 -1      1821-1.49866E-01 4.96403E+00-3.60553E-02
 -1      1822-1.82311E-01 4.95625E+00-1.39944E-02
 -1      1823-1.50134E-01 4.96397E+00 3.60553E-02
 -1      1824-1.17689E-01 4.97175E+00 1.39944E-02
 -1      1829-7.05470E-01 7.47467E+00-3.60504E-02
 -1      1830-7.38413E-01 7.46780E+00-1.44278E-02
 -1      1831-7.06662E-01 7.47442E+00 3.60504E-02
 -1      1832-6.73719E-01 7.48129E+00 1.44278E-02
 -1      1837-4.83328E-01 2.47166E+00 1.96566E+00
 -1      1838-5.20442E-01 2.48175E+00 1.97665E+00
 -1      1839-5.04540E-01 2.47743E+00 2.03434E+00
 -1      1840-4.67426E-01 2.46734E+00 2.02335E+00
 -1      1845 1.59904E-01 4.96162E+00 1.96541E+00
 -1      1846 1.22764E-01 4.97054E+00 1.97730E+00
 -1      1847 1.40096E-01 4.96638E+00 2.03459E+00
 -1      1848 1.77236E-01 4.95746E+00 2.02270E+00
 -1      1853 7.15261E-01 7.47263E+00 1.96519E+00
 -1      1854 6.78146E-01 7.48037E+00 1.97794E+00
 -1      1855 6.96871E-01 7.47646E+00 2.03481E+00
 -1      1856 7.33986E-01 7.46872E+00 2.02206E+00
 -1      1861 4.93632E-01 2.47446E+00 1.96395E+00
 -1      1862 4.61704E-01 2.46578E+00 1.98642E+00
 -1      1863 4.94236E-01 2.47463E+00 2.03605E+00
 -1      1864 5.26164E-01 2.48331E+00 2.01358E+00
 -1      1869-1.49866E-01 4.96403E+00 1.96394E+00
 -1      1870-1.82311E-01 4.95625E+00 1.98601E+00
 -1      1871-1.50134E-01 4.96397E+00 2.03606E+00
 -1      1872-1.17689E-01 4.97175E+00 2.01399E+00
 -1      1877-7.05470E-01 7.47467E+00 1.96395E+00
 -1      1878-7.38413E-01 7.46780E+00 1.98557E+00
 -1      1879-7.06662E-01 7.47442E+00 2.03605E+00
 -1      1880-6.73719E-01 7.48129E+00 2.01443E+00
 -1      1885-1.19830E+00 1.50371E+01 8.14684E-01
 -1      1886-1.23259E+00 1.50330E+01 8.34874E-01
 -1      1887-1.20170E+00 1.50229E+01 8.85316E-01
 -1      1888-1.16741E+00 1.50270E+01 8.65126E-01
 -1      1893-1.19388E+00 1.50230E+01 1.11516E+00
 -1      1894-1.23044E+00 1.50262E+01 1.13106E+00
 -1      1895-1.20612E+00 1.50370E+01 1.18484E+00
 -1      1896-1.16956E+00 1.50338E+01 1.16894E+00
 -1      1901 1.20170E+00 1.50371E+01 8.14684E-01
 -1      1902 1.16741E+00 1.50330E+01 8.34874E-01
 -1      1903 1.19830E+00 1.50229E+01 8.85316E-01
 -1      1904 1.23259E+00 1.50270E+01 8.65126E-01
 -1      1909 1.20612E+00 1.50230E+01 1.11516E+00
 -1      1910 1.16956E+00 1.50262E+01 1.13106E+00
 -1      1911 1.19388E+00 1.50370E+01 1.18484E+00
 -1      1912 1.23044E+00 1.50338E+01 1.16894E+00
 -1      1917 1.59908E-01 1.49616E+01-3.45858E-02
 -1      1918 1.22767E-01 1.49705E+01-2.27077E-02
 -1      1919 1.40092E-01 1.49664E+01 3.45858E-02
 -1      1920 1.77233E-01 1.49575E+01 2.27077E-02
 -1      1925-1.49864E-01 1.49640E+01-3.60552E-02
 -1      1926-1.82310E-01 1.49562E+01-1.39967E-02
 -1      1927-1.50136E-01 1.49640E+01 3.60552E-02
 -1      1928-1.17690E-01 1.49718E+01 1.39967E-02
 -1      1933 1.59908E-01 1.49616E+01 1.96541E+00
 -1      1934 1.22767E-01 1.49705E+01 1.97729E+00
 -1      1935 1.40092E-01 1.49664E+01 2.03459E+00
 -1      1936 1.77233E-01 1.49575E+01 2.02271E+00
 -1      1941-1.49864E-01 1.49640E+01 1.96394E+00
 -1      1942-1.82310E-01 1.49562E+01 1.98600E+00
 -1      1943-1.50136E-01 1.49640E+01 2.03606E+00
 -1      1944-1.17690E-01 1.49718E+01 2.01400E+00
 -1      1949-1.19830E+00 2.50371E+01 8.14684E-01
 -1      1950-1.23259E+00 2.50330E+01 8.34874E-01
 -1      1951-1.20170E+00 2.50229E+01 8.85316E-01
 -1      1952-1.16741E+00 2.50270E+01 8.65126E-01
 -1      1957-1.19388E+00 2.50230E+01 1.11516E+00
 -1      1958-1.23044E+00 2.50262E+01 1.13106E+00
 -1      1959-1.20612E+00 2.50370E+01 1.18484E+00
 -1      1960-1.16956E+00 2.50338E+01 1.16894E+00
 -1      1965 1.20170E+00 2.50371E+01 8.14684E-01
 -1      1966 1.16741E+00 2.50330E+01 8.34874E-01
 -1      1967 1.19830E+00 2.50229E+01 8.85316E-01
 -1      1968 1.23259E+00 2.50270E+01 8.65126E-01
 -1      1973 1.20612E+00 2.50230E+01 1.11516E+00
 -1      1974 1.16956E+00 2.50262E+01 1.13106E+00
 -1      1975 1.19388E+00 2.50370E+01 1.18484E+00
 -1      1976 1.23044E+00 2.50338E+01 1.16894E+00
 -1      1981 1.59908E-01 2.49616E+01-3.45858E-02
 -1      1982 1.22767E-01 2.49705E+01-2.27077E-02
 -1      1983 1.40092E-01 2.49664E+01 3.45858E-02
 -1      1984 1.77233E-01 2.49575E+01 2.27077E-02
 -1      1989-1.49864E-01 2.49640E+01-3.60552E-02
 -1      1990-1.82310E-01 2.49562E+01-1.39967E-02
 -1      1991-1.50136E-01 2.49640E+01 3.60552E-02
 -1      1992-1.17690E-01 2.49718E+01 1.39967E-02
 -1      1997 1.59908E-01 2.49616E+01 1.96541E+00
 -1      1998 1.22767E-01 2.49705E+01 1.97729E+00
 -1      1999 1.40092E-01 2.49664E+01 2.03459E+00
 -1      2000 1.77233E-01 2.49575E+01 2.02271E+00
 -1      2005-1.49864E-01 2.49640E+01 1.96394E+00
 -1      2006-1.82310E-01 2.49562E+01 1.98600E+00
 -1      2007-1.50136E-01 2.49640E+01 2.03606E+00
 -1      2008-1.17690E-01 2.49718E+01 2.01400E+00
 -1      2013-1.19830E+00 3.50371E+01 8.14684E-01
 -1      2014-1.23259E+00 3.50330E+01 8.34874E-01
 -1      2015-1.20170E+00 3.50229E+01 8.85316E-01
 -1      2016-1.16741E+00 3.50270E+01 8.65126E-01
 -1      2021-1.19388E+00 3.50230E+01 1.11516E+00
 -1      2022-1.23044E+00 3.50262E+01 1.13106E+00
 -1      2023-1.20612E+00 3.50370E+01 1.18484E+00
 -1      2024-1.16956E+00 3.50338E+01 1.16894E+00
 -1      2029 1.20170E+00 3.50371E+01 8.14684E-01
 -1      2030 1.16741E+00 3.50330E+01 8.34874E-01
 -1      2031 1.19830E+00 3.50229E+01 8.85316E-01
 -1      2032 1.23259E+00 3.50270E+01 8.65126E-01
 -1      2037 1.20612E+00 3.50230E+01 1.11516E+00
 -1      2038 1.16956E+00 3.50262E+01 1.13106E+00
 -1      2039 1.19388E+00 3.50370E+01 1.18484E+00
 -1      2040 1.23044E+00 3.50338E+01 1.16894E+00
 -1      2045 1.59908E-01 3.49616E+01-3.45858E-02
 -1      2046 1.22767E-01 3.49705E+01-2.27077E-02
 -1      2047 1.40092E-01 3.49664E+01 3.45858E-02
 -1      2048 1.77233E-01 3.49575E+01 2.27077E-02
 -1      2053-1.49864E-01 3.49640E+01-3.60552E-02
 -1      2054-1.82310E-01 3.49562E+01-1.39967E-02
 -1      2055-1.50136E-01 3.49640E+01 3.60552E-02
 -1      2056-1.17690E-01 3.49718E+01 1.39967E-02
 -1      2061 1.59908E-01 3.49616E+01 1.96541E+00
 -1      2062 1.22767E-01 3.49705E+01 1.97729E+00
 -1      2063 1.40092E-01 3.49664E+01 2.03459E+00
 -1      2064 1.77233E-01 3.49575E+01 2.02271E+00
 -1      2069-1.49864E-01 3.49640E+01 1.96394E+00
 -1      2070-1.82310E-01 3.49562E+01 1.98600E+00
 -1      2071-1.50136E-01 3.49640E+01 2.03606E+00
 -1      2072-1.17690E-01 3.49718E+01 2.01400E+00
 -1      2077-1.19777E+00 4.25272E+01 3.58451E-01
 -1      2078-1.23236E+00 4.25239E+01 3.78258E-01
 -1      2079-1.20223E+00 4.25152E+01 4.29417E-01
 -1      2080-1.16764E+00 4.25186E+01 4.09610E-01
 -1      2085-1.19829E+00 4.50371E+01 8.14685E-01
 -1      2086-1.23259E+00 4.50330E+01 8.34866E-01
 -1      2087-1.20171E+00 4.50229E+01 8.85315E-01
 -1      2088-1.16741E+00 4.50270E+01 8.65134E-01
 -1      2093-1.19884E+00 4.75293E+01 1.35882E+00
 -1      2094-1.23282E+00 4.75246E+01 1.37939E+00
 -1      2095-1.20116E+00 4.75131E+01 1.42904E+00
 -1      2096-1.16718E+00 4.75178E+01 1.40848E+00
 -1      2101-1.19407E+00 4.25153E+01 1.57100E+00
 -1      2102-1.23055E+00 4.25180E+01 1.58719E+00
 -1      2103-1.20593E+00 4.25271E+01 1.64113E+00
 -1      2104-1.16945E+00 4.25244E+01 1.62495E+00
 -1      2109-1.19388E+00 4.50230E+01 1.11516E+00
 -1      2110-1.23044E+00 4.50262E+01 1.13106E+00
 -1      2111-1.20612E+00 4.50370E+01 1.18484E+00
 -1      2112-1.16956E+00 4.50338E+01 1.16894E+00
 -1      2117-1.19370E+00 4.75132E+01 5.71480E-01
 -1      2118-1.23034E+00 4.75168E+01 5.87095E-01
 -1      2119-1.20630E+00 4.75292E+01 6.40652E-01
 -1      2120-1.16966E+00 4.75256E+01 6.25037E-01
 -1      2125 1.20223E+00 4.25272E+01 3.58451E-01
 -1      2126 1.16764E+00 4.25239E+01 3.78258E-01
 -1      2127 1.19777E+00 4.25152E+01 4.29417E-01
 -1      2128 1.23236E+00 4.25186E+01 4.09610E-01
 -1      2133 1.20171E+00 4.50371E+01 8.14685E-01
 -1      2134 1.16741E+00 4.50330E+01 8.34866E-01
 -1      2135 1.19829E+00 4.50229E+01 8.85315E-01
 -1      2136 1.23259E+00 4.50270E+01 8.65134E-01
 -1      2141 1.20116E+00 4.75293E+01 1.35882E+00
 -1      2142 1.16718E+00 4.75246E+01 1.37939E+00
 -1      2143 1.19884E+00 4.75131E+01 1.42904E+00
 -1      2144 1.23282E+00 4.75178E+01 1.40848E+00
 -1      2149 1.20593E+00 4.25153E+01 1.57100E+00
 -1      2150 1.16945E+00 4.25180E+01 1.58719E+00
 -1      2151 1.19407E+00 4.25271E+01 1.64113E+00
 -1      2152 1.23055E+00 4.25244E+01 1.62495E+00
 -1      2157 1.20612E+00 4.50230E+01 1.11516E+00
 -1      2158 1.16956E+00 4.50262E+01 1.13106E+00
 -1      2159 1.19388E+00 4.50370E+01 1.18484E+00
 -1      2160 1.23044E+00 4.50338E+01 1.16894E+00
 -1      2165 1.20630E+00 4.75132E+01 5.71480E-01
 -1      2166 1.16966E+00 4.75168E+01 5.87095E-01
 -1      2167 1.19370E+00 4.75292E+01 6.40652E-01
 -1      2168 1.23034E+00 4.75256E+01 6.25037E-01
 -1      2173-4.83328E-01 4.24717E+01-3.43393E-02
 -1      2174-5.20442E-01 4.24818E+01-2.33534E-02
 -1      2175-5.04540E-01 4.24774E+01 3.43393E-02
 -1      2176-4.67426E-01 4.24673E+01 2.33534E-02
 -1      2181 1.59904E-01 4.49616E+01-3.45869E-02
 -1      2182 1.22764E-01 4.49705E+01-2.27046E-02
 -1      2183 1.40096E-01 4.49664E+01 3.45869E-02
 -1      2184 1.77236E-01 4.49575E+01 2.27046E-02
 -1      2189 7.15261E-01 4.74726E+01-3.48107E-02
 -1      2190 6.78146E-01 4.74804E+01-2.20585E-02
 -1      2191 6.96871E-01 4.74765E+01 3.48107E-02
 -1      2192 7.33986E-01 4.74687E+01 2.20585E-02
 -1      2197 4.93632E-01 4.24745E+01-3.60542E-02
 -1      2198 4.61704E-01 4.24658E+01-1.35783E-02
 -1      2199 4.94236E-01 4.24746E+01 3.60542E-02
 -1      2200 5.26164E-01 4.24833E+01 1.35783E-02
 -1      2205-1.49866E-01 4.49640E+01-3.60553E-02
 -1      2206-1.82311E-01 4.49562E+01-1.39944E-02
 -1      2207-1.50134E-01 4.49640E+01 3.60553E-02
 -1      2208-1.17689E-01 4.49718E+01 1.39944E-02
 -1      2213-7.05470E-01 4.74747E+01-3.60504E-02
 -1      2214-7.38413E-01 4.74678E+01-1.44278E-02
 -1      2215-7.06662E-01 4.74744E+01 3.60504E-02
 -1      2216-6.73719E-01 4.74813E+01 1.44278E-02
 -1      2221-4.83328E-01 4.24717E+01 1.96566E+00
 -1      2222-5.20442E-01 4.24818E+01 1.97665E+00
 -1      2223-5.04540E-01 4.24774E+01 2.03434E+00
 -1      2224-4.67426E-01 4.24673E+01 2.02335E+00
 -1      2229 1.59904E-01 4.49616E+01 1.96541E+00
 -1      2230 1.22764E-01 4.49705E+01 1.97730E+00
 -1      2231 1.40096E-01 4.49664E+01 2.03459E+00
 -1      2232 1.77236E-01 4.49575E+01 2.02270E+00
 -1      2237 7.15261E-01 4.74726E+01 1.96519E+00
 -1      2238 6.78146E-01 4.74804E+01 1.97794E+00
 -1      2239 6.96871E-01 4.74765E+01 2.03481E+00
 -1      2240 7.33986E-01 4.74687E+01 2.02206E+00
 -1      2245 4.93632E-01 4.24745E+01 1.96395E+00
 -1      2246 4.61704E-01 4.24658E+01 1.98642E+00
 -1      2247 4.94236E-01 4.24746E+01 2.03605E+00
 -1      2248 5.26164E-01 4.24833E+01 2.01358E+00
 -1      2253-1.49866E-01 4.49640E+01 1.96394E+00
 -1      2254-1.82311E-01 4.49562E+01 1.98601E+00
 -1      2255-1.50134E-01 4.49640E+01 2.03606E+00
 -1      2256-1.17689E-01 4.49718E+01 2.01399E+00
 -1      2261-7.05470E-01 4.74747E+01 1.96395E+00
 -1      2262-7.38413E-01 4.74678E+01 1.98557E+00
 -1      2263-7.06662E-01 4.74744E+01 2.03605E+00
 -1      2264-6.73719E-01 4.74813E+01 2.01443E+00
 -3
    3C                           200                                     1
 -1         1    1    0    1
 -2       141      1341      1342       142       144      1344      1343       143
 -1         2    1    0    1
 -2      1341       341       342      1342      1344       344       343      1343
 -1         3    1    0    1
 -2       191      1349      1350       192       194      1352      1351       193
 -1         4    1    0    1
 -2      1349       391       392      1350      1352       394       393      1351
 -1         5    1    0    1
 -2       241      1357      1358       242       244      1360      1359       243
 -1         6    1    0    1
 -2      1357       441       442      1358      1360       444       443      1359
 -1         7    1    0    1
 -2       291      1365      1366       292       294      1368      1367       293
 -1         8    1    0    1
 -2      1365       491       492      1366      1368       494       493      1367
 -1         9    1    0    1
 -2       341      1373      1374       342       344      1376      1375       343
 -1        10    1    0    1
 -2      1373       541       542      1374      1376       544       543      1375
 -1        11    1    0    1
 -2       391      1381      1382       392       394      1384      1383       393
 -1        12    1    0    1
 -2      1381       591       592      1382      1384       594       593      1383
 -1        13    1    0    1
 -2       441      1389      1390       442       444      1392      1391       443
 -1        14    1    0    1
 -2      1389       641       642      1390      1392       644       643      1391
 -1        15    1    0    1
 -2       491      1397      1398       492       494      1400      1399       493
 -1        16    1    0    1
 -2      1397       691       692      1398      1400       694       693      1399
 -1        17    1    0    1
 -2       541      1405      1406       542       544      1408      1407       543
 -1        18    1    0    1
 -2      1405       741       742      1406      1408       744       743      1407
 -1        19    1    0    1
 -2       591      1413      1414       592       594      1416      1415       593
 -1        20    1    0    1
 -2      1413       791       792      1414      1416       794       793      1415
 -1        21    1    0    1
 -2       641      1421      1422       642       644      1424      1423       643
 -1        22    1    0    1
 -2      1421       841       842      1422      1424       844       843      1423
 -1        23    1    0    1
 -2       691      1429      1430       692       694      1432      1431       693
 -1        24    1    0    1
 -2      1429       891       892      1430      1432       894       893      1431
 -1        25    1    0    1
 -2       741      1437      1438       742       744      1440      1439       743
 -1        26    1    0    1
 -2      1437       941       942      1438      1440       944       943      1439
 -1        27    1    0    1
 -2       791      1445      1446       792       794      1448      1447       793
 -1        28    1    0    1
 -2      1445       991       992      1446      1448       994       993      1447
 -1        29    1    0    1
 -2       841      1453      1454       842       844      1456      1455       843
 -1        30    1    0    1
 -2      1453      1041      1042      1454      1456      1044      1043      1455
 -1        31    1    0    1
 -2       891      1461      1462       892       894      1464      1463       893
 -1        32    1    0    1
 -2      1461      1091      1092      1462      1464      1094      1093      1463
 -1        33    1    0    1
 -2       941      1469      1470       942       944      1472      1471       943
 -1        34    1    0    1
 -2      1469      1141      1142      1470      1472      1144      1143      1471
 -1        35    1    0    1
 -2       991      1477      1478       992       994      1480      1479       993
 -1        36    1    0    1
 -2      1477      1191      1192      1478      1480      1194      1193      1479
 -1        37    1    0    1
 -2      1041      1485      1486      1042      1044      1488      1487      1043
 -1        38    1    0    1
 -2      1485      1241      1242      1486      1488      1244      1243      1487
 -1        39    1    0    1
 -2      1091      1493      1494      1092      1094      1496      1495      1093
 -1        40    1    0    1
 -2      1493      1291      1292      1494      1496      1294      1293      1495
 -1        41    1    0    1
 -2       149      1501      1502       150       152      1504      1503       151
 -1        42    1    0    1
 -2      1501       199       200      1502      1504       202       201      1503
 -1        43    1    0    1
 -2       249      1509      1510       250       252      1512      1511       251
 -1        44    1    0    1
 -2      1509       299       300      1510      1512       302       301      1511
 -1        45    1    0    1
 -2       157      1517      1518       158       160      1520      1519       159
 -1        46    1    0    1
 -2      1517       257       258      1518      1520       260       259      1519
 -1        47    1    0    1
 -2       207      1525      1526       208       210      1528      1527       209
 -1        48    1    0    1
 -2      1525       307       308      1526      1528       310       309      1527
 -1        49    1    0    1
 -2       349      1533      1534       350       352      1536      1535       351
 -1        50    1    0    1
 -2      1533       399       400      1534      1536       402       401      1535
 -1        51    1    0    1
 -2       449      1541      1542       450       452      1544      1543       451
 -1        52    1    0    1
 -2      1541       499       500      1542      1544       502       501      1543
 -1        53    1    0    1
 -2       357      1549      1550       358       360      1552      1551       359
 -1        54    1    0    1
 -2      1549       457       458      1550      1552       460       459      1551
 -1        55    1    0    1
 -2       407      1557      1558       408       410      1560      1559       409
 -1        56    1    0    1
 -2      1557       507       508      1558      1560       510       509      1559
 -1        57    1    0    1
 -2       549      1565      1566       550       552      1568      1567       551
 -1        58    1    0    1
 -2      1565       599       600      1566      1568       602       601      1567
 -1        59    1    0    1
 -2       649      1573      1574       650       652      1576      1575       651
 -1        60    1    0    1
 -2      1573       699       700      1574      1576       702       701      1575
 -1        61    1    0    1
 -2       557      1581      1582       558       560      1584      1583       559
 -1        62    1    0    1
 -2      1581       657       658      1582      1584       660       659      1583
 -1        63    1    0    1
 -2       607      1589      1590       608       610      1592      1591       609
 -1        64    1    0    1
 -2      1589       707       708      1590      1592       710       709      1591
 -1        65    1    0    1
 -2       749      1597      1598       750       752      1600      1599       751
 -1        66    1    0    1
 -2      1597       799       800      1598      1600       802       801      1599
 -1        67    1    0    1
 -2       849      1605      1606       850       852      1608      1607       851
 -1        68    1    0    1
 -2      1605       899       900      1606      1608       902       901      1607
 -1        69    1    0    1
 -2       757      1613      1614       758       760      1616      1615       759
 -1        70    1    0    1
 -2      1613       857       858      1614      1616       860       859      1615
 -1        71    1    0    1
 -2       807      1621      1622       808       810      1624      1623       809
 -1        72    1    0    1
 -2      1621       907       908      1622      1624       910       909      1623
 -1        73    1    0    1
 -2       949      1629      1630       950       952      1632      1631       951
 -1        74    1    0    1
 -2      1629       999      1000      1630      1632      1002      1001      1631
 -1        75    1    0    1
 -2      1049      1637      1638      1050      1052      1640      1639      1051
 -1        76    1    0    1
 -2      1637      1099      1100      1638      1640      1102      1101      1639
 -1        77    1    0    1
 -2       957      1645      1646       958       960      1648      1647       959
 -1        78    1    0    1
 -2      1645      1057      1058      1646      1648      1060      1059      1647
 -1        79    1    0    1
 -2      1007      1653      1654      1008      1010      1656      1655      1009
 -1        80    1    0    1
 -2      1653      1107      1108      1654      1656      1110      1109      1655
 -1        81    1    0    1
 -2      1149      1661      1662      1150      1152      1664      1663      1151
 -1        82    1    0    1
 -2      1661      1199      1200      1662      1664      1202      1201      1663
 -1        83    1    0    1
 -2      1249      1669      1670      1250      1252      1672      1671      1251
 -1        84    1    0    1
 -2      1669      1299      1300      1670      1672      1302      1301      1671
 -1        85    1    0    1
 -2      1157      1677      1678      1158      1160      1680      1679      1159
 -1        86    1    0    1
 -2      1677      1257      1258      1678      1680      1260      1259      1679
 -1        87    1    0    1
 -2      1207      1685      1686      1208      1210      1688      1687      1209
 -1        88    1    0    1
 -2      1685      1307      1308      1686      1688      1310      1309      1687
 -1        89    1    0    1
 -2       141      1693      1694       142       144      1696      1695       143
 -1        90    1    0    1
 -2      1693      1701      1702      1694      1696      1704      1703      1695
 -1        91    1    0    1
 -2      1701      1709      1710      1702      1704      1712      1711      1703
 -1        92    1    0    1
 -2      1709       441       442      1710      1712       444       443      1711
 -1        93    1    0    1
 -2       241      1717      1718       242       244      1720      1719       243
 -1        94    1    0    1
 -2      1717      1725      1726      1718      1720      1728      1727      1719
 -1        95    1    0    1
 -2      1725      1733      1734      1726      1728      1736      1735      1727
 -1        96    1    0    1
 -2      1733       341       342      1734      1736       344       343      1735
 -1        97    1    0    1
 -2       191      1741      1742       192       194      1744      1743       193
 -1        98    1    0    1
 -2      1741      1749      1750      1742      1744      1752      1751      1743
 -1        99    1    0    1
 -2      1749      1757      1758      1750      1752      1760      1759      1751
 -1       100    1    0    1
 -2      1757       491       492      1758      1760       494       493      1759
 -1       101    1    0    1
 -2       291      1765      1766       292       294      1768      1767       293
 -1       102    1    0    1
 -2      1765      1773      1774      1766      1768      1776      1775      1767
 -1       103    1    0    1
 -2      1773      1781      1782      1774      1776      1784      1783      1775
 -1       104    1    0    1
 -2      1781       391       392      1782      1784       394       393      1783
 -1       105    1    0    1
 -2       141      1789      1790       142       144      1792      1791       143
 -1       106    1    0    1
 -2      1789      1797      1798      1790      1792      1800      1799      1791
 -1       107    1    0    1
 -2      1797      1805      1806      1798      1800      1808      1807      1799
 -1       108    1    0    1
 -2      1805       391       392      1806      1808       394       393      1807
 -1       109    1    0    1
 -2       191      1813      1814       192       194      1816      1815       193
 -1       110    1    0    1
 -2      1813      1821      1822      1814      1816      1824      1823      1815
 -1       111    1    0    1
 -2      1821      1829      1830      1822      1824      1832      1831      1823
 -1       112    1    0    1
 -2      1829       341       342      1830      1832       344       343      1831
 -1       113    1    0    1
 -2       241      1837      1838       242       244      1840      1839       243
 -1       114    1    0    1
 -2      1837      1845      1846      1838      1840      1848      1847      1839
 -1       115    1    0    1
 -2      1845      1853      1854      1846      1848      1856      1855      1847
 -1       116    1    0    1
 -2      1853       491       492      1854      1856       494       493      1855
 -1       117    1    0    1
 -2       291      1861      1862       292       294      1864      1863       293
 -1       118    1    0    1
 -2      1861      1869      1870      1862      1864      1872      1871      1863
 -1       119    1    0    1
 -2      1869      1877      1878      1870      1872      1880      1879      1871
 -1       120    1    0    1
 -2      1877       441       442      1878      1880       444       443      1879
 -1       121    1    0    1
 -2       341      1885      1886       342       344      1888      1887       343
 -1       122    1    0    1
 -2      1885       641       642      1886      1888       644       643      1887
 -1       123    1    0    1
 -2       441      1893      1894       442       444      1896      1895       443
 -1       124    1    0    1
 -2      1893       541       542      1894      1896       544       543      1895
 -1       125    1    0    1
 -2       391      1901      1902       392       394      1904      1903       393
 -1       126    1    0    1
 -2      1901       691       692      1902      1904       694       693      1903
 -1       127    1    0    1
 -2       491      1909      1910       492       494      1912      1911       493
 -1       128    1    0    1
 -2      1909       591       592      1910      1912       594       593      1911
 -1       129    1    0    1
 -2       341      1917      1918       342       344      1920      1919       343
 -1       130    1    0    1
 -2      1917       591       592      1918      1920       594       593      1919
 -1       131    1    0    1
 -2       391      1925      1926       392       394      1928      1927       393
 -1       132    1    0    1
 -2      1925       541       542      1926      1928       544       543      1927
 -1       133    1    0    1
 -2       441      1933      1934       442       444      1936      1935       443
 -1       134    1    0    1
 -2      1933       691       692      1934      1936       694       693      1935
 -1       135    1    0    1
 -2       491      1941      1942       492       494      1944      1943       493
 -1       136    1    0    1
 -2      1941       641       642      1942      1944       644       643      1943
 -1       137    1    0    1
 -2       541      1949      1950       542       544      1952      1951       543
 -1       138    1    0    1
 -2      1949       841       842      1950      1952       844       843      1951
 -1       139    1    0    1
 -2       641      1957      1958       642       644      1960      1959       643
 -1       140    1    0    1
 -2      1957       741       742      1958      1960       744       743      1959
 -1       141    1    0    1
 -2       591      1965      1966       592       594      1968      1967       593
 -1       142    1    0    1
 -2      1965       891       892      1966      1968       894       893      1967
 -1       143    1    0    1
 -2       691      1973      1974       692       694      1976      1975       693
 -1       144    1    0    1
 -2      1973       791       792      1974      1976       794       793      1975
 -1       145    1    0    1
 -2       541      1981      1982       542       544      1984      1983       543
 -1       146    1    0    1
 -2      1981       791       792      1982      1984       794       793      1983
 -1       147    1    0    1
 -2       591      1989      1990       592       594      1992      1991       593
 -1       148    1    0    1
 -2      1989       741       742      1990      1992       744       743      1991
 -1       149    1    0    1
 -2       641      1997      1998       642       644      2000      1999       643
 -1       150    1    0    1
 -2      1997       891       892      1998      2000       894       893      1999
 -1       151    1    0    1
 -2       691      2005      2006       692       694      2008      2007       693
 -1       152    1    0    1
 -2      2005       841       842      2006      2008       844       843      2007
 -1       153    1    0    1
 -2       741      2013      2014       742       744      2016      2015       743
 -1       154    1    0    1
 -2      2013      1041      1042      2014      2016      1044      1043      2015
 -1       155    1    0    1
 -2       841      2021      2022       842       844      2024      2023       843
 -1       156    1    0    1
 -2      2021       941       942      2022      2024       944       943      2023
 -1       157    1    0    1
 -2       791      2029      2030       792       794      2032      2031       793
 -1       158    1    0    1
 -2      2029      1091      1092      2030      2032      1094      1093      2031
 -1       159    1    0    1
 -2       891      2037      2038       892       894      2040      2039       893
 -1       160    1    0    1
 -2      2037       991       992      2038      2040       994       993      2039
 -1       161    1    0    1
 -2       741      2045      2046       742       744      2048      2047       743
 -1       162    1    0    1
 -2      2045       991       992      2046      2048       994       993      2047
 -1       163    1    0    1
 -2       791      2053      2054       792       794      2056      2055       793
 -1       164    1    0    1
 -2      2053       941       942      2054      2056       944       943      2055
 -1       165    1    0    1
 -2       841      2061      2062       842       844      2064      2063       843
 -1       166    1    0    1
 -2      2061      1091      1092      2062      2064      1094      1093      2063
 -1       167    1    0    1
 -2       891      2069      2070       892       894      2072      2071       893
 -1       168    1    0    1
 -2      2069      1041      1042      2070      2072      1044      1043      2071
 -1       169    1    0    1
 -2       941      2077      2078       942       944      2080      2079       943
 -1       170    1    0    1
 -2      2077      2085      2086      2078      2080      2088      2087      2079
 -1       171    1    0    1
 -2      2085      2093      2094      2086      2088      2096      2095      2087
 -1       172    1    0    1
 -2      2093      1241      1242      2094      2096      1244      1243      2095
 -1       173    1    0    1
 -2      1041      2101      2102      1042      1044      2104      2103      1043
 -1       174    1    0    1
 -2      2101      2109      2110      2102      2104      2112      2111      2103
 -1       175    1    0    1
 -2      2109      2117      2118      2110      2112      2120      2119      2111
 -1       176    1    0    1
 -2      2117      1141      1142      2118      2120      1144      1143      2119
 -1       177    1    0    1
 -2       991      2125      2126       992       994      2128      2127       993
 -1       178    1    0    1
 -2      2125      2133      2134      2126      2128      2136      2135      2127
 -1       179    1    0    1
 -2      2133      2141      2142      2134      2136      2144      2143      2135
 -1       180    1    0    1
 -2      2141      1291      1292      2142      2144      1294      1293      2143
 -1       181    1    0    1
 -2      1091      2149      2150      1092      1094      2152      2151      1093
 -1       182    1    0    1
 -2      2149      2157      2158      2150      2152      2160      2159      2151
 -1       183    1    0    1
 -2      2157      2165      2166      2158      2160      2168      2167      2159
 -1       184    1    0    1
 -2      2165      1191      1192      2166      2168      1194      1193      2167
 -1       185    1    0    1
 -2       941      2173      2174       942       944      2176      2175       943
 -1       186    1    0    1
 -2      2173      2181      2182      2174      2176      2184      2183      2175
 -1       187    1    0    1
 -2      2181      2189      2190      2182      2184      2192      2191      2183
 -1       188    1    0    1
 -2      2189      1191      1192      2190      2192      1194      1193      2191
 -1       189    1    0    1
 -2       991      2197      2198       992       994      2200      2199       993
 -1       190    1    0    1
 -2      2197      2205      2206      2198      2200      2208      2207      2199
 -1       191    1    0    1
 -2      2205      2213      2214      2206      2208      2216      2215      2207
 -1       192    1    0    1
 -2      2213      1141      1142      2214      2216      1144      1143      2215
 -1       193    1    0    1
 -2      1041      2221      2222      1042      1044      2224      2223      1043
 -1       194    1    0    1
 -2      2221      2229      2230      2222      2224      2232      2231      2223
 -1       195    1    0    1
 -2      2229      2237      2238      2230      2232      2240      2239      2231
 -1       196    1    0    1
 -2      2237      1291      1292      2238      2240      1294      1293      2239
 -1       197    1    0    1
 -2      1091      2245      2246      1092      1094      2248      2247      1093
 -1       198    1    0    1
 -2      2245      2253      2254      2246      2248      2256      2255      2247
 -1       199    1    0    1
 -2      2253      2261      2262      2254      2256      2264      2263      2255
 -1       200    1    0    1
 -2      2261      1241      1242      2262      2264      1244      1243      2263
 -3
    1PSTEP                         1           1           1          
  100CL  101 1.000000000           0                     0    1           1
 -4  DISP        4    1
 -5  D1          1    2    1    0
 -5  D2          1    2    2    0
 -5  D3          1    2    3    0
 -5  ALL         1    2    0    0    1ALL
 -3
 9999
