SUMMARY OF C0NVERGENCE INFORMATION
  STEP   INC  ATT   ITER     CONT.   RESID.        CORR.      RESID.      CORR.
                              EL.    FORCE         DISP       FLUX        TEMP.
                              (#)     (%)           (%)        (%)         (%)
     1     1     1     1        0  0.2382E+03  0.1000E+03  0.0000E+00  0.0000E+00
     1     1     1     2        0  0.3080E-03  0.4693E-01  0.0000E+00  0.0000E+00
     1     2     1     1        0  0.8215E-03  0.9386E-01  0.0000E+00  0.0000E+00
     1     2     1     2        0  0.0000E+00  0.3036E-05  0.0000E+00  0.0000E+00
     1     3     1     1        0  0.2000E-02  0.1173E+00  0.0000E+00  0.0000E+00
     1     3     1     2        0  0.0000E+00  0.8109E-05  0.0000E+00  0.0000E+00
     1     4     1     1        0  0.5033E-02  0.1642E+00  0.0000E+00  0.0000E+00
     1     4     1     2        0  0.0000E+00  0.2444E-04  0.0000E+00  0.0000E+00
     1     5     1     1        0  0.5057E-02  0.1877E+00  0.0000E+00  0.0000E+00
     1     5     1     2        0  0.0000E+00  0.3783E-04  0.0000E+00  0.0000E+00
     1     6     1     1        0  0.4081E-02  0.1877E+00  0.0000E+00  0.0000E+00
     1     6     1     2        0  0.0000E+00  0.4460E-04  0.0000E+00  0.0000E+00
     1     7     1     1        0  0.3409E-02  0.1876E+00  0.0000E+00  0.0000E+00
     1     7     1     2        0  0.0000E+00  0.5139E-04  0.0000E+00  0.0000E+00
     1     8     1     1        0  0.1100E+03  0.7661E+01  0.0000E+00  0.0000E+00
     1     8     1     2        0  0.1911E+00  0.9353E+00  0.0000E+00  0.0000E+00
     1     9     1     1        0  0.1921E+03  0.3155E+02  0.0000E+00  0.0000E+00
     1     9     1     2        0  0.1583E+01  0.2913E+01  0.0000E+00  0.0000E+00
     1     9     1     3        0  0.1647E-03  0.4588E-02  0.0000E+00  0.0000E+00
     1    10     1     1        0  0.3000E+03  0.4516E+02  0.0000E+00  0.0000E+00
     1    10     1     2        0  0.4324E+01  0.8674E+01  0.0000E+00  0.0000E+00
     1    10     1     3        0  0.8264E-03  0.5577E-01  0.0000E+00  0.0000E+00
     1    11     1     1        0  0.1834E+03  0.5016E+02  0.0000E+00  0.0000E+00
     1    11     1     2        0  0.4499E+02  0.1474E+02  0.0000E+00  0.0000E+00
     1    11     1     3        0  0.9087E-01  0.6398E+00  0.0000E+00  0.0000E+00
     1    12     1     1        0  0.1030E+02  0.3295E+02  0.0000E+00  0.0000E+00
     1    12     1     2        0  0.4315E+00  0.3158E+01  0.0000E+00  0.0000E+00
     1    12     1     3        0  0.7969E-04  0.9677E-02  0.0000E+00  0.0000E+00
