    1C
    1UNormalized cross-passage space-truss torsion benchmark            
    1UUSER                                                              
    1UDATE              06.august.2026                                  
    1UTIME              08:14:20                                        
    1UHOST                                                              
    1UPGM               CalculiX                                        
    1UVERSION           Version 2.21                             
    1UCOMPILETIME       Sat Jul 29 10:52:01 CEST 2023                    
    1UDIR                                                               
    1UDBN                                                               
    1UMAT    1STEEL                                                     
    2C                           784                                     1
 -1       149-1.19376E+00 9.16807E-04-3.54997E-02
 -1       150-1.23024E+00 3.62719E-03-1.93049E-02
 -1       151-1.20624E+00-9.16807E-04 3.54997E-02
 -1       152-1.16976E+00-3.62719E-03 1.93049E-02
 -1       157-1.20102E+00-3.40950E-02-1.16828E-02
 -1       158-1.20007E+00-2.33416E-03-3.59798E-02
 -1       159-1.19898E+00 3.40950E-02 1.16828E-02
 -1       160-1.19993E+00 2.33416E-03 3.59798E-02
 -1       165-1.23354E+00-1.32202E-02 3.96605E-04
 -1       166-1.20069E+00-3.60327E-02 1.08098E-03
 -1       167-1.16646E+00 1.32202E-02-3.96605E-04
 -1       168-1.19931E+00 3.60327E-02-1.08098E-03
 -1       199 1.20177E+00 2.41126E-03-3.59310E-02
 -1       200 1.16758E+00-2.03736E-03-1.56535E-02
 -1       201 1.19823E+00-2.41126E-03 3.59310E-02
 -1       202 1.23242E+00 2.03736E-03 1.56535E-02
 -1       207 1.20102E+00-3.38645E-02-1.23355E-02
 -1       208 1.20005E+00-1.64335E-03-3.60180E-02
 -1       209 1.19898E+00 3.38645E-02 1.23355E-02
 -1       210 1.19995E+00 1.64335E-03 3.60180E-02
 -1       215 1.16697E+00-1.44498E-02-4.33494E-04
 -1       216 1.20064E+00-3.60336E-02-1.08101E-03
 -1       217 1.23303E+00 1.44498E-02 4.33494E-04
 -1       218 1.19936E+00 3.60336E-02 1.08101E-03
 -1       249-1.19295E+00-2.85923E-03 1.96476E+00
 -1       250-1.22978E+00 1.50377E-03 1.97973E+00
 -1       251-1.20705E+00 2.85923E-03 2.03524E+00
 -1       252-1.17022E+00-1.50377E-03 2.02027E+00
 -1       257-1.19898E+00-3.38645E-02 1.98766E+00
 -1       258-1.19995E+00-1.64335E-03 1.96398E+00
 -1       259-1.20102E+00 3.38645E-02 2.01234E+00
 -1       260-1.20005E+00 1.64335E-03 2.03602E+00
 -1       265-1.23303E+00-1.44498E-02 1.99957E+00
 -1       266-1.19936E+00-3.60336E-02 1.99892E+00
 -1       267-1.16697E+00 1.44498E-02 2.00043E+00
 -1       268-1.20064E+00 3.60336E-02 2.00108E+00
 -1       299 1.20318E+00-1.21786E-03 1.96411E+00
 -1       300 1.16822E+00-3.65827E-03 1.98338E+00
 -1       301 1.19682E+00 1.21786E-03 2.03589E+00
 -1       302 1.23178E+00 3.65827E-03 2.01662E+00
 -1       307 1.19898E+00-3.40950E-02 1.98832E+00
 -1       308 1.19993E+00-2.33416E-03 1.96402E+00
 -1       309 1.20102E+00 3.40950E-02 2.01168E+00
 -1       310 1.20007E+00 2.33416E-03 2.03598E+00
 -1       315 1.16646E+00-1.32202E-02 2.00040E+00
 -1       316 1.19931E+00-3.60327E-02 2.00108E+00
 -1       317 1.23354E+00 1.32202E-02 1.99960E+00
 -1       318 1.20069E+00 3.60327E-02 1.99892E+00
 -1       349-1.19508E+00 9.99959E+00-3.57155E-02
 -1       350-1.23107E+00 1.00003E+01-1.82857E-02
 -1       351-1.20492E+00 1.00004E+01 3.57155E-02
 -1       352-1.16893E+00 9.99972E+00 1.82857E-02
 -1       357-1.20000E+00 9.96600E+00-1.20000E-02
 -1       358-1.20000E+00 9.99800E+00-3.60000E-02
 -1       359-1.20000E+00 1.00340E+01 1.20000E-02
 -1       360-1.20000E+00 1.00020E+01 3.60000E-02
 -1       365-1.23328E+00 9.98613E+00 0.00000E+00
 -1       366-1.20000E+00 9.96394E+00 0.00000E+00
 -1       367-1.16672E+00 1.00139E+01 0.00000E+00
 -1       368-1.20000E+00 1.00361E+01 0.00000E+00
 -1       399 1.20442E+00 9.99936E+00-3.57779E-02
 -1       400 1.16867E+00 9.99919E+00-1.78300E-02
 -1       401 1.19558E+00 1.00006E+01 3.57779E-02
 -1       402 1.23133E+00 1.00008E+01 1.78300E-02
 -1       407 1.20000E+00 9.96600E+00-1.20000E-02
 -1       408 1.20000E+00 9.99800E+00-3.60000E-02
 -1       409 1.20000E+00 1.00340E+01 1.20000E-02
 -1       410 1.20000E+00 1.00020E+01 3.60000E-02
 -1       415 1.16672E+00 9.98613E+00 0.00000E+00
 -1       416 1.20000E+00 9.96394E+00 0.00000E+00
 -1       417 1.23328E+00 1.00139E+01 0.00000E+00
 -1       418 1.20000E+00 1.00361E+01 0.00000E+00
 -1       449-1.19541E+00 1.00006E+01 1.96424E+00
 -1       450-1.23124E+00 1.00008E+01 1.98202E+00
 -1       451-1.20459E+00 9.99936E+00 2.03576E+00
 -1       452-1.16876E+00 9.99919E+00 2.01798E+00
 -1       457-1.20000E+00 9.96600E+00 1.98800E+00
 -1       458-1.20000E+00 9.99800E+00 1.96400E+00
 -1       459-1.20000E+00 1.00340E+01 2.01200E+00
 -1       460-1.20000E+00 1.00020E+01 2.03600E+00
 -1       465-1.23328E+00 9.98613E+00 2.00000E+00
 -1       466-1.20000E+00 9.96394E+00 2.00000E+00
 -1       467-1.16672E+00 1.00139E+01 2.00000E+00
 -1       468-1.20000E+00 1.00361E+01 2.00000E+00
 -1       499 1.20407E+00 1.00004E+01 1.96418E+00
 -1       500 1.16850E+00 9.99971E+00 1.98246E+00
 -1       501 1.19593E+00 9.99960E+00 2.03582E+00
 -1       502 1.23150E+00 1.00003E+01 2.01754E+00
 -1       507 1.20000E+00 9.96600E+00 1.98800E+00
 -1       508 1.20000E+00 9.99800E+00 1.96400E+00
 -1       509 1.20000E+00 1.00340E+01 2.01200E+00
 -1       510 1.20000E+00 1.00020E+01 2.03600E+00
 -1       515 1.16672E+00 9.98613E+00 2.00000E+00
 -1       516 1.20000E+00 9.96394E+00 2.00000E+00
 -1       517 1.23328E+00 1.00139E+01 2.00000E+00
 -1       518 1.20000E+00 1.00361E+01 2.00000E+00
 -1       549-1.19522E+00 1.99994E+01-3.57329E-02
 -1       550-1.23115E+00 2.00000E+01-1.81586E-02
 -1       551-1.20478E+00 2.00006E+01 3.57329E-02
 -1       552-1.16885E+00 2.00000E+01 1.81586E-02
 -1       557-1.20102E+00 1.99659E+01-1.16828E-02
 -1       558-1.20007E+00 1.99977E+01-3.59798E-02
 -1       559-1.19898E+00 2.00341E+01 1.16828E-02
 -1       560-1.19993E+00 2.00023E+01 3.59798E-02
 -1       565-1.23354E+00 1.99868E+01 3.96605E-04
 -1       566-1.20069E+00 1.99640E+01 1.08098E-03
 -1       567-1.16646E+00 2.00132E+01-3.96605E-04
 -1       568-1.19931E+00 2.00360E+01-1.08098E-03
 -1       599 1.20431E+00 2.00000E+01-3.57974E-02
 -1       600 1.16861E+00 1.99998E+01-1.77433E-02
 -1       601 1.19569E+00 2.00000E+01 3.57974E-02
 -1       602 1.23139E+00 2.00002E+01 1.77433E-02
 -1       607 1.20102E+00 1.99661E+01-1.23355E-02
 -1       608 1.20005E+00 1.99984E+01-3.60180E-02
 -1       609 1.19898E+00 2.00339E+01 1.23355E-02
 -1       610 1.19995E+00 2.00016E+01 3.60180E-02
 -1       615 1.16697E+00 1.99855E+01-4.33494E-04
 -1       616 1.20064E+00 1.99640E+01-1.08101E-03
 -1       617 1.23303E+00 2.00145E+01 4.33494E-04
 -1       618 1.19936E+00 2.00360E+01 1.08101E-03
 -1       649-1.19540E+00 2.00000E+01 1.96424E+00
 -1       650-1.23124E+00 2.00002E+01 1.98200E+00
 -1       651-1.20460E+00 2.00000E+01 2.03576E+00
 -1       652-1.16876E+00 1.99998E+01 2.01800E+00
 -1       657-1.19898E+00 1.99661E+01 1.98766E+00
 -1       658-1.19995E+00 1.99984E+01 1.96398E+00
 -1       659-1.20102E+00 2.00339E+01 2.01234E+00
 -1       660-1.20005E+00 2.00016E+01 2.03602E+00
 -1       665-1.23303E+00 1.99855E+01 1.99957E+00
 -1       666-1.19936E+00 1.99640E+01 1.99892E+00
 -1       667-1.16697E+00 2.00145E+01 2.00043E+00
 -1       668-1.20064E+00 2.00360E+01 2.00108E+00
 -1       699 1.20412E+00 2.00006E+01 1.96419E+00
 -1       700 1.16852E+00 2.00000E+01 1.98242E+00
 -1       701 1.19588E+00 1.99994E+01 2.03581E+00
 -1       702 1.23148E+00 2.00000E+01 2.01758E+00
 -1       707 1.19898E+00 1.99659E+01 1.98832E+00
 -1       708 1.19993E+00 1.99977E+01 1.96402E+00
 -1       709 1.20102E+00 2.00341E+01 2.01168E+00
 -1       710 1.20007E+00 2.00023E+01 2.03598E+00
 -1       715 1.16646E+00 1.99868E+01 2.00040E+00
 -1       716 1.19931E+00 1.99640E+01 2.00108E+00
 -1       717 1.23354E+00 2.00132E+01 1.99960E+00
 -1       718 1.20069E+00 2.00360E+01 1.99892E+00
 -1       749-1.19558E+00 3.00003E+01-3.57826E-02
 -1       750-1.23133E+00 3.00001E+01-1.78430E-02
 -1       751-1.20442E+00 2.99997E+01 3.57826E-02
 -1       752-1.16867E+00 2.99999E+01 1.78430E-02
 -1       757-1.20102E+00 2.99659E+01-1.16828E-02
 -1       758-1.20007E+00 2.99977E+01-3.59798E-02
 -1       759-1.19898E+00 3.00341E+01 1.16828E-02
 -1       760-1.19993E+00 3.00023E+01 3.59798E-02
 -1       765-1.23354E+00 2.99868E+01 3.96605E-04
 -1       766-1.20069E+00 2.99640E+01 1.08098E-03
 -1       767-1.16646E+00 3.00132E+01-3.96605E-04
 -1       768-1.19931E+00 3.00360E+01-1.08098E-03
 -1       799 1.20457E+00 2.99997E+01-3.57633E-02
 -1       800 1.16875E+00 2.99999E+01-1.79771E-02
 -1       801 1.19543E+00 3.00003E+01 3.57633E-02
 -1       802 1.23125E+00 3.00001E+01 1.79771E-02
 -1       807 1.20102E+00 2.99661E+01-1.23355E-02
 -1       808 1.20005E+00 2.99984E+01-3.60180E-02
 -1       809 1.19898E+00 3.00339E+01 1.23355E-02
 -1       810 1.19995E+00 3.00016E+01 3.60180E-02
 -1       815 1.16697E+00 2.99855E+01-4.33494E-04
 -1       816 1.20064E+00 2.99640E+01-1.08101E-03
 -1       817 1.23303E+00 3.00145E+01 4.33494E-04
 -1       818 1.19936E+00 3.00360E+01 1.08101E-03
 -1       849-1.19558E+00 3.00003E+01 1.96422E+00
 -1       850-1.23133E+00 3.00001E+01 1.98216E+00
 -1       851-1.20442E+00 2.99997E+01 2.03578E+00
 -1       852-1.16867E+00 2.99999E+01 2.01784E+00
 -1       857-1.19898E+00 2.99661E+01 1.98766E+00
 -1       858-1.19995E+00 2.99984E+01 1.96398E+00
 -1       859-1.20102E+00 3.00339E+01 2.01234E+00
 -1       860-1.20005E+00 3.00016E+01 2.03602E+00
 -1       865-1.23303E+00 2.99855E+01 1.99957E+00
 -1       866-1.19936E+00 2.99640E+01 1.99892E+00
 -1       867-1.16697E+00 3.00145E+01 2.00043E+00
 -1       868-1.20064E+00 3.00360E+01 2.00108E+00
 -1       899 1.20457E+00 2.99997E+01 1.96424E+00
 -1       900 1.16875E+00 2.99999E+01 1.98202E+00
 -1       901 1.19543E+00 3.00003E+01 2.03576E+00
 -1       902 1.23125E+00 3.00001E+01 2.01798E+00
 -1       907 1.19898E+00 2.99659E+01 1.98832E+00
 -1       908 1.19993E+00 2.99977E+01 1.96402E+00
 -1       909 1.20102E+00 3.00341E+01 2.01168E+00
 -1       910 1.20007E+00 3.00023E+01 2.03598E+00
 -1       915 1.16646E+00 2.99868E+01 2.00040E+00
 -1       916 1.19931E+00 2.99640E+01 2.00108E+00
 -1       917 1.23354E+00 3.00132E+01 1.99960E+00
 -1       918 1.20069E+00 3.00360E+01 1.99892E+00
 -1       949-1.19545E+00 3.99998E+01-3.57665E-02
 -1       950-1.23126E+00 3.99999E+01-1.79587E-02
 -1       951-1.20455E+00 4.00002E+01 3.57665E-02
 -1       952-1.16874E+00 4.00001E+01 1.79587E-02
 -1       957-1.20000E+00 3.99660E+01-1.20000E-02
 -1       958-1.20000E+00 3.99980E+01-3.60000E-02
 -1       959-1.20000E+00 4.00340E+01 1.20000E-02
 -1       960-1.20000E+00 4.00020E+01 3.60000E-02
 -1       965-1.23328E+00 3.99861E+01 0.00000E+00
 -1       966-1.20000E+00 3.99639E+01 0.00000E+00
 -1       967-1.16672E+00 4.00139E+01 0.00000E+00
 -1       968-1.20000E+00 4.00361E+01 0.00000E+00
 -1       999 1.20444E+00 4.00002E+01-3.57801E-02
 -1      1000 1.16868E+00 4.00001E+01-1.78639E-02
 -1      1001 1.19556E+00 3.99998E+01 3.57801E-02
 -1      1002 1.23132E+00 3.99999E+01 1.78639E-02
 -1      1007 1.20000E+00 3.99660E+01-1.20000E-02
 -1      1008 1.20000E+00 3.99980E+01-3.60000E-02
 -1      1009 1.20000E+00 4.00340E+01 1.20000E-02
 -1      1010 1.20000E+00 4.00020E+01 3.60000E-02
 -1      1015 1.16672E+00 3.99861E+01 0.00000E+00
 -1      1016 1.20000E+00 3.99639E+01 0.00000E+00
 -1      1017 1.23328E+00 4.00139E+01 0.00000E+00
 -1      1018 1.20000E+00 4.00361E+01 0.00000E+00
 -1      1049-1.19545E+00 3.99998E+01 1.96423E+00
 -1      1050-1.23126E+00 3.99999E+01 1.98204E+00
 -1      1051-1.20455E+00 4.00002E+01 2.03577E+00
 -1      1052-1.16874E+00 4.00001E+01 2.01796E+00
 -1      1057-1.20000E+00 3.99660E+01 1.98800E+00
 -1      1058-1.20000E+00 3.99980E+01 1.96400E+00
 -1      1059-1.20000E+00 4.00340E+01 2.01200E+00
 -1      1060-1.20000E+00 4.00020E+01 2.03600E+00
 -1      1065-1.23328E+00 3.99861E+01 2.00000E+00
 -1      1066-1.20000E+00 3.99639E+01 2.00000E+00
 -1      1067-1.16672E+00 4.00139E+01 2.00000E+00
 -1      1068-1.20000E+00 4.00361E+01 2.00000E+00
 -1      1099 1.20444E+00 4.00002E+01 1.96422E+00
 -1      1100 1.16868E+00 4.00001E+01 1.98214E+00
 -1      1101 1.19556E+00 3.99998E+01 2.03578E+00
 -1      1102 1.23132E+00 3.99999E+01 2.01786E+00
 -1      1107 1.20000E+00 3.99660E+01 1.98800E+00
 -1      1108 1.20000E+00 3.99980E+01 1.96400E+00
 -1      1109 1.20000E+00 4.00340E+01 2.01200E+00
 -1      1110 1.20000E+00 4.00020E+01 2.03600E+00
 -1      1115 1.16672E+00 3.99861E+01 2.00000E+00
 -1      1116 1.20000E+00 3.99639E+01 2.00000E+00
 -1      1117 1.23328E+00 4.00139E+01 2.00000E+00
 -1      1118 1.20000E+00 4.00361E+01 2.00000E+00
 -1      1149-1.19643E+00 4.99983E+01-3.58369E-02
 -1      1150-1.23164E+00 4.99965E+01-1.69330E-02
 -1      1151-1.20357E+00 5.00017E+01 3.58369E-02
 -1      1152-1.16836E+00 5.00035E+01 1.69330E-02
 -1      1157-1.20145E+00 4.99659E+01-1.15569E-02
 -1      1158-1.20010E+00 4.99975E+01-3.59709E-02
 -1      1159-1.19855E+00 5.00341E+01 1.15569E-02
 -1      1160-1.19990E+00 5.00025E+01 3.59709E-02
 -1      1165-1.23365E+00 4.99871E+01 5.48678E-04
 -1      1166-1.20099E+00 4.99640E+01 1.52775E-03
 -1      1167-1.16635E+00 5.00129E+01-5.48678E-04
 -1      1168-1.19901E+00 5.00360E+01-1.52775E-03
 -1      1199 1.20681E+00 4.99968E+01-3.52587E-02
 -1      1200 1.17004E+00 5.00008E+01-2.00420E-02
 -1      1201 1.19319E+00 5.00032E+01 3.52587E-02
 -1      1202 1.22996E+00 4.99992E+01 2.00420E-02
 -1      1207 1.20143E+00 4.99662E+01-1.24797E-02
 -1      1208 1.20006E+00 4.99985E+01-3.60247E-02
 -1      1209 1.19857E+00 5.00338E+01 1.24797E-02
 -1      1210 1.19994E+00 5.00015E+01 3.60247E-02
 -1      1215 1.16707E+00 4.99853E+01-6.22501E-04
 -1      1216 1.20089E+00 4.99640E+01-1.52786E-03
 -1      1217 1.23293E+00 5.00147E+01 6.22501E-04
 -1      1218 1.19911E+00 5.00360E+01 1.52786E-03
 -1      1249-1.19820E+00 5.00029E+01 1.96411E+00
 -1      1250-1.23244E+00 4.99986E+01 1.98433E+00
 -1      1251-1.20180E+00 4.99971E+01 2.03589E+00
 -1      1252-1.16756E+00 5.00014E+01 2.01567E+00
 -1      1257-1.19857E+00 4.99662E+01 1.98752E+00
 -1      1258-1.19994E+00 4.99985E+01 1.96398E+00
 -1      1259-1.20143E+00 5.00338E+01 2.01248E+00
 -1      1260-1.20006E+00 5.00015E+01 2.03602E+00
 -1      1265-1.23293E+00 4.99853E+01 1.99938E+00
 -1      1266-1.19911E+00 4.99640E+01 1.99847E+00
 -1      1267-1.16707E+00 5.00147E+01 2.00062E+00
 -1      1268-1.20089E+00 5.00360E+01 2.00153E+00
 -1      1299 1.20569E+00 5.00016E+01 1.96443E+00
 -1      1300 1.16943E+00 5.00035E+01 1.98120E+00
 -1      1301 1.19431E+00 4.99984E+01 2.03557E+00
 -1      1302 1.23057E+00 4.99965E+01 2.01880E+00
 -1      1307 1.19855E+00 4.99659E+01 1.98844E+00
 -1      1308 1.19990E+00 4.99975E+01 1.96403E+00
 -1      1309 1.20145E+00 5.00341E+01 2.01156E+00
 -1      1310 1.20010E+00 5.00025E+01 2.03597E+00
 -1      1315 1.16635E+00 4.99871E+01 2.00055E+00
 -1      1316 1.19901E+00 4.99640E+01 2.00153E+00
 -1      1317 1.23365E+00 5.00129E+01 1.99945E+00
 -1      1318 1.20099E+00 5.00360E+01 1.99847E+00
 -1      1349-1.19553E+00 5.00000E+00-1.85778E-01
 -1      1350-1.23131E+00 5.00000E+00-1.67883E-01
 -1      1351-1.20447E+00 5.00000E+00-1.14222E-01
 -1      1352-1.16869E+00 5.00000E+00-1.32117E-01
 -1      1357 1.20447E+00 5.00000E+00 1.14222E-01
 -1      1358 1.16869E+00 5.00000E+00 1.32117E-01
 -1      1359 1.19553E+00 5.00000E+00 1.85778E-01
 -1      1360 1.23131E+00 5.00000E+00 1.67883E-01
 -1      1365-1.19553E+00 5.00000E+00 1.81422E+00
 -1      1366-1.23131E+00 5.00000E+00 1.83212E+00
 -1      1367-1.20447E+00 5.00000E+00 1.88578E+00
 -1      1368-1.16869E+00 5.00000E+00 1.86788E+00
 -1      1373 1.20447E+00 5.00000E+00 2.11422E+00
 -1      1374 1.16869E+00 5.00000E+00 2.13212E+00
 -1      1375 1.19553E+00 5.00000E+00 2.18578E+00
 -1      1376 1.23131E+00 5.00000E+00 2.16788E+00
 -1      1381-1.19522E+00 2.24989E+01-1.41787E-01
 -1      1382-1.23115E+00 2.24995E+01-1.24216E-01
 -1      1383-1.20478E+00 2.25011E+01-7.03450E-02
 -1      1384-1.16885E+00 2.25005E+01-8.79159E-02
 -1      1389-1.19553E+00 2.50000E+01-1.85777E-01
 -1      1390-1.23131E+00 2.50000E+01-1.67887E-01
 -1      1391-1.20447E+00 2.50000E+01-1.14223E-01
 -1      1392-1.16869E+00 2.50000E+01-1.32113E-01
 -1      1397-1.19586E+00 2.75011E+01-1.41867E-01
 -1      1398-1.23147E+00 2.75005E+01-1.23652E-01
 -1      1399-1.20414E+00 2.74989E+01-7.02647E-02
 -1      1400-1.16853E+00 2.74995E+01-8.84797E-02
 -1      1405 1.20414E+00 2.25011E+01 7.02647E-02
 -1      1406 1.16853E+00 2.25005E+01 8.84797E-02
 -1      1407 1.19586E+00 2.24989E+01 1.41867E-01
 -1      1408 1.23147E+00 2.24995E+01 1.23652E-01
 -1      1413 1.20447E+00 2.50000E+01 1.14223E-01
 -1      1414 1.16869E+00 2.50000E+01 1.32113E-01
 -1      1415 1.19553E+00 2.50000E+01 1.85777E-01
 -1      1416 1.23131E+00 2.50000E+01 1.67887E-01
 -1      1421 1.20478E+00 2.74989E+01 7.03450E-02
 -1      1422 1.16885E+00 2.74995E+01 8.79159E-02
 -1      1423 1.19522E+00 2.75011E+01 1.41787E-01
 -1      1424 1.23115E+00 2.75005E+01 1.24216E-01
 -1      1429-1.19522E+00 2.24989E+01 1.85821E+00
 -1      1430-1.23115E+00 2.24995E+01 1.87578E+00
 -1      1431-1.20478E+00 2.25011E+01 1.92966E+00
 -1      1432-1.16885E+00 2.25005E+01 1.91208E+00
 -1      1437-1.19553E+00 2.50000E+01 1.81422E+00
 -1      1438-1.23131E+00 2.50000E+01 1.83211E+00
 -1      1439-1.20447E+00 2.50000E+01 1.88578E+00
 -1      1440-1.16869E+00 2.50000E+01 1.86789E+00
 -1      1445-1.19586E+00 2.75011E+01 1.85813E+00
 -1      1446-1.23147E+00 2.75005E+01 1.87635E+00
 -1      1447-1.20414E+00 2.74989E+01 1.92974E+00
 -1      1448-1.16853E+00 2.74995E+01 1.91152E+00
 -1      1453 1.20414E+00 2.25011E+01 2.07026E+00
 -1      1454 1.16853E+00 2.25005E+01 2.08848E+00
 -1      1455 1.19586E+00 2.24989E+01 2.14187E+00
 -1      1456 1.23147E+00 2.24995E+01 2.12365E+00
 -1      1461 1.20447E+00 2.50000E+01 2.11422E+00
 -1      1462 1.16869E+00 2.50000E+01 2.13211E+00
 -1      1463 1.19553E+00 2.50000E+01 2.18578E+00
 -1      1464 1.23131E+00 2.50000E+01 2.16789E+00
 -1      1469 1.20478E+00 2.74989E+01 2.07034E+00
 -1      1470 1.16885E+00 2.74995E+01 2.08792E+00
 -1      1471 1.19522E+00 2.75011E+01 2.14179E+00
 -1      1472 1.23115E+00 2.75005E+01 2.12422E+00
 -1      1477-1.19553E+00 4.50000E+01-1.85778E-01
 -1      1478-1.23131E+00 4.50000E+01-1.67883E-01
 -1      1479-1.20447E+00 4.50000E+01-1.14222E-01
 -1      1480-1.16869E+00 4.50000E+01-1.32117E-01
 -1      1485 1.20447E+00 4.50000E+01 1.14222E-01
 -1      1486 1.16869E+00 4.50000E+01 1.32117E-01
 -1      1487 1.19553E+00 4.50000E+01 1.85778E-01
 -1      1488 1.23131E+00 4.50000E+01 1.67883E-01
 -1      1493-1.19553E+00 4.50000E+01 1.81422E+00
 -1      1494-1.23131E+00 4.50000E+01 1.83212E+00
 -1      1495-1.20447E+00 4.50000E+01 1.88578E+00
 -1      1496-1.16869E+00 4.50000E+01 1.86788E+00
 -1      1501 1.20447E+00 4.50000E+01 2.11422E+00
 -1      1502 1.16869E+00 4.50000E+01 2.13212E+00
 -1      1503 1.19553E+00 4.50000E+01 2.18578E+00
 -1      1504 1.23131E+00 4.50000E+01 2.16788E+00
 -1      1509 0.00000E+00-6.99992E-02-1.20023E-02
 -1      1510 0.00000E+00-3.79975E-02-3.60001E-02
 -1      1511 0.00000E+00-2.00083E-03 1.20023E-02
 -1      1512 0.00000E+00-3.40025E-02 3.60001E-02
 -1      1517 0.00000E+00 2.00083E-03 1.98800E+00
 -1      1518 0.00000E+00 3.40025E-02 1.96400E+00
 -1      1519 0.00000E+00 6.99992E-02 2.01200E+00
 -1      1520 0.00000E+00 3.79975E-02 2.03600E+00
 -1      1525-1.23329E+00 1.61495E-02 1.00000E+00
 -1      1526-1.20002E+00-6.05551E-03 1.00000E+00
 -1      1527-1.16671E+00 4.38505E-02 1.00000E+00
 -1      1528-1.19998E+00 6.60555E-02 1.00000E+00
 -1      1533 1.16671E+00-4.38505E-02 1.00000E+00
 -1      1534 1.19998E+00-6.60555E-02 1.00000E+00
 -1      1535 1.23329E+00-1.61495E-02 1.00000E+00
 -1      1536 1.20002E+00 6.05551E-03 1.00000E+00
 -1      1541 0.00000E+00 1.99300E+01-1.20023E-02
 -1      1542 0.00000E+00 1.99620E+01-3.60001E-02
 -1      1543 0.00000E+00 1.99980E+01 1.20023E-02
 -1      1544 0.00000E+00 1.99660E+01 3.60001E-02
 -1      1549 0.00000E+00 2.00020E+01 1.98800E+00
 -1      1550 0.00000E+00 2.00340E+01 1.96400E+00
 -1      1551 0.00000E+00 2.00700E+01 2.01200E+00
 -1      1552 0.00000E+00 2.00380E+01 2.03600E+00
 -1      1557-1.23329E+00 2.00161E+01 1.00000E+00
 -1      1558-1.20002E+00 1.99939E+01 1.00000E+00
 -1      1559-1.16671E+00 2.00438E+01 1.00000E+00
 -1      1560-1.19998E+00 2.00661E+01 1.00000E+00
 -1      1565 1.16671E+00 1.99562E+01 1.00000E+00
 -1      1566 1.19998E+00 1.99339E+01 1.00000E+00
 -1      1567 1.23329E+00 1.99839E+01 1.00000E+00
 -1      1568 1.20002E+00 2.00061E+01 1.00000E+00
 -1      1573 0.00000E+00 2.99300E+01-1.20023E-02
 -1      1574 0.00000E+00 2.99620E+01-3.60001E-02
 -1      1575 0.00000E+00 2.99980E+01 1.20023E-02
 -1      1576 0.00000E+00 2.99660E+01 3.60001E-02
 -1      1581 0.00000E+00 3.00020E+01 1.98800E+00
 -1      1582 0.00000E+00 3.00340E+01 1.96400E+00
 -1      1583 0.00000E+00 3.00700E+01 2.01200E+00
 -1      1584 0.00000E+00 3.00380E+01 2.03600E+00
 -1      1589-1.23329E+00 3.00161E+01 1.00000E+00
 -1      1590-1.20002E+00 2.99939E+01 1.00000E+00
 -1      1591-1.16671E+00 3.00438E+01 1.00000E+00
 -1      1592-1.19998E+00 3.00661E+01 1.00000E+00
 -1      1597 1.16671E+00 2.99562E+01 1.00000E+00
 -1      1598 1.19998E+00 2.99339E+01 1.00000E+00
 -1      1599 1.23329E+00 2.99839E+01 1.00000E+00
 -1      1600 1.20002E+00 3.00061E+01 1.00000E+00
 -1      1605-6.01023E-01 4.99404E+01-1.16832E-02
 -1      1606-6.00070E-01 4.99722E+01-3.59798E-02
 -1      1607-5.98977E-01 5.00086E+01 1.16832E-02
 -1      1608-5.99930E-01 4.99769E+01 3.59798E-02
 -1      1613 0.00000E+00 4.99300E+01-1.20008E-02
 -1      1614 0.00000E+00 4.99620E+01-3.60000E-02
 -1      1615 0.00000E+00 4.99980E+01 1.20008E-02
 -1      1616 0.00000E+00 4.99660E+01 3.60000E-02
 -1      1621 6.01016E-01 4.99407E+01-1.23359E-02
 -1      1622 6.00049E-01 4.99729E+01-3.60180E-02
 -1      1623 5.98984E-01 5.00084E+01 1.23359E-02
 -1      1624 5.99951E-01 4.99762E+01 3.60180E-02
 -1      1629-5.98984E-01 4.99916E+01 1.98766E+00
 -1      1630-5.99951E-01 5.00238E+01 1.96398E+00
 -1      1631-6.01016E-01 5.00593E+01 2.01234E+00
 -1      1632-6.00049E-01 5.00271E+01 2.03602E+00
 -1      1637 0.00000E+00 5.00020E+01 1.98800E+00
 -1      1638 0.00000E+00 5.00340E+01 1.96400E+00
 -1      1639 0.00000E+00 5.00700E+01 2.01200E+00
 -1      1640 0.00000E+00 5.00380E+01 2.03600E+00
 -1      1645 5.98977E-01 4.99914E+01 1.98832E+00
 -1      1646 5.99930E-01 5.00231E+01 1.96402E+00
 -1      1647 6.01023E-01 5.00596E+01 2.01168E+00
 -1      1648 6.00070E-01 5.00278E+01 2.03598E+00
 -1      1653-1.23354E+00 5.00080E+01 5.00396E-01
 -1      1654-1.20070E+00 4.99852E+01 5.01081E-01
 -1      1655-1.16646E+00 5.00344E+01 4.99604E-01
 -1      1656-1.19930E+00 5.00572E+01 4.98919E-01
 -1      1661-1.23328E+00 5.00161E+01 1.00000E+00
 -1      1662-1.20001E+00 4.99939E+01 1.00000E+00
 -1      1663-1.16672E+00 5.00439E+01 1.00000E+00
 -1      1664-1.19999E+00 5.00661E+01 1.00000E+00
 -1      1669-1.23303E+00 5.00068E+01 1.49957E+00
 -1      1670-1.19936E+00 4.99852E+01 1.49892E+00
 -1      1671-1.16697E+00 5.00357E+01 1.50043E+00
 -1      1672-1.20064E+00 5.00572E+01 1.50108E+00
 -1      1677 1.16697E+00 4.99643E+01 4.99567E-01
 -1      1678 1.20064E+00 4.99428E+01 4.98919E-01
 -1      1679 1.23303E+00 4.99932E+01 5.00433E-01
 -1      1680 1.19936E+00 5.00148E+01 5.01081E-01
 -1      1685 1.16672E+00 4.99561E+01 1.00000E+00
 -1      1686 1.19999E+00 4.99339E+01 1.00000E+00
 -1      1687 1.23328E+00 4.99839E+01 1.00000E+00
 -1      1688 1.20001E+00 5.00061E+01 1.00000E+00
 -1      1693 1.16646E+00 4.99656E+01 1.50040E+00
 -1      1694 1.19930E+00 4.99428E+01 1.50108E+00
 -1      1695 1.23354E+00 4.99920E+01 1.49960E+00
 -1      1696 1.20070E+00 5.00148E+01 1.49892E+00
 -1      1701-1.19777E+00 2.52721E+00 3.58451E-01
 -1      1702-1.23236E+00 2.52386E+00 3.78258E-01
 -1      1703-1.20223E+00 2.51522E+00 4.29417E-01
 -1      1704-1.16764E+00 2.51856E+00 4.09610E-01
 -1      1709-1.19829E+00 5.03706E+00 8.14685E-01
 -1      1710-1.23259E+00 5.03303E+00 8.34866E-01
 -1      1711-1.20171E+00 5.02294E+00 8.85315E-01
 -1      1712-1.16741E+00 5.02697E+00 8.65134E-01
 -1      1717-1.19884E+00 7.52934E+00 1.35882E+00
 -1      1718-1.23282E+00 7.52458E+00 1.37939E+00
 -1      1719-1.20116E+00 7.51309E+00 1.42904E+00
 -1      1720-1.16718E+00 7.51785E+00 1.40848E+00
 -1      1725-1.19407E+00 2.51529E+00 1.57100E+00
 -1      1726-1.23055E+00 2.51802E+00 1.58719E+00
 -1      1727-1.20593E+00 2.52714E+00 1.64113E+00
 -1      1728-1.16945E+00 2.52440E+00 1.62495E+00
 -1      1733-1.19388E+00 5.02303E+00 1.11516E+00
 -1      1734-1.23044E+00 5.02621E+00 1.13106E+00
 -1      1735-1.20612E+00 5.03697E+00 1.18484E+00
 -1      1736-1.16956E+00 5.03379E+00 1.16894E+00
 -1      1741-1.19370E+00 7.51321E+00 5.71480E-01
 -1      1742-1.23034E+00 7.51682E+00 5.87095E-01
 -1      1743-1.20630E+00 7.52922E+00 6.40652E-01
 -1      1744-1.16966E+00 7.52560E+00 6.25037E-01
 -1      1749 1.20223E+00 2.52721E+00 3.58451E-01
 -1      1750 1.16764E+00 2.52386E+00 3.78258E-01
 -1      1751 1.19777E+00 2.51522E+00 4.29417E-01
 -1      1752 1.23236E+00 2.51856E+00 4.09610E-01
 -1      1757 1.20171E+00 5.03706E+00 8.14685E-01
 -1      1758 1.16741E+00 5.03303E+00 8.34866E-01
 -1      1759 1.19829E+00 5.02294E+00 8.85315E-01
 -1      1760 1.23259E+00 5.02697E+00 8.65134E-01
 -1      1765 1.20116E+00 7.52934E+00 1.35882E+00
 -1      1766 1.16718E+00 7.52458E+00 1.37939E+00
 -1      1767 1.19884E+00 7.51309E+00 1.42904E+00
 -1      1768 1.23282E+00 7.51785E+00 1.40848E+00
 -1      1773 1.20593E+00 2.51529E+00 1.57100E+00
 -1      1774 1.16945E+00 2.51802E+00 1.58719E+00
 -1      1775 1.19407E+00 2.52714E+00 1.64113E+00
 -1      1776 1.23055E+00 2.52440E+00 1.62495E+00
 -1      1781 1.20612E+00 5.02303E+00 1.11516E+00
 -1      1782 1.16956E+00 5.02621E+00 1.13106E+00
 -1      1783 1.19388E+00 5.03697E+00 1.18484E+00
 -1      1784 1.23044E+00 5.03379E+00 1.16894E+00
 -1      1789 1.20630E+00 7.51321E+00 5.71480E-01
 -1      1790 1.16966E+00 7.51682E+00 5.87095E-01
 -1      1791 1.19370E+00 7.52922E+00 6.40652E-01
 -1      1792 1.23034E+00 7.52560E+00 6.25037E-01
 -1      1797-4.83328E-01 2.47166E+00-3.43393E-02
 -1      1798-5.20442E-01 2.48175E+00-2.33534E-02
 -1      1799-5.04540E-01 2.47743E+00 3.43393E-02
 -1      1800-4.67426E-01 2.46734E+00 2.33534E-02
 -1      1805 1.59904E-01 4.96162E+00-3.45869E-02
 -1      1806 1.22764E-01 4.97054E+00-2.27046E-02
 -1      1807 1.40096E-01 4.96638E+00 3.45869E-02
 -1      1808 1.77236E-01 4.95746E+00 2.27046E-02
 -1      1813 7.15261E-01 7.47263E+00-3.48107E-02
 -1      1814 6.78146E-01 7.48037E+00-2.20585E-02
 -1      1815 6.96871E-01 7.47646E+00 3.48107E-02
 -1      1816 7.33986E-01 7.46872E+00 2.20585E-02
 -1      1821 4.93632E-01 2.47446E+00-3.60542E-02
 -1      1822 4.61704E-01 2.46578E+00-1.35783E-02
 -1      1823 4.94236E-01 2.47463E+00 3.60542E-02
 -1      1824 5.26164E-01 2.48331E+00 1.35783E-02
 -1      1829-1.49866E-01 4.96403E+00-3.60553E-02
 -1      1830-1.82311E-01 4.95625E+00-1.39944E-02
 -1      1831-1.50134E-01 4.96397E+00 3.60553E-02
 -1      1832-1.17689E-01 4.97175E+00 1.39944E-02
 -1      1837-7.05470E-01 7.47467E+00-3.60504E-02
 -1      1838-7.38413E-01 7.46780E+00-1.44278E-02
 -1      1839-7.06662E-01 7.47442E+00 3.60504E-02
 -1      1840-6.73719E-01 7.48129E+00 1.44278E-02
 -1      1845-4.83328E-01 2.47166E+00 1.96566E+00
 -1      1846-5.20442E-01 2.48175E+00 1.97665E+00
 -1      1847-5.04540E-01 2.47743E+00 2.03434E+00
 -1      1848-4.67426E-01 2.46734E+00 2.02335E+00
 -1      1853 1.59904E-01 4.96162E+00 1.96541E+00
 -1      1854 1.22764E-01 4.97054E+00 1.97730E+00
 -1      1855 1.40096E-01 4.96638E+00 2.03459E+00
 -1      1856 1.77236E-01 4.95746E+00 2.02270E+00
 -1      1861 7.15261E-01 7.47263E+00 1.96519E+00
 -1      1862 6.78146E-01 7.48037E+00 1.97794E+00
 -1      1863 6.96871E-01 7.47646E+00 2.03481E+00
 -1      1864 7.33986E-01 7.46872E+00 2.02206E+00
 -1      1869 4.93632E-01 2.47446E+00 1.96395E+00
 -1      1870 4.61704E-01 2.46578E+00 1.98642E+00
 -1      1871 4.94236E-01 2.47463E+00 2.03605E+00
 -1      1872 5.26164E-01 2.48331E+00 2.01358E+00
 -1      1877-1.49866E-01 4.96403E+00 1.96394E+00
 -1      1878-1.82311E-01 4.95625E+00 1.98601E+00
 -1      1879-1.50134E-01 4.96397E+00 2.03606E+00
 -1      1880-1.17689E-01 4.97175E+00 2.01399E+00
 -1      1885-7.05470E-01 7.47467E+00 1.96395E+00
 -1      1886-7.38413E-01 7.46780E+00 1.98557E+00
 -1      1887-7.06662E-01 7.47442E+00 2.03605E+00
 -1      1888-6.73719E-01 7.48129E+00 2.01443E+00
 -1      1893-1.19757E+00 1.12670E+01 1.57055E-01
 -1      1894-1.23227E+00 1.12640E+01 1.76710E-01
 -1      1895-1.20243E+00 1.12559E+01 2.28140E-01
 -1      1896-1.16773E+00 1.12590E+01 2.08485E-01
 -1      1901-1.19773E+00 1.25271E+01 3.58438E-01
 -1      1902-1.23234E+00 1.25238E+01 3.78214E-01
 -1      1903-1.20227E+00 1.25153E+01 4.29430E-01
 -1      1904-1.16766E+00 1.25186E+01 4.09654E-01
 -1      1909-1.19798E+00 1.37842E+01 5.76000E-01
 -1      1910-1.23245E+00 1.37805E+01 5.95959E-01
 -1      1911-1.20202E+00 1.37713E+01 6.46836E-01
 -1      1912-1.16755E+00 1.37749E+01 6.26877E-01
 -1      1917-1.19828E+00 1.50371E+01 8.14685E-01
 -1      1918-1.23258E+00 1.50330E+01 8.34863E-01
 -1      1919-1.20172E+00 1.50229E+01 8.85315E-01
 -1      1920-1.16742E+00 1.50270E+01 8.65137E-01
 -1      1925-1.19860E+00 1.62854E+01 1.07622E+00
 -1      1926-1.23272E+00 1.62809E+01 1.09662E+00
 -1      1927-1.20140E+00 1.62700E+01 1.14662E+00
 -1      1928-1.16728E+00 1.62745E+01 1.12622E+00
 -1      1933-1.19888E+00 1.75294E+01 1.35884E+00
 -1      1934-1.23284E+00 1.75246E+01 1.37943E+00
 -1      1935-1.20112E+00 1.75130E+01 1.42902E+00
 -1      1936-1.16716E+00 1.75178E+01 1.40843E+00
 -1      1941-1.19908E+00 1.87700E+01 1.65759E+00
 -1      1942-1.23292E+00 1.87650E+01 1.67830E+00
 -1      1943-1.20092E+00 1.87529E+01 1.72761E+00
 -1      1944-1.16708E+00 1.87580E+01 1.70689E+00
 -1      1949-1.19416E+00 1.12560E+01 1.77225E+00
 -1      1950-1.23060E+00 1.12585E+01 1.78856E+00
 -1      1951-1.20584E+00 1.12670E+01 1.84256E+00
 -1      1952-1.16940E+00 1.12644E+01 1.82625E+00
 -1      1957-1.19409E+00 1.25154E+01 1.57098E+00
 -1      1958-1.23056E+00 1.25181E+01 1.58719E+00
 -1      1959-1.20591E+00 1.25271E+01 1.64115E+00
 -1      1960-1.16944E+00 1.25244E+01 1.62494E+00
 -1      1965-1.19399E+00 1.37714E+01 1.35360E+00
 -1      1966-1.23051E+00 1.37743E+01 1.36967E+00
 -1      1967-1.20601E+00 1.37841E+01 1.42356E+00
 -1      1968-1.16949E+00 1.37812E+01 1.40749E+00
 -1      1973-1.19388E+00 1.50230E+01 1.11516E+00
 -1      1974-1.23044E+00 1.50262E+01 1.13106E+00
 -1      1975-1.20612E+00 1.50370E+01 1.18484E+00
 -1      1976-1.16956E+00 1.50338E+01 1.16894E+00
 -1      1981-1.19377E+00 1.62701E+01 8.53886E-01
 -1      1982-1.23038E+00 1.62736E+01 8.69618E-01
 -1      1983-1.20623E+00 1.62853E+01 9.23278E-01
 -1      1984-1.16962E+00 1.62819E+01 9.07546E-01
 -1      1989-1.19368E+00 1.75131E+01 5.71502E-01
 -1      1990-1.23034E+00 1.75168E+01 5.87093E-01
 -1      1991-1.20632E+00 1.75293E+01 6.40630E-01
 -1      1992-1.16966E+00 1.75257E+01 6.25039E-01
 -1      1997-1.19363E+00 1.87531E+01 2.72930E-01
 -1      1998-1.23031E+00 1.87568E+01 2.88429E-01
 -1      1999-1.20637E+00 1.87699E+01 3.41875E-01
 -1      2000-1.16969E+00 1.87661E+01 3.26376E-01
 -1      2005 1.20243E+00 1.12670E+01 1.57055E-01
 -1      2006 1.16773E+00 1.12640E+01 1.76710E-01
 -1      2007 1.19757E+00 1.12559E+01 2.28140E-01
 -1      2008 1.23227E+00 1.12590E+01 2.08485E-01
 -1      2013 1.20227E+00 1.25271E+01 3.58438E-01
 -1      2014 1.16766E+00 1.25238E+01 3.78214E-01
 -1      2015 1.19773E+00 1.25153E+01 4.29430E-01
 -1      2016 1.23234E+00 1.25186E+01 4.09654E-01
 -1      2021 1.20202E+00 1.37842E+01 5.76000E-01
 -1      2022 1.16755E+00 1.37805E+01 5.95959E-01
 -1      2023 1.19798E+00 1.37713E+01 6.46836E-01
 -1      2024 1.23245E+00 1.37749E+01 6.26877E-01
 -1      2029 1.20172E+00 1.50371E+01 8.14685E-01
 -1      2030 1.16742E+00 1.50330E+01 8.34863E-01
 -1      2031 1.19828E+00 1.50229E+01 8.85315E-01
 -1      2032 1.23258E+00 1.50270E+01 8.65137E-01
 -1      2037 1.20140E+00 1.62854E+01 1.07622E+00
 -1      2038 1.16728E+00 1.62809E+01 1.09662E+00
 -1      2039 1.19860E+00 1.62700E+01 1.14662E+00
 -1      2040 1.23272E+00 1.62745E+01 1.12622E+00
 -1      2045 1.20112E+00 1.75294E+01 1.35884E+00
 -1      2046 1.16716E+00 1.75246E+01 1.37943E+00
 -1      2047 1.19888E+00 1.75130E+01 1.42902E+00
 -1      2048 1.23284E+00 1.75178E+01 1.40843E+00
 -1      2053 1.20092E+00 1.87700E+01 1.65759E+00
 -1      2054 1.16708E+00 1.87650E+01 1.67830E+00
 -1      2055 1.19908E+00 1.87529E+01 1.72761E+00
 -1      2056 1.23292E+00 1.87580E+01 1.70689E+00
 -1      2061 1.20584E+00 1.12560E+01 1.77225E+00
 -1      2062 1.16940E+00 1.12585E+01 1.78856E+00
 -1      2063 1.19416E+00 1.12670E+01 1.84256E+00
 -1      2064 1.23060E+00 1.12644E+01 1.82625E+00
 -1      2069 1.20591E+00 1.25154E+01 1.57098E+00
 -1      2070 1.16944E+00 1.25181E+01 1.58719E+00
 -1      2071 1.19409E+00 1.25271E+01 1.64115E+00
 -1      2072 1.23056E+00 1.25244E+01 1.62494E+00
 -1      2077 1.20601E+00 1.37714E+01 1.35360E+00
 -1      2078 1.16949E+00 1.37743E+01 1.36967E+00
 -1      2079 1.19399E+00 1.37841E+01 1.42356E+00
 -1      2080 1.23051E+00 1.37812E+01 1.40749E+00
 -1      2085 1.20612E+00 1.50230E+01 1.11516E+00
 -1      2086 1.16956E+00 1.50262E+01 1.13106E+00
 -1      2087 1.19388E+00 1.50370E+01 1.18484E+00
 -1      2088 1.23044E+00 1.50338E+01 1.16894E+00
 -1      2093 1.20623E+00 1.62701E+01 8.53886E-01
 -1      2094 1.16962E+00 1.62736E+01 8.69618E-01
 -1      2095 1.19377E+00 1.62853E+01 9.23278E-01
 -1      2096 1.23038E+00 1.62819E+01 9.07546E-01
 -1      2101 1.20632E+00 1.75131E+01 5.71502E-01
 -1      2102 1.16966E+00 1.75168E+01 5.87093E-01
 -1      2103 1.19368E+00 1.75293E+01 6.40630E-01
 -1      2104 1.23034E+00 1.75257E+01 6.25039E-01
 -1      2109 1.20637E+00 1.87531E+01 2.72930E-01
 -1      2110 1.16969E+00 1.87568E+01 2.88429E-01
 -1      2111 1.19363E+00 1.87699E+01 3.41875E-01
 -1      2112 1.23031E+00 1.87661E+01 3.26376E-01
 -1      2117-8.31704E-01 1.12331E+01-3.42295E-02
 -1      2118-8.68791E-01 1.12437E+01-2.36225E-02
 -1      2119-8.53491E-01 1.12393E+01 3.42295E-02
 -1      2120-8.16404E-01 1.12287E+01 2.36225E-02
 -1      2125-4.83271E-01 1.24716E+01-3.43179E-02
 -1      2126-5.20380E-01 1.24818E+01-2.34066E-02
 -1      2127-5.04597E-01 1.24775E+01 3.43179E-02
 -1      2128-4.67488E-01 1.24673E+01 2.34066E-02
 -1      2133-1.51102E-01 1.37141E+01-3.44451E-02
 -1      2134-1.88233E-01 1.37237E+01-2.30837E-02
 -1      2135-1.71734E-01 1.37194E+01 3.44451E-02
 -1      2136-1.34603E-01 1.37098E+01 2.30837E-02
 -1      2141 1.59903E-01 1.49616E+01-3.45874E-02
 -1      2142 1.22764E-01 1.49705E+01-2.27035E-02
 -1      2143 1.40097E-01 1.49664E+01 3.45874E-02
 -1      2144 1.77236E-01 1.49575E+01 2.27035E-02
 -1      2149 4.48070E-01 1.62146E+01-3.47212E-02
 -1      2150 4.10939E-01 1.62229E+01-2.23246E-02
 -1      2151 4.29094E-01 1.62188E+01 3.47212E-02
 -1      2152 4.66225E-01 1.62106E+01 2.23246E-02
 -1      2157 7.15201E-01 1.74727E+01-3.48283E-02
 -1      2158 6.78091E-01 1.74803E+01-2.20050E-02
 -1      2159 6.96931E-01 1.74764E+01 3.48283E-02
 -1      2160 7.34041E-01 1.74688E+01 2.20050E-02
 -1      2165 9.66302E-01 1.87345E+01-3.48965E-02
 -1      2166 9.29212E-01 1.87417E+01-2.17923E-02
 -1      2167 9.48503E-01 1.87380E+01 3.48965E-02
 -1      2168 9.85593E-01 1.87307E+01 2.17923E-02
 -1      2173 8.42124E-01 1.12361E+01-3.60521E-02
 -1      2174 8.10413E-01 1.12270E+01-1.34113E-02
 -1      2175 8.43071E-01 1.12364E+01 3.60521E-02
 -1      2176 8.74781E-01 1.12454E+01 1.34113E-02
 -1      2181 4.93597E-01 1.24745E+01-3.60538E-02
 -1      2182 4.61712E-01 1.24657E+01-1.35445E-02
 -1      2183 4.94271E-01 1.24746E+01 3.60538E-02
 -1      2184 5.26156E-01 1.24834E+01 1.35445E-02
 -1      2189 1.61293E-01 1.37167E+01-3.60553E-02
 -1      2190 1.29148E-01 1.37084E+01-1.37478E-02
 -1      2191 1.61544E-01 1.37168E+01 3.60553E-02
 -1      2192 1.93688E-01 1.37251E+01 1.37478E-02
 -1      2197-1.49867E-01 1.49640E+01-3.60553E-02
 -1      2198-1.82312E-01 1.49562E+01-1.39935E-02
 -1      2199-1.50133E-01 1.49640E+01 3.60553E-02
 -1      2200-1.17688E-01 1.49718E+01 1.39935E-02
 -1      2205-4.38181E-01 1.62168E+01-3.60532E-02
 -1      2206-4.70920E-01 1.62096E+01-1.42455E-02
 -1      2207-4.38983E-01 1.62167E+01 3.60532E-02
 -1      2208-4.06244E-01 1.62239E+01 1.42455E-02
 -1      2213-7.05431E-01 1.74747E+01-3.60497E-02
 -1      2214-7.38414E-01 1.74679E+01-1.44640E-02
 -1      2215-7.06701E-01 1.74744E+01 3.60497E-02
 -1      2216-6.73718E-01 1.74812E+01 1.44640E-02
 -1      2221-9.56607E-01 1.87364E+01-3.60464E-02
 -1      2222-9.89751E-01 1.87299E+01-1.46123E-02
 -1      2223-9.58198E-01 1.87361E+01 3.60464E-02
 -1      2224-9.25054E-01 1.87425E+01 1.46123E-02
 -1      2229-8.31704E-01 1.12331E+01 1.96577E+00
 -1      2230-8.68791E-01 1.12437E+01 1.97638E+00
 -1      2231-8.53491E-01 1.12393E+01 2.03423E+00
 -1      2232-8.16404E-01 1.12287E+01 2.02362E+00
 -1      2237-4.83271E-01 1.24716E+01 1.96568E+00
 -1      2238-5.20380E-01 1.24818E+01 1.97659E+00
 -1      2239-5.04597E-01 1.24775E+01 2.03432E+00
 -1      2240-4.67488E-01 1.24673E+01 2.02341E+00
 -1      2245-1.51102E-01 1.37141E+01 1.96555E+00
 -1      2246-1.88233E-01 1.37237E+01 1.97692E+00
 -1      2247-1.71734E-01 1.37194E+01 2.03445E+00
 -1      2248-1.34603E-01 1.37098E+01 2.02308E+00
 -1      2253 1.59903E-01 1.49616E+01 1.96541E+00
 -1      2254 1.22764E-01 1.49705E+01 1.97730E+00
 -1      2255 1.40097E-01 1.49664E+01 2.03459E+00
 -1      2256 1.77236E-01 1.49575E+01 2.02270E+00
 -1      2261 4.48070E-01 1.62146E+01 1.96528E+00
 -1      2262 4.10939E-01 1.62229E+01 1.97768E+00
 -1      2263 4.29094E-01 1.62188E+01 2.03472E+00
 -1      2264 4.66225E-01 1.62106E+01 2.02232E+00
 -1      2269 7.15201E-01 1.74727E+01 1.96517E+00
 -1      2270 6.78091E-01 1.74803E+01 1.97800E+00
 -1      2271 6.96931E-01 1.74764E+01 2.03483E+00
 -1      2272 7.34041E-01 1.74688E+01 2.02200E+00
 -1      2277 9.66302E-01 1.87345E+01 1.96510E+00
 -1      2278 9.29212E-01 1.87417E+01 1.97821E+00
 -1      2279 9.48503E-01 1.87380E+01 2.03490E+00
 -1      2280 9.85593E-01 1.87307E+01 2.02179E+00
 -1      2285 8.42124E-01 1.12361E+01 1.96395E+00
 -1      2286 8.10413E-01 1.12270E+01 1.98659E+00
 -1      2287 8.43071E-01 1.12364E+01 2.03605E+00
 -1      2288 8.74781E-01 1.12454E+01 2.01341E+00
 -1      2293 4.93597E-01 1.24745E+01 1.96395E+00
 -1      2294 4.61712E-01 1.24657E+01 1.98646E+00
 -1      2295 4.94271E-01 1.24746E+01 2.03605E+00
 -1      2296 5.26156E-01 1.24834E+01 2.01354E+00
 -1      2301 1.61293E-01 1.37167E+01 1.96394E+00
 -1      2302 1.29148E-01 1.37084E+01 1.98625E+00
 -1      2303 1.61544E-01 1.37168E+01 2.03606E+00
 -1      2304 1.93688E-01 1.37251E+01 2.01375E+00
 -1      2309-1.49867E-01 1.49640E+01 1.96394E+00
 -1      2310-1.82312E-01 1.49562E+01 1.98601E+00
 -1      2311-1.50133E-01 1.49640E+01 2.03606E+00
 -1      2312-1.17688E-01 1.49718E+01 2.01399E+00
 -1      2317-4.38181E-01 1.62168E+01 1.96395E+00
 -1      2318-4.70920E-01 1.62096E+01 1.98575E+00
 -1      2319-4.38983E-01 1.62167E+01 2.03605E+00
 -1      2320-4.06244E-01 1.62239E+01 2.01425E+00
 -1      2325-7.05431E-01 1.74747E+01 1.96395E+00
 -1      2326-7.38414E-01 1.74679E+01 1.98554E+00
 -1      2327-7.06701E-01 1.74744E+01 2.03605E+00
 -1      2328-6.73718E-01 1.74812E+01 2.01446E+00
 -1      2333-9.56607E-01 1.87364E+01 1.96395E+00
 -1      2334-9.89751E-01 1.87299E+01 1.98539E+00
 -1      2335-9.58198E-01 1.87361E+01 2.03605E+00
 -1      2336-9.25054E-01 1.87425E+01 2.01461E+00
 -3
    3C                           208                                     1
 -1         1    1    0    1
 -2       149      1349      1350       150       152      1352      1351       151
 -1         2    1    0    1
 -2      1349       349       350      1350      1352       352       351      1351
 -1         3    1    0    1
 -2       199      1357      1358       200       202      1360      1359       201
 -1         4    1    0    1
 -2      1357       399       400      1358      1360       402       401      1359
 -1         5    1    0    1
 -2       249      1365      1366       250       252      1368      1367       251
 -1         6    1    0    1
 -2      1365       449       450      1366      1368       452       451      1367
 -1         7    1    0    1
 -2       299      1373      1374       300       302      1376      1375       301
 -1         8    1    0    1
 -2      1373       499       500      1374      1376       502       501      1375
 -1         9    1    0    1
 -2       349       549       550       350       352       552       551       351
 -1        10    1    0    1
 -2       399       599       600       400       402       602       601       401
 -1        11    1    0    1
 -2       449       649       650       450       452       652       651       451
 -1        12    1    0    1
 -2       499       699       700       500       502       702       701       501
 -1        13    1    0    1
 -2       549      1381      1382       550       552      1384      1383       551
 -1        14    1    0    1
 -2      1381      1389      1390      1382      1384      1392      1391      1383
 -1        15    1    0    1
 -2      1389      1397      1398      1390      1392      1400      1399      1391
 -1        16    1    0    1
 -2      1397       749       750      1398      1400       752       751      1399
 -1        17    1    0    1
 -2       599      1405      1406       600       602      1408      1407       601
 -1        18    1    0    1
 -2      1405      1413      1414      1406      1408      1416      1415      1407
 -1        19    1    0    1
 -2      1413      1421      1422      1414      1416      1424      1423      1415
 -1        20    1    0    1
 -2      1421       799       800      1422      1424       802       801      1423
 -1        21    1    0    1
 -2       649      1429      1430       650       652      1432      1431       651
 -1        22    1    0    1
 -2      1429      1437      1438      1430      1432      1440      1439      1431
 -1        23    1    0    1
 -2      1437      1445      1446      1438      1440      1448      1447      1439
 -1        24    1    0    1
 -2      1445       849       850      1446      1448       852       851      1447
 -1        25    1    0    1
 -2       699      1453      1454       700       702      1456      1455       701
 -1        26    1    0    1
 -2      1453      1461      1462      1454      1456      1464      1463      1455
 -1        27    1    0    1
 -2      1461      1469      1470      1462      1464      1472      1471      1463
 -1        28    1    0    1
 -2      1469       899       900      1470      1472       902       901      1471
 -1        29    1    0    1
 -2       749       949       950       750       752       952       951       751
 -1        30    1    0    1
 -2       799       999      1000       800       802      1002      1001       801
 -1        31    1    0    1
 -2       849      1049      1050       850       852      1052      1051       851
 -1        32    1    0    1
 -2       899      1099      1100       900       902      1102      1101       901
 -1        33    1    0    1
 -2       949      1477      1478       950       952      1480      1479       951
 -1        34    1    0    1
 -2      1477      1149      1150      1478      1480      1152      1151      1479
 -1        35    1    0    1
 -2       999      1485      1486      1000      1002      1488      1487      1001
 -1        36    1    0    1
 -2      1485      1199      1200      1486      1488      1202      1201      1487
 -1        37    1    0    1
 -2      1049      1493      1494      1050      1052      1496      1495      1051
 -1        38    1    0    1
 -2      1493      1249      1250      1494      1496      1252      1251      1495
 -1        39    1    0    1
 -2      1099      1501      1502      1100      1102      1504      1503      1101
 -1        40    1    0    1
 -2      1501      1299      1300      1502      1504      1302      1301      1503
 -1        41    1    0    1
 -2       157      1509      1510       158       160      1512      1511       159
 -1        42    1    0    1
 -2      1509       207       208      1510      1512       210       209      1511
 -1        43    1    0    1
 -2       257      1517      1518       258       260      1520      1519       259
 -1        44    1    0    1
 -2      1517       307       308      1518      1520       310       309      1519
 -1        45    1    0    1
 -2       165      1525      1526       166       168      1528      1527       167
 -1        46    1    0    1
 -2      1525       265       266      1526      1528       268       267      1527
 -1        47    1    0    1
 -2       215      1533      1534       216       218      1536      1535       217
 -1        48    1    0    1
 -2      1533       315       316      1534      1536       318       317      1535
 -1        49    1    0    1
 -2       357       407       408       358       360       410       409       359
 -1        50    1    0    1
 -2       457       507       508       458       460       510       509       459
 -1        51    1    0    1
 -2       365       465       466       366       368       468       467       367
 -1        52    1    0    1
 -2       415       515       516       416       418       518       517       417
 -1        53    1    0    1
 -2       557      1541      1542       558       560      1544      1543       559
 -1        54    1    0    1
 -2      1541       607       608      1542      1544       610       609      1543
 -1        55    1    0    1
 -2       657      1549      1550       658       660      1552      1551       659
 -1        56    1    0    1
 -2      1549       707       708      1550      1552       710       709      1551
 -1        57    1    0    1
 -2       565      1557      1558       566       568      1560      1559       567
 -1        58    1    0    1
 -2      1557       665       666      1558      1560       668       667      1559
 -1        59    1    0    1
 -2       615      1565      1566       616       618      1568      1567       617
 -1        60    1    0    1
 -2      1565       715       716      1566      1568       718       717      1567
 -1        61    1    0    1
 -2       757      1573      1574       758       760      1576      1575       759
 -1        62    1    0    1
 -2      1573       807       808      1574      1576       810       809      1575
 -1        63    1    0    1
 -2       857      1581      1582       858       860      1584      1583       859
 -1        64    1    0    1
 -2      1581       907       908      1582      1584       910       909      1583
 -1        65    1    0    1
 -2       765      1589      1590       766       768      1592      1591       767
 -1        66    1    0    1
 -2      1589       865       866      1590      1592       868       867      1591
 -1        67    1    0    1
 -2       815      1597      1598       816       818      1600      1599       817
 -1        68    1    0    1
 -2      1597       915       916      1598      1600       918       917      1599
 -1        69    1    0    1
 -2       957      1007      1008       958       960      1010      1009       959
 -1        70    1    0    1
 -2      1057      1107      1108      1058      1060      1110      1109      1059
 -1        71    1    0    1
 -2       965      1065      1066       966       968      1068      1067       967
 -1        72    1    0    1
 -2      1015      1115      1116      1016      1018      1118      1117      1017
 -1        73    1    0    1
 -2      1157      1605      1606      1158      1160      1608      1607      1159
 -1        74    1    0    1
 -2      1605      1613      1614      1606      1608      1616      1615      1607
 -1        75    1    0    1
 -2      1613      1621      1622      1614      1616      1624      1623      1615
 -1        76    1    0    1
 -2      1621      1207      1208      1622      1624      1210      1209      1623
 -1        77    1    0    1
 -2      1257      1629      1630      1258      1260      1632      1631      1259
 -1        78    1    0    1
 -2      1629      1637      1638      1630      1632      1640      1639      1631
 -1        79    1    0    1
 -2      1637      1645      1646      1638      1640      1648      1647      1639
 -1        80    1    0    1
 -2      1645      1307      1308      1646      1648      1310      1309      1647
 -1        81    1    0    1
 -2      1165      1653      1654      1166      1168      1656      1655      1167
 -1        82    1    0    1
 -2      1653      1661      1662      1654      1656      1664      1663      1655
 -1        83    1    0    1
 -2      1661      1669      1670      1662      1664      1672      1671      1663
 -1        84    1    0    1
 -2      1669      1265      1266      1670      1672      1268      1267      1671
 -1        85    1    0    1
 -2      1215      1677      1678      1216      1218      1680      1679      1217
 -1        86    1    0    1
 -2      1677      1685      1686      1678      1680      1688      1687      1679
 -1        87    1    0    1
 -2      1685      1693      1694      1686      1688      1696      1695      1687
 -1        88    1    0    1
 -2      1693      1315      1316      1694      1696      1318      1317      1695
 -1        89    1    0    1
 -2       149      1701      1702       150       152      1704      1703       151
 -1        90    1    0    1
 -2      1701      1709      1710      1702      1704      1712      1711      1703
 -1        91    1    0    1
 -2      1709      1717      1718      1710      1712      1720      1719      1711
 -1        92    1    0    1
 -2      1717       449       450      1718      1720       452       451      1719
 -1        93    1    0    1
 -2       249      1725      1726       250       252      1728      1727       251
 -1        94    1    0    1
 -2      1725      1733      1734      1726      1728      1736      1735      1727
 -1        95    1    0    1
 -2      1733      1741      1742      1734      1736      1744      1743      1735
 -1        96    1    0    1
 -2      1741       349       350      1742      1744       352       351      1743
 -1        97    1    0    1
 -2       199      1749      1750       200       202      1752      1751       201
 -1        98    1    0    1
 -2      1749      1757      1758      1750      1752      1760      1759      1751
 -1        99    1    0    1
 -2      1757      1765      1766      1758      1760      1768      1767      1759
 -1       100    1    0    1
 -2      1765       499       500      1766      1768       502       501      1767
 -1       101    1    0    1
 -2       299      1773      1774       300       302      1776      1775       301
 -1       102    1    0    1
 -2      1773      1781      1782      1774      1776      1784      1783      1775
 -1       103    1    0    1
 -2      1781      1789      1790      1782      1784      1792      1791      1783
 -1       104    1    0    1
 -2      1789       399       400      1790      1792       402       401      1791
 -1       105    1    0    1
 -2       149      1797      1798       150       152      1800      1799       151
 -1       106    1    0    1
 -2      1797      1805      1806      1798      1800      1808      1807      1799
 -1       107    1    0    1
 -2      1805      1813      1814      1806      1808      1816      1815      1807
 -1       108    1    0    1
 -2      1813       399       400      1814      1816       402       401      1815
 -1       109    1    0    1
 -2       199      1821      1822       200       202      1824      1823       201
 -1       110    1    0    1
 -2      1821      1829      1830      1822      1824      1832      1831      1823
 -1       111    1    0    1
 -2      1829      1837      1838      1830      1832      1840      1839      1831
 -1       112    1    0    1
 -2      1837       349       350      1838      1840       352       351      1839
 -1       113    1    0    1
 -2       249      1845      1846       250       252      1848      1847       251
 -1       114    1    0    1
 -2      1845      1853      1854      1846      1848      1856      1855      1847
 -1       115    1    0    1
 -2      1853      1861      1862      1854      1856      1864      1863      1855
 -1       116    1    0    1
 -2      1861       499       500      1862      1864       502       501      1863
 -1       117    1    0    1
 -2       299      1869      1870       300       302      1872      1871       301
 -1       118    1    0    1
 -2      1869      1877      1878      1870      1872      1880      1879      1871
 -1       119    1    0    1
 -2      1877      1885      1886      1878      1880      1888      1887      1879
 -1       120    1    0    1
 -2      1885       449       450      1886      1888       452       451      1887
 -1       121    1    0    1
 -2       349      1893      1894       350       352      1896      1895       351
 -1       122    1    0    1
 -2      1893      1901      1902      1894      1896      1904      1903      1895
 -1       123    1    0    1
 -2      1901      1909      1910      1902      1904      1912      1911      1903
 -1       124    1    0    1
 -2      1909      1917      1918      1910      1912      1920      1919      1911
 -1       125    1    0    1
 -2      1917      1925      1926      1918      1920      1928      1927      1919
 -1       126    1    0    1
 -2      1925      1933      1934      1926      1928      1936      1935      1927
 -1       127    1    0    1
 -2      1933      1941      1942      1934      1936      1944      1943      1935
 -1       128    1    0    1
 -2      1941       649       650      1942      1944       652       651      1943
 -1       129    1    0    1
 -2       449      1949      1950       450       452      1952      1951       451
 -1       130    1    0    1
 -2      1949      1957      1958      1950      1952      1960      1959      1951
 -1       131    1    0    1
 -2      1957      1965      1966      1958      1960      1968      1967      1959
 -1       132    1    0    1
 -2      1965      1973      1974      1966      1968      1976      1975      1967
 -1       133    1    0    1
 -2      1973      1981      1982      1974      1976      1984      1983      1975
 -1       134    1    0    1
 -2      1981      1989      1990      1982      1984      1992      1991      1983
 -1       135    1    0    1
 -2      1989      1997      1998      1990      1992      2000      1999      1991
 -1       136    1    0    1
 -2      1997       549       550      1998      2000       552       551      1999
 -1       137    1    0    1
 -2       399      2005      2006       400       402      2008      2007       401
 -1       138    1    0    1
 -2      2005      2013      2014      2006      2008      2016      2015      2007
 -1       139    1    0    1
 -2      2013      2021      2022      2014      2016      2024      2023      2015
 -1       140    1    0    1
 -2      2021      2029      2030      2022      2024      2032      2031      2023
 -1       141    1    0    1
 -2      2029      2037      2038      2030      2032      2040      2039      2031
 -1       142    1    0    1
 -2      2037      2045      2046      2038      2040      2048      2047      2039
 -1       143    1    0    1
 -2      2045      2053      2054      2046      2048      2056      2055      2047
 -1       144    1    0    1
 -2      2053       699       700      2054      2056       702       701      2055
 -1       145    1    0    1
 -2       499      2061      2062       500       502      2064      2063       501
 -1       146    1    0    1
 -2      2061      2069      2070      2062      2064      2072      2071      2063
 -1       147    1    0    1
 -2      2069      2077      2078      2070      2072      2080      2079      2071
 -1       148    1    0    1
 -2      2077      2085      2086      2078      2080      2088      2087      2079
 -1       149    1    0    1
 -2      2085      2093      2094      2086      2088      2096      2095      2087
 -1       150    1    0    1
 -2      2093      2101      2102      2094      2096      2104      2103      2095
 -1       151    1    0    1
 -2      2101      2109      2110      2102      2104      2112      2111      2103
 -1       152    1    0    1
 -2      2109       599       600      2110      2112       602       601      2111
 -1       153    1    0    1
 -2       349      2117      2118       350       352      2120      2119       351
 -1       154    1    0    1
 -2      2117      2125      2126      2118      2120      2128      2127      2119
 -1       155    1    0    1
 -2      2125      2133      2134      2126      2128      2136      2135      2127
 -1       156    1    0    1
 -2      2133      2141      2142      2134      2136      2144      2143      2135
 -1       157    1    0    1
 -2      2141      2149      2150      2142      2144      2152      2151      2143
 -1       158    1    0    1
 -2      2149      2157      2158      2150      2152      2160      2159      2151
 -1       159    1    0    1
 -2      2157      2165      2166      2158      2160      2168      2167      2159
 -1       160    1    0    1
 -2      2165       599       600      2166      2168       602       601      2167
 -1       161    1    0    1
 -2       399      2173      2174       400       402      2176      2175       401
 -1       162    1    0    1
 -2      2173      2181      2182      2174      2176      2184      2183      2175
 -1       163    1    0    1
 -2      2181      2189      2190      2182      2184      2192      2191      2183
 -1       164    1    0    1
 -2      2189      2197      2198      2190      2192      2200      2199      2191
 -1       165    1    0    1
 -2      2197      2205      2206      2198      2200      2208      2207      2199
 -1       166    1    0    1
 -2      2205      2213      2214      2206      2208      2216      2215      2207
 -1       167    1    0    1
 -2      2213      2221      2222      2214      2216      2224      2223      2215
 -1       168    1    0    1
 -2      2221       549       550      2222      2224       552       551      2223
 -1       169    1    0    1
 -2       449      2229      2230       450       452      2232      2231       451
 -1       170    1    0    1
 -2      2229      2237      2238      2230      2232      2240      2239      2231
 -1       171    1    0    1
 -2      2237      2245      2246      2238      2240      2248      2247      2239
 -1       172    1    0    1
 -2      2245      2253      2254      2246      2248      2256      2255      2247
 -1       173    1    0    1
 -2      2253      2261      2262      2254      2256      2264      2263      2255
 -1       174    1    0    1
 -2      2261      2269      2270      2262      2264      2272      2271      2263
 -1       175    1    0    1
 -2      2269      2277      2278      2270      2272      2280      2279      2271
 -1       176    1    0    1
 -2      2277       699       700      2278      2280       702       701      2279
 -1       177    1    0    1
 -2       499      2285      2286       500       502      2288      2287       501
 -1       178    1    0    1
 -2      2285      2293      2294      2286      2288      2296      2295      2287
 -1       179    1    0    1
 -2      2293      2301      2302      2294      2296      2304      2303      2295
 -1       180    1    0    1
 -2      2301      2309      2310      2302      2304      2312      2311      2303
 -1       181    1    0    1
 -2      2309      2317      2318      2310      2312      2320      2319      2311
 -1       182    1    0    1
 -2      2317      2325      2326      2318      2320      2328      2327      2319
 -1       183    1    0    1
 -2      2325      2333      2334      2326      2328      2336      2335      2327
 -1       184    1    0    1
 -2      2333       649       650      2334      2336       652       651      2335
 -1       185    1    0    1
 -2       549       849       850       550       552       852       851       551
 -1       186    1    0    1
 -2       649       749       750       650       652       752       751       651
 -1       187    1    0    1
 -2       599       899       900       600       602       902       901       601
 -1       188    1    0    1
 -2       699       799       800       700       702       802       801       701
 -1       189    1    0    1
 -2       549       799       800       550       552       802       801       551
 -1       190    1    0    1
 -2       599       749       750       600       602       752       751       601
 -1       191    1    0    1
 -2       649       899       900       650       652       902       901       651
 -1       192    1    0    1
 -2       699       849       850       700       702       852       851       701
 -1       193    1    0    1
 -2       749      1049      1050       750       752      1052      1051       751
 -1       194    1    0    1
 -2       849       949       950       850       852       952       951       851
 -1       195    1    0    1
 -2       799      1099      1100       800       802      1102      1101       801
 -1       196    1    0    1
 -2       899       999      1000       900       902      1002      1001       901
 -1       197    1    0    1
 -2       749       999      1000       750       752      1002      1001       751
 -1       198    1    0    1
 -2       799       949       950       800       802       952       951       801
 -1       199    1    0    1
 -2       849      1099      1100       850       852      1102      1101       851
 -1       200    1    0    1
 -2       899      1049      1050       900       902      1052      1051       901
 -1       201    1    0    1
 -2       949      1249      1250       950       952      1252      1251       951
 -1       202    1    0    1
 -2      1049      1149      1150      1050      1052      1152      1151      1051
 -1       203    1    0    1
 -2       999      1299      1300      1000      1002      1302      1301      1001
 -1       204    1    0    1
 -2      1099      1199      1200      1100      1102      1202      1201      1101
 -1       205    1    0    1
 -2       949      1199      1200       950       952      1202      1201       951
 -1       206    1    0    1
 -2       999      1149      1150      1000      1002      1152      1151      1001
 -1       207    1    0    1
 -2      1049      1299      1300      1050      1052      1302      1301      1051
 -1       208    1    0    1
 -2      1099      1249      1250      1100      1102      1252      1251      1101
 -3
    1PSTEP                         1           1           1          
  100CL  101 1.000000000           0                     0    1           1
 -4  DISP        4    1
 -5  D1          1    2    1    0
 -5  D2          1    2    2    0
 -5  D3          1    2    3    0
 -5  ALL         1    2    0    0    1ALL
 -3
 9999
