    1C
    1UNormalized cross-passage space-truss torsion benchmark            
    1UUSER                                                              
    1UDATE              06.august.2026                                  
    1UTIME              08:14:16                                        
    1UHOST                                                              
    1UPGM               CalculiX                                        
    1UVERSION           Version 2.21                             
    1UCOMPILETIME       Sat Jul 29 10:52:01 CEST 2023                    
    1UDIR                                                               
    1UDBN                                                               
    1UMAT    1STEEL                                                     
    2C                           800                                     1
 -1       153-1.19385E+00 1.28564E-03-3.55031E-02
 -1       154-1.23028E+00 3.82143E-03-1.91941E-02
 -1       155-1.20615E+00-1.28564E-03 3.55031E-02
 -1       156-1.16972E+00-3.82143E-03 1.91941E-02
 -1       161-1.20102E+00-3.40950E-02-1.16828E-02
 -1       162-1.20007E+00-2.33416E-03-3.59798E-02
 -1       163-1.19898E+00 3.40950E-02 1.16828E-02
 -1       164-1.19993E+00 2.33416E-03 3.59798E-02
 -1       169-1.23354E+00-1.32202E-02 3.96605E-04
 -1       170-1.20069E+00-3.60327E-02 1.08098E-03
 -1       171-1.16646E+00 1.32202E-02-3.96605E-04
 -1       172-1.19931E+00 3.60327E-02-1.08098E-03
 -1       203 1.20192E+00 2.05963E-03-3.59455E-02
 -1       204 1.16765E+00-2.18482E-03-1.57609E-02
 -1       205 1.19808E+00-2.05963E-03 3.59455E-02
 -1       206 1.23235E+00 2.18482E-03 1.57609E-02
 -1       211 1.20102E+00-3.38645E-02-1.23355E-02
 -1       212 1.20005E+00-1.64335E-03-3.60180E-02
 -1       213 1.19898E+00 3.38645E-02 1.23355E-02
 -1       214 1.19995E+00 1.64335E-03 3.60180E-02
 -1       219 1.16697E+00-1.44498E-02-4.33494E-04
 -1       220 1.20064E+00-3.60336E-02-1.08101E-03
 -1       221 1.23303E+00 1.44498E-02 4.33494E-04
 -1       222 1.19936E+00 3.60336E-02 1.08101E-03
 -1       253-1.19302E+00-2.49641E-03 1.96472E+00
 -1       254-1.22982E+00 1.71693E-03 1.97980E+00
 -1       255-1.20698E+00 2.49641E-03 2.03528E+00
 -1       256-1.17018E+00-1.71693E-03 2.02020E+00
 -1       261-1.19898E+00-3.38645E-02 1.98766E+00
 -1       262-1.19995E+00-1.64335E-03 1.96398E+00
 -1       263-1.20102E+00 3.38645E-02 2.01234E+00
 -1       264-1.20005E+00 1.64335E-03 2.03602E+00
 -1       269-1.23303E+00-1.44498E-02 1.99957E+00
 -1       270-1.19936E+00-3.60336E-02 1.99892E+00
 -1       271-1.16697E+00 1.44498E-02 2.00043E+00
 -1       272-1.20064E+00 3.60336E-02 2.00108E+00
 -1       303 1.20331E+00-1.56926E-03 1.96413E+00
 -1       304 1.16828E+00-3.82516E-03 1.98330E+00
 -1       305 1.19669E+00 1.56926E-03 2.03587E+00
 -1       306 1.23172E+00 3.82516E-03 2.01670E+00
 -1       311 1.19898E+00-3.40950E-02 1.98832E+00
 -1       312 1.19993E+00-2.33416E-03 1.96402E+00
 -1       313 1.20102E+00 3.40950E-02 2.01168E+00
 -1       314 1.20007E+00 2.33416E-03 2.03598E+00
 -1       319 1.16646E+00-1.32202E-02 2.00040E+00
 -1       320 1.19931E+00-3.60327E-02 2.00108E+00
 -1       321 1.23354E+00 1.32202E-02 1.99960E+00
 -1       322 1.20069E+00 3.60327E-02 1.99892E+00
 -1       353-1.19500E+00 9.99925E+00-3.56987E-02
 -1       354-1.23103E+00 1.00001E+01-1.83572E-02
 -1       355-1.20500E+00 1.00008E+01 3.56987E-02
 -1       356-1.16897E+00 9.99992E+00 1.83572E-02
 -1       361-1.20000E+00 9.96600E+00-1.20000E-02
 -1       362-1.20000E+00 9.99800E+00-3.60000E-02
 -1       363-1.20000E+00 1.00340E+01 1.20000E-02
 -1       364-1.20000E+00 1.00020E+01 3.60000E-02
 -1       369-1.23328E+00 9.98613E+00 0.00000E+00
 -1       370-1.20000E+00 9.96394E+00 0.00000E+00
 -1       371-1.16672E+00 1.00139E+01 0.00000E+00
 -1       372-1.20000E+00 1.00361E+01 0.00000E+00
 -1       403 1.20431E+00 9.99974E+00-3.57959E-02
 -1       404 1.16862E+00 9.99940E+00-1.77432E-02
 -1       405 1.19569E+00 1.00003E+01 3.57959E-02
 -1       406 1.23138E+00 1.00006E+01 1.77432E-02
 -1       411 1.20000E+00 9.96600E+00-1.20000E-02
 -1       412 1.20000E+00 9.99800E+00-3.60000E-02
 -1       413 1.20000E+00 1.00340E+01 1.20000E-02
 -1       414 1.20000E+00 1.00020E+01 3.60000E-02
 -1       419 1.16672E+00 9.98613E+00 0.00000E+00
 -1       420 1.20000E+00 9.96394E+00 0.00000E+00
 -1       421 1.23328E+00 1.00139E+01 0.00000E+00
 -1       422 1.20000E+00 1.00361E+01 0.00000E+00
 -1       453-1.19531E+00 1.00003E+01 1.96425E+00
 -1       454-1.23119E+00 1.00006E+01 1.98193E+00
 -1       455-1.20469E+00 9.99974E+00 2.03575E+00
 -1       456-1.16881E+00 9.99940E+00 2.01807E+00
 -1       461-1.20000E+00 9.96600E+00 1.98800E+00
 -1       462-1.20000E+00 9.99800E+00 1.96400E+00
 -1       463-1.20000E+00 1.00340E+01 2.01200E+00
 -1       464-1.20000E+00 1.00020E+01 2.03600E+00
 -1       469-1.23328E+00 9.98613E+00 2.00000E+00
 -1       470-1.20000E+00 9.96394E+00 2.00000E+00
 -1       471-1.16672E+00 1.00139E+01 2.00000E+00
 -1       472-1.20000E+00 1.00361E+01 2.00000E+00
 -1       503 1.20397E+00 1.00007E+01 1.96417E+00
 -1       504 1.16845E+00 9.99989E+00 1.98255E+00
 -1       505 1.19603E+00 9.99926E+00 2.03583E+00
 -1       506 1.23155E+00 1.00001E+01 2.01745E+00
 -1       511 1.20000E+00 9.96600E+00 1.98800E+00
 -1       512 1.20000E+00 9.99800E+00 1.96400E+00
 -1       513 1.20000E+00 1.00340E+01 2.01200E+00
 -1       514 1.20000E+00 1.00020E+01 2.03600E+00
 -1       519 1.16672E+00 9.98613E+00 2.00000E+00
 -1       520 1.20000E+00 9.96394E+00 2.00000E+00
 -1       521 1.23328E+00 1.00139E+01 2.00000E+00
 -1       522 1.20000E+00 1.00361E+01 2.00000E+00
 -1       553-1.19536E+00 1.99999E+01-3.57559E-02
 -1       554-1.23122E+00 2.00002E+01-1.80337E-02
 -1       555-1.20464E+00 2.00001E+01 3.57559E-02
 -1       556-1.16878E+00 1.99998E+01 1.80337E-02
 -1       561-1.20000E+00 1.99660E+01-1.20000E-02
 -1       562-1.20000E+00 1.99980E+01-3.60000E-02
 -1       563-1.20000E+00 2.00340E+01 1.20000E-02
 -1       564-1.20000E+00 2.00020E+01 3.60000E-02
 -1       569-1.23328E+00 1.99861E+01 0.00000E+00
 -1       570-1.20000E+00 1.99639E+01 0.00000E+00
 -1       571-1.16672E+00 2.00139E+01 0.00000E+00
 -1       572-1.20000E+00 2.00361E+01 0.00000E+00
 -1       603 1.20445E+00 1.99996E+01-3.57778E-02
 -1       604 1.16868E+00 1.99996E+01-1.78639E-02
 -1       605 1.19555E+00 2.00004E+01 3.57778E-02
 -1       606 1.23132E+00 2.00004E+01 1.78639E-02
 -1       611 1.20000E+00 1.99660E+01-1.20000E-02
 -1       612 1.20000E+00 1.99980E+01-3.60000E-02
 -1       613 1.20000E+00 2.00340E+01 1.20000E-02
 -1       614 1.20000E+00 2.00020E+01 3.60000E-02
 -1       619 1.16672E+00 1.99861E+01 0.00000E+00
 -1       620 1.20000E+00 1.99639E+01 0.00000E+00
 -1       621 1.23328E+00 2.00139E+01 0.00000E+00
 -1       622 1.20000E+00 2.00361E+01 0.00000E+00
 -1       653-1.19553E+00 2.00004E+01 1.96423E+00
 -1       654-1.23130E+00 2.00004E+01 1.98211E+00
 -1       655-1.20447E+00 1.99996E+01 2.03577E+00
 -1       656-1.16870E+00 1.99996E+01 2.01789E+00
 -1       661-1.20000E+00 1.99660E+01 1.98800E+00
 -1       662-1.20000E+00 1.99980E+01 1.96400E+00
 -1       663-1.20000E+00 2.00340E+01 2.01200E+00
 -1       664-1.20000E+00 2.00020E+01 2.03600E+00
 -1       669-1.23328E+00 1.99861E+01 2.00000E+00
 -1       670-1.20000E+00 1.99639E+01 2.00000E+00
 -1       671-1.16672E+00 2.00139E+01 2.00000E+00
 -1       672-1.20000E+00 2.00361E+01 2.00000E+00
 -1       703 1.20428E+00 2.00001E+01 1.96420E+00
 -1       704 1.16860E+00 1.99998E+01 1.98228E+00
 -1       705 1.19572E+00 1.99999E+01 2.03580E+00
 -1       706 1.23140E+00 2.00002E+01 2.01772E+00
 -1       711 1.20000E+00 1.99660E+01 1.98800E+00
 -1       712 1.20000E+00 1.99980E+01 1.96400E+00
 -1       713 1.20000E+00 2.00340E+01 2.01200E+00
 -1       714 1.20000E+00 2.00020E+01 2.03600E+00
 -1       719 1.16672E+00 1.99861E+01 2.00000E+00
 -1       720 1.20000E+00 1.99639E+01 2.00000E+00
 -1       721 1.23328E+00 2.00139E+01 2.00000E+00
 -1       722 1.20000E+00 2.00361E+01 2.00000E+00
 -1       753-1.19531E+00 2.99998E+01-3.57489E-02
 -1       754-1.23120E+00 3.00001E+01-1.80779E-02
 -1       755-1.20469E+00 3.00002E+01 3.57489E-02
 -1       756-1.16880E+00 2.99999E+01 1.80779E-02
 -1       761-1.20145E+00 2.99659E+01-1.15569E-02
 -1       762-1.20010E+00 2.99975E+01-3.59709E-02
 -1       763-1.19855E+00 3.00341E+01 1.15569E-02
 -1       764-1.19990E+00 3.00025E+01 3.59709E-02
 -1       769-1.23365E+00 2.99871E+01 5.48678E-04
 -1       770-1.20099E+00 2.99640E+01 1.52775E-03
 -1       771-1.16635E+00 3.00129E+01-5.48678E-04
 -1       772-1.19901E+00 3.00360E+01-1.52775E-03
 -1       803 1.20448E+00 2.99998E+01-3.57759E-02
 -1       804 1.16870E+00 2.99998E+01-1.78932E-02
 -1       805 1.19552E+00 3.00002E+01 3.57759E-02
 -1       806 1.23130E+00 3.00002E+01 1.78932E-02
 -1       811 1.20143E+00 2.99662E+01-1.24797E-02
 -1       812 1.20006E+00 2.99985E+01-3.60247E-02
 -1       813 1.19857E+00 3.00338E+01 1.24797E-02
 -1       814 1.19994E+00 3.00015E+01 3.60247E-02
 -1       819 1.16707E+00 2.99853E+01-6.22501E-04
 -1       820 1.20089E+00 2.99640E+01-1.52786E-03
 -1       821 1.23293E+00 3.00147E+01 6.22501E-04
 -1       822 1.19911E+00 3.00360E+01 1.52786E-03
 -1       853-1.19542E+00 3.00002E+01 1.96424E+00
 -1       854-1.23125E+00 3.00002E+01 1.98202E+00
 -1       855-1.20458E+00 2.99998E+01 2.03576E+00
 -1       856-1.16875E+00 2.99998E+01 2.01798E+00
 -1       861-1.19857E+00 2.99662E+01 1.98752E+00
 -1       862-1.19994E+00 2.99985E+01 1.96398E+00
 -1       863-1.20143E+00 3.00338E+01 2.01248E+00
 -1       864-1.20006E+00 3.00015E+01 2.03602E+00
 -1       869-1.23293E+00 2.99853E+01 1.99938E+00
 -1       870-1.19911E+00 2.99640E+01 1.99847E+00
 -1       871-1.16707E+00 3.00147E+01 2.00062E+00
 -1       872-1.20089E+00 3.00360E+01 2.00153E+00
 -1       903 1.20436E+00 3.00002E+01 1.96421E+00
 -1       904 1.16864E+00 2.99999E+01 1.98221E+00
 -1       905 1.19564E+00 2.99998E+01 2.03579E+00
 -1       906 1.23136E+00 3.00001E+01 2.01779E+00
 -1       911 1.19855E+00 2.99659E+01 1.98844E+00
 -1       912 1.19990E+00 2.99975E+01 1.96403E+00
 -1       913 1.20145E+00 3.00341E+01 2.01156E+00
 -1       914 1.20010E+00 3.00025E+01 2.03597E+00
 -1       919 1.16635E+00 2.99871E+01 2.00055E+00
 -1       920 1.19901E+00 2.99640E+01 2.00153E+00
 -1       921 1.23365E+00 3.00129E+01 1.99945E+00
 -1       922 1.20099E+00 3.00360E+01 1.99847E+00
 -1       953-1.19503E+00 3.99993E+01-3.57037E-02
 -1       954-1.23105E+00 4.00000E+01-1.83259E-02
 -1       955-1.20497E+00 4.00007E+01 3.57037E-02
 -1       956-1.16895E+00 4.00000E+01 1.83259E-02
 -1       961-1.20145E+00 3.99659E+01-1.15569E-02
 -1       962-1.20010E+00 3.99975E+01-3.59709E-02
 -1       963-1.19855E+00 4.00341E+01 1.15569E-02
 -1       964-1.19990E+00 4.00025E+01 3.59709E-02
 -1       969-1.23365E+00 3.99871E+01 5.48678E-04
 -1       970-1.20099E+00 3.99640E+01 1.52775E-03
 -1       971-1.16635E+00 4.00129E+01-5.48678E-04
 -1       972-1.19901E+00 4.00360E+01-1.52775E-03
 -1      1003 1.20432E+00 3.99999E+01-3.57959E-02
 -1      1004 1.16862E+00 3.99995E+01-1.77509E-02
 -1      1005 1.19568E+00 4.00001E+01 3.57959E-02
 -1      1006 1.23138E+00 4.00005E+01 1.77509E-02
 -1      1011 1.20143E+00 3.99662E+01-1.24797E-02
 -1      1012 1.20006E+00 3.99985E+01-3.60247E-02
 -1      1013 1.19857E+00 4.00338E+01 1.24797E-02
 -1      1014 1.19994E+00 4.00015E+01 3.60247E-02
 -1      1019 1.16707E+00 3.99853E+01-6.22501E-04
 -1      1020 1.20089E+00 3.99640E+01-1.52786E-03
 -1      1021 1.23293E+00 4.00147E+01 6.22501E-04
 -1      1022 1.19911E+00 4.00360E+01 1.52786E-03
 -1      1053-1.19530E+00 4.00001E+01 1.96425E+00
 -1      1054-1.23119E+00 4.00005E+01 1.98191E+00
 -1      1055-1.20470E+00 3.99999E+01 2.03575E+00
 -1      1056-1.16881E+00 3.99995E+01 2.01809E+00
 -1      1061-1.19857E+00 3.99662E+01 1.98752E+00
 -1      1062-1.19994E+00 3.99985E+01 1.96398E+00
 -1      1063-1.20143E+00 4.00338E+01 2.01248E+00
 -1      1064-1.20006E+00 4.00015E+01 2.03602E+00
 -1      1069-1.23293E+00 3.99853E+01 1.99938E+00
 -1      1070-1.19911E+00 3.99640E+01 1.99847E+00
 -1      1071-1.16707E+00 4.00147E+01 2.00062E+00
 -1      1072-1.20089E+00 4.00360E+01 2.00153E+00
 -1      1103 1.20403E+00 4.00007E+01 1.96418E+00
 -1      1104 1.16848E+00 4.00000E+01 1.98250E+00
 -1      1105 1.19597E+00 3.99993E+01 2.03582E+00
 -1      1106 1.23152E+00 4.00000E+01 2.01750E+00
 -1      1111 1.19855E+00 3.99659E+01 1.98844E+00
 -1      1112 1.19990E+00 3.99975E+01 1.96403E+00
 -1      1113 1.20145E+00 4.00341E+01 2.01156E+00
 -1      1114 1.20010E+00 4.00025E+01 2.03597E+00
 -1      1119 1.16635E+00 3.99871E+01 2.00055E+00
 -1      1120 1.19901E+00 3.99640E+01 2.00153E+00
 -1      1121 1.23365E+00 4.00129E+01 1.99945E+00
 -1      1122 1.20099E+00 4.00360E+01 1.99847E+00
 -1      1153-1.19611E+00 4.99979E+01-3.57828E-02
 -1      1154-1.23152E+00 4.99968E+01-1.72113E-02
 -1      1155-1.20389E+00 5.00021E+01 3.57828E-02
 -1      1156-1.16848E+00 5.00032E+01 1.72113E-02
 -1      1161-1.20102E+00 4.99659E+01-1.16828E-02
 -1      1162-1.20007E+00 4.99977E+01-3.59798E-02
 -1      1163-1.19898E+00 5.00341E+01 1.16828E-02
 -1      1164-1.19993E+00 5.00023E+01 3.59798E-02
 -1      1169-1.23354E+00 4.99868E+01 3.96605E-04
 -1      1170-1.20069E+00 4.99640E+01 1.08098E-03
 -1      1171-1.16646E+00 5.00132E+01-3.96605E-04
 -1      1172-1.19931E+00 5.00360E+01-1.08098E-03
 -1      1203 1.20661E+00 4.99962E+01-3.52441E-02
 -1      1204 1.16989E+00 5.00001E+01-1.98375E-02
 -1      1205 1.19339E+00 5.00038E+01 3.52441E-02
 -1      1206 1.23011E+00 4.99999E+01 1.98375E-02
 -1      1211 1.20102E+00 4.99661E+01-1.23355E-02
 -1      1212 1.20005E+00 4.99984E+01-3.60180E-02
 -1      1213 1.19898E+00 5.00339E+01 1.23355E-02
 -1      1214 1.19995E+00 5.00016E+01 3.60180E-02
 -1      1219 1.16697E+00 4.99855E+01-4.33494E-04
 -1      1220 1.20064E+00 4.99640E+01-1.08101E-03
 -1      1221 1.23303E+00 5.00145E+01 4.33494E-04
 -1      1222 1.19936E+00 5.00360E+01 1.08101E-03
 -1      1253-1.19823E+00 5.00035E+01 1.96416E+00
 -1      1254-1.23249E+00 4.99994E+01 1.98438E+00
 -1      1255-1.20177E+00 4.99965E+01 2.03584E+00
 -1      1256-1.16751E+00 5.00006E+01 2.01562E+00
 -1      1261-1.19898E+00 4.99661E+01 1.98766E+00
 -1      1262-1.19995E+00 4.99984E+01 1.96398E+00
 -1      1263-1.20102E+00 5.00339E+01 2.01234E+00
 -1      1264-1.20005E+00 5.00016E+01 2.03602E+00
 -1      1269-1.23303E+00 4.99855E+01 1.99957E+00
 -1      1270-1.19936E+00 4.99640E+01 1.99892E+00
 -1      1271-1.16697E+00 5.00145E+01 2.00043E+00
 -1      1272-1.20064E+00 5.00360E+01 2.00108E+00
 -1      1303 1.20516E+00 5.00020E+01 1.96437E+00
 -1      1304 1.16912E+00 5.00032E+01 1.98168E+00
 -1      1305 1.19484E+00 4.99980E+01 2.03563E+00
 -1      1306 1.23088E+00 4.99968E+01 2.01832E+00
 -1      1311 1.19898E+00 4.99659E+01 1.98832E+00
 -1      1312 1.19993E+00 4.99977E+01 1.96402E+00
 -1      1313 1.20102E+00 5.00341E+01 2.01168E+00
 -1      1314 1.20007E+00 5.00023E+01 2.03598E+00
 -1      1319 1.16646E+00 4.99868E+01 2.00040E+00
 -1      1320 1.19931E+00 4.99640E+01 2.00108E+00
 -1      1321 1.23354E+00 5.00132E+01 1.99960E+00
 -1      1322 1.20069E+00 5.00360E+01 1.99892E+00
 -1      1353-1.19553E+00 1.50000E+01-1.85778E-01
 -1      1354-1.23131E+00 1.50000E+01-1.67883E-01
 -1      1355-1.20447E+00 1.50000E+01-1.14222E-01
 -1      1356-1.16869E+00 1.50000E+01-1.32117E-01
 -1      1361 1.20447E+00 1.50000E+01 1.14222E-01
 -1      1362 1.16869E+00 1.50000E+01 1.32117E-01
 -1      1363 1.19553E+00 1.50000E+01 1.85778E-01
 -1      1364 1.23131E+00 1.50000E+01 1.67883E-01
 -1      1369-1.19553E+00 1.50000E+01 1.81422E+00
 -1      1370-1.23131E+00 1.50000E+01 1.83212E+00
 -1      1371-1.20447E+00 1.50000E+01 1.88578E+00
 -1      1372-1.16869E+00 1.50000E+01 1.86788E+00
 -1      1377 1.20447E+00 1.50000E+01 2.11422E+00
 -1      1378 1.16869E+00 1.50000E+01 2.13212E+00
 -1      1379 1.19553E+00 1.50000E+01 2.18578E+00
 -1      1380 1.23131E+00 1.50000E+01 2.16788E+00
 -1      1385-1.19522E+00 4.24989E+01-1.41787E-01
 -1      1386-1.23115E+00 4.24995E+01-1.24216E-01
 -1      1387-1.20478E+00 4.25011E+01-7.03450E-02
 -1      1388-1.16885E+00 4.25005E+01-8.79159E-02
 -1      1393-1.19553E+00 4.50000E+01-1.85777E-01
 -1      1394-1.23131E+00 4.50000E+01-1.67887E-01
 -1      1395-1.20447E+00 4.50000E+01-1.14223E-01
 -1      1396-1.16869E+00 4.50000E+01-1.32113E-01
 -1      1401-1.19586E+00 4.75011E+01-1.41867E-01
 -1      1402-1.23147E+00 4.75005E+01-1.23652E-01
 -1      1403-1.20414E+00 4.74989E+01-7.02647E-02
 -1      1404-1.16853E+00 4.74995E+01-8.84797E-02
 -1      1409 1.20414E+00 4.25011E+01 7.02647E-02
 -1      1410 1.16853E+00 4.25005E+01 8.84797E-02
 -1      1411 1.19586E+00 4.24989E+01 1.41867E-01
 -1      1412 1.23147E+00 4.24995E+01 1.23652E-01
 -1      1417 1.20447E+00 4.50000E+01 1.14223E-01
 -1      1418 1.16869E+00 4.50000E+01 1.32113E-01
 -1      1419 1.19553E+00 4.50000E+01 1.85777E-01
 -1      1420 1.23131E+00 4.50000E+01 1.67887E-01
 -1      1425 1.20478E+00 4.74989E+01 7.03450E-02
 -1      1426 1.16885E+00 4.74995E+01 8.79159E-02
 -1      1427 1.19522E+00 4.75011E+01 1.41787E-01
 -1      1428 1.23115E+00 4.75005E+01 1.24216E-01
 -1      1433-1.19522E+00 4.24989E+01 1.85821E+00
 -1      1434-1.23115E+00 4.24995E+01 1.87578E+00
 -1      1435-1.20478E+00 4.25011E+01 1.92966E+00
 -1      1436-1.16885E+00 4.25005E+01 1.91208E+00
 -1      1441-1.19553E+00 4.50000E+01 1.81422E+00
 -1      1442-1.23131E+00 4.50000E+01 1.83211E+00
 -1      1443-1.20447E+00 4.50000E+01 1.88578E+00
 -1      1444-1.16869E+00 4.50000E+01 1.86789E+00
 -1      1449-1.19586E+00 4.75011E+01 1.85813E+00
 -1      1450-1.23147E+00 4.75005E+01 1.87635E+00
 -1      1451-1.20414E+00 4.74989E+01 1.92974E+00
 -1      1452-1.16853E+00 4.74995E+01 1.91152E+00
 -1      1457 1.20414E+00 4.25011E+01 2.07026E+00
 -1      1458 1.16853E+00 4.25005E+01 2.08848E+00
 -1      1459 1.19586E+00 4.24989E+01 2.14187E+00
 -1      1460 1.23147E+00 4.24995E+01 2.12365E+00
 -1      1465 1.20447E+00 4.50000E+01 2.11422E+00
 -1      1466 1.16869E+00 4.50000E+01 2.13211E+00
 -1      1467 1.19553E+00 4.50000E+01 2.18578E+00
 -1      1468 1.23131E+00 4.50000E+01 2.16789E+00
 -1      1473 1.20478E+00 4.74989E+01 2.07034E+00
 -1      1474 1.16885E+00 4.74995E+01 2.08792E+00
 -1      1475 1.19522E+00 4.75011E+01 2.14179E+00
 -1      1476 1.23115E+00 4.75005E+01 2.12422E+00
 -1      1481 0.00000E+00-6.99992E-02-1.20023E-02
 -1      1482 0.00000E+00-3.79975E-02-3.60001E-02
 -1      1483 0.00000E+00-2.00083E-03 1.20023E-02
 -1      1484 0.00000E+00-3.40025E-02 3.60001E-02
 -1      1489 0.00000E+00 2.00083E-03 1.98800E+00
 -1      1490 0.00000E+00 3.40025E-02 1.96400E+00
 -1      1491 0.00000E+00 6.99992E-02 2.01200E+00
 -1      1492 0.00000E+00 3.79975E-02 2.03600E+00
 -1      1497-1.23329E+00 1.61495E-02 1.00000E+00
 -1      1498-1.20002E+00-6.05551E-03 1.00000E+00
 -1      1499-1.16671E+00 4.38505E-02 1.00000E+00
 -1      1500-1.19998E+00 6.60555E-02 1.00000E+00
 -1      1505 1.16671E+00-4.38505E-02 1.00000E+00
 -1      1506 1.19998E+00-6.60555E-02 1.00000E+00
 -1      1507 1.23329E+00-1.61495E-02 1.00000E+00
 -1      1508 1.20002E+00 6.05551E-03 1.00000E+00
 -1      1513-6.01023E-01 2.99404E+01-1.16832E-02
 -1      1514-6.00070E-01 2.99722E+01-3.59798E-02
 -1      1515-5.98977E-01 3.00086E+01 1.16832E-02
 -1      1516-5.99930E-01 2.99769E+01 3.59798E-02
 -1      1521 0.00000E+00 2.99300E+01-1.20008E-02
 -1      1522 0.00000E+00 2.99620E+01-3.60000E-02
 -1      1523 0.00000E+00 2.99980E+01 1.20008E-02
 -1      1524 0.00000E+00 2.99660E+01 3.60000E-02
 -1      1529 6.01016E-01 2.99407E+01-1.23359E-02
 -1      1530 6.00049E-01 2.99729E+01-3.60180E-02
 -1      1531 5.98984E-01 3.00084E+01 1.23359E-02
 -1      1532 5.99951E-01 2.99762E+01 3.60180E-02
 -1      1537-5.98984E-01 2.99916E+01 1.98766E+00
 -1      1538-5.99951E-01 3.00238E+01 1.96398E+00
 -1      1539-6.01016E-01 3.00593E+01 2.01234E+00
 -1      1540-6.00049E-01 3.00271E+01 2.03602E+00
 -1      1545 0.00000E+00 3.00020E+01 1.98800E+00
 -1      1546 0.00000E+00 3.00340E+01 1.96400E+00
 -1      1547 0.00000E+00 3.00700E+01 2.01200E+00
 -1      1548 0.00000E+00 3.00380E+01 2.03600E+00
 -1      1553 5.98977E-01 2.99914E+01 1.98832E+00
 -1      1554 5.99930E-01 3.00231E+01 1.96402E+00
 -1      1555 6.01023E-01 3.00596E+01 2.01168E+00
 -1      1556 6.00070E-01 3.00278E+01 2.03598E+00
 -1      1561-1.23354E+00 3.00080E+01 5.00396E-01
 -1      1562-1.20070E+00 2.99852E+01 5.01081E-01
 -1      1563-1.16646E+00 3.00344E+01 4.99604E-01
 -1      1564-1.19930E+00 3.00572E+01 4.98919E-01
 -1      1569-1.23328E+00 3.00161E+01 1.00000E+00
 -1      1570-1.20001E+00 2.99939E+01 1.00000E+00
 -1      1571-1.16672E+00 3.00439E+01 1.00000E+00
 -1      1572-1.19999E+00 3.00661E+01 1.00000E+00
 -1      1577-1.23303E+00 3.00068E+01 1.49957E+00
 -1      1578-1.19936E+00 2.99852E+01 1.49892E+00
 -1      1579-1.16697E+00 3.00357E+01 1.50043E+00
 -1      1580-1.20064E+00 3.00572E+01 1.50108E+00
 -1      1585 1.16697E+00 2.99643E+01 4.99567E-01
 -1      1586 1.20064E+00 2.99428E+01 4.98919E-01
 -1      1587 1.23303E+00 2.99932E+01 5.00433E-01
 -1      1588 1.19936E+00 3.00148E+01 5.01081E-01
 -1      1593 1.16672E+00 2.99561E+01 1.00000E+00
 -1      1594 1.19999E+00 2.99339E+01 1.00000E+00
 -1      1595 1.23328E+00 2.99839E+01 1.00000E+00
 -1      1596 1.20001E+00 3.00061E+01 1.00000E+00
 -1      1601 1.16646E+00 2.99656E+01 1.50040E+00
 -1      1602 1.19930E+00 2.99428E+01 1.50108E+00
 -1      1603 1.23354E+00 2.99920E+01 1.49960E+00
 -1      1604 1.20070E+00 3.00148E+01 1.49892E+00
 -1      1609-6.01023E-01 3.99404E+01-1.16832E-02
 -1      1610-6.00070E-01 3.99722E+01-3.59798E-02
 -1      1611-5.98977E-01 4.00086E+01 1.16832E-02
 -1      1612-5.99930E-01 3.99769E+01 3.59798E-02
 -1      1617 0.00000E+00 3.99300E+01-1.20008E-02
 -1      1618 0.00000E+00 3.99620E+01-3.60000E-02
 -1      1619 0.00000E+00 3.99980E+01 1.20008E-02
 -1      1620 0.00000E+00 3.99660E+01 3.60000E-02
 -1      1625 6.01016E-01 3.99407E+01-1.23359E-02
 -1      1626 6.00049E-01 3.99729E+01-3.60180E-02
 -1      1627 5.98984E-01 4.00084E+01 1.23359E-02
 -1      1628 5.99951E-01 3.99762E+01 3.60180E-02
 -1      1633-5.98984E-01 3.99916E+01 1.98766E+00
 -1      1634-5.99951E-01 4.00238E+01 1.96398E+00
 -1      1635-6.01016E-01 4.00593E+01 2.01234E+00
 -1      1636-6.00049E-01 4.00271E+01 2.03602E+00
 -1      1641 0.00000E+00 4.00020E+01 1.98800E+00
 -1      1642 0.00000E+00 4.00340E+01 1.96400E+00
 -1      1643 0.00000E+00 4.00700E+01 2.01200E+00
 -1      1644 0.00000E+00 4.00380E+01 2.03600E+00
 -1      1649 5.98977E-01 3.99914E+01 1.98832E+00
 -1      1650 5.99930E-01 4.00231E+01 1.96402E+00
 -1      1651 6.01023E-01 4.00596E+01 2.01168E+00
 -1      1652 6.00070E-01 4.00278E+01 2.03598E+00
 -1      1657-1.23354E+00 4.00080E+01 5.00396E-01
 -1      1658-1.20070E+00 3.99852E+01 5.01081E-01
 -1      1659-1.16646E+00 4.00344E+01 4.99604E-01
 -1      1660-1.19930E+00 4.00572E+01 4.98919E-01
 -1      1665-1.23328E+00 4.00161E+01 1.00000E+00
 -1      1666-1.20001E+00 3.99939E+01 1.00000E+00
 -1      1667-1.16672E+00 4.00439E+01 1.00000E+00
 -1      1668-1.19999E+00 4.00661E+01 1.00000E+00
 -1      1673-1.23303E+00 4.00068E+01 1.49957E+00
 -1      1674-1.19936E+00 3.99852E+01 1.49892E+00
 -1      1675-1.16697E+00 4.00357E+01 1.50043E+00
 -1      1676-1.20064E+00 4.00572E+01 1.50108E+00
 -1      1681 1.16697E+00 3.99643E+01 4.99567E-01
 -1      1682 1.20064E+00 3.99428E+01 4.98919E-01
 -1      1683 1.23303E+00 3.99932E+01 5.00433E-01
 -1      1684 1.19936E+00 4.00148E+01 5.01081E-01
 -1      1689 1.16672E+00 3.99561E+01 1.00000E+00
 -1      1690 1.19999E+00 3.99339E+01 1.00000E+00
 -1      1691 1.23328E+00 3.99839E+01 1.00000E+00
 -1      1692 1.20001E+00 4.00061E+01 1.00000E+00
 -1      1697 1.16646E+00 3.99656E+01 1.50040E+00
 -1      1698 1.19930E+00 3.99428E+01 1.50108E+00
 -1      1699 1.23354E+00 3.99920E+01 1.49960E+00
 -1      1700 1.20070E+00 4.00148E+01 1.49892E+00
 -1      1705 0.00000E+00 4.99300E+01-1.20023E-02
 -1      1706 0.00000E+00 4.99620E+01-3.60001E-02
 -1      1707 0.00000E+00 4.99980E+01 1.20023E-02
 -1      1708 0.00000E+00 4.99660E+01 3.60001E-02
 -1      1713 0.00000E+00 5.00020E+01 1.98800E+00
 -1      1714 0.00000E+00 5.00340E+01 1.96400E+00
 -1      1715 0.00000E+00 5.00700E+01 2.01200E+00
 -1      1716 0.00000E+00 5.00380E+01 2.03600E+00
 -1      1721-1.23329E+00 5.00161E+01 1.00000E+00
 -1      1722-1.20002E+00 4.99939E+01 1.00000E+00
 -1      1723-1.16671E+00 5.00438E+01 1.00000E+00
 -1      1724-1.19998E+00 5.00661E+01 1.00000E+00
 -1      1729 1.16671E+00 4.99562E+01 1.00000E+00
 -1      1730 1.19998E+00 4.99339E+01 1.00000E+00
 -1      1731 1.23329E+00 4.99839E+01 1.00000E+00
 -1      1732 1.20002E+00 5.00061E+01 1.00000E+00
 -1      1737-1.19777E+00 2.52721E+00 3.58451E-01
 -1      1738-1.23236E+00 2.52386E+00 3.78258E-01
 -1      1739-1.20223E+00 2.51522E+00 4.29417E-01
 -1      1740-1.16764E+00 2.51856E+00 4.09610E-01
 -1      1745-1.19829E+00 5.03706E+00 8.14685E-01
 -1      1746-1.23259E+00 5.03303E+00 8.34866E-01
 -1      1747-1.20171E+00 5.02294E+00 8.85315E-01
 -1      1748-1.16741E+00 5.02697E+00 8.65134E-01
 -1      1753-1.19884E+00 7.52934E+00 1.35882E+00
 -1      1754-1.23282E+00 7.52458E+00 1.37939E+00
 -1      1755-1.20116E+00 7.51309E+00 1.42904E+00
 -1      1756-1.16718E+00 7.51785E+00 1.40848E+00
 -1      1761-1.19407E+00 2.51529E+00 1.57100E+00
 -1      1762-1.23055E+00 2.51802E+00 1.58719E+00
 -1      1763-1.20593E+00 2.52714E+00 1.64113E+00
 -1      1764-1.16945E+00 2.52440E+00 1.62495E+00
 -1      1769-1.19388E+00 5.02303E+00 1.11516E+00
 -1      1770-1.23044E+00 5.02621E+00 1.13106E+00
 -1      1771-1.20612E+00 5.03697E+00 1.18484E+00
 -1      1772-1.16956E+00 5.03379E+00 1.16894E+00
 -1      1777-1.19370E+00 7.51321E+00 5.71480E-01
 -1      1778-1.23034E+00 7.51682E+00 5.87095E-01
 -1      1779-1.20630E+00 7.52922E+00 6.40652E-01
 -1      1780-1.16966E+00 7.52560E+00 6.25037E-01
 -1      1785 1.20223E+00 2.52721E+00 3.58451E-01
 -1      1786 1.16764E+00 2.52386E+00 3.78258E-01
 -1      1787 1.19777E+00 2.51522E+00 4.29417E-01
 -1      1788 1.23236E+00 2.51856E+00 4.09610E-01
 -1      1793 1.20171E+00 5.03706E+00 8.14685E-01
 -1      1794 1.16741E+00 5.03303E+00 8.34866E-01
 -1      1795 1.19829E+00 5.02294E+00 8.85315E-01
 -1      1796 1.23259E+00 5.02697E+00 8.65134E-01
 -1      1801 1.20116E+00 7.52934E+00 1.35882E+00
 -1      1802 1.16718E+00 7.52458E+00 1.37939E+00
 -1      1803 1.19884E+00 7.51309E+00 1.42904E+00
 -1      1804 1.23282E+00 7.51785E+00 1.40848E+00
 -1      1809 1.20593E+00 2.51529E+00 1.57100E+00
 -1      1810 1.16945E+00 2.51802E+00 1.58719E+00
 -1      1811 1.19407E+00 2.52714E+00 1.64113E+00
 -1      1812 1.23055E+00 2.52440E+00 1.62495E+00
 -1      1817 1.20612E+00 5.02303E+00 1.11516E+00
 -1      1818 1.16956E+00 5.02621E+00 1.13106E+00
 -1      1819 1.19388E+00 5.03697E+00 1.18484E+00
 -1      1820 1.23044E+00 5.03379E+00 1.16894E+00
 -1      1825 1.20630E+00 7.51321E+00 5.71480E-01
 -1      1826 1.16966E+00 7.51682E+00 5.87095E-01
 -1      1827 1.19370E+00 7.52922E+00 6.40652E-01
 -1      1828 1.23034E+00 7.52560E+00 6.25037E-01
 -1      1833-4.83328E-01 2.47166E+00-3.43393E-02
 -1      1834-5.20442E-01 2.48175E+00-2.33534E-02
 -1      1835-5.04540E-01 2.47743E+00 3.43393E-02
 -1      1836-4.67426E-01 2.46734E+00 2.33534E-02
 -1      1841 1.59904E-01 4.96162E+00-3.45869E-02
 -1      1842 1.22764E-01 4.97054E+00-2.27046E-02
 -1      1843 1.40096E-01 4.96638E+00 3.45869E-02
 -1      1844 1.77236E-01 4.95746E+00 2.27046E-02
 -1      1849 7.15261E-01 7.47263E+00-3.48107E-02
 -1      1850 6.78146E-01 7.48037E+00-2.20585E-02
 -1      1851 6.96871E-01 7.47646E+00 3.48107E-02
 -1      1852 7.33986E-01 7.46872E+00 2.20585E-02
 -1      1857 4.93632E-01 2.47446E+00-3.60542E-02
 -1      1858 4.61704E-01 2.46578E+00-1.35783E-02
 -1      1859 4.94236E-01 2.47463E+00 3.60542E-02
 -1      1860 5.26164E-01 2.48331E+00 1.35783E-02
 -1      1865-1.49866E-01 4.96403E+00-3.60553E-02
 -1      1866-1.82311E-01 4.95625E+00-1.39944E-02
 -1      1867-1.50134E-01 4.96397E+00 3.60553E-02
 -1      1868-1.17689E-01 4.97175E+00 1.39944E-02
 -1      1873-7.05470E-01 7.47467E+00-3.60504E-02
 -1      1874-7.38413E-01 7.46780E+00-1.44278E-02
 -1      1875-7.06662E-01 7.47442E+00 3.60504E-02
 -1      1876-6.73719E-01 7.48129E+00 1.44278E-02
 -1      1881-4.83328E-01 2.47166E+00 1.96566E+00
 -1      1882-5.20442E-01 2.48175E+00 1.97665E+00
 -1      1883-5.04540E-01 2.47743E+00 2.03434E+00
 -1      1884-4.67426E-01 2.46734E+00 2.02335E+00
 -1      1889 1.59904E-01 4.96162E+00 1.96541E+00
 -1      1890 1.22764E-01 4.97054E+00 1.97730E+00
 -1      1891 1.40096E-01 4.96638E+00 2.03459E+00
 -1      1892 1.77236E-01 4.95746E+00 2.02270E+00
 -1      1897 7.15261E-01 7.47263E+00 1.96519E+00
 -1      1898 6.78146E-01 7.48037E+00 1.97794E+00
 -1      1899 6.96871E-01 7.47646E+00 2.03481E+00
 -1      1900 7.33986E-01 7.46872E+00 2.02206E+00
 -1      1905 4.93632E-01 2.47446E+00 1.96395E+00
 -1      1906 4.61704E-01 2.46578E+00 1.98642E+00
 -1      1907 4.94236E-01 2.47463E+00 2.03605E+00
 -1      1908 5.26164E-01 2.48331E+00 2.01358E+00
 -1      1913-1.49866E-01 4.96403E+00 1.96394E+00
 -1      1914-1.82311E-01 4.95625E+00 1.98601E+00
 -1      1915-1.50134E-01 4.96397E+00 2.03606E+00
 -1      1916-1.17689E-01 4.97175E+00 2.01399E+00
 -1      1921-7.05470E-01 7.47467E+00 1.96395E+00
 -1      1922-7.38413E-01 7.46780E+00 1.98557E+00
 -1      1923-7.06662E-01 7.47442E+00 2.03605E+00
 -1      1924-6.73719E-01 7.48129E+00 2.01443E+00
 -1      1929-1.19777E+00 1.25272E+01 3.58451E-01
 -1      1930-1.23236E+00 1.25239E+01 3.78258E-01
 -1      1931-1.20223E+00 1.25152E+01 4.29417E-01
 -1      1932-1.16764E+00 1.25186E+01 4.09610E-01
 -1      1937-1.19829E+00 1.50371E+01 8.14685E-01
 -1      1938-1.23259E+00 1.50330E+01 8.34866E-01
 -1      1939-1.20171E+00 1.50229E+01 8.85315E-01
 -1      1940-1.16741E+00 1.50270E+01 8.65134E-01
 -1      1945-1.19884E+00 1.75293E+01 1.35882E+00
 -1      1946-1.23282E+00 1.75246E+01 1.37939E+00
 -1      1947-1.20116E+00 1.75131E+01 1.42904E+00
 -1      1948-1.16718E+00 1.75178E+01 1.40848E+00
 -1      1953-1.19407E+00 1.25153E+01 1.57100E+00
 -1      1954-1.23055E+00 1.25180E+01 1.58719E+00
 -1      1955-1.20593E+00 1.25271E+01 1.64113E+00
 -1      1956-1.16945E+00 1.25244E+01 1.62495E+00
 -1      1961-1.19388E+00 1.50230E+01 1.11516E+00
 -1      1962-1.23044E+00 1.50262E+01 1.13106E+00
 -1      1963-1.20612E+00 1.50370E+01 1.18484E+00
 -1      1964-1.16956E+00 1.50338E+01 1.16894E+00
 -1      1969-1.19370E+00 1.75132E+01 5.71480E-01
 -1      1970-1.23034E+00 1.75168E+01 5.87095E-01
 -1      1971-1.20630E+00 1.75292E+01 6.40652E-01
 -1      1972-1.16966E+00 1.75256E+01 6.25037E-01
 -1      1977 1.20223E+00 1.25272E+01 3.58451E-01
 -1      1978 1.16764E+00 1.25239E+01 3.78258E-01
 -1      1979 1.19777E+00 1.25152E+01 4.29417E-01
 -1      1980 1.23236E+00 1.25186E+01 4.09610E-01
 -1      1985 1.20171E+00 1.50371E+01 8.14685E-01
 -1      1986 1.16741E+00 1.50330E+01 8.34866E-01
 -1      1987 1.19829E+00 1.50229E+01 8.85315E-01
 -1      1988 1.23259E+00 1.50270E+01 8.65134E-01
 -1      1993 1.20116E+00 1.75293E+01 1.35882E+00
 -1      1994 1.16718E+00 1.75246E+01 1.37939E+00
 -1      1995 1.19884E+00 1.75131E+01 1.42904E+00
 -1      1996 1.23282E+00 1.75178E+01 1.40848E+00
 -1      2001 1.20593E+00 1.25153E+01 1.57100E+00
 -1      2002 1.16945E+00 1.25180E+01 1.58719E+00
 -1      2003 1.19407E+00 1.25271E+01 1.64113E+00
 -1      2004 1.23055E+00 1.25244E+01 1.62495E+00
 -1      2009 1.20612E+00 1.50230E+01 1.11516E+00
 -1      2010 1.16956E+00 1.50262E+01 1.13106E+00
 -1      2011 1.19388E+00 1.50370E+01 1.18484E+00
 -1      2012 1.23044E+00 1.50338E+01 1.16894E+00
 -1      2017 1.20630E+00 1.75132E+01 5.71480E-01
 -1      2018 1.16966E+00 1.75168E+01 5.87095E-01
 -1      2019 1.19370E+00 1.75292E+01 6.40652E-01
 -1      2020 1.23034E+00 1.75256E+01 6.25037E-01
 -1      2025-4.83328E-01 1.24717E+01-3.43393E-02
 -1      2026-5.20442E-01 1.24818E+01-2.33534E-02
 -1      2027-5.04540E-01 1.24774E+01 3.43393E-02
 -1      2028-4.67426E-01 1.24673E+01 2.33534E-02
 -1      2033 1.59904E-01 1.49616E+01-3.45869E-02
 -1      2034 1.22764E-01 1.49705E+01-2.27046E-02
 -1      2035 1.40096E-01 1.49664E+01 3.45869E-02
 -1      2036 1.77236E-01 1.49575E+01 2.27046E-02
 -1      2041 7.15261E-01 1.74726E+01-3.48107E-02
 -1      2042 6.78146E-01 1.74804E+01-2.20585E-02
 -1      2043 6.96871E-01 1.74765E+01 3.48107E-02
 -1      2044 7.33986E-01 1.74687E+01 2.20585E-02
 -1      2049 4.93632E-01 1.24745E+01-3.60542E-02
 -1      2050 4.61704E-01 1.24658E+01-1.35783E-02
 -1      2051 4.94236E-01 1.24746E+01 3.60542E-02
 -1      2052 5.26164E-01 1.24833E+01 1.35783E-02
 -1      2057-1.49866E-01 1.49640E+01-3.60553E-02
 -1      2058-1.82311E-01 1.49562E+01-1.39944E-02
 -1      2059-1.50134E-01 1.49640E+01 3.60553E-02
 -1      2060-1.17689E-01 1.49718E+01 1.39944E-02
 -1      2065-7.05470E-01 1.74747E+01-3.60504E-02
 -1      2066-7.38413E-01 1.74678E+01-1.44278E-02
 -1      2067-7.06662E-01 1.74744E+01 3.60504E-02
 -1      2068-6.73719E-01 1.74813E+01 1.44278E-02
 -1      2073-4.83328E-01 1.24717E+01 1.96566E+00
 -1      2074-5.20442E-01 1.24818E+01 1.97665E+00
 -1      2075-5.04540E-01 1.24774E+01 2.03434E+00
 -1      2076-4.67426E-01 1.24673E+01 2.02335E+00
 -1      2081 1.59904E-01 1.49616E+01 1.96541E+00
 -1      2082 1.22764E-01 1.49705E+01 1.97730E+00
 -1      2083 1.40096E-01 1.49664E+01 2.03459E+00
 -1      2084 1.77236E-01 1.49575E+01 2.02270E+00
 -1      2089 7.15261E-01 1.74726E+01 1.96519E+00
 -1      2090 6.78146E-01 1.74804E+01 1.97794E+00
 -1      2091 6.96871E-01 1.74765E+01 2.03481E+00
 -1      2092 7.33986E-01 1.74687E+01 2.02206E+00
 -1      2097 4.93632E-01 1.24745E+01 1.96395E+00
 -1      2098 4.61704E-01 1.24658E+01 1.98642E+00
 -1      2099 4.94236E-01 1.24746E+01 2.03605E+00
 -1      2100 5.26164E-01 1.24833E+01 2.01358E+00
 -1      2105-1.49866E-01 1.49640E+01 1.96394E+00
 -1      2106-1.82311E-01 1.49562E+01 1.98601E+00
 -1      2107-1.50134E-01 1.49640E+01 2.03606E+00
 -1      2108-1.17689E-01 1.49718E+01 2.01399E+00
 -1      2113-7.05470E-01 1.74747E+01 1.96395E+00
 -1      2114-7.38413E-01 1.74678E+01 1.98557E+00
 -1      2115-7.06662E-01 1.74744E+01 2.03605E+00
 -1      2116-6.73719E-01 1.74813E+01 2.01443E+00
 -1      2121-1.19830E+00 3.50371E+01 8.14684E-01
 -1      2122-1.23259E+00 3.50330E+01 8.34874E-01
 -1      2123-1.20170E+00 3.50229E+01 8.85316E-01
 -1      2124-1.16741E+00 3.50270E+01 8.65126E-01
 -1      2129-1.19388E+00 3.50230E+01 1.11516E+00
 -1      2130-1.23044E+00 3.50262E+01 1.13106E+00
 -1      2131-1.20612E+00 3.50370E+01 1.18484E+00
 -1      2132-1.16956E+00 3.50338E+01 1.16894E+00
 -1      2137 1.20170E+00 3.50371E+01 8.14684E-01
 -1      2138 1.16741E+00 3.50330E+01 8.34874E-01
 -1      2139 1.19830E+00 3.50229E+01 8.85316E-01
 -1      2140 1.23259E+00 3.50270E+01 8.65126E-01
 -1      2145 1.20612E+00 3.50230E+01 1.11516E+00
 -1      2146 1.16956E+00 3.50262E+01 1.13106E+00
 -1      2147 1.19388E+00 3.50370E+01 1.18484E+00
 -1      2148 1.23044E+00 3.50338E+01 1.16894E+00
 -1      2153 1.59908E-01 3.49616E+01-3.45858E-02
 -1      2154 1.22767E-01 3.49705E+01-2.27077E-02
 -1      2155 1.40092E-01 3.49664E+01 3.45858E-02
 -1      2156 1.77233E-01 3.49575E+01 2.27077E-02
 -1      2161-1.49864E-01 3.49640E+01-3.60552E-02
 -1      2162-1.82310E-01 3.49562E+01-1.39967E-02
 -1      2163-1.50136E-01 3.49640E+01 3.60552E-02
 -1      2164-1.17690E-01 3.49718E+01 1.39967E-02
 -1      2169 1.59908E-01 3.49616E+01 1.96541E+00
 -1      2170 1.22767E-01 3.49705E+01 1.97729E+00
 -1      2171 1.40092E-01 3.49664E+01 2.03459E+00
 -1      2172 1.77233E-01 3.49575E+01 2.02271E+00
 -1      2177-1.49864E-01 3.49640E+01 1.96394E+00
 -1      2178-1.82310E-01 3.49562E+01 1.98600E+00
 -1      2179-1.50136E-01 3.49640E+01 2.03606E+00
 -1      2180-1.17690E-01 3.49718E+01 2.01400E+00
 -1      2185-1.19777E+00 4.25272E+01 3.58451E-01
 -1      2186-1.23236E+00 4.25239E+01 3.78258E-01
 -1      2187-1.20223E+00 4.25152E+01 4.29417E-01
 -1      2188-1.16764E+00 4.25186E+01 4.09610E-01
 -1      2193-1.19829E+00 4.50371E+01 8.14685E-01
 -1      2194-1.23259E+00 4.50330E+01 8.34866E-01
 -1      2195-1.20171E+00 4.50229E+01 8.85315E-01
 -1      2196-1.16741E+00 4.50270E+01 8.65134E-01
 -1      2201-1.19884E+00 4.75293E+01 1.35882E+00
 -1      2202-1.23282E+00 4.75246E+01 1.37939E+00
 -1      2203-1.20116E+00 4.75131E+01 1.42904E+00
 -1      2204-1.16718E+00 4.75178E+01 1.40848E+00
 -1      2209-1.19407E+00 4.25153E+01 1.57100E+00
 -1      2210-1.23055E+00 4.25180E+01 1.58719E+00
 -1      2211-1.20593E+00 4.25271E+01 1.64113E+00
 -1      2212-1.16945E+00 4.25244E+01 1.62495E+00
 -1      2217-1.19388E+00 4.50230E+01 1.11516E+00
 -1      2218-1.23044E+00 4.50262E+01 1.13106E+00
 -1      2219-1.20612E+00 4.50370E+01 1.18484E+00
 -1      2220-1.16956E+00 4.50338E+01 1.16894E+00
 -1      2225-1.19370E+00 4.75132E+01 5.71480E-01
 -1      2226-1.23034E+00 4.75168E+01 5.87095E-01
 -1      2227-1.20630E+00 4.75292E+01 6.40652E-01
 -1      2228-1.16966E+00 4.75256E+01 6.25037E-01
 -1      2233 1.20223E+00 4.25272E+01 3.58451E-01
 -1      2234 1.16764E+00 4.25239E+01 3.78258E-01
 -1      2235 1.19777E+00 4.25152E+01 4.29417E-01
 -1      2236 1.23236E+00 4.25186E+01 4.09610E-01
 -1      2241 1.20171E+00 4.50371E+01 8.14685E-01
 -1      2242 1.16741E+00 4.50330E+01 8.34866E-01
 -1      2243 1.19829E+00 4.50229E+01 8.85315E-01
 -1      2244 1.23259E+00 4.50270E+01 8.65134E-01
 -1      2249 1.20116E+00 4.75293E+01 1.35882E+00
 -1      2250 1.16718E+00 4.75246E+01 1.37939E+00
 -1      2251 1.19884E+00 4.75131E+01 1.42904E+00
 -1      2252 1.23282E+00 4.75178E+01 1.40848E+00
 -1      2257 1.20593E+00 4.25153E+01 1.57100E+00
 -1      2258 1.16945E+00 4.25180E+01 1.58719E+00
 -1      2259 1.19407E+00 4.25271E+01 1.64113E+00
 -1      2260 1.23055E+00 4.25244E+01 1.62495E+00
 -1      2265 1.20612E+00 4.50230E+01 1.11516E+00
 -1      2266 1.16956E+00 4.50262E+01 1.13106E+00
 -1      2267 1.19388E+00 4.50370E+01 1.18484E+00
 -1      2268 1.23044E+00 4.50338E+01 1.16894E+00
 -1      2273 1.20630E+00 4.75132E+01 5.71480E-01
 -1      2274 1.16966E+00 4.75168E+01 5.87095E-01
 -1      2275 1.19370E+00 4.75292E+01 6.40652E-01
 -1      2276 1.23034E+00 4.75256E+01 6.25037E-01
 -1      2281-4.83328E-01 4.24717E+01-3.43393E-02
 -1      2282-5.20442E-01 4.24818E+01-2.33534E-02
 -1      2283-5.04540E-01 4.24774E+01 3.43393E-02
 -1      2284-4.67426E-01 4.24673E+01 2.33534E-02
 -1      2289 1.59904E-01 4.49616E+01-3.45869E-02
 -1      2290 1.22764E-01 4.49705E+01-2.27046E-02
 -1      2291 1.40096E-01 4.49664E+01 3.45869E-02
 -1      2292 1.77236E-01 4.49575E+01 2.27046E-02
 -1      2297 7.15261E-01 4.74726E+01-3.48107E-02
 -1      2298 6.78146E-01 4.74804E+01-2.20585E-02
 -1      2299 6.96871E-01 4.74765E+01 3.48107E-02
 -1      2300 7.33986E-01 4.74687E+01 2.20585E-02
 -1      2305 4.93632E-01 4.24745E+01-3.60542E-02
 -1      2306 4.61704E-01 4.24658E+01-1.35783E-02
 -1      2307 4.94236E-01 4.24746E+01 3.60542E-02
 -1      2308 5.26164E-01 4.24833E+01 1.35783E-02
 -1      2313-1.49866E-01 4.49640E+01-3.60553E-02
 -1      2314-1.82311E-01 4.49562E+01-1.39944E-02
 -1      2315-1.50134E-01 4.49640E+01 3.60553E-02
 -1      2316-1.17689E-01 4.49718E+01 1.39944E-02
 -1      2321-7.05470E-01 4.74747E+01-3.60504E-02
 -1      2322-7.38413E-01 4.74678E+01-1.44278E-02
 -1      2323-7.06662E-01 4.74744E+01 3.60504E-02
 -1      2324-6.73719E-01 4.74813E+01 1.44278E-02
 -1      2329-4.83328E-01 4.24717E+01 1.96566E+00
 -1      2330-5.20442E-01 4.24818E+01 1.97665E+00
 -1      2331-5.04540E-01 4.24774E+01 2.03434E+00
 -1      2332-4.67426E-01 4.24673E+01 2.02335E+00
 -1      2337 1.59904E-01 4.49616E+01 1.96541E+00
 -1      2338 1.22764E-01 4.49705E+01 1.97730E+00
 -1      2339 1.40096E-01 4.49664E+01 2.03459E+00
 -1      2340 1.77236E-01 4.49575E+01 2.02270E+00
 -1      2345 7.15261E-01 4.74726E+01 1.96519E+00
 -1      2346 6.78146E-01 4.74804E+01 1.97794E+00
 -1      2347 6.96871E-01 4.74765E+01 2.03481E+00
 -1      2348 7.33986E-01 4.74687E+01 2.02206E+00
 -1      2353 4.93632E-01 4.24745E+01 1.96395E+00
 -1      2354 4.61704E-01 4.24658E+01 1.98642E+00
 -1      2355 4.94236E-01 4.24746E+01 2.03605E+00
 -1      2356 5.26164E-01 4.24833E+01 2.01358E+00
 -1      2361-1.49866E-01 4.49640E+01 1.96394E+00
 -1      2362-1.82311E-01 4.49562E+01 1.98601E+00
 -1      2363-1.50134E-01 4.49640E+01 2.03606E+00
 -1      2364-1.17689E-01 4.49718E+01 2.01399E+00
 -1      2369-7.05470E-01 4.74747E+01 1.96395E+00
 -1      2370-7.38413E-01 4.74678E+01 1.98557E+00
 -1      2371-7.06662E-01 4.74744E+01 2.03605E+00
 -1      2372-6.73719E-01 4.74813E+01 2.01443E+00
 -3
    3C                           212                                     1
 -1         1    1    0    1
 -2       153       353       354       154       156       356       355       155
 -1         2    1    0    1
 -2       203       403       404       204       206       406       405       205
 -1         3    1    0    1
 -2       253       453       454       254       256       456       455       255
 -1         4    1    0    1
 -2       303       503       504       304       306       506       505       305
 -1         5    1    0    1
 -2       353      1353      1354       354       356      1356      1355       355
 -1         6    1    0    1
 -2      1353       553       554      1354      1356       556       555      1355
 -1         7    1    0    1
 -2       403      1361      1362       404       406      1364      1363       405
 -1         8    1    0    1
 -2      1361       603       604      1362      1364       606       605      1363
 -1         9    1    0    1
 -2       453      1369      1370       454       456      1372      1371       455
 -1        10    1    0    1
 -2      1369       653       654      1370      1372       656       655      1371
 -1        11    1    0    1
 -2       503      1377      1378       504       506      1380      1379       505
 -1        12    1    0    1
 -2      1377       703       704      1378      1380       706       705      1379
 -1        13    1    0    1
 -2       553       753       754       554       556       756       755       555
 -1        14    1    0    1
 -2       603       803       804       604       606       806       805       605
 -1        15    1    0    1
 -2       653       853       854       654       656       856       855       655
 -1        16    1    0    1
 -2       703       903       904       704       706       906       905       705
 -1        17    1    0    1
 -2       753       953       954       754       756       956       955       755
 -1        18    1    0    1
 -2       803      1003      1004       804       806      1006      1005       805
 -1        19    1    0    1
 -2       853      1053      1054       854       856      1056      1055       855
 -1        20    1    0    1
 -2       903      1103      1104       904       906      1106      1105       905
 -1        21    1    0    1
 -2       953      1385      1386       954       956      1388      1387       955
 -1        22    1    0    1
 -2      1385      1393      1394      1386      1388      1396      1395      1387
 -1        23    1    0    1
 -2      1393      1401      1402      1394      1396      1404      1403      1395
 -1        24    1    0    1
 -2      1401      1153      1154      1402      1404      1156      1155      1403
 -1        25    1    0    1
 -2      1003      1409      1410      1004      1006      1412      1411      1005
 -1        26    1    0    1
 -2      1409      1417      1418      1410      1412      1420      1419      1411
 -1        27    1    0    1
 -2      1417      1425      1426      1418      1420      1428      1427      1419
 -1        28    1    0    1
 -2      1425      1203      1204      1426      1428      1206      1205      1427
 -1        29    1    0    1
 -2      1053      1433      1434      1054      1056      1436      1435      1055
 -1        30    1    0    1
 -2      1433      1441      1442      1434      1436      1444      1443      1435
 -1        31    1    0    1
 -2      1441      1449      1450      1442      1444      1452      1451      1443
 -1        32    1    0    1
 -2      1449      1253      1254      1450      1452      1256      1255      1451
 -1        33    1    0    1
 -2      1103      1457      1458      1104      1106      1460      1459      1105
 -1        34    1    0    1
 -2      1457      1465      1466      1458      1460      1468      1467      1459
 -1        35    1    0    1
 -2      1465      1473      1474      1466      1468      1476      1475      1467
 -1        36    1    0    1
 -2      1473      1303      1304      1474      1476      1306      1305      1475
 -1        37    1    0    1
 -2       161      1481      1482       162       164      1484      1483       163
 -1        38    1    0    1
 -2      1481       211       212      1482      1484       214       213      1483
 -1        39    1    0    1
 -2       261      1489      1490       262       264      1492      1491       263
 -1        40    1    0    1
 -2      1489       311       312      1490      1492       314       313      1491
 -1        41    1    0    1
 -2       169      1497      1498       170       172      1500      1499       171
 -1        42    1    0    1
 -2      1497       269       270      1498      1500       272       271      1499
 -1        43    1    0    1
 -2       219      1505      1506       220       222      1508      1507       221
 -1        44    1    0    1
 -2      1505       319       320      1506      1508       322       321      1507
 -1        45    1    0    1
 -2       361       411       412       362       364       414       413       363
 -1        46    1    0    1
 -2       461       511       512       462       464       514       513       463
 -1        47    1    0    1
 -2       369       469       470       370       372       472       471       371
 -1        48    1    0    1
 -2       419       519       520       420       422       522       521       421
 -1        49    1    0    1
 -2       561       611       612       562       564       614       613       563
 -1        50    1    0    1
 -2       661       711       712       662       664       714       713       663
 -1        51    1    0    1
 -2       569       669       670       570       572       672       671       571
 -1        52    1    0    1
 -2       619       719       720       620       622       722       721       621
 -1        53    1    0    1
 -2       761      1513      1514       762       764      1516      1515       763
 -1        54    1    0    1
 -2      1513      1521      1522      1514      1516      1524      1523      1515
 -1        55    1    0    1
 -2      1521      1529      1530      1522      1524      1532      1531      1523
 -1        56    1    0    1
 -2      1529       811       812      1530      1532       814       813      1531
 -1        57    1    0    1
 -2       861      1537      1538       862       864      1540      1539       863
 -1        58    1    0    1
 -2      1537      1545      1546      1538      1540      1548      1547      1539
 -1        59    1    0    1
 -2      1545      1553      1554      1546      1548      1556      1555      1547
 -1        60    1    0    1
 -2      1553       911       912      1554      1556       914       913      1555
 -1        61    1    0    1
 -2       769      1561      1562       770       772      1564      1563       771
 -1        62    1    0    1
 -2      1561      1569      1570      1562      1564      1572      1571      1563
 -1        63    1    0    1
 -2      1569      1577      1578      1570      1572      1580      1579      1571
 -1        64    1    0    1
 -2      1577       869       870      1578      1580       872       871      1579
 -1        65    1    0    1
 -2       819      1585      1586       820       822      1588      1587       821
 -1        66    1    0    1
 -2      1585      1593      1594      1586      1588      1596      1595      1587
 -1        67    1    0    1
 -2      1593      1601      1602      1594      1596      1604      1603      1595
 -1        68    1    0    1
 -2      1601       919       920      1602      1604       922       921      1603
 -1        69    1    0    1
 -2       961      1609      1610       962       964      1612      1611       963
 -1        70    1    0    1
 -2      1609      1617      1618      1610      1612      1620      1619      1611
 -1        71    1    0    1
 -2      1617      1625      1626      1618      1620      1628      1627      1619
 -1        72    1    0    1
 -2      1625      1011      1012      1626      1628      1014      1013      1627
 -1        73    1    0    1
 -2      1061      1633      1634      1062      1064      1636      1635      1063
 -1        74    1    0    1
 -2      1633      1641      1642      1634      1636      1644      1643      1635
 -1        75    1    0    1
 -2      1641      1649      1650      1642      1644      1652      1651      1643
 -1        76    1    0    1
 -2      1649      1111      1112      1650      1652      1114      1113      1651
 -1        77    1    0    1
 -2       969      1657      1658       970       972      1660      1659       971
 -1        78    1    0    1
 -2      1657      1665      1666      1658      1660      1668      1667      1659
 -1        79    1    0    1
 -2      1665      1673      1674      1666      1668      1676      1675      1667
 -1        80    1    0    1
 -2      1673      1069      1070      1674      1676      1072      1071      1675
 -1        81    1    0    1
 -2      1019      1681      1682      1020      1022      1684      1683      1021
 -1        82    1    0    1
 -2      1681      1689      1690      1682      1684      1692      1691      1683
 -1        83    1    0    1
 -2      1689      1697      1698      1690      1692      1700      1699      1691
 -1        84    1    0    1
 -2      1697      1119      1120      1698      1700      1122      1121      1699
 -1        85    1    0    1
 -2      1161      1705      1706      1162      1164      1708      1707      1163
 -1        86    1    0    1
 -2      1705      1211      1212      1706      1708      1214      1213      1707
 -1        87    1    0    1
 -2      1261      1713      1714      1262      1264      1716      1715      1263
 -1        88    1    0    1
 -2      1713      1311      1312      1714      1716      1314      1313      1715
 -1        89    1    0    1
 -2      1169      1721      1722      1170      1172      1724      1723      1171
 -1        90    1    0    1
 -2      1721      1269      1270      1722      1724      1272      1271      1723
 -1        91    1    0    1
 -2      1219      1729      1730      1220      1222      1732      1731      1221
 -1        92    1    0    1
 -2      1729      1319      1320      1730      1732      1322      1321      1731
 -1        93    1    0    1
 -2       153      1737      1738       154       156      1740      1739       155
 -1        94    1    0    1
 -2      1737      1745      1746      1738      1740      1748      1747      1739
 -1        95    1    0    1
 -2      1745      1753      1754      1746      1748      1756      1755      1747
 -1        96    1    0    1
 -2      1753       453       454      1754      1756       456       455      1755
 -1        97    1    0    1
 -2       253      1761      1762       254       256      1764      1763       255
 -1        98    1    0    1
 -2      1761      1769      1770      1762      1764      1772      1771      1763
 -1        99    1    0    1
 -2      1769      1777      1778      1770      1772      1780      1779      1771
 -1       100    1    0    1
 -2      1777       353       354      1778      1780       356       355      1779
 -1       101    1    0    1
 -2       203      1785      1786       204       206      1788      1787       205
 -1       102    1    0    1
 -2      1785      1793      1794      1786      1788      1796      1795      1787
 -1       103    1    0    1
 -2      1793      1801      1802      1794      1796      1804      1803      1795
 -1       104    1    0    1
 -2      1801       503       504      1802      1804       506       505      1803
 -1       105    1    0    1
 -2       303      1809      1810       304       306      1812      1811       305
 -1       106    1    0    1
 -2      1809      1817      1818      1810      1812      1820      1819      1811
 -1       107    1    0    1
 -2      1817      1825      1826      1818      1820      1828      1827      1819
 -1       108    1    0    1
 -2      1825       403       404      1826      1828       406       405      1827
 -1       109    1    0    1
 -2       153      1833      1834       154       156      1836      1835       155
 -1       110    1    0    1
 -2      1833      1841      1842      1834      1836      1844      1843      1835
 -1       111    1    0    1
 -2      1841      1849      1850      1842      1844      1852      1851      1843
 -1       112    1    0    1
 -2      1849       403       404      1850      1852       406       405      1851
 -1       113    1    0    1
 -2       203      1857      1858       204       206      1860      1859       205
 -1       114    1    0    1
 -2      1857      1865      1866      1858      1860      1868      1867      1859
 -1       115    1    0    1
 -2      1865      1873      1874      1866      1868      1876      1875      1867
 -1       116    1    0    1
 -2      1873       353       354      1874      1876       356       355      1875
 -1       117    1    0    1
 -2       253      1881      1882       254       256      1884      1883       255
 -1       118    1    0    1
 -2      1881      1889      1890      1882      1884      1892      1891      1883
 -1       119    1    0    1
 -2      1889      1897      1898      1890      1892      1900      1899      1891
 -1       120    1    0    1
 -2      1897       503       504      1898      1900       506       505      1899
 -1       121    1    0    1
 -2       303      1905      1906       304       306      1908      1907       305
 -1       122    1    0    1
 -2      1905      1913      1914      1906      1908      1916      1915      1907
 -1       123    1    0    1
 -2      1913      1921      1922      1914      1916      1924      1923      1915
 -1       124    1    0    1
 -2      1921       453       454      1922      1924       456       455      1923
 -1       125    1    0    1
 -2       353      1929      1930       354       356      1932      1931       355
 -1       126    1    0    1
 -2      1929      1937      1938      1930      1932      1940      1939      1931
 -1       127    1    0    1
 -2      1937      1945      1946      1938      1940      1948      1947      1939
 -1       128    1    0    1
 -2      1945       653       654      1946      1948       656       655      1947
 -1       129    1    0    1
 -2       453      1953      1954       454       456      1956      1955       455
 -1       130    1    0    1
 -2      1953      1961      1962      1954      1956      1964      1963      1955
 -1       131    1    0    1
 -2      1961      1969      1970      1962      1964      1972      1971      1963
 -1       132    1    0    1
 -2      1969       553       554      1970      1972       556       555      1971
 -1       133    1    0    1
 -2       403      1977      1978       404       406      1980      1979       405
 -1       134    1    0    1
 -2      1977      1985      1986      1978      1980      1988      1987      1979
 -1       135    1    0    1
 -2      1985      1993      1994      1986      1988      1996      1995      1987
 -1       136    1    0    1
 -2      1993       703       704      1994      1996       706       705      1995
 -1       137    1    0    1
 -2       503      2001      2002       504       506      2004      2003       505
 -1       138    1    0    1
 -2      2001      2009      2010      2002      2004      2012      2011      2003
 -1       139    1    0    1
 -2      2009      2017      2018      2010      2012      2020      2019      2011
 -1       140    1    0    1
 -2      2017       603       604      2018      2020       606       605      2019
 -1       141    1    0    1
 -2       353      2025      2026       354       356      2028      2027       355
 -1       142    1    0    1
 -2      2025      2033      2034      2026      2028      2036      2035      2027
 -1       143    1    0    1
 -2      2033      2041      2042      2034      2036      2044      2043      2035
 -1       144    1    0    1
 -2      2041       603       604      2042      2044       606       605      2043
 -1       145    1    0    1
 -2       403      2049      2050       404       406      2052      2051       405
 -1       146    1    0    1
 -2      2049      2057      2058      2050      2052      2060      2059      2051
 -1       147    1    0    1
 -2      2057      2065      2066      2058      2060      2068      2067      2059
 -1       148    1    0    1
 -2      2065       553       554      2066      2068       556       555      2067
 -1       149    1    0    1
 -2       453      2073      2074       454       456      2076      2075       455
 -1       150    1    0    1
 -2      2073      2081      2082      2074      2076      2084      2083      2075
 -1       151    1    0    1
 -2      2081      2089      2090      2082      2084      2092      2091      2083
 -1       152    1    0    1
 -2      2089       703       704      2090      2092       706       705      2091
 -1       153    1    0    1
 -2       503      2097      2098       504       506      2100      2099       505
 -1       154    1    0    1
 -2      2097      2105      2106      2098      2100      2108      2107      2099
 -1       155    1    0    1
 -2      2105      2113      2114      2106      2108      2116      2115      2107
 -1       156    1    0    1
 -2      2113       653       654      2114      2116       656       655      2115
 -1       157    1    0    1
 -2       553       853       854       554       556       856       855       555
 -1       158    1    0    1
 -2       653       753       754       654       656       756       755       655
 -1       159    1    0    1
 -2       603       903       904       604       606       906       905       605
 -1       160    1    0    1
 -2       703       803       804       704       706       806       805       705
 -1       161    1    0    1
 -2       553       803       804       554       556       806       805       555
 -1       162    1    0    1
 -2       603       753       754       604       606       756       755       605
 -1       163    1    0    1
 -2       653       903       904       654       656       906       905       655
 -1       164    1    0    1
 -2       703       853       854       704       706       856       855       705
 -1       165    1    0    1
 -2       753      2121      2122       754       756      2124      2123       755
 -1       166    1    0    1
 -2      2121      1053      1054      2122      2124      1056      1055      2123
 -1       167    1    0    1
 -2       853      2129      2130       854       856      2132      2131       855
 -1       168    1    0    1
 -2      2129       953       954      2130      2132       956       955      2131
 -1       169    1    0    1
 -2       803      2137      2138       804       806      2140      2139       805
 -1       170    1    0    1
 -2      2137      1103      1104      2138      2140      1106      1105      2139
 -1       171    1    0    1
 -2       903      2145      2146       904       906      2148      2147       905
 -1       172    1    0    1
 -2      2145      1003      1004      2146      2148      1006      1005      2147
 -1       173    1    0    1
 -2       753      2153      2154       754       756      2156      2155       755
 -1       174    1    0    1
 -2      2153      1003      1004      2154      2156      1006      1005      2155
 -1       175    1    0    1
 -2       803      2161      2162       804       806      2164      2163       805
 -1       176    1    0    1
 -2      2161       953       954      2162      2164       956       955      2163
 -1       177    1    0    1
 -2       853      2169      2170       854       856      2172      2171       855
 -1       178    1    0    1
 -2      2169      1103      1104      2170      2172      1106      1105      2171
 -1       179    1    0    1
 -2       903      2177      2178       904       906      2180      2179       905
 -1       180    1    0    1
 -2      2177      1053      1054      2178      2180      1056      1055      2179
 -1       181    1    0    1
 -2       953      2185      2186       954       956      2188      2187       955
 -1       182    1    0    1
 -2      2185      2193      2194      2186      2188      2196      2195      2187
 -1       183    1    0    1
 -2      2193      2201      2202      2194      2196      2204      2203      2195
 -1       184    1    0    1
 -2      2201      1253      1254      2202      2204      1256      1255      2203
 -1       185    1    0    1
 -2      1053      2209      2210      1054      1056      2212      2211      1055
 -1       186    1    0    1
 -2      2209      2217      2218      2210      2212      2220      2219      2211
 -1       187    1    0    1
 -2      2217      2225      2226      2218      2220      2228      2227      2219
 -1       188    1    0    1
 -2      2225      1153      1154      2226      2228      1156      1155      2227
 -1       189    1    0    1
 -2      1003      2233      2234      1004      1006      2236      2235      1005
 -1       190    1    0    1
 -2      2233      2241      2242      2234      2236      2244      2243      2235
 -1       191    1    0    1
 -2      2241      2249      2250      2242      2244      2252      2251      2243
 -1       192    1    0    1
 -2      2249      1303      1304      2250      2252      1306      1305      2251
 -1       193    1    0    1
 -2      1103      2257      2258      1104      1106      2260      2259      1105
 -1       194    1    0    1
 -2      2257      2265      2266      2258      2260      2268      2267      2259
 -1       195    1    0    1
 -2      2265      2273      2274      2266      2268      2276      2275      2267
 -1       196    1    0    1
 -2      2273      1203      1204      2274      2276      1206      1205      2275
 -1       197    1    0    1
 -2       953      2281      2282       954       956      2284      2283       955
 -1       198    1    0    1
 -2      2281      2289      2290      2282      2284      2292      2291      2283
 -1       199    1    0    1
 -2      2289      2297      2298      2290      2292      2300      2299      2291
 -1       200    1    0    1
 -2      2297      1203      1204      2298      2300      1206      1205      2299
 -1       201    1    0    1
 -2      1003      2305      2306      1004      1006      2308      2307      1005
 -1       202    1    0    1
 -2      2305      2313      2314      2306      2308      2316      2315      2307
 -1       203    1    0    1
 -2      2313      2321      2322      2314      2316      2324      2323      2315
 -1       204    1    0    1
 -2      2321      1153      1154      2322      2324      1156      1155      2323
 -1       205    1    0    1
 -2      1053      2329      2330      1054      1056      2332      2331      1055
 -1       206    1    0    1
 -2      2329      2337      2338      2330      2332      2340      2339      2331
 -1       207    1    0    1
 -2      2337      2345      2346      2338      2340      2348      2347      2339
 -1       208    1    0    1
 -2      2345      1303      1304      2346      2348      1306      1305      2347
 -1       209    1    0    1
 -2      1103      2353      2354      1104      1106      2356      2355      1105
 -1       210    1    0    1
 -2      2353      2361      2362      2354      2356      2364      2363      2355
 -1       211    1    0    1
 -2      2361      2369      2370      2362      2364      2372      2371      2363
 -1       212    1    0    1
 -2      2369      1253      1254      2370      2372      1256      1255      2371
 -3
    1PSTEP                         1           1           1          
  100CL  101 1.000000000           0                     0    1           1
 -4  DISP        4    1
 -5  D1          1    2    1    0
 -5  D2          1    2    2    0
 -5  D3          1    2    3    0
 -5  ALL         1    2    0    0    1ALL
 -3
 9999
