    1C
    1UNormalized cross-passage space-truss torsion benchmark            
    1UUSER                                                              
    1UDATE              06.august.2026                                  
    1UTIME              08:14:19                                        
    1UHOST                                                              
    1UPGM               CalculiX                                        
    1UVERSION           Version 2.21                             
    1UCOMPILETIME       Sat Jul 29 10:52:01 CEST 2023                    
    1UDIR                                                               
    1UDBN                                                               
    1UMAT    1STEEL                                                     
    2C                           832                                     1
 -1       161-1.19440E+00 1.91946E-03-3.55661E-02
 -1       162-1.23062E+00 3.66063E-03-1.86823E-02
 -1       163-1.20560E+00-1.91946E-03 3.55661E-02
 -1       164-1.16938E+00-3.66063E-03 1.86823E-02
 -1       169-1.20102E+00-3.40950E-02-1.16828E-02
 -1       170-1.20007E+00-2.33416E-03-3.59798E-02
 -1       171-1.19898E+00 3.40950E-02 1.16828E-02
 -1       172-1.19993E+00 2.33416E-03 3.59798E-02
 -1       177-1.23354E+00-1.32202E-02 3.96605E-04
 -1       178-1.20069E+00-3.60327E-02 1.08098E-03
 -1       179-1.16646E+00 1.32202E-02-3.96605E-04
 -1       180-1.19931E+00 3.60327E-02-1.08098E-03
 -1       211 1.20194E+00 2.53883E-03-3.59134E-02
 -1       212 1.16762E+00-1.51099E-03-1.57828E-02
 -1       213 1.19806E+00-2.53883E-03 3.59134E-02
 -1       214 1.23238E+00 1.51099E-03 1.57828E-02
 -1       219 1.20102E+00-3.38645E-02-1.23355E-02
 -1       220 1.20005E+00-1.64335E-03-3.60180E-02
 -1       221 1.19898E+00 3.38645E-02 1.23355E-02
 -1       222 1.19995E+00 1.64335E-03 3.60180E-02
 -1       227 1.16697E+00-1.44498E-02-4.33494E-04
 -1       228 1.20064E+00-3.60336E-02-1.08101E-03
 -1       229 1.23303E+00 1.44498E-02 4.33494E-04
 -1       230 1.19936E+00 3.60336E-02 1.08101E-03
 -1       261-1.19326E+00-2.87709E-03 1.96470E+00
 -1       262-1.23000E+00 1.04434E-03 1.98003E+00
 -1       263-1.20674E+00 2.87709E-03 2.03530E+00
 -1       264-1.17000E+00-1.04434E-03 2.01997E+00
 -1       269-1.19898E+00-3.38645E-02 1.98766E+00
 -1       270-1.19995E+00-1.64335E-03 1.96398E+00
 -1       271-1.20102E+00 3.38645E-02 2.01234E+00
 -1       272-1.20005E+00 1.64335E-03 2.03602E+00
 -1       277-1.23303E+00-1.44498E-02 1.99957E+00
 -1       278-1.19936E+00-3.60336E-02 1.99892E+00
 -1       279-1.16697E+00 1.44498E-02 2.00043E+00
 -1       280-1.20064E+00 3.60336E-02 2.00108E+00
 -1       311 1.20369E+00-2.08645E-03 1.96419E+00
 -1       312 1.16841E+00-3.62565E-03 1.98299E+00
 -1       313 1.19631E+00 2.08645E-03 2.03581E+00
 -1       314 1.23159E+00 3.62565E-03 2.01701E+00
 -1       319 1.19898E+00-3.40950E-02 1.98832E+00
 -1       320 1.19993E+00-2.33416E-03 1.96402E+00
 -1       321 1.20102E+00 3.40950E-02 2.01168E+00
 -1       322 1.20007E+00 2.33416E-03 2.03598E+00
 -1       327 1.16646E+00-1.32202E-02 2.00040E+00
 -1       328 1.19931E+00-3.60327E-02 2.00108E+00
 -1       329 1.23354E+00 1.32202E-02 1.99960E+00
 -1       330 1.20069E+00 3.60327E-02 1.99892E+00
 -1       361-1.19514E+00 9.99941E+00-3.57211E-02
 -1       362-1.23111E+00 9.99995E+00-1.82319E-02
 -1       363-1.20486E+00 1.00006E+01 3.57211E-02
 -1       364-1.16889E+00 1.00000E+01 1.82319E-02
 -1       369-1.20000E+00 9.96600E+00-1.20000E-02
 -1       370-1.20000E+00 9.99800E+00-3.60000E-02
 -1       371-1.20000E+00 1.00340E+01 1.20000E-02
 -1       372-1.20000E+00 1.00020E+01 3.60000E-02
 -1       377-1.23328E+00 9.98613E+00 0.00000E+00
 -1       378-1.20000E+00 9.96394E+00 0.00000E+00
 -1       379-1.16672E+00 1.00139E+01 0.00000E+00
 -1       380-1.20000E+00 1.00361E+01 0.00000E+00
 -1       411 1.20438E+00 1.00000E+01-3.57883E-02
 -1       412 1.16865E+00 9.99977E+00-1.78091E-02
 -1       413 1.19562E+00 9.99996E+00 3.57883E-02
 -1       414 1.23135E+00 1.00002E+01 1.78091E-02
 -1       419 1.20000E+00 9.96600E+00-1.20000E-02
 -1       420 1.20000E+00 9.99800E+00-3.60000E-02
 -1       421 1.20000E+00 1.00340E+01 1.20000E-02
 -1       422 1.20000E+00 1.00020E+01 3.60000E-02
 -1       427 1.16672E+00 9.98613E+00 0.00000E+00
 -1       428 1.20000E+00 9.96394E+00 0.00000E+00
 -1       429 1.23328E+00 1.00139E+01 0.00000E+00
 -1       430 1.20000E+00 1.00361E+01 0.00000E+00
 -1       461-1.19530E+00 9.99996E+00 1.96425E+00
 -1       462-1.23119E+00 1.00002E+01 1.98192E+00
 -1       463-1.20470E+00 1.00000E+01 2.03575E+00
 -1       464-1.16881E+00 9.99977E+00 2.01808E+00
 -1       469-1.20000E+00 9.96600E+00 1.98800E+00
 -1       470-1.20000E+00 9.99800E+00 1.96400E+00
 -1       471-1.20000E+00 1.00340E+01 2.01200E+00
 -1       472-1.20000E+00 1.00020E+01 2.03600E+00
 -1       477-1.23328E+00 9.98613E+00 2.00000E+00
 -1       478-1.20000E+00 9.96394E+00 2.00000E+00
 -1       479-1.16672E+00 1.00139E+01 2.00000E+00
 -1       480-1.20000E+00 1.00361E+01 2.00000E+00
 -1       511 1.20420E+00 1.00006E+01 1.96420E+00
 -1       512 1.16856E+00 1.00000E+01 1.98235E+00
 -1       513 1.19580E+00 9.99942E+00 2.03580E+00
 -1       514 1.23144E+00 9.99996E+00 2.01765E+00
 -1       519 1.20000E+00 9.96600E+00 1.98800E+00
 -1       520 1.20000E+00 9.99800E+00 1.96400E+00
 -1       521 1.20000E+00 1.00340E+01 2.01200E+00
 -1       522 1.20000E+00 1.00020E+01 2.03600E+00
 -1       527 1.16672E+00 9.98613E+00 2.00000E+00
 -1       528 1.20000E+00 9.96394E+00 2.00000E+00
 -1       529 1.23328E+00 1.00139E+01 2.00000E+00
 -1       530 1.20000E+00 1.00361E+01 2.00000E+00
 -1       561-1.19532E+00 1.99998E+01-3.57504E-02
 -1       562-1.23120E+00 2.00001E+01-1.80678E-02
 -1       563-1.20468E+00 2.00002E+01 3.57504E-02
 -1       564-1.16880E+00 1.99999E+01 1.80678E-02
 -1       569-1.20145E+00 1.99659E+01-1.15569E-02
 -1       570-1.20010E+00 1.99975E+01-3.59709E-02
 -1       571-1.19855E+00 2.00341E+01 1.15569E-02
 -1       572-1.19990E+00 2.00025E+01 3.59709E-02
 -1       577-1.23365E+00 1.99871E+01 5.48678E-04
 -1       578-1.20099E+00 1.99640E+01 1.52775E-03
 -1       579-1.16635E+00 2.00129E+01-5.48678E-04
 -1       580-1.19901E+00 2.00360E+01-1.52775E-03
 -1       611 1.20441E+00 1.99997E+01-3.57830E-02
 -1       612 1.16867E+00 1.99996E+01-1.78328E-02
 -1       613 1.19559E+00 2.00003E+01 3.57830E-02
 -1       614 1.23133E+00 2.00004E+01 1.78328E-02
 -1       619 1.20143E+00 1.99662E+01-1.24797E-02
 -1       620 1.20006E+00 1.99985E+01-3.60247E-02
 -1       621 1.19857E+00 2.00338E+01 1.24797E-02
 -1       622 1.19994E+00 2.00015E+01 3.60247E-02
 -1       627 1.16707E+00 1.99853E+01-6.22501E-04
 -1       628 1.20089E+00 1.99640E+01-1.52786E-03
 -1       629 1.23293E+00 2.00147E+01 6.22501E-04
 -1       630 1.19911E+00 2.00360E+01 1.52786E-03
 -1       661-1.19550E+00 2.00003E+01 1.96423E+00
 -1       662-1.23129E+00 2.00004E+01 1.98209E+00
 -1       663-1.20450E+00 1.99997E+01 2.03577E+00
 -1       664-1.16871E+00 1.99996E+01 2.01791E+00
 -1       669-1.19857E+00 1.99662E+01 1.98752E+00
 -1       670-1.19994E+00 1.99985E+01 1.96398E+00
 -1       671-1.20143E+00 2.00338E+01 2.01248E+00
 -1       672-1.20006E+00 2.00015E+01 2.03602E+00
 -1       677-1.23293E+00 1.99853E+01 1.99938E+00
 -1       678-1.19911E+00 1.99640E+01 1.99847E+00
 -1       679-1.16707E+00 2.00147E+01 2.00062E+00
 -1       680-1.20089E+00 2.00360E+01 2.00153E+00
 -1       711 1.20423E+00 2.00002E+01 1.96419E+00
 -1       712 1.16858E+00 1.99998E+01 1.98232E+00
 -1       713 1.19577E+00 1.99998E+01 2.03581E+00
 -1       714 1.23142E+00 2.00002E+01 2.01768E+00
 -1       719 1.19855E+00 1.99659E+01 1.98844E+00
 -1       720 1.19990E+00 1.99975E+01 1.96403E+00
 -1       721 1.20145E+00 2.00341E+01 2.01156E+00
 -1       722 1.20010E+00 2.00025E+01 2.03597E+00
 -1       727 1.16635E+00 1.99871E+01 2.00055E+00
 -1       728 1.19901E+00 1.99640E+01 2.00153E+00
 -1       729 1.23365E+00 2.00129E+01 1.99945E+00
 -1       730 1.20099E+00 2.00360E+01 1.99847E+00
 -1       761-1.19529E+00 2.99997E+01-3.57459E-02
 -1       762-1.23119E+00 3.00000E+01-1.80945E-02
 -1       763-1.20471E+00 3.00003E+01 3.57459E-02
 -1       764-1.16881E+00 3.00000E+01 1.80945E-02
 -1       769-1.20000E+00 2.99660E+01-1.20000E-02
 -1       770-1.20000E+00 2.99980E+01-3.60000E-02
 -1       771-1.20000E+00 3.00340E+01 1.20000E-02
 -1       772-1.20000E+00 3.00020E+01 3.60000E-02
 -1       777-1.23328E+00 2.99861E+01 0.00000E+00
 -1       778-1.20000E+00 2.99639E+01 0.00000E+00
 -1       779-1.16672E+00 3.00139E+01 0.00000E+00
 -1       780-1.20000E+00 3.00361E+01 0.00000E+00
 -1       811 1.20445E+00 2.99999E+01-3.57794E-02
 -1       812 1.16869E+00 2.99998E+01-1.78714E-02
 -1       813 1.19555E+00 3.00001E+01 3.57794E-02
 -1       814 1.23131E+00 3.00002E+01 1.78714E-02
 -1       819 1.20000E+00 2.99660E+01-1.20000E-02
 -1       820 1.20000E+00 2.99980E+01-3.60000E-02
 -1       821 1.20000E+00 3.00340E+01 1.20000E-02
 -1       822 1.20000E+00 3.00020E+01 3.60000E-02
 -1       827 1.16672E+00 2.99861E+01 0.00000E+00
 -1       828 1.20000E+00 2.99639E+01 0.00000E+00
 -1       829 1.23328E+00 3.00139E+01 0.00000E+00
 -1       830 1.20000E+00 3.00361E+01 0.00000E+00
 -1       861-1.19541E+00 3.00001E+01 1.96424E+00
 -1       862-1.23124E+00 3.00002E+01 1.98200E+00
 -1       863-1.20459E+00 2.99999E+01 2.03576E+00
 -1       864-1.16876E+00 2.99998E+01 2.01800E+00
 -1       869-1.20000E+00 2.99660E+01 1.98800E+00
 -1       870-1.20000E+00 2.99980E+01 1.96400E+00
 -1       871-1.20000E+00 3.00340E+01 2.01200E+00
 -1       872-1.20000E+00 3.00020E+01 2.03600E+00
 -1       877-1.23328E+00 2.99861E+01 2.00000E+00
 -1       878-1.20000E+00 2.99639E+01 2.00000E+00
 -1       879-1.16672E+00 3.00139E+01 2.00000E+00
 -1       880-1.20000E+00 3.00361E+01 2.00000E+00
 -1       911 1.20434E+00 3.00003E+01 1.96421E+00
 -1       912 1.16863E+00 3.00000E+01 1.98223E+00
 -1       913 1.19566E+00 2.99997E+01 2.03579E+00
 -1       914 1.23137E+00 3.00000E+01 2.01777E+00
 -1       919 1.20000E+00 2.99660E+01 1.98800E+00
 -1       920 1.20000E+00 2.99980E+01 1.96400E+00
 -1       921 1.20000E+00 3.00340E+01 2.01200E+00
 -1       922 1.20000E+00 3.00020E+01 2.03600E+00
 -1       927 1.16672E+00 2.99861E+01 2.00000E+00
 -1       928 1.20000E+00 2.99639E+01 2.00000E+00
 -1       929 1.23328E+00 3.00139E+01 2.00000E+00
 -1       930 1.20000E+00 3.00361E+01 2.00000E+00
 -1       961-1.19525E+00 3.99999E+01-3.57414E-02
 -1       962-1.23117E+00 4.00003E+01-1.81293E-02
 -1       963-1.20475E+00 4.00001E+01 3.57414E-02
 -1       964-1.16883E+00 3.99997E+01 1.81293E-02
 -1       969-1.20000E+00 3.99660E+01-1.20000E-02
 -1       970-1.20000E+00 3.99980E+01-3.60000E-02
 -1       971-1.20000E+00 4.00340E+01 1.20000E-02
 -1       972-1.20000E+00 4.00020E+01 3.60000E-02
 -1       977-1.23328E+00 3.99861E+01 0.00000E+00
 -1       978-1.20000E+00 3.99639E+01 0.00000E+00
 -1       979-1.16672E+00 4.00139E+01 0.00000E+00
 -1       980-1.20000E+00 4.00361E+01 0.00000E+00
 -1      1011 1.20448E+00 3.99994E+01-3.57715E-02
 -1      1012 1.16870E+00 3.99994E+01-1.78882E-02
 -1      1013 1.19552E+00 4.00006E+01 3.57715E-02
 -1      1014 1.23130E+00 4.00006E+01 1.78882E-02
 -1      1019 1.20000E+00 3.99660E+01-1.20000E-02
 -1      1020 1.20000E+00 3.99980E+01-3.60000E-02
 -1      1021 1.20000E+00 4.00340E+01 1.20000E-02
 -1      1022 1.20000E+00 4.00020E+01 3.60000E-02
 -1      1027 1.16672E+00 3.99861E+01 0.00000E+00
 -1      1028 1.20000E+00 3.99639E+01 0.00000E+00
 -1      1029 1.23328E+00 4.00139E+01 0.00000E+00
 -1      1030 1.20000E+00 4.00361E+01 0.00000E+00
 -1      1061-1.19548E+00 4.00006E+01 1.96423E+00
 -1      1062-1.23128E+00 4.00006E+01 1.98208E+00
 -1      1063-1.20452E+00 3.99994E+01 2.03577E+00
 -1      1064-1.16872E+00 3.99994E+01 2.01792E+00
 -1      1069-1.20000E+00 3.99660E+01 1.98800E+00
 -1      1070-1.20000E+00 3.99980E+01 1.96400E+00
 -1      1071-1.20000E+00 4.00340E+01 2.01200E+00
 -1      1072-1.20000E+00 4.00020E+01 2.03600E+00
 -1      1077-1.23328E+00 3.99861E+01 2.00000E+00
 -1      1078-1.20000E+00 3.99639E+01 2.00000E+00
 -1      1079-1.16672E+00 4.00139E+01 2.00000E+00
 -1      1080-1.20000E+00 4.00361E+01 2.00000E+00
 -1      1111 1.20425E+00 4.00001E+01 1.96420E+00
 -1      1112 1.16858E+00 3.99997E+01 1.98231E+00
 -1      1113 1.19575E+00 3.99999E+01 2.03580E+00
 -1      1114 1.23142E+00 4.00003E+01 2.01769E+00
 -1      1119 1.20000E+00 3.99660E+01 1.98800E+00
 -1      1120 1.20000E+00 3.99980E+01 1.96400E+00
 -1      1121 1.20000E+00 4.00340E+01 2.01200E+00
 -1      1122 1.20000E+00 4.00020E+01 2.03600E+00
 -1      1127 1.16672E+00 3.99861E+01 2.00000E+00
 -1      1128 1.20000E+00 3.99639E+01 2.00000E+00
 -1      1129 1.23328E+00 4.00139E+01 2.00000E+00
 -1      1130 1.20000E+00 4.00361E+01 2.00000E+00
 -1      1161-1.19605E+00 4.99975E+01-3.57542E-02
 -1      1162-1.23148E+00 4.99965E+01-1.72231E-02
 -1      1163-1.20395E+00 5.00025E+01 3.57542E-02
 -1      1164-1.16852E+00 5.00035E+01 1.72231E-02
 -1      1169-1.20102E+00 4.99659E+01-1.16828E-02
 -1      1170-1.20007E+00 4.99977E+01-3.59798E-02
 -1      1171-1.19898E+00 5.00341E+01 1.16828E-02
 -1      1172-1.19993E+00 5.00023E+01 3.59798E-02
 -1      1177-1.23354E+00 4.99868E+01 3.96605E-04
 -1      1178-1.20069E+00 4.99640E+01 1.08098E-03
 -1      1179-1.16646E+00 5.00132E+01-3.96605E-04
 -1      1180-1.19931E+00 5.00360E+01-1.08098E-03
 -1      1211 1.20657E+00 4.99968E+01-3.53115E-02
 -1      1212 1.16988E+00 5.00006E+01-1.98149E-02
 -1      1213 1.19343E+00 5.00032E+01 3.53115E-02
 -1      1214 1.23012E+00 4.99994E+01 1.98149E-02
 -1      1219 1.20102E+00 4.99661E+01-1.23355E-02
 -1      1220 1.20005E+00 4.99984E+01-3.60180E-02
 -1      1221 1.19898E+00 5.00339E+01 1.23355E-02
 -1      1222 1.19995E+00 5.00016E+01 3.60180E-02
 -1      1227 1.16697E+00 4.99855E+01-4.33494E-04
 -1      1228 1.20064E+00 4.99640E+01-1.08101E-03
 -1      1229 1.23303E+00 5.00145E+01 4.33494E-04
 -1      1230 1.19936E+00 5.00360E+01 1.08101E-03
 -1      1261-1.19804E+00 5.00029E+01 1.96411E+00
 -1      1262-1.23240E+00 4.99990E+01 1.98421E+00
 -1      1263-1.20196E+00 4.99971E+01 2.03589E+00
 -1      1264-1.16760E+00 5.00010E+01 2.01579E+00
 -1      1269-1.19898E+00 4.99661E+01 1.98766E+00
 -1      1270-1.19995E+00 4.99984E+01 1.96398E+00
 -1      1271-1.20102E+00 5.00339E+01 2.01234E+00
 -1      1272-1.20005E+00 5.00016E+01 2.03602E+00
 -1      1277-1.23303E+00 4.99855E+01 1.99957E+00
 -1      1278-1.19936E+00 4.99640E+01 1.99892E+00
 -1      1279-1.16697E+00 5.00145E+01 2.00043E+00
 -1      1280-1.20064E+00 5.00360E+01 2.00108E+00
 -1      1311 1.20519E+00 5.00024E+01 1.96440E+00
 -1      1312 1.16914E+00 5.00035E+01 1.98169E+00
 -1      1313 1.19481E+00 4.99976E+01 2.03560E+00
 -1      1314 1.23086E+00 4.99965E+01 2.01831E+00
 -1      1319 1.19898E+00 4.99659E+01 1.98832E+00
 -1      1320 1.19993E+00 4.99977E+01 1.96402E+00
 -1      1321 1.20102E+00 5.00341E+01 2.01168E+00
 -1      1322 1.20007E+00 5.00023E+01 2.03598E+00
 -1      1327 1.16646E+00 4.99868E+01 2.00040E+00
 -1      1328 1.19931E+00 4.99640E+01 2.00108E+00
 -1      1329 1.23354E+00 5.00132E+01 1.99960E+00
 -1      1330 1.20069E+00 5.00360E+01 1.99892E+00
 -1      1361-1.19510E+00 1.12485E+01-9.30910E-02
 -1      1362-1.23109E+00 1.12492E+01-7.56508E-02
 -1      1363-1.20490E+00 1.12515E+01-2.17140E-02
 -1      1364-1.16891E+00 1.12508E+01-3.91543E-02
 -1      1369-1.19519E+00 1.24988E+01-1.41781E-01
 -1      1370-1.23114E+00 1.24994E+01-1.24237E-01
 -1      1371-1.20481E+00 1.25012E+01-7.03511E-02
 -1      1372-1.16886E+00 1.25006E+01-8.78954E-02
 -1      1377-1.19534E+00 1.37494E+01-1.74330E-01
 -1      1378-1.23121E+00 1.37497E+01-1.56628E-01
 -1      1379-1.20466E+00 1.37506E+01-1.02834E-01
 -1      1380-1.16879E+00 1.37503E+01-1.20535E-01
 -1      1385-1.19553E+00 1.50000E+01-1.85777E-01
 -1      1386-1.23131E+00 1.50000E+01-1.67888E-01
 -1      1387-1.20447E+00 1.50000E+01-1.14223E-01
 -1      1388-1.16869E+00 1.50000E+01-1.32112E-01
 -1      1393-1.19572E+00 1.62506E+01-1.74377E-01
 -1      1394-1.23140E+00 1.62503E+01-1.56298E-01
 -1      1395-1.20428E+00 1.62494E+01-1.02787E-01
 -1      1396-1.16860E+00 1.62497E+01-1.20866E-01
 -1      1401-1.19589E+00 1.75012E+01-1.41868E-01
 -1      1402-1.23149E+00 1.75006E+01-1.23626E-01
 -1      1403-1.20411E+00 1.74988E+01-7.02642E-02
 -1      1404-1.16851E+00 1.74994E+01-8.85056E-02
 -1      1409-1.19601E+00 1.87515E+01-9.32042E-02
 -1      1410-1.23154E+00 1.87507E+01-7.48534E-02
 -1      1411-1.20399E+00 1.87485E+01-2.16008E-02
 -1      1412-1.16846E+00 1.87493E+01-3.99517E-02
 -1      1417 1.20399E+00 1.12515E+01 2.16008E-02
 -1      1418 1.16846E+00 1.12507E+01 3.99517E-02
 -1      1419 1.19601E+00 1.12485E+01 9.32042E-02
 -1      1420 1.23154E+00 1.12493E+01 7.48534E-02
 -1      1425 1.20411E+00 1.25012E+01 7.02642E-02
 -1      1426 1.16851E+00 1.25006E+01 8.85056E-02
 -1      1427 1.19589E+00 1.24988E+01 1.41868E-01
 -1      1428 1.23149E+00 1.24994E+01 1.23626E-01
 -1      1433 1.20428E+00 1.37506E+01 1.02787E-01
 -1      1434 1.16860E+00 1.37503E+01 1.20866E-01
 -1      1435 1.19572E+00 1.37494E+01 1.74377E-01
 -1      1436 1.23140E+00 1.37497E+01 1.56298E-01
 -1      1441 1.20447E+00 1.50000E+01 1.14223E-01
 -1      1442 1.16869E+00 1.50000E+01 1.32112E-01
 -1      1443 1.19553E+00 1.50000E+01 1.85777E-01
 -1      1444 1.23131E+00 1.50000E+01 1.67888E-01
 -1      1449 1.20466E+00 1.62494E+01 1.02834E-01
 -1      1450 1.16879E+00 1.62497E+01 1.20535E-01
 -1      1451 1.19534E+00 1.62506E+01 1.74330E-01
 -1      1452 1.23121E+00 1.62503E+01 1.56628E-01
 -1      1457 1.20481E+00 1.74988E+01 7.03511E-02
 -1      1458 1.16886E+00 1.74994E+01 8.78954E-02
 -1      1459 1.19519E+00 1.75012E+01 1.41781E-01
 -1      1460 1.23114E+00 1.75006E+01 1.24237E-01
 -1      1465 1.20490E+00 1.87485E+01 2.17140E-02
 -1      1466 1.16891E+00 1.87492E+01 3.91543E-02
 -1      1467 1.19510E+00 1.87515E+01 9.30910E-02
 -1      1468 1.23109E+00 1.87508E+01 7.56508E-02
 -1      1473-1.19510E+00 1.12485E+01 1.90691E+00
 -1      1474-1.23109E+00 1.12492E+01 1.92435E+00
 -1      1475-1.20490E+00 1.12515E+01 1.97829E+00
 -1      1476-1.16891E+00 1.12508E+01 1.96085E+00
 -1      1481-1.19519E+00 1.24988E+01 1.85822E+00
 -1      1482-1.23114E+00 1.24994E+01 1.87576E+00
 -1      1483-1.20481E+00 1.25012E+01 1.92965E+00
 -1      1484-1.16886E+00 1.25006E+01 1.91210E+00
 -1      1489-1.19534E+00 1.37494E+01 1.82567E+00
 -1      1490-1.23121E+00 1.37497E+01 1.84337E+00
 -1      1491-1.20466E+00 1.37506E+01 1.89717E+00
 -1      1492-1.16879E+00 1.37503E+01 1.87946E+00
 -1      1497-1.19553E+00 1.50000E+01 1.81422E+00
 -1      1498-1.23131E+00 1.50000E+01 1.83211E+00
 -1      1499-1.20447E+00 1.50000E+01 1.88578E+00
 -1      1500-1.16869E+00 1.50000E+01 1.86789E+00
 -1      1505-1.19572E+00 1.62506E+01 1.82562E+00
 -1      1506-1.23140E+00 1.62503E+01 1.84370E+00
 -1      1507-1.20428E+00 1.62494E+01 1.89721E+00
 -1      1508-1.16860E+00 1.62497E+01 1.87913E+00
 -1      1513-1.19589E+00 1.75012E+01 1.85813E+00
 -1      1514-1.23149E+00 1.75006E+01 1.87637E+00
 -1      1515-1.20411E+00 1.74988E+01 1.92974E+00
 -1      1516-1.16851E+00 1.74994E+01 1.91149E+00
 -1      1521-1.19601E+00 1.87515E+01 1.90680E+00
 -1      1522-1.23154E+00 1.87507E+01 1.92515E+00
 -1      1523-1.20399E+00 1.87485E+01 1.97840E+00
 -1      1524-1.16846E+00 1.87493E+01 1.96005E+00
 -1      1529 1.20399E+00 1.12515E+01 2.02160E+00
 -1      1530 1.16846E+00 1.12507E+01 2.03995E+00
 -1      1531 1.19601E+00 1.12485E+01 2.09320E+00
 -1      1532 1.23154E+00 1.12493E+01 2.07485E+00
 -1      1537 1.20411E+00 1.25012E+01 2.07026E+00
 -1      1538 1.16851E+00 1.25006E+01 2.08851E+00
 -1      1539 1.19589E+00 1.24988E+01 2.14187E+00
 -1      1540 1.23149E+00 1.24994E+01 2.12363E+00
 -1      1545 1.20428E+00 1.37506E+01 2.10279E+00
 -1      1546 1.16860E+00 1.37503E+01 2.12087E+00
 -1      1547 1.19572E+00 1.37494E+01 2.17438E+00
 -1      1548 1.23140E+00 1.37497E+01 2.15630E+00
 -1      1553 1.20447E+00 1.50000E+01 2.11422E+00
 -1      1554 1.16869E+00 1.50000E+01 2.13211E+00
 -1      1555 1.19553E+00 1.50000E+01 2.18578E+00
 -1      1556 1.23131E+00 1.50000E+01 2.16789E+00
 -1      1561 1.20466E+00 1.62494E+01 2.10283E+00
 -1      1562 1.16879E+00 1.62497E+01 2.12054E+00
 -1      1563 1.19534E+00 1.62506E+01 2.17433E+00
 -1      1564 1.23121E+00 1.62503E+01 2.15663E+00
 -1      1569 1.20481E+00 1.74988E+01 2.07035E+00
 -1      1570 1.16886E+00 1.74994E+01 2.08790E+00
 -1      1571 1.19519E+00 1.75012E+01 2.14178E+00
 -1      1572 1.23114E+00 1.75006E+01 2.12424E+00
 -1      1577 1.20490E+00 1.87485E+01 2.02171E+00
 -1      1578 1.16891E+00 1.87492E+01 2.03915E+00
 -1      1579 1.19510E+00 1.87515E+01 2.09309E+00
 -1      1580 1.23109E+00 1.87508E+01 2.07565E+00
 -1      1585-1.19553E+00 2.50000E+01-1.85778E-01
 -1      1586-1.23131E+00 2.50000E+01-1.67883E-01
 -1      1587-1.20447E+00 2.50000E+01-1.14222E-01
 -1      1588-1.16869E+00 2.50000E+01-1.32117E-01
 -1      1593 1.20447E+00 2.50000E+01 1.14222E-01
 -1      1594 1.16869E+00 2.50000E+01 1.32117E-01
 -1      1595 1.19553E+00 2.50000E+01 1.85778E-01
 -1      1596 1.23131E+00 2.50000E+01 1.67883E-01
 -1      1601-1.19553E+00 2.50000E+01 1.81422E+00
 -1      1602-1.23131E+00 2.50000E+01 1.83212E+00
 -1      1603-1.20447E+00 2.50000E+01 1.88578E+00
 -1      1604-1.16869E+00 2.50000E+01 1.86788E+00
 -1      1609 1.20447E+00 2.50000E+01 2.11422E+00
 -1      1610 1.16869E+00 2.50000E+01 2.13212E+00
 -1      1611 1.19553E+00 2.50000E+01 2.18578E+00
 -1      1612 1.23131E+00 2.50000E+01 2.16788E+00
 -1      1617-1.19522E+00 3.24989E+01-1.41787E-01
 -1      1618-1.23115E+00 3.24995E+01-1.24216E-01
 -1      1619-1.20478E+00 3.25011E+01-7.03450E-02
 -1      1620-1.16885E+00 3.25005E+01-8.79159E-02
 -1      1625-1.19553E+00 3.50000E+01-1.85777E-01
 -1      1626-1.23131E+00 3.50000E+01-1.67887E-01
 -1      1627-1.20447E+00 3.50000E+01-1.14223E-01
 -1      1628-1.16869E+00 3.50000E+01-1.32113E-01
 -1      1633-1.19586E+00 3.75011E+01-1.41867E-01
 -1      1634-1.23147E+00 3.75005E+01-1.23652E-01
 -1      1635-1.20414E+00 3.74989E+01-7.02647E-02
 -1      1636-1.16853E+00 3.74995E+01-8.84797E-02
 -1      1641 1.20414E+00 3.25011E+01 7.02647E-02
 -1      1642 1.16853E+00 3.25005E+01 8.84797E-02
 -1      1643 1.19586E+00 3.24989E+01 1.41867E-01
 -1      1644 1.23147E+00 3.24995E+01 1.23652E-01
 -1      1649 1.20447E+00 3.50000E+01 1.14223E-01
 -1      1650 1.16869E+00 3.50000E+01 1.32113E-01
 -1      1651 1.19553E+00 3.50000E+01 1.85777E-01
 -1      1652 1.23131E+00 3.50000E+01 1.67887E-01
 -1      1657 1.20478E+00 3.74989E+01 7.03450E-02
 -1      1658 1.16885E+00 3.74995E+01 8.79159E-02
 -1      1659 1.19522E+00 3.75011E+01 1.41787E-01
 -1      1660 1.23115E+00 3.75005E+01 1.24216E-01
 -1      1665-1.19522E+00 3.24989E+01 1.85821E+00
 -1      1666-1.23115E+00 3.24995E+01 1.87578E+00
 -1      1667-1.20478E+00 3.25011E+01 1.92966E+00
 -1      1668-1.16885E+00 3.25005E+01 1.91208E+00
 -1      1673-1.19553E+00 3.50000E+01 1.81422E+00
 -1      1674-1.23131E+00 3.50000E+01 1.83211E+00
 -1      1675-1.20447E+00 3.50000E+01 1.88578E+00
 -1      1676-1.16869E+00 3.50000E+01 1.86789E+00
 -1      1681-1.19586E+00 3.75011E+01 1.85813E+00
 -1      1682-1.23147E+00 3.75005E+01 1.87635E+00
 -1      1683-1.20414E+00 3.74989E+01 1.92974E+00
 -1      1684-1.16853E+00 3.74995E+01 1.91152E+00
 -1      1689 1.20414E+00 3.25011E+01 2.07026E+00
 -1      1690 1.16853E+00 3.25005E+01 2.08848E+00
 -1      1691 1.19586E+00 3.24989E+01 2.14187E+00
 -1      1692 1.23147E+00 3.24995E+01 2.12365E+00
 -1      1697 1.20447E+00 3.50000E+01 2.11422E+00
 -1      1698 1.16869E+00 3.50000E+01 2.13211E+00
 -1      1699 1.19553E+00 3.50000E+01 2.18578E+00
 -1      1700 1.23131E+00 3.50000E+01 2.16789E+00
 -1      1705 1.20478E+00 3.74989E+01 2.07034E+00
 -1      1706 1.16885E+00 3.74995E+01 2.08792E+00
 -1      1707 1.19522E+00 3.75011E+01 2.14179E+00
 -1      1708 1.23115E+00 3.75005E+01 2.12422E+00
 -1      1713 0.00000E+00-6.99992E-02-1.20023E-02
 -1      1714 0.00000E+00-3.79975E-02-3.60001E-02
 -1      1715 0.00000E+00-2.00083E-03 1.20023E-02
 -1      1716 0.00000E+00-3.40025E-02 3.60001E-02
 -1      1721 0.00000E+00 2.00083E-03 1.98800E+00
 -1      1722 0.00000E+00 3.40025E-02 1.96400E+00
 -1      1723 0.00000E+00 6.99992E-02 2.01200E+00
 -1      1724 0.00000E+00 3.79975E-02 2.03600E+00
 -1      1729-1.23329E+00 1.61495E-02 1.00000E+00
 -1      1730-1.20002E+00-6.05551E-03 1.00000E+00
 -1      1731-1.16671E+00 4.38505E-02 1.00000E+00
 -1      1732-1.19998E+00 6.60555E-02 1.00000E+00
 -1      1737 1.16671E+00-4.38505E-02 1.00000E+00
 -1      1738 1.19998E+00-6.60555E-02 1.00000E+00
 -1      1739 1.23329E+00-1.61495E-02 1.00000E+00
 -1      1740 1.20002E+00 6.05551E-03 1.00000E+00
 -1      1745-6.01023E-01 1.99404E+01-1.16832E-02
 -1      1746-6.00070E-01 1.99722E+01-3.59798E-02
 -1      1747-5.98977E-01 2.00086E+01 1.16832E-02
 -1      1748-5.99930E-01 1.99769E+01 3.59798E-02
 -1      1753 0.00000E+00 1.99300E+01-1.20008E-02
 -1      1754 0.00000E+00 1.99620E+01-3.60000E-02
 -1      1755 0.00000E+00 1.99980E+01 1.20008E-02
 -1      1756 0.00000E+00 1.99660E+01 3.60000E-02
 -1      1761 6.01016E-01 1.99407E+01-1.23359E-02
 -1      1762 6.00049E-01 1.99729E+01-3.60180E-02
 -1      1763 5.98984E-01 2.00084E+01 1.23359E-02
 -1      1764 5.99951E-01 1.99762E+01 3.60180E-02
 -1      1769-5.98984E-01 1.99916E+01 1.98766E+00
 -1      1770-5.99951E-01 2.00238E+01 1.96398E+00
 -1      1771-6.01016E-01 2.00593E+01 2.01234E+00
 -1      1772-6.00049E-01 2.00271E+01 2.03602E+00
 -1      1777 0.00000E+00 2.00020E+01 1.98800E+00
 -1      1778 0.00000E+00 2.00340E+01 1.96400E+00
 -1      1779 0.00000E+00 2.00700E+01 2.01200E+00
 -1      1780 0.00000E+00 2.00380E+01 2.03600E+00
 -1      1785 5.98977E-01 1.99914E+01 1.98832E+00
 -1      1786 5.99930E-01 2.00231E+01 1.96402E+00
 -1      1787 6.01023E-01 2.00596E+01 2.01168E+00
 -1      1788 6.00070E-01 2.00278E+01 2.03598E+00
 -1      1793-1.23354E+00 2.00080E+01 5.00396E-01
 -1      1794-1.20070E+00 1.99852E+01 5.01081E-01
 -1      1795-1.16646E+00 2.00344E+01 4.99604E-01
 -1      1796-1.19930E+00 2.00572E+01 4.98919E-01
 -1      1801-1.23328E+00 2.00161E+01 1.00000E+00
 -1      1802-1.20001E+00 1.99939E+01 1.00000E+00
 -1      1803-1.16672E+00 2.00439E+01 1.00000E+00
 -1      1804-1.19999E+00 2.00661E+01 1.00000E+00
 -1      1809-1.23303E+00 2.00068E+01 1.49957E+00
 -1      1810-1.19936E+00 1.99852E+01 1.49892E+00
 -1      1811-1.16697E+00 2.00357E+01 1.50043E+00
 -1      1812-1.20064E+00 2.00572E+01 1.50108E+00
 -1      1817 1.16697E+00 1.99643E+01 4.99567E-01
 -1      1818 1.20064E+00 1.99428E+01 4.98919E-01
 -1      1819 1.23303E+00 1.99932E+01 5.00433E-01
 -1      1820 1.19936E+00 2.00148E+01 5.01081E-01
 -1      1825 1.16672E+00 1.99561E+01 1.00000E+00
 -1      1826 1.19999E+00 1.99339E+01 1.00000E+00
 -1      1827 1.23328E+00 1.99839E+01 1.00000E+00
 -1      1828 1.20001E+00 2.00061E+01 1.00000E+00
 -1      1833 1.16646E+00 1.99656E+01 1.50040E+00
 -1      1834 1.19930E+00 1.99428E+01 1.50108E+00
 -1      1835 1.23354E+00 1.99920E+01 1.49960E+00
 -1      1836 1.20070E+00 2.00148E+01 1.49892E+00
 -1      1841 0.00000E+00 4.99300E+01-1.20023E-02
 -1      1842 0.00000E+00 4.99620E+01-3.60001E-02
 -1      1843 0.00000E+00 4.99980E+01 1.20023E-02
 -1      1844 0.00000E+00 4.99660E+01 3.60001E-02
 -1      1849 0.00000E+00 5.00020E+01 1.98800E+00
 -1      1850 0.00000E+00 5.00340E+01 1.96400E+00
 -1      1851 0.00000E+00 5.00700E+01 2.01200E+00
 -1      1852 0.00000E+00 5.00380E+01 2.03600E+00
 -1      1857-1.23329E+00 5.00161E+01 1.00000E+00
 -1      1858-1.20002E+00 4.99939E+01 1.00000E+00
 -1      1859-1.16671E+00 5.00438E+01 1.00000E+00
 -1      1860-1.19998E+00 5.00661E+01 1.00000E+00
 -1      1865 1.16671E+00 4.99562E+01 1.00000E+00
 -1      1866 1.19998E+00 4.99339E+01 1.00000E+00
 -1      1867 1.23329E+00 4.99839E+01 1.00000E+00
 -1      1868 1.20002E+00 5.00061E+01 1.00000E+00
 -1      1873-1.19757E+00 1.12670E+01 1.57055E-01
 -1      1874-1.23227E+00 1.12640E+01 1.76710E-01
 -1      1875-1.20243E+00 1.12559E+01 2.28140E-01
 -1      1876-1.16773E+00 1.12590E+01 2.08485E-01
 -1      1881-1.19773E+00 1.25271E+01 3.58438E-01
 -1      1882-1.23234E+00 1.25238E+01 3.78214E-01
 -1      1883-1.20227E+00 1.25153E+01 4.29430E-01
 -1      1884-1.16766E+00 1.25186E+01 4.09654E-01
 -1      1889-1.19798E+00 1.37842E+01 5.76000E-01
 -1      1890-1.23245E+00 1.37805E+01 5.95959E-01
 -1      1891-1.20202E+00 1.37713E+01 6.46836E-01
 -1      1892-1.16755E+00 1.37749E+01 6.26877E-01
 -1      1897-1.19828E+00 1.50371E+01 8.14685E-01
 -1      1898-1.23258E+00 1.50330E+01 8.34863E-01
 -1      1899-1.20172E+00 1.50229E+01 8.85315E-01
 -1      1900-1.16742E+00 1.50270E+01 8.65137E-01
 -1      1905-1.19860E+00 1.62854E+01 1.07622E+00
 -1      1906-1.23272E+00 1.62809E+01 1.09662E+00
 -1      1907-1.20140E+00 1.62700E+01 1.14662E+00
 -1      1908-1.16728E+00 1.62745E+01 1.12622E+00
 -1      1913-1.19888E+00 1.75294E+01 1.35884E+00
 -1      1914-1.23284E+00 1.75246E+01 1.37943E+00
 -1      1915-1.20112E+00 1.75130E+01 1.42902E+00
 -1      1916-1.16716E+00 1.75178E+01 1.40843E+00
 -1      1921-1.19908E+00 1.87700E+01 1.65759E+00
 -1      1922-1.23292E+00 1.87650E+01 1.67830E+00
 -1      1923-1.20092E+00 1.87529E+01 1.72761E+00
 -1      1924-1.16708E+00 1.87580E+01 1.70689E+00
 -1      1929-1.19416E+00 1.12560E+01 1.77225E+00
 -1      1930-1.23060E+00 1.12585E+01 1.78856E+00
 -1      1931-1.20584E+00 1.12670E+01 1.84256E+00
 -1      1932-1.16940E+00 1.12644E+01 1.82625E+00
 -1      1937-1.19409E+00 1.25154E+01 1.57098E+00
 -1      1938-1.23056E+00 1.25181E+01 1.58719E+00
 -1      1939-1.20591E+00 1.25271E+01 1.64115E+00
 -1      1940-1.16944E+00 1.25244E+01 1.62494E+00
 -1      1945-1.19399E+00 1.37714E+01 1.35360E+00
 -1      1946-1.23051E+00 1.37743E+01 1.36967E+00
 -1      1947-1.20601E+00 1.37841E+01 1.42356E+00
 -1      1948-1.16949E+00 1.37812E+01 1.40749E+00
 -1      1953-1.19388E+00 1.50230E+01 1.11516E+00
 -1      1954-1.23044E+00 1.50262E+01 1.13106E+00
 -1      1955-1.20612E+00 1.50370E+01 1.18484E+00
 -1      1956-1.16956E+00 1.50338E+01 1.16894E+00
 -1      1961-1.19377E+00 1.62701E+01 8.53886E-01
 -1      1962-1.23038E+00 1.62736E+01 8.69618E-01
 -1      1963-1.20623E+00 1.62853E+01 9.23278E-01
 -1      1964-1.16962E+00 1.62819E+01 9.07546E-01
 -1      1969-1.19368E+00 1.75131E+01 5.71502E-01
 -1      1970-1.23034E+00 1.75168E+01 5.87093E-01
 -1      1971-1.20632E+00 1.75293E+01 6.40630E-01
 -1      1972-1.16966E+00 1.75257E+01 6.25039E-01
 -1      1977-1.19363E+00 1.87531E+01 2.72930E-01
 -1      1978-1.23031E+00 1.87568E+01 2.88429E-01
 -1      1979-1.20637E+00 1.87699E+01 3.41875E-01
 -1      1980-1.16969E+00 1.87661E+01 3.26376E-01
 -1      1985 1.20243E+00 1.12670E+01 1.57055E-01
 -1      1986 1.16773E+00 1.12640E+01 1.76710E-01
 -1      1987 1.19757E+00 1.12559E+01 2.28140E-01
 -1      1988 1.23227E+00 1.12590E+01 2.08485E-01
 -1      1993 1.20227E+00 1.25271E+01 3.58438E-01
 -1      1994 1.16766E+00 1.25238E+01 3.78214E-01
 -1      1995 1.19773E+00 1.25153E+01 4.29430E-01
 -1      1996 1.23234E+00 1.25186E+01 4.09654E-01
 -1      2001 1.20202E+00 1.37842E+01 5.76000E-01
 -1      2002 1.16755E+00 1.37805E+01 5.95959E-01
 -1      2003 1.19798E+00 1.37713E+01 6.46836E-01
 -1      2004 1.23245E+00 1.37749E+01 6.26877E-01
 -1      2009 1.20172E+00 1.50371E+01 8.14685E-01
 -1      2010 1.16742E+00 1.50330E+01 8.34863E-01
 -1      2011 1.19828E+00 1.50229E+01 8.85315E-01
 -1      2012 1.23258E+00 1.50270E+01 8.65137E-01
 -1      2017 1.20140E+00 1.62854E+01 1.07622E+00
 -1      2018 1.16728E+00 1.62809E+01 1.09662E+00
 -1      2019 1.19860E+00 1.62700E+01 1.14662E+00
 -1      2020 1.23272E+00 1.62745E+01 1.12622E+00
 -1      2025 1.20112E+00 1.75294E+01 1.35884E+00
 -1      2026 1.16716E+00 1.75246E+01 1.37943E+00
 -1      2027 1.19888E+00 1.75130E+01 1.42902E+00
 -1      2028 1.23284E+00 1.75178E+01 1.40843E+00
 -1      2033 1.20092E+00 1.87700E+01 1.65759E+00
 -1      2034 1.16708E+00 1.87650E+01 1.67830E+00
 -1      2035 1.19908E+00 1.87529E+01 1.72761E+00
 -1      2036 1.23292E+00 1.87580E+01 1.70689E+00
 -1      2041 1.20584E+00 1.12560E+01 1.77225E+00
 -1      2042 1.16940E+00 1.12585E+01 1.78856E+00
 -1      2043 1.19416E+00 1.12670E+01 1.84256E+00
 -1      2044 1.23060E+00 1.12644E+01 1.82625E+00
 -1      2049 1.20591E+00 1.25154E+01 1.57098E+00
 -1      2050 1.16944E+00 1.25181E+01 1.58719E+00
 -1      2051 1.19409E+00 1.25271E+01 1.64115E+00
 -1      2052 1.23056E+00 1.25244E+01 1.62494E+00
 -1      2057 1.20601E+00 1.37714E+01 1.35360E+00
 -1      2058 1.16949E+00 1.37743E+01 1.36967E+00
 -1      2059 1.19399E+00 1.37841E+01 1.42356E+00
 -1      2060 1.23051E+00 1.37812E+01 1.40749E+00
 -1      2065 1.20612E+00 1.50230E+01 1.11516E+00
 -1      2066 1.16956E+00 1.50262E+01 1.13106E+00
 -1      2067 1.19388E+00 1.50370E+01 1.18484E+00
 -1      2068 1.23044E+00 1.50338E+01 1.16894E+00
 -1      2073 1.20623E+00 1.62701E+01 8.53886E-01
 -1      2074 1.16962E+00 1.62736E+01 8.69618E-01
 -1      2075 1.19377E+00 1.62853E+01 9.23278E-01
 -1      2076 1.23038E+00 1.62819E+01 9.07546E-01
 -1      2081 1.20632E+00 1.75131E+01 5.71502E-01
 -1      2082 1.16966E+00 1.75168E+01 5.87093E-01
 -1      2083 1.19368E+00 1.75293E+01 6.40630E-01
 -1      2084 1.23034E+00 1.75257E+01 6.25039E-01
 -1      2089 1.20637E+00 1.87531E+01 2.72930E-01
 -1      2090 1.16969E+00 1.87568E+01 2.88429E-01
 -1      2091 1.19363E+00 1.87699E+01 3.41875E-01
 -1      2092 1.23031E+00 1.87661E+01 3.26376E-01
 -1      2097-8.31704E-01 1.12331E+01-3.42295E-02
 -1      2098-8.68791E-01 1.12437E+01-2.36225E-02
 -1      2099-8.53491E-01 1.12393E+01 3.42295E-02
 -1      2100-8.16404E-01 1.12287E+01 2.36225E-02
 -1      2105-4.83271E-01 1.24716E+01-3.43179E-02
 -1      2106-5.20380E-01 1.24818E+01-2.34066E-02
 -1      2107-5.04597E-01 1.24775E+01 3.43179E-02
 -1      2108-4.67488E-01 1.24673E+01 2.34066E-02
 -1      2113-1.51102E-01 1.37141E+01-3.44451E-02
 -1      2114-1.88233E-01 1.37237E+01-2.30837E-02
 -1      2115-1.71734E-01 1.37194E+01 3.44451E-02
 -1      2116-1.34603E-01 1.37098E+01 2.30837E-02
 -1      2121 1.59903E-01 1.49616E+01-3.45874E-02
 -1      2122 1.22764E-01 1.49705E+01-2.27035E-02
 -1      2123 1.40097E-01 1.49664E+01 3.45874E-02
 -1      2124 1.77236E-01 1.49575E+01 2.27035E-02
 -1      2129 4.48070E-01 1.62146E+01-3.47212E-02
 -1      2130 4.10939E-01 1.62229E+01-2.23246E-02
 -1      2131 4.29094E-01 1.62188E+01 3.47212E-02
 -1      2132 4.66225E-01 1.62106E+01 2.23246E-02
 -1      2137 7.15201E-01 1.74727E+01-3.48283E-02
 -1      2138 6.78091E-01 1.74803E+01-2.20050E-02
 -1      2139 6.96931E-01 1.74764E+01 3.48283E-02
 -1      2140 7.34041E-01 1.74688E+01 2.20050E-02
 -1      2145 9.66302E-01 1.87345E+01-3.48965E-02
 -1      2146 9.29212E-01 1.87417E+01-2.17923E-02
 -1      2147 9.48503E-01 1.87380E+01 3.48965E-02
 -1      2148 9.85593E-01 1.87307E+01 2.17923E-02
 -1      2153 8.42124E-01 1.12361E+01-3.60521E-02
 -1      2154 8.10413E-01 1.12270E+01-1.34113E-02
 -1      2155 8.43071E-01 1.12364E+01 3.60521E-02
 -1      2156 8.74781E-01 1.12454E+01 1.34113E-02
 -1      2161 4.93597E-01 1.24745E+01-3.60538E-02
 -1      2162 4.61712E-01 1.24657E+01-1.35445E-02
 -1      2163 4.94271E-01 1.24746E+01 3.60538E-02
 -1      2164 5.26156E-01 1.24834E+01 1.35445E-02
 -1      2169 1.61293E-01 1.37167E+01-3.60553E-02
 -1      2170 1.29148E-01 1.37084E+01-1.37478E-02
 -1      2171 1.61544E-01 1.37168E+01 3.60553E-02
 -1      2172 1.93688E-01 1.37251E+01 1.37478E-02
 -1      2177-1.49867E-01 1.49640E+01-3.60553E-02
 -1      2178-1.82312E-01 1.49562E+01-1.39935E-02
 -1      2179-1.50133E-01 1.49640E+01 3.60553E-02
 -1      2180-1.17688E-01 1.49718E+01 1.39935E-02
 -1      2185-4.38181E-01 1.62168E+01-3.60532E-02
 -1      2186-4.70920E-01 1.62096E+01-1.42455E-02
 -1      2187-4.38983E-01 1.62167E+01 3.60532E-02
 -1      2188-4.06244E-01 1.62239E+01 1.42455E-02
 -1      2193-7.05431E-01 1.74747E+01-3.60497E-02
 -1      2194-7.38414E-01 1.74679E+01-1.44640E-02
 -1      2195-7.06701E-01 1.74744E+01 3.60497E-02
 -1      2196-6.73718E-01 1.74812E+01 1.44640E-02
 -1      2201-9.56607E-01 1.87364E+01-3.60464E-02
 -1      2202-9.89751E-01 1.87299E+01-1.46123E-02
 -1      2203-9.58198E-01 1.87361E+01 3.60464E-02
 -1      2204-9.25054E-01 1.87425E+01 1.46123E-02
 -1      2209-8.31704E-01 1.12331E+01 1.96577E+00
 -1      2210-8.68791E-01 1.12437E+01 1.97638E+00
 -1      2211-8.53491E-01 1.12393E+01 2.03423E+00
 -1      2212-8.16404E-01 1.12287E+01 2.02362E+00
 -1      2217-4.83271E-01 1.24716E+01 1.96568E+00
 -1      2218-5.20380E-01 1.24818E+01 1.97659E+00
 -1      2219-5.04597E-01 1.24775E+01 2.03432E+00
 -1      2220-4.67488E-01 1.24673E+01 2.02341E+00
 -1      2225-1.51102E-01 1.37141E+01 1.96555E+00
 -1      2226-1.88233E-01 1.37237E+01 1.97692E+00
 -1      2227-1.71734E-01 1.37194E+01 2.03445E+00
 -1      2228-1.34603E-01 1.37098E+01 2.02308E+00
 -1      2233 1.59903E-01 1.49616E+01 1.96541E+00
 -1      2234 1.22764E-01 1.49705E+01 1.97730E+00
 -1      2235 1.40097E-01 1.49664E+01 2.03459E+00
 -1      2236 1.77236E-01 1.49575E+01 2.02270E+00
 -1      2241 4.48070E-01 1.62146E+01 1.96528E+00
 -1      2242 4.10939E-01 1.62229E+01 1.97768E+00
 -1      2243 4.29094E-01 1.62188E+01 2.03472E+00
 -1      2244 4.66225E-01 1.62106E+01 2.02232E+00
 -1      2249 7.15201E-01 1.74727E+01 1.96517E+00
 -1      2250 6.78091E-01 1.74803E+01 1.97800E+00
 -1      2251 6.96931E-01 1.74764E+01 2.03483E+00
 -1      2252 7.34041E-01 1.74688E+01 2.02200E+00
 -1      2257 9.66302E-01 1.87345E+01 1.96510E+00
 -1      2258 9.29212E-01 1.87417E+01 1.97821E+00
 -1      2259 9.48503E-01 1.87380E+01 2.03490E+00
 -1      2260 9.85593E-01 1.87307E+01 2.02179E+00
 -1      2265 8.42124E-01 1.12361E+01 1.96395E+00
 -1      2266 8.10413E-01 1.12270E+01 1.98659E+00
 -1      2267 8.43071E-01 1.12364E+01 2.03605E+00
 -1      2268 8.74781E-01 1.12454E+01 2.01341E+00
 -1      2273 4.93597E-01 1.24745E+01 1.96395E+00
 -1      2274 4.61712E-01 1.24657E+01 1.98646E+00
 -1      2275 4.94271E-01 1.24746E+01 2.03605E+00
 -1      2276 5.26156E-01 1.24834E+01 2.01354E+00
 -1      2281 1.61293E-01 1.37167E+01 1.96394E+00
 -1      2282 1.29148E-01 1.37084E+01 1.98625E+00
 -1      2283 1.61544E-01 1.37168E+01 2.03606E+00
 -1      2284 1.93688E-01 1.37251E+01 2.01375E+00
 -1      2289-1.49867E-01 1.49640E+01 1.96394E+00
 -1      2290-1.82312E-01 1.49562E+01 1.98601E+00
 -1      2291-1.50133E-01 1.49640E+01 2.03606E+00
 -1      2292-1.17688E-01 1.49718E+01 2.01399E+00
 -1      2297-4.38181E-01 1.62168E+01 1.96395E+00
 -1      2298-4.70920E-01 1.62096E+01 1.98575E+00
 -1      2299-4.38983E-01 1.62167E+01 2.03605E+00
 -1      2300-4.06244E-01 1.62239E+01 2.01425E+00
 -1      2305-7.05431E-01 1.74747E+01 1.96395E+00
 -1      2306-7.38414E-01 1.74679E+01 1.98554E+00
 -1      2307-7.06701E-01 1.74744E+01 2.03605E+00
 -1      2308-6.73718E-01 1.74812E+01 2.01446E+00
 -1      2313-9.56607E-01 1.87364E+01 1.96395E+00
 -1      2314-9.89751E-01 1.87299E+01 1.98539E+00
 -1      2315-9.58198E-01 1.87361E+01 2.03605E+00
 -1      2316-9.25054E-01 1.87425E+01 2.01461E+00
 -1      2321-1.19830E+00 3.50371E+01 8.14684E-01
 -1      2322-1.23259E+00 3.50330E+01 8.34874E-01
 -1      2323-1.20170E+00 3.50229E+01 8.85316E-01
 -1      2324-1.16741E+00 3.50270E+01 8.65126E-01
 -1      2329-1.19388E+00 3.50230E+01 1.11516E+00
 -1      2330-1.23044E+00 3.50262E+01 1.13106E+00
 -1      2331-1.20612E+00 3.50370E+01 1.18484E+00
 -1      2332-1.16956E+00 3.50338E+01 1.16894E+00
 -1      2337 1.20170E+00 3.50371E+01 8.14684E-01
 -1      2338 1.16741E+00 3.50330E+01 8.34874E-01
 -1      2339 1.19830E+00 3.50229E+01 8.85316E-01
 -1      2340 1.23259E+00 3.50270E+01 8.65126E-01
 -1      2345 1.20612E+00 3.50230E+01 1.11516E+00
 -1      2346 1.16956E+00 3.50262E+01 1.13106E+00
 -1      2347 1.19388E+00 3.50370E+01 1.18484E+00
 -1      2348 1.23044E+00 3.50338E+01 1.16894E+00
 -1      2353 1.59908E-01 3.49616E+01-3.45858E-02
 -1      2354 1.22767E-01 3.49705E+01-2.27077E-02
 -1      2355 1.40092E-01 3.49664E+01 3.45858E-02
 -1      2356 1.77233E-01 3.49575E+01 2.27077E-02
 -1      2361-1.49864E-01 3.49640E+01-3.60552E-02
 -1      2362-1.82310E-01 3.49562E+01-1.39967E-02
 -1      2363-1.50136E-01 3.49640E+01 3.60552E-02
 -1      2364-1.17690E-01 3.49718E+01 1.39967E-02
 -1      2369 1.59908E-01 3.49616E+01 1.96541E+00
 -1      2370 1.22767E-01 3.49705E+01 1.97729E+00
 -1      2371 1.40092E-01 3.49664E+01 2.03459E+00
 -1      2372 1.77233E-01 3.49575E+01 2.02271E+00
 -1      2377-1.49864E-01 3.49640E+01 1.96394E+00
 -1      2378-1.82310E-01 3.49562E+01 1.98600E+00
 -1      2379-1.50136E-01 3.49640E+01 2.03606E+00
 -1      2380-1.17690E-01 3.49718E+01 2.01400E+00
 -1      2385-1.19830E+00 4.50371E+01 8.14684E-01
 -1      2386-1.23259E+00 4.50330E+01 8.34874E-01
 -1      2387-1.20170E+00 4.50229E+01 8.85316E-01
 -1      2388-1.16741E+00 4.50270E+01 8.65126E-01
 -1      2393-1.19388E+00 4.50230E+01 1.11516E+00
 -1      2394-1.23044E+00 4.50262E+01 1.13106E+00
 -1      2395-1.20612E+00 4.50370E+01 1.18484E+00
 -1      2396-1.16956E+00 4.50338E+01 1.16894E+00
 -1      2401 1.20170E+00 4.50371E+01 8.14684E-01
 -1      2402 1.16741E+00 4.50330E+01 8.34874E-01
 -1      2403 1.19830E+00 4.50229E+01 8.85316E-01
 -1      2404 1.23259E+00 4.50270E+01 8.65126E-01
 -1      2409 1.20612E+00 4.50230E+01 1.11516E+00
 -1      2410 1.16956E+00 4.50262E+01 1.13106E+00
 -1      2411 1.19388E+00 4.50370E+01 1.18484E+00
 -1      2412 1.23044E+00 4.50338E+01 1.16894E+00
 -1      2417 1.59908E-01 4.49616E+01-3.45858E-02
 -1      2418 1.22767E-01 4.49705E+01-2.27077E-02
 -1      2419 1.40092E-01 4.49664E+01 3.45858E-02
 -1      2420 1.77233E-01 4.49575E+01 2.27077E-02
 -1      2425-1.49864E-01 4.49640E+01-3.60552E-02
 -1      2426-1.82310E-01 4.49562E+01-1.39967E-02
 -1      2427-1.50136E-01 4.49640E+01 3.60552E-02
 -1      2428-1.17690E-01 4.49718E+01 1.39967E-02
 -1      2433 1.59908E-01 4.49616E+01 1.96541E+00
 -1      2434 1.22767E-01 4.49705E+01 1.97729E+00
 -1      2435 1.40092E-01 4.49664E+01 2.03459E+00
 -1      2436 1.77233E-01 4.49575E+01 2.02271E+00
 -1      2441-1.49864E-01 4.49640E+01 1.96394E+00
 -1      2442-1.82310E-01 4.49562E+01 1.98600E+00
 -1      2443-1.50136E-01 4.49640E+01 2.03606E+00
 -1      2444-1.17690E-01 4.49718E+01 2.01400E+00
 -3
    3C                           220                                     1
 -1         1    1    0    1
 -2       161       361       362       162       164       364       363       163
 -1         2    1    0    1
 -2       211       411       412       212       214       414       413       213
 -1         3    1    0    1
 -2       261       461       462       262       264       464       463       263
 -1         4    1    0    1
 -2       311       511       512       312       314       514       513       313
 -1         5    1    0    1
 -2       361      1361      1362       362       364      1364      1363       363
 -1         6    1    0    1
 -2      1361      1369      1370      1362      1364      1372      1371      1363
 -1         7    1    0    1
 -2      1369      1377      1378      1370      1372      1380      1379      1371
 -1         8    1    0    1
 -2      1377      1385      1386      1378      1380      1388      1387      1379
 -1         9    1    0    1
 -2      1385      1393      1394      1386      1388      1396      1395      1387
 -1        10    1    0    1
 -2      1393      1401      1402      1394      1396      1404      1403      1395
 -1        11    1    0    1
 -2      1401      1409      1410      1402      1404      1412      1411      1403
 -1        12    1    0    1
 -2      1409       561       562      1410      1412       564       563      1411
 -1        13    1    0    1
 -2       411      1417      1418       412       414      1420      1419       413
 -1        14    1    0    1
 -2      1417      1425      1426      1418      1420      1428      1427      1419
 -1        15    1    0    1
 -2      1425      1433      1434      1426      1428      1436      1435      1427
 -1        16    1    0    1
 -2      1433      1441      1442      1434      1436      1444      1443      1435
 -1        17    1    0    1
 -2      1441      1449      1450      1442      1444      1452      1451      1443
 -1        18    1    0    1
 -2      1449      1457      1458      1450      1452      1460      1459      1451
 -1        19    1    0    1
 -2      1457      1465      1466      1458      1460      1468      1467      1459
 -1        20    1    0    1
 -2      1465       611       612      1466      1468       614       613      1467
 -1        21    1    0    1
 -2       461      1473      1474       462       464      1476      1475       463
 -1        22    1    0    1
 -2      1473      1481      1482      1474      1476      1484      1483      1475
 -1        23    1    0    1
 -2      1481      1489      1490      1482      1484      1492      1491      1483
 -1        24    1    0    1
 -2      1489      1497      1498      1490      1492      1500      1499      1491
 -1        25    1    0    1
 -2      1497      1505      1506      1498      1500      1508      1507      1499
 -1        26    1    0    1
 -2      1505      1513      1514      1506      1508      1516      1515      1507
 -1        27    1    0    1
 -2      1513      1521      1522      1514      1516      1524      1523      1515
 -1        28    1    0    1
 -2      1521       661       662      1522      1524       664       663      1523
 -1        29    1    0    1
 -2       511      1529      1530       512       514      1532      1531       513
 -1        30    1    0    1
 -2      1529      1537      1538      1530      1532      1540      1539      1531
 -1        31    1    0    1
 -2      1537      1545      1546      1538      1540      1548      1547      1539
 -1        32    1    0    1
 -2      1545      1553      1554      1546      1548      1556      1555      1547
 -1        33    1    0    1
 -2      1553      1561      1562      1554      1556      1564      1563      1555
 -1        34    1    0    1
 -2      1561      1569      1570      1562      1564      1572      1571      1563
 -1        35    1    0    1
 -2      1569      1577      1578      1570      1572      1580      1579      1571
 -1        36    1    0    1
 -2      1577       711       712      1578      1580       714       713      1579
 -1        37    1    0    1
 -2       561      1585      1586       562       564      1588      1587       563
 -1        38    1    0    1
 -2      1585       761       762      1586      1588       764       763      1587
 -1        39    1    0    1
 -2       611      1593      1594       612       614      1596      1595       613
 -1        40    1    0    1
 -2      1593       811       812      1594      1596       814       813      1595
 -1        41    1    0    1
 -2       661      1601      1602       662       664      1604      1603       663
 -1        42    1    0    1
 -2      1601       861       862      1602      1604       864       863      1603
 -1        43    1    0    1
 -2       711      1609      1610       712       714      1612      1611       713
 -1        44    1    0    1
 -2      1609       911       912      1610      1612       914       913      1611
 -1        45    1    0    1
 -2       761      1617      1618       762       764      1620      1619       763
 -1        46    1    0    1
 -2      1617      1625      1626      1618      1620      1628      1627      1619
 -1        47    1    0    1
 -2      1625      1633      1634      1626      1628      1636      1635      1627
 -1        48    1    0    1
 -2      1633       961       962      1634      1636       964       963      1635
 -1        49    1    0    1
 -2       811      1641      1642       812       814      1644      1643       813
 -1        50    1    0    1
 -2      1641      1649      1650      1642      1644      1652      1651      1643
 -1        51    1    0    1
 -2      1649      1657      1658      1650      1652      1660      1659      1651
 -1        52    1    0    1
 -2      1657      1011      1012      1658      1660      1014      1013      1659
 -1        53    1    0    1
 -2       861      1665      1666       862       864      1668      1667       863
 -1        54    1    0    1
 -2      1665      1673      1674      1666      1668      1676      1675      1667
 -1        55    1    0    1
 -2      1673      1681      1682      1674      1676      1684      1683      1675
 -1        56    1    0    1
 -2      1681      1061      1062      1682      1684      1064      1063      1683
 -1        57    1    0    1
 -2       911      1689      1690       912       914      1692      1691       913
 -1        58    1    0    1
 -2      1689      1697      1698      1690      1692      1700      1699      1691
 -1        59    1    0    1
 -2      1697      1705      1706      1698      1700      1708      1707      1699
 -1        60    1    0    1
 -2      1705      1111      1112      1706      1708      1114      1113      1707
 -1        61    1    0    1
 -2       961      1161      1162       962       964      1164      1163       963
 -1        62    1    0    1
 -2      1011      1211      1212      1012      1014      1214      1213      1013
 -1        63    1    0    1
 -2      1061      1261      1262      1062      1064      1264      1263      1063
 -1        64    1    0    1
 -2      1111      1311      1312      1112      1114      1314      1313      1113
 -1        65    1    0    1
 -2       169      1713      1714       170       172      1716      1715       171
 -1        66    1    0    1
 -2      1713       219       220      1714      1716       222       221      1715
 -1        67    1    0    1
 -2       269      1721      1722       270       272      1724      1723       271
 -1        68    1    0    1
 -2      1721       319       320      1722      1724       322       321      1723
 -1        69    1    0    1
 -2       177      1729      1730       178       180      1732      1731       179
 -1        70    1    0    1
 -2      1729       277       278      1730      1732       280       279      1731
 -1        71    1    0    1
 -2       227      1737      1738       228       230      1740      1739       229
 -1        72    1    0    1
 -2      1737       327       328      1738      1740       330       329      1739
 -1        73    1    0    1
 -2       369       419       420       370       372       422       421       371
 -1        74    1    0    1
 -2       469       519       520       470       472       522       521       471
 -1        75    1    0    1
 -2       377       477       478       378       380       480       479       379
 -1        76    1    0    1
 -2       427       527       528       428       430       530       529       429
 -1        77    1    0    1
 -2       569      1745      1746       570       572      1748      1747       571
 -1        78    1    0    1
 -2      1745      1753      1754      1746      1748      1756      1755      1747
 -1        79    1    0    1
 -2      1753      1761      1762      1754      1756      1764      1763      1755
 -1        80    1    0    1
 -2      1761       619       620      1762      1764       622       621      1763
 -1        81    1    0    1
 -2       669      1769      1770       670       672      1772      1771       671
 -1        82    1    0    1
 -2      1769      1777      1778      1770      1772      1780      1779      1771
 -1        83    1    0    1
 -2      1777      1785      1786      1778      1780      1788      1787      1779
 -1        84    1    0    1
 -2      1785       719       720      1786      1788       722       721      1787
 -1        85    1    0    1
 -2       577      1793      1794       578       580      1796      1795       579
 -1        86    1    0    1
 -2      1793      1801      1802      1794      1796      1804      1803      1795
 -1        87    1    0    1
 -2      1801      1809      1810      1802      1804      1812      1811      1803
 -1        88    1    0    1
 -2      1809       677       678      1810      1812       680       679      1811
 -1        89    1    0    1
 -2       627      1817      1818       628       630      1820      1819       629
 -1        90    1    0    1
 -2      1817      1825      1826      1818      1820      1828      1827      1819
 -1        91    1    0    1
 -2      1825      1833      1834      1826      1828      1836      1835      1827
 -1        92    1    0    1
 -2      1833       727       728      1834      1836       730       729      1835
 -1        93    1    0    1
 -2       769       819       820       770       772       822       821       771
 -1        94    1    0    1
 -2       869       919       920       870       872       922       921       871
 -1        95    1    0    1
 -2       777       877       878       778       780       880       879       779
 -1        96    1    0    1
 -2       827       927       928       828       830       930       929       829
 -1        97    1    0    1
 -2       969      1019      1020       970       972      1022      1021       971
 -1        98    1    0    1
 -2      1069      1119      1120      1070      1072      1122      1121      1071
 -1        99    1    0    1
 -2       977      1077      1078       978       980      1080      1079       979
 -1       100    1    0    1
 -2      1027      1127      1128      1028      1030      1130      1129      1029
 -1       101    1    0    1
 -2      1169      1841      1842      1170      1172      1844      1843      1171
 -1       102    1    0    1
 -2      1841      1219      1220      1842      1844      1222      1221      1843
 -1       103    1    0    1
 -2      1269      1849      1850      1270      1272      1852      1851      1271
 -1       104    1    0    1
 -2      1849      1319      1320      1850      1852      1322      1321      1851
 -1       105    1    0    1
 -2      1177      1857      1858      1178      1180      1860      1859      1179
 -1       106    1    0    1
 -2      1857      1277      1278      1858      1860      1280      1279      1859
 -1       107    1    0    1
 -2      1227      1865      1866      1228      1230      1868      1867      1229
 -1       108    1    0    1
 -2      1865      1327      1328      1866      1868      1330      1329      1867
 -1       109    1    0    1
 -2       161       461       462       162       164       464       463       163
 -1       110    1    0    1
 -2       261       361       362       262       264       364       363       263
 -1       111    1    0    1
 -2       211       511       512       212       214       514       513       213
 -1       112    1    0    1
 -2       311       411       412       312       314       414       413       313
 -1       113    1    0    1
 -2       161       411       412       162       164       414       413       163
 -1       114    1    0    1
 -2       211       361       362       212       214       364       363       213
 -1       115    1    0    1
 -2       261       511       512       262       264       514       513       263
 -1       116    1    0    1
 -2       311       461       462       312       314       464       463       313
 -1       117    1    0    1
 -2       361      1873      1874       362       364      1876      1875       363
 -1       118    1    0    1
 -2      1873      1881      1882      1874      1876      1884      1883      1875
 -1       119    1    0    1
 -2      1881      1889      1890      1882      1884      1892      1891      1883
 -1       120    1    0    1
 -2      1889      1897      1898      1890      1892      1900      1899      1891
 -1       121    1    0    1
 -2      1897      1905      1906      1898      1900      1908      1907      1899
 -1       122    1    0    1
 -2      1905      1913      1914      1906      1908      1916      1915      1907
 -1       123    1    0    1
 -2      1913      1921      1922      1914      1916      1924      1923      1915
 -1       124    1    0    1
 -2      1921       661       662      1922      1924       664       663      1923
 -1       125    1    0    1
 -2       461      1929      1930       462       464      1932      1931       463
 -1       126    1    0    1
 -2      1929      1937      1938      1930      1932      1940      1939      1931
 -1       127    1    0    1
 -2      1937      1945      1946      1938      1940      1948      1947      1939
 -1       128    1    0    1
 -2      1945      1953      1954      1946      1948      1956      1955      1947
 -1       129    1    0    1
 -2      1953      1961      1962      1954      1956      1964      1963      1955
 -1       130    1    0    1
 -2      1961      1969      1970      1962      1964      1972      1971      1963
 -1       131    1    0    1
 -2      1969      1977      1978      1970      1972      1980      1979      1971
 -1       132    1    0    1
 -2      1977       561       562      1978      1980       564       563      1979
 -1       133    1    0    1
 -2       411      1985      1986       412       414      1988      1987       413
 -1       134    1    0    1
 -2      1985      1993      1994      1986      1988      1996      1995      1987
 -1       135    1    0    1
 -2      1993      2001      2002      1994      1996      2004      2003      1995
 -1       136    1    0    1
 -2      2001      2009      2010      2002      2004      2012      2011      2003
 -1       137    1    0    1
 -2      2009      2017      2018      2010      2012      2020      2019      2011
 -1       138    1    0    1
 -2      2017      2025      2026      2018      2020      2028      2027      2019
 -1       139    1    0    1
 -2      2025      2033      2034      2026      2028      2036      2035      2027
 -1       140    1    0    1
 -2      2033       711       712      2034      2036       714       713      2035
 -1       141    1    0    1
 -2       511      2041      2042       512       514      2044      2043       513
 -1       142    1    0    1
 -2      2041      2049      2050      2042      2044      2052      2051      2043
 -1       143    1    0    1
 -2      2049      2057      2058      2050      2052      2060      2059      2051
 -1       144    1    0    1
 -2      2057      2065      2066      2058      2060      2068      2067      2059
 -1       145    1    0    1
 -2      2065      2073      2074      2066      2068      2076      2075      2067
 -1       146    1    0    1
 -2      2073      2081      2082      2074      2076      2084      2083      2075
 -1       147    1    0    1
 -2      2081      2089      2090      2082      2084      2092      2091      2083
 -1       148    1    0    1
 -2      2089       611       612      2090      2092       614       613      2091
 -1       149    1    0    1
 -2       361      2097      2098       362       364      2100      2099       363
 -1       150    1    0    1
 -2      2097      2105      2106      2098      2100      2108      2107      2099
 -1       151    1    0    1
 -2      2105      2113      2114      2106      2108      2116      2115      2107
 -1       152    1    0    1
 -2      2113      2121      2122      2114      2116      2124      2123      2115
 -1       153    1    0    1
 -2      2121      2129      2130      2122      2124      2132      2131      2123
 -1       154    1    0    1
 -2      2129      2137      2138      2130      2132      2140      2139      2131
 -1       155    1    0    1
 -2      2137      2145      2146      2138      2140      2148      2147      2139
 -1       156    1    0    1
 -2      2145       611       612      2146      2148       614       613      2147
 -1       157    1    0    1
 -2       411      2153      2154       412       414      2156      2155       413
 -1       158    1    0    1
 -2      2153      2161      2162      2154      2156      2164      2163      2155
 -1       159    1    0    1
 -2      2161      2169      2170      2162      2164      2172      2171      2163
 -1       160    1    0    1
 -2      2169      2177      2178      2170      2172      2180      2179      2171
 -1       161    1    0    1
 -2      2177      2185      2186      2178      2180      2188      2187      2179
 -1       162    1    0    1
 -2      2185      2193      2194      2186      2188      2196      2195      2187
 -1       163    1    0    1
 -2      2193      2201      2202      2194      2196      2204      2203      2195
 -1       164    1    0    1
 -2      2201       561       562      2202      2204       564       563      2203
 -1       165    1    0    1
 -2       461      2209      2210       462       464      2212      2211       463
 -1       166    1    0    1
 -2      2209      2217      2218      2210      2212      2220      2219      2211
 -1       167    1    0    1
 -2      2217      2225      2226      2218      2220      2228      2227      2219
 -1       168    1    0    1
 -2      2225      2233      2234      2226      2228      2236      2235      2227
 -1       169    1    0    1
 -2      2233      2241      2242      2234      2236      2244      2243      2235
 -1       170    1    0    1
 -2      2241      2249      2250      2242      2244      2252      2251      2243
 -1       171    1    0    1
 -2      2249      2257      2258      2250      2252      2260      2259      2251
 -1       172    1    0    1
 -2      2257       711       712      2258      2260       714       713      2259
 -1       173    1    0    1
 -2       511      2265      2266       512       514      2268      2267       513
 -1       174    1    0    1
 -2      2265      2273      2274      2266      2268      2276      2275      2267
 -1       175    1    0    1
 -2      2273      2281      2282      2274      2276      2284      2283      2275
 -1       176    1    0    1
 -2      2281      2289      2290      2282      2284      2292      2291      2283
 -1       177    1    0    1
 -2      2289      2297      2298      2290      2292      2300      2299      2291
 -1       178    1    0    1
 -2      2297      2305      2306      2298      2300      2308      2307      2299
 -1       179    1    0    1
 -2      2305      2313      2314      2306      2308      2316      2315      2307
 -1       180    1    0    1
 -2      2313       661       662      2314      2316       664       663      2315
 -1       181    1    0    1
 -2       561       861       862       562       564       864       863       563
 -1       182    1    0    1
 -2       661       761       762       662       664       764       763       663
 -1       183    1    0    1
 -2       611       911       912       612       614       914       913       613
 -1       184    1    0    1
 -2       711       811       812       712       714       814       813       713
 -1       185    1    0    1
 -2       561       811       812       562       564       814       813       563
 -1       186    1    0    1
 -2       611       761       762       612       614       764       763       613
 -1       187    1    0    1
 -2       661       911       912       662       664       914       913       663
 -1       188    1    0    1
 -2       711       861       862       712       714       864       863       713
 -1       189    1    0    1
 -2       761      2321      2322       762       764      2324      2323       763
 -1       190    1    0    1
 -2      2321      1061      1062      2322      2324      1064      1063      2323
 -1       191    1    0    1
 -2       861      2329      2330       862       864      2332      2331       863
 -1       192    1    0    1
 -2      2329       961       962      2330      2332       964       963      2331
 -1       193    1    0    1
 -2       811      2337      2338       812       814      2340      2339       813
 -1       194    1    0    1
 -2      2337      1111      1112      2338      2340      1114      1113      2339
 -1       195    1    0    1
 -2       911      2345      2346       912       914      2348      2347       913
 -1       196    1    0    1
 -2      2345      1011      1012      2346      2348      1014      1013      2347
 -1       197    1    0    1
 -2       761      2353      2354       762       764      2356      2355       763
 -1       198    1    0    1
 -2      2353      1011      1012      2354      2356      1014      1013      2355
 -1       199    1    0    1
 -2       811      2361      2362       812       814      2364      2363       813
 -1       200    1    0    1
 -2      2361       961       962      2362      2364       964       963      2363
 -1       201    1    0    1
 -2       861      2369      2370       862       864      2372      2371       863
 -1       202    1    0    1
 -2      2369      1111      1112      2370      2372      1114      1113      2371
 -1       203    1    0    1
 -2       911      2377      2378       912       914      2380      2379       913
 -1       204    1    0    1
 -2      2377      1061      1062      2378      2380      1064      1063      2379
 -1       205    1    0    1
 -2       961      2385      2386       962       964      2388      2387       963
 -1       206    1    0    1
 -2      2385      1261      1262      2386      2388      1264      1263      2387
 -1       207    1    0    1
 -2      1061      2393      2394      1062      1064      2396      2395      1063
 -1       208    1    0    1
 -2      2393      1161      1162      2394      2396      1164      1163      2395
 -1       209    1    0    1
 -2      1011      2401      2402      1012      1014      2404      2403      1013
 -1       210    1    0    1
 -2      2401      1311      1312      2402      2404      1314      1313      2403
 -1       211    1    0    1
 -2      1111      2409      2410      1112      1114      2412      2411      1113
 -1       212    1    0    1
 -2      2409      1211      1212      2410      2412      1214      1213      2411
 -1       213    1    0    1
 -2       961      2417      2418       962       964      2420      2419       963
 -1       214    1    0    1
 -2      2417      1211      1212      2418      2420      1214      1213      2419
 -1       215    1    0    1
 -2      1011      2425      2426      1012      1014      2428      2427      1013
 -1       216    1    0    1
 -2      2425      1161      1162      2426      2428      1164      1163      2427
 -1       217    1    0    1
 -2      1061      2433      2434      1062      1064      2436      2435      1063
 -1       218    1    0    1
 -2      2433      1311      1312      2434      2436      1314      1313      2435
 -1       219    1    0    1
 -2      1111      2441      2442      1112      1114      2444      2443      1113
 -1       220    1    0    1
 -2      2441      1261      1262      2442      2444      1264      1263      2443
 -3
    1PSTEP                         1           1           1          
  100CL  101 1.000000000           0                     0    1           1
 -4  DISP        4    1
 -5  D1          1    2    1    0
 -5  D2          1    2    2    0
 -5  D3          1    2    3    0
 -5  ALL         1    2    0    0    1ALL
 -3
 9999
