    1C
    1UNormalized cross-passage space-truss torsion benchmark            
    1UUSER                                                              
    1UDATE              06.august.2026                                  
    1UTIME              05:20:10                                        
    1UHOST                                                              
    1UPGM               CalculiX                                        
    1UVERSION           Version 2.21                             
    1UCOMPILETIME       Sat Jul 29 10:52:01 CEST 2023                    
    1UDIR                                                               
    1UDBN                                                               
    1UMAT    1STEEL                                                     
    2C                          1104                                     1
 -1       229-1.19376E+00 9.16807E-04-3.54997E-02
 -1       230-1.23024E+00 3.62719E-03-1.93049E-02
 -1       231-1.20624E+00-9.16807E-04 3.54997E-02
 -1       232-1.16976E+00-3.62719E-03 1.93049E-02
 -1       237-1.20145E+00-3.41225E-02-1.15569E-02
 -1       238-1.20010E+00-2.46574E-03-3.59709E-02
 -1       239-1.19855E+00 3.41225E-02 1.15569E-02
 -1       240-1.19990E+00 2.46574E-03 3.59709E-02
 -1       245-1.23365E+00-1.29325E-02 5.48678E-04
 -1       246-1.20099E+00-3.60094E-02 1.52775E-03
 -1       247-1.16635E+00 1.29325E-02-5.48678E-04
 -1       248-1.19901E+00 3.60094E-02-1.52775E-03
 -1       279 1.20177E+00 2.41126E-03-3.59310E-02
 -1       280 1.16758E+00-2.03736E-03-1.56535E-02
 -1       281 1.19823E+00-2.41126E-03 3.59310E-02
 -1       282 1.23242E+00 2.03736E-03 1.56535E-02
 -1       287 1.20143E+00-3.37965E-02-1.24797E-02
 -1       288 1.20006E+00-1.48932E-03-3.60247E-02
 -1       289 1.19857E+00 3.37965E-02 1.24797E-02
 -1       290 1.19994E+00 1.48932E-03 3.60247E-02
 -1       295 1.16707E+00-1.46725E-02-6.22501E-04
 -1       296 1.20089E+00-3.60121E-02-1.52786E-03
 -1       297 1.23293E+00 1.46725E-02 6.22501E-04
 -1       298 1.19911E+00 3.60121E-02 1.52786E-03
 -1       329-1.19295E+00-2.85923E-03 1.96476E+00
 -1       330-1.22978E+00 1.50377E-03 1.97973E+00
 -1       331-1.20705E+00 2.85923E-03 2.03524E+00
 -1       332-1.17022E+00-1.50377E-03 2.02027E+00
 -1       337-1.19857E+00-3.37965E-02 1.98752E+00
 -1       338-1.19994E+00-1.48932E-03 1.96398E+00
 -1       339-1.20143E+00 3.37965E-02 2.01248E+00
 -1       340-1.20006E+00 1.48932E-03 2.03602E+00
 -1       345-1.23293E+00-1.46725E-02 1.99938E+00
 -1       346-1.19911E+00-3.60121E-02 1.99847E+00
 -1       347-1.16707E+00 1.46725E-02 2.00062E+00
 -1       348-1.20089E+00 3.60121E-02 2.00153E+00
 -1       379 1.20318E+00-1.21786E-03 1.96411E+00
 -1       380 1.16822E+00-3.65827E-03 1.98338E+00
 -1       381 1.19682E+00 1.21786E-03 2.03589E+00
 -1       382 1.23178E+00 3.65827E-03 2.01662E+00
 -1       387 1.19855E+00-3.41225E-02 1.98844E+00
 -1       388 1.19990E+00-2.46574E-03 1.96403E+00
 -1       389 1.20145E+00 3.41225E-02 2.01156E+00
 -1       390 1.20010E+00 2.46574E-03 2.03597E+00
 -1       395 1.16635E+00-1.29325E-02 2.00055E+00
 -1       396 1.19901E+00-3.60094E-02 2.00153E+00
 -1       397 1.23365E+00 1.29325E-02 1.99945E+00
 -1       398 1.20099E+00 3.60094E-02 1.99847E+00
 -1       429-1.19505E+00 9.99943E+00-3.57093E-02
 -1       430-1.23106E+00 1.00002E+01-1.83116E-02
 -1       431-1.20495E+00 1.00006E+01 3.57093E-02
 -1       432-1.16894E+00 9.99982E+00 1.83116E-02
 -1       437-1.20145E+00 9.96588E+00-1.15569E-02
 -1       438-1.20010E+00 9.99753E+00-3.59709E-02
 -1       439-1.19855E+00 1.00341E+01 1.15569E-02
 -1       440-1.19990E+00 1.00025E+01 3.59709E-02
 -1       445-1.23365E+00 9.98707E+00 5.48678E-04
 -1       446-1.20099E+00 9.96399E+00 1.52775E-03
 -1       447-1.16635E+00 1.00129E+01-5.48678E-04
 -1       448-1.19901E+00 1.00360E+01-1.52775E-03
 -1       479 1.20437E+00 9.99956E+00-3.57875E-02
 -1       480 1.16865E+00 9.99931E+00-1.77876E-02
 -1       481 1.19563E+00 1.00004E+01 3.57875E-02
 -1       482 1.23135E+00 1.00007E+01 1.77876E-02
 -1       487 1.20143E+00 9.96620E+00-1.24797E-02
 -1       488 1.20006E+00 9.99851E+00-3.60247E-02
 -1       489 1.19857E+00 1.00338E+01 1.24797E-02
 -1       490 1.19994E+00 1.00015E+01 3.60247E-02
 -1       495 1.16707E+00 9.98533E+00-6.22501E-04
 -1       496 1.20089E+00 9.96399E+00-1.52786E-03
 -1       497 1.23293E+00 1.00147E+01 6.22501E-04
 -1       498 1.19911E+00 1.00360E+01 1.52786E-03
 -1       529-1.19536E+00 1.00004E+01 1.96425E+00
 -1       530-1.23122E+00 1.00007E+01 1.98198E+00
 -1       531-1.20464E+00 9.99956E+00 2.03575E+00
 -1       532-1.16878E+00 9.99931E+00 2.01802E+00
 -1       537-1.19857E+00 9.96620E+00 1.98752E+00
 -1       538-1.19994E+00 9.99851E+00 1.96398E+00
 -1       539-1.20143E+00 1.00338E+01 2.01248E+00
 -1       540-1.20006E+00 1.00015E+01 2.03602E+00
 -1       545-1.23293E+00 9.98533E+00 1.99938E+00
 -1       546-1.19911E+00 9.96399E+00 1.99847E+00
 -1       547-1.16707E+00 1.00147E+01 2.00062E+00
 -1       548-1.20089E+00 1.00360E+01 2.00153E+00
 -1       579 1.20403E+00 1.00006E+01 1.96417E+00
 -1       580 1.16848E+00 9.99981E+00 1.98250E+00
 -1       581 1.19597E+00 9.99944E+00 2.03583E+00
 -1       582 1.23152E+00 1.00002E+01 2.01750E+00
 -1       587 1.19855E+00 9.96588E+00 1.98844E+00
 -1       588 1.19990E+00 9.99753E+00 1.96403E+00
 -1       589 1.20145E+00 1.00341E+01 2.01156E+00
 -1       590 1.20010E+00 1.00025E+01 2.03597E+00
 -1       595 1.16635E+00 9.98707E+00 2.00055E+00
 -1       596 1.19901E+00 9.96399E+00 2.00153E+00
 -1       597 1.23365E+00 1.00129E+01 1.99945E+00
 -1       598 1.20099E+00 1.00360E+01 1.99847E+00
 -1       629-1.19505E+00 1.99994E+01-3.57093E-02
 -1       630-1.23106E+00 2.00002E+01-1.83116E-02
 -1       631-1.20495E+00 2.00006E+01 3.57093E-02
 -1       632-1.16894E+00 1.99998E+01 1.83116E-02
 -1       637-1.20102E+00 1.99659E+01-1.16828E-02
 -1       638-1.20007E+00 1.99977E+01-3.59798E-02
 -1       639-1.19898E+00 2.00341E+01 1.16828E-02
 -1       640-1.19993E+00 2.00023E+01 3.59798E-02
 -1       645-1.23354E+00 1.99868E+01 3.96605E-04
 -1       646-1.20069E+00 1.99640E+01 1.08098E-03
 -1       647-1.16646E+00 2.00132E+01-3.96605E-04
 -1       648-1.19931E+00 2.00360E+01-1.08098E-03
 -1       679 1.20437E+00 1.99996E+01-3.57875E-02
 -1       680 1.16865E+00 1.99993E+01-1.77876E-02
 -1       681 1.19563E+00 2.00004E+01 3.57875E-02
 -1       682 1.23135E+00 2.00007E+01 1.77876E-02
 -1       687 1.20102E+00 1.99661E+01-1.23355E-02
 -1       688 1.20005E+00 1.99984E+01-3.60180E-02
 -1       689 1.19898E+00 2.00339E+01 1.23355E-02
 -1       690 1.19995E+00 2.00016E+01 3.60180E-02
 -1       695 1.16697E+00 1.99855E+01-4.33494E-04
 -1       696 1.20064E+00 1.99640E+01-1.08101E-03
 -1       697 1.23303E+00 2.00145E+01 4.33494E-04
 -1       698 1.19936E+00 2.00360E+01 1.08101E-03
 -1       729-1.19536E+00 2.00004E+01 1.96425E+00
 -1       730-1.23122E+00 2.00007E+01 1.98198E+00
 -1       731-1.20464E+00 1.99996E+01 2.03575E+00
 -1       732-1.16878E+00 1.99993E+01 2.01802E+00
 -1       737-1.19898E+00 1.99661E+01 1.98766E+00
 -1       738-1.19995E+00 1.99984E+01 1.96398E+00
 -1       739-1.20102E+00 2.00339E+01 2.01234E+00
 -1       740-1.20005E+00 2.00016E+01 2.03602E+00
 -1       745-1.23303E+00 1.99855E+01 1.99957E+00
 -1       746-1.19936E+00 1.99640E+01 1.99892E+00
 -1       747-1.16697E+00 2.00145E+01 2.00043E+00
 -1       748-1.20064E+00 2.00360E+01 2.00108E+00
 -1       779 1.20403E+00 2.00006E+01 1.96417E+00
 -1       780 1.16848E+00 1.99998E+01 1.98250E+00
 -1       781 1.19597E+00 1.99994E+01 2.03583E+00
 -1       782 1.23152E+00 2.00002E+01 2.01750E+00
 -1       787 1.19898E+00 1.99659E+01 1.98832E+00
 -1       788 1.19993E+00 1.99977E+01 1.96402E+00
 -1       789 1.20102E+00 2.00341E+01 2.01168E+00
 -1       790 1.20007E+00 2.00023E+01 2.03598E+00
 -1       795 1.16646E+00 1.99868E+01 2.00040E+00
 -1       796 1.19931E+00 1.99640E+01 2.00108E+00
 -1       797 1.23354E+00 2.00132E+01 1.99960E+00
 -1       798 1.20069E+00 2.00360E+01 1.99892E+00
 -1       829-1.19505E+00 2.99994E+01-3.57093E-02
 -1       830-1.23106E+00 3.00002E+01-1.83116E-02
 -1       831-1.20495E+00 3.00006E+01 3.57093E-02
 -1       832-1.16894E+00 2.99998E+01 1.83116E-02
 -1       837-1.20102E+00 2.99659E+01-1.16828E-02
 -1       838-1.20007E+00 2.99977E+01-3.59798E-02
 -1       839-1.19898E+00 3.00341E+01 1.16828E-02
 -1       840-1.19993E+00 3.00023E+01 3.59798E-02
 -1       845-1.23354E+00 2.99868E+01 3.96605E-04
 -1       846-1.20069E+00 2.99640E+01 1.08098E-03
 -1       847-1.16646E+00 3.00132E+01-3.96605E-04
 -1       848-1.19931E+00 3.00360E+01-1.08098E-03
 -1       879 1.20437E+00 2.99996E+01-3.57875E-02
 -1       880 1.16865E+00 2.99993E+01-1.77876E-02
 -1       881 1.19563E+00 3.00004E+01 3.57875E-02
 -1       882 1.23135E+00 3.00007E+01 1.77876E-02
 -1       887 1.20102E+00 2.99661E+01-1.23355E-02
 -1       888 1.20005E+00 2.99984E+01-3.60180E-02
 -1       889 1.19898E+00 3.00339E+01 1.23355E-02
 -1       890 1.19995E+00 3.00016E+01 3.60180E-02
 -1       895 1.16697E+00 2.99855E+01-4.33494E-04
 -1       896 1.20064E+00 2.99640E+01-1.08101E-03
 -1       897 1.23303E+00 3.00145E+01 4.33494E-04
 -1       898 1.19936E+00 3.00360E+01 1.08101E-03
 -1       929-1.19536E+00 3.00004E+01 1.96425E+00
 -1       930-1.23122E+00 3.00007E+01 1.98198E+00
 -1       931-1.20464E+00 2.99996E+01 2.03575E+00
 -1       932-1.16878E+00 2.99993E+01 2.01802E+00
 -1       937-1.19898E+00 2.99661E+01 1.98766E+00
 -1       938-1.19995E+00 2.99984E+01 1.96398E+00
 -1       939-1.20102E+00 3.00339E+01 2.01234E+00
 -1       940-1.20005E+00 3.00016E+01 2.03602E+00
 -1       945-1.23303E+00 2.99855E+01 1.99957E+00
 -1       946-1.19936E+00 2.99640E+01 1.99892E+00
 -1       947-1.16697E+00 3.00145E+01 2.00043E+00
 -1       948-1.20064E+00 3.00360E+01 2.00108E+00
 -1       979 1.20403E+00 3.00006E+01 1.96417E+00
 -1       980 1.16848E+00 2.99998E+01 1.98250E+00
 -1       981 1.19597E+00 2.99994E+01 2.03583E+00
 -1       982 1.23152E+00 3.00002E+01 2.01750E+00
 -1       987 1.19898E+00 2.99659E+01 1.98832E+00
 -1       988 1.19993E+00 2.99977E+01 1.96402E+00
 -1       989 1.20102E+00 3.00341E+01 2.01168E+00
 -1       990 1.20007E+00 3.00023E+01 2.03598E+00
 -1       995 1.16646E+00 2.99868E+01 2.00040E+00
 -1       996 1.19931E+00 2.99640E+01 2.00108E+00
 -1       997 1.23354E+00 3.00132E+01 1.99960E+00
 -1       998 1.20069E+00 3.00360E+01 1.99892E+00
 -1      1029-1.19503E+00 3.99994E+01-3.57052E-02
 -1      1030-1.23105E+00 4.00001E+01-1.83294E-02
 -1      1031-1.20497E+00 4.00006E+01 3.57052E-02
 -1      1032-1.16895E+00 3.99999E+01 1.83294E-02
 -1      1037-1.20145E+00 3.99659E+01-1.15569E-02
 -1      1038-1.20010E+00 3.99975E+01-3.59709E-02
 -1      1039-1.19855E+00 4.00341E+01 1.15569E-02
 -1      1040-1.19990E+00 4.00025E+01 3.59709E-02
 -1      1045-1.23365E+00 3.99871E+01 5.48678E-04
 -1      1046-1.20099E+00 3.99640E+01 1.52775E-03
 -1      1047-1.16635E+00 4.00129E+01-5.48678E-04
 -1      1048-1.19901E+00 4.00360E+01-1.52775E-03
 -1      1079 1.20434E+00 3.99996E+01-3.57913E-02
 -1      1080 1.16863E+00 3.99993E+01-1.77681E-02
 -1      1081 1.19566E+00 4.00004E+01 3.57913E-02
 -1      1082 1.23137E+00 4.00007E+01 1.77681E-02
 -1      1087 1.20143E+00 3.99662E+01-1.24797E-02
 -1      1088 1.20006E+00 3.99985E+01-3.60247E-02
 -1      1089 1.19857E+00 4.00338E+01 1.24797E-02
 -1      1090 1.19994E+00 4.00015E+01 3.60247E-02
 -1      1095 1.16707E+00 3.99853E+01-6.22501E-04
 -1      1096 1.20089E+00 3.99640E+01-1.52786E-03
 -1      1097 1.23293E+00 4.00147E+01 6.22501E-04
 -1      1098 1.19911E+00 4.00360E+01 1.52786E-03
 -1      1129-1.19534E+00 4.00004E+01 1.96425E+00
 -1      1130-1.23121E+00 4.00007E+01 1.98196E+00
 -1      1131-1.20466E+00 3.99996E+01 2.03575E+00
 -1      1132-1.16879E+00 3.99993E+01 2.01804E+00
 -1      1137-1.19857E+00 3.99662E+01 1.98752E+00
 -1      1138-1.19994E+00 3.99985E+01 1.96398E+00
 -1      1139-1.20143E+00 4.00338E+01 2.01248E+00
 -1      1140-1.20006E+00 4.00015E+01 2.03602E+00
 -1      1145-1.23293E+00 3.99853E+01 1.99938E+00
 -1      1146-1.19911E+00 3.99640E+01 1.99847E+00
 -1      1147-1.16707E+00 4.00147E+01 2.00062E+00
 -1      1148-1.20089E+00 4.00360E+01 2.00153E+00
 -1      1179 1.20400E+00 4.00006E+01 1.96417E+00
 -1      1180 1.16847E+00 3.99998E+01 1.98252E+00
 -1      1181 1.19600E+00 3.99994E+01 2.03583E+00
 -1      1182 1.23153E+00 4.00002E+01 2.01748E+00
 -1      1187 1.19855E+00 3.99659E+01 1.98844E+00
 -1      1188 1.19990E+00 3.99975E+01 1.96403E+00
 -1      1189 1.20145E+00 4.00341E+01 2.01156E+00
 -1      1190 1.20010E+00 4.00025E+01 2.03597E+00
 -1      1195 1.16635E+00 3.99871E+01 2.00055E+00
 -1      1196 1.19901E+00 3.99640E+01 2.00153E+00
 -1      1197 1.23365E+00 4.00129E+01 1.99945E+00
 -1      1198 1.20099E+00 4.00360E+01 1.99847E+00
 -1      1229-1.19611E+00 4.99979E+01-3.57828E-02
 -1      1230-1.23152E+00 4.99968E+01-1.72113E-02
 -1      1231-1.20389E+00 5.00021E+01 3.57828E-02
 -1      1232-1.16848E+00 5.00032E+01 1.72113E-02
 -1      1237-1.20145E+00 4.99659E+01-1.15569E-02
 -1      1238-1.20010E+00 4.99975E+01-3.59709E-02
 -1      1239-1.19855E+00 5.00341E+01 1.15569E-02
 -1      1240-1.19990E+00 5.00025E+01 3.59709E-02
 -1      1245-1.23365E+00 4.99871E+01 5.48678E-04
 -1      1246-1.20099E+00 4.99640E+01 1.52775E-03
 -1      1247-1.16635E+00 5.00129E+01-5.48678E-04
 -1      1248-1.19901E+00 5.00360E+01-1.52775E-03
 -1      1279 1.20661E+00 4.99962E+01-3.52441E-02
 -1      1280 1.16989E+00 5.00001E+01-1.98375E-02
 -1      1281 1.19339E+00 5.00038E+01 3.52441E-02
 -1      1282 1.23011E+00 4.99999E+01 1.98375E-02
 -1      1287 1.20143E+00 4.99662E+01-1.24797E-02
 -1      1288 1.20006E+00 4.99985E+01-3.60247E-02
 -1      1289 1.19857E+00 5.00338E+01 1.24797E-02
 -1      1290 1.19994E+00 5.00015E+01 3.60247E-02
 -1      1295 1.16707E+00 4.99853E+01-6.22501E-04
 -1      1296 1.20089E+00 4.99640E+01-1.52786E-03
 -1      1297 1.23293E+00 5.00147E+01 6.22501E-04
 -1      1298 1.19911E+00 5.00360E+01 1.52786E-03
 -1      1329-1.19823E+00 5.00035E+01 1.96416E+00
 -1      1330-1.23249E+00 4.99994E+01 1.98438E+00
 -1      1331-1.20177E+00 4.99965E+01 2.03584E+00
 -1      1332-1.16751E+00 5.00006E+01 2.01562E+00
 -1      1337-1.19857E+00 4.99662E+01 1.98752E+00
 -1      1338-1.19994E+00 4.99985E+01 1.96398E+00
 -1      1339-1.20143E+00 5.00338E+01 2.01248E+00
 -1      1340-1.20006E+00 5.00015E+01 2.03602E+00
 -1      1345-1.23293E+00 4.99853E+01 1.99938E+00
 -1      1346-1.19911E+00 4.99640E+01 1.99847E+00
 -1      1347-1.16707E+00 5.00147E+01 2.00062E+00
 -1      1348-1.20089E+00 5.00360E+01 2.00153E+00
 -1      1379 1.20516E+00 5.00020E+01 1.96437E+00
 -1      1380 1.16912E+00 5.00032E+01 1.98168E+00
 -1      1381 1.19484E+00 4.99980E+01 2.03563E+00
 -1      1382 1.23088E+00 4.99968E+01 2.01832E+00
 -1      1387 1.19855E+00 4.99659E+01 1.98844E+00
 -1      1388 1.19990E+00 4.99975E+01 1.96403E+00
 -1      1389 1.20145E+00 5.00341E+01 2.01156E+00
 -1      1390 1.20010E+00 5.00025E+01 2.03597E+00
 -1      1395 1.16635E+00 4.99871E+01 2.00055E+00
 -1      1396 1.19901E+00 4.99640E+01 2.00153E+00
 -1      1397 1.23365E+00 5.00129E+01 1.99945E+00
 -1      1398 1.20099E+00 5.00360E+01 1.99847E+00
 -1      1429-1.19553E+00 5.00000E+00-1.85778E-01
 -1      1430-1.23131E+00 5.00000E+00-1.67883E-01
 -1      1431-1.20447E+00 5.00000E+00-1.14222E-01
 -1      1432-1.16869E+00 5.00000E+00-1.32117E-01
 -1      1437 1.20447E+00 5.00000E+00 1.14222E-01
 -1      1438 1.16869E+00 5.00000E+00 1.32117E-01
 -1      1439 1.19553E+00 5.00000E+00 1.85778E-01
 -1      1440 1.23131E+00 5.00000E+00 1.67883E-01
 -1      1445-1.19553E+00 5.00000E+00 1.81422E+00
 -1      1446-1.23131E+00 5.00000E+00 1.83212E+00
 -1      1447-1.20447E+00 5.00000E+00 1.88578E+00
 -1      1448-1.16869E+00 5.00000E+00 1.86788E+00
 -1      1453 1.20447E+00 5.00000E+00 2.11422E+00
 -1      1454 1.16869E+00 5.00000E+00 2.13212E+00
 -1      1455 1.19553E+00 5.00000E+00 2.18578E+00
 -1      1456 1.23131E+00 5.00000E+00 2.16788E+00
 -1      1461-1.19553E+00 1.50000E+01-1.85778E-01
 -1      1462-1.23131E+00 1.50000E+01-1.67883E-01
 -1      1463-1.20447E+00 1.50000E+01-1.14222E-01
 -1      1464-1.16869E+00 1.50000E+01-1.32117E-01
 -1      1469 1.20447E+00 1.50000E+01 1.14222E-01
 -1      1470 1.16869E+00 1.50000E+01 1.32117E-01
 -1      1471 1.19553E+00 1.50000E+01 1.85778E-01
 -1      1472 1.23131E+00 1.50000E+01 1.67883E-01
 -1      1477-1.19553E+00 1.50000E+01 1.81422E+00
 -1      1478-1.23131E+00 1.50000E+01 1.83212E+00
 -1      1479-1.20447E+00 1.50000E+01 1.88578E+00
 -1      1480-1.16869E+00 1.50000E+01 1.86788E+00
 -1      1485 1.20447E+00 1.50000E+01 2.11422E+00
 -1      1486 1.16869E+00 1.50000E+01 2.13212E+00
 -1      1487 1.19553E+00 1.50000E+01 2.18578E+00
 -1      1488 1.23131E+00 1.50000E+01 2.16788E+00
 -1      1493-1.19553E+00 2.50000E+01-1.85778E-01
 -1      1494-1.23131E+00 2.50000E+01-1.67883E-01
 -1      1495-1.20447E+00 2.50000E+01-1.14222E-01
 -1      1496-1.16869E+00 2.50000E+01-1.32117E-01
 -1      1501 1.20447E+00 2.50000E+01 1.14222E-01
 -1      1502 1.16869E+00 2.50000E+01 1.32117E-01
 -1      1503 1.19553E+00 2.50000E+01 1.85778E-01
 -1      1504 1.23131E+00 2.50000E+01 1.67883E-01
 -1      1509-1.19553E+00 2.50000E+01 1.81422E+00
 -1      1510-1.23131E+00 2.50000E+01 1.83212E+00
 -1      1511-1.20447E+00 2.50000E+01 1.88578E+00
 -1      1512-1.16869E+00 2.50000E+01 1.86788E+00
 -1      1517 1.20447E+00 2.50000E+01 2.11422E+00
 -1      1518 1.16869E+00 2.50000E+01 2.13212E+00
 -1      1519 1.19553E+00 2.50000E+01 2.18578E+00
 -1      1520 1.23131E+00 2.50000E+01 2.16788E+00
 -1      1525-1.19553E+00 3.50000E+01-1.85778E-01
 -1      1526-1.23131E+00 3.50000E+01-1.67883E-01
 -1      1527-1.20447E+00 3.50000E+01-1.14222E-01
 -1      1528-1.16869E+00 3.50000E+01-1.32117E-01
 -1      1533 1.20447E+00 3.50000E+01 1.14222E-01
 -1      1534 1.16869E+00 3.50000E+01 1.32117E-01
 -1      1535 1.19553E+00 3.50000E+01 1.85778E-01
 -1      1536 1.23131E+00 3.50000E+01 1.67883E-01
 -1      1541-1.19553E+00 3.50000E+01 1.81422E+00
 -1      1542-1.23131E+00 3.50000E+01 1.83212E+00
 -1      1543-1.20447E+00 3.50000E+01 1.88578E+00
 -1      1544-1.16869E+00 3.50000E+01 1.86788E+00
 -1      1549 1.20447E+00 3.50000E+01 2.11422E+00
 -1      1550 1.16869E+00 3.50000E+01 2.13212E+00
 -1      1551 1.19553E+00 3.50000E+01 2.18578E+00
 -1      1552 1.23131E+00 3.50000E+01 2.16788E+00
 -1      1557-1.19522E+00 4.24989E+01-1.41787E-01
 -1      1558-1.23115E+00 4.24995E+01-1.24216E-01
 -1      1559-1.20478E+00 4.25011E+01-7.03450E-02
 -1      1560-1.16885E+00 4.25005E+01-8.79159E-02
 -1      1565-1.19553E+00 4.50000E+01-1.85777E-01
 -1      1566-1.23131E+00 4.50000E+01-1.67887E-01
 -1      1567-1.20447E+00 4.50000E+01-1.14223E-01
 -1      1568-1.16869E+00 4.50000E+01-1.32113E-01
 -1      1573-1.19586E+00 4.75011E+01-1.41867E-01
 -1      1574-1.23147E+00 4.75005E+01-1.23652E-01
 -1      1575-1.20414E+00 4.74989E+01-7.02647E-02
 -1      1576-1.16853E+00 4.74995E+01-8.84797E-02
 -1      1581 1.20414E+00 4.25011E+01 7.02647E-02
 -1      1582 1.16853E+00 4.25005E+01 8.84797E-02
 -1      1583 1.19586E+00 4.24989E+01 1.41867E-01
 -1      1584 1.23147E+00 4.24995E+01 1.23652E-01
 -1      1589 1.20447E+00 4.50000E+01 1.14223E-01
 -1      1590 1.16869E+00 4.50000E+01 1.32113E-01
 -1      1591 1.19553E+00 4.50000E+01 1.85777E-01
 -1      1592 1.23131E+00 4.50000E+01 1.67887E-01
 -1      1597 1.20478E+00 4.74989E+01 7.03450E-02
 -1      1598 1.16885E+00 4.74995E+01 8.79159E-02
 -1      1599 1.19522E+00 4.75011E+01 1.41787E-01
 -1      1600 1.23115E+00 4.75005E+01 1.24216E-01
 -1      1605-1.19522E+00 4.24989E+01 1.85821E+00
 -1      1606-1.23115E+00 4.24995E+01 1.87578E+00
 -1      1607-1.20478E+00 4.25011E+01 1.92966E+00
 -1      1608-1.16885E+00 4.25005E+01 1.91208E+00
 -1      1613-1.19553E+00 4.50000E+01 1.81422E+00
 -1      1614-1.23131E+00 4.50000E+01 1.83211E+00
 -1      1615-1.20447E+00 4.50000E+01 1.88578E+00
 -1      1616-1.16869E+00 4.50000E+01 1.86789E+00
 -1      1621-1.19586E+00 4.75011E+01 1.85813E+00
 -1      1622-1.23147E+00 4.75005E+01 1.87635E+00
 -1      1623-1.20414E+00 4.74989E+01 1.92974E+00
 -1      1624-1.16853E+00 4.74995E+01 1.91152E+00
 -1      1629 1.20414E+00 4.25011E+01 2.07026E+00
 -1      1630 1.16853E+00 4.25005E+01 2.08848E+00
 -1      1631 1.19586E+00 4.24989E+01 2.14187E+00
 -1      1632 1.23147E+00 4.24995E+01 2.12365E+00
 -1      1637 1.20447E+00 4.50000E+01 2.11422E+00
 -1      1638 1.16869E+00 4.50000E+01 2.13211E+00
 -1      1639 1.19553E+00 4.50000E+01 2.18578E+00
 -1      1640 1.23131E+00 4.50000E+01 2.16789E+00
 -1      1645 1.20478E+00 4.74989E+01 2.07034E+00
 -1      1646 1.16885E+00 4.74995E+01 2.08792E+00
 -1      1647 1.19522E+00 4.75011E+01 2.14179E+00
 -1      1648 1.23115E+00 4.75005E+01 2.12422E+00
 -1      1653-6.01023E-01-5.95507E-02-1.16832E-02
 -1      1654-6.00070E-01-2.77896E-02-3.59798E-02
 -1      1655-5.98977E-01 8.63897E-03 1.16832E-02
 -1      1656-5.99930E-01-2.31221E-02 3.59798E-02
 -1      1661 0.00000E+00-6.99997E-02-1.20008E-02
 -1      1662 0.00000E+00-3.79991E-02-3.60000E-02
 -1      1663 0.00000E+00-2.00028E-03 1.20008E-02
 -1      1664 0.00000E+00-3.40009E-02 3.60000E-02
 -1      1669 6.01016E-01-5.93202E-02-1.23359E-02
 -1      1670 6.00049E-01-2.70988E-02-3.60180E-02
 -1      1671 5.98984E-01 8.40852E-03 1.23359E-02
 -1      1672 5.99951E-01-2.38129E-02 3.60180E-02
 -1      1677-5.98984E-01-8.40852E-03 1.98766E+00
 -1      1678-5.99951E-01 2.38129E-02 1.96398E+00
 -1      1679-6.01016E-01 5.93202E-02 2.01234E+00
 -1      1680-6.00049E-01 2.70988E-02 2.03602E+00
 -1      1685 0.00000E+00 2.00028E-03 1.98800E+00
 -1      1686 0.00000E+00 3.40009E-02 1.96400E+00
 -1      1687 0.00000E+00 6.99997E-02 2.01200E+00
 -1      1688 0.00000E+00 3.79991E-02 2.03600E+00
 -1      1693 5.98977E-01-8.63897E-03 1.98832E+00
 -1      1694 5.99930E-01 2.31221E-02 1.96402E+00
 -1      1695 6.01023E-01 5.95507E-02 2.01168E+00
 -1      1696 6.00070E-01 2.77896E-02 2.03598E+00
 -1      1701-1.23354E+00 7.99623E-03 5.00396E-01
 -1      1702-1.20070E+00-1.48194E-02 5.01081E-01
 -1      1703-1.16646E+00 3.44302E-02 4.99604E-01
 -1      1704-1.19930E+00 5.72458E-02 4.98919E-01
 -1      1709-1.23328E+00 1.61383E-02 1.00000E+00
 -1      1710-1.20001E+00-6.05551E-03 1.00000E+00
 -1      1711-1.16672E+00 4.38617E-02 1.00000E+00
 -1      1712-1.19999E+00 6.60555E-02 1.00000E+00
 -1      1717-1.23303E+00 6.76606E-03 1.49957E+00
 -1      1718-1.19936E+00-1.48205E-02 1.49892E+00
 -1      1719-1.16697E+00 3.56603E-02 1.50043E+00
 -1      1720-1.20064E+00 5.72469E-02 1.50108E+00
 -1      1725 1.16697E+00-3.56603E-02 4.99567E-01
 -1      1726 1.20064E+00-5.72469E-02 4.98919E-01
 -1      1727 1.23303E+00-6.76606E-03 5.00433E-01
 -1      1728 1.19936E+00 1.48205E-02 5.01081E-01
 -1      1733 1.16672E+00-4.38617E-02 1.00000E+00
 -1      1734 1.19999E+00-6.60555E-02 1.00000E+00
 -1      1735 1.23328E+00-1.61383E-02 1.00000E+00
 -1      1736 1.20001E+00 6.05551E-03 1.00000E+00
 -1      1741 1.16646E+00-3.44302E-02 1.50040E+00
 -1      1742 1.19930E+00-5.72458E-02 1.50108E+00
 -1      1743 1.23354E+00-7.99623E-03 1.49960E+00
 -1      1744 1.20070E+00 1.48194E-02 1.49892E+00
 -1      1749-6.01023E-01 9.94045E+00-1.16832E-02
 -1      1750-6.00070E-01 9.97221E+00-3.59798E-02
 -1      1751-5.98977E-01 1.00086E+01 1.16832E-02
 -1      1752-5.99930E-01 9.97688E+00 3.59798E-02
 -1      1757 0.00000E+00 9.93000E+00-1.20008E-02
 -1      1758 0.00000E+00 9.96200E+00-3.60000E-02
 -1      1759 0.00000E+00 9.99800E+00 1.20008E-02
 -1      1760 0.00000E+00 9.96600E+00 3.60000E-02
 -1      1765 6.01016E-01 9.94068E+00-1.23359E-02
 -1      1766 6.00049E-01 9.97290E+00-3.60180E-02
 -1      1767 5.98984E-01 1.00084E+01 1.23359E-02
 -1      1768 5.99951E-01 9.97619E+00 3.60180E-02
 -1      1773-5.98984E-01 9.99159E+00 1.98766E+00
 -1      1774-5.99951E-01 1.00238E+01 1.96398E+00
 -1      1775-6.01016E-01 1.00593E+01 2.01234E+00
 -1      1776-6.00049E-01 1.00271E+01 2.03602E+00
 -1      1781 0.00000E+00 1.00020E+01 1.98800E+00
 -1      1782 0.00000E+00 1.00340E+01 1.96400E+00
 -1      1783 0.00000E+00 1.00700E+01 2.01200E+00
 -1      1784 0.00000E+00 1.00380E+01 2.03600E+00
 -1      1789 5.98977E-01 9.99136E+00 1.98832E+00
 -1      1790 5.99930E-01 1.00231E+01 1.96402E+00
 -1      1791 6.01023E-01 1.00596E+01 2.01168E+00
 -1      1792 6.00070E-01 1.00278E+01 2.03598E+00
 -1      1797-1.23354E+00 1.00080E+01 5.00396E-01
 -1      1798-1.20070E+00 9.98518E+00 5.01081E-01
 -1      1799-1.16646E+00 1.00344E+01 4.99604E-01
 -1      1800-1.19930E+00 1.00572E+01 4.98919E-01
 -1      1805-1.23328E+00 1.00161E+01 1.00000E+00
 -1      1806-1.20001E+00 9.99394E+00 1.00000E+00
 -1      1807-1.16672E+00 1.00439E+01 1.00000E+00
 -1      1808-1.19999E+00 1.00661E+01 1.00000E+00
 -1      1813-1.23303E+00 1.00068E+01 1.49957E+00
 -1      1814-1.19936E+00 9.98518E+00 1.49892E+00
 -1      1815-1.16697E+00 1.00357E+01 1.50043E+00
 -1      1816-1.20064E+00 1.00572E+01 1.50108E+00
 -1      1821 1.16697E+00 9.96434E+00 4.99567E-01
 -1      1822 1.20064E+00 9.94275E+00 4.98919E-01
 -1      1823 1.23303E+00 9.99323E+00 5.00433E-01
 -1      1824 1.19936E+00 1.00148E+01 5.01081E-01
 -1      1829 1.16672E+00 9.95614E+00 1.00000E+00
 -1      1830 1.19999E+00 9.93394E+00 1.00000E+00
 -1      1831 1.23328E+00 9.98386E+00 1.00000E+00
 -1      1832 1.20001E+00 1.00061E+01 1.00000E+00
 -1      1837 1.16646E+00 9.96557E+00 1.50040E+00
 -1      1838 1.19930E+00 9.94275E+00 1.50108E+00
 -1      1839 1.23354E+00 9.99200E+00 1.49960E+00
 -1      1840 1.20070E+00 1.00148E+01 1.49892E+00
 -1      1845 0.00000E+00 1.99300E+01-1.20023E-02
 -1      1846 0.00000E+00 1.99620E+01-3.60001E-02
 -1      1847 0.00000E+00 1.99980E+01 1.20023E-02
 -1      1848 0.00000E+00 1.99660E+01 3.60001E-02
 -1      1853 0.00000E+00 2.00020E+01 1.98800E+00
 -1      1854 0.00000E+00 2.00340E+01 1.96400E+00
 -1      1855 0.00000E+00 2.00700E+01 2.01200E+00
 -1      1856 0.00000E+00 2.00380E+01 2.03600E+00
 -1      1861-1.23329E+00 2.00161E+01 1.00000E+00
 -1      1862-1.20002E+00 1.99939E+01 1.00000E+00
 -1      1863-1.16671E+00 2.00438E+01 1.00000E+00
 -1      1864-1.19998E+00 2.00661E+01 1.00000E+00
 -1      1869 1.16671E+00 1.99562E+01 1.00000E+00
 -1      1870 1.19998E+00 1.99339E+01 1.00000E+00
 -1      1871 1.23329E+00 1.99839E+01 1.00000E+00
 -1      1872 1.20002E+00 2.00061E+01 1.00000E+00
 -1      1877 0.00000E+00 2.99300E+01-1.20023E-02
 -1      1878 0.00000E+00 2.99620E+01-3.60001E-02
 -1      1879 0.00000E+00 2.99980E+01 1.20023E-02
 -1      1880 0.00000E+00 2.99660E+01 3.60001E-02
 -1      1885 0.00000E+00 3.00020E+01 1.98800E+00
 -1      1886 0.00000E+00 3.00340E+01 1.96400E+00
 -1      1887 0.00000E+00 3.00700E+01 2.01200E+00
 -1      1888 0.00000E+00 3.00380E+01 2.03600E+00
 -1      1893-1.23329E+00 3.00161E+01 1.00000E+00
 -1      1894-1.20002E+00 2.99939E+01 1.00000E+00
 -1      1895-1.16671E+00 3.00438E+01 1.00000E+00
 -1      1896-1.19998E+00 3.00661E+01 1.00000E+00
 -1      1901 1.16671E+00 2.99562E+01 1.00000E+00
 -1      1902 1.19998E+00 2.99339E+01 1.00000E+00
 -1      1903 1.23329E+00 2.99839E+01 1.00000E+00
 -1      1904 1.20002E+00 3.00061E+01 1.00000E+00
 -1      1909-6.01023E-01 3.99404E+01-1.16832E-02
 -1      1910-6.00070E-01 3.99722E+01-3.59798E-02
 -1      1911-5.98977E-01 4.00086E+01 1.16832E-02
 -1      1912-5.99930E-01 3.99769E+01 3.59798E-02
 -1      1917 0.00000E+00 3.99300E+01-1.20008E-02
 -1      1918 0.00000E+00 3.99620E+01-3.60000E-02
 -1      1919 0.00000E+00 3.99980E+01 1.20008E-02
 -1      1920 0.00000E+00 3.99660E+01 3.60000E-02
 -1      1925 6.01016E-01 3.99407E+01-1.23359E-02
 -1      1926 6.00049E-01 3.99729E+01-3.60180E-02
 -1      1927 5.98984E-01 4.00084E+01 1.23359E-02
 -1      1928 5.99951E-01 3.99762E+01 3.60180E-02
 -1      1933-5.98984E-01 3.99916E+01 1.98766E+00
 -1      1934-5.99951E-01 4.00238E+01 1.96398E+00
 -1      1935-6.01016E-01 4.00593E+01 2.01234E+00
 -1      1936-6.00049E-01 4.00271E+01 2.03602E+00
 -1      1941 0.00000E+00 4.00020E+01 1.98800E+00
 -1      1942 0.00000E+00 4.00340E+01 1.96400E+00
 -1      1943 0.00000E+00 4.00700E+01 2.01200E+00
 -1      1944 0.00000E+00 4.00380E+01 2.03600E+00
 -1      1949 5.98977E-01 3.99914E+01 1.98832E+00
 -1      1950 5.99930E-01 4.00231E+01 1.96402E+00
 -1      1951 6.01023E-01 4.00596E+01 2.01168E+00
 -1      1952 6.00070E-01 4.00278E+01 2.03598E+00
 -1      1957-1.23354E+00 4.00080E+01 5.00396E-01
 -1      1958-1.20070E+00 3.99852E+01 5.01081E-01
 -1      1959-1.16646E+00 4.00344E+01 4.99604E-01
 -1      1960-1.19930E+00 4.00572E+01 4.98919E-01
 -1      1965-1.23328E+00 4.00161E+01 1.00000E+00
 -1      1966-1.20001E+00 3.99939E+01 1.00000E+00
 -1      1967-1.16672E+00 4.00439E+01 1.00000E+00
 -1      1968-1.19999E+00 4.00661E+01 1.00000E+00
 -1      1973-1.23303E+00 4.00068E+01 1.49957E+00
 -1      1974-1.19936E+00 3.99852E+01 1.49892E+00
 -1      1975-1.16697E+00 4.00357E+01 1.50043E+00
 -1      1976-1.20064E+00 4.00572E+01 1.50108E+00
 -1      1981 1.16697E+00 3.99643E+01 4.99567E-01
 -1      1982 1.20064E+00 3.99428E+01 4.98919E-01
 -1      1983 1.23303E+00 3.99932E+01 5.00433E-01
 -1      1984 1.19936E+00 4.00148E+01 5.01081E-01
 -1      1989 1.16672E+00 3.99561E+01 1.00000E+00
 -1      1990 1.19999E+00 3.99339E+01 1.00000E+00
 -1      1991 1.23328E+00 3.99839E+01 1.00000E+00
 -1      1992 1.20001E+00 4.00061E+01 1.00000E+00
 -1      1997 1.16646E+00 3.99656E+01 1.50040E+00
 -1      1998 1.19930E+00 3.99428E+01 1.50108E+00
 -1      1999 1.23354E+00 3.99920E+01 1.49960E+00
 -1      2000 1.20070E+00 4.00148E+01 1.49892E+00
 -1      2005-6.01023E-01 4.99404E+01-1.16832E-02
 -1      2006-6.00070E-01 4.99722E+01-3.59798E-02
 -1      2007-5.98977E-01 5.00086E+01 1.16832E-02
 -1      2008-5.99930E-01 4.99769E+01 3.59798E-02
 -1      2013 0.00000E+00 4.99300E+01-1.20008E-02
 -1      2014 0.00000E+00 4.99620E+01-3.60000E-02
 -1      2015 0.00000E+00 4.99980E+01 1.20008E-02
 -1      2016 0.00000E+00 4.99660E+01 3.60000E-02
 -1      2021 6.01016E-01 4.99407E+01-1.23359E-02
 -1      2022 6.00049E-01 4.99729E+01-3.60180E-02
 -1      2023 5.98984E-01 5.00084E+01 1.23359E-02
 -1      2024 5.99951E-01 4.99762E+01 3.60180E-02
 -1      2029-5.98984E-01 4.99916E+01 1.98766E+00
 -1      2030-5.99951E-01 5.00238E+01 1.96398E+00
 -1      2031-6.01016E-01 5.00593E+01 2.01234E+00
 -1      2032-6.00049E-01 5.00271E+01 2.03602E+00
 -1      2037 0.00000E+00 5.00020E+01 1.98800E+00
 -1      2038 0.00000E+00 5.00340E+01 1.96400E+00
 -1      2039 0.00000E+00 5.00700E+01 2.01200E+00
 -1      2040 0.00000E+00 5.00380E+01 2.03600E+00
 -1      2045 5.98977E-01 4.99914E+01 1.98832E+00
 -1      2046 5.99930E-01 5.00231E+01 1.96402E+00
 -1      2047 6.01023E-01 5.00596E+01 2.01168E+00
 -1      2048 6.00070E-01 5.00278E+01 2.03598E+00
 -1      2053-1.23354E+00 5.00080E+01 5.00396E-01
 -1      2054-1.20070E+00 4.99852E+01 5.01081E-01
 -1      2055-1.16646E+00 5.00344E+01 4.99604E-01
 -1      2056-1.19930E+00 5.00572E+01 4.98919E-01
 -1      2061-1.23328E+00 5.00161E+01 1.00000E+00
 -1      2062-1.20001E+00 4.99939E+01 1.00000E+00
 -1      2063-1.16672E+00 5.00439E+01 1.00000E+00
 -1      2064-1.19999E+00 5.00661E+01 1.00000E+00
 -1      2069-1.23303E+00 5.00068E+01 1.49957E+00
 -1      2070-1.19936E+00 4.99852E+01 1.49892E+00
 -1      2071-1.16697E+00 5.00357E+01 1.50043E+00
 -1      2072-1.20064E+00 5.00572E+01 1.50108E+00
 -1      2077 1.16697E+00 4.99643E+01 4.99567E-01
 -1      2078 1.20064E+00 4.99428E+01 4.98919E-01
 -1      2079 1.23303E+00 4.99932E+01 5.00433E-01
 -1      2080 1.19936E+00 5.00148E+01 5.01081E-01
 -1      2085 1.16672E+00 4.99561E+01 1.00000E+00
 -1      2086 1.19999E+00 4.99339E+01 1.00000E+00
 -1      2087 1.23328E+00 4.99839E+01 1.00000E+00
 -1      2088 1.20001E+00 5.00061E+01 1.00000E+00
 -1      2093 1.16646E+00 4.99656E+01 1.50040E+00
 -1      2094 1.19930E+00 4.99428E+01 1.50108E+00
 -1      2095 1.23354E+00 4.99920E+01 1.49960E+00
 -1      2096 1.20070E+00 5.00148E+01 1.49892E+00
 -1      2101-1.19777E+00 2.52721E+00 3.58451E-01
 -1      2102-1.23236E+00 2.52386E+00 3.78258E-01
 -1      2103-1.20223E+00 2.51522E+00 4.29417E-01
 -1      2104-1.16764E+00 2.51856E+00 4.09610E-01
 -1      2109-1.19829E+00 5.03706E+00 8.14685E-01
 -1      2110-1.23259E+00 5.03303E+00 8.34866E-01
 -1      2111-1.20171E+00 5.02294E+00 8.85315E-01
 -1      2112-1.16741E+00 5.02697E+00 8.65134E-01
 -1      2117-1.19884E+00 7.52934E+00 1.35882E+00
 -1      2118-1.23282E+00 7.52458E+00 1.37939E+00
 -1      2119-1.20116E+00 7.51309E+00 1.42904E+00
 -1      2120-1.16718E+00 7.51785E+00 1.40848E+00
 -1      2125-1.19407E+00 2.51529E+00 1.57100E+00
 -1      2126-1.23055E+00 2.51802E+00 1.58719E+00
 -1      2127-1.20593E+00 2.52714E+00 1.64113E+00
 -1      2128-1.16945E+00 2.52440E+00 1.62495E+00
 -1      2133-1.19388E+00 5.02303E+00 1.11516E+00
 -1      2134-1.23044E+00 5.02621E+00 1.13106E+00
 -1      2135-1.20612E+00 5.03697E+00 1.18484E+00
 -1      2136-1.16956E+00 5.03379E+00 1.16894E+00
 -1      2141-1.19370E+00 7.51321E+00 5.71480E-01
 -1      2142-1.23034E+00 7.51682E+00 5.87095E-01
 -1      2143-1.20630E+00 7.52922E+00 6.40652E-01
 -1      2144-1.16966E+00 7.52560E+00 6.25037E-01
 -1      2149 1.20223E+00 2.52721E+00 3.58451E-01
 -1      2150 1.16764E+00 2.52386E+00 3.78258E-01
 -1      2151 1.19777E+00 2.51522E+00 4.29417E-01
 -1      2152 1.23236E+00 2.51856E+00 4.09610E-01
 -1      2157 1.20171E+00 5.03706E+00 8.14685E-01
 -1      2158 1.16741E+00 5.03303E+00 8.34866E-01
 -1      2159 1.19829E+00 5.02294E+00 8.85315E-01
 -1      2160 1.23259E+00 5.02697E+00 8.65134E-01
 -1      2165 1.20116E+00 7.52934E+00 1.35882E+00
 -1      2166 1.16718E+00 7.52458E+00 1.37939E+00
 -1      2167 1.19884E+00 7.51309E+00 1.42904E+00
 -1      2168 1.23282E+00 7.51785E+00 1.40848E+00
 -1      2173 1.20593E+00 2.51529E+00 1.57100E+00
 -1      2174 1.16945E+00 2.51802E+00 1.58719E+00
 -1      2175 1.19407E+00 2.52714E+00 1.64113E+00
 -1      2176 1.23055E+00 2.52440E+00 1.62495E+00
 -1      2181 1.20612E+00 5.02303E+00 1.11516E+00
 -1      2182 1.16956E+00 5.02621E+00 1.13106E+00
 -1      2183 1.19388E+00 5.03697E+00 1.18484E+00
 -1      2184 1.23044E+00 5.03379E+00 1.16894E+00
 -1      2189 1.20630E+00 7.51321E+00 5.71480E-01
 -1      2190 1.16966E+00 7.51682E+00 5.87095E-01
 -1      2191 1.19370E+00 7.52922E+00 6.40652E-01
 -1      2192 1.23034E+00 7.52560E+00 6.25037E-01
 -1      2197-4.83328E-01 2.47166E+00-3.43393E-02
 -1      2198-5.20442E-01 2.48175E+00-2.33534E-02
 -1      2199-5.04540E-01 2.47743E+00 3.43393E-02
 -1      2200-4.67426E-01 2.46734E+00 2.33534E-02
 -1      2205 1.59904E-01 4.96162E+00-3.45869E-02
 -1      2206 1.22764E-01 4.97054E+00-2.27046E-02
 -1      2207 1.40096E-01 4.96638E+00 3.45869E-02
 -1      2208 1.77236E-01 4.95746E+00 2.27046E-02
 -1      2213 7.15261E-01 7.47263E+00-3.48107E-02
 -1      2214 6.78146E-01 7.48037E+00-2.20585E-02
 -1      2215 6.96871E-01 7.47646E+00 3.48107E-02
 -1      2216 7.33986E-01 7.46872E+00 2.20585E-02
 -1      2221 4.93632E-01 2.47446E+00-3.60542E-02
 -1      2222 4.61704E-01 2.46578E+00-1.35783E-02
 -1      2223 4.94236E-01 2.47463E+00 3.60542E-02
 -1      2224 5.26164E-01 2.48331E+00 1.35783E-02
 -1      2229-1.49866E-01 4.96403E+00-3.60553E-02
 -1      2230-1.82311E-01 4.95625E+00-1.39944E-02
 -1      2231-1.50134E-01 4.96397E+00 3.60553E-02
 -1      2232-1.17689E-01 4.97175E+00 1.39944E-02
 -1      2237-7.05470E-01 7.47467E+00-3.60504E-02
 -1      2238-7.38413E-01 7.46780E+00-1.44278E-02
 -1      2239-7.06662E-01 7.47442E+00 3.60504E-02
 -1      2240-6.73719E-01 7.48129E+00 1.44278E-02
 -1      2245-4.83328E-01 2.47166E+00 1.96566E+00
 -1      2246-5.20442E-01 2.48175E+00 1.97665E+00
 -1      2247-5.04540E-01 2.47743E+00 2.03434E+00
 -1      2248-4.67426E-01 2.46734E+00 2.02335E+00
 -1      2253 1.59904E-01 4.96162E+00 1.96541E+00
 -1      2254 1.22764E-01 4.97054E+00 1.97730E+00
 -1      2255 1.40096E-01 4.96638E+00 2.03459E+00
 -1      2256 1.77236E-01 4.95746E+00 2.02270E+00
 -1      2261 7.15261E-01 7.47263E+00 1.96519E+00
 -1      2262 6.78146E-01 7.48037E+00 1.97794E+00
 -1      2263 6.96871E-01 7.47646E+00 2.03481E+00
 -1      2264 7.33986E-01 7.46872E+00 2.02206E+00
 -1      2269 4.93632E-01 2.47446E+00 1.96395E+00
 -1      2270 4.61704E-01 2.46578E+00 1.98642E+00
 -1      2271 4.94236E-01 2.47463E+00 2.03605E+00
 -1      2272 5.26164E-01 2.48331E+00 2.01358E+00
 -1      2277-1.49866E-01 4.96403E+00 1.96394E+00
 -1      2278-1.82311E-01 4.95625E+00 1.98601E+00
 -1      2279-1.50134E-01 4.96397E+00 2.03606E+00
 -1      2280-1.17689E-01 4.97175E+00 2.01399E+00
 -1      2285-7.05470E-01 7.47467E+00 1.96395E+00
 -1      2286-7.38413E-01 7.46780E+00 1.98557E+00
 -1      2287-7.06662E-01 7.47442E+00 2.03605E+00
 -1      2288-6.73719E-01 7.48129E+00 2.01443E+00
 -1      2293-1.19777E+00 1.25272E+01 3.58451E-01
 -1      2294-1.23236E+00 1.25239E+01 3.78258E-01
 -1      2295-1.20223E+00 1.25152E+01 4.29417E-01
 -1      2296-1.16764E+00 1.25186E+01 4.09610E-01
 -1      2301-1.19829E+00 1.50371E+01 8.14685E-01
 -1      2302-1.23259E+00 1.50330E+01 8.34866E-01
 -1      2303-1.20171E+00 1.50229E+01 8.85315E-01
 -1      2304-1.16741E+00 1.50270E+01 8.65134E-01
 -1      2309-1.19884E+00 1.75293E+01 1.35882E+00
 -1      2310-1.23282E+00 1.75246E+01 1.37939E+00
 -1      2311-1.20116E+00 1.75131E+01 1.42904E+00
 -1      2312-1.16718E+00 1.75178E+01 1.40848E+00
 -1      2317-1.19407E+00 1.25153E+01 1.57100E+00
 -1      2318-1.23055E+00 1.25180E+01 1.58719E+00
 -1      2319-1.20593E+00 1.25271E+01 1.64113E+00
 -1      2320-1.16945E+00 1.25244E+01 1.62495E+00
 -1      2325-1.19388E+00 1.50230E+01 1.11516E+00
 -1      2326-1.23044E+00 1.50262E+01 1.13106E+00
 -1      2327-1.20612E+00 1.50370E+01 1.18484E+00
 -1      2328-1.16956E+00 1.50338E+01 1.16894E+00
 -1      2333-1.19370E+00 1.75132E+01 5.71480E-01
 -1      2334-1.23034E+00 1.75168E+01 5.87095E-01
 -1      2335-1.20630E+00 1.75292E+01 6.40652E-01
 -1      2336-1.16966E+00 1.75256E+01 6.25037E-01
 -1      2341 1.20223E+00 1.25272E+01 3.58451E-01
 -1      2342 1.16764E+00 1.25239E+01 3.78258E-01
 -1      2343 1.19777E+00 1.25152E+01 4.29417E-01
 -1      2344 1.23236E+00 1.25186E+01 4.09610E-01
 -1      2349 1.20171E+00 1.50371E+01 8.14685E-01
 -1      2350 1.16741E+00 1.50330E+01 8.34866E-01
 -1      2351 1.19829E+00 1.50229E+01 8.85315E-01
 -1      2352 1.23259E+00 1.50270E+01 8.65134E-01
 -1      2357 1.20116E+00 1.75293E+01 1.35882E+00
 -1      2358 1.16718E+00 1.75246E+01 1.37939E+00
 -1      2359 1.19884E+00 1.75131E+01 1.42904E+00
 -1      2360 1.23282E+00 1.75178E+01 1.40848E+00
 -1      2365 1.20593E+00 1.25153E+01 1.57100E+00
 -1      2366 1.16945E+00 1.25180E+01 1.58719E+00
 -1      2367 1.19407E+00 1.25271E+01 1.64113E+00
 -1      2368 1.23055E+00 1.25244E+01 1.62495E+00
 -1      2373 1.20612E+00 1.50230E+01 1.11516E+00
 -1      2374 1.16956E+00 1.50262E+01 1.13106E+00
 -1      2375 1.19388E+00 1.50370E+01 1.18484E+00
 -1      2376 1.23044E+00 1.50338E+01 1.16894E+00
 -1      2381 1.20630E+00 1.75132E+01 5.71480E-01
 -1      2382 1.16966E+00 1.75168E+01 5.87095E-01
 -1      2383 1.19370E+00 1.75292E+01 6.40652E-01
 -1      2384 1.23034E+00 1.75256E+01 6.25037E-01
 -1      2389-4.83328E-01 1.24717E+01-3.43393E-02
 -1      2390-5.20442E-01 1.24818E+01-2.33534E-02
 -1      2391-5.04540E-01 1.24774E+01 3.43393E-02
 -1      2392-4.67426E-01 1.24673E+01 2.33534E-02
 -1      2397 1.59904E-01 1.49616E+01-3.45869E-02
 -1      2398 1.22764E-01 1.49705E+01-2.27046E-02
 -1      2399 1.40096E-01 1.49664E+01 3.45869E-02
 -1      2400 1.77236E-01 1.49575E+01 2.27046E-02
 -1      2405 7.15261E-01 1.74726E+01-3.48107E-02
 -1      2406 6.78146E-01 1.74804E+01-2.20585E-02
 -1      2407 6.96871E-01 1.74765E+01 3.48107E-02
 -1      2408 7.33986E-01 1.74687E+01 2.20585E-02
 -1      2413 4.93632E-01 1.24745E+01-3.60542E-02
 -1      2414 4.61704E-01 1.24658E+01-1.35783E-02
 -1      2415 4.94236E-01 1.24746E+01 3.60542E-02
 -1      2416 5.26164E-01 1.24833E+01 1.35783E-02
 -1      2421-1.49866E-01 1.49640E+01-3.60553E-02
 -1      2422-1.82311E-01 1.49562E+01-1.39944E-02
 -1      2423-1.50134E-01 1.49640E+01 3.60553E-02
 -1      2424-1.17689E-01 1.49718E+01 1.39944E-02
 -1      2429-7.05470E-01 1.74747E+01-3.60504E-02
 -1      2430-7.38413E-01 1.74678E+01-1.44278E-02
 -1      2431-7.06662E-01 1.74744E+01 3.60504E-02
 -1      2432-6.73719E-01 1.74813E+01 1.44278E-02
 -1      2437-4.83328E-01 1.24717E+01 1.96566E+00
 -1      2438-5.20442E-01 1.24818E+01 1.97665E+00
 -1      2439-5.04540E-01 1.24774E+01 2.03434E+00
 -1      2440-4.67426E-01 1.24673E+01 2.02335E+00
 -1      2445 1.59904E-01 1.49616E+01 1.96541E+00
 -1      2446 1.22764E-01 1.49705E+01 1.97730E+00
 -1      2447 1.40096E-01 1.49664E+01 2.03459E+00
 -1      2448 1.77236E-01 1.49575E+01 2.02270E+00
 -1      2453 7.15261E-01 1.74726E+01 1.96519E+00
 -1      2454 6.78146E-01 1.74804E+01 1.97794E+00
 -1      2455 6.96871E-01 1.74765E+01 2.03481E+00
 -1      2456 7.33986E-01 1.74687E+01 2.02206E+00
 -1      2461 4.93632E-01 1.24745E+01 1.96395E+00
 -1      2462 4.61704E-01 1.24658E+01 1.98642E+00
 -1      2463 4.94236E-01 1.24746E+01 2.03605E+00
 -1      2464 5.26164E-01 1.24833E+01 2.01358E+00
 -1      2469-1.49866E-01 1.49640E+01 1.96394E+00
 -1      2470-1.82311E-01 1.49562E+01 1.98601E+00
 -1      2471-1.50134E-01 1.49640E+01 2.03606E+00
 -1      2472-1.17689E-01 1.49718E+01 2.01399E+00
 -1      2477-7.05470E-01 1.74747E+01 1.96395E+00
 -1      2478-7.38413E-01 1.74678E+01 1.98557E+00
 -1      2479-7.06662E-01 1.74744E+01 2.03605E+00
 -1      2480-6.73719E-01 1.74813E+01 2.01443E+00
 -1      2485-1.19777E+00 2.25272E+01 3.58451E-01
 -1      2486-1.23236E+00 2.25239E+01 3.78258E-01
 -1      2487-1.20223E+00 2.25152E+01 4.29417E-01
 -1      2488-1.16764E+00 2.25186E+01 4.09610E-01
 -1      2493-1.19829E+00 2.50371E+01 8.14685E-01
 -1      2494-1.23259E+00 2.50330E+01 8.34866E-01
 -1      2495-1.20171E+00 2.50229E+01 8.85315E-01
 -1      2496-1.16741E+00 2.50270E+01 8.65134E-01
 -1      2501-1.19884E+00 2.75293E+01 1.35882E+00
 -1      2502-1.23282E+00 2.75246E+01 1.37939E+00
 -1      2503-1.20116E+00 2.75131E+01 1.42904E+00
 -1      2504-1.16718E+00 2.75178E+01 1.40848E+00
 -1      2509-1.19407E+00 2.25153E+01 1.57100E+00
 -1      2510-1.23055E+00 2.25180E+01 1.58719E+00
 -1      2511-1.20593E+00 2.25271E+01 1.64113E+00
 -1      2512-1.16945E+00 2.25244E+01 1.62495E+00
 -1      2517-1.19388E+00 2.50230E+01 1.11516E+00
 -1      2518-1.23044E+00 2.50262E+01 1.13106E+00
 -1      2519-1.20612E+00 2.50370E+01 1.18484E+00
 -1      2520-1.16956E+00 2.50338E+01 1.16894E+00
 -1      2525-1.19370E+00 2.75132E+01 5.71480E-01
 -1      2526-1.23034E+00 2.75168E+01 5.87095E-01
 -1      2527-1.20630E+00 2.75292E+01 6.40652E-01
 -1      2528-1.16966E+00 2.75256E+01 6.25037E-01
 -1      2533 1.20223E+00 2.25272E+01 3.58451E-01
 -1      2534 1.16764E+00 2.25239E+01 3.78258E-01
 -1      2535 1.19777E+00 2.25152E+01 4.29417E-01
 -1      2536 1.23236E+00 2.25186E+01 4.09610E-01
 -1      2541 1.20171E+00 2.50371E+01 8.14685E-01
 -1      2542 1.16741E+00 2.50330E+01 8.34866E-01
 -1      2543 1.19829E+00 2.50229E+01 8.85315E-01
 -1      2544 1.23259E+00 2.50270E+01 8.65134E-01
 -1      2549 1.20116E+00 2.75293E+01 1.35882E+00
 -1      2550 1.16718E+00 2.75246E+01 1.37939E+00
 -1      2551 1.19884E+00 2.75131E+01 1.42904E+00
 -1      2552 1.23282E+00 2.75178E+01 1.40848E+00
 -1      2557 1.20593E+00 2.25153E+01 1.57100E+00
 -1      2558 1.16945E+00 2.25180E+01 1.58719E+00
 -1      2559 1.19407E+00 2.25271E+01 1.64113E+00
 -1      2560 1.23055E+00 2.25244E+01 1.62495E+00
 -1      2565 1.20612E+00 2.50230E+01 1.11516E+00
 -1      2566 1.16956E+00 2.50262E+01 1.13106E+00
 -1      2567 1.19388E+00 2.50370E+01 1.18484E+00
 -1      2568 1.23044E+00 2.50338E+01 1.16894E+00
 -1      2573 1.20630E+00 2.75132E+01 5.71480E-01
 -1      2574 1.16966E+00 2.75168E+01 5.87095E-01
 -1      2575 1.19370E+00 2.75292E+01 6.40652E-01
 -1      2576 1.23034E+00 2.75256E+01 6.25037E-01
 -1      2581-4.83328E-01 2.24717E+01-3.43393E-02
 -1      2582-5.20442E-01 2.24818E+01-2.33534E-02
 -1      2583-5.04540E-01 2.24774E+01 3.43393E-02
 -1      2584-4.67426E-01 2.24673E+01 2.33534E-02
 -1      2589 1.59904E-01 2.49616E+01-3.45869E-02
 -1      2590 1.22764E-01 2.49705E+01-2.27046E-02
 -1      2591 1.40096E-01 2.49664E+01 3.45869E-02
 -1      2592 1.77236E-01 2.49575E+01 2.27046E-02
 -1      2597 7.15261E-01 2.74726E+01-3.48107E-02
 -1      2598 6.78146E-01 2.74804E+01-2.20585E-02
 -1      2599 6.96871E-01 2.74765E+01 3.48107E-02
 -1      2600 7.33986E-01 2.74687E+01 2.20585E-02
 -1      2605 4.93632E-01 2.24745E+01-3.60542E-02
 -1      2606 4.61704E-01 2.24658E+01-1.35783E-02
 -1      2607 4.94236E-01 2.24746E+01 3.60542E-02
 -1      2608 5.26164E-01 2.24833E+01 1.35783E-02
 -1      2613-1.49866E-01 2.49640E+01-3.60553E-02
 -1      2614-1.82311E-01 2.49562E+01-1.39944E-02
 -1      2615-1.50134E-01 2.49640E+01 3.60553E-02
 -1      2616-1.17689E-01 2.49718E+01 1.39944E-02
 -1      2621-7.05470E-01 2.74747E+01-3.60504E-02
 -1      2622-7.38413E-01 2.74678E+01-1.44278E-02
 -1      2623-7.06662E-01 2.74744E+01 3.60504E-02
 -1      2624-6.73719E-01 2.74813E+01 1.44278E-02
 -1      2629-4.83328E-01 2.24717E+01 1.96566E+00
 -1      2630-5.20442E-01 2.24818E+01 1.97665E+00
 -1      2631-5.04540E-01 2.24774E+01 2.03434E+00
 -1      2632-4.67426E-01 2.24673E+01 2.02335E+00
 -1      2637 1.59904E-01 2.49616E+01 1.96541E+00
 -1      2638 1.22764E-01 2.49705E+01 1.97730E+00
 -1      2639 1.40096E-01 2.49664E+01 2.03459E+00
 -1      2640 1.77236E-01 2.49575E+01 2.02270E+00
 -1      2645 7.15261E-01 2.74726E+01 1.96519E+00
 -1      2646 6.78146E-01 2.74804E+01 1.97794E+00
 -1      2647 6.96871E-01 2.74765E+01 2.03481E+00
 -1      2648 7.33986E-01 2.74687E+01 2.02206E+00
 -1      2653 4.93632E-01 2.24745E+01 1.96395E+00
 -1      2654 4.61704E-01 2.24658E+01 1.98642E+00
 -1      2655 4.94236E-01 2.24746E+01 2.03605E+00
 -1      2656 5.26164E-01 2.24833E+01 2.01358E+00
 -1      2661-1.49866E-01 2.49640E+01 1.96394E+00
 -1      2662-1.82311E-01 2.49562E+01 1.98601E+00
 -1      2663-1.50134E-01 2.49640E+01 2.03606E+00
 -1      2664-1.17689E-01 2.49718E+01 2.01399E+00
 -1      2669-7.05470E-01 2.74747E+01 1.96395E+00
 -1      2670-7.38413E-01 2.74678E+01 1.98557E+00
 -1      2671-7.06662E-01 2.74744E+01 2.03605E+00
 -1      2672-6.73719E-01 2.74813E+01 2.01443E+00
 -1      2677-1.19777E+00 3.25272E+01 3.58451E-01
 -1      2678-1.23236E+00 3.25239E+01 3.78258E-01
 -1      2679-1.20223E+00 3.25152E+01 4.29417E-01
 -1      2680-1.16764E+00 3.25186E+01 4.09610E-01
 -1      2685-1.19829E+00 3.50371E+01 8.14685E-01
 -1      2686-1.23259E+00 3.50330E+01 8.34866E-01
 -1      2687-1.20171E+00 3.50229E+01 8.85315E-01
 -1      2688-1.16741E+00 3.50270E+01 8.65134E-01
 -1      2693-1.19884E+00 3.75293E+01 1.35882E+00
 -1      2694-1.23282E+00 3.75246E+01 1.37939E+00
 -1      2695-1.20116E+00 3.75131E+01 1.42904E+00
 -1      2696-1.16718E+00 3.75178E+01 1.40848E+00
 -1      2701-1.19407E+00 3.25153E+01 1.57100E+00
 -1      2702-1.23055E+00 3.25180E+01 1.58719E+00
 -1      2703-1.20593E+00 3.25271E+01 1.64113E+00
 -1      2704-1.16945E+00 3.25244E+01 1.62495E+00
 -1      2709-1.19388E+00 3.50230E+01 1.11516E+00
 -1      2710-1.23044E+00 3.50262E+01 1.13106E+00
 -1      2711-1.20612E+00 3.50370E+01 1.18484E+00
 -1      2712-1.16956E+00 3.50338E+01 1.16894E+00
 -1      2717-1.19370E+00 3.75132E+01 5.71480E-01
 -1      2718-1.23034E+00 3.75168E+01 5.87095E-01
 -1      2719-1.20630E+00 3.75292E+01 6.40652E-01
 -1      2720-1.16966E+00 3.75256E+01 6.25037E-01
 -1      2725 1.20223E+00 3.25272E+01 3.58451E-01
 -1      2726 1.16764E+00 3.25239E+01 3.78258E-01
 -1      2727 1.19777E+00 3.25152E+01 4.29417E-01
 -1      2728 1.23236E+00 3.25186E+01 4.09610E-01
 -1      2733 1.20171E+00 3.50371E+01 8.14685E-01
 -1      2734 1.16741E+00 3.50330E+01 8.34866E-01
 -1      2735 1.19829E+00 3.50229E+01 8.85315E-01
 -1      2736 1.23259E+00 3.50270E+01 8.65134E-01
 -1      2741 1.20116E+00 3.75293E+01 1.35882E+00
 -1      2742 1.16718E+00 3.75246E+01 1.37939E+00
 -1      2743 1.19884E+00 3.75131E+01 1.42904E+00
 -1      2744 1.23282E+00 3.75178E+01 1.40848E+00
 -1      2749 1.20593E+00 3.25153E+01 1.57100E+00
 -1      2750 1.16945E+00 3.25180E+01 1.58719E+00
 -1      2751 1.19407E+00 3.25271E+01 1.64113E+00
 -1      2752 1.23055E+00 3.25244E+01 1.62495E+00
 -1      2757 1.20612E+00 3.50230E+01 1.11516E+00
 -1      2758 1.16956E+00 3.50262E+01 1.13106E+00
 -1      2759 1.19388E+00 3.50370E+01 1.18484E+00
 -1      2760 1.23044E+00 3.50338E+01 1.16894E+00
 -1      2765 1.20630E+00 3.75132E+01 5.71480E-01
 -1      2766 1.16966E+00 3.75168E+01 5.87095E-01
 -1      2767 1.19370E+00 3.75292E+01 6.40652E-01
 -1      2768 1.23034E+00 3.75256E+01 6.25037E-01
 -1      2773-4.83328E-01 3.24717E+01-3.43393E-02
 -1      2774-5.20442E-01 3.24818E+01-2.33534E-02
 -1      2775-5.04540E-01 3.24774E+01 3.43393E-02
 -1      2776-4.67426E-01 3.24673E+01 2.33534E-02
 -1      2781 1.59904E-01 3.49616E+01-3.45869E-02
 -1      2782 1.22764E-01 3.49705E+01-2.27046E-02
 -1      2783 1.40096E-01 3.49664E+01 3.45869E-02
 -1      2784 1.77236E-01 3.49575E+01 2.27046E-02
 -1      2789 7.15261E-01 3.74726E+01-3.48107E-02
 -1      2790 6.78146E-01 3.74804E+01-2.20585E-02
 -1      2791 6.96871E-01 3.74765E+01 3.48107E-02
 -1      2792 7.33986E-01 3.74687E+01 2.20585E-02
 -1      2797 4.93632E-01 3.24745E+01-3.60542E-02
 -1      2798 4.61704E-01 3.24658E+01-1.35783E-02
 -1      2799 4.94236E-01 3.24746E+01 3.60542E-02
 -1      2800 5.26164E-01 3.24833E+01 1.35783E-02
 -1      2805-1.49866E-01 3.49640E+01-3.60553E-02
 -1      2806-1.82311E-01 3.49562E+01-1.39944E-02
 -1      2807-1.50134E-01 3.49640E+01 3.60553E-02
 -1      2808-1.17689E-01 3.49718E+01 1.39944E-02
 -1      2813-7.05470E-01 3.74747E+01-3.60504E-02
 -1      2814-7.38413E-01 3.74678E+01-1.44278E-02
 -1      2815-7.06662E-01 3.74744E+01 3.60504E-02
 -1      2816-6.73719E-01 3.74813E+01 1.44278E-02
 -1      2821-4.83328E-01 3.24717E+01 1.96566E+00
 -1      2822-5.20442E-01 3.24818E+01 1.97665E+00
 -1      2823-5.04540E-01 3.24774E+01 2.03434E+00
 -1      2824-4.67426E-01 3.24673E+01 2.02335E+00
 -1      2829 1.59904E-01 3.49616E+01 1.96541E+00
 -1      2830 1.22764E-01 3.49705E+01 1.97730E+00
 -1      2831 1.40096E-01 3.49664E+01 2.03459E+00
 -1      2832 1.77236E-01 3.49575E+01 2.02270E+00
 -1      2837 7.15261E-01 3.74726E+01 1.96519E+00
 -1      2838 6.78146E-01 3.74804E+01 1.97794E+00
 -1      2839 6.96871E-01 3.74765E+01 2.03481E+00
 -1      2840 7.33986E-01 3.74687E+01 2.02206E+00
 -1      2845 4.93632E-01 3.24745E+01 1.96395E+00
 -1      2846 4.61704E-01 3.24658E+01 1.98642E+00
 -1      2847 4.94236E-01 3.24746E+01 2.03605E+00
 -1      2848 5.26164E-01 3.24833E+01 2.01358E+00
 -1      2853-1.49866E-01 3.49640E+01 1.96394E+00
 -1      2854-1.82311E-01 3.49562E+01 1.98601E+00
 -1      2855-1.50134E-01 3.49640E+01 2.03606E+00
 -1      2856-1.17689E-01 3.49718E+01 2.01399E+00
 -1      2861-7.05470E-01 3.74747E+01 1.96395E+00
 -1      2862-7.38413E-01 3.74678E+01 1.98557E+00
 -1      2863-7.06662E-01 3.74744E+01 2.03605E+00
 -1      2864-6.73719E-01 3.74813E+01 2.01443E+00
 -1      2869-1.19777E+00 4.25272E+01 3.58451E-01
 -1      2870-1.23236E+00 4.25239E+01 3.78258E-01
 -1      2871-1.20223E+00 4.25152E+01 4.29417E-01
 -1      2872-1.16764E+00 4.25186E+01 4.09610E-01
 -1      2877-1.19829E+00 4.50371E+01 8.14685E-01
 -1      2878-1.23259E+00 4.50330E+01 8.34866E-01
 -1      2879-1.20171E+00 4.50229E+01 8.85315E-01
 -1      2880-1.16741E+00 4.50270E+01 8.65134E-01
 -1      2885-1.19884E+00 4.75293E+01 1.35882E+00
 -1      2886-1.23282E+00 4.75246E+01 1.37939E+00
 -1      2887-1.20116E+00 4.75131E+01 1.42904E+00
 -1      2888-1.16718E+00 4.75178E+01 1.40848E+00
 -1      2893-1.19407E+00 4.25153E+01 1.57100E+00
 -1      2894-1.23055E+00 4.25180E+01 1.58719E+00
 -1      2895-1.20593E+00 4.25271E+01 1.64113E+00
 -1      2896-1.16945E+00 4.25244E+01 1.62495E+00
 -1      2901-1.19388E+00 4.50230E+01 1.11516E+00
 -1      2902-1.23044E+00 4.50262E+01 1.13106E+00
 -1      2903-1.20612E+00 4.50370E+01 1.18484E+00
 -1      2904-1.16956E+00 4.50338E+01 1.16894E+00
 -1      2909-1.19370E+00 4.75132E+01 5.71480E-01
 -1      2910-1.23034E+00 4.75168E+01 5.87095E-01
 -1      2911-1.20630E+00 4.75292E+01 6.40652E-01
 -1      2912-1.16966E+00 4.75256E+01 6.25037E-01
 -1      2917 1.20223E+00 4.25272E+01 3.58451E-01
 -1      2918 1.16764E+00 4.25239E+01 3.78258E-01
 -1      2919 1.19777E+00 4.25152E+01 4.29417E-01
 -1      2920 1.23236E+00 4.25186E+01 4.09610E-01
 -1      2925 1.20171E+00 4.50371E+01 8.14685E-01
 -1      2926 1.16741E+00 4.50330E+01 8.34866E-01
 -1      2927 1.19829E+00 4.50229E+01 8.85315E-01
 -1      2928 1.23259E+00 4.50270E+01 8.65134E-01
 -1      2933 1.20116E+00 4.75293E+01 1.35882E+00
 -1      2934 1.16718E+00 4.75246E+01 1.37939E+00
 -1      2935 1.19884E+00 4.75131E+01 1.42904E+00
 -1      2936 1.23282E+00 4.75178E+01 1.40848E+00
 -1      2941 1.20593E+00 4.25153E+01 1.57100E+00
 -1      2942 1.16945E+00 4.25180E+01 1.58719E+00
 -1      2943 1.19407E+00 4.25271E+01 1.64113E+00
 -1      2944 1.23055E+00 4.25244E+01 1.62495E+00
 -1      2949 1.20612E+00 4.50230E+01 1.11516E+00
 -1      2950 1.16956E+00 4.50262E+01 1.13106E+00
 -1      2951 1.19388E+00 4.50370E+01 1.18484E+00
 -1      2952 1.23044E+00 4.50338E+01 1.16894E+00
 -1      2957 1.20630E+00 4.75132E+01 5.71480E-01
 -1      2958 1.16966E+00 4.75168E+01 5.87095E-01
 -1      2959 1.19370E+00 4.75292E+01 6.40652E-01
 -1      2960 1.23034E+00 4.75256E+01 6.25037E-01
 -1      2965-4.83328E-01 4.24717E+01-3.43393E-02
 -1      2966-5.20442E-01 4.24818E+01-2.33534E-02
 -1      2967-5.04540E-01 4.24774E+01 3.43393E-02
 -1      2968-4.67426E-01 4.24673E+01 2.33534E-02
 -1      2973 1.59904E-01 4.49616E+01-3.45869E-02
 -1      2974 1.22764E-01 4.49705E+01-2.27046E-02
 -1      2975 1.40096E-01 4.49664E+01 3.45869E-02
 -1      2976 1.77236E-01 4.49575E+01 2.27046E-02
 -1      2981 7.15261E-01 4.74726E+01-3.48107E-02
 -1      2982 6.78146E-01 4.74804E+01-2.20585E-02
 -1      2983 6.96871E-01 4.74765E+01 3.48107E-02
 -1      2984 7.33986E-01 4.74687E+01 2.20585E-02
 -1      2989 4.93632E-01 4.24745E+01-3.60542E-02
 -1      2990 4.61704E-01 4.24658E+01-1.35783E-02
 -1      2991 4.94236E-01 4.24746E+01 3.60542E-02
 -1      2992 5.26164E-01 4.24833E+01 1.35783E-02
 -1      2997-1.49866E-01 4.49640E+01-3.60553E-02
 -1      2998-1.82311E-01 4.49562E+01-1.39944E-02
 -1      2999-1.50134E-01 4.49640E+01 3.60553E-02
 -1      3000-1.17689E-01 4.49718E+01 1.39944E-02
 -1      3005-7.05470E-01 4.74747E+01-3.60504E-02
 -1      3006-7.38413E-01 4.74678E+01-1.44278E-02
 -1      3007-7.06662E-01 4.74744E+01 3.60504E-02
 -1      3008-6.73719E-01 4.74813E+01 1.44278E-02
 -1      3013-4.83328E-01 4.24717E+01 1.96566E+00
 -1      3014-5.20442E-01 4.24818E+01 1.97665E+00
 -1      3015-5.04540E-01 4.24774E+01 2.03434E+00
 -1      3016-4.67426E-01 4.24673E+01 2.02335E+00
 -1      3021 1.59904E-01 4.49616E+01 1.96541E+00
 -1      3022 1.22764E-01 4.49705E+01 1.97730E+00
 -1      3023 1.40096E-01 4.49664E+01 2.03459E+00
 -1      3024 1.77236E-01 4.49575E+01 2.02270E+00
 -1      3029 7.15261E-01 4.74726E+01 1.96519E+00
 -1      3030 6.78146E-01 4.74804E+01 1.97794E+00
 -1      3031 6.96871E-01 4.74765E+01 2.03481E+00
 -1      3032 7.33986E-01 4.74687E+01 2.02206E+00
 -1      3037 4.93632E-01 4.24745E+01 1.96395E+00
 -1      3038 4.61704E-01 4.24658E+01 1.98642E+00
 -1      3039 4.94236E-01 4.24746E+01 2.03605E+00
 -1      3040 5.26164E-01 4.24833E+01 2.01358E+00
 -1      3045-1.49866E-01 4.49640E+01 1.96394E+00
 -1      3046-1.82311E-01 4.49562E+01 1.98601E+00
 -1      3047-1.50134E-01 4.49640E+01 2.03606E+00
 -1      3048-1.17689E-01 4.49718E+01 2.01399E+00
 -1      3053-7.05470E-01 4.74747E+01 1.96395E+00
 -1      3054-7.38413E-01 4.74678E+01 1.98557E+00
 -1      3055-7.06662E-01 4.74744E+01 2.03605E+00
 -1      3056-6.73719E-01 4.74813E+01 2.01443E+00
 -3
    3C                           288                                     1
 -1         1    1    0    1
 -2       229      1429      1430       230       232      1432      1431       231
 -1         2    1    0    1
 -2      1429       429       430      1430      1432       432       431      1431
 -1         3    1    0    1
 -2       279      1437      1438       280       282      1440      1439       281
 -1         4    1    0    1
 -2      1437       479       480      1438      1440       482       481      1439
 -1         5    1    0    1
 -2       329      1445      1446       330       332      1448      1447       331
 -1         6    1    0    1
 -2      1445       529       530      1446      1448       532       531      1447
 -1         7    1    0    1
 -2       379      1453      1454       380       382      1456      1455       381
 -1         8    1    0    1
 -2      1453       579       580      1454      1456       582       581      1455
 -1         9    1    0    1
 -2       429      1461      1462       430       432      1464      1463       431
 -1        10    1    0    1
 -2      1461       629       630      1462      1464       632       631      1463
 -1        11    1    0    1
 -2       479      1469      1470       480       482      1472      1471       481
 -1        12    1    0    1
 -2      1469       679       680      1470      1472       682       681      1471
 -1        13    1    0    1
 -2       529      1477      1478       530       532      1480      1479       531
 -1        14    1    0    1
 -2      1477       729       730      1478      1480       732       731      1479
 -1        15    1    0    1
 -2       579      1485      1486       580       582      1488      1487       581
 -1        16    1    0    1
 -2      1485       779       780      1486      1488       782       781      1487
 -1        17    1    0    1
 -2       629      1493      1494       630       632      1496      1495       631
 -1        18    1    0    1
 -2      1493       829       830      1494      1496       832       831      1495
 -1        19    1    0    1
 -2       679      1501      1502       680       682      1504      1503       681
 -1        20    1    0    1
 -2      1501       879       880      1502      1504       882       881      1503
 -1        21    1    0    1
 -2       729      1509      1510       730       732      1512      1511       731
 -1        22    1    0    1
 -2      1509       929       930      1510      1512       932       931      1511
 -1        23    1    0    1
 -2       779      1517      1518       780       782      1520      1519       781
 -1        24    1    0    1
 -2      1517       979       980      1518      1520       982       981      1519
 -1        25    1    0    1
 -2       829      1525      1526       830       832      1528      1527       831
 -1        26    1    0    1
 -2      1525      1029      1030      1526      1528      1032      1031      1527
 -1        27    1    0    1
 -2       879      1533      1534       880       882      1536      1535       881
 -1        28    1    0    1
 -2      1533      1079      1080      1534      1536      1082      1081      1535
 -1        29    1    0    1
 -2       929      1541      1542       930       932      1544      1543       931
 -1        30    1    0    1
 -2      1541      1129      1130      1542      1544      1132      1131      1543
 -1        31    1    0    1
 -2       979      1549      1550       980       982      1552      1551       981
 -1        32    1    0    1
 -2      1549      1179      1180      1550      1552      1182      1181      1551
 -1        33    1    0    1
 -2      1029      1557      1558      1030      1032      1560      1559      1031
 -1        34    1    0    1
 -2      1557      1565      1566      1558      1560      1568      1567      1559
 -1        35    1    0    1
 -2      1565      1573      1574      1566      1568      1576      1575      1567
 -1        36    1    0    1
 -2      1573      1229      1230      1574      1576      1232      1231      1575
 -1        37    1    0    1
 -2      1079      1581      1582      1080      1082      1584      1583      1081
 -1        38    1    0    1
 -2      1581      1589      1590      1582      1584      1592      1591      1583
 -1        39    1    0    1
 -2      1589      1597      1598      1590      1592      1600      1599      1591
 -1        40    1    0    1
 -2      1597      1279      1280      1598      1600      1282      1281      1599
 -1        41    1    0    1
 -2      1129      1605      1606      1130      1132      1608      1607      1131
 -1        42    1    0    1
 -2      1605      1613      1614      1606      1608      1616      1615      1607
 -1        43    1    0    1
 -2      1613      1621      1622      1614      1616      1624      1623      1615
 -1        44    1    0    1
 -2      1621      1329      1330      1622      1624      1332      1331      1623
 -1        45    1    0    1
 -2      1179      1629      1630      1180      1182      1632      1631      1181
 -1        46    1    0    1
 -2      1629      1637      1638      1630      1632      1640      1639      1631
 -1        47    1    0    1
 -2      1637      1645      1646      1638      1640      1648      1647      1639
 -1        48    1    0    1
 -2      1645      1379      1380      1646      1648      1382      1381      1647
 -1        49    1    0    1
 -2       237      1653      1654       238       240      1656      1655       239
 -1        50    1    0    1
 -2      1653      1661      1662      1654      1656      1664      1663      1655
 -1        51    1    0    1
 -2      1661      1669      1670      1662      1664      1672      1671      1663
 -1        52    1    0    1
 -2      1669       287       288      1670      1672       290       289      1671
 -1        53    1    0    1
 -2       337      1677      1678       338       340      1680      1679       339
 -1        54    1    0    1
 -2      1677      1685      1686      1678      1680      1688      1687      1679
 -1        55    1    0    1
 -2      1685      1693      1694      1686      1688      1696      1695      1687
 -1        56    1    0    1
 -2      1693       387       388      1694      1696       390       389      1695
 -1        57    1    0    1
 -2       245      1701      1702       246       248      1704      1703       247
 -1        58    1    0    1
 -2      1701      1709      1710      1702      1704      1712      1711      1703
 -1        59    1    0    1
 -2      1709      1717      1718      1710      1712      1720      1719      1711
 -1        60    1    0    1
 -2      1717       345       346      1718      1720       348       347      1719
 -1        61    1    0    1
 -2       295      1725      1726       296       298      1728      1727       297
 -1        62    1    0    1
 -2      1725      1733      1734      1726      1728      1736      1735      1727
 -1        63    1    0    1
 -2      1733      1741      1742      1734      1736      1744      1743      1735
 -1        64    1    0    1
 -2      1741       395       396      1742      1744       398       397      1743
 -1        65    1    0    1
 -2       437      1749      1750       438       440      1752      1751       439
 -1        66    1    0    1
 -2      1749      1757      1758      1750      1752      1760      1759      1751
 -1        67    1    0    1
 -2      1757      1765      1766      1758      1760      1768      1767      1759
 -1        68    1    0    1
 -2      1765       487       488      1766      1768       490       489      1767
 -1        69    1    0    1
 -2       537      1773      1774       538       540      1776      1775       539
 -1        70    1    0    1
 -2      1773      1781      1782      1774      1776      1784      1783      1775
 -1        71    1    0    1
 -2      1781      1789      1790      1782      1784      1792      1791      1783
 -1        72    1    0    1
 -2      1789       587       588      1790      1792       590       589      1791
 -1        73    1    0    1
 -2       445      1797      1798       446       448      1800      1799       447
 -1        74    1    0    1
 -2      1797      1805      1806      1798      1800      1808      1807      1799
 -1        75    1    0    1
 -2      1805      1813      1814      1806      1808      1816      1815      1807
 -1        76    1    0    1
 -2      1813       545       546      1814      1816       548       547      1815
 -1        77    1    0    1
 -2       495      1821      1822       496       498      1824      1823       497
 -1        78    1    0    1
 -2      1821      1829      1830      1822      1824      1832      1831      1823
 -1        79    1    0    1
 -2      1829      1837      1838      1830      1832      1840      1839      1831
 -1        80    1    0    1
 -2      1837       595       596      1838      1840       598       597      1839
 -1        81    1    0    1
 -2       637      1845      1846       638       640      1848      1847       639
 -1        82    1    0    1
 -2      1845       687       688      1846      1848       690       689      1847
 -1        83    1    0    1
 -2       737      1853      1854       738       740      1856      1855       739
 -1        84    1    0    1
 -2      1853       787       788      1854      1856       790       789      1855
 -1        85    1    0    1
 -2       645      1861      1862       646       648      1864      1863       647
 -1        86    1    0    1
 -2      1861       745       746      1862      1864       748       747      1863
 -1        87    1    0    1
 -2       695      1869      1870       696       698      1872      1871       697
 -1        88    1    0    1
 -2      1869       795       796      1870      1872       798       797      1871
 -1        89    1    0    1
 -2       837      1877      1878       838       840      1880      1879       839
 -1        90    1    0    1
 -2      1877       887       888      1878      1880       890       889      1879
 -1        91    1    0    1
 -2       937      1885      1886       938       940      1888      1887       939
 -1        92    1    0    1
 -2      1885       987       988      1886      1888       990       989      1887
 -1        93    1    0    1
 -2       845      1893      1894       846       848      1896      1895       847
 -1        94    1    0    1
 -2      1893       945       946      1894      1896       948       947      1895
 -1        95    1    0    1
 -2       895      1901      1902       896       898      1904      1903       897
 -1        96    1    0    1
 -2      1901       995       996      1902      1904       998       997      1903
 -1        97    1    0    1
 -2      1037      1909      1910      1038      1040      1912      1911      1039
 -1        98    1    0    1
 -2      1909      1917      1918      1910      1912      1920      1919      1911
 -1        99    1    0    1
 -2      1917      1925      1926      1918      1920      1928      1927      1919
 -1       100    1    0    1
 -2      1925      1087      1088      1926      1928      1090      1089      1927
 -1       101    1    0    1
 -2      1137      1933      1934      1138      1140      1936      1935      1139
 -1       102    1    0    1
 -2      1933      1941      1942      1934      1936      1944      1943      1935
 -1       103    1    0    1
 -2      1941      1949      1950      1942      1944      1952      1951      1943
 -1       104    1    0    1
 -2      1949      1187      1188      1950      1952      1190      1189      1951
 -1       105    1    0    1
 -2      1045      1957      1958      1046      1048      1960      1959      1047
 -1       106    1    0    1
 -2      1957      1965      1966      1958      1960      1968      1967      1959
 -1       107    1    0    1
 -2      1965      1973      1974      1966      1968      1976      1975      1967
 -1       108    1    0    1
 -2      1973      1145      1146      1974      1976      1148      1147      1975
 -1       109    1    0    1
 -2      1095      1981      1982      1096      1098      1984      1983      1097
 -1       110    1    0    1
 -2      1981      1989      1990      1982      1984      1992      1991      1983
 -1       111    1    0    1
 -2      1989      1997      1998      1990      1992      2000      1999      1991
 -1       112    1    0    1
 -2      1997      1195      1196      1998      2000      1198      1197      1999
 -1       113    1    0    1
 -2      1237      2005      2006      1238      1240      2008      2007      1239
 -1       114    1    0    1
 -2      2005      2013      2014      2006      2008      2016      2015      2007
 -1       115    1    0    1
 -2      2013      2021      2022      2014      2016      2024      2023      2015
 -1       116    1    0    1
 -2      2021      1287      1288      2022      2024      1290      1289      2023
 -1       117    1    0    1
 -2      1337      2029      2030      1338      1340      2032      2031      1339
 -1       118    1    0    1
 -2      2029      2037      2038      2030      2032      2040      2039      2031
 -1       119    1    0    1
 -2      2037      2045      2046      2038      2040      2048      2047      2039
 -1       120    1    0    1
 -2      2045      1387      1388      2046      2048      1390      1389      2047
 -1       121    1    0    1
 -2      1245      2053      2054      1246      1248      2056      2055      1247
 -1       122    1    0    1
 -2      2053      2061      2062      2054      2056      2064      2063      2055
 -1       123    1    0    1
 -2      2061      2069      2070      2062      2064      2072      2071      2063
 -1       124    1    0    1
 -2      2069      1345      1346      2070      2072      1348      1347      2071
 -1       125    1    0    1
 -2      1295      2077      2078      1296      1298      2080      2079      1297
 -1       126    1    0    1
 -2      2077      2085      2086      2078      2080      2088      2087      2079
 -1       127    1    0    1
 -2      2085      2093      2094      2086      2088      2096      2095      2087
 -1       128    1    0    1
 -2      2093      1395      1396      2094      2096      1398      1397      2095
 -1       129    1    0    1
 -2       229      2101      2102       230       232      2104      2103       231
 -1       130    1    0    1
 -2      2101      2109      2110      2102      2104      2112      2111      2103
 -1       131    1    0    1
 -2      2109      2117      2118      2110      2112      2120      2119      2111
 -1       132    1    0    1
 -2      2117       529       530      2118      2120       532       531      2119
 -1       133    1    0    1
 -2       329      2125      2126       330       332      2128      2127       331
 -1       134    1    0    1
 -2      2125      2133      2134      2126      2128      2136      2135      2127
 -1       135    1    0    1
 -2      2133      2141      2142      2134      2136      2144      2143      2135
 -1       136    1    0    1
 -2      2141       429       430      2142      2144       432       431      2143
 -1       137    1    0    1
 -2       279      2149      2150       280       282      2152      2151       281
 -1       138    1    0    1
 -2      2149      2157      2158      2150      2152      2160      2159      2151
 -1       139    1    0    1
 -2      2157      2165      2166      2158      2160      2168      2167      2159
 -1       140    1    0    1
 -2      2165       579       580      2166      2168       582       581      2167
 -1       141    1    0    1
 -2       379      2173      2174       380       382      2176      2175       381
 -1       142    1    0    1
 -2      2173      2181      2182      2174      2176      2184      2183      2175
 -1       143    1    0    1
 -2      2181      2189      2190      2182      2184      2192      2191      2183
 -1       144    1    0    1
 -2      2189       479       480      2190      2192       482       481      2191
 -1       145    1    0    1
 -2       229      2197      2198       230       232      2200      2199       231
 -1       146    1    0    1
 -2      2197      2205      2206      2198      2200      2208      2207      2199
 -1       147    1    0    1
 -2      2205      2213      2214      2206      2208      2216      2215      2207
 -1       148    1    0    1
 -2      2213       479       480      2214      2216       482       481      2215
 -1       149    1    0    1
 -2       279      2221      2222       280       282      2224      2223       281
 -1       150    1    0    1
 -2      2221      2229      2230      2222      2224      2232      2231      2223
 -1       151    1    0    1
 -2      2229      2237      2238      2230      2232      2240      2239      2231
 -1       152    1    0    1
 -2      2237       429       430      2238      2240       432       431      2239
 -1       153    1    0    1
 -2       329      2245      2246       330       332      2248      2247       331
 -1       154    1    0    1
 -2      2245      2253      2254      2246      2248      2256      2255      2247
 -1       155    1    0    1
 -2      2253      2261      2262      2254      2256      2264      2263      2255
 -1       156    1    0    1
 -2      2261       579       580      2262      2264       582       581      2263
 -1       157    1    0    1
 -2       379      2269      2270       380       382      2272      2271       381
 -1       158    1    0    1
 -2      2269      2277      2278      2270      2272      2280      2279      2271
 -1       159    1    0    1
 -2      2277      2285      2286      2278      2280      2288      2287      2279
 -1       160    1    0    1
 -2      2285       529       530      2286      2288       532       531      2287
 -1       161    1    0    1
 -2       429      2293      2294       430       432      2296      2295       431
 -1       162    1    0    1
 -2      2293      2301      2302      2294      2296      2304      2303      2295
 -1       163    1    0    1
 -2      2301      2309      2310      2302      2304      2312      2311      2303
 -1       164    1    0    1
 -2      2309       729       730      2310      2312       732       731      2311
 -1       165    1    0    1
 -2       529      2317      2318       530       532      2320      2319       531
 -1       166    1    0    1
 -2      2317      2325      2326      2318      2320      2328      2327      2319
 -1       167    1    0    1
 -2      2325      2333      2334      2326      2328      2336      2335      2327
 -1       168    1    0    1
 -2      2333       629       630      2334      2336       632       631      2335
 -1       169    1    0    1
 -2       479      2341      2342       480       482      2344      2343       481
 -1       170    1    0    1
 -2      2341      2349      2350      2342      2344      2352      2351      2343
 -1       171    1    0    1
 -2      2349      2357      2358      2350      2352      2360      2359      2351
 -1       172    1    0    1
 -2      2357       779       780      2358      2360       782       781      2359
 -1       173    1    0    1
 -2       579      2365      2366       580       582      2368      2367       581
 -1       174    1    0    1
 -2      2365      2373      2374      2366      2368      2376      2375      2367
 -1       175    1    0    1
 -2      2373      2381      2382      2374      2376      2384      2383      2375
 -1       176    1    0    1
 -2      2381       679       680      2382      2384       682       681      2383
 -1       177    1    0    1
 -2       429      2389      2390       430       432      2392      2391       431
 -1       178    1    0    1
 -2      2389      2397      2398      2390      2392      2400      2399      2391
 -1       179    1    0    1
 -2      2397      2405      2406      2398      2400      2408      2407      2399
 -1       180    1    0    1
 -2      2405       679       680      2406      2408       682       681      2407
 -1       181    1    0    1
 -2       479      2413      2414       480       482      2416      2415       481
 -1       182    1    0    1
 -2      2413      2421      2422      2414      2416      2424      2423      2415
 -1       183    1    0    1
 -2      2421      2429      2430      2422      2424      2432      2431      2423
 -1       184    1    0    1
 -2      2429       629       630      2430      2432       632       631      2431
 -1       185    1    0    1
 -2       529      2437      2438       530       532      2440      2439       531
 -1       186    1    0    1
 -2      2437      2445      2446      2438      2440      2448      2447      2439
 -1       187    1    0    1
 -2      2445      2453      2454      2446      2448      2456      2455      2447
 -1       188    1    0    1
 -2      2453       779       780      2454      2456       782       781      2455
 -1       189    1    0    1
 -2       579      2461      2462       580       582      2464      2463       581
 -1       190    1    0    1
 -2      2461      2469      2470      2462      2464      2472      2471      2463
 -1       191    1    0    1
 -2      2469      2477      2478      2470      2472      2480      2479      2471
 -1       192    1    0    1
 -2      2477       729       730      2478      2480       732       731      2479
 -1       193    1    0    1
 -2       629      2485      2486       630       632      2488      2487       631
 -1       194    1    0    1
 -2      2485      2493      2494      2486      2488      2496      2495      2487
 -1       195    1    0    1
 -2      2493      2501      2502      2494      2496      2504      2503      2495
 -1       196    1    0    1
 -2      2501       929       930      2502      2504       932       931      2503
 -1       197    1    0    1
 -2       729      2509      2510       730       732      2512      2511       731
 -1       198    1    0    1
 -2      2509      2517      2518      2510      2512      2520      2519      2511
 -1       199    1    0    1
 -2      2517      2525      2526      2518      2520      2528      2527      2519
 -1       200    1    0    1
 -2      2525       829       830      2526      2528       832       831      2527
 -1       201    1    0    1
 -2       679      2533      2534       680       682      2536      2535       681
 -1       202    1    0    1
 -2      2533      2541      2542      2534      2536      2544      2543      2535
 -1       203    1    0    1
 -2      2541      2549      2550      2542      2544      2552      2551      2543
 -1       204    1    0    1
 -2      2549       979       980      2550      2552       982       981      2551
 -1       205    1    0    1
 -2       779      2557      2558       780       782      2560      2559       781
 -1       206    1    0    1
 -2      2557      2565      2566      2558      2560      2568      2567      2559
 -1       207    1    0    1
 -2      2565      2573      2574      2566      2568      2576      2575      2567
 -1       208    1    0    1
 -2      2573       879       880      2574      2576       882       881      2575
 -1       209    1    0    1
 -2       629      2581      2582       630       632      2584      2583       631
 -1       210    1    0    1
 -2      2581      2589      2590      2582      2584      2592      2591      2583
 -1       211    1    0    1
 -2      2589      2597      2598      2590      2592      2600      2599      2591
 -1       212    1    0    1
 -2      2597       879       880      2598      2600       882       881      2599
 -1       213    1    0    1
 -2       679      2605      2606       680       682      2608      2607       681
 -1       214    1    0    1
 -2      2605      2613      2614      2606      2608      2616      2615      2607
 -1       215    1    0    1
 -2      2613      2621      2622      2614      2616      2624      2623      2615
 -1       216    1    0    1
 -2      2621       829       830      2622      2624       832       831      2623
 -1       217    1    0    1
 -2       729      2629      2630       730       732      2632      2631       731
 -1       218    1    0    1
 -2      2629      2637      2638      2630      2632      2640      2639      2631
 -1       219    1    0    1
 -2      2637      2645      2646      2638      2640      2648      2647      2639
 -1       220    1    0    1
 -2      2645       979       980      2646      2648       982       981      2647
 -1       221    1    0    1
 -2       779      2653      2654       780       782      2656      2655       781
 -1       222    1    0    1
 -2      2653      2661      2662      2654      2656      2664      2663      2655
 -1       223    1    0    1
 -2      2661      2669      2670      2662      2664      2672      2671      2663
 -1       224    1    0    1
 -2      2669       929       930      2670      2672       932       931      2671
 -1       225    1    0    1
 -2       829      2677      2678       830       832      2680      2679       831
 -1       226    1    0    1
 -2      2677      2685      2686      2678      2680      2688      2687      2679
 -1       227    1    0    1
 -2      2685      2693      2694      2686      2688      2696      2695      2687
 -1       228    1    0    1
 -2      2693      1129      1130      2694      2696      1132      1131      2695
 -1       229    1    0    1
 -2       929      2701      2702       930       932      2704      2703       931
 -1       230    1    0    1
 -2      2701      2709      2710      2702      2704      2712      2711      2703
 -1       231    1    0    1
 -2      2709      2717      2718      2710      2712      2720      2719      2711
 -1       232    1    0    1
 -2      2717      1029      1030      2718      2720      1032      1031      2719
 -1       233    1    0    1
 -2       879      2725      2726       880       882      2728      2727       881
 -1       234    1    0    1
 -2      2725      2733      2734      2726      2728      2736      2735      2727
 -1       235    1    0    1
 -2      2733      2741      2742      2734      2736      2744      2743      2735
 -1       236    1    0    1
 -2      2741      1179      1180      2742      2744      1182      1181      2743
 -1       237    1    0    1
 -2       979      2749      2750       980       982      2752      2751       981
 -1       238    1    0    1
 -2      2749      2757      2758      2750      2752      2760      2759      2751
 -1       239    1    0    1
 -2      2757      2765      2766      2758      2760      2768      2767      2759
 -1       240    1    0    1
 -2      2765      1079      1080      2766      2768      1082      1081      2767
 -1       241    1    0    1
 -2       829      2773      2774       830       832      2776      2775       831
 -1       242    1    0    1
 -2      2773      2781      2782      2774      2776      2784      2783      2775
 -1       243    1    0    1
 -2      2781      2789      2790      2782      2784      2792      2791      2783
 -1       244    1    0    1
 -2      2789      1079      1080      2790      2792      1082      1081      2791
 -1       245    1    0    1
 -2       879      2797      2798       880       882      2800      2799       881
 -1       246    1    0    1
 -2      2797      2805      2806      2798      2800      2808      2807      2799
 -1       247    1    0    1
 -2      2805      2813      2814      2806      2808      2816      2815      2807
 -1       248    1    0    1
 -2      2813      1029      1030      2814      2816      1032      1031      2815
 -1       249    1    0    1
 -2       929      2821      2822       930       932      2824      2823       931
 -1       250    1    0    1
 -2      2821      2829      2830      2822      2824      2832      2831      2823
 -1       251    1    0    1
 -2      2829      2837      2838      2830      2832      2840      2839      2831
 -1       252    1    0    1
 -2      2837      1179      1180      2838      2840      1182      1181      2839
 -1       253    1    0    1
 -2       979      2845      2846       980       982      2848      2847       981
 -1       254    1    0    1
 -2      2845      2853      2854      2846      2848      2856      2855      2847
 -1       255    1    0    1
 -2      2853      2861      2862      2854      2856      2864      2863      2855
 -1       256    1    0    1
 -2      2861      1129      1130      2862      2864      1132      1131      2863
 -1       257    1    0    1
 -2      1029      2869      2870      1030      1032      2872      2871      1031
 -1       258    1    0    1
 -2      2869      2877      2878      2870      2872      2880      2879      2871
 -1       259    1    0    1
 -2      2877      2885      2886      2878      2880      2888      2887      2879
 -1       260    1    0    1
 -2      2885      1329      1330      2886      2888      1332      1331      2887
 -1       261    1    0    1
 -2      1129      2893      2894      1130      1132      2896      2895      1131
 -1       262    1    0    1
 -2      2893      2901      2902      2894      2896      2904      2903      2895
 -1       263    1    0    1
 -2      2901      2909      2910      2902      2904      2912      2911      2903
 -1       264    1    0    1
 -2      2909      1229      1230      2910      2912      1232      1231      2911
 -1       265    1    0    1
 -2      1079      2917      2918      1080      1082      2920      2919      1081
 -1       266    1    0    1
 -2      2917      2925      2926      2918      2920      2928      2927      2919
 -1       267    1    0    1
 -2      2925      2933      2934      2926      2928      2936      2935      2927
 -1       268    1    0    1
 -2      2933      1379      1380      2934      2936      1382      1381      2935
 -1       269    1    0    1
 -2      1179      2941      2942      1180      1182      2944      2943      1181
 -1       270    1    0    1
 -2      2941      2949      2950      2942      2944      2952      2951      2943
 -1       271    1    0    1
 -2      2949      2957      2958      2950      2952      2960      2959      2951
 -1       272    1    0    1
 -2      2957      1279      1280      2958      2960      1282      1281      2959
 -1       273    1    0    1
 -2      1029      2965      2966      1030      1032      2968      2967      1031
 -1       274    1    0    1
 -2      2965      2973      2974      2966      2968      2976      2975      2967
 -1       275    1    0    1
 -2      2973      2981      2982      2974      2976      2984      2983      2975
 -1       276    1    0    1
 -2      2981      1279      1280      2982      2984      1282      1281      2983
 -1       277    1    0    1
 -2      1079      2989      2990      1080      1082      2992      2991      1081
 -1       278    1    0    1
 -2      2989      2997      2998      2990      2992      3000      2999      2991
 -1       279    1    0    1
 -2      2997      3005      3006      2998      3000      3008      3007      2999
 -1       280    1    0    1
 -2      3005      1229      1230      3006      3008      1232      1231      3007
 -1       281    1    0    1
 -2      1129      3013      3014      1130      1132      3016      3015      1131
 -1       282    1    0    1
 -2      3013      3021      3022      3014      3016      3024      3023      3015
 -1       283    1    0    1
 -2      3021      3029      3030      3022      3024      3032      3031      3023
 -1       284    1    0    1
 -2      3029      1379      1380      3030      3032      1382      1381      3031
 -1       285    1    0    1
 -2      1179      3037      3038      1180      1182      3040      3039      1181
 -1       286    1    0    1
 -2      3037      3045      3046      3038      3040      3048      3047      3039
 -1       287    1    0    1
 -2      3045      3053      3054      3046      3048      3056      3055      3047
 -1       288    1    0    1
 -2      3053      1329      1330      3054      3056      1332      1331      3055
 -3
    1PSTEP                         1           1           1          
  100CL  101 1.000000000           0                     0    1           1
 -4  DISP        4    1
 -5  D1          1    2    1    0
 -5  D2          1    2    2    0
 -5  D3          1    2    3    0
 -5  ALL         1    2    0    0    1ALL
 -3
 9999
