SUMMARY OF C0NVERGENCE INFORMATION
  STEP   INC  ATT   ITER     CONT.   RESID.        CORR.      RESID.      CORR.
                              EL.    FORCE         DISP       FLUX        TEMP.
                              (#)     (%)           (%)        (%)         (%)
     1     1     1     1        0  0.2394E+03  0.1000E+03  0.0000E+00  0.0000E+00
     1     1     1     2        0  0.9682E-04  0.3476E-01  0.0000E+00  0.0000E+00
     1     2     1     1        0  0.2582E-03  0.6952E-01  0.0000E+00  0.0000E+00
     1     2     1     2        0  0.0000E+00  0.3835E-05  0.0000E+00  0.0000E+00
     1     3     1     1        0  0.6285E-03  0.8690E-01  0.0000E+00  0.0000E+00
     1     3     1     2        0  0.0000E+00  0.9436E-05  0.0000E+00  0.0000E+00
     1     4     1     1        0  0.1582E-02  0.1216E+00  0.0000E+00  0.0000E+00
     1     4     1     2        0  0.0000E+00  0.2613E-04  0.0000E+00  0.0000E+00
     1     5     1     1        0  0.1589E-02  0.1390E+00  0.0000E+00  0.0000E+00
     1     5     1     2        0  0.0000E+00  0.3685E-04  0.0000E+00  0.0000E+00
     1     6     1     1        0  0.1282E-02  0.1390E+00  0.0000E+00  0.0000E+00
     1     6     1     2        0  0.0000E+00  0.3997E-04  0.0000E+00  0.0000E+00
     1     7     1     1        0  0.1071E-02  0.1390E+00  0.0000E+00  0.0000E+00
     1     7     1     2        0  0.0000E+00  0.4308E-04  0.0000E+00  0.0000E+00
     1     8     1     1        0  0.9183E-03  0.1390E+00  0.0000E+00  0.0000E+00
     1     8     1     2        0  0.0000E+00  0.4618E-04  0.0000E+00  0.0000E+00
     1     9     1     1        0  0.8026E-03  0.1390E+00  0.0000E+00  0.0000E+00
     1     9     1     2        0  0.0000E+00  0.4928E-04  0.0000E+00  0.0000E+00
     1    10     1     1        0  0.6213E+01  0.1081E+02  0.0000E+00  0.0000E+00
     1    10     1     2        0  0.3949E-03  0.6383E-01  0.0000E+00  0.0000E+00
     1    11     1     1        0  0.6494E+02  0.2732E+02  0.0000E+00  0.0000E+00
     1    11     1     2        0  0.6833E-01  0.5348E+00  0.0000E+00  0.0000E+00
     1    12     1     1        0  0.7755E+01  0.2296E+02  0.0000E+00  0.0000E+00
     1    12     1     2        0  0.5932E-03  0.1317E+00  0.0000E+00  0.0000E+00
