    1C
    1UNormalized cross-passage space-truss torsion benchmark            
    1UUSER                                                              
    1UDATE              06.august.2026                                  
    1UTIME              08:14:13                                        
    1UHOST                                                              
    1UPGM               CalculiX                                        
    1UVERSION           Version 2.21                             
    1UCOMPILETIME       Sat Jul 29 10:52:01 CEST 2023                    
    1UDIR                                                               
    1UDBN                                                               
    1UMAT    1STEEL                                                     
    2C                           864                                     1
 -1       169-1.19385E+00 1.28564E-03-3.55031E-02
 -1       170-1.23028E+00 3.82143E-03-1.91941E-02
 -1       171-1.20615E+00-1.28564E-03 3.55031E-02
 -1       172-1.16972E+00-3.82143E-03 1.91941E-02
 -1       177-1.20000E+00-3.40000E-02-1.20000E-02
 -1       178-1.20000E+00-2.00000E-03-3.60000E-02
 -1       179-1.20000E+00 3.40000E-02 1.20000E-02
 -1       180-1.20000E+00 2.00000E-03 3.60000E-02
 -1       185-1.23328E+00-1.38675E-02 0.00000E+00
 -1       186-1.20000E+00-3.60555E-02 0.00000E+00
 -1       187-1.16672E+00 1.38675E-02 0.00000E+00
 -1       188-1.20000E+00 3.60555E-02 0.00000E+00
 -1       219 1.20192E+00 2.05963E-03-3.59455E-02
 -1       220 1.16765E+00-2.18482E-03-1.57609E-02
 -1       221 1.19808E+00-2.05963E-03 3.59455E-02
 -1       222 1.23235E+00 2.18482E-03 1.57609E-02
 -1       227 1.20000E+00-3.40000E-02-1.20000E-02
 -1       228 1.20000E+00-2.00000E-03-3.60000E-02
 -1       229 1.20000E+00 3.40000E-02 1.20000E-02
 -1       230 1.20000E+00 2.00000E-03 3.60000E-02
 -1       235 1.16672E+00-1.38675E-02 0.00000E+00
 -1       236 1.20000E+00-3.60555E-02 0.00000E+00
 -1       237 1.23328E+00 1.38675E-02 0.00000E+00
 -1       238 1.20000E+00 3.60555E-02 0.00000E+00
 -1       269-1.19302E+00-2.49641E-03 1.96472E+00
 -1       270-1.22982E+00 1.71693E-03 1.97980E+00
 -1       271-1.20698E+00 2.49641E-03 2.03528E+00
 -1       272-1.17018E+00-1.71693E-03 2.02020E+00
 -1       277-1.20000E+00-3.40000E-02 1.98800E+00
 -1       278-1.20000E+00-2.00000E-03 1.96400E+00
 -1       279-1.20000E+00 3.40000E-02 2.01200E+00
 -1       280-1.20000E+00 2.00000E-03 2.03600E+00
 -1       285-1.23328E+00-1.38675E-02 2.00000E+00
 -1       286-1.20000E+00-3.60555E-02 2.00000E+00
 -1       287-1.16672E+00 1.38675E-02 2.00000E+00
 -1       288-1.20000E+00 3.60555E-02 2.00000E+00
 -1       319 1.20331E+00-1.56926E-03 1.96413E+00
 -1       320 1.16828E+00-3.82516E-03 1.98330E+00
 -1       321 1.19669E+00 1.56926E-03 2.03587E+00
 -1       322 1.23172E+00 3.82516E-03 2.01670E+00
 -1       327 1.20000E+00-3.40000E-02 1.98800E+00
 -1       328 1.20000E+00-2.00000E-03 1.96400E+00
 -1       329 1.20000E+00 3.40000E-02 2.01200E+00
 -1       330 1.20000E+00 2.00000E-03 2.03600E+00
 -1       335 1.16672E+00-1.38675E-02 2.00000E+00
 -1       336 1.20000E+00-3.60555E-02 2.00000E+00
 -1       337 1.23328E+00 1.38675E-02 2.00000E+00
 -1       338 1.20000E+00 3.60555E-02 2.00000E+00
 -1       369-1.19526E+00 9.99953E+00-3.57391E-02
 -1       370-1.23117E+00 1.00000E+01-1.81267E-02
 -1       371-1.20474E+00 1.00005E+01 3.57391E-02
 -1       372-1.16883E+00 1.00000E+01 1.81267E-02
 -1       377-1.20102E+00 9.96591E+00-1.16828E-02
 -1       378-1.20007E+00 9.99767E+00-3.59798E-02
 -1       379-1.19898E+00 1.00341E+01 1.16828E-02
 -1       380-1.19993E+00 1.00023E+01 3.59798E-02
 -1       385-1.23354E+00 9.98678E+00 3.96605E-04
 -1       386-1.20069E+00 9.96397E+00 1.08098E-03
 -1       387-1.16646E+00 1.00132E+01-3.96605E-04
 -1       388-1.19931E+00 1.00360E+01-1.08098E-03
 -1       419 1.20434E+00 9.99996E+00-3.57935E-02
 -1       420 1.16863E+00 9.99975E+00-1.77714E-02
 -1       421 1.19566E+00 1.00000E+01 3.57935E-02
 -1       422 1.23137E+00 1.00003E+01 1.77714E-02
 -1       427 1.20102E+00 9.96614E+00-1.23355E-02
 -1       428 1.20005E+00 9.99836E+00-3.60180E-02
 -1       429 1.19898E+00 1.00339E+01 1.23355E-02
 -1       430 1.19995E+00 1.00016E+01 3.60180E-02
 -1       435 1.16697E+00 9.98555E+00-4.33494E-04
 -1       436 1.20064E+00 9.96397E+00-1.08101E-03
 -1       437 1.23303E+00 1.00145E+01 4.33494E-04
 -1       438 1.19936E+00 1.00360E+01 1.08101E-03
 -1       469-1.19542E+00 1.00000E+01 1.96424E+00
 -1       470-1.23125E+00 1.00003E+01 1.98202E+00
 -1       471-1.20458E+00 9.99996E+00 2.03576E+00
 -1       472-1.16875E+00 9.99975E+00 2.01798E+00
 -1       477-1.19898E+00 9.96614E+00 1.98766E+00
 -1       478-1.19995E+00 9.99836E+00 1.96398E+00
 -1       479-1.20102E+00 1.00339E+01 2.01234E+00
 -1       480-1.20005E+00 1.00016E+01 2.03602E+00
 -1       485-1.23303E+00 9.98555E+00 1.99957E+00
 -1       486-1.19936E+00 9.96397E+00 1.99892E+00
 -1       487-1.16697E+00 1.00145E+01 2.00043E+00
 -1       488-1.20064E+00 1.00360E+01 2.00108E+00
 -1       519 1.20417E+00 1.00005E+01 1.96419E+00
 -1       520 1.16855E+00 9.99999E+00 1.98238E+00
 -1       521 1.19583E+00 9.99954E+00 2.03581E+00
 -1       522 1.23145E+00 1.00000E+01 2.01762E+00
 -1       527 1.19898E+00 9.96591E+00 1.98832E+00
 -1       528 1.19993E+00 9.99767E+00 1.96402E+00
 -1       529 1.20102E+00 1.00341E+01 2.01168E+00
 -1       530 1.20007E+00 1.00023E+01 2.03598E+00
 -1       535 1.16646E+00 9.98678E+00 2.00040E+00
 -1       536 1.19931E+00 9.96397E+00 2.00108E+00
 -1       537 1.23354E+00 1.00132E+01 1.99960E+00
 -1       538 1.20069E+00 1.00360E+01 1.99892E+00
 -1       569-1.19529E+00 1.99999E+01-3.57462E-02
 -1       570-1.23118E+00 2.00002E+01-1.80980E-02
 -1       571-1.20471E+00 2.00001E+01 3.57462E-02
 -1       572-1.16882E+00 1.99998E+01 1.80980E-02
 -1       577-1.20000E+00 1.99660E+01-1.20000E-02
 -1       578-1.20000E+00 1.99980E+01-3.60000E-02
 -1       579-1.20000E+00 2.00340E+01 1.20000E-02
 -1       580-1.20000E+00 2.00020E+01 3.60000E-02
 -1       585-1.23328E+00 1.99861E+01 0.00000E+00
 -1       586-1.20000E+00 1.99639E+01 0.00000E+00
 -1       587-1.16672E+00 2.00139E+01 0.00000E+00
 -1       588-1.20000E+00 2.00361E+01 0.00000E+00
 -1       619 1.20452E+00 1.99996E+01-3.57684E-02
 -1       620 1.16872E+00 1.99996E+01-1.79293E-02
 -1       621 1.19548E+00 2.00004E+01 3.57684E-02
 -1       622 1.23128E+00 2.00004E+01 1.79293E-02
 -1       627 1.20000E+00 1.99660E+01-1.20000E-02
 -1       628 1.20000E+00 1.99980E+01-3.60000E-02
 -1       629 1.20000E+00 2.00340E+01 1.20000E-02
 -1       630 1.20000E+00 2.00020E+01 3.60000E-02
 -1       635 1.16672E+00 1.99861E+01 0.00000E+00
 -1       636 1.20000E+00 1.99639E+01 0.00000E+00
 -1       637 1.23328E+00 2.00139E+01 0.00000E+00
 -1       638 1.20000E+00 2.00361E+01 0.00000E+00
 -1       669-1.19545E+00 2.00004E+01 1.96424E+00
 -1       670-1.23126E+00 2.00004E+01 1.98205E+00
 -1       671-1.20455E+00 1.99996E+01 2.03576E+00
 -1       672-1.16874E+00 1.99996E+01 2.01795E+00
 -1       677-1.20000E+00 1.99660E+01 1.98800E+00
 -1       678-1.20000E+00 1.99980E+01 1.96400E+00
 -1       679-1.20000E+00 2.00340E+01 2.01200E+00
 -1       680-1.20000E+00 2.00020E+01 2.03600E+00
 -1       685-1.23328E+00 1.99861E+01 2.00000E+00
 -1       686-1.20000E+00 1.99639E+01 2.00000E+00
 -1       687-1.16672E+00 2.00139E+01 2.00000E+00
 -1       688-1.20000E+00 2.00361E+01 2.00000E+00
 -1       719 1.20436E+00 2.00001E+01 1.96421E+00
 -1       720 1.16864E+00 1.99998E+01 1.98221E+00
 -1       721 1.19564E+00 1.99999E+01 2.03579E+00
 -1       722 1.23136E+00 2.00002E+01 2.01779E+00
 -1       727 1.20000E+00 1.99660E+01 1.98800E+00
 -1       728 1.20000E+00 1.99980E+01 1.96400E+00
 -1       729 1.20000E+00 2.00340E+01 2.01200E+00
 -1       730 1.20000E+00 2.00020E+01 2.03600E+00
 -1       735 1.16672E+00 1.99861E+01 2.00000E+00
 -1       736 1.20000E+00 1.99639E+01 2.00000E+00
 -1       737 1.23328E+00 2.00139E+01 2.00000E+00
 -1       738 1.20000E+00 2.00361E+01 2.00000E+00
 -1       769-1.19503E+00 2.99994E+01-3.57057E-02
 -1       770-1.23105E+00 3.00002E+01-1.83321E-02
 -1       771-1.20497E+00 3.00006E+01 3.57057E-02
 -1       772-1.16895E+00 2.99998E+01 1.83321E-02
 -1       777-1.20145E+00 2.99659E+01-1.15569E-02
 -1       778-1.20010E+00 2.99975E+01-3.59709E-02
 -1       779-1.19855E+00 3.00341E+01 1.15569E-02
 -1       780-1.19990E+00 3.00025E+01 3.59709E-02
 -1       785-1.23365E+00 2.99871E+01 5.48678E-04
 -1       786-1.20099E+00 2.99640E+01 1.52775E-03
 -1       787-1.16635E+00 3.00129E+01-5.48678E-04
 -1       788-1.19901E+00 3.00360E+01-1.52775E-03
 -1       819 1.20437E+00 2.99995E+01-3.57873E-02
 -1       820 1.16865E+00 2.99993E+01-1.77866E-02
 -1       821 1.19563E+00 3.00005E+01 3.57873E-02
 -1       822 1.23135E+00 3.00007E+01 1.77866E-02
 -1       827 1.20143E+00 2.99662E+01-1.24797E-02
 -1       828 1.20006E+00 2.99985E+01-3.60247E-02
 -1       829 1.19857E+00 3.00338E+01 1.24797E-02
 -1       830 1.19994E+00 3.00015E+01 3.60247E-02
 -1       835 1.16707E+00 2.99853E+01-6.22501E-04
 -1       836 1.20089E+00 2.99640E+01-1.52786E-03
 -1       837 1.23293E+00 3.00147E+01 6.22501E-04
 -1       838 1.19911E+00 3.00360E+01 1.52786E-03
 -1       869-1.19535E+00 3.00005E+01 1.96425E+00
 -1       870-1.23121E+00 3.00007E+01 1.98197E+00
 -1       871-1.20465E+00 2.99995E+01 2.03575E+00
 -1       872-1.16879E+00 2.99993E+01 2.01803E+00
 -1       877-1.19857E+00 2.99662E+01 1.98752E+00
 -1       878-1.19994E+00 2.99985E+01 1.96398E+00
 -1       879-1.20143E+00 3.00338E+01 2.01248E+00
 -1       880-1.20006E+00 3.00015E+01 2.03602E+00
 -1       885-1.23293E+00 2.99853E+01 1.99938E+00
 -1       886-1.19911E+00 2.99640E+01 1.99847E+00
 -1       887-1.16707E+00 3.00147E+01 2.00062E+00
 -1       888-1.20089E+00 3.00360E+01 2.00153E+00
 -1       919 1.20401E+00 3.00006E+01 1.96417E+00
 -1       920 1.16847E+00 2.99998E+01 1.98251E+00
 -1       921 1.19599E+00 2.99994E+01 2.03583E+00
 -1       922 1.23153E+00 3.00002E+01 2.01749E+00
 -1       927 1.19855E+00 2.99659E+01 1.98844E+00
 -1       928 1.19990E+00 2.99975E+01 1.96403E+00
 -1       929 1.20145E+00 3.00341E+01 2.01156E+00
 -1       930 1.20010E+00 3.00025E+01 2.03597E+00
 -1       935 1.16635E+00 2.99871E+01 2.00055E+00
 -1       936 1.19901E+00 2.99640E+01 2.00153E+00
 -1       937 1.23365E+00 3.00129E+01 1.99945E+00
 -1       938 1.20099E+00 3.00360E+01 1.99847E+00
 -1       969-1.19504E+00 3.99992E+01-3.57040E-02
 -1       970-1.23105E+00 4.00000E+01-1.83218E-02
 -1       971-1.20496E+00 4.00008E+01 3.57040E-02
 -1       972-1.16895E+00 4.00000E+01 1.83218E-02
 -1       977-1.20000E+00 3.99660E+01-1.20000E-02
 -1       978-1.20000E+00 3.99980E+01-3.60000E-02
 -1       979-1.20000E+00 4.00340E+01 1.20000E-02
 -1       980-1.20000E+00 4.00020E+01 3.60000E-02
 -1       985-1.23328E+00 3.99861E+01 0.00000E+00
 -1       986-1.20000E+00 3.99639E+01 0.00000E+00
 -1       987-1.16672E+00 4.00139E+01 0.00000E+00
 -1       988-1.20000E+00 4.00361E+01 0.00000E+00
 -1      1019 1.20429E+00 3.99999E+01-3.57995E-02
 -1      1020 1.16861E+00 3.99995E+01-1.77242E-02
 -1      1021 1.19571E+00 4.00001E+01 3.57995E-02
 -1      1022 1.23139E+00 4.00005E+01 1.77242E-02
 -1      1027 1.20000E+00 3.99660E+01-1.20000E-02
 -1      1028 1.20000E+00 3.99980E+01-3.60000E-02
 -1      1029 1.20000E+00 4.00340E+01 1.20000E-02
 -1      1030 1.20000E+00 4.00020E+01 3.60000E-02
 -1      1035 1.16672E+00 3.99861E+01 0.00000E+00
 -1      1036 1.20000E+00 3.99639E+01 0.00000E+00
 -1      1037 1.23328E+00 4.00139E+01 0.00000E+00
 -1      1038 1.20000E+00 4.00361E+01 0.00000E+00
 -1      1069-1.19532E+00 4.00001E+01 1.96425E+00
 -1      1070-1.23120E+00 4.00005E+01 1.98193E+00
 -1      1071-1.20468E+00 3.99999E+01 2.03575E+00
 -1      1072-1.16880E+00 3.99995E+01 2.01807E+00
 -1      1077-1.20000E+00 3.99660E+01 1.98800E+00
 -1      1078-1.20000E+00 3.99980E+01 1.96400E+00
 -1      1079-1.20000E+00 4.00340E+01 2.01200E+00
 -1      1080-1.20000E+00 4.00020E+01 2.03600E+00
 -1      1085-1.23328E+00 3.99861E+01 2.00000E+00
 -1      1086-1.20000E+00 3.99639E+01 2.00000E+00
 -1      1087-1.16672E+00 4.00139E+01 2.00000E+00
 -1      1088-1.20000E+00 4.00361E+01 2.00000E+00
 -1      1119 1.20398E+00 4.00008E+01 1.96417E+00
 -1      1120 1.16846E+00 4.00000E+01 1.98254E+00
 -1      1121 1.19602E+00 3.99992E+01 2.03583E+00
 -1      1122 1.23154E+00 4.00000E+01 2.01746E+00
 -1      1127 1.20000E+00 3.99660E+01 1.98800E+00
 -1      1128 1.20000E+00 3.99980E+01 1.96400E+00
 -1      1129 1.20000E+00 4.00340E+01 2.01200E+00
 -1      1130 1.20000E+00 4.00020E+01 2.03600E+00
 -1      1135 1.16672E+00 3.99861E+01 2.00000E+00
 -1      1136 1.20000E+00 3.99639E+01 2.00000E+00
 -1      1137 1.23328E+00 4.00139E+01 2.00000E+00
 -1      1138 1.20000E+00 4.00361E+01 2.00000E+00
 -1      1169-1.19622E+00 4.99980E+01-3.58033E-02
 -1      1170-1.23157E+00 4.99968E+01-1.71203E-02
 -1      1171-1.20378E+00 5.00020E+01 3.58033E-02
 -1      1172-1.16843E+00 5.00032E+01 1.71203E-02
 -1      1177-1.20000E+00 4.99660E+01-1.20000E-02
 -1      1178-1.20000E+00 4.99980E+01-3.60000E-02
 -1      1179-1.20000E+00 5.00340E+01 1.20000E-02
 -1      1180-1.20000E+00 5.00020E+01 3.60000E-02
 -1      1185-1.23328E+00 4.99861E+01 0.00000E+00
 -1      1186-1.20000E+00 4.99639E+01 0.00000E+00
 -1      1187-1.16672E+00 5.00139E+01 0.00000E+00
 -1      1188-1.20000E+00 5.00361E+01 0.00000E+00
 -1      1219 1.20667E+00 4.99963E+01-3.52437E-02
 -1      1220 1.16994E+00 5.00003E+01-1.99053E-02
 -1      1221 1.19333E+00 5.00037E+01 3.52437E-02
 -1      1222 1.23006E+00 4.99997E+01 1.99053E-02
 -1      1227 1.20000E+00 4.99660E+01-1.20000E-02
 -1      1228 1.20000E+00 4.99980E+01-3.60000E-02
 -1      1229 1.20000E+00 5.00340E+01 1.20000E-02
 -1      1230 1.20000E+00 5.00020E+01 3.60000E-02
 -1      1235 1.16672E+00 4.99861E+01 0.00000E+00
 -1      1236 1.20000E+00 4.99639E+01 0.00000E+00
 -1      1237 1.23328E+00 5.00139E+01 0.00000E+00
 -1      1238 1.20000E+00 5.00361E+01 0.00000E+00
 -1      1269-1.19824E+00 5.00034E+01 1.96415E+00
 -1      1270-1.23248E+00 4.99992E+01 1.98438E+00
 -1      1271-1.20176E+00 4.99966E+01 2.03585E+00
 -1      1272-1.16752E+00 5.00008E+01 2.01562E+00
 -1      1277-1.20000E+00 4.99660E+01 1.98800E+00
 -1      1278-1.20000E+00 4.99980E+01 1.96400E+00
 -1      1279-1.20000E+00 5.00340E+01 2.01200E+00
 -1      1280-1.20000E+00 5.00020E+01 2.03600E+00
 -1      1285-1.23328E+00 4.99861E+01 2.00000E+00
 -1      1286-1.20000E+00 4.99639E+01 2.00000E+00
 -1      1287-1.16672E+00 5.00139E+01 2.00000E+00
 -1      1288-1.20000E+00 5.00361E+01 2.00000E+00
 -1      1319 1.20533E+00 5.00018E+01 1.96439E+00
 -1      1320 1.16921E+00 5.00033E+01 1.98152E+00
 -1      1321 1.19467E+00 4.99982E+01 2.03561E+00
 -1      1322 1.23079E+00 4.99967E+01 2.01848E+00
 -1      1327 1.20000E+00 4.99660E+01 1.98800E+00
 -1      1328 1.20000E+00 4.99980E+01 1.96400E+00
 -1      1329 1.20000E+00 5.00340E+01 2.01200E+00
 -1      1330 1.20000E+00 5.00020E+01 2.03600E+00
 -1      1335 1.16672E+00 4.99861E+01 2.00000E+00
 -1      1336 1.20000E+00 4.99639E+01 2.00000E+00
 -1      1337 1.23328E+00 5.00139E+01 2.00000E+00
 -1      1338 1.20000E+00 5.00361E+01 2.00000E+00
 -1      1369-1.19553E+00 1.50000E+01-1.85778E-01
 -1      1370-1.23131E+00 1.50000E+01-1.67883E-01
 -1      1371-1.20447E+00 1.50000E+01-1.14222E-01
 -1      1372-1.16869E+00 1.50000E+01-1.32117E-01
 -1      1377 1.20447E+00 1.50000E+01 1.14222E-01
 -1      1378 1.16869E+00 1.50000E+01 1.32117E-01
 -1      1379 1.19553E+00 1.50000E+01 1.85778E-01
 -1      1380 1.23131E+00 1.50000E+01 1.67883E-01
 -1      1385-1.19553E+00 1.50000E+01 1.81422E+00
 -1      1386-1.23131E+00 1.50000E+01 1.83212E+00
 -1      1387-1.20447E+00 1.50000E+01 1.88578E+00
 -1      1388-1.16869E+00 1.50000E+01 1.86788E+00
 -1      1393 1.20447E+00 1.50000E+01 2.11422E+00
 -1      1394 1.16869E+00 1.50000E+01 2.13212E+00
 -1      1395 1.19553E+00 1.50000E+01 2.18578E+00
 -1      1396 1.23131E+00 1.50000E+01 2.16788E+00
 -1      1401-1.19522E+00 4.24989E+01-1.41787E-01
 -1      1402-1.23115E+00 4.24995E+01-1.24216E-01
 -1      1403-1.20478E+00 4.25011E+01-7.03450E-02
 -1      1404-1.16885E+00 4.25005E+01-8.79159E-02
 -1      1409-1.19553E+00 4.50000E+01-1.85777E-01
 -1      1410-1.23131E+00 4.50000E+01-1.67887E-01
 -1      1411-1.20447E+00 4.50000E+01-1.14223E-01
 -1      1412-1.16869E+00 4.50000E+01-1.32113E-01
 -1      1417-1.19586E+00 4.75011E+01-1.41867E-01
 -1      1418-1.23147E+00 4.75005E+01-1.23652E-01
 -1      1419-1.20414E+00 4.74989E+01-7.02647E-02
 -1      1420-1.16853E+00 4.74995E+01-8.84797E-02
 -1      1425 1.20414E+00 4.25011E+01 7.02647E-02
 -1      1426 1.16853E+00 4.25005E+01 8.84797E-02
 -1      1427 1.19586E+00 4.24989E+01 1.41867E-01
 -1      1428 1.23147E+00 4.24995E+01 1.23652E-01
 -1      1433 1.20447E+00 4.50000E+01 1.14223E-01
 -1      1434 1.16869E+00 4.50000E+01 1.32113E-01
 -1      1435 1.19553E+00 4.50000E+01 1.85777E-01
 -1      1436 1.23131E+00 4.50000E+01 1.67887E-01
 -1      1441 1.20478E+00 4.74989E+01 7.03450E-02
 -1      1442 1.16885E+00 4.74995E+01 8.79159E-02
 -1      1443 1.19522E+00 4.75011E+01 1.41787E-01
 -1      1444 1.23115E+00 4.75005E+01 1.24216E-01
 -1      1449-1.19522E+00 4.24989E+01 1.85821E+00
 -1      1450-1.23115E+00 4.24995E+01 1.87578E+00
 -1      1451-1.20478E+00 4.25011E+01 1.92966E+00
 -1      1452-1.16885E+00 4.25005E+01 1.91208E+00
 -1      1457-1.19553E+00 4.50000E+01 1.81422E+00
 -1      1458-1.23131E+00 4.50000E+01 1.83211E+00
 -1      1459-1.20447E+00 4.50000E+01 1.88578E+00
 -1      1460-1.16869E+00 4.50000E+01 1.86789E+00
 -1      1465-1.19586E+00 4.75011E+01 1.85813E+00
 -1      1466-1.23147E+00 4.75005E+01 1.87635E+00
 -1      1467-1.20414E+00 4.74989E+01 1.92974E+00
 -1      1468-1.16853E+00 4.74995E+01 1.91152E+00
 -1      1473 1.20414E+00 4.25011E+01 2.07026E+00
 -1      1474 1.16853E+00 4.25005E+01 2.08848E+00
 -1      1475 1.19586E+00 4.24989E+01 2.14187E+00
 -1      1476 1.23147E+00 4.24995E+01 2.12365E+00
 -1      1481 1.20447E+00 4.50000E+01 2.11422E+00
 -1      1482 1.16869E+00 4.50000E+01 2.13211E+00
 -1      1483 1.19553E+00 4.50000E+01 2.18578E+00
 -1      1484 1.23131E+00 4.50000E+01 2.16789E+00
 -1      1489 1.20478E+00 4.74989E+01 2.07034E+00
 -1      1490 1.16885E+00 4.74995E+01 2.08792E+00
 -1      1491 1.19522E+00 4.75011E+01 2.14179E+00
 -1      1492 1.23115E+00 4.75005E+01 2.12422E+00
 -1      1497 0.00000E+00 9.93000E+00-1.20023E-02
 -1      1498 0.00000E+00 9.96200E+00-3.60001E-02
 -1      1499 0.00000E+00 9.99800E+00 1.20023E-02
 -1      1500 0.00000E+00 9.96600E+00 3.60001E-02
 -1      1505 0.00000E+00 1.00020E+01 1.98800E+00
 -1      1506 0.00000E+00 1.00340E+01 1.96400E+00
 -1      1507 0.00000E+00 1.00700E+01 2.01200E+00
 -1      1508 0.00000E+00 1.00380E+01 2.03600E+00
 -1      1513-1.23329E+00 1.00161E+01 1.00000E+00
 -1      1514-1.20002E+00 9.99394E+00 1.00000E+00
 -1      1515-1.16671E+00 1.00439E+01 1.00000E+00
 -1      1516-1.19998E+00 1.00661E+01 1.00000E+00
 -1      1521 1.16671E+00 9.95615E+00 1.00000E+00
 -1      1522 1.19998E+00 9.93394E+00 1.00000E+00
 -1      1523 1.23329E+00 9.98385E+00 1.00000E+00
 -1      1524 1.20002E+00 1.00061E+01 1.00000E+00
 -1      1529-6.01023E-01 2.99404E+01-1.16832E-02
 -1      1530-6.00070E-01 2.99722E+01-3.59798E-02
 -1      1531-5.98977E-01 3.00086E+01 1.16832E-02
 -1      1532-5.99930E-01 2.99769E+01 3.59798E-02
 -1      1537 0.00000E+00 2.99300E+01-1.20008E-02
 -1      1538 0.00000E+00 2.99620E+01-3.60000E-02
 -1      1539 0.00000E+00 2.99980E+01 1.20008E-02
 -1      1540 0.00000E+00 2.99660E+01 3.60000E-02
 -1      1545 6.01016E-01 2.99407E+01-1.23359E-02
 -1      1546 6.00049E-01 2.99729E+01-3.60180E-02
 -1      1547 5.98984E-01 3.00084E+01 1.23359E-02
 -1      1548 5.99951E-01 2.99762E+01 3.60180E-02
 -1      1553-5.98984E-01 2.99916E+01 1.98766E+00
 -1      1554-5.99951E-01 3.00238E+01 1.96398E+00
 -1      1555-6.01016E-01 3.00593E+01 2.01234E+00
 -1      1556-6.00049E-01 3.00271E+01 2.03602E+00
 -1      1561 0.00000E+00 3.00020E+01 1.98800E+00
 -1      1562 0.00000E+00 3.00340E+01 1.96400E+00
 -1      1563 0.00000E+00 3.00700E+01 2.01200E+00
 -1      1564 0.00000E+00 3.00380E+01 2.03600E+00
 -1      1569 5.98977E-01 2.99914E+01 1.98832E+00
 -1      1570 5.99930E-01 3.00231E+01 1.96402E+00
 -1      1571 6.01023E-01 3.00596E+01 2.01168E+00
 -1      1572 6.00070E-01 3.00278E+01 2.03598E+00
 -1      1577-1.23354E+00 3.00080E+01 5.00396E-01
 -1      1578-1.20070E+00 2.99852E+01 5.01081E-01
 -1      1579-1.16646E+00 3.00344E+01 4.99604E-01
 -1      1580-1.19930E+00 3.00572E+01 4.98919E-01
 -1      1585-1.23328E+00 3.00161E+01 1.00000E+00
 -1      1586-1.20001E+00 2.99939E+01 1.00000E+00
 -1      1587-1.16672E+00 3.00439E+01 1.00000E+00
 -1      1588-1.19999E+00 3.00661E+01 1.00000E+00
 -1      1593-1.23303E+00 3.00068E+01 1.49957E+00
 -1      1594-1.19936E+00 2.99852E+01 1.49892E+00
 -1      1595-1.16697E+00 3.00357E+01 1.50043E+00
 -1      1596-1.20064E+00 3.00572E+01 1.50108E+00
 -1      1601 1.16697E+00 2.99643E+01 4.99567E-01
 -1      1602 1.20064E+00 2.99428E+01 4.98919E-01
 -1      1603 1.23303E+00 2.99932E+01 5.00433E-01
 -1      1604 1.19936E+00 3.00148E+01 5.01081E-01
 -1      1609 1.16672E+00 2.99561E+01 1.00000E+00
 -1      1610 1.19999E+00 2.99339E+01 1.00000E+00
 -1      1611 1.23328E+00 2.99839E+01 1.00000E+00
 -1      1612 1.20001E+00 3.00061E+01 1.00000E+00
 -1      1617 1.16646E+00 2.99656E+01 1.50040E+00
 -1      1618 1.19930E+00 2.99428E+01 1.50108E+00
 -1      1619 1.23354E+00 2.99920E+01 1.49960E+00
 -1      1620 1.20070E+00 3.00148E+01 1.49892E+00
 -1      1625-1.19777E+00 2.52721E+00 3.58451E-01
 -1      1626-1.23236E+00 2.52386E+00 3.78258E-01
 -1      1627-1.20223E+00 2.51522E+00 4.29417E-01
 -1      1628-1.16764E+00 2.51856E+00 4.09610E-01
 -1      1633-1.19829E+00 5.03706E+00 8.14685E-01
 -1      1634-1.23259E+00 5.03303E+00 8.34866E-01
 -1      1635-1.20171E+00 5.02294E+00 8.85315E-01
 -1      1636-1.16741E+00 5.02697E+00 8.65134E-01
 -1      1641-1.19884E+00 7.52934E+00 1.35882E+00
 -1      1642-1.23282E+00 7.52458E+00 1.37939E+00
 -1      1643-1.20116E+00 7.51309E+00 1.42904E+00
 -1      1644-1.16718E+00 7.51785E+00 1.40848E+00
 -1      1649-1.19407E+00 2.51529E+00 1.57100E+00
 -1      1650-1.23055E+00 2.51802E+00 1.58719E+00
 -1      1651-1.20593E+00 2.52714E+00 1.64113E+00
 -1      1652-1.16945E+00 2.52440E+00 1.62495E+00
 -1      1657-1.19388E+00 5.02303E+00 1.11516E+00
 -1      1658-1.23044E+00 5.02621E+00 1.13106E+00
 -1      1659-1.20612E+00 5.03697E+00 1.18484E+00
 -1      1660-1.16956E+00 5.03379E+00 1.16894E+00
 -1      1665-1.19370E+00 7.51321E+00 5.71480E-01
 -1      1666-1.23034E+00 7.51682E+00 5.87095E-01
 -1      1667-1.20630E+00 7.52922E+00 6.40652E-01
 -1      1668-1.16966E+00 7.52560E+00 6.25037E-01
 -1      1673 1.20223E+00 2.52721E+00 3.58451E-01
 -1      1674 1.16764E+00 2.52386E+00 3.78258E-01
 -1      1675 1.19777E+00 2.51522E+00 4.29417E-01
 -1      1676 1.23236E+00 2.51856E+00 4.09610E-01
 -1      1681 1.20171E+00 5.03706E+00 8.14685E-01
 -1      1682 1.16741E+00 5.03303E+00 8.34866E-01
 -1      1683 1.19829E+00 5.02294E+00 8.85315E-01
 -1      1684 1.23259E+00 5.02697E+00 8.65134E-01
 -1      1689 1.20116E+00 7.52934E+00 1.35882E+00
 -1      1690 1.16718E+00 7.52458E+00 1.37939E+00
 -1      1691 1.19884E+00 7.51309E+00 1.42904E+00
 -1      1692 1.23282E+00 7.51785E+00 1.40848E+00
 -1      1697 1.20593E+00 2.51529E+00 1.57100E+00
 -1      1698 1.16945E+00 2.51802E+00 1.58719E+00
 -1      1699 1.19407E+00 2.52714E+00 1.64113E+00
 -1      1700 1.23055E+00 2.52440E+00 1.62495E+00
 -1      1705 1.20612E+00 5.02303E+00 1.11516E+00
 -1      1706 1.16956E+00 5.02621E+00 1.13106E+00
 -1      1707 1.19388E+00 5.03697E+00 1.18484E+00
 -1      1708 1.23044E+00 5.03379E+00 1.16894E+00
 -1      1713 1.20630E+00 7.51321E+00 5.71480E-01
 -1      1714 1.16966E+00 7.51682E+00 5.87095E-01
 -1      1715 1.19370E+00 7.52922E+00 6.40652E-01
 -1      1716 1.23034E+00 7.52560E+00 6.25037E-01
 -1      1721-4.83328E-01 2.47166E+00-3.43393E-02
 -1      1722-5.20442E-01 2.48175E+00-2.33534E-02
 -1      1723-5.04540E-01 2.47743E+00 3.43393E-02
 -1      1724-4.67426E-01 2.46734E+00 2.33534E-02
 -1      1729 1.59904E-01 4.96162E+00-3.45869E-02
 -1      1730 1.22764E-01 4.97054E+00-2.27046E-02
 -1      1731 1.40096E-01 4.96638E+00 3.45869E-02
 -1      1732 1.77236E-01 4.95746E+00 2.27046E-02
 -1      1737 7.15261E-01 7.47263E+00-3.48107E-02
 -1      1738 6.78146E-01 7.48037E+00-2.20585E-02
 -1      1739 6.96871E-01 7.47646E+00 3.48107E-02
 -1      1740 7.33986E-01 7.46872E+00 2.20585E-02
 -1      1745 4.93632E-01 2.47446E+00-3.60542E-02
 -1      1746 4.61704E-01 2.46578E+00-1.35783E-02
 -1      1747 4.94236E-01 2.47463E+00 3.60542E-02
 -1      1748 5.26164E-01 2.48331E+00 1.35783E-02
 -1      1753-1.49866E-01 4.96403E+00-3.60553E-02
 -1      1754-1.82311E-01 4.95625E+00-1.39944E-02
 -1      1755-1.50134E-01 4.96397E+00 3.60553E-02
 -1      1756-1.17689E-01 4.97175E+00 1.39944E-02
 -1      1761-7.05470E-01 7.47467E+00-3.60504E-02
 -1      1762-7.38413E-01 7.46780E+00-1.44278E-02
 -1      1763-7.06662E-01 7.47442E+00 3.60504E-02
 -1      1764-6.73719E-01 7.48129E+00 1.44278E-02
 -1      1769-4.83328E-01 2.47166E+00 1.96566E+00
 -1      1770-5.20442E-01 2.48175E+00 1.97665E+00
 -1      1771-5.04540E-01 2.47743E+00 2.03434E+00
 -1      1772-4.67426E-01 2.46734E+00 2.02335E+00
 -1      1777 1.59904E-01 4.96162E+00 1.96541E+00
 -1      1778 1.22764E-01 4.97054E+00 1.97730E+00
 -1      1779 1.40096E-01 4.96638E+00 2.03459E+00
 -1      1780 1.77236E-01 4.95746E+00 2.02270E+00
 -1      1785 7.15261E-01 7.47263E+00 1.96519E+00
 -1      1786 6.78146E-01 7.48037E+00 1.97794E+00
 -1      1787 6.96871E-01 7.47646E+00 2.03481E+00
 -1      1788 7.33986E-01 7.46872E+00 2.02206E+00
 -1      1793 4.93632E-01 2.47446E+00 1.96395E+00
 -1      1794 4.61704E-01 2.46578E+00 1.98642E+00
 -1      1795 4.94236E-01 2.47463E+00 2.03605E+00
 -1      1796 5.26164E-01 2.48331E+00 2.01358E+00
 -1      1801-1.49866E-01 4.96403E+00 1.96394E+00
 -1      1802-1.82311E-01 4.95625E+00 1.98601E+00
 -1      1803-1.50134E-01 4.96397E+00 2.03606E+00
 -1      1804-1.17689E-01 4.97175E+00 2.01399E+00
 -1      1809-7.05470E-01 7.47467E+00 1.96395E+00
 -1      1810-7.38413E-01 7.46780E+00 1.98557E+00
 -1      1811-7.06662E-01 7.47442E+00 2.03605E+00
 -1      1812-6.73719E-01 7.48129E+00 2.01443E+00
 -1      1817-1.19777E+00 2.25272E+01 3.58451E-01
 -1      1818-1.23236E+00 2.25239E+01 3.78258E-01
 -1      1819-1.20223E+00 2.25152E+01 4.29417E-01
 -1      1820-1.16764E+00 2.25186E+01 4.09610E-01
 -1      1825-1.19829E+00 2.50371E+01 8.14685E-01
 -1      1826-1.23259E+00 2.50330E+01 8.34866E-01
 -1      1827-1.20171E+00 2.50229E+01 8.85315E-01
 -1      1828-1.16741E+00 2.50270E+01 8.65134E-01
 -1      1833-1.19884E+00 2.75293E+01 1.35882E+00
 -1      1834-1.23282E+00 2.75246E+01 1.37939E+00
 -1      1835-1.20116E+00 2.75131E+01 1.42904E+00
 -1      1836-1.16718E+00 2.75178E+01 1.40848E+00
 -1      1841-1.19407E+00 2.25153E+01 1.57100E+00
 -1      1842-1.23055E+00 2.25180E+01 1.58719E+00
 -1      1843-1.20593E+00 2.25271E+01 1.64113E+00
 -1      1844-1.16945E+00 2.25244E+01 1.62495E+00
 -1      1849-1.19388E+00 2.50230E+01 1.11516E+00
 -1      1850-1.23044E+00 2.50262E+01 1.13106E+00
 -1      1851-1.20612E+00 2.50370E+01 1.18484E+00
 -1      1852-1.16956E+00 2.50338E+01 1.16894E+00
 -1      1857-1.19370E+00 2.75132E+01 5.71480E-01
 -1      1858-1.23034E+00 2.75168E+01 5.87095E-01
 -1      1859-1.20630E+00 2.75292E+01 6.40652E-01
 -1      1860-1.16966E+00 2.75256E+01 6.25037E-01
 -1      1865 1.20223E+00 2.25272E+01 3.58451E-01
 -1      1866 1.16764E+00 2.25239E+01 3.78258E-01
 -1      1867 1.19777E+00 2.25152E+01 4.29417E-01
 -1      1868 1.23236E+00 2.25186E+01 4.09610E-01
 -1      1873 1.20171E+00 2.50371E+01 8.14685E-01
 -1      1874 1.16741E+00 2.50330E+01 8.34866E-01
 -1      1875 1.19829E+00 2.50229E+01 8.85315E-01
 -1      1876 1.23259E+00 2.50270E+01 8.65134E-01
 -1      1881 1.20116E+00 2.75293E+01 1.35882E+00
 -1      1882 1.16718E+00 2.75246E+01 1.37939E+00
 -1      1883 1.19884E+00 2.75131E+01 1.42904E+00
 -1      1884 1.23282E+00 2.75178E+01 1.40848E+00
 -1      1889 1.20593E+00 2.25153E+01 1.57100E+00
 -1      1890 1.16945E+00 2.25180E+01 1.58719E+00
 -1      1891 1.19407E+00 2.25271E+01 1.64113E+00
 -1      1892 1.23055E+00 2.25244E+01 1.62495E+00
 -1      1897 1.20612E+00 2.50230E+01 1.11516E+00
 -1      1898 1.16956E+00 2.50262E+01 1.13106E+00
 -1      1899 1.19388E+00 2.50370E+01 1.18484E+00
 -1      1900 1.23044E+00 2.50338E+01 1.16894E+00
 -1      1905 1.20630E+00 2.75132E+01 5.71480E-01
 -1      1906 1.16966E+00 2.75168E+01 5.87095E-01
 -1      1907 1.19370E+00 2.75292E+01 6.40652E-01
 -1      1908 1.23034E+00 2.75256E+01 6.25037E-01
 -1      1913-4.83328E-01 2.24717E+01-3.43393E-02
 -1      1914-5.20442E-01 2.24818E+01-2.33534E-02
 -1      1915-5.04540E-01 2.24774E+01 3.43393E-02
 -1      1916-4.67426E-01 2.24673E+01 2.33534E-02
 -1      1921 1.59904E-01 2.49616E+01-3.45869E-02
 -1      1922 1.22764E-01 2.49705E+01-2.27046E-02
 -1      1923 1.40096E-01 2.49664E+01 3.45869E-02
 -1      1924 1.77236E-01 2.49575E+01 2.27046E-02
 -1      1929 7.15261E-01 2.74726E+01-3.48107E-02
 -1      1930 6.78146E-01 2.74804E+01-2.20585E-02
 -1      1931 6.96871E-01 2.74765E+01 3.48107E-02
 -1      1932 7.33986E-01 2.74687E+01 2.20585E-02
 -1      1937 4.93632E-01 2.24745E+01-3.60542E-02
 -1      1938 4.61704E-01 2.24658E+01-1.35783E-02
 -1      1939 4.94236E-01 2.24746E+01 3.60542E-02
 -1      1940 5.26164E-01 2.24833E+01 1.35783E-02
 -1      1945-1.49866E-01 2.49640E+01-3.60553E-02
 -1      1946-1.82311E-01 2.49562E+01-1.39944E-02
 -1      1947-1.50134E-01 2.49640E+01 3.60553E-02
 -1      1948-1.17689E-01 2.49718E+01 1.39944E-02
 -1      1953-7.05470E-01 2.74747E+01-3.60504E-02
 -1      1954-7.38413E-01 2.74678E+01-1.44278E-02
 -1      1955-7.06662E-01 2.74744E+01 3.60504E-02
 -1      1956-6.73719E-01 2.74813E+01 1.44278E-02
 -1      1961-4.83328E-01 2.24717E+01 1.96566E+00
 -1      1962-5.20442E-01 2.24818E+01 1.97665E+00
 -1      1963-5.04540E-01 2.24774E+01 2.03434E+00
 -1      1964-4.67426E-01 2.24673E+01 2.02335E+00
 -1      1969 1.59904E-01 2.49616E+01 1.96541E+00
 -1      1970 1.22764E-01 2.49705E+01 1.97730E+00
 -1      1971 1.40096E-01 2.49664E+01 2.03459E+00
 -1      1972 1.77236E-01 2.49575E+01 2.02270E+00
 -1      1977 7.15261E-01 2.74726E+01 1.96519E+00
 -1      1978 6.78146E-01 2.74804E+01 1.97794E+00
 -1      1979 6.96871E-01 2.74765E+01 2.03481E+00
 -1      1980 7.33986E-01 2.74687E+01 2.02206E+00
 -1      1985 4.93632E-01 2.24745E+01 1.96395E+00
 -1      1986 4.61704E-01 2.24658E+01 1.98642E+00
 -1      1987 4.94236E-01 2.24746E+01 2.03605E+00
 -1      1988 5.26164E-01 2.24833E+01 2.01358E+00
 -1      1993-1.49866E-01 2.49640E+01 1.96394E+00
 -1      1994-1.82311E-01 2.49562E+01 1.98601E+00
 -1      1995-1.50134E-01 2.49640E+01 2.03606E+00
 -1      1996-1.17689E-01 2.49718E+01 2.01399E+00
 -1      2001-7.05470E-01 2.74747E+01 1.96395E+00
 -1      2002-7.38413E-01 2.74678E+01 1.98557E+00
 -1      2003-7.06662E-01 2.74744E+01 2.03605E+00
 -1      2004-6.73719E-01 2.74813E+01 2.01443E+00
 -1      2009-1.19757E+00 3.12670E+01 1.57055E-01
 -1      2010-1.23227E+00 3.12640E+01 1.76710E-01
 -1      2011-1.20243E+00 3.12559E+01 2.28140E-01
 -1      2012-1.16773E+00 3.12590E+01 2.08485E-01
 -1      2017-1.19773E+00 3.25271E+01 3.58438E-01
 -1      2018-1.23234E+00 3.25238E+01 3.78214E-01
 -1      2019-1.20227E+00 3.25153E+01 4.29430E-01
 -1      2020-1.16766E+00 3.25186E+01 4.09654E-01
 -1      2025-1.19798E+00 3.37842E+01 5.76000E-01
 -1      2026-1.23245E+00 3.37805E+01 5.95959E-01
 -1      2027-1.20202E+00 3.37713E+01 6.46836E-01
 -1      2028-1.16755E+00 3.37749E+01 6.26877E-01
 -1      2033-1.19828E+00 3.50371E+01 8.14685E-01
 -1      2034-1.23258E+00 3.50330E+01 8.34863E-01
 -1      2035-1.20172E+00 3.50229E+01 8.85315E-01
 -1      2036-1.16742E+00 3.50270E+01 8.65137E-01
 -1      2041-1.19860E+00 3.62854E+01 1.07622E+00
 -1      2042-1.23272E+00 3.62809E+01 1.09662E+00
 -1      2043-1.20140E+00 3.62700E+01 1.14662E+00
 -1      2044-1.16728E+00 3.62745E+01 1.12622E+00
 -1      2049-1.19888E+00 3.75294E+01 1.35884E+00
 -1      2050-1.23284E+00 3.75246E+01 1.37943E+00
 -1      2051-1.20112E+00 3.75130E+01 1.42902E+00
 -1      2052-1.16716E+00 3.75178E+01 1.40843E+00
 -1      2057-1.19908E+00 3.87700E+01 1.65759E+00
 -1      2058-1.23292E+00 3.87650E+01 1.67830E+00
 -1      2059-1.20092E+00 3.87529E+01 1.72761E+00
 -1      2060-1.16708E+00 3.87580E+01 1.70689E+00
 -1      2065-1.19416E+00 3.12560E+01 1.77225E+00
 -1      2066-1.23060E+00 3.12585E+01 1.78856E+00
 -1      2067-1.20584E+00 3.12670E+01 1.84256E+00
 -1      2068-1.16940E+00 3.12644E+01 1.82625E+00
 -1      2073-1.19409E+00 3.25154E+01 1.57098E+00
 -1      2074-1.23056E+00 3.25181E+01 1.58719E+00
 -1      2075-1.20591E+00 3.25271E+01 1.64115E+00
 -1      2076-1.16944E+00 3.25244E+01 1.62494E+00
 -1      2081-1.19399E+00 3.37714E+01 1.35360E+00
 -1      2082-1.23051E+00 3.37743E+01 1.36967E+00
 -1      2083-1.20601E+00 3.37841E+01 1.42356E+00
 -1      2084-1.16949E+00 3.37812E+01 1.40749E+00
 -1      2089-1.19388E+00 3.50230E+01 1.11516E+00
 -1      2090-1.23044E+00 3.50262E+01 1.13106E+00
 -1      2091-1.20612E+00 3.50370E+01 1.18484E+00
 -1      2092-1.16956E+00 3.50338E+01 1.16894E+00
 -1      2097-1.19377E+00 3.62701E+01 8.53886E-01
 -1      2098-1.23038E+00 3.62736E+01 8.69618E-01
 -1      2099-1.20623E+00 3.62853E+01 9.23278E-01
 -1      2100-1.16962E+00 3.62819E+01 9.07546E-01
 -1      2105-1.19368E+00 3.75131E+01 5.71502E-01
 -1      2106-1.23034E+00 3.75168E+01 5.87093E-01
 -1      2107-1.20632E+00 3.75293E+01 6.40630E-01
 -1      2108-1.16966E+00 3.75257E+01 6.25039E-01
 -1      2113-1.19363E+00 3.87531E+01 2.72930E-01
 -1      2114-1.23031E+00 3.87568E+01 2.88429E-01
 -1      2115-1.20637E+00 3.87699E+01 3.41875E-01
 -1      2116-1.16969E+00 3.87661E+01 3.26376E-01
 -1      2121 1.20243E+00 3.12670E+01 1.57055E-01
 -1      2122 1.16773E+00 3.12640E+01 1.76710E-01
 -1      2123 1.19757E+00 3.12559E+01 2.28140E-01
 -1      2124 1.23227E+00 3.12590E+01 2.08485E-01
 -1      2129 1.20227E+00 3.25271E+01 3.58438E-01
 -1      2130 1.16766E+00 3.25238E+01 3.78214E-01
 -1      2131 1.19773E+00 3.25153E+01 4.29430E-01
 -1      2132 1.23234E+00 3.25186E+01 4.09654E-01
 -1      2137 1.20202E+00 3.37842E+01 5.76000E-01
 -1      2138 1.16755E+00 3.37805E+01 5.95959E-01
 -1      2139 1.19798E+00 3.37713E+01 6.46836E-01
 -1      2140 1.23245E+00 3.37749E+01 6.26877E-01
 -1      2145 1.20172E+00 3.50371E+01 8.14685E-01
 -1      2146 1.16742E+00 3.50330E+01 8.34863E-01
 -1      2147 1.19828E+00 3.50229E+01 8.85315E-01
 -1      2148 1.23258E+00 3.50270E+01 8.65137E-01
 -1      2153 1.20140E+00 3.62854E+01 1.07622E+00
 -1      2154 1.16728E+00 3.62809E+01 1.09662E+00
 -1      2155 1.19860E+00 3.62700E+01 1.14662E+00
 -1      2156 1.23272E+00 3.62745E+01 1.12622E+00
 -1      2161 1.20112E+00 3.75294E+01 1.35884E+00
 -1      2162 1.16716E+00 3.75246E+01 1.37943E+00
 -1      2163 1.19888E+00 3.75130E+01 1.42902E+00
 -1      2164 1.23284E+00 3.75178E+01 1.40843E+00
 -1      2169 1.20092E+00 3.87700E+01 1.65759E+00
 -1      2170 1.16708E+00 3.87650E+01 1.67830E+00
 -1      2171 1.19908E+00 3.87529E+01 1.72761E+00
 -1      2172 1.23292E+00 3.87580E+01 1.70689E+00
 -1      2177 1.20584E+00 3.12560E+01 1.77225E+00
 -1      2178 1.16940E+00 3.12585E+01 1.78856E+00
 -1      2179 1.19416E+00 3.12670E+01 1.84256E+00
 -1      2180 1.23060E+00 3.12644E+01 1.82625E+00
 -1      2185 1.20591E+00 3.25154E+01 1.57098E+00
 -1      2186 1.16944E+00 3.25181E+01 1.58719E+00
 -1      2187 1.19409E+00 3.25271E+01 1.64115E+00
 -1      2188 1.23056E+00 3.25244E+01 1.62494E+00
 -1      2193 1.20601E+00 3.37714E+01 1.35360E+00
 -1      2194 1.16949E+00 3.37743E+01 1.36967E+00
 -1      2195 1.19399E+00 3.37841E+01 1.42356E+00
 -1      2196 1.23051E+00 3.37812E+01 1.40749E+00
 -1      2201 1.20612E+00 3.50230E+01 1.11516E+00
 -1      2202 1.16956E+00 3.50262E+01 1.13106E+00
 -1      2203 1.19388E+00 3.50370E+01 1.18484E+00
 -1      2204 1.23044E+00 3.50338E+01 1.16894E+00
 -1      2209 1.20623E+00 3.62701E+01 8.53886E-01
 -1      2210 1.16962E+00 3.62736E+01 8.69618E-01
 -1      2211 1.19377E+00 3.62853E+01 9.23278E-01
 -1      2212 1.23038E+00 3.62819E+01 9.07546E-01
 -1      2217 1.20632E+00 3.75131E+01 5.71502E-01
 -1      2218 1.16966E+00 3.75168E+01 5.87093E-01
 -1      2219 1.19368E+00 3.75293E+01 6.40630E-01
 -1      2220 1.23034E+00 3.75257E+01 6.25039E-01
 -1      2225 1.20637E+00 3.87531E+01 2.72930E-01
 -1      2226 1.16969E+00 3.87568E+01 2.88429E-01
 -1      2227 1.19363E+00 3.87699E+01 3.41875E-01
 -1      2228 1.23031E+00 3.87661E+01 3.26376E-01
 -1      2233-8.31704E-01 3.12331E+01-3.42295E-02
 -1      2234-8.68791E-01 3.12437E+01-2.36225E-02
 -1      2235-8.53491E-01 3.12393E+01 3.42295E-02
 -1      2236-8.16404E-01 3.12288E+01 2.36225E-02
 -1      2241-4.83271E-01 3.24716E+01-3.43179E-02
 -1      2242-5.20380E-01 3.24818E+01-2.34066E-02
 -1      2243-5.04597E-01 3.24775E+01 3.43179E-02
 -1      2244-4.67488E-01 3.24673E+01 2.34066E-02
 -1      2249-1.51102E-01 3.37141E+01-3.44451E-02
 -1      2250-1.88233E-01 3.37237E+01-2.30837E-02
 -1      2251-1.71734E-01 3.37194E+01 3.44451E-02
 -1      2252-1.34603E-01 3.37098E+01 2.30837E-02
 -1      2257 1.59903E-01 3.49616E+01-3.45874E-02
 -1      2258 1.22764E-01 3.49705E+01-2.27035E-02
 -1      2259 1.40097E-01 3.49664E+01 3.45874E-02
 -1      2260 1.77236E-01 3.49575E+01 2.27035E-02
 -1      2265 4.48070E-01 3.62146E+01-3.47212E-02
 -1      2266 4.10939E-01 3.62229E+01-2.23246E-02
 -1      2267 4.29094E-01 3.62188E+01 3.47212E-02
 -1      2268 4.66225E-01 3.62106E+01 2.23246E-02
 -1      2273 7.15201E-01 3.74727E+01-3.48283E-02
 -1      2274 6.78091E-01 3.74803E+01-2.20050E-02
 -1      2275 6.96931E-01 3.74764E+01 3.48283E-02
 -1      2276 7.34041E-01 3.74688E+01 2.20050E-02
 -1      2281 9.66302E-01 3.87345E+01-3.48965E-02
 -1      2282 9.29212E-01 3.87417E+01-2.17923E-02
 -1      2283 9.48503E-01 3.87380E+01 3.48965E-02
 -1      2284 9.85593E-01 3.87307E+01 2.17923E-02
 -1      2289 8.42124E-01 3.12361E+01-3.60521E-02
 -1      2290 8.10413E-01 3.12270E+01-1.34113E-02
 -1      2291 8.43071E-01 3.12364E+01 3.60521E-02
 -1      2292 8.74781E-01 3.12454E+01 1.34113E-02
 -1      2297 4.93597E-01 3.24745E+01-3.60538E-02
 -1      2298 4.61712E-01 3.24657E+01-1.35445E-02
 -1      2299 4.94271E-01 3.24746E+01 3.60538E-02
 -1      2300 5.26156E-01 3.24834E+01 1.35445E-02
 -1      2305 1.61293E-01 3.37167E+01-3.60553E-02
 -1      2306 1.29148E-01 3.37084E+01-1.37478E-02
 -1      2307 1.61544E-01 3.37168E+01 3.60553E-02
 -1      2308 1.93688E-01 3.37251E+01 1.37478E-02
 -1      2313-1.49867E-01 3.49640E+01-3.60553E-02
 -1      2314-1.82312E-01 3.49562E+01-1.39935E-02
 -1      2315-1.50133E-01 3.49640E+01 3.60553E-02
 -1      2316-1.17688E-01 3.49718E+01 1.39935E-02
 -1      2321-4.38181E-01 3.62168E+01-3.60532E-02
 -1      2322-4.70920E-01 3.62096E+01-1.42455E-02
 -1      2323-4.38983E-01 3.62167E+01 3.60532E-02
 -1      2324-4.06244E-01 3.62239E+01 1.42455E-02
 -1      2329-7.05431E-01 3.74747E+01-3.60497E-02
 -1      2330-7.38414E-01 3.74679E+01-1.44640E-02
 -1      2331-7.06701E-01 3.74744E+01 3.60497E-02
 -1      2332-6.73718E-01 3.74812E+01 1.44640E-02
 -1      2337-9.56607E-01 3.87364E+01-3.60464E-02
 -1      2338-9.89751E-01 3.87299E+01-1.46123E-02
 -1      2339-9.58198E-01 3.87361E+01 3.60464E-02
 -1      2340-9.25054E-01 3.87425E+01 1.46123E-02
 -1      2345-8.31704E-01 3.12331E+01 1.96577E+00
 -1      2346-8.68791E-01 3.12437E+01 1.97638E+00
 -1      2347-8.53491E-01 3.12393E+01 2.03423E+00
 -1      2348-8.16404E-01 3.12288E+01 2.02362E+00
 -1      2353-4.83271E-01 3.24716E+01 1.96568E+00
 -1      2354-5.20380E-01 3.24818E+01 1.97659E+00
 -1      2355-5.04597E-01 3.24775E+01 2.03432E+00
 -1      2356-4.67488E-01 3.24673E+01 2.02341E+00
 -1      2361-1.51102E-01 3.37141E+01 1.96555E+00
 -1      2362-1.88233E-01 3.37237E+01 1.97692E+00
 -1      2363-1.71734E-01 3.37194E+01 2.03445E+00
 -1      2364-1.34603E-01 3.37098E+01 2.02308E+00
 -1      2369 1.59903E-01 3.49616E+01 1.96541E+00
 -1      2370 1.22764E-01 3.49705E+01 1.97730E+00
 -1      2371 1.40097E-01 3.49664E+01 2.03459E+00
 -1      2372 1.77236E-01 3.49575E+01 2.02270E+00
 -1      2377 4.48070E-01 3.62146E+01 1.96528E+00
 -1      2378 4.10939E-01 3.62229E+01 1.97768E+00
 -1      2379 4.29094E-01 3.62188E+01 2.03472E+00
 -1      2380 4.66225E-01 3.62106E+01 2.02232E+00
 -1      2385 7.15201E-01 3.74727E+01 1.96517E+00
 -1      2386 6.78091E-01 3.74803E+01 1.97800E+00
 -1      2387 6.96931E-01 3.74764E+01 2.03483E+00
 -1      2388 7.34041E-01 3.74688E+01 2.02200E+00
 -1      2393 9.66302E-01 3.87345E+01 1.96510E+00
 -1      2394 9.29212E-01 3.87417E+01 1.97821E+00
 -1      2395 9.48503E-01 3.87380E+01 2.03490E+00
 -1      2396 9.85593E-01 3.87307E+01 2.02179E+00
 -1      2401 8.42124E-01 3.12361E+01 1.96395E+00
 -1      2402 8.10413E-01 3.12270E+01 1.98659E+00
 -1      2403 8.43071E-01 3.12364E+01 2.03605E+00
 -1      2404 8.74781E-01 3.12454E+01 2.01341E+00
 -1      2409 4.93597E-01 3.24745E+01 1.96395E+00
 -1      2410 4.61712E-01 3.24657E+01 1.98646E+00
 -1      2411 4.94271E-01 3.24746E+01 2.03605E+00
 -1      2412 5.26156E-01 3.24834E+01 2.01354E+00
 -1      2417 1.61293E-01 3.37167E+01 1.96394E+00
 -1      2418 1.29148E-01 3.37084E+01 1.98625E+00
 -1      2419 1.61544E-01 3.37168E+01 2.03606E+00
 -1      2420 1.93688E-01 3.37251E+01 2.01375E+00
 -1      2425-1.49867E-01 3.49640E+01 1.96394E+00
 -1      2426-1.82312E-01 3.49562E+01 1.98601E+00
 -1      2427-1.50133E-01 3.49640E+01 2.03606E+00
 -1      2428-1.17688E-01 3.49718E+01 2.01399E+00
 -1      2433-4.38181E-01 3.62168E+01 1.96395E+00
 -1      2434-4.70920E-01 3.62096E+01 1.98575E+00
 -1      2435-4.38983E-01 3.62167E+01 2.03605E+00
 -1      2436-4.06244E-01 3.62239E+01 2.01425E+00
 -1      2441-7.05431E-01 3.74747E+01 1.96395E+00
 -1      2442-7.38414E-01 3.74679E+01 1.98554E+00
 -1      2443-7.06701E-01 3.74744E+01 2.03605E+00
 -1      2444-6.73718E-01 3.74812E+01 2.01446E+00
 -1      2449-9.56607E-01 3.87364E+01 1.96395E+00
 -1      2450-9.89751E-01 3.87299E+01 1.98539E+00
 -1      2451-9.58198E-01 3.87361E+01 2.03605E+00
 -1      2452-9.25054E-01 3.87425E+01 2.01461E+00
 -1      2457-1.19830E+00 4.50371E+01 8.14684E-01
 -1      2458-1.23259E+00 4.50330E+01 8.34874E-01
 -1      2459-1.20170E+00 4.50229E+01 8.85316E-01
 -1      2460-1.16741E+00 4.50270E+01 8.65126E-01
 -1      2465-1.19388E+00 4.50230E+01 1.11516E+00
 -1      2466-1.23044E+00 4.50262E+01 1.13106E+00
 -1      2467-1.20612E+00 4.50370E+01 1.18484E+00
 -1      2468-1.16956E+00 4.50338E+01 1.16894E+00
 -1      2473 1.20170E+00 4.50371E+01 8.14684E-01
 -1      2474 1.16741E+00 4.50330E+01 8.34874E-01
 -1      2475 1.19830E+00 4.50229E+01 8.85316E-01
 -1      2476 1.23259E+00 4.50270E+01 8.65126E-01
 -1      2481 1.20612E+00 4.50230E+01 1.11516E+00
 -1      2482 1.16956E+00 4.50262E+01 1.13106E+00
 -1      2483 1.19388E+00 4.50370E+01 1.18484E+00
 -1      2484 1.23044E+00 4.50338E+01 1.16894E+00
 -1      2489 1.59908E-01 4.49616E+01-3.45858E-02
 -1      2490 1.22767E-01 4.49705E+01-2.27077E-02
 -1      2491 1.40092E-01 4.49664E+01 3.45858E-02
 -1      2492 1.77233E-01 4.49575E+01 2.27077E-02
 -1      2497-1.49864E-01 4.49640E+01-3.60552E-02
 -1      2498-1.82310E-01 4.49562E+01-1.39967E-02
 -1      2499-1.50136E-01 4.49640E+01 3.60552E-02
 -1      2500-1.17690E-01 4.49718E+01 1.39967E-02
 -1      2505 1.59908E-01 4.49616E+01 1.96541E+00
 -1      2506 1.22767E-01 4.49705E+01 1.97729E+00
 -1      2507 1.40092E-01 4.49664E+01 2.03459E+00
 -1      2508 1.77233E-01 4.49575E+01 2.02271E+00
 -1      2513-1.49864E-01 4.49640E+01 1.96394E+00
 -1      2514-1.82310E-01 4.49562E+01 1.98600E+00
 -1      2515-1.50136E-01 4.49640E+01 2.03606E+00
 -1      2516-1.17690E-01 4.49718E+01 2.01400E+00
 -3
    3C                           228                                     1
 -1         1    1    0    1
 -2       169       369       370       170       172       372       371       171
 -1         2    1    0    1
 -2       219       419       420       220       222       422       421       221
 -1         3    1    0    1
 -2       269       469       470       270       272       472       471       271
 -1         4    1    0    1
 -2       319       519       520       320       322       522       521       321
 -1         5    1    0    1
 -2       369      1369      1370       370       372      1372      1371       371
 -1         6    1    0    1
 -2      1369       569       570      1370      1372       572       571      1371
 -1         7    1    0    1
 -2       419      1377      1378       420       422      1380      1379       421
 -1         8    1    0    1
 -2      1377       619       620      1378      1380       622       621      1379
 -1         9    1    0    1
 -2       469      1385      1386       470       472      1388      1387       471
 -1        10    1    0    1
 -2      1385       669       670      1386      1388       672       671      1387
 -1        11    1    0    1
 -2       519      1393      1394       520       522      1396      1395       521
 -1        12    1    0    1
 -2      1393       719       720      1394      1396       722       721      1395
 -1        13    1    0    1
 -2       569       769       770       570       572       772       771       571
 -1        14    1    0    1
 -2       619       819       820       620       622       822       821       621
 -1        15    1    0    1
 -2       669       869       870       670       672       872       871       671
 -1        16    1    0    1
 -2       719       919       920       720       722       922       921       721
 -1        17    1    0    1
 -2       769       969       970       770       772       972       971       771
 -1        18    1    0    1
 -2       819      1019      1020       820       822      1022      1021       821
 -1        19    1    0    1
 -2       869      1069      1070       870       872      1072      1071       871
 -1        20    1    0    1
 -2       919      1119      1120       920       922      1122      1121       921
 -1        21    1    0    1
 -2       969      1401      1402       970       972      1404      1403       971
 -1        22    1    0    1
 -2      1401      1409      1410      1402      1404      1412      1411      1403
 -1        23    1    0    1
 -2      1409      1417      1418      1410      1412      1420      1419      1411
 -1        24    1    0    1
 -2      1417      1169      1170      1418      1420      1172      1171      1419
 -1        25    1    0    1
 -2      1019      1425      1426      1020      1022      1428      1427      1021
 -1        26    1    0    1
 -2      1425      1433      1434      1426      1428      1436      1435      1427
 -1        27    1    0    1
 -2      1433      1441      1442      1434      1436      1444      1443      1435
 -1        28    1    0    1
 -2      1441      1219      1220      1442      1444      1222      1221      1443
 -1        29    1    0    1
 -2      1069      1449      1450      1070      1072      1452      1451      1071
 -1        30    1    0    1
 -2      1449      1457      1458      1450      1452      1460      1459      1451
 -1        31    1    0    1
 -2      1457      1465      1466      1458      1460      1468      1467      1459
 -1        32    1    0    1
 -2      1465      1269      1270      1466      1468      1272      1271      1467
 -1        33    1    0    1
 -2      1119      1473      1474      1120      1122      1476      1475      1121
 -1        34    1    0    1
 -2      1473      1481      1482      1474      1476      1484      1483      1475
 -1        35    1    0    1
 -2      1481      1489      1490      1482      1484      1492      1491      1483
 -1        36    1    0    1
 -2      1489      1319      1320      1490      1492      1322      1321      1491
 -1        37    1    0    1
 -2       177       227       228       178       180       230       229       179
 -1        38    1    0    1
 -2       277       327       328       278       280       330       329       279
 -1        39    1    0    1
 -2       185       285       286       186       188       288       287       187
 -1        40    1    0    1
 -2       235       335       336       236       238       338       337       237
 -1        41    1    0    1
 -2       377      1497      1498       378       380      1500      1499       379
 -1        42    1    0    1
 -2      1497       427       428      1498      1500       430       429      1499
 -1        43    1    0    1
 -2       477      1505      1506       478       480      1508      1507       479
 -1        44    1    0    1
 -2      1505       527       528      1506      1508       530       529      1507
 -1        45    1    0    1
 -2       385      1513      1514       386       388      1516      1515       387
 -1        46    1    0    1
 -2      1513       485       486      1514      1516       488       487      1515
 -1        47    1    0    1
 -2       435      1521      1522       436       438      1524      1523       437
 -1        48    1    0    1
 -2      1521       535       536      1522      1524       538       537      1523
 -1        49    1    0    1
 -2       577       627       628       578       580       630       629       579
 -1        50    1    0    1
 -2       677       727       728       678       680       730       729       679
 -1        51    1    0    1
 -2       585       685       686       586       588       688       687       587
 -1        52    1    0    1
 -2       635       735       736       636       638       738       737       637
 -1        53    1    0    1
 -2       777      1529      1530       778       780      1532      1531       779
 -1        54    1    0    1
 -2      1529      1537      1538      1530      1532      1540      1539      1531
 -1        55    1    0    1
 -2      1537      1545      1546      1538      1540      1548      1547      1539
 -1        56    1    0    1
 -2      1545       827       828      1546      1548       830       829      1547
 -1        57    1    0    1
 -2       877      1553      1554       878       880      1556      1555       879
 -1        58    1    0    1
 -2      1553      1561      1562      1554      1556      1564      1563      1555
 -1        59    1    0    1
 -2      1561      1569      1570      1562      1564      1572      1571      1563
 -1        60    1    0    1
 -2      1569       927       928      1570      1572       930       929      1571
 -1        61    1    0    1
 -2       785      1577      1578       786       788      1580      1579       787
 -1        62    1    0    1
 -2      1577      1585      1586      1578      1580      1588      1587      1579
 -1        63    1    0    1
 -2      1585      1593      1594      1586      1588      1596      1595      1587
 -1        64    1    0    1
 -2      1593       885       886      1594      1596       888       887      1595
 -1        65    1    0    1
 -2       835      1601      1602       836       838      1604      1603       837
 -1        66    1    0    1
 -2      1601      1609      1610      1602      1604      1612      1611      1603
 -1        67    1    0    1
 -2      1609      1617      1618      1610      1612      1620      1619      1611
 -1        68    1    0    1
 -2      1617       935       936      1618      1620       938       937      1619
 -1        69    1    0    1
 -2       977      1027      1028       978       980      1030      1029       979
 -1        70    1    0    1
 -2      1077      1127      1128      1078      1080      1130      1129      1079
 -1        71    1    0    1
 -2       985      1085      1086       986       988      1088      1087       987
 -1        72    1    0    1
 -2      1035      1135      1136      1036      1038      1138      1137      1037
 -1        73    1    0    1
 -2      1177      1227      1228      1178      1180      1230      1229      1179
 -1        74    1    0    1
 -2      1277      1327      1328      1278      1280      1330      1329      1279
 -1        75    1    0    1
 -2      1185      1285      1286      1186      1188      1288      1287      1187
 -1        76    1    0    1
 -2      1235      1335      1336      1236      1238      1338      1337      1237
 -1        77    1    0    1
 -2       169      1625      1626       170       172      1628      1627       171
 -1        78    1    0    1
 -2      1625      1633      1634      1626      1628      1636      1635      1627
 -1        79    1    0    1
 -2      1633      1641      1642      1634      1636      1644      1643      1635
 -1        80    1    0    1
 -2      1641       469       470      1642      1644       472       471      1643
 -1        81    1    0    1
 -2       269      1649      1650       270       272      1652      1651       271
 -1        82    1    0    1
 -2      1649      1657      1658      1650      1652      1660      1659      1651
 -1        83    1    0    1
 -2      1657      1665      1666      1658      1660      1668      1667      1659
 -1        84    1    0    1
 -2      1665       369       370      1666      1668       372       371      1667
 -1        85    1    0    1
 -2       219      1673      1674       220       222      1676      1675       221
 -1        86    1    0    1
 -2      1673      1681      1682      1674      1676      1684      1683      1675
 -1        87    1    0    1
 -2      1681      1689      1690      1682      1684      1692      1691      1683
 -1        88    1    0    1
 -2      1689       519       520      1690      1692       522       521      1691
 -1        89    1    0    1
 -2       319      1697      1698       320       322      1700      1699       321
 -1        90    1    0    1
 -2      1697      1705      1706      1698      1700      1708      1707      1699
 -1        91    1    0    1
 -2      1705      1713      1714      1706      1708      1716      1715      1707
 -1        92    1    0    1
 -2      1713       419       420      1714      1716       422       421      1715
 -1        93    1    0    1
 -2       169      1721      1722       170       172      1724      1723       171
 -1        94    1    0    1
 -2      1721      1729      1730      1722      1724      1732      1731      1723
 -1        95    1    0    1
 -2      1729      1737      1738      1730      1732      1740      1739      1731
 -1        96    1    0    1
 -2      1737       419       420      1738      1740       422       421      1739
 -1        97    1    0    1
 -2       219      1745      1746       220       222      1748      1747       221
 -1        98    1    0    1
 -2      1745      1753      1754      1746      1748      1756      1755      1747
 -1        99    1    0    1
 -2      1753      1761      1762      1754      1756      1764      1763      1755
 -1       100    1    0    1
 -2      1761       369       370      1762      1764       372       371      1763
 -1       101    1    0    1
 -2       269      1769      1770       270       272      1772      1771       271
 -1       102    1    0    1
 -2      1769      1777      1778      1770      1772      1780      1779      1771
 -1       103    1    0    1
 -2      1777      1785      1786      1778      1780      1788      1787      1779
 -1       104    1    0    1
 -2      1785       519       520      1786      1788       522       521      1787
 -1       105    1    0    1
 -2       319      1793      1794       320       322      1796      1795       321
 -1       106    1    0    1
 -2      1793      1801      1802      1794      1796      1804      1803      1795
 -1       107    1    0    1
 -2      1801      1809      1810      1802      1804      1812      1811      1803
 -1       108    1    0    1
 -2      1809       469       470      1810      1812       472       471      1811
 -1       109    1    0    1
 -2       369       669       670       370       372       672       671       371
 -1       110    1    0    1
 -2       469       569       570       470       472       572       571       471
 -1       111    1    0    1
 -2       419       719       720       420       422       722       721       421
 -1       112    1    0    1
 -2       519       619       620       520       522       622       621       521
 -1       113    1    0    1
 -2       369       619       620       370       372       622       621       371
 -1       114    1    0    1
 -2       419       569       570       420       422       572       571       421
 -1       115    1    0    1
 -2       469       719       720       470       472       722       721       471
 -1       116    1    0    1
 -2       519       669       670       520       522       672       671       521
 -1       117    1    0    1
 -2       569      1817      1818       570       572      1820      1819       571
 -1       118    1    0    1
 -2      1817      1825      1826      1818      1820      1828      1827      1819
 -1       119    1    0    1
 -2      1825      1833      1834      1826      1828      1836      1835      1827
 -1       120    1    0    1
 -2      1833       869       870      1834      1836       872       871      1835
 -1       121    1    0    1
 -2       669      1841      1842       670       672      1844      1843       671
 -1       122    1    0    1
 -2      1841      1849      1850      1842      1844      1852      1851      1843
 -1       123    1    0    1
 -2      1849      1857      1858      1850      1852      1860      1859      1851
 -1       124    1    0    1
 -2      1857       769       770      1858      1860       772       771      1859
 -1       125    1    0    1
 -2       619      1865      1866       620       622      1868      1867       621
 -1       126    1    0    1
 -2      1865      1873      1874      1866      1868      1876      1875      1867
 -1       127    1    0    1
 -2      1873      1881      1882      1874      1876      1884      1883      1875
 -1       128    1    0    1
 -2      1881       919       920      1882      1884       922       921      1883
 -1       129    1    0    1
 -2       719      1889      1890       720       722      1892      1891       721
 -1       130    1    0    1
 -2      1889      1897      1898      1890      1892      1900      1899      1891
 -1       131    1    0    1
 -2      1897      1905      1906      1898      1900      1908      1907      1899
 -1       132    1    0    1
 -2      1905       819       820      1906      1908       822       821      1907
 -1       133    1    0    1
 -2       569      1913      1914       570       572      1916      1915       571
 -1       134    1    0    1
 -2      1913      1921      1922      1914      1916      1924      1923      1915
 -1       135    1    0    1
 -2      1921      1929      1930      1922      1924      1932      1931      1923
 -1       136    1    0    1
 -2      1929       819       820      1930      1932       822       821      1931
 -1       137    1    0    1
 -2       619      1937      1938       620       622      1940      1939       621
 -1       138    1    0    1
 -2      1937      1945      1946      1938      1940      1948      1947      1939
 -1       139    1    0    1
 -2      1945      1953      1954      1946      1948      1956      1955      1947
 -1       140    1    0    1
 -2      1953       769       770      1954      1956       772       771      1955
 -1       141    1    0    1
 -2       669      1961      1962       670       672      1964      1963       671
 -1       142    1    0    1
 -2      1961      1969      1970      1962      1964      1972      1971      1963
 -1       143    1    0    1
 -2      1969      1977      1978      1970      1972      1980      1979      1971
 -1       144    1    0    1
 -2      1977       919       920      1978      1980       922       921      1979
 -1       145    1    0    1
 -2       719      1985      1986       720       722      1988      1987       721
 -1       146    1    0    1
 -2      1985      1993      1994      1986      1988      1996      1995      1987
 -1       147    1    0    1
 -2      1993      2001      2002      1994      1996      2004      2003      1995
 -1       148    1    0    1
 -2      2001       869       870      2002      2004       872       871      2003
 -1       149    1    0    1
 -2       769      2009      2010       770       772      2012      2011       771
 -1       150    1    0    1
 -2      2009      2017      2018      2010      2012      2020      2019      2011
 -1       151    1    0    1
 -2      2017      2025      2026      2018      2020      2028      2027      2019
 -1       152    1    0    1
 -2      2025      2033      2034      2026      2028      2036      2035      2027
 -1       153    1    0    1
 -2      2033      2041      2042      2034      2036      2044      2043      2035
 -1       154    1    0    1
 -2      2041      2049      2050      2042      2044      2052      2051      2043
 -1       155    1    0    1
 -2      2049      2057      2058      2050      2052      2060      2059      2051
 -1       156    1    0    1
 -2      2057      1069      1070      2058      2060      1072      1071      2059
 -1       157    1    0    1
 -2       869      2065      2066       870       872      2068      2067       871
 -1       158    1    0    1
 -2      2065      2073      2074      2066      2068      2076      2075      2067
 -1       159    1    0    1
 -2      2073      2081      2082      2074      2076      2084      2083      2075
 -1       160    1    0    1
 -2      2081      2089      2090      2082      2084      2092      2091      2083
 -1       161    1    0    1
 -2      2089      2097      2098      2090      2092      2100      2099      2091
 -1       162    1    0    1
 -2      2097      2105      2106      2098      2100      2108      2107      2099
 -1       163    1    0    1
 -2      2105      2113      2114      2106      2108      2116      2115      2107
 -1       164    1    0    1
 -2      2113       969       970      2114      2116       972       971      2115
 -1       165    1    0    1
 -2       819      2121      2122       820       822      2124      2123       821
 -1       166    1    0    1
 -2      2121      2129      2130      2122      2124      2132      2131      2123
 -1       167    1    0    1
 -2      2129      2137      2138      2130      2132      2140      2139      2131
 -1       168    1    0    1
 -2      2137      2145      2146      2138      2140      2148      2147      2139
 -1       169    1    0    1
 -2      2145      2153      2154      2146      2148      2156      2155      2147
 -1       170    1    0    1
 -2      2153      2161      2162      2154      2156      2164      2163      2155
 -1       171    1    0    1
 -2      2161      2169      2170      2162      2164      2172      2171      2163
 -1       172    1    0    1
 -2      2169      1119      1120      2170      2172      1122      1121      2171
 -1       173    1    0    1
 -2       919      2177      2178       920       922      2180      2179       921
 -1       174    1    0    1
 -2      2177      2185      2186      2178      2180      2188      2187      2179
 -1       175    1    0    1
 -2      2185      2193      2194      2186      2188      2196      2195      2187
 -1       176    1    0    1
 -2      2193      2201      2202      2194      2196      2204      2203      2195
 -1       177    1    0    1
 -2      2201      2209      2210      2202      2204      2212      2211      2203
 -1       178    1    0    1
 -2      2209      2217      2218      2210      2212      2220      2219      2211
 -1       179    1    0    1
 -2      2217      2225      2226      2218      2220      2228      2227      2219
 -1       180    1    0    1
 -2      2225      1019      1020      2226      2228      1022      1021      2227
 -1       181    1    0    1
 -2       769      2233      2234       770       772      2236      2235       771
 -1       182    1    0    1
 -2      2233      2241      2242      2234      2236      2244      2243      2235
 -1       183    1    0    1
 -2      2241      2249      2250      2242      2244      2252      2251      2243
 -1       184    1    0    1
 -2      2249      2257      2258      2250      2252      2260      2259      2251
 -1       185    1    0    1
 -2      2257      2265      2266      2258      2260      2268      2267      2259
 -1       186    1    0    1
 -2      2265      2273      2274      2266      2268      2276      2275      2267
 -1       187    1    0    1
 -2      2273      2281      2282      2274      2276      2284      2283      2275
 -1       188    1    0    1
 -2      2281      1019      1020      2282      2284      1022      1021      2283
 -1       189    1    0    1
 -2       819      2289      2290       820       822      2292      2291       821
 -1       190    1    0    1
 -2      2289      2297      2298      2290      2292      2300      2299      2291
 -1       191    1    0    1
 -2      2297      2305      2306      2298      2300      2308      2307      2299
 -1       192    1    0    1
 -2      2305      2313      2314      2306      2308      2316      2315      2307
 -1       193    1    0    1
 -2      2313      2321      2322      2314      2316      2324      2323      2315
 -1       194    1    0    1
 -2      2321      2329      2330      2322      2324      2332      2331      2323
 -1       195    1    0    1
 -2      2329      2337      2338      2330      2332      2340      2339      2331
 -1       196    1    0    1
 -2      2337       969       970      2338      2340       972       971      2339
 -1       197    1    0    1
 -2       869      2345      2346       870       872      2348      2347       871
 -1       198    1    0    1
 -2      2345      2353      2354      2346      2348      2356      2355      2347
 -1       199    1    0    1
 -2      2353      2361      2362      2354      2356      2364      2363      2355
 -1       200    1    0    1
 -2      2361      2369      2370      2362      2364      2372      2371      2363
 -1       201    1    0    1
 -2      2369      2377      2378      2370      2372      2380      2379      2371
 -1       202    1    0    1
 -2      2377      2385      2386      2378      2380      2388      2387      2379
 -1       203    1    0    1
 -2      2385      2393      2394      2386      2388      2396      2395      2387
 -1       204    1    0    1
 -2      2393      1119      1120      2394      2396      1122      1121      2395
 -1       205    1    0    1
 -2       919      2401      2402       920       922      2404      2403       921
 -1       206    1    0    1
 -2      2401      2409      2410      2402      2404      2412      2411      2403
 -1       207    1    0    1
 -2      2409      2417      2418      2410      2412      2420      2419      2411
 -1       208    1    0    1
 -2      2417      2425      2426      2418      2420      2428      2427      2419
 -1       209    1    0    1
 -2      2425      2433      2434      2426      2428      2436      2435      2427
 -1       210    1    0    1
 -2      2433      2441      2442      2434      2436      2444      2443      2435
 -1       211    1    0    1
 -2      2441      2449      2450      2442      2444      2452      2451      2443
 -1       212    1    0    1
 -2      2449      1069      1070      2450      2452      1072      1071      2451
 -1       213    1    0    1
 -2       969      2457      2458       970       972      2460      2459       971
 -1       214    1    0    1
 -2      2457      1269      1270      2458      2460      1272      1271      2459
 -1       215    1    0    1
 -2      1069      2465      2466      1070      1072      2468      2467      1071
 -1       216    1    0    1
 -2      2465      1169      1170      2466      2468      1172      1171      2467
 -1       217    1    0    1
 -2      1019      2473      2474      1020      1022      2476      2475      1021
 -1       218    1    0    1
 -2      2473      1319      1320      2474      2476      1322      1321      2475
 -1       219    1    0    1
 -2      1119      2481      2482      1120      1122      2484      2483      1121
 -1       220    1    0    1
 -2      2481      1219      1220      2482      2484      1222      1221      2483
 -1       221    1    0    1
 -2       969      2489      2490       970       972      2492      2491       971
 -1       222    1    0    1
 -2      2489      1219      1220      2490      2492      1222      1221      2491
 -1       223    1    0    1
 -2      1019      2497      2498      1020      1022      2500      2499      1021
 -1       224    1    0    1
 -2      2497      1169      1170      2498      2500      1172      1171      2499
 -1       225    1    0    1
 -2      1069      2505      2506      1070      1072      2508      2507      1071
 -1       226    1    0    1
 -2      2505      1319      1320      2506      2508      1322      1321      2507
 -1       227    1    0    1
 -2      1119      2513      2514      1120      1122      2516      2515      1121
 -1       228    1    0    1
 -2      2513      1269      1270      2514      2516      1272      1271      2515
 -3
    1PSTEP                         1           1           1          
  100CL  101 1.000000000           0                     0    1           1
 -4  DISP        4    1
 -5  D1          1    2    1    0
 -5  D2          1    2    2    0
 -5  D3          1    2    3    0
 -5  ALL         1    2    0    0    1ALL
 -3
 9999
