    1C
    1UNormalized cross-passage space-truss torsion benchmark            
    1UUSER                                                              
    1UDATE              05.august.2026                                  
    1UTIME              18:18:00                                        
    1UHOST                                                              
    1UPGM               CalculiX                                        
    1UVERSION           Version 2.21                             
    1UCOMPILETIME       Sat Jul 29 10:52:01 CEST 2023                    
    1UDIR                                                               
    1UDBN                                                               
    1UMAT    1STEEL                                                     
    2C                          1032                                     1
 -1       209-1.19376E+00 9.16807E-04-3.54997E-02
 -1       210-1.23024E+00 3.62719E-03-1.93049E-02
 -1       211-1.20624E+00-9.16807E-04 3.54997E-02
 -1       212-1.16976E+00-3.62719E-03 1.93049E-02
 -1       217-1.20000E+00-3.40000E-02-1.20000E-02
 -1       218-1.20000E+00-2.00000E-03-3.60000E-02
 -1       219-1.20000E+00 3.40000E-02 1.20000E-02
 -1       220-1.20000E+00 2.00000E-03 3.60000E-02
 -1       225-1.23328E+00-1.38675E-02 0.00000E+00
 -1       226-1.20000E+00-3.60555E-02 0.00000E+00
 -1       227-1.16672E+00 1.38675E-02 0.00000E+00
 -1       228-1.20000E+00 3.60555E-02 0.00000E+00
 -1       259 1.20177E+00 2.41126E-03-3.59310E-02
 -1       260 1.16758E+00-2.03736E-03-1.56535E-02
 -1       261 1.19823E+00-2.41126E-03 3.59310E-02
 -1       262 1.23242E+00 2.03736E-03 1.56535E-02
 -1       267 1.20000E+00-3.40000E-02-1.20000E-02
 -1       268 1.20000E+00-2.00000E-03-3.60000E-02
 -1       269 1.20000E+00 3.40000E-02 1.20000E-02
 -1       270 1.20000E+00 2.00000E-03 3.60000E-02
 -1       275 1.16672E+00-1.38675E-02 0.00000E+00
 -1       276 1.20000E+00-3.60555E-02 0.00000E+00
 -1       277 1.23328E+00 1.38675E-02 0.00000E+00
 -1       278 1.20000E+00 3.60555E-02 0.00000E+00
 -1       309-1.19295E+00-2.85923E-03 1.96476E+00
 -1       310-1.22978E+00 1.50377E-03 1.97973E+00
 -1       311-1.20705E+00 2.85923E-03 2.03524E+00
 -1       312-1.17022E+00-1.50377E-03 2.02027E+00
 -1       317-1.20000E+00-3.40000E-02 1.98800E+00
 -1       318-1.20000E+00-2.00000E-03 1.96400E+00
 -1       319-1.20000E+00 3.40000E-02 2.01200E+00
 -1       320-1.20000E+00 2.00000E-03 2.03600E+00
 -1       325-1.23328E+00-1.38675E-02 2.00000E+00
 -1       326-1.20000E+00-3.60555E-02 2.00000E+00
 -1       327-1.16672E+00 1.38675E-02 2.00000E+00
 -1       328-1.20000E+00 3.60555E-02 2.00000E+00
 -1       359 1.20318E+00-1.21786E-03 1.96411E+00
 -1       360 1.16822E+00-3.65827E-03 1.98338E+00
 -1       361 1.19682E+00 1.21786E-03 2.03589E+00
 -1       362 1.23178E+00 3.65827E-03 2.01662E+00
 -1       367 1.20000E+00-3.40000E-02 1.98800E+00
 -1       368 1.20000E+00-2.00000E-03 1.96400E+00
 -1       369 1.20000E+00 3.40000E-02 2.01200E+00
 -1       370 1.20000E+00 2.00000E-03 2.03600E+00
 -1       375 1.16672E+00-1.38675E-02 2.00000E+00
 -1       376 1.20000E+00-3.60555E-02 2.00000E+00
 -1       377 1.23328E+00 1.38675E-02 2.00000E+00
 -1       378 1.20000E+00 3.60555E-02 2.00000E+00
 -1       409-1.19505E+00 9.99943E+00-3.57093E-02
 -1       410-1.23106E+00 1.00002E+01-1.83116E-02
 -1       411-1.20495E+00 1.00006E+01 3.57093E-02
 -1       412-1.16894E+00 9.99982E+00 1.83116E-02
 -1       417-1.20145E+00 9.96588E+00-1.15569E-02
 -1       418-1.20010E+00 9.99753E+00-3.59709E-02
 -1       419-1.19855E+00 1.00341E+01 1.15569E-02
 -1       420-1.19990E+00 1.00025E+01 3.59709E-02
 -1       425-1.23365E+00 9.98707E+00 5.48678E-04
 -1       426-1.20099E+00 9.96399E+00 1.52775E-03
 -1       427-1.16635E+00 1.00129E+01-5.48678E-04
 -1       428-1.19901E+00 1.00360E+01-1.52775E-03
 -1       459 1.20437E+00 9.99956E+00-3.57875E-02
 -1       460 1.16865E+00 9.99931E+00-1.77876E-02
 -1       461 1.19563E+00 1.00004E+01 3.57875E-02
 -1       462 1.23135E+00 1.00007E+01 1.77876E-02
 -1       467 1.20143E+00 9.96620E+00-1.24797E-02
 -1       468 1.20006E+00 9.99851E+00-3.60247E-02
 -1       469 1.19857E+00 1.00338E+01 1.24797E-02
 -1       470 1.19994E+00 1.00015E+01 3.60247E-02
 -1       475 1.16707E+00 9.98533E+00-6.22501E-04
 -1       476 1.20089E+00 9.96399E+00-1.52786E-03
 -1       477 1.23293E+00 1.00147E+01 6.22501E-04
 -1       478 1.19911E+00 1.00360E+01 1.52786E-03
 -1       509-1.19536E+00 1.00004E+01 1.96425E+00
 -1       510-1.23122E+00 1.00007E+01 1.98198E+00
 -1       511-1.20464E+00 9.99956E+00 2.03575E+00
 -1       512-1.16878E+00 9.99931E+00 2.01802E+00
 -1       517-1.19857E+00 9.96620E+00 1.98752E+00
 -1       518-1.19994E+00 9.99851E+00 1.96398E+00
 -1       519-1.20143E+00 1.00338E+01 2.01248E+00
 -1       520-1.20006E+00 1.00015E+01 2.03602E+00
 -1       525-1.23293E+00 9.98533E+00 1.99938E+00
 -1       526-1.19911E+00 9.96399E+00 1.99847E+00
 -1       527-1.16707E+00 1.00147E+01 2.00062E+00
 -1       528-1.20089E+00 1.00360E+01 2.00153E+00
 -1       559 1.20403E+00 1.00006E+01 1.96417E+00
 -1       560 1.16848E+00 9.99981E+00 1.98250E+00
 -1       561 1.19597E+00 9.99944E+00 2.03583E+00
 -1       562 1.23152E+00 1.00002E+01 2.01750E+00
 -1       567 1.19855E+00 9.96588E+00 1.98844E+00
 -1       568 1.19990E+00 9.99753E+00 1.96403E+00
 -1       569 1.20145E+00 1.00341E+01 2.01156E+00
 -1       570 1.20010E+00 1.00025E+01 2.03597E+00
 -1       575 1.16635E+00 9.98707E+00 2.00055E+00
 -1       576 1.19901E+00 9.96399E+00 2.00153E+00
 -1       577 1.23365E+00 1.00129E+01 1.99945E+00
 -1       578 1.20099E+00 1.00360E+01 1.99847E+00
 -1       609-1.19510E+00 1.99994E+01-3.57171E-02
 -1       610-1.23109E+00 2.00001E+01-1.82623E-02
 -1       611-1.20490E+00 2.00006E+01 3.57171E-02
 -1       612-1.16891E+00 1.99999E+01 1.82623E-02
 -1       617-1.20102E+00 1.99659E+01-1.16828E-02
 -1       618-1.20007E+00 1.99977E+01-3.59798E-02
 -1       619-1.19898E+00 2.00341E+01 1.16828E-02
 -1       620-1.19993E+00 2.00023E+01 3.59798E-02
 -1       625-1.23354E+00 1.99868E+01 3.96605E-04
 -1       626-1.20069E+00 1.99640E+01 1.08098E-03
 -1       627-1.16646E+00 2.00132E+01-3.96605E-04
 -1       628-1.19931E+00 2.00360E+01-1.08098E-03
 -1       659 1.20435E+00 1.99997E+01-3.57909E-02
 -1       660 1.16864E+00 1.99994E+01-1.77770E-02
 -1       661 1.19565E+00 2.00003E+01 3.57909E-02
 -1       662 1.23136E+00 2.00006E+01 1.77770E-02
 -1       667 1.20102E+00 1.99661E+01-1.23355E-02
 -1       668 1.20005E+00 1.99984E+01-3.60180E-02
 -1       669 1.19898E+00 2.00339E+01 1.23355E-02
 -1       670 1.19995E+00 2.00016E+01 3.60180E-02
 -1       675 1.16697E+00 1.99855E+01-4.33494E-04
 -1       676 1.20064E+00 1.99640E+01-1.08101E-03
 -1       677 1.23303E+00 2.00145E+01 4.33494E-04
 -1       678 1.19936E+00 2.00360E+01 1.08101E-03
 -1       709-1.19538E+00 2.00003E+01 1.96424E+00
 -1       710-1.23123E+00 2.00006E+01 1.98198E+00
 -1       711-1.20462E+00 1.99997E+01 2.03576E+00
 -1       712-1.16877E+00 1.99994E+01 2.01802E+00
 -1       717-1.19898E+00 1.99661E+01 1.98766E+00
 -1       718-1.19995E+00 1.99984E+01 1.96398E+00
 -1       719-1.20102E+00 2.00339E+01 2.01234E+00
 -1       720-1.20005E+00 2.00016E+01 2.03602E+00
 -1       725-1.23303E+00 1.99855E+01 1.99957E+00
 -1       726-1.19936E+00 1.99640E+01 1.99892E+00
 -1       727-1.16697E+00 2.00145E+01 2.00043E+00
 -1       728-1.20064E+00 2.00360E+01 2.00108E+00
 -1       759 1.20406E+00 2.00006E+01 1.96418E+00
 -1       760 1.16849E+00 1.99999E+01 1.98247E+00
 -1       761 1.19594E+00 1.99994E+01 2.03582E+00
 -1       762 1.23151E+00 2.00001E+01 2.01753E+00
 -1       767 1.19898E+00 1.99659E+01 1.98832E+00
 -1       768 1.19993E+00 1.99977E+01 1.96402E+00
 -1       769 1.20102E+00 2.00341E+01 2.01168E+00
 -1       770 1.20007E+00 2.00023E+01 2.03598E+00
 -1       775 1.16646E+00 1.99868E+01 2.00040E+00
 -1       776 1.19931E+00 1.99640E+01 2.00108E+00
 -1       777 1.23354E+00 2.00132E+01 1.99960E+00
 -1       778 1.20069E+00 2.00360E+01 1.99892E+00
 -1       809-1.19518E+00 2.99996E+01-3.57298E-02
 -1       810-1.23113E+00 3.00001E+01-1.81933E-02
 -1       811-1.20482E+00 3.00004E+01 3.57298E-02
 -1       812-1.16887E+00 2.99999E+01 1.81933E-02
 -1       817-1.20102E+00 2.99659E+01-1.16828E-02
 -1       818-1.20007E+00 2.99977E+01-3.59798E-02
 -1       819-1.19898E+00 3.00341E+01 1.16828E-02
 -1       820-1.19993E+00 3.00023E+01 3.59798E-02
 -1       825-1.23354E+00 2.99868E+01 3.96605E-04
 -1       826-1.20069E+00 2.99640E+01 1.08098E-03
 -1       827-1.16646E+00 3.00132E+01-3.96605E-04
 -1       828-1.19931E+00 3.00360E+01-1.08098E-03
 -1       859 1.20440E+00 2.99997E+01-3.57845E-02
 -1       860 1.16866E+00 2.99995E+01-1.78229E-02
 -1       861 1.19560E+00 3.00003E+01 3.57845E-02
 -1       862 1.23134E+00 3.00005E+01 1.78229E-02
 -1       867 1.20102E+00 2.99661E+01-1.23355E-02
 -1       868 1.20005E+00 2.99984E+01-3.60180E-02
 -1       869 1.19898E+00 3.00339E+01 1.23355E-02
 -1       870 1.19995E+00 3.00016E+01 3.60180E-02
 -1       875 1.16697E+00 2.99855E+01-4.33494E-04
 -1       876 1.20064E+00 2.99640E+01-1.08101E-03
 -1       877 1.23303E+00 3.00145E+01 4.33494E-04
 -1       878 1.19936E+00 3.00360E+01 1.08101E-03
 -1       909-1.19541E+00 3.00003E+01 1.96424E+00
 -1       910-1.23124E+00 3.00005E+01 1.98201E+00
 -1       911-1.20459E+00 2.99997E+01 2.03576E+00
 -1       912-1.16876E+00 2.99995E+01 2.01799E+00
 -1       917-1.19898E+00 2.99661E+01 1.98766E+00
 -1       918-1.19995E+00 2.99984E+01 1.96398E+00
 -1       919-1.20102E+00 3.00339E+01 2.01234E+00
 -1       920-1.20005E+00 3.00016E+01 2.03602E+00
 -1       925-1.23303E+00 2.99855E+01 1.99957E+00
 -1       926-1.19936E+00 2.99640E+01 1.99892E+00
 -1       927-1.16697E+00 3.00145E+01 2.00043E+00
 -1       928-1.20064E+00 3.00360E+01 2.00108E+00
 -1       959 1.20416E+00 3.00004E+01 1.96419E+00
 -1       960 1.16854E+00 2.99999E+01 1.98238E+00
 -1       961 1.19584E+00 2.99996E+01 2.03581E+00
 -1       962 1.23146E+00 3.00001E+01 2.01762E+00
 -1       967 1.19898E+00 2.99659E+01 1.98832E+00
 -1       968 1.19993E+00 2.99977E+01 1.96402E+00
 -1       969 1.20102E+00 3.00341E+01 2.01168E+00
 -1       970 1.20007E+00 3.00023E+01 2.03598E+00
 -1       975 1.16646E+00 2.99868E+01 2.00040E+00
 -1       976 1.19931E+00 2.99640E+01 2.00108E+00
 -1       977 1.23354E+00 3.00132E+01 1.99960E+00
 -1       978 1.20069E+00 3.00360E+01 1.99892E+00
 -1      1009-1.19629E+00 3.99997E+01-3.58628E-02
 -1      1010-1.23165E+00 3.99985E+01-1.72045E-02
 -1      1011-1.20371E+00 4.00003E+01 3.58628E-02
 -1      1012-1.16835E+00 4.00015E+01 1.72045E-02
 -1      1017-1.20102E+00 3.99659E+01-1.16828E-02
 -1      1018-1.20007E+00 3.99977E+01-3.59798E-02
 -1      1019-1.19898E+00 4.00341E+01 1.16828E-02
 -1      1020-1.19993E+00 4.00023E+01 3.59798E-02
 -1      1025-1.23354E+00 3.99868E+01 3.96605E-04
 -1      1026-1.20069E+00 3.99640E+01 1.08098E-03
 -1      1027-1.16646E+00 4.00132E+01-3.96605E-04
 -1      1028-1.19931E+00 4.00360E+01-1.08098E-03
 -1      1033-1.19212E+00 3.99983E+01-3.51449E-02
 -1      1034-1.22911E+00 4.00038E+01-2.09329E-02
 -1      1035-1.20788E+00 4.00017E+01 3.51449E-02
 -1      1036-1.17089E+00 3.99962E+01 2.09329E-02
 -1      1075 1.20441E+00 3.99995E+01-3.57811E-02
 -1      1076 1.16867E+00 3.99993E+01-1.78307E-02
 -1      1077 1.19559E+00 4.00005E+01 3.57811E-02
 -1      1078 1.23133E+00 4.00007E+01 1.78307E-02
 -1      1083 1.20102E+00 3.99661E+01-1.23355E-02
 -1      1084 1.20005E+00 3.99984E+01-3.60180E-02
 -1      1085 1.19898E+00 4.00339E+01 1.23355E-02
 -1      1086 1.19995E+00 4.00016E+01 3.60180E-02
 -1      1091 1.16697E+00 3.99855E+01-4.33494E-04
 -1      1092 1.20064E+00 3.99640E+01-1.08101E-03
 -1      1093 1.23303E+00 4.00145E+01 4.33494E-04
 -1      1094 1.19936E+00 4.00360E+01 1.08101E-03
 -1      1125-1.19668E+00 4.00008E+01 1.96411E+00
 -1      1126-1.23183E+00 3.99990E+01 1.98310E+00
 -1      1127-1.20332E+00 3.99992E+01 2.03589E+00
 -1      1128-1.16817E+00 4.00010E+01 2.01690E+00
 -1      1133-1.19898E+00 3.99661E+01 1.98766E+00
 -1      1134-1.19995E+00 3.99984E+01 1.96398E+00
 -1      1135-1.20102E+00 4.00339E+01 2.01234E+00
 -1      1136-1.20005E+00 4.00016E+01 2.03602E+00
 -1      1141-1.23303E+00 3.99855E+01 1.99957E+00
 -1      1142-1.19936E+00 3.99640E+01 1.99892E+00
 -1      1143-1.16697E+00 4.00145E+01 2.00043E+00
 -1      1144-1.20064E+00 4.00360E+01 2.00108E+00
 -1      1149-1.19293E+00 3.99972E+01 1.96476E+00
 -1      1150-1.22977E+00 4.00016E+01 1.97971E+00
 -1      1151-1.20707E+00 4.00028E+01 2.03524E+00
 -1      1152-1.17023E+00 3.99984E+01 2.02029E+00
 -1      1191 1.20412E+00 4.00004E+01 1.96418E+00
 -1      1192 1.16852E+00 3.99998E+01 1.98242E+00
 -1      1193 1.19588E+00 3.99996E+01 2.03582E+00
 -1      1194 1.23148E+00 4.00002E+01 2.01758E+00
 -1      1199 1.19898E+00 3.99659E+01 1.98832E+00
 -1      1200 1.19993E+00 3.99977E+01 1.96402E+00
 -1      1201 1.20102E+00 4.00341E+01 2.01168E+00
 -1      1202 1.20007E+00 4.00023E+01 2.03598E+00
 -1      1207 1.16646E+00 3.99868E+01 2.00040E+00
 -1      1208 1.19931E+00 3.99640E+01 2.00108E+00
 -1      1209 1.23354E+00 4.00132E+01 1.99960E+00
 -1      1210 1.20069E+00 4.00360E+01 1.99892E+00
 -1      1241-1.19603E+00 4.99977E+01-3.57623E-02
 -1      1242-1.23148E+00 4.99968E+01-1.72678E-02
 -1      1243-1.20397E+00 5.00023E+01 3.57623E-02
 -1      1244-1.16852E+00 5.00032E+01 1.72678E-02
 -1      1249-1.20102E+00 4.99659E+01-1.16828E-02
 -1      1250-1.20007E+00 4.99977E+01-3.59798E-02
 -1      1251-1.19898E+00 5.00341E+01 1.16828E-02
 -1      1252-1.19993E+00 5.00023E+01 3.59798E-02
 -1      1257-1.23354E+00 4.99868E+01 3.96605E-04
 -1      1258-1.20069E+00 4.99640E+01 1.08098E-03
 -1      1259-1.16646E+00 5.00132E+01-3.96605E-04
 -1      1260-1.19931E+00 5.00360E+01-1.08098E-03
 -1      1291 1.20656E+00 4.99963E+01-3.52652E-02
 -1      1292 1.16986E+00 5.00001E+01-1.97939E-02
 -1      1293 1.19344E+00 5.00037E+01 3.52652E-02
 -1      1294 1.23014E+00 4.99999E+01 1.97939E-02
 -1      1299 1.20102E+00 4.99661E+01-1.23355E-02
 -1      1300 1.20005E+00 4.99984E+01-3.60180E-02
 -1      1301 1.19898E+00 5.00339E+01 1.23355E-02
 -1      1302 1.19995E+00 5.00016E+01 3.60180E-02
 -1      1307 1.16697E+00 4.99855E+01-4.33494E-04
 -1      1308 1.20064E+00 4.99640E+01-1.08101E-03
 -1      1309 1.23303E+00 5.00145E+01 4.33494E-04
 -1      1310 1.19936E+00 5.00360E+01 1.08101E-03
 -1      1341-1.19817E+00 5.00034E+01 1.96415E+00
 -1      1342-1.23247E+00 4.99994E+01 1.98433E+00
 -1      1343-1.20183E+00 4.99966E+01 2.03585E+00
 -1      1344-1.16753E+00 5.00006E+01 2.01567E+00
 -1      1349-1.19898E+00 4.99661E+01 1.98766E+00
 -1      1350-1.19995E+00 4.99984E+01 1.96398E+00
 -1      1351-1.20102E+00 5.00339E+01 2.01234E+00
 -1      1352-1.20005E+00 5.00016E+01 2.03602E+00
 -1      1357-1.23303E+00 4.99855E+01 1.99957E+00
 -1      1358-1.19936E+00 4.99640E+01 1.99892E+00
 -1      1359-1.16697E+00 5.00145E+01 2.00043E+00
 -1      1360-1.20064E+00 5.00360E+01 2.00108E+00
 -1      1391 1.20507E+00 5.00022E+01 1.96437E+00
 -1      1392 1.16907E+00 5.00033E+01 1.98177E+00
 -1      1393 1.19493E+00 4.99978E+01 2.03563E+00
 -1      1394 1.23093E+00 4.99967E+01 2.01823E+00
 -1      1399 1.19898E+00 4.99659E+01 1.98832E+00
 -1      1400 1.19993E+00 4.99977E+01 1.96402E+00
 -1      1401 1.20102E+00 5.00341E+01 2.01168E+00
 -1      1402 1.20007E+00 5.00023E+01 2.03598E+00
 -1      1407 1.16646E+00 4.99868E+01 2.00040E+00
 -1      1408 1.19931E+00 4.99640E+01 2.00108E+00
 -1      1409 1.23354E+00 5.00132E+01 1.99960E+00
 -1      1410 1.20069E+00 5.00360E+01 1.99892E+00
 -1      1441-1.19553E+00 5.00000E+00-1.85778E-01
 -1      1442-1.23131E+00 5.00000E+00-1.67883E-01
 -1      1443-1.20447E+00 5.00000E+00-1.14222E-01
 -1      1444-1.16869E+00 5.00000E+00-1.32117E-01
 -1      1449 1.20447E+00 5.00000E+00 1.14222E-01
 -1      1450 1.16869E+00 5.00000E+00 1.32117E-01
 -1      1451 1.19553E+00 5.00000E+00 1.85778E-01
 -1      1452 1.23131E+00 5.00000E+00 1.67883E-01
 -1      1457-1.19553E+00 5.00000E+00 1.81422E+00
 -1      1458-1.23131E+00 5.00000E+00 1.83212E+00
 -1      1459-1.20447E+00 5.00000E+00 1.88578E+00
 -1      1460-1.16869E+00 5.00000E+00 1.86788E+00
 -1      1465 1.20447E+00 5.00000E+00 2.11422E+00
 -1      1466 1.16869E+00 5.00000E+00 2.13212E+00
 -1      1467 1.19553E+00 5.00000E+00 2.18578E+00
 -1      1468 1.23131E+00 5.00000E+00 2.16788E+00
 -1      1473-1.19553E+00 1.50000E+01-1.85778E-01
 -1      1474-1.23131E+00 1.50000E+01-1.67883E-01
 -1      1475-1.20447E+00 1.50000E+01-1.14222E-01
 -1      1476-1.16869E+00 1.50000E+01-1.32117E-01
 -1      1481 1.20447E+00 1.50000E+01 1.14222E-01
 -1      1482 1.16869E+00 1.50000E+01 1.32117E-01
 -1      1483 1.19553E+00 1.50000E+01 1.85778E-01
 -1      1484 1.23131E+00 1.50000E+01 1.67883E-01
 -1      1489-1.19553E+00 1.50000E+01 1.81422E+00
 -1      1490-1.23131E+00 1.50000E+01 1.83212E+00
 -1      1491-1.20447E+00 1.50000E+01 1.88578E+00
 -1      1492-1.16869E+00 1.50000E+01 1.86788E+00
 -1      1497 1.20447E+00 1.50000E+01 2.11422E+00
 -1      1498 1.16869E+00 1.50000E+01 2.13212E+00
 -1      1499 1.19553E+00 1.50000E+01 2.18578E+00
 -1      1500 1.23131E+00 1.50000E+01 2.16788E+00
 -1      1505-1.19522E+00 2.24989E+01-1.41787E-01
 -1      1506-1.23115E+00 2.24995E+01-1.24216E-01
 -1      1507-1.20478E+00 2.25011E+01-7.03450E-02
 -1      1508-1.16885E+00 2.25005E+01-8.79159E-02
 -1      1513-1.19553E+00 2.50000E+01-1.85777E-01
 -1      1514-1.23131E+00 2.50000E+01-1.67887E-01
 -1      1515-1.20447E+00 2.50000E+01-1.14223E-01
 -1      1516-1.16869E+00 2.50000E+01-1.32113E-01
 -1      1521-1.19586E+00 2.75011E+01-1.41867E-01
 -1      1522-1.23147E+00 2.75005E+01-1.23652E-01
 -1      1523-1.20414E+00 2.74989E+01-7.02647E-02
 -1      1524-1.16853E+00 2.74995E+01-8.84797E-02
 -1      1529 1.20414E+00 2.25011E+01 7.02647E-02
 -1      1530 1.16853E+00 2.25005E+01 8.84797E-02
 -1      1531 1.19586E+00 2.24989E+01 1.41867E-01
 -1      1532 1.23147E+00 2.24995E+01 1.23652E-01
 -1      1537 1.20447E+00 2.50000E+01 1.14223E-01
 -1      1538 1.16869E+00 2.50000E+01 1.32113E-01
 -1      1539 1.19553E+00 2.50000E+01 1.85777E-01
 -1      1540 1.23131E+00 2.50000E+01 1.67887E-01
 -1      1545 1.20478E+00 2.74989E+01 7.03450E-02
 -1      1546 1.16885E+00 2.74995E+01 8.79159E-02
 -1      1547 1.19522E+00 2.75011E+01 1.41787E-01
 -1      1548 1.23115E+00 2.75005E+01 1.24216E-01
 -1      1553-1.19522E+00 2.24989E+01 1.85821E+00
 -1      1554-1.23115E+00 2.24995E+01 1.87578E+00
 -1      1555-1.20478E+00 2.25011E+01 1.92966E+00
 -1      1556-1.16885E+00 2.25005E+01 1.91208E+00
 -1      1561-1.19553E+00 2.50000E+01 1.81422E+00
 -1      1562-1.23131E+00 2.50000E+01 1.83211E+00
 -1      1563-1.20447E+00 2.50000E+01 1.88578E+00
 -1      1564-1.16869E+00 2.50000E+01 1.86789E+00
 -1      1569-1.19586E+00 2.75011E+01 1.85813E+00
 -1      1570-1.23147E+00 2.75005E+01 1.87635E+00
 -1      1571-1.20414E+00 2.74989E+01 1.92974E+00
 -1      1572-1.16853E+00 2.74995E+01 1.91152E+00
 -1      1577 1.20414E+00 2.25011E+01 2.07026E+00
 -1      1578 1.16853E+00 2.25005E+01 2.08848E+00
 -1      1579 1.19586E+00 2.24989E+01 2.14187E+00
 -1      1580 1.23147E+00 2.24995E+01 2.12365E+00
 -1      1585 1.20447E+00 2.50000E+01 2.11422E+00
 -1      1586 1.16869E+00 2.50000E+01 2.13211E+00
 -1      1587 1.19553E+00 2.50000E+01 2.18578E+00
 -1      1588 1.23131E+00 2.50000E+01 2.16789E+00
 -1      1593 1.20478E+00 2.74989E+01 2.07034E+00
 -1      1594 1.16885E+00 2.74995E+01 2.08792E+00
 -1      1595 1.19522E+00 2.75011E+01 2.14179E+00
 -1      1596 1.23115E+00 2.75005E+01 2.12422E+00
 -1      1601-1.19522E+00 3.24989E+01-1.41787E-01
 -1      1602-1.23115E+00 3.24995E+01-1.24216E-01
 -1      1603-1.20478E+00 3.25011E+01-7.03450E-02
 -1      1604-1.16885E+00 3.25005E+01-8.79159E-02
 -1      1609-1.19553E+00 3.50000E+01-1.85777E-01
 -1      1610-1.23131E+00 3.50000E+01-1.67887E-01
 -1      1611-1.20447E+00 3.50000E+01-1.14223E-01
 -1      1612-1.16869E+00 3.50000E+01-1.32113E-01
 -1      1617-1.19586E+00 3.75011E+01-1.41867E-01
 -1      1618-1.23147E+00 3.75005E+01-1.23652E-01
 -1      1619-1.20414E+00 3.74989E+01-7.02647E-02
 -1      1620-1.16853E+00 3.74995E+01-8.84797E-02
 -1      1625 1.20414E+00 3.25011E+01 7.02647E-02
 -1      1626 1.16853E+00 3.25005E+01 8.84797E-02
 -1      1627 1.19586E+00 3.24989E+01 1.41867E-01
 -1      1628 1.23147E+00 3.24995E+01 1.23652E-01
 -1      1633 1.20447E+00 3.50000E+01 1.14223E-01
 -1      1634 1.16869E+00 3.50000E+01 1.32113E-01
 -1      1635 1.19553E+00 3.50000E+01 1.85777E-01
 -1      1636 1.23131E+00 3.50000E+01 1.67887E-01
 -1      1641 1.20478E+00 3.74989E+01 7.03450E-02
 -1      1642 1.16885E+00 3.74995E+01 8.79159E-02
 -1      1643 1.19522E+00 3.75011E+01 1.41787E-01
 -1      1644 1.23115E+00 3.75005E+01 1.24216E-01
 -1      1649-1.19522E+00 3.24989E+01 1.85821E+00
 -1      1650-1.23115E+00 3.24995E+01 1.87578E+00
 -1      1651-1.20478E+00 3.25011E+01 1.92966E+00
 -1      1652-1.16885E+00 3.25005E+01 1.91208E+00
 -1      1657-1.19553E+00 3.50000E+01 1.81422E+00
 -1      1658-1.23131E+00 3.50000E+01 1.83211E+00
 -1      1659-1.20447E+00 3.50000E+01 1.88578E+00
 -1      1660-1.16869E+00 3.50000E+01 1.86789E+00
 -1      1665-1.19586E+00 3.75011E+01 1.85813E+00
 -1      1666-1.23147E+00 3.75005E+01 1.87635E+00
 -1      1667-1.20414E+00 3.74989E+01 1.92974E+00
 -1      1668-1.16853E+00 3.74995E+01 1.91152E+00
 -1      1673 1.20414E+00 3.25011E+01 2.07026E+00
 -1      1674 1.16853E+00 3.25005E+01 2.08848E+00
 -1      1675 1.19586E+00 3.24989E+01 2.14187E+00
 -1      1676 1.23147E+00 3.24995E+01 2.12365E+00
 -1      1681 1.20447E+00 3.50000E+01 2.11422E+00
 -1      1682 1.16869E+00 3.50000E+01 2.13211E+00
 -1      1683 1.19553E+00 3.50000E+01 2.18578E+00
 -1      1684 1.23131E+00 3.50000E+01 2.16789E+00
 -1      1689 1.20478E+00 3.74989E+01 2.07034E+00
 -1      1690 1.16885E+00 3.74995E+01 2.08792E+00
 -1      1691 1.19522E+00 3.75011E+01 2.14179E+00
 -1      1692 1.23115E+00 3.75005E+01 2.12422E+00
 -1      1697-1.19553E+00 4.50000E+01-1.85778E-01
 -1      1698-1.23131E+00 4.50000E+01-1.67883E-01
 -1      1699-1.20447E+00 4.50000E+01-1.14222E-01
 -1      1700-1.16869E+00 4.50000E+01-1.32117E-01
 -1      1705 1.20447E+00 4.50000E+01 1.14222E-01
 -1      1706 1.16869E+00 4.50000E+01 1.32117E-01
 -1      1707 1.19553E+00 4.50000E+01 1.85778E-01
 -1      1708 1.23131E+00 4.50000E+01 1.67883E-01
 -1      1713-1.19553E+00 4.50000E+01 1.81422E+00
 -1      1714-1.23131E+00 4.50000E+01 1.83212E+00
 -1      1715-1.20447E+00 4.50000E+01 1.88578E+00
 -1      1716-1.16869E+00 4.50000E+01 1.86788E+00
 -1      1721 1.20447E+00 4.50000E+01 2.11422E+00
 -1      1722 1.16869E+00 4.50000E+01 2.13212E+00
 -1      1723 1.19553E+00 4.50000E+01 2.18578E+00
 -1      1724 1.23131E+00 4.50000E+01 2.16788E+00
 -1      1729-6.01023E-01 9.94045E+00-1.16832E-02
 -1      1730-6.00070E-01 9.97221E+00-3.59798E-02
 -1      1731-5.98977E-01 1.00086E+01 1.16832E-02
 -1      1732-5.99930E-01 9.97688E+00 3.59798E-02
 -1      1737 0.00000E+00 9.93000E+00-1.20008E-02
 -1      1738 0.00000E+00 9.96200E+00-3.60000E-02
 -1      1739 0.00000E+00 9.99800E+00 1.20008E-02
 -1      1740 0.00000E+00 9.96600E+00 3.60000E-02
 -1      1745 6.01016E-01 9.94068E+00-1.23359E-02
 -1      1746 6.00049E-01 9.97290E+00-3.60180E-02
 -1      1747 5.98984E-01 1.00084E+01 1.23359E-02
 -1      1748 5.99951E-01 9.97619E+00 3.60180E-02
 -1      1753-5.98984E-01 9.99159E+00 1.98766E+00
 -1      1754-5.99951E-01 1.00238E+01 1.96398E+00
 -1      1755-6.01016E-01 1.00593E+01 2.01234E+00
 -1      1756-6.00049E-01 1.00271E+01 2.03602E+00
 -1      1761 0.00000E+00 1.00020E+01 1.98800E+00
 -1      1762 0.00000E+00 1.00340E+01 1.96400E+00
 -1      1763 0.00000E+00 1.00700E+01 2.01200E+00
 -1      1764 0.00000E+00 1.00380E+01 2.03600E+00
 -1      1769 5.98977E-01 9.99136E+00 1.98832E+00
 -1      1770 5.99930E-01 1.00231E+01 1.96402E+00
 -1      1771 6.01023E-01 1.00596E+01 2.01168E+00
 -1      1772 6.00070E-01 1.00278E+01 2.03598E+00
 -1      1777-1.23354E+00 1.00080E+01 5.00396E-01
 -1      1778-1.20070E+00 9.98518E+00 5.01081E-01
 -1      1779-1.16646E+00 1.00344E+01 4.99604E-01
 -1      1780-1.19930E+00 1.00572E+01 4.98919E-01
 -1      1785-1.23328E+00 1.00161E+01 1.00000E+00
 -1      1786-1.20001E+00 9.99394E+00 1.00000E+00
 -1      1787-1.16672E+00 1.00439E+01 1.00000E+00
 -1      1788-1.19999E+00 1.00661E+01 1.00000E+00
 -1      1793-1.23303E+00 1.00068E+01 1.49957E+00
 -1      1794-1.19936E+00 9.98518E+00 1.49892E+00
 -1      1795-1.16697E+00 1.00357E+01 1.50043E+00
 -1      1796-1.20064E+00 1.00572E+01 1.50108E+00
 -1      1801 1.16697E+00 9.96434E+00 4.99567E-01
 -1      1802 1.20064E+00 9.94275E+00 4.98919E-01
 -1      1803 1.23303E+00 9.99323E+00 5.00433E-01
 -1      1804 1.19936E+00 1.00148E+01 5.01081E-01
 -1      1809 1.16672E+00 9.95614E+00 1.00000E+00
 -1      1810 1.19999E+00 9.93394E+00 1.00000E+00
 -1      1811 1.23328E+00 9.98386E+00 1.00000E+00
 -1      1812 1.20001E+00 1.00061E+01 1.00000E+00
 -1      1817 1.16646E+00 9.96557E+00 1.50040E+00
 -1      1818 1.19930E+00 9.94275E+00 1.50108E+00
 -1      1819 1.23354E+00 9.99200E+00 1.49960E+00
 -1      1820 1.20070E+00 1.00148E+01 1.49892E+00
 -1      1825 0.00000E+00 1.99300E+01-1.20023E-02
 -1      1826 0.00000E+00 1.99620E+01-3.60001E-02
 -1      1827 0.00000E+00 1.99980E+01 1.20023E-02
 -1      1828 0.00000E+00 1.99660E+01 3.60001E-02
 -1      1833 0.00000E+00 2.00020E+01 1.98800E+00
 -1      1834 0.00000E+00 2.00340E+01 1.96400E+00
 -1      1835 0.00000E+00 2.00700E+01 2.01200E+00
 -1      1836 0.00000E+00 2.00380E+01 2.03600E+00
 -1      1841-1.23329E+00 2.00161E+01 1.00000E+00
 -1      1842-1.20002E+00 1.99939E+01 1.00000E+00
 -1      1843-1.16671E+00 2.00438E+01 1.00000E+00
 -1      1844-1.19998E+00 2.00661E+01 1.00000E+00
 -1      1849 1.16671E+00 1.99562E+01 1.00000E+00
 -1      1850 1.19998E+00 1.99339E+01 1.00000E+00
 -1      1851 1.23329E+00 1.99839E+01 1.00000E+00
 -1      1852 1.20002E+00 2.00061E+01 1.00000E+00
 -1      1857 0.00000E+00 2.99300E+01-1.20023E-02
 -1      1858 0.00000E+00 2.99620E+01-3.60001E-02
 -1      1859 0.00000E+00 2.99980E+01 1.20023E-02
 -1      1860 0.00000E+00 2.99660E+01 3.60001E-02
 -1      1865 0.00000E+00 3.00020E+01 1.98800E+00
 -1      1866 0.00000E+00 3.00340E+01 1.96400E+00
 -1      1867 0.00000E+00 3.00700E+01 2.01200E+00
 -1      1868 0.00000E+00 3.00380E+01 2.03600E+00
 -1      1873-1.23329E+00 3.00161E+01 1.00000E+00
 -1      1874-1.20002E+00 2.99939E+01 1.00000E+00
 -1      1875-1.16671E+00 3.00438E+01 1.00000E+00
 -1      1876-1.19998E+00 3.00661E+01 1.00000E+00
 -1      1881 1.16671E+00 2.99562E+01 1.00000E+00
 -1      1882 1.19998E+00 2.99339E+01 1.00000E+00
 -1      1883 1.23329E+00 2.99839E+01 1.00000E+00
 -1      1884 1.20002E+00 3.00061E+01 1.00000E+00
 -1      1889 0.00000E+00 3.99300E+01-1.20023E-02
 -1      1890 0.00000E+00 3.99620E+01-3.60001E-02
 -1      1891 0.00000E+00 3.99980E+01 1.20023E-02
 -1      1892 0.00000E+00 3.99660E+01 3.60001E-02
 -1      1897 0.00000E+00 4.00020E+01 1.98800E+00
 -1      1898 0.00000E+00 4.00340E+01 1.96400E+00
 -1      1899 0.00000E+00 4.00700E+01 2.01200E+00
 -1      1900 0.00000E+00 4.00380E+01 2.03600E+00
 -1      1905-1.23329E+00 4.00161E+01 1.00000E+00
 -1      1906-1.20002E+00 3.99939E+01 1.00000E+00
 -1      1907-1.16671E+00 4.00438E+01 1.00000E+00
 -1      1908-1.19998E+00 4.00661E+01 1.00000E+00
 -1      1913 1.16671E+00 3.99562E+01 1.00000E+00
 -1      1914 1.19998E+00 3.99339E+01 1.00000E+00
 -1      1915 1.23329E+00 3.99839E+01 1.00000E+00
 -1      1916 1.20002E+00 4.00061E+01 1.00000E+00
 -1      1921 0.00000E+00 4.99300E+01-1.20023E-02
 -1      1922 0.00000E+00 4.99620E+01-3.60001E-02
 -1      1923 0.00000E+00 4.99980E+01 1.20023E-02
 -1      1924 0.00000E+00 4.99660E+01 3.60001E-02
 -1      1929 0.00000E+00 5.00020E+01 1.98800E+00
 -1      1930 0.00000E+00 5.00340E+01 1.96400E+00
 -1      1931 0.00000E+00 5.00700E+01 2.01200E+00
 -1      1932 0.00000E+00 5.00380E+01 2.03600E+00
 -1      1937-1.23329E+00 5.00161E+01 1.00000E+00
 -1      1938-1.20002E+00 4.99939E+01 1.00000E+00
 -1      1939-1.16671E+00 5.00438E+01 1.00000E+00
 -1      1940-1.19998E+00 5.00661E+01 1.00000E+00
 -1      1945 1.16671E+00 4.99562E+01 1.00000E+00
 -1      1946 1.19998E+00 4.99339E+01 1.00000E+00
 -1      1947 1.23329E+00 4.99839E+01 1.00000E+00
 -1      1948 1.20002E+00 5.00061E+01 1.00000E+00
 -1      1953-1.19777E+00 2.52721E+00 3.58451E-01
 -1      1954-1.23236E+00 2.52386E+00 3.78258E-01
 -1      1955-1.20223E+00 2.51522E+00 4.29417E-01
 -1      1956-1.16764E+00 2.51856E+00 4.09610E-01
 -1      1961-1.19829E+00 5.03706E+00 8.14685E-01
 -1      1962-1.23259E+00 5.03303E+00 8.34866E-01
 -1      1963-1.20171E+00 5.02294E+00 8.85315E-01
 -1      1964-1.16741E+00 5.02697E+00 8.65134E-01
 -1      1969-1.19884E+00 7.52934E+00 1.35882E+00
 -1      1970-1.23282E+00 7.52458E+00 1.37939E+00
 -1      1971-1.20116E+00 7.51309E+00 1.42904E+00
 -1      1972-1.16718E+00 7.51785E+00 1.40848E+00
 -1      1977-1.19407E+00 2.51529E+00 1.57100E+00
 -1      1978-1.23055E+00 2.51802E+00 1.58719E+00
 -1      1979-1.20593E+00 2.52714E+00 1.64113E+00
 -1      1980-1.16945E+00 2.52440E+00 1.62495E+00
 -1      1985-1.19388E+00 5.02303E+00 1.11516E+00
 -1      1986-1.23044E+00 5.02621E+00 1.13106E+00
 -1      1987-1.20612E+00 5.03697E+00 1.18484E+00
 -1      1988-1.16956E+00 5.03379E+00 1.16894E+00
 -1      1993-1.19370E+00 7.51321E+00 5.71480E-01
 -1      1994-1.23034E+00 7.51682E+00 5.87095E-01
 -1      1995-1.20630E+00 7.52922E+00 6.40652E-01
 -1      1996-1.16966E+00 7.52560E+00 6.25037E-01
 -1      2001 1.20223E+00 2.52721E+00 3.58451E-01
 -1      2002 1.16764E+00 2.52386E+00 3.78258E-01
 -1      2003 1.19777E+00 2.51522E+00 4.29417E-01
 -1      2004 1.23236E+00 2.51856E+00 4.09610E-01
 -1      2009 1.20171E+00 5.03706E+00 8.14685E-01
 -1      2010 1.16741E+00 5.03303E+00 8.34866E-01
 -1      2011 1.19829E+00 5.02294E+00 8.85315E-01
 -1      2012 1.23259E+00 5.02697E+00 8.65134E-01
 -1      2017 1.20116E+00 7.52934E+00 1.35882E+00
 -1      2018 1.16718E+00 7.52458E+00 1.37939E+00
 -1      2019 1.19884E+00 7.51309E+00 1.42904E+00
 -1      2020 1.23282E+00 7.51785E+00 1.40848E+00
 -1      2025 1.20593E+00 2.51529E+00 1.57100E+00
 -1      2026 1.16945E+00 2.51802E+00 1.58719E+00
 -1      2027 1.19407E+00 2.52714E+00 1.64113E+00
 -1      2028 1.23055E+00 2.52440E+00 1.62495E+00
 -1      2033 1.20612E+00 5.02303E+00 1.11516E+00
 -1      2034 1.16956E+00 5.02621E+00 1.13106E+00
 -1      2035 1.19388E+00 5.03697E+00 1.18484E+00
 -1      2036 1.23044E+00 5.03379E+00 1.16894E+00
 -1      2041 1.20630E+00 7.51321E+00 5.71480E-01
 -1      2042 1.16966E+00 7.51682E+00 5.87095E-01
 -1      2043 1.19370E+00 7.52922E+00 6.40652E-01
 -1      2044 1.23034E+00 7.52560E+00 6.25037E-01
 -1      2049-4.83328E-01 2.47166E+00-3.43393E-02
 -1      2050-5.20442E-01 2.48175E+00-2.33534E-02
 -1      2051-5.04540E-01 2.47743E+00 3.43393E-02
 -1      2052-4.67426E-01 2.46734E+00 2.33534E-02
 -1      2057 1.59904E-01 4.96162E+00-3.45869E-02
 -1      2058 1.22764E-01 4.97054E+00-2.27046E-02
 -1      2059 1.40096E-01 4.96638E+00 3.45869E-02
 -1      2060 1.77236E-01 4.95746E+00 2.27046E-02
 -1      2065 7.15261E-01 7.47263E+00-3.48107E-02
 -1      2066 6.78146E-01 7.48037E+00-2.20585E-02
 -1      2067 6.96871E-01 7.47646E+00 3.48107E-02
 -1      2068 7.33986E-01 7.46872E+00 2.20585E-02
 -1      2073 4.93632E-01 2.47446E+00-3.60542E-02
 -1      2074 4.61704E-01 2.46578E+00-1.35783E-02
 -1      2075 4.94236E-01 2.47463E+00 3.60542E-02
 -1      2076 5.26164E-01 2.48331E+00 1.35783E-02
 -1      2081-1.49866E-01 4.96403E+00-3.60553E-02
 -1      2082-1.82311E-01 4.95625E+00-1.39944E-02
 -1      2083-1.50134E-01 4.96397E+00 3.60553E-02
 -1      2084-1.17689E-01 4.97175E+00 1.39944E-02
 -1      2089-7.05470E-01 7.47467E+00-3.60504E-02
 -1      2090-7.38413E-01 7.46780E+00-1.44278E-02
 -1      2091-7.06662E-01 7.47442E+00 3.60504E-02
 -1      2092-6.73719E-01 7.48129E+00 1.44278E-02
 -1      2097-4.83328E-01 2.47166E+00 1.96566E+00
 -1      2098-5.20442E-01 2.48175E+00 1.97665E+00
 -1      2099-5.04540E-01 2.47743E+00 2.03434E+00
 -1      2100-4.67426E-01 2.46734E+00 2.02335E+00
 -1      2105 1.59904E-01 4.96162E+00 1.96541E+00
 -1      2106 1.22764E-01 4.97054E+00 1.97730E+00
 -1      2107 1.40096E-01 4.96638E+00 2.03459E+00
 -1      2108 1.77236E-01 4.95746E+00 2.02270E+00
 -1      2113 7.15261E-01 7.47263E+00 1.96519E+00
 -1      2114 6.78146E-01 7.48037E+00 1.97794E+00
 -1      2115 6.96871E-01 7.47646E+00 2.03481E+00
 -1      2116 7.33986E-01 7.46872E+00 2.02206E+00
 -1      2121 4.93632E-01 2.47446E+00 1.96395E+00
 -1      2122 4.61704E-01 2.46578E+00 1.98642E+00
 -1      2123 4.94236E-01 2.47463E+00 2.03605E+00
 -1      2124 5.26164E-01 2.48331E+00 2.01358E+00
 -1      2129-1.49866E-01 4.96403E+00 1.96394E+00
 -1      2130-1.82311E-01 4.95625E+00 1.98601E+00
 -1      2131-1.50134E-01 4.96397E+00 2.03606E+00
 -1      2132-1.17689E-01 4.97175E+00 2.01399E+00
 -1      2137-7.05470E-01 7.47467E+00 1.96395E+00
 -1      2138-7.38413E-01 7.46780E+00 1.98557E+00
 -1      2139-7.06662E-01 7.47442E+00 2.03605E+00
 -1      2140-6.73719E-01 7.48129E+00 2.01443E+00
 -1      2145-1.19777E+00 1.25272E+01 3.58451E-01
 -1      2146-1.23236E+00 1.25239E+01 3.78258E-01
 -1      2147-1.20223E+00 1.25152E+01 4.29417E-01
 -1      2148-1.16764E+00 1.25186E+01 4.09610E-01
 -1      2153-1.19829E+00 1.50371E+01 8.14685E-01
 -1      2154-1.23259E+00 1.50330E+01 8.34866E-01
 -1      2155-1.20171E+00 1.50229E+01 8.85315E-01
 -1      2156-1.16741E+00 1.50270E+01 8.65134E-01
 -1      2161-1.19884E+00 1.75293E+01 1.35882E+00
 -1      2162-1.23282E+00 1.75246E+01 1.37939E+00
 -1      2163-1.20116E+00 1.75131E+01 1.42904E+00
 -1      2164-1.16718E+00 1.75178E+01 1.40848E+00
 -1      2169-1.19407E+00 1.25153E+01 1.57100E+00
 -1      2170-1.23055E+00 1.25180E+01 1.58719E+00
 -1      2171-1.20593E+00 1.25271E+01 1.64113E+00
 -1      2172-1.16945E+00 1.25244E+01 1.62495E+00
 -1      2177-1.19388E+00 1.50230E+01 1.11516E+00
 -1      2178-1.23044E+00 1.50262E+01 1.13106E+00
 -1      2179-1.20612E+00 1.50370E+01 1.18484E+00
 -1      2180-1.16956E+00 1.50338E+01 1.16894E+00
 -1      2185-1.19370E+00 1.75132E+01 5.71480E-01
 -1      2186-1.23034E+00 1.75168E+01 5.87095E-01
 -1      2187-1.20630E+00 1.75292E+01 6.40652E-01
 -1      2188-1.16966E+00 1.75256E+01 6.25037E-01
 -1      2193 1.20223E+00 1.25272E+01 3.58451E-01
 -1      2194 1.16764E+00 1.25239E+01 3.78258E-01
 -1      2195 1.19777E+00 1.25152E+01 4.29417E-01
 -1      2196 1.23236E+00 1.25186E+01 4.09610E-01
 -1      2201 1.20171E+00 1.50371E+01 8.14685E-01
 -1      2202 1.16741E+00 1.50330E+01 8.34866E-01
 -1      2203 1.19829E+00 1.50229E+01 8.85315E-01
 -1      2204 1.23259E+00 1.50270E+01 8.65134E-01
 -1      2209 1.20116E+00 1.75293E+01 1.35882E+00
 -1      2210 1.16718E+00 1.75246E+01 1.37939E+00
 -1      2211 1.19884E+00 1.75131E+01 1.42904E+00
 -1      2212 1.23282E+00 1.75178E+01 1.40848E+00
 -1      2217 1.20593E+00 1.25153E+01 1.57100E+00
 -1      2218 1.16945E+00 1.25180E+01 1.58719E+00
 -1      2219 1.19407E+00 1.25271E+01 1.64113E+00
 -1      2220 1.23055E+00 1.25244E+01 1.62495E+00
 -1      2225 1.20612E+00 1.50230E+01 1.11516E+00
 -1      2226 1.16956E+00 1.50262E+01 1.13106E+00
 -1      2227 1.19388E+00 1.50370E+01 1.18484E+00
 -1      2228 1.23044E+00 1.50338E+01 1.16894E+00
 -1      2233 1.20630E+00 1.75132E+01 5.71480E-01
 -1      2234 1.16966E+00 1.75168E+01 5.87095E-01
 -1      2235 1.19370E+00 1.75292E+01 6.40652E-01
 -1      2236 1.23034E+00 1.75256E+01 6.25037E-01
 -1      2241-4.83328E-01 1.24717E+01-3.43393E-02
 -1      2242-5.20442E-01 1.24818E+01-2.33534E-02
 -1      2243-5.04540E-01 1.24774E+01 3.43393E-02
 -1      2244-4.67426E-01 1.24673E+01 2.33534E-02
 -1      2249 1.59904E-01 1.49616E+01-3.45869E-02
 -1      2250 1.22764E-01 1.49705E+01-2.27046E-02
 -1      2251 1.40096E-01 1.49664E+01 3.45869E-02
 -1      2252 1.77236E-01 1.49575E+01 2.27046E-02
 -1      2257 7.15261E-01 1.74726E+01-3.48107E-02
 -1      2258 6.78146E-01 1.74804E+01-2.20585E-02
 -1      2259 6.96871E-01 1.74765E+01 3.48107E-02
 -1      2260 7.33986E-01 1.74687E+01 2.20585E-02
 -1      2265 4.93632E-01 1.24745E+01-3.60542E-02
 -1      2266 4.61704E-01 1.24658E+01-1.35783E-02
 -1      2267 4.94236E-01 1.24746E+01 3.60542E-02
 -1      2268 5.26164E-01 1.24833E+01 1.35783E-02
 -1      2273-1.49866E-01 1.49640E+01-3.60553E-02
 -1      2274-1.82311E-01 1.49562E+01-1.39944E-02
 -1      2275-1.50134E-01 1.49640E+01 3.60553E-02
 -1      2276-1.17689E-01 1.49718E+01 1.39944E-02
 -1      2281-7.05470E-01 1.74747E+01-3.60504E-02
 -1      2282-7.38413E-01 1.74678E+01-1.44278E-02
 -1      2283-7.06662E-01 1.74744E+01 3.60504E-02
 -1      2284-6.73719E-01 1.74813E+01 1.44278E-02
 -1      2289-4.83328E-01 1.24717E+01 1.96566E+00
 -1      2290-5.20442E-01 1.24818E+01 1.97665E+00
 -1      2291-5.04540E-01 1.24774E+01 2.03434E+00
 -1      2292-4.67426E-01 1.24673E+01 2.02335E+00
 -1      2297 1.59904E-01 1.49616E+01 1.96541E+00
 -1      2298 1.22764E-01 1.49705E+01 1.97730E+00
 -1      2299 1.40096E-01 1.49664E+01 2.03459E+00
 -1      2300 1.77236E-01 1.49575E+01 2.02270E+00
 -1      2305 7.15261E-01 1.74726E+01 1.96519E+00
 -1      2306 6.78146E-01 1.74804E+01 1.97794E+00
 -1      2307 6.96871E-01 1.74765E+01 2.03481E+00
 -1      2308 7.33986E-01 1.74687E+01 2.02206E+00
 -1      2313 4.93632E-01 1.24745E+01 1.96395E+00
 -1      2314 4.61704E-01 1.24658E+01 1.98642E+00
 -1      2315 4.94236E-01 1.24746E+01 2.03605E+00
 -1      2316 5.26164E-01 1.24833E+01 2.01358E+00
 -1      2321-1.49866E-01 1.49640E+01 1.96394E+00
 -1      2322-1.82311E-01 1.49562E+01 1.98601E+00
 -1      2323-1.50134E-01 1.49640E+01 2.03606E+00
 -1      2324-1.17689E-01 1.49718E+01 2.01399E+00
 -1      2329-7.05470E-01 1.74747E+01 1.96395E+00
 -1      2330-7.38413E-01 1.74678E+01 1.98557E+00
 -1      2331-7.06662E-01 1.74744E+01 2.03605E+00
 -1      2332-6.73719E-01 1.74813E+01 2.01443E+00
 -1      2337-1.19830E+00 2.50371E+01 8.14684E-01
 -1      2338-1.23259E+00 2.50330E+01 8.34874E-01
 -1      2339-1.20170E+00 2.50229E+01 8.85316E-01
 -1      2340-1.16741E+00 2.50270E+01 8.65126E-01
 -1      2345-1.19388E+00 2.50230E+01 1.11516E+00
 -1      2346-1.23044E+00 2.50262E+01 1.13106E+00
 -1      2347-1.20612E+00 2.50370E+01 1.18484E+00
 -1      2348-1.16956E+00 2.50338E+01 1.16894E+00
 -1      2353 1.20170E+00 2.50371E+01 8.14684E-01
 -1      2354 1.16741E+00 2.50330E+01 8.34874E-01
 -1      2355 1.19830E+00 2.50229E+01 8.85316E-01
 -1      2356 1.23259E+00 2.50270E+01 8.65126E-01
 -1      2361 1.20612E+00 2.50230E+01 1.11516E+00
 -1      2362 1.16956E+00 2.50262E+01 1.13106E+00
 -1      2363 1.19388E+00 2.50370E+01 1.18484E+00
 -1      2364 1.23044E+00 2.50338E+01 1.16894E+00
 -1      2369 1.59908E-01 2.49616E+01-3.45858E-02
 -1      2370 1.22767E-01 2.49705E+01-2.27077E-02
 -1      2371 1.40092E-01 2.49664E+01 3.45858E-02
 -1      2372 1.77233E-01 2.49575E+01 2.27077E-02
 -1      2377-1.49864E-01 2.49640E+01-3.60552E-02
 -1      2378-1.82310E-01 2.49562E+01-1.39967E-02
 -1      2379-1.50136E-01 2.49640E+01 3.60552E-02
 -1      2380-1.17690E-01 2.49718E+01 1.39967E-02
 -1      2385 1.59908E-01 2.49616E+01 1.96541E+00
 -1      2386 1.22767E-01 2.49705E+01 1.97729E+00
 -1      2387 1.40092E-01 2.49664E+01 2.03459E+00
 -1      2388 1.77233E-01 2.49575E+01 2.02271E+00
 -1      2393-1.49864E-01 2.49640E+01 1.96394E+00
 -1      2394-1.82310E-01 2.49562E+01 1.98600E+00
 -1      2395-1.50136E-01 2.49640E+01 2.03606E+00
 -1      2396-1.17690E-01 2.49718E+01 2.01400E+00
 -1      2401-1.19830E+00 3.50371E+01 8.14684E-01
 -1      2402-1.23259E+00 3.50330E+01 8.34874E-01
 -1      2403-1.20170E+00 3.50229E+01 8.85316E-01
 -1      2404-1.16741E+00 3.50270E+01 8.65126E-01
 -1      2409-1.19388E+00 3.50230E+01 1.11516E+00
 -1      2410-1.23044E+00 3.50262E+01 1.13106E+00
 -1      2411-1.20612E+00 3.50370E+01 1.18484E+00
 -1      2412-1.16956E+00 3.50338E+01 1.16894E+00
 -1      2417 1.20170E+00 3.50371E+01 8.14684E-01
 -1      2418 1.16741E+00 3.50330E+01 8.34874E-01
 -1      2419 1.19830E+00 3.50229E+01 8.85316E-01
 -1      2420 1.23259E+00 3.50270E+01 8.65126E-01
 -1      2425 1.20612E+00 3.50230E+01 1.11516E+00
 -1      2426 1.16956E+00 3.50262E+01 1.13106E+00
 -1      2427 1.19388E+00 3.50370E+01 1.18484E+00
 -1      2428 1.23044E+00 3.50338E+01 1.16894E+00
 -1      2433 1.59908E-01 3.49616E+01-3.45858E-02
 -1      2434 1.22767E-01 3.49705E+01-2.27077E-02
 -1      2435 1.40092E-01 3.49664E+01 3.45858E-02
 -1      2436 1.77233E-01 3.49575E+01 2.27077E-02
 -1      2441-1.49864E-01 3.49640E+01-3.60552E-02
 -1      2442-1.82310E-01 3.49562E+01-1.39967E-02
 -1      2443-1.50136E-01 3.49640E+01 3.60552E-02
 -1      2444-1.17690E-01 3.49718E+01 1.39967E-02
 -1      2449 1.59908E-01 3.49616E+01 1.96541E+00
 -1      2450 1.22767E-01 3.49705E+01 1.97729E+00
 -1      2451 1.40092E-01 3.49664E+01 2.03459E+00
 -1      2452 1.77233E-01 3.49575E+01 2.02271E+00
 -1      2457-1.49864E-01 3.49640E+01 1.96394E+00
 -1      2458-1.82310E-01 3.49562E+01 1.98600E+00
 -1      2459-1.50136E-01 3.49640E+01 2.03606E+00
 -1      2460-1.17690E-01 3.49718E+01 2.01400E+00
 -1      2465-1.19757E+00 4.12670E+01 1.57055E-01
 -1      2466-1.23227E+00 4.12640E+01 1.76710E-01
 -1      2467-1.20243E+00 4.12559E+01 2.28140E-01
 -1      2468-1.16773E+00 4.12590E+01 2.08485E-01
 -1      2473-1.19773E+00 4.25271E+01 3.58438E-01
 -1      2474-1.23234E+00 4.25238E+01 3.78214E-01
 -1      2475-1.20227E+00 4.25153E+01 4.29430E-01
 -1      2476-1.16766E+00 4.25186E+01 4.09654E-01
 -1      2481-1.19798E+00 4.37842E+01 5.76000E-01
 -1      2482-1.23245E+00 4.37805E+01 5.95959E-01
 -1      2483-1.20202E+00 4.37713E+01 6.46836E-01
 -1      2484-1.16755E+00 4.37749E+01 6.26877E-01
 -1      2489-1.19828E+00 4.50371E+01 8.14685E-01
 -1      2490-1.23258E+00 4.50330E+01 8.34863E-01
 -1      2491-1.20172E+00 4.50229E+01 8.85315E-01
 -1      2492-1.16742E+00 4.50270E+01 8.65137E-01
 -1      2497-1.19860E+00 4.62854E+01 1.07622E+00
 -1      2498-1.23272E+00 4.62809E+01 1.09662E+00
 -1      2499-1.20140E+00 4.62700E+01 1.14662E+00
 -1      2500-1.16728E+00 4.62745E+01 1.12622E+00
 -1      2505-1.19888E+00 4.75294E+01 1.35884E+00
 -1      2506-1.23284E+00 4.75246E+01 1.37943E+00
 -1      2507-1.20112E+00 4.75130E+01 1.42902E+00
 -1      2508-1.16716E+00 4.75178E+01 1.40843E+00
 -1      2513-1.19908E+00 4.87700E+01 1.65759E+00
 -1      2514-1.23292E+00 4.87650E+01 1.67830E+00
 -1      2515-1.20092E+00 4.87529E+01 1.72761E+00
 -1      2516-1.16708E+00 4.87580E+01 1.70689E+00
 -1      2521-1.19416E+00 4.12560E+01 1.77225E+00
 -1      2522-1.23060E+00 4.12585E+01 1.78856E+00
 -1      2523-1.20584E+00 4.12670E+01 1.84256E+00
 -1      2524-1.16940E+00 4.12644E+01 1.82625E+00
 -1      2529-1.19409E+00 4.25154E+01 1.57098E+00
 -1      2530-1.23056E+00 4.25181E+01 1.58719E+00
 -1      2531-1.20591E+00 4.25271E+01 1.64115E+00
 -1      2532-1.16944E+00 4.25244E+01 1.62494E+00
 -1      2537-1.19399E+00 4.37714E+01 1.35360E+00
 -1      2538-1.23051E+00 4.37743E+01 1.36967E+00
 -1      2539-1.20601E+00 4.37841E+01 1.42356E+00
 -1      2540-1.16949E+00 4.37812E+01 1.40749E+00
 -1      2545-1.19388E+00 4.50230E+01 1.11516E+00
 -1      2546-1.23044E+00 4.50262E+01 1.13106E+00
 -1      2547-1.20612E+00 4.50370E+01 1.18484E+00
 -1      2548-1.16956E+00 4.50338E+01 1.16894E+00
 -1      2553-1.19377E+00 4.62701E+01 8.53886E-01
 -1      2554-1.23038E+00 4.62736E+01 8.69618E-01
 -1      2555-1.20623E+00 4.62853E+01 9.23278E-01
 -1      2556-1.16962E+00 4.62819E+01 9.07546E-01
 -1      2561-1.19368E+00 4.75131E+01 5.71502E-01
 -1      2562-1.23034E+00 4.75168E+01 5.87093E-01
 -1      2563-1.20632E+00 4.75293E+01 6.40630E-01
 -1      2564-1.16966E+00 4.75257E+01 6.25039E-01
 -1      2569-1.19363E+00 4.87531E+01 2.72930E-01
 -1      2570-1.23031E+00 4.87568E+01 2.88429E-01
 -1      2571-1.20637E+00 4.87699E+01 3.41875E-01
 -1      2572-1.16969E+00 4.87661E+01 3.26376E-01
 -1      2577 1.20243E+00 4.12670E+01 1.57055E-01
 -1      2578 1.16773E+00 4.12640E+01 1.76710E-01
 -1      2579 1.19757E+00 4.12559E+01 2.28140E-01
 -1      2580 1.23227E+00 4.12590E+01 2.08485E-01
 -1      2585 1.20227E+00 4.25271E+01 3.58438E-01
 -1      2586 1.16766E+00 4.25238E+01 3.78214E-01
 -1      2587 1.19773E+00 4.25153E+01 4.29430E-01
 -1      2588 1.23234E+00 4.25186E+01 4.09654E-01
 -1      2593 1.20202E+00 4.37842E+01 5.76000E-01
 -1      2594 1.16755E+00 4.37805E+01 5.95959E-01
 -1      2595 1.19798E+00 4.37713E+01 6.46836E-01
 -1      2596 1.23245E+00 4.37749E+01 6.26877E-01
 -1      2601 1.20172E+00 4.50371E+01 8.14685E-01
 -1      2602 1.16742E+00 4.50330E+01 8.34863E-01
 -1      2603 1.19828E+00 4.50229E+01 8.85315E-01
 -1      2604 1.23258E+00 4.50270E+01 8.65137E-01
 -1      2609 1.20140E+00 4.62854E+01 1.07622E+00
 -1      2610 1.16728E+00 4.62809E+01 1.09662E+00
 -1      2611 1.19860E+00 4.62700E+01 1.14662E+00
 -1      2612 1.23272E+00 4.62745E+01 1.12622E+00
 -1      2617 1.20112E+00 4.75294E+01 1.35884E+00
 -1      2618 1.16716E+00 4.75246E+01 1.37943E+00
 -1      2619 1.19888E+00 4.75130E+01 1.42902E+00
 -1      2620 1.23284E+00 4.75178E+01 1.40843E+00
 -1      2625 1.20092E+00 4.87700E+01 1.65759E+00
 -1      2626 1.16708E+00 4.87650E+01 1.67830E+00
 -1      2627 1.19908E+00 4.87529E+01 1.72761E+00
 -1      2628 1.23292E+00 4.87580E+01 1.70689E+00
 -1      2633 1.20584E+00 4.12560E+01 1.77225E+00
 -1      2634 1.16940E+00 4.12585E+01 1.78856E+00
 -1      2635 1.19416E+00 4.12670E+01 1.84256E+00
 -1      2636 1.23060E+00 4.12644E+01 1.82625E+00
 -1      2641 1.20591E+00 4.25154E+01 1.57098E+00
 -1      2642 1.16944E+00 4.25181E+01 1.58719E+00
 -1      2643 1.19409E+00 4.25271E+01 1.64115E+00
 -1      2644 1.23056E+00 4.25244E+01 1.62494E+00
 -1      2649 1.20601E+00 4.37714E+01 1.35360E+00
 -1      2650 1.16949E+00 4.37743E+01 1.36967E+00
 -1      2651 1.19399E+00 4.37841E+01 1.42356E+00
 -1      2652 1.23051E+00 4.37812E+01 1.40749E+00
 -1      2657 1.20612E+00 4.50230E+01 1.11516E+00
 -1      2658 1.16956E+00 4.50262E+01 1.13106E+00
 -1      2659 1.19388E+00 4.50370E+01 1.18484E+00
 -1      2660 1.23044E+00 4.50338E+01 1.16894E+00
 -1      2665 1.20623E+00 4.62701E+01 8.53886E-01
 -1      2666 1.16962E+00 4.62736E+01 8.69618E-01
 -1      2667 1.19377E+00 4.62853E+01 9.23278E-01
 -1      2668 1.23038E+00 4.62819E+01 9.07546E-01
 -1      2673 1.20632E+00 4.75131E+01 5.71502E-01
 -1      2674 1.16966E+00 4.75168E+01 5.87093E-01
 -1      2675 1.19368E+00 4.75293E+01 6.40630E-01
 -1      2676 1.23034E+00 4.75257E+01 6.25039E-01
 -1      2681 1.20637E+00 4.87531E+01 2.72930E-01
 -1      2682 1.16969E+00 4.87568E+01 2.88429E-01
 -1      2683 1.19363E+00 4.87699E+01 3.41875E-01
 -1      2684 1.23031E+00 4.87661E+01 3.26376E-01
 -1      2689-8.31704E-01 4.12331E+01-3.42295E-02
 -1      2690-8.68791E-01 4.12437E+01-2.36225E-02
 -1      2691-8.53491E-01 4.12393E+01 3.42295E-02
 -1      2692-8.16404E-01 4.12287E+01 2.36225E-02
 -1      2697-4.83271E-01 4.24716E+01-3.43179E-02
 -1      2698-5.20380E-01 4.24818E+01-2.34066E-02
 -1      2699-5.04597E-01 4.24775E+01 3.43179E-02
 -1      2700-4.67488E-01 4.24673E+01 2.34066E-02
 -1      2705-1.51102E-01 4.37141E+01-3.44451E-02
 -1      2706-1.88233E-01 4.37237E+01-2.30837E-02
 -1      2707-1.71734E-01 4.37194E+01 3.44451E-02
 -1      2708-1.34603E-01 4.37098E+01 2.30837E-02
 -1      2713 1.59903E-01 4.49616E+01-3.45874E-02
 -1      2714 1.22764E-01 4.49705E+01-2.27035E-02
 -1      2715 1.40097E-01 4.49664E+01 3.45874E-02
 -1      2716 1.77236E-01 4.49575E+01 2.27035E-02
 -1      2721 4.48070E-01 4.62146E+01-3.47212E-02
 -1      2722 4.10939E-01 4.62229E+01-2.23246E-02
 -1      2723 4.29094E-01 4.62188E+01 3.47212E-02
 -1      2724 4.66225E-01 4.62106E+01 2.23246E-02
 -1      2729 7.15201E-01 4.74727E+01-3.48283E-02
 -1      2730 6.78091E-01 4.74803E+01-2.20050E-02
 -1      2731 6.96931E-01 4.74764E+01 3.48283E-02
 -1      2732 7.34041E-01 4.74688E+01 2.20050E-02
 -1      2737 9.66302E-01 4.87345E+01-3.48965E-02
 -1      2738 9.29212E-01 4.87417E+01-2.17923E-02
 -1      2739 9.48503E-01 4.87380E+01 3.48965E-02
 -1      2740 9.85593E-01 4.87307E+01 2.17923E-02
 -1      2745 8.42124E-01 4.12361E+01-3.60521E-02
 -1      2746 8.10413E-01 4.12270E+01-1.34113E-02
 -1      2747 8.43071E-01 4.12364E+01 3.60521E-02
 -1      2748 8.74781E-01 4.12454E+01 1.34113E-02
 -1      2753 4.93597E-01 4.24745E+01-3.60538E-02
 -1      2754 4.61712E-01 4.24657E+01-1.35445E-02
 -1      2755 4.94271E-01 4.24746E+01 3.60538E-02
 -1      2756 5.26156E-01 4.24834E+01 1.35445E-02
 -1      2761 1.61293E-01 4.37167E+01-3.60553E-02
 -1      2762 1.29148E-01 4.37084E+01-1.37478E-02
 -1      2763 1.61544E-01 4.37168E+01 3.60553E-02
 -1      2764 1.93688E-01 4.37251E+01 1.37478E-02
 -1      2769-1.49867E-01 4.49640E+01-3.60553E-02
 -1      2770-1.82312E-01 4.49562E+01-1.39935E-02
 -1      2771-1.50133E-01 4.49640E+01 3.60553E-02
 -1      2772-1.17688E-01 4.49718E+01 1.39935E-02
 -1      2777-4.38181E-01 4.62168E+01-3.60532E-02
 -1      2778-4.70920E-01 4.62096E+01-1.42455E-02
 -1      2779-4.38983E-01 4.62167E+01 3.60532E-02
 -1      2780-4.06244E-01 4.62239E+01 1.42455E-02
 -1      2785-7.05431E-01 4.74747E+01-3.60497E-02
 -1      2786-7.38414E-01 4.74679E+01-1.44640E-02
 -1      2787-7.06701E-01 4.74744E+01 3.60497E-02
 -1      2788-6.73718E-01 4.74812E+01 1.44640E-02
 -1      2793-9.56607E-01 4.87364E+01-3.60464E-02
 -1      2794-9.89751E-01 4.87299E+01-1.46123E-02
 -1      2795-9.58198E-01 4.87361E+01 3.60464E-02
 -1      2796-9.25054E-01 4.87425E+01 1.46123E-02
 -1      2801-8.31704E-01 4.12331E+01 1.96577E+00
 -1      2802-8.68791E-01 4.12437E+01 1.97638E+00
 -1      2803-8.53491E-01 4.12393E+01 2.03423E+00
 -1      2804-8.16404E-01 4.12287E+01 2.02362E+00
 -1      2809-4.83271E-01 4.24716E+01 1.96568E+00
 -1      2810-5.20380E-01 4.24818E+01 1.97659E+00
 -1      2811-5.04597E-01 4.24775E+01 2.03432E+00
 -1      2812-4.67488E-01 4.24673E+01 2.02341E+00
 -1      2817-1.51102E-01 4.37141E+01 1.96555E+00
 -1      2818-1.88233E-01 4.37237E+01 1.97692E+00
 -1      2819-1.71734E-01 4.37194E+01 2.03445E+00
 -1      2820-1.34603E-01 4.37098E+01 2.02308E+00
 -1      2825 1.59903E-01 4.49616E+01 1.96541E+00
 -1      2826 1.22764E-01 4.49705E+01 1.97730E+00
 -1      2827 1.40097E-01 4.49664E+01 2.03459E+00
 -1      2828 1.77236E-01 4.49575E+01 2.02270E+00
 -1      2833 4.48070E-01 4.62146E+01 1.96528E+00
 -1      2834 4.10939E-01 4.62229E+01 1.97768E+00
 -1      2835 4.29094E-01 4.62188E+01 2.03472E+00
 -1      2836 4.66225E-01 4.62106E+01 2.02232E+00
 -1      2841 7.15201E-01 4.74727E+01 1.96517E+00
 -1      2842 6.78091E-01 4.74803E+01 1.97800E+00
 -1      2843 6.96931E-01 4.74764E+01 2.03483E+00
 -1      2844 7.34041E-01 4.74688E+01 2.02200E+00
 -1      2849 9.66302E-01 4.87345E+01 1.96510E+00
 -1      2850 9.29212E-01 4.87417E+01 1.97821E+00
 -1      2851 9.48503E-01 4.87380E+01 2.03490E+00
 -1      2852 9.85593E-01 4.87307E+01 2.02179E+00
 -1      2857 8.42124E-01 4.12361E+01 1.96395E+00
 -1      2858 8.10413E-01 4.12270E+01 1.98659E+00
 -1      2859 8.43071E-01 4.12364E+01 2.03605E+00
 -1      2860 8.74781E-01 4.12454E+01 2.01341E+00
 -1      2865 4.93597E-01 4.24745E+01 1.96395E+00
 -1      2866 4.61712E-01 4.24657E+01 1.98646E+00
 -1      2867 4.94271E-01 4.24746E+01 2.03605E+00
 -1      2868 5.26156E-01 4.24834E+01 2.01354E+00
 -1      2873 1.61293E-01 4.37167E+01 1.96394E+00
 -1      2874 1.29148E-01 4.37084E+01 1.98625E+00
 -1      2875 1.61544E-01 4.37168E+01 2.03606E+00
 -1      2876 1.93688E-01 4.37251E+01 2.01375E+00
 -1      2881-1.49867E-01 4.49640E+01 1.96394E+00
 -1      2882-1.82312E-01 4.49562E+01 1.98601E+00
 -1      2883-1.50133E-01 4.49640E+01 2.03606E+00
 -1      2884-1.17688E-01 4.49718E+01 2.01399E+00
 -1      2889-4.38181E-01 4.62168E+01 1.96395E+00
 -1      2890-4.70920E-01 4.62096E+01 1.98575E+00
 -1      2891-4.38983E-01 4.62167E+01 2.03605E+00
 -1      2892-4.06244E-01 4.62239E+01 2.01425E+00
 -1      2897-7.05431E-01 4.74747E+01 1.96395E+00
 -1      2898-7.38414E-01 4.74679E+01 1.98554E+00
 -1      2899-7.06701E-01 4.74744E+01 2.03605E+00
 -1      2900-6.73718E-01 4.74812E+01 2.01446E+00
 -1      2905-9.56607E-01 4.87364E+01 1.96395E+00
 -1      2906-9.89751E-01 4.87299E+01 1.98539E+00
 -1      2907-9.58198E-01 4.87361E+01 2.03605E+00
 -1      2908-9.25054E-01 4.87425E+01 2.01461E+00
 -3
    3C                           268                                     1
 -1         1    1    0    1
 -2       209      1441      1442       210       212      1444      1443       211
 -1         2    1    0    1
 -2      1441       409       410      1442      1444       412       411      1443
 -1         3    1    0    1
 -2       259      1449      1450       260       262      1452      1451       261
 -1         4    1    0    1
 -2      1449       459       460      1450      1452       462       461      1451
 -1         5    1    0    1
 -2       309      1457      1458       310       312      1460      1459       311
 -1         6    1    0    1
 -2      1457       509       510      1458      1460       512       511      1459
 -1         7    1    0    1
 -2       359      1465      1466       360       362      1468      1467       361
 -1         8    1    0    1
 -2      1465       559       560      1466      1468       562       561      1467
 -1         9    1    0    1
 -2       409      1473      1474       410       412      1476      1475       411
 -1        10    1    0    1
 -2      1473       609       610      1474      1476       612       611      1475
 -1        11    1    0    1
 -2       459      1481      1482       460       462      1484      1483       461
 -1        12    1    0    1
 -2      1481       659       660      1482      1484       662       661      1483
 -1        13    1    0    1
 -2       509      1489      1490       510       512      1492      1491       511
 -1        14    1    0    1
 -2      1489       709       710      1490      1492       712       711      1491
 -1        15    1    0    1
 -2       559      1497      1498       560       562      1500      1499       561
 -1        16    1    0    1
 -2      1497       759       760      1498      1500       762       761      1499
 -1        17    1    0    1
 -2       609      1505      1506       610       612      1508      1507       611
 -1        18    1    0    1
 -2      1505      1513      1514      1506      1508      1516      1515      1507
 -1        19    1    0    1
 -2      1513      1521      1522      1514      1516      1524      1523      1515
 -1        20    1    0    1
 -2      1521       809       810      1522      1524       812       811      1523
 -1        21    1    0    1
 -2       659      1529      1530       660       662      1532      1531       661
 -1        22    1    0    1
 -2      1529      1537      1538      1530      1532      1540      1539      1531
 -1        23    1    0    1
 -2      1537      1545      1546      1538      1540      1548      1547      1539
 -1        24    1    0    1
 -2      1545       859       860      1546      1548       862       861      1547
 -1        25    1    0    1
 -2       709      1553      1554       710       712      1556      1555       711
 -1        26    1    0    1
 -2      1553      1561      1562      1554      1556      1564      1563      1555
 -1        27    1    0    1
 -2      1561      1569      1570      1562      1564      1572      1571      1563
 -1        28    1    0    1
 -2      1569       909       910      1570      1572       912       911      1571
 -1        29    1    0    1
 -2       759      1577      1578       760       762      1580      1579       761
 -1        30    1    0    1
 -2      1577      1585      1586      1578      1580      1588      1587      1579
 -1        31    1    0    1
 -2      1585      1593      1594      1586      1588      1596      1595      1587
 -1        32    1    0    1
 -2      1593       959       960      1594      1596       962       961      1595
 -1        33    1    0    1
 -2       809      1601      1602       810       812      1604      1603       811
 -1        34    1    0    1
 -2      1601      1609      1610      1602      1604      1612      1611      1603
 -1        35    1    0    1
 -2      1609      1617      1618      1610      1612      1620      1619      1611
 -1        36    1    0    1
 -2      1617      1009      1010      1618      1620      1012      1011      1619
 -1        37    1    0    1
 -2       859      1625      1626       860       862      1628      1627       861
 -1        38    1    0    1
 -2      1625      1633      1634      1626      1628      1636      1635      1627
 -1        39    1    0    1
 -2      1633      1641      1642      1634      1636      1644      1643      1635
 -1        40    1    0    1
 -2      1641      1075      1076      1642      1644      1078      1077      1643
 -1        41    1    0    1
 -2       909      1649      1650       910       912      1652      1651       911
 -1        42    1    0    1
 -2      1649      1657      1658      1650      1652      1660      1659      1651
 -1        43    1    0    1
 -2      1657      1665      1666      1658      1660      1668      1667      1659
 -1        44    1    0    1
 -2      1665      1125      1126      1666      1668      1128      1127      1667
 -1        45    1    0    1
 -2       959      1673      1674       960       962      1676      1675       961
 -1        46    1    0    1
 -2      1673      1681      1682      1674      1676      1684      1683      1675
 -1        47    1    0    1
 -2      1681      1689      1690      1682      1684      1692      1691      1683
 -1        48    1    0    1
 -2      1689      1191      1192      1690      1692      1194      1193      1691
 -1        49    1    0    1
 -2      1033      1697      1698      1034      1036      1700      1699      1035
 -1        50    1    0    1
 -2      1697      1241      1242      1698      1700      1244      1243      1699
 -1        51    1    0    1
 -2      1075      1705      1706      1076      1078      1708      1707      1077
 -1        52    1    0    1
 -2      1705      1291      1292      1706      1708      1294      1293      1707
 -1        53    1    0    1
 -2      1149      1713      1714      1150      1152      1716      1715      1151
 -1        54    1    0    1
 -2      1713      1341      1342      1714      1716      1344      1343      1715
 -1        55    1    0    1
 -2      1191      1721      1722      1192      1194      1724      1723      1193
 -1        56    1    0    1
 -2      1721      1391      1392      1722      1724      1394      1393      1723
 -1        57    1    0    1
 -2       217       267       268       218       220       270       269       219
 -1        58    1    0    1
 -2       317       367       368       318       320       370       369       319
 -1        59    1    0    1
 -2       225       325       326       226       228       328       327       227
 -1        60    1    0    1
 -2       275       375       376       276       278       378       377       277
 -1        61    1    0    1
 -2       417      1729      1730       418       420      1732      1731       419
 -1        62    1    0    1
 -2      1729      1737      1738      1730      1732      1740      1739      1731
 -1        63    1    0    1
 -2      1737      1745      1746      1738      1740      1748      1747      1739
 -1        64    1    0    1
 -2      1745       467       468      1746      1748       470       469      1747
 -1        65    1    0    1
 -2       517      1753      1754       518       520      1756      1755       519
 -1        66    1    0    1
 -2      1753      1761      1762      1754      1756      1764      1763      1755
 -1        67    1    0    1
 -2      1761      1769      1770      1762      1764      1772      1771      1763
 -1        68    1    0    1
 -2      1769       567       568      1770      1772       570       569      1771
 -1        69    1    0    1
 -2       425      1777      1778       426       428      1780      1779       427
 -1        70    1    0    1
 -2      1777      1785      1786      1778      1780      1788      1787      1779
 -1        71    1    0    1
 -2      1785      1793      1794      1786      1788      1796      1795      1787
 -1        72    1    0    1
 -2      1793       525       526      1794      1796       528       527      1795
 -1        73    1    0    1
 -2       475      1801      1802       476       478      1804      1803       477
 -1        74    1    0    1
 -2      1801      1809      1810      1802      1804      1812      1811      1803
 -1        75    1    0    1
 -2      1809      1817      1818      1810      1812      1820      1819      1811
 -1        76    1    0    1
 -2      1817       575       576      1818      1820       578       577      1819
 -1        77    1    0    1
 -2       617      1825      1826       618       620      1828      1827       619
 -1        78    1    0    1
 -2      1825       667       668      1826      1828       670       669      1827
 -1        79    1    0    1
 -2       717      1833      1834       718       720      1836      1835       719
 -1        80    1    0    1
 -2      1833       767       768      1834      1836       770       769      1835
 -1        81    1    0    1
 -2       625      1841      1842       626       628      1844      1843       627
 -1        82    1    0    1
 -2      1841       725       726      1842      1844       728       727      1843
 -1        83    1    0    1
 -2       675      1849      1850       676       678      1852      1851       677
 -1        84    1    0    1
 -2      1849       775       776      1850      1852       778       777      1851
 -1        85    1    0    1
 -2       817      1857      1858       818       820      1860      1859       819
 -1        86    1    0    1
 -2      1857       867       868      1858      1860       870       869      1859
 -1        87    1    0    1
 -2       917      1865      1866       918       920      1868      1867       919
 -1        88    1    0    1
 -2      1865       967       968      1866      1868       970       969      1867
 -1        89    1    0    1
 -2       825      1873      1874       826       828      1876      1875       827
 -1        90    1    0    1
 -2      1873       925       926      1874      1876       928       927      1875
 -1        91    1    0    1
 -2       875      1881      1882       876       878      1884      1883       877
 -1        92    1    0    1
 -2      1881       975       976      1882      1884       978       977      1883
 -1        93    1    0    1
 -2      1017      1889      1890      1018      1020      1892      1891      1019
 -1        94    1    0    1
 -2      1889      1083      1084      1890      1892      1086      1085      1891
 -1        95    1    0    1
 -2      1133      1897      1898      1134      1136      1900      1899      1135
 -1        96    1    0    1
 -2      1897      1199      1200      1898      1900      1202      1201      1899
 -1        97    1    0    1
 -2      1025      1905      1906      1026      1028      1908      1907      1027
 -1        98    1    0    1
 -2      1905      1141      1142      1906      1908      1144      1143      1907
 -1        99    1    0    1
 -2      1091      1913      1914      1092      1094      1916      1915      1093
 -1       100    1    0    1
 -2      1913      1207      1208      1914      1916      1210      1209      1915
 -1       101    1    0    1
 -2      1249      1921      1922      1250      1252      1924      1923      1251
 -1       102    1    0    1
 -2      1921      1299      1300      1922      1924      1302      1301      1923
 -1       103    1    0    1
 -2      1349      1929      1930      1350      1352      1932      1931      1351
 -1       104    1    0    1
 -2      1929      1399      1400      1930      1932      1402      1401      1931
 -1       105    1    0    1
 -2      1257      1937      1938      1258      1260      1940      1939      1259
 -1       106    1    0    1
 -2      1937      1357      1358      1938      1940      1360      1359      1939
 -1       107    1    0    1
 -2      1307      1945      1946      1308      1310      1948      1947      1309
 -1       108    1    0    1
 -2      1945      1407      1408      1946      1948      1410      1409      1947
 -1       109    1    0    1
 -2       209      1953      1954       210       212      1956      1955       211
 -1       110    1    0    1
 -2      1953      1961      1962      1954      1956      1964      1963      1955
 -1       111    1    0    1
 -2      1961      1969      1970      1962      1964      1972      1971      1963
 -1       112    1    0    1
 -2      1969       509       510      1970      1972       512       511      1971
 -1       113    1    0    1
 -2       309      1977      1978       310       312      1980      1979       311
 -1       114    1    0    1
 -2      1977      1985      1986      1978      1980      1988      1987      1979
 -1       115    1    0    1
 -2      1985      1993      1994      1986      1988      1996      1995      1987
 -1       116    1    0    1
 -2      1993       409       410      1994      1996       412       411      1995
 -1       117    1    0    1
 -2       259      2001      2002       260       262      2004      2003       261
 -1       118    1    0    1
 -2      2001      2009      2010      2002      2004      2012      2011      2003
 -1       119    1    0    1
 -2      2009      2017      2018      2010      2012      2020      2019      2011
 -1       120    1    0    1
 -2      2017       559       560      2018      2020       562       561      2019
 -1       121    1    0    1
 -2       359      2025      2026       360       362      2028      2027       361
 -1       122    1    0    1
 -2      2025      2033      2034      2026      2028      2036      2035      2027
 -1       123    1    0    1
 -2      2033      2041      2042      2034      2036      2044      2043      2035
 -1       124    1    0    1
 -2      2041       459       460      2042      2044       462       461      2043
 -1       125    1    0    1
 -2       209      2049      2050       210       212      2052      2051       211
 -1       126    1    0    1
 -2      2049      2057      2058      2050      2052      2060      2059      2051
 -1       127    1    0    1
 -2      2057      2065      2066      2058      2060      2068      2067      2059
 -1       128    1    0    1
 -2      2065       459       460      2066      2068       462       461      2067
 -1       129    1    0    1
 -2       259      2073      2074       260       262      2076      2075       261
 -1       130    1    0    1
 -2      2073      2081      2082      2074      2076      2084      2083      2075
 -1       131    1    0    1
 -2      2081      2089      2090      2082      2084      2092      2091      2083
 -1       132    1    0    1
 -2      2089       409       410      2090      2092       412       411      2091
 -1       133    1    0    1
 -2       309      2097      2098       310       312      2100      2099       311
 -1       134    1    0    1
 -2      2097      2105      2106      2098      2100      2108      2107      2099
 -1       135    1    0    1
 -2      2105      2113      2114      2106      2108      2116      2115      2107
 -1       136    1    0    1
 -2      2113       559       560      2114      2116       562       561      2115
 -1       137    1    0    1
 -2       359      2121      2122       360       362      2124      2123       361
 -1       138    1    0    1
 -2      2121      2129      2130      2122      2124      2132      2131      2123
 -1       139    1    0    1
 -2      2129      2137      2138      2130      2132      2140      2139      2131
 -1       140    1    0    1
 -2      2137       509       510      2138      2140       512       511      2139
 -1       141    1    0    1
 -2       409      2145      2146       410       412      2148      2147       411
 -1       142    1    0    1
 -2      2145      2153      2154      2146      2148      2156      2155      2147
 -1       143    1    0    1
 -2      2153      2161      2162      2154      2156      2164      2163      2155
 -1       144    1    0    1
 -2      2161       709       710      2162      2164       712       711      2163
 -1       145    1    0    1
 -2       509      2169      2170       510       512      2172      2171       511
 -1       146    1    0    1
 -2      2169      2177      2178      2170      2172      2180      2179      2171
 -1       147    1    0    1
 -2      2177      2185      2186      2178      2180      2188      2187      2179
 -1       148    1    0    1
 -2      2185       609       610      2186      2188       612       611      2187
 -1       149    1    0    1
 -2       459      2193      2194       460       462      2196      2195       461
 -1       150    1    0    1
 -2      2193      2201      2202      2194      2196      2204      2203      2195
 -1       151    1    0    1
 -2      2201      2209      2210      2202      2204      2212      2211      2203
 -1       152    1    0    1
 -2      2209       759       760      2210      2212       762       761      2211
 -1       153    1    0    1
 -2       559      2217      2218       560       562      2220      2219       561
 -1       154    1    0    1
 -2      2217      2225      2226      2218      2220      2228      2227      2219
 -1       155    1    0    1
 -2      2225      2233      2234      2226      2228      2236      2235      2227
 -1       156    1    0    1
 -2      2233       659       660      2234      2236       662       661      2235
 -1       157    1    0    1
 -2       409      2241      2242       410       412      2244      2243       411
 -1       158    1    0    1
 -2      2241      2249      2250      2242      2244      2252      2251      2243
 -1       159    1    0    1
 -2      2249      2257      2258      2250      2252      2260      2259      2251
 -1       160    1    0    1
 -2      2257       659       660      2258      2260       662       661      2259
 -1       161    1    0    1
 -2       459      2265      2266       460       462      2268      2267       461
 -1       162    1    0    1
 -2      2265      2273      2274      2266      2268      2276      2275      2267
 -1       163    1    0    1
 -2      2273      2281      2282      2274      2276      2284      2283      2275
 -1       164    1    0    1
 -2      2281       609       610      2282      2284       612       611      2283
 -1       165    1    0    1
 -2       509      2289      2290       510       512      2292      2291       511
 -1       166    1    0    1
 -2      2289      2297      2298      2290      2292      2300      2299      2291
 -1       167    1    0    1
 -2      2297      2305      2306      2298      2300      2308      2307      2299
 -1       168    1    0    1
 -2      2305       759       760      2306      2308       762       761      2307
 -1       169    1    0    1
 -2       559      2313      2314       560       562      2316      2315       561
 -1       170    1    0    1
 -2      2313      2321      2322      2314      2316      2324      2323      2315
 -1       171    1    0    1
 -2      2321      2329      2330      2322      2324      2332      2331      2323
 -1       172    1    0    1
 -2      2329       709       710      2330      2332       712       711      2331
 -1       173    1    0    1
 -2       609      2337      2338       610       612      2340      2339       611
 -1       174    1    0    1
 -2      2337       909       910      2338      2340       912       911      2339
 -1       175    1    0    1
 -2       709      2345      2346       710       712      2348      2347       711
 -1       176    1    0    1
 -2      2345       809       810      2346      2348       812       811      2347
 -1       177    1    0    1
 -2       659      2353      2354       660       662      2356      2355       661
 -1       178    1    0    1
 -2      2353       959       960      2354      2356       962       961      2355
 -1       179    1    0    1
 -2       759      2361      2362       760       762      2364      2363       761
 -1       180    1    0    1
 -2      2361       859       860      2362      2364       862       861      2363
 -1       181    1    0    1
 -2       609      2369      2370       610       612      2372      2371       611
 -1       182    1    0    1
 -2      2369       859       860      2370      2372       862       861      2371
 -1       183    1    0    1
 -2       659      2377      2378       660       662      2380      2379       661
 -1       184    1    0    1
 -2      2377       809       810      2378      2380       812       811      2379
 -1       185    1    0    1
 -2       709      2385      2386       710       712      2388      2387       711
 -1       186    1    0    1
 -2      2385       959       960      2386      2388       962       961      2387
 -1       187    1    0    1
 -2       759      2393      2394       760       762      2396      2395       761
 -1       188    1    0    1
 -2      2393       909       910      2394      2396       912       911      2395
 -1       189    1    0    1
 -2       809      2401      2402       810       812      2404      2403       811
 -1       190    1    0    1
 -2      2401      1125      1126      2402      2404      1128      1127      2403
 -1       191    1    0    1
 -2       909      2409      2410       910       912      2412      2411       911
 -1       192    1    0    1
 -2      2409      1009      1010      2410      2412      1012      1011      2411
 -1       193    1    0    1
 -2       859      2417      2418       860       862      2420      2419       861
 -1       194    1    0    1
 -2      2417      1191      1192      2418      2420      1194      1193      2419
 -1       195    1    0    1
 -2       959      2425      2426       960       962      2428      2427       961
 -1       196    1    0    1
 -2      2425      1075      1076      2426      2428      1078      1077      2427
 -1       197    1    0    1
 -2       809      2433      2434       810       812      2436      2435       811
 -1       198    1    0    1
 -2      2433      1075      1076      2434      2436      1078      1077      2435
 -1       199    1    0    1
 -2       859      2441      2442       860       862      2444      2443       861
 -1       200    1    0    1
 -2      2441      1009      1010      2442      2444      1012      1011      2443
 -1       201    1    0    1
 -2       909      2449      2450       910       912      2452      2451       911
 -1       202    1    0    1
 -2      2449      1191      1192      2450      2452      1194      1193      2451
 -1       203    1    0    1
 -2       959      2457      2458       960       962      2460      2459       961
 -1       204    1    0    1
 -2      2457      1125      1126      2458      2460      1128      1127      2459
 -1       205    1    0    1
 -2      1009      2465      2466      1010      1012      2468      2467      1011
 -1       206    1    0    1
 -2      2465      2473      2474      2466      2468      2476      2475      2467
 -1       207    1    0    1
 -2      2473      2481      2482      2474      2476      2484      2483      2475
 -1       208    1    0    1
 -2      2481      2489      2490      2482      2484      2492      2491      2483
 -1       209    1    0    1
 -2      2489      2497      2498      2490      2492      2500      2499      2491
 -1       210    1    0    1
 -2      2497      2505      2506      2498      2500      2508      2507      2499
 -1       211    1    0    1
 -2      2505      2513      2514      2506      2508      2516      2515      2507
 -1       212    1    0    1
 -2      2513      1341      1342      2514      2516      1344      1343      2515
 -1       213    1    0    1
 -2      1149      2521      2522      1150      1152      2524      2523      1151
 -1       214    1    0    1
 -2      2521      2529      2530      2522      2524      2532      2531      2523
 -1       215    1    0    1
 -2      2529      2537      2538      2530      2532      2540      2539      2531
 -1       216    1    0    1
 -2      2537      2545      2546      2538      2540      2548      2547      2539
 -1       217    1    0    1
 -2      2545      2553      2554      2546      2548      2556      2555      2547
 -1       218    1    0    1
 -2      2553      2561      2562      2554      2556      2564      2563      2555
 -1       219    1    0    1
 -2      2561      2569      2570      2562      2564      2572      2571      2563
 -1       220    1    0    1
 -2      2569      1241      1242      2570      2572      1244      1243      2571
 -1       221    1    0    1
 -2      1075      2577      2578      1076      1078      2580      2579      1077
 -1       222    1    0    1
 -2      2577      2585      2586      2578      2580      2588      2587      2579
 -1       223    1    0    1
 -2      2585      2593      2594      2586      2588      2596      2595      2587
 -1       224    1    0    1
 -2      2593      2601      2602      2594      2596      2604      2603      2595
 -1       225    1    0    1
 -2      2601      2609      2610      2602      2604      2612      2611      2603
 -1       226    1    0    1
 -2      2609      2617      2618      2610      2612      2620      2619      2611
 -1       227    1    0    1
 -2      2617      2625      2626      2618      2620      2628      2627      2619
 -1       228    1    0    1
 -2      2625      1391      1392      2626      2628      1394      1393      2627
 -1       229    1    0    1
 -2      1191      2633      2634      1192      1194      2636      2635      1193
 -1       230    1    0    1
 -2      2633      2641      2642      2634      2636      2644      2643      2635
 -1       231    1    0    1
 -2      2641      2649      2650      2642      2644      2652      2651      2643
 -1       232    1    0    1
 -2      2649      2657      2658      2650      2652      2660      2659      2651
 -1       233    1    0    1
 -2      2657      2665      2666      2658      2660      2668      2667      2659
 -1       234    1    0    1
 -2      2665      2673      2674      2666      2668      2676      2675      2667
 -1       235    1    0    1
 -2      2673      2681      2682      2674      2676      2684      2683      2675
 -1       236    1    0    1
 -2      2681      1291      1292      2682      2684      1294      1293      2683
 -1       237    1    0    1
 -2      1033      2689      2690      1034      1036      2692      2691      1035
 -1       238    1    0    1
 -2      2689      2697      2698      2690      2692      2700      2699      2691
 -1       239    1    0    1
 -2      2697      2705      2706      2698      2700      2708      2707      2699
 -1       240    1    0    1
 -2      2705      2713      2714      2706      2708      2716      2715      2707
 -1       241    1    0    1
 -2      2713      2721      2722      2714      2716      2724      2723      2715
 -1       242    1    0    1
 -2      2721      2729      2730      2722      2724      2732      2731      2723
 -1       243    1    0    1
 -2      2729      2737      2738      2730      2732      2740      2739      2731
 -1       244    1    0    1
 -2      2737      1291      1292      2738      2740      1294      1293      2739
 -1       245    1    0    1
 -2      1075      2745      2746      1076      1078      2748      2747      1077
 -1       246    1    0    1
 -2      2745      2753      2754      2746      2748      2756      2755      2747
 -1       247    1    0    1
 -2      2753      2761      2762      2754      2756      2764      2763      2755
 -1       248    1    0    1
 -2      2761      2769      2770      2762      2764      2772      2771      2763
 -1       249    1    0    1
 -2      2769      2777      2778      2770      2772      2780      2779      2771
 -1       250    1    0    1
 -2      2777      2785      2786      2778      2780      2788      2787      2779
 -1       251    1    0    1
 -2      2785      2793      2794      2786      2788      2796      2795      2787
 -1       252    1    0    1
 -2      2793      1241      1242      2794      2796      1244      1243      2795
 -1       253    1    0    1
 -2      1149      2801      2802      1150      1152      2804      2803      1151
 -1       254    1    0    1
 -2      2801      2809      2810      2802      2804      2812      2811      2803
 -1       255    1    0    1
 -2      2809      2817      2818      2810      2812      2820      2819      2811
 -1       256    1    0    1
 -2      2817      2825      2826      2818      2820      2828      2827      2819
 -1       257    1    0    1
 -2      2825      2833      2834      2826      2828      2836      2835      2827
 -1       258    1    0    1
 -2      2833      2841      2842      2834      2836      2844      2843      2835
 -1       259    1    0    1
 -2      2841      2849      2850      2842      2844      2852      2851      2843
 -1       260    1    0    1
 -2      2849      1391      1392      2850      2852      1394      1393      2851
 -1       261    1    0    1
 -2      1191      2857      2858      1192      1194      2860      2859      1193
 -1       262    1    0    1
 -2      2857      2865      2866      2858      2860      2868      2867      2859
 -1       263    1    0    1
 -2      2865      2873      2874      2866      2868      2876      2875      2867
 -1       264    1    0    1
 -2      2873      2881      2882      2874      2876      2884      2883      2875
 -1       265    1    0    1
 -2      2881      2889      2890      2882      2884      2892      2891      2883
 -1       266    1    0    1
 -2      2889      2897      2898      2890      2892      2900      2899      2891
 -1       267    1    0    1
 -2      2897      2905      2906      2898      2900      2908      2907      2899
 -1       268    1    0    1
 -2      2905      1341      1342      2906      2908      1344      1343      2907
 -3
    1PSTEP                         1           1           1          
  100CL  101 1.000000000           0                     0    1           1
 -4  DISP        4    1
 -5  D1          1    2    1    0
 -5  D2          1    2    2    0
 -5  D3          1    2    3    0
 -5  ALL         1    2    0    0    1ALL
 -3
 9999
