SUMMARY OF C0NVERGENCE INFORMATION
  STEP   INC  ATT   ITER     CONT.   RESID.        CORR.      RESID.      CORR.
                              EL.    FORCE         DISP       FLUX        TEMP.
                              (#)     (%)           (%)        (%)         (%)
     1     1     1     1        0  0.1686E+03  0.1000E+03  0.0000E+00  0.0000E+00
     1     1     1     2        0  0.4524E-04  0.2434E-01  0.0000E+00  0.0000E+00
     1     2     1     1        0  0.1207E-03  0.4868E-01  0.0000E+00  0.0000E+00
     1     2     1     2        0  0.0000E+00  0.3236E-05  0.0000E+00  0.0000E+00
     1     3     1     1        0  0.2937E-03  0.6085E-01  0.0000E+00  0.0000E+00
     1     3     1     2        0  0.0000E+00  0.7706E-05  0.0000E+00  0.0000E+00
     1     4     1     1        0  0.7391E-03  0.8518E-01  0.0000E+00  0.0000E+00
     1     4     1     2        0  0.0000E+00  0.2054E-04  0.0000E+00  0.0000E+00
     1     5     1     1        0  0.7426E-03  0.9734E-01  0.0000E+00  0.0000E+00
     1     5     1     2        0  0.0000E+00  0.2759E-04  0.0000E+00  0.0000E+00
     1     6     1     1        0  0.5991E-03  0.9733E-01  0.0000E+00  0.0000E+00
     1     6     1     2        0  0.0000E+00  0.2846E-04  0.0000E+00  0.0000E+00
     1     7     1     1        0  0.5005E-03  0.9732E-01  0.0000E+00  0.0000E+00
     1     7     1     2        0  0.0000E+00  0.2933E-04  0.0000E+00  0.0000E+00
     1     8     1     1        0  0.4289E-03  0.9731E-01  0.0000E+00  0.0000E+00
     1     8     1     2        0  0.0000E+00  0.3020E-04  0.0000E+00  0.0000E+00
     1     9     1     1        0  0.3749E-03  0.9729E-01  0.0000E+00  0.0000E+00
     1     9     1     2        0  0.0000E+00  0.3107E-04  0.0000E+00  0.0000E+00
     1    10     1     1        0  0.2939E+01  0.1251E+01  0.0000E+00  0.0000E+00
     1    10     1     2        0  0.3296E-03  0.6499E-02  0.0000E+00  0.0000E+00
     1    11     1     1        0  0.1181E+02  0.8983E+01  0.0000E+00  0.0000E+00
     1    11     1     2        0  0.3613E-02  0.7661E-01  0.0000E+00  0.0000E+00
     1    12     1     1        0  0.3211E+01  0.9924E+01  0.0000E+00  0.0000E+00
     1    12     1     2        0  0.8441E-03  0.4599E-01  0.0000E+00  0.0000E+00
     2     1     1     1        0  0.2115E+02  0.1000E+03  0.0000E+00  0.0000E+00
     2     1     1     2        0  0.1230E-04  0.3647E-01  0.0000E+00  0.0000E+00
     2     2     1     1        0  0.5128E-04  0.7295E-01  0.0000E+00  0.0000E+00
     2     2     1     2        0  0.0000E+00  0.1437E-04  0.0000E+00  0.0000E+00
     2     3     1     1        0  0.1910E-03  0.9120E-01  0.0000E+00  0.0000E+00
     2     3     1     2        0  0.0000E+00  0.3295E-04  0.0000E+00  0.0000E+00
     2     4     1     1        0  0.7186E-03  0.1277E+00  0.0000E+00  0.0000E+00
     2     4     1     2        0  0.0000E+00  0.8374E-04  0.0000E+00  0.0000E+00
     2     5     1     1        0  0.1027E-02  0.1460E+00  0.0000E+00  0.0000E+00
     2     5     1     2        0  0.0000E+00  0.1054E-03  0.0000E+00  0.0000E+00
     2     6     1     1        0  0.1138E-02  0.1460E+00  0.0000E+00  0.0000E+00
     2     6     1     2        0  0.0000E+00  0.1010E-03  0.0000E+00  0.0000E+00
     2     7     1     1        0  0.1280E-02  0.1460E+00  0.0000E+00  0.0000E+00
     2     7     1     2        0  0.0000E+00  0.9665E-04  0.0000E+00  0.0000E+00
     2     8     1     1        0  0.1453E-02  0.1460E+00  0.0000E+00  0.0000E+00
     2     8     1     2        0  0.0000E+00  0.9224E-04  0.0000E+00  0.0000E+00
     2     9     1     1        0  0.1572E-02  0.1460E+00  0.0000E+00  0.0000E+00
     2     9     1     2        0  0.0000E+00  0.8783E-04  0.0000E+00  0.0000E+00
     2    10     1     1        0  0.1626E-02  0.1461E+00  0.0000E+00  0.0000E+00
     2    10     1     2        0  0.0000E+00  0.8341E-04  0.0000E+00  0.0000E+00
     2    11     1     1        0  0.1623E-02  0.1461E+00  0.0000E+00  0.0000E+00
     2    11     1     2        0  0.0000E+00  0.7898E-04  0.0000E+00  0.0000E+00
     2    12     1     1        0  0.3930E-04  0.9131E-01  0.0000E+00  0.0000E+00
     2    12     1     2        0  0.0000E+00  0.7337E-05  0.0000E+00  0.0000E+00
