SUMMARY OF C0NVERGENCE INFORMATION
  STEP   INC  ATT   ITER     CONT.   RESID.        CORR.      RESID.      CORR.
                              EL.    FORCE         DISP       FLUX        TEMP.
                              (#)     (%)           (%)        (%)         (%)
     1     1     1     1        0  0.3955E+02  0.1000E+03  0.0000E+00  0.0000E+00
     1     1     1     2        0  0.0000E+00  0.4664E-02  0.0000E+00  0.0000E+00
     1     2     1     1        0  0.1141E+02  0.2910E+02  0.0000E+00  0.0000E+00
     1     2     1     2        0  0.0000E+00  0.1071E-02  0.0000E+00  0.0000E+00
     1     3     1     1        0  0.5000E+02  0.4441E+02  0.0000E+00  0.0000E+00
     1     3     1     2        0  0.7669E-05  0.4062E-02  0.0000E+00  0.0000E+00
     1     4     1     1        0  0.4355E+02  0.2462E+02  0.0000E+00  0.0000E+00
     1     4     1     2        0  0.1157E-04  0.2373E-02  0.0000E+00  0.0000E+00
     1     5     1     1        0  0.7965E+02  0.1922E+02  0.0000E+00  0.0000E+00
     1     5     1     2        0  0.8276E-04  0.4356E-02  0.0000E+00  0.0000E+00
     1     6     1     1        0  0.1116E+03  0.7503E+01  0.0000E+00  0.0000E+00
     1     6     1     2        0  0.2832E-03  0.3080E-02  0.0000E+00  0.0000E+00
     1     7     1     1        0  0.2050E+03  0.6714E+01  0.0000E+00  0.0000E+00
     1     7     1     2        0  0.6922E-03  0.1042E-01  0.0000E+00  0.0000E+00
     1     8     1     1        0  0.1016E+03  0.8824E+01  0.0000E+00  0.0000E+00
     1     8     1     2        0  0.5259E-02  0.4205E-01  0.0000E+00  0.0000E+00
     1     9     1     1        0  0.6929E+02  0.1745E+02  0.0000E+00  0.0000E+00
     1     9     1     2        0  0.2793E-03  0.1560E-01  0.0000E+00  0.0000E+00
     1    10     1     1        0  0.4402E+02  0.3910E+02  0.0000E+00  0.0000E+00
     1    10     1     2        0  0.4154E-03  0.2681E-01  0.0000E+00  0.0000E+00
     1    11     1     1        0  0.1341E+02  0.9353E+02  0.0000E+00  0.0000E+00
     1    11     1     2        0  0.9615E-05  0.2439E-01  0.0000E+00  0.0000E+00
     1    12     1     1        0  0.6608E+02  0.2617E+02  0.0000E+00  0.0000E+00
     1    12     1     2        0  0.5624E-03  0.3065E-01  0.0000E+00  0.0000E+00
     1    13     1     1        0  0.2388E+02  0.8636E+01  0.0000E+00  0.0000E+00
     1    13     1     2        0  0.1485E-02  0.4167E-01  0.0000E+00  0.0000E+00
     1    14     1     1        0  0.1409E+02  0.1895E+01  0.0000E+00  0.0000E+00
     1    14     1     2        0  0.1445E-02  0.2574E-01  0.0000E+00  0.0000E+00
     1    15     1     1        0  0.1188E+02  0.4228E+01  0.0000E+00  0.0000E+00
     1    15     1     2        0  0.9716E-04  0.7667E-02  0.0000E+00  0.0000E+00
     1    16     1     1        0  0.1187E+02  0.7188E+01  0.0000E+00  0.0000E+00
     1    16     1     2        0  0.5680E-04  0.7610E-02  0.0000E+00  0.0000E+00
     1    17     1     1        0  0.5350E+02  0.1774E+02  0.0000E+00  0.0000E+00
     1    17     1     2        0  0.3826E-03  0.1844E-01  0.0000E+00  0.0000E+00
     1    18     1     1        0  0.6782E+02  0.4561E+02  0.0000E+00  0.0000E+00
     1    18     1     2        0  0.3984E-03  0.4663E-01  0.0000E+00  0.0000E+00
     1    19     1     1        0  0.1237E+02  0.5342E+02  0.0000E+00  0.0000E+00
     1    19     1     2        0  0.1973E-03  0.6342E-01  0.0000E+00  0.0000E+00
     1    20     1     1        0  0.1049E+02  0.1265E+02  0.0000E+00  0.0000E+00
     1    20     1     2        0  0.7185E-04  0.1421E-01  0.0000E+00  0.0000E+00
     1    21     1     1        0  0.1340E+02  0.5626E+01  0.0000E+00  0.0000E+00
     1    21     1     2        0  0.8925E-03  0.2898E-01  0.0000E+00  0.0000E+00
     1    22     1     1        0  0.1727E+01  0.1247E+01  0.0000E+00  0.0000E+00
     1    22     1     2        0  0.5876E-04  0.1926E-02  0.0000E+00  0.0000E+00
     1    23     1     1        0  0.3937E+02  0.7745E+01  0.0000E+00  0.0000E+00
     1    23     1     2        0  0.3365E-02  0.3927E-01  0.0000E+00  0.0000E+00
     1    24     1     1        0  0.1627E+02  0.1188E+02  0.0000E+00  0.0000E+00
     1    24     1     2        0  0.4968E-04  0.4946E-02  0.0000E+00  0.0000E+00
     1    25     1     1        0  0.1469E+02  0.2252E+02  0.0000E+00  0.0000E+00
     1    25     1     2        0  0.2700E-03  0.2135E-01  0.0000E+00  0.0000E+00
     1    26     1     1        0  0.4523E+02  0.1000E+03  0.0000E+00  0.0000E+00
     1    26     1     2        0  0.9379E-03  0.1614E+00  0.0000E+00  0.0000E+00
     1    27     1     1        0  0.2954E+02  0.3006E+02  0.0000E+00  0.0000E+00
     1    27     1     2        0  0.1490E-02  0.8270E-01  0.0000E+00  0.0000E+00
     1    28     1     1        0  0.1422E+01  0.6314E+01  0.0000E+00  0.0000E+00
     1    28     1     2        0  0.9038E-05  0.4921E-02  0.0000E+00  0.0000E+00
