SUMMARY OF C0NVERGENCE INFORMATION
  STEP   INC  ATT   ITER     CONT.   RESID.        CORR.      RESID.      CORR.
                              EL.    FORCE         DISP       FLUX        TEMP.
                              (#)     (%)           (%)        (%)         (%)
     1     1     1     1        0  0.2169E+03  0.1000E+03  0.0000E+00  0.0000E+00
     1     1     1     2        0  0.8647E-04  0.3524E-01  0.0000E+00  0.0000E+00
     1     2     1     1        0  0.2306E-03  0.7049E-01  0.0000E+00  0.0000E+00
     1     2     1     2        0  0.0000E+00  0.4050E-05  0.0000E+00  0.0000E+00
     1     3     1     1        0  0.5613E-03  0.8810E-01  0.0000E+00  0.0000E+00
     1     3     1     2        0  0.0000E+00  0.9972E-05  0.0000E+00  0.0000E+00
     1     4     1     1        0  0.1413E-02  0.1233E+00  0.0000E+00  0.0000E+00
     1     4     1     2        0  0.0000E+00  0.2764E-04  0.0000E+00  0.0000E+00
     1     5     1     1        0  0.1420E-02  0.1409E+00  0.0000E+00  0.0000E+00
     1     5     1     2        0  0.0000E+00  0.3903E-04  0.0000E+00  0.0000E+00
     1     6     1     1        0  0.1146E-02  0.1409E+00  0.0000E+00  0.0000E+00
     1     6     1     2        0  0.0000E+00  0.4238E-04  0.0000E+00  0.0000E+00
     1     7     1     1        0  0.9570E-03  0.1409E+00  0.0000E+00  0.0000E+00
     1     7     1     2        0  0.0000E+00  0.4572E-04  0.0000E+00  0.0000E+00
     1     8     1     1        0  0.8202E-03  0.1409E+00  0.0000E+00  0.0000E+00
     1     8     1     2        0  0.0000E+00  0.4906E-04  0.0000E+00  0.0000E+00
     1     9     1     1        0  0.7169E-03  0.1409E+00  0.0000E+00  0.0000E+00
     1     9     1     2        0  0.0000E+00  0.5239E-04  0.0000E+00  0.0000E+00
     1    10     1     1        0  0.6689E+01  0.1143E+02  0.0000E+00  0.0000E+00
     1    10     1     2        0  0.4316E-03  0.6994E-01  0.0000E+00  0.0000E+00
     1    11     1     1        0  0.6014E+02  0.2805E+02  0.0000E+00  0.0000E+00
     1    11     1     2        0  0.6312E-01  0.5303E+00  0.0000E+00  0.0000E+00
     1    12     1     1        0  0.1752E+01  0.2446E+02  0.0000E+00  0.0000E+00
     1    12     1     2        0  0.2267E-03  0.6604E-01  0.0000E+00  0.0000E+00
     2     1     1     1        0  0.2697E+02  0.1000E+03  0.0000E+00  0.0000E+00
     2     1     1     2        0  0.2319E-04  0.5280E-01  0.0000E+00  0.0000E+00
     2     2     1     1        0  0.9659E-04  0.1056E+00  0.0000E+00  0.0000E+00
     2     2     1     2        0  0.0000E+00  0.2745E-04  0.0000E+00  0.0000E+00
     2     3     1     1        0  0.3594E-03  0.1320E+00  0.0000E+00  0.0000E+00
     2     3     1     2        0  0.0000E+00  0.6151E-04  0.0000E+00  0.0000E+00
     2     4     1     1        0  0.1351E-02  0.1849E+00  0.0000E+00  0.0000E+00
     2     4     1     2        0  0.0000E+00  0.1519E-03  0.0000E+00  0.0000E+00
     2     5     1     1        0  0.1928E-02  0.2113E+00  0.0000E+00  0.0000E+00
     2     5     1     2        0  0.0000E+00  0.1834E-03  0.0000E+00  0.0000E+00
     2     6     1     1        0  0.2132E-02  0.2113E+00  0.0000E+00  0.0000E+00
     2     6     1     2        0  0.0000E+00  0.1666E-03  0.0000E+00  0.0000E+00
     2     7     1     1        0  0.2389E-02  0.2114E+00  0.0000E+00  0.0000E+00
     2     7     1     2        0  0.0000E+00  0.1498E-03  0.0000E+00  0.0000E+00
     2     8     1     1        0  0.2689E-02  0.2114E+00  0.0000E+00  0.0000E+00
     2     8     1     2        0  0.0000E+00  0.1330E-03  0.0000E+00  0.0000E+00
     2     9     1     1        0  0.2919E-02  0.2114E+00  0.0000E+00  0.0000E+00
     2     9     1     2        0  0.0000E+00  0.1161E-03  0.0000E+00  0.0000E+00
     2    10     1     1        0  0.3034E-02  0.2115E+00  0.0000E+00  0.0000E+00
     2    10     1     2        0  0.0000E+00  0.9923E-04  0.0000E+00  0.0000E+00
     2    11     1     1        0  0.3043E-02  0.2115E+00  0.0000E+00  0.0000E+00
     2    11     1     2        0  0.0000E+00  0.8253E-04  0.0000E+00  0.0000E+00
     2    12     1     1        0  0.7397E-04  0.1322E+00  0.0000E+00  0.0000E+00
     2    12     1     2        0  0.0000E+00  0.6536E-05  0.0000E+00  0.0000E+00
