SUMMARY OF C0NVERGENCE INFORMATION
  STEP   INC  ATT   ITER     CONT.   RESID.        CORR.      RESID.      CORR.
                              EL.    FORCE         DISP       FLUX        TEMP.
                              (#)     (%)           (%)        (%)         (%)
     1     1     1     1        0  0.0000E+00  0.1000E+03  0.0000E+00  0.0000E+00
     1     1     1     2        0  0.0000E+00  0.1557E-10  0.0000E+00  0.0000E+00
     1     2     1     1        0  0.0000E+00  0.2915E+02  0.0000E+00  0.0000E+00
     1     2     1     2        0  0.0000E+00  0.1169E-10  0.0000E+00  0.0000E+00
     1     3     1     1        0  0.0000E+00  0.3320E+02  0.0000E+00  0.0000E+00
     1     3     1     2        0  0.0000E+00  0.1756E-10  0.0000E+00  0.0000E+00
     1     4     1     1        0  0.0000E+00  0.1886E+02  0.0000E+00  0.0000E+00
     1     4     1     2        0  0.0000E+00  0.1156E-09  0.0000E+00  0.0000E+00
     1     5     1     1        0  0.0000E+00  0.1231E+02  0.0000E+00  0.0000E+00
     1     5     1     2        0  0.0000E+00  0.9806E-10  0.0000E+00  0.0000E+00
     1     6     1     1        0  0.0000E+00  0.7279E+01  0.0000E+00  0.0000E+00
     1     6     1     2        0  0.0000E+00  0.1879E-10  0.0000E+00  0.0000E+00
     1     7     1     1        0  0.0000E+00  0.1967E+02  0.0000E+00  0.0000E+00
     1     7     1     2        0  0.0000E+00  0.9461E-10  0.0000E+00  0.0000E+00
     1     8     1     1        0  0.0000E+00  0.9060E+02  0.0000E+00  0.0000E+00
     1     8     1     2        0  0.0000E+00  0.1823E-09  0.0000E+00  0.0000E+00
     1     9     1     1        0  0.0000E+00  0.2119E+02  0.0000E+00  0.0000E+00
     1     9     1     2        0  0.0000E+00  0.8249E-10  0.0000E+00  0.0000E+00
     1    10     1     1        0  0.0000E+00  0.2930E+01  0.0000E+00  0.0000E+00
     1    10     1     2        0  0.0000E+00  0.4561E-11  0.0000E+00  0.0000E+00
     1    11     1     1        0  0.0000E+00  0.1281E+02  0.0000E+00  0.0000E+00
     1    11     1     2        0  0.0000E+00  0.4827E-10  0.0000E+00  0.0000E+00
     1    12     1     1        0  0.0000E+00  0.2889E+02  0.0000E+00  0.0000E+00
     1    12     1     2        0  0.0000E+00  0.9309E-10  0.0000E+00  0.0000E+00
     1    13     1     1        0  0.0000E+00  0.1000E+03  0.0000E+00  0.0000E+00
     1    13     1     2        0  0.0000E+00  0.2510E-09  0.0000E+00  0.0000E+00
     1    14     1     1        0  0.0000E+00  0.7409E+01  0.0000E+00  0.0000E+00
     1    14     1     2        0  0.0000E+00  0.2007E-10  0.0000E+00  0.0000E+00
     1    15     1     1        0  0.0000E+00  0.1249E+02  0.0000E+00  0.0000E+00
     1    15     1     2        0  0.0000E+00  0.2444E-10  0.0000E+00  0.0000E+00
     1    16     1     1        0  0.0000E+00  0.2539E+02  0.0000E+00  0.0000E+00
     1    16     1     2        0  0.0000E+00  0.9363E-10  0.0000E+00  0.0000E+00
     1    17     1     1        0  0.0000E+00  0.1000E+03  0.0000E+00  0.0000E+00
     1    17     1     2        0  0.0000E+00  0.3515E-09  0.0000E+00  0.0000E+00
     1    18     1     1        0  0.0000E+00  0.2208E+02  0.0000E+00  0.0000E+00
     1    18     1     2        0  0.0000E+00  0.3469E-10  0.0000E+00  0.0000E+00
     1    19     1     1        0  0.0000E+00  0.8994E+01  0.0000E+00  0.0000E+00
     1    19     1     2        0  0.0000E+00  0.1671E-10  0.0000E+00  0.0000E+00
     1    20     1     1        0  0.0000E+00  0.2293E+02  0.0000E+00  0.0000E+00
     1    20     1     2        0  0.0000E+00  0.6710E-10  0.0000E+00  0.0000E+00
     1    21     1     1        0  0.0000E+00  0.7581E+02  0.0000E+00  0.0000E+00
     1    21     1     2        0  0.0000E+00  0.2844E-09  0.0000E+00  0.0000E+00
     1    22     1     1        0  0.0000E+00  0.2812E+02  0.0000E+00  0.0000E+00
     1    22     1     2        0  0.0000E+00  0.8093E-10  0.0000E+00  0.0000E+00
     1    23     1     1        0  0.0000E+00  0.2863E+01  0.0000E+00  0.0000E+00
     1    23     1     2        0  0.0000E+00  0.1560E-10  0.0000E+00  0.0000E+00
     1    24     1     1        0  0.0000E+00  0.1888E+02  0.0000E+00  0.0000E+00
     1    24     1     2        0  0.0000E+00  0.5421E-10  0.0000E+00  0.0000E+00
     1    25     1     1        0  0.0000E+00  0.5081E+02  0.0000E+00  0.0000E+00
     1    25     1     2        0  0.0000E+00  0.1505E-09  0.0000E+00  0.0000E+00
     1    26     1     1        0  0.0000E+00  0.3728E+02  0.0000E+00  0.0000E+00
     1    26     1     2        0  0.0000E+00  0.1484E-09  0.0000E+00  0.0000E+00
     1    27     1     1        0  0.0000E+00  0.6742E+00  0.0000E+00  0.0000E+00
     1    27     1     2        0  0.0000E+00  0.3077E-11  0.0000E+00  0.0000E+00
     1    28     1     1        0  0.0000E+00  0.7291E+01  0.0000E+00  0.0000E+00
     1    28     1     2        0  0.0000E+00  0.6131E-10  0.0000E+00  0.0000E+00
