    1C
    1UNormalized cross-passage space-truss torsion benchmark            
    1UUSER                                                              
    1UDATE              05.august.2026                                  
    1UTIME              18:14:02                                        
    1UHOST                                                              
    1UPGM               CalculiX                                        
    1UVERSION           Version 2.21                             
    1UCOMPILETIME       Sat Jul 29 10:52:01 CEST 2023                    
    1UDIR                                                               
    1UDBN                                                               
    1UMAT    1STEEL                                                     
    2C                           888                                     1
 -1       173-1.19392E+00 1.10406E-03-3.55217E-02
 -1       174-1.23033E+00 3.58513E-03-1.91580E-02
 -1       175-1.20608E+00-1.10406E-03 3.55217E-02
 -1       176-1.16967E+00-3.58513E-03 1.91580E-02
 -1       181-1.20102E+00-3.40950E-02-1.16828E-02
 -1       182-1.20007E+00-2.33416E-03-3.59798E-02
 -1       183-1.19898E+00 3.40950E-02 1.16828E-02
 -1       184-1.19993E+00 2.33416E-03 3.59798E-02
 -1       189-1.23354E+00-1.32202E-02 3.96605E-04
 -1       190-1.20069E+00-3.60327E-02 1.08098E-03
 -1       191-1.16646E+00 1.32202E-02-3.96605E-04
 -1       192-1.19931E+00 3.60327E-02-1.08098E-03
 -1       223 1.20178E+00 2.55221E-03-3.59208E-02
 -1       224 1.16758E+00-1.84045E-03-1.56598E-02
 -1       225 1.19822E+00-2.55221E-03 3.59208E-02
 -1       226 1.23242E+00 1.84045E-03 1.56598E-02
 -1       231 1.20102E+00-3.38645E-02-1.23355E-02
 -1       232 1.20005E+00-1.64335E-03-3.60180E-02
 -1       233 1.19898E+00 3.38645E-02 1.23355E-02
 -1       234 1.19995E+00 1.64335E-03 3.60180E-02
 -1       239 1.16697E+00-1.44498E-02-4.33494E-04
 -1       240 1.20064E+00-3.60336E-02-1.08101E-03
 -1       241 1.23303E+00 1.44498E-02 4.33494E-04
 -1       242 1.19936E+00 3.60336E-02 1.08101E-03
 -1       273-1.19302E+00-2.96955E-03 1.96475E+00
 -1       274-1.22984E+00 1.30746E-03 1.97980E+00
 -1       275-1.20698E+00 2.96955E-03 2.03525E+00
 -1       276-1.17016E+00-1.30746E-03 2.02020E+00
 -1       281-1.19898E+00-3.38645E-02 1.98766E+00
 -1       282-1.19995E+00-1.64335E-03 1.96398E+00
 -1       283-1.20102E+00 3.38645E-02 2.01234E+00
 -1       284-1.20005E+00 1.64335E-03 2.03602E+00
 -1       289-1.23303E+00-1.44498E-02 1.99957E+00
 -1       290-1.19936E+00-3.60336E-02 1.99892E+00
 -1       291-1.16697E+00 1.44498E-02 2.00043E+00
 -1       292-1.20064E+00 3.60336E-02 2.00108E+00
 -1       323 1.20330E+00-1.36844E-03 1.96412E+00
 -1       324 1.16826E+00-3.59743E-03 1.98329E+00
 -1       325 1.19670E+00 1.36844E-03 2.03588E+00
 -1       326 1.23174E+00 3.59743E-03 2.01671E+00
 -1       331 1.19898E+00-3.40950E-02 1.98832E+00
 -1       332 1.19993E+00-2.33416E-03 1.96402E+00
 -1       333 1.20102E+00 3.40950E-02 2.01168E+00
 -1       334 1.20007E+00 2.33416E-03 2.03598E+00
 -1       339 1.16646E+00-1.32202E-02 2.00040E+00
 -1       340 1.19931E+00-3.60327E-02 2.00108E+00
 -1       341 1.23354E+00 1.32202E-02 1.99960E+00
 -1       342 1.20069E+00 3.60327E-02 1.99892E+00
 -1       373-1.19518E+00 9.99960E+00-3.57295E-02
 -1       374-1.23113E+00 1.00001E+01-1.81950E-02
 -1       375-1.20482E+00 1.00004E+01 3.57295E-02
 -1       376-1.16887E+00 9.99987E+00 1.81950E-02
 -1       381-1.20102E+00 9.96591E+00-1.16828E-02
 -1       382-1.20007E+00 9.99767E+00-3.59798E-02
 -1       383-1.19898E+00 1.00341E+01 1.16828E-02
 -1       384-1.19993E+00 1.00023E+01 3.59798E-02
 -1       389-1.23354E+00 9.98678E+00 3.96605E-04
 -1       390-1.20069E+00 9.96397E+00 1.08098E-03
 -1       391-1.16646E+00 1.00132E+01-3.96605E-04
 -1       392-1.19931E+00 1.00360E+01-1.08098E-03
 -1       423 1.20440E+00 9.99969E+00-3.57842E-02
 -1       424 1.16866E+00 9.99951E+00-1.78246E-02
 -1       425 1.19560E+00 1.00003E+01 3.57842E-02
 -1       426 1.23134E+00 1.00005E+01 1.78246E-02
 -1       431 1.20102E+00 9.96614E+00-1.23355E-02
 -1       432 1.20005E+00 9.99836E+00-3.60180E-02
 -1       433 1.19898E+00 1.00339E+01 1.23355E-02
 -1       434 1.19995E+00 1.00016E+01 3.60180E-02
 -1       439 1.16697E+00 9.98555E+00-4.33494E-04
 -1       440 1.20064E+00 9.96397E+00-1.08101E-03
 -1       441 1.23303E+00 1.00145E+01 4.33494E-04
 -1       442 1.19936E+00 1.00360E+01 1.08101E-03
 -1       473-1.19541E+00 1.00003E+01 1.96424E+00
 -1       474-1.23124E+00 1.00005E+01 1.98201E+00
 -1       475-1.20459E+00 9.99969E+00 2.03576E+00
 -1       476-1.16876E+00 9.99951E+00 2.01799E+00
 -1       481-1.19898E+00 9.96614E+00 1.98766E+00
 -1       482-1.19995E+00 9.99836E+00 1.96398E+00
 -1       483-1.20102E+00 1.00339E+01 2.01234E+00
 -1       484-1.20005E+00 1.00016E+01 2.03602E+00
 -1       489-1.23303E+00 9.98555E+00 1.99957E+00
 -1       490-1.19936E+00 9.96397E+00 1.99892E+00
 -1       491-1.16697E+00 1.00145E+01 2.00043E+00
 -1       492-1.20064E+00 1.00360E+01 2.00108E+00
 -1       523 1.20417E+00 1.00004E+01 1.96419E+00
 -1       524 1.16855E+00 9.99986E+00 1.98238E+00
 -1       525 1.19583E+00 9.99960E+00 2.03581E+00
 -1       526 1.23145E+00 1.00001E+01 2.01762E+00
 -1       531 1.19898E+00 9.96591E+00 1.98832E+00
 -1       532 1.19993E+00 9.99767E+00 1.96402E+00
 -1       533 1.20102E+00 1.00341E+01 2.01168E+00
 -1       534 1.20007E+00 1.00023E+01 2.03598E+00
 -1       539 1.16646E+00 9.98678E+00 2.00040E+00
 -1       540 1.19931E+00 9.96397E+00 2.00108E+00
 -1       541 1.23354E+00 1.00132E+01 1.99960E+00
 -1       542 1.20069E+00 1.00360E+01 1.99892E+00
 -1       573-1.19515E+00 1.99997E+01-3.57271E-02
 -1       574-1.23111E+00 2.00002E+01-1.82173E-02
 -1       575-1.20485E+00 2.00003E+01 3.57271E-02
 -1       576-1.16889E+00 1.99998E+01 1.82173E-02
 -1       581-1.20102E+00 1.99659E+01-1.16828E-02
 -1       582-1.20007E+00 1.99977E+01-3.59798E-02
 -1       583-1.19898E+00 2.00341E+01 1.16828E-02
 -1       584-1.19993E+00 2.00023E+01 3.59798E-02
 -1       589-1.23354E+00 1.99868E+01 3.96605E-04
 -1       590-1.20069E+00 1.99640E+01 1.08098E-03
 -1       591-1.16646E+00 2.00132E+01-3.96605E-04
 -1       592-1.19931E+00 2.00360E+01-1.08098E-03
 -1       623 1.20445E+00 1.99994E+01-3.57754E-02
 -1       624 1.16869E+00 1.99993E+01-1.78611E-02
 -1       625 1.19555E+00 2.00006E+01 3.57754E-02
 -1       626 1.23131E+00 2.00007E+01 1.78611E-02
 -1       631 1.20102E+00 1.99661E+01-1.23355E-02
 -1       632 1.20005E+00 1.99984E+01-3.60180E-02
 -1       633 1.19898E+00 2.00339E+01 1.23355E-02
 -1       634 1.19995E+00 2.00016E+01 3.60180E-02
 -1       639 1.16697E+00 1.99855E+01-4.33494E-04
 -1       640 1.20064E+00 1.99640E+01-1.08101E-03
 -1       641 1.23303E+00 2.00145E+01 4.33494E-04
 -1       642 1.19936E+00 2.00360E+01 1.08101E-03
 -1       673-1.19543E+00 2.00006E+01 1.96424E+00
 -1       674-1.23125E+00 2.00007E+01 1.98203E+00
 -1       675-1.20457E+00 1.99994E+01 2.03576E+00
 -1       676-1.16875E+00 1.99993E+01 2.01797E+00
 -1       681-1.19898E+00 1.99661E+01 1.98766E+00
 -1       682-1.19995E+00 1.99984E+01 1.96398E+00
 -1       683-1.20102E+00 2.00339E+01 2.01234E+00
 -1       684-1.20005E+00 2.00016E+01 2.03602E+00
 -1       689-1.23303E+00 1.99855E+01 1.99957E+00
 -1       690-1.19936E+00 1.99640E+01 1.99892E+00
 -1       691-1.16697E+00 2.00145E+01 2.00043E+00
 -1       692-1.20064E+00 2.00360E+01 2.00108E+00
 -1       723 1.20417E+00 2.00003E+01 1.96419E+00
 -1       724 1.16855E+00 1.99997E+01 1.98238E+00
 -1       725 1.19583E+00 1.99997E+01 2.03581E+00
 -1       726 1.23145E+00 2.00003E+01 2.01762E+00
 -1       731 1.19898E+00 1.99659E+01 1.98832E+00
 -1       732 1.19993E+00 1.99977E+01 1.96402E+00
 -1       733 1.20102E+00 2.00341E+01 2.01168E+00
 -1       734 1.20007E+00 2.00023E+01 2.03598E+00
 -1       739 1.16646E+00 1.99868E+01 2.00040E+00
 -1       740 1.19931E+00 1.99640E+01 2.00108E+00
 -1       741 1.23354E+00 2.00132E+01 1.99960E+00
 -1       742 1.20069E+00 2.00360E+01 1.99892E+00
 -1       773-1.19497E+00 2.99991E+01-3.56929E-02
 -1       774-1.23102E+00 3.00000E+01-1.83796E-02
 -1       775-1.20503E+00 3.00009E+01 3.56929E-02
 -1       776-1.16898E+00 3.00000E+01 1.83796E-02
 -1       781-1.20102E+00 2.99659E+01-1.16828E-02
 -1       782-1.20007E+00 2.99977E+01-3.59798E-02
 -1       783-1.19898E+00 3.00341E+01 1.16828E-02
 -1       784-1.19993E+00 3.00023E+01 3.59798E-02
 -1       789-1.23354E+00 2.99868E+01 3.96605E-04
 -1       790-1.20069E+00 2.99640E+01 1.08098E-03
 -1       791-1.16646E+00 3.00132E+01-3.96605E-04
 -1       792-1.19931E+00 3.00360E+01-1.08098E-03
 -1       823 1.20428E+00 2.99998E+01-3.58002E-02
 -1       824 1.16860E+00 2.99994E+01-1.77177E-02
 -1       825 1.19572E+00 3.00002E+01 3.58002E-02
 -1       826 1.23140E+00 3.00006E+01 1.77177E-02
 -1       831 1.20102E+00 2.99661E+01-1.23355E-02
 -1       832 1.20005E+00 2.99984E+01-3.60180E-02
 -1       833 1.19898E+00 3.00339E+01 1.23355E-02
 -1       834 1.19995E+00 3.00016E+01 3.60180E-02
 -1       839 1.16697E+00 2.99855E+01-4.33494E-04
 -1       840 1.20064E+00 2.99640E+01-1.08101E-03
 -1       841 1.23303E+00 3.00145E+01 4.33494E-04
 -1       842 1.19936E+00 3.00360E+01 1.08101E-03
 -1       873-1.19528E+00 3.00002E+01 1.96425E+00
 -1       874-1.23118E+00 3.00005E+01 1.98190E+00
 -1       875-1.20472E+00 2.99998E+01 2.03575E+00
 -1       876-1.16882E+00 2.99995E+01 2.01810E+00
 -1       881-1.19898E+00 2.99661E+01 1.98766E+00
 -1       882-1.19995E+00 2.99984E+01 1.96398E+00
 -1       883-1.20102E+00 3.00339E+01 2.01234E+00
 -1       884-1.20005E+00 3.00016E+01 2.03602E+00
 -1       889-1.23303E+00 2.99855E+01 1.99957E+00
 -1       890-1.19936E+00 2.99640E+01 1.99892E+00
 -1       891-1.16697E+00 3.00145E+01 2.00043E+00
 -1       892-1.20064E+00 3.00360E+01 2.00108E+00
 -1       923 1.20394E+00 3.00008E+01 1.96417E+00
 -1       924 1.16844E+00 2.99999E+01 1.98257E+00
 -1       925 1.19606E+00 2.99992E+01 2.03583E+00
 -1       926 1.23156E+00 3.00001E+01 2.01743E+00
 -1       931 1.19898E+00 2.99659E+01 1.98832E+00
 -1       932 1.19993E+00 2.99977E+01 1.96402E+00
 -1       933 1.20102E+00 3.00341E+01 2.01168E+00
 -1       934 1.20007E+00 3.00023E+01 2.03598E+00
 -1       939 1.16646E+00 2.99868E+01 2.00040E+00
 -1       940 1.19931E+00 2.99640E+01 2.00108E+00
 -1       941 1.23354E+00 3.00132E+01 1.99960E+00
 -1       942 1.20069E+00 3.00360E+01 1.99892E+00
 -1       973-1.19631E+00 3.99999E+01-3.58658E-02
 -1       974-1.23166E+00 3.99986E+01-1.71950E-02
 -1       975-1.20369E+00 4.00001E+01 3.58658E-02
 -1       976-1.16834E+00 4.00014E+01 1.71950E-02
 -1       981-1.20102E+00 3.99659E+01-1.16828E-02
 -1       982-1.20007E+00 3.99977E+01-3.59798E-02
 -1       983-1.19898E+00 4.00341E+01 1.16828E-02
 -1       984-1.19993E+00 4.00023E+01 3.59798E-02
 -1       989-1.23354E+00 3.99868E+01 3.96605E-04
 -1       990-1.20069E+00 3.99640E+01 1.08098E-03
 -1       991-1.16646E+00 4.00132E+01-3.96605E-04
 -1       992-1.19931E+00 4.00360E+01-1.08098E-03
 -1       997-1.19225E+00 3.99989E+01-3.51964E-02
 -1       998-1.22920E+00 4.00041E+01-2.07591E-02
 -1       999-1.20775E+00 4.00011E+01 3.51964E-02
 -1      1000-1.17080E+00 3.99959E+01 2.07591E-02
 -1      1039 1.20445E+00 3.99993E+01-3.57727E-02
 -1      1040 1.16869E+00 3.99992E+01-1.78549E-02
 -1      1041 1.19555E+00 4.00007E+01 3.57727E-02
 -1      1042 1.23131E+00 4.00008E+01 1.78549E-02
 -1      1047 1.20102E+00 3.99661E+01-1.23355E-02
 -1      1048 1.20005E+00 3.99984E+01-3.60180E-02
 -1      1049 1.19898E+00 4.00339E+01 1.23355E-02
 -1      1050 1.19995E+00 4.00016E+01 3.60180E-02
 -1      1055 1.16697E+00 3.99855E+01-4.33494E-04
 -1      1056 1.20064E+00 3.99640E+01-1.08101E-03
 -1      1057 1.23303E+00 4.00145E+01 4.33494E-04
 -1      1058 1.19936E+00 4.00360E+01 1.08101E-03
 -1      1089-1.19674E+00 4.00011E+01 1.96411E+00
 -1      1090-1.23187E+00 3.99992E+01 1.98315E+00
 -1      1091-1.20326E+00 3.99989E+01 2.03589E+00
 -1      1092-1.16813E+00 4.00008E+01 2.01685E+00
 -1      1097-1.19898E+00 3.99661E+01 1.98766E+00
 -1      1098-1.19995E+00 3.99984E+01 1.96398E+00
 -1      1099-1.20102E+00 4.00339E+01 2.01234E+00
 -1      1100-1.20005E+00 4.00016E+01 2.03602E+00
 -1      1105-1.23303E+00 3.99855E+01 1.99957E+00
 -1      1106-1.19936E+00 3.99640E+01 1.99892E+00
 -1      1107-1.16697E+00 4.00145E+01 2.00043E+00
 -1      1108-1.20064E+00 4.00360E+01 2.00108E+00
 -1      1113-1.19302E+00 3.99975E+01 1.96472E+00
 -1      1114-1.22982E+00 4.00017E+01 1.97980E+00
 -1      1115-1.20698E+00 4.00025E+01 2.03528E+00
 -1      1116-1.17018E+00 3.99983E+01 2.02020E+00
 -1      1155 1.20411E+00 4.00003E+01 1.96418E+00
 -1      1156 1.16852E+00 3.99997E+01 1.98242E+00
 -1      1157 1.19589E+00 3.99997E+01 2.03582E+00
 -1      1158 1.23148E+00 4.00003E+01 2.01758E+00
 -1      1163 1.19898E+00 3.99659E+01 1.98832E+00
 -1      1164 1.19993E+00 3.99977E+01 1.96402E+00
 -1      1165 1.20102E+00 4.00341E+01 2.01168E+00
 -1      1166 1.20007E+00 4.00023E+01 2.03598E+00
 -1      1171 1.16646E+00 3.99868E+01 2.00040E+00
 -1      1172 1.19931E+00 3.99640E+01 2.00108E+00
 -1      1173 1.23354E+00 4.00132E+01 1.99960E+00
 -1      1174 1.20069E+00 4.00360E+01 1.99892E+00
 -1      1205-1.19594E+00 4.99974E+01-3.57313E-02
 -1      1206-1.23144E+00 4.99966E+01-1.73126E-02
 -1      1207-1.20406E+00 5.00026E+01 3.57313E-02
 -1      1208-1.16856E+00 5.00034E+01 1.73126E-02
 -1      1213-1.20102E+00 4.99659E+01-1.16828E-02
 -1      1214-1.20007E+00 4.99977E+01-3.59798E-02
 -1      1215-1.19898E+00 5.00341E+01 1.16828E-02
 -1      1216-1.19993E+00 5.00023E+01 3.59798E-02
 -1      1221-1.23354E+00 4.99868E+01 3.96605E-04
 -1      1222-1.20069E+00 4.99640E+01 1.08098E-03
 -1      1223-1.16646E+00 5.00132E+01-3.96605E-04
 -1      1224-1.19931E+00 5.00360E+01-1.08098E-03
 -1      1255 1.20650E+00 4.99967E+01-3.53136E-02
 -1      1256 1.16984E+00 5.00004E+01-1.97488E-02
 -1      1257 1.19350E+00 5.00033E+01 3.53136E-02
 -1      1258 1.23016E+00 4.99996E+01 1.97488E-02
 -1      1263 1.20102E+00 4.99661E+01-1.23355E-02
 -1      1264 1.20005E+00 4.99984E+01-3.60180E-02
 -1      1265 1.19898E+00 5.00339E+01 1.23355E-02
 -1      1266 1.19995E+00 5.00016E+01 3.60180E-02
 -1      1271 1.16697E+00 4.99855E+01-4.33494E-04
 -1      1272 1.20064E+00 4.99640E+01-1.08101E-03
 -1      1273 1.23303E+00 5.00145E+01 4.33494E-04
 -1      1274 1.19936E+00 5.00360E+01 1.08101E-03
 -1      1305-1.19803E+00 5.00030E+01 1.96412E+00
 -1      1306-1.23240E+00 4.99992E+01 1.98421E+00
 -1      1307-1.20197E+00 4.99970E+01 2.03588E+00
 -1      1308-1.16760E+00 5.00008E+01 2.01579E+00
 -1      1313-1.19898E+00 4.99661E+01 1.98766E+00
 -1      1314-1.19995E+00 4.99984E+01 1.96398E+00
 -1      1315-1.20102E+00 5.00339E+01 2.01234E+00
 -1      1316-1.20005E+00 5.00016E+01 2.03602E+00
 -1      1321-1.23303E+00 4.99855E+01 1.99957E+00
 -1      1322-1.19936E+00 4.99640E+01 1.99892E+00
 -1      1323-1.16697E+00 5.00145E+01 2.00043E+00
 -1      1324-1.20064E+00 5.00360E+01 2.00108E+00
 -1      1355 1.20502E+00 5.00025E+01 1.96439E+00
 -1      1356 1.16904E+00 5.00035E+01 1.98184E+00
 -1      1357 1.19498E+00 4.99975E+01 2.03561E+00
 -1      1358 1.23096E+00 4.99965E+01 2.01816E+00
 -1      1363 1.19898E+00 4.99659E+01 1.98832E+00
 -1      1364 1.19993E+00 4.99977E+01 1.96402E+00
 -1      1365 1.20102E+00 5.00341E+01 2.01168E+00
 -1      1366 1.20007E+00 5.00023E+01 2.03598E+00
 -1      1371 1.16646E+00 4.99868E+01 2.00040E+00
 -1      1372 1.19931E+00 4.99640E+01 2.00108E+00
 -1      1373 1.23354E+00 5.00132E+01 1.99960E+00
 -1      1374 1.20069E+00 5.00360E+01 1.99892E+00
 -1      1405-1.19553E+00 5.00000E+00-1.85778E-01
 -1      1406-1.23131E+00 5.00000E+00-1.67883E-01
 -1      1407-1.20447E+00 5.00000E+00-1.14222E-01
 -1      1408-1.16869E+00 5.00000E+00-1.32117E-01
 -1      1413 1.20447E+00 5.00000E+00 1.14222E-01
 -1      1414 1.16869E+00 5.00000E+00 1.32117E-01
 -1      1415 1.19553E+00 5.00000E+00 1.85778E-01
 -1      1416 1.23131E+00 5.00000E+00 1.67883E-01
 -1      1421-1.19553E+00 5.00000E+00 1.81422E+00
 -1      1422-1.23131E+00 5.00000E+00 1.83212E+00
 -1      1423-1.20447E+00 5.00000E+00 1.88578E+00
 -1      1424-1.16869E+00 5.00000E+00 1.86788E+00
 -1      1429 1.20447E+00 5.00000E+00 2.11422E+00
 -1      1430 1.16869E+00 5.00000E+00 2.13212E+00
 -1      1431 1.19553E+00 5.00000E+00 2.18578E+00
 -1      1432 1.23131E+00 5.00000E+00 2.16788E+00
 -1      1437-1.19553E+00 1.50000E+01-1.85778E-01
 -1      1438-1.23131E+00 1.50000E+01-1.67883E-01
 -1      1439-1.20447E+00 1.50000E+01-1.14222E-01
 -1      1440-1.16869E+00 1.50000E+01-1.32117E-01
 -1      1445 1.20447E+00 1.50000E+01 1.14222E-01
 -1      1446 1.16869E+00 1.50000E+01 1.32117E-01
 -1      1447 1.19553E+00 1.50000E+01 1.85778E-01
 -1      1448 1.23131E+00 1.50000E+01 1.67883E-01
 -1      1453-1.19553E+00 1.50000E+01 1.81422E+00
 -1      1454-1.23131E+00 1.50000E+01 1.83212E+00
 -1      1455-1.20447E+00 1.50000E+01 1.88578E+00
 -1      1456-1.16869E+00 1.50000E+01 1.86788E+00
 -1      1461 1.20447E+00 1.50000E+01 2.11422E+00
 -1      1462 1.16869E+00 1.50000E+01 2.13212E+00
 -1      1463 1.19553E+00 1.50000E+01 2.18578E+00
 -1      1464 1.23131E+00 1.50000E+01 2.16788E+00
 -1      1469-1.19510E+00 3.12485E+01-9.30910E-02
 -1      1470-1.23109E+00 3.12492E+01-7.56508E-02
 -1      1471-1.20490E+00 3.12515E+01-2.17140E-02
 -1      1472-1.16891E+00 3.12508E+01-3.91543E-02
 -1      1477-1.19519E+00 3.24988E+01-1.41781E-01
 -1      1478-1.23114E+00 3.24994E+01-1.24237E-01
 -1      1479-1.20481E+00 3.25012E+01-7.03511E-02
 -1      1480-1.16886E+00 3.25006E+01-8.78954E-02
 -1      1485-1.19534E+00 3.37494E+01-1.74330E-01
 -1      1486-1.23121E+00 3.37497E+01-1.56628E-01
 -1      1487-1.20466E+00 3.37506E+01-1.02834E-01
 -1      1488-1.16879E+00 3.37503E+01-1.20535E-01
 -1      1493-1.19553E+00 3.50000E+01-1.85777E-01
 -1      1494-1.23131E+00 3.50000E+01-1.67888E-01
 -1      1495-1.20447E+00 3.50000E+01-1.14223E-01
 -1      1496-1.16869E+00 3.50000E+01-1.32112E-01
 -1      1501-1.19572E+00 3.62506E+01-1.74377E-01
 -1      1502-1.23140E+00 3.62503E+01-1.56298E-01
 -1      1503-1.20428E+00 3.62494E+01-1.02787E-01
 -1      1504-1.16860E+00 3.62497E+01-1.20866E-01
 -1      1509-1.19589E+00 3.75012E+01-1.41868E-01
 -1      1510-1.23149E+00 3.75006E+01-1.23626E-01
 -1      1511-1.20411E+00 3.74988E+01-7.02642E-02
 -1      1512-1.16851E+00 3.74994E+01-8.85056E-02
 -1      1517-1.19601E+00 3.87515E+01-9.32042E-02
 -1      1518-1.23154E+00 3.87507E+01-7.48534E-02
 -1      1519-1.20399E+00 3.87485E+01-2.16008E-02
 -1      1520-1.16846E+00 3.87493E+01-3.99517E-02
 -1      1525 1.20399E+00 3.12515E+01 2.16008E-02
 -1      1526 1.16846E+00 3.12507E+01 3.99517E-02
 -1      1527 1.19601E+00 3.12485E+01 9.32042E-02
 -1      1528 1.23154E+00 3.12493E+01 7.48534E-02
 -1      1533 1.20411E+00 3.25012E+01 7.02642E-02
 -1      1534 1.16851E+00 3.25006E+01 8.85056E-02
 -1      1535 1.19589E+00 3.24988E+01 1.41868E-01
 -1      1536 1.23149E+00 3.24994E+01 1.23626E-01
 -1      1541 1.20428E+00 3.37506E+01 1.02787E-01
 -1      1542 1.16860E+00 3.37503E+01 1.20866E-01
 -1      1543 1.19572E+00 3.37494E+01 1.74377E-01
 -1      1544 1.23140E+00 3.37497E+01 1.56298E-01
 -1      1549 1.20447E+00 3.50000E+01 1.14223E-01
 -1      1550 1.16869E+00 3.50000E+01 1.32112E-01
 -1      1551 1.19553E+00 3.50000E+01 1.85777E-01
 -1      1552 1.23131E+00 3.50000E+01 1.67888E-01
 -1      1557 1.20466E+00 3.62494E+01 1.02834E-01
 -1      1558 1.16879E+00 3.62497E+01 1.20535E-01
 -1      1559 1.19534E+00 3.62506E+01 1.74330E-01
 -1      1560 1.23121E+00 3.62503E+01 1.56628E-01
 -1      1565 1.20481E+00 3.74988E+01 7.03511E-02
 -1      1566 1.16886E+00 3.74994E+01 8.78954E-02
 -1      1567 1.19519E+00 3.75012E+01 1.41781E-01
 -1      1568 1.23114E+00 3.75006E+01 1.24237E-01
 -1      1573 1.20490E+00 3.87485E+01 2.17140E-02
 -1      1574 1.16891E+00 3.87492E+01 3.91543E-02
 -1      1575 1.19510E+00 3.87515E+01 9.30910E-02
 -1      1576 1.23109E+00 3.87508E+01 7.56508E-02
 -1      1581-1.19510E+00 3.12485E+01 1.90691E+00
 -1      1582-1.23109E+00 3.12492E+01 1.92435E+00
 -1      1583-1.20490E+00 3.12515E+01 1.97829E+00
 -1      1584-1.16891E+00 3.12508E+01 1.96085E+00
 -1      1589-1.19519E+00 3.24988E+01 1.85822E+00
 -1      1590-1.23114E+00 3.24994E+01 1.87576E+00
 -1      1591-1.20481E+00 3.25012E+01 1.92965E+00
 -1      1592-1.16886E+00 3.25006E+01 1.91210E+00
 -1      1597-1.19534E+00 3.37494E+01 1.82567E+00
 -1      1598-1.23121E+00 3.37497E+01 1.84337E+00
 -1      1599-1.20466E+00 3.37506E+01 1.89717E+00
 -1      1600-1.16879E+00 3.37503E+01 1.87946E+00
 -1      1605-1.19553E+00 3.50000E+01 1.81422E+00
 -1      1606-1.23131E+00 3.50000E+01 1.83211E+00
 -1      1607-1.20447E+00 3.50000E+01 1.88578E+00
 -1      1608-1.16869E+00 3.50000E+01 1.86789E+00
 -1      1613-1.19572E+00 3.62506E+01 1.82562E+00
 -1      1614-1.23140E+00 3.62503E+01 1.84370E+00
 -1      1615-1.20428E+00 3.62494E+01 1.89721E+00
 -1      1616-1.16860E+00 3.62497E+01 1.87913E+00
 -1      1621-1.19589E+00 3.75012E+01 1.85813E+00
 -1      1622-1.23149E+00 3.75006E+01 1.87637E+00
 -1      1623-1.20411E+00 3.74988E+01 1.92974E+00
 -1      1624-1.16851E+00 3.74994E+01 1.91149E+00
 -1      1629-1.19601E+00 3.87515E+01 1.90680E+00
 -1      1630-1.23154E+00 3.87507E+01 1.92515E+00
 -1      1631-1.20399E+00 3.87485E+01 1.97840E+00
 -1      1632-1.16846E+00 3.87493E+01 1.96005E+00
 -1      1637 1.20399E+00 3.12515E+01 2.02160E+00
 -1      1638 1.16846E+00 3.12507E+01 2.03995E+00
 -1      1639 1.19601E+00 3.12485E+01 2.09320E+00
 -1      1640 1.23154E+00 3.12493E+01 2.07485E+00
 -1      1645 1.20411E+00 3.25012E+01 2.07026E+00
 -1      1646 1.16851E+00 3.25006E+01 2.08851E+00
 -1      1647 1.19589E+00 3.24988E+01 2.14187E+00
 -1      1648 1.23149E+00 3.24994E+01 2.12363E+00
 -1      1653 1.20428E+00 3.37506E+01 2.10279E+00
 -1      1654 1.16860E+00 3.37503E+01 2.12087E+00
 -1      1655 1.19572E+00 3.37494E+01 2.17438E+00
 -1      1656 1.23140E+00 3.37497E+01 2.15630E+00
 -1      1661 1.20447E+00 3.50000E+01 2.11422E+00
 -1      1662 1.16869E+00 3.50000E+01 2.13211E+00
 -1      1663 1.19553E+00 3.50000E+01 2.18578E+00
 -1      1664 1.23131E+00 3.50000E+01 2.16789E+00
 -1      1669 1.20466E+00 3.62494E+01 2.10283E+00
 -1      1670 1.16879E+00 3.62497E+01 2.12054E+00
 -1      1671 1.19534E+00 3.62506E+01 2.17433E+00
 -1      1672 1.23121E+00 3.62503E+01 2.15663E+00
 -1      1677 1.20481E+00 3.74988E+01 2.07035E+00
 -1      1678 1.16886E+00 3.74994E+01 2.08790E+00
 -1      1679 1.19519E+00 3.75012E+01 2.14178E+00
 -1      1680 1.23114E+00 3.75006E+01 2.12424E+00
 -1      1685 1.20490E+00 3.87485E+01 2.02171E+00
 -1      1686 1.16891E+00 3.87492E+01 2.03915E+00
 -1      1687 1.19510E+00 3.87515E+01 2.09309E+00
 -1      1688 1.23109E+00 3.87508E+01 2.07565E+00
 -1      1693 0.00000E+00-6.99992E-02-1.20023E-02
 -1      1694 0.00000E+00-3.79975E-02-3.60001E-02
 -1      1695 0.00000E+00-2.00083E-03 1.20023E-02
 -1      1696 0.00000E+00-3.40025E-02 3.60001E-02
 -1      1701 0.00000E+00 2.00083E-03 1.98800E+00
 -1      1702 0.00000E+00 3.40025E-02 1.96400E+00
 -1      1703 0.00000E+00 6.99992E-02 2.01200E+00
 -1      1704 0.00000E+00 3.79975E-02 2.03600E+00
 -1      1709-1.23329E+00 1.61495E-02 1.00000E+00
 -1      1710-1.20002E+00-6.05551E-03 1.00000E+00
 -1      1711-1.16671E+00 4.38505E-02 1.00000E+00
 -1      1712-1.19998E+00 6.60555E-02 1.00000E+00
 -1      1717 1.16671E+00-4.38505E-02 1.00000E+00
 -1      1718 1.19998E+00-6.60555E-02 1.00000E+00
 -1      1719 1.23329E+00-1.61495E-02 1.00000E+00
 -1      1720 1.20002E+00 6.05551E-03 1.00000E+00
 -1      1725 0.00000E+00 9.93000E+00-1.20023E-02
 -1      1726 0.00000E+00 9.96200E+00-3.60001E-02
 -1      1727 0.00000E+00 9.99800E+00 1.20023E-02
 -1      1728 0.00000E+00 9.96600E+00 3.60001E-02
 -1      1733 0.00000E+00 1.00020E+01 1.98800E+00
 -1      1734 0.00000E+00 1.00340E+01 1.96400E+00
 -1      1735 0.00000E+00 1.00700E+01 2.01200E+00
 -1      1736 0.00000E+00 1.00380E+01 2.03600E+00
 -1      1741-1.23329E+00 1.00161E+01 1.00000E+00
 -1      1742-1.20002E+00 9.99394E+00 1.00000E+00
 -1      1743-1.16671E+00 1.00439E+01 1.00000E+00
 -1      1744-1.19998E+00 1.00661E+01 1.00000E+00
 -1      1749 1.16671E+00 9.95615E+00 1.00000E+00
 -1      1750 1.19998E+00 9.93394E+00 1.00000E+00
 -1      1751 1.23329E+00 9.98385E+00 1.00000E+00
 -1      1752 1.20002E+00 1.00061E+01 1.00000E+00
 -1      1757 0.00000E+00 1.99300E+01-1.20023E-02
 -1      1758 0.00000E+00 1.99620E+01-3.60001E-02
 -1      1759 0.00000E+00 1.99980E+01 1.20023E-02
 -1      1760 0.00000E+00 1.99660E+01 3.60001E-02
 -1      1765 0.00000E+00 2.00020E+01 1.98800E+00
 -1      1766 0.00000E+00 2.00340E+01 1.96400E+00
 -1      1767 0.00000E+00 2.00700E+01 2.01200E+00
 -1      1768 0.00000E+00 2.00380E+01 2.03600E+00
 -1      1773-1.23329E+00 2.00161E+01 1.00000E+00
 -1      1774-1.20002E+00 1.99939E+01 1.00000E+00
 -1      1775-1.16671E+00 2.00438E+01 1.00000E+00
 -1      1776-1.19998E+00 2.00661E+01 1.00000E+00
 -1      1781 1.16671E+00 1.99562E+01 1.00000E+00
 -1      1782 1.19998E+00 1.99339E+01 1.00000E+00
 -1      1783 1.23329E+00 1.99839E+01 1.00000E+00
 -1      1784 1.20002E+00 2.00061E+01 1.00000E+00
 -1      1789 0.00000E+00 2.99300E+01-1.20023E-02
 -1      1790 0.00000E+00 2.99620E+01-3.60001E-02
 -1      1791 0.00000E+00 2.99980E+01 1.20023E-02
 -1      1792 0.00000E+00 2.99660E+01 3.60001E-02
 -1      1797 0.00000E+00 3.00020E+01 1.98800E+00
 -1      1798 0.00000E+00 3.00340E+01 1.96400E+00
 -1      1799 0.00000E+00 3.00700E+01 2.01200E+00
 -1      1800 0.00000E+00 3.00380E+01 2.03600E+00
 -1      1805-1.23329E+00 3.00161E+01 1.00000E+00
 -1      1806-1.20002E+00 2.99939E+01 1.00000E+00
 -1      1807-1.16671E+00 3.00438E+01 1.00000E+00
 -1      1808-1.19998E+00 3.00661E+01 1.00000E+00
 -1      1813 1.16671E+00 2.99562E+01 1.00000E+00
 -1      1814 1.19998E+00 2.99339E+01 1.00000E+00
 -1      1815 1.23329E+00 2.99839E+01 1.00000E+00
 -1      1816 1.20002E+00 3.00061E+01 1.00000E+00
 -1      1821 0.00000E+00 3.99300E+01-1.20023E-02
 -1      1822 0.00000E+00 3.99620E+01-3.60001E-02
 -1      1823 0.00000E+00 3.99980E+01 1.20023E-02
 -1      1824 0.00000E+00 3.99660E+01 3.60001E-02
 -1      1829 0.00000E+00 4.00020E+01 1.98800E+00
 -1      1830 0.00000E+00 4.00340E+01 1.96400E+00
 -1      1831 0.00000E+00 4.00700E+01 2.01200E+00
 -1      1832 0.00000E+00 4.00380E+01 2.03600E+00
 -1      1837-1.23329E+00 4.00161E+01 1.00000E+00
 -1      1838-1.20002E+00 3.99939E+01 1.00000E+00
 -1      1839-1.16671E+00 4.00438E+01 1.00000E+00
 -1      1840-1.19998E+00 4.00661E+01 1.00000E+00
 -1      1845 1.16671E+00 3.99562E+01 1.00000E+00
 -1      1846 1.19998E+00 3.99339E+01 1.00000E+00
 -1      1847 1.23329E+00 3.99839E+01 1.00000E+00
 -1      1848 1.20002E+00 4.00061E+01 1.00000E+00
 -1      1853 0.00000E+00 4.99300E+01-1.20023E-02
 -1      1854 0.00000E+00 4.99620E+01-3.60001E-02
 -1      1855 0.00000E+00 4.99980E+01 1.20023E-02
 -1      1856 0.00000E+00 4.99660E+01 3.60001E-02
 -1      1861 0.00000E+00 5.00020E+01 1.98800E+00
 -1      1862 0.00000E+00 5.00340E+01 1.96400E+00
 -1      1863 0.00000E+00 5.00700E+01 2.01200E+00
 -1      1864 0.00000E+00 5.00380E+01 2.03600E+00
 -1      1869-1.23329E+00 5.00161E+01 1.00000E+00
 -1      1870-1.20002E+00 4.99939E+01 1.00000E+00
 -1      1871-1.16671E+00 5.00438E+01 1.00000E+00
 -1      1872-1.19998E+00 5.00661E+01 1.00000E+00
 -1      1877 1.16671E+00 4.99562E+01 1.00000E+00
 -1      1878 1.19998E+00 4.99339E+01 1.00000E+00
 -1      1879 1.23329E+00 4.99839E+01 1.00000E+00
 -1      1880 1.20002E+00 5.00061E+01 1.00000E+00
 -1      1885-1.19830E+00 5.03706E+00 8.14684E-01
 -1      1886-1.23259E+00 5.03303E+00 8.34874E-01
 -1      1887-1.20170E+00 5.02294E+00 8.85316E-01
 -1      1888-1.16741E+00 5.02697E+00 8.65126E-01
 -1      1893-1.19388E+00 5.02303E+00 1.11516E+00
 -1      1894-1.23044E+00 5.02621E+00 1.13106E+00
 -1      1895-1.20612E+00 5.03697E+00 1.18484E+00
 -1      1896-1.16956E+00 5.03379E+00 1.16894E+00
 -1      1901 1.20170E+00 5.03706E+00 8.14684E-01
 -1      1902 1.16741E+00 5.03303E+00 8.34874E-01
 -1      1903 1.19830E+00 5.02294E+00 8.85316E-01
 -1      1904 1.23259E+00 5.02697E+00 8.65126E-01
 -1      1909 1.20612E+00 5.02303E+00 1.11516E+00
 -1      1910 1.16956E+00 5.02621E+00 1.13106E+00
 -1      1911 1.19388E+00 5.03697E+00 1.18484E+00
 -1      1912 1.23044E+00 5.03379E+00 1.16894E+00
 -1      1917 1.59908E-01 4.96162E+00-3.45858E-02
 -1      1918 1.22767E-01 4.97054E+00-2.27077E-02
 -1      1919 1.40092E-01 4.96638E+00 3.45858E-02
 -1      1920 1.77233E-01 4.95746E+00 2.27077E-02
 -1      1925-1.49864E-01 4.96403E+00-3.60552E-02
 -1      1926-1.82310E-01 4.95625E+00-1.39967E-02
 -1      1927-1.50136E-01 4.96397E+00 3.60552E-02
 -1      1928-1.17690E-01 4.97175E+00 1.39967E-02
 -1      1933 1.59908E-01 4.96162E+00 1.96541E+00
 -1      1934 1.22767E-01 4.97054E+00 1.97729E+00
 -1      1935 1.40092E-01 4.96638E+00 2.03459E+00
 -1      1936 1.77233E-01 4.95746E+00 2.02271E+00
 -1      1941-1.49864E-01 4.96403E+00 1.96394E+00
 -1      1942-1.82310E-01 4.95625E+00 1.98600E+00
 -1      1943-1.50136E-01 4.96397E+00 2.03606E+00
 -1      1944-1.17690E-01 4.97175E+00 2.01400E+00
 -1      1949-1.19830E+00 1.50371E+01 8.14684E-01
 -1      1950-1.23259E+00 1.50330E+01 8.34874E-01
 -1      1951-1.20170E+00 1.50229E+01 8.85316E-01
 -1      1952-1.16741E+00 1.50270E+01 8.65126E-01
 -1      1957-1.19388E+00 1.50230E+01 1.11516E+00
 -1      1958-1.23044E+00 1.50262E+01 1.13106E+00
 -1      1959-1.20612E+00 1.50370E+01 1.18484E+00
 -1      1960-1.16956E+00 1.50338E+01 1.16894E+00
 -1      1965 1.20170E+00 1.50371E+01 8.14684E-01
 -1      1966 1.16741E+00 1.50330E+01 8.34874E-01
 -1      1967 1.19830E+00 1.50229E+01 8.85316E-01
 -1      1968 1.23259E+00 1.50270E+01 8.65126E-01
 -1      1973 1.20612E+00 1.50230E+01 1.11516E+00
 -1      1974 1.16956E+00 1.50262E+01 1.13106E+00
 -1      1975 1.19388E+00 1.50370E+01 1.18484E+00
 -1      1976 1.23044E+00 1.50338E+01 1.16894E+00
 -1      1981 1.59908E-01 1.49616E+01-3.45858E-02
 -1      1982 1.22767E-01 1.49705E+01-2.27077E-02
 -1      1983 1.40092E-01 1.49664E+01 3.45858E-02
 -1      1984 1.77233E-01 1.49575E+01 2.27077E-02
 -1      1989-1.49864E-01 1.49640E+01-3.60552E-02
 -1      1990-1.82310E-01 1.49562E+01-1.39967E-02
 -1      1991-1.50136E-01 1.49640E+01 3.60552E-02
 -1      1992-1.17690E-01 1.49718E+01 1.39967E-02
 -1      1997 1.59908E-01 1.49616E+01 1.96541E+00
 -1      1998 1.22767E-01 1.49705E+01 1.97729E+00
 -1      1999 1.40092E-01 1.49664E+01 2.03459E+00
 -1      2000 1.77233E-01 1.49575E+01 2.02271E+00
 -1      2005-1.49864E-01 1.49640E+01 1.96394E+00
 -1      2006-1.82310E-01 1.49562E+01 1.98600E+00
 -1      2007-1.50136E-01 1.49640E+01 2.03606E+00
 -1      2008-1.17690E-01 1.49718E+01 2.01400E+00
 -1      2013-1.19777E+00 2.25272E+01 3.58451E-01
 -1      2014-1.23236E+00 2.25239E+01 3.78258E-01
 -1      2015-1.20223E+00 2.25152E+01 4.29417E-01
 -1      2016-1.16764E+00 2.25186E+01 4.09610E-01
 -1      2021-1.19829E+00 2.50371E+01 8.14685E-01
 -1      2022-1.23259E+00 2.50330E+01 8.34866E-01
 -1      2023-1.20171E+00 2.50229E+01 8.85315E-01
 -1      2024-1.16741E+00 2.50270E+01 8.65134E-01
 -1      2029-1.19884E+00 2.75293E+01 1.35882E+00
 -1      2030-1.23282E+00 2.75246E+01 1.37939E+00
 -1      2031-1.20116E+00 2.75131E+01 1.42904E+00
 -1      2032-1.16718E+00 2.75178E+01 1.40848E+00
 -1      2037-1.19407E+00 2.25153E+01 1.57100E+00
 -1      2038-1.23055E+00 2.25180E+01 1.58719E+00
 -1      2039-1.20593E+00 2.25271E+01 1.64113E+00
 -1      2040-1.16945E+00 2.25244E+01 1.62495E+00
 -1      2045-1.19388E+00 2.50230E+01 1.11516E+00
 -1      2046-1.23044E+00 2.50262E+01 1.13106E+00
 -1      2047-1.20612E+00 2.50370E+01 1.18484E+00
 -1      2048-1.16956E+00 2.50338E+01 1.16894E+00
 -1      2053-1.19370E+00 2.75132E+01 5.71480E-01
 -1      2054-1.23034E+00 2.75168E+01 5.87095E-01
 -1      2055-1.20630E+00 2.75292E+01 6.40652E-01
 -1      2056-1.16966E+00 2.75256E+01 6.25037E-01
 -1      2061 1.20223E+00 2.25272E+01 3.58451E-01
 -1      2062 1.16764E+00 2.25239E+01 3.78258E-01
 -1      2063 1.19777E+00 2.25152E+01 4.29417E-01
 -1      2064 1.23236E+00 2.25186E+01 4.09610E-01
 -1      2069 1.20171E+00 2.50371E+01 8.14685E-01
 -1      2070 1.16741E+00 2.50330E+01 8.34866E-01
 -1      2071 1.19829E+00 2.50229E+01 8.85315E-01
 -1      2072 1.23259E+00 2.50270E+01 8.65134E-01
 -1      2077 1.20116E+00 2.75293E+01 1.35882E+00
 -1      2078 1.16718E+00 2.75246E+01 1.37939E+00
 -1      2079 1.19884E+00 2.75131E+01 1.42904E+00
 -1      2080 1.23282E+00 2.75178E+01 1.40848E+00
 -1      2085 1.20593E+00 2.25153E+01 1.57100E+00
 -1      2086 1.16945E+00 2.25180E+01 1.58719E+00
 -1      2087 1.19407E+00 2.25271E+01 1.64113E+00
 -1      2088 1.23055E+00 2.25244E+01 1.62495E+00
 -1      2093 1.20612E+00 2.50230E+01 1.11516E+00
 -1      2094 1.16956E+00 2.50262E+01 1.13106E+00
 -1      2095 1.19388E+00 2.50370E+01 1.18484E+00
 -1      2096 1.23044E+00 2.50338E+01 1.16894E+00
 -1      2101 1.20630E+00 2.75132E+01 5.71480E-01
 -1      2102 1.16966E+00 2.75168E+01 5.87095E-01
 -1      2103 1.19370E+00 2.75292E+01 6.40652E-01
 -1      2104 1.23034E+00 2.75256E+01 6.25037E-01
 -1      2109-4.83328E-01 2.24717E+01-3.43393E-02
 -1      2110-5.20442E-01 2.24818E+01-2.33534E-02
 -1      2111-5.04540E-01 2.24774E+01 3.43393E-02
 -1      2112-4.67426E-01 2.24673E+01 2.33534E-02
 -1      2117 1.59904E-01 2.49616E+01-3.45869E-02
 -1      2118 1.22764E-01 2.49705E+01-2.27046E-02
 -1      2119 1.40096E-01 2.49664E+01 3.45869E-02
 -1      2120 1.77236E-01 2.49575E+01 2.27046E-02
 -1      2125 7.15261E-01 2.74726E+01-3.48107E-02
 -1      2126 6.78146E-01 2.74804E+01-2.20585E-02
 -1      2127 6.96871E-01 2.74765E+01 3.48107E-02
 -1      2128 7.33986E-01 2.74687E+01 2.20585E-02
 -1      2133 4.93632E-01 2.24745E+01-3.60542E-02
 -1      2134 4.61704E-01 2.24658E+01-1.35783E-02
 -1      2135 4.94236E-01 2.24746E+01 3.60542E-02
 -1      2136 5.26164E-01 2.24833E+01 1.35783E-02
 -1      2141-1.49866E-01 2.49640E+01-3.60553E-02
 -1      2142-1.82311E-01 2.49562E+01-1.39944E-02
 -1      2143-1.50134E-01 2.49640E+01 3.60553E-02
 -1      2144-1.17689E-01 2.49718E+01 1.39944E-02
 -1      2149-7.05470E-01 2.74747E+01-3.60504E-02
 -1      2150-7.38413E-01 2.74678E+01-1.44278E-02
 -1      2151-7.06662E-01 2.74744E+01 3.60504E-02
 -1      2152-6.73719E-01 2.74813E+01 1.44278E-02
 -1      2157-4.83328E-01 2.24717E+01 1.96566E+00
 -1      2158-5.20442E-01 2.24818E+01 1.97665E+00
 -1      2159-5.04540E-01 2.24774E+01 2.03434E+00
 -1      2160-4.67426E-01 2.24673E+01 2.02335E+00
 -1      2165 1.59904E-01 2.49616E+01 1.96541E+00
 -1      2166 1.22764E-01 2.49705E+01 1.97730E+00
 -1      2167 1.40096E-01 2.49664E+01 2.03459E+00
 -1      2168 1.77236E-01 2.49575E+01 2.02270E+00
 -1      2173 7.15261E-01 2.74726E+01 1.96519E+00
 -1      2174 6.78146E-01 2.74804E+01 1.97794E+00
 -1      2175 6.96871E-01 2.74765E+01 2.03481E+00
 -1      2176 7.33986E-01 2.74687E+01 2.02206E+00
 -1      2181 4.93632E-01 2.24745E+01 1.96395E+00
 -1      2182 4.61704E-01 2.24658E+01 1.98642E+00
 -1      2183 4.94236E-01 2.24746E+01 2.03605E+00
 -1      2184 5.26164E-01 2.24833E+01 2.01358E+00
 -1      2189-1.49866E-01 2.49640E+01 1.96394E+00
 -1      2190-1.82311E-01 2.49562E+01 1.98601E+00
 -1      2191-1.50134E-01 2.49640E+01 2.03606E+00
 -1      2192-1.17689E-01 2.49718E+01 2.01399E+00
 -1      2197-7.05470E-01 2.74747E+01 1.96395E+00
 -1      2198-7.38413E-01 2.74678E+01 1.98557E+00
 -1      2199-7.06662E-01 2.74744E+01 2.03605E+00
 -1      2200-6.73719E-01 2.74813E+01 2.01443E+00
 -1      2205-1.19777E+00 3.25272E+01 3.58451E-01
 -1      2206-1.23236E+00 3.25239E+01 3.78258E-01
 -1      2207-1.20223E+00 3.25152E+01 4.29417E-01
 -1      2208-1.16764E+00 3.25186E+01 4.09610E-01
 -1      2213-1.19829E+00 3.50371E+01 8.14685E-01
 -1      2214-1.23259E+00 3.50330E+01 8.34866E-01
 -1      2215-1.20171E+00 3.50229E+01 8.85315E-01
 -1      2216-1.16741E+00 3.50270E+01 8.65134E-01
 -1      2221-1.19884E+00 3.75293E+01 1.35882E+00
 -1      2222-1.23282E+00 3.75246E+01 1.37939E+00
 -1      2223-1.20116E+00 3.75131E+01 1.42904E+00
 -1      2224-1.16718E+00 3.75178E+01 1.40848E+00
 -1      2229-1.19407E+00 3.25153E+01 1.57100E+00
 -1      2230-1.23055E+00 3.25180E+01 1.58719E+00
 -1      2231-1.20593E+00 3.25271E+01 1.64113E+00
 -1      2232-1.16945E+00 3.25244E+01 1.62495E+00
 -1      2237-1.19388E+00 3.50230E+01 1.11516E+00
 -1      2238-1.23044E+00 3.50262E+01 1.13106E+00
 -1      2239-1.20612E+00 3.50370E+01 1.18484E+00
 -1      2240-1.16956E+00 3.50338E+01 1.16894E+00
 -1      2245-1.19370E+00 3.75132E+01 5.71480E-01
 -1      2246-1.23034E+00 3.75168E+01 5.87095E-01
 -1      2247-1.20630E+00 3.75292E+01 6.40652E-01
 -1      2248-1.16966E+00 3.75256E+01 6.25037E-01
 -1      2253 1.20223E+00 3.25272E+01 3.58451E-01
 -1      2254 1.16764E+00 3.25239E+01 3.78258E-01
 -1      2255 1.19777E+00 3.25152E+01 4.29417E-01
 -1      2256 1.23236E+00 3.25186E+01 4.09610E-01
 -1      2261 1.20171E+00 3.50371E+01 8.14685E-01
 -1      2262 1.16741E+00 3.50330E+01 8.34866E-01
 -1      2263 1.19829E+00 3.50229E+01 8.85315E-01
 -1      2264 1.23259E+00 3.50270E+01 8.65134E-01
 -1      2269 1.20116E+00 3.75293E+01 1.35882E+00
 -1      2270 1.16718E+00 3.75246E+01 1.37939E+00
 -1      2271 1.19884E+00 3.75131E+01 1.42904E+00
 -1      2272 1.23282E+00 3.75178E+01 1.40848E+00
 -1      2277 1.20593E+00 3.25153E+01 1.57100E+00
 -1      2278 1.16945E+00 3.25180E+01 1.58719E+00
 -1      2279 1.19407E+00 3.25271E+01 1.64113E+00
 -1      2280 1.23055E+00 3.25244E+01 1.62495E+00
 -1      2285 1.20612E+00 3.50230E+01 1.11516E+00
 -1      2286 1.16956E+00 3.50262E+01 1.13106E+00
 -1      2287 1.19388E+00 3.50370E+01 1.18484E+00
 -1      2288 1.23044E+00 3.50338E+01 1.16894E+00
 -1      2293 1.20630E+00 3.75132E+01 5.71480E-01
 -1      2294 1.16966E+00 3.75168E+01 5.87095E-01
 -1      2295 1.19370E+00 3.75292E+01 6.40652E-01
 -1      2296 1.23034E+00 3.75256E+01 6.25037E-01
 -1      2301-4.83328E-01 3.24717E+01-3.43393E-02
 -1      2302-5.20442E-01 3.24818E+01-2.33534E-02
 -1      2303-5.04540E-01 3.24774E+01 3.43393E-02
 -1      2304-4.67426E-01 3.24673E+01 2.33534E-02
 -1      2309 1.59904E-01 3.49616E+01-3.45869E-02
 -1      2310 1.22764E-01 3.49705E+01-2.27046E-02
 -1      2311 1.40096E-01 3.49664E+01 3.45869E-02
 -1      2312 1.77236E-01 3.49575E+01 2.27046E-02
 -1      2317 7.15261E-01 3.74726E+01-3.48107E-02
 -1      2318 6.78146E-01 3.74804E+01-2.20585E-02
 -1      2319 6.96871E-01 3.74765E+01 3.48107E-02
 -1      2320 7.33986E-01 3.74687E+01 2.20585E-02
 -1      2325 4.93632E-01 3.24745E+01-3.60542E-02
 -1      2326 4.61704E-01 3.24658E+01-1.35783E-02
 -1      2327 4.94236E-01 3.24746E+01 3.60542E-02
 -1      2328 5.26164E-01 3.24833E+01 1.35783E-02
 -1      2333-1.49866E-01 3.49640E+01-3.60553E-02
 -1      2334-1.82311E-01 3.49562E+01-1.39944E-02
 -1      2335-1.50134E-01 3.49640E+01 3.60553E-02
 -1      2336-1.17689E-01 3.49718E+01 1.39944E-02
 -1      2341-7.05470E-01 3.74747E+01-3.60504E-02
 -1      2342-7.38413E-01 3.74678E+01-1.44278E-02
 -1      2343-7.06662E-01 3.74744E+01 3.60504E-02
 -1      2344-6.73719E-01 3.74813E+01 1.44278E-02
 -1      2349-4.83328E-01 3.24717E+01 1.96566E+00
 -1      2350-5.20442E-01 3.24818E+01 1.97665E+00
 -1      2351-5.04540E-01 3.24774E+01 2.03434E+00
 -1      2352-4.67426E-01 3.24673E+01 2.02335E+00
 -1      2357 1.59904E-01 3.49616E+01 1.96541E+00
 -1      2358 1.22764E-01 3.49705E+01 1.97730E+00
 -1      2359 1.40096E-01 3.49664E+01 2.03459E+00
 -1      2360 1.77236E-01 3.49575E+01 2.02270E+00
 -1      2365 7.15261E-01 3.74726E+01 1.96519E+00
 -1      2366 6.78146E-01 3.74804E+01 1.97794E+00
 -1      2367 6.96871E-01 3.74765E+01 2.03481E+00
 -1      2368 7.33986E-01 3.74687E+01 2.02206E+00
 -1      2373 4.93632E-01 3.24745E+01 1.96395E+00
 -1      2374 4.61704E-01 3.24658E+01 1.98642E+00
 -1      2375 4.94236E-01 3.24746E+01 2.03605E+00
 -1      2376 5.26164E-01 3.24833E+01 2.01358E+00
 -1      2381-1.49866E-01 3.49640E+01 1.96394E+00
 -1      2382-1.82311E-01 3.49562E+01 1.98601E+00
 -1      2383-1.50134E-01 3.49640E+01 2.03606E+00
 -1      2384-1.17689E-01 3.49718E+01 2.01399E+00
 -1      2389-7.05470E-01 3.74747E+01 1.96395E+00
 -1      2390-7.38413E-01 3.74678E+01 1.98557E+00
 -1      2391-7.06662E-01 3.74744E+01 2.03605E+00
 -1      2392-6.73719E-01 3.74813E+01 2.01443E+00
 -1      2397-1.19777E+00 4.25272E+01 3.58451E-01
 -1      2398-1.23236E+00 4.25239E+01 3.78258E-01
 -1      2399-1.20223E+00 4.25152E+01 4.29417E-01
 -1      2400-1.16764E+00 4.25186E+01 4.09610E-01
 -1      2405-1.19829E+00 4.50371E+01 8.14685E-01
 -1      2406-1.23259E+00 4.50330E+01 8.34866E-01
 -1      2407-1.20171E+00 4.50229E+01 8.85315E-01
 -1      2408-1.16741E+00 4.50270E+01 8.65134E-01
 -1      2413-1.19884E+00 4.75293E+01 1.35882E+00
 -1      2414-1.23282E+00 4.75246E+01 1.37939E+00
 -1      2415-1.20116E+00 4.75131E+01 1.42904E+00
 -1      2416-1.16718E+00 4.75178E+01 1.40848E+00
 -1      2421-1.19407E+00 4.25153E+01 1.57100E+00
 -1      2422-1.23055E+00 4.25180E+01 1.58719E+00
 -1      2423-1.20593E+00 4.25271E+01 1.64113E+00
 -1      2424-1.16945E+00 4.25244E+01 1.62495E+00
 -1      2429-1.19388E+00 4.50230E+01 1.11516E+00
 -1      2430-1.23044E+00 4.50262E+01 1.13106E+00
 -1      2431-1.20612E+00 4.50370E+01 1.18484E+00
 -1      2432-1.16956E+00 4.50338E+01 1.16894E+00
 -1      2437-1.19370E+00 4.75132E+01 5.71480E-01
 -1      2438-1.23034E+00 4.75168E+01 5.87095E-01
 -1      2439-1.20630E+00 4.75292E+01 6.40652E-01
 -1      2440-1.16966E+00 4.75256E+01 6.25037E-01
 -1      2445 1.20223E+00 4.25272E+01 3.58451E-01
 -1      2446 1.16764E+00 4.25239E+01 3.78258E-01
 -1      2447 1.19777E+00 4.25152E+01 4.29417E-01
 -1      2448 1.23236E+00 4.25186E+01 4.09610E-01
 -1      2453 1.20171E+00 4.50371E+01 8.14685E-01
 -1      2454 1.16741E+00 4.50330E+01 8.34866E-01
 -1      2455 1.19829E+00 4.50229E+01 8.85315E-01
 -1      2456 1.23259E+00 4.50270E+01 8.65134E-01
 -1      2461 1.20116E+00 4.75293E+01 1.35882E+00
 -1      2462 1.16718E+00 4.75246E+01 1.37939E+00
 -1      2463 1.19884E+00 4.75131E+01 1.42904E+00
 -1      2464 1.23282E+00 4.75178E+01 1.40848E+00
 -1      2469 1.20593E+00 4.25153E+01 1.57100E+00
 -1      2470 1.16945E+00 4.25180E+01 1.58719E+00
 -1      2471 1.19407E+00 4.25271E+01 1.64113E+00
 -1      2472 1.23055E+00 4.25244E+01 1.62495E+00
 -1      2477 1.20612E+00 4.50230E+01 1.11516E+00
 -1      2478 1.16956E+00 4.50262E+01 1.13106E+00
 -1      2479 1.19388E+00 4.50370E+01 1.18484E+00
 -1      2480 1.23044E+00 4.50338E+01 1.16894E+00
 -1      2485 1.20630E+00 4.75132E+01 5.71480E-01
 -1      2486 1.16966E+00 4.75168E+01 5.87095E-01
 -1      2487 1.19370E+00 4.75292E+01 6.40652E-01
 -1      2488 1.23034E+00 4.75256E+01 6.25037E-01
 -1      2493-4.83328E-01 4.24717E+01-3.43393E-02
 -1      2494-5.20442E-01 4.24818E+01-2.33534E-02
 -1      2495-5.04540E-01 4.24774E+01 3.43393E-02
 -1      2496-4.67426E-01 4.24673E+01 2.33534E-02
 -1      2501 1.59904E-01 4.49616E+01-3.45869E-02
 -1      2502 1.22764E-01 4.49705E+01-2.27046E-02
 -1      2503 1.40096E-01 4.49664E+01 3.45869E-02
 -1      2504 1.77236E-01 4.49575E+01 2.27046E-02
 -1      2509 7.15261E-01 4.74726E+01-3.48107E-02
 -1      2510 6.78146E-01 4.74804E+01-2.20585E-02
 -1      2511 6.96871E-01 4.74765E+01 3.48107E-02
 -1      2512 7.33986E-01 4.74687E+01 2.20585E-02
 -1      2517 4.93632E-01 4.24745E+01-3.60542E-02
 -1      2518 4.61704E-01 4.24658E+01-1.35783E-02
 -1      2519 4.94236E-01 4.24746E+01 3.60542E-02
 -1      2520 5.26164E-01 4.24833E+01 1.35783E-02
 -1      2525-1.49866E-01 4.49640E+01-3.60553E-02
 -1      2526-1.82311E-01 4.49562E+01-1.39944E-02
 -1      2527-1.50134E-01 4.49640E+01 3.60553E-02
 -1      2528-1.17689E-01 4.49718E+01 1.39944E-02
 -1      2533-7.05470E-01 4.74747E+01-3.60504E-02
 -1      2534-7.38413E-01 4.74678E+01-1.44278E-02
 -1      2535-7.06662E-01 4.74744E+01 3.60504E-02
 -1      2536-6.73719E-01 4.74813E+01 1.44278E-02
 -1      2541-4.83328E-01 4.24717E+01 1.96566E+00
 -1      2542-5.20442E-01 4.24818E+01 1.97665E+00
 -1      2543-5.04540E-01 4.24774E+01 2.03434E+00
 -1      2544-4.67426E-01 4.24673E+01 2.02335E+00
 -1      2549 1.59904E-01 4.49616E+01 1.96541E+00
 -1      2550 1.22764E-01 4.49705E+01 1.97730E+00
 -1      2551 1.40096E-01 4.49664E+01 2.03459E+00
 -1      2552 1.77236E-01 4.49575E+01 2.02270E+00
 -1      2557 7.15261E-01 4.74726E+01 1.96519E+00
 -1      2558 6.78146E-01 4.74804E+01 1.97794E+00
 -1      2559 6.96871E-01 4.74765E+01 2.03481E+00
 -1      2560 7.33986E-01 4.74687E+01 2.02206E+00
 -1      2565 4.93632E-01 4.24745E+01 1.96395E+00
 -1      2566 4.61704E-01 4.24658E+01 1.98642E+00
 -1      2567 4.94236E-01 4.24746E+01 2.03605E+00
 -1      2568 5.26164E-01 4.24833E+01 2.01358E+00
 -1      2573-1.49866E-01 4.49640E+01 1.96394E+00
 -1      2574-1.82311E-01 4.49562E+01 1.98601E+00
 -1      2575-1.50134E-01 4.49640E+01 2.03606E+00
 -1      2576-1.17689E-01 4.49718E+01 2.01399E+00
 -1      2581-7.05470E-01 4.74747E+01 1.96395E+00
 -1      2582-7.38413E-01 4.74678E+01 1.98557E+00
 -1      2583-7.06662E-01 4.74744E+01 2.03605E+00
 -1      2584-6.73719E-01 4.74813E+01 2.01443E+00
 -3
    3C                           232                                     1
 -1         1    1    0    1
 -2       173      1405      1406       174       176      1408      1407       175
 -1         2    1    0    1
 -2      1405       373       374      1406      1408       376       375      1407
 -1         3    1    0    1
 -2       223      1413      1414       224       226      1416      1415       225
 -1         4    1    0    1
 -2      1413       423       424      1414      1416       426       425      1415
 -1         5    1    0    1
 -2       273      1421      1422       274       276      1424      1423       275
 -1         6    1    0    1
 -2      1421       473       474      1422      1424       476       475      1423
 -1         7    1    0    1
 -2       323      1429      1430       324       326      1432      1431       325
 -1         8    1    0    1
 -2      1429       523       524      1430      1432       526       525      1431
 -1         9    1    0    1
 -2       373      1437      1438       374       376      1440      1439       375
 -1        10    1    0    1
 -2      1437       573       574      1438      1440       576       575      1439
 -1        11    1    0    1
 -2       423      1445      1446       424       426      1448      1447       425
 -1        12    1    0    1
 -2      1445       623       624      1446      1448       626       625      1447
 -1        13    1    0    1
 -2       473      1453      1454       474       476      1456      1455       475
 -1        14    1    0    1
 -2      1453       673       674      1454      1456       676       675      1455
 -1        15    1    0    1
 -2       523      1461      1462       524       526      1464      1463       525
 -1        16    1    0    1
 -2      1461       723       724      1462      1464       726       725      1463
 -1        17    1    0    1
 -2       573       773       774       574       576       776       775       575
 -1        18    1    0    1
 -2       623       823       824       624       626       826       825       625
 -1        19    1    0    1
 -2       673       873       874       674       676       876       875       675
 -1        20    1    0    1
 -2       723       923       924       724       726       926       925       725
 -1        21    1    0    1
 -2       773      1469      1470       774       776      1472      1471       775
 -1        22    1    0    1
 -2      1469      1477      1478      1470      1472      1480      1479      1471
 -1        23    1    0    1
 -2      1477      1485      1486      1478      1480      1488      1487      1479
 -1        24    1    0    1
 -2      1485      1493      1494      1486      1488      1496      1495      1487
 -1        25    1    0    1
 -2      1493      1501      1502      1494      1496      1504      1503      1495
 -1        26    1    0    1
 -2      1501      1509      1510      1502      1504      1512      1511      1503
 -1        27    1    0    1
 -2      1509      1517      1518      1510      1512      1520      1519      1511
 -1        28    1    0    1
 -2      1517       973       974      1518      1520       976       975      1519
 -1        29    1    0    1
 -2       823      1525      1526       824       826      1528      1527       825
 -1        30    1    0    1
 -2      1525      1533      1534      1526      1528      1536      1535      1527
 -1        31    1    0    1
 -2      1533      1541      1542      1534      1536      1544      1543      1535
 -1        32    1    0    1
 -2      1541      1549      1550      1542      1544      1552      1551      1543
 -1        33    1    0    1
 -2      1549      1557      1558      1550      1552      1560      1559      1551
 -1        34    1    0    1
 -2      1557      1565      1566      1558      1560      1568      1567      1559
 -1        35    1    0    1
 -2      1565      1573      1574      1566      1568      1576      1575      1567
 -1        36    1    0    1
 -2      1573      1039      1040      1574      1576      1042      1041      1575
 -1        37    1    0    1
 -2       873      1581      1582       874       876      1584      1583       875
 -1        38    1    0    1
 -2      1581      1589      1590      1582      1584      1592      1591      1583
 -1        39    1    0    1
 -2      1589      1597      1598      1590      1592      1600      1599      1591
 -1        40    1    0    1
 -2      1597      1605      1606      1598      1600      1608      1607      1599
 -1        41    1    0    1
 -2      1605      1613      1614      1606      1608      1616      1615      1607
 -1        42    1    0    1
 -2      1613      1621      1622      1614      1616      1624      1623      1615
 -1        43    1    0    1
 -2      1621      1629      1630      1622      1624      1632      1631      1623
 -1        44    1    0    1
 -2      1629      1089      1090      1630      1632      1092      1091      1631
 -1        45    1    0    1
 -2       923      1637      1638       924       926      1640      1639       925
 -1        46    1    0    1
 -2      1637      1645      1646      1638      1640      1648      1647      1639
 -1        47    1    0    1
 -2      1645      1653      1654      1646      1648      1656      1655      1647
 -1        48    1    0    1
 -2      1653      1661      1662      1654      1656      1664      1663      1655
 -1        49    1    0    1
 -2      1661      1669      1670      1662      1664      1672      1671      1663
 -1        50    1    0    1
 -2      1669      1677      1678      1670      1672      1680      1679      1671
 -1        51    1    0    1
 -2      1677      1685      1686      1678      1680      1688      1687      1679
 -1        52    1    0    1
 -2      1685      1155      1156      1686      1688      1158      1157      1687
 -1        53    1    0    1
 -2       997      1205      1206       998      1000      1208      1207       999
 -1        54    1    0    1
 -2      1039      1255      1256      1040      1042      1258      1257      1041
 -1        55    1    0    1
 -2      1113      1305      1306      1114      1116      1308      1307      1115
 -1        56    1    0    1
 -2      1155      1355      1356      1156      1158      1358      1357      1157
 -1        57    1    0    1
 -2       181      1693      1694       182       184      1696      1695       183
 -1        58    1    0    1
 -2      1693       231       232      1694      1696       234       233      1695
 -1        59    1    0    1
 -2       281      1701      1702       282       284      1704      1703       283
 -1        60    1    0    1
 -2      1701       331       332      1702      1704       334       333      1703
 -1        61    1    0    1
 -2       189      1709      1710       190       192      1712      1711       191
 -1        62    1    0    1
 -2      1709       289       290      1710      1712       292       291      1711
 -1        63    1    0    1
 -2       239      1717      1718       240       242      1720      1719       241
 -1        64    1    0    1
 -2      1717       339       340      1718      1720       342       341      1719
 -1        65    1    0    1
 -2       381      1725      1726       382       384      1728      1727       383
 -1        66    1    0    1
 -2      1725       431       432      1726      1728       434       433      1727
 -1        67    1    0    1
 -2       481      1733      1734       482       484      1736      1735       483
 -1        68    1    0    1
 -2      1733       531       532      1734      1736       534       533      1735
 -1        69    1    0    1
 -2       389      1741      1742       390       392      1744      1743       391
 -1        70    1    0    1
 -2      1741       489       490      1742      1744       492       491      1743
 -1        71    1    0    1
 -2       439      1749      1750       440       442      1752      1751       441
 -1        72    1    0    1
 -2      1749       539       540      1750      1752       542       541      1751
 -1        73    1    0    1
 -2       581      1757      1758       582       584      1760      1759       583
 -1        74    1    0    1
 -2      1757       631       632      1758      1760       634       633      1759
 -1        75    1    0    1
 -2       681      1765      1766       682       684      1768      1767       683
 -1        76    1    0    1
 -2      1765       731       732      1766      1768       734       733      1767
 -1        77    1    0    1
 -2       589      1773      1774       590       592      1776      1775       591
 -1        78    1    0    1
 -2      1773       689       690      1774      1776       692       691      1775
 -1        79    1    0    1
 -2       639      1781      1782       640       642      1784      1783       641
 -1        80    1    0    1
 -2      1781       739       740      1782      1784       742       741      1783
 -1        81    1    0    1
 -2       781      1789      1790       782       784      1792      1791       783
 -1        82    1    0    1
 -2      1789       831       832      1790      1792       834       833      1791
 -1        83    1    0    1
 -2       881      1797      1798       882       884      1800      1799       883
 -1        84    1    0    1
 -2      1797       931       932      1798      1800       934       933      1799
 -1        85    1    0    1
 -2       789      1805      1806       790       792      1808      1807       791
 -1        86    1    0    1
 -2      1805       889       890      1806      1808       892       891      1807
 -1        87    1    0    1
 -2       839      1813      1814       840       842      1816      1815       841
 -1        88    1    0    1
 -2      1813       939       940      1814      1816       942       941      1815
 -1        89    1    0    1
 -2       981      1821      1822       982       984      1824      1823       983
 -1        90    1    0    1
 -2      1821      1047      1048      1822      1824      1050      1049      1823
 -1        91    1    0    1
 -2      1097      1829      1830      1098      1100      1832      1831      1099
 -1        92    1    0    1
 -2      1829      1163      1164      1830      1832      1166      1165      1831
 -1        93    1    0    1
 -2       989      1837      1838       990       992      1840      1839       991
 -1        94    1    0    1
 -2      1837      1105      1106      1838      1840      1108      1107      1839
 -1        95    1    0    1
 -2      1055      1845      1846      1056      1058      1848      1847      1057
 -1        96    1    0    1
 -2      1845      1171      1172      1846      1848      1174      1173      1847
 -1        97    1    0    1
 -2      1213      1853      1854      1214      1216      1856      1855      1215
 -1        98    1    0    1
 -2      1853      1263      1264      1854      1856      1266      1265      1855
 -1        99    1    0    1
 -2      1313      1861      1862      1314      1316      1864      1863      1315
 -1       100    1    0    1
 -2      1861      1363      1364      1862      1864      1366      1365      1863
 -1       101    1    0    1
 -2      1221      1869      1870      1222      1224      1872      1871      1223
 -1       102    1    0    1
 -2      1869      1321      1322      1870      1872      1324      1323      1871
 -1       103    1    0    1
 -2      1271      1877      1878      1272      1274      1880      1879      1273
 -1       104    1    0    1
 -2      1877      1371      1372      1878      1880      1374      1373      1879
 -1       105    1    0    1
 -2       173      1885      1886       174       176      1888      1887       175
 -1       106    1    0    1
 -2      1885       473       474      1886      1888       476       475      1887
 -1       107    1    0    1
 -2       273      1893      1894       274       276      1896      1895       275
 -1       108    1    0    1
 -2      1893       373       374      1894      1896       376       375      1895
 -1       109    1    0    1
 -2       223      1901      1902       224       226      1904      1903       225
 -1       110    1    0    1
 -2      1901       523       524      1902      1904       526       525      1903
 -1       111    1    0    1
 -2       323      1909      1910       324       326      1912      1911       325
 -1       112    1    0    1
 -2      1909       423       424      1910      1912       426       425      1911
 -1       113    1    0    1
 -2       173      1917      1918       174       176      1920      1919       175
 -1       114    1    0    1
 -2      1917       423       424      1918      1920       426       425      1919
 -1       115    1    0    1
 -2       223      1925      1926       224       226      1928      1927       225
 -1       116    1    0    1
 -2      1925       373       374      1926      1928       376       375      1927
 -1       117    1    0    1
 -2       273      1933      1934       274       276      1936      1935       275
 -1       118    1    0    1
 -2      1933       523       524      1934      1936       526       525      1935
 -1       119    1    0    1
 -2       323      1941      1942       324       326      1944      1943       325
 -1       120    1    0    1
 -2      1941       473       474      1942      1944       476       475      1943
 -1       121    1    0    1
 -2       373      1949      1950       374       376      1952      1951       375
 -1       122    1    0    1
 -2      1949       673       674      1950      1952       676       675      1951
 -1       123    1    0    1
 -2       473      1957      1958       474       476      1960      1959       475
 -1       124    1    0    1
 -2      1957       573       574      1958      1960       576       575      1959
 -1       125    1    0    1
 -2       423      1965      1966       424       426      1968      1967       425
 -1       126    1    0    1
 -2      1965       723       724      1966      1968       726       725      1967
 -1       127    1    0    1
 -2       523      1973      1974       524       526      1976      1975       525
 -1       128    1    0    1
 -2      1973       623       624      1974      1976       626       625      1975
 -1       129    1    0    1
 -2       373      1981      1982       374       376      1984      1983       375
 -1       130    1    0    1
 -2      1981       623       624      1982      1984       626       625      1983
 -1       131    1    0    1
 -2       423      1989      1990       424       426      1992      1991       425
 -1       132    1    0    1
 -2      1989       573       574      1990      1992       576       575      1991
 -1       133    1    0    1
 -2       473      1997      1998       474       476      2000      1999       475
 -1       134    1    0    1
 -2      1997       723       724      1998      2000       726       725      1999
 -1       135    1    0    1
 -2       523      2005      2006       524       526      2008      2007       525
 -1       136    1    0    1
 -2      2005       673       674      2006      2008       676       675      2007
 -1       137    1    0    1
 -2       573      2013      2014       574       576      2016      2015       575
 -1       138    1    0    1
 -2      2013      2021      2022      2014      2016      2024      2023      2015
 -1       139    1    0    1
 -2      2021      2029      2030      2022      2024      2032      2031      2023
 -1       140    1    0    1
 -2      2029       873       874      2030      2032       876       875      2031
 -1       141    1    0    1
 -2       673      2037      2038       674       676      2040      2039       675
 -1       142    1    0    1
 -2      2037      2045      2046      2038      2040      2048      2047      2039
 -1       143    1    0    1
 -2      2045      2053      2054      2046      2048      2056      2055      2047
 -1       144    1    0    1
 -2      2053       773       774      2054      2056       776       775      2055
 -1       145    1    0    1
 -2       623      2061      2062       624       626      2064      2063       625
 -1       146    1    0    1
 -2      2061      2069      2070      2062      2064      2072      2071      2063
 -1       147    1    0    1
 -2      2069      2077      2078      2070      2072      2080      2079      2071
 -1       148    1    0    1
 -2      2077       923       924      2078      2080       926       925      2079
 -1       149    1    0    1
 -2       723      2085      2086       724       726      2088      2087       725
 -1       150    1    0    1
 -2      2085      2093      2094      2086      2088      2096      2095      2087
 -1       151    1    0    1
 -2      2093      2101      2102      2094      2096      2104      2103      2095
 -1       152    1    0    1
 -2      2101       823       824      2102      2104       826       825      2103
 -1       153    1    0    1
 -2       573      2109      2110       574       576      2112      2111       575
 -1       154    1    0    1
 -2      2109      2117      2118      2110      2112      2120      2119      2111
 -1       155    1    0    1
 -2      2117      2125      2126      2118      2120      2128      2127      2119
 -1       156    1    0    1
 -2      2125       823       824      2126      2128       826       825      2127
 -1       157    1    0    1
 -2       623      2133      2134       624       626      2136      2135       625
 -1       158    1    0    1
 -2      2133      2141      2142      2134      2136      2144      2143      2135
 -1       159    1    0    1
 -2      2141      2149      2150      2142      2144      2152      2151      2143
 -1       160    1    0    1
 -2      2149       773       774      2150      2152       776       775      2151
 -1       161    1    0    1
 -2       673      2157      2158       674       676      2160      2159       675
 -1       162    1    0    1
 -2      2157      2165      2166      2158      2160      2168      2167      2159
 -1       163    1    0    1
 -2      2165      2173      2174      2166      2168      2176      2175      2167
 -1       164    1    0    1
 -2      2173       923       924      2174      2176       926       925      2175
 -1       165    1    0    1
 -2       723      2181      2182       724       726      2184      2183       725
 -1       166    1    0    1
 -2      2181      2189      2190      2182      2184      2192      2191      2183
 -1       167    1    0    1
 -2      2189      2197      2198      2190      2192      2200      2199      2191
 -1       168    1    0    1
 -2      2197       873       874      2198      2200       876       875      2199
 -1       169    1    0    1
 -2       773      2205      2206       774       776      2208      2207       775
 -1       170    1    0    1
 -2      2205      2213      2214      2206      2208      2216      2215      2207
 -1       171    1    0    1
 -2      2213      2221      2222      2214      2216      2224      2223      2215
 -1       172    1    0    1
 -2      2221      1089      1090      2222      2224      1092      1091      2223
 -1       173    1    0    1
 -2       873      2229      2230       874       876      2232      2231       875
 -1       174    1    0    1
 -2      2229      2237      2238      2230      2232      2240      2239      2231
 -1       175    1    0    1
 -2      2237      2245      2246      2238      2240      2248      2247      2239
 -1       176    1    0    1
 -2      2245       973       974      2246      2248       976       975      2247
 -1       177    1    0    1
 -2       823      2253      2254       824       826      2256      2255       825
 -1       178    1    0    1
 -2      2253      2261      2262      2254      2256      2264      2263      2255
 -1       179    1    0    1
 -2      2261      2269      2270      2262      2264      2272      2271      2263
 -1       180    1    0    1
 -2      2269      1155      1156      2270      2272      1158      1157      2271
 -1       181    1    0    1
 -2       923      2277      2278       924       926      2280      2279       925
 -1       182    1    0    1
 -2      2277      2285      2286      2278      2280      2288      2287      2279
 -1       183    1    0    1
 -2      2285      2293      2294      2286      2288      2296      2295      2287
 -1       184    1    0    1
 -2      2293      1039      1040      2294      2296      1042      1041      2295
 -1       185    1    0    1
 -2       773      2301      2302       774       776      2304      2303       775
 -1       186    1    0    1
 -2      2301      2309      2310      2302      2304      2312      2311      2303
 -1       187    1    0    1
 -2      2309      2317      2318      2310      2312      2320      2319      2311
 -1       188    1    0    1
 -2      2317      1039      1040      2318      2320      1042      1041      2319
 -1       189    1    0    1
 -2       823      2325      2326       824       826      2328      2327       825
 -1       190    1    0    1
 -2      2325      2333      2334      2326      2328      2336      2335      2327
 -1       191    1    0    1
 -2      2333      2341      2342      2334      2336      2344      2343      2335
 -1       192    1    0    1
 -2      2341       973       974      2342      2344       976       975      2343
 -1       193    1    0    1
 -2       873      2349      2350       874       876      2352      2351       875
 -1       194    1    0    1
 -2      2349      2357      2358      2350      2352      2360      2359      2351
 -1       195    1    0    1
 -2      2357      2365      2366      2358      2360      2368      2367      2359
 -1       196    1    0    1
 -2      2365      1155      1156      2366      2368      1158      1157      2367
 -1       197    1    0    1
 -2       923      2373      2374       924       926      2376      2375       925
 -1       198    1    0    1
 -2      2373      2381      2382      2374      2376      2384      2383      2375
 -1       199    1    0    1
 -2      2381      2389      2390      2382      2384      2392      2391      2383
 -1       200    1    0    1
 -2      2389      1089      1090      2390      2392      1092      1091      2391
 -1       201    1    0    1
 -2       973      2397      2398       974       976      2400      2399       975
 -1       202    1    0    1
 -2      2397      2405      2406      2398      2400      2408      2407      2399
 -1       203    1    0    1
 -2      2405      2413      2414      2406      2408      2416      2415      2407
 -1       204    1    0    1
 -2      2413      1305      1306      2414      2416      1308      1307      2415
 -1       205    1    0    1
 -2      1113      2421      2422      1114      1116      2424      2423      1115
 -1       206    1    0    1
 -2      2421      2429      2430      2422      2424      2432      2431      2423
 -1       207    1    0    1
 -2      2429      2437      2438      2430      2432      2440      2439      2431
 -1       208    1    0    1
 -2      2437      1205      1206      2438      2440      1208      1207      2439
 -1       209    1    0    1
 -2      1039      2445      2446      1040      1042      2448      2447      1041
 -1       210    1    0    1
 -2      2445      2453      2454      2446      2448      2456      2455      2447
 -1       211    1    0    1
 -2      2453      2461      2462      2454      2456      2464      2463      2455
 -1       212    1    0    1
 -2      2461      1355      1356      2462      2464      1358      1357      2463
 -1       213    1    0    1
 -2      1155      2469      2470      1156      1158      2472      2471      1157
 -1       214    1    0    1
 -2      2469      2477      2478      2470      2472      2480      2479      2471
 -1       215    1    0    1
 -2      2477      2485      2486      2478      2480      2488      2487      2479
 -1       216    1    0    1
 -2      2485      1255      1256      2486      2488      1258      1257      2487
 -1       217    1    0    1
 -2       997      2493      2494       998      1000      2496      2495       999
 -1       218    1    0    1
 -2      2493      2501      2502      2494      2496      2504      2503      2495
 -1       219    1    0    1
 -2      2501      2509      2510      2502      2504      2512      2511      2503
 -1       220    1    0    1
 -2      2509      1255      1256      2510      2512      1258      1257      2511
 -1       221    1    0    1
 -2      1039      2517      2518      1040      1042      2520      2519      1041
 -1       222    1    0    1
 -2      2517      2525      2526      2518      2520      2528      2527      2519
 -1       223    1    0    1
 -2      2525      2533      2534      2526      2528      2536      2535      2527
 -1       224    1    0    1
 -2      2533      1205      1206      2534      2536      1208      1207      2535
 -1       225    1    0    1
 -2      1113      2541      2542      1114      1116      2544      2543      1115
 -1       226    1    0    1
 -2      2541      2549      2550      2542      2544      2552      2551      2543
 -1       227    1    0    1
 -2      2549      2557      2558      2550      2552      2560      2559      2551
 -1       228    1    0    1
 -2      2557      1355      1356      2558      2560      1358      1357      2559
 -1       229    1    0    1
 -2      1155      2565      2566      1156      1158      2568      2567      1157
 -1       230    1    0    1
 -2      2565      2573      2574      2566      2568      2576      2575      2567
 -1       231    1    0    1
 -2      2573      2581      2582      2574      2576      2584      2583      2575
 -1       232    1    0    1
 -2      2581      1305      1306      2582      2584      1308      1307      2583
 -3
    1PSTEP                         1           1           1          
  100CL  101 1.000000000           0                     0    1           1
 -4  DISP        4    1
 -5  D1          1    2    1    0
 -5  D2          1    2    2    0
 -5  D3          1    2    3    0
 -5  ALL         1    2    0    0    1ALL
 -3
 9999
