    1C
    1UNormalized cross-passage space-truss torsion benchmark            
    1UUSER                                                              
    1UDATE              06.august.2026                                  
    1UTIME              08:14:20                                        
    1UHOST                                                              
    1UPGM               CalculiX                                        
    1UVERSION           Version 2.21                             
    1UCOMPILETIME       Sat Jul 29 10:52:01 CEST 2023                    
    1UDIR                                                               
    1UDBN                                                               
    1UMAT    1STEEL                                                     
    2C                           784                                     1
 -1       149-1.19392E+00 1.10406E-03-3.55217E-02
 -1       150-1.23033E+00 3.58513E-03-1.91580E-02
 -1       151-1.20608E+00-1.10406E-03 3.55217E-02
 -1       152-1.16967E+00-3.58513E-03 1.91580E-02
 -1       157-1.20102E+00-3.40950E-02-1.16828E-02
 -1       158-1.20007E+00-2.33416E-03-3.59798E-02
 -1       159-1.19898E+00 3.40950E-02 1.16828E-02
 -1       160-1.19993E+00 2.33416E-03 3.59798E-02
 -1       165-1.23354E+00-1.32202E-02 3.96605E-04
 -1       166-1.20069E+00-3.60327E-02 1.08098E-03
 -1       167-1.16646E+00 1.32202E-02-3.96605E-04
 -1       168-1.19931E+00 3.60327E-02-1.08098E-03
 -1       199 1.20178E+00 2.55221E-03-3.59208E-02
 -1       200 1.16758E+00-1.84045E-03-1.56598E-02
 -1       201 1.19822E+00-2.55221E-03 3.59208E-02
 -1       202 1.23242E+00 1.84045E-03 1.56598E-02
 -1       207 1.20102E+00-3.38645E-02-1.23355E-02
 -1       208 1.20005E+00-1.64335E-03-3.60180E-02
 -1       209 1.19898E+00 3.38645E-02 1.23355E-02
 -1       210 1.19995E+00 1.64335E-03 3.60180E-02
 -1       215 1.16697E+00-1.44498E-02-4.33494E-04
 -1       216 1.20064E+00-3.60336E-02-1.08101E-03
 -1       217 1.23303E+00 1.44498E-02 4.33494E-04
 -1       218 1.19936E+00 3.60336E-02 1.08101E-03
 -1       249-1.19302E+00-2.96955E-03 1.96475E+00
 -1       250-1.22984E+00 1.30746E-03 1.97980E+00
 -1       251-1.20698E+00 2.96955E-03 2.03525E+00
 -1       252-1.17016E+00-1.30746E-03 2.02020E+00
 -1       257-1.19898E+00-3.38645E-02 1.98766E+00
 -1       258-1.19995E+00-1.64335E-03 1.96398E+00
 -1       259-1.20102E+00 3.38645E-02 2.01234E+00
 -1       260-1.20005E+00 1.64335E-03 2.03602E+00
 -1       265-1.23303E+00-1.44498E-02 1.99957E+00
 -1       266-1.19936E+00-3.60336E-02 1.99892E+00
 -1       267-1.16697E+00 1.44498E-02 2.00043E+00
 -1       268-1.20064E+00 3.60336E-02 2.00108E+00
 -1       299 1.20330E+00-1.36844E-03 1.96412E+00
 -1       300 1.16826E+00-3.59743E-03 1.98329E+00
 -1       301 1.19670E+00 1.36844E-03 2.03588E+00
 -1       302 1.23174E+00 3.59743E-03 2.01671E+00
 -1       307 1.19898E+00-3.40950E-02 1.98832E+00
 -1       308 1.19993E+00-2.33416E-03 1.96402E+00
 -1       309 1.20102E+00 3.40950E-02 2.01168E+00
 -1       310 1.20007E+00 2.33416E-03 2.03598E+00
 -1       315 1.16646E+00-1.32202E-02 2.00040E+00
 -1       316 1.19931E+00-3.60327E-02 2.00108E+00
 -1       317 1.23354E+00 1.32202E-02 1.99960E+00
 -1       318 1.20069E+00 3.60327E-02 1.99892E+00
 -1       349-1.19523E+00 9.99978E+00-3.57380E-02
 -1       350-1.23115E+00 1.00002E+01-1.81496E-02
 -1       351-1.20477E+00 1.00002E+01 3.57380E-02
 -1       352-1.16885E+00 9.99978E+00 1.81496E-02
 -1       357-1.20102E+00 9.96591E+00-1.16828E-02
 -1       358-1.20007E+00 9.99767E+00-3.59798E-02
 -1       359-1.19898E+00 1.00341E+01 1.16828E-02
 -1       360-1.19993E+00 1.00023E+01 3.59798E-02
 -1       365-1.23354E+00 9.98678E+00 3.96605E-04
 -1       366-1.20069E+00 9.96397E+00 1.08098E-03
 -1       367-1.16646E+00 1.00132E+01-3.96605E-04
 -1       368-1.19931E+00 1.00360E+01-1.08098E-03
 -1       399 1.20446E+00 9.99951E+00-3.57753E-02
 -1       400 1.16869E+00 9.99942E+00-1.78705E-02
 -1       401 1.19554E+00 1.00005E+01 3.57753E-02
 -1       402 1.23131E+00 1.00006E+01 1.78705E-02
 -1       407 1.20102E+00 9.96614E+00-1.23355E-02
 -1       408 1.20005E+00 9.99836E+00-3.60180E-02
 -1       409 1.19898E+00 1.00339E+01 1.23355E-02
 -1       410 1.19995E+00 1.00016E+01 3.60180E-02
 -1       415 1.16697E+00 9.98555E+00-4.33494E-04
 -1       416 1.20064E+00 9.96397E+00-1.08101E-03
 -1       417 1.23303E+00 1.00145E+01 4.33494E-04
 -1       418 1.19936E+00 1.00360E+01 1.08101E-03
 -1       449-1.19546E+00 1.00005E+01 1.96424E+00
 -1       450-1.23127E+00 1.00006E+01 1.98206E+00
 -1       451-1.20454E+00 9.99951E+00 2.03576E+00
 -1       452-1.16873E+00 9.99942E+00 2.01794E+00
 -1       457-1.19898E+00 9.96614E+00 1.98766E+00
 -1       458-1.19995E+00 9.99836E+00 1.96398E+00
 -1       459-1.20102E+00 1.00339E+01 2.01234E+00
 -1       460-1.20005E+00 1.00016E+01 2.03602E+00
 -1       465-1.23303E+00 9.98555E+00 1.99957E+00
 -1       466-1.19936E+00 9.96397E+00 1.99892E+00
 -1       467-1.16697E+00 1.00145E+01 2.00043E+00
 -1       468-1.20064E+00 1.00360E+01 2.00108E+00
 -1       499 1.20422E+00 1.00002E+01 1.96419E+00
 -1       500 1.16857E+00 9.99978E+00 1.98233E+00
 -1       501 1.19578E+00 9.99978E+00 2.03581E+00
 -1       502 1.23143E+00 1.00002E+01 2.01767E+00
 -1       507 1.19898E+00 9.96591E+00 1.98832E+00
 -1       508 1.19993E+00 9.99767E+00 1.96402E+00
 -1       509 1.20102E+00 1.00341E+01 2.01168E+00
 -1       510 1.20007E+00 1.00023E+01 2.03598E+00
 -1       515 1.16646E+00 9.98678E+00 2.00040E+00
 -1       516 1.19931E+00 9.96397E+00 2.00108E+00
 -1       517 1.23354E+00 1.00132E+01 1.99960E+00
 -1       518 1.20069E+00 1.00360E+01 1.99892E+00
 -1       549-1.19511E+00 1.99993E+01-3.57158E-02
 -1       550-1.23109E+00 2.00000E+01-1.82590E-02
 -1       551-1.20489E+00 2.00007E+01 3.57158E-02
 -1       552-1.16891E+00 2.00000E+01 1.82590E-02
 -1       557-1.20102E+00 1.99659E+01-1.16828E-02
 -1       558-1.20007E+00 1.99977E+01-3.59798E-02
 -1       559-1.19898E+00 2.00341E+01 1.16828E-02
 -1       560-1.19993E+00 2.00023E+01 3.59798E-02
 -1       565-1.23354E+00 1.99868E+01 3.96605E-04
 -1       566-1.20069E+00 1.99640E+01 1.08098E-03
 -1       567-1.16646E+00 2.00132E+01-3.96605E-04
 -1       568-1.19931E+00 2.00360E+01-1.08098E-03
 -1       599 1.20433E+00 1.99999E+01-3.57951E-02
 -1       600 1.16862E+00 1.99996E+01-1.77593E-02
 -1       601 1.19567E+00 2.00001E+01 3.57951E-02
 -1       602 1.23138E+00 2.00004E+01 1.77593E-02
 -1       607 1.20102E+00 1.99661E+01-1.23355E-02
 -1       608 1.20005E+00 1.99984E+01-3.60180E-02
 -1       609 1.19898E+00 2.00339E+01 1.23355E-02
 -1       610 1.19995E+00 2.00016E+01 3.60180E-02
 -1       615 1.16697E+00 1.99855E+01-4.33494E-04
 -1       616 1.20064E+00 1.99640E+01-1.08101E-03
 -1       617 1.23303E+00 2.00145E+01 4.33494E-04
 -1       618 1.19936E+00 2.00360E+01 1.08101E-03
 -1       649-1.19533E+00 2.00001E+01 1.96425E+00
 -1       650-1.23120E+00 2.00004E+01 1.98194E+00
 -1       651-1.20467E+00 1.99999E+01 2.03575E+00
 -1       652-1.16880E+00 1.99996E+01 2.01806E+00
 -1       657-1.19898E+00 1.99661E+01 1.98766E+00
 -1       658-1.19995E+00 1.99984E+01 1.96398E+00
 -1       659-1.20102E+00 2.00339E+01 2.01234E+00
 -1       660-1.20005E+00 2.00016E+01 2.03602E+00
 -1       665-1.23303E+00 1.99855E+01 1.99957E+00
 -1       666-1.19936E+00 1.99640E+01 1.99892E+00
 -1       667-1.16697E+00 2.00145E+01 2.00043E+00
 -1       668-1.20064E+00 2.00360E+01 2.00108E+00
 -1       699 1.20409E+00 2.00007E+01 1.96418E+00
 -1       700 1.16851E+00 2.00000E+01 1.98245E+00
 -1       701 1.19591E+00 1.99993E+01 2.03582E+00
 -1       702 1.23149E+00 2.00000E+01 2.01755E+00
 -1       707 1.19898E+00 1.99659E+01 1.98832E+00
 -1       708 1.19993E+00 1.99977E+01 1.96402E+00
 -1       709 1.20102E+00 2.00341E+01 2.01168E+00
 -1       710 1.20007E+00 2.00023E+01 2.03598E+00
 -1       715 1.16646E+00 1.99868E+01 2.00040E+00
 -1       716 1.19931E+00 1.99640E+01 2.00108E+00
 -1       717 1.23354E+00 2.00132E+01 1.99960E+00
 -1       718 1.20069E+00 2.00360E+01 1.99892E+00
 -1       749-1.19518E+00 2.99996E+01-3.57298E-02
 -1       750-1.23113E+00 3.00001E+01-1.81933E-02
 -1       751-1.20482E+00 3.00004E+01 3.57298E-02
 -1       752-1.16887E+00 2.99999E+01 1.81933E-02
 -1       757-1.20102E+00 2.99659E+01-1.16828E-02
 -1       758-1.20007E+00 2.99977E+01-3.59798E-02
 -1       759-1.19898E+00 3.00341E+01 1.16828E-02
 -1       760-1.19993E+00 3.00023E+01 3.59798E-02
 -1       765-1.23354E+00 2.99868E+01 3.96605E-04
 -1       766-1.20069E+00 2.99640E+01 1.08098E-03
 -1       767-1.16646E+00 3.00132E+01-3.96605E-04
 -1       768-1.19931E+00 3.00360E+01-1.08098E-03
 -1       799 1.20440E+00 2.99997E+01-3.57845E-02
 -1       800 1.16866E+00 2.99995E+01-1.78229E-02
 -1       801 1.19560E+00 3.00003E+01 3.57845E-02
 -1       802 1.23134E+00 3.00005E+01 1.78229E-02
 -1       807 1.20102E+00 2.99661E+01-1.23355E-02
 -1       808 1.20005E+00 2.99984E+01-3.60180E-02
 -1       809 1.19898E+00 3.00339E+01 1.23355E-02
 -1       810 1.19995E+00 3.00016E+01 3.60180E-02
 -1       815 1.16697E+00 2.99855E+01-4.33494E-04
 -1       816 1.20064E+00 2.99640E+01-1.08101E-03
 -1       817 1.23303E+00 3.00145E+01 4.33494E-04
 -1       818 1.19936E+00 3.00360E+01 1.08101E-03
 -1       849-1.19541E+00 3.00003E+01 1.96424E+00
 -1       850-1.23124E+00 3.00005E+01 1.98201E+00
 -1       851-1.20459E+00 2.99997E+01 2.03576E+00
 -1       852-1.16876E+00 2.99995E+01 2.01799E+00
 -1       857-1.19898E+00 2.99661E+01 1.98766E+00
 -1       858-1.19995E+00 2.99984E+01 1.96398E+00
 -1       859-1.20102E+00 3.00339E+01 2.01234E+00
 -1       860-1.20005E+00 3.00016E+01 2.03602E+00
 -1       865-1.23303E+00 2.99855E+01 1.99957E+00
 -1       866-1.19936E+00 2.99640E+01 1.99892E+00
 -1       867-1.16697E+00 3.00145E+01 2.00043E+00
 -1       868-1.20064E+00 3.00360E+01 2.00108E+00
 -1       899 1.20416E+00 3.00004E+01 1.96419E+00
 -1       900 1.16854E+00 2.99999E+01 1.98238E+00
 -1       901 1.19584E+00 2.99996E+01 2.03581E+00
 -1       902 1.23146E+00 3.00001E+01 2.01762E+00
 -1       907 1.19898E+00 2.99659E+01 1.98832E+00
 -1       908 1.19993E+00 2.99977E+01 1.96402E+00
 -1       909 1.20102E+00 3.00341E+01 2.01168E+00
 -1       910 1.20007E+00 3.00023E+01 2.03598E+00
 -1       915 1.16646E+00 2.99868E+01 2.00040E+00
 -1       916 1.19931E+00 2.99640E+01 2.00108E+00
 -1       917 1.23354E+00 3.00132E+01 1.99960E+00
 -1       918 1.20069E+00 3.00360E+01 1.99892E+00
 -1       949-1.19518E+00 3.99998E+01-3.57307E-02
 -1       950-1.23113E+00 4.00003E+01-1.81971E-02
 -1       951-1.20482E+00 4.00002E+01 3.57307E-02
 -1       952-1.16887E+00 3.99997E+01 1.81971E-02
 -1       957-1.20145E+00 3.99659E+01-1.15569E-02
 -1       958-1.20010E+00 3.99975E+01-3.59709E-02
 -1       959-1.19855E+00 4.00341E+01 1.15569E-02
 -1       960-1.19990E+00 4.00025E+01 3.59709E-02
 -1       965-1.23365E+00 3.99871E+01 5.48678E-04
 -1       966-1.20099E+00 3.99640E+01 1.52775E-03
 -1       967-1.16635E+00 4.00129E+01-5.48678E-04
 -1       968-1.19901E+00 4.00360E+01-1.52775E-03
 -1       999 1.20447E+00 3.99994E+01-3.57714E-02
 -1      1000 1.16870E+00 3.99993E+01-1.78786E-02
 -1      1001 1.19553E+00 4.00006E+01 3.57714E-02
 -1      1002 1.23130E+00 4.00007E+01 1.78786E-02
 -1      1007 1.20143E+00 3.99662E+01-1.24797E-02
 -1      1008 1.20006E+00 3.99985E+01-3.60247E-02
 -1      1009 1.19857E+00 4.00338E+01 1.24797E-02
 -1      1010 1.19994E+00 4.00015E+01 3.60247E-02
 -1      1015 1.16707E+00 3.99853E+01-6.22501E-04
 -1      1016 1.20089E+00 3.99640E+01-1.52786E-03
 -1      1017 1.23293E+00 4.00147E+01 6.22501E-04
 -1      1018 1.19911E+00 4.00360E+01 1.52786E-03
 -1      1049-1.19545E+00 4.00006E+01 1.96424E+00
 -1      1050-1.23126E+00 4.00007E+01 1.98205E+00
 -1      1051-1.20455E+00 3.99994E+01 2.03576E+00
 -1      1052-1.16874E+00 3.99993E+01 2.01795E+00
 -1      1057-1.19857E+00 3.99662E+01 1.98752E+00
 -1      1058-1.19994E+00 3.99985E+01 1.96398E+00
 -1      1059-1.20143E+00 4.00338E+01 2.01248E+00
 -1      1060-1.20006E+00 4.00015E+01 2.03602E+00
 -1      1065-1.23293E+00 3.99853E+01 1.99938E+00
 -1      1066-1.19911E+00 3.99640E+01 1.99847E+00
 -1      1067-1.16707E+00 4.00147E+01 2.00062E+00
 -1      1068-1.20089E+00 4.00360E+01 2.00153E+00
 -1      1099 1.20419E+00 4.00002E+01 1.96419E+00
 -1      1100 1.16856E+00 3.99997E+01 1.98236E+00
 -1      1101 1.19581E+00 3.99998E+01 2.03581E+00
 -1      1102 1.23144E+00 4.00003E+01 2.01764E+00
 -1      1107 1.19855E+00 3.99659E+01 1.98844E+00
 -1      1108 1.19990E+00 3.99975E+01 1.96403E+00
 -1      1109 1.20145E+00 4.00341E+01 2.01156E+00
 -1      1110 1.20010E+00 4.00025E+01 2.03597E+00
 -1      1115 1.16635E+00 3.99871E+01 2.00055E+00
 -1      1116 1.19901E+00 3.99640E+01 2.00153E+00
 -1      1117 1.23365E+00 4.00129E+01 1.99945E+00
 -1      1118 1.20099E+00 4.00360E+01 1.99847E+00
 -1      1149-1.19594E+00 4.99974E+01-3.57313E-02
 -1      1150-1.23144E+00 4.99966E+01-1.73126E-02
 -1      1151-1.20406E+00 5.00026E+01 3.57313E-02
 -1      1152-1.16856E+00 5.00034E+01 1.73126E-02
 -1      1157-1.20145E+00 4.99659E+01-1.15569E-02
 -1      1158-1.20010E+00 4.99975E+01-3.59709E-02
 -1      1159-1.19855E+00 5.00341E+01 1.15569E-02
 -1      1160-1.19990E+00 5.00025E+01 3.59709E-02
 -1      1165-1.23365E+00 4.99871E+01 5.48678E-04
 -1      1166-1.20099E+00 4.99640E+01 1.52775E-03
 -1      1167-1.16635E+00 5.00129E+01-5.48678E-04
 -1      1168-1.19901E+00 5.00360E+01-1.52775E-03
 -1      1199 1.20650E+00 4.99967E+01-3.53136E-02
 -1      1200 1.16984E+00 5.00004E+01-1.97488E-02
 -1      1201 1.19350E+00 5.00033E+01 3.53136E-02
 -1      1202 1.23016E+00 4.99996E+01 1.97488E-02
 -1      1207 1.20143E+00 4.99662E+01-1.24797E-02
 -1      1208 1.20006E+00 4.99985E+01-3.60247E-02
 -1      1209 1.19857E+00 5.00338E+01 1.24797E-02
 -1      1210 1.19994E+00 5.00015E+01 3.60247E-02
 -1      1215 1.16707E+00 4.99853E+01-6.22501E-04
 -1      1216 1.20089E+00 4.99640E+01-1.52786E-03
 -1      1217 1.23293E+00 5.00147E+01 6.22501E-04
 -1      1218 1.19911E+00 5.00360E+01 1.52786E-03
 -1      1249-1.19803E+00 5.00030E+01 1.96412E+00
 -1      1250-1.23240E+00 4.99992E+01 1.98421E+00
 -1      1251-1.20197E+00 4.99970E+01 2.03588E+00
 -1      1252-1.16760E+00 5.00008E+01 2.01579E+00
 -1      1257-1.19857E+00 4.99662E+01 1.98752E+00
 -1      1258-1.19994E+00 4.99985E+01 1.96398E+00
 -1      1259-1.20143E+00 5.00338E+01 2.01248E+00
 -1      1260-1.20006E+00 5.00015E+01 2.03602E+00
 -1      1265-1.23293E+00 4.99853E+01 1.99938E+00
 -1      1266-1.19911E+00 4.99640E+01 1.99847E+00
 -1      1267-1.16707E+00 5.00147E+01 2.00062E+00
 -1      1268-1.20089E+00 5.00360E+01 2.00153E+00
 -1      1299 1.20502E+00 5.00025E+01 1.96439E+00
 -1      1300 1.16904E+00 5.00035E+01 1.98184E+00
 -1      1301 1.19498E+00 4.99975E+01 2.03561E+00
 -1      1302 1.23096E+00 4.99965E+01 2.01816E+00
 -1      1307 1.19855E+00 4.99659E+01 1.98844E+00
 -1      1308 1.19990E+00 4.99975E+01 1.96403E+00
 -1      1309 1.20145E+00 5.00341E+01 2.01156E+00
 -1      1310 1.20010E+00 5.00025E+01 2.03597E+00
 -1      1315 1.16635E+00 4.99871E+01 2.00055E+00
 -1      1316 1.19901E+00 4.99640E+01 2.00153E+00
 -1      1317 1.23365E+00 5.00129E+01 1.99945E+00
 -1      1318 1.20099E+00 5.00360E+01 1.99847E+00
 -1      1349-1.19553E+00 5.00000E+00-1.85778E-01
 -1      1350-1.23131E+00 5.00000E+00-1.67883E-01
 -1      1351-1.20447E+00 5.00000E+00-1.14222E-01
 -1      1352-1.16869E+00 5.00000E+00-1.32117E-01
 -1      1357 1.20447E+00 5.00000E+00 1.14222E-01
 -1      1358 1.16869E+00 5.00000E+00 1.32117E-01
 -1      1359 1.19553E+00 5.00000E+00 1.85778E-01
 -1      1360 1.23131E+00 5.00000E+00 1.67883E-01
 -1      1365-1.19553E+00 5.00000E+00 1.81422E+00
 -1      1366-1.23131E+00 5.00000E+00 1.83212E+00
 -1      1367-1.20447E+00 5.00000E+00 1.88578E+00
 -1      1368-1.16869E+00 5.00000E+00 1.86788E+00
 -1      1373 1.20447E+00 5.00000E+00 2.11422E+00
 -1      1374 1.16869E+00 5.00000E+00 2.13212E+00
 -1      1375 1.19553E+00 5.00000E+00 2.18578E+00
 -1      1376 1.23131E+00 5.00000E+00 2.16788E+00
 -1      1381-1.19522E+00 2.24989E+01-1.41787E-01
 -1      1382-1.23115E+00 2.24995E+01-1.24216E-01
 -1      1383-1.20478E+00 2.25011E+01-7.03450E-02
 -1      1384-1.16885E+00 2.25005E+01-8.79159E-02
 -1      1389-1.19553E+00 2.50000E+01-1.85777E-01
 -1      1390-1.23131E+00 2.50000E+01-1.67887E-01
 -1      1391-1.20447E+00 2.50000E+01-1.14223E-01
 -1      1392-1.16869E+00 2.50000E+01-1.32113E-01
 -1      1397-1.19586E+00 2.75011E+01-1.41867E-01
 -1      1398-1.23147E+00 2.75005E+01-1.23652E-01
 -1      1399-1.20414E+00 2.74989E+01-7.02647E-02
 -1      1400-1.16853E+00 2.74995E+01-8.84797E-02
 -1      1405 1.20414E+00 2.25011E+01 7.02647E-02
 -1      1406 1.16853E+00 2.25005E+01 8.84797E-02
 -1      1407 1.19586E+00 2.24989E+01 1.41867E-01
 -1      1408 1.23147E+00 2.24995E+01 1.23652E-01
 -1      1413 1.20447E+00 2.50000E+01 1.14223E-01
 -1      1414 1.16869E+00 2.50000E+01 1.32113E-01
 -1      1415 1.19553E+00 2.50000E+01 1.85777E-01
 -1      1416 1.23131E+00 2.50000E+01 1.67887E-01
 -1      1421 1.20478E+00 2.74989E+01 7.03450E-02
 -1      1422 1.16885E+00 2.74995E+01 8.79159E-02
 -1      1423 1.19522E+00 2.75011E+01 1.41787E-01
 -1      1424 1.23115E+00 2.75005E+01 1.24216E-01
 -1      1429-1.19522E+00 2.24989E+01 1.85821E+00
 -1      1430-1.23115E+00 2.24995E+01 1.87578E+00
 -1      1431-1.20478E+00 2.25011E+01 1.92966E+00
 -1      1432-1.16885E+00 2.25005E+01 1.91208E+00
 -1      1437-1.19553E+00 2.50000E+01 1.81422E+00
 -1      1438-1.23131E+00 2.50000E+01 1.83211E+00
 -1      1439-1.20447E+00 2.50000E+01 1.88578E+00
 -1      1440-1.16869E+00 2.50000E+01 1.86789E+00
 -1      1445-1.19586E+00 2.75011E+01 1.85813E+00
 -1      1446-1.23147E+00 2.75005E+01 1.87635E+00
 -1      1447-1.20414E+00 2.74989E+01 1.92974E+00
 -1      1448-1.16853E+00 2.74995E+01 1.91152E+00
 -1      1453 1.20414E+00 2.25011E+01 2.07026E+00
 -1      1454 1.16853E+00 2.25005E+01 2.08848E+00
 -1      1455 1.19586E+00 2.24989E+01 2.14187E+00
 -1      1456 1.23147E+00 2.24995E+01 2.12365E+00
 -1      1461 1.20447E+00 2.50000E+01 2.11422E+00
 -1      1462 1.16869E+00 2.50000E+01 2.13211E+00
 -1      1463 1.19553E+00 2.50000E+01 2.18578E+00
 -1      1464 1.23131E+00 2.50000E+01 2.16789E+00
 -1      1469 1.20478E+00 2.74989E+01 2.07034E+00
 -1      1470 1.16885E+00 2.74995E+01 2.08792E+00
 -1      1471 1.19522E+00 2.75011E+01 2.14179E+00
 -1      1472 1.23115E+00 2.75005E+01 2.12422E+00
 -1      1477-1.19522E+00 3.24989E+01-1.41787E-01
 -1      1478-1.23115E+00 3.24995E+01-1.24216E-01
 -1      1479-1.20478E+00 3.25011E+01-7.03450E-02
 -1      1480-1.16885E+00 3.25005E+01-8.79159E-02
 -1      1485-1.19553E+00 3.50000E+01-1.85777E-01
 -1      1486-1.23131E+00 3.50000E+01-1.67887E-01
 -1      1487-1.20447E+00 3.50000E+01-1.14223E-01
 -1      1488-1.16869E+00 3.50000E+01-1.32113E-01
 -1      1493-1.19586E+00 3.75011E+01-1.41867E-01
 -1      1494-1.23147E+00 3.75005E+01-1.23652E-01
 -1      1495-1.20414E+00 3.74989E+01-7.02647E-02
 -1      1496-1.16853E+00 3.74995E+01-8.84797E-02
 -1      1501 1.20414E+00 3.25011E+01 7.02647E-02
 -1      1502 1.16853E+00 3.25005E+01 8.84797E-02
 -1      1503 1.19586E+00 3.24989E+01 1.41867E-01
 -1      1504 1.23147E+00 3.24995E+01 1.23652E-01
 -1      1509 1.20447E+00 3.50000E+01 1.14223E-01
 -1      1510 1.16869E+00 3.50000E+01 1.32113E-01
 -1      1511 1.19553E+00 3.50000E+01 1.85777E-01
 -1      1512 1.23131E+00 3.50000E+01 1.67887E-01
 -1      1517 1.20478E+00 3.74989E+01 7.03450E-02
 -1      1518 1.16885E+00 3.74995E+01 8.79159E-02
 -1      1519 1.19522E+00 3.75011E+01 1.41787E-01
 -1      1520 1.23115E+00 3.75005E+01 1.24216E-01
 -1      1525-1.19522E+00 3.24989E+01 1.85821E+00
 -1      1526-1.23115E+00 3.24995E+01 1.87578E+00
 -1      1527-1.20478E+00 3.25011E+01 1.92966E+00
 -1      1528-1.16885E+00 3.25005E+01 1.91208E+00
 -1      1533-1.19553E+00 3.50000E+01 1.81422E+00
 -1      1534-1.23131E+00 3.50000E+01 1.83211E+00
 -1      1535-1.20447E+00 3.50000E+01 1.88578E+00
 -1      1536-1.16869E+00 3.50000E+01 1.86789E+00
 -1      1541-1.19586E+00 3.75011E+01 1.85813E+00
 -1      1542-1.23147E+00 3.75005E+01 1.87635E+00
 -1      1543-1.20414E+00 3.74989E+01 1.92974E+00
 -1      1544-1.16853E+00 3.74995E+01 1.91152E+00
 -1      1549 1.20414E+00 3.25011E+01 2.07026E+00
 -1      1550 1.16853E+00 3.25005E+01 2.08848E+00
 -1      1551 1.19586E+00 3.24989E+01 2.14187E+00
 -1      1552 1.23147E+00 3.24995E+01 2.12365E+00
 -1      1557 1.20447E+00 3.50000E+01 2.11422E+00
 -1      1558 1.16869E+00 3.50000E+01 2.13211E+00
 -1      1559 1.19553E+00 3.50000E+01 2.18578E+00
 -1      1560 1.23131E+00 3.50000E+01 2.16789E+00
 -1      1565 1.20478E+00 3.74989E+01 2.07034E+00
 -1      1566 1.16885E+00 3.74995E+01 2.08792E+00
 -1      1567 1.19522E+00 3.75011E+01 2.14179E+00
 -1      1568 1.23115E+00 3.75005E+01 2.12422E+00
 -1      1573 0.00000E+00-6.99992E-02-1.20023E-02
 -1      1574 0.00000E+00-3.79975E-02-3.60001E-02
 -1      1575 0.00000E+00-2.00083E-03 1.20023E-02
 -1      1576 0.00000E+00-3.40025E-02 3.60001E-02
 -1      1581 0.00000E+00 2.00083E-03 1.98800E+00
 -1      1582 0.00000E+00 3.40025E-02 1.96400E+00
 -1      1583 0.00000E+00 6.99992E-02 2.01200E+00
 -1      1584 0.00000E+00 3.79975E-02 2.03600E+00
 -1      1589-1.23329E+00 1.61495E-02 1.00000E+00
 -1      1590-1.20002E+00-6.05551E-03 1.00000E+00
 -1      1591-1.16671E+00 4.38505E-02 1.00000E+00
 -1      1592-1.19998E+00 6.60555E-02 1.00000E+00
 -1      1597 1.16671E+00-4.38505E-02 1.00000E+00
 -1      1598 1.19998E+00-6.60555E-02 1.00000E+00
 -1      1599 1.23329E+00-1.61495E-02 1.00000E+00
 -1      1600 1.20002E+00 6.05551E-03 1.00000E+00
 -1      1605 0.00000E+00 9.93000E+00-1.20023E-02
 -1      1606 0.00000E+00 9.96200E+00-3.60001E-02
 -1      1607 0.00000E+00 9.99800E+00 1.20023E-02
 -1      1608 0.00000E+00 9.96600E+00 3.60001E-02
 -1      1613 0.00000E+00 1.00020E+01 1.98800E+00
 -1      1614 0.00000E+00 1.00340E+01 1.96400E+00
 -1      1615 0.00000E+00 1.00700E+01 2.01200E+00
 -1      1616 0.00000E+00 1.00380E+01 2.03600E+00
 -1      1621-1.23329E+00 1.00161E+01 1.00000E+00
 -1      1622-1.20002E+00 9.99394E+00 1.00000E+00
 -1      1623-1.16671E+00 1.00439E+01 1.00000E+00
 -1      1624-1.19998E+00 1.00661E+01 1.00000E+00
 -1      1629 1.16671E+00 9.95615E+00 1.00000E+00
 -1      1630 1.19998E+00 9.93394E+00 1.00000E+00
 -1      1631 1.23329E+00 9.98385E+00 1.00000E+00
 -1      1632 1.20002E+00 1.00061E+01 1.00000E+00
 -1      1637 0.00000E+00 1.99300E+01-1.20023E-02
 -1      1638 0.00000E+00 1.99620E+01-3.60001E-02
 -1      1639 0.00000E+00 1.99980E+01 1.20023E-02
 -1      1640 0.00000E+00 1.99660E+01 3.60001E-02
 -1      1645 0.00000E+00 2.00020E+01 1.98800E+00
 -1      1646 0.00000E+00 2.00340E+01 1.96400E+00
 -1      1647 0.00000E+00 2.00700E+01 2.01200E+00
 -1      1648 0.00000E+00 2.00380E+01 2.03600E+00
 -1      1653-1.23329E+00 2.00161E+01 1.00000E+00
 -1      1654-1.20002E+00 1.99939E+01 1.00000E+00
 -1      1655-1.16671E+00 2.00438E+01 1.00000E+00
 -1      1656-1.19998E+00 2.00661E+01 1.00000E+00
 -1      1661 1.16671E+00 1.99562E+01 1.00000E+00
 -1      1662 1.19998E+00 1.99339E+01 1.00000E+00
 -1      1663 1.23329E+00 1.99839E+01 1.00000E+00
 -1      1664 1.20002E+00 2.00061E+01 1.00000E+00
 -1      1669 0.00000E+00 2.99300E+01-1.20023E-02
 -1      1670 0.00000E+00 2.99620E+01-3.60001E-02
 -1      1671 0.00000E+00 2.99980E+01 1.20023E-02
 -1      1672 0.00000E+00 2.99660E+01 3.60001E-02
 -1      1677 0.00000E+00 3.00020E+01 1.98800E+00
 -1      1678 0.00000E+00 3.00340E+01 1.96400E+00
 -1      1679 0.00000E+00 3.00700E+01 2.01200E+00
 -1      1680 0.00000E+00 3.00380E+01 2.03600E+00
 -1      1685-1.23329E+00 3.00161E+01 1.00000E+00
 -1      1686-1.20002E+00 2.99939E+01 1.00000E+00
 -1      1687-1.16671E+00 3.00438E+01 1.00000E+00
 -1      1688-1.19998E+00 3.00661E+01 1.00000E+00
 -1      1693 1.16671E+00 2.99562E+01 1.00000E+00
 -1      1694 1.19998E+00 2.99339E+01 1.00000E+00
 -1      1695 1.23329E+00 2.99839E+01 1.00000E+00
 -1      1696 1.20002E+00 3.00061E+01 1.00000E+00
 -1      1701-6.01023E-01 3.99404E+01-1.16832E-02
 -1      1702-6.00070E-01 3.99722E+01-3.59798E-02
 -1      1703-5.98977E-01 4.00086E+01 1.16832E-02
 -1      1704-5.99930E-01 3.99769E+01 3.59798E-02
 -1      1709 0.00000E+00 3.99300E+01-1.20008E-02
 -1      1710 0.00000E+00 3.99620E+01-3.60000E-02
 -1      1711 0.00000E+00 3.99980E+01 1.20008E-02
 -1      1712 0.00000E+00 3.99660E+01 3.60000E-02
 -1      1717 6.01016E-01 3.99407E+01-1.23359E-02
 -1      1718 6.00049E-01 3.99729E+01-3.60180E-02
 -1      1719 5.98984E-01 4.00084E+01 1.23359E-02
 -1      1720 5.99951E-01 3.99762E+01 3.60180E-02
 -1      1725-5.98984E-01 3.99916E+01 1.98766E+00
 -1      1726-5.99951E-01 4.00238E+01 1.96398E+00
 -1      1727-6.01016E-01 4.00593E+01 2.01234E+00
 -1      1728-6.00049E-01 4.00271E+01 2.03602E+00
 -1      1733 0.00000E+00 4.00020E+01 1.98800E+00
 -1      1734 0.00000E+00 4.00340E+01 1.96400E+00
 -1      1735 0.00000E+00 4.00700E+01 2.01200E+00
 -1      1736 0.00000E+00 4.00380E+01 2.03600E+00
 -1      1741 5.98977E-01 3.99914E+01 1.98832E+00
 -1      1742 5.99930E-01 4.00231E+01 1.96402E+00
 -1      1743 6.01023E-01 4.00596E+01 2.01168E+00
 -1      1744 6.00070E-01 4.00278E+01 2.03598E+00
 -1      1749-1.23354E+00 4.00080E+01 5.00396E-01
 -1      1750-1.20070E+00 3.99852E+01 5.01081E-01
 -1      1751-1.16646E+00 4.00344E+01 4.99604E-01
 -1      1752-1.19930E+00 4.00572E+01 4.98919E-01
 -1      1757-1.23328E+00 4.00161E+01 1.00000E+00
 -1      1758-1.20001E+00 3.99939E+01 1.00000E+00
 -1      1759-1.16672E+00 4.00439E+01 1.00000E+00
 -1      1760-1.19999E+00 4.00661E+01 1.00000E+00
 -1      1765-1.23303E+00 4.00068E+01 1.49957E+00
 -1      1766-1.19936E+00 3.99852E+01 1.49892E+00
 -1      1767-1.16697E+00 4.00357E+01 1.50043E+00
 -1      1768-1.20064E+00 4.00572E+01 1.50108E+00
 -1      1773 1.16697E+00 3.99643E+01 4.99567E-01
 -1      1774 1.20064E+00 3.99428E+01 4.98919E-01
 -1      1775 1.23303E+00 3.99932E+01 5.00433E-01
 -1      1776 1.19936E+00 4.00148E+01 5.01081E-01
 -1      1781 1.16672E+00 3.99561E+01 1.00000E+00
 -1      1782 1.19999E+00 3.99339E+01 1.00000E+00
 -1      1783 1.23328E+00 3.99839E+01 1.00000E+00
 -1      1784 1.20001E+00 4.00061E+01 1.00000E+00
 -1      1789 1.16646E+00 3.99656E+01 1.50040E+00
 -1      1790 1.19930E+00 3.99428E+01 1.50108E+00
 -1      1791 1.23354E+00 3.99920E+01 1.49960E+00
 -1      1792 1.20070E+00 4.00148E+01 1.49892E+00
 -1      1797-6.01023E-01 4.99404E+01-1.16832E-02
 -1      1798-6.00070E-01 4.99722E+01-3.59798E-02
 -1      1799-5.98977E-01 5.00086E+01 1.16832E-02
 -1      1800-5.99930E-01 4.99769E+01 3.59798E-02
 -1      1805 0.00000E+00 4.99300E+01-1.20008E-02
 -1      1806 0.00000E+00 4.99620E+01-3.60000E-02
 -1      1807 0.00000E+00 4.99980E+01 1.20008E-02
 -1      1808 0.00000E+00 4.99660E+01 3.60000E-02
 -1      1813 6.01016E-01 4.99407E+01-1.23359E-02
 -1      1814 6.00049E-01 4.99729E+01-3.60180E-02
 -1      1815 5.98984E-01 5.00084E+01 1.23359E-02
 -1      1816 5.99951E-01 4.99762E+01 3.60180E-02
 -1      1821-5.98984E-01 4.99916E+01 1.98766E+00
 -1      1822-5.99951E-01 5.00238E+01 1.96398E+00
 -1      1823-6.01016E-01 5.00593E+01 2.01234E+00
 -1      1824-6.00049E-01 5.00271E+01 2.03602E+00
 -1      1829 0.00000E+00 5.00020E+01 1.98800E+00
 -1      1830 0.00000E+00 5.00340E+01 1.96400E+00
 -1      1831 0.00000E+00 5.00700E+01 2.01200E+00
 -1      1832 0.00000E+00 5.00380E+01 2.03600E+00
 -1      1837 5.98977E-01 4.99914E+01 1.98832E+00
 -1      1838 5.99930E-01 5.00231E+01 1.96402E+00
 -1      1839 6.01023E-01 5.00596E+01 2.01168E+00
 -1      1840 6.00070E-01 5.00278E+01 2.03598E+00
 -1      1845-1.23354E+00 5.00080E+01 5.00396E-01
 -1      1846-1.20070E+00 4.99852E+01 5.01081E-01
 -1      1847-1.16646E+00 5.00344E+01 4.99604E-01
 -1      1848-1.19930E+00 5.00572E+01 4.98919E-01
 -1      1853-1.23328E+00 5.00161E+01 1.00000E+00
 -1      1854-1.20001E+00 4.99939E+01 1.00000E+00
 -1      1855-1.16672E+00 5.00439E+01 1.00000E+00
 -1      1856-1.19999E+00 5.00661E+01 1.00000E+00
 -1      1861-1.23303E+00 5.00068E+01 1.49957E+00
 -1      1862-1.19936E+00 4.99852E+01 1.49892E+00
 -1      1863-1.16697E+00 5.00357E+01 1.50043E+00
 -1      1864-1.20064E+00 5.00572E+01 1.50108E+00
 -1      1869 1.16697E+00 4.99643E+01 4.99567E-01
 -1      1870 1.20064E+00 4.99428E+01 4.98919E-01
 -1      1871 1.23303E+00 4.99932E+01 5.00433E-01
 -1      1872 1.19936E+00 5.00148E+01 5.01081E-01
 -1      1877 1.16672E+00 4.99561E+01 1.00000E+00
 -1      1878 1.19999E+00 4.99339E+01 1.00000E+00
 -1      1879 1.23328E+00 4.99839E+01 1.00000E+00
 -1      1880 1.20001E+00 5.00061E+01 1.00000E+00
 -1      1885 1.16646E+00 4.99656E+01 1.50040E+00
 -1      1886 1.19930E+00 4.99428E+01 1.50108E+00
 -1      1887 1.23354E+00 4.99920E+01 1.49960E+00
 -1      1888 1.20070E+00 5.00148E+01 1.49892E+00
 -1      1893-1.19830E+00 5.03706E+00 8.14684E-01
 -1      1894-1.23259E+00 5.03303E+00 8.34874E-01
 -1      1895-1.20170E+00 5.02294E+00 8.85316E-01
 -1      1896-1.16741E+00 5.02697E+00 8.65126E-01
 -1      1901-1.19388E+00 5.02303E+00 1.11516E+00
 -1      1902-1.23044E+00 5.02621E+00 1.13106E+00
 -1      1903-1.20612E+00 5.03697E+00 1.18484E+00
 -1      1904-1.16956E+00 5.03379E+00 1.16894E+00
 -1      1909 1.20170E+00 5.03706E+00 8.14684E-01
 -1      1910 1.16741E+00 5.03303E+00 8.34874E-01
 -1      1911 1.19830E+00 5.02294E+00 8.85316E-01
 -1      1912 1.23259E+00 5.02697E+00 8.65126E-01
 -1      1917 1.20612E+00 5.02303E+00 1.11516E+00
 -1      1918 1.16956E+00 5.02621E+00 1.13106E+00
 -1      1919 1.19388E+00 5.03697E+00 1.18484E+00
 -1      1920 1.23044E+00 5.03379E+00 1.16894E+00
 -1      1925 1.59908E-01 4.96162E+00-3.45858E-02
 -1      1926 1.22767E-01 4.97054E+00-2.27077E-02
 -1      1927 1.40092E-01 4.96638E+00 3.45858E-02
 -1      1928 1.77233E-01 4.95746E+00 2.27077E-02
 -1      1933-1.49864E-01 4.96403E+00-3.60552E-02
 -1      1934-1.82310E-01 4.95625E+00-1.39967E-02
 -1      1935-1.50136E-01 4.96397E+00 3.60552E-02
 -1      1936-1.17690E-01 4.97175E+00 1.39967E-02
 -1      1941 1.59908E-01 4.96162E+00 1.96541E+00
 -1      1942 1.22767E-01 4.97054E+00 1.97729E+00
 -1      1943 1.40092E-01 4.96638E+00 2.03459E+00
 -1      1944 1.77233E-01 4.95746E+00 2.02271E+00
 -1      1949-1.49864E-01 4.96403E+00 1.96394E+00
 -1      1950-1.82310E-01 4.95625E+00 1.98600E+00
 -1      1951-1.50136E-01 4.96397E+00 2.03606E+00
 -1      1952-1.17690E-01 4.97175E+00 2.01400E+00
 -1      1957-1.19830E+00 1.50371E+01 8.14684E-01
 -1      1958-1.23259E+00 1.50330E+01 8.34874E-01
 -1      1959-1.20170E+00 1.50229E+01 8.85316E-01
 -1      1960-1.16741E+00 1.50270E+01 8.65126E-01
 -1      1965-1.19388E+00 1.50230E+01 1.11516E+00
 -1      1966-1.23044E+00 1.50262E+01 1.13106E+00
 -1      1967-1.20612E+00 1.50370E+01 1.18484E+00
 -1      1968-1.16956E+00 1.50338E+01 1.16894E+00
 -1      1973 1.20170E+00 1.50371E+01 8.14684E-01
 -1      1974 1.16741E+00 1.50330E+01 8.34874E-01
 -1      1975 1.19830E+00 1.50229E+01 8.85316E-01
 -1      1976 1.23259E+00 1.50270E+01 8.65126E-01
 -1      1981 1.20612E+00 1.50230E+01 1.11516E+00
 -1      1982 1.16956E+00 1.50262E+01 1.13106E+00
 -1      1983 1.19388E+00 1.50370E+01 1.18484E+00
 -1      1984 1.23044E+00 1.50338E+01 1.16894E+00
 -1      1989 1.59908E-01 1.49616E+01-3.45858E-02
 -1      1990 1.22767E-01 1.49705E+01-2.27077E-02
 -1      1991 1.40092E-01 1.49664E+01 3.45858E-02
 -1      1992 1.77233E-01 1.49575E+01 2.27077E-02
 -1      1997-1.49864E-01 1.49640E+01-3.60552E-02
 -1      1998-1.82310E-01 1.49562E+01-1.39967E-02
 -1      1999-1.50136E-01 1.49640E+01 3.60552E-02
 -1      2000-1.17690E-01 1.49718E+01 1.39967E-02
 -1      2005 1.59908E-01 1.49616E+01 1.96541E+00
 -1      2006 1.22767E-01 1.49705E+01 1.97729E+00
 -1      2007 1.40092E-01 1.49664E+01 2.03459E+00
 -1      2008 1.77233E-01 1.49575E+01 2.02271E+00
 -1      2013-1.49864E-01 1.49640E+01 1.96394E+00
 -1      2014-1.82310E-01 1.49562E+01 1.98600E+00
 -1      2015-1.50136E-01 1.49640E+01 2.03606E+00
 -1      2016-1.17690E-01 1.49718E+01 2.01400E+00
 -1      2021-1.19830E+00 2.50371E+01 8.14684E-01
 -1      2022-1.23259E+00 2.50330E+01 8.34874E-01
 -1      2023-1.20170E+00 2.50229E+01 8.85316E-01
 -1      2024-1.16741E+00 2.50270E+01 8.65126E-01
 -1      2029-1.19388E+00 2.50230E+01 1.11516E+00
 -1      2030-1.23044E+00 2.50262E+01 1.13106E+00
 -1      2031-1.20612E+00 2.50370E+01 1.18484E+00
 -1      2032-1.16956E+00 2.50338E+01 1.16894E+00
 -1      2037 1.20170E+00 2.50371E+01 8.14684E-01
 -1      2038 1.16741E+00 2.50330E+01 8.34874E-01
 -1      2039 1.19830E+00 2.50229E+01 8.85316E-01
 -1      2040 1.23259E+00 2.50270E+01 8.65126E-01
 -1      2045 1.20612E+00 2.50230E+01 1.11516E+00
 -1      2046 1.16956E+00 2.50262E+01 1.13106E+00
 -1      2047 1.19388E+00 2.50370E+01 1.18484E+00
 -1      2048 1.23044E+00 2.50338E+01 1.16894E+00
 -1      2053 1.59908E-01 2.49616E+01-3.45858E-02
 -1      2054 1.22767E-01 2.49705E+01-2.27077E-02
 -1      2055 1.40092E-01 2.49664E+01 3.45858E-02
 -1      2056 1.77233E-01 2.49575E+01 2.27077E-02
 -1      2061-1.49864E-01 2.49640E+01-3.60552E-02
 -1      2062-1.82310E-01 2.49562E+01-1.39967E-02
 -1      2063-1.50136E-01 2.49640E+01 3.60552E-02
 -1      2064-1.17690E-01 2.49718E+01 1.39967E-02
 -1      2069 1.59908E-01 2.49616E+01 1.96541E+00
 -1      2070 1.22767E-01 2.49705E+01 1.97729E+00
 -1      2071 1.40092E-01 2.49664E+01 2.03459E+00
 -1      2072 1.77233E-01 2.49575E+01 2.02271E+00
 -1      2077-1.49864E-01 2.49640E+01 1.96394E+00
 -1      2078-1.82310E-01 2.49562E+01 1.98600E+00
 -1      2079-1.50136E-01 2.49640E+01 2.03606E+00
 -1      2080-1.17690E-01 2.49718E+01 2.01400E+00
 -1      2085-1.19830E+00 3.50371E+01 8.14684E-01
 -1      2086-1.23259E+00 3.50330E+01 8.34874E-01
 -1      2087-1.20170E+00 3.50229E+01 8.85316E-01
 -1      2088-1.16741E+00 3.50270E+01 8.65126E-01
 -1      2093-1.19388E+00 3.50230E+01 1.11516E+00
 -1      2094-1.23044E+00 3.50262E+01 1.13106E+00
 -1      2095-1.20612E+00 3.50370E+01 1.18484E+00
 -1      2096-1.16956E+00 3.50338E+01 1.16894E+00
 -1      2101 1.20170E+00 3.50371E+01 8.14684E-01
 -1      2102 1.16741E+00 3.50330E+01 8.34874E-01
 -1      2103 1.19830E+00 3.50229E+01 8.85316E-01
 -1      2104 1.23259E+00 3.50270E+01 8.65126E-01
 -1      2109 1.20612E+00 3.50230E+01 1.11516E+00
 -1      2110 1.16956E+00 3.50262E+01 1.13106E+00
 -1      2111 1.19388E+00 3.50370E+01 1.18484E+00
 -1      2112 1.23044E+00 3.50338E+01 1.16894E+00
 -1      2117 1.59908E-01 3.49616E+01-3.45858E-02
 -1      2118 1.22767E-01 3.49705E+01-2.27077E-02
 -1      2119 1.40092E-01 3.49664E+01 3.45858E-02
 -1      2120 1.77233E-01 3.49575E+01 2.27077E-02
 -1      2125-1.49864E-01 3.49640E+01-3.60552E-02
 -1      2126-1.82310E-01 3.49562E+01-1.39967E-02
 -1      2127-1.50136E-01 3.49640E+01 3.60552E-02
 -1      2128-1.17690E-01 3.49718E+01 1.39967E-02
 -1      2133 1.59908E-01 3.49616E+01 1.96541E+00
 -1      2134 1.22767E-01 3.49705E+01 1.97729E+00
 -1      2135 1.40092E-01 3.49664E+01 2.03459E+00
 -1      2136 1.77233E-01 3.49575E+01 2.02271E+00
 -1      2141-1.49864E-01 3.49640E+01 1.96394E+00
 -1      2142-1.82310E-01 3.49562E+01 1.98600E+00
 -1      2143-1.50136E-01 3.49640E+01 2.03606E+00
 -1      2144-1.17690E-01 3.49718E+01 2.01400E+00
 -1      2149-1.19777E+00 4.25272E+01 3.58451E-01
 -1      2150-1.23236E+00 4.25239E+01 3.78258E-01
 -1      2151-1.20223E+00 4.25152E+01 4.29417E-01
 -1      2152-1.16764E+00 4.25186E+01 4.09610E-01
 -1      2157-1.19829E+00 4.50371E+01 8.14685E-01
 -1      2158-1.23259E+00 4.50330E+01 8.34866E-01
 -1      2159-1.20171E+00 4.50229E+01 8.85315E-01
 -1      2160-1.16741E+00 4.50270E+01 8.65134E-01
 -1      2165-1.19884E+00 4.75293E+01 1.35882E+00
 -1      2166-1.23282E+00 4.75246E+01 1.37939E+00
 -1      2167-1.20116E+00 4.75131E+01 1.42904E+00
 -1      2168-1.16718E+00 4.75178E+01 1.40848E+00
 -1      2173-1.19407E+00 4.25153E+01 1.57100E+00
 -1      2174-1.23055E+00 4.25180E+01 1.58719E+00
 -1      2175-1.20593E+00 4.25271E+01 1.64113E+00
 -1      2176-1.16945E+00 4.25244E+01 1.62495E+00
 -1      2181-1.19388E+00 4.50230E+01 1.11516E+00
 -1      2182-1.23044E+00 4.50262E+01 1.13106E+00
 -1      2183-1.20612E+00 4.50370E+01 1.18484E+00
 -1      2184-1.16956E+00 4.50338E+01 1.16894E+00
 -1      2189-1.19370E+00 4.75132E+01 5.71480E-01
 -1      2190-1.23034E+00 4.75168E+01 5.87095E-01
 -1      2191-1.20630E+00 4.75292E+01 6.40652E-01
 -1      2192-1.16966E+00 4.75256E+01 6.25037E-01
 -1      2197 1.20223E+00 4.25272E+01 3.58451E-01
 -1      2198 1.16764E+00 4.25239E+01 3.78258E-01
 -1      2199 1.19777E+00 4.25152E+01 4.29417E-01
 -1      2200 1.23236E+00 4.25186E+01 4.09610E-01
 -1      2205 1.20171E+00 4.50371E+01 8.14685E-01
 -1      2206 1.16741E+00 4.50330E+01 8.34866E-01
 -1      2207 1.19829E+00 4.50229E+01 8.85315E-01
 -1      2208 1.23259E+00 4.50270E+01 8.65134E-01
 -1      2213 1.20116E+00 4.75293E+01 1.35882E+00
 -1      2214 1.16718E+00 4.75246E+01 1.37939E+00
 -1      2215 1.19884E+00 4.75131E+01 1.42904E+00
 -1      2216 1.23282E+00 4.75178E+01 1.40848E+00
 -1      2221 1.20593E+00 4.25153E+01 1.57100E+00
 -1      2222 1.16945E+00 4.25180E+01 1.58719E+00
 -1      2223 1.19407E+00 4.25271E+01 1.64113E+00
 -1      2224 1.23055E+00 4.25244E+01 1.62495E+00
 -1      2229 1.20612E+00 4.50230E+01 1.11516E+00
 -1      2230 1.16956E+00 4.50262E+01 1.13106E+00
 -1      2231 1.19388E+00 4.50370E+01 1.18484E+00
 -1      2232 1.23044E+00 4.50338E+01 1.16894E+00
 -1      2237 1.20630E+00 4.75132E+01 5.71480E-01
 -1      2238 1.16966E+00 4.75168E+01 5.87095E-01
 -1      2239 1.19370E+00 4.75292E+01 6.40652E-01
 -1      2240 1.23034E+00 4.75256E+01 6.25037E-01
 -1      2245-4.83328E-01 4.24717E+01-3.43393E-02
 -1      2246-5.20442E-01 4.24818E+01-2.33534E-02
 -1      2247-5.04540E-01 4.24774E+01 3.43393E-02
 -1      2248-4.67426E-01 4.24673E+01 2.33534E-02
 -1      2253 1.59904E-01 4.49616E+01-3.45869E-02
 -1      2254 1.22764E-01 4.49705E+01-2.27046E-02
 -1      2255 1.40096E-01 4.49664E+01 3.45869E-02
 -1      2256 1.77236E-01 4.49575E+01 2.27046E-02
 -1      2261 7.15261E-01 4.74726E+01-3.48107E-02
 -1      2262 6.78146E-01 4.74804E+01-2.20585E-02
 -1      2263 6.96871E-01 4.74765E+01 3.48107E-02
 -1      2264 7.33986E-01 4.74687E+01 2.20585E-02
 -1      2269 4.93632E-01 4.24745E+01-3.60542E-02
 -1      2270 4.61704E-01 4.24658E+01-1.35783E-02
 -1      2271 4.94236E-01 4.24746E+01 3.60542E-02
 -1      2272 5.26164E-01 4.24833E+01 1.35783E-02
 -1      2277-1.49866E-01 4.49640E+01-3.60553E-02
 -1      2278-1.82311E-01 4.49562E+01-1.39944E-02
 -1      2279-1.50134E-01 4.49640E+01 3.60553E-02
 -1      2280-1.17689E-01 4.49718E+01 1.39944E-02
 -1      2285-7.05470E-01 4.74747E+01-3.60504E-02
 -1      2286-7.38413E-01 4.74678E+01-1.44278E-02
 -1      2287-7.06662E-01 4.74744E+01 3.60504E-02
 -1      2288-6.73719E-01 4.74813E+01 1.44278E-02
 -1      2293-4.83328E-01 4.24717E+01 1.96566E+00
 -1      2294-5.20442E-01 4.24818E+01 1.97665E+00
 -1      2295-5.04540E-01 4.24774E+01 2.03434E+00
 -1      2296-4.67426E-01 4.24673E+01 2.02335E+00
 -1      2301 1.59904E-01 4.49616E+01 1.96541E+00
 -1      2302 1.22764E-01 4.49705E+01 1.97730E+00
 -1      2303 1.40096E-01 4.49664E+01 2.03459E+00
 -1      2304 1.77236E-01 4.49575E+01 2.02270E+00
 -1      2309 7.15261E-01 4.74726E+01 1.96519E+00
 -1      2310 6.78146E-01 4.74804E+01 1.97794E+00
 -1      2311 6.96871E-01 4.74765E+01 2.03481E+00
 -1      2312 7.33986E-01 4.74687E+01 2.02206E+00
 -1      2317 4.93632E-01 4.24745E+01 1.96395E+00
 -1      2318 4.61704E-01 4.24658E+01 1.98642E+00
 -1      2319 4.94236E-01 4.24746E+01 2.03605E+00
 -1      2320 5.26164E-01 4.24833E+01 2.01358E+00
 -1      2325-1.49866E-01 4.49640E+01 1.96394E+00
 -1      2326-1.82311E-01 4.49562E+01 1.98601E+00
 -1      2327-1.50134E-01 4.49640E+01 2.03606E+00
 -1      2328-1.17689E-01 4.49718E+01 2.01399E+00
 -1      2333-7.05470E-01 4.74747E+01 1.96395E+00
 -1      2334-7.38413E-01 4.74678E+01 1.98557E+00
 -1      2335-7.06662E-01 4.74744E+01 2.03605E+00
 -1      2336-6.73719E-01 4.74813E+01 2.01443E+00
 -3
    3C                           208                                     1
 -1         1    1    0    1
 -2       149      1349      1350       150       152      1352      1351       151
 -1         2    1    0    1
 -2      1349       349       350      1350      1352       352       351      1351
 -1         3    1    0    1
 -2       199      1357      1358       200       202      1360      1359       201
 -1         4    1    0    1
 -2      1357       399       400      1358      1360       402       401      1359
 -1         5    1    0    1
 -2       249      1365      1366       250       252      1368      1367       251
 -1         6    1    0    1
 -2      1365       449       450      1366      1368       452       451      1367
 -1         7    1    0    1
 -2       299      1373      1374       300       302      1376      1375       301
 -1         8    1    0    1
 -2      1373       499       500      1374      1376       502       501      1375
 -1         9    1    0    1
 -2       349       549       550       350       352       552       551       351
 -1        10    1    0    1
 -2       399       599       600       400       402       602       601       401
 -1        11    1    0    1
 -2       449       649       650       450       452       652       651       451
 -1        12    1    0    1
 -2       499       699       700       500       502       702       701       501
 -1        13    1    0    1
 -2       549      1381      1382       550       552      1384      1383       551
 -1        14    1    0    1
 -2      1381      1389      1390      1382      1384      1392      1391      1383
 -1        15    1    0    1
 -2      1389      1397      1398      1390      1392      1400      1399      1391
 -1        16    1    0    1
 -2      1397       749       750      1398      1400       752       751      1399
 -1        17    1    0    1
 -2       599      1405      1406       600       602      1408      1407       601
 -1        18    1    0    1
 -2      1405      1413      1414      1406      1408      1416      1415      1407
 -1        19    1    0    1
 -2      1413      1421      1422      1414      1416      1424      1423      1415
 -1        20    1    0    1
 -2      1421       799       800      1422      1424       802       801      1423
 -1        21    1    0    1
 -2       649      1429      1430       650       652      1432      1431       651
 -1        22    1    0    1
 -2      1429      1437      1438      1430      1432      1440      1439      1431
 -1        23    1    0    1
 -2      1437      1445      1446      1438      1440      1448      1447      1439
 -1        24    1    0    1
 -2      1445       849       850      1446      1448       852       851      1447
 -1        25    1    0    1
 -2       699      1453      1454       700       702      1456      1455       701
 -1        26    1    0    1
 -2      1453      1461      1462      1454      1456      1464      1463      1455
 -1        27    1    0    1
 -2      1461      1469      1470      1462      1464      1472      1471      1463
 -1        28    1    0    1
 -2      1469       899       900      1470      1472       902       901      1471
 -1        29    1    0    1
 -2       749      1477      1478       750       752      1480      1479       751
 -1        30    1    0    1
 -2      1477      1485      1486      1478      1480      1488      1487      1479
 -1        31    1    0    1
 -2      1485      1493      1494      1486      1488      1496      1495      1487
 -1        32    1    0    1
 -2      1493       949       950      1494      1496       952       951      1495
 -1        33    1    0    1
 -2       799      1501      1502       800       802      1504      1503       801
 -1        34    1    0    1
 -2      1501      1509      1510      1502      1504      1512      1511      1503
 -1        35    1    0    1
 -2      1509      1517      1518      1510      1512      1520      1519      1511
 -1        36    1    0    1
 -2      1517       999      1000      1518      1520      1002      1001      1519
 -1        37    1    0    1
 -2       849      1525      1526       850       852      1528      1527       851
 -1        38    1    0    1
 -2      1525      1533      1534      1526      1528      1536      1535      1527
 -1        39    1    0    1
 -2      1533      1541      1542      1534      1536      1544      1543      1535
 -1        40    1    0    1
 -2      1541      1049      1050      1542      1544      1052      1051      1543
 -1        41    1    0    1
 -2       899      1549      1550       900       902      1552      1551       901
 -1        42    1    0    1
 -2      1549      1557      1558      1550      1552      1560      1559      1551
 -1        43    1    0    1
 -2      1557      1565      1566      1558      1560      1568      1567      1559
 -1        44    1    0    1
 -2      1565      1099      1100      1566      1568      1102      1101      1567
 -1        45    1    0    1
 -2       949      1149      1150       950       952      1152      1151       951
 -1        46    1    0    1
 -2       999      1199      1200      1000      1002      1202      1201      1001
 -1        47    1    0    1
 -2      1049      1249      1250      1050      1052      1252      1251      1051
 -1        48    1    0    1
 -2      1099      1299      1300      1100      1102      1302      1301      1101
 -1        49    1    0    1
 -2       157      1573      1574       158       160      1576      1575       159
 -1        50    1    0    1
 -2      1573       207       208      1574      1576       210       209      1575
 -1        51    1    0    1
 -2       257      1581      1582       258       260      1584      1583       259
 -1        52    1    0    1
 -2      1581       307       308      1582      1584       310       309      1583
 -1        53    1    0    1
 -2       165      1589      1590       166       168      1592      1591       167
 -1        54    1    0    1
 -2      1589       265       266      1590      1592       268       267      1591
 -1        55    1    0    1
 -2       215      1597      1598       216       218      1600      1599       217
 -1        56    1    0    1
 -2      1597       315       316      1598      1600       318       317      1599
 -1        57    1    0    1
 -2       357      1605      1606       358       360      1608      1607       359
 -1        58    1    0    1
 -2      1605       407       408      1606      1608       410       409      1607
 -1        59    1    0    1
 -2       457      1613      1614       458       460      1616      1615       459
 -1        60    1    0    1
 -2      1613       507       508      1614      1616       510       509      1615
 -1        61    1    0    1
 -2       365      1621      1622       366       368      1624      1623       367
 -1        62    1    0    1
 -2      1621       465       466      1622      1624       468       467      1623
 -1        63    1    0    1
 -2       415      1629      1630       416       418      1632      1631       417
 -1        64    1    0    1
 -2      1629       515       516      1630      1632       518       517      1631
 -1        65    1    0    1
 -2       557      1637      1638       558       560      1640      1639       559
 -1        66    1    0    1
 -2      1637       607       608      1638      1640       610       609      1639
 -1        67    1    0    1
 -2       657      1645      1646       658       660      1648      1647       659
 -1        68    1    0    1
 -2      1645       707       708      1646      1648       710       709      1647
 -1        69    1    0    1
 -2       565      1653      1654       566       568      1656      1655       567
 -1        70    1    0    1
 -2      1653       665       666      1654      1656       668       667      1655
 -1        71    1    0    1
 -2       615      1661      1662       616       618      1664      1663       617
 -1        72    1    0    1
 -2      1661       715       716      1662      1664       718       717      1663
 -1        73    1    0    1
 -2       757      1669      1670       758       760      1672      1671       759
 -1        74    1    0    1
 -2      1669       807       808      1670      1672       810       809      1671
 -1        75    1    0    1
 -2       857      1677      1678       858       860      1680      1679       859
 -1        76    1    0    1
 -2      1677       907       908      1678      1680       910       909      1679
 -1        77    1    0    1
 -2       765      1685      1686       766       768      1688      1687       767
 -1        78    1    0    1
 -2      1685       865       866      1686      1688       868       867      1687
 -1        79    1    0    1
 -2       815      1693      1694       816       818      1696      1695       817
 -1        80    1    0    1
 -2      1693       915       916      1694      1696       918       917      1695
 -1        81    1    0    1
 -2       957      1701      1702       958       960      1704      1703       959
 -1        82    1    0    1
 -2      1701      1709      1710      1702      1704      1712      1711      1703
 -1        83    1    0    1
 -2      1709      1717      1718      1710      1712      1720      1719      1711
 -1        84    1    0    1
 -2      1717      1007      1008      1718      1720      1010      1009      1719
 -1        85    1    0    1
 -2      1057      1725      1726      1058      1060      1728      1727      1059
 -1        86    1    0    1
 -2      1725      1733      1734      1726      1728      1736      1735      1727
 -1        87    1    0    1
 -2      1733      1741      1742      1734      1736      1744      1743      1735
 -1        88    1    0    1
 -2      1741      1107      1108      1742      1744      1110      1109      1743
 -1        89    1    0    1
 -2       965      1749      1750       966       968      1752      1751       967
 -1        90    1    0    1
 -2      1749      1757      1758      1750      1752      1760      1759      1751
 -1        91    1    0    1
 -2      1757      1765      1766      1758      1760      1768      1767      1759
 -1        92    1    0    1
 -2      1765      1065      1066      1766      1768      1068      1067      1767
 -1        93    1    0    1
 -2      1015      1773      1774      1016      1018      1776      1775      1017
 -1        94    1    0    1
 -2      1773      1781      1782      1774      1776      1784      1783      1775
 -1        95    1    0    1
 -2      1781      1789      1790      1782      1784      1792      1791      1783
 -1        96    1    0    1
 -2      1789      1115      1116      1790      1792      1118      1117      1791
 -1        97    1    0    1
 -2      1157      1797      1798      1158      1160      1800      1799      1159
 -1        98    1    0    1
 -2      1797      1805      1806      1798      1800      1808      1807      1799
 -1        99    1    0    1
 -2      1805      1813      1814      1806      1808      1816      1815      1807
 -1       100    1    0    1
 -2      1813      1207      1208      1814      1816      1210      1209      1815
 -1       101    1    0    1
 -2      1257      1821      1822      1258      1260      1824      1823      1259
 -1       102    1    0    1
 -2      1821      1829      1830      1822      1824      1832      1831      1823
 -1       103    1    0    1
 -2      1829      1837      1838      1830      1832      1840      1839      1831
 -1       104    1    0    1
 -2      1837      1307      1308      1838      1840      1310      1309      1839
 -1       105    1    0    1
 -2      1165      1845      1846      1166      1168      1848      1847      1167
 -1       106    1    0    1
 -2      1845      1853      1854      1846      1848      1856      1855      1847
 -1       107    1    0    1
 -2      1853      1861      1862      1854      1856      1864      1863      1855
 -1       108    1    0    1
 -2      1861      1265      1266      1862      1864      1268      1267      1863
 -1       109    1    0    1
 -2      1215      1869      1870      1216      1218      1872      1871      1217
 -1       110    1    0    1
 -2      1869      1877      1878      1870      1872      1880      1879      1871
 -1       111    1    0    1
 -2      1877      1885      1886      1878      1880      1888      1887      1879
 -1       112    1    0    1
 -2      1885      1315      1316      1886      1888      1318      1317      1887
 -1       113    1    0    1
 -2       149      1893      1894       150       152      1896      1895       151
 -1       114    1    0    1
 -2      1893       449       450      1894      1896       452       451      1895
 -1       115    1    0    1
 -2       249      1901      1902       250       252      1904      1903       251
 -1       116    1    0    1
 -2      1901       349       350      1902      1904       352       351      1903
 -1       117    1    0    1
 -2       199      1909      1910       200       202      1912      1911       201
 -1       118    1    0    1
 -2      1909       499       500      1910      1912       502       501      1911
 -1       119    1    0    1
 -2       299      1917      1918       300       302      1920      1919       301
 -1       120    1    0    1
 -2      1917       399       400      1918      1920       402       401      1919
 -1       121    1    0    1
 -2       149      1925      1926       150       152      1928      1927       151
 -1       122    1    0    1
 -2      1925       399       400      1926      1928       402       401      1927
 -1       123    1    0    1
 -2       199      1933      1934       200       202      1936      1935       201
 -1       124    1    0    1
 -2      1933       349       350      1934      1936       352       351      1935
 -1       125    1    0    1
 -2       249      1941      1942       250       252      1944      1943       251
 -1       126    1    0    1
 -2      1941       499       500      1942      1944       502       501      1943
 -1       127    1    0    1
 -2       299      1949      1950       300       302      1952      1951       301
 -1       128    1    0    1
 -2      1949       449       450      1950      1952       452       451      1951
 -1       129    1    0    1
 -2       349      1957      1958       350       352      1960      1959       351
 -1       130    1    0    1
 -2      1957       649       650      1958      1960       652       651      1959
 -1       131    1    0    1
 -2       449      1965      1966       450       452      1968      1967       451
 -1       132    1    0    1
 -2      1965       549       550      1966      1968       552       551      1967
 -1       133    1    0    1
 -2       399      1973      1974       400       402      1976      1975       401
 -1       134    1    0    1
 -2      1973       699       700      1974      1976       702       701      1975
 -1       135    1    0    1
 -2       499      1981      1982       500       502      1984      1983       501
 -1       136    1    0    1
 -2      1981       599       600      1982      1984       602       601      1983
 -1       137    1    0    1
 -2       349      1989      1990       350       352      1992      1991       351
 -1       138    1    0    1
 -2      1989       599       600      1990      1992       602       601      1991
 -1       139    1    0    1
 -2       399      1997      1998       400       402      2000      1999       401
 -1       140    1    0    1
 -2      1997       549       550      1998      2000       552       551      1999
 -1       141    1    0    1
 -2       449      2005      2006       450       452      2008      2007       451
 -1       142    1    0    1
 -2      2005       699       700      2006      2008       702       701      2007
 -1       143    1    0    1
 -2       499      2013      2014       500       502      2016      2015       501
 -1       144    1    0    1
 -2      2013       649       650      2014      2016       652       651      2015
 -1       145    1    0    1
 -2       549      2021      2022       550       552      2024      2023       551
 -1       146    1    0    1
 -2      2021       849       850      2022      2024       852       851      2023
 -1       147    1    0    1
 -2       649      2029      2030       650       652      2032      2031       651
 -1       148    1    0    1
 -2      2029       749       750      2030      2032       752       751      2031
 -1       149    1    0    1
 -2       599      2037      2038       600       602      2040      2039       601
 -1       150    1    0    1
 -2      2037       899       900      2038      2040       902       901      2039
 -1       151    1    0    1
 -2       699      2045      2046       700       702      2048      2047       701
 -1       152    1    0    1
 -2      2045       799       800      2046      2048       802       801      2047
 -1       153    1    0    1
 -2       549      2053      2054       550       552      2056      2055       551
 -1       154    1    0    1
 -2      2053       799       800      2054      2056       802       801      2055
 -1       155    1    0    1
 -2       599      2061      2062       600       602      2064      2063       601
 -1       156    1    0    1
 -2      2061       749       750      2062      2064       752       751      2063
 -1       157    1    0    1
 -2       649      2069      2070       650       652      2072      2071       651
 -1       158    1    0    1
 -2      2069       899       900      2070      2072       902       901      2071
 -1       159    1    0    1
 -2       699      2077      2078       700       702      2080      2079       701
 -1       160    1    0    1
 -2      2077       849       850      2078      2080       852       851      2079
 -1       161    1    0    1
 -2       749      2085      2086       750       752      2088      2087       751
 -1       162    1    0    1
 -2      2085      1049      1050      2086      2088      1052      1051      2087
 -1       163    1    0    1
 -2       849      2093      2094       850       852      2096      2095       851
 -1       164    1    0    1
 -2      2093       949       950      2094      2096       952       951      2095
 -1       165    1    0    1
 -2       799      2101      2102       800       802      2104      2103       801
 -1       166    1    0    1
 -2      2101      1099      1100      2102      2104      1102      1101      2103
 -1       167    1    0    1
 -2       899      2109      2110       900       902      2112      2111       901
 -1       168    1    0    1
 -2      2109       999      1000      2110      2112      1002      1001      2111
 -1       169    1    0    1
 -2       749      2117      2118       750       752      2120      2119       751
 -1       170    1    0    1
 -2      2117       999      1000      2118      2120      1002      1001      2119
 -1       171    1    0    1
 -2       799      2125      2126       800       802      2128      2127       801
 -1       172    1    0    1
 -2      2125       949       950      2126      2128       952       951      2127
 -1       173    1    0    1
 -2       849      2133      2134       850       852      2136      2135       851
 -1       174    1    0    1
 -2      2133      1099      1100      2134      2136      1102      1101      2135
 -1       175    1    0    1
 -2       899      2141      2142       900       902      2144      2143       901
 -1       176    1    0    1
 -2      2141      1049      1050      2142      2144      1052      1051      2143
 -1       177    1    0    1
 -2       949      2149      2150       950       952      2152      2151       951
 -1       178    1    0    1
 -2      2149      2157      2158      2150      2152      2160      2159      2151
 -1       179    1    0    1
 -2      2157      2165      2166      2158      2160      2168      2167      2159
 -1       180    1    0    1
 -2      2165      1249      1250      2166      2168      1252      1251      2167
 -1       181    1    0    1
 -2      1049      2173      2174      1050      1052      2176      2175      1051
 -1       182    1    0    1
 -2      2173      2181      2182      2174      2176      2184      2183      2175
 -1       183    1    0    1
 -2      2181      2189      2190      2182      2184      2192      2191      2183
 -1       184    1    0    1
 -2      2189      1149      1150      2190      2192      1152      1151      2191
 -1       185    1    0    1
 -2       999      2197      2198      1000      1002      2200      2199      1001
 -1       186    1    0    1
 -2      2197      2205      2206      2198      2200      2208      2207      2199
 -1       187    1    0    1
 -2      2205      2213      2214      2206      2208      2216      2215      2207
 -1       188    1    0    1
 -2      2213      1299      1300      2214      2216      1302      1301      2215
 -1       189    1    0    1
 -2      1099      2221      2222      1100      1102      2224      2223      1101
 -1       190    1    0    1
 -2      2221      2229      2230      2222      2224      2232      2231      2223
 -1       191    1    0    1
 -2      2229      2237      2238      2230      2232      2240      2239      2231
 -1       192    1    0    1
 -2      2237      1199      1200      2238      2240      1202      1201      2239
 -1       193    1    0    1
 -2       949      2245      2246       950       952      2248      2247       951
 -1       194    1    0    1
 -2      2245      2253      2254      2246      2248      2256      2255      2247
 -1       195    1    0    1
 -2      2253      2261      2262      2254      2256      2264      2263      2255
 -1       196    1    0    1
 -2      2261      1199      1200      2262      2264      1202      1201      2263
 -1       197    1    0    1
 -2       999      2269      2270      1000      1002      2272      2271      1001
 -1       198    1    0    1
 -2      2269      2277      2278      2270      2272      2280      2279      2271
 -1       199    1    0    1
 -2      2277      2285      2286      2278      2280      2288      2287      2279
 -1       200    1    0    1
 -2      2285      1149      1150      2286      2288      1152      1151      2287
 -1       201    1    0    1
 -2      1049      2293      2294      1050      1052      2296      2295      1051
 -1       202    1    0    1
 -2      2293      2301      2302      2294      2296      2304      2303      2295
 -1       203    1    0    1
 -2      2301      2309      2310      2302      2304      2312      2311      2303
 -1       204    1    0    1
 -2      2309      1299      1300      2310      2312      1302      1301      2311
 -1       205    1    0    1
 -2      1099      2317      2318      1100      1102      2320      2319      1101
 -1       206    1    0    1
 -2      2317      2325      2326      2318      2320      2328      2327      2319
 -1       207    1    0    1
 -2      2325      2333      2334      2326      2328      2336      2335      2327
 -1       208    1    0    1
 -2      2333      1249      1250      2334      2336      1252      1251      2335
 -3
    1PSTEP                         1           1           1          
  100CL  101 1.000000000           0                     0    1           1
 -4  DISP        4    1
 -5  D1          1    2    1    0
 -5  D2          1    2    2    0
 -5  D3          1    2    3    0
 -5  ALL         1    2    0    0    1ALL
 -3
 9999
