    1C
    1UNormalized cross-passage space-truss torsion benchmark            
    1UUSER                                                              
    1UDATE              06.august.2026                                  
    1UTIME              05:34:16                                        
    1UHOST                                                              
    1UPGM               CalculiX                                        
    1UVERSION           Version 2.21                             
    1UCOMPILETIME       Sat Jul 29 10:52:01 CEST 2023                    
    1UDIR                                                               
    1UDBN                                                               
    1UMAT    1STEEL                                                     
    2C                           704                                     1
 -1       129-1.19392E+00 1.10406E-03-3.55217E-02
 -1       130-1.23033E+00 3.58513E-03-1.91580E-02
 -1       131-1.20608E+00-1.10406E-03 3.55217E-02
 -1       132-1.16967E+00-3.58513E-03 1.91580E-02
 -1       137-1.20102E+00-3.40950E-02-1.16828E-02
 -1       138-1.20007E+00-2.33416E-03-3.59798E-02
 -1       139-1.19898E+00 3.40950E-02 1.16828E-02
 -1       140-1.19993E+00 2.33416E-03 3.59798E-02
 -1       145-1.23354E+00-1.32202E-02 3.96605E-04
 -1       146-1.20069E+00-3.60327E-02 1.08098E-03
 -1       147-1.16646E+00 1.32202E-02-3.96605E-04
 -1       148-1.19931E+00 3.60327E-02-1.08098E-03
 -1       179 1.20178E+00 2.55221E-03-3.59208E-02
 -1       180 1.16758E+00-1.84045E-03-1.56598E-02
 -1       181 1.19822E+00-2.55221E-03 3.59208E-02
 -1       182 1.23242E+00 1.84045E-03 1.56598E-02
 -1       187 1.20102E+00-3.38645E-02-1.23355E-02
 -1       188 1.20005E+00-1.64335E-03-3.60180E-02
 -1       189 1.19898E+00 3.38645E-02 1.23355E-02
 -1       190 1.19995E+00 1.64335E-03 3.60180E-02
 -1       195 1.16697E+00-1.44498E-02-4.33494E-04
 -1       196 1.20064E+00-3.60336E-02-1.08101E-03
 -1       197 1.23303E+00 1.44498E-02 4.33494E-04
 -1       198 1.19936E+00 3.60336E-02 1.08101E-03
 -1       229-1.19302E+00-2.96955E-03 1.96475E+00
 -1       230-1.22984E+00 1.30746E-03 1.97980E+00
 -1       231-1.20698E+00 2.96955E-03 2.03525E+00
 -1       232-1.17016E+00-1.30746E-03 2.02020E+00
 -1       237-1.19898E+00-3.38645E-02 1.98766E+00
 -1       238-1.19995E+00-1.64335E-03 1.96398E+00
 -1       239-1.20102E+00 3.38645E-02 2.01234E+00
 -1       240-1.20005E+00 1.64335E-03 2.03602E+00
 -1       245-1.23303E+00-1.44498E-02 1.99957E+00
 -1       246-1.19936E+00-3.60336E-02 1.99892E+00
 -1       247-1.16697E+00 1.44498E-02 2.00043E+00
 -1       248-1.20064E+00 3.60336E-02 2.00108E+00
 -1       279 1.20330E+00-1.36844E-03 1.96412E+00
 -1       280 1.16826E+00-3.59743E-03 1.98329E+00
 -1       281 1.19670E+00 1.36844E-03 2.03588E+00
 -1       282 1.23174E+00 3.59743E-03 2.01671E+00
 -1       287 1.19898E+00-3.40950E-02 1.98832E+00
 -1       288 1.19993E+00-2.33416E-03 1.96402E+00
 -1       289 1.20102E+00 3.40950E-02 2.01168E+00
 -1       290 1.20007E+00 2.33416E-03 2.03598E+00
 -1       295 1.16646E+00-1.32202E-02 2.00040E+00
 -1       296 1.19931E+00-3.60327E-02 2.00108E+00
 -1       297 1.23354E+00 1.32202E-02 1.99960E+00
 -1       298 1.20069E+00 3.60327E-02 1.99892E+00
 -1       329-1.19518E+00 9.99960E+00-3.57295E-02
 -1       330-1.23113E+00 1.00001E+01-1.81950E-02
 -1       331-1.20482E+00 1.00004E+01 3.57295E-02
 -1       332-1.16887E+00 9.99987E+00 1.81950E-02
 -1       337-1.20102E+00 9.96591E+00-1.16828E-02
 -1       338-1.20007E+00 9.99767E+00-3.59798E-02
 -1       339-1.19898E+00 1.00341E+01 1.16828E-02
 -1       340-1.19993E+00 1.00023E+01 3.59798E-02
 -1       345-1.23354E+00 9.98678E+00 3.96605E-04
 -1       346-1.20069E+00 9.96397E+00 1.08098E-03
 -1       347-1.16646E+00 1.00132E+01-3.96605E-04
 -1       348-1.19931E+00 1.00360E+01-1.08098E-03
 -1       379 1.20440E+00 9.99969E+00-3.57842E-02
 -1       380 1.16866E+00 9.99951E+00-1.78246E-02
 -1       381 1.19560E+00 1.00003E+01 3.57842E-02
 -1       382 1.23134E+00 1.00005E+01 1.78246E-02
 -1       387 1.20102E+00 9.96614E+00-1.23355E-02
 -1       388 1.20005E+00 9.99836E+00-3.60180E-02
 -1       389 1.19898E+00 1.00339E+01 1.23355E-02
 -1       390 1.19995E+00 1.00016E+01 3.60180E-02
 -1       395 1.16697E+00 9.98555E+00-4.33494E-04
 -1       396 1.20064E+00 9.96397E+00-1.08101E-03
 -1       397 1.23303E+00 1.00145E+01 4.33494E-04
 -1       398 1.19936E+00 1.00360E+01 1.08101E-03
 -1       429-1.19541E+00 1.00003E+01 1.96424E+00
 -1       430-1.23124E+00 1.00005E+01 1.98201E+00
 -1       431-1.20459E+00 9.99969E+00 2.03576E+00
 -1       432-1.16876E+00 9.99951E+00 2.01799E+00
 -1       437-1.19898E+00 9.96614E+00 1.98766E+00
 -1       438-1.19995E+00 9.99836E+00 1.96398E+00
 -1       439-1.20102E+00 1.00339E+01 2.01234E+00
 -1       440-1.20005E+00 1.00016E+01 2.03602E+00
 -1       445-1.23303E+00 9.98555E+00 1.99957E+00
 -1       446-1.19936E+00 9.96397E+00 1.99892E+00
 -1       447-1.16697E+00 1.00145E+01 2.00043E+00
 -1       448-1.20064E+00 1.00360E+01 2.00108E+00
 -1       479 1.20417E+00 1.00004E+01 1.96419E+00
 -1       480 1.16855E+00 9.99986E+00 1.98238E+00
 -1       481 1.19583E+00 9.99960E+00 2.03581E+00
 -1       482 1.23145E+00 1.00001E+01 2.01762E+00
 -1       487 1.19898E+00 9.96591E+00 1.98832E+00
 -1       488 1.19993E+00 9.99767E+00 1.96402E+00
 -1       489 1.20102E+00 1.00341E+01 2.01168E+00
 -1       490 1.20007E+00 1.00023E+01 2.03598E+00
 -1       495 1.16646E+00 9.98678E+00 2.00040E+00
 -1       496 1.19931E+00 9.96397E+00 2.00108E+00
 -1       497 1.23354E+00 1.00132E+01 1.99960E+00
 -1       498 1.20069E+00 1.00360E+01 1.99892E+00
 -1       529-1.19516E+00 1.99995E+01-3.57258E-02
 -1       530-1.23112E+00 2.00001E+01-1.82131E-02
 -1       531-1.20484E+00 2.00005E+01 3.57258E-02
 -1       532-1.16888E+00 1.99999E+01 1.82131E-02
 -1       537-1.20102E+00 1.99659E+01-1.16828E-02
 -1       538-1.20007E+00 1.99977E+01-3.59798E-02
 -1       539-1.19898E+00 2.00341E+01 1.16828E-02
 -1       540-1.19993E+00 2.00023E+01 3.59798E-02
 -1       545-1.23354E+00 1.99868E+01 3.96605E-04
 -1       546-1.20069E+00 1.99640E+01 1.08098E-03
 -1       547-1.16646E+00 2.00132E+01-3.96605E-04
 -1       548-1.19931E+00 2.00360E+01-1.08098E-03
 -1       579 1.20438E+00 1.99998E+01-3.57877E-02
 -1       580 1.16865E+00 1.99995E+01-1.78048E-02
 -1       581 1.19562E+00 2.00002E+01 3.57877E-02
 -1       582 1.23135E+00 2.00005E+01 1.78048E-02
 -1       587 1.20102E+00 1.99661E+01-1.23355E-02
 -1       588 1.20005E+00 1.99984E+01-3.60180E-02
 -1       589 1.19898E+00 2.00339E+01 1.23355E-02
 -1       590 1.19995E+00 2.00016E+01 3.60180E-02
 -1       595 1.16697E+00 1.99855E+01-4.33494E-04
 -1       596 1.20064E+00 1.99640E+01-1.08101E-03
 -1       597 1.23303E+00 2.00145E+01 4.33494E-04
 -1       598 1.19936E+00 2.00360E+01 1.08101E-03
 -1       629-1.19538E+00 2.00002E+01 1.96424E+00
 -1       630-1.23123E+00 2.00005E+01 1.98199E+00
 -1       631-1.20462E+00 1.99998E+01 2.03576E+00
 -1       632-1.16877E+00 1.99995E+01 2.01801E+00
 -1       637-1.19898E+00 1.99661E+01 1.98766E+00
 -1       638-1.19995E+00 1.99984E+01 1.96398E+00
 -1       639-1.20102E+00 2.00339E+01 2.01234E+00
 -1       640-1.20005E+00 2.00016E+01 2.03602E+00
 -1       645-1.23303E+00 1.99855E+01 1.99957E+00
 -1       646-1.19936E+00 1.99640E+01 1.99892E+00
 -1       647-1.16697E+00 2.00145E+01 2.00043E+00
 -1       648-1.20064E+00 2.00360E+01 2.00108E+00
 -1       679 1.20414E+00 2.00005E+01 1.96419E+00
 -1       680 1.16853E+00 1.99999E+01 1.98240E+00
 -1       681 1.19586E+00 1.99995E+01 2.03581E+00
 -1       682 1.23147E+00 2.00001E+01 2.01760E+00
 -1       687 1.19898E+00 1.99659E+01 1.98832E+00
 -1       688 1.19993E+00 1.99977E+01 1.96402E+00
 -1       689 1.20102E+00 2.00341E+01 2.01168E+00
 -1       690 1.20007E+00 2.00023E+01 2.03598E+00
 -1       695 1.16646E+00 1.99868E+01 2.00040E+00
 -1       696 1.19931E+00 1.99640E+01 2.00108E+00
 -1       697 1.23354E+00 2.00132E+01 1.99960E+00
 -1       698 1.20069E+00 2.00360E+01 1.99892E+00
 -1       729-1.19518E+00 2.99996E+01-3.57298E-02
 -1       730-1.23113E+00 3.00001E+01-1.81933E-02
 -1       731-1.20482E+00 3.00004E+01 3.57298E-02
 -1       732-1.16887E+00 2.99999E+01 1.81933E-02
 -1       737-1.20102E+00 2.99659E+01-1.16828E-02
 -1       738-1.20007E+00 2.99977E+01-3.59798E-02
 -1       739-1.19898E+00 3.00341E+01 1.16828E-02
 -1       740-1.19993E+00 3.00023E+01 3.59798E-02
 -1       745-1.23354E+00 2.99868E+01 3.96605E-04
 -1       746-1.20069E+00 2.99640E+01 1.08098E-03
 -1       747-1.16646E+00 3.00132E+01-3.96605E-04
 -1       748-1.19931E+00 3.00360E+01-1.08098E-03
 -1       779 1.20440E+00 2.99997E+01-3.57845E-02
 -1       780 1.16866E+00 2.99995E+01-1.78229E-02
 -1       781 1.19560E+00 3.00003E+01 3.57845E-02
 -1       782 1.23134E+00 3.00005E+01 1.78229E-02
 -1       787 1.20102E+00 2.99661E+01-1.23355E-02
 -1       788 1.20005E+00 2.99984E+01-3.60180E-02
 -1       789 1.19898E+00 3.00339E+01 1.23355E-02
 -1       790 1.19995E+00 3.00016E+01 3.60180E-02
 -1       795 1.16697E+00 2.99855E+01-4.33494E-04
 -1       796 1.20064E+00 2.99640E+01-1.08101E-03
 -1       797 1.23303E+00 3.00145E+01 4.33494E-04
 -1       798 1.19936E+00 3.00360E+01 1.08101E-03
 -1       829-1.19541E+00 3.00003E+01 1.96424E+00
 -1       830-1.23124E+00 3.00005E+01 1.98201E+00
 -1       831-1.20459E+00 2.99997E+01 2.03576E+00
 -1       832-1.16876E+00 2.99995E+01 2.01799E+00
 -1       837-1.19898E+00 2.99661E+01 1.98766E+00
 -1       838-1.19995E+00 2.99984E+01 1.96398E+00
 -1       839-1.20102E+00 3.00339E+01 2.01234E+00
 -1       840-1.20005E+00 3.00016E+01 2.03602E+00
 -1       845-1.23303E+00 2.99855E+01 1.99957E+00
 -1       846-1.19936E+00 2.99640E+01 1.99892E+00
 -1       847-1.16697E+00 3.00145E+01 2.00043E+00
 -1       848-1.20064E+00 3.00360E+01 2.00108E+00
 -1       879 1.20416E+00 3.00004E+01 1.96419E+00
 -1       880 1.16854E+00 2.99999E+01 1.98238E+00
 -1       881 1.19584E+00 2.99996E+01 2.03581E+00
 -1       882 1.23146E+00 3.00001E+01 2.01762E+00
 -1       887 1.19898E+00 2.99659E+01 1.98832E+00
 -1       888 1.19993E+00 2.99977E+01 1.96402E+00
 -1       889 1.20102E+00 3.00341E+01 2.01168E+00
 -1       890 1.20007E+00 3.00023E+01 2.03598E+00
 -1       895 1.16646E+00 2.99868E+01 2.00040E+00
 -1       896 1.19931E+00 2.99640E+01 2.00108E+00
 -1       897 1.23354E+00 3.00132E+01 1.99960E+00
 -1       898 1.20069E+00 3.00360E+01 1.99892E+00
 -1       929-1.19518E+00 3.99996E+01-3.57298E-02
 -1       930-1.23113E+00 4.00001E+01-1.81933E-02
 -1       931-1.20482E+00 4.00004E+01 3.57298E-02
 -1       932-1.16887E+00 3.99999E+01 1.81933E-02
 -1       937-1.20000E+00 3.99660E+01-1.20000E-02
 -1       938-1.20000E+00 3.99980E+01-3.60000E-02
 -1       939-1.20000E+00 4.00340E+01 1.20000E-02
 -1       940-1.20000E+00 4.00020E+01 3.60000E-02
 -1       945-1.23328E+00 3.99861E+01 0.00000E+00
 -1       946-1.20000E+00 3.99639E+01 0.00000E+00
 -1       947-1.16672E+00 4.00139E+01 0.00000E+00
 -1       948-1.20000E+00 4.00361E+01 0.00000E+00
 -1       979 1.20440E+00 3.99997E+01-3.57845E-02
 -1       980 1.16866E+00 3.99995E+01-1.78229E-02
 -1       981 1.19560E+00 4.00003E+01 3.57845E-02
 -1       982 1.23134E+00 4.00005E+01 1.78229E-02
 -1       987 1.20000E+00 3.99660E+01-1.20000E-02
 -1       988 1.20000E+00 3.99980E+01-3.60000E-02
 -1       989 1.20000E+00 4.00340E+01 1.20000E-02
 -1       990 1.20000E+00 4.00020E+01 3.60000E-02
 -1       995 1.16672E+00 3.99861E+01 0.00000E+00
 -1       996 1.20000E+00 3.99639E+01 0.00000E+00
 -1       997 1.23328E+00 4.00139E+01 0.00000E+00
 -1       998 1.20000E+00 4.00361E+01 0.00000E+00
 -1      1029-1.19541E+00 4.00003E+01 1.96424E+00
 -1      1030-1.23124E+00 4.00005E+01 1.98201E+00
 -1      1031-1.20459E+00 3.99997E+01 2.03576E+00
 -1      1032-1.16876E+00 3.99995E+01 2.01799E+00
 -1      1037-1.20000E+00 3.99660E+01 1.98800E+00
 -1      1038-1.20000E+00 3.99980E+01 1.96400E+00
 -1      1039-1.20000E+00 4.00340E+01 2.01200E+00
 -1      1040-1.20000E+00 4.00020E+01 2.03600E+00
 -1      1045-1.23328E+00 3.99861E+01 2.00000E+00
 -1      1046-1.20000E+00 3.99639E+01 2.00000E+00
 -1      1047-1.16672E+00 4.00139E+01 2.00000E+00
 -1      1048-1.20000E+00 4.00361E+01 2.00000E+00
 -1      1079 1.20416E+00 4.00004E+01 1.96419E+00
 -1      1080 1.16854E+00 3.99999E+01 1.98238E+00
 -1      1081 1.19584E+00 3.99996E+01 2.03581E+00
 -1      1082 1.23146E+00 4.00001E+01 2.01762E+00
 -1      1087 1.20000E+00 3.99660E+01 1.98800E+00
 -1      1088 1.20000E+00 3.99980E+01 1.96400E+00
 -1      1089 1.20000E+00 4.00340E+01 2.01200E+00
 -1      1090 1.20000E+00 4.00020E+01 2.03600E+00
 -1      1095 1.16672E+00 3.99861E+01 2.00000E+00
 -1      1096 1.20000E+00 3.99639E+01 2.00000E+00
 -1      1097 1.23328E+00 4.00139E+01 2.00000E+00
 -1      1098 1.20000E+00 4.00361E+01 2.00000E+00
 -1      1129-1.19622E+00 4.99980E+01-3.58033E-02
 -1      1130-1.23157E+00 4.99968E+01-1.71203E-02
 -1      1131-1.20378E+00 5.00020E+01 3.58033E-02
 -1      1132-1.16843E+00 5.00032E+01 1.71203E-02
 -1      1137-1.20102E+00 4.99659E+01-1.16828E-02
 -1      1138-1.20007E+00 4.99977E+01-3.59798E-02
 -1      1139-1.19898E+00 5.00341E+01 1.16828E-02
 -1      1140-1.19993E+00 5.00023E+01 3.59798E-02
 -1      1145-1.23354E+00 4.99868E+01 3.96605E-04
 -1      1146-1.20069E+00 4.99640E+01 1.08098E-03
 -1      1147-1.16646E+00 5.00132E+01-3.96605E-04
 -1      1148-1.19931E+00 5.00360E+01-1.08098E-03
 -1      1179 1.20667E+00 4.99963E+01-3.52437E-02
 -1      1180 1.16994E+00 5.00003E+01-1.99053E-02
 -1      1181 1.19333E+00 5.00037E+01 3.52437E-02
 -1      1182 1.23006E+00 4.99997E+01 1.99053E-02
 -1      1187 1.20102E+00 4.99661E+01-1.23355E-02
 -1      1188 1.20005E+00 4.99984E+01-3.60180E-02
 -1      1189 1.19898E+00 5.00339E+01 1.23355E-02
 -1      1190 1.19995E+00 5.00016E+01 3.60180E-02
 -1      1195 1.16697E+00 4.99855E+01-4.33494E-04
 -1      1196 1.20064E+00 4.99640E+01-1.08101E-03
 -1      1197 1.23303E+00 5.00145E+01 4.33494E-04
 -1      1198 1.19936E+00 5.00360E+01 1.08101E-03
 -1      1229-1.19824E+00 5.00034E+01 1.96415E+00
 -1      1230-1.23248E+00 4.99992E+01 1.98438E+00
 -1      1231-1.20176E+00 4.99966E+01 2.03585E+00
 -1      1232-1.16752E+00 5.00008E+01 2.01562E+00
 -1      1237-1.19898E+00 4.99661E+01 1.98766E+00
 -1      1238-1.19995E+00 4.99984E+01 1.96398E+00
 -1      1239-1.20102E+00 5.00339E+01 2.01234E+00
 -1      1240-1.20005E+00 5.00016E+01 2.03602E+00
 -1      1245-1.23303E+00 4.99855E+01 1.99957E+00
 -1      1246-1.19936E+00 4.99640E+01 1.99892E+00
 -1      1247-1.16697E+00 5.00145E+01 2.00043E+00
 -1      1248-1.20064E+00 5.00360E+01 2.00108E+00
 -1      1279 1.20533E+00 5.00018E+01 1.96439E+00
 -1      1280 1.16921E+00 5.00033E+01 1.98152E+00
 -1      1281 1.19467E+00 4.99982E+01 2.03561E+00
 -1      1282 1.23079E+00 4.99967E+01 2.01848E+00
 -1      1287 1.19898E+00 4.99659E+01 1.98832E+00
 -1      1288 1.19993E+00 4.99977E+01 1.96402E+00
 -1      1289 1.20102E+00 5.00341E+01 2.01168E+00
 -1      1290 1.20007E+00 5.00023E+01 2.03598E+00
 -1      1295 1.16646E+00 4.99868E+01 2.00040E+00
 -1      1296 1.19931E+00 4.99640E+01 2.00108E+00
 -1      1297 1.23354E+00 5.00132E+01 1.99960E+00
 -1      1298 1.20069E+00 5.00360E+01 1.99892E+00
 -1      1329-1.19553E+00 5.00000E+00-1.85778E-01
 -1      1330-1.23131E+00 5.00000E+00-1.67883E-01
 -1      1331-1.20447E+00 5.00000E+00-1.14222E-01
 -1      1332-1.16869E+00 5.00000E+00-1.32117E-01
 -1      1337 1.20447E+00 5.00000E+00 1.14222E-01
 -1      1338 1.16869E+00 5.00000E+00 1.32117E-01
 -1      1339 1.19553E+00 5.00000E+00 1.85778E-01
 -1      1340 1.23131E+00 5.00000E+00 1.67883E-01
 -1      1345-1.19553E+00 5.00000E+00 1.81422E+00
 -1      1346-1.23131E+00 5.00000E+00 1.83212E+00
 -1      1347-1.20447E+00 5.00000E+00 1.88578E+00
 -1      1348-1.16869E+00 5.00000E+00 1.86788E+00
 -1      1353 1.20447E+00 5.00000E+00 2.11422E+00
 -1      1354 1.16869E+00 5.00000E+00 2.13212E+00
 -1      1355 1.19553E+00 5.00000E+00 2.18578E+00
 -1      1356 1.23131E+00 5.00000E+00 2.16788E+00
 -1      1361-1.19553E+00 1.50000E+01-1.85778E-01
 -1      1362-1.23131E+00 1.50000E+01-1.67883E-01
 -1      1363-1.20447E+00 1.50000E+01-1.14222E-01
 -1      1364-1.16869E+00 1.50000E+01-1.32117E-01
 -1      1369 1.20447E+00 1.50000E+01 1.14222E-01
 -1      1370 1.16869E+00 1.50000E+01 1.32117E-01
 -1      1371 1.19553E+00 1.50000E+01 1.85778E-01
 -1      1372 1.23131E+00 1.50000E+01 1.67883E-01
 -1      1377-1.19553E+00 1.50000E+01 1.81422E+00
 -1      1378-1.23131E+00 1.50000E+01 1.83212E+00
 -1      1379-1.20447E+00 1.50000E+01 1.88578E+00
 -1      1380-1.16869E+00 1.50000E+01 1.86788E+00
 -1      1385 1.20447E+00 1.50000E+01 2.11422E+00
 -1      1386 1.16869E+00 1.50000E+01 2.13212E+00
 -1      1387 1.19553E+00 1.50000E+01 2.18578E+00
 -1      1388 1.23131E+00 1.50000E+01 2.16788E+00
 -1      1393-1.19522E+00 2.24989E+01-1.41787E-01
 -1      1394-1.23115E+00 2.24995E+01-1.24216E-01
 -1      1395-1.20478E+00 2.25011E+01-7.03450E-02
 -1      1396-1.16885E+00 2.25005E+01-8.79159E-02
 -1      1401-1.19553E+00 2.50000E+01-1.85777E-01
 -1      1402-1.23131E+00 2.50000E+01-1.67887E-01
 -1      1403-1.20447E+00 2.50000E+01-1.14223E-01
 -1      1404-1.16869E+00 2.50000E+01-1.32113E-01
 -1      1409-1.19586E+00 2.75011E+01-1.41867E-01
 -1      1410-1.23147E+00 2.75005E+01-1.23652E-01
 -1      1411-1.20414E+00 2.74989E+01-7.02647E-02
 -1      1412-1.16853E+00 2.74995E+01-8.84797E-02
 -1      1417 1.20414E+00 2.25011E+01 7.02647E-02
 -1      1418 1.16853E+00 2.25005E+01 8.84797E-02
 -1      1419 1.19586E+00 2.24989E+01 1.41867E-01
 -1      1420 1.23147E+00 2.24995E+01 1.23652E-01
 -1      1425 1.20447E+00 2.50000E+01 1.14223E-01
 -1      1426 1.16869E+00 2.50000E+01 1.32113E-01
 -1      1427 1.19553E+00 2.50000E+01 1.85777E-01
 -1      1428 1.23131E+00 2.50000E+01 1.67887E-01
 -1      1433 1.20478E+00 2.74989E+01 7.03450E-02
 -1      1434 1.16885E+00 2.74995E+01 8.79159E-02
 -1      1435 1.19522E+00 2.75011E+01 1.41787E-01
 -1      1436 1.23115E+00 2.75005E+01 1.24216E-01
 -1      1441-1.19522E+00 2.24989E+01 1.85821E+00
 -1      1442-1.23115E+00 2.24995E+01 1.87578E+00
 -1      1443-1.20478E+00 2.25011E+01 1.92966E+00
 -1      1444-1.16885E+00 2.25005E+01 1.91208E+00
 -1      1449-1.19553E+00 2.50000E+01 1.81422E+00
 -1      1450-1.23131E+00 2.50000E+01 1.83211E+00
 -1      1451-1.20447E+00 2.50000E+01 1.88578E+00
 -1      1452-1.16869E+00 2.50000E+01 1.86789E+00
 -1      1457-1.19586E+00 2.75011E+01 1.85813E+00
 -1      1458-1.23147E+00 2.75005E+01 1.87635E+00
 -1      1459-1.20414E+00 2.74989E+01 1.92974E+00
 -1      1460-1.16853E+00 2.74995E+01 1.91152E+00
 -1      1465 1.20414E+00 2.25011E+01 2.07026E+00
 -1      1466 1.16853E+00 2.25005E+01 2.08848E+00
 -1      1467 1.19586E+00 2.24989E+01 2.14187E+00
 -1      1468 1.23147E+00 2.24995E+01 2.12365E+00
 -1      1473 1.20447E+00 2.50000E+01 2.11422E+00
 -1      1474 1.16869E+00 2.50000E+01 2.13211E+00
 -1      1475 1.19553E+00 2.50000E+01 2.18578E+00
 -1      1476 1.23131E+00 2.50000E+01 2.16789E+00
 -1      1481 1.20478E+00 2.74989E+01 2.07034E+00
 -1      1482 1.16885E+00 2.74995E+01 2.08792E+00
 -1      1483 1.19522E+00 2.75011E+01 2.14179E+00
 -1      1484 1.23115E+00 2.75005E+01 2.12422E+00
 -1      1489-1.19522E+00 3.24989E+01-1.41787E-01
 -1      1490-1.23115E+00 3.24995E+01-1.24216E-01
 -1      1491-1.20478E+00 3.25011E+01-7.03450E-02
 -1      1492-1.16885E+00 3.25005E+01-8.79159E-02
 -1      1497-1.19553E+00 3.50000E+01-1.85777E-01
 -1      1498-1.23131E+00 3.50000E+01-1.67887E-01
 -1      1499-1.20447E+00 3.50000E+01-1.14223E-01
 -1      1500-1.16869E+00 3.50000E+01-1.32113E-01
 -1      1505-1.19586E+00 3.75011E+01-1.41867E-01
 -1      1506-1.23147E+00 3.75005E+01-1.23652E-01
 -1      1507-1.20414E+00 3.74989E+01-7.02647E-02
 -1      1508-1.16853E+00 3.74995E+01-8.84797E-02
 -1      1513 1.20414E+00 3.25011E+01 7.02647E-02
 -1      1514 1.16853E+00 3.25005E+01 8.84797E-02
 -1      1515 1.19586E+00 3.24989E+01 1.41867E-01
 -1      1516 1.23147E+00 3.24995E+01 1.23652E-01
 -1      1521 1.20447E+00 3.50000E+01 1.14223E-01
 -1      1522 1.16869E+00 3.50000E+01 1.32113E-01
 -1      1523 1.19553E+00 3.50000E+01 1.85777E-01
 -1      1524 1.23131E+00 3.50000E+01 1.67887E-01
 -1      1529 1.20478E+00 3.74989E+01 7.03450E-02
 -1      1530 1.16885E+00 3.74995E+01 8.79159E-02
 -1      1531 1.19522E+00 3.75011E+01 1.41787E-01
 -1      1532 1.23115E+00 3.75005E+01 1.24216E-01
 -1      1537-1.19522E+00 3.24989E+01 1.85821E+00
 -1      1538-1.23115E+00 3.24995E+01 1.87578E+00
 -1      1539-1.20478E+00 3.25011E+01 1.92966E+00
 -1      1540-1.16885E+00 3.25005E+01 1.91208E+00
 -1      1545-1.19553E+00 3.50000E+01 1.81422E+00
 -1      1546-1.23131E+00 3.50000E+01 1.83211E+00
 -1      1547-1.20447E+00 3.50000E+01 1.88578E+00
 -1      1548-1.16869E+00 3.50000E+01 1.86789E+00
 -1      1553-1.19586E+00 3.75011E+01 1.85813E+00
 -1      1554-1.23147E+00 3.75005E+01 1.87635E+00
 -1      1555-1.20414E+00 3.74989E+01 1.92974E+00
 -1      1556-1.16853E+00 3.74995E+01 1.91152E+00
 -1      1561 1.20414E+00 3.25011E+01 2.07026E+00
 -1      1562 1.16853E+00 3.25005E+01 2.08848E+00
 -1      1563 1.19586E+00 3.24989E+01 2.14187E+00
 -1      1564 1.23147E+00 3.24995E+01 2.12365E+00
 -1      1569 1.20447E+00 3.50000E+01 2.11422E+00
 -1      1570 1.16869E+00 3.50000E+01 2.13211E+00
 -1      1571 1.19553E+00 3.50000E+01 2.18578E+00
 -1      1572 1.23131E+00 3.50000E+01 2.16789E+00
 -1      1577 1.20478E+00 3.74989E+01 2.07034E+00
 -1      1578 1.16885E+00 3.74995E+01 2.08792E+00
 -1      1579 1.19522E+00 3.75011E+01 2.14179E+00
 -1      1580 1.23115E+00 3.75005E+01 2.12422E+00
 -1      1585-1.19522E+00 4.24989E+01-1.41787E-01
 -1      1586-1.23115E+00 4.24995E+01-1.24216E-01
 -1      1587-1.20478E+00 4.25011E+01-7.03450E-02
 -1      1588-1.16885E+00 4.25005E+01-8.79159E-02
 -1      1593-1.19553E+00 4.50000E+01-1.85777E-01
 -1      1594-1.23131E+00 4.50000E+01-1.67887E-01
 -1      1595-1.20447E+00 4.50000E+01-1.14223E-01
 -1      1596-1.16869E+00 4.50000E+01-1.32113E-01
 -1      1601-1.19586E+00 4.75011E+01-1.41867E-01
 -1      1602-1.23147E+00 4.75005E+01-1.23652E-01
 -1      1603-1.20414E+00 4.74989E+01-7.02647E-02
 -1      1604-1.16853E+00 4.74995E+01-8.84797E-02
 -1      1609 1.20414E+00 4.25011E+01 7.02647E-02
 -1      1610 1.16853E+00 4.25005E+01 8.84797E-02
 -1      1611 1.19586E+00 4.24989E+01 1.41867E-01
 -1      1612 1.23147E+00 4.24995E+01 1.23652E-01
 -1      1617 1.20447E+00 4.50000E+01 1.14223E-01
 -1      1618 1.16869E+00 4.50000E+01 1.32113E-01
 -1      1619 1.19553E+00 4.50000E+01 1.85777E-01
 -1      1620 1.23131E+00 4.50000E+01 1.67887E-01
 -1      1625 1.20478E+00 4.74989E+01 7.03450E-02
 -1      1626 1.16885E+00 4.74995E+01 8.79159E-02
 -1      1627 1.19522E+00 4.75011E+01 1.41787E-01
 -1      1628 1.23115E+00 4.75005E+01 1.24216E-01
 -1      1633-1.19522E+00 4.24989E+01 1.85821E+00
 -1      1634-1.23115E+00 4.24995E+01 1.87578E+00
 -1      1635-1.20478E+00 4.25011E+01 1.92966E+00
 -1      1636-1.16885E+00 4.25005E+01 1.91208E+00
 -1      1641-1.19553E+00 4.50000E+01 1.81422E+00
 -1      1642-1.23131E+00 4.50000E+01 1.83211E+00
 -1      1643-1.20447E+00 4.50000E+01 1.88578E+00
 -1      1644-1.16869E+00 4.50000E+01 1.86789E+00
 -1      1649-1.19586E+00 4.75011E+01 1.85813E+00
 -1      1650-1.23147E+00 4.75005E+01 1.87635E+00
 -1      1651-1.20414E+00 4.74989E+01 1.92974E+00
 -1      1652-1.16853E+00 4.74995E+01 1.91152E+00
 -1      1657 1.20414E+00 4.25011E+01 2.07026E+00
 -1      1658 1.16853E+00 4.25005E+01 2.08848E+00
 -1      1659 1.19586E+00 4.24989E+01 2.14187E+00
 -1      1660 1.23147E+00 4.24995E+01 2.12365E+00
 -1      1665 1.20447E+00 4.50000E+01 2.11422E+00
 -1      1666 1.16869E+00 4.50000E+01 2.13211E+00
 -1      1667 1.19553E+00 4.50000E+01 2.18578E+00
 -1      1668 1.23131E+00 4.50000E+01 2.16789E+00
 -1      1673 1.20478E+00 4.74989E+01 2.07034E+00
 -1      1674 1.16885E+00 4.74995E+01 2.08792E+00
 -1      1675 1.19522E+00 4.75011E+01 2.14179E+00
 -1      1676 1.23115E+00 4.75005E+01 2.12422E+00
 -1      1681 0.00000E+00-6.99992E-02-1.20023E-02
 -1      1682 0.00000E+00-3.79975E-02-3.60001E-02
 -1      1683 0.00000E+00-2.00083E-03 1.20023E-02
 -1      1684 0.00000E+00-3.40025E-02 3.60001E-02
 -1      1689 0.00000E+00 2.00083E-03 1.98800E+00
 -1      1690 0.00000E+00 3.40025E-02 1.96400E+00
 -1      1691 0.00000E+00 6.99992E-02 2.01200E+00
 -1      1692 0.00000E+00 3.79975E-02 2.03600E+00
 -1      1697-1.23329E+00 1.61495E-02 1.00000E+00
 -1      1698-1.20002E+00-6.05551E-03 1.00000E+00
 -1      1699-1.16671E+00 4.38505E-02 1.00000E+00
 -1      1700-1.19998E+00 6.60555E-02 1.00000E+00
 -1      1705 1.16671E+00-4.38505E-02 1.00000E+00
 -1      1706 1.19998E+00-6.60555E-02 1.00000E+00
 -1      1707 1.23329E+00-1.61495E-02 1.00000E+00
 -1      1708 1.20002E+00 6.05551E-03 1.00000E+00
 -1      1713 0.00000E+00 9.93000E+00-1.20023E-02
 -1      1714 0.00000E+00 9.96200E+00-3.60001E-02
 -1      1715 0.00000E+00 9.99800E+00 1.20023E-02
 -1      1716 0.00000E+00 9.96600E+00 3.60001E-02
 -1      1721 0.00000E+00 1.00020E+01 1.98800E+00
 -1      1722 0.00000E+00 1.00340E+01 1.96400E+00
 -1      1723 0.00000E+00 1.00700E+01 2.01200E+00
 -1      1724 0.00000E+00 1.00380E+01 2.03600E+00
 -1      1729-1.23329E+00 1.00161E+01 1.00000E+00
 -1      1730-1.20002E+00 9.99394E+00 1.00000E+00
 -1      1731-1.16671E+00 1.00439E+01 1.00000E+00
 -1      1732-1.19998E+00 1.00661E+01 1.00000E+00
 -1      1737 1.16671E+00 9.95615E+00 1.00000E+00
 -1      1738 1.19998E+00 9.93394E+00 1.00000E+00
 -1      1739 1.23329E+00 9.98385E+00 1.00000E+00
 -1      1740 1.20002E+00 1.00061E+01 1.00000E+00
 -1      1745 0.00000E+00 1.99300E+01-1.20023E-02
 -1      1746 0.00000E+00 1.99620E+01-3.60001E-02
 -1      1747 0.00000E+00 1.99980E+01 1.20023E-02
 -1      1748 0.00000E+00 1.99660E+01 3.60001E-02
 -1      1753 0.00000E+00 2.00020E+01 1.98800E+00
 -1      1754 0.00000E+00 2.00340E+01 1.96400E+00
 -1      1755 0.00000E+00 2.00700E+01 2.01200E+00
 -1      1756 0.00000E+00 2.00380E+01 2.03600E+00
 -1      1761-1.23329E+00 2.00161E+01 1.00000E+00
 -1      1762-1.20002E+00 1.99939E+01 1.00000E+00
 -1      1763-1.16671E+00 2.00438E+01 1.00000E+00
 -1      1764-1.19998E+00 2.00661E+01 1.00000E+00
 -1      1769 1.16671E+00 1.99562E+01 1.00000E+00
 -1      1770 1.19998E+00 1.99339E+01 1.00000E+00
 -1      1771 1.23329E+00 1.99839E+01 1.00000E+00
 -1      1772 1.20002E+00 2.00061E+01 1.00000E+00
 -1      1777 0.00000E+00 2.99300E+01-1.20023E-02
 -1      1778 0.00000E+00 2.99620E+01-3.60001E-02
 -1      1779 0.00000E+00 2.99980E+01 1.20023E-02
 -1      1780 0.00000E+00 2.99660E+01 3.60001E-02
 -1      1785 0.00000E+00 3.00020E+01 1.98800E+00
 -1      1786 0.00000E+00 3.00340E+01 1.96400E+00
 -1      1787 0.00000E+00 3.00700E+01 2.01200E+00
 -1      1788 0.00000E+00 3.00380E+01 2.03600E+00
 -1      1793-1.23329E+00 3.00161E+01 1.00000E+00
 -1      1794-1.20002E+00 2.99939E+01 1.00000E+00
 -1      1795-1.16671E+00 3.00438E+01 1.00000E+00
 -1      1796-1.19998E+00 3.00661E+01 1.00000E+00
 -1      1801 1.16671E+00 2.99562E+01 1.00000E+00
 -1      1802 1.19998E+00 2.99339E+01 1.00000E+00
 -1      1803 1.23329E+00 2.99839E+01 1.00000E+00
 -1      1804 1.20002E+00 3.00061E+01 1.00000E+00
 -1      1809 0.00000E+00 4.99300E+01-1.20023E-02
 -1      1810 0.00000E+00 4.99620E+01-3.60001E-02
 -1      1811 0.00000E+00 4.99980E+01 1.20023E-02
 -1      1812 0.00000E+00 4.99660E+01 3.60001E-02
 -1      1817 0.00000E+00 5.00020E+01 1.98800E+00
 -1      1818 0.00000E+00 5.00340E+01 1.96400E+00
 -1      1819 0.00000E+00 5.00700E+01 2.01200E+00
 -1      1820 0.00000E+00 5.00380E+01 2.03600E+00
 -1      1825-1.23329E+00 5.00161E+01 1.00000E+00
 -1      1826-1.20002E+00 4.99939E+01 1.00000E+00
 -1      1827-1.16671E+00 5.00438E+01 1.00000E+00
 -1      1828-1.19998E+00 5.00661E+01 1.00000E+00
 -1      1833 1.16671E+00 4.99562E+01 1.00000E+00
 -1      1834 1.19998E+00 4.99339E+01 1.00000E+00
 -1      1835 1.23329E+00 4.99839E+01 1.00000E+00
 -1      1836 1.20002E+00 5.00061E+01 1.00000E+00
 -1      1841-1.19830E+00 5.03706E+00 8.14684E-01
 -1      1842-1.23259E+00 5.03303E+00 8.34874E-01
 -1      1843-1.20170E+00 5.02294E+00 8.85316E-01
 -1      1844-1.16741E+00 5.02697E+00 8.65126E-01
 -1      1849-1.19388E+00 5.02303E+00 1.11516E+00
 -1      1850-1.23044E+00 5.02621E+00 1.13106E+00
 -1      1851-1.20612E+00 5.03697E+00 1.18484E+00
 -1      1852-1.16956E+00 5.03379E+00 1.16894E+00
 -1      1857 1.20170E+00 5.03706E+00 8.14684E-01
 -1      1858 1.16741E+00 5.03303E+00 8.34874E-01
 -1      1859 1.19830E+00 5.02294E+00 8.85316E-01
 -1      1860 1.23259E+00 5.02697E+00 8.65126E-01
 -1      1865 1.20612E+00 5.02303E+00 1.11516E+00
 -1      1866 1.16956E+00 5.02621E+00 1.13106E+00
 -1      1867 1.19388E+00 5.03697E+00 1.18484E+00
 -1      1868 1.23044E+00 5.03379E+00 1.16894E+00
 -1      1873 1.59908E-01 4.96162E+00-3.45858E-02
 -1      1874 1.22767E-01 4.97054E+00-2.27077E-02
 -1      1875 1.40092E-01 4.96638E+00 3.45858E-02
 -1      1876 1.77233E-01 4.95746E+00 2.27077E-02
 -1      1881-1.49864E-01 4.96403E+00-3.60552E-02
 -1      1882-1.82310E-01 4.95625E+00-1.39967E-02
 -1      1883-1.50136E-01 4.96397E+00 3.60552E-02
 -1      1884-1.17690E-01 4.97175E+00 1.39967E-02
 -1      1889 1.59908E-01 4.96162E+00 1.96541E+00
 -1      1890 1.22767E-01 4.97054E+00 1.97729E+00
 -1      1891 1.40092E-01 4.96638E+00 2.03459E+00
 -1      1892 1.77233E-01 4.95746E+00 2.02271E+00
 -1      1897-1.49864E-01 4.96403E+00 1.96394E+00
 -1      1898-1.82310E-01 4.95625E+00 1.98600E+00
 -1      1899-1.50136E-01 4.96397E+00 2.03606E+00
 -1      1900-1.17690E-01 4.97175E+00 2.01400E+00
 -1      1905-1.19830E+00 1.50371E+01 8.14684E-01
 -1      1906-1.23259E+00 1.50330E+01 8.34874E-01
 -1      1907-1.20170E+00 1.50229E+01 8.85316E-01
 -1      1908-1.16741E+00 1.50270E+01 8.65126E-01
 -1      1913-1.19388E+00 1.50230E+01 1.11516E+00
 -1      1914-1.23044E+00 1.50262E+01 1.13106E+00
 -1      1915-1.20612E+00 1.50370E+01 1.18484E+00
 -1      1916-1.16956E+00 1.50338E+01 1.16894E+00
 -1      1921 1.20170E+00 1.50371E+01 8.14684E-01
 -1      1922 1.16741E+00 1.50330E+01 8.34874E-01
 -1      1923 1.19830E+00 1.50229E+01 8.85316E-01
 -1      1924 1.23259E+00 1.50270E+01 8.65126E-01
 -1      1929 1.20612E+00 1.50230E+01 1.11516E+00
 -1      1930 1.16956E+00 1.50262E+01 1.13106E+00
 -1      1931 1.19388E+00 1.50370E+01 1.18484E+00
 -1      1932 1.23044E+00 1.50338E+01 1.16894E+00
 -1      1937 1.59908E-01 1.49616E+01-3.45858E-02
 -1      1938 1.22767E-01 1.49705E+01-2.27077E-02
 -1      1939 1.40092E-01 1.49664E+01 3.45858E-02
 -1      1940 1.77233E-01 1.49575E+01 2.27077E-02
 -1      1945-1.49864E-01 1.49640E+01-3.60552E-02
 -1      1946-1.82310E-01 1.49562E+01-1.39967E-02
 -1      1947-1.50136E-01 1.49640E+01 3.60552E-02
 -1      1948-1.17690E-01 1.49718E+01 1.39967E-02
 -1      1953 1.59908E-01 1.49616E+01 1.96541E+00
 -1      1954 1.22767E-01 1.49705E+01 1.97729E+00
 -1      1955 1.40092E-01 1.49664E+01 2.03459E+00
 -1      1956 1.77233E-01 1.49575E+01 2.02271E+00
 -1      1961-1.49864E-01 1.49640E+01 1.96394E+00
 -1      1962-1.82310E-01 1.49562E+01 1.98600E+00
 -1      1963-1.50136E-01 1.49640E+01 2.03606E+00
 -1      1964-1.17690E-01 1.49718E+01 2.01400E+00
 -1      1969-1.19830E+00 2.50371E+01 8.14684E-01
 -1      1970-1.23259E+00 2.50330E+01 8.34874E-01
 -1      1971-1.20170E+00 2.50229E+01 8.85316E-01
 -1      1972-1.16741E+00 2.50270E+01 8.65126E-01
 -1      1977-1.19388E+00 2.50230E+01 1.11516E+00
 -1      1978-1.23044E+00 2.50262E+01 1.13106E+00
 -1      1979-1.20612E+00 2.50370E+01 1.18484E+00
 -1      1980-1.16956E+00 2.50338E+01 1.16894E+00
 -1      1985 1.20170E+00 2.50371E+01 8.14684E-01
 -1      1986 1.16741E+00 2.50330E+01 8.34874E-01
 -1      1987 1.19830E+00 2.50229E+01 8.85316E-01
 -1      1988 1.23259E+00 2.50270E+01 8.65126E-01
 -1      1993 1.20612E+00 2.50230E+01 1.11516E+00
 -1      1994 1.16956E+00 2.50262E+01 1.13106E+00
 -1      1995 1.19388E+00 2.50370E+01 1.18484E+00
 -1      1996 1.23044E+00 2.50338E+01 1.16894E+00
 -1      2001 1.59908E-01 2.49616E+01-3.45858E-02
 -1      2002 1.22767E-01 2.49705E+01-2.27077E-02
 -1      2003 1.40092E-01 2.49664E+01 3.45858E-02
 -1      2004 1.77233E-01 2.49575E+01 2.27077E-02
 -1      2009-1.49864E-01 2.49640E+01-3.60552E-02
 -1      2010-1.82310E-01 2.49562E+01-1.39967E-02
 -1      2011-1.50136E-01 2.49640E+01 3.60552E-02
 -1      2012-1.17690E-01 2.49718E+01 1.39967E-02
 -1      2017 1.59908E-01 2.49616E+01 1.96541E+00
 -1      2018 1.22767E-01 2.49705E+01 1.97729E+00
 -1      2019 1.40092E-01 2.49664E+01 2.03459E+00
 -1      2020 1.77233E-01 2.49575E+01 2.02271E+00
 -1      2025-1.49864E-01 2.49640E+01 1.96394E+00
 -1      2026-1.82310E-01 2.49562E+01 1.98600E+00
 -1      2027-1.50136E-01 2.49640E+01 2.03606E+00
 -1      2028-1.17690E-01 2.49718E+01 2.01400E+00
 -1      2033-1.19830E+00 3.50371E+01 8.14684E-01
 -1      2034-1.23259E+00 3.50330E+01 8.34874E-01
 -1      2035-1.20170E+00 3.50229E+01 8.85316E-01
 -1      2036-1.16741E+00 3.50270E+01 8.65126E-01
 -1      2041-1.19388E+00 3.50230E+01 1.11516E+00
 -1      2042-1.23044E+00 3.50262E+01 1.13106E+00
 -1      2043-1.20612E+00 3.50370E+01 1.18484E+00
 -1      2044-1.16956E+00 3.50338E+01 1.16894E+00
 -1      2049 1.20170E+00 3.50371E+01 8.14684E-01
 -1      2050 1.16741E+00 3.50330E+01 8.34874E-01
 -1      2051 1.19830E+00 3.50229E+01 8.85316E-01
 -1      2052 1.23259E+00 3.50270E+01 8.65126E-01
 -1      2057 1.20612E+00 3.50230E+01 1.11516E+00
 -1      2058 1.16956E+00 3.50262E+01 1.13106E+00
 -1      2059 1.19388E+00 3.50370E+01 1.18484E+00
 -1      2060 1.23044E+00 3.50338E+01 1.16894E+00
 -1      2065 1.59908E-01 3.49616E+01-3.45858E-02
 -1      2066 1.22767E-01 3.49705E+01-2.27077E-02
 -1      2067 1.40092E-01 3.49664E+01 3.45858E-02
 -1      2068 1.77233E-01 3.49575E+01 2.27077E-02
 -1      2073-1.49864E-01 3.49640E+01-3.60552E-02
 -1      2074-1.82310E-01 3.49562E+01-1.39967E-02
 -1      2075-1.50136E-01 3.49640E+01 3.60552E-02
 -1      2076-1.17690E-01 3.49718E+01 1.39967E-02
 -1      2081 1.59908E-01 3.49616E+01 1.96541E+00
 -1      2082 1.22767E-01 3.49705E+01 1.97729E+00
 -1      2083 1.40092E-01 3.49664E+01 2.03459E+00
 -1      2084 1.77233E-01 3.49575E+01 2.02271E+00
 -1      2089-1.49864E-01 3.49640E+01 1.96394E+00
 -1      2090-1.82310E-01 3.49562E+01 1.98600E+00
 -1      2091-1.50136E-01 3.49640E+01 2.03606E+00
 -1      2092-1.17690E-01 3.49718E+01 2.01400E+00
 -1      2097-1.19830E+00 4.50371E+01 8.14684E-01
 -1      2098-1.23259E+00 4.50330E+01 8.34874E-01
 -1      2099-1.20170E+00 4.50229E+01 8.85316E-01
 -1      2100-1.16741E+00 4.50270E+01 8.65126E-01
 -1      2105-1.19388E+00 4.50230E+01 1.11516E+00
 -1      2106-1.23044E+00 4.50262E+01 1.13106E+00
 -1      2107-1.20612E+00 4.50370E+01 1.18484E+00
 -1      2108-1.16956E+00 4.50338E+01 1.16894E+00
 -1      2113 1.20170E+00 4.50371E+01 8.14684E-01
 -1      2114 1.16741E+00 4.50330E+01 8.34874E-01
 -1      2115 1.19830E+00 4.50229E+01 8.85316E-01
 -1      2116 1.23259E+00 4.50270E+01 8.65126E-01
 -1      2121 1.20612E+00 4.50230E+01 1.11516E+00
 -1      2122 1.16956E+00 4.50262E+01 1.13106E+00
 -1      2123 1.19388E+00 4.50370E+01 1.18484E+00
 -1      2124 1.23044E+00 4.50338E+01 1.16894E+00
 -1      2129 1.59908E-01 4.49616E+01-3.45858E-02
 -1      2130 1.22767E-01 4.49705E+01-2.27077E-02
 -1      2131 1.40092E-01 4.49664E+01 3.45858E-02
 -1      2132 1.77233E-01 4.49575E+01 2.27077E-02
 -1      2137-1.49864E-01 4.49640E+01-3.60552E-02
 -1      2138-1.82310E-01 4.49562E+01-1.39967E-02
 -1      2139-1.50136E-01 4.49640E+01 3.60552E-02
 -1      2140-1.17690E-01 4.49718E+01 1.39967E-02
 -1      2145 1.59908E-01 4.49616E+01 1.96541E+00
 -1      2146 1.22767E-01 4.49705E+01 1.97729E+00
 -1      2147 1.40092E-01 4.49664E+01 2.03459E+00
 -1      2148 1.77233E-01 4.49575E+01 2.02271E+00
 -1      2153-1.49864E-01 4.49640E+01 1.96394E+00
 -1      2154-1.82310E-01 4.49562E+01 1.98600E+00
 -1      2155-1.50136E-01 4.49640E+01 2.03606E+00
 -1      2156-1.17690E-01 4.49718E+01 2.01400E+00
 -3
    3C                           188                                     1
 -1         1    1    0    1
 -2       129      1329      1330       130       132      1332      1331       131
 -1         2    1    0    1
 -2      1329       329       330      1330      1332       332       331      1331
 -1         3    1    0    1
 -2       179      1337      1338       180       182      1340      1339       181
 -1         4    1    0    1
 -2      1337       379       380      1338      1340       382       381      1339
 -1         5    1    0    1
 -2       229      1345      1346       230       232      1348      1347       231
 -1         6    1    0    1
 -2      1345       429       430      1346      1348       432       431      1347
 -1         7    1    0    1
 -2       279      1353      1354       280       282      1356      1355       281
 -1         8    1    0    1
 -2      1353       479       480      1354      1356       482       481      1355
 -1         9    1    0    1
 -2       329      1361      1362       330       332      1364      1363       331
 -1        10    1    0    1
 -2      1361       529       530      1362      1364       532       531      1363
 -1        11    1    0    1
 -2       379      1369      1370       380       382      1372      1371       381
 -1        12    1    0    1
 -2      1369       579       580      1370      1372       582       581      1371
 -1        13    1    0    1
 -2       429      1377      1378       430       432      1380      1379       431
 -1        14    1    0    1
 -2      1377       629       630      1378      1380       632       631      1379
 -1        15    1    0    1
 -2       479      1385      1386       480       482      1388      1387       481
 -1        16    1    0    1
 -2      1385       679       680      1386      1388       682       681      1387
 -1        17    1    0    1
 -2       529      1393      1394       530       532      1396      1395       531
 -1        18    1    0    1
 -2      1393      1401      1402      1394      1396      1404      1403      1395
 -1        19    1    0    1
 -2      1401      1409      1410      1402      1404      1412      1411      1403
 -1        20    1    0    1
 -2      1409       729       730      1410      1412       732       731      1411
 -1        21    1    0    1
 -2       579      1417      1418       580       582      1420      1419       581
 -1        22    1    0    1
 -2      1417      1425      1426      1418      1420      1428      1427      1419
 -1        23    1    0    1
 -2      1425      1433      1434      1426      1428      1436      1435      1427
 -1        24    1    0    1
 -2      1433       779       780      1434      1436       782       781      1435
 -1        25    1    0    1
 -2       629      1441      1442       630       632      1444      1443       631
 -1        26    1    0    1
 -2      1441      1449      1450      1442      1444      1452      1451      1443
 -1        27    1    0    1
 -2      1449      1457      1458      1450      1452      1460      1459      1451
 -1        28    1    0    1
 -2      1457       829       830      1458      1460       832       831      1459
 -1        29    1    0    1
 -2       679      1465      1466       680       682      1468      1467       681
 -1        30    1    0    1
 -2      1465      1473      1474      1466      1468      1476      1475      1467
 -1        31    1    0    1
 -2      1473      1481      1482      1474      1476      1484      1483      1475
 -1        32    1    0    1
 -2      1481       879       880      1482      1484       882       881      1483
 -1        33    1    0    1
 -2       729      1489      1490       730       732      1492      1491       731
 -1        34    1    0    1
 -2      1489      1497      1498      1490      1492      1500      1499      1491
 -1        35    1    0    1
 -2      1497      1505      1506      1498      1500      1508      1507      1499
 -1        36    1    0    1
 -2      1505       929       930      1506      1508       932       931      1507
 -1        37    1    0    1
 -2       779      1513      1514       780       782      1516      1515       781
 -1        38    1    0    1
 -2      1513      1521      1522      1514      1516      1524      1523      1515
 -1        39    1    0    1
 -2      1521      1529      1530      1522      1524      1532      1531      1523
 -1        40    1    0    1
 -2      1529       979       980      1530      1532       982       981      1531
 -1        41    1    0    1
 -2       829      1537      1538       830       832      1540      1539       831
 -1        42    1    0    1
 -2      1537      1545      1546      1538      1540      1548      1547      1539
 -1        43    1    0    1
 -2      1545      1553      1554      1546      1548      1556      1555      1547
 -1        44    1    0    1
 -2      1553      1029      1030      1554      1556      1032      1031      1555
 -1        45    1    0    1
 -2       879      1561      1562       880       882      1564      1563       881
 -1        46    1    0    1
 -2      1561      1569      1570      1562      1564      1572      1571      1563
 -1        47    1    0    1
 -2      1569      1577      1578      1570      1572      1580      1579      1571
 -1        48    1    0    1
 -2      1577      1079      1080      1578      1580      1082      1081      1579
 -1        49    1    0    1
 -2       929      1585      1586       930       932      1588      1587       931
 -1        50    1    0    1
 -2      1585      1593      1594      1586      1588      1596      1595      1587
 -1        51    1    0    1
 -2      1593      1601      1602      1594      1596      1604      1603      1595
 -1        52    1    0    1
 -2      1601      1129      1130      1602      1604      1132      1131      1603
 -1        53    1    0    1
 -2       979      1609      1610       980       982      1612      1611       981
 -1        54    1    0    1
 -2      1609      1617      1618      1610      1612      1620      1619      1611
 -1        55    1    0    1
 -2      1617      1625      1626      1618      1620      1628      1627      1619
 -1        56    1    0    1
 -2      1625      1179      1180      1626      1628      1182      1181      1627
 -1        57    1    0    1
 -2      1029      1633      1634      1030      1032      1636      1635      1031
 -1        58    1    0    1
 -2      1633      1641      1642      1634      1636      1644      1643      1635
 -1        59    1    0    1
 -2      1641      1649      1650      1642      1644      1652      1651      1643
 -1        60    1    0    1
 -2      1649      1229      1230      1650      1652      1232      1231      1651
 -1        61    1    0    1
 -2      1079      1657      1658      1080      1082      1660      1659      1081
 -1        62    1    0    1
 -2      1657      1665      1666      1658      1660      1668      1667      1659
 -1        63    1    0    1
 -2      1665      1673      1674      1666      1668      1676      1675      1667
 -1        64    1    0    1
 -2      1673      1279      1280      1674      1676      1282      1281      1675
 -1        65    1    0    1
 -2       137      1681      1682       138       140      1684      1683       139
 -1        66    1    0    1
 -2      1681       187       188      1682      1684       190       189      1683
 -1        67    1    0    1
 -2       237      1689      1690       238       240      1692      1691       239
 -1        68    1    0    1
 -2      1689       287       288      1690      1692       290       289      1691
 -1        69    1    0    1
 -2       145      1697      1698       146       148      1700      1699       147
 -1        70    1    0    1
 -2      1697       245       246      1698      1700       248       247      1699
 -1        71    1    0    1
 -2       195      1705      1706       196       198      1708      1707       197
 -1        72    1    0    1
 -2      1705       295       296      1706      1708       298       297      1707
 -1        73    1    0    1
 -2       337      1713      1714       338       340      1716      1715       339
 -1        74    1    0    1
 -2      1713       387       388      1714      1716       390       389      1715
 -1        75    1    0    1
 -2       437      1721      1722       438       440      1724      1723       439
 -1        76    1    0    1
 -2      1721       487       488      1722      1724       490       489      1723
 -1        77    1    0    1
 -2       345      1729      1730       346       348      1732      1731       347
 -1        78    1    0    1
 -2      1729       445       446      1730      1732       448       447      1731
 -1        79    1    0    1
 -2       395      1737      1738       396       398      1740      1739       397
 -1        80    1    0    1
 -2      1737       495       496      1738      1740       498       497      1739
 -1        81    1    0    1
 -2       537      1745      1746       538       540      1748      1747       539
 -1        82    1    0    1
 -2      1745       587       588      1746      1748       590       589      1747
 -1        83    1    0    1
 -2       637      1753      1754       638       640      1756      1755       639
 -1        84    1    0    1
 -2      1753       687       688      1754      1756       690       689      1755
 -1        85    1    0    1
 -2       545      1761      1762       546       548      1764      1763       547
 -1        86    1    0    1
 -2      1761       645       646      1762      1764       648       647      1763
 -1        87    1    0    1
 -2       595      1769      1770       596       598      1772      1771       597
 -1        88    1    0    1
 -2      1769       695       696      1770      1772       698       697      1771
 -1        89    1    0    1
 -2       737      1777      1778       738       740      1780      1779       739
 -1        90    1    0    1
 -2      1777       787       788      1778      1780       790       789      1779
 -1        91    1    0    1
 -2       837      1785      1786       838       840      1788      1787       839
 -1        92    1    0    1
 -2      1785       887       888      1786      1788       890       889      1787
 -1        93    1    0    1
 -2       745      1793      1794       746       748      1796      1795       747
 -1        94    1    0    1
 -2      1793       845       846      1794      1796       848       847      1795
 -1        95    1    0    1
 -2       795      1801      1802       796       798      1804      1803       797
 -1        96    1    0    1
 -2      1801       895       896      1802      1804       898       897      1803
 -1        97    1    0    1
 -2       937       987       988       938       940       990       989       939
 -1        98    1    0    1
 -2      1037      1087      1088      1038      1040      1090      1089      1039
 -1        99    1    0    1
 -2       945      1045      1046       946       948      1048      1047       947
 -1       100    1    0    1
 -2       995      1095      1096       996       998      1098      1097       997
 -1       101    1    0    1
 -2      1137      1809      1810      1138      1140      1812      1811      1139
 -1       102    1    0    1
 -2      1809      1187      1188      1810      1812      1190      1189      1811
 -1       103    1    0    1
 -2      1237      1817      1818      1238      1240      1820      1819      1239
 -1       104    1    0    1
 -2      1817      1287      1288      1818      1820      1290      1289      1819
 -1       105    1    0    1
 -2      1145      1825      1826      1146      1148      1828      1827      1147
 -1       106    1    0    1
 -2      1825      1245      1246      1826      1828      1248      1247      1827
 -1       107    1    0    1
 -2      1195      1833      1834      1196      1198      1836      1835      1197
 -1       108    1    0    1
 -2      1833      1295      1296      1834      1836      1298      1297      1835
 -1       109    1    0    1
 -2       129      1841      1842       130       132      1844      1843       131
 -1       110    1    0    1
 -2      1841       429       430      1842      1844       432       431      1843
 -1       111    1    0    1
 -2       229      1849      1850       230       232      1852      1851       231
 -1       112    1    0    1
 -2      1849       329       330      1850      1852       332       331      1851
 -1       113    1    0    1
 -2       179      1857      1858       180       182      1860      1859       181
 -1       114    1    0    1
 -2      1857       479       480      1858      1860       482       481      1859
 -1       115    1    0    1
 -2       279      1865      1866       280       282      1868      1867       281
 -1       116    1    0    1
 -2      1865       379       380      1866      1868       382       381      1867
 -1       117    1    0    1
 -2       129      1873      1874       130       132      1876      1875       131
 -1       118    1    0    1
 -2      1873       379       380      1874      1876       382       381      1875
 -1       119    1    0    1
 -2       179      1881      1882       180       182      1884      1883       181
 -1       120    1    0    1
 -2      1881       329       330      1882      1884       332       331      1883
 -1       121    1    0    1
 -2       229      1889      1890       230       232      1892      1891       231
 -1       122    1    0    1
 -2      1889       479       480      1890      1892       482       481      1891
 -1       123    1    0    1
 -2       279      1897      1898       280       282      1900      1899       281
 -1       124    1    0    1
 -2      1897       429       430      1898      1900       432       431      1899
 -1       125    1    0    1
 -2       329      1905      1906       330       332      1908      1907       331
 -1       126    1    0    1
 -2      1905       629       630      1906      1908       632       631      1907
 -1       127    1    0    1
 -2       429      1913      1914       430       432      1916      1915       431
 -1       128    1    0    1
 -2      1913       529       530      1914      1916       532       531      1915
 -1       129    1    0    1
 -2       379      1921      1922       380       382      1924      1923       381
 -1       130    1    0    1
 -2      1921       679       680      1922      1924       682       681      1923
 -1       131    1    0    1
 -2       479      1929      1930       480       482      1932      1931       481
 -1       132    1    0    1
 -2      1929       579       580      1930      1932       582       581      1931
 -1       133    1    0    1
 -2       329      1937      1938       330       332      1940      1939       331
 -1       134    1    0    1
 -2      1937       579       580      1938      1940       582       581      1939
 -1       135    1    0    1
 -2       379      1945      1946       380       382      1948      1947       381
 -1       136    1    0    1
 -2      1945       529       530      1946      1948       532       531      1947
 -1       137    1    0    1
 -2       429      1953      1954       430       432      1956      1955       431
 -1       138    1    0    1
 -2      1953       679       680      1954      1956       682       681      1955
 -1       139    1    0    1
 -2       479      1961      1962       480       482      1964      1963       481
 -1       140    1    0    1
 -2      1961       629       630      1962      1964       632       631      1963
 -1       141    1    0    1
 -2       529      1969      1970       530       532      1972      1971       531
 -1       142    1    0    1
 -2      1969       829       830      1970      1972       832       831      1971
 -1       143    1    0    1
 -2       629      1977      1978       630       632      1980      1979       631
 -1       144    1    0    1
 -2      1977       729       730      1978      1980       732       731      1979
 -1       145    1    0    1
 -2       579      1985      1986       580       582      1988      1987       581
 -1       146    1    0    1
 -2      1985       879       880      1986      1988       882       881      1987
 -1       147    1    0    1
 -2       679      1993      1994       680       682      1996      1995       681
 -1       148    1    0    1
 -2      1993       779       780      1994      1996       782       781      1995
 -1       149    1    0    1
 -2       529      2001      2002       530       532      2004      2003       531
 -1       150    1    0    1
 -2      2001       779       780      2002      2004       782       781      2003
 -1       151    1    0    1
 -2       579      2009      2010       580       582      2012      2011       581
 -1       152    1    0    1
 -2      2009       729       730      2010      2012       732       731      2011
 -1       153    1    0    1
 -2       629      2017      2018       630       632      2020      2019       631
 -1       154    1    0    1
 -2      2017       879       880      2018      2020       882       881      2019
 -1       155    1    0    1
 -2       679      2025      2026       680       682      2028      2027       681
 -1       156    1    0    1
 -2      2025       829       830      2026      2028       832       831      2027
 -1       157    1    0    1
 -2       729      2033      2034       730       732      2036      2035       731
 -1       158    1    0    1
 -2      2033      1029      1030      2034      2036      1032      1031      2035
 -1       159    1    0    1
 -2       829      2041      2042       830       832      2044      2043       831
 -1       160    1    0    1
 -2      2041       929       930      2042      2044       932       931      2043
 -1       161    1    0    1
 -2       779      2049      2050       780       782      2052      2051       781
 -1       162    1    0    1
 -2      2049      1079      1080      2050      2052      1082      1081      2051
 -1       163    1    0    1
 -2       879      2057      2058       880       882      2060      2059       881
 -1       164    1    0    1
 -2      2057       979       980      2058      2060       982       981      2059
 -1       165    1    0    1
 -2       729      2065      2066       730       732      2068      2067       731
 -1       166    1    0    1
 -2      2065       979       980      2066      2068       982       981      2067
 -1       167    1    0    1
 -2       779      2073      2074       780       782      2076      2075       781
 -1       168    1    0    1
 -2      2073       929       930      2074      2076       932       931      2075
 -1       169    1    0    1
 -2       829      2081      2082       830       832      2084      2083       831
 -1       170    1    0    1
 -2      2081      1079      1080      2082      2084      1082      1081      2083
 -1       171    1    0    1
 -2       879      2089      2090       880       882      2092      2091       881
 -1       172    1    0    1
 -2      2089      1029      1030      2090      2092      1032      1031      2091
 -1       173    1    0    1
 -2       929      2097      2098       930       932      2100      2099       931
 -1       174    1    0    1
 -2      2097      1229      1230      2098      2100      1232      1231      2099
 -1       175    1    0    1
 -2      1029      2105      2106      1030      1032      2108      2107      1031
 -1       176    1    0    1
 -2      2105      1129      1130      2106      2108      1132      1131      2107
 -1       177    1    0    1
 -2       979      2113      2114       980       982      2116      2115       981
 -1       178    1    0    1
 -2      2113      1279      1280      2114      2116      1282      1281      2115
 -1       179    1    0    1
 -2      1079      2121      2122      1080      1082      2124      2123      1081
 -1       180    1    0    1
 -2      2121      1179      1180      2122      2124      1182      1181      2123
 -1       181    1    0    1
 -2       929      2129      2130       930       932      2132      2131       931
 -1       182    1    0    1
 -2      2129      1179      1180      2130      2132      1182      1181      2131
 -1       183    1    0    1
 -2       979      2137      2138       980       982      2140      2139       981
 -1       184    1    0    1
 -2      2137      1129      1130      2138      2140      1132      1131      2139
 -1       185    1    0    1
 -2      1029      2145      2146      1030      1032      2148      2147      1031
 -1       186    1    0    1
 -2      2145      1279      1280      2146      2148      1282      1281      2147
 -1       187    1    0    1
 -2      1079      2153      2154      1080      1082      2156      2155      1081
 -1       188    1    0    1
 -2      2153      1229      1230      2154      2156      1232      1231      2155
 -3
    1PSTEP                         1           1           1          
  100CL  101 1.000000000           0                     0    1           1
 -4  DISP        4    1
 -5  D1          1    2    1    0
 -5  D2          1    2    2    0
 -5  D3          1    2    3    0
 -5  ALL         1    2    0    0    1ALL
 -3
 9999
