SUMMARY OF C0NVERGENCE INFORMATION
  STEP   INC  ATT   ITER     CONT.   RESID.        CORR.      RESID.      CORR.
                              EL.    FORCE         DISP       FLUX        TEMP.
                              (#)     (%)           (%)        (%)         (%)
     1     1     1     1        0  0.3971E+02  0.1000E+03  0.0000E+00  0.0000E+00
     1     1     1     2        0  0.0000E+00  0.6495E-02  0.0000E+00  0.0000E+00
     1     2     1     1        0  0.7657E+01  0.2879E+02  0.0000E+00  0.0000E+00
     1     2     1     2        0  0.0000E+00  0.1316E-02  0.0000E+00  0.0000E+00
     1     3     1     1        0  0.4455E+02  0.3814E+02  0.0000E+00  0.0000E+00
     1     3     1     2        0  0.8411E-05  0.4230E-02  0.0000E+00  0.0000E+00
     1     4     1     1        0  0.3406E+02  0.2167E+02  0.0000E+00  0.0000E+00
     1     4     1     2        0  0.1068E-04  0.2712E-02  0.0000E+00  0.0000E+00
     1     5     1     1        0  0.6126E+02  0.1587E+02  0.0000E+00  0.0000E+00
     1     5     1     2        0  0.6088E-04  0.4336E-02  0.0000E+00  0.0000E+00
     1     6     1     1        0  0.1135E+03  0.3191E+01  0.0000E+00  0.0000E+00
     1     6     1     2        0  0.7541E-03  0.9244E-02  0.0000E+00  0.0000E+00
     1     7     1     1        0  0.1409E+03  0.7942E+01  0.0000E+00  0.0000E+00
     1     7     1     2        0  0.5782E-03  0.6071E-02  0.0000E+00  0.0000E+00
     1     8     1     1        0  0.2006E+03  0.2477E+02  0.0000E+00  0.0000E+00
     1     8     1     2        0  0.1824E-01  0.1209E+00  0.0000E+00  0.0000E+00
     1     9     1     1        0  0.8766E+02  0.8045E+02  0.0000E+00  0.0000E+00
     1     9     1     2        0  0.4187E-02  0.2501E+00  0.0000E+00  0.0000E+00
     1    10     1     1        0  0.4044E+02  0.2986E+02  0.0000E+00  0.0000E+00
     1    10     1     2        0  0.4009E-02  0.1137E+00  0.0000E+00  0.0000E+00
     1    11     1     1        0  0.1219E+02  0.7718E+01  0.0000E+00  0.0000E+00
     1    11     1     2        0  0.2758E-04  0.4136E-02  0.0000E+00  0.0000E+00
     1    12     1     1        0  0.3301E+02  0.2069E+01  0.0000E+00  0.0000E+00
     1    12     1     2        0  0.3587E-02  0.3936E-01  0.0000E+00  0.0000E+00
     1    13     1     1        0  0.5393E+02  0.9638E+01  0.0000E+00  0.0000E+00
     1    13     1     2        0  0.2557E-02  0.3793E-01  0.0000E+00  0.0000E+00
     1    14     1     1        0  0.1204E+03  0.2178E+02  0.0000E+00  0.0000E+00
     1    14     1     2        0  0.3000E-02  0.4049E-01  0.0000E+00  0.0000E+00
     1    15     1     1        0  0.3142E+02  0.6299E+02  0.0000E+00  0.0000E+00
     1    15     1     2        0  0.7399E-03  0.7010E-01  0.0000E+00  0.0000E+00
     1    16     1     1        0  0.2034E+02  0.3511E+02  0.0000E+00  0.0000E+00
     1    16     1     2        0  0.1531E-02  0.8864E-01  0.0000E+00  0.0000E+00
     1    17     1     1        0  0.4001E+02  0.1049E+02  0.0000E+00  0.0000E+00
     1    17     1     2        0  0.3105E-03  0.9399E-02  0.0000E+00  0.0000E+00
     1    18     1     1        0  0.1182E+02  0.4754E+01  0.0000E+00  0.0000E+00
     1    18     1     2        0  0.7353E-02  0.6273E-01  0.0000E+00  0.0000E+00
     1    19     1     1        0  0.8666E+02  0.1461E+02  0.0000E+00  0.0000E+00
     1    19     1     2        0  0.7952E-02  0.5907E-01  0.0000E+00  0.0000E+00
     1    20     1     1        0  0.3051E+02  0.2751E+02  0.0000E+00  0.0000E+00
     1    20     1     2        0  0.2226E-02  0.5828E-01  0.0000E+00  0.0000E+00
     1    21     1     1        0  0.3938E+02  0.1000E+03  0.0000E+00  0.0000E+00
     1    21     1     2        0  0.2203E-02  0.2160E+00  0.0000E+00  0.0000E+00
     1    22     1     1        0  0.3895E+02  0.2136E+02  0.0000E+00  0.0000E+00
     1    22     1     2        0  0.4593E-02  0.1062E+00  0.0000E+00  0.0000E+00
     1    23     1     1        0  0.3931E+01  0.1359E+01  0.0000E+00  0.0000E+00
     1    23     1     2        0  0.1459E-03  0.8780E-02  0.0000E+00  0.0000E+00
     1    24     1     1        0  0.5085E+02  0.9577E+01  0.0000E+00  0.0000E+00
     1    24     1     2        0  0.9953E-02  0.7165E-01  0.0000E+00  0.0000E+00
     1    25     1     1        0  0.3060E+02  0.1754E+02  0.0000E+00  0.0000E+00
     1    25     1     2        0  0.1662E-02  0.3338E-01  0.0000E+00  0.0000E+00
     1    26     1     1        0  0.3159E+02  0.4686E+02  0.0000E+00  0.0000E+00
     1    26     1     2        0  0.1530E-02  0.8222E-01  0.0000E+00  0.0000E+00
     1    27     1     1        0  0.6786E+02  0.6951E+02  0.0000E+00  0.0000E+00
     1    27     1     2        0  0.3280E-02  0.1844E+00  0.0000E+00  0.0000E+00
     1    28     1     1        0  0.5131E+01  0.8673E+01  0.0000E+00  0.0000E+00
     1    28     1     2        0  0.3611E-03  0.2712E-01  0.0000E+00  0.0000E+00
