    1C
    1UNormalized cross-passage space-truss torsion benchmark            
    1UUSER                                                              
    1UDATE              06.august.2026                                  
    1UTIME              08:14:19                                        
    1UHOST                                                              
    1UPGM               CalculiX                                        
    1UVERSION           Version 2.21                             
    1UCOMPILETIME       Sat Jul 29 10:52:01 CEST 2023                    
    1UDIR                                                               
    1UDBN                                                               
    1UMAT    1STEEL                                                     
    2C                          1016                                     1
 -1       205-1.19387E+00 9.08992E-04-3.55197E-02
 -1       206-1.23031E+00 3.48287E-03-1.92147E-02
 -1       207-1.20613E+00-9.08992E-04 3.55197E-02
 -1       208-1.16969E+00-3.48287E-03 1.92147E-02
 -1       213-1.20102E+00-3.40950E-02-1.16828E-02
 -1       214-1.20007E+00-2.33416E-03-3.59798E-02
 -1       215-1.19898E+00 3.40950E-02 1.16828E-02
 -1       216-1.19993E+00 2.33416E-03 3.59798E-02
 -1       221-1.23354E+00-1.32202E-02 3.96605E-04
 -1       222-1.20069E+00-3.60327E-02 1.08098E-03
 -1       223-1.16646E+00 1.32202E-02-3.96605E-04
 -1       224-1.19931E+00 3.60327E-02-1.08098E-03
 -1       255 1.20171E+00 2.73856E-03-3.59109E-02
 -1       256 1.16754E+00-1.76381E-03-1.55994E-02
 -1       257 1.19829E+00-2.73856E-03 3.59109E-02
 -1       258 1.23246E+00 1.76381E-03 1.55994E-02
 -1       263 1.20102E+00-3.38645E-02-1.23355E-02
 -1       264 1.20005E+00-1.64335E-03-3.60180E-02
 -1       265 1.19898E+00 3.38645E-02 1.23355E-02
 -1       266 1.19995E+00 1.64335E-03 3.60180E-02
 -1       271 1.16697E+00-1.44498E-02-4.33494E-04
 -1       272 1.20064E+00-3.60336E-02-1.08101E-03
 -1       273 1.23303E+00 1.44498E-02 4.33494E-04
 -1       274 1.19936E+00 3.60336E-02 1.08101E-03
 -1       305-1.19299E+00-3.16132E-03 1.96477E+00
 -1       306-1.22982E+00 1.19467E-03 1.97976E+00
 -1       307-1.20701E+00 3.16132E-03 2.03523E+00
 -1       308-1.17018E+00-1.19467E-03 2.02024E+00
 -1       313-1.19898E+00-3.38645E-02 1.98766E+00
 -1       314-1.19995E+00-1.64335E-03 1.96398E+00
 -1       315-1.20102E+00 3.38645E-02 2.01234E+00
 -1       316-1.20005E+00 1.64335E-03 2.03602E+00
 -1       321-1.23303E+00-1.44498E-02 1.99957E+00
 -1       322-1.19936E+00-3.60336E-02 1.99892E+00
 -1       323-1.16697E+00 1.44498E-02 2.00043E+00
 -1       324-1.20064E+00 3.60336E-02 2.00108E+00
 -1       355 1.20323E+00-1.18222E-03 1.96411E+00
 -1       356 1.16822E+00-3.50928E-03 1.98333E+00
 -1       357 1.19677E+00 1.18222E-03 2.03589E+00
 -1       358 1.23178E+00 3.50928E-03 2.01667E+00
 -1       363 1.19898E+00-3.40950E-02 1.98832E+00
 -1       364 1.19993E+00-2.33416E-03 1.96402E+00
 -1       365 1.20102E+00 3.40950E-02 2.01168E+00
 -1       366 1.20007E+00 2.33416E-03 2.03598E+00
 -1       371 1.16646E+00-1.32202E-02 2.00040E+00
 -1       372 1.19931E+00-3.60327E-02 2.00108E+00
 -1       373 1.23354E+00 1.32202E-02 1.99960E+00
 -1       374 1.20069E+00 3.60327E-02 1.99892E+00
 -1       405-1.19626E+00 9.99961E+00-3.58591E-02
 -1       406-1.23164E+00 9.99843E+00-1.72250E-02
 -1       407-1.20374E+00 1.00004E+01 3.58591E-02
 -1       408-1.16836E+00 1.00016E+01 1.72250E-02
 -1       413-1.20102E+00 9.96591E+00-1.16828E-02
 -1       414-1.20007E+00 9.99767E+00-3.59798E-02
 -1       415-1.19898E+00 1.00341E+01 1.16828E-02
 -1       416-1.19993E+00 1.00023E+01 3.59798E-02
 -1       421-1.23354E+00 9.98678E+00 3.96605E-04
 -1       422-1.20069E+00 9.96397E+00 1.08098E-03
 -1       423-1.16646E+00 1.00132E+01-3.96605E-04
 -1       424-1.19931E+00 1.00360E+01-1.08098E-03
 -1       429-1.19208E+00 9.99805E+00-3.51203E-02
 -1       430-1.22908E+00 1.00036E+01-2.09992E-02
 -1       431-1.20792E+00 1.00019E+01 3.51203E-02
 -1       432-1.17092E+00 9.99637E+00 2.09992E-02
 -1       471 1.20439E+00 9.99960E+00-3.57850E-02
 -1       472 1.16866E+00 9.99938E+00-1.78108E-02
 -1       473 1.19561E+00 1.00004E+01 3.57850E-02
 -1       474 1.23134E+00 1.00006E+01 1.78108E-02
 -1       479 1.20102E+00 9.96614E+00-1.23355E-02
 -1       480 1.20005E+00 9.99836E+00-3.60180E-02
 -1       481 1.19898E+00 1.00339E+01 1.23355E-02
 -1       482 1.19995E+00 1.00016E+01 3.60180E-02
 -1       487 1.16697E+00 9.98555E+00-4.33494E-04
 -1       488 1.20064E+00 9.96397E+00-1.08101E-03
 -1       489 1.23303E+00 1.00145E+01 4.33494E-04
 -1       490 1.19936E+00 1.00360E+01 1.08101E-03
 -1       521-1.19665E+00 1.00007E+01 1.96411E+00
 -1       522-1.23182E+00 9.99894E+00 1.98308E+00
 -1       523-1.20335E+00 9.99932E+00 2.03589E+00
 -1       524-1.16818E+00 1.00011E+01 2.01692E+00
 -1       529-1.19898E+00 9.96614E+00 1.98766E+00
 -1       530-1.19995E+00 9.99836E+00 1.96398E+00
 -1       531-1.20102E+00 1.00339E+01 2.01234E+00
 -1       532-1.20005E+00 1.00016E+01 2.03602E+00
 -1       537-1.23303E+00 9.98555E+00 1.99957E+00
 -1       538-1.19936E+00 9.96397E+00 1.99892E+00
 -1       539-1.16697E+00 1.00145E+01 2.00043E+00
 -1       540-1.20064E+00 1.00360E+01 2.00108E+00
 -1       545-1.19289E+00 9.99698E+00 1.96478E+00
 -1       546-1.22975E+00 1.00014E+01 1.97968E+00
 -1       547-1.20711E+00 1.00030E+01 2.03522E+00
 -1       548-1.17025E+00 9.99855E+00 2.02032E+00
 -1       587 1.20409E+00 1.00005E+01 1.96418E+00
 -1       588 1.16851E+00 9.99983E+00 1.98244E+00
 -1       589 1.19591E+00 9.99950E+00 2.03582E+00
 -1       590 1.23149E+00 1.00002E+01 2.01756E+00
 -1       595 1.19898E+00 9.96591E+00 1.98832E+00
 -1       596 1.19993E+00 9.99767E+00 1.96402E+00
 -1       597 1.20102E+00 1.00341E+01 2.01168E+00
 -1       598 1.20007E+00 1.00023E+01 2.03598E+00
 -1       603 1.16646E+00 9.98678E+00 2.00040E+00
 -1       604 1.19931E+00 9.96397E+00 2.00108E+00
 -1       605 1.23354E+00 1.00132E+01 1.99960E+00
 -1       606 1.20069E+00 1.00360E+01 1.99892E+00
 -1       637-1.19514E+00 1.99996E+01-3.57237E-02
 -1       638-1.23110E+00 2.00002E+01-1.82328E-02
 -1       639-1.20486E+00 2.00004E+01 3.57237E-02
 -1       640-1.16890E+00 1.99998E+01 1.82328E-02
 -1       645-1.20102E+00 1.99659E+01-1.16828E-02
 -1       646-1.20007E+00 1.99977E+01-3.59798E-02
 -1       647-1.19898E+00 2.00341E+01 1.16828E-02
 -1       648-1.19993E+00 2.00023E+01 3.59798E-02
 -1       653-1.23354E+00 1.99868E+01 3.96605E-04
 -1       654-1.20069E+00 1.99640E+01 1.08098E-03
 -1       655-1.16646E+00 2.00132E+01-3.96605E-04
 -1       656-1.19931E+00 2.00360E+01-1.08098E-03
 -1       687 1.20439E+00 1.99995E+01-3.57835E-02
 -1       688 1.16866E+00 1.99993E+01-1.78116E-02
 -1       689 1.19561E+00 2.00005E+01 3.57835E-02
 -1       690 1.23134E+00 2.00007E+01 1.78116E-02
 -1       695 1.20102E+00 1.99661E+01-1.23355E-02
 -1       696 1.20005E+00 1.99984E+01-3.60180E-02
 -1       697 1.19898E+00 2.00339E+01 1.23355E-02
 -1       698 1.19995E+00 2.00016E+01 3.60180E-02
 -1       703 1.16697E+00 1.99855E+01-4.33494E-04
 -1       704 1.20064E+00 1.99640E+01-1.08101E-03
 -1       705 1.23303E+00 2.00145E+01 4.33494E-04
 -1       706 1.19936E+00 2.00360E+01 1.08101E-03
 -1       737-1.19542E+00 2.00005E+01 1.96424E+00
 -1       738-1.23125E+00 2.00007E+01 1.98203E+00
 -1       739-1.20458E+00 1.99995E+01 2.03576E+00
 -1       740-1.16875E+00 1.99993E+01 2.01797E+00
 -1       745-1.19898E+00 1.99661E+01 1.98766E+00
 -1       746-1.19995E+00 1.99984E+01 1.96398E+00
 -1       747-1.20102E+00 2.00339E+01 2.01234E+00
 -1       748-1.20005E+00 2.00016E+01 2.03602E+00
 -1       753-1.23303E+00 1.99855E+01 1.99957E+00
 -1       754-1.19936E+00 1.99640E+01 1.99892E+00
 -1       755-1.16697E+00 2.00145E+01 2.00043E+00
 -1       756-1.20064E+00 2.00360E+01 2.00108E+00
 -1       787 1.20409E+00 2.00004E+01 1.96418E+00
 -1       788 1.16851E+00 1.99998E+01 1.98244E+00
 -1       789 1.19591E+00 1.99996E+01 2.03582E+00
 -1       790 1.23149E+00 2.00002E+01 2.01756E+00
 -1       795 1.19898E+00 1.99659E+01 1.98832E+00
 -1       796 1.19993E+00 1.99977E+01 1.96402E+00
 -1       797 1.20102E+00 2.00341E+01 2.01168E+00
 -1       798 1.20007E+00 2.00023E+01 2.03598E+00
 -1       803 1.16646E+00 1.99868E+01 2.00040E+00
 -1       804 1.19931E+00 1.99640E+01 2.00108E+00
 -1       805 1.23354E+00 2.00132E+01 1.99960E+00
 -1       806 1.20069E+00 2.00360E+01 1.99892E+00
 -1       837-1.19518E+00 2.99996E+01-3.57295E-02
 -1       838-1.23113E+00 3.00001E+01-1.81950E-02
 -1       839-1.20482E+00 3.00004E+01 3.57295E-02
 -1       840-1.16887E+00 2.99999E+01 1.81950E-02
 -1       845-1.20102E+00 2.99659E+01-1.16828E-02
 -1       846-1.20007E+00 2.99977E+01-3.59798E-02
 -1       847-1.19898E+00 3.00341E+01 1.16828E-02
 -1       848-1.19993E+00 3.00023E+01 3.59798E-02
 -1       853-1.23354E+00 2.99868E+01 3.96605E-04
 -1       854-1.20069E+00 2.99640E+01 1.08098E-03
 -1       855-1.16646E+00 3.00132E+01-3.96605E-04
 -1       856-1.19931E+00 3.00360E+01-1.08098E-03
 -1       887 1.20440E+00 2.99997E+01-3.57842E-02
 -1       888 1.16866E+00 2.99995E+01-1.78246E-02
 -1       889 1.19560E+00 3.00003E+01 3.57842E-02
 -1       890 1.23134E+00 3.00005E+01 1.78246E-02
 -1       895 1.20102E+00 2.99661E+01-1.23355E-02
 -1       896 1.20005E+00 2.99984E+01-3.60180E-02
 -1       897 1.19898E+00 3.00339E+01 1.23355E-02
 -1       898 1.19995E+00 3.00016E+01 3.60180E-02
 -1       903 1.16697E+00 2.99855E+01-4.33494E-04
 -1       904 1.20064E+00 2.99640E+01-1.08101E-03
 -1       905 1.23303E+00 3.00145E+01 4.33494E-04
 -1       906 1.19936E+00 3.00360E+01 1.08101E-03
 -1       937-1.19541E+00 3.00003E+01 1.96424E+00
 -1       938-1.23124E+00 3.00005E+01 1.98201E+00
 -1       939-1.20459E+00 2.99997E+01 2.03576E+00
 -1       940-1.16876E+00 2.99995E+01 2.01799E+00
 -1       945-1.19898E+00 2.99661E+01 1.98766E+00
 -1       946-1.19995E+00 2.99984E+01 1.96398E+00
 -1       947-1.20102E+00 3.00339E+01 2.01234E+00
 -1       948-1.20005E+00 3.00016E+01 2.03602E+00
 -1       953-1.23303E+00 2.99855E+01 1.99957E+00
 -1       954-1.19936E+00 2.99640E+01 1.99892E+00
 -1       955-1.16697E+00 3.00145E+01 2.00043E+00
 -1       956-1.20064E+00 3.00360E+01 2.00108E+00
 -1       987 1.20417E+00 3.00004E+01 1.96419E+00
 -1       988 1.16855E+00 2.99999E+01 1.98238E+00
 -1       989 1.19583E+00 2.99996E+01 2.03581E+00
 -1       990 1.23145E+00 3.00001E+01 2.01762E+00
 -1       995 1.19898E+00 2.99659E+01 1.98832E+00
 -1       996 1.19993E+00 2.99977E+01 1.96402E+00
 -1       997 1.20102E+00 3.00341E+01 2.01168E+00
 -1       998 1.20007E+00 3.00023E+01 2.03598E+00
 -1      1003 1.16646E+00 2.99868E+01 2.00040E+00
 -1      1004 1.19931E+00 2.99640E+01 2.00108E+00
 -1      1005 1.23354E+00 3.00132E+01 1.99960E+00
 -1      1006 1.20069E+00 3.00360E+01 1.99892E+00
 -1      1037-1.19518E+00 3.99996E+01-3.57295E-02
 -1      1038-1.23113E+00 4.00001E+01-1.81950E-02
 -1      1039-1.20482E+00 4.00004E+01 3.57295E-02
 -1      1040-1.16887E+00 3.99999E+01 1.81950E-02
 -1      1045-1.20102E+00 3.99659E+01-1.16828E-02
 -1      1046-1.20007E+00 3.99977E+01-3.59798E-02
 -1      1047-1.19898E+00 4.00341E+01 1.16828E-02
 -1      1048-1.19993E+00 4.00023E+01 3.59798E-02
 -1      1053-1.23354E+00 3.99868E+01 3.96605E-04
 -1      1054-1.20069E+00 3.99640E+01 1.08098E-03
 -1      1055-1.16646E+00 4.00132E+01-3.96605E-04
 -1      1056-1.19931E+00 4.00360E+01-1.08098E-03
 -1      1087 1.20440E+00 3.99997E+01-3.57842E-02
 -1      1088 1.16866E+00 3.99995E+01-1.78246E-02
 -1      1089 1.19560E+00 4.00003E+01 3.57842E-02
 -1      1090 1.23134E+00 4.00005E+01 1.78246E-02
 -1      1095 1.20102E+00 3.99661E+01-1.23355E-02
 -1      1096 1.20005E+00 3.99984E+01-3.60180E-02
 -1      1097 1.19898E+00 4.00339E+01 1.23355E-02
 -1      1098 1.19995E+00 4.00016E+01 3.60180E-02
 -1      1103 1.16697E+00 3.99855E+01-4.33494E-04
 -1      1104 1.20064E+00 3.99640E+01-1.08101E-03
 -1      1105 1.23303E+00 4.00145E+01 4.33494E-04
 -1      1106 1.19936E+00 4.00360E+01 1.08101E-03
 -1      1137-1.19541E+00 4.00003E+01 1.96424E+00
 -1      1138-1.23124E+00 4.00005E+01 1.98201E+00
 -1      1139-1.20459E+00 3.99997E+01 2.03576E+00
 -1      1140-1.16876E+00 3.99995E+01 2.01799E+00
 -1      1145-1.19898E+00 3.99661E+01 1.98766E+00
 -1      1146-1.19995E+00 3.99984E+01 1.96398E+00
 -1      1147-1.20102E+00 4.00339E+01 2.01234E+00
 -1      1148-1.20005E+00 4.00016E+01 2.03602E+00
 -1      1153-1.23303E+00 3.99855E+01 1.99957E+00
 -1      1154-1.19936E+00 3.99640E+01 1.99892E+00
 -1      1155-1.16697E+00 4.00145E+01 2.00043E+00
 -1      1156-1.20064E+00 4.00360E+01 2.00108E+00
 -1      1187 1.20417E+00 4.00004E+01 1.96419E+00
 -1      1188 1.16855E+00 3.99999E+01 1.98238E+00
 -1      1189 1.19583E+00 3.99996E+01 2.03581E+00
 -1      1190 1.23145E+00 4.00001E+01 2.01762E+00
 -1      1195 1.19898E+00 3.99659E+01 1.98832E+00
 -1      1196 1.19993E+00 3.99977E+01 1.96402E+00
 -1      1197 1.20102E+00 4.00341E+01 2.01168E+00
 -1      1198 1.20007E+00 4.00023E+01 2.03598E+00
 -1      1203 1.16646E+00 3.99868E+01 2.00040E+00
 -1      1204 1.19931E+00 3.99640E+01 2.00108E+00
 -1      1205 1.23354E+00 4.00132E+01 1.99960E+00
 -1      1206 1.20069E+00 4.00360E+01 1.99892E+00
 -1      1237-1.19617E+00 4.99979E+01-3.57896E-02
 -1      1238-1.23154E+00 4.99967E+01-1.71518E-02
 -1      1239-1.20383E+00 5.00021E+01 3.57896E-02
 -1      1240-1.16846E+00 5.00033E+01 1.71518E-02
 -1      1245-1.20102E+00 4.99659E+01-1.16828E-02
 -1      1246-1.20007E+00 4.99977E+01-3.59798E-02
 -1      1247-1.19898E+00 5.00341E+01 1.16828E-02
 -1      1248-1.19993E+00 5.00023E+01 3.59798E-02
 -1      1253-1.23354E+00 4.99868E+01 3.96605E-04
 -1      1254-1.20069E+00 4.99640E+01 1.08098E-03
 -1      1255-1.16646E+00 5.00132E+01-3.96605E-04
 -1      1256-1.19931E+00 5.00360E+01-1.08098E-03
 -1      1287 1.20664E+00 4.99965E+01-3.52641E-02
 -1      1288 1.16992E+00 5.00004E+01-1.98802E-02
 -1      1289 1.19336E+00 5.00035E+01 3.52641E-02
 -1      1290 1.23008E+00 4.99996E+01 1.98802E-02
 -1      1295 1.20102E+00 4.99661E+01-1.23355E-02
 -1      1296 1.20005E+00 4.99984E+01-3.60180E-02
 -1      1297 1.19898E+00 5.00339E+01 1.23355E-02
 -1      1298 1.19995E+00 5.00016E+01 3.60180E-02
 -1      1303 1.16697E+00 4.99855E+01-4.33494E-04
 -1      1304 1.20064E+00 4.99640E+01-1.08101E-03
 -1      1305 1.23303E+00 5.00145E+01 4.33494E-04
 -1      1306 1.19936E+00 5.00360E+01 1.08101E-03
 -1      1337-1.19818E+00 5.00032E+01 1.96414E+00
 -1      1338-1.23246E+00 4.99991E+01 1.98433E+00
 -1      1339-1.20182E+00 4.99968E+01 2.03586E+00
 -1      1340-1.16754E+00 5.00009E+01 2.01567E+00
 -1      1345-1.19898E+00 4.99661E+01 1.98766E+00
 -1      1346-1.19995E+00 4.99984E+01 1.96398E+00
 -1      1347-1.20102E+00 5.00339E+01 2.01234E+00
 -1      1348-1.20005E+00 5.00016E+01 2.03602E+00
 -1      1353-1.23303E+00 4.99855E+01 1.99957E+00
 -1      1354-1.19936E+00 4.99640E+01 1.99892E+00
 -1      1355-1.16697E+00 5.00145E+01 2.00043E+00
 -1      1356-1.20064E+00 5.00360E+01 2.00108E+00
 -1      1387 1.20529E+00 5.00020E+01 1.96439E+00
 -1      1388 1.16919E+00 5.00033E+01 1.98157E+00
 -1      1389 1.19471E+00 4.99980E+01 2.03561E+00
 -1      1390 1.23081E+00 4.99967E+01 2.01843E+00
 -1      1395 1.19898E+00 4.99659E+01 1.98832E+00
 -1      1396 1.19993E+00 4.99977E+01 1.96402E+00
 -1      1397 1.20102E+00 5.00341E+01 2.01168E+00
 -1      1398 1.20007E+00 5.00023E+01 2.03598E+00
 -1      1403 1.16646E+00 4.99868E+01 2.00040E+00
 -1      1404 1.19931E+00 4.99640E+01 2.00108E+00
 -1      1405 1.23354E+00 5.00132E+01 1.99960E+00
 -1      1406 1.20069E+00 5.00360E+01 1.99892E+00
 -1      1437-1.19510E+00 1.24849E+00-9.30910E-02
 -1      1438-1.23109E+00 1.24923E+00-7.56508E-02
 -1      1439-1.20490E+00 1.25151E+00-2.17140E-02
 -1      1440-1.16891E+00 1.25077E+00-3.91543E-02
 -1      1445-1.19519E+00 2.49884E+00-1.41781E-01
 -1      1446-1.23114E+00 2.49941E+00-1.24237E-01
 -1      1447-1.20481E+00 2.50116E+00-7.03511E-02
 -1      1448-1.16886E+00 2.50059E+00-8.78954E-02
 -1      1453-1.19534E+00 3.74937E+00-1.74330E-01
 -1      1454-1.23121E+00 3.74968E+00-1.56628E-01
 -1      1455-1.20466E+00 3.75063E+00-1.02834E-01
 -1      1456-1.16879E+00 3.75032E+00-1.20535E-01
 -1      1461-1.19553E+00 5.00000E+00-1.85777E-01
 -1      1462-1.23131E+00 5.00000E+00-1.67888E-01
 -1      1463-1.20447E+00 5.00000E+00-1.14223E-01
 -1      1464-1.16869E+00 5.00000E+00-1.32112E-01
 -1      1469-1.19572E+00 6.25063E+00-1.74377E-01
 -1      1470-1.23140E+00 6.25031E+00-1.56298E-01
 -1      1471-1.20428E+00 6.24937E+00-1.02787E-01
 -1      1472-1.16860E+00 6.24969E+00-1.20866E-01
 -1      1477-1.19589E+00 7.50116E+00-1.41868E-01
 -1      1478-1.23149E+00 7.50057E+00-1.23626E-01
 -1      1479-1.20411E+00 7.49884E+00-7.02642E-02
 -1      1480-1.16851E+00 7.49943E+00-8.85056E-02
 -1      1485-1.19601E+00 8.75152E+00-9.32042E-02
 -1      1486-1.23154E+00 8.75074E+00-7.48534E-02
 -1      1487-1.20399E+00 8.74848E+00-2.16008E-02
 -1      1488-1.16846E+00 8.74926E+00-3.99517E-02
 -1      1493 1.20399E+00 1.25152E+00 2.16008E-02
 -1      1494 1.16846E+00 1.25074E+00 3.99517E-02
 -1      1495 1.19601E+00 1.24848E+00 9.32042E-02
 -1      1496 1.23154E+00 1.24926E+00 7.48534E-02
 -1      1501 1.20411E+00 2.50116E+00 7.02642E-02
 -1      1502 1.16851E+00 2.50057E+00 8.85056E-02
 -1      1503 1.19589E+00 2.49884E+00 1.41868E-01
 -1      1504 1.23149E+00 2.49943E+00 1.23626E-01
 -1      1509 1.20428E+00 3.75063E+00 1.02787E-01
 -1      1510 1.16860E+00 3.75031E+00 1.20866E-01
 -1      1511 1.19572E+00 3.74937E+00 1.74377E-01
 -1      1512 1.23140E+00 3.74969E+00 1.56298E-01
 -1      1517 1.20447E+00 5.00000E+00 1.14223E-01
 -1      1518 1.16869E+00 5.00000E+00 1.32112E-01
 -1      1519 1.19553E+00 5.00000E+00 1.85777E-01
 -1      1520 1.23131E+00 5.00000E+00 1.67888E-01
 -1      1525 1.20466E+00 6.24937E+00 1.02834E-01
 -1      1526 1.16879E+00 6.24968E+00 1.20535E-01
 -1      1527 1.19534E+00 6.25063E+00 1.74330E-01
 -1      1528 1.23121E+00 6.25032E+00 1.56628E-01
 -1      1533 1.20481E+00 7.49884E+00 7.03511E-02
 -1      1534 1.16886E+00 7.49941E+00 8.78954E-02
 -1      1535 1.19519E+00 7.50116E+00 1.41781E-01
 -1      1536 1.23114E+00 7.50059E+00 1.24237E-01
 -1      1541 1.20490E+00 8.74849E+00 2.17140E-02
 -1      1542 1.16891E+00 8.74923E+00 3.91543E-02
 -1      1543 1.19510E+00 8.75151E+00 9.30910E-02
 -1      1544 1.23109E+00 8.75077E+00 7.56508E-02
 -1      1549-1.19510E+00 1.24849E+00 1.90691E+00
 -1      1550-1.23109E+00 1.24923E+00 1.92435E+00
 -1      1551-1.20490E+00 1.25151E+00 1.97829E+00
 -1      1552-1.16891E+00 1.25077E+00 1.96085E+00
 -1      1557-1.19519E+00 2.49884E+00 1.85822E+00
 -1      1558-1.23114E+00 2.49941E+00 1.87576E+00
 -1      1559-1.20481E+00 2.50116E+00 1.92965E+00
 -1      1560-1.16886E+00 2.50059E+00 1.91210E+00
 -1      1565-1.19534E+00 3.74937E+00 1.82567E+00
 -1      1566-1.23121E+00 3.74968E+00 1.84337E+00
 -1      1567-1.20466E+00 3.75063E+00 1.89717E+00
 -1      1568-1.16879E+00 3.75032E+00 1.87946E+00
 -1      1573-1.19553E+00 5.00000E+00 1.81422E+00
 -1      1574-1.23131E+00 5.00000E+00 1.83211E+00
 -1      1575-1.20447E+00 5.00000E+00 1.88578E+00
 -1      1576-1.16869E+00 5.00000E+00 1.86789E+00
 -1      1581-1.19572E+00 6.25063E+00 1.82562E+00
 -1      1582-1.23140E+00 6.25031E+00 1.84370E+00
 -1      1583-1.20428E+00 6.24937E+00 1.89721E+00
 -1      1584-1.16860E+00 6.24969E+00 1.87913E+00
 -1      1589-1.19589E+00 7.50116E+00 1.85813E+00
 -1      1590-1.23149E+00 7.50057E+00 1.87637E+00
 -1      1591-1.20411E+00 7.49884E+00 1.92974E+00
 -1      1592-1.16851E+00 7.49943E+00 1.91149E+00
 -1      1597-1.19601E+00 8.75152E+00 1.90680E+00
 -1      1598-1.23154E+00 8.75074E+00 1.92515E+00
 -1      1599-1.20399E+00 8.74848E+00 1.97840E+00
 -1      1600-1.16846E+00 8.74926E+00 1.96005E+00
 -1      1605 1.20399E+00 1.25152E+00 2.02160E+00
 -1      1606 1.16846E+00 1.25074E+00 2.03995E+00
 -1      1607 1.19601E+00 1.24848E+00 2.09320E+00
 -1      1608 1.23154E+00 1.24926E+00 2.07485E+00
 -1      1613 1.20411E+00 2.50116E+00 2.07026E+00
 -1      1614 1.16851E+00 2.50057E+00 2.08851E+00
 -1      1615 1.19589E+00 2.49884E+00 2.14187E+00
 -1      1616 1.23149E+00 2.49943E+00 2.12363E+00
 -1      1621 1.20428E+00 3.75063E+00 2.10279E+00
 -1      1622 1.16860E+00 3.75031E+00 2.12087E+00
 -1      1623 1.19572E+00 3.74937E+00 2.17438E+00
 -1      1624 1.23140E+00 3.74969E+00 2.15630E+00
 -1      1629 1.20447E+00 5.00000E+00 2.11422E+00
 -1      1630 1.16869E+00 5.00000E+00 2.13211E+00
 -1      1631 1.19553E+00 5.00000E+00 2.18578E+00
 -1      1632 1.23131E+00 5.00000E+00 2.16789E+00
 -1      1637 1.20466E+00 6.24937E+00 2.10283E+00
 -1      1638 1.16879E+00 6.24968E+00 2.12054E+00
 -1      1639 1.19534E+00 6.25063E+00 2.17433E+00
 -1      1640 1.23121E+00 6.25032E+00 2.15663E+00
 -1      1645 1.20481E+00 7.49884E+00 2.07035E+00
 -1      1646 1.16886E+00 7.49941E+00 2.08790E+00
 -1      1647 1.19519E+00 7.50116E+00 2.14178E+00
 -1      1648 1.23114E+00 7.50059E+00 2.12424E+00
 -1      1653 1.20490E+00 8.74849E+00 2.02171E+00
 -1      1654 1.16891E+00 8.74923E+00 2.03915E+00
 -1      1655 1.19510E+00 8.75151E+00 2.09309E+00
 -1      1656 1.23109E+00 8.75077E+00 2.07565E+00
 -1      1661-1.19510E+00 1.12485E+01-9.30910E-02
 -1      1662-1.23109E+00 1.12492E+01-7.56508E-02
 -1      1663-1.20490E+00 1.12515E+01-2.17140E-02
 -1      1664-1.16891E+00 1.12508E+01-3.91543E-02
 -1      1669-1.19519E+00 1.24988E+01-1.41781E-01
 -1      1670-1.23114E+00 1.24994E+01-1.24237E-01
 -1      1671-1.20481E+00 1.25012E+01-7.03511E-02
 -1      1672-1.16886E+00 1.25006E+01-8.78954E-02
 -1      1677-1.19534E+00 1.37494E+01-1.74330E-01
 -1      1678-1.23121E+00 1.37497E+01-1.56628E-01
 -1      1679-1.20466E+00 1.37506E+01-1.02834E-01
 -1      1680-1.16879E+00 1.37503E+01-1.20535E-01
 -1      1685-1.19553E+00 1.50000E+01-1.85777E-01
 -1      1686-1.23131E+00 1.50000E+01-1.67888E-01
 -1      1687-1.20447E+00 1.50000E+01-1.14223E-01
 -1      1688-1.16869E+00 1.50000E+01-1.32112E-01
 -1      1693-1.19572E+00 1.62506E+01-1.74377E-01
 -1      1694-1.23140E+00 1.62503E+01-1.56298E-01
 -1      1695-1.20428E+00 1.62494E+01-1.02787E-01
 -1      1696-1.16860E+00 1.62497E+01-1.20866E-01
 -1      1701-1.19589E+00 1.75012E+01-1.41868E-01
 -1      1702-1.23149E+00 1.75006E+01-1.23626E-01
 -1      1703-1.20411E+00 1.74988E+01-7.02642E-02
 -1      1704-1.16851E+00 1.74994E+01-8.85056E-02
 -1      1709-1.19601E+00 1.87515E+01-9.32042E-02
 -1      1710-1.23154E+00 1.87507E+01-7.48534E-02
 -1      1711-1.20399E+00 1.87485E+01-2.16008E-02
 -1      1712-1.16846E+00 1.87493E+01-3.99517E-02
 -1      1717 1.20399E+00 1.12515E+01 2.16008E-02
 -1      1718 1.16846E+00 1.12507E+01 3.99517E-02
 -1      1719 1.19601E+00 1.12485E+01 9.32042E-02
 -1      1720 1.23154E+00 1.12493E+01 7.48534E-02
 -1      1725 1.20411E+00 1.25012E+01 7.02642E-02
 -1      1726 1.16851E+00 1.25006E+01 8.85056E-02
 -1      1727 1.19589E+00 1.24988E+01 1.41868E-01
 -1      1728 1.23149E+00 1.24994E+01 1.23626E-01
 -1      1733 1.20428E+00 1.37506E+01 1.02787E-01
 -1      1734 1.16860E+00 1.37503E+01 1.20866E-01
 -1      1735 1.19572E+00 1.37494E+01 1.74377E-01
 -1      1736 1.23140E+00 1.37497E+01 1.56298E-01
 -1      1741 1.20447E+00 1.50000E+01 1.14223E-01
 -1      1742 1.16869E+00 1.50000E+01 1.32112E-01
 -1      1743 1.19553E+00 1.50000E+01 1.85777E-01
 -1      1744 1.23131E+00 1.50000E+01 1.67888E-01
 -1      1749 1.20466E+00 1.62494E+01 1.02834E-01
 -1      1750 1.16879E+00 1.62497E+01 1.20535E-01
 -1      1751 1.19534E+00 1.62506E+01 1.74330E-01
 -1      1752 1.23121E+00 1.62503E+01 1.56628E-01
 -1      1757 1.20481E+00 1.74988E+01 7.03511E-02
 -1      1758 1.16886E+00 1.74994E+01 8.78954E-02
 -1      1759 1.19519E+00 1.75012E+01 1.41781E-01
 -1      1760 1.23114E+00 1.75006E+01 1.24237E-01
 -1      1765 1.20490E+00 1.87485E+01 2.17140E-02
 -1      1766 1.16891E+00 1.87492E+01 3.91543E-02
 -1      1767 1.19510E+00 1.87515E+01 9.30910E-02
 -1      1768 1.23109E+00 1.87508E+01 7.56508E-02
 -1      1773-1.19510E+00 1.12485E+01 1.90691E+00
 -1      1774-1.23109E+00 1.12492E+01 1.92435E+00
 -1      1775-1.20490E+00 1.12515E+01 1.97829E+00
 -1      1776-1.16891E+00 1.12508E+01 1.96085E+00
 -1      1781-1.19519E+00 1.24988E+01 1.85822E+00
 -1      1782-1.23114E+00 1.24994E+01 1.87576E+00
 -1      1783-1.20481E+00 1.25012E+01 1.92965E+00
 -1      1784-1.16886E+00 1.25006E+01 1.91210E+00
 -1      1789-1.19534E+00 1.37494E+01 1.82567E+00
 -1      1790-1.23121E+00 1.37497E+01 1.84337E+00
 -1      1791-1.20466E+00 1.37506E+01 1.89717E+00
 -1      1792-1.16879E+00 1.37503E+01 1.87946E+00
 -1      1797-1.19553E+00 1.50000E+01 1.81422E+00
 -1      1798-1.23131E+00 1.50000E+01 1.83211E+00
 -1      1799-1.20447E+00 1.50000E+01 1.88578E+00
 -1      1800-1.16869E+00 1.50000E+01 1.86789E+00
 -1      1805-1.19572E+00 1.62506E+01 1.82562E+00
 -1      1806-1.23140E+00 1.62503E+01 1.84370E+00
 -1      1807-1.20428E+00 1.62494E+01 1.89721E+00
 -1      1808-1.16860E+00 1.62497E+01 1.87913E+00
 -1      1813-1.19589E+00 1.75012E+01 1.85813E+00
 -1      1814-1.23149E+00 1.75006E+01 1.87637E+00
 -1      1815-1.20411E+00 1.74988E+01 1.92974E+00
 -1      1816-1.16851E+00 1.74994E+01 1.91149E+00
 -1      1821-1.19601E+00 1.87515E+01 1.90680E+00
 -1      1822-1.23154E+00 1.87507E+01 1.92515E+00
 -1      1823-1.20399E+00 1.87485E+01 1.97840E+00
 -1      1824-1.16846E+00 1.87493E+01 1.96005E+00
 -1      1829 1.20399E+00 1.12515E+01 2.02160E+00
 -1      1830 1.16846E+00 1.12507E+01 2.03995E+00
 -1      1831 1.19601E+00 1.12485E+01 2.09320E+00
 -1      1832 1.23154E+00 1.12493E+01 2.07485E+00
 -1      1837 1.20411E+00 1.25012E+01 2.07026E+00
 -1      1838 1.16851E+00 1.25006E+01 2.08851E+00
 -1      1839 1.19589E+00 1.24988E+01 2.14187E+00
 -1      1840 1.23149E+00 1.24994E+01 2.12363E+00
 -1      1845 1.20428E+00 1.37506E+01 2.10279E+00
 -1      1846 1.16860E+00 1.37503E+01 2.12087E+00
 -1      1847 1.19572E+00 1.37494E+01 2.17438E+00
 -1      1848 1.23140E+00 1.37497E+01 2.15630E+00
 -1      1853 1.20447E+00 1.50000E+01 2.11422E+00
 -1      1854 1.16869E+00 1.50000E+01 2.13211E+00
 -1      1855 1.19553E+00 1.50000E+01 2.18578E+00
 -1      1856 1.23131E+00 1.50000E+01 2.16789E+00
 -1      1861 1.20466E+00 1.62494E+01 2.10283E+00
 -1      1862 1.16879E+00 1.62497E+01 2.12054E+00
 -1      1863 1.19534E+00 1.62506E+01 2.17433E+00
 -1      1864 1.23121E+00 1.62503E+01 2.15663E+00
 -1      1869 1.20481E+00 1.74988E+01 2.07035E+00
 -1      1870 1.16886E+00 1.74994E+01 2.08790E+00
 -1      1871 1.19519E+00 1.75012E+01 2.14178E+00
 -1      1872 1.23114E+00 1.75006E+01 2.12424E+00
 -1      1877 1.20490E+00 1.87485E+01 2.02171E+00
 -1      1878 1.16891E+00 1.87492E+01 2.03915E+00
 -1      1879 1.19510E+00 1.87515E+01 2.09309E+00
 -1      1880 1.23109E+00 1.87508E+01 2.07565E+00
 -1      1885-1.19553E+00 2.50000E+01-1.85778E-01
 -1      1886-1.23131E+00 2.50000E+01-1.67883E-01
 -1      1887-1.20447E+00 2.50000E+01-1.14222E-01
 -1      1888-1.16869E+00 2.50000E+01-1.32117E-01
 -1      1893 1.20447E+00 2.50000E+01 1.14222E-01
 -1      1894 1.16869E+00 2.50000E+01 1.32117E-01
 -1      1895 1.19553E+00 2.50000E+01 1.85778E-01
 -1      1896 1.23131E+00 2.50000E+01 1.67883E-01
 -1      1901-1.19553E+00 2.50000E+01 1.81422E+00
 -1      1902-1.23131E+00 2.50000E+01 1.83212E+00
 -1      1903-1.20447E+00 2.50000E+01 1.88578E+00
 -1      1904-1.16869E+00 2.50000E+01 1.86788E+00
 -1      1909 1.20447E+00 2.50000E+01 2.11422E+00
 -1      1910 1.16869E+00 2.50000E+01 2.13212E+00
 -1      1911 1.19553E+00 2.50000E+01 2.18578E+00
 -1      1912 1.23131E+00 2.50000E+01 2.16788E+00
 -1      1917-1.19553E+00 3.50000E+01-1.85778E-01
 -1      1918-1.23131E+00 3.50000E+01-1.67883E-01
 -1      1919-1.20447E+00 3.50000E+01-1.14222E-01
 -1      1920-1.16869E+00 3.50000E+01-1.32117E-01
 -1      1925 1.20447E+00 3.50000E+01 1.14222E-01
 -1      1926 1.16869E+00 3.50000E+01 1.32117E-01
 -1      1927 1.19553E+00 3.50000E+01 1.85778E-01
 -1      1928 1.23131E+00 3.50000E+01 1.67883E-01
 -1      1933-1.19553E+00 3.50000E+01 1.81422E+00
 -1      1934-1.23131E+00 3.50000E+01 1.83212E+00
 -1      1935-1.20447E+00 3.50000E+01 1.88578E+00
 -1      1936-1.16869E+00 3.50000E+01 1.86788E+00
 -1      1941 1.20447E+00 3.50000E+01 2.11422E+00
 -1      1942 1.16869E+00 3.50000E+01 2.13212E+00
 -1      1943 1.19553E+00 3.50000E+01 2.18578E+00
 -1      1944 1.23131E+00 3.50000E+01 2.16788E+00
 -1      1949-1.19553E+00 4.50000E+01-1.85778E-01
 -1      1950-1.23131E+00 4.50000E+01-1.67883E-01
 -1      1951-1.20447E+00 4.50000E+01-1.14222E-01
 -1      1952-1.16869E+00 4.50000E+01-1.32117E-01
 -1      1957 1.20447E+00 4.50000E+01 1.14222E-01
 -1      1958 1.16869E+00 4.50000E+01 1.32117E-01
 -1      1959 1.19553E+00 4.50000E+01 1.85778E-01
 -1      1960 1.23131E+00 4.50000E+01 1.67883E-01
 -1      1965-1.19553E+00 4.50000E+01 1.81422E+00
 -1      1966-1.23131E+00 4.50000E+01 1.83212E+00
 -1      1967-1.20447E+00 4.50000E+01 1.88578E+00
 -1      1968-1.16869E+00 4.50000E+01 1.86788E+00
 -1      1973 1.20447E+00 4.50000E+01 2.11422E+00
 -1      1974 1.16869E+00 4.50000E+01 2.13212E+00
 -1      1975 1.19553E+00 4.50000E+01 2.18578E+00
 -1      1976 1.23131E+00 4.50000E+01 2.16788E+00
 -1      1981 0.00000E+00-6.99992E-02-1.20023E-02
 -1      1982 0.00000E+00-3.79975E-02-3.60001E-02
 -1      1983 0.00000E+00-2.00083E-03 1.20023E-02
 -1      1984 0.00000E+00-3.40025E-02 3.60001E-02
 -1      1989 0.00000E+00 2.00083E-03 1.98800E+00
 -1      1990 0.00000E+00 3.40025E-02 1.96400E+00
 -1      1991 0.00000E+00 6.99992E-02 2.01200E+00
 -1      1992 0.00000E+00 3.79975E-02 2.03600E+00
 -1      1997-1.23329E+00 1.61495E-02 1.00000E+00
 -1      1998-1.20002E+00-6.05551E-03 1.00000E+00
 -1      1999-1.16671E+00 4.38505E-02 1.00000E+00
 -1      2000-1.19998E+00 6.60555E-02 1.00000E+00
 -1      2005 1.16671E+00-4.38505E-02 1.00000E+00
 -1      2006 1.19998E+00-6.60555E-02 1.00000E+00
 -1      2007 1.23329E+00-1.61495E-02 1.00000E+00
 -1      2008 1.20002E+00 6.05551E-03 1.00000E+00
 -1      2013 0.00000E+00 9.93000E+00-1.20023E-02
 -1      2014 0.00000E+00 9.96200E+00-3.60001E-02
 -1      2015 0.00000E+00 9.99800E+00 1.20023E-02
 -1      2016 0.00000E+00 9.96600E+00 3.60001E-02
 -1      2021 0.00000E+00 1.00020E+01 1.98800E+00
 -1      2022 0.00000E+00 1.00340E+01 1.96400E+00
 -1      2023 0.00000E+00 1.00700E+01 2.01200E+00
 -1      2024 0.00000E+00 1.00380E+01 2.03600E+00
 -1      2029-1.23329E+00 1.00161E+01 1.00000E+00
 -1      2030-1.20002E+00 9.99394E+00 1.00000E+00
 -1      2031-1.16671E+00 1.00439E+01 1.00000E+00
 -1      2032-1.19998E+00 1.00661E+01 1.00000E+00
 -1      2037 1.16671E+00 9.95615E+00 1.00000E+00
 -1      2038 1.19998E+00 9.93394E+00 1.00000E+00
 -1      2039 1.23329E+00 9.98385E+00 1.00000E+00
 -1      2040 1.20002E+00 1.00061E+01 1.00000E+00
 -1      2045 0.00000E+00 1.99300E+01-1.20023E-02
 -1      2046 0.00000E+00 1.99620E+01-3.60001E-02
 -1      2047 0.00000E+00 1.99980E+01 1.20023E-02
 -1      2048 0.00000E+00 1.99660E+01 3.60001E-02
 -1      2053 0.00000E+00 2.00020E+01 1.98800E+00
 -1      2054 0.00000E+00 2.00340E+01 1.96400E+00
 -1      2055 0.00000E+00 2.00700E+01 2.01200E+00
 -1      2056 0.00000E+00 2.00380E+01 2.03600E+00
 -1      2061-1.23329E+00 2.00161E+01 1.00000E+00
 -1      2062-1.20002E+00 1.99939E+01 1.00000E+00
 -1      2063-1.16671E+00 2.00438E+01 1.00000E+00
 -1      2064-1.19998E+00 2.00661E+01 1.00000E+00
 -1      2069 1.16671E+00 1.99562E+01 1.00000E+00
 -1      2070 1.19998E+00 1.99339E+01 1.00000E+00
 -1      2071 1.23329E+00 1.99839E+01 1.00000E+00
 -1      2072 1.20002E+00 2.00061E+01 1.00000E+00
 -1      2077 0.00000E+00 2.99300E+01-1.20023E-02
 -1      2078 0.00000E+00 2.99620E+01-3.60001E-02
 -1      2079 0.00000E+00 2.99980E+01 1.20023E-02
 -1      2080 0.00000E+00 2.99660E+01 3.60001E-02
 -1      2085 0.00000E+00 3.00020E+01 1.98800E+00
 -1      2086 0.00000E+00 3.00340E+01 1.96400E+00
 -1      2087 0.00000E+00 3.00700E+01 2.01200E+00
 -1      2088 0.00000E+00 3.00380E+01 2.03600E+00
 -1      2093-1.23329E+00 3.00161E+01 1.00000E+00
 -1      2094-1.20002E+00 2.99939E+01 1.00000E+00
 -1      2095-1.16671E+00 3.00438E+01 1.00000E+00
 -1      2096-1.19998E+00 3.00661E+01 1.00000E+00
 -1      2101 1.16671E+00 2.99562E+01 1.00000E+00
 -1      2102 1.19998E+00 2.99339E+01 1.00000E+00
 -1      2103 1.23329E+00 2.99839E+01 1.00000E+00
 -1      2104 1.20002E+00 3.00061E+01 1.00000E+00
 -1      2109 0.00000E+00 3.99300E+01-1.20023E-02
 -1      2110 0.00000E+00 3.99620E+01-3.60001E-02
 -1      2111 0.00000E+00 3.99980E+01 1.20023E-02
 -1      2112 0.00000E+00 3.99660E+01 3.60001E-02
 -1      2117 0.00000E+00 4.00020E+01 1.98800E+00
 -1      2118 0.00000E+00 4.00340E+01 1.96400E+00
 -1      2119 0.00000E+00 4.00700E+01 2.01200E+00
 -1      2120 0.00000E+00 4.00380E+01 2.03600E+00
 -1      2125-1.23329E+00 4.00161E+01 1.00000E+00
 -1      2126-1.20002E+00 3.99939E+01 1.00000E+00
 -1      2127-1.16671E+00 4.00438E+01 1.00000E+00
 -1      2128-1.19998E+00 4.00661E+01 1.00000E+00
 -1      2133 1.16671E+00 3.99562E+01 1.00000E+00
 -1      2134 1.19998E+00 3.99339E+01 1.00000E+00
 -1      2135 1.23329E+00 3.99839E+01 1.00000E+00
 -1      2136 1.20002E+00 4.00061E+01 1.00000E+00
 -1      2141 0.00000E+00 4.99300E+01-1.20023E-02
 -1      2142 0.00000E+00 4.99620E+01-3.60001E-02
 -1      2143 0.00000E+00 4.99980E+01 1.20023E-02
 -1      2144 0.00000E+00 4.99660E+01 3.60001E-02
 -1      2149 0.00000E+00 5.00020E+01 1.98800E+00
 -1      2150 0.00000E+00 5.00340E+01 1.96400E+00
 -1      2151 0.00000E+00 5.00700E+01 2.01200E+00
 -1      2152 0.00000E+00 5.00380E+01 2.03600E+00
 -1      2157-1.23329E+00 5.00161E+01 1.00000E+00
 -1      2158-1.20002E+00 4.99939E+01 1.00000E+00
 -1      2159-1.16671E+00 5.00438E+01 1.00000E+00
 -1      2160-1.19998E+00 5.00661E+01 1.00000E+00
 -1      2165 1.16671E+00 4.99562E+01 1.00000E+00
 -1      2166 1.19998E+00 4.99339E+01 1.00000E+00
 -1      2167 1.23329E+00 4.99839E+01 1.00000E+00
 -1      2168 1.20002E+00 5.00061E+01 1.00000E+00
 -1      2173-1.19830E+00 5.03706E+00 8.14684E-01
 -1      2174-1.23259E+00 5.03303E+00 8.34874E-01
 -1      2175-1.20170E+00 5.02294E+00 8.85316E-01
 -1      2176-1.16741E+00 5.02697E+00 8.65126E-01
 -1      2181-1.19388E+00 5.02303E+00 1.11516E+00
 -1      2182-1.23044E+00 5.02621E+00 1.13106E+00
 -1      2183-1.20612E+00 5.03697E+00 1.18484E+00
 -1      2184-1.16956E+00 5.03379E+00 1.16894E+00
 -1      2189 1.20170E+00 5.03706E+00 8.14684E-01
 -1      2190 1.16741E+00 5.03303E+00 8.34874E-01
 -1      2191 1.19830E+00 5.02294E+00 8.85316E-01
 -1      2192 1.23259E+00 5.02697E+00 8.65126E-01
 -1      2197 1.20612E+00 5.02303E+00 1.11516E+00
 -1      2198 1.16956E+00 5.02621E+00 1.13106E+00
 -1      2199 1.19388E+00 5.03697E+00 1.18484E+00
 -1      2200 1.23044E+00 5.03379E+00 1.16894E+00
 -1      2205 1.59908E-01 4.96162E+00-3.45858E-02
 -1      2206 1.22767E-01 4.97054E+00-2.27077E-02
 -1      2207 1.40092E-01 4.96638E+00 3.45858E-02
 -1      2208 1.77233E-01 4.95746E+00 2.27077E-02
 -1      2213-1.49864E-01 4.96403E+00-3.60552E-02
 -1      2214-1.82310E-01 4.95625E+00-1.39967E-02
 -1      2215-1.50136E-01 4.96397E+00 3.60552E-02
 -1      2216-1.17690E-01 4.97175E+00 1.39967E-02
 -1      2221 1.59908E-01 4.96162E+00 1.96541E+00
 -1      2222 1.22767E-01 4.97054E+00 1.97729E+00
 -1      2223 1.40092E-01 4.96638E+00 2.03459E+00
 -1      2224 1.77233E-01 4.95746E+00 2.02271E+00
 -1      2229-1.49864E-01 4.96403E+00 1.96394E+00
 -1      2230-1.82310E-01 4.95625E+00 1.98600E+00
 -1      2231-1.50136E-01 4.96397E+00 2.03606E+00
 -1      2232-1.17690E-01 4.97175E+00 2.01400E+00
 -1      2237-1.19757E+00 1.12670E+01 1.57055E-01
 -1      2238-1.23227E+00 1.12640E+01 1.76710E-01
 -1      2239-1.20243E+00 1.12559E+01 2.28140E-01
 -1      2240-1.16773E+00 1.12590E+01 2.08485E-01
 -1      2245-1.19773E+00 1.25271E+01 3.58438E-01
 -1      2246-1.23234E+00 1.25238E+01 3.78214E-01
 -1      2247-1.20227E+00 1.25153E+01 4.29430E-01
 -1      2248-1.16766E+00 1.25186E+01 4.09654E-01
 -1      2253-1.19798E+00 1.37842E+01 5.76000E-01
 -1      2254-1.23245E+00 1.37805E+01 5.95959E-01
 -1      2255-1.20202E+00 1.37713E+01 6.46836E-01
 -1      2256-1.16755E+00 1.37749E+01 6.26877E-01
 -1      2261-1.19828E+00 1.50371E+01 8.14685E-01
 -1      2262-1.23258E+00 1.50330E+01 8.34863E-01
 -1      2263-1.20172E+00 1.50229E+01 8.85315E-01
 -1      2264-1.16742E+00 1.50270E+01 8.65137E-01
 -1      2269-1.19860E+00 1.62854E+01 1.07622E+00
 -1      2270-1.23272E+00 1.62809E+01 1.09662E+00
 -1      2271-1.20140E+00 1.62700E+01 1.14662E+00
 -1      2272-1.16728E+00 1.62745E+01 1.12622E+00
 -1      2277-1.19888E+00 1.75294E+01 1.35884E+00
 -1      2278-1.23284E+00 1.75246E+01 1.37943E+00
 -1      2279-1.20112E+00 1.75130E+01 1.42902E+00
 -1      2280-1.16716E+00 1.75178E+01 1.40843E+00
 -1      2285-1.19908E+00 1.87700E+01 1.65759E+00
 -1      2286-1.23292E+00 1.87650E+01 1.67830E+00
 -1      2287-1.20092E+00 1.87529E+01 1.72761E+00
 -1      2288-1.16708E+00 1.87580E+01 1.70689E+00
 -1      2293-1.19416E+00 1.12560E+01 1.77225E+00
 -1      2294-1.23060E+00 1.12585E+01 1.78856E+00
 -1      2295-1.20584E+00 1.12670E+01 1.84256E+00
 -1      2296-1.16940E+00 1.12644E+01 1.82625E+00
 -1      2301-1.19409E+00 1.25154E+01 1.57098E+00
 -1      2302-1.23056E+00 1.25181E+01 1.58719E+00
 -1      2303-1.20591E+00 1.25271E+01 1.64115E+00
 -1      2304-1.16944E+00 1.25244E+01 1.62494E+00
 -1      2309-1.19399E+00 1.37714E+01 1.35360E+00
 -1      2310-1.23051E+00 1.37743E+01 1.36967E+00
 -1      2311-1.20601E+00 1.37841E+01 1.42356E+00
 -1      2312-1.16949E+00 1.37812E+01 1.40749E+00
 -1      2317-1.19388E+00 1.50230E+01 1.11516E+00
 -1      2318-1.23044E+00 1.50262E+01 1.13106E+00
 -1      2319-1.20612E+00 1.50370E+01 1.18484E+00
 -1      2320-1.16956E+00 1.50338E+01 1.16894E+00
 -1      2325-1.19377E+00 1.62701E+01 8.53886E-01
 -1      2326-1.23038E+00 1.62736E+01 8.69618E-01
 -1      2327-1.20623E+00 1.62853E+01 9.23278E-01
 -1      2328-1.16962E+00 1.62819E+01 9.07546E-01
 -1      2333-1.19368E+00 1.75131E+01 5.71502E-01
 -1      2334-1.23034E+00 1.75168E+01 5.87093E-01
 -1      2335-1.20632E+00 1.75293E+01 6.40630E-01
 -1      2336-1.16966E+00 1.75257E+01 6.25039E-01
 -1      2341-1.19363E+00 1.87531E+01 2.72930E-01
 -1      2342-1.23031E+00 1.87568E+01 2.88429E-01
 -1      2343-1.20637E+00 1.87699E+01 3.41875E-01
 -1      2344-1.16969E+00 1.87661E+01 3.26376E-01
 -1      2349 1.20243E+00 1.12670E+01 1.57055E-01
 -1      2350 1.16773E+00 1.12640E+01 1.76710E-01
 -1      2351 1.19757E+00 1.12559E+01 2.28140E-01
 -1      2352 1.23227E+00 1.12590E+01 2.08485E-01
 -1      2357 1.20227E+00 1.25271E+01 3.58438E-01
 -1      2358 1.16766E+00 1.25238E+01 3.78214E-01
 -1      2359 1.19773E+00 1.25153E+01 4.29430E-01
 -1      2360 1.23234E+00 1.25186E+01 4.09654E-01
 -1      2365 1.20202E+00 1.37842E+01 5.76000E-01
 -1      2366 1.16755E+00 1.37805E+01 5.95959E-01
 -1      2367 1.19798E+00 1.37713E+01 6.46836E-01
 -1      2368 1.23245E+00 1.37749E+01 6.26877E-01
 -1      2373 1.20172E+00 1.50371E+01 8.14685E-01
 -1      2374 1.16742E+00 1.50330E+01 8.34863E-01
 -1      2375 1.19828E+00 1.50229E+01 8.85315E-01
 -1      2376 1.23258E+00 1.50270E+01 8.65137E-01
 -1      2381 1.20140E+00 1.62854E+01 1.07622E+00
 -1      2382 1.16728E+00 1.62809E+01 1.09662E+00
 -1      2383 1.19860E+00 1.62700E+01 1.14662E+00
 -1      2384 1.23272E+00 1.62745E+01 1.12622E+00
 -1      2389 1.20112E+00 1.75294E+01 1.35884E+00
 -1      2390 1.16716E+00 1.75246E+01 1.37943E+00
 -1      2391 1.19888E+00 1.75130E+01 1.42902E+00
 -1      2392 1.23284E+00 1.75178E+01 1.40843E+00
 -1      2397 1.20092E+00 1.87700E+01 1.65759E+00
 -1      2398 1.16708E+00 1.87650E+01 1.67830E+00
 -1      2399 1.19908E+00 1.87529E+01 1.72761E+00
 -1      2400 1.23292E+00 1.87580E+01 1.70689E+00
 -1      2405 1.20584E+00 1.12560E+01 1.77225E+00
 -1      2406 1.16940E+00 1.12585E+01 1.78856E+00
 -1      2407 1.19416E+00 1.12670E+01 1.84256E+00
 -1      2408 1.23060E+00 1.12644E+01 1.82625E+00
 -1      2413 1.20591E+00 1.25154E+01 1.57098E+00
 -1      2414 1.16944E+00 1.25181E+01 1.58719E+00
 -1      2415 1.19409E+00 1.25271E+01 1.64115E+00
 -1      2416 1.23056E+00 1.25244E+01 1.62494E+00
 -1      2421 1.20601E+00 1.37714E+01 1.35360E+00
 -1      2422 1.16949E+00 1.37743E+01 1.36967E+00
 -1      2423 1.19399E+00 1.37841E+01 1.42356E+00
 -1      2424 1.23051E+00 1.37812E+01 1.40749E+00
 -1      2429 1.20612E+00 1.50230E+01 1.11516E+00
 -1      2430 1.16956E+00 1.50262E+01 1.13106E+00
 -1      2431 1.19388E+00 1.50370E+01 1.18484E+00
 -1      2432 1.23044E+00 1.50338E+01 1.16894E+00
 -1      2437 1.20623E+00 1.62701E+01 8.53886E-01
 -1      2438 1.16962E+00 1.62736E+01 8.69618E-01
 -1      2439 1.19377E+00 1.62853E+01 9.23278E-01
 -1      2440 1.23038E+00 1.62819E+01 9.07546E-01
 -1      2445 1.20632E+00 1.75131E+01 5.71502E-01
 -1      2446 1.16966E+00 1.75168E+01 5.87093E-01
 -1      2447 1.19368E+00 1.75293E+01 6.40630E-01
 -1      2448 1.23034E+00 1.75257E+01 6.25039E-01
 -1      2453 1.20637E+00 1.87531E+01 2.72930E-01
 -1      2454 1.16969E+00 1.87568E+01 2.88429E-01
 -1      2455 1.19363E+00 1.87699E+01 3.41875E-01
 -1      2456 1.23031E+00 1.87661E+01 3.26376E-01
 -1      2461-8.31704E-01 1.12331E+01-3.42295E-02
 -1      2462-8.68791E-01 1.12437E+01-2.36225E-02
 -1      2463-8.53491E-01 1.12393E+01 3.42295E-02
 -1      2464-8.16404E-01 1.12287E+01 2.36225E-02
 -1      2469-4.83271E-01 1.24716E+01-3.43179E-02
 -1      2470-5.20380E-01 1.24818E+01-2.34066E-02
 -1      2471-5.04597E-01 1.24775E+01 3.43179E-02
 -1      2472-4.67488E-01 1.24673E+01 2.34066E-02
 -1      2477-1.51102E-01 1.37141E+01-3.44451E-02
 -1      2478-1.88233E-01 1.37237E+01-2.30837E-02
 -1      2479-1.71734E-01 1.37194E+01 3.44451E-02
 -1      2480-1.34603E-01 1.37098E+01 2.30837E-02
 -1      2485 1.59903E-01 1.49616E+01-3.45874E-02
 -1      2486 1.22764E-01 1.49705E+01-2.27035E-02
 -1      2487 1.40097E-01 1.49664E+01 3.45874E-02
 -1      2488 1.77236E-01 1.49575E+01 2.27035E-02
 -1      2493 4.48070E-01 1.62146E+01-3.47212E-02
 -1      2494 4.10939E-01 1.62229E+01-2.23246E-02
 -1      2495 4.29094E-01 1.62188E+01 3.47212E-02
 -1      2496 4.66225E-01 1.62106E+01 2.23246E-02
 -1      2501 7.15201E-01 1.74727E+01-3.48283E-02
 -1      2502 6.78091E-01 1.74803E+01-2.20050E-02
 -1      2503 6.96931E-01 1.74764E+01 3.48283E-02
 -1      2504 7.34041E-01 1.74688E+01 2.20050E-02
 -1      2509 9.66302E-01 1.87345E+01-3.48965E-02
 -1      2510 9.29212E-01 1.87417E+01-2.17923E-02
 -1      2511 9.48503E-01 1.87380E+01 3.48965E-02
 -1      2512 9.85593E-01 1.87307E+01 2.17923E-02
 -1      2517 8.42124E-01 1.12361E+01-3.60521E-02
 -1      2518 8.10413E-01 1.12270E+01-1.34113E-02
 -1      2519 8.43071E-01 1.12364E+01 3.60521E-02
 -1      2520 8.74781E-01 1.12454E+01 1.34113E-02
 -1      2525 4.93597E-01 1.24745E+01-3.60538E-02
 -1      2526 4.61712E-01 1.24657E+01-1.35445E-02
 -1      2527 4.94271E-01 1.24746E+01 3.60538E-02
 -1      2528 5.26156E-01 1.24834E+01 1.35445E-02
 -1      2533 1.61293E-01 1.37167E+01-3.60553E-02
 -1      2534 1.29148E-01 1.37084E+01-1.37478E-02
 -1      2535 1.61544E-01 1.37168E+01 3.60553E-02
 -1      2536 1.93688E-01 1.37251E+01 1.37478E-02
 -1      2541-1.49867E-01 1.49640E+01-3.60553E-02
 -1      2542-1.82312E-01 1.49562E+01-1.39935E-02
 -1      2543-1.50133E-01 1.49640E+01 3.60553E-02
 -1      2544-1.17688E-01 1.49718E+01 1.39935E-02
 -1      2549-4.38181E-01 1.62168E+01-3.60532E-02
 -1      2550-4.70920E-01 1.62096E+01-1.42455E-02
 -1      2551-4.38983E-01 1.62167E+01 3.60532E-02
 -1      2552-4.06244E-01 1.62239E+01 1.42455E-02
 -1      2557-7.05431E-01 1.74747E+01-3.60497E-02
 -1      2558-7.38414E-01 1.74679E+01-1.44640E-02
 -1      2559-7.06701E-01 1.74744E+01 3.60497E-02
 -1      2560-6.73718E-01 1.74812E+01 1.44640E-02
 -1      2565-9.56607E-01 1.87364E+01-3.60464E-02
 -1      2566-9.89751E-01 1.87299E+01-1.46123E-02
 -1      2567-9.58198E-01 1.87361E+01 3.60464E-02
 -1      2568-9.25054E-01 1.87425E+01 1.46123E-02
 -1      2573-8.31704E-01 1.12331E+01 1.96577E+00
 -1      2574-8.68791E-01 1.12437E+01 1.97638E+00
 -1      2575-8.53491E-01 1.12393E+01 2.03423E+00
 -1      2576-8.16404E-01 1.12287E+01 2.02362E+00
 -1      2581-4.83271E-01 1.24716E+01 1.96568E+00
 -1      2582-5.20380E-01 1.24818E+01 1.97659E+00
 -1      2583-5.04597E-01 1.24775E+01 2.03432E+00
 -1      2584-4.67488E-01 1.24673E+01 2.02341E+00
 -1      2589-1.51102E-01 1.37141E+01 1.96555E+00
 -1      2590-1.88233E-01 1.37237E+01 1.97692E+00
 -1      2591-1.71734E-01 1.37194E+01 2.03445E+00
 -1      2592-1.34603E-01 1.37098E+01 2.02308E+00
 -1      2597 1.59903E-01 1.49616E+01 1.96541E+00
 -1      2598 1.22764E-01 1.49705E+01 1.97730E+00
 -1      2599 1.40097E-01 1.49664E+01 2.03459E+00
 -1      2600 1.77236E-01 1.49575E+01 2.02270E+00
 -1      2605 4.48070E-01 1.62146E+01 1.96528E+00
 -1      2606 4.10939E-01 1.62229E+01 1.97768E+00
 -1      2607 4.29094E-01 1.62188E+01 2.03472E+00
 -1      2608 4.66225E-01 1.62106E+01 2.02232E+00
 -1      2613 7.15201E-01 1.74727E+01 1.96517E+00
 -1      2614 6.78091E-01 1.74803E+01 1.97800E+00
 -1      2615 6.96931E-01 1.74764E+01 2.03483E+00
 -1      2616 7.34041E-01 1.74688E+01 2.02200E+00
 -1      2621 9.66302E-01 1.87345E+01 1.96510E+00
 -1      2622 9.29212E-01 1.87417E+01 1.97821E+00
 -1      2623 9.48503E-01 1.87380E+01 2.03490E+00
 -1      2624 9.85593E-01 1.87307E+01 2.02179E+00
 -1      2629 8.42124E-01 1.12361E+01 1.96395E+00
 -1      2630 8.10413E-01 1.12270E+01 1.98659E+00
 -1      2631 8.43071E-01 1.12364E+01 2.03605E+00
 -1      2632 8.74781E-01 1.12454E+01 2.01341E+00
 -1      2637 4.93597E-01 1.24745E+01 1.96395E+00
 -1      2638 4.61712E-01 1.24657E+01 1.98646E+00
 -1      2639 4.94271E-01 1.24746E+01 2.03605E+00
 -1      2640 5.26156E-01 1.24834E+01 2.01354E+00
 -1      2645 1.61293E-01 1.37167E+01 1.96394E+00
 -1      2646 1.29148E-01 1.37084E+01 1.98625E+00
 -1      2647 1.61544E-01 1.37168E+01 2.03606E+00
 -1      2648 1.93688E-01 1.37251E+01 2.01375E+00
 -1      2653-1.49867E-01 1.49640E+01 1.96394E+00
 -1      2654-1.82312E-01 1.49562E+01 1.98601E+00
 -1      2655-1.50133E-01 1.49640E+01 2.03606E+00
 -1      2656-1.17688E-01 1.49718E+01 2.01399E+00
 -1      2661-4.38181E-01 1.62168E+01 1.96395E+00
 -1      2662-4.70920E-01 1.62096E+01 1.98575E+00
 -1      2663-4.38983E-01 1.62167E+01 2.03605E+00
 -1      2664-4.06244E-01 1.62239E+01 2.01425E+00
 -1      2669-7.05431E-01 1.74747E+01 1.96395E+00
 -1      2670-7.38414E-01 1.74679E+01 1.98554E+00
 -1      2671-7.06701E-01 1.74744E+01 2.03605E+00
 -1      2672-6.73718E-01 1.74812E+01 2.01446E+00
 -1      2677-9.56607E-01 1.87364E+01 1.96395E+00
 -1      2678-9.89751E-01 1.87299E+01 1.98539E+00
 -1      2679-9.58198E-01 1.87361E+01 2.03605E+00
 -1      2680-9.25054E-01 1.87425E+01 2.01461E+00
 -1      2685-1.19830E+00 2.50371E+01 8.14684E-01
 -1      2686-1.23259E+00 2.50330E+01 8.34874E-01
 -1      2687-1.20170E+00 2.50229E+01 8.85316E-01
 -1      2688-1.16741E+00 2.50270E+01 8.65126E-01
 -1      2693-1.19388E+00 2.50230E+01 1.11516E+00
 -1      2694-1.23044E+00 2.50262E+01 1.13106E+00
 -1      2695-1.20612E+00 2.50370E+01 1.18484E+00
 -1      2696-1.16956E+00 2.50338E+01 1.16894E+00
 -1      2701 1.20170E+00 2.50371E+01 8.14684E-01
 -1      2702 1.16741E+00 2.50330E+01 8.34874E-01
 -1      2703 1.19830E+00 2.50229E+01 8.85316E-01
 -1      2704 1.23259E+00 2.50270E+01 8.65126E-01
 -1      2709 1.20612E+00 2.50230E+01 1.11516E+00
 -1      2710 1.16956E+00 2.50262E+01 1.13106E+00
 -1      2711 1.19388E+00 2.50370E+01 1.18484E+00
 -1      2712 1.23044E+00 2.50338E+01 1.16894E+00
 -1      2717 1.59908E-01 2.49616E+01-3.45858E-02
 -1      2718 1.22767E-01 2.49705E+01-2.27077E-02
 -1      2719 1.40092E-01 2.49664E+01 3.45858E-02
 -1      2720 1.77233E-01 2.49575E+01 2.27077E-02
 -1      2725-1.49864E-01 2.49640E+01-3.60552E-02
 -1      2726-1.82310E-01 2.49562E+01-1.39967E-02
 -1      2727-1.50136E-01 2.49640E+01 3.60552E-02
 -1      2728-1.17690E-01 2.49718E+01 1.39967E-02
 -1      2733 1.59908E-01 2.49616E+01 1.96541E+00
 -1      2734 1.22767E-01 2.49705E+01 1.97729E+00
 -1      2735 1.40092E-01 2.49664E+01 2.03459E+00
 -1      2736 1.77233E-01 2.49575E+01 2.02271E+00
 -1      2741-1.49864E-01 2.49640E+01 1.96394E+00
 -1      2742-1.82310E-01 2.49562E+01 1.98600E+00
 -1      2743-1.50136E-01 2.49640E+01 2.03606E+00
 -1      2744-1.17690E-01 2.49718E+01 2.01400E+00
 -1      2749-1.19830E+00 3.50371E+01 8.14684E-01
 -1      2750-1.23259E+00 3.50330E+01 8.34874E-01
 -1      2751-1.20170E+00 3.50229E+01 8.85316E-01
 -1      2752-1.16741E+00 3.50270E+01 8.65126E-01
 -1      2757-1.19388E+00 3.50230E+01 1.11516E+00
 -1      2758-1.23044E+00 3.50262E+01 1.13106E+00
 -1      2759-1.20612E+00 3.50370E+01 1.18484E+00
 -1      2760-1.16956E+00 3.50338E+01 1.16894E+00
 -1      2765 1.20170E+00 3.50371E+01 8.14684E-01
 -1      2766 1.16741E+00 3.50330E+01 8.34874E-01
 -1      2767 1.19830E+00 3.50229E+01 8.85316E-01
 -1      2768 1.23259E+00 3.50270E+01 8.65126E-01
 -1      2773 1.20612E+00 3.50230E+01 1.11516E+00
 -1      2774 1.16956E+00 3.50262E+01 1.13106E+00
 -1      2775 1.19388E+00 3.50370E+01 1.18484E+00
 -1      2776 1.23044E+00 3.50338E+01 1.16894E+00
 -1      2781 1.59908E-01 3.49616E+01-3.45858E-02
 -1      2782 1.22767E-01 3.49705E+01-2.27077E-02
 -1      2783 1.40092E-01 3.49664E+01 3.45858E-02
 -1      2784 1.77233E-01 3.49575E+01 2.27077E-02
 -1      2789-1.49864E-01 3.49640E+01-3.60552E-02
 -1      2790-1.82310E-01 3.49562E+01-1.39967E-02
 -1      2791-1.50136E-01 3.49640E+01 3.60552E-02
 -1      2792-1.17690E-01 3.49718E+01 1.39967E-02
 -1      2797 1.59908E-01 3.49616E+01 1.96541E+00
 -1      2798 1.22767E-01 3.49705E+01 1.97729E+00
 -1      2799 1.40092E-01 3.49664E+01 2.03459E+00
 -1      2800 1.77233E-01 3.49575E+01 2.02271E+00
 -1      2805-1.49864E-01 3.49640E+01 1.96394E+00
 -1      2806-1.82310E-01 3.49562E+01 1.98600E+00
 -1      2807-1.50136E-01 3.49640E+01 2.03606E+00
 -1      2808-1.17690E-01 3.49718E+01 2.01400E+00
 -1      2813-1.19830E+00 4.50371E+01 8.14684E-01
 -1      2814-1.23259E+00 4.50330E+01 8.34874E-01
 -1      2815-1.20170E+00 4.50229E+01 8.85316E-01
 -1      2816-1.16741E+00 4.50270E+01 8.65126E-01
 -1      2821-1.19388E+00 4.50230E+01 1.11516E+00
 -1      2822-1.23044E+00 4.50262E+01 1.13106E+00
 -1      2823-1.20612E+00 4.50370E+01 1.18484E+00
 -1      2824-1.16956E+00 4.50338E+01 1.16894E+00
 -1      2829 1.20170E+00 4.50371E+01 8.14684E-01
 -1      2830 1.16741E+00 4.50330E+01 8.34874E-01
 -1      2831 1.19830E+00 4.50229E+01 8.85316E-01
 -1      2832 1.23259E+00 4.50270E+01 8.65126E-01
 -1      2837 1.20612E+00 4.50230E+01 1.11516E+00
 -1      2838 1.16956E+00 4.50262E+01 1.13106E+00
 -1      2839 1.19388E+00 4.50370E+01 1.18484E+00
 -1      2840 1.23044E+00 4.50338E+01 1.16894E+00
 -1      2845 1.59908E-01 4.49616E+01-3.45858E-02
 -1      2846 1.22767E-01 4.49705E+01-2.27077E-02
 -1      2847 1.40092E-01 4.49664E+01 3.45858E-02
 -1      2848 1.77233E-01 4.49575E+01 2.27077E-02
 -1      2853-1.49864E-01 4.49640E+01-3.60552E-02
 -1      2854-1.82310E-01 4.49562E+01-1.39967E-02
 -1      2855-1.50136E-01 4.49640E+01 3.60552E-02
 -1      2856-1.17690E-01 4.49718E+01 1.39967E-02
 -1      2861 1.59908E-01 4.49616E+01 1.96541E+00
 -1      2862 1.22767E-01 4.49705E+01 1.97729E+00
 -1      2863 1.40092E-01 4.49664E+01 2.03459E+00
 -1      2864 1.77233E-01 4.49575E+01 2.02271E+00
 -1      2869-1.49864E-01 4.49640E+01 1.96394E+00
 -1      2870-1.82310E-01 4.49562E+01 1.98600E+00
 -1      2871-1.50136E-01 4.49640E+01 2.03606E+00
 -1      2872-1.17690E-01 4.49718E+01 2.01400E+00
 -3
    3C                           264                                     1
 -1         1    1    0    1
 -2       205      1437      1438       206       208      1440      1439       207
 -1         2    1    0    1
 -2      1437      1445      1446      1438      1440      1448      1447      1439
 -1         3    1    0    1
 -2      1445      1453      1454      1446      1448      1456      1455      1447
 -1         4    1    0    1
 -2      1453      1461      1462      1454      1456      1464      1463      1455
 -1         5    1    0    1
 -2      1461      1469      1470      1462      1464      1472      1471      1463
 -1         6    1    0    1
 -2      1469      1477      1478      1470      1472      1480      1479      1471
 -1         7    1    0    1
 -2      1477      1485      1486      1478      1480      1488      1487      1479
 -1         8    1    0    1
 -2      1485       405       406      1486      1488       408       407      1487
 -1         9    1    0    1
 -2       255      1493      1494       256       258      1496      1495       257
 -1        10    1    0    1
 -2      1493      1501      1502      1494      1496      1504      1503      1495
 -1        11    1    0    1
 -2      1501      1509      1510      1502      1504      1512      1511      1503
 -1        12    1    0    1
 -2      1509      1517      1518      1510      1512      1520      1519      1511
 -1        13    1    0    1
 -2      1517      1525      1526      1518      1520      1528      1527      1519
 -1        14    1    0    1
 -2      1525      1533      1534      1526      1528      1536      1535      1527
 -1        15    1    0    1
 -2      1533      1541      1542      1534      1536      1544      1543      1535
 -1        16    1    0    1
 -2      1541       471       472      1542      1544       474       473      1543
 -1        17    1    0    1
 -2       305      1549      1550       306       308      1552      1551       307
 -1        18    1    0    1
 -2      1549      1557      1558      1550      1552      1560      1559      1551
 -1        19    1    0    1
 -2      1557      1565      1566      1558      1560      1568      1567      1559
 -1        20    1    0    1
 -2      1565      1573      1574      1566      1568      1576      1575      1567
 -1        21    1    0    1
 -2      1573      1581      1582      1574      1576      1584      1583      1575
 -1        22    1    0    1
 -2      1581      1589      1590      1582      1584      1592      1591      1583
 -1        23    1    0    1
 -2      1589      1597      1598      1590      1592      1600      1599      1591
 -1        24    1    0    1
 -2      1597       521       522      1598      1600       524       523      1599
 -1        25    1    0    1
 -2       355      1605      1606       356       358      1608      1607       357
 -1        26    1    0    1
 -2      1605      1613      1614      1606      1608      1616      1615      1607
 -1        27    1    0    1
 -2      1613      1621      1622      1614      1616      1624      1623      1615
 -1        28    1    0    1
 -2      1621      1629      1630      1622      1624      1632      1631      1623
 -1        29    1    0    1
 -2      1629      1637      1638      1630      1632      1640      1639      1631
 -1        30    1    0    1
 -2      1637      1645      1646      1638      1640      1648      1647      1639
 -1        31    1    0    1
 -2      1645      1653      1654      1646      1648      1656      1655      1647
 -1        32    1    0    1
 -2      1653       587       588      1654      1656       590       589      1655
 -1        33    1    0    1
 -2       429      1661      1662       430       432      1664      1663       431
 -1        34    1    0    1
 -2      1661      1669      1670      1662      1664      1672      1671      1663
 -1        35    1    0    1
 -2      1669      1677      1678      1670      1672      1680      1679      1671
 -1        36    1    0    1
 -2      1677      1685      1686      1678      1680      1688      1687      1679
 -1        37    1    0    1
 -2      1685      1693      1694      1686      1688      1696      1695      1687
 -1        38    1    0    1
 -2      1693      1701      1702      1694      1696      1704      1703      1695
 -1        39    1    0    1
 -2      1701      1709      1710      1702      1704      1712      1711      1703
 -1        40    1    0    1
 -2      1709       637       638      1710      1712       640       639      1711
 -1        41    1    0    1
 -2       471      1717      1718       472       474      1720      1719       473
 -1        42    1    0    1
 -2      1717      1725      1726      1718      1720      1728      1727      1719
 -1        43    1    0    1
 -2      1725      1733      1734      1726      1728      1736      1735      1727
 -1        44    1    0    1
 -2      1733      1741      1742      1734      1736      1744      1743      1735
 -1        45    1    0    1
 -2      1741      1749      1750      1742      1744      1752      1751      1743
 -1        46    1    0    1
 -2      1749      1757      1758      1750      1752      1760      1759      1751
 -1        47    1    0    1
 -2      1757      1765      1766      1758      1760      1768      1767      1759
 -1        48    1    0    1
 -2      1765       687       688      1766      1768       690       689      1767
 -1        49    1    0    1
 -2       545      1773      1774       546       548      1776      1775       547
 -1        50    1    0    1
 -2      1773      1781      1782      1774      1776      1784      1783      1775
 -1        51    1    0    1
 -2      1781      1789      1790      1782      1784      1792      1791      1783
 -1        52    1    0    1
 -2      1789      1797      1798      1790      1792      1800      1799      1791
 -1        53    1    0    1
 -2      1797      1805      1806      1798      1800      1808      1807      1799
 -1        54    1    0    1
 -2      1805      1813      1814      1806      1808      1816      1815      1807
 -1        55    1    0    1
 -2      1813      1821      1822      1814      1816      1824      1823      1815
 -1        56    1    0    1
 -2      1821       737       738      1822      1824       740       739      1823
 -1        57    1    0    1
 -2       587      1829      1830       588       590      1832      1831       589
 -1        58    1    0    1
 -2      1829      1837      1838      1830      1832      1840      1839      1831
 -1        59    1    0    1
 -2      1837      1845      1846      1838      1840      1848      1847      1839
 -1        60    1    0    1
 -2      1845      1853      1854      1846      1848      1856      1855      1847
 -1        61    1    0    1
 -2      1853      1861      1862      1854      1856      1864      1863      1855
 -1        62    1    0    1
 -2      1861      1869      1870      1862      1864      1872      1871      1863
 -1        63    1    0    1
 -2      1869      1877      1878      1870      1872      1880      1879      1871
 -1        64    1    0    1
 -2      1877       787       788      1878      1880       790       789      1879
 -1        65    1    0    1
 -2       637      1885      1886       638       640      1888      1887       639
 -1        66    1    0    1
 -2      1885       837       838      1886      1888       840       839      1887
 -1        67    1    0    1
 -2       687      1893      1894       688       690      1896      1895       689
 -1        68    1    0    1
 -2      1893       887       888      1894      1896       890       889      1895
 -1        69    1    0    1
 -2       737      1901      1902       738       740      1904      1903       739
 -1        70    1    0    1
 -2      1901       937       938      1902      1904       940       939      1903
 -1        71    1    0    1
 -2       787      1909      1910       788       790      1912      1911       789
 -1        72    1    0    1
 -2      1909       987       988      1910      1912       990       989      1911
 -1        73    1    0    1
 -2       837      1917      1918       838       840      1920      1919       839
 -1        74    1    0    1
 -2      1917      1037      1038      1918      1920      1040      1039      1919
 -1        75    1    0    1
 -2       887      1925      1926       888       890      1928      1927       889
 -1        76    1    0    1
 -2      1925      1087      1088      1926      1928      1090      1089      1927
 -1        77    1    0    1
 -2       937      1933      1934       938       940      1936      1935       939
 -1        78    1    0    1
 -2      1933      1137      1138      1934      1936      1140      1139      1935
 -1        79    1    0    1
 -2       987      1941      1942       988       990      1944      1943       989
 -1        80    1    0    1
 -2      1941      1187      1188      1942      1944      1190      1189      1943
 -1        81    1    0    1
 -2      1037      1949      1950      1038      1040      1952      1951      1039
 -1        82    1    0    1
 -2      1949      1237      1238      1950      1952      1240      1239      1951
 -1        83    1    0    1
 -2      1087      1957      1958      1088      1090      1960      1959      1089
 -1        84    1    0    1
 -2      1957      1287      1288      1958      1960      1290      1289      1959
 -1        85    1    0    1
 -2      1137      1965      1966      1138      1140      1968      1967      1139
 -1        86    1    0    1
 -2      1965      1337      1338      1966      1968      1340      1339      1967
 -1        87    1    0    1
 -2      1187      1973      1974      1188      1190      1976      1975      1189
 -1        88    1    0    1
 -2      1973      1387      1388      1974      1976      1390      1389      1975
 -1        89    1    0    1
 -2       213      1981      1982       214       216      1984      1983       215
 -1        90    1    0    1
 -2      1981       263       264      1982      1984       266       265      1983
 -1        91    1    0    1
 -2       313      1989      1990       314       316      1992      1991       315
 -1        92    1    0    1
 -2      1989       363       364      1990      1992       366       365      1991
 -1        93    1    0    1
 -2       221      1997      1998       222       224      2000      1999       223
 -1        94    1    0    1
 -2      1997       321       322      1998      2000       324       323      1999
 -1        95    1    0    1
 -2       271      2005      2006       272       274      2008      2007       273
 -1        96    1    0    1
 -2      2005       371       372      2006      2008       374       373      2007
 -1        97    1    0    1
 -2       413      2013      2014       414       416      2016      2015       415
 -1        98    1    0    1
 -2      2013       479       480      2014      2016       482       481      2015
 -1        99    1    0    1
 -2       529      2021      2022       530       532      2024      2023       531
 -1       100    1    0    1
 -2      2021       595       596      2022      2024       598       597      2023
 -1       101    1    0    1
 -2       421      2029      2030       422       424      2032      2031       423
 -1       102    1    0    1
 -2      2029       537       538      2030      2032       540       539      2031
 -1       103    1    0    1
 -2       487      2037      2038       488       490      2040      2039       489
 -1       104    1    0    1
 -2      2037       603       604      2038      2040       606       605      2039
 -1       105    1    0    1
 -2       645      2045      2046       646       648      2048      2047       647
 -1       106    1    0    1
 -2      2045       695       696      2046      2048       698       697      2047
 -1       107    1    0    1
 -2       745      2053      2054       746       748      2056      2055       747
 -1       108    1    0    1
 -2      2053       795       796      2054      2056       798       797      2055
 -1       109    1    0    1
 -2       653      2061      2062       654       656      2064      2063       655
 -1       110    1    0    1
 -2      2061       753       754      2062      2064       756       755      2063
 -1       111    1    0    1
 -2       703      2069      2070       704       706      2072      2071       705
 -1       112    1    0    1
 -2      2069       803       804      2070      2072       806       805      2071
 -1       113    1    0    1
 -2       845      2077      2078       846       848      2080      2079       847
 -1       114    1    0    1
 -2      2077       895       896      2078      2080       898       897      2079
 -1       115    1    0    1
 -2       945      2085      2086       946       948      2088      2087       947
 -1       116    1    0    1
 -2      2085       995       996      2086      2088       998       997      2087
 -1       117    1    0    1
 -2       853      2093      2094       854       856      2096      2095       855
 -1       118    1    0    1
 -2      2093       953       954      2094      2096       956       955      2095
 -1       119    1    0    1
 -2       903      2101      2102       904       906      2104      2103       905
 -1       120    1    0    1
 -2      2101      1003      1004      2102      2104      1006      1005      2103
 -1       121    1    0    1
 -2      1045      2109      2110      1046      1048      2112      2111      1047
 -1       122    1    0    1
 -2      2109      1095      1096      2110      2112      1098      1097      2111
 -1       123    1    0    1
 -2      1145      2117      2118      1146      1148      2120      2119      1147
 -1       124    1    0    1
 -2      2117      1195      1196      2118      2120      1198      1197      2119
 -1       125    1    0    1
 -2      1053      2125      2126      1054      1056      2128      2127      1055
 -1       126    1    0    1
 -2      2125      1153      1154      2126      2128      1156      1155      2127
 -1       127    1    0    1
 -2      1103      2133      2134      1104      1106      2136      2135      1105
 -1       128    1    0    1
 -2      2133      1203      1204      2134      2136      1206      1205      2135
 -1       129    1    0    1
 -2      1245      2141      2142      1246      1248      2144      2143      1247
 -1       130    1    0    1
 -2      2141      1295      1296      2142      2144      1298      1297      2143
 -1       131    1    0    1
 -2      1345      2149      2150      1346      1348      2152      2151      1347
 -1       132    1    0    1
 -2      2149      1395      1396      2150      2152      1398      1397      2151
 -1       133    1    0    1
 -2      1253      2157      2158      1254      1256      2160      2159      1255
 -1       134    1    0    1
 -2      2157      1353      1354      2158      2160      1356      1355      2159
 -1       135    1    0    1
 -2      1303      2165      2166      1304      1306      2168      2167      1305
 -1       136    1    0    1
 -2      2165      1403      1404      2166      2168      1406      1405      2167
 -1       137    1    0    1
 -2       205      2173      2174       206       208      2176      2175       207
 -1       138    1    0    1
 -2      2173       521       522      2174      2176       524       523      2175
 -1       139    1    0    1
 -2       305      2181      2182       306       308      2184      2183       307
 -1       140    1    0    1
 -2      2181       405       406      2182      2184       408       407      2183
 -1       141    1    0    1
 -2       255      2189      2190       256       258      2192      2191       257
 -1       142    1    0    1
 -2      2189       587       588      2190      2192       590       589      2191
 -1       143    1    0    1
 -2       355      2197      2198       356       358      2200      2199       357
 -1       144    1    0    1
 -2      2197       471       472      2198      2200       474       473      2199
 -1       145    1    0    1
 -2       205      2205      2206       206       208      2208      2207       207
 -1       146    1    0    1
 -2      2205       471       472      2206      2208       474       473      2207
 -1       147    1    0    1
 -2       255      2213      2214       256       258      2216      2215       257
 -1       148    1    0    1
 -2      2213       405       406      2214      2216       408       407      2215
 -1       149    1    0    1
 -2       305      2221      2222       306       308      2224      2223       307
 -1       150    1    0    1
 -2      2221       587       588      2222      2224       590       589      2223
 -1       151    1    0    1
 -2       355      2229      2230       356       358      2232      2231       357
 -1       152    1    0    1
 -2      2229       521       522      2230      2232       524       523      2231
 -1       153    1    0    1
 -2       405      2237      2238       406       408      2240      2239       407
 -1       154    1    0    1
 -2      2237      2245      2246      2238      2240      2248      2247      2239
 -1       155    1    0    1
 -2      2245      2253      2254      2246      2248      2256      2255      2247
 -1       156    1    0    1
 -2      2253      2261      2262      2254      2256      2264      2263      2255
 -1       157    1    0    1
 -2      2261      2269      2270      2262      2264      2272      2271      2263
 -1       158    1    0    1
 -2      2269      2277      2278      2270      2272      2280      2279      2271
 -1       159    1    0    1
 -2      2277      2285      2286      2278      2280      2288      2287      2279
 -1       160    1    0    1
 -2      2285       737       738      2286      2288       740       739      2287
 -1       161    1    0    1
 -2       545      2293      2294       546       548      2296      2295       547
 -1       162    1    0    1
 -2      2293      2301      2302      2294      2296      2304      2303      2295
 -1       163    1    0    1
 -2      2301      2309      2310      2302      2304      2312      2311      2303
 -1       164    1    0    1
 -2      2309      2317      2318      2310      2312      2320      2319      2311
 -1       165    1    0    1
 -2      2317      2325      2326      2318      2320      2328      2327      2319
 -1       166    1    0    1
 -2      2325      2333      2334      2326      2328      2336      2335      2327
 -1       167    1    0    1
 -2      2333      2341      2342      2334      2336      2344      2343      2335
 -1       168    1    0    1
 -2      2341       637       638      2342      2344       640       639      2343
 -1       169    1    0    1
 -2       471      2349      2350       472       474      2352      2351       473
 -1       170    1    0    1
 -2      2349      2357      2358      2350      2352      2360      2359      2351
 -1       171    1    0    1
 -2      2357      2365      2366      2358      2360      2368      2367      2359
 -1       172    1    0    1
 -2      2365      2373      2374      2366      2368      2376      2375      2367
 -1       173    1    0    1
 -2      2373      2381      2382      2374      2376      2384      2383      2375
 -1       174    1    0    1
 -2      2381      2389      2390      2382      2384      2392      2391      2383
 -1       175    1    0    1
 -2      2389      2397      2398      2390      2392      2400      2399      2391
 -1       176    1    0    1
 -2      2397       787       788      2398      2400       790       789      2399
 -1       177    1    0    1
 -2       587      2405      2406       588       590      2408      2407       589
 -1       178    1    0    1
 -2      2405      2413      2414      2406      2408      2416      2415      2407
 -1       179    1    0    1
 -2      2413      2421      2422      2414      2416      2424      2423      2415
 -1       180    1    0    1
 -2      2421      2429      2430      2422      2424      2432      2431      2423
 -1       181    1    0    1
 -2      2429      2437      2438      2430      2432      2440      2439      2431
 -1       182    1    0    1
 -2      2437      2445      2446      2438      2440      2448      2447      2439
 -1       183    1    0    1
 -2      2445      2453      2454      2446      2448      2456      2455      2447
 -1       184    1    0    1
 -2      2453       687       688      2454      2456       690       689      2455
 -1       185    1    0    1
 -2       429      2461      2462       430       432      2464      2463       431
 -1       186    1    0    1
 -2      2461      2469      2470      2462      2464      2472      2471      2463
 -1       187    1    0    1
 -2      2469      2477      2478      2470      2472      2480      2479      2471
 -1       188    1    0    1
 -2      2477      2485      2486      2478      2480      2488      2487      2479
 -1       189    1    0    1
 -2      2485      2493      2494      2486      2488      2496      2495      2487
 -1       190    1    0    1
 -2      2493      2501      2502      2494      2496      2504      2503      2495
 -1       191    1    0    1
 -2      2501      2509      2510      2502      2504      2512      2511      2503
 -1       192    1    0    1
 -2      2509       687       688      2510      2512       690       689      2511
 -1       193    1    0    1
 -2       471      2517      2518       472       474      2520      2519       473
 -1       194    1    0    1
 -2      2517      2525      2526      2518      2520      2528      2527      2519
 -1       195    1    0    1
 -2      2525      2533      2534      2526      2528      2536      2535      2527
 -1       196    1    0    1
 -2      2533      2541      2542      2534      2536      2544      2543      2535
 -1       197    1    0    1
 -2      2541      2549      2550      2542      2544      2552      2551      2543
 -1       198    1    0    1
 -2      2549      2557      2558      2550      2552      2560      2559      2551
 -1       199    1    0    1
 -2      2557      2565      2566      2558      2560      2568      2567      2559
 -1       200    1    0    1
 -2      2565       637       638      2566      2568       640       639      2567
 -1       201    1    0    1
 -2       545      2573      2574       546       548      2576      2575       547
 -1       202    1    0    1
 -2      2573      2581      2582      2574      2576      2584      2583      2575
 -1       203    1    0    1
 -2      2581      2589      2590      2582      2584      2592      2591      2583
 -1       204    1    0    1
 -2      2589      2597      2598      2590      2592      2600      2599      2591
 -1       205    1    0    1
 -2      2597      2605      2606      2598      2600      2608      2607      2599
 -1       206    1    0    1
 -2      2605      2613      2614      2606      2608      2616      2615      2607
 -1       207    1    0    1
 -2      2613      2621      2622      2614      2616      2624      2623      2615
 -1       208    1    0    1
 -2      2621       787       788      2622      2624       790       789      2623
 -1       209    1    0    1
 -2       587      2629      2630       588       590      2632      2631       589
 -1       210    1    0    1
 -2      2629      2637      2638      2630      2632      2640      2639      2631
 -1       211    1    0    1
 -2      2637      2645      2646      2638      2640      2648      2647      2639
 -1       212    1    0    1
 -2      2645      2653      2654      2646      2648      2656      2655      2647
 -1       213    1    0    1
 -2      2653      2661      2662      2654      2656      2664      2663      2655
 -1       214    1    0    1
 -2      2661      2669      2670      2662      2664      2672      2671      2663
 -1       215    1    0    1
 -2      2669      2677      2678      2670      2672      2680      2679      2671
 -1       216    1    0    1
 -2      2677       737       738      2678      2680       740       739      2679
 -1       217    1    0    1
 -2       637      2685      2686       638       640      2688      2687       639
 -1       218    1    0    1
 -2      2685       937       938      2686      2688       940       939      2687
 -1       219    1    0    1
 -2       737      2693      2694       738       740      2696      2695       739
 -1       220    1    0    1
 -2      2693       837       838      2694      2696       840       839      2695
 -1       221    1    0    1
 -2       687      2701      2702       688       690      2704      2703       689
 -1       222    1    0    1
 -2      2701       987       988      2702      2704       990       989      2703
 -1       223    1    0    1
 -2       787      2709      2710       788       790      2712      2711       789
 -1       224    1    0    1
 -2      2709       887       888      2710      2712       890       889      2711
 -1       225    1    0    1
 -2       637      2717      2718       638       640      2720      2719       639
 -1       226    1    0    1
 -2      2717       887       888      2718      2720       890       889      2719
 -1       227    1    0    1
 -2       687      2725      2726       688       690      2728      2727       689
 -1       228    1    0    1
 -2      2725       837       838      2726      2728       840       839      2727
 -1       229    1    0    1
 -2       737      2733      2734       738       740      2736      2735       739
 -1       230    1    0    1
 -2      2733       987       988      2734      2736       990       989      2735
 -1       231    1    0    1
 -2       787      2741      2742       788       790      2744      2743       789
 -1       232    1    0    1
 -2      2741       937       938      2742      2744       940       939      2743
 -1       233    1    0    1
 -2       837      2749      2750       838       840      2752      2751       839
 -1       234    1    0    1
 -2      2749      1137      1138      2750      2752      1140      1139      2751
 -1       235    1    0    1
 -2       937      2757      2758       938       940      2760      2759       939
 -1       236    1    0    1
 -2      2757      1037      1038      2758      2760      1040      1039      2759
 -1       237    1    0    1
 -2       887      2765      2766       888       890      2768      2767       889
 -1       238    1    0    1
 -2      2765      1187      1188      2766      2768      1190      1189      2767
 -1       239    1    0    1
 -2       987      2773      2774       988       990      2776      2775       989
 -1       240    1    0    1
 -2      2773      1087      1088      2774      2776      1090      1089      2775
 -1       241    1    0    1
 -2       837      2781      2782       838       840      2784      2783       839
 -1       242    1    0    1
 -2      2781      1087      1088      2782      2784      1090      1089      2783
 -1       243    1    0    1
 -2       887      2789      2790       888       890      2792      2791       889
 -1       244    1    0    1
 -2      2789      1037      1038      2790      2792      1040      1039      2791
 -1       245    1    0    1
 -2       937      2797      2798       938       940      2800      2799       939
 -1       246    1    0    1
 -2      2797      1187      1188      2798      2800      1190      1189      2799
 -1       247    1    0    1
 -2       987      2805      2806       988       990      2808      2807       989
 -1       248    1    0    1
 -2      2805      1137      1138      2806      2808      1140      1139      2807
 -1       249    1    0    1
 -2      1037      2813      2814      1038      1040      2816      2815      1039
 -1       250    1    0    1
 -2      2813      1337      1338      2814      2816      1340      1339      2815
 -1       251    1    0    1
 -2      1137      2821      2822      1138      1140      2824      2823      1139
 -1       252    1    0    1
 -2      2821      1237      1238      2822      2824      1240      1239      2823
 -1       253    1    0    1
 -2      1087      2829      2830      1088      1090      2832      2831      1089
 -1       254    1    0    1
 -2      2829      1387      1388      2830      2832      1390      1389      2831
 -1       255    1    0    1
 -2      1187      2837      2838      1188      1190      2840      2839      1189
 -1       256    1    0    1
 -2      2837      1287      1288      2838      2840      1290      1289      2839
 -1       257    1    0    1
 -2      1037      2845      2846      1038      1040      2848      2847      1039
 -1       258    1    0    1
 -2      2845      1287      1288      2846      2848      1290      1289      2847
 -1       259    1    0    1
 -2      1087      2853      2854      1088      1090      2856      2855      1089
 -1       260    1    0    1
 -2      2853      1237      1238      2854      2856      1240      1239      2855
 -1       261    1    0    1
 -2      1137      2861      2862      1138      1140      2864      2863      1139
 -1       262    1    0    1
 -2      2861      1387      1388      2862      2864      1390      1389      2863
 -1       263    1    0    1
 -2      1187      2869      2870      1188      1190      2872      2871      1189
 -1       264    1    0    1
 -2      2869      1337      1338      2870      2872      1340      1339      2871
 -3
    1PSTEP                         1           1           1          
  100CL  101 1.000000000           0                     0    1           1
 -4  DISP        4    1
 -5  D1          1    2    1    0
 -5  D2          1    2    2    0
 -5  D3          1    2    3    0
 -5  ALL         1    2    0    0    1ALL
 -3
 9999
