    1C
    1UNormalized cross-passage space-truss torsion benchmark            
    1UUSER                                                              
    1UDATE              05.august.2026                                  
    1UTIME              18:13:55                                        
    1UHOST                                                              
    1UPGM               CalculiX                                        
    1UVERSION           Version 2.21                             
    1UCOMPILETIME       Sat Jul 29 10:52:01 CEST 2023                    
    1UDIR                                                               
    1UDBN                                                               
    1UMAT    1STEEL                                                     
    2C                           976                                     1
 -1       197-1.19392E+00 1.10406E-03-3.55217E-02
 -1       198-1.23033E+00 3.58513E-03-1.91580E-02
 -1       199-1.20608E+00-1.10406E-03 3.55217E-02
 -1       200-1.16967E+00-3.58513E-03 1.91580E-02
 -1       205-1.20102E+00-3.40950E-02-1.16828E-02
 -1       206-1.20007E+00-2.33416E-03-3.59798E-02
 -1       207-1.19898E+00 3.40950E-02 1.16828E-02
 -1       208-1.19993E+00 2.33416E-03 3.59798E-02
 -1       213-1.23354E+00-1.32202E-02 3.96605E-04
 -1       214-1.20069E+00-3.60327E-02 1.08098E-03
 -1       215-1.16646E+00 1.32202E-02-3.96605E-04
 -1       216-1.19931E+00 3.60327E-02-1.08098E-03
 -1       247 1.20178E+00 2.55221E-03-3.59208E-02
 -1       248 1.16758E+00-1.84045E-03-1.56598E-02
 -1       249 1.19822E+00-2.55221E-03 3.59208E-02
 -1       250 1.23242E+00 1.84045E-03 1.56598E-02
 -1       255 1.20102E+00-3.38645E-02-1.23355E-02
 -1       256 1.20005E+00-1.64335E-03-3.60180E-02
 -1       257 1.19898E+00 3.38645E-02 1.23355E-02
 -1       258 1.19995E+00 1.64335E-03 3.60180E-02
 -1       263 1.16697E+00-1.44498E-02-4.33494E-04
 -1       264 1.20064E+00-3.60336E-02-1.08101E-03
 -1       265 1.23303E+00 1.44498E-02 4.33494E-04
 -1       266 1.19936E+00 3.60336E-02 1.08101E-03
 -1       297-1.19302E+00-2.96955E-03 1.96475E+00
 -1       298-1.22984E+00 1.30746E-03 1.97980E+00
 -1       299-1.20698E+00 2.96955E-03 2.03525E+00
 -1       300-1.17016E+00-1.30746E-03 2.02020E+00
 -1       305-1.19898E+00-3.38645E-02 1.98766E+00
 -1       306-1.19995E+00-1.64335E-03 1.96398E+00
 -1       307-1.20102E+00 3.38645E-02 2.01234E+00
 -1       308-1.20005E+00 1.64335E-03 2.03602E+00
 -1       313-1.23303E+00-1.44498E-02 1.99957E+00
 -1       314-1.19936E+00-3.60336E-02 1.99892E+00
 -1       315-1.16697E+00 1.44498E-02 2.00043E+00
 -1       316-1.20064E+00 3.60336E-02 2.00108E+00
 -1       347 1.20330E+00-1.36844E-03 1.96412E+00
 -1       348 1.16826E+00-3.59743E-03 1.98329E+00
 -1       349 1.19670E+00 1.36844E-03 2.03588E+00
 -1       350 1.23174E+00 3.59743E-03 2.01671E+00
 -1       355 1.19898E+00-3.40950E-02 1.98832E+00
 -1       356 1.19993E+00-2.33416E-03 1.96402E+00
 -1       357 1.20102E+00 3.40950E-02 2.01168E+00
 -1       358 1.20007E+00 2.33416E-03 2.03598E+00
 -1       363 1.16646E+00-1.32202E-02 2.00040E+00
 -1       364 1.19931E+00-3.60327E-02 2.00108E+00
 -1       365 1.23354E+00 1.32202E-02 1.99960E+00
 -1       366 1.20069E+00 3.60327E-02 1.99892E+00
 -1       397-1.19518E+00 9.99960E+00-3.57295E-02
 -1       398-1.23113E+00 1.00001E+01-1.81950E-02
 -1       399-1.20482E+00 1.00004E+01 3.57295E-02
 -1       400-1.16887E+00 9.99987E+00 1.81950E-02
 -1       405-1.20102E+00 9.96591E+00-1.16828E-02
 -1       406-1.20007E+00 9.99767E+00-3.59798E-02
 -1       407-1.19898E+00 1.00341E+01 1.16828E-02
 -1       408-1.19993E+00 1.00023E+01 3.59798E-02
 -1       413-1.23354E+00 9.98678E+00 3.96605E-04
 -1       414-1.20069E+00 9.96397E+00 1.08098E-03
 -1       415-1.16646E+00 1.00132E+01-3.96605E-04
 -1       416-1.19931E+00 1.00360E+01-1.08098E-03
 -1       447 1.20440E+00 9.99969E+00-3.57842E-02
 -1       448 1.16866E+00 9.99951E+00-1.78246E-02
 -1       449 1.19560E+00 1.00003E+01 3.57842E-02
 -1       450 1.23134E+00 1.00005E+01 1.78246E-02
 -1       455 1.20102E+00 9.96614E+00-1.23355E-02
 -1       456 1.20005E+00 9.99836E+00-3.60180E-02
 -1       457 1.19898E+00 1.00339E+01 1.23355E-02
 -1       458 1.19995E+00 1.00016E+01 3.60180E-02
 -1       463 1.16697E+00 9.98555E+00-4.33494E-04
 -1       464 1.20064E+00 9.96397E+00-1.08101E-03
 -1       465 1.23303E+00 1.00145E+01 4.33494E-04
 -1       466 1.19936E+00 1.00360E+01 1.08101E-03
 -1       497-1.19541E+00 1.00003E+01 1.96424E+00
 -1       498-1.23124E+00 1.00005E+01 1.98201E+00
 -1       499-1.20459E+00 9.99969E+00 2.03576E+00
 -1       500-1.16876E+00 9.99951E+00 2.01799E+00
 -1       505-1.19898E+00 9.96614E+00 1.98766E+00
 -1       506-1.19995E+00 9.99836E+00 1.96398E+00
 -1       507-1.20102E+00 1.00339E+01 2.01234E+00
 -1       508-1.20005E+00 1.00016E+01 2.03602E+00
 -1       513-1.23303E+00 9.98555E+00 1.99957E+00
 -1       514-1.19936E+00 9.96397E+00 1.99892E+00
 -1       515-1.16697E+00 1.00145E+01 2.00043E+00
 -1       516-1.20064E+00 1.00360E+01 2.00108E+00
 -1       547 1.20417E+00 1.00004E+01 1.96419E+00
 -1       548 1.16855E+00 9.99986E+00 1.98238E+00
 -1       549 1.19583E+00 9.99960E+00 2.03581E+00
 -1       550 1.23145E+00 1.00001E+01 2.01762E+00
 -1       555 1.19898E+00 9.96591E+00 1.98832E+00
 -1       556 1.19993E+00 9.99767E+00 1.96402E+00
 -1       557 1.20102E+00 1.00341E+01 2.01168E+00
 -1       558 1.20007E+00 1.00023E+01 2.03598E+00
 -1       563 1.16646E+00 9.98678E+00 2.00040E+00
 -1       564 1.19931E+00 9.96397E+00 2.00108E+00
 -1       565 1.23354E+00 1.00132E+01 1.99960E+00
 -1       566 1.20069E+00 1.00360E+01 1.99892E+00
 -1       597-1.19508E+00 1.99995E+01-3.57149E-02
 -1       598-1.23108E+00 2.00002E+01-1.82812E-02
 -1       599-1.20492E+00 2.00005E+01 3.57149E-02
 -1       600-1.16892E+00 1.99998E+01 1.82812E-02
 -1       605-1.20157E+00 1.99659E+01-1.15220E-02
 -1       606-1.20011E+00 1.99975E+01-3.59684E-02
 -1       607-1.19843E+00 2.00341E+01 1.15220E-02
 -1       608-1.19989E+00 2.00025E+01 3.59684E-02
 -1       613-1.23368E+00 1.99872E+01 5.90072E-04
 -1       614-1.20108E+00 1.99640E+01 1.65325E-03
 -1       615-1.16632E+00 2.00128E+01-5.90072E-04
 -1       616-1.19892E+00 2.00360E+01-1.65325E-03
 -1       647 1.20439E+00 1.99996E+01-3.57847E-02
 -1       648 1.16866E+00 1.99994E+01-1.78130E-02
 -1       649 1.19561E+00 2.00004E+01 3.57847E-02
 -1       650 1.23134E+00 2.00006E+01 1.78130E-02
 -1       655 1.20155E+00 1.99662E+01-1.25208E-02
 -1       656 1.20007E+00 1.99986E+01-3.60265E-02
 -1       657 1.19845E+00 2.00338E+01 1.25208E-02
 -1       658 1.19993E+00 2.00014E+01 3.60265E-02
 -1       663 1.16710E+00 1.99853E+01-6.76580E-04
 -1       664 1.20096E+00 1.99640E+01-1.65341E-03
 -1       665 1.23290E+00 2.00147E+01 6.76580E-04
 -1       666 1.19904E+00 2.00360E+01 1.65341E-03
 -1       697-1.19536E+00 2.00004E+01 1.96425E+00
 -1       698-1.23122E+00 2.00006E+01 1.98197E+00
 -1       699-1.20464E+00 1.99996E+01 2.03575E+00
 -1       700-1.16878E+00 1.99994E+01 2.01803E+00
 -1       705-1.19845E+00 1.99662E+01 1.98748E+00
 -1       706-1.19993E+00 1.99986E+01 1.96397E+00
 -1       707-1.20155E+00 2.00338E+01 2.01252E+00
 -1       708-1.20007E+00 2.00014E+01 2.03603E+00
 -1       713-1.23290E+00 1.99853E+01 1.99932E+00
 -1       714-1.19904E+00 1.99640E+01 1.99835E+00
 -1       715-1.16710E+00 2.00147E+01 2.00068E+00
 -1       716-1.20096E+00 2.00360E+01 2.00165E+00
 -1       747 1.20409E+00 2.00005E+01 1.96418E+00
 -1       748 1.16851E+00 1.99998E+01 1.98244E+00
 -1       749 1.19591E+00 1.99995E+01 2.03582E+00
 -1       750 1.23149E+00 2.00002E+01 2.01756E+00
 -1       755 1.19843E+00 1.99659E+01 1.98848E+00
 -1       756 1.19989E+00 1.99975E+01 1.96403E+00
 -1       757 1.20157E+00 2.00341E+01 2.01152E+00
 -1       758 1.20011E+00 2.00025E+01 2.03597E+00
 -1       763 1.16632E+00 1.99872E+01 2.00059E+00
 -1       764 1.19892E+00 1.99640E+01 2.00165E+00
 -1       765 1.23368E+00 2.00128E+01 1.99941E+00
 -1       766 1.20108E+00 2.00360E+01 1.99835E+00
 -1       797-1.19529E+00 2.99997E+01-3.57458E-02
 -1       798-1.23119E+00 3.00001E+01-1.80938E-02
 -1       799-1.20471E+00 3.00003E+01 3.57458E-02
 -1       800-1.16881E+00 2.99999E+01 1.80938E-02
 -1       805-1.20102E+00 2.99659E+01-1.16828E-02
 -1       806-1.20007E+00 2.99977E+01-3.59798E-02
 -1       807-1.19898E+00 3.00341E+01 1.16828E-02
 -1       808-1.19993E+00 3.00023E+01 3.59798E-02
 -1       813-1.23354E+00 2.99868E+01 3.96605E-04
 -1       814-1.20069E+00 2.99640E+01 1.08098E-03
 -1       815-1.16646E+00 3.00132E+01-3.96605E-04
 -1       816-1.19931E+00 3.00360E+01-1.08098E-03
 -1       847 1.20438E+00 2.99998E+01-3.57872E-02
 -1       848 1.16865E+00 2.99996E+01-1.78095E-02
 -1       849 1.19562E+00 3.00002E+01 3.57872E-02
 -1       850 1.23135E+00 3.00004E+01 1.78095E-02
 -1       855 1.20102E+00 2.99661E+01-1.23355E-02
 -1       856 1.20005E+00 2.99984E+01-3.60180E-02
 -1       857 1.19898E+00 3.00339E+01 1.23355E-02
 -1       858 1.19995E+00 3.00016E+01 3.60180E-02
 -1       863 1.16697E+00 2.99855E+01-4.33494E-04
 -1       864 1.20064E+00 2.99640E+01-1.08101E-03
 -1       865 1.23303E+00 3.00145E+01 4.33494E-04
 -1       866 1.19936E+00 3.00360E+01 1.08101E-03
 -1       897-1.19547E+00 3.00002E+01 1.96423E+00
 -1       898-1.23128E+00 3.00004E+01 1.98206E+00
 -1       899-1.20453E+00 2.99998E+01 2.03577E+00
 -1       900-1.16872E+00 2.99996E+01 2.01794E+00
 -1       905-1.19898E+00 2.99661E+01 1.98766E+00
 -1       906-1.19995E+00 2.99984E+01 1.96398E+00
 -1       907-1.20102E+00 3.00339E+01 2.01234E+00
 -1       908-1.20005E+00 3.00016E+01 2.03602E+00
 -1       913-1.23303E+00 2.99855E+01 1.99957E+00
 -1       914-1.19936E+00 2.99640E+01 1.99892E+00
 -1       915-1.16697E+00 3.00145E+01 2.00043E+00
 -1       916-1.20064E+00 3.00360E+01 2.00108E+00
 -1       947 1.20420E+00 3.00003E+01 1.96419E+00
 -1       948 1.16856E+00 2.99999E+01 1.98235E+00
 -1       949 1.19580E+00 2.99997E+01 2.03581E+00
 -1       950 1.23144E+00 3.00001E+01 2.01765E+00
 -1       955 1.19898E+00 2.99659E+01 1.98832E+00
 -1       956 1.19993E+00 2.99977E+01 1.96402E+00
 -1       957 1.20102E+00 3.00341E+01 2.01168E+00
 -1       958 1.20007E+00 3.00023E+01 2.03598E+00
 -1       963 1.16646E+00 2.99868E+01 2.00040E+00
 -1       964 1.19931E+00 2.99640E+01 2.00108E+00
 -1       965 1.23354E+00 3.00132E+01 1.99960E+00
 -1       966 1.20069E+00 3.00360E+01 1.99892E+00
 -1       997-1.19524E+00 3.99997E+01-3.57384E-02
 -1       998-1.23116E+00 4.00001E+01-1.81437E-02
 -1       999-1.20476E+00 4.00003E+01 3.57384E-02
 -1      1000-1.16884E+00 3.99999E+01 1.81437E-02
 -1      1005-1.20145E+00 3.99659E+01-1.15569E-02
 -1      1006-1.20010E+00 3.99975E+01-3.59709E-02
 -1      1007-1.19855E+00 4.00341E+01 1.15569E-02
 -1      1008-1.19990E+00 4.00025E+01 3.59709E-02
 -1      1013-1.23365E+00 3.99871E+01 5.48678E-04
 -1      1014-1.20099E+00 3.99640E+01 1.52775E-03
 -1      1015-1.16635E+00 4.00129E+01-5.48678E-04
 -1      1016-1.19901E+00 4.00360E+01-1.52775E-03
 -1      1047 1.20447E+00 3.99998E+01-3.57769E-02
 -1      1048 1.16869E+00 3.99997E+01-1.78829E-02
 -1      1049 1.19553E+00 4.00002E+01 3.57769E-02
 -1      1050 1.23131E+00 4.00003E+01 1.78829E-02
 -1      1055 1.20143E+00 3.99662E+01-1.24797E-02
 -1      1056 1.20006E+00 3.99985E+01-3.60247E-02
 -1      1057 1.19857E+00 4.00338E+01 1.24797E-02
 -1      1058 1.19994E+00 4.00015E+01 3.60247E-02
 -1      1063 1.16707E+00 3.99853E+01-6.22501E-04
 -1      1064 1.20089E+00 3.99640E+01-1.52786E-03
 -1      1065 1.23293E+00 4.00147E+01 6.22501E-04
 -1      1066 1.19911E+00 4.00360E+01 1.52786E-03
 -1      1097-1.19539E+00 4.00002E+01 1.96424E+00
 -1      1098-1.23124E+00 4.00003E+01 1.98200E+00
 -1      1099-1.20461E+00 3.99998E+01 2.03576E+00
 -1      1100-1.16876E+00 3.99997E+01 2.01800E+00
 -1      1105-1.19857E+00 3.99662E+01 1.98752E+00
 -1      1106-1.19994E+00 3.99985E+01 1.96398E+00
 -1      1107-1.20143E+00 4.00338E+01 2.01248E+00
 -1      1108-1.20006E+00 4.00015E+01 2.03602E+00
 -1      1113-1.23293E+00 3.99853E+01 1.99938E+00
 -1      1114-1.19911E+00 3.99640E+01 1.99847E+00
 -1      1115-1.16707E+00 4.00147E+01 2.00062E+00
 -1      1116-1.20089E+00 4.00360E+01 2.00153E+00
 -1      1147 1.20430E+00 4.00003E+01 1.96420E+00
 -1      1148 1.16861E+00 3.99999E+01 1.98226E+00
 -1      1149 1.19570E+00 3.99997E+01 2.03580E+00
 -1      1150 1.23139E+00 4.00001E+01 2.01774E+00
 -1      1155 1.19855E+00 3.99659E+01 1.98844E+00
 -1      1156 1.19990E+00 3.99975E+01 1.96403E+00
 -1      1157 1.20145E+00 4.00341E+01 2.01156E+00
 -1      1158 1.20010E+00 4.00025E+01 2.03597E+00
 -1      1163 1.16635E+00 3.99871E+01 2.00055E+00
 -1      1164 1.19901E+00 3.99640E+01 2.00153E+00
 -1      1165 1.23365E+00 4.00129E+01 1.99945E+00
 -1      1166 1.20099E+00 4.00360E+01 1.99847E+00
 -1      1197-1.19606E+00 4.99977E+01-3.57684E-02
 -1      1198-1.23150E+00 4.99967E+01-1.72423E-02
 -1      1199-1.20394E+00 5.00023E+01 3.57684E-02
 -1      1200-1.16850E+00 5.00033E+01 1.72423E-02
 -1      1205-1.20102E+00 4.99659E+01-1.16828E-02
 -1      1206-1.20007E+00 4.99977E+01-3.59798E-02
 -1      1207-1.19898E+00 5.00341E+01 1.16828E-02
 -1      1208-1.19993E+00 5.00023E+01 3.59798E-02
 -1      1213-1.23354E+00 4.99868E+01 3.96605E-04
 -1      1214-1.20069E+00 4.99640E+01 1.08098E-03
 -1      1215-1.16646E+00 5.00132E+01-3.96605E-04
 -1      1216-1.19931E+00 5.00360E+01-1.08098E-03
 -1      1247 1.20658E+00 4.99964E+01-3.52651E-02
 -1      1248 1.16988E+00 5.00002E+01-1.98129E-02
 -1      1249 1.19342E+00 5.00036E+01 3.52651E-02
 -1      1250 1.23012E+00 4.99998E+01 1.98129E-02
 -1      1255 1.20102E+00 4.99661E+01-1.23355E-02
 -1      1256 1.20005E+00 4.99984E+01-3.60180E-02
 -1      1257 1.19898E+00 5.00339E+01 1.23355E-02
 -1      1258 1.19995E+00 5.00016E+01 3.60180E-02
 -1      1263 1.16697E+00 4.99855E+01-4.33494E-04
 -1      1264 1.20064E+00 4.99640E+01-1.08101E-03
 -1      1265 1.23303E+00 5.00145E+01 4.33494E-04
 -1      1266 1.19936E+00 5.00360E+01 1.08101E-03
 -1      1297-1.19817E+00 5.00034E+01 1.96415E+00
 -1      1298-1.23246E+00 4.99993E+01 1.98433E+00
 -1      1299-1.20183E+00 4.99966E+01 2.03585E+00
 -1      1300-1.16754E+00 5.00007E+01 2.01567E+00
 -1      1305-1.19898E+00 4.99661E+01 1.98766E+00
 -1      1306-1.19995E+00 4.99984E+01 1.96398E+00
 -1      1307-1.20102E+00 5.00339E+01 2.01234E+00
 -1      1308-1.20005E+00 5.00016E+01 2.03602E+00
 -1      1313-1.23303E+00 4.99855E+01 1.99957E+00
 -1      1314-1.19936E+00 4.99640E+01 1.99892E+00
 -1      1315-1.16697E+00 5.00145E+01 2.00043E+00
 -1      1316-1.20064E+00 5.00360E+01 2.00108E+00
 -1      1347 1.20512E+00 5.00022E+01 1.96438E+00
 -1      1348 1.16910E+00 5.00033E+01 1.98172E+00
 -1      1349 1.19488E+00 4.99978E+01 2.03562E+00
 -1      1350 1.23090E+00 4.99967E+01 2.01828E+00
 -1      1355 1.19898E+00 4.99659E+01 1.98832E+00
 -1      1356 1.19993E+00 4.99977E+01 1.96402E+00
 -1      1357 1.20102E+00 5.00341E+01 2.01168E+00
 -1      1358 1.20007E+00 5.00023E+01 2.03598E+00
 -1      1363 1.16646E+00 4.99868E+01 2.00040E+00
 -1      1364 1.19931E+00 4.99640E+01 2.00108E+00
 -1      1365 1.23354E+00 5.00132E+01 1.99960E+00
 -1      1366 1.20069E+00 5.00360E+01 1.99892E+00
 -1      1397-1.19553E+00 5.00000E+00-1.85778E-01
 -1      1398-1.23131E+00 5.00000E+00-1.67883E-01
 -1      1399-1.20447E+00 5.00000E+00-1.14222E-01
 -1      1400-1.16869E+00 5.00000E+00-1.32117E-01
 -1      1405 1.20447E+00 5.00000E+00 1.14222E-01
 -1      1406 1.16869E+00 5.00000E+00 1.32117E-01
 -1      1407 1.19553E+00 5.00000E+00 1.85778E-01
 -1      1408 1.23131E+00 5.00000E+00 1.67883E-01
 -1      1413-1.19553E+00 5.00000E+00 1.81422E+00
 -1      1414-1.23131E+00 5.00000E+00 1.83212E+00
 -1      1415-1.20447E+00 5.00000E+00 1.88578E+00
 -1      1416-1.16869E+00 5.00000E+00 1.86788E+00
 -1      1421 1.20447E+00 5.00000E+00 2.11422E+00
 -1      1422 1.16869E+00 5.00000E+00 2.13212E+00
 -1      1423 1.19553E+00 5.00000E+00 2.18578E+00
 -1      1424 1.23131E+00 5.00000E+00 2.16788E+00
 -1      1429-1.19553E+00 1.50000E+01-1.85778E-01
 -1      1430-1.23131E+00 1.50000E+01-1.67883E-01
 -1      1431-1.20447E+00 1.50000E+01-1.14222E-01
 -1      1432-1.16869E+00 1.50000E+01-1.32117E-01
 -1      1437 1.20447E+00 1.50000E+01 1.14222E-01
 -1      1438 1.16869E+00 1.50000E+01 1.32117E-01
 -1      1439 1.19553E+00 1.50000E+01 1.85778E-01
 -1      1440 1.23131E+00 1.50000E+01 1.67883E-01
 -1      1445-1.19553E+00 1.50000E+01 1.81422E+00
 -1      1446-1.23131E+00 1.50000E+01 1.83212E+00
 -1      1447-1.20447E+00 1.50000E+01 1.88578E+00
 -1      1448-1.16869E+00 1.50000E+01 1.86788E+00
 -1      1453 1.20447E+00 1.50000E+01 2.11422E+00
 -1      1454 1.16869E+00 1.50000E+01 2.13212E+00
 -1      1455 1.19553E+00 1.50000E+01 2.18578E+00
 -1      1456 1.23131E+00 1.50000E+01 2.16788E+00
 -1      1461-1.19553E+00 2.50000E+01-1.85778E-01
 -1      1462-1.23131E+00 2.50000E+01-1.67883E-01
 -1      1463-1.20447E+00 2.50000E+01-1.14222E-01
 -1      1464-1.16869E+00 2.50000E+01-1.32117E-01
 -1      1469 1.20447E+00 2.50000E+01 1.14222E-01
 -1      1470 1.16869E+00 2.50000E+01 1.32117E-01
 -1      1471 1.19553E+00 2.50000E+01 1.85778E-01
 -1      1472 1.23131E+00 2.50000E+01 1.67883E-01
 -1      1477-1.19553E+00 2.50000E+01 1.81422E+00
 -1      1478-1.23131E+00 2.50000E+01 1.83212E+00
 -1      1479-1.20447E+00 2.50000E+01 1.88578E+00
 -1      1480-1.16869E+00 2.50000E+01 1.86788E+00
 -1      1485 1.20447E+00 2.50000E+01 2.11422E+00
 -1      1486 1.16869E+00 2.50000E+01 2.13212E+00
 -1      1487 1.19553E+00 2.50000E+01 2.18578E+00
 -1      1488 1.23131E+00 2.50000E+01 2.16788E+00
 -1      1493-1.19553E+00 3.50000E+01-1.85778E-01
 -1      1494-1.23131E+00 3.50000E+01-1.67883E-01
 -1      1495-1.20447E+00 3.50000E+01-1.14222E-01
 -1      1496-1.16869E+00 3.50000E+01-1.32117E-01
 -1      1501 1.20447E+00 3.50000E+01 1.14222E-01
 -1      1502 1.16869E+00 3.50000E+01 1.32117E-01
 -1      1503 1.19553E+00 3.50000E+01 1.85778E-01
 -1      1504 1.23131E+00 3.50000E+01 1.67883E-01
 -1      1509-1.19553E+00 3.50000E+01 1.81422E+00
 -1      1510-1.23131E+00 3.50000E+01 1.83212E+00
 -1      1511-1.20447E+00 3.50000E+01 1.88578E+00
 -1      1512-1.16869E+00 3.50000E+01 1.86788E+00
 -1      1517 1.20447E+00 3.50000E+01 2.11422E+00
 -1      1518 1.16869E+00 3.50000E+01 2.13212E+00
 -1      1519 1.19553E+00 3.50000E+01 2.18578E+00
 -1      1520 1.23131E+00 3.50000E+01 2.16788E+00
 -1      1525-1.19553E+00 4.50000E+01-1.85778E-01
 -1      1526-1.23131E+00 4.50000E+01-1.67883E-01
 -1      1527-1.20447E+00 4.50000E+01-1.14222E-01
 -1      1528-1.16869E+00 4.50000E+01-1.32117E-01
 -1      1533 1.20447E+00 4.50000E+01 1.14222E-01
 -1      1534 1.16869E+00 4.50000E+01 1.32117E-01
 -1      1535 1.19553E+00 4.50000E+01 1.85778E-01
 -1      1536 1.23131E+00 4.50000E+01 1.67883E-01
 -1      1541-1.19553E+00 4.50000E+01 1.81422E+00
 -1      1542-1.23131E+00 4.50000E+01 1.83212E+00
 -1      1543-1.20447E+00 4.50000E+01 1.88578E+00
 -1      1544-1.16869E+00 4.50000E+01 1.86788E+00
 -1      1549 1.20447E+00 4.50000E+01 2.11422E+00
 -1      1550 1.16869E+00 4.50000E+01 2.13212E+00
 -1      1551 1.19553E+00 4.50000E+01 2.18578E+00
 -1      1552 1.23131E+00 4.50000E+01 2.16788E+00
 -1      1557 0.00000E+00-6.99992E-02-1.20023E-02
 -1      1558 0.00000E+00-3.79975E-02-3.60001E-02
 -1      1559 0.00000E+00-2.00083E-03 1.20023E-02
 -1      1560 0.00000E+00-3.40025E-02 3.60001E-02
 -1      1565 0.00000E+00 2.00083E-03 1.98800E+00
 -1      1566 0.00000E+00 3.40025E-02 1.96400E+00
 -1      1567 0.00000E+00 6.99992E-02 2.01200E+00
 -1      1568 0.00000E+00 3.79975E-02 2.03600E+00
 -1      1573-1.23329E+00 1.61495E-02 1.00000E+00
 -1      1574-1.20002E+00-6.05551E-03 1.00000E+00
 -1      1575-1.16671E+00 4.38505E-02 1.00000E+00
 -1      1576-1.19998E+00 6.60555E-02 1.00000E+00
 -1      1581 1.16671E+00-4.38505E-02 1.00000E+00
 -1      1582 1.19998E+00-6.60555E-02 1.00000E+00
 -1      1583 1.23329E+00-1.61495E-02 1.00000E+00
 -1      1584 1.20002E+00 6.05551E-03 1.00000E+00
 -1      1589 0.00000E+00 9.93000E+00-1.20023E-02
 -1      1590 0.00000E+00 9.96200E+00-3.60001E-02
 -1      1591 0.00000E+00 9.99800E+00 1.20023E-02
 -1      1592 0.00000E+00 9.96600E+00 3.60001E-02
 -1      1597 0.00000E+00 1.00020E+01 1.98800E+00
 -1      1598 0.00000E+00 1.00340E+01 1.96400E+00
 -1      1599 0.00000E+00 1.00700E+01 2.01200E+00
 -1      1600 0.00000E+00 1.00380E+01 2.03600E+00
 -1      1605-1.23329E+00 1.00161E+01 1.00000E+00
 -1      1606-1.20002E+00 9.99394E+00 1.00000E+00
 -1      1607-1.16671E+00 1.00439E+01 1.00000E+00
 -1      1608-1.19998E+00 1.00661E+01 1.00000E+00
 -1      1613 1.16671E+00 9.95615E+00 1.00000E+00
 -1      1614 1.19998E+00 9.93394E+00 1.00000E+00
 -1      1615 1.23329E+00 9.98385E+00 1.00000E+00
 -1      1616 1.20002E+00 1.00061E+01 1.00000E+00
 -1      1621-9.01448E-01 1.99521E+01-1.15569E-02
 -1      1622-9.00105E-01 1.99838E+01-3.59710E-02
 -1      1623-8.98552E-01 2.00203E+01 1.15569E-02
 -1      1624-8.99895E-01 1.99887E+01 3.59710E-02
 -1      1629-6.01107E-01 1.99404E+01-1.16576E-02
 -1      1630-6.00077E-01 1.99722E+01-3.59781E-02
 -1      1631-5.98893E-01 2.00086E+01 1.16576E-02
 -1      1632-5.99923E-01 1.99769E+01 3.59781E-02
 -1      1637-3.00599E-01 1.99327E+01-1.18121E-02
 -1      1638-3.00039E-01 1.99645E+01-3.59884E-02
 -1      1639-2.99401E-01 2.00008E+01 1.18121E-02
 -1      1640-2.99961E-01 1.99689E+01 3.59884E-02
 -1      1645 0.00000E+00 1.99300E+01-1.20002E-02
 -1      1646 0.00000E+00 1.99620E+01-3.60000E-02
 -1      1647 0.00000E+00 1.99980E+01 1.20002E-02
 -1      1648 0.00000E+00 1.99660E+01 3.60000E-02
 -1      1653 3.00596E-01 1.99328E+01-1.21945E-02
 -1      1654 3.00032E-01 1.99649E+01-3.60109E-02
 -1      1655 2.99404E-01 2.00007E+01 1.21945E-02
 -1      1656 2.99968E-01 1.99685E+01 3.60109E-02
 -1      1661 6.01099E-01 1.99407E+01-1.23640E-02
 -1      1662 6.00052E-01 1.99729E+01-3.60194E-02
 -1      1663 5.98901E-01 2.00084E+01 1.23640E-02
 -1      1664 5.99948E-01 1.99762E+01 3.60194E-02
 -1      1669 9.01434E-01 1.99524E+01-1.24797E-02
 -1      1670 9.00063E-01 1.99847E+01-3.60247E-02
 -1      1671 8.98566E-01 2.00200E+01 1.24797E-02
 -1      1672 8.99937E-01 1.99877E+01 3.60247E-02
 -1      1677-8.98566E-01 1.99800E+01 1.98752E+00
 -1      1678-8.99937E-01 2.00123E+01 1.96398E+00
 -1      1679-9.01434E-01 2.00476E+01 2.01248E+00
 -1      1680-9.00063E-01 2.00153E+01 2.03602E+00
 -1      1685-5.98901E-01 1.99916E+01 1.98764E+00
 -1      1686-5.99948E-01 2.00238E+01 1.96398E+00
 -1      1687-6.01099E-01 2.00593E+01 2.01236E+00
 -1      1688-6.00052E-01 2.00271E+01 2.03602E+00
 -1      1693-2.99404E-01 1.99993E+01 1.98781E+00
 -1      1694-2.99968E-01 2.00315E+01 1.96399E+00
 -1      1695-3.00596E-01 2.00672E+01 2.01219E+00
 -1      1696-3.00032E-01 2.00351E+01 2.03601E+00
 -1      1701 0.00000E+00 2.00020E+01 1.98800E+00
 -1      1702 0.00000E+00 2.00340E+01 1.96400E+00
 -1      1703 0.00000E+00 2.00700E+01 2.01200E+00
 -1      1704 0.00000E+00 2.00380E+01 2.03600E+00
 -1      1709 2.99401E-01 1.99992E+01 1.98819E+00
 -1      1710 2.99961E-01 2.00311E+01 1.96401E+00
 -1      1711 3.00599E-01 2.00673E+01 2.01181E+00
 -1      1712 3.00039E-01 2.00355E+01 2.03599E+00
 -1      1717 5.98893E-01 1.99914E+01 1.98834E+00
 -1      1718 5.99923E-01 2.00231E+01 1.96402E+00
 -1      1719 6.01107E-01 2.00596E+01 2.01166E+00
 -1      1720 6.00077E-01 2.00278E+01 2.03598E+00
 -1      1725 8.98552E-01 1.99797E+01 1.98844E+00
 -1      1726 8.99895E-01 2.00113E+01 1.96403E+00
 -1      1727 9.01448E-01 2.00479E+01 2.01156E+00
 -1      1728 9.00105E-01 2.00162E+01 2.03597E+00
 -1      1733-1.23365E+00 1.99985E+01 2.50549E-01
 -1      1734-1.20099E+00 1.99755E+01 2.51528E-01
 -1      1735-1.16635E+00 2.00244E+01 2.49451E-01
 -1      1736-1.19901E+00 2.00475E+01 2.48472E-01
 -1      1741-1.23356E+00 2.00081E+01 5.00427E-01
 -1      1742-1.20075E+00 1.99852E+01 5.01170E-01
 -1      1743-1.16644E+00 2.00344E+01 4.99573E-01
 -1      1744-1.19925E+00 2.00572E+01 4.98830E-01
 -1      1749-1.23343E+00 2.00142E+01 7.50237E-01
 -1      1750-1.20040E+00 1.99917E+01 7.50633E-01
 -1      1751-1.16657E+00 2.00412E+01 7.49763E-01
 -1      1752-1.19960E+00 2.00638E+01 7.49367E-01
 -1      1757-1.23328E+00 2.00161E+01 1.00000E+00
 -1      1758-1.20000E+00 1.99939E+01 1.00000E+00
 -1      1759-1.16672E+00 2.00439E+01 1.00000E+00
 -1      1760-1.20000E+00 2.00661E+01 1.00000E+00
 -1      1765-1.23313E+00 2.00135E+01 1.24975E+00
 -1      1766-1.19962E+00 1.99917E+01 1.24937E+00
 -1      1767-1.16687E+00 2.00419E+01 1.25025E+00
 -1      1768-1.20038E+00 2.00638E+01 1.25063E+00
 -1      1773-1.23301E+00 2.00067E+01 1.49953E+00
 -1      1774-1.19931E+00 1.99852E+01 1.49883E+00
 -1      1775-1.16699E+00 2.00357E+01 1.50047E+00
 -1      1776-1.20069E+00 2.00572E+01 1.50117E+00
 -1      1781-1.23293E+00 1.99968E+01 1.74938E+00
 -1      1782-1.19911E+00 1.99755E+01 1.74847E+00
 -1      1783-1.16707E+00 2.00262E+01 1.75062E+00
 -1      1784-1.20089E+00 2.00475E+01 1.75153E+00
 -1      1789 1.16707E+00 1.99738E+01 2.49378E-01
 -1      1790 1.20089E+00 1.99525E+01 2.48472E-01
 -1      1791 1.23293E+00 2.00032E+01 2.50622E-01
 -1      1792 1.19911E+00 2.00245E+01 2.51528E-01
 -1      1797 1.16699E+00 1.99643E+01 4.99529E-01
 -1      1798 1.20069E+00 1.99428E+01 4.98830E-01
 -1      1799 1.23301E+00 1.99933E+01 5.00471E-01
 -1      1800 1.19931E+00 2.00148E+01 5.01170E-01
 -1      1805 1.16687E+00 1.99581E+01 7.49750E-01
 -1      1806 1.20038E+00 1.99362E+01 7.49367E-01
 -1      1807 1.23313E+00 1.99865E+01 7.50250E-01
 -1      1808 1.19962E+00 2.00083E+01 7.50633E-01
 -1      1813 1.16672E+00 1.99561E+01 1.00000E+00
 -1      1814 1.20000E+00 1.99339E+01 1.00000E+00
 -1      1815 1.23328E+00 1.99839E+01 1.00000E+00
 -1      1816 1.20000E+00 2.00061E+01 1.00000E+00
 -1      1821 1.16657E+00 1.99588E+01 1.25024E+00
 -1      1822 1.19960E+00 1.99362E+01 1.25063E+00
 -1      1823 1.23343E+00 1.99858E+01 1.24976E+00
 -1      1824 1.20040E+00 2.00083E+01 1.24937E+00
 -1      1829 1.16644E+00 1.99656E+01 1.50043E+00
 -1      1830 1.19925E+00 1.99428E+01 1.50117E+00
 -1      1831 1.23356E+00 1.99919E+01 1.49957E+00
 -1      1832 1.20075E+00 2.00148E+01 1.49883E+00
 -1      1837 1.16635E+00 1.99756E+01 1.75055E+00
 -1      1838 1.19901E+00 1.99525E+01 1.75153E+00
 -1      1839 1.23365E+00 2.00015E+01 1.74945E+00
 -1      1840 1.20099E+00 2.00245E+01 1.74847E+00
 -1      1845 0.00000E+00 2.99300E+01-1.20023E-02
 -1      1846 0.00000E+00 2.99620E+01-3.60001E-02
 -1      1847 0.00000E+00 2.99980E+01 1.20023E-02
 -1      1848 0.00000E+00 2.99660E+01 3.60001E-02
 -1      1853 0.00000E+00 3.00020E+01 1.98800E+00
 -1      1854 0.00000E+00 3.00340E+01 1.96400E+00
 -1      1855 0.00000E+00 3.00700E+01 2.01200E+00
 -1      1856 0.00000E+00 3.00380E+01 2.03600E+00
 -1      1861-1.23329E+00 3.00161E+01 1.00000E+00
 -1      1862-1.20002E+00 2.99939E+01 1.00000E+00
 -1      1863-1.16671E+00 3.00438E+01 1.00000E+00
 -1      1864-1.19998E+00 3.00661E+01 1.00000E+00
 -1      1869 1.16671E+00 2.99562E+01 1.00000E+00
 -1      1870 1.19998E+00 2.99339E+01 1.00000E+00
 -1      1871 1.23329E+00 2.99839E+01 1.00000E+00
 -1      1872 1.20002E+00 3.00061E+01 1.00000E+00
 -1      1877-6.01023E-01 3.99404E+01-1.16832E-02
 -1      1878-6.00070E-01 3.99722E+01-3.59798E-02
 -1      1879-5.98977E-01 4.00086E+01 1.16832E-02
 -1      1880-5.99930E-01 3.99769E+01 3.59798E-02
 -1      1885 0.00000E+00 3.99300E+01-1.20008E-02
 -1      1886 0.00000E+00 3.99620E+01-3.60000E-02
 -1      1887 0.00000E+00 3.99980E+01 1.20008E-02
 -1      1888 0.00000E+00 3.99660E+01 3.60000E-02
 -1      1893 6.01016E-01 3.99407E+01-1.23359E-02
 -1      1894 6.00049E-01 3.99729E+01-3.60180E-02
 -1      1895 5.98984E-01 4.00084E+01 1.23359E-02
 -1      1896 5.99951E-01 3.99762E+01 3.60180E-02
 -1      1901-5.98984E-01 3.99916E+01 1.98766E+00
 -1      1902-5.99951E-01 4.00238E+01 1.96398E+00
 -1      1903-6.01016E-01 4.00593E+01 2.01234E+00
 -1      1904-6.00049E-01 4.00271E+01 2.03602E+00
 -1      1909 0.00000E+00 4.00020E+01 1.98800E+00
 -1      1910 0.00000E+00 4.00340E+01 1.96400E+00
 -1      1911 0.00000E+00 4.00700E+01 2.01200E+00
 -1      1912 0.00000E+00 4.00380E+01 2.03600E+00
 -1      1917 5.98977E-01 3.99914E+01 1.98832E+00
 -1      1918 5.99930E-01 4.00231E+01 1.96402E+00
 -1      1919 6.01023E-01 4.00596E+01 2.01168E+00
 -1      1920 6.00070E-01 4.00278E+01 2.03598E+00
 -1      1925-1.23354E+00 4.00080E+01 5.00396E-01
 -1      1926-1.20070E+00 3.99852E+01 5.01081E-01
 -1      1927-1.16646E+00 4.00344E+01 4.99604E-01
 -1      1928-1.19930E+00 4.00572E+01 4.98919E-01
 -1      1933-1.23328E+00 4.00161E+01 1.00000E+00
 -1      1934-1.20001E+00 3.99939E+01 1.00000E+00
 -1      1935-1.16672E+00 4.00439E+01 1.00000E+00
 -1      1936-1.19999E+00 4.00661E+01 1.00000E+00
 -1      1941-1.23303E+00 4.00068E+01 1.49957E+00
 -1      1942-1.19936E+00 3.99852E+01 1.49892E+00
 -1      1943-1.16697E+00 4.00357E+01 1.50043E+00
 -1      1944-1.20064E+00 4.00572E+01 1.50108E+00
 -1      1949 1.16697E+00 3.99643E+01 4.99567E-01
 -1      1950 1.20064E+00 3.99428E+01 4.98919E-01
 -1      1951 1.23303E+00 3.99932E+01 5.00433E-01
 -1      1952 1.19936E+00 4.00148E+01 5.01081E-01
 -1      1957 1.16672E+00 3.99561E+01 1.00000E+00
 -1      1958 1.19999E+00 3.99339E+01 1.00000E+00
 -1      1959 1.23328E+00 3.99839E+01 1.00000E+00
 -1      1960 1.20001E+00 4.00061E+01 1.00000E+00
 -1      1965 1.16646E+00 3.99656E+01 1.50040E+00
 -1      1966 1.19930E+00 3.99428E+01 1.50108E+00
 -1      1967 1.23354E+00 3.99920E+01 1.49960E+00
 -1      1968 1.20070E+00 4.00148E+01 1.49892E+00
 -1      1973 0.00000E+00 4.99300E+01-1.20023E-02
 -1      1974 0.00000E+00 4.99620E+01-3.60001E-02
 -1      1975 0.00000E+00 4.99980E+01 1.20023E-02
 -1      1976 0.00000E+00 4.99660E+01 3.60001E-02
 -1      1981 0.00000E+00 5.00020E+01 1.98800E+00
 -1      1982 0.00000E+00 5.00340E+01 1.96400E+00
 -1      1983 0.00000E+00 5.00700E+01 2.01200E+00
 -1      1984 0.00000E+00 5.00380E+01 2.03600E+00
 -1      1989-1.23329E+00 5.00161E+01 1.00000E+00
 -1      1990-1.20002E+00 4.99939E+01 1.00000E+00
 -1      1991-1.16671E+00 5.00438E+01 1.00000E+00
 -1      1992-1.19998E+00 5.00661E+01 1.00000E+00
 -1      1997 1.16671E+00 4.99562E+01 1.00000E+00
 -1      1998 1.19998E+00 4.99339E+01 1.00000E+00
 -1      1999 1.23329E+00 4.99839E+01 1.00000E+00
 -1      2000 1.20002E+00 5.00061E+01 1.00000E+00
 -1      2005-1.19830E+00 5.03706E+00 8.14684E-01
 -1      2006-1.23259E+00 5.03303E+00 8.34874E-01
 -1      2007-1.20170E+00 5.02294E+00 8.85316E-01
 -1      2008-1.16741E+00 5.02697E+00 8.65126E-01
 -1      2013-1.19388E+00 5.02303E+00 1.11516E+00
 -1      2014-1.23044E+00 5.02621E+00 1.13106E+00
 -1      2015-1.20612E+00 5.03697E+00 1.18484E+00
 -1      2016-1.16956E+00 5.03379E+00 1.16894E+00
 -1      2021 1.20170E+00 5.03706E+00 8.14684E-01
 -1      2022 1.16741E+00 5.03303E+00 8.34874E-01
 -1      2023 1.19830E+00 5.02294E+00 8.85316E-01
 -1      2024 1.23259E+00 5.02697E+00 8.65126E-01
 -1      2029 1.20612E+00 5.02303E+00 1.11516E+00
 -1      2030 1.16956E+00 5.02621E+00 1.13106E+00
 -1      2031 1.19388E+00 5.03697E+00 1.18484E+00
 -1      2032 1.23044E+00 5.03379E+00 1.16894E+00
 -1      2037 1.59908E-01 4.96162E+00-3.45858E-02
 -1      2038 1.22767E-01 4.97054E+00-2.27077E-02
 -1      2039 1.40092E-01 4.96638E+00 3.45858E-02
 -1      2040 1.77233E-01 4.95746E+00 2.27077E-02
 -1      2045-1.49864E-01 4.96403E+00-3.60552E-02
 -1      2046-1.82310E-01 4.95625E+00-1.39967E-02
 -1      2047-1.50136E-01 4.96397E+00 3.60552E-02
 -1      2048-1.17690E-01 4.97175E+00 1.39967E-02
 -1      2053 1.59908E-01 4.96162E+00 1.96541E+00
 -1      2054 1.22767E-01 4.97054E+00 1.97729E+00
 -1      2055 1.40092E-01 4.96638E+00 2.03459E+00
 -1      2056 1.77233E-01 4.95746E+00 2.02271E+00
 -1      2061-1.49864E-01 4.96403E+00 1.96394E+00
 -1      2062-1.82310E-01 4.95625E+00 1.98600E+00
 -1      2063-1.50136E-01 4.96397E+00 2.03606E+00
 -1      2064-1.17690E-01 4.97175E+00 2.01400E+00
 -1      2069-1.19830E+00 1.50371E+01 8.14684E-01
 -1      2070-1.23259E+00 1.50330E+01 8.34874E-01
 -1      2071-1.20170E+00 1.50229E+01 8.85316E-01
 -1      2072-1.16741E+00 1.50270E+01 8.65126E-01
 -1      2077-1.19388E+00 1.50230E+01 1.11516E+00
 -1      2078-1.23044E+00 1.50262E+01 1.13106E+00
 -1      2079-1.20612E+00 1.50370E+01 1.18484E+00
 -1      2080-1.16956E+00 1.50338E+01 1.16894E+00
 -1      2085 1.20170E+00 1.50371E+01 8.14684E-01
 -1      2086 1.16741E+00 1.50330E+01 8.34874E-01
 -1      2087 1.19830E+00 1.50229E+01 8.85316E-01
 -1      2088 1.23259E+00 1.50270E+01 8.65126E-01
 -1      2093 1.20612E+00 1.50230E+01 1.11516E+00
 -1      2094 1.16956E+00 1.50262E+01 1.13106E+00
 -1      2095 1.19388E+00 1.50370E+01 1.18484E+00
 -1      2096 1.23044E+00 1.50338E+01 1.16894E+00
 -1      2101 1.59908E-01 1.49616E+01-3.45858E-02
 -1      2102 1.22767E-01 1.49705E+01-2.27077E-02
 -1      2103 1.40092E-01 1.49664E+01 3.45858E-02
 -1      2104 1.77233E-01 1.49575E+01 2.27077E-02
 -1      2109-1.49864E-01 1.49640E+01-3.60552E-02
 -1      2110-1.82310E-01 1.49562E+01-1.39967E-02
 -1      2111-1.50136E-01 1.49640E+01 3.60552E-02
 -1      2112-1.17690E-01 1.49718E+01 1.39967E-02
 -1      2117 1.59908E-01 1.49616E+01 1.96541E+00
 -1      2118 1.22767E-01 1.49705E+01 1.97729E+00
 -1      2119 1.40092E-01 1.49664E+01 2.03459E+00
 -1      2120 1.77233E-01 1.49575E+01 2.02271E+00
 -1      2125-1.49864E-01 1.49640E+01 1.96394E+00
 -1      2126-1.82310E-01 1.49562E+01 1.98600E+00
 -1      2127-1.50136E-01 1.49640E+01 2.03606E+00
 -1      2128-1.17690E-01 1.49718E+01 2.01400E+00
 -1      2133-1.19757E+00 2.12670E+01 1.57055E-01
 -1      2134-1.23227E+00 2.12640E+01 1.76710E-01
 -1      2135-1.20243E+00 2.12559E+01 2.28140E-01
 -1      2136-1.16773E+00 2.12590E+01 2.08485E-01
 -1      2141-1.19773E+00 2.25271E+01 3.58438E-01
 -1      2142-1.23234E+00 2.25238E+01 3.78214E-01
 -1      2143-1.20227E+00 2.25153E+01 4.29430E-01
 -1      2144-1.16766E+00 2.25186E+01 4.09654E-01
 -1      2149-1.19798E+00 2.37842E+01 5.76000E-01
 -1      2150-1.23245E+00 2.37805E+01 5.95959E-01
 -1      2151-1.20202E+00 2.37713E+01 6.46836E-01
 -1      2152-1.16755E+00 2.37749E+01 6.26877E-01
 -1      2157-1.19828E+00 2.50371E+01 8.14685E-01
 -1      2158-1.23258E+00 2.50330E+01 8.34863E-01
 -1      2159-1.20172E+00 2.50229E+01 8.85315E-01
 -1      2160-1.16742E+00 2.50270E+01 8.65137E-01
 -1      2165-1.19860E+00 2.62854E+01 1.07622E+00
 -1      2166-1.23272E+00 2.62809E+01 1.09662E+00
 -1      2167-1.20140E+00 2.62700E+01 1.14662E+00
 -1      2168-1.16728E+00 2.62745E+01 1.12622E+00
 -1      2173-1.19888E+00 2.75294E+01 1.35884E+00
 -1      2174-1.23284E+00 2.75246E+01 1.37943E+00
 -1      2175-1.20112E+00 2.75130E+01 1.42902E+00
 -1      2176-1.16716E+00 2.75178E+01 1.40843E+00
 -1      2181-1.19908E+00 2.87700E+01 1.65759E+00
 -1      2182-1.23292E+00 2.87650E+01 1.67830E+00
 -1      2183-1.20092E+00 2.87529E+01 1.72761E+00
 -1      2184-1.16708E+00 2.87580E+01 1.70689E+00
 -1      2189-1.19416E+00 2.12560E+01 1.77225E+00
 -1      2190-1.23060E+00 2.12585E+01 1.78856E+00
 -1      2191-1.20584E+00 2.12670E+01 1.84256E+00
 -1      2192-1.16940E+00 2.12644E+01 1.82625E+00
 -1      2197-1.19409E+00 2.25154E+01 1.57098E+00
 -1      2198-1.23056E+00 2.25181E+01 1.58719E+00
 -1      2199-1.20591E+00 2.25271E+01 1.64115E+00
 -1      2200-1.16944E+00 2.25244E+01 1.62494E+00
 -1      2205-1.19399E+00 2.37714E+01 1.35360E+00
 -1      2206-1.23051E+00 2.37743E+01 1.36967E+00
 -1      2207-1.20601E+00 2.37841E+01 1.42356E+00
 -1      2208-1.16949E+00 2.37812E+01 1.40749E+00
 -1      2213-1.19388E+00 2.50230E+01 1.11516E+00
 -1      2214-1.23044E+00 2.50262E+01 1.13106E+00
 -1      2215-1.20612E+00 2.50370E+01 1.18484E+00
 -1      2216-1.16956E+00 2.50338E+01 1.16894E+00
 -1      2221-1.19377E+00 2.62701E+01 8.53886E-01
 -1      2222-1.23038E+00 2.62736E+01 8.69618E-01
 -1      2223-1.20623E+00 2.62853E+01 9.23278E-01
 -1      2224-1.16962E+00 2.62819E+01 9.07546E-01
 -1      2229-1.19368E+00 2.75131E+01 5.71502E-01
 -1      2230-1.23034E+00 2.75168E+01 5.87093E-01
 -1      2231-1.20632E+00 2.75293E+01 6.40630E-01
 -1      2232-1.16966E+00 2.75257E+01 6.25039E-01
 -1      2237-1.19363E+00 2.87531E+01 2.72930E-01
 -1      2238-1.23031E+00 2.87568E+01 2.88429E-01
 -1      2239-1.20637E+00 2.87699E+01 3.41875E-01
 -1      2240-1.16969E+00 2.87661E+01 3.26376E-01
 -1      2245 1.20243E+00 2.12670E+01 1.57055E-01
 -1      2246 1.16773E+00 2.12640E+01 1.76710E-01
 -1      2247 1.19757E+00 2.12559E+01 2.28140E-01
 -1      2248 1.23227E+00 2.12590E+01 2.08485E-01
 -1      2253 1.20227E+00 2.25271E+01 3.58438E-01
 -1      2254 1.16766E+00 2.25238E+01 3.78214E-01
 -1      2255 1.19773E+00 2.25153E+01 4.29430E-01
 -1      2256 1.23234E+00 2.25186E+01 4.09654E-01
 -1      2261 1.20202E+00 2.37842E+01 5.76000E-01
 -1      2262 1.16755E+00 2.37805E+01 5.95959E-01
 -1      2263 1.19798E+00 2.37713E+01 6.46836E-01
 -1      2264 1.23245E+00 2.37749E+01 6.26877E-01
 -1      2269 1.20172E+00 2.50371E+01 8.14685E-01
 -1      2270 1.16742E+00 2.50330E+01 8.34863E-01
 -1      2271 1.19828E+00 2.50229E+01 8.85315E-01
 -1      2272 1.23258E+00 2.50270E+01 8.65137E-01
 -1      2277 1.20140E+00 2.62854E+01 1.07622E+00
 -1      2278 1.16728E+00 2.62809E+01 1.09662E+00
 -1      2279 1.19860E+00 2.62700E+01 1.14662E+00
 -1      2280 1.23272E+00 2.62745E+01 1.12622E+00
 -1      2285 1.20112E+00 2.75294E+01 1.35884E+00
 -1      2286 1.16716E+00 2.75246E+01 1.37943E+00
 -1      2287 1.19888E+00 2.75130E+01 1.42902E+00
 -1      2288 1.23284E+00 2.75178E+01 1.40843E+00
 -1      2293 1.20092E+00 2.87700E+01 1.65759E+00
 -1      2294 1.16708E+00 2.87650E+01 1.67830E+00
 -1      2295 1.19908E+00 2.87529E+01 1.72761E+00
 -1      2296 1.23292E+00 2.87580E+01 1.70689E+00
 -1      2301 1.20584E+00 2.12560E+01 1.77225E+00
 -1      2302 1.16940E+00 2.12585E+01 1.78856E+00
 -1      2303 1.19416E+00 2.12670E+01 1.84256E+00
 -1      2304 1.23060E+00 2.12644E+01 1.82625E+00
 -1      2309 1.20591E+00 2.25154E+01 1.57098E+00
 -1      2310 1.16944E+00 2.25181E+01 1.58719E+00
 -1      2311 1.19409E+00 2.25271E+01 1.64115E+00
 -1      2312 1.23056E+00 2.25244E+01 1.62494E+00
 -1      2317 1.20601E+00 2.37714E+01 1.35360E+00
 -1      2318 1.16949E+00 2.37743E+01 1.36967E+00
 -1      2319 1.19399E+00 2.37841E+01 1.42356E+00
 -1      2320 1.23051E+00 2.37812E+01 1.40749E+00
 -1      2325 1.20612E+00 2.50230E+01 1.11516E+00
 -1      2326 1.16956E+00 2.50262E+01 1.13106E+00
 -1      2327 1.19388E+00 2.50370E+01 1.18484E+00
 -1      2328 1.23044E+00 2.50338E+01 1.16894E+00
 -1      2333 1.20623E+00 2.62701E+01 8.53886E-01
 -1      2334 1.16962E+00 2.62736E+01 8.69618E-01
 -1      2335 1.19377E+00 2.62853E+01 9.23278E-01
 -1      2336 1.23038E+00 2.62819E+01 9.07546E-01
 -1      2341 1.20632E+00 2.75131E+01 5.71502E-01
 -1      2342 1.16966E+00 2.75168E+01 5.87093E-01
 -1      2343 1.19368E+00 2.75293E+01 6.40630E-01
 -1      2344 1.23034E+00 2.75257E+01 6.25039E-01
 -1      2349 1.20637E+00 2.87531E+01 2.72930E-01
 -1      2350 1.16969E+00 2.87568E+01 2.88429E-01
 -1      2351 1.19363E+00 2.87699E+01 3.41875E-01
 -1      2352 1.23031E+00 2.87661E+01 3.26376E-01
 -1      2357-8.31704E-01 2.12331E+01-3.42295E-02
 -1      2358-8.68791E-01 2.12437E+01-2.36225E-02
 -1      2359-8.53491E-01 2.12393E+01 3.42295E-02
 -1      2360-8.16404E-01 2.12288E+01 2.36225E-02
 -1      2365-4.83271E-01 2.24716E+01-3.43179E-02
 -1      2366-5.20380E-01 2.24818E+01-2.34066E-02
 -1      2367-5.04597E-01 2.24775E+01 3.43179E-02
 -1      2368-4.67488E-01 2.24673E+01 2.34066E-02
 -1      2373-1.51102E-01 2.37141E+01-3.44451E-02
 -1      2374-1.88233E-01 2.37237E+01-2.30837E-02
 -1      2375-1.71734E-01 2.37194E+01 3.44451E-02
 -1      2376-1.34603E-01 2.37098E+01 2.30837E-02
 -1      2381 1.59903E-01 2.49616E+01-3.45874E-02
 -1      2382 1.22764E-01 2.49705E+01-2.27035E-02
 -1      2383 1.40097E-01 2.49664E+01 3.45874E-02
 -1      2384 1.77236E-01 2.49575E+01 2.27035E-02
 -1      2389 4.48070E-01 2.62146E+01-3.47212E-02
 -1      2390 4.10939E-01 2.62229E+01-2.23246E-02
 -1      2391 4.29094E-01 2.62188E+01 3.47212E-02
 -1      2392 4.66225E-01 2.62106E+01 2.23246E-02
 -1      2397 7.15201E-01 2.74727E+01-3.48283E-02
 -1      2398 6.78091E-01 2.74803E+01-2.20050E-02
 -1      2399 6.96931E-01 2.74764E+01 3.48283E-02
 -1      2400 7.34041E-01 2.74688E+01 2.20050E-02
 -1      2405 9.66302E-01 2.87345E+01-3.48965E-02
 -1      2406 9.29212E-01 2.87417E+01-2.17923E-02
 -1      2407 9.48503E-01 2.87380E+01 3.48965E-02
 -1      2408 9.85593E-01 2.87307E+01 2.17923E-02
 -1      2413 8.42124E-01 2.12361E+01-3.60521E-02
 -1      2414 8.10413E-01 2.12270E+01-1.34113E-02
 -1      2415 8.43071E-01 2.12364E+01 3.60521E-02
 -1      2416 8.74781E-01 2.12454E+01 1.34113E-02
 -1      2421 4.93597E-01 2.24745E+01-3.60538E-02
 -1      2422 4.61712E-01 2.24657E+01-1.35445E-02
 -1      2423 4.94271E-01 2.24746E+01 3.60538E-02
 -1      2424 5.26156E-01 2.24834E+01 1.35445E-02
 -1      2429 1.61293E-01 2.37167E+01-3.60553E-02
 -1      2430 1.29148E-01 2.37084E+01-1.37478E-02
 -1      2431 1.61544E-01 2.37168E+01 3.60553E-02
 -1      2432 1.93688E-01 2.37251E+01 1.37478E-02
 -1      2437-1.49867E-01 2.49640E+01-3.60553E-02
 -1      2438-1.82312E-01 2.49562E+01-1.39935E-02
 -1      2439-1.50133E-01 2.49640E+01 3.60553E-02
 -1      2440-1.17688E-01 2.49718E+01 1.39935E-02
 -1      2445-4.38181E-01 2.62168E+01-3.60532E-02
 -1      2446-4.70920E-01 2.62096E+01-1.42455E-02
 -1      2447-4.38983E-01 2.62167E+01 3.60532E-02
 -1      2448-4.06244E-01 2.62239E+01 1.42455E-02
 -1      2453-7.05431E-01 2.74747E+01-3.60497E-02
 -1      2454-7.38414E-01 2.74679E+01-1.44640E-02
 -1      2455-7.06701E-01 2.74744E+01 3.60497E-02
 -1      2456-6.73718E-01 2.74812E+01 1.44640E-02
 -1      2461-9.56607E-01 2.87364E+01-3.60464E-02
 -1      2462-9.89751E-01 2.87299E+01-1.46123E-02
 -1      2463-9.58198E-01 2.87361E+01 3.60464E-02
 -1      2464-9.25054E-01 2.87425E+01 1.46123E-02
 -1      2469-8.31704E-01 2.12331E+01 1.96577E+00
 -1      2470-8.68791E-01 2.12437E+01 1.97638E+00
 -1      2471-8.53491E-01 2.12393E+01 2.03423E+00
 -1      2472-8.16404E-01 2.12288E+01 2.02362E+00
 -1      2477-4.83271E-01 2.24716E+01 1.96568E+00
 -1      2478-5.20380E-01 2.24818E+01 1.97659E+00
 -1      2479-5.04597E-01 2.24775E+01 2.03432E+00
 -1      2480-4.67488E-01 2.24673E+01 2.02341E+00
 -1      2485-1.51102E-01 2.37141E+01 1.96555E+00
 -1      2486-1.88233E-01 2.37237E+01 1.97692E+00
 -1      2487-1.71734E-01 2.37194E+01 2.03445E+00
 -1      2488-1.34603E-01 2.37098E+01 2.02308E+00
 -1      2493 1.59903E-01 2.49616E+01 1.96541E+00
 -1      2494 1.22764E-01 2.49705E+01 1.97730E+00
 -1      2495 1.40097E-01 2.49664E+01 2.03459E+00
 -1      2496 1.77236E-01 2.49575E+01 2.02270E+00
 -1      2501 4.48070E-01 2.62146E+01 1.96528E+00
 -1      2502 4.10939E-01 2.62229E+01 1.97768E+00
 -1      2503 4.29094E-01 2.62188E+01 2.03472E+00
 -1      2504 4.66225E-01 2.62106E+01 2.02232E+00
 -1      2509 7.15201E-01 2.74727E+01 1.96517E+00
 -1      2510 6.78091E-01 2.74803E+01 1.97800E+00
 -1      2511 6.96931E-01 2.74764E+01 2.03483E+00
 -1      2512 7.34041E-01 2.74688E+01 2.02200E+00
 -1      2517 9.66302E-01 2.87345E+01 1.96510E+00
 -1      2518 9.29212E-01 2.87417E+01 1.97821E+00
 -1      2519 9.48503E-01 2.87380E+01 2.03490E+00
 -1      2520 9.85593E-01 2.87307E+01 2.02179E+00
 -1      2525 8.42124E-01 2.12361E+01 1.96395E+00
 -1      2526 8.10413E-01 2.12270E+01 1.98659E+00
 -1      2527 8.43071E-01 2.12364E+01 2.03605E+00
 -1      2528 8.74781E-01 2.12454E+01 2.01341E+00
 -1      2533 4.93597E-01 2.24745E+01 1.96395E+00
 -1      2534 4.61712E-01 2.24657E+01 1.98646E+00
 -1      2535 4.94271E-01 2.24746E+01 2.03605E+00
 -1      2536 5.26156E-01 2.24834E+01 2.01354E+00
 -1      2541 1.61293E-01 2.37167E+01 1.96394E+00
 -1      2542 1.29148E-01 2.37084E+01 1.98625E+00
 -1      2543 1.61544E-01 2.37168E+01 2.03606E+00
 -1      2544 1.93688E-01 2.37251E+01 2.01375E+00
 -1      2549-1.49867E-01 2.49640E+01 1.96394E+00
 -1      2550-1.82312E-01 2.49562E+01 1.98601E+00
 -1      2551-1.50133E-01 2.49640E+01 2.03606E+00
 -1      2552-1.17688E-01 2.49718E+01 2.01399E+00
 -1      2557-4.38181E-01 2.62168E+01 1.96395E+00
 -1      2558-4.70920E-01 2.62096E+01 1.98575E+00
 -1      2559-4.38983E-01 2.62167E+01 2.03605E+00
 -1      2560-4.06244E-01 2.62239E+01 2.01425E+00
 -1      2565-7.05431E-01 2.74747E+01 1.96395E+00
 -1      2566-7.38414E-01 2.74679E+01 1.98554E+00
 -1      2567-7.06701E-01 2.74744E+01 2.03605E+00
 -1      2568-6.73718E-01 2.74812E+01 2.01446E+00
 -1      2573-9.56607E-01 2.87364E+01 1.96395E+00
 -1      2574-9.89751E-01 2.87299E+01 1.98539E+00
 -1      2575-9.58198E-01 2.87361E+01 2.03605E+00
 -1      2576-9.25054E-01 2.87425E+01 2.01461E+00
 -1      2581-1.19777E+00 4.25272E+01 3.58451E-01
 -1      2582-1.23236E+00 4.25239E+01 3.78258E-01
 -1      2583-1.20223E+00 4.25152E+01 4.29417E-01
 -1      2584-1.16764E+00 4.25186E+01 4.09610E-01
 -1      2589-1.19829E+00 4.50371E+01 8.14685E-01
 -1      2590-1.23259E+00 4.50330E+01 8.34866E-01
 -1      2591-1.20171E+00 4.50229E+01 8.85315E-01
 -1      2592-1.16741E+00 4.50270E+01 8.65134E-01
 -1      2597-1.19884E+00 4.75293E+01 1.35882E+00
 -1      2598-1.23282E+00 4.75246E+01 1.37939E+00
 -1      2599-1.20116E+00 4.75131E+01 1.42904E+00
 -1      2600-1.16718E+00 4.75178E+01 1.40848E+00
 -1      2605-1.19407E+00 4.25153E+01 1.57100E+00
 -1      2606-1.23055E+00 4.25180E+01 1.58719E+00
 -1      2607-1.20593E+00 4.25271E+01 1.64113E+00
 -1      2608-1.16945E+00 4.25244E+01 1.62495E+00
 -1      2613-1.19388E+00 4.50230E+01 1.11516E+00
 -1      2614-1.23044E+00 4.50262E+01 1.13106E+00
 -1      2615-1.20612E+00 4.50370E+01 1.18484E+00
 -1      2616-1.16956E+00 4.50338E+01 1.16894E+00
 -1      2621-1.19370E+00 4.75132E+01 5.71480E-01
 -1      2622-1.23034E+00 4.75168E+01 5.87095E-01
 -1      2623-1.20630E+00 4.75292E+01 6.40652E-01
 -1      2624-1.16966E+00 4.75256E+01 6.25037E-01
 -1      2629 1.20223E+00 4.25272E+01 3.58451E-01
 -1      2630 1.16764E+00 4.25239E+01 3.78258E-01
 -1      2631 1.19777E+00 4.25152E+01 4.29417E-01
 -1      2632 1.23236E+00 4.25186E+01 4.09610E-01
 -1      2637 1.20171E+00 4.50371E+01 8.14685E-01
 -1      2638 1.16741E+00 4.50330E+01 8.34866E-01
 -1      2639 1.19829E+00 4.50229E+01 8.85315E-01
 -1      2640 1.23259E+00 4.50270E+01 8.65134E-01
 -1      2645 1.20116E+00 4.75293E+01 1.35882E+00
 -1      2646 1.16718E+00 4.75246E+01 1.37939E+00
 -1      2647 1.19884E+00 4.75131E+01 1.42904E+00
 -1      2648 1.23282E+00 4.75178E+01 1.40848E+00
 -1      2653 1.20593E+00 4.25153E+01 1.57100E+00
 -1      2654 1.16945E+00 4.25180E+01 1.58719E+00
 -1      2655 1.19407E+00 4.25271E+01 1.64113E+00
 -1      2656 1.23055E+00 4.25244E+01 1.62495E+00
 -1      2661 1.20612E+00 4.50230E+01 1.11516E+00
 -1      2662 1.16956E+00 4.50262E+01 1.13106E+00
 -1      2663 1.19388E+00 4.50370E+01 1.18484E+00
 -1      2664 1.23044E+00 4.50338E+01 1.16894E+00
 -1      2669 1.20630E+00 4.75132E+01 5.71480E-01
 -1      2670 1.16966E+00 4.75168E+01 5.87095E-01
 -1      2671 1.19370E+00 4.75292E+01 6.40652E-01
 -1      2672 1.23034E+00 4.75256E+01 6.25037E-01
 -1      2677-4.83328E-01 4.24717E+01-3.43393E-02
 -1      2678-5.20442E-01 4.24818E+01-2.33534E-02
 -1      2679-5.04540E-01 4.24774E+01 3.43393E-02
 -1      2680-4.67426E-01 4.24673E+01 2.33534E-02
 -1      2685 1.59904E-01 4.49616E+01-3.45869E-02
 -1      2686 1.22764E-01 4.49705E+01-2.27046E-02
 -1      2687 1.40096E-01 4.49664E+01 3.45869E-02
 -1      2688 1.77236E-01 4.49575E+01 2.27046E-02
 -1      2693 7.15261E-01 4.74726E+01-3.48107E-02
 -1      2694 6.78146E-01 4.74804E+01-2.20585E-02
 -1      2695 6.96871E-01 4.74765E+01 3.48107E-02
 -1      2696 7.33986E-01 4.74687E+01 2.20585E-02
 -1      2701 4.93632E-01 4.24745E+01-3.60542E-02
 -1      2702 4.61704E-01 4.24658E+01-1.35783E-02
 -1      2703 4.94236E-01 4.24746E+01 3.60542E-02
 -1      2704 5.26164E-01 4.24833E+01 1.35783E-02
 -1      2709-1.49866E-01 4.49640E+01-3.60553E-02
 -1      2710-1.82311E-01 4.49562E+01-1.39944E-02
 -1      2711-1.50134E-01 4.49640E+01 3.60553E-02
 -1      2712-1.17689E-01 4.49718E+01 1.39944E-02
 -1      2717-7.05470E-01 4.74747E+01-3.60504E-02
 -1      2718-7.38413E-01 4.74678E+01-1.44278E-02
 -1      2719-7.06662E-01 4.74744E+01 3.60504E-02
 -1      2720-6.73719E-01 4.74813E+01 1.44278E-02
 -1      2725-4.83328E-01 4.24717E+01 1.96566E+00
 -1      2726-5.20442E-01 4.24818E+01 1.97665E+00
 -1      2727-5.04540E-01 4.24774E+01 2.03434E+00
 -1      2728-4.67426E-01 4.24673E+01 2.02335E+00
 -1      2733 1.59904E-01 4.49616E+01 1.96541E+00
 -1      2734 1.22764E-01 4.49705E+01 1.97730E+00
 -1      2735 1.40096E-01 4.49664E+01 2.03459E+00
 -1      2736 1.77236E-01 4.49575E+01 2.02270E+00
 -1      2741 7.15261E-01 4.74726E+01 1.96519E+00
 -1      2742 6.78146E-01 4.74804E+01 1.97794E+00
 -1      2743 6.96871E-01 4.74765E+01 2.03481E+00
 -1      2744 7.33986E-01 4.74687E+01 2.02206E+00
 -1      2749 4.93632E-01 4.24745E+01 1.96395E+00
 -1      2750 4.61704E-01 4.24658E+01 1.98642E+00
 -1      2751 4.94236E-01 4.24746E+01 2.03605E+00
 -1      2752 5.26164E-01 4.24833E+01 2.01358E+00
 -1      2757-1.49866E-01 4.49640E+01 1.96394E+00
 -1      2758-1.82311E-01 4.49562E+01 1.98601E+00
 -1      2759-1.50134E-01 4.49640E+01 2.03606E+00
 -1      2760-1.17689E-01 4.49718E+01 2.01399E+00
 -1      2765-7.05470E-01 4.74747E+01 1.96395E+00
 -1      2766-7.38413E-01 4.74678E+01 1.98557E+00
 -1      2767-7.06662E-01 4.74744E+01 2.03605E+00
 -1      2768-6.73719E-01 4.74813E+01 2.01443E+00
 -3
    3C                           256                                     1
 -1         1    1    0    1
 -2       197      1397      1398       198       200      1400      1399       199
 -1         2    1    0    1
 -2      1397       397       398      1398      1400       400       399      1399
 -1         3    1    0    1
 -2       247      1405      1406       248       250      1408      1407       249
 -1         4    1    0    1
 -2      1405       447       448      1406      1408       450       449      1407
 -1         5    1    0    1
 -2       297      1413      1414       298       300      1416      1415       299
 -1         6    1    0    1
 -2      1413       497       498      1414      1416       500       499      1415
 -1         7    1    0    1
 -2       347      1421      1422       348       350      1424      1423       349
 -1         8    1    0    1
 -2      1421       547       548      1422      1424       550       549      1423
 -1         9    1    0    1
 -2       397      1429      1430       398       400      1432      1431       399
 -1        10    1    0    1
 -2      1429       597       598      1430      1432       600       599      1431
 -1        11    1    0    1
 -2       447      1437      1438       448       450      1440      1439       449
 -1        12    1    0    1
 -2      1437       647       648      1438      1440       650       649      1439
 -1        13    1    0    1
 -2       497      1445      1446       498       500      1448      1447       499
 -1        14    1    0    1
 -2      1445       697       698      1446      1448       700       699      1447
 -1        15    1    0    1
 -2       547      1453      1454       548       550      1456      1455       549
 -1        16    1    0    1
 -2      1453       747       748      1454      1456       750       749      1455
 -1        17    1    0    1
 -2       597      1461      1462       598       600      1464      1463       599
 -1        18    1    0    1
 -2      1461       797       798      1462      1464       800       799      1463
 -1        19    1    0    1
 -2       647      1469      1470       648       650      1472      1471       649
 -1        20    1    0    1
 -2      1469       847       848      1470      1472       850       849      1471
 -1        21    1    0    1
 -2       697      1477      1478       698       700      1480      1479       699
 -1        22    1    0    1
 -2      1477       897       898      1478      1480       900       899      1479
 -1        23    1    0    1
 -2       747      1485      1486       748       750      1488      1487       749
 -1        24    1    0    1
 -2      1485       947       948      1486      1488       950       949      1487
 -1        25    1    0    1
 -2       797      1493      1494       798       800      1496      1495       799
 -1        26    1    0    1
 -2      1493       997       998      1494      1496      1000       999      1495
 -1        27    1    0    1
 -2       847      1501      1502       848       850      1504      1503       849
 -1        28    1    0    1
 -2      1501      1047      1048      1502      1504      1050      1049      1503
 -1        29    1    0    1
 -2       897      1509      1510       898       900      1512      1511       899
 -1        30    1    0    1
 -2      1509      1097      1098      1510      1512      1100      1099      1511
 -1        31    1    0    1
 -2       947      1517      1518       948       950      1520      1519       949
 -1        32    1    0    1
 -2      1517      1147      1148      1518      1520      1150      1149      1519
 -1        33    1    0    1
 -2       997      1525      1526       998      1000      1528      1527       999
 -1        34    1    0    1
 -2      1525      1197      1198      1526      1528      1200      1199      1527
 -1        35    1    0    1
 -2      1047      1533      1534      1048      1050      1536      1535      1049
 -1        36    1    0    1
 -2      1533      1247      1248      1534      1536      1250      1249      1535
 -1        37    1    0    1
 -2      1097      1541      1542      1098      1100      1544      1543      1099
 -1        38    1    0    1
 -2      1541      1297      1298      1542      1544      1300      1299      1543
 -1        39    1    0    1
 -2      1147      1549      1550      1148      1150      1552      1551      1149
 -1        40    1    0    1
 -2      1549      1347      1348      1550      1552      1350      1349      1551
 -1        41    1    0    1
 -2       205      1557      1558       206       208      1560      1559       207
 -1        42    1    0    1
 -2      1557       255       256      1558      1560       258       257      1559
 -1        43    1    0    1
 -2       305      1565      1566       306       308      1568      1567       307
 -1        44    1    0    1
 -2      1565       355       356      1566      1568       358       357      1567
 -1        45    1    0    1
 -2       213      1573      1574       214       216      1576      1575       215
 -1        46    1    0    1
 -2      1573       313       314      1574      1576       316       315      1575
 -1        47    1    0    1
 -2       263      1581      1582       264       266      1584      1583       265
 -1        48    1    0    1
 -2      1581       363       364      1582      1584       366       365      1583
 -1        49    1    0    1
 -2       405      1589      1590       406       408      1592      1591       407
 -1        50    1    0    1
 -2      1589       455       456      1590      1592       458       457      1591
 -1        51    1    0    1
 -2       505      1597      1598       506       508      1600      1599       507
 -1        52    1    0    1
 -2      1597       555       556      1598      1600       558       557      1599
 -1        53    1    0    1
 -2       413      1605      1606       414       416      1608      1607       415
 -1        54    1    0    1
 -2      1605       513       514      1606      1608       516       515      1607
 -1        55    1    0    1
 -2       463      1613      1614       464       466      1616      1615       465
 -1        56    1    0    1
 -2      1613       563       564      1614      1616       566       565      1615
 -1        57    1    0    1
 -2       605      1621      1622       606       608      1624      1623       607
 -1        58    1    0    1
 -2      1621      1629      1630      1622      1624      1632      1631      1623
 -1        59    1    0    1
 -2      1629      1637      1638      1630      1632      1640      1639      1631
 -1        60    1    0    1
 -2      1637      1645      1646      1638      1640      1648      1647      1639
 -1        61    1    0    1
 -2      1645      1653      1654      1646      1648      1656      1655      1647
 -1        62    1    0    1
 -2      1653      1661      1662      1654      1656      1664      1663      1655
 -1        63    1    0    1
 -2      1661      1669      1670      1662      1664      1672      1671      1663
 -1        64    1    0    1
 -2      1669       655       656      1670      1672       658       657      1671
 -1        65    1    0    1
 -2       705      1677      1678       706       708      1680      1679       707
 -1        66    1    0    1
 -2      1677      1685      1686      1678      1680      1688      1687      1679
 -1        67    1    0    1
 -2      1685      1693      1694      1686      1688      1696      1695      1687
 -1        68    1    0    1
 -2      1693      1701      1702      1694      1696      1704      1703      1695
 -1        69    1    0    1
 -2      1701      1709      1710      1702      1704      1712      1711      1703
 -1        70    1    0    1
 -2      1709      1717      1718      1710      1712      1720      1719      1711
 -1        71    1    0    1
 -2      1717      1725      1726      1718      1720      1728      1727      1719
 -1        72    1    0    1
 -2      1725       755       756      1726      1728       758       757      1727
 -1        73    1    0    1
 -2       613      1733      1734       614       616      1736      1735       615
 -1        74    1    0    1
 -2      1733      1741      1742      1734      1736      1744      1743      1735
 -1        75    1    0    1
 -2      1741      1749      1750      1742      1744      1752      1751      1743
 -1        76    1    0    1
 -2      1749      1757      1758      1750      1752      1760      1759      1751
 -1        77    1    0    1
 -2      1757      1765      1766      1758      1760      1768      1767      1759
 -1        78    1    0    1
 -2      1765      1773      1774      1766      1768      1776      1775      1767
 -1        79    1    0    1
 -2      1773      1781      1782      1774      1776      1784      1783      1775
 -1        80    1    0    1
 -2      1781       713       714      1782      1784       716       715      1783
 -1        81    1    0    1
 -2       663      1789      1790       664       666      1792      1791       665
 -1        82    1    0    1
 -2      1789      1797      1798      1790      1792      1800      1799      1791
 -1        83    1    0    1
 -2      1797      1805      1806      1798      1800      1808      1807      1799
 -1        84    1    0    1
 -2      1805      1813      1814      1806      1808      1816      1815      1807
 -1        85    1    0    1
 -2      1813      1821      1822      1814      1816      1824      1823      1815
 -1        86    1    0    1
 -2      1821      1829      1830      1822      1824      1832      1831      1823
 -1        87    1    0    1
 -2      1829      1837      1838      1830      1832      1840      1839      1831
 -1        88    1    0    1
 -2      1837       763       764      1838      1840       766       765      1839
 -1        89    1    0    1
 -2       805      1845      1846       806       808      1848      1847       807
 -1        90    1    0    1
 -2      1845       855       856      1846      1848       858       857      1847
 -1        91    1    0    1
 -2       905      1853      1854       906       908      1856      1855       907
 -1        92    1    0    1
 -2      1853       955       956      1854      1856       958       957      1855
 -1        93    1    0    1
 -2       813      1861      1862       814       816      1864      1863       815
 -1        94    1    0    1
 -2      1861       913       914      1862      1864       916       915      1863
 -1        95    1    0    1
 -2       863      1869      1870       864       866      1872      1871       865
 -1        96    1    0    1
 -2      1869       963       964      1870      1872       966       965      1871
 -1        97    1    0    1
 -2      1005      1877      1878      1006      1008      1880      1879      1007
 -1        98    1    0    1
 -2      1877      1885      1886      1878      1880      1888      1887      1879
 -1        99    1    0    1
 -2      1885      1893      1894      1886      1888      1896      1895      1887
 -1       100    1    0    1
 -2      1893      1055      1056      1894      1896      1058      1057      1895
 -1       101    1    0    1
 -2      1105      1901      1902      1106      1108      1904      1903      1107
 -1       102    1    0    1
 -2      1901      1909      1910      1902      1904      1912      1911      1903
 -1       103    1    0    1
 -2      1909      1917      1918      1910      1912      1920      1919      1911
 -1       104    1    0    1
 -2      1917      1155      1156      1918      1920      1158      1157      1919
 -1       105    1    0    1
 -2      1013      1925      1926      1014      1016      1928      1927      1015
 -1       106    1    0    1
 -2      1925      1933      1934      1926      1928      1936      1935      1927
 -1       107    1    0    1
 -2      1933      1941      1942      1934      1936      1944      1943      1935
 -1       108    1    0    1
 -2      1941      1113      1114      1942      1944      1116      1115      1943
 -1       109    1    0    1
 -2      1063      1949      1950      1064      1066      1952      1951      1065
 -1       110    1    0    1
 -2      1949      1957      1958      1950      1952      1960      1959      1951
 -1       111    1    0    1
 -2      1957      1965      1966      1958      1960      1968      1967      1959
 -1       112    1    0    1
 -2      1965      1163      1164      1966      1968      1166      1165      1967
 -1       113    1    0    1
 -2      1205      1973      1974      1206      1208      1976      1975      1207
 -1       114    1    0    1
 -2      1973      1255      1256      1974      1976      1258      1257      1975
 -1       115    1    0    1
 -2      1305      1981      1982      1306      1308      1984      1983      1307
 -1       116    1    0    1
 -2      1981      1355      1356      1982      1984      1358      1357      1983
 -1       117    1    0    1
 -2      1213      1989      1990      1214      1216      1992      1991      1215
 -1       118    1    0    1
 -2      1989      1313      1314      1990      1992      1316      1315      1991
 -1       119    1    0    1
 -2      1263      1997      1998      1264      1266      2000      1999      1265
 -1       120    1    0    1
 -2      1997      1363      1364      1998      2000      1366      1365      1999
 -1       121    1    0    1
 -2       197      2005      2006       198       200      2008      2007       199
 -1       122    1    0    1
 -2      2005       497       498      2006      2008       500       499      2007
 -1       123    1    0    1
 -2       297      2013      2014       298       300      2016      2015       299
 -1       124    1    0    1
 -2      2013       397       398      2014      2016       400       399      2015
 -1       125    1    0    1
 -2       247      2021      2022       248       250      2024      2023       249
 -1       126    1    0    1
 -2      2021       547       548      2022      2024       550       549      2023
 -1       127    1    0    1
 -2       347      2029      2030       348       350      2032      2031       349
 -1       128    1    0    1
 -2      2029       447       448      2030      2032       450       449      2031
 -1       129    1    0    1
 -2       197      2037      2038       198       200      2040      2039       199
 -1       130    1    0    1
 -2      2037       447       448      2038      2040       450       449      2039
 -1       131    1    0    1
 -2       247      2045      2046       248       250      2048      2047       249
 -1       132    1    0    1
 -2      2045       397       398      2046      2048       400       399      2047
 -1       133    1    0    1
 -2       297      2053      2054       298       300      2056      2055       299
 -1       134    1    0    1
 -2      2053       547       548      2054      2056       550       549      2055
 -1       135    1    0    1
 -2       347      2061      2062       348       350      2064      2063       349
 -1       136    1    0    1
 -2      2061       497       498      2062      2064       500       499      2063
 -1       137    1    0    1
 -2       397      2069      2070       398       400      2072      2071       399
 -1       138    1    0    1
 -2      2069       697       698      2070      2072       700       699      2071
 -1       139    1    0    1
 -2       497      2077      2078       498       500      2080      2079       499
 -1       140    1    0    1
 -2      2077       597       598      2078      2080       600       599      2079
 -1       141    1    0    1
 -2       447      2085      2086       448       450      2088      2087       449
 -1       142    1    0    1
 -2      2085       747       748      2086      2088       750       749      2087
 -1       143    1    0    1
 -2       547      2093      2094       548       550      2096      2095       549
 -1       144    1    0    1
 -2      2093       647       648      2094      2096       650       649      2095
 -1       145    1    0    1
 -2       397      2101      2102       398       400      2104      2103       399
 -1       146    1    0    1
 -2      2101       647       648      2102      2104       650       649      2103
 -1       147    1    0    1
 -2       447      2109      2110       448       450      2112      2111       449
 -1       148    1    0    1
 -2      2109       597       598      2110      2112       600       599      2111
 -1       149    1    0    1
 -2       497      2117      2118       498       500      2120      2119       499
 -1       150    1    0    1
 -2      2117       747       748      2118      2120       750       749      2119
 -1       151    1    0    1
 -2       547      2125      2126       548       550      2128      2127       549
 -1       152    1    0    1
 -2      2125       697       698      2126      2128       700       699      2127
 -1       153    1    0    1
 -2       597      2133      2134       598       600      2136      2135       599
 -1       154    1    0    1
 -2      2133      2141      2142      2134      2136      2144      2143      2135
 -1       155    1    0    1
 -2      2141      2149      2150      2142      2144      2152      2151      2143
 -1       156    1    0    1
 -2      2149      2157      2158      2150      2152      2160      2159      2151
 -1       157    1    0    1
 -2      2157      2165      2166      2158      2160      2168      2167      2159
 -1       158    1    0    1
 -2      2165      2173      2174      2166      2168      2176      2175      2167
 -1       159    1    0    1
 -2      2173      2181      2182      2174      2176      2184      2183      2175
 -1       160    1    0    1
 -2      2181       897       898      2182      2184       900       899      2183
 -1       161    1    0    1
 -2       697      2189      2190       698       700      2192      2191       699
 -1       162    1    0    1
 -2      2189      2197      2198      2190      2192      2200      2199      2191
 -1       163    1    0    1
 -2      2197      2205      2206      2198      2200      2208      2207      2199
 -1       164    1    0    1
 -2      2205      2213      2214      2206      2208      2216      2215      2207
 -1       165    1    0    1
 -2      2213      2221      2222      2214      2216      2224      2223      2215
 -1       166    1    0    1
 -2      2221      2229      2230      2222      2224      2232      2231      2223
 -1       167    1    0    1
 -2      2229      2237      2238      2230      2232      2240      2239      2231
 -1       168    1    0    1
 -2      2237       797       798      2238      2240       800       799      2239
 -1       169    1    0    1
 -2       647      2245      2246       648       650      2248      2247       649
 -1       170    1    0    1
 -2      2245      2253      2254      2246      2248      2256      2255      2247
 -1       171    1    0    1
 -2      2253      2261      2262      2254      2256      2264      2263      2255
 -1       172    1    0    1
 -2      2261      2269      2270      2262      2264      2272      2271      2263
 -1       173    1    0    1
 -2      2269      2277      2278      2270      2272      2280      2279      2271
 -1       174    1    0    1
 -2      2277      2285      2286      2278      2280      2288      2287      2279
 -1       175    1    0    1
 -2      2285      2293      2294      2286      2288      2296      2295      2287
 -1       176    1    0    1
 -2      2293       947       948      2294      2296       950       949      2295
 -1       177    1    0    1
 -2       747      2301      2302       748       750      2304      2303       749
 -1       178    1    0    1
 -2      2301      2309      2310      2302      2304      2312      2311      2303
 -1       179    1    0    1
 -2      2309      2317      2318      2310      2312      2320      2319      2311
 -1       180    1    0    1
 -2      2317      2325      2326      2318      2320      2328      2327      2319
 -1       181    1    0    1
 -2      2325      2333      2334      2326      2328      2336      2335      2327
 -1       182    1    0    1
 -2      2333      2341      2342      2334      2336      2344      2343      2335
 -1       183    1    0    1
 -2      2341      2349      2350      2342      2344      2352      2351      2343
 -1       184    1    0    1
 -2      2349       847       848      2350      2352       850       849      2351
 -1       185    1    0    1
 -2       597      2357      2358       598       600      2360      2359       599
 -1       186    1    0    1
 -2      2357      2365      2366      2358      2360      2368      2367      2359
 -1       187    1    0    1
 -2      2365      2373      2374      2366      2368      2376      2375      2367
 -1       188    1    0    1
 -2      2373      2381      2382      2374      2376      2384      2383      2375
 -1       189    1    0    1
 -2      2381      2389      2390      2382      2384      2392      2391      2383
 -1       190    1    0    1
 -2      2389      2397      2398      2390      2392      2400      2399      2391
 -1       191    1    0    1
 -2      2397      2405      2406      2398      2400      2408      2407      2399
 -1       192    1    0    1
 -2      2405       847       848      2406      2408       850       849      2407
 -1       193    1    0    1
 -2       647      2413      2414       648       650      2416      2415       649
 -1       194    1    0    1
 -2      2413      2421      2422      2414      2416      2424      2423      2415
 -1       195    1    0    1
 -2      2421      2429      2430      2422      2424      2432      2431      2423
 -1       196    1    0    1
 -2      2429      2437      2438      2430      2432      2440      2439      2431
 -1       197    1    0    1
 -2      2437      2445      2446      2438      2440      2448      2447      2439
 -1       198    1    0    1
 -2      2445      2453      2454      2446      2448      2456      2455      2447
 -1       199    1    0    1
 -2      2453      2461      2462      2454      2456      2464      2463      2455
 -1       200    1    0    1
 -2      2461       797       798      2462      2464       800       799      2463
 -1       201    1    0    1
 -2       697      2469      2470       698       700      2472      2471       699
 -1       202    1    0    1
 -2      2469      2477      2478      2470      2472      2480      2479      2471
 -1       203    1    0    1
 -2      2477      2485      2486      2478      2480      2488      2487      2479
 -1       204    1    0    1
 -2      2485      2493      2494      2486      2488      2496      2495      2487
 -1       205    1    0    1
 -2      2493      2501      2502      2494      2496      2504      2503      2495
 -1       206    1    0    1
 -2      2501      2509      2510      2502      2504      2512      2511      2503
 -1       207    1    0    1
 -2      2509      2517      2518      2510      2512      2520      2519      2511
 -1       208    1    0    1
 -2      2517       947       948      2518      2520       950       949      2519
 -1       209    1    0    1
 -2       747      2525      2526       748       750      2528      2527       749
 -1       210    1    0    1
 -2      2525      2533      2534      2526      2528      2536      2535      2527
 -1       211    1    0    1
 -2      2533      2541      2542      2534      2536      2544      2543      2535
 -1       212    1    0    1
 -2      2541      2549      2550      2542      2544      2552      2551      2543
 -1       213    1    0    1
 -2      2549      2557      2558      2550      2552      2560      2559      2551
 -1       214    1    0    1
 -2      2557      2565      2566      2558      2560      2568      2567      2559
 -1       215    1    0    1
 -2      2565      2573      2574      2566      2568      2576      2575      2567
 -1       216    1    0    1
 -2      2573       897       898      2574      2576       900       899      2575
 -1       217    1    0    1
 -2       797      1097      1098       798       800      1100      1099       799
 -1       218    1    0    1
 -2       897       997       998       898       900      1000       999       899
 -1       219    1    0    1
 -2       847      1147      1148       848       850      1150      1149       849
 -1       220    1    0    1
 -2       947      1047      1048       948       950      1050      1049       949
 -1       221    1    0    1
 -2       797      1047      1048       798       800      1050      1049       799
 -1       222    1    0    1
 -2       847       997       998       848       850      1000       999       849
 -1       223    1    0    1
 -2       897      1147      1148       898       900      1150      1149       899
 -1       224    1    0    1
 -2       947      1097      1098       948       950      1100      1099       949
 -1       225    1    0    1
 -2       997      2581      2582       998      1000      2584      2583       999
 -1       226    1    0    1
 -2      2581      2589      2590      2582      2584      2592      2591      2583
 -1       227    1    0    1
 -2      2589      2597      2598      2590      2592      2600      2599      2591
 -1       228    1    0    1
 -2      2597      1297      1298      2598      2600      1300      1299      2599
 -1       229    1    0    1
 -2      1097      2605      2606      1098      1100      2608      2607      1099
 -1       230    1    0    1
 -2      2605      2613      2614      2606      2608      2616      2615      2607
 -1       231    1    0    1
 -2      2613      2621      2622      2614      2616      2624      2623      2615
 -1       232    1    0    1
 -2      2621      1197      1198      2622      2624      1200      1199      2623
 -1       233    1    0    1
 -2      1047      2629      2630      1048      1050      2632      2631      1049
 -1       234    1    0    1
 -2      2629      2637      2638      2630      2632      2640      2639      2631
 -1       235    1    0    1
 -2      2637      2645      2646      2638      2640      2648      2647      2639
 -1       236    1    0    1
 -2      2645      1347      1348      2646      2648      1350      1349      2647
 -1       237    1    0    1
 -2      1147      2653      2654      1148      1150      2656      2655      1149
 -1       238    1    0    1
 -2      2653      2661      2662      2654      2656      2664      2663      2655
 -1       239    1    0    1
 -2      2661      2669      2670      2662      2664      2672      2671      2663
 -1       240    1    0    1
 -2      2669      1247      1248      2670      2672      1250      1249      2671
 -1       241    1    0    1
 -2       997      2677      2678       998      1000      2680      2679       999
 -1       242    1    0    1
 -2      2677      2685      2686      2678      2680      2688      2687      2679
 -1       243    1    0    1
 -2      2685      2693      2694      2686      2688      2696      2695      2687
 -1       244    1    0    1
 -2      2693      1247      1248      2694      2696      1250      1249      2695
 -1       245    1    0    1
 -2      1047      2701      2702      1048      1050      2704      2703      1049
 -1       246    1    0    1
 -2      2701      2709      2710      2702      2704      2712      2711      2703
 -1       247    1    0    1
 -2      2709      2717      2718      2710      2712      2720      2719      2711
 -1       248    1    0    1
 -2      2717      1197      1198      2718      2720      1200      1199      2719
 -1       249    1    0    1
 -2      1097      2725      2726      1098      1100      2728      2727      1099
 -1       250    1    0    1
 -2      2725      2733      2734      2726      2728      2736      2735      2727
 -1       251    1    0    1
 -2      2733      2741      2742      2734      2736      2744      2743      2735
 -1       252    1    0    1
 -2      2741      1347      1348      2742      2744      1350      1349      2743
 -1       253    1    0    1
 -2      1147      2749      2750      1148      1150      2752      2751      1149
 -1       254    1    0    1
 -2      2749      2757      2758      2750      2752      2760      2759      2751
 -1       255    1    0    1
 -2      2757      2765      2766      2758      2760      2768      2767      2759
 -1       256    1    0    1
 -2      2765      1297      1298      2766      2768      1300      1299      2767
 -3
    1PSTEP                         1           1           1          
  100CL  101 1.000000000           0                     0    1           1
 -4  DISP        4    1
 -5  D1          1    2    1    0
 -5  D2          1    2    2    0
 -5  D3          1    2    3    0
 -5  ALL         1    2    0    0    1ALL
 -3
 9999
