    1C
    1UNormalized cross-passage space-truss torsion benchmark            
    1UUSER                                                              
    1UDATE              05.august.2026                                  
    1UTIME              18:18:04                                        
    1UHOST                                                              
    1UPGM               CalculiX                                        
    1UVERSION           Version 2.21                             
    1UCOMPILETIME       Sat Jul 29 10:52:01 CEST 2023                    
    1UDIR                                                               
    1UDBN                                                               
    1UMAT    1STEEL                                                     
    2C                          1200                                     1
 -1       253-1.19392E+00 1.10406E-03-3.55217E-02
 -1       254-1.23033E+00 3.58513E-03-1.91580E-02
 -1       255-1.20608E+00-1.10406E-03 3.55217E-02
 -1       256-1.16967E+00-3.58513E-03 1.91580E-02
 -1       261-1.20102E+00-3.40950E-02-1.16828E-02
 -1       262-1.20007E+00-2.33416E-03-3.59798E-02
 -1       263-1.19898E+00 3.40950E-02 1.16828E-02
 -1       264-1.19993E+00 2.33416E-03 3.59798E-02
 -1       269-1.23354E+00-1.32202E-02 3.96605E-04
 -1       270-1.20069E+00-3.60327E-02 1.08098E-03
 -1       271-1.16646E+00 1.32202E-02-3.96605E-04
 -1       272-1.19931E+00 3.60327E-02-1.08098E-03
 -1       303 1.20178E+00 2.55221E-03-3.59208E-02
 -1       304 1.16758E+00-1.84045E-03-1.56598E-02
 -1       305 1.19822E+00-2.55221E-03 3.59208E-02
 -1       306 1.23242E+00 1.84045E-03 1.56598E-02
 -1       311 1.20102E+00-3.38645E-02-1.23355E-02
 -1       312 1.20005E+00-1.64335E-03-3.60180E-02
 -1       313 1.19898E+00 3.38645E-02 1.23355E-02
 -1       314 1.19995E+00 1.64335E-03 3.60180E-02
 -1       319 1.16697E+00-1.44498E-02-4.33494E-04
 -1       320 1.20064E+00-3.60336E-02-1.08101E-03
 -1       321 1.23303E+00 1.44498E-02 4.33494E-04
 -1       322 1.19936E+00 3.60336E-02 1.08101E-03
 -1       353-1.19302E+00-2.96955E-03 1.96475E+00
 -1       354-1.22984E+00 1.30746E-03 1.97980E+00
 -1       355-1.20698E+00 2.96955E-03 2.03525E+00
 -1       356-1.17016E+00-1.30746E-03 2.02020E+00
 -1       361-1.19898E+00-3.38645E-02 1.98766E+00
 -1       362-1.19995E+00-1.64335E-03 1.96398E+00
 -1       363-1.20102E+00 3.38645E-02 2.01234E+00
 -1       364-1.20005E+00 1.64335E-03 2.03602E+00
 -1       369-1.23303E+00-1.44498E-02 1.99957E+00
 -1       370-1.19936E+00-3.60336E-02 1.99892E+00
 -1       371-1.16697E+00 1.44498E-02 2.00043E+00
 -1       372-1.20064E+00 3.60336E-02 2.00108E+00
 -1       403 1.20330E+00-1.36844E-03 1.96412E+00
 -1       404 1.16826E+00-3.59743E-03 1.98329E+00
 -1       405 1.19670E+00 1.36844E-03 2.03588E+00
 -1       406 1.23174E+00 3.59743E-03 2.01671E+00
 -1       411 1.19898E+00-3.40950E-02 1.98832E+00
 -1       412 1.19993E+00-2.33416E-03 1.96402E+00
 -1       413 1.20102E+00 3.40950E-02 2.01168E+00
 -1       414 1.20007E+00 2.33416E-03 2.03598E+00
 -1       419 1.16646E+00-1.32202E-02 2.00040E+00
 -1       420 1.19931E+00-3.60327E-02 2.00108E+00
 -1       421 1.23354E+00 1.32202E-02 1.99960E+00
 -1       422 1.20069E+00 3.60327E-02 1.99892E+00
 -1       453-1.19518E+00 9.99960E+00-3.57295E-02
 -1       454-1.23113E+00 1.00001E+01-1.81950E-02
 -1       455-1.20482E+00 1.00004E+01 3.57295E-02
 -1       456-1.16887E+00 9.99987E+00 1.81950E-02
 -1       461-1.20102E+00 9.96591E+00-1.16828E-02
 -1       462-1.20007E+00 9.99767E+00-3.59798E-02
 -1       463-1.19898E+00 1.00341E+01 1.16828E-02
 -1       464-1.19993E+00 1.00023E+01 3.59798E-02
 -1       469-1.23354E+00 9.98678E+00 3.96605E-04
 -1       470-1.20069E+00 9.96397E+00 1.08098E-03
 -1       471-1.16646E+00 1.00132E+01-3.96605E-04
 -1       472-1.19931E+00 1.00360E+01-1.08098E-03
 -1       503 1.20440E+00 9.99969E+00-3.57842E-02
 -1       504 1.16866E+00 9.99951E+00-1.78246E-02
 -1       505 1.19560E+00 1.00003E+01 3.57842E-02
 -1       506 1.23134E+00 1.00005E+01 1.78246E-02
 -1       511 1.20102E+00 9.96614E+00-1.23355E-02
 -1       512 1.20005E+00 9.99836E+00-3.60180E-02
 -1       513 1.19898E+00 1.00339E+01 1.23355E-02
 -1       514 1.19995E+00 1.00016E+01 3.60180E-02
 -1       519 1.16697E+00 9.98555E+00-4.33494E-04
 -1       520 1.20064E+00 9.96397E+00-1.08101E-03
 -1       521 1.23303E+00 1.00145E+01 4.33494E-04
 -1       522 1.19936E+00 1.00360E+01 1.08101E-03
 -1       553-1.19541E+00 1.00003E+01 1.96424E+00
 -1       554-1.23124E+00 1.00005E+01 1.98201E+00
 -1       555-1.20459E+00 9.99969E+00 2.03576E+00
 -1       556-1.16876E+00 9.99951E+00 2.01799E+00
 -1       561-1.19898E+00 9.96614E+00 1.98766E+00
 -1       562-1.19995E+00 9.99836E+00 1.96398E+00
 -1       563-1.20102E+00 1.00339E+01 2.01234E+00
 -1       564-1.20005E+00 1.00016E+01 2.03602E+00
 -1       569-1.23303E+00 9.98555E+00 1.99957E+00
 -1       570-1.19936E+00 9.96397E+00 1.99892E+00
 -1       571-1.16697E+00 1.00145E+01 2.00043E+00
 -1       572-1.20064E+00 1.00360E+01 2.00108E+00
 -1       603 1.20417E+00 1.00004E+01 1.96419E+00
 -1       604 1.16855E+00 9.99986E+00 1.98238E+00
 -1       605 1.19583E+00 9.99960E+00 2.03581E+00
 -1       606 1.23145E+00 1.00001E+01 2.01762E+00
 -1       611 1.19898E+00 9.96591E+00 1.98832E+00
 -1       612 1.19993E+00 9.99767E+00 1.96402E+00
 -1       613 1.20102E+00 1.00341E+01 2.01168E+00
 -1       614 1.20007E+00 1.00023E+01 2.03598E+00
 -1       619 1.16646E+00 9.98678E+00 2.00040E+00
 -1       620 1.19931E+00 9.96397E+00 2.00108E+00
 -1       621 1.23354E+00 1.00132E+01 1.99960E+00
 -1       622 1.20069E+00 1.00360E+01 1.99892E+00
 -1       653-1.19508E+00 1.99995E+01-3.57149E-02
 -1       654-1.23108E+00 2.00002E+01-1.82812E-02
 -1       655-1.20492E+00 2.00005E+01 3.57149E-02
 -1       656-1.16892E+00 1.99998E+01 1.82812E-02
 -1       661-1.20145E+00 1.99659E+01-1.15569E-02
 -1       662-1.20010E+00 1.99975E+01-3.59709E-02
 -1       663-1.19855E+00 2.00341E+01 1.15569E-02
 -1       664-1.19990E+00 2.00025E+01 3.59709E-02
 -1       669-1.23365E+00 1.99871E+01 5.48678E-04
 -1       670-1.20099E+00 1.99640E+01 1.52775E-03
 -1       671-1.16635E+00 2.00129E+01-5.48678E-04
 -1       672-1.19901E+00 2.00360E+01-1.52775E-03
 -1       703 1.20439E+00 1.99996E+01-3.57847E-02
 -1       704 1.16866E+00 1.99994E+01-1.78130E-02
 -1       705 1.19561E+00 2.00004E+01 3.57847E-02
 -1       706 1.23134E+00 2.00006E+01 1.78130E-02
 -1       711 1.20143E+00 1.99662E+01-1.24797E-02
 -1       712 1.20006E+00 1.99985E+01-3.60247E-02
 -1       713 1.19857E+00 2.00338E+01 1.24797E-02
 -1       714 1.19994E+00 2.00015E+01 3.60247E-02
 -1       719 1.16707E+00 1.99853E+01-6.22501E-04
 -1       720 1.20089E+00 1.99640E+01-1.52786E-03
 -1       721 1.23293E+00 2.00147E+01 6.22501E-04
 -1       722 1.19911E+00 2.00360E+01 1.52786E-03
 -1       753-1.19536E+00 2.00004E+01 1.96425E+00
 -1       754-1.23122E+00 2.00006E+01 1.98197E+00
 -1       755-1.20464E+00 1.99996E+01 2.03575E+00
 -1       756-1.16878E+00 1.99994E+01 2.01803E+00
 -1       761-1.19857E+00 1.99662E+01 1.98752E+00
 -1       762-1.19994E+00 1.99985E+01 1.96398E+00
 -1       763-1.20143E+00 2.00338E+01 2.01248E+00
 -1       764-1.20006E+00 2.00015E+01 2.03602E+00
 -1       769-1.23293E+00 1.99853E+01 1.99938E+00
 -1       770-1.19911E+00 1.99640E+01 1.99847E+00
 -1       771-1.16707E+00 2.00147E+01 2.00062E+00
 -1       772-1.20089E+00 2.00360E+01 2.00153E+00
 -1       803 1.20409E+00 2.00005E+01 1.96418E+00
 -1       804 1.16851E+00 1.99998E+01 1.98244E+00
 -1       805 1.19591E+00 1.99995E+01 2.03582E+00
 -1       806 1.23149E+00 2.00002E+01 2.01756E+00
 -1       811 1.19855E+00 1.99659E+01 1.98844E+00
 -1       812 1.19990E+00 1.99975E+01 1.96403E+00
 -1       813 1.20145E+00 2.00341E+01 2.01156E+00
 -1       814 1.20010E+00 2.00025E+01 2.03597E+00
 -1       819 1.16635E+00 1.99871E+01 2.00055E+00
 -1       820 1.19901E+00 1.99640E+01 2.00153E+00
 -1       821 1.23365E+00 2.00129E+01 1.99945E+00
 -1       822 1.20099E+00 2.00360E+01 1.99847E+00
 -1       853-1.19503E+00 2.99994E+01-3.57068E-02
 -1       854-1.23105E+00 3.00002E+01-1.83255E-02
 -1       855-1.20497E+00 3.00006E+01 3.57068E-02
 -1       856-1.16895E+00 2.99998E+01 1.83255E-02
 -1       861-1.20157E+00 2.99659E+01-1.15220E-02
 -1       862-1.20011E+00 2.99975E+01-3.59684E-02
 -1       863-1.19843E+00 3.00341E+01 1.15220E-02
 -1       864-1.19989E+00 3.00025E+01 3.59684E-02
 -1       869-1.23368E+00 2.99872E+01 5.90072E-04
 -1       870-1.20108E+00 2.99640E+01 1.65325E-03
 -1       871-1.16632E+00 3.00128E+01-5.90072E-04
 -1       872-1.19892E+00 3.00360E+01-1.65325E-03
 -1       903 1.20436E+00 2.99995E+01-3.57883E-02
 -1       904 1.16864E+00 2.99993E+01-1.77797E-02
 -1       905 1.19564E+00 3.00005E+01 3.57883E-02
 -1       906 1.23136E+00 3.00007E+01 1.77797E-02
 -1       911 1.20155E+00 2.99662E+01-1.25208E-02
 -1       912 1.20007E+00 2.99986E+01-3.60265E-02
 -1       913 1.19845E+00 3.00338E+01 1.25208E-02
 -1       914 1.19993E+00 3.00014E+01 3.60265E-02
 -1       919 1.16710E+00 2.99853E+01-6.76580E-04
 -1       920 1.20096E+00 2.99640E+01-1.65341E-03
 -1       921 1.23290E+00 3.00147E+01 6.76580E-04
 -1       922 1.19904E+00 3.00360E+01 1.65341E-03
 -1       953-1.19536E+00 3.00005E+01 1.96425E+00
 -1       954-1.23122E+00 3.00007E+01 1.98197E+00
 -1       955-1.20464E+00 2.99995E+01 2.03575E+00
 -1       956-1.16878E+00 2.99993E+01 2.01803E+00
 -1       961-1.19845E+00 2.99662E+01 1.98748E+00
 -1       962-1.19993E+00 2.99986E+01 1.96397E+00
 -1       963-1.20155E+00 3.00338E+01 2.01252E+00
 -1       964-1.20007E+00 3.00014E+01 2.03603E+00
 -1       969-1.23290E+00 2.99853E+01 1.99932E+00
 -1       970-1.19904E+00 2.99640E+01 1.99835E+00
 -1       971-1.16710E+00 3.00147E+01 2.00068E+00
 -1       972-1.20096E+00 3.00360E+01 2.00165E+00
 -1      1003 1.20400E+00 3.00006E+01 1.96417E+00
 -1      1004 1.16847E+00 2.99998E+01 1.98252E+00
 -1      1005 1.19600E+00 2.99994E+01 2.03583E+00
 -1      1006 1.23153E+00 3.00002E+01 2.01748E+00
 -1      1011 1.19843E+00 2.99659E+01 1.98848E+00
 -1      1012 1.19989E+00 2.99975E+01 1.96403E+00
 -1      1013 1.20157E+00 3.00341E+01 2.01152E+00
 -1      1014 1.20011E+00 3.00025E+01 2.03597E+00
 -1      1019 1.16632E+00 2.99872E+01 2.00059E+00
 -1      1020 1.19892E+00 2.99640E+01 2.00165E+00
 -1      1021 1.23368E+00 3.00128E+01 1.99941E+00
 -1      1022 1.20108E+00 3.00360E+01 1.99835E+00
 -1      1053-1.19503E+00 3.99994E+01-3.57060E-02
 -1      1054-1.23105E+00 4.00002E+01-1.83304E-02
 -1      1055-1.20497E+00 4.00006E+01 3.57060E-02
 -1      1056-1.16895E+00 3.99998E+01 1.83304E-02
 -1      1061-1.20102E+00 3.99659E+01-1.16828E-02
 -1      1062-1.20007E+00 3.99977E+01-3.59798E-02
 -1      1063-1.19898E+00 4.00341E+01 1.16828E-02
 -1      1064-1.19993E+00 4.00023E+01 3.59798E-02
 -1      1069-1.23354E+00 3.99868E+01 3.96605E-04
 -1      1070-1.20069E+00 3.99640E+01 1.08098E-03
 -1      1071-1.16646E+00 4.00132E+01-3.96605E-04
 -1      1072-1.19931E+00 4.00360E+01-1.08098E-03
 -1      1103 1.20436E+00 3.99995E+01-3.57876E-02
 -1      1104 1.16864E+00 3.99993E+01-1.77849E-02
 -1      1105 1.19564E+00 4.00005E+01 3.57876E-02
 -1      1106 1.23136E+00 4.00007E+01 1.77849E-02
 -1      1111 1.20102E+00 3.99661E+01-1.23355E-02
 -1      1112 1.20005E+00 3.99984E+01-3.60180E-02
 -1      1113 1.19898E+00 4.00339E+01 1.23355E-02
 -1      1114 1.19995E+00 4.00016E+01 3.60180E-02
 -1      1119 1.16697E+00 3.99855E+01-4.33494E-04
 -1      1120 1.20064E+00 3.99640E+01-1.08101E-03
 -1      1121 1.23303E+00 4.00145E+01 4.33494E-04
 -1      1122 1.19936E+00 4.00360E+01 1.08101E-03
 -1      1153-1.19535E+00 4.00005E+01 1.96425E+00
 -1      1154-1.23121E+00 4.00007E+01 1.98197E+00
 -1      1155-1.20465E+00 3.99995E+01 2.03575E+00
 -1      1156-1.16879E+00 3.99993E+01 2.01803E+00
 -1      1161-1.19898E+00 3.99661E+01 1.98766E+00
 -1      1162-1.19995E+00 3.99984E+01 1.96398E+00
 -1      1163-1.20102E+00 4.00339E+01 2.01234E+00
 -1      1164-1.20005E+00 4.00016E+01 2.03602E+00
 -1      1169-1.23303E+00 3.99855E+01 1.99957E+00
 -1      1170-1.19936E+00 3.99640E+01 1.99892E+00
 -1      1171-1.16697E+00 4.00145E+01 2.00043E+00
 -1      1172-1.20064E+00 4.00360E+01 2.00108E+00
 -1      1203 1.20401E+00 4.00006E+01 1.96417E+00
 -1      1204 1.16847E+00 3.99998E+01 1.98251E+00
 -1      1205 1.19599E+00 3.99994E+01 2.03583E+00
 -1      1206 1.23153E+00 4.00002E+01 2.01749E+00
 -1      1211 1.19898E+00 3.99659E+01 1.98832E+00
 -1      1212 1.19993E+00 3.99977E+01 1.96402E+00
 -1      1213 1.20102E+00 4.00341E+01 2.01168E+00
 -1      1214 1.20007E+00 4.00023E+01 2.03598E+00
 -1      1219 1.16646E+00 3.99868E+01 2.00040E+00
 -1      1220 1.19931E+00 3.99640E+01 2.00108E+00
 -1      1221 1.23354E+00 4.00132E+01 1.99960E+00
 -1      1222 1.20069E+00 4.00360E+01 1.99892E+00
 -1      1253-1.19603E+00 4.99977E+01-3.57623E-02
 -1      1254-1.23148E+00 4.99968E+01-1.72678E-02
 -1      1255-1.20397E+00 5.00023E+01 3.57623E-02
 -1      1256-1.16852E+00 5.00032E+01 1.72678E-02
 -1      1261-1.20102E+00 4.99659E+01-1.16828E-02
 -1      1262-1.20007E+00 4.99977E+01-3.59798E-02
 -1      1263-1.19898E+00 5.00341E+01 1.16828E-02
 -1      1264-1.19993E+00 5.00023E+01 3.59798E-02
 -1      1269-1.23354E+00 4.99868E+01 3.96605E-04
 -1      1270-1.20069E+00 4.99640E+01 1.08098E-03
 -1      1271-1.16646E+00 5.00132E+01-3.96605E-04
 -1      1272-1.19931E+00 5.00360E+01-1.08098E-03
 -1      1303 1.20656E+00 4.99963E+01-3.52652E-02
 -1      1304 1.16986E+00 5.00001E+01-1.97939E-02
 -1      1305 1.19344E+00 5.00037E+01 3.52652E-02
 -1      1306 1.23014E+00 4.99999E+01 1.97939E-02
 -1      1311 1.20102E+00 4.99661E+01-1.23355E-02
 -1      1312 1.20005E+00 4.99984E+01-3.60180E-02
 -1      1313 1.19898E+00 5.00339E+01 1.23355E-02
 -1      1314 1.19995E+00 5.00016E+01 3.60180E-02
 -1      1319 1.16697E+00 4.99855E+01-4.33494E-04
 -1      1320 1.20064E+00 4.99640E+01-1.08101E-03
 -1      1321 1.23303E+00 5.00145E+01 4.33494E-04
 -1      1322 1.19936E+00 5.00360E+01 1.08101E-03
 -1      1353-1.19817E+00 5.00034E+01 1.96415E+00
 -1      1354-1.23247E+00 4.99994E+01 1.98433E+00
 -1      1355-1.20183E+00 4.99966E+01 2.03585E+00
 -1      1356-1.16753E+00 5.00006E+01 2.01567E+00
 -1      1361-1.19898E+00 4.99661E+01 1.98766E+00
 -1      1362-1.19995E+00 4.99984E+01 1.96398E+00
 -1      1363-1.20102E+00 5.00339E+01 2.01234E+00
 -1      1364-1.20005E+00 5.00016E+01 2.03602E+00
 -1      1369-1.23303E+00 4.99855E+01 1.99957E+00
 -1      1370-1.19936E+00 4.99640E+01 1.99892E+00
 -1      1371-1.16697E+00 5.00145E+01 2.00043E+00
 -1      1372-1.20064E+00 5.00360E+01 2.00108E+00
 -1      1403 1.20507E+00 5.00022E+01 1.96437E+00
 -1      1404 1.16907E+00 5.00033E+01 1.98177E+00
 -1      1405 1.19493E+00 4.99978E+01 2.03563E+00
 -1      1406 1.23093E+00 4.99967E+01 2.01823E+00
 -1      1411 1.19898E+00 4.99659E+01 1.98832E+00
 -1      1412 1.19993E+00 4.99977E+01 1.96402E+00
 -1      1413 1.20102E+00 5.00341E+01 2.01168E+00
 -1      1414 1.20007E+00 5.00023E+01 2.03598E+00
 -1      1419 1.16646E+00 4.99868E+01 2.00040E+00
 -1      1420 1.19931E+00 4.99640E+01 2.00108E+00
 -1      1421 1.23354E+00 5.00132E+01 1.99960E+00
 -1      1422 1.20069E+00 5.00360E+01 1.99892E+00
 -1      1453-1.19553E+00 5.00000E+00-1.85778E-01
 -1      1454-1.23131E+00 5.00000E+00-1.67883E-01
 -1      1455-1.20447E+00 5.00000E+00-1.14222E-01
 -1      1456-1.16869E+00 5.00000E+00-1.32117E-01
 -1      1461 1.20447E+00 5.00000E+00 1.14222E-01
 -1      1462 1.16869E+00 5.00000E+00 1.32117E-01
 -1      1463 1.19553E+00 5.00000E+00 1.85778E-01
 -1      1464 1.23131E+00 5.00000E+00 1.67883E-01
 -1      1469-1.19553E+00 5.00000E+00 1.81422E+00
 -1      1470-1.23131E+00 5.00000E+00 1.83212E+00
 -1      1471-1.20447E+00 5.00000E+00 1.88578E+00
 -1      1472-1.16869E+00 5.00000E+00 1.86788E+00
 -1      1477 1.20447E+00 5.00000E+00 2.11422E+00
 -1      1478 1.16869E+00 5.00000E+00 2.13212E+00
 -1      1479 1.19553E+00 5.00000E+00 2.18578E+00
 -1      1480 1.23131E+00 5.00000E+00 2.16788E+00
 -1      1485-1.19553E+00 1.50000E+01-1.85778E-01
 -1      1486-1.23131E+00 1.50000E+01-1.67883E-01
 -1      1487-1.20447E+00 1.50000E+01-1.14222E-01
 -1      1488-1.16869E+00 1.50000E+01-1.32117E-01
 -1      1493 1.20447E+00 1.50000E+01 1.14222E-01
 -1      1494 1.16869E+00 1.50000E+01 1.32117E-01
 -1      1495 1.19553E+00 1.50000E+01 1.85778E-01
 -1      1496 1.23131E+00 1.50000E+01 1.67883E-01
 -1      1501-1.19553E+00 1.50000E+01 1.81422E+00
 -1      1502-1.23131E+00 1.50000E+01 1.83212E+00
 -1      1503-1.20447E+00 1.50000E+01 1.88578E+00
 -1      1504-1.16869E+00 1.50000E+01 1.86788E+00
 -1      1509 1.20447E+00 1.50000E+01 2.11422E+00
 -1      1510 1.16869E+00 1.50000E+01 2.13212E+00
 -1      1511 1.19553E+00 1.50000E+01 2.18578E+00
 -1      1512 1.23131E+00 1.50000E+01 2.16788E+00
 -1      1517-1.19553E+00 2.50000E+01-1.85778E-01
 -1      1518-1.23131E+00 2.50000E+01-1.67883E-01
 -1      1519-1.20447E+00 2.50000E+01-1.14222E-01
 -1      1520-1.16869E+00 2.50000E+01-1.32117E-01
 -1      1525 1.20447E+00 2.50000E+01 1.14222E-01
 -1      1526 1.16869E+00 2.50000E+01 1.32117E-01
 -1      1527 1.19553E+00 2.50000E+01 1.85778E-01
 -1      1528 1.23131E+00 2.50000E+01 1.67883E-01
 -1      1533-1.19553E+00 2.50000E+01 1.81422E+00
 -1      1534-1.23131E+00 2.50000E+01 1.83212E+00
 -1      1535-1.20447E+00 2.50000E+01 1.88578E+00
 -1      1536-1.16869E+00 2.50000E+01 1.86788E+00
 -1      1541 1.20447E+00 2.50000E+01 2.11422E+00
 -1      1542 1.16869E+00 2.50000E+01 2.13212E+00
 -1      1543 1.19553E+00 2.50000E+01 2.18578E+00
 -1      1544 1.23131E+00 2.50000E+01 2.16788E+00
 -1      1549-1.19553E+00 3.50000E+01-1.85778E-01
 -1      1550-1.23131E+00 3.50000E+01-1.67883E-01
 -1      1551-1.20447E+00 3.50000E+01-1.14222E-01
 -1      1552-1.16869E+00 3.50000E+01-1.32117E-01
 -1      1557 1.20447E+00 3.50000E+01 1.14222E-01
 -1      1558 1.16869E+00 3.50000E+01 1.32117E-01
 -1      1559 1.19553E+00 3.50000E+01 1.85778E-01
 -1      1560 1.23131E+00 3.50000E+01 1.67883E-01
 -1      1565-1.19553E+00 3.50000E+01 1.81422E+00
 -1      1566-1.23131E+00 3.50000E+01 1.83212E+00
 -1      1567-1.20447E+00 3.50000E+01 1.88578E+00
 -1      1568-1.16869E+00 3.50000E+01 1.86788E+00
 -1      1573 1.20447E+00 3.50000E+01 2.11422E+00
 -1      1574 1.16869E+00 3.50000E+01 2.13212E+00
 -1      1575 1.19553E+00 3.50000E+01 2.18578E+00
 -1      1576 1.23131E+00 3.50000E+01 2.16788E+00
 -1      1581-1.19553E+00 4.50000E+01-1.85778E-01
 -1      1582-1.23131E+00 4.50000E+01-1.67883E-01
 -1      1583-1.20447E+00 4.50000E+01-1.14222E-01
 -1      1584-1.16869E+00 4.50000E+01-1.32117E-01
 -1      1589 1.20447E+00 4.50000E+01 1.14222E-01
 -1      1590 1.16869E+00 4.50000E+01 1.32117E-01
 -1      1591 1.19553E+00 4.50000E+01 1.85778E-01
 -1      1592 1.23131E+00 4.50000E+01 1.67883E-01
 -1      1597-1.19553E+00 4.50000E+01 1.81422E+00
 -1      1598-1.23131E+00 4.50000E+01 1.83212E+00
 -1      1599-1.20447E+00 4.50000E+01 1.88578E+00
 -1      1600-1.16869E+00 4.50000E+01 1.86788E+00
 -1      1605 1.20447E+00 4.50000E+01 2.11422E+00
 -1      1606 1.16869E+00 4.50000E+01 2.13212E+00
 -1      1607 1.19553E+00 4.50000E+01 2.18578E+00
 -1      1608 1.23131E+00 4.50000E+01 2.16788E+00
 -1      1613 0.00000E+00-6.99992E-02-1.20023E-02
 -1      1614 0.00000E+00-3.79975E-02-3.60001E-02
 -1      1615 0.00000E+00-2.00083E-03 1.20023E-02
 -1      1616 0.00000E+00-3.40025E-02 3.60001E-02
 -1      1621 0.00000E+00 2.00083E-03 1.98800E+00
 -1      1622 0.00000E+00 3.40025E-02 1.96400E+00
 -1      1623 0.00000E+00 6.99992E-02 2.01200E+00
 -1      1624 0.00000E+00 3.79975E-02 2.03600E+00
 -1      1629-1.23329E+00 1.61495E-02 1.00000E+00
 -1      1630-1.20002E+00-6.05551E-03 1.00000E+00
 -1      1631-1.16671E+00 4.38505E-02 1.00000E+00
 -1      1632-1.19998E+00 6.60555E-02 1.00000E+00
 -1      1637 1.16671E+00-4.38505E-02 1.00000E+00
 -1      1638 1.19998E+00-6.60555E-02 1.00000E+00
 -1      1639 1.23329E+00-1.61495E-02 1.00000E+00
 -1      1640 1.20002E+00 6.05551E-03 1.00000E+00
 -1      1645 0.00000E+00 9.93000E+00-1.20023E-02
 -1      1646 0.00000E+00 9.96200E+00-3.60001E-02
 -1      1647 0.00000E+00 9.99800E+00 1.20023E-02
 -1      1648 0.00000E+00 9.96600E+00 3.60001E-02
 -1      1653 0.00000E+00 1.00020E+01 1.98800E+00
 -1      1654 0.00000E+00 1.00340E+01 1.96400E+00
 -1      1655 0.00000E+00 1.00700E+01 2.01200E+00
 -1      1656 0.00000E+00 1.00380E+01 2.03600E+00
 -1      1661-1.23329E+00 1.00161E+01 1.00000E+00
 -1      1662-1.20002E+00 9.99394E+00 1.00000E+00
 -1      1663-1.16671E+00 1.00439E+01 1.00000E+00
 -1      1664-1.19998E+00 1.00661E+01 1.00000E+00
 -1      1669 1.16671E+00 9.95615E+00 1.00000E+00
 -1      1670 1.19998E+00 9.93394E+00 1.00000E+00
 -1      1671 1.23329E+00 9.98385E+00 1.00000E+00
 -1      1672 1.20002E+00 1.00061E+01 1.00000E+00
 -1      1677-6.01023E-01 1.99404E+01-1.16832E-02
 -1      1678-6.00070E-01 1.99722E+01-3.59798E-02
 -1      1679-5.98977E-01 2.00086E+01 1.16832E-02
 -1      1680-5.99930E-01 1.99769E+01 3.59798E-02
 -1      1685 0.00000E+00 1.99300E+01-1.20008E-02
 -1      1686 0.00000E+00 1.99620E+01-3.60000E-02
 -1      1687 0.00000E+00 1.99980E+01 1.20008E-02
 -1      1688 0.00000E+00 1.99660E+01 3.60000E-02
 -1      1693 6.01016E-01 1.99407E+01-1.23359E-02
 -1      1694 6.00049E-01 1.99729E+01-3.60180E-02
 -1      1695 5.98984E-01 2.00084E+01 1.23359E-02
 -1      1696 5.99951E-01 1.99762E+01 3.60180E-02
 -1      1701-5.98984E-01 1.99916E+01 1.98766E+00
 -1      1702-5.99951E-01 2.00238E+01 1.96398E+00
 -1      1703-6.01016E-01 2.00593E+01 2.01234E+00
 -1      1704-6.00049E-01 2.00271E+01 2.03602E+00
 -1      1709 0.00000E+00 2.00020E+01 1.98800E+00
 -1      1710 0.00000E+00 2.00340E+01 1.96400E+00
 -1      1711 0.00000E+00 2.00700E+01 2.01200E+00
 -1      1712 0.00000E+00 2.00380E+01 2.03600E+00
 -1      1717 5.98977E-01 1.99914E+01 1.98832E+00
 -1      1718 5.99930E-01 2.00231E+01 1.96402E+00
 -1      1719 6.01023E-01 2.00596E+01 2.01168E+00
 -1      1720 6.00070E-01 2.00278E+01 2.03598E+00
 -1      1725-1.23354E+00 2.00080E+01 5.00396E-01
 -1      1726-1.20070E+00 1.99852E+01 5.01081E-01
 -1      1727-1.16646E+00 2.00344E+01 4.99604E-01
 -1      1728-1.19930E+00 2.00572E+01 4.98919E-01
 -1      1733-1.23328E+00 2.00161E+01 1.00000E+00
 -1      1734-1.20001E+00 1.99939E+01 1.00000E+00
 -1      1735-1.16672E+00 2.00439E+01 1.00000E+00
 -1      1736-1.19999E+00 2.00661E+01 1.00000E+00
 -1      1741-1.23303E+00 2.00068E+01 1.49957E+00
 -1      1742-1.19936E+00 1.99852E+01 1.49892E+00
 -1      1743-1.16697E+00 2.00357E+01 1.50043E+00
 -1      1744-1.20064E+00 2.00572E+01 1.50108E+00
 -1      1749 1.16697E+00 1.99643E+01 4.99567E-01
 -1      1750 1.20064E+00 1.99428E+01 4.98919E-01
 -1      1751 1.23303E+00 1.99932E+01 5.00433E-01
 -1      1752 1.19936E+00 2.00148E+01 5.01081E-01
 -1      1757 1.16672E+00 1.99561E+01 1.00000E+00
 -1      1758 1.19999E+00 1.99339E+01 1.00000E+00
 -1      1759 1.23328E+00 1.99839E+01 1.00000E+00
 -1      1760 1.20001E+00 2.00061E+01 1.00000E+00
 -1      1765 1.16646E+00 1.99656E+01 1.50040E+00
 -1      1766 1.19930E+00 1.99428E+01 1.50108E+00
 -1      1767 1.23354E+00 1.99920E+01 1.49960E+00
 -1      1768 1.20070E+00 2.00148E+01 1.49892E+00
 -1      1773-9.01448E-01 2.99521E+01-1.15569E-02
 -1      1774-9.00105E-01 2.99838E+01-3.59710E-02
 -1      1775-8.98552E-01 3.00203E+01 1.15569E-02
 -1      1776-8.99895E-01 2.99887E+01 3.59710E-02
 -1      1781-6.01107E-01 2.99404E+01-1.16576E-02
 -1      1782-6.00077E-01 2.99722E+01-3.59781E-02
 -1      1783-5.98893E-01 3.00086E+01 1.16576E-02
 -1      1784-5.99923E-01 2.99769E+01 3.59781E-02
 -1      1789-3.00599E-01 2.99327E+01-1.18121E-02
 -1      1790-3.00039E-01 2.99645E+01-3.59884E-02
 -1      1791-2.99401E-01 3.00008E+01 1.18121E-02
 -1      1792-2.99961E-01 2.99689E+01 3.59884E-02
 -1      1797 0.00000E+00 2.99300E+01-1.20002E-02
 -1      1798 0.00000E+00 2.99620E+01-3.60000E-02
 -1      1799 0.00000E+00 2.99980E+01 1.20002E-02
 -1      1800 0.00000E+00 2.99660E+01 3.60000E-02
 -1      1805 3.00596E-01 2.99328E+01-1.21945E-02
 -1      1806 3.00032E-01 2.99649E+01-3.60109E-02
 -1      1807 2.99404E-01 3.00007E+01 1.21945E-02
 -1      1808 2.99968E-01 2.99685E+01 3.60109E-02
 -1      1813 6.01099E-01 2.99407E+01-1.23640E-02
 -1      1814 6.00052E-01 2.99729E+01-3.60194E-02
 -1      1815 5.98901E-01 3.00084E+01 1.23640E-02
 -1      1816 5.99948E-01 2.99762E+01 3.60194E-02
 -1      1821 9.01434E-01 2.99524E+01-1.24797E-02
 -1      1822 9.00063E-01 2.99847E+01-3.60247E-02
 -1      1823 8.98566E-01 3.00200E+01 1.24797E-02
 -1      1824 8.99937E-01 2.99877E+01 3.60247E-02
 -1      1829-8.98566E-01 2.99800E+01 1.98752E+00
 -1      1830-8.99937E-01 3.00123E+01 1.96398E+00
 -1      1831-9.01434E-01 3.00476E+01 2.01248E+00
 -1      1832-9.00063E-01 3.00153E+01 2.03602E+00
 -1      1837-5.98901E-01 2.99916E+01 1.98764E+00
 -1      1838-5.99948E-01 3.00238E+01 1.96398E+00
 -1      1839-6.01099E-01 3.00593E+01 2.01236E+00
 -1      1840-6.00052E-01 3.00271E+01 2.03602E+00
 -1      1845-2.99404E-01 2.99993E+01 1.98781E+00
 -1      1846-2.99968E-01 3.00315E+01 1.96399E+00
 -1      1847-3.00596E-01 3.00672E+01 2.01219E+00
 -1      1848-3.00032E-01 3.00351E+01 2.03601E+00
 -1      1853 0.00000E+00 3.00020E+01 1.98800E+00
 -1      1854 0.00000E+00 3.00340E+01 1.96400E+00
 -1      1855 0.00000E+00 3.00700E+01 2.01200E+00
 -1      1856 0.00000E+00 3.00380E+01 2.03600E+00
 -1      1861 2.99401E-01 2.99992E+01 1.98819E+00
 -1      1862 2.99961E-01 3.00311E+01 1.96401E+00
 -1      1863 3.00599E-01 3.00673E+01 2.01181E+00
 -1      1864 3.00039E-01 3.00355E+01 2.03599E+00
 -1      1869 5.98893E-01 2.99914E+01 1.98834E+00
 -1      1870 5.99923E-01 3.00231E+01 1.96402E+00
 -1      1871 6.01107E-01 3.00596E+01 2.01166E+00
 -1      1872 6.00077E-01 3.00278E+01 2.03598E+00
 -1      1877 8.98552E-01 2.99797E+01 1.98844E+00
 -1      1878 8.99895E-01 3.00113E+01 1.96403E+00
 -1      1879 9.01448E-01 3.00479E+01 2.01156E+00
 -1      1880 9.00105E-01 3.00162E+01 2.03597E+00
 -1      1885-1.23365E+00 2.99985E+01 2.50549E-01
 -1      1886-1.20099E+00 2.99755E+01 2.51528E-01
 -1      1887-1.16635E+00 3.00244E+01 2.49451E-01
 -1      1888-1.19901E+00 3.00475E+01 2.48472E-01
 -1      1893-1.23356E+00 3.00081E+01 5.00427E-01
 -1      1894-1.20075E+00 2.99852E+01 5.01170E-01
 -1      1895-1.16644E+00 3.00344E+01 4.99573E-01
 -1      1896-1.19925E+00 3.00572E+01 4.98830E-01
 -1      1901-1.23343E+00 3.00142E+01 7.50237E-01
 -1      1902-1.20040E+00 2.99917E+01 7.50633E-01
 -1      1903-1.16657E+00 3.00412E+01 7.49763E-01
 -1      1904-1.19960E+00 3.00638E+01 7.49367E-01
 -1      1909-1.23328E+00 3.00161E+01 1.00000E+00
 -1      1910-1.20000E+00 2.99939E+01 1.00000E+00
 -1      1911-1.16672E+00 3.00439E+01 1.00000E+00
 -1      1912-1.20000E+00 3.00661E+01 1.00000E+00
 -1      1917-1.23313E+00 3.00135E+01 1.24975E+00
 -1      1918-1.19962E+00 2.99917E+01 1.24937E+00
 -1      1919-1.16687E+00 3.00419E+01 1.25025E+00
 -1      1920-1.20038E+00 3.00638E+01 1.25063E+00
 -1      1925-1.23301E+00 3.00067E+01 1.49953E+00
 -1      1926-1.19931E+00 2.99852E+01 1.49883E+00
 -1      1927-1.16699E+00 3.00357E+01 1.50047E+00
 -1      1928-1.20069E+00 3.00572E+01 1.50117E+00
 -1      1933-1.23293E+00 2.99968E+01 1.74938E+00
 -1      1934-1.19911E+00 2.99755E+01 1.74847E+00
 -1      1935-1.16707E+00 3.00262E+01 1.75062E+00
 -1      1936-1.20089E+00 3.00475E+01 1.75153E+00
 -1      1941 1.16707E+00 2.99738E+01 2.49378E-01
 -1      1942 1.20089E+00 2.99525E+01 2.48472E-01
 -1      1943 1.23293E+00 3.00032E+01 2.50622E-01
 -1      1944 1.19911E+00 3.00245E+01 2.51528E-01
 -1      1949 1.16699E+00 2.99643E+01 4.99529E-01
 -1      1950 1.20069E+00 2.99428E+01 4.98830E-01
 -1      1951 1.23301E+00 2.99933E+01 5.00471E-01
 -1      1952 1.19931E+00 3.00148E+01 5.01170E-01
 -1      1957 1.16687E+00 2.99581E+01 7.49750E-01
 -1      1958 1.20038E+00 2.99362E+01 7.49367E-01
 -1      1959 1.23313E+00 2.99865E+01 7.50250E-01
 -1      1960 1.19962E+00 3.00083E+01 7.50633E-01
 -1      1965 1.16672E+00 2.99561E+01 1.00000E+00
 -1      1966 1.20000E+00 2.99339E+01 1.00000E+00
 -1      1967 1.23328E+00 2.99839E+01 1.00000E+00
 -1      1968 1.20000E+00 3.00061E+01 1.00000E+00
 -1      1973 1.16657E+00 2.99588E+01 1.25024E+00
 -1      1974 1.19960E+00 2.99362E+01 1.25063E+00
 -1      1975 1.23343E+00 2.99858E+01 1.24976E+00
 -1      1976 1.20040E+00 3.00083E+01 1.24937E+00
 -1      1981 1.16644E+00 2.99656E+01 1.50043E+00
 -1      1982 1.19925E+00 2.99428E+01 1.50117E+00
 -1      1983 1.23356E+00 2.99919E+01 1.49957E+00
 -1      1984 1.20075E+00 3.00148E+01 1.49883E+00
 -1      1989 1.16635E+00 2.99756E+01 1.75055E+00
 -1      1990 1.19901E+00 2.99525E+01 1.75153E+00
 -1      1991 1.23365E+00 3.00015E+01 1.74945E+00
 -1      1992 1.20099E+00 3.00245E+01 1.74847E+00
 -1      1997 0.00000E+00 3.99300E+01-1.20023E-02
 -1      1998 0.00000E+00 3.99620E+01-3.60001E-02
 -1      1999 0.00000E+00 3.99980E+01 1.20023E-02
 -1      2000 0.00000E+00 3.99660E+01 3.60001E-02
 -1      2005 0.00000E+00 4.00020E+01 1.98800E+00
 -1      2006 0.00000E+00 4.00340E+01 1.96400E+00
 -1      2007 0.00000E+00 4.00700E+01 2.01200E+00
 -1      2008 0.00000E+00 4.00380E+01 2.03600E+00
 -1      2013-1.23329E+00 4.00161E+01 1.00000E+00
 -1      2014-1.20002E+00 3.99939E+01 1.00000E+00
 -1      2015-1.16671E+00 4.00438E+01 1.00000E+00
 -1      2016-1.19998E+00 4.00661E+01 1.00000E+00
 -1      2021 1.16671E+00 3.99562E+01 1.00000E+00
 -1      2022 1.19998E+00 3.99339E+01 1.00000E+00
 -1      2023 1.23329E+00 3.99839E+01 1.00000E+00
 -1      2024 1.20002E+00 4.00061E+01 1.00000E+00
 -1      2029 0.00000E+00 4.99300E+01-1.20023E-02
 -1      2030 0.00000E+00 4.99620E+01-3.60001E-02
 -1      2031 0.00000E+00 4.99980E+01 1.20023E-02
 -1      2032 0.00000E+00 4.99660E+01 3.60001E-02
 -1      2037 0.00000E+00 5.00020E+01 1.98800E+00
 -1      2038 0.00000E+00 5.00340E+01 1.96400E+00
 -1      2039 0.00000E+00 5.00700E+01 2.01200E+00
 -1      2040 0.00000E+00 5.00380E+01 2.03600E+00
 -1      2045-1.23329E+00 5.00161E+01 1.00000E+00
 -1      2046-1.20002E+00 4.99939E+01 1.00000E+00
 -1      2047-1.16671E+00 5.00438E+01 1.00000E+00
 -1      2048-1.19998E+00 5.00661E+01 1.00000E+00
 -1      2053 1.16671E+00 4.99562E+01 1.00000E+00
 -1      2054 1.19998E+00 4.99339E+01 1.00000E+00
 -1      2055 1.23329E+00 4.99839E+01 1.00000E+00
 -1      2056 1.20002E+00 5.00061E+01 1.00000E+00
 -1      2061-1.19830E+00 5.03706E+00 8.14684E-01
 -1      2062-1.23259E+00 5.03303E+00 8.34874E-01
 -1      2063-1.20170E+00 5.02294E+00 8.85316E-01
 -1      2064-1.16741E+00 5.02697E+00 8.65126E-01
 -1      2069-1.19388E+00 5.02303E+00 1.11516E+00
 -1      2070-1.23044E+00 5.02621E+00 1.13106E+00
 -1      2071-1.20612E+00 5.03697E+00 1.18484E+00
 -1      2072-1.16956E+00 5.03379E+00 1.16894E+00
 -1      2077 1.20170E+00 5.03706E+00 8.14684E-01
 -1      2078 1.16741E+00 5.03303E+00 8.34874E-01
 -1      2079 1.19830E+00 5.02294E+00 8.85316E-01
 -1      2080 1.23259E+00 5.02697E+00 8.65126E-01
 -1      2085 1.20612E+00 5.02303E+00 1.11516E+00
 -1      2086 1.16956E+00 5.02621E+00 1.13106E+00
 -1      2087 1.19388E+00 5.03697E+00 1.18484E+00
 -1      2088 1.23044E+00 5.03379E+00 1.16894E+00
 -1      2093 1.59908E-01 4.96162E+00-3.45858E-02
 -1      2094 1.22767E-01 4.97054E+00-2.27077E-02
 -1      2095 1.40092E-01 4.96638E+00 3.45858E-02
 -1      2096 1.77233E-01 4.95746E+00 2.27077E-02
 -1      2101-1.49864E-01 4.96403E+00-3.60552E-02
 -1      2102-1.82310E-01 4.95625E+00-1.39967E-02
 -1      2103-1.50136E-01 4.96397E+00 3.60552E-02
 -1      2104-1.17690E-01 4.97175E+00 1.39967E-02
 -1      2109 1.59908E-01 4.96162E+00 1.96541E+00
 -1      2110 1.22767E-01 4.97054E+00 1.97729E+00
 -1      2111 1.40092E-01 4.96638E+00 2.03459E+00
 -1      2112 1.77233E-01 4.95746E+00 2.02271E+00
 -1      2117-1.49864E-01 4.96403E+00 1.96394E+00
 -1      2118-1.82310E-01 4.95625E+00 1.98600E+00
 -1      2119-1.50136E-01 4.96397E+00 2.03606E+00
 -1      2120-1.17690E-01 4.97175E+00 2.01400E+00
 -1      2125-1.19830E+00 1.50371E+01 8.14684E-01
 -1      2126-1.23259E+00 1.50330E+01 8.34874E-01
 -1      2127-1.20170E+00 1.50229E+01 8.85316E-01
 -1      2128-1.16741E+00 1.50270E+01 8.65126E-01
 -1      2133-1.19388E+00 1.50230E+01 1.11516E+00
 -1      2134-1.23044E+00 1.50262E+01 1.13106E+00
 -1      2135-1.20612E+00 1.50370E+01 1.18484E+00
 -1      2136-1.16956E+00 1.50338E+01 1.16894E+00
 -1      2141 1.20170E+00 1.50371E+01 8.14684E-01
 -1      2142 1.16741E+00 1.50330E+01 8.34874E-01
 -1      2143 1.19830E+00 1.50229E+01 8.85316E-01
 -1      2144 1.23259E+00 1.50270E+01 8.65126E-01
 -1      2149 1.20612E+00 1.50230E+01 1.11516E+00
 -1      2150 1.16956E+00 1.50262E+01 1.13106E+00
 -1      2151 1.19388E+00 1.50370E+01 1.18484E+00
 -1      2152 1.23044E+00 1.50338E+01 1.16894E+00
 -1      2157 1.59908E-01 1.49616E+01-3.45858E-02
 -1      2158 1.22767E-01 1.49705E+01-2.27077E-02
 -1      2159 1.40092E-01 1.49664E+01 3.45858E-02
 -1      2160 1.77233E-01 1.49575E+01 2.27077E-02
 -1      2165-1.49864E-01 1.49640E+01-3.60552E-02
 -1      2166-1.82310E-01 1.49562E+01-1.39967E-02
 -1      2167-1.50136E-01 1.49640E+01 3.60552E-02
 -1      2168-1.17690E-01 1.49718E+01 1.39967E-02
 -1      2173 1.59908E-01 1.49616E+01 1.96541E+00
 -1      2174 1.22767E-01 1.49705E+01 1.97729E+00
 -1      2175 1.40092E-01 1.49664E+01 2.03459E+00
 -1      2176 1.77233E-01 1.49575E+01 2.02271E+00
 -1      2181-1.49864E-01 1.49640E+01 1.96394E+00
 -1      2182-1.82310E-01 1.49562E+01 1.98600E+00
 -1      2183-1.50136E-01 1.49640E+01 2.03606E+00
 -1      2184-1.17690E-01 1.49718E+01 2.01400E+00
 -1      2189-1.19757E+00 2.12670E+01 1.57055E-01
 -1      2190-1.23227E+00 2.12640E+01 1.76710E-01
 -1      2191-1.20243E+00 2.12559E+01 2.28140E-01
 -1      2192-1.16773E+00 2.12590E+01 2.08485E-01
 -1      2197-1.19773E+00 2.25271E+01 3.58438E-01
 -1      2198-1.23234E+00 2.25238E+01 3.78214E-01
 -1      2199-1.20227E+00 2.25153E+01 4.29430E-01
 -1      2200-1.16766E+00 2.25186E+01 4.09654E-01
 -1      2205-1.19798E+00 2.37842E+01 5.76000E-01
 -1      2206-1.23245E+00 2.37805E+01 5.95959E-01
 -1      2207-1.20202E+00 2.37713E+01 6.46836E-01
 -1      2208-1.16755E+00 2.37749E+01 6.26877E-01
 -1      2213-1.19828E+00 2.50371E+01 8.14685E-01
 -1      2214-1.23258E+00 2.50330E+01 8.34863E-01
 -1      2215-1.20172E+00 2.50229E+01 8.85315E-01
 -1      2216-1.16742E+00 2.50270E+01 8.65137E-01
 -1      2221-1.19860E+00 2.62854E+01 1.07622E+00
 -1      2222-1.23272E+00 2.62809E+01 1.09662E+00
 -1      2223-1.20140E+00 2.62700E+01 1.14662E+00
 -1      2224-1.16728E+00 2.62745E+01 1.12622E+00
 -1      2229-1.19888E+00 2.75294E+01 1.35884E+00
 -1      2230-1.23284E+00 2.75246E+01 1.37943E+00
 -1      2231-1.20112E+00 2.75130E+01 1.42902E+00
 -1      2232-1.16716E+00 2.75178E+01 1.40843E+00
 -1      2237-1.19908E+00 2.87700E+01 1.65759E+00
 -1      2238-1.23292E+00 2.87650E+01 1.67830E+00
 -1      2239-1.20092E+00 2.87529E+01 1.72761E+00
 -1      2240-1.16708E+00 2.87580E+01 1.70689E+00
 -1      2245-1.19416E+00 2.12560E+01 1.77225E+00
 -1      2246-1.23060E+00 2.12585E+01 1.78856E+00
 -1      2247-1.20584E+00 2.12670E+01 1.84256E+00
 -1      2248-1.16940E+00 2.12644E+01 1.82625E+00
 -1      2253-1.19409E+00 2.25154E+01 1.57098E+00
 -1      2254-1.23056E+00 2.25181E+01 1.58719E+00
 -1      2255-1.20591E+00 2.25271E+01 1.64115E+00
 -1      2256-1.16944E+00 2.25244E+01 1.62494E+00
 -1      2261-1.19399E+00 2.37714E+01 1.35360E+00
 -1      2262-1.23051E+00 2.37743E+01 1.36967E+00
 -1      2263-1.20601E+00 2.37841E+01 1.42356E+00
 -1      2264-1.16949E+00 2.37812E+01 1.40749E+00
 -1      2269-1.19388E+00 2.50230E+01 1.11516E+00
 -1      2270-1.23044E+00 2.50262E+01 1.13106E+00
 -1      2271-1.20612E+00 2.50370E+01 1.18484E+00
 -1      2272-1.16956E+00 2.50338E+01 1.16894E+00
 -1      2277-1.19377E+00 2.62701E+01 8.53886E-01
 -1      2278-1.23038E+00 2.62736E+01 8.69618E-01
 -1      2279-1.20623E+00 2.62853E+01 9.23278E-01
 -1      2280-1.16962E+00 2.62819E+01 9.07546E-01
 -1      2285-1.19368E+00 2.75131E+01 5.71502E-01
 -1      2286-1.23034E+00 2.75168E+01 5.87093E-01
 -1      2287-1.20632E+00 2.75293E+01 6.40630E-01
 -1      2288-1.16966E+00 2.75257E+01 6.25039E-01
 -1      2293-1.19363E+00 2.87531E+01 2.72930E-01
 -1      2294-1.23031E+00 2.87568E+01 2.88429E-01
 -1      2295-1.20637E+00 2.87699E+01 3.41875E-01
 -1      2296-1.16969E+00 2.87661E+01 3.26376E-01
 -1      2301 1.20243E+00 2.12670E+01 1.57055E-01
 -1      2302 1.16773E+00 2.12640E+01 1.76710E-01
 -1      2303 1.19757E+00 2.12559E+01 2.28140E-01
 -1      2304 1.23227E+00 2.12590E+01 2.08485E-01
 -1      2309 1.20227E+00 2.25271E+01 3.58438E-01
 -1      2310 1.16766E+00 2.25238E+01 3.78214E-01
 -1      2311 1.19773E+00 2.25153E+01 4.29430E-01
 -1      2312 1.23234E+00 2.25186E+01 4.09654E-01
 -1      2317 1.20202E+00 2.37842E+01 5.76000E-01
 -1      2318 1.16755E+00 2.37805E+01 5.95959E-01
 -1      2319 1.19798E+00 2.37713E+01 6.46836E-01
 -1      2320 1.23245E+00 2.37749E+01 6.26877E-01
 -1      2325 1.20172E+00 2.50371E+01 8.14685E-01
 -1      2326 1.16742E+00 2.50330E+01 8.34863E-01
 -1      2327 1.19828E+00 2.50229E+01 8.85315E-01
 -1      2328 1.23258E+00 2.50270E+01 8.65137E-01
 -1      2333 1.20140E+00 2.62854E+01 1.07622E+00
 -1      2334 1.16728E+00 2.62809E+01 1.09662E+00
 -1      2335 1.19860E+00 2.62700E+01 1.14662E+00
 -1      2336 1.23272E+00 2.62745E+01 1.12622E+00
 -1      2341 1.20112E+00 2.75294E+01 1.35884E+00
 -1      2342 1.16716E+00 2.75246E+01 1.37943E+00
 -1      2343 1.19888E+00 2.75130E+01 1.42902E+00
 -1      2344 1.23284E+00 2.75178E+01 1.40843E+00
 -1      2349 1.20092E+00 2.87700E+01 1.65759E+00
 -1      2350 1.16708E+00 2.87650E+01 1.67830E+00
 -1      2351 1.19908E+00 2.87529E+01 1.72761E+00
 -1      2352 1.23292E+00 2.87580E+01 1.70689E+00
 -1      2357 1.20584E+00 2.12560E+01 1.77225E+00
 -1      2358 1.16940E+00 2.12585E+01 1.78856E+00
 -1      2359 1.19416E+00 2.12670E+01 1.84256E+00
 -1      2360 1.23060E+00 2.12644E+01 1.82625E+00
 -1      2365 1.20591E+00 2.25154E+01 1.57098E+00
 -1      2366 1.16944E+00 2.25181E+01 1.58719E+00
 -1      2367 1.19409E+00 2.25271E+01 1.64115E+00
 -1      2368 1.23056E+00 2.25244E+01 1.62494E+00
 -1      2373 1.20601E+00 2.37714E+01 1.35360E+00
 -1      2374 1.16949E+00 2.37743E+01 1.36967E+00
 -1      2375 1.19399E+00 2.37841E+01 1.42356E+00
 -1      2376 1.23051E+00 2.37812E+01 1.40749E+00
 -1      2381 1.20612E+00 2.50230E+01 1.11516E+00
 -1      2382 1.16956E+00 2.50262E+01 1.13106E+00
 -1      2383 1.19388E+00 2.50370E+01 1.18484E+00
 -1      2384 1.23044E+00 2.50338E+01 1.16894E+00
 -1      2389 1.20623E+00 2.62701E+01 8.53886E-01
 -1      2390 1.16962E+00 2.62736E+01 8.69618E-01
 -1      2391 1.19377E+00 2.62853E+01 9.23278E-01
 -1      2392 1.23038E+00 2.62819E+01 9.07546E-01
 -1      2397 1.20632E+00 2.75131E+01 5.71502E-01
 -1      2398 1.16966E+00 2.75168E+01 5.87093E-01
 -1      2399 1.19368E+00 2.75293E+01 6.40630E-01
 -1      2400 1.23034E+00 2.75257E+01 6.25039E-01
 -1      2405 1.20637E+00 2.87531E+01 2.72930E-01
 -1      2406 1.16969E+00 2.87568E+01 2.88429E-01
 -1      2407 1.19363E+00 2.87699E+01 3.41875E-01
 -1      2408 1.23031E+00 2.87661E+01 3.26376E-01
 -1      2413-8.31704E-01 2.12331E+01-3.42295E-02
 -1      2414-8.68791E-01 2.12437E+01-2.36225E-02
 -1      2415-8.53491E-01 2.12393E+01 3.42295E-02
 -1      2416-8.16404E-01 2.12288E+01 2.36225E-02
 -1      2421-4.83271E-01 2.24716E+01-3.43179E-02
 -1      2422-5.20380E-01 2.24818E+01-2.34066E-02
 -1      2423-5.04597E-01 2.24775E+01 3.43179E-02
 -1      2424-4.67488E-01 2.24673E+01 2.34066E-02
 -1      2429-1.51102E-01 2.37141E+01-3.44451E-02
 -1      2430-1.88233E-01 2.37237E+01-2.30837E-02
 -1      2431-1.71734E-01 2.37194E+01 3.44451E-02
 -1      2432-1.34603E-01 2.37098E+01 2.30837E-02
 -1      2437 1.59903E-01 2.49616E+01-3.45874E-02
 -1      2438 1.22764E-01 2.49705E+01-2.27035E-02
 -1      2439 1.40097E-01 2.49664E+01 3.45874E-02
 -1      2440 1.77236E-01 2.49575E+01 2.27035E-02
 -1      2445 4.48070E-01 2.62146E+01-3.47212E-02
 -1      2446 4.10939E-01 2.62229E+01-2.23246E-02
 -1      2447 4.29094E-01 2.62188E+01 3.47212E-02
 -1      2448 4.66225E-01 2.62106E+01 2.23246E-02
 -1      2453 7.15201E-01 2.74727E+01-3.48283E-02
 -1      2454 6.78091E-01 2.74803E+01-2.20050E-02
 -1      2455 6.96931E-01 2.74764E+01 3.48283E-02
 -1      2456 7.34041E-01 2.74688E+01 2.20050E-02
 -1      2461 9.66302E-01 2.87345E+01-3.48965E-02
 -1      2462 9.29212E-01 2.87417E+01-2.17923E-02
 -1      2463 9.48503E-01 2.87380E+01 3.48965E-02
 -1      2464 9.85593E-01 2.87307E+01 2.17923E-02
 -1      2469 8.42124E-01 2.12361E+01-3.60521E-02
 -1      2470 8.10413E-01 2.12270E+01-1.34113E-02
 -1      2471 8.43071E-01 2.12364E+01 3.60521E-02
 -1      2472 8.74781E-01 2.12454E+01 1.34113E-02
 -1      2477 4.93597E-01 2.24745E+01-3.60538E-02
 -1      2478 4.61712E-01 2.24657E+01-1.35445E-02
 -1      2479 4.94271E-01 2.24746E+01 3.60538E-02
 -1      2480 5.26156E-01 2.24834E+01 1.35445E-02
 -1      2485 1.61293E-01 2.37167E+01-3.60553E-02
 -1      2486 1.29148E-01 2.37084E+01-1.37478E-02
 -1      2487 1.61544E-01 2.37168E+01 3.60553E-02
 -1      2488 1.93688E-01 2.37251E+01 1.37478E-02
 -1      2493-1.49867E-01 2.49640E+01-3.60553E-02
 -1      2494-1.82312E-01 2.49562E+01-1.39935E-02
 -1      2495-1.50133E-01 2.49640E+01 3.60553E-02
 -1      2496-1.17688E-01 2.49718E+01 1.39935E-02
 -1      2501-4.38181E-01 2.62168E+01-3.60532E-02
 -1      2502-4.70920E-01 2.62096E+01-1.42455E-02
 -1      2503-4.38983E-01 2.62167E+01 3.60532E-02
 -1      2504-4.06244E-01 2.62239E+01 1.42455E-02
 -1      2509-7.05431E-01 2.74747E+01-3.60497E-02
 -1      2510-7.38414E-01 2.74679E+01-1.44640E-02
 -1      2511-7.06701E-01 2.74744E+01 3.60497E-02
 -1      2512-6.73718E-01 2.74812E+01 1.44640E-02
 -1      2517-9.56607E-01 2.87364E+01-3.60464E-02
 -1      2518-9.89751E-01 2.87299E+01-1.46123E-02
 -1      2519-9.58198E-01 2.87361E+01 3.60464E-02
 -1      2520-9.25054E-01 2.87425E+01 1.46123E-02
 -1      2525-8.31704E-01 2.12331E+01 1.96577E+00
 -1      2526-8.68791E-01 2.12437E+01 1.97638E+00
 -1      2527-8.53491E-01 2.12393E+01 2.03423E+00
 -1      2528-8.16404E-01 2.12288E+01 2.02362E+00
 -1      2533-4.83271E-01 2.24716E+01 1.96568E+00
 -1      2534-5.20380E-01 2.24818E+01 1.97659E+00
 -1      2535-5.04597E-01 2.24775E+01 2.03432E+00
 -1      2536-4.67488E-01 2.24673E+01 2.02341E+00
 -1      2541-1.51102E-01 2.37141E+01 1.96555E+00
 -1      2542-1.88233E-01 2.37237E+01 1.97692E+00
 -1      2543-1.71734E-01 2.37194E+01 2.03445E+00
 -1      2544-1.34603E-01 2.37098E+01 2.02308E+00
 -1      2549 1.59903E-01 2.49616E+01 1.96541E+00
 -1      2550 1.22764E-01 2.49705E+01 1.97730E+00
 -1      2551 1.40097E-01 2.49664E+01 2.03459E+00
 -1      2552 1.77236E-01 2.49575E+01 2.02270E+00
 -1      2557 4.48070E-01 2.62146E+01 1.96528E+00
 -1      2558 4.10939E-01 2.62229E+01 1.97768E+00
 -1      2559 4.29094E-01 2.62188E+01 2.03472E+00
 -1      2560 4.66225E-01 2.62106E+01 2.02232E+00
 -1      2565 7.15201E-01 2.74727E+01 1.96517E+00
 -1      2566 6.78091E-01 2.74803E+01 1.97800E+00
 -1      2567 6.96931E-01 2.74764E+01 2.03483E+00
 -1      2568 7.34041E-01 2.74688E+01 2.02200E+00
 -1      2573 9.66302E-01 2.87345E+01 1.96510E+00
 -1      2574 9.29212E-01 2.87417E+01 1.97821E+00
 -1      2575 9.48503E-01 2.87380E+01 2.03490E+00
 -1      2576 9.85593E-01 2.87307E+01 2.02179E+00
 -1      2581 8.42124E-01 2.12361E+01 1.96395E+00
 -1      2582 8.10413E-01 2.12270E+01 1.98659E+00
 -1      2583 8.43071E-01 2.12364E+01 2.03605E+00
 -1      2584 8.74781E-01 2.12454E+01 2.01341E+00
 -1      2589 4.93597E-01 2.24745E+01 1.96395E+00
 -1      2590 4.61712E-01 2.24657E+01 1.98646E+00
 -1      2591 4.94271E-01 2.24746E+01 2.03605E+00
 -1      2592 5.26156E-01 2.24834E+01 2.01354E+00
 -1      2597 1.61293E-01 2.37167E+01 1.96394E+00
 -1      2598 1.29148E-01 2.37084E+01 1.98625E+00
 -1      2599 1.61544E-01 2.37168E+01 2.03606E+00
 -1      2600 1.93688E-01 2.37251E+01 2.01375E+00
 -1      2605-1.49867E-01 2.49640E+01 1.96394E+00
 -1      2606-1.82312E-01 2.49562E+01 1.98601E+00
 -1      2607-1.50133E-01 2.49640E+01 2.03606E+00
 -1      2608-1.17688E-01 2.49718E+01 2.01399E+00
 -1      2613-4.38181E-01 2.62168E+01 1.96395E+00
 -1      2614-4.70920E-01 2.62096E+01 1.98575E+00
 -1      2615-4.38983E-01 2.62167E+01 2.03605E+00
 -1      2616-4.06244E-01 2.62239E+01 2.01425E+00
 -1      2621-7.05431E-01 2.74747E+01 1.96395E+00
 -1      2622-7.38414E-01 2.74679E+01 1.98554E+00
 -1      2623-7.06701E-01 2.74744E+01 2.03605E+00
 -1      2624-6.73718E-01 2.74812E+01 2.01446E+00
 -1      2629-9.56607E-01 2.87364E+01 1.96395E+00
 -1      2630-9.89751E-01 2.87299E+01 1.98539E+00
 -1      2631-9.58198E-01 2.87361E+01 2.03605E+00
 -1      2632-9.25054E-01 2.87425E+01 2.01461E+00
 -1      2637-1.19777E+00 3.25272E+01 3.58451E-01
 -1      2638-1.23236E+00 3.25239E+01 3.78258E-01
 -1      2639-1.20223E+00 3.25152E+01 4.29417E-01
 -1      2640-1.16764E+00 3.25186E+01 4.09610E-01
 -1      2645-1.19829E+00 3.50371E+01 8.14685E-01
 -1      2646-1.23259E+00 3.50330E+01 8.34866E-01
 -1      2647-1.20171E+00 3.50229E+01 8.85315E-01
 -1      2648-1.16741E+00 3.50270E+01 8.65134E-01
 -1      2653-1.19884E+00 3.75293E+01 1.35882E+00
 -1      2654-1.23282E+00 3.75246E+01 1.37939E+00
 -1      2655-1.20116E+00 3.75131E+01 1.42904E+00
 -1      2656-1.16718E+00 3.75178E+01 1.40848E+00
 -1      2661-1.19407E+00 3.25153E+01 1.57100E+00
 -1      2662-1.23055E+00 3.25180E+01 1.58719E+00
 -1      2663-1.20593E+00 3.25271E+01 1.64113E+00
 -1      2664-1.16945E+00 3.25244E+01 1.62495E+00
 -1      2669-1.19388E+00 3.50230E+01 1.11516E+00
 -1      2670-1.23044E+00 3.50262E+01 1.13106E+00
 -1      2671-1.20612E+00 3.50370E+01 1.18484E+00
 -1      2672-1.16956E+00 3.50338E+01 1.16894E+00
 -1      2677-1.19370E+00 3.75132E+01 5.71480E-01
 -1      2678-1.23034E+00 3.75168E+01 5.87095E-01
 -1      2679-1.20630E+00 3.75292E+01 6.40652E-01
 -1      2680-1.16966E+00 3.75256E+01 6.25037E-01
 -1      2685 1.20223E+00 3.25272E+01 3.58451E-01
 -1      2686 1.16764E+00 3.25239E+01 3.78258E-01
 -1      2687 1.19777E+00 3.25152E+01 4.29417E-01
 -1      2688 1.23236E+00 3.25186E+01 4.09610E-01
 -1      2693 1.20171E+00 3.50371E+01 8.14685E-01
 -1      2694 1.16741E+00 3.50330E+01 8.34866E-01
 -1      2695 1.19829E+00 3.50229E+01 8.85315E-01
 -1      2696 1.23259E+00 3.50270E+01 8.65134E-01
 -1      2701 1.20116E+00 3.75293E+01 1.35882E+00
 -1      2702 1.16718E+00 3.75246E+01 1.37939E+00
 -1      2703 1.19884E+00 3.75131E+01 1.42904E+00
 -1      2704 1.23282E+00 3.75178E+01 1.40848E+00
 -1      2709 1.20593E+00 3.25153E+01 1.57100E+00
 -1      2710 1.16945E+00 3.25180E+01 1.58719E+00
 -1      2711 1.19407E+00 3.25271E+01 1.64113E+00
 -1      2712 1.23055E+00 3.25244E+01 1.62495E+00
 -1      2717 1.20612E+00 3.50230E+01 1.11516E+00
 -1      2718 1.16956E+00 3.50262E+01 1.13106E+00
 -1      2719 1.19388E+00 3.50370E+01 1.18484E+00
 -1      2720 1.23044E+00 3.50338E+01 1.16894E+00
 -1      2725 1.20630E+00 3.75132E+01 5.71480E-01
 -1      2726 1.16966E+00 3.75168E+01 5.87095E-01
 -1      2727 1.19370E+00 3.75292E+01 6.40652E-01
 -1      2728 1.23034E+00 3.75256E+01 6.25037E-01
 -1      2733-4.83328E-01 3.24717E+01-3.43393E-02
 -1      2734-5.20442E-01 3.24818E+01-2.33534E-02
 -1      2735-5.04540E-01 3.24774E+01 3.43393E-02
 -1      2736-4.67426E-01 3.24673E+01 2.33534E-02
 -1      2741 1.59904E-01 3.49616E+01-3.45869E-02
 -1      2742 1.22764E-01 3.49705E+01-2.27046E-02
 -1      2743 1.40096E-01 3.49664E+01 3.45869E-02
 -1      2744 1.77236E-01 3.49575E+01 2.27046E-02
 -1      2749 7.15261E-01 3.74726E+01-3.48107E-02
 -1      2750 6.78146E-01 3.74804E+01-2.20585E-02
 -1      2751 6.96871E-01 3.74765E+01 3.48107E-02
 -1      2752 7.33986E-01 3.74687E+01 2.20585E-02
 -1      2757 4.93632E-01 3.24745E+01-3.60542E-02
 -1      2758 4.61704E-01 3.24658E+01-1.35783E-02
 -1      2759 4.94236E-01 3.24746E+01 3.60542E-02
 -1      2760 5.26164E-01 3.24833E+01 1.35783E-02
 -1      2765-1.49866E-01 3.49640E+01-3.60553E-02
 -1      2766-1.82311E-01 3.49562E+01-1.39944E-02
 -1      2767-1.50134E-01 3.49640E+01 3.60553E-02
 -1      2768-1.17689E-01 3.49718E+01 1.39944E-02
 -1      2773-7.05470E-01 3.74747E+01-3.60504E-02
 -1      2774-7.38413E-01 3.74678E+01-1.44278E-02
 -1      2775-7.06662E-01 3.74744E+01 3.60504E-02
 -1      2776-6.73719E-01 3.74813E+01 1.44278E-02
 -1      2781-4.83328E-01 3.24717E+01 1.96566E+00
 -1      2782-5.20442E-01 3.24818E+01 1.97665E+00
 -1      2783-5.04540E-01 3.24774E+01 2.03434E+00
 -1      2784-4.67426E-01 3.24673E+01 2.02335E+00
 -1      2789 1.59904E-01 3.49616E+01 1.96541E+00
 -1      2790 1.22764E-01 3.49705E+01 1.97730E+00
 -1      2791 1.40096E-01 3.49664E+01 2.03459E+00
 -1      2792 1.77236E-01 3.49575E+01 2.02270E+00
 -1      2797 7.15261E-01 3.74726E+01 1.96519E+00
 -1      2798 6.78146E-01 3.74804E+01 1.97794E+00
 -1      2799 6.96871E-01 3.74765E+01 2.03481E+00
 -1      2800 7.33986E-01 3.74687E+01 2.02206E+00
 -1      2805 4.93632E-01 3.24745E+01 1.96395E+00
 -1      2806 4.61704E-01 3.24658E+01 1.98642E+00
 -1      2807 4.94236E-01 3.24746E+01 2.03605E+00
 -1      2808 5.26164E-01 3.24833E+01 2.01358E+00
 -1      2813-1.49866E-01 3.49640E+01 1.96394E+00
 -1      2814-1.82311E-01 3.49562E+01 1.98601E+00
 -1      2815-1.50134E-01 3.49640E+01 2.03606E+00
 -1      2816-1.17689E-01 3.49718E+01 2.01399E+00
 -1      2821-7.05470E-01 3.74747E+01 1.96395E+00
 -1      2822-7.38413E-01 3.74678E+01 1.98557E+00
 -1      2823-7.06662E-01 3.74744E+01 2.03605E+00
 -1      2824-6.73719E-01 3.74813E+01 2.01443E+00
 -1      2829-1.19757E+00 4.12670E+01 1.57055E-01
 -1      2830-1.23227E+00 4.12640E+01 1.76710E-01
 -1      2831-1.20243E+00 4.12559E+01 2.28140E-01
 -1      2832-1.16773E+00 4.12590E+01 2.08485E-01
 -1      2837-1.19773E+00 4.25271E+01 3.58438E-01
 -1      2838-1.23234E+00 4.25238E+01 3.78214E-01
 -1      2839-1.20227E+00 4.25153E+01 4.29430E-01
 -1      2840-1.16766E+00 4.25186E+01 4.09654E-01
 -1      2845-1.19798E+00 4.37842E+01 5.76000E-01
 -1      2846-1.23245E+00 4.37805E+01 5.95959E-01
 -1      2847-1.20202E+00 4.37713E+01 6.46836E-01
 -1      2848-1.16755E+00 4.37749E+01 6.26877E-01
 -1      2853-1.19828E+00 4.50371E+01 8.14685E-01
 -1      2854-1.23258E+00 4.50330E+01 8.34863E-01
 -1      2855-1.20172E+00 4.50229E+01 8.85315E-01
 -1      2856-1.16742E+00 4.50270E+01 8.65137E-01
 -1      2861-1.19860E+00 4.62854E+01 1.07622E+00
 -1      2862-1.23272E+00 4.62809E+01 1.09662E+00
 -1      2863-1.20140E+00 4.62700E+01 1.14662E+00
 -1      2864-1.16728E+00 4.62745E+01 1.12622E+00
 -1      2869-1.19888E+00 4.75294E+01 1.35884E+00
 -1      2870-1.23284E+00 4.75246E+01 1.37943E+00
 -1      2871-1.20112E+00 4.75130E+01 1.42902E+00
 -1      2872-1.16716E+00 4.75178E+01 1.40843E+00
 -1      2877-1.19908E+00 4.87700E+01 1.65759E+00
 -1      2878-1.23292E+00 4.87650E+01 1.67830E+00
 -1      2879-1.20092E+00 4.87529E+01 1.72761E+00
 -1      2880-1.16708E+00 4.87580E+01 1.70689E+00
 -1      2885-1.19416E+00 4.12560E+01 1.77225E+00
 -1      2886-1.23060E+00 4.12585E+01 1.78856E+00
 -1      2887-1.20584E+00 4.12670E+01 1.84256E+00
 -1      2888-1.16940E+00 4.12644E+01 1.82625E+00
 -1      2893-1.19409E+00 4.25154E+01 1.57098E+00
 -1      2894-1.23056E+00 4.25181E+01 1.58719E+00
 -1      2895-1.20591E+00 4.25271E+01 1.64115E+00
 -1      2896-1.16944E+00 4.25244E+01 1.62494E+00
 -1      2901-1.19399E+00 4.37714E+01 1.35360E+00
 -1      2902-1.23051E+00 4.37743E+01 1.36967E+00
 -1      2903-1.20601E+00 4.37841E+01 1.42356E+00
 -1      2904-1.16949E+00 4.37812E+01 1.40749E+00
 -1      2909-1.19388E+00 4.50230E+01 1.11516E+00
 -1      2910-1.23044E+00 4.50262E+01 1.13106E+00
 -1      2911-1.20612E+00 4.50370E+01 1.18484E+00
 -1      2912-1.16956E+00 4.50338E+01 1.16894E+00
 -1      2917-1.19377E+00 4.62701E+01 8.53886E-01
 -1      2918-1.23038E+00 4.62736E+01 8.69618E-01
 -1      2919-1.20623E+00 4.62853E+01 9.23278E-01
 -1      2920-1.16962E+00 4.62819E+01 9.07546E-01
 -1      2925-1.19368E+00 4.75131E+01 5.71502E-01
 -1      2926-1.23034E+00 4.75168E+01 5.87093E-01
 -1      2927-1.20632E+00 4.75293E+01 6.40630E-01
 -1      2928-1.16966E+00 4.75257E+01 6.25039E-01
 -1      2933-1.19363E+00 4.87531E+01 2.72930E-01
 -1      2934-1.23031E+00 4.87568E+01 2.88429E-01
 -1      2935-1.20637E+00 4.87699E+01 3.41875E-01
 -1      2936-1.16969E+00 4.87661E+01 3.26376E-01
 -1      2941 1.20243E+00 4.12670E+01 1.57055E-01
 -1      2942 1.16773E+00 4.12640E+01 1.76710E-01
 -1      2943 1.19757E+00 4.12559E+01 2.28140E-01
 -1      2944 1.23227E+00 4.12590E+01 2.08485E-01
 -1      2949 1.20227E+00 4.25271E+01 3.58438E-01
 -1      2950 1.16766E+00 4.25238E+01 3.78214E-01
 -1      2951 1.19773E+00 4.25153E+01 4.29430E-01
 -1      2952 1.23234E+00 4.25186E+01 4.09654E-01
 -1      2957 1.20202E+00 4.37842E+01 5.76000E-01
 -1      2958 1.16755E+00 4.37805E+01 5.95959E-01
 -1      2959 1.19798E+00 4.37713E+01 6.46836E-01
 -1      2960 1.23245E+00 4.37749E+01 6.26877E-01
 -1      2965 1.20172E+00 4.50371E+01 8.14685E-01
 -1      2966 1.16742E+00 4.50330E+01 8.34863E-01
 -1      2967 1.19828E+00 4.50229E+01 8.85315E-01
 -1      2968 1.23258E+00 4.50270E+01 8.65137E-01
 -1      2973 1.20140E+00 4.62854E+01 1.07622E+00
 -1      2974 1.16728E+00 4.62809E+01 1.09662E+00
 -1      2975 1.19860E+00 4.62700E+01 1.14662E+00
 -1      2976 1.23272E+00 4.62745E+01 1.12622E+00
 -1      2981 1.20112E+00 4.75294E+01 1.35884E+00
 -1      2982 1.16716E+00 4.75246E+01 1.37943E+00
 -1      2983 1.19888E+00 4.75130E+01 1.42902E+00
 -1      2984 1.23284E+00 4.75178E+01 1.40843E+00
 -1      2989 1.20092E+00 4.87700E+01 1.65759E+00
 -1      2990 1.16708E+00 4.87650E+01 1.67830E+00
 -1      2991 1.19908E+00 4.87529E+01 1.72761E+00
 -1      2992 1.23292E+00 4.87580E+01 1.70689E+00
 -1      2997 1.20584E+00 4.12560E+01 1.77225E+00
 -1      2998 1.16940E+00 4.12585E+01 1.78856E+00
 -1      2999 1.19416E+00 4.12670E+01 1.84256E+00
 -1      3000 1.23060E+00 4.12644E+01 1.82625E+00
 -1      3005 1.20591E+00 4.25154E+01 1.57098E+00
 -1      3006 1.16944E+00 4.25181E+01 1.58719E+00
 -1      3007 1.19409E+00 4.25271E+01 1.64115E+00
 -1      3008 1.23056E+00 4.25244E+01 1.62494E+00
 -1      3013 1.20601E+00 4.37714E+01 1.35360E+00
 -1      3014 1.16949E+00 4.37743E+01 1.36967E+00
 -1      3015 1.19399E+00 4.37841E+01 1.42356E+00
 -1      3016 1.23051E+00 4.37812E+01 1.40749E+00
 -1      3021 1.20612E+00 4.50230E+01 1.11516E+00
 -1      3022 1.16956E+00 4.50262E+01 1.13106E+00
 -1      3023 1.19388E+00 4.50370E+01 1.18484E+00
 -1      3024 1.23044E+00 4.50338E+01 1.16894E+00
 -1      3029 1.20623E+00 4.62701E+01 8.53886E-01
 -1      3030 1.16962E+00 4.62736E+01 8.69618E-01
 -1      3031 1.19377E+00 4.62853E+01 9.23278E-01
 -1      3032 1.23038E+00 4.62819E+01 9.07546E-01
 -1      3037 1.20632E+00 4.75131E+01 5.71502E-01
 -1      3038 1.16966E+00 4.75168E+01 5.87093E-01
 -1      3039 1.19368E+00 4.75293E+01 6.40630E-01
 -1      3040 1.23034E+00 4.75257E+01 6.25039E-01
 -1      3045 1.20637E+00 4.87531E+01 2.72930E-01
 -1      3046 1.16969E+00 4.87568E+01 2.88429E-01
 -1      3047 1.19363E+00 4.87699E+01 3.41875E-01
 -1      3048 1.23031E+00 4.87661E+01 3.26376E-01
 -1      3053-8.31704E-01 4.12331E+01-3.42295E-02
 -1      3054-8.68791E-01 4.12437E+01-2.36225E-02
 -1      3055-8.53491E-01 4.12393E+01 3.42295E-02
 -1      3056-8.16404E-01 4.12287E+01 2.36225E-02
 -1      3061-4.83271E-01 4.24716E+01-3.43179E-02
 -1      3062-5.20380E-01 4.24818E+01-2.34066E-02
 -1      3063-5.04597E-01 4.24775E+01 3.43179E-02
 -1      3064-4.67488E-01 4.24673E+01 2.34066E-02
 -1      3069-1.51102E-01 4.37141E+01-3.44451E-02
 -1      3070-1.88233E-01 4.37237E+01-2.30837E-02
 -1      3071-1.71734E-01 4.37194E+01 3.44451E-02
 -1      3072-1.34603E-01 4.37098E+01 2.30837E-02
 -1      3077 1.59903E-01 4.49616E+01-3.45874E-02
 -1      3078 1.22764E-01 4.49705E+01-2.27035E-02
 -1      3079 1.40097E-01 4.49664E+01 3.45874E-02
 -1      3080 1.77236E-01 4.49575E+01 2.27035E-02
 -1      3085 4.48070E-01 4.62146E+01-3.47212E-02
 -1      3086 4.10939E-01 4.62229E+01-2.23246E-02
 -1      3087 4.29094E-01 4.62188E+01 3.47212E-02
 -1      3088 4.66225E-01 4.62106E+01 2.23246E-02
 -1      3093 7.15201E-01 4.74727E+01-3.48283E-02
 -1      3094 6.78091E-01 4.74803E+01-2.20050E-02
 -1      3095 6.96931E-01 4.74764E+01 3.48283E-02
 -1      3096 7.34041E-01 4.74688E+01 2.20050E-02
 -1      3101 9.66302E-01 4.87345E+01-3.48965E-02
 -1      3102 9.29212E-01 4.87417E+01-2.17923E-02
 -1      3103 9.48503E-01 4.87380E+01 3.48965E-02
 -1      3104 9.85593E-01 4.87307E+01 2.17923E-02
 -1      3109 8.42124E-01 4.12361E+01-3.60521E-02
 -1      3110 8.10413E-01 4.12270E+01-1.34113E-02
 -1      3111 8.43071E-01 4.12364E+01 3.60521E-02
 -1      3112 8.74781E-01 4.12454E+01 1.34113E-02
 -1      3117 4.93597E-01 4.24745E+01-3.60538E-02
 -1      3118 4.61712E-01 4.24657E+01-1.35445E-02
 -1      3119 4.94271E-01 4.24746E+01 3.60538E-02
 -1      3120 5.26156E-01 4.24834E+01 1.35445E-02
 -1      3125 1.61293E-01 4.37167E+01-3.60553E-02
 -1      3126 1.29148E-01 4.37084E+01-1.37478E-02
 -1      3127 1.61544E-01 4.37168E+01 3.60553E-02
 -1      3128 1.93688E-01 4.37251E+01 1.37478E-02
 -1      3133-1.49867E-01 4.49640E+01-3.60553E-02
 -1      3134-1.82312E-01 4.49562E+01-1.39935E-02
 -1      3135-1.50133E-01 4.49640E+01 3.60553E-02
 -1      3136-1.17688E-01 4.49718E+01 1.39935E-02
 -1      3141-4.38181E-01 4.62168E+01-3.60532E-02
 -1      3142-4.70920E-01 4.62096E+01-1.42455E-02
 -1      3143-4.38983E-01 4.62167E+01 3.60532E-02
 -1      3144-4.06244E-01 4.62239E+01 1.42455E-02
 -1      3149-7.05431E-01 4.74747E+01-3.60497E-02
 -1      3150-7.38414E-01 4.74679E+01-1.44640E-02
 -1      3151-7.06701E-01 4.74744E+01 3.60497E-02
 -1      3152-6.73718E-01 4.74812E+01 1.44640E-02
 -1      3157-9.56607E-01 4.87364E+01-3.60464E-02
 -1      3158-9.89751E-01 4.87299E+01-1.46123E-02
 -1      3159-9.58198E-01 4.87361E+01 3.60464E-02
 -1      3160-9.25054E-01 4.87425E+01 1.46123E-02
 -1      3165-8.31704E-01 4.12331E+01 1.96577E+00
 -1      3166-8.68791E-01 4.12437E+01 1.97638E+00
 -1      3167-8.53491E-01 4.12393E+01 2.03423E+00
 -1      3168-8.16404E-01 4.12287E+01 2.02362E+00
 -1      3173-4.83271E-01 4.24716E+01 1.96568E+00
 -1      3174-5.20380E-01 4.24818E+01 1.97659E+00
 -1      3175-5.04597E-01 4.24775E+01 2.03432E+00
 -1      3176-4.67488E-01 4.24673E+01 2.02341E+00
 -1      3181-1.51102E-01 4.37141E+01 1.96555E+00
 -1      3182-1.88233E-01 4.37237E+01 1.97692E+00
 -1      3183-1.71734E-01 4.37194E+01 2.03445E+00
 -1      3184-1.34603E-01 4.37098E+01 2.02308E+00
 -1      3189 1.59903E-01 4.49616E+01 1.96541E+00
 -1      3190 1.22764E-01 4.49705E+01 1.97730E+00
 -1      3191 1.40097E-01 4.49664E+01 2.03459E+00
 -1      3192 1.77236E-01 4.49575E+01 2.02270E+00
 -1      3197 4.48070E-01 4.62146E+01 1.96528E+00
 -1      3198 4.10939E-01 4.62229E+01 1.97768E+00
 -1      3199 4.29094E-01 4.62188E+01 2.03472E+00
 -1      3200 4.66225E-01 4.62106E+01 2.02232E+00
 -1      3205 7.15201E-01 4.74727E+01 1.96517E+00
 -1      3206 6.78091E-01 4.74803E+01 1.97800E+00
 -1      3207 6.96931E-01 4.74764E+01 2.03483E+00
 -1      3208 7.34041E-01 4.74688E+01 2.02200E+00
 -1      3213 9.66302E-01 4.87345E+01 1.96510E+00
 -1      3214 9.29212E-01 4.87417E+01 1.97821E+00
 -1      3215 9.48503E-01 4.87380E+01 2.03490E+00
 -1      3216 9.85593E-01 4.87307E+01 2.02179E+00
 -1      3221 8.42124E-01 4.12361E+01 1.96395E+00
 -1      3222 8.10413E-01 4.12270E+01 1.98659E+00
 -1      3223 8.43071E-01 4.12364E+01 2.03605E+00
 -1      3224 8.74781E-01 4.12454E+01 2.01341E+00
 -1      3229 4.93597E-01 4.24745E+01 1.96395E+00
 -1      3230 4.61712E-01 4.24657E+01 1.98646E+00
 -1      3231 4.94271E-01 4.24746E+01 2.03605E+00
 -1      3232 5.26156E-01 4.24834E+01 2.01354E+00
 -1      3237 1.61293E-01 4.37167E+01 1.96394E+00
 -1      3238 1.29148E-01 4.37084E+01 1.98625E+00
 -1      3239 1.61544E-01 4.37168E+01 2.03606E+00
 -1      3240 1.93688E-01 4.37251E+01 2.01375E+00
 -1      3245-1.49867E-01 4.49640E+01 1.96394E+00
 -1      3246-1.82312E-01 4.49562E+01 1.98601E+00
 -1      3247-1.50133E-01 4.49640E+01 2.03606E+00
 -1      3248-1.17688E-01 4.49718E+01 2.01399E+00
 -1      3253-4.38181E-01 4.62168E+01 1.96395E+00
 -1      3254-4.70920E-01 4.62096E+01 1.98575E+00
 -1      3255-4.38983E-01 4.62167E+01 2.03605E+00
 -1      3256-4.06244E-01 4.62239E+01 2.01425E+00
 -1      3261-7.05431E-01 4.74747E+01 1.96395E+00
 -1      3262-7.38414E-01 4.74679E+01 1.98554E+00
 -1      3263-7.06701E-01 4.74744E+01 2.03605E+00
 -1      3264-6.73718E-01 4.74812E+01 2.01446E+00
 -1      3269-9.56607E-01 4.87364E+01 1.96395E+00
 -1      3270-9.89751E-01 4.87299E+01 1.98539E+00
 -1      3271-9.58198E-01 4.87361E+01 2.03605E+00
 -1      3272-9.25054E-01 4.87425E+01 2.01461E+00
 -3
    3C                           312                                     1
 -1         1    1    0    1
 -2       253      1453      1454       254       256      1456      1455       255
 -1         2    1    0    1
 -2      1453       453       454      1454      1456       456       455      1455
 -1         3    1    0    1
 -2       303      1461      1462       304       306      1464      1463       305
 -1         4    1    0    1
 -2      1461       503       504      1462      1464       506       505      1463
 -1         5    1    0    1
 -2       353      1469      1470       354       356      1472      1471       355
 -1         6    1    0    1
 -2      1469       553       554      1470      1472       556       555      1471
 -1         7    1    0    1
 -2       403      1477      1478       404       406      1480      1479       405
 -1         8    1    0    1
 -2      1477       603       604      1478      1480       606       605      1479
 -1         9    1    0    1
 -2       453      1485      1486       454       456      1488      1487       455
 -1        10    1    0    1
 -2      1485       653       654      1486      1488       656       655      1487
 -1        11    1    0    1
 -2       503      1493      1494       504       506      1496      1495       505
 -1        12    1    0    1
 -2      1493       703       704      1494      1496       706       705      1495
 -1        13    1    0    1
 -2       553      1501      1502       554       556      1504      1503       555
 -1        14    1    0    1
 -2      1501       753       754      1502      1504       756       755      1503
 -1        15    1    0    1
 -2       603      1509      1510       604       606      1512      1511       605
 -1        16    1    0    1
 -2      1509       803       804      1510      1512       806       805      1511
 -1        17    1    0    1
 -2       653      1517      1518       654       656      1520      1519       655
 -1        18    1    0    1
 -2      1517       853       854      1518      1520       856       855      1519
 -1        19    1    0    1
 -2       703      1525      1526       704       706      1528      1527       705
 -1        20    1    0    1
 -2      1525       903       904      1526      1528       906       905      1527
 -1        21    1    0    1
 -2       753      1533      1534       754       756      1536      1535       755
 -1        22    1    0    1
 -2      1533       953       954      1534      1536       956       955      1535
 -1        23    1    0    1
 -2       803      1541      1542       804       806      1544      1543       805
 -1        24    1    0    1
 -2      1541      1003      1004      1542      1544      1006      1005      1543
 -1        25    1    0    1
 -2       853      1549      1550       854       856      1552      1551       855
 -1        26    1    0    1
 -2      1549      1053      1054      1550      1552      1056      1055      1551
 -1        27    1    0    1
 -2       903      1557      1558       904       906      1560      1559       905
 -1        28    1    0    1
 -2      1557      1103      1104      1558      1560      1106      1105      1559
 -1        29    1    0    1
 -2       953      1565      1566       954       956      1568      1567       955
 -1        30    1    0    1
 -2      1565      1153      1154      1566      1568      1156      1155      1567
 -1        31    1    0    1
 -2      1003      1573      1574      1004      1006      1576      1575      1005
 -1        32    1    0    1
 -2      1573      1203      1204      1574      1576      1206      1205      1575
 -1        33    1    0    1
 -2      1053      1581      1582      1054      1056      1584      1583      1055
 -1        34    1    0    1
 -2      1581      1253      1254      1582      1584      1256      1255      1583
 -1        35    1    0    1
 -2      1103      1589      1590      1104      1106      1592      1591      1105
 -1        36    1    0    1
 -2      1589      1303      1304      1590      1592      1306      1305      1591
 -1        37    1    0    1
 -2      1153      1597      1598      1154      1156      1600      1599      1155
 -1        38    1    0    1
 -2      1597      1353      1354      1598      1600      1356      1355      1599
 -1        39    1    0    1
 -2      1203      1605      1606      1204      1206      1608      1607      1205
 -1        40    1    0    1
 -2      1605      1403      1404      1606      1608      1406      1405      1607
 -1        41    1    0    1
 -2       261      1613      1614       262       264      1616      1615       263
 -1        42    1    0    1
 -2      1613       311       312      1614      1616       314       313      1615
 -1        43    1    0    1
 -2       361      1621      1622       362       364      1624      1623       363
 -1        44    1    0    1
 -2      1621       411       412      1622      1624       414       413      1623
 -1        45    1    0    1
 -2       269      1629      1630       270       272      1632      1631       271
 -1        46    1    0    1
 -2      1629       369       370      1630      1632       372       371      1631
 -1        47    1    0    1
 -2       319      1637      1638       320       322      1640      1639       321
 -1        48    1    0    1
 -2      1637       419       420      1638      1640       422       421      1639
 -1        49    1    0    1
 -2       461      1645      1646       462       464      1648      1647       463
 -1        50    1    0    1
 -2      1645       511       512      1646      1648       514       513      1647
 -1        51    1    0    1
 -2       561      1653      1654       562       564      1656      1655       563
 -1        52    1    0    1
 -2      1653       611       612      1654      1656       614       613      1655
 -1        53    1    0    1
 -2       469      1661      1662       470       472      1664      1663       471
 -1        54    1    0    1
 -2      1661       569       570      1662      1664       572       571      1663
 -1        55    1    0    1
 -2       519      1669      1670       520       522      1672      1671       521
 -1        56    1    0    1
 -2      1669       619       620      1670      1672       622       621      1671
 -1        57    1    0    1
 -2       661      1677      1678       662       664      1680      1679       663
 -1        58    1    0    1
 -2      1677      1685      1686      1678      1680      1688      1687      1679
 -1        59    1    0    1
 -2      1685      1693      1694      1686      1688      1696      1695      1687
 -1        60    1    0    1
 -2      1693       711       712      1694      1696       714       713      1695
 -1        61    1    0    1
 -2       761      1701      1702       762       764      1704      1703       763
 -1        62    1    0    1
 -2      1701      1709      1710      1702      1704      1712      1711      1703
 -1        63    1    0    1
 -2      1709      1717      1718      1710      1712      1720      1719      1711
 -1        64    1    0    1
 -2      1717       811       812      1718      1720       814       813      1719
 -1        65    1    0    1
 -2       669      1725      1726       670       672      1728      1727       671
 -1        66    1    0    1
 -2      1725      1733      1734      1726      1728      1736      1735      1727
 -1        67    1    0    1
 -2      1733      1741      1742      1734      1736      1744      1743      1735
 -1        68    1    0    1
 -2      1741       769       770      1742      1744       772       771      1743
 -1        69    1    0    1
 -2       719      1749      1750       720       722      1752      1751       721
 -1        70    1    0    1
 -2      1749      1757      1758      1750      1752      1760      1759      1751
 -1        71    1    0    1
 -2      1757      1765      1766      1758      1760      1768      1767      1759
 -1        72    1    0    1
 -2      1765       819       820      1766      1768       822       821      1767
 -1        73    1    0    1
 -2       861      1773      1774       862       864      1776      1775       863
 -1        74    1    0    1
 -2      1773      1781      1782      1774      1776      1784      1783      1775
 -1        75    1    0    1
 -2      1781      1789      1790      1782      1784      1792      1791      1783
 -1        76    1    0    1
 -2      1789      1797      1798      1790      1792      1800      1799      1791
 -1        77    1    0    1
 -2      1797      1805      1806      1798      1800      1808      1807      1799
 -1        78    1    0    1
 -2      1805      1813      1814      1806      1808      1816      1815      1807
 -1        79    1    0    1
 -2      1813      1821      1822      1814      1816      1824      1823      1815
 -1        80    1    0    1
 -2      1821       911       912      1822      1824       914       913      1823
 -1        81    1    0    1
 -2       961      1829      1830       962       964      1832      1831       963
 -1        82    1    0    1
 -2      1829      1837      1838      1830      1832      1840      1839      1831
 -1        83    1    0    1
 -2      1837      1845      1846      1838      1840      1848      1847      1839
 -1        84    1    0    1
 -2      1845      1853      1854      1846      1848      1856      1855      1847
 -1        85    1    0    1
 -2      1853      1861      1862      1854      1856      1864      1863      1855
 -1        86    1    0    1
 -2      1861      1869      1870      1862      1864      1872      1871      1863
 -1        87    1    0    1
 -2      1869      1877      1878      1870      1872      1880      1879      1871
 -1        88    1    0    1
 -2      1877      1011      1012      1878      1880      1014      1013      1879
 -1        89    1    0    1
 -2       869      1885      1886       870       872      1888      1887       871
 -1        90    1    0    1
 -2      1885      1893      1894      1886      1888      1896      1895      1887
 -1        91    1    0    1
 -2      1893      1901      1902      1894      1896      1904      1903      1895
 -1        92    1    0    1
 -2      1901      1909      1910      1902      1904      1912      1911      1903
 -1        93    1    0    1
 -2      1909      1917      1918      1910      1912      1920      1919      1911
 -1        94    1    0    1
 -2      1917      1925      1926      1918      1920      1928      1927      1919
 -1        95    1    0    1
 -2      1925      1933      1934      1926      1928      1936      1935      1927
 -1        96    1    0    1
 -2      1933       969       970      1934      1936       972       971      1935
 -1        97    1    0    1
 -2       919      1941      1942       920       922      1944      1943       921
 -1        98    1    0    1
 -2      1941      1949      1950      1942      1944      1952      1951      1943
 -1        99    1    0    1
 -2      1949      1957      1958      1950      1952      1960      1959      1951
 -1       100    1    0    1
 -2      1957      1965      1966      1958      1960      1968      1967      1959
 -1       101    1    0    1
 -2      1965      1973      1974      1966      1968      1976      1975      1967
 -1       102    1    0    1
 -2      1973      1981      1982      1974      1976      1984      1983      1975
 -1       103    1    0    1
 -2      1981      1989      1990      1982      1984      1992      1991      1983
 -1       104    1    0    1
 -2      1989      1019      1020      1990      1992      1022      1021      1991
 -1       105    1    0    1
 -2      1061      1997      1998      1062      1064      2000      1999      1063
 -1       106    1    0    1
 -2      1997      1111      1112      1998      2000      1114      1113      1999
 -1       107    1    0    1
 -2      1161      2005      2006      1162      1164      2008      2007      1163
 -1       108    1    0    1
 -2      2005      1211      1212      2006      2008      1214      1213      2007
 -1       109    1    0    1
 -2      1069      2013      2014      1070      1072      2016      2015      1071
 -1       110    1    0    1
 -2      2013      1169      1170      2014      2016      1172      1171      2015
 -1       111    1    0    1
 -2      1119      2021      2022      1120      1122      2024      2023      1121
 -1       112    1    0    1
 -2      2021      1219      1220      2022      2024      1222      1221      2023
 -1       113    1    0    1
 -2      1261      2029      2030      1262      1264      2032      2031      1263
 -1       114    1    0    1
 -2      2029      1311      1312      2030      2032      1314      1313      2031
 -1       115    1    0    1
 -2      1361      2037      2038      1362      1364      2040      2039      1363
 -1       116    1    0    1
 -2      2037      1411      1412      2038      2040      1414      1413      2039
 -1       117    1    0    1
 -2      1269      2045      2046      1270      1272      2048      2047      1271
 -1       118    1    0    1
 -2      2045      1369      1370      2046      2048      1372      1371      2047
 -1       119    1    0    1
 -2      1319      2053      2054      1320      1322      2056      2055      1321
 -1       120    1    0    1
 -2      2053      1419      1420      2054      2056      1422      1421      2055
 -1       121    1    0    1
 -2       253      2061      2062       254       256      2064      2063       255
 -1       122    1    0    1
 -2      2061       553       554      2062      2064       556       555      2063
 -1       123    1    0    1
 -2       353      2069      2070       354       356      2072      2071       355
 -1       124    1    0    1
 -2      2069       453       454      2070      2072       456       455      2071
 -1       125    1    0    1
 -2       303      2077      2078       304       306      2080      2079       305
 -1       126    1    0    1
 -2      2077       603       604      2078      2080       606       605      2079
 -1       127    1    0    1
 -2       403      2085      2086       404       406      2088      2087       405
 -1       128    1    0    1
 -2      2085       503       504      2086      2088       506       505      2087
 -1       129    1    0    1
 -2       253      2093      2094       254       256      2096      2095       255
 -1       130    1    0    1
 -2      2093       503       504      2094      2096       506       505      2095
 -1       131    1    0    1
 -2       303      2101      2102       304       306      2104      2103       305
 -1       132    1    0    1
 -2      2101       453       454      2102      2104       456       455      2103
 -1       133    1    0    1
 -2       353      2109      2110       354       356      2112      2111       355
 -1       134    1    0    1
 -2      2109       603       604      2110      2112       606       605      2111
 -1       135    1    0    1
 -2       403      2117      2118       404       406      2120      2119       405
 -1       136    1    0    1
 -2      2117       553       554      2118      2120       556       555      2119
 -1       137    1    0    1
 -2       453      2125      2126       454       456      2128      2127       455
 -1       138    1    0    1
 -2      2125       753       754      2126      2128       756       755      2127
 -1       139    1    0    1
 -2       553      2133      2134       554       556      2136      2135       555
 -1       140    1    0    1
 -2      2133       653       654      2134      2136       656       655      2135
 -1       141    1    0    1
 -2       503      2141      2142       504       506      2144      2143       505
 -1       142    1    0    1
 -2      2141       803       804      2142      2144       806       805      2143
 -1       143    1    0    1
 -2       603      2149      2150       604       606      2152      2151       605
 -1       144    1    0    1
 -2      2149       703       704      2150      2152       706       705      2151
 -1       145    1    0    1
 -2       453      2157      2158       454       456      2160      2159       455
 -1       146    1    0    1
 -2      2157       703       704      2158      2160       706       705      2159
 -1       147    1    0    1
 -2       503      2165      2166       504       506      2168      2167       505
 -1       148    1    0    1
 -2      2165       653       654      2166      2168       656       655      2167
 -1       149    1    0    1
 -2       553      2173      2174       554       556      2176      2175       555
 -1       150    1    0    1
 -2      2173       803       804      2174      2176       806       805      2175
 -1       151    1    0    1
 -2       603      2181      2182       604       606      2184      2183       605
 -1       152    1    0    1
 -2      2181       753       754      2182      2184       756       755      2183
 -1       153    1    0    1
 -2       653      2189      2190       654       656      2192      2191       655
 -1       154    1    0    1
 -2      2189      2197      2198      2190      2192      2200      2199      2191
 -1       155    1    0    1
 -2      2197      2205      2206      2198      2200      2208      2207      2199
 -1       156    1    0    1
 -2      2205      2213      2214      2206      2208      2216      2215      2207
 -1       157    1    0    1
 -2      2213      2221      2222      2214      2216      2224      2223      2215
 -1       158    1    0    1
 -2      2221      2229      2230      2222      2224      2232      2231      2223
 -1       159    1    0    1
 -2      2229      2237      2238      2230      2232      2240      2239      2231
 -1       160    1    0    1
 -2      2237       953       954      2238      2240       956       955      2239
 -1       161    1    0    1
 -2       753      2245      2246       754       756      2248      2247       755
 -1       162    1    0    1
 -2      2245      2253      2254      2246      2248      2256      2255      2247
 -1       163    1    0    1
 -2      2253      2261      2262      2254      2256      2264      2263      2255
 -1       164    1    0    1
 -2      2261      2269      2270      2262      2264      2272      2271      2263
 -1       165    1    0    1
 -2      2269      2277      2278      2270      2272      2280      2279      2271
 -1       166    1    0    1
 -2      2277      2285      2286      2278      2280      2288      2287      2279
 -1       167    1    0    1
 -2      2285      2293      2294      2286      2288      2296      2295      2287
 -1       168    1    0    1
 -2      2293       853       854      2294      2296       856       855      2295
 -1       169    1    0    1
 -2       703      2301      2302       704       706      2304      2303       705
 -1       170    1    0    1
 -2      2301      2309      2310      2302      2304      2312      2311      2303
 -1       171    1    0    1
 -2      2309      2317      2318      2310      2312      2320      2319      2311
 -1       172    1    0    1
 -2      2317      2325      2326      2318      2320      2328      2327      2319
 -1       173    1    0    1
 -2      2325      2333      2334      2326      2328      2336      2335      2327
 -1       174    1    0    1
 -2      2333      2341      2342      2334      2336      2344      2343      2335
 -1       175    1    0    1
 -2      2341      2349      2350      2342      2344      2352      2351      2343
 -1       176    1    0    1
 -2      2349      1003      1004      2350      2352      1006      1005      2351
 -1       177    1    0    1
 -2       803      2357      2358       804       806      2360      2359       805
 -1       178    1    0    1
 -2      2357      2365      2366      2358      2360      2368      2367      2359
 -1       179    1    0    1
 -2      2365      2373      2374      2366      2368      2376      2375      2367
 -1       180    1    0    1
 -2      2373      2381      2382      2374      2376      2384      2383      2375
 -1       181    1    0    1
 -2      2381      2389      2390      2382      2384      2392      2391      2383
 -1       182    1    0    1
 -2      2389      2397      2398      2390      2392      2400      2399      2391
 -1       183    1    0    1
 -2      2397      2405      2406      2398      2400      2408      2407      2399
 -1       184    1    0    1
 -2      2405       903       904      2406      2408       906       905      2407
 -1       185    1    0    1
 -2       653      2413      2414       654       656      2416      2415       655
 -1       186    1    0    1
 -2      2413      2421      2422      2414      2416      2424      2423      2415
 -1       187    1    0    1
 -2      2421      2429      2430      2422      2424      2432      2431      2423
 -1       188    1    0    1
 -2      2429      2437      2438      2430      2432      2440      2439      2431
 -1       189    1    0    1
 -2      2437      2445      2446      2438      2440      2448      2447      2439
 -1       190    1    0    1
 -2      2445      2453      2454      2446      2448      2456      2455      2447
 -1       191    1    0    1
 -2      2453      2461      2462      2454      2456      2464      2463      2455
 -1       192    1    0    1
 -2      2461       903       904      2462      2464       906       905      2463
 -1       193    1    0    1
 -2       703      2469      2470       704       706      2472      2471       705
 -1       194    1    0    1
 -2      2469      2477      2478      2470      2472      2480      2479      2471
 -1       195    1    0    1
 -2      2477      2485      2486      2478      2480      2488      2487      2479
 -1       196    1    0    1
 -2      2485      2493      2494      2486      2488      2496      2495      2487
 -1       197    1    0    1
 -2      2493      2501      2502      2494      2496      2504      2503      2495
 -1       198    1    0    1
 -2      2501      2509      2510      2502      2504      2512      2511      2503
 -1       199    1    0    1
 -2      2509      2517      2518      2510      2512      2520      2519      2511
 -1       200    1    0    1
 -2      2517       853       854      2518      2520       856       855      2519
 -1       201    1    0    1
 -2       753      2525      2526       754       756      2528      2527       755
 -1       202    1    0    1
 -2      2525      2533      2534      2526      2528      2536      2535      2527
 -1       203    1    0    1
 -2      2533      2541      2542      2534      2536      2544      2543      2535
 -1       204    1    0    1
 -2      2541      2549      2550      2542      2544      2552      2551      2543
 -1       205    1    0    1
 -2      2549      2557      2558      2550      2552      2560      2559      2551
 -1       206    1    0    1
 -2      2557      2565      2566      2558      2560      2568      2567      2559
 -1       207    1    0    1
 -2      2565      2573      2574      2566      2568      2576      2575      2567
 -1       208    1    0    1
 -2      2573      1003      1004      2574      2576      1006      1005      2575
 -1       209    1    0    1
 -2       803      2581      2582       804       806      2584      2583       805
 -1       210    1    0    1
 -2      2581      2589      2590      2582      2584      2592      2591      2583
 -1       211    1    0    1
 -2      2589      2597      2598      2590      2592      2600      2599      2591
 -1       212    1    0    1
 -2      2597      2605      2606      2598      2600      2608      2607      2599
 -1       213    1    0    1
 -2      2605      2613      2614      2606      2608      2616      2615      2607
 -1       214    1    0    1
 -2      2613      2621      2622      2614      2616      2624      2623      2615
 -1       215    1    0    1
 -2      2621      2629      2630      2622      2624      2632      2631      2623
 -1       216    1    0    1
 -2      2629       953       954      2630      2632       956       955      2631
 -1       217    1    0    1
 -2       853      2637      2638       854       856      2640      2639       855
 -1       218    1    0    1
 -2      2637      2645      2646      2638      2640      2648      2647      2639
 -1       219    1    0    1
 -2      2645      2653      2654      2646      2648      2656      2655      2647
 -1       220    1    0    1
 -2      2653      1153      1154      2654      2656      1156      1155      2655
 -1       221    1    0    1
 -2       953      2661      2662       954       956      2664      2663       955
 -1       222    1    0    1
 -2      2661      2669      2670      2662      2664      2672      2671      2663
 -1       223    1    0    1
 -2      2669      2677      2678      2670      2672      2680      2679      2671
 -1       224    1    0    1
 -2      2677      1053      1054      2678      2680      1056      1055      2679
 -1       225    1    0    1
 -2       903      2685      2686       904       906      2688      2687       905
 -1       226    1    0    1
 -2      2685      2693      2694      2686      2688      2696      2695      2687
 -1       227    1    0    1
 -2      2693      2701      2702      2694      2696      2704      2703      2695
 -1       228    1    0    1
 -2      2701      1203      1204      2702      2704      1206      1205      2703
 -1       229    1    0    1
 -2      1003      2709      2710      1004      1006      2712      2711      1005
 -1       230    1    0    1
 -2      2709      2717      2718      2710      2712      2720      2719      2711
 -1       231    1    0    1
 -2      2717      2725      2726      2718      2720      2728      2727      2719
 -1       232    1    0    1
 -2      2725      1103      1104      2726      2728      1106      1105      2727
 -1       233    1    0    1
 -2       853      2733      2734       854       856      2736      2735       855
 -1       234    1    0    1
 -2      2733      2741      2742      2734      2736      2744      2743      2735
 -1       235    1    0    1
 -2      2741      2749      2750      2742      2744      2752      2751      2743
 -1       236    1    0    1
 -2      2749      1103      1104      2750      2752      1106      1105      2751
 -1       237    1    0    1
 -2       903      2757      2758       904       906      2760      2759       905
 -1       238    1    0    1
 -2      2757      2765      2766      2758      2760      2768      2767      2759
 -1       239    1    0    1
 -2      2765      2773      2774      2766      2768      2776      2775      2767
 -1       240    1    0    1
 -2      2773      1053      1054      2774      2776      1056      1055      2775
 -1       241    1    0    1
 -2       953      2781      2782       954       956      2784      2783       955
 -1       242    1    0    1
 -2      2781      2789      2790      2782      2784      2792      2791      2783
 -1       243    1    0    1
 -2      2789      2797      2798      2790      2792      2800      2799      2791
 -1       244    1    0    1
 -2      2797      1203      1204      2798      2800      1206      1205      2799
 -1       245    1    0    1
 -2      1003      2805      2806      1004      1006      2808      2807      1005
 -1       246    1    0    1
 -2      2805      2813      2814      2806      2808      2816      2815      2807
 -1       247    1    0    1
 -2      2813      2821      2822      2814      2816      2824      2823      2815
 -1       248    1    0    1
 -2      2821      1153      1154      2822      2824      1156      1155      2823
 -1       249    1    0    1
 -2      1053      2829      2830      1054      1056      2832      2831      1055
 -1       250    1    0    1
 -2      2829      2837      2838      2830      2832      2840      2839      2831
 -1       251    1    0    1
 -2      2837      2845      2846      2838      2840      2848      2847      2839
 -1       252    1    0    1
 -2      2845      2853      2854      2846      2848      2856      2855      2847
 -1       253    1    0    1
 -2      2853      2861      2862      2854      2856      2864      2863      2855
 -1       254    1    0    1
 -2      2861      2869      2870      2862      2864      2872      2871      2863
 -1       255    1    0    1
 -2      2869      2877      2878      2870      2872      2880      2879      2871
 -1       256    1    0    1
 -2      2877      1353      1354      2878      2880      1356      1355      2879
 -1       257    1    0    1
 -2      1153      2885      2886      1154      1156      2888      2887      1155
 -1       258    1    0    1
 -2      2885      2893      2894      2886      2888      2896      2895      2887
 -1       259    1    0    1
 -2      2893      2901      2902      2894      2896      2904      2903      2895
 -1       260    1    0    1
 -2      2901      2909      2910      2902      2904      2912      2911      2903
 -1       261    1    0    1
 -2      2909      2917      2918      2910      2912      2920      2919      2911
 -1       262    1    0    1
 -2      2917      2925      2926      2918      2920      2928      2927      2919
 -1       263    1    0    1
 -2      2925      2933      2934      2926      2928      2936      2935      2927
 -1       264    1    0    1
 -2      2933      1253      1254      2934      2936      1256      1255      2935
 -1       265    1    0    1
 -2      1103      2941      2942      1104      1106      2944      2943      1105
 -1       266    1    0    1
 -2      2941      2949      2950      2942      2944      2952      2951      2943
 -1       267    1    0    1
 -2      2949      2957      2958      2950      2952      2960      2959      2951
 -1       268    1    0    1
 -2      2957      2965      2966      2958      2960      2968      2967      2959
 -1       269    1    0    1
 -2      2965      2973      2974      2966      2968      2976      2975      2967
 -1       270    1    0    1
 -2      2973      2981      2982      2974      2976      2984      2983      2975
 -1       271    1    0    1
 -2      2981      2989      2990      2982      2984      2992      2991      2983
 -1       272    1    0    1
 -2      2989      1403      1404      2990      2992      1406      1405      2991
 -1       273    1    0    1
 -2      1203      2997      2998      1204      1206      3000      2999      1205
 -1       274    1    0    1
 -2      2997      3005      3006      2998      3000      3008      3007      2999
 -1       275    1    0    1
 -2      3005      3013      3014      3006      3008      3016      3015      3007
 -1       276    1    0    1
 -2      3013      3021      3022      3014      3016      3024      3023      3015
 -1       277    1    0    1
 -2      3021      3029      3030      3022      3024      3032      3031      3023
 -1       278    1    0    1
 -2      3029      3037      3038      3030      3032      3040      3039      3031
 -1       279    1    0    1
 -2      3037      3045      3046      3038      3040      3048      3047      3039
 -1       280    1    0    1
 -2      3045      1303      1304      3046      3048      1306      1305      3047
 -1       281    1    0    1
 -2      1053      3053      3054      1054      1056      3056      3055      1055
 -1       282    1    0    1
 -2      3053      3061      3062      3054      3056      3064      3063      3055
 -1       283    1    0    1
 -2      3061      3069      3070      3062      3064      3072      3071      3063
 -1       284    1    0    1
 -2      3069      3077      3078      3070      3072      3080      3079      3071
 -1       285    1    0    1
 -2      3077      3085      3086      3078      3080      3088      3087      3079
 -1       286    1    0    1
 -2      3085      3093      3094      3086      3088      3096      3095      3087
 -1       287    1    0    1
 -2      3093      3101      3102      3094      3096      3104      3103      3095
 -1       288    1    0    1
 -2      3101      1303      1304      3102      3104      1306      1305      3103
 -1       289    1    0    1
 -2      1103      3109      3110      1104      1106      3112      3111      1105
 -1       290    1    0    1
 -2      3109      3117      3118      3110      3112      3120      3119      3111
 -1       291    1    0    1
 -2      3117      3125      3126      3118      3120      3128      3127      3119
 -1       292    1    0    1
 -2      3125      3133      3134      3126      3128      3136      3135      3127
 -1       293    1    0    1
 -2      3133      3141      3142      3134      3136      3144      3143      3135
 -1       294    1    0    1
 -2      3141      3149      3150      3142      3144      3152      3151      3143
 -1       295    1    0    1
 -2      3149      3157      3158      3150      3152      3160      3159      3151
 -1       296    1    0    1
 -2      3157      1253      1254      3158      3160      1256      1255      3159
 -1       297    1    0    1
 -2      1153      3165      3166      1154      1156      3168      3167      1155
 -1       298    1    0    1
 -2      3165      3173      3174      3166      3168      3176      3175      3167
 -1       299    1    0    1
 -2      3173      3181      3182      3174      3176      3184      3183      3175
 -1       300    1    0    1
 -2      3181      3189      3190      3182      3184      3192      3191      3183
 -1       301    1    0    1
 -2      3189      3197      3198      3190      3192      3200      3199      3191
 -1       302    1    0    1
 -2      3197      3205      3206      3198      3200      3208      3207      3199
 -1       303    1    0    1
 -2      3205      3213      3214      3206      3208      3216      3215      3207
 -1       304    1    0    1
 -2      3213      1403      1404      3214      3216      1406      1405      3215
 -1       305    1    0    1
 -2      1203      3221      3222      1204      1206      3224      3223      1205
 -1       306    1    0    1
 -2      3221      3229      3230      3222      3224      3232      3231      3223
 -1       307    1    0    1
 -2      3229      3237      3238      3230      3232      3240      3239      3231
 -1       308    1    0    1
 -2      3237      3245      3246      3238      3240      3248      3247      3239
 -1       309    1    0    1
 -2      3245      3253      3254      3246      3248      3256      3255      3247
 -1       310    1    0    1
 -2      3253      3261      3262      3254      3256      3264      3263      3255
 -1       311    1    0    1
 -2      3261      3269      3270      3262      3264      3272      3271      3263
 -1       312    1    0    1
 -2      3269      1353      1354      3270      3272      1356      1355      3271
 -3
    1PSTEP                         1           1           1          
  100CL  101 1.000000000           0                     0    1           1
 -4  DISP        4    1
 -5  D1          1    2    1    0
 -5  D2          1    2    2    0
 -5  D3          1    2    3    0
 -5  ALL         1    2    0    0    1ALL
 -3
 9999
