    1C
    1UNormalized cross-passage space-truss torsion benchmark            
    1UUSER                                                              
    1UDATE              05.august.2026                                  
    1UTIME              18:18:11                                        
    1UHOST                                                              
    1UPGM               CalculiX                                        
    1UVERSION           Version 2.21                             
    1UCOMPILETIME       Sat Jul 29 10:52:01 CEST 2023                    
    1UDIR                                                               
    1UDBN                                                               
    1UMAT    1STEEL                                                     
    2C                          1216                                     1
 -1       257-1.19367E+00 6.68727E-04-3.54900E-02
 -1       258-1.23018E+00 3.53488E-03-1.94017E-02
 -1       259-1.20633E+00-6.68727E-04 3.54900E-02
 -1       260-1.16982E+00-3.53488E-03 1.94017E-02
 -1       265-1.20145E+00-3.41225E-02-1.15569E-02
 -1       266-1.20010E+00-2.46574E-03-3.59709E-02
 -1       267-1.19855E+00 3.41225E-02 1.15569E-02
 -1       268-1.19990E+00 2.46574E-03 3.59709E-02
 -1       273-1.23365E+00-1.29325E-02 5.48678E-04
 -1       274-1.20099E+00-3.60094E-02 1.52775E-03
 -1       275-1.16635E+00 1.29325E-02-5.48678E-04
 -1       276-1.19901E+00 3.60094E-02-1.52775E-03
 -1       307 1.20169E+00 2.55776E-03-3.59247E-02
 -1       308 1.16755E+00-2.01590E-03-1.55921E-02
 -1       309 1.19831E+00-2.55776E-03 3.59247E-02
 -1       310 1.23245E+00 2.01590E-03 1.55921E-02
 -1       315 1.20143E+00-3.37965E-02-1.24797E-02
 -1       316 1.20006E+00-1.48932E-03-3.60247E-02
 -1       317 1.19857E+00 3.37965E-02 1.24797E-02
 -1       318 1.19994E+00 1.48932E-03 3.60247E-02
 -1       323 1.16707E+00-1.46725E-02-6.22501E-04
 -1       324 1.20089E+00-3.60121E-02-1.52786E-03
 -1       325 1.23293E+00 1.46725E-02 6.22501E-04
 -1       326 1.19911E+00 3.60121E-02 1.52786E-03
 -1       357-1.19289E+00-3.02042E-03 1.96478E+00
 -1       358-1.22975E+00 1.44577E-03 1.97968E+00
 -1       359-1.20711E+00 3.02042E-03 2.03522E+00
 -1       360-1.17025E+00-1.44577E-03 2.02032E+00
 -1       365-1.19857E+00-3.37965E-02 1.98752E+00
 -1       366-1.19994E+00-1.48932E-03 1.96398E+00
 -1       367-1.20143E+00 3.37965E-02 2.01248E+00
 -1       368-1.20006E+00 1.48932E-03 2.03602E+00
 -1       373-1.23293E+00-1.46725E-02 1.99938E+00
 -1       374-1.19911E+00-3.60121E-02 1.99847E+00
 -1       375-1.16707E+00 1.46725E-02 2.00062E+00
 -1       376-1.20089E+00 3.60121E-02 2.00153E+00
 -1       407 1.20308E+00-9.89505E-04 1.96409E+00
 -1       408 1.16817E+00-3.58837E-03 1.98345E+00
 -1       409 1.19692E+00 9.89505E-04 2.03591E+00
 -1       410 1.23183E+00 3.58837E-03 2.01655E+00
 -1       415 1.19855E+00-3.41225E-02 1.98844E+00
 -1       416 1.19990E+00-2.46574E-03 1.96403E+00
 -1       417 1.20145E+00 3.41225E-02 2.01156E+00
 -1       418 1.20010E+00 2.46574E-03 2.03597E+00
 -1       423 1.16635E+00-1.29325E-02 2.00055E+00
 -1       424 1.19901E+00-3.60094E-02 2.00153E+00
 -1       425 1.23365E+00 1.29325E-02 1.99945E+00
 -1       426 1.20099E+00 3.60094E-02 1.99847E+00
 -1       457-1.19512E+00 9.99951E+00-3.57200E-02
 -1       458-1.23109E+00 1.00002E+01-1.82510E-02
 -1       459-1.20488E+00 1.00005E+01 3.57200E-02
 -1       460-1.16891E+00 9.99983E+00 1.82510E-02
 -1       465-1.20145E+00 9.96588E+00-1.15569E-02
 -1       466-1.20010E+00 9.99753E+00-3.59709E-02
 -1       467-1.19855E+00 1.00341E+01 1.15569E-02
 -1       468-1.19990E+00 1.00025E+01 3.59709E-02
 -1       473-1.23365E+00 9.98707E+00 5.48678E-04
 -1       474-1.20099E+00 9.96399E+00 1.52775E-03
 -1       475-1.16635E+00 1.00129E+01-5.48678E-04
 -1       476-1.19901E+00 1.00360E+01-1.52775E-03
 -1       507 1.20437E+00 9.99958E+00-3.57874E-02
 -1       508 1.16865E+00 9.99937E+00-1.77921E-02
 -1       509 1.19563E+00 1.00004E+01 3.57874E-02
 -1       510 1.23135E+00 1.00006E+01 1.77921E-02
 -1       515 1.20143E+00 9.96620E+00-1.24797E-02
 -1       516 1.20006E+00 9.99851E+00-3.60247E-02
 -1       517 1.19857E+00 1.00338E+01 1.24797E-02
 -1       518 1.19994E+00 1.00015E+01 3.60247E-02
 -1       523 1.16707E+00 9.98533E+00-6.22501E-04
 -1       524 1.20089E+00 9.96399E+00-1.52786E-03
 -1       525 1.23293E+00 1.00147E+01 6.22501E-04
 -1       526 1.19911E+00 1.00360E+01 1.52786E-03
 -1       557-1.19540E+00 1.00004E+01 1.96424E+00
 -1       558-1.23124E+00 1.00006E+01 1.98201E+00
 -1       559-1.20460E+00 9.99959E+00 2.03576E+00
 -1       560-1.16876E+00 9.99937E+00 2.01799E+00
 -1       565-1.19857E+00 9.96620E+00 1.98752E+00
 -1       566-1.19994E+00 9.99851E+00 1.96398E+00
 -1       567-1.20143E+00 1.00338E+01 2.01248E+00
 -1       568-1.20006E+00 1.00015E+01 2.03602E+00
 -1       573-1.23293E+00 9.98533E+00 1.99938E+00
 -1       574-1.19911E+00 9.96399E+00 1.99847E+00
 -1       575-1.16707E+00 1.00147E+01 2.00062E+00
 -1       576-1.20089E+00 1.00360E+01 2.00153E+00
 -1       607 1.20407E+00 1.00005E+01 1.96418E+00
 -1       608 1.16850E+00 9.99982E+00 1.98246E+00
 -1       609 1.19593E+00 9.99952E+00 2.03582E+00
 -1       610 1.23150E+00 1.00002E+01 2.01754E+00
 -1       615 1.19855E+00 9.96588E+00 1.98844E+00
 -1       616 1.19990E+00 9.99753E+00 1.96403E+00
 -1       617 1.20145E+00 1.00341E+01 2.01156E+00
 -1       618 1.20010E+00 1.00025E+01 2.03597E+00
 -1       623 1.16635E+00 9.98707E+00 2.00055E+00
 -1       624 1.19901E+00 9.96399E+00 2.00153E+00
 -1       625 1.23365E+00 1.00129E+01 1.99945E+00
 -1       626 1.20099E+00 1.00360E+01 1.99847E+00
 -1       657-1.19525E+00 1.99999E+01-3.57414E-02
 -1       658-1.23117E+00 2.00003E+01-1.81293E-02
 -1       659-1.20475E+00 2.00001E+01 3.57414E-02
 -1       660-1.16883E+00 1.99997E+01 1.81293E-02
 -1       665-1.20102E+00 1.99659E+01-1.16828E-02
 -1       666-1.20007E+00 1.99977E+01-3.59798E-02
 -1       667-1.19898E+00 2.00341E+01 1.16828E-02
 -1       668-1.19993E+00 2.00023E+01 3.59798E-02
 -1       673-1.23354E+00 1.99868E+01 3.96605E-04
 -1       674-1.20069E+00 1.99640E+01 1.08098E-03
 -1       675-1.16646E+00 2.00132E+01-3.96605E-04
 -1       676-1.19931E+00 2.00360E+01-1.08098E-03
 -1       707 1.20448E+00 1.99994E+01-3.57715E-02
 -1       708 1.16870E+00 1.99994E+01-1.78882E-02
 -1       709 1.19552E+00 2.00006E+01 3.57715E-02
 -1       710 1.23130E+00 2.00006E+01 1.78882E-02
 -1       715 1.20102E+00 1.99661E+01-1.23355E-02
 -1       716 1.20005E+00 1.99984E+01-3.60180E-02
 -1       717 1.19898E+00 2.00339E+01 1.23355E-02
 -1       718 1.19995E+00 2.00016E+01 3.60180E-02
 -1       723 1.16697E+00 1.99855E+01-4.33494E-04
 -1       724 1.20064E+00 1.99640E+01-1.08101E-03
 -1       725 1.23303E+00 2.00145E+01 4.33494E-04
 -1       726 1.19936E+00 2.00360E+01 1.08101E-03
 -1       757-1.19548E+00 2.00006E+01 1.96423E+00
 -1       758-1.23128E+00 2.00006E+01 1.98208E+00
 -1       759-1.20452E+00 1.99994E+01 2.03577E+00
 -1       760-1.16872E+00 1.99994E+01 2.01792E+00
 -1       765-1.19898E+00 1.99661E+01 1.98766E+00
 -1       766-1.19995E+00 1.99984E+01 1.96398E+00
 -1       767-1.20102E+00 2.00339E+01 2.01234E+00
 -1       768-1.20005E+00 2.00016E+01 2.03602E+00
 -1       773-1.23303E+00 1.99855E+01 1.99957E+00
 -1       774-1.19936E+00 1.99640E+01 1.99892E+00
 -1       775-1.16697E+00 2.00145E+01 2.00043E+00
 -1       776-1.20064E+00 2.00360E+01 2.00108E+00
 -1       807 1.20425E+00 2.00001E+01 1.96420E+00
 -1       808 1.16858E+00 1.99997E+01 1.98231E+00
 -1       809 1.19575E+00 1.99999E+01 2.03580E+00
 -1       810 1.23142E+00 2.00003E+01 2.01769E+00
 -1       815 1.19898E+00 1.99659E+01 1.98832E+00
 -1       816 1.19993E+00 1.99977E+01 1.96402E+00
 -1       817 1.20102E+00 2.00341E+01 2.01168E+00
 -1       818 1.20007E+00 2.00023E+01 2.03598E+00
 -1       823 1.16646E+00 1.99868E+01 2.00040E+00
 -1       824 1.19931E+00 1.99640E+01 2.00108E+00
 -1       825 1.23354E+00 2.00132E+01 1.99960E+00
 -1       826 1.20069E+00 2.00360E+01 1.99892E+00
 -1       857-1.19503E+00 2.99993E+01-3.57037E-02
 -1       858-1.23105E+00 3.00000E+01-1.83259E-02
 -1       859-1.20497E+00 3.00007E+01 3.57037E-02
 -1       860-1.16895E+00 3.00000E+01 1.83259E-02
 -1       865-1.20157E+00 2.99659E+01-1.15220E-02
 -1       866-1.20011E+00 2.99975E+01-3.59684E-02
 -1       867-1.19843E+00 3.00341E+01 1.15220E-02
 -1       868-1.19989E+00 3.00025E+01 3.59684E-02
 -1       873-1.23368E+00 2.99872E+01 5.90072E-04
 -1       874-1.20108E+00 2.99640E+01 1.65325E-03
 -1       875-1.16632E+00 3.00128E+01-5.90072E-04
 -1       876-1.19892E+00 3.00360E+01-1.65325E-03
 -1       907 1.20432E+00 2.99999E+01-3.57959E-02
 -1       908 1.16862E+00 2.99995E+01-1.77509E-02
 -1       909 1.19568E+00 3.00001E+01 3.57959E-02
 -1       910 1.23138E+00 3.00005E+01 1.77509E-02
 -1       915 1.20155E+00 2.99662E+01-1.25208E-02
 -1       916 1.20007E+00 2.99986E+01-3.60265E-02
 -1       917 1.19845E+00 3.00338E+01 1.25208E-02
 -1       918 1.19993E+00 3.00014E+01 3.60265E-02
 -1       923 1.16710E+00 2.99853E+01-6.76580E-04
 -1       924 1.20096E+00 2.99640E+01-1.65341E-03
 -1       925 1.23290E+00 3.00147E+01 6.76580E-04
 -1       926 1.19904E+00 3.00360E+01 1.65341E-03
 -1       957-1.19530E+00 3.00001E+01 1.96425E+00
 -1       958-1.23119E+00 3.00005E+01 1.98191E+00
 -1       959-1.20470E+00 2.99999E+01 2.03575E+00
 -1       960-1.16881E+00 2.99995E+01 2.01809E+00
 -1       965-1.19845E+00 2.99662E+01 1.98748E+00
 -1       966-1.19993E+00 2.99986E+01 1.96397E+00
 -1       967-1.20155E+00 3.00338E+01 2.01252E+00
 -1       968-1.20007E+00 3.00014E+01 2.03603E+00
 -1       973-1.23290E+00 2.99853E+01 1.99932E+00
 -1       974-1.19904E+00 2.99640E+01 1.99835E+00
 -1       975-1.16710E+00 3.00147E+01 2.00068E+00
 -1       976-1.20096E+00 3.00360E+01 2.00165E+00
 -1      1007 1.20403E+00 3.00007E+01 1.96418E+00
 -1      1008 1.16848E+00 3.00000E+01 1.98250E+00
 -1      1009 1.19597E+00 2.99993E+01 2.03582E+00
 -1      1010 1.23152E+00 3.00000E+01 2.01750E+00
 -1      1015 1.19843E+00 2.99659E+01 1.98848E+00
 -1      1016 1.19989E+00 2.99975E+01 1.96403E+00
 -1      1017 1.20157E+00 3.00341E+01 2.01152E+00
 -1      1018 1.20011E+00 3.00025E+01 2.03597E+00
 -1      1023 1.16632E+00 2.99872E+01 2.00059E+00
 -1      1024 1.19892E+00 2.99640E+01 2.00165E+00
 -1      1025 1.23368E+00 3.00128E+01 1.99941E+00
 -1      1026 1.20108E+00 3.00360E+01 1.99835E+00
 -1      1057-1.19531E+00 3.99997E+01-3.57484E-02
 -1      1058-1.23120E+00 4.00001E+01-1.80781E-02
 -1      1059-1.20469E+00 4.00003E+01 3.57484E-02
 -1      1060-1.16880E+00 3.99999E+01 1.80781E-02
 -1      1065-1.20102E+00 3.99659E+01-1.16828E-02
 -1      1066-1.20007E+00 3.99977E+01-3.59798E-02
 -1      1067-1.19898E+00 4.00341E+01 1.16828E-02
 -1      1068-1.19993E+00 4.00023E+01 3.59798E-02
 -1      1073-1.23354E+00 3.99868E+01 3.96605E-04
 -1      1074-1.20069E+00 3.99640E+01 1.08098E-03
 -1      1075-1.16646E+00 4.00132E+01-3.96605E-04
 -1      1076-1.19931E+00 4.00360E+01-1.08098E-03
 -1      1107 1.20439E+00 3.99998E+01-3.57865E-02
 -1      1108 1.16866E+00 3.99997E+01-1.78155E-02
 -1      1109 1.19561E+00 4.00002E+01 3.57865E-02
 -1      1110 1.23134E+00 4.00003E+01 1.78155E-02
 -1      1115 1.20102E+00 3.99661E+01-1.23355E-02
 -1      1116 1.20005E+00 3.99984E+01-3.60180E-02
 -1      1117 1.19898E+00 4.00339E+01 1.23355E-02
 -1      1118 1.19995E+00 4.00016E+01 3.60180E-02
 -1      1123 1.16697E+00 3.99855E+01-4.33494E-04
 -1      1124 1.20064E+00 3.99640E+01-1.08101E-03
 -1      1125 1.23303E+00 4.00145E+01 4.33494E-04
 -1      1126 1.19936E+00 4.00360E+01 1.08101E-03
 -1      1157-1.19548E+00 4.00002E+01 1.96423E+00
 -1      1158-1.23128E+00 4.00003E+01 1.98207E+00
 -1      1159-1.20452E+00 3.99998E+01 2.03577E+00
 -1      1160-1.16872E+00 3.99997E+01 2.01793E+00
 -1      1165-1.19898E+00 3.99661E+01 1.98766E+00
 -1      1166-1.19995E+00 3.99984E+01 1.96398E+00
 -1      1167-1.20102E+00 4.00339E+01 2.01234E+00
 -1      1168-1.20005E+00 4.00016E+01 2.03602E+00
 -1      1173-1.23303E+00 3.99855E+01 1.99957E+00
 -1      1174-1.19936E+00 3.99640E+01 1.99892E+00
 -1      1175-1.16697E+00 4.00145E+01 2.00043E+00
 -1      1176-1.20064E+00 4.00360E+01 2.00108E+00
 -1      1207 1.20422E+00 4.00003E+01 1.96419E+00
 -1      1208 1.16857E+00 3.99999E+01 1.98233E+00
 -1      1209 1.19578E+00 3.99997E+01 2.03581E+00
 -1      1210 1.23143E+00 4.00001E+01 2.01767E+00
 -1      1215 1.19898E+00 3.99659E+01 1.98832E+00
 -1      1216 1.19993E+00 3.99977E+01 1.96402E+00
 -1      1217 1.20102E+00 4.00341E+01 2.01168E+00
 -1      1218 1.20007E+00 4.00023E+01 2.03598E+00
 -1      1223 1.16646E+00 3.99868E+01 2.00040E+00
 -1      1224 1.19931E+00 3.99640E+01 2.00108E+00
 -1      1225 1.23354E+00 4.00132E+01 1.99960E+00
 -1      1226 1.20069E+00 4.00360E+01 1.99892E+00
 -1      1257-1.19649E+00 4.99984E+01-3.58488E-02
 -1      1258-1.23167E+00 4.99966E+01-1.69005E-02
 -1      1259-1.20351E+00 5.00016E+01 3.58488E-02
 -1      1260-1.16833E+00 5.00034E+01 1.69005E-02
 -1      1265-1.20145E+00 4.99659E+01-1.15569E-02
 -1      1266-1.20010E+00 4.99975E+01-3.59709E-02
 -1      1267-1.19855E+00 5.00341E+01 1.15569E-02
 -1      1268-1.19990E+00 5.00025E+01 3.59709E-02
 -1      1273-1.23365E+00 4.99871E+01 5.48678E-04
 -1      1274-1.20099E+00 4.99640E+01 1.52775E-03
 -1      1275-1.16635E+00 5.00129E+01-5.48678E-04
 -1      1276-1.19901E+00 5.00360E+01-1.52775E-03
 -1      1307 1.20683E+00 4.99966E+01-3.52393E-02
 -1      1308 1.17006E+00 5.00007E+01-2.00684E-02
 -1      1309 1.19317E+00 5.00034E+01 3.52393E-02
 -1      1310 1.22995E+00 4.99993E+01 2.00684E-02
 -1      1315 1.20143E+00 4.99662E+01-1.24797E-02
 -1      1316 1.20006E+00 4.99985E+01-3.60247E-02
 -1      1317 1.19857E+00 5.00338E+01 1.24797E-02
 -1      1318 1.19994E+00 5.00015E+01 3.60247E-02
 -1      1323 1.16707E+00 4.99853E+01-6.22501E-04
 -1      1324 1.20089E+00 4.99640E+01-1.52786E-03
 -1      1325 1.23293E+00 5.00147E+01 6.22501E-04
 -1      1326 1.19911E+00 5.00360E+01 1.52786E-03
 -1      1357-1.19826E+00 5.00030E+01 1.96411E+00
 -1      1358-1.23247E+00 4.99987E+01 1.98438E+00
 -1      1359-1.20174E+00 4.99970E+01 2.03589E+00
 -1      1360-1.16753E+00 5.00013E+01 2.01562E+00
 -1      1365-1.19857E+00 4.99662E+01 1.98752E+00
 -1      1366-1.19994E+00 4.99985E+01 1.96398E+00
 -1      1367-1.20143E+00 5.00338E+01 2.01248E+00
 -1      1368-1.20006E+00 5.00015E+01 2.03602E+00
 -1      1373-1.23293E+00 4.99853E+01 1.99938E+00
 -1      1374-1.19911E+00 4.99640E+01 1.99847E+00
 -1      1375-1.16707E+00 5.00147E+01 2.00062E+00
 -1      1376-1.20089E+00 5.00360E+01 2.00153E+00
 -1      1407 1.20573E+00 5.00014E+01 1.96443E+00
 -1      1408 1.16945E+00 5.00034E+01 1.98116E+00
 -1      1409 1.19427E+00 4.99986E+01 2.03557E+00
 -1      1410 1.23055E+00 4.99966E+01 2.01884E+00
 -1      1415 1.19855E+00 4.99659E+01 1.98844E+00
 -1      1416 1.19990E+00 4.99975E+01 1.96403E+00
 -1      1417 1.20145E+00 5.00341E+01 2.01156E+00
 -1      1418 1.20010E+00 5.00025E+01 2.03597E+00
 -1      1423 1.16635E+00 4.99871E+01 2.00055E+00
 -1      1424 1.19901E+00 4.99640E+01 2.00153E+00
 -1      1425 1.23365E+00 5.00129E+01 1.99945E+00
 -1      1426 1.20099E+00 5.00360E+01 1.99847E+00
 -1      1457-1.19510E+00 1.24849E+00-9.30910E-02
 -1      1458-1.23109E+00 1.24923E+00-7.56508E-02
 -1      1459-1.20490E+00 1.25151E+00-2.17140E-02
 -1      1460-1.16891E+00 1.25077E+00-3.91543E-02
 -1      1465-1.19519E+00 2.49884E+00-1.41781E-01
 -1      1466-1.23114E+00 2.49941E+00-1.24237E-01
 -1      1467-1.20481E+00 2.50116E+00-7.03511E-02
 -1      1468-1.16886E+00 2.50059E+00-8.78954E-02
 -1      1473-1.19534E+00 3.74937E+00-1.74330E-01
 -1      1474-1.23121E+00 3.74968E+00-1.56628E-01
 -1      1475-1.20466E+00 3.75063E+00-1.02834E-01
 -1      1476-1.16879E+00 3.75032E+00-1.20535E-01
 -1      1481-1.19553E+00 5.00000E+00-1.85777E-01
 -1      1482-1.23131E+00 5.00000E+00-1.67888E-01
 -1      1483-1.20447E+00 5.00000E+00-1.14223E-01
 -1      1484-1.16869E+00 5.00000E+00-1.32112E-01
 -1      1489-1.19572E+00 6.25063E+00-1.74377E-01
 -1      1490-1.23140E+00 6.25031E+00-1.56298E-01
 -1      1491-1.20428E+00 6.24937E+00-1.02787E-01
 -1      1492-1.16860E+00 6.24969E+00-1.20866E-01
 -1      1497-1.19589E+00 7.50116E+00-1.41868E-01
 -1      1498-1.23149E+00 7.50057E+00-1.23626E-01
 -1      1499-1.20411E+00 7.49884E+00-7.02642E-02
 -1      1500-1.16851E+00 7.49943E+00-8.85056E-02
 -1      1505-1.19601E+00 8.75152E+00-9.32042E-02
 -1      1506-1.23154E+00 8.75074E+00-7.48534E-02
 -1      1507-1.20399E+00 8.74848E+00-2.16008E-02
 -1      1508-1.16846E+00 8.74926E+00-3.99517E-02
 -1      1513 1.20399E+00 1.25152E+00 2.16008E-02
 -1      1514 1.16846E+00 1.25074E+00 3.99517E-02
 -1      1515 1.19601E+00 1.24848E+00 9.32042E-02
 -1      1516 1.23154E+00 1.24926E+00 7.48534E-02
 -1      1521 1.20411E+00 2.50116E+00 7.02642E-02
 -1      1522 1.16851E+00 2.50057E+00 8.85056E-02
 -1      1523 1.19589E+00 2.49884E+00 1.41868E-01
 -1      1524 1.23149E+00 2.49943E+00 1.23626E-01
 -1      1529 1.20428E+00 3.75063E+00 1.02787E-01
 -1      1530 1.16860E+00 3.75031E+00 1.20866E-01
 -1      1531 1.19572E+00 3.74937E+00 1.74377E-01
 -1      1532 1.23140E+00 3.74969E+00 1.56298E-01
 -1      1537 1.20447E+00 5.00000E+00 1.14223E-01
 -1      1538 1.16869E+00 5.00000E+00 1.32112E-01
 -1      1539 1.19553E+00 5.00000E+00 1.85777E-01
 -1      1540 1.23131E+00 5.00000E+00 1.67888E-01
 -1      1545 1.20466E+00 6.24937E+00 1.02834E-01
 -1      1546 1.16879E+00 6.24968E+00 1.20535E-01
 -1      1547 1.19534E+00 6.25063E+00 1.74330E-01
 -1      1548 1.23121E+00 6.25032E+00 1.56628E-01
 -1      1553 1.20481E+00 7.49884E+00 7.03511E-02
 -1      1554 1.16886E+00 7.49941E+00 8.78954E-02
 -1      1555 1.19519E+00 7.50116E+00 1.41781E-01
 -1      1556 1.23114E+00 7.50059E+00 1.24237E-01
 -1      1561 1.20490E+00 8.74849E+00 2.17140E-02
 -1      1562 1.16891E+00 8.74923E+00 3.91543E-02
 -1      1563 1.19510E+00 8.75151E+00 9.30910E-02
 -1      1564 1.23109E+00 8.75077E+00 7.56508E-02
 -1      1569-1.19510E+00 1.24849E+00 1.90691E+00
 -1      1570-1.23109E+00 1.24923E+00 1.92435E+00
 -1      1571-1.20490E+00 1.25151E+00 1.97829E+00
 -1      1572-1.16891E+00 1.25077E+00 1.96085E+00
 -1      1577-1.19519E+00 2.49884E+00 1.85822E+00
 -1      1578-1.23114E+00 2.49941E+00 1.87576E+00
 -1      1579-1.20481E+00 2.50116E+00 1.92965E+00
 -1      1580-1.16886E+00 2.50059E+00 1.91210E+00
 -1      1585-1.19534E+00 3.74937E+00 1.82567E+00
 -1      1586-1.23121E+00 3.74968E+00 1.84337E+00
 -1      1587-1.20466E+00 3.75063E+00 1.89717E+00
 -1      1588-1.16879E+00 3.75032E+00 1.87946E+00
 -1      1593-1.19553E+00 5.00000E+00 1.81422E+00
 -1      1594-1.23131E+00 5.00000E+00 1.83211E+00
 -1      1595-1.20447E+00 5.00000E+00 1.88578E+00
 -1      1596-1.16869E+00 5.00000E+00 1.86789E+00
 -1      1601-1.19572E+00 6.25063E+00 1.82562E+00
 -1      1602-1.23140E+00 6.25031E+00 1.84370E+00
 -1      1603-1.20428E+00 6.24937E+00 1.89721E+00
 -1      1604-1.16860E+00 6.24969E+00 1.87913E+00
 -1      1609-1.19589E+00 7.50116E+00 1.85813E+00
 -1      1610-1.23149E+00 7.50057E+00 1.87637E+00
 -1      1611-1.20411E+00 7.49884E+00 1.92974E+00
 -1      1612-1.16851E+00 7.49943E+00 1.91149E+00
 -1      1617-1.19601E+00 8.75152E+00 1.90680E+00
 -1      1618-1.23154E+00 8.75074E+00 1.92515E+00
 -1      1619-1.20399E+00 8.74848E+00 1.97840E+00
 -1      1620-1.16846E+00 8.74926E+00 1.96005E+00
 -1      1625 1.20399E+00 1.25152E+00 2.02160E+00
 -1      1626 1.16846E+00 1.25074E+00 2.03995E+00
 -1      1627 1.19601E+00 1.24848E+00 2.09320E+00
 -1      1628 1.23154E+00 1.24926E+00 2.07485E+00
 -1      1633 1.20411E+00 2.50116E+00 2.07026E+00
 -1      1634 1.16851E+00 2.50057E+00 2.08851E+00
 -1      1635 1.19589E+00 2.49884E+00 2.14187E+00
 -1      1636 1.23149E+00 2.49943E+00 2.12363E+00
 -1      1641 1.20428E+00 3.75063E+00 2.10279E+00
 -1      1642 1.16860E+00 3.75031E+00 2.12087E+00
 -1      1643 1.19572E+00 3.74937E+00 2.17438E+00
 -1      1644 1.23140E+00 3.74969E+00 2.15630E+00
 -1      1649 1.20447E+00 5.00000E+00 2.11422E+00
 -1      1650 1.16869E+00 5.00000E+00 2.13211E+00
 -1      1651 1.19553E+00 5.00000E+00 2.18578E+00
 -1      1652 1.23131E+00 5.00000E+00 2.16789E+00
 -1      1657 1.20466E+00 6.24937E+00 2.10283E+00
 -1      1658 1.16879E+00 6.24968E+00 2.12054E+00
 -1      1659 1.19534E+00 6.25063E+00 2.17433E+00
 -1      1660 1.23121E+00 6.25032E+00 2.15663E+00
 -1      1665 1.20481E+00 7.49884E+00 2.07035E+00
 -1      1666 1.16886E+00 7.49941E+00 2.08790E+00
 -1      1667 1.19519E+00 7.50116E+00 2.14178E+00
 -1      1668 1.23114E+00 7.50059E+00 2.12424E+00
 -1      1673 1.20490E+00 8.74849E+00 2.02171E+00
 -1      1674 1.16891E+00 8.74923E+00 2.03915E+00
 -1      1675 1.19510E+00 8.75151E+00 2.09309E+00
 -1      1676 1.23109E+00 8.75077E+00 2.07565E+00
 -1      1681-1.19522E+00 1.24989E+01-1.41787E-01
 -1      1682-1.23115E+00 1.24995E+01-1.24216E-01
 -1      1683-1.20478E+00 1.25011E+01-7.03450E-02
 -1      1684-1.16885E+00 1.25005E+01-8.79159E-02
 -1      1689-1.19553E+00 1.50000E+01-1.85777E-01
 -1      1690-1.23131E+00 1.50000E+01-1.67887E-01
 -1      1691-1.20447E+00 1.50000E+01-1.14223E-01
 -1      1692-1.16869E+00 1.50000E+01-1.32113E-01
 -1      1697-1.19586E+00 1.75011E+01-1.41867E-01
 -1      1698-1.23147E+00 1.75005E+01-1.23652E-01
 -1      1699-1.20414E+00 1.74989E+01-7.02647E-02
 -1      1700-1.16853E+00 1.74995E+01-8.84797E-02
 -1      1705 1.20414E+00 1.25011E+01 7.02647E-02
 -1      1706 1.16853E+00 1.25005E+01 8.84797E-02
 -1      1707 1.19586E+00 1.24989E+01 1.41867E-01
 -1      1708 1.23147E+00 1.24995E+01 1.23652E-01
 -1      1713 1.20447E+00 1.50000E+01 1.14223E-01
 -1      1714 1.16869E+00 1.50000E+01 1.32113E-01
 -1      1715 1.19553E+00 1.50000E+01 1.85777E-01
 -1      1716 1.23131E+00 1.50000E+01 1.67887E-01
 -1      1721 1.20478E+00 1.74989E+01 7.03450E-02
 -1      1722 1.16885E+00 1.74995E+01 8.79159E-02
 -1      1723 1.19522E+00 1.75011E+01 1.41787E-01
 -1      1724 1.23115E+00 1.75005E+01 1.24216E-01
 -1      1729-1.19522E+00 1.24989E+01 1.85821E+00
 -1      1730-1.23115E+00 1.24995E+01 1.87578E+00
 -1      1731-1.20478E+00 1.25011E+01 1.92966E+00
 -1      1732-1.16885E+00 1.25005E+01 1.91208E+00
 -1      1737-1.19553E+00 1.50000E+01 1.81422E+00
 -1      1738-1.23131E+00 1.50000E+01 1.83211E+00
 -1      1739-1.20447E+00 1.50000E+01 1.88578E+00
 -1      1740-1.16869E+00 1.50000E+01 1.86789E+00
 -1      1745-1.19586E+00 1.75011E+01 1.85813E+00
 -1      1746-1.23147E+00 1.75005E+01 1.87635E+00
 -1      1747-1.20414E+00 1.74989E+01 1.92974E+00
 -1      1748-1.16853E+00 1.74995E+01 1.91152E+00
 -1      1753 1.20414E+00 1.25011E+01 2.07026E+00
 -1      1754 1.16853E+00 1.25005E+01 2.08848E+00
 -1      1755 1.19586E+00 1.24989E+01 2.14187E+00
 -1      1756 1.23147E+00 1.24995E+01 2.12365E+00
 -1      1761 1.20447E+00 1.50000E+01 2.11422E+00
 -1      1762 1.16869E+00 1.50000E+01 2.13211E+00
 -1      1763 1.19553E+00 1.50000E+01 2.18578E+00
 -1      1764 1.23131E+00 1.50000E+01 2.16789E+00
 -1      1769 1.20478E+00 1.74989E+01 2.07034E+00
 -1      1770 1.16885E+00 1.74995E+01 2.08792E+00
 -1      1771 1.19522E+00 1.75011E+01 2.14179E+00
 -1      1772 1.23115E+00 1.75005E+01 2.12422E+00
 -1      1777-1.19522E+00 3.24989E+01-1.41787E-01
 -1      1778-1.23115E+00 3.24995E+01-1.24216E-01
 -1      1779-1.20478E+00 3.25011E+01-7.03450E-02
 -1      1780-1.16885E+00 3.25005E+01-8.79159E-02
 -1      1785-1.19553E+00 3.50000E+01-1.85777E-01
 -1      1786-1.23131E+00 3.50000E+01-1.67887E-01
 -1      1787-1.20447E+00 3.50000E+01-1.14223E-01
 -1      1788-1.16869E+00 3.50000E+01-1.32113E-01
 -1      1793-1.19586E+00 3.75011E+01-1.41867E-01
 -1      1794-1.23147E+00 3.75005E+01-1.23652E-01
 -1      1795-1.20414E+00 3.74989E+01-7.02647E-02
 -1      1796-1.16853E+00 3.74995E+01-8.84797E-02
 -1      1801 1.20414E+00 3.25011E+01 7.02647E-02
 -1      1802 1.16853E+00 3.25005E+01 8.84797E-02
 -1      1803 1.19586E+00 3.24989E+01 1.41867E-01
 -1      1804 1.23147E+00 3.24995E+01 1.23652E-01
 -1      1809 1.20447E+00 3.50000E+01 1.14223E-01
 -1      1810 1.16869E+00 3.50000E+01 1.32113E-01
 -1      1811 1.19553E+00 3.50000E+01 1.85777E-01
 -1      1812 1.23131E+00 3.50000E+01 1.67887E-01
 -1      1817 1.20478E+00 3.74989E+01 7.03450E-02
 -1      1818 1.16885E+00 3.74995E+01 8.79159E-02
 -1      1819 1.19522E+00 3.75011E+01 1.41787E-01
 -1      1820 1.23115E+00 3.75005E+01 1.24216E-01
 -1      1825-1.19522E+00 3.24989E+01 1.85821E+00
 -1      1826-1.23115E+00 3.24995E+01 1.87578E+00
 -1      1827-1.20478E+00 3.25011E+01 1.92966E+00
 -1      1828-1.16885E+00 3.25005E+01 1.91208E+00
 -1      1833-1.19553E+00 3.50000E+01 1.81422E+00
 -1      1834-1.23131E+00 3.50000E+01 1.83211E+00
 -1      1835-1.20447E+00 3.50000E+01 1.88578E+00
 -1      1836-1.16869E+00 3.50000E+01 1.86789E+00
 -1      1841-1.19586E+00 3.75011E+01 1.85813E+00
 -1      1842-1.23147E+00 3.75005E+01 1.87635E+00
 -1      1843-1.20414E+00 3.74989E+01 1.92974E+00
 -1      1844-1.16853E+00 3.74995E+01 1.91152E+00
 -1      1849 1.20414E+00 3.25011E+01 2.07026E+00
 -1      1850 1.16853E+00 3.25005E+01 2.08848E+00
 -1      1851 1.19586E+00 3.24989E+01 2.14187E+00
 -1      1852 1.23147E+00 3.24995E+01 2.12365E+00
 -1      1857 1.20447E+00 3.50000E+01 2.11422E+00
 -1      1858 1.16869E+00 3.50000E+01 2.13211E+00
 -1      1859 1.19553E+00 3.50000E+01 2.18578E+00
 -1      1860 1.23131E+00 3.50000E+01 2.16789E+00
 -1      1865 1.20478E+00 3.74989E+01 2.07034E+00
 -1      1866 1.16885E+00 3.74995E+01 2.08792E+00
 -1      1867 1.19522E+00 3.75011E+01 2.14179E+00
 -1      1868 1.23115E+00 3.75005E+01 2.12422E+00
 -1      1873-1.19522E+00 4.24989E+01-1.41787E-01
 -1      1874-1.23115E+00 4.24995E+01-1.24216E-01
 -1      1875-1.20478E+00 4.25011E+01-7.03450E-02
 -1      1876-1.16885E+00 4.25005E+01-8.79159E-02
 -1      1881-1.19553E+00 4.50000E+01-1.85777E-01
 -1      1882-1.23131E+00 4.50000E+01-1.67887E-01
 -1      1883-1.20447E+00 4.50000E+01-1.14223E-01
 -1      1884-1.16869E+00 4.50000E+01-1.32113E-01
 -1      1889-1.19586E+00 4.75011E+01-1.41867E-01
 -1      1890-1.23147E+00 4.75005E+01-1.23652E-01
 -1      1891-1.20414E+00 4.74989E+01-7.02647E-02
 -1      1892-1.16853E+00 4.74995E+01-8.84797E-02
 -1      1897 1.20414E+00 4.25011E+01 7.02647E-02
 -1      1898 1.16853E+00 4.25005E+01 8.84797E-02
 -1      1899 1.19586E+00 4.24989E+01 1.41867E-01
 -1      1900 1.23147E+00 4.24995E+01 1.23652E-01
 -1      1905 1.20447E+00 4.50000E+01 1.14223E-01
 -1      1906 1.16869E+00 4.50000E+01 1.32113E-01
 -1      1907 1.19553E+00 4.50000E+01 1.85777E-01
 -1      1908 1.23131E+00 4.50000E+01 1.67887E-01
 -1      1913 1.20478E+00 4.74989E+01 7.03450E-02
 -1      1914 1.16885E+00 4.74995E+01 8.79159E-02
 -1      1915 1.19522E+00 4.75011E+01 1.41787E-01
 -1      1916 1.23115E+00 4.75005E+01 1.24216E-01
 -1      1921-1.19522E+00 4.24989E+01 1.85821E+00
 -1      1922-1.23115E+00 4.24995E+01 1.87578E+00
 -1      1923-1.20478E+00 4.25011E+01 1.92966E+00
 -1      1924-1.16885E+00 4.25005E+01 1.91208E+00
 -1      1929-1.19553E+00 4.50000E+01 1.81422E+00
 -1      1930-1.23131E+00 4.50000E+01 1.83211E+00
 -1      1931-1.20447E+00 4.50000E+01 1.88578E+00
 -1      1932-1.16869E+00 4.50000E+01 1.86789E+00
 -1      1937-1.19586E+00 4.75011E+01 1.85813E+00
 -1      1938-1.23147E+00 4.75005E+01 1.87635E+00
 -1      1939-1.20414E+00 4.74989E+01 1.92974E+00
 -1      1940-1.16853E+00 4.74995E+01 1.91152E+00
 -1      1945 1.20414E+00 4.25011E+01 2.07026E+00
 -1      1946 1.16853E+00 4.25005E+01 2.08848E+00
 -1      1947 1.19586E+00 4.24989E+01 2.14187E+00
 -1      1948 1.23147E+00 4.24995E+01 2.12365E+00
 -1      1953 1.20447E+00 4.50000E+01 2.11422E+00
 -1      1954 1.16869E+00 4.50000E+01 2.13211E+00
 -1      1955 1.19553E+00 4.50000E+01 2.18578E+00
 -1      1956 1.23131E+00 4.50000E+01 2.16789E+00
 -1      1961 1.20478E+00 4.74989E+01 2.07034E+00
 -1      1962 1.16885E+00 4.74995E+01 2.08792E+00
 -1      1963 1.19522E+00 4.75011E+01 2.14179E+00
 -1      1964 1.23115E+00 4.75005E+01 2.12422E+00
 -1      1969-6.01023E-01-5.95507E-02-1.16832E-02
 -1      1970-6.00070E-01-2.77896E-02-3.59798E-02
 -1      1971-5.98977E-01 8.63897E-03 1.16832E-02
 -1      1972-5.99930E-01-2.31221E-02 3.59798E-02
 -1      1977 0.00000E+00-6.99997E-02-1.20008E-02
 -1      1978 0.00000E+00-3.79991E-02-3.60000E-02
 -1      1979 0.00000E+00-2.00028E-03 1.20008E-02
 -1      1980 0.00000E+00-3.40009E-02 3.60000E-02
 -1      1985 6.01016E-01-5.93202E-02-1.23359E-02
 -1      1986 6.00049E-01-2.70988E-02-3.60180E-02
 -1      1987 5.98984E-01 8.40852E-03 1.23359E-02
 -1      1988 5.99951E-01-2.38129E-02 3.60180E-02
 -1      1993-5.98984E-01-8.40852E-03 1.98766E+00
 -1      1994-5.99951E-01 2.38129E-02 1.96398E+00
 -1      1995-6.01016E-01 5.93202E-02 2.01234E+00
 -1      1996-6.00049E-01 2.70988E-02 2.03602E+00
 -1      2001 0.00000E+00 2.00028E-03 1.98800E+00
 -1      2002 0.00000E+00 3.40009E-02 1.96400E+00
 -1      2003 0.00000E+00 6.99997E-02 2.01200E+00
 -1      2004 0.00000E+00 3.79991E-02 2.03600E+00
 -1      2009 5.98977E-01-8.63897E-03 1.98832E+00
 -1      2010 5.99930E-01 2.31221E-02 1.96402E+00
 -1      2011 6.01023E-01 5.95507E-02 2.01168E+00
 -1      2012 6.00070E-01 2.77896E-02 2.03598E+00
 -1      2017-1.23354E+00 7.99623E-03 5.00396E-01
 -1      2018-1.20070E+00-1.48194E-02 5.01081E-01
 -1      2019-1.16646E+00 3.44302E-02 4.99604E-01
 -1      2020-1.19930E+00 5.72458E-02 4.98919E-01
 -1      2025-1.23328E+00 1.61383E-02 1.00000E+00
 -1      2026-1.20001E+00-6.05551E-03 1.00000E+00
 -1      2027-1.16672E+00 4.38617E-02 1.00000E+00
 -1      2028-1.19999E+00 6.60555E-02 1.00000E+00
 -1      2033-1.23303E+00 6.76606E-03 1.49957E+00
 -1      2034-1.19936E+00-1.48205E-02 1.49892E+00
 -1      2035-1.16697E+00 3.56603E-02 1.50043E+00
 -1      2036-1.20064E+00 5.72469E-02 1.50108E+00
 -1      2041 1.16697E+00-3.56603E-02 4.99567E-01
 -1      2042 1.20064E+00-5.72469E-02 4.98919E-01
 -1      2043 1.23303E+00-6.76606E-03 5.00433E-01
 -1      2044 1.19936E+00 1.48205E-02 5.01081E-01
 -1      2049 1.16672E+00-4.38617E-02 1.00000E+00
 -1      2050 1.19999E+00-6.60555E-02 1.00000E+00
 -1      2051 1.23328E+00-1.61383E-02 1.00000E+00
 -1      2052 1.20001E+00 6.05551E-03 1.00000E+00
 -1      2057 1.16646E+00-3.44302E-02 1.50040E+00
 -1      2058 1.19930E+00-5.72458E-02 1.50108E+00
 -1      2059 1.23354E+00-7.99623E-03 1.49960E+00
 -1      2060 1.20070E+00 1.48194E-02 1.49892E+00
 -1      2065-6.01023E-01 9.94045E+00-1.16832E-02
 -1      2066-6.00070E-01 9.97221E+00-3.59798E-02
 -1      2067-5.98977E-01 1.00086E+01 1.16832E-02
 -1      2068-5.99930E-01 9.97688E+00 3.59798E-02
 -1      2073 0.00000E+00 9.93000E+00-1.20008E-02
 -1      2074 0.00000E+00 9.96200E+00-3.60000E-02
 -1      2075 0.00000E+00 9.99800E+00 1.20008E-02
 -1      2076 0.00000E+00 9.96600E+00 3.60000E-02
 -1      2081 6.01016E-01 9.94068E+00-1.23359E-02
 -1      2082 6.00049E-01 9.97290E+00-3.60180E-02
 -1      2083 5.98984E-01 1.00084E+01 1.23359E-02
 -1      2084 5.99951E-01 9.97619E+00 3.60180E-02
 -1      2089-5.98984E-01 9.99159E+00 1.98766E+00
 -1      2090-5.99951E-01 1.00238E+01 1.96398E+00
 -1      2091-6.01016E-01 1.00593E+01 2.01234E+00
 -1      2092-6.00049E-01 1.00271E+01 2.03602E+00
 -1      2097 0.00000E+00 1.00020E+01 1.98800E+00
 -1      2098 0.00000E+00 1.00340E+01 1.96400E+00
 -1      2099 0.00000E+00 1.00700E+01 2.01200E+00
 -1      2100 0.00000E+00 1.00380E+01 2.03600E+00
 -1      2105 5.98977E-01 9.99136E+00 1.98832E+00
 -1      2106 5.99930E-01 1.00231E+01 1.96402E+00
 -1      2107 6.01023E-01 1.00596E+01 2.01168E+00
 -1      2108 6.00070E-01 1.00278E+01 2.03598E+00
 -1      2113-1.23354E+00 1.00080E+01 5.00396E-01
 -1      2114-1.20070E+00 9.98518E+00 5.01081E-01
 -1      2115-1.16646E+00 1.00344E+01 4.99604E-01
 -1      2116-1.19930E+00 1.00572E+01 4.98919E-01
 -1      2121-1.23328E+00 1.00161E+01 1.00000E+00
 -1      2122-1.20001E+00 9.99394E+00 1.00000E+00
 -1      2123-1.16672E+00 1.00439E+01 1.00000E+00
 -1      2124-1.19999E+00 1.00661E+01 1.00000E+00
 -1      2129-1.23303E+00 1.00068E+01 1.49957E+00
 -1      2130-1.19936E+00 9.98518E+00 1.49892E+00
 -1      2131-1.16697E+00 1.00357E+01 1.50043E+00
 -1      2132-1.20064E+00 1.00572E+01 1.50108E+00
 -1      2137 1.16697E+00 9.96434E+00 4.99567E-01
 -1      2138 1.20064E+00 9.94275E+00 4.98919E-01
 -1      2139 1.23303E+00 9.99323E+00 5.00433E-01
 -1      2140 1.19936E+00 1.00148E+01 5.01081E-01
 -1      2145 1.16672E+00 9.95614E+00 1.00000E+00
 -1      2146 1.19999E+00 9.93394E+00 1.00000E+00
 -1      2147 1.23328E+00 9.98386E+00 1.00000E+00
 -1      2148 1.20001E+00 1.00061E+01 1.00000E+00
 -1      2153 1.16646E+00 9.96557E+00 1.50040E+00
 -1      2154 1.19930E+00 9.94275E+00 1.50108E+00
 -1      2155 1.23354E+00 9.99200E+00 1.49960E+00
 -1      2156 1.20070E+00 1.00148E+01 1.49892E+00
 -1      2161 0.00000E+00 1.99300E+01-1.20023E-02
 -1      2162 0.00000E+00 1.99620E+01-3.60001E-02
 -1      2163 0.00000E+00 1.99980E+01 1.20023E-02
 -1      2164 0.00000E+00 1.99660E+01 3.60001E-02
 -1      2169 0.00000E+00 2.00020E+01 1.98800E+00
 -1      2170 0.00000E+00 2.00340E+01 1.96400E+00
 -1      2171 0.00000E+00 2.00700E+01 2.01200E+00
 -1      2172 0.00000E+00 2.00380E+01 2.03600E+00
 -1      2177-1.23329E+00 2.00161E+01 1.00000E+00
 -1      2178-1.20002E+00 1.99939E+01 1.00000E+00
 -1      2179-1.16671E+00 2.00438E+01 1.00000E+00
 -1      2180-1.19998E+00 2.00661E+01 1.00000E+00
 -1      2185 1.16671E+00 1.99562E+01 1.00000E+00
 -1      2186 1.19998E+00 1.99339E+01 1.00000E+00
 -1      2187 1.23329E+00 1.99839E+01 1.00000E+00
 -1      2188 1.20002E+00 2.00061E+01 1.00000E+00
 -1      2193-9.01448E-01 2.99521E+01-1.15569E-02
 -1      2194-9.00105E-01 2.99838E+01-3.59710E-02
 -1      2195-8.98552E-01 3.00203E+01 1.15569E-02
 -1      2196-8.99895E-01 2.99887E+01 3.59710E-02
 -1      2201-6.01107E-01 2.99404E+01-1.16576E-02
 -1      2202-6.00077E-01 2.99722E+01-3.59781E-02
 -1      2203-5.98893E-01 3.00086E+01 1.16576E-02
 -1      2204-5.99923E-01 2.99769E+01 3.59781E-02
 -1      2209-3.00599E-01 2.99327E+01-1.18121E-02
 -1      2210-3.00039E-01 2.99645E+01-3.59884E-02
 -1      2211-2.99401E-01 3.00008E+01 1.18121E-02
 -1      2212-2.99961E-01 2.99689E+01 3.59884E-02
 -1      2217 0.00000E+00 2.99300E+01-1.20002E-02
 -1      2218 0.00000E+00 2.99620E+01-3.60000E-02
 -1      2219 0.00000E+00 2.99980E+01 1.20002E-02
 -1      2220 0.00000E+00 2.99660E+01 3.60000E-02
 -1      2225 3.00596E-01 2.99328E+01-1.21945E-02
 -1      2226 3.00032E-01 2.99649E+01-3.60109E-02
 -1      2227 2.99404E-01 3.00007E+01 1.21945E-02
 -1      2228 2.99968E-01 2.99685E+01 3.60109E-02
 -1      2233 6.01099E-01 2.99407E+01-1.23640E-02
 -1      2234 6.00052E-01 2.99729E+01-3.60194E-02
 -1      2235 5.98901E-01 3.00084E+01 1.23640E-02
 -1      2236 5.99948E-01 2.99762E+01 3.60194E-02
 -1      2241 9.01434E-01 2.99524E+01-1.24797E-02
 -1      2242 9.00063E-01 2.99847E+01-3.60247E-02
 -1      2243 8.98566E-01 3.00200E+01 1.24797E-02
 -1      2244 8.99937E-01 2.99877E+01 3.60247E-02
 -1      2249-8.98566E-01 2.99800E+01 1.98752E+00
 -1      2250-8.99937E-01 3.00123E+01 1.96398E+00
 -1      2251-9.01434E-01 3.00476E+01 2.01248E+00
 -1      2252-9.00063E-01 3.00153E+01 2.03602E+00
 -1      2257-5.98901E-01 2.99916E+01 1.98764E+00
 -1      2258-5.99948E-01 3.00238E+01 1.96398E+00
 -1      2259-6.01099E-01 3.00593E+01 2.01236E+00
 -1      2260-6.00052E-01 3.00271E+01 2.03602E+00
 -1      2265-2.99404E-01 2.99993E+01 1.98781E+00
 -1      2266-2.99968E-01 3.00315E+01 1.96399E+00
 -1      2267-3.00596E-01 3.00672E+01 2.01219E+00
 -1      2268-3.00032E-01 3.00351E+01 2.03601E+00
 -1      2273 0.00000E+00 3.00020E+01 1.98800E+00
 -1      2274 0.00000E+00 3.00340E+01 1.96400E+00
 -1      2275 0.00000E+00 3.00700E+01 2.01200E+00
 -1      2276 0.00000E+00 3.00380E+01 2.03600E+00
 -1      2281 2.99401E-01 2.99992E+01 1.98819E+00
 -1      2282 2.99961E-01 3.00311E+01 1.96401E+00
 -1      2283 3.00599E-01 3.00673E+01 2.01181E+00
 -1      2284 3.00039E-01 3.00355E+01 2.03599E+00
 -1      2289 5.98893E-01 2.99914E+01 1.98834E+00
 -1      2290 5.99923E-01 3.00231E+01 1.96402E+00
 -1      2291 6.01107E-01 3.00596E+01 2.01166E+00
 -1      2292 6.00077E-01 3.00278E+01 2.03598E+00
 -1      2297 8.98552E-01 2.99797E+01 1.98844E+00
 -1      2298 8.99895E-01 3.00113E+01 1.96403E+00
 -1      2299 9.01448E-01 3.00479E+01 2.01156E+00
 -1      2300 9.00105E-01 3.00162E+01 2.03597E+00
 -1      2305-1.23365E+00 2.99985E+01 2.50549E-01
 -1      2306-1.20099E+00 2.99755E+01 2.51528E-01
 -1      2307-1.16635E+00 3.00244E+01 2.49451E-01
 -1      2308-1.19901E+00 3.00475E+01 2.48472E-01
 -1      2313-1.23356E+00 3.00081E+01 5.00427E-01
 -1      2314-1.20075E+00 2.99852E+01 5.01170E-01
 -1      2315-1.16644E+00 3.00344E+01 4.99573E-01
 -1      2316-1.19925E+00 3.00572E+01 4.98830E-01
 -1      2321-1.23343E+00 3.00142E+01 7.50237E-01
 -1      2322-1.20040E+00 2.99917E+01 7.50633E-01
 -1      2323-1.16657E+00 3.00412E+01 7.49763E-01
 -1      2324-1.19960E+00 3.00638E+01 7.49367E-01
 -1      2329-1.23328E+00 3.00161E+01 1.00000E+00
 -1      2330-1.20000E+00 2.99939E+01 1.00000E+00
 -1      2331-1.16672E+00 3.00439E+01 1.00000E+00
 -1      2332-1.20000E+00 3.00661E+01 1.00000E+00
 -1      2337-1.23313E+00 3.00135E+01 1.24975E+00
 -1      2338-1.19962E+00 2.99917E+01 1.24937E+00
 -1      2339-1.16687E+00 3.00419E+01 1.25025E+00
 -1      2340-1.20038E+00 3.00638E+01 1.25063E+00
 -1      2345-1.23301E+00 3.00067E+01 1.49953E+00
 -1      2346-1.19931E+00 2.99852E+01 1.49883E+00
 -1      2347-1.16699E+00 3.00357E+01 1.50047E+00
 -1      2348-1.20069E+00 3.00572E+01 1.50117E+00
 -1      2353-1.23293E+00 2.99968E+01 1.74938E+00
 -1      2354-1.19911E+00 2.99755E+01 1.74847E+00
 -1      2355-1.16707E+00 3.00262E+01 1.75062E+00
 -1      2356-1.20089E+00 3.00475E+01 1.75153E+00
 -1      2361 1.16707E+00 2.99738E+01 2.49378E-01
 -1      2362 1.20089E+00 2.99525E+01 2.48472E-01
 -1      2363 1.23293E+00 3.00032E+01 2.50622E-01
 -1      2364 1.19911E+00 3.00245E+01 2.51528E-01
 -1      2369 1.16699E+00 2.99643E+01 4.99529E-01
 -1      2370 1.20069E+00 2.99428E+01 4.98830E-01
 -1      2371 1.23301E+00 2.99933E+01 5.00471E-01
 -1      2372 1.19931E+00 3.00148E+01 5.01170E-01
 -1      2377 1.16687E+00 2.99581E+01 7.49750E-01
 -1      2378 1.20038E+00 2.99362E+01 7.49367E-01
 -1      2379 1.23313E+00 2.99865E+01 7.50250E-01
 -1      2380 1.19962E+00 3.00083E+01 7.50633E-01
 -1      2385 1.16672E+00 2.99561E+01 1.00000E+00
 -1      2386 1.20000E+00 2.99339E+01 1.00000E+00
 -1      2387 1.23328E+00 2.99839E+01 1.00000E+00
 -1      2388 1.20000E+00 3.00061E+01 1.00000E+00
 -1      2393 1.16657E+00 2.99588E+01 1.25024E+00
 -1      2394 1.19960E+00 2.99362E+01 1.25063E+00
 -1      2395 1.23343E+00 2.99858E+01 1.24976E+00
 -1      2396 1.20040E+00 3.00083E+01 1.24937E+00
 -1      2401 1.16644E+00 2.99656E+01 1.50043E+00
 -1      2402 1.19925E+00 2.99428E+01 1.50117E+00
 -1      2403 1.23356E+00 2.99919E+01 1.49957E+00
 -1      2404 1.20075E+00 3.00148E+01 1.49883E+00
 -1      2409 1.16635E+00 2.99756E+01 1.75055E+00
 -1      2410 1.19901E+00 2.99525E+01 1.75153E+00
 -1      2411 1.23365E+00 3.00015E+01 1.74945E+00
 -1      2412 1.20099E+00 3.00245E+01 1.74847E+00
 -1      2417 0.00000E+00 3.99300E+01-1.20023E-02
 -1      2418 0.00000E+00 3.99620E+01-3.60001E-02
 -1      2419 0.00000E+00 3.99980E+01 1.20023E-02
 -1      2420 0.00000E+00 3.99660E+01 3.60001E-02
 -1      2425 0.00000E+00 4.00020E+01 1.98800E+00
 -1      2426 0.00000E+00 4.00340E+01 1.96400E+00
 -1      2427 0.00000E+00 4.00700E+01 2.01200E+00
 -1      2428 0.00000E+00 4.00380E+01 2.03600E+00
 -1      2433-1.23329E+00 4.00161E+01 1.00000E+00
 -1      2434-1.20002E+00 3.99939E+01 1.00000E+00
 -1      2435-1.16671E+00 4.00438E+01 1.00000E+00
 -1      2436-1.19998E+00 4.00661E+01 1.00000E+00
 -1      2441 1.16671E+00 3.99562E+01 1.00000E+00
 -1      2442 1.19998E+00 3.99339E+01 1.00000E+00
 -1      2443 1.23329E+00 3.99839E+01 1.00000E+00
 -1      2444 1.20002E+00 4.00061E+01 1.00000E+00
 -1      2449-6.01023E-01 4.99404E+01-1.16832E-02
 -1      2450-6.00070E-01 4.99722E+01-3.59798E-02
 -1      2451-5.98977E-01 5.00086E+01 1.16832E-02
 -1      2452-5.99930E-01 4.99769E+01 3.59798E-02
 -1      2457 0.00000E+00 4.99300E+01-1.20008E-02
 -1      2458 0.00000E+00 4.99620E+01-3.60000E-02
 -1      2459 0.00000E+00 4.99980E+01 1.20008E-02
 -1      2460 0.00000E+00 4.99660E+01 3.60000E-02
 -1      2465 6.01016E-01 4.99407E+01-1.23359E-02
 -1      2466 6.00049E-01 4.99729E+01-3.60180E-02
 -1      2467 5.98984E-01 5.00084E+01 1.23359E-02
 -1      2468 5.99951E-01 4.99762E+01 3.60180E-02
 -1      2473-5.98984E-01 4.99916E+01 1.98766E+00
 -1      2474-5.99951E-01 5.00238E+01 1.96398E+00
 -1      2475-6.01016E-01 5.00593E+01 2.01234E+00
 -1      2476-6.00049E-01 5.00271E+01 2.03602E+00
 -1      2481 0.00000E+00 5.00020E+01 1.98800E+00
 -1      2482 0.00000E+00 5.00340E+01 1.96400E+00
 -1      2483 0.00000E+00 5.00700E+01 2.01200E+00
 -1      2484 0.00000E+00 5.00380E+01 2.03600E+00
 -1      2489 5.98977E-01 4.99914E+01 1.98832E+00
 -1      2490 5.99930E-01 5.00231E+01 1.96402E+00
 -1      2491 6.01023E-01 5.00596E+01 2.01168E+00
 -1      2492 6.00070E-01 5.00278E+01 2.03598E+00
 -1      2497-1.23354E+00 5.00080E+01 5.00396E-01
 -1      2498-1.20070E+00 4.99852E+01 5.01081E-01
 -1      2499-1.16646E+00 5.00344E+01 4.99604E-01
 -1      2500-1.19930E+00 5.00572E+01 4.98919E-01
 -1      2505-1.23328E+00 5.00161E+01 1.00000E+00
 -1      2506-1.20001E+00 4.99939E+01 1.00000E+00
 -1      2507-1.16672E+00 5.00439E+01 1.00000E+00
 -1      2508-1.19999E+00 5.00661E+01 1.00000E+00
 -1      2513-1.23303E+00 5.00068E+01 1.49957E+00
 -1      2514-1.19936E+00 4.99852E+01 1.49892E+00
 -1      2515-1.16697E+00 5.00357E+01 1.50043E+00
 -1      2516-1.20064E+00 5.00572E+01 1.50108E+00
 -1      2521 1.16697E+00 4.99643E+01 4.99567E-01
 -1      2522 1.20064E+00 4.99428E+01 4.98919E-01
 -1      2523 1.23303E+00 4.99932E+01 5.00433E-01
 -1      2524 1.19936E+00 5.00148E+01 5.01081E-01
 -1      2529 1.16672E+00 4.99561E+01 1.00000E+00
 -1      2530 1.19999E+00 4.99339E+01 1.00000E+00
 -1      2531 1.23328E+00 4.99839E+01 1.00000E+00
 -1      2532 1.20001E+00 5.00061E+01 1.00000E+00
 -1      2537 1.16646E+00 4.99656E+01 1.50040E+00
 -1      2538 1.19930E+00 4.99428E+01 1.50108E+00
 -1      2539 1.23354E+00 4.99920E+01 1.49960E+00
 -1      2540 1.20070E+00 5.00148E+01 1.49892E+00
 -1      2545-1.19757E+00 1.26703E+00 1.57055E-01
 -1      2546-1.23227E+00 1.26396E+00 1.76710E-01
 -1      2547-1.20243E+00 1.25593E+00 2.28140E-01
 -1      2548-1.16773E+00 1.25900E+00 2.08485E-01
 -1      2553-1.19773E+00 2.52712E+00 3.58438E-01
 -1      2554-1.23234E+00 2.52383E+00 3.78214E-01
 -1      2555-1.20227E+00 2.51531E+00 4.29430E-01
 -1      2556-1.16766E+00 2.51860E+00 4.09654E-01
 -1      2561-1.19798E+00 3.78416E+00 5.76000E-01
 -1      2562-1.23245E+00 3.78053E+00 5.95959E-01
 -1      2563-1.20202E+00 3.77128E+00 6.46836E-01
 -1      2564-1.16755E+00 3.77491E+00 6.26877E-01
 -1      2569-1.19828E+00 5.03706E+00 8.14685E-01
 -1      2570-1.23258E+00 5.03303E+00 8.34863E-01
 -1      2571-1.20172E+00 5.02294E+00 8.85315E-01
 -1      2572-1.16742E+00 5.02697E+00 8.65137E-01
 -1      2577-1.19860E+00 6.28540E+00 1.07622E+00
 -1      2578-1.23272E+00 6.28095E+00 1.09662E+00
 -1      2579-1.20140E+00 6.27003E+00 1.14662E+00
 -1      2580-1.16728E+00 6.27449E+00 1.12622E+00
 -1      2585-1.19888E+00 7.52942E+00 1.35884E+00
 -1      2586-1.23284E+00 7.52461E+00 1.37943E+00
 -1      2587-1.20112E+00 7.51300E+00 1.42902E+00
 -1      2588-1.16716E+00 7.51782E+00 1.40843E+00
 -1      2593-1.19908E+00 8.77004E+00 1.65759E+00
 -1      2594-1.23292E+00 8.76498E+00 1.67830E+00
 -1      2595-1.20092E+00 8.75292E+00 1.72761E+00
 -1      2596-1.16708E+00 8.75799E+00 1.70689E+00
 -1      2601-1.19416E+00 1.25599E+00 1.77225E+00
 -1      2602-1.23060E+00 1.25854E+00 1.78856E+00
 -1      2603-1.20584E+00 1.26697E+00 1.84256E+00
 -1      2604-1.16940E+00 1.26443E+00 1.82625E+00
 -1      2609-1.19409E+00 2.51537E+00 1.57098E+00
 -1      2610-1.23056E+00 2.51807E+00 1.58719E+00
 -1      2611-1.20591E+00 2.52705E+00 1.64115E+00
 -1      2612-1.16944E+00 2.52435E+00 1.62494E+00
 -1      2617-1.19399E+00 3.77136E+00 1.35360E+00
 -1      2618-1.23051E+00 3.77428E+00 1.36967E+00
 -1      2619-1.20601E+00 3.78408E+00 1.42356E+00
 -1      2620-1.16949E+00 3.78115E+00 1.40749E+00
 -1      2625-1.19388E+00 5.02303E+00 1.11516E+00
 -1      2626-1.23044E+00 5.02621E+00 1.13106E+00
 -1      2627-1.20612E+00 5.03697E+00 1.18484E+00
 -1      2628-1.16956E+00 5.03379E+00 1.16894E+00
 -1      2633-1.19377E+00 6.27014E+00 8.53886E-01
 -1      2634-1.23038E+00 6.27358E+00 8.69618E-01
 -1      2635-1.20623E+00 6.28529E+00 9.23278E-01
 -1      2636-1.16962E+00 6.28186E+00 9.07546E-01
 -1      2641-1.19368E+00 7.51313E+00 5.71502E-01
 -1      2642-1.23034E+00 7.51677E+00 5.87093E-01
 -1      2643-1.20632E+00 7.52930E+00 6.40630E-01
 -1      2644-1.16966E+00 7.52565E+00 6.25039E-01
 -1      2649-1.19363E+00 8.75305E+00 2.72930E-01
 -1      2650-1.23031E+00 8.75684E+00 2.88429E-01
 -1      2651-1.20637E+00 8.76991E+00 3.41875E-01
 -1      2652-1.16969E+00 8.76612E+00 3.26376E-01
 -1      2657 1.20243E+00 1.26703E+00 1.57055E-01
 -1      2658 1.16773E+00 1.26396E+00 1.76710E-01
 -1      2659 1.19757E+00 1.25593E+00 2.28140E-01
 -1      2660 1.23227E+00 1.25900E+00 2.08485E-01
 -1      2665 1.20227E+00 2.52712E+00 3.58438E-01
 -1      2666 1.16766E+00 2.52383E+00 3.78214E-01
 -1      2667 1.19773E+00 2.51531E+00 4.29430E-01
 -1      2668 1.23234E+00 2.51860E+00 4.09654E-01
 -1      2673 1.20202E+00 3.78416E+00 5.76000E-01
 -1      2674 1.16755E+00 3.78053E+00 5.95959E-01
 -1      2675 1.19798E+00 3.77128E+00 6.46836E-01
 -1      2676 1.23245E+00 3.77491E+00 6.26877E-01
 -1      2681 1.20172E+00 5.03706E+00 8.14685E-01
 -1      2682 1.16742E+00 5.03303E+00 8.34863E-01
 -1      2683 1.19828E+00 5.02294E+00 8.85315E-01
 -1      2684 1.23258E+00 5.02697E+00 8.65137E-01
 -1      2689 1.20140E+00 6.28540E+00 1.07622E+00
 -1      2690 1.16728E+00 6.28095E+00 1.09662E+00
 -1      2691 1.19860E+00 6.27003E+00 1.14662E+00
 -1      2692 1.23272E+00 6.27449E+00 1.12622E+00
 -1      2697 1.20112E+00 7.52942E+00 1.35884E+00
 -1      2698 1.16716E+00 7.52461E+00 1.37943E+00
 -1      2699 1.19888E+00 7.51300E+00 1.42902E+00
 -1      2700 1.23284E+00 7.51782E+00 1.40843E+00
 -1      2705 1.20092E+00 8.77004E+00 1.65759E+00
 -1      2706 1.16708E+00 8.76498E+00 1.67830E+00
 -1      2707 1.19908E+00 8.75292E+00 1.72761E+00
 -1      2708 1.23292E+00 8.75799E+00 1.70689E+00
 -1      2713 1.20584E+00 1.25599E+00 1.77225E+00
 -1      2714 1.16940E+00 1.25854E+00 1.78856E+00
 -1      2715 1.19416E+00 1.26697E+00 1.84256E+00
 -1      2716 1.23060E+00 1.26443E+00 1.82625E+00
 -1      2721 1.20591E+00 2.51537E+00 1.57098E+00
 -1      2722 1.16944E+00 2.51807E+00 1.58719E+00
 -1      2723 1.19409E+00 2.52705E+00 1.64115E+00
 -1      2724 1.23056E+00 2.52435E+00 1.62494E+00
 -1      2729 1.20601E+00 3.77136E+00 1.35360E+00
 -1      2730 1.16949E+00 3.77428E+00 1.36967E+00
 -1      2731 1.19399E+00 3.78408E+00 1.42356E+00
 -1      2732 1.23051E+00 3.78115E+00 1.40749E+00
 -1      2737 1.20612E+00 5.02303E+00 1.11516E+00
 -1      2738 1.16956E+00 5.02621E+00 1.13106E+00
 -1      2739 1.19388E+00 5.03697E+00 1.18484E+00
 -1      2740 1.23044E+00 5.03379E+00 1.16894E+00
 -1      2745 1.20623E+00 6.27014E+00 8.53886E-01
 -1      2746 1.16962E+00 6.27358E+00 8.69618E-01
 -1      2747 1.19377E+00 6.28529E+00 9.23278E-01
 -1      2748 1.23038E+00 6.28186E+00 9.07546E-01
 -1      2753 1.20632E+00 7.51313E+00 5.71502E-01
 -1      2754 1.16966E+00 7.51677E+00 5.87093E-01
 -1      2755 1.19368E+00 7.52930E+00 6.40630E-01
 -1      2756 1.23034E+00 7.52565E+00 6.25039E-01
 -1      2761 1.20637E+00 8.75305E+00 2.72930E-01
 -1      2762 1.16969E+00 8.75684E+00 2.88429E-01
 -1      2763 1.19363E+00 8.76991E+00 3.41875E-01
 -1      2764 1.23031E+00 8.76612E+00 3.26376E-01
 -1      2769-8.31704E-01 1.23312E+00-3.42295E-02
 -1      2770-8.68791E-01 1.24370E+00-2.36225E-02
 -1      2771-8.53491E-01 1.23933E+00 3.42295E-02
 -1      2772-8.16404E-01 1.22875E+00 2.36225E-02
 -1      2777-4.83271E-01 2.47162E+00-3.43179E-02
 -1      2778-5.20380E-01 2.48181E+00-2.34066E-02
 -1      2779-5.04597E-01 2.47747E+00 3.43179E-02
 -1      2780-4.67488E-01 2.46728E+00 2.34066E-02
 -1      2785-1.51102E-01 3.71407E+00-3.44451E-02
 -1      2786-1.88233E-01 3.72368E+00-2.30837E-02
 -1      2787-1.71734E-01 3.71941E+00 3.44451E-02
 -1      2788-1.34603E-01 3.70980E+00 2.30837E-02
 -1      2793 1.59903E-01 4.96162E+00-3.45874E-02
 -1      2794 1.22764E-01 4.97054E+00-2.27035E-02
 -1      2795 1.40097E-01 4.96638E+00 3.45874E-02
 -1      2796 1.77236E-01 4.95746E+00 2.27035E-02
 -1      2801 4.48070E-01 6.21464E+00-3.47212E-02
 -1      2802 4.10939E-01 6.22286E+00-2.23246E-02
 -1      2803 4.29094E-01 6.21884E+00 3.47212E-02
 -1      2804 4.66225E-01 6.21062E+00 2.23246E-02
 -1      2809 7.15201E-01 7.47266E+00-3.48283E-02
 -1      2810 6.78091E-01 7.48030E+00-2.20050E-02
 -1      2811 6.96931E-01 7.47643E+00 3.48283E-02
 -1      2812 7.34041E-01 7.46878E+00 2.20050E-02
 -1      2817 9.66302E-01 8.73448E+00-3.48965E-02
 -1      2818 9.29212E-01 8.74174E+00-2.17923E-02
 -1      2819 9.48503E-01 8.73796E+00 3.48965E-02
 -1      2820 9.85593E-01 8.73071E+00 2.17923E-02
 -1      2825 8.42124E-01 1.23609E+00-3.60521E-02
 -1      2826 8.10413E-01 1.22704E+00-1.34113E-02
 -1      2827 8.43071E-01 1.23636E+00 3.60521E-02
 -1      2828 8.74781E-01 1.24541E+00 1.34113E-02
 -1      2833 4.93597E-01 2.47445E+00-3.60538E-02
 -1      2834 4.61712E-01 2.46570E+00-1.35445E-02
 -1      2835 4.94271E-01 2.47464E+00 3.60538E-02
 -1      2836 5.26156E-01 2.48339E+00 1.35445E-02
 -1      2841 1.61293E-01 3.71671E+00-3.60553E-02
 -1      2842 1.29148E-01 3.70839E+00-1.37478E-02
 -1      2843 1.61544E-01 3.71677E+00 3.60553E-02
 -1      2844 1.93688E-01 3.72509E+00 1.37478E-02
 -1      2849-1.49867E-01 4.96403E+00-3.60553E-02
 -1      2850-1.82312E-01 4.95625E+00-1.39935E-02
 -1      2851-1.50133E-01 4.96397E+00 3.60553E-02
 -1      2852-1.17688E-01 4.97176E+00 1.39935E-02
 -1      2857-4.38181E-01 6.21683E+00-3.60532E-02
 -1      2858-4.70920E-01 6.20958E+00-1.42455E-02
 -1      2859-4.38983E-01 6.21665E+00 3.60532E-02
 -1      2860-4.06244E-01 6.22390E+00 1.42455E-02
 -1      2865-7.05431E-01 7.47468E+00-3.60497E-02
 -1      2866-7.38414E-01 7.46788E+00-1.44640E-02
 -1      2867-7.06701E-01 7.47441E+00 3.60497E-02
 -1      2868-6.73718E-01 7.48121E+00 1.44640E-02
 -1      2873-9.56607E-01 8.73638E+00-3.60464E-02
 -1      2874-9.89751E-01 8.72990E+00-1.46123E-02
 -1      2875-9.58198E-01 8.73607E+00 3.60464E-02
 -1      2876-9.25054E-01 8.74255E+00 1.46123E-02
 -1      2881-8.31704E-01 1.23312E+00 1.96577E+00
 -1      2882-8.68791E-01 1.24370E+00 1.97638E+00
 -1      2883-8.53491E-01 1.23933E+00 2.03423E+00
 -1      2884-8.16404E-01 1.22875E+00 2.02362E+00
 -1      2889-4.83271E-01 2.47162E+00 1.96568E+00
 -1      2890-5.20380E-01 2.48181E+00 1.97659E+00
 -1      2891-5.04597E-01 2.47747E+00 2.03432E+00
 -1      2892-4.67488E-01 2.46728E+00 2.02341E+00
 -1      2897-1.51102E-01 3.71407E+00 1.96555E+00
 -1      2898-1.88233E-01 3.72368E+00 1.97692E+00
 -1      2899-1.71734E-01 3.71941E+00 2.03445E+00
 -1      2900-1.34603E-01 3.70980E+00 2.02308E+00
 -1      2905 1.59903E-01 4.96162E+00 1.96541E+00
 -1      2906 1.22764E-01 4.97054E+00 1.97730E+00
 -1      2907 1.40097E-01 4.96638E+00 2.03459E+00
 -1      2908 1.77236E-01 4.95746E+00 2.02270E+00
 -1      2913 4.48070E-01 6.21464E+00 1.96528E+00
 -1      2914 4.10939E-01 6.22286E+00 1.97768E+00
 -1      2915 4.29094E-01 6.21884E+00 2.03472E+00
 -1      2916 4.66225E-01 6.21062E+00 2.02232E+00
 -1      2921 7.15201E-01 7.47266E+00 1.96517E+00
 -1      2922 6.78091E-01 7.48030E+00 1.97800E+00
 -1      2923 6.96931E-01 7.47643E+00 2.03483E+00
 -1      2924 7.34041E-01 7.46878E+00 2.02200E+00
 -1      2929 9.66302E-01 8.73448E+00 1.96510E+00
 -1      2930 9.29212E-01 8.74174E+00 1.97821E+00
 -1      2931 9.48503E-01 8.73796E+00 2.03490E+00
 -1      2932 9.85593E-01 8.73071E+00 2.02179E+00
 -1      2937 8.42124E-01 1.23609E+00 1.96395E+00
 -1      2938 8.10413E-01 1.22704E+00 1.98659E+00
 -1      2939 8.43071E-01 1.23636E+00 2.03605E+00
 -1      2940 8.74781E-01 1.24541E+00 2.01341E+00
 -1      2945 4.93597E-01 2.47445E+00 1.96395E+00
 -1      2946 4.61712E-01 2.46570E+00 1.98646E+00
 -1      2947 4.94271E-01 2.47464E+00 2.03605E+00
 -1      2948 5.26156E-01 2.48339E+00 2.01354E+00
 -1      2953 1.61293E-01 3.71671E+00 1.96394E+00
 -1      2954 1.29148E-01 3.70839E+00 1.98625E+00
 -1      2955 1.61544E-01 3.71677E+00 2.03606E+00
 -1      2956 1.93688E-01 3.72509E+00 2.01375E+00
 -1      2961-1.49867E-01 4.96403E+00 1.96394E+00
 -1      2962-1.82312E-01 4.95625E+00 1.98601E+00
 -1      2963-1.50133E-01 4.96397E+00 2.03606E+00
 -1      2964-1.17688E-01 4.97176E+00 2.01399E+00
 -1      2969-4.38181E-01 6.21683E+00 1.96395E+00
 -1      2970-4.70920E-01 6.20958E+00 1.98575E+00
 -1      2971-4.38983E-01 6.21665E+00 2.03605E+00
 -1      2972-4.06244E-01 6.22390E+00 2.01425E+00
 -1      2977-7.05431E-01 7.47468E+00 1.96395E+00
 -1      2978-7.38414E-01 7.46788E+00 1.98554E+00
 -1      2979-7.06701E-01 7.47441E+00 2.03605E+00
 -1      2980-6.73718E-01 7.48121E+00 2.01446E+00
 -1      2985-9.56607E-01 8.73638E+00 1.96395E+00
 -1      2986-9.89751E-01 8.72990E+00 1.98539E+00
 -1      2987-9.58198E-01 8.73607E+00 2.03605E+00
 -1      2988-9.25054E-01 8.74255E+00 2.01461E+00
 -1      2993-1.19830E+00 1.50371E+01 8.14684E-01
 -1      2994-1.23259E+00 1.50330E+01 8.34874E-01
 -1      2995-1.20170E+00 1.50229E+01 8.85316E-01
 -1      2996-1.16741E+00 1.50270E+01 8.65126E-01
 -1      3001-1.19388E+00 1.50230E+01 1.11516E+00
 -1      3002-1.23044E+00 1.50262E+01 1.13106E+00
 -1      3003-1.20612E+00 1.50370E+01 1.18484E+00
 -1      3004-1.16956E+00 1.50338E+01 1.16894E+00
 -1      3009 1.20170E+00 1.50371E+01 8.14684E-01
 -1      3010 1.16741E+00 1.50330E+01 8.34874E-01
 -1      3011 1.19830E+00 1.50229E+01 8.85316E-01
 -1      3012 1.23259E+00 1.50270E+01 8.65126E-01
 -1      3017 1.20612E+00 1.50230E+01 1.11516E+00
 -1      3018 1.16956E+00 1.50262E+01 1.13106E+00
 -1      3019 1.19388E+00 1.50370E+01 1.18484E+00
 -1      3020 1.23044E+00 1.50338E+01 1.16894E+00
 -1      3025 1.59908E-01 1.49616E+01-3.45858E-02
 -1      3026 1.22767E-01 1.49705E+01-2.27077E-02
 -1      3027 1.40092E-01 1.49664E+01 3.45858E-02
 -1      3028 1.77233E-01 1.49575E+01 2.27077E-02
 -1      3033-1.49864E-01 1.49640E+01-3.60552E-02
 -1      3034-1.82310E-01 1.49562E+01-1.39967E-02
 -1      3035-1.50136E-01 1.49640E+01 3.60552E-02
 -1      3036-1.17690E-01 1.49718E+01 1.39967E-02
 -1      3041 1.59908E-01 1.49616E+01 1.96541E+00
 -1      3042 1.22767E-01 1.49705E+01 1.97729E+00
 -1      3043 1.40092E-01 1.49664E+01 2.03459E+00
 -1      3044 1.77233E-01 1.49575E+01 2.02271E+00
 -1      3049-1.49864E-01 1.49640E+01 1.96394E+00
 -1      3050-1.82310E-01 1.49562E+01 1.98600E+00
 -1      3051-1.50136E-01 1.49640E+01 2.03606E+00
 -1      3052-1.17690E-01 1.49718E+01 2.01400E+00
 -1      3057-1.19830E+00 2.50371E+01 8.14684E-01
 -1      3058-1.23259E+00 2.50330E+01 8.34874E-01
 -1      3059-1.20170E+00 2.50229E+01 8.85316E-01
 -1      3060-1.16741E+00 2.50270E+01 8.65126E-01
 -1      3065-1.19388E+00 2.50230E+01 1.11516E+00
 -1      3066-1.23044E+00 2.50262E+01 1.13106E+00
 -1      3067-1.20612E+00 2.50370E+01 1.18484E+00
 -1      3068-1.16956E+00 2.50338E+01 1.16894E+00
 -1      3073 1.20170E+00 2.50371E+01 8.14684E-01
 -1      3074 1.16741E+00 2.50330E+01 8.34874E-01
 -1      3075 1.19830E+00 2.50229E+01 8.85316E-01
 -1      3076 1.23259E+00 2.50270E+01 8.65126E-01
 -1      3081 1.20612E+00 2.50230E+01 1.11516E+00
 -1      3082 1.16956E+00 2.50262E+01 1.13106E+00
 -1      3083 1.19388E+00 2.50370E+01 1.18484E+00
 -1      3084 1.23044E+00 2.50338E+01 1.16894E+00
 -1      3089 1.59908E-01 2.49616E+01-3.45858E-02
 -1      3090 1.22767E-01 2.49705E+01-2.27077E-02
 -1      3091 1.40092E-01 2.49664E+01 3.45858E-02
 -1      3092 1.77233E-01 2.49575E+01 2.27077E-02
 -1      3097-1.49864E-01 2.49640E+01-3.60552E-02
 -1      3098-1.82310E-01 2.49562E+01-1.39967E-02
 -1      3099-1.50136E-01 2.49640E+01 3.60552E-02
 -1      3100-1.17690E-01 2.49718E+01 1.39967E-02
 -1      3105 1.59908E-01 2.49616E+01 1.96541E+00
 -1      3106 1.22767E-01 2.49705E+01 1.97729E+00
 -1      3107 1.40092E-01 2.49664E+01 2.03459E+00
 -1      3108 1.77233E-01 2.49575E+01 2.02271E+00
 -1      3113-1.49864E-01 2.49640E+01 1.96394E+00
 -1      3114-1.82310E-01 2.49562E+01 1.98600E+00
 -1      3115-1.50136E-01 2.49640E+01 2.03606E+00
 -1      3116-1.17690E-01 2.49718E+01 2.01400E+00
 -1      3121-1.19777E+00 3.25272E+01 3.58451E-01
 -1      3122-1.23236E+00 3.25239E+01 3.78258E-01
 -1      3123-1.20223E+00 3.25152E+01 4.29417E-01
 -1      3124-1.16764E+00 3.25186E+01 4.09610E-01
 -1      3129-1.19829E+00 3.50371E+01 8.14685E-01
 -1      3130-1.23259E+00 3.50330E+01 8.34866E-01
 -1      3131-1.20171E+00 3.50229E+01 8.85315E-01
 -1      3132-1.16741E+00 3.50270E+01 8.65134E-01
 -1      3137-1.19884E+00 3.75293E+01 1.35882E+00
 -1      3138-1.23282E+00 3.75246E+01 1.37939E+00
 -1      3139-1.20116E+00 3.75131E+01 1.42904E+00
 -1      3140-1.16718E+00 3.75178E+01 1.40848E+00
 -1      3145-1.19407E+00 3.25153E+01 1.57100E+00
 -1      3146-1.23055E+00 3.25180E+01 1.58719E+00
 -1      3147-1.20593E+00 3.25271E+01 1.64113E+00
 -1      3148-1.16945E+00 3.25244E+01 1.62495E+00
 -1      3153-1.19388E+00 3.50230E+01 1.11516E+00
 -1      3154-1.23044E+00 3.50262E+01 1.13106E+00
 -1      3155-1.20612E+00 3.50370E+01 1.18484E+00
 -1      3156-1.16956E+00 3.50338E+01 1.16894E+00
 -1      3161-1.19370E+00 3.75132E+01 5.71480E-01
 -1      3162-1.23034E+00 3.75168E+01 5.87095E-01
 -1      3163-1.20630E+00 3.75292E+01 6.40652E-01
 -1      3164-1.16966E+00 3.75256E+01 6.25037E-01
 -1      3169 1.20223E+00 3.25272E+01 3.58451E-01
 -1      3170 1.16764E+00 3.25239E+01 3.78258E-01
 -1      3171 1.19777E+00 3.25152E+01 4.29417E-01
 -1      3172 1.23236E+00 3.25186E+01 4.09610E-01
 -1      3177 1.20171E+00 3.50371E+01 8.14685E-01
 -1      3178 1.16741E+00 3.50330E+01 8.34866E-01
 -1      3179 1.19829E+00 3.50229E+01 8.85315E-01
 -1      3180 1.23259E+00 3.50270E+01 8.65134E-01
 -1      3185 1.20116E+00 3.75293E+01 1.35882E+00
 -1      3186 1.16718E+00 3.75246E+01 1.37939E+00
 -1      3187 1.19884E+00 3.75131E+01 1.42904E+00
 -1      3188 1.23282E+00 3.75178E+01 1.40848E+00
 -1      3193 1.20593E+00 3.25153E+01 1.57100E+00
 -1      3194 1.16945E+00 3.25180E+01 1.58719E+00
 -1      3195 1.19407E+00 3.25271E+01 1.64113E+00
 -1      3196 1.23055E+00 3.25244E+01 1.62495E+00
 -1      3201 1.20612E+00 3.50230E+01 1.11516E+00
 -1      3202 1.16956E+00 3.50262E+01 1.13106E+00
 -1      3203 1.19388E+00 3.50370E+01 1.18484E+00
 -1      3204 1.23044E+00 3.50338E+01 1.16894E+00
 -1      3209 1.20630E+00 3.75132E+01 5.71480E-01
 -1      3210 1.16966E+00 3.75168E+01 5.87095E-01
 -1      3211 1.19370E+00 3.75292E+01 6.40652E-01
 -1      3212 1.23034E+00 3.75256E+01 6.25037E-01
 -1      3217-4.83328E-01 3.24717E+01-3.43393E-02
 -1      3218-5.20442E-01 3.24818E+01-2.33534E-02
 -1      3219-5.04540E-01 3.24774E+01 3.43393E-02
 -1      3220-4.67426E-01 3.24673E+01 2.33534E-02
 -1      3225 1.59904E-01 3.49616E+01-3.45869E-02
 -1      3226 1.22764E-01 3.49705E+01-2.27046E-02
 -1      3227 1.40096E-01 3.49664E+01 3.45869E-02
 -1      3228 1.77236E-01 3.49575E+01 2.27046E-02
 -1      3233 7.15261E-01 3.74726E+01-3.48107E-02
 -1      3234 6.78146E-01 3.74804E+01-2.20585E-02
 -1      3235 6.96871E-01 3.74765E+01 3.48107E-02
 -1      3236 7.33986E-01 3.74687E+01 2.20585E-02
 -1      3241 4.93632E-01 3.24745E+01-3.60542E-02
 -1      3242 4.61704E-01 3.24658E+01-1.35783E-02
 -1      3243 4.94236E-01 3.24746E+01 3.60542E-02
 -1      3244 5.26164E-01 3.24833E+01 1.35783E-02
 -1      3249-1.49866E-01 3.49640E+01-3.60553E-02
 -1      3250-1.82311E-01 3.49562E+01-1.39944E-02
 -1      3251-1.50134E-01 3.49640E+01 3.60553E-02
 -1      3252-1.17689E-01 3.49718E+01 1.39944E-02
 -1      3257-7.05470E-01 3.74747E+01-3.60504E-02
 -1      3258-7.38413E-01 3.74678E+01-1.44278E-02
 -1      3259-7.06662E-01 3.74744E+01 3.60504E-02
 -1      3260-6.73719E-01 3.74813E+01 1.44278E-02
 -1      3265-4.83328E-01 3.24717E+01 1.96566E+00
 -1      3266-5.20442E-01 3.24818E+01 1.97665E+00
 -1      3267-5.04540E-01 3.24774E+01 2.03434E+00
 -1      3268-4.67426E-01 3.24673E+01 2.02335E+00
 -1      3273 1.59904E-01 3.49616E+01 1.96541E+00
 -1      3274 1.22764E-01 3.49705E+01 1.97730E+00
 -1      3275 1.40096E-01 3.49664E+01 2.03459E+00
 -1      3276 1.77236E-01 3.49575E+01 2.02270E+00
 -1      3281 7.15261E-01 3.74726E+01 1.96519E+00
 -1      3282 6.78146E-01 3.74804E+01 1.97794E+00
 -1      3283 6.96871E-01 3.74765E+01 2.03481E+00
 -1      3284 7.33986E-01 3.74687E+01 2.02206E+00
 -1      3289 4.93632E-01 3.24745E+01 1.96395E+00
 -1      3290 4.61704E-01 3.24658E+01 1.98642E+00
 -1      3291 4.94236E-01 3.24746E+01 2.03605E+00
 -1      3292 5.26164E-01 3.24833E+01 2.01358E+00
 -1      3297-1.49866E-01 3.49640E+01 1.96394E+00
 -1      3298-1.82311E-01 3.49562E+01 1.98601E+00
 -1      3299-1.50134E-01 3.49640E+01 2.03606E+00
 -1      3300-1.17689E-01 3.49718E+01 2.01399E+00
 -1      3305-7.05470E-01 3.74747E+01 1.96395E+00
 -1      3306-7.38413E-01 3.74678E+01 1.98557E+00
 -1      3307-7.06662E-01 3.74744E+01 2.03605E+00
 -1      3308-6.73719E-01 3.74813E+01 2.01443E+00
 -3
    3C                           316                                     1
 -1         1    1    0    1
 -2       257      1457      1458       258       260      1460      1459       259
 -1         2    1    0    1
 -2      1457      1465      1466      1458      1460      1468      1467      1459
 -1         3    1    0    1
 -2      1465      1473      1474      1466      1468      1476      1475      1467
 -1         4    1    0    1
 -2      1473      1481      1482      1474      1476      1484      1483      1475
 -1         5    1    0    1
 -2      1481      1489      1490      1482      1484      1492      1491      1483
 -1         6    1    0    1
 -2      1489      1497      1498      1490      1492      1500      1499      1491
 -1         7    1    0    1
 -2      1497      1505      1506      1498      1500      1508      1507      1499
 -1         8    1    0    1
 -2      1505       457       458      1506      1508       460       459      1507
 -1         9    1    0    1
 -2       307      1513      1514       308       310      1516      1515       309
 -1        10    1    0    1
 -2      1513      1521      1522      1514      1516      1524      1523      1515
 -1        11    1    0    1
 -2      1521      1529      1530      1522      1524      1532      1531      1523
 -1        12    1    0    1
 -2      1529      1537      1538      1530      1532      1540      1539      1531
 -1        13    1    0    1
 -2      1537      1545      1546      1538      1540      1548      1547      1539
 -1        14    1    0    1
 -2      1545      1553      1554      1546      1548      1556      1555      1547
 -1        15    1    0    1
 -2      1553      1561      1562      1554      1556      1564      1563      1555
 -1        16    1    0    1
 -2      1561       507       508      1562      1564       510       509      1563
 -1        17    1    0    1
 -2       357      1569      1570       358       360      1572      1571       359
 -1        18    1    0    1
 -2      1569      1577      1578      1570      1572      1580      1579      1571
 -1        19    1    0    1
 -2      1577      1585      1586      1578      1580      1588      1587      1579
 -1        20    1    0    1
 -2      1585      1593      1594      1586      1588      1596      1595      1587
 -1        21    1    0    1
 -2      1593      1601      1602      1594      1596      1604      1603      1595
 -1        22    1    0    1
 -2      1601      1609      1610      1602      1604      1612      1611      1603
 -1        23    1    0    1
 -2      1609      1617      1618      1610      1612      1620      1619      1611
 -1        24    1    0    1
 -2      1617       557       558      1618      1620       560       559      1619
 -1        25    1    0    1
 -2       407      1625      1626       408       410      1628      1627       409
 -1        26    1    0    1
 -2      1625      1633      1634      1626      1628      1636      1635      1627
 -1        27    1    0    1
 -2      1633      1641      1642      1634      1636      1644      1643      1635
 -1        28    1    0    1
 -2      1641      1649      1650      1642      1644      1652      1651      1643
 -1        29    1    0    1
 -2      1649      1657      1658      1650      1652      1660      1659      1651
 -1        30    1    0    1
 -2      1657      1665      1666      1658      1660      1668      1667      1659
 -1        31    1    0    1
 -2      1665      1673      1674      1666      1668      1676      1675      1667
 -1        32    1    0    1
 -2      1673       607       608      1674      1676       610       609      1675
 -1        33    1    0    1
 -2       457      1681      1682       458       460      1684      1683       459
 -1        34    1    0    1
 -2      1681      1689      1690      1682      1684      1692      1691      1683
 -1        35    1    0    1
 -2      1689      1697      1698      1690      1692      1700      1699      1691
 -1        36    1    0    1
 -2      1697       657       658      1698      1700       660       659      1699
 -1        37    1    0    1
 -2       507      1705      1706       508       510      1708      1707       509
 -1        38    1    0    1
 -2      1705      1713      1714      1706      1708      1716      1715      1707
 -1        39    1    0    1
 -2      1713      1721      1722      1714      1716      1724      1723      1715
 -1        40    1    0    1
 -2      1721       707       708      1722      1724       710       709      1723
 -1        41    1    0    1
 -2       557      1729      1730       558       560      1732      1731       559
 -1        42    1    0    1
 -2      1729      1737      1738      1730      1732      1740      1739      1731
 -1        43    1    0    1
 -2      1737      1745      1746      1738      1740      1748      1747      1739
 -1        44    1    0    1
 -2      1745       757       758      1746      1748       760       759      1747
 -1        45    1    0    1
 -2       607      1753      1754       608       610      1756      1755       609
 -1        46    1    0    1
 -2      1753      1761      1762      1754      1756      1764      1763      1755
 -1        47    1    0    1
 -2      1761      1769      1770      1762      1764      1772      1771      1763
 -1        48    1    0    1
 -2      1769       807       808      1770      1772       810       809      1771
 -1        49    1    0    1
 -2       657       857       858       658       660       860       859       659
 -1        50    1    0    1
 -2       707       907       908       708       710       910       909       709
 -1        51    1    0    1
 -2       757       957       958       758       760       960       959       759
 -1        52    1    0    1
 -2       807      1007      1008       808       810      1010      1009       809
 -1        53    1    0    1
 -2       857      1777      1778       858       860      1780      1779       859
 -1        54    1    0    1
 -2      1777      1785      1786      1778      1780      1788      1787      1779
 -1        55    1    0    1
 -2      1785      1793      1794      1786      1788      1796      1795      1787
 -1        56    1    0    1
 -2      1793      1057      1058      1794      1796      1060      1059      1795
 -1        57    1    0    1
 -2       907      1801      1802       908       910      1804      1803       909
 -1        58    1    0    1
 -2      1801      1809      1810      1802      1804      1812      1811      1803
 -1        59    1    0    1
 -2      1809      1817      1818      1810      1812      1820      1819      1811
 -1        60    1    0    1
 -2      1817      1107      1108      1818      1820      1110      1109      1819
 -1        61    1    0    1
 -2       957      1825      1826       958       960      1828      1827       959
 -1        62    1    0    1
 -2      1825      1833      1834      1826      1828      1836      1835      1827
 -1        63    1    0    1
 -2      1833      1841      1842      1834      1836      1844      1843      1835
 -1        64    1    0    1
 -2      1841      1157      1158      1842      1844      1160      1159      1843
 -1        65    1    0    1
 -2      1007      1849      1850      1008      1010      1852      1851      1009
 -1        66    1    0    1
 -2      1849      1857      1858      1850      1852      1860      1859      1851
 -1        67    1    0    1
 -2      1857      1865      1866      1858      1860      1868      1867      1859
 -1        68    1    0    1
 -2      1865      1207      1208      1866      1868      1210      1209      1867
 -1        69    1    0    1
 -2      1057      1873      1874      1058      1060      1876      1875      1059
 -1        70    1    0    1
 -2      1873      1881      1882      1874      1876      1884      1883      1875
 -1        71    1    0    1
 -2      1881      1889      1890      1882      1884      1892      1891      1883
 -1        72    1    0    1
 -2      1889      1257      1258      1890      1892      1260      1259      1891
 -1        73    1    0    1
 -2      1107      1897      1898      1108      1110      1900      1899      1109
 -1        74    1    0    1
 -2      1897      1905      1906      1898      1900      1908      1907      1899
 -1        75    1    0    1
 -2      1905      1913      1914      1906      1908      1916      1915      1907
 -1        76    1    0    1
 -2      1913      1307      1308      1914      1916      1310      1309      1915
 -1        77    1    0    1
 -2      1157      1921      1922      1158      1160      1924      1923      1159
 -1        78    1    0    1
 -2      1921      1929      1930      1922      1924      1932      1931      1923
 -1        79    1    0    1
 -2      1929      1937      1938      1930      1932      1940      1939      1931
 -1        80    1    0    1
 -2      1937      1357      1358      1938      1940      1360      1359      1939
 -1        81    1    0    1
 -2      1207      1945      1946      1208      1210      1948      1947      1209
 -1        82    1    0    1
 -2      1945      1953      1954      1946      1948      1956      1955      1947
 -1        83    1    0    1
 -2      1953      1961      1962      1954      1956      1964      1963      1955
 -1        84    1    0    1
 -2      1961      1407      1408      1962      1964      1410      1409      1963
 -1        85    1    0    1
 -2       265      1969      1970       266       268      1972      1971       267
 -1        86    1    0    1
 -2      1969      1977      1978      1970      1972      1980      1979      1971
 -1        87    1    0    1
 -2      1977      1985      1986      1978      1980      1988      1987      1979
 -1        88    1    0    1
 -2      1985       315       316      1986      1988       318       317      1987
 -1        89    1    0    1
 -2       365      1993      1994       366       368      1996      1995       367
 -1        90    1    0    1
 -2      1993      2001      2002      1994      1996      2004      2003      1995
 -1        91    1    0    1
 -2      2001      2009      2010      2002      2004      2012      2011      2003
 -1        92    1    0    1
 -2      2009       415       416      2010      2012       418       417      2011
 -1        93    1    0    1
 -2       273      2017      2018       274       276      2020      2019       275
 -1        94    1    0    1
 -2      2017      2025      2026      2018      2020      2028      2027      2019
 -1        95    1    0    1
 -2      2025      2033      2034      2026      2028      2036      2035      2027
 -1        96    1    0    1
 -2      2033       373       374      2034      2036       376       375      2035
 -1        97    1    0    1
 -2       323      2041      2042       324       326      2044      2043       325
 -1        98    1    0    1
 -2      2041      2049      2050      2042      2044      2052      2051      2043
 -1        99    1    0    1
 -2      2049      2057      2058      2050      2052      2060      2059      2051
 -1       100    1    0    1
 -2      2057       423       424      2058      2060       426       425      2059
 -1       101    1    0    1
 -2       465      2065      2066       466       468      2068      2067       467
 -1       102    1    0    1
 -2      2065      2073      2074      2066      2068      2076      2075      2067
 -1       103    1    0    1
 -2      2073      2081      2082      2074      2076      2084      2083      2075
 -1       104    1    0    1
 -2      2081       515       516      2082      2084       518       517      2083
 -1       105    1    0    1
 -2       565      2089      2090       566       568      2092      2091       567
 -1       106    1    0    1
 -2      2089      2097      2098      2090      2092      2100      2099      2091
 -1       107    1    0    1
 -2      2097      2105      2106      2098      2100      2108      2107      2099
 -1       108    1    0    1
 -2      2105       615       616      2106      2108       618       617      2107
 -1       109    1    0    1
 -2       473      2113      2114       474       476      2116      2115       475
 -1       110    1    0    1
 -2      2113      2121      2122      2114      2116      2124      2123      2115
 -1       111    1    0    1
 -2      2121      2129      2130      2122      2124      2132      2131      2123
 -1       112    1    0    1
 -2      2129       573       574      2130      2132       576       575      2131
 -1       113    1    0    1
 -2       523      2137      2138       524       526      2140      2139       525
 -1       114    1    0    1
 -2      2137      2145      2146      2138      2140      2148      2147      2139
 -1       115    1    0    1
 -2      2145      2153      2154      2146      2148      2156      2155      2147
 -1       116    1    0    1
 -2      2153       623       624      2154      2156       626       625      2155
 -1       117    1    0    1
 -2       665      2161      2162       666       668      2164      2163       667
 -1       118    1    0    1
 -2      2161       715       716      2162      2164       718       717      2163
 -1       119    1    0    1
 -2       765      2169      2170       766       768      2172      2171       767
 -1       120    1    0    1
 -2      2169       815       816      2170      2172       818       817      2171
 -1       121    1    0    1
 -2       673      2177      2178       674       676      2180      2179       675
 -1       122    1    0    1
 -2      2177       773       774      2178      2180       776       775      2179
 -1       123    1    0    1
 -2       723      2185      2186       724       726      2188      2187       725
 -1       124    1    0    1
 -2      2185       823       824      2186      2188       826       825      2187
 -1       125    1    0    1
 -2       865      2193      2194       866       868      2196      2195       867
 -1       126    1    0    1
 -2      2193      2201      2202      2194      2196      2204      2203      2195
 -1       127    1    0    1
 -2      2201      2209      2210      2202      2204      2212      2211      2203
 -1       128    1    0    1
 -2      2209      2217      2218      2210      2212      2220      2219      2211
 -1       129    1    0    1
 -2      2217      2225      2226      2218      2220      2228      2227      2219
 -1       130    1    0    1
 -2      2225      2233      2234      2226      2228      2236      2235      2227
 -1       131    1    0    1
 -2      2233      2241      2242      2234      2236      2244      2243      2235
 -1       132    1    0    1
 -2      2241       915       916      2242      2244       918       917      2243
 -1       133    1    0    1
 -2       965      2249      2250       966       968      2252      2251       967
 -1       134    1    0    1
 -2      2249      2257      2258      2250      2252      2260      2259      2251
 -1       135    1    0    1
 -2      2257      2265      2266      2258      2260      2268      2267      2259
 -1       136    1    0    1
 -2      2265      2273      2274      2266      2268      2276      2275      2267
 -1       137    1    0    1
 -2      2273      2281      2282      2274      2276      2284      2283      2275
 -1       138    1    0    1
 -2      2281      2289      2290      2282      2284      2292      2291      2283
 -1       139    1    0    1
 -2      2289      2297      2298      2290      2292      2300      2299      2291
 -1       140    1    0    1
 -2      2297      1015      1016      2298      2300      1018      1017      2299
 -1       141    1    0    1
 -2       873      2305      2306       874       876      2308      2307       875
 -1       142    1    0    1
 -2      2305      2313      2314      2306      2308      2316      2315      2307
 -1       143    1    0    1
 -2      2313      2321      2322      2314      2316      2324      2323      2315
 -1       144    1    0    1
 -2      2321      2329      2330      2322      2324      2332      2331      2323
 -1       145    1    0    1
 -2      2329      2337      2338      2330      2332      2340      2339      2331
 -1       146    1    0    1
 -2      2337      2345      2346      2338      2340      2348      2347      2339
 -1       147    1    0    1
 -2      2345      2353      2354      2346      2348      2356      2355      2347
 -1       148    1    0    1
 -2      2353       973       974      2354      2356       976       975      2355
 -1       149    1    0    1
 -2       923      2361      2362       924       926      2364      2363       925
 -1       150    1    0    1
 -2      2361      2369      2370      2362      2364      2372      2371      2363
 -1       151    1    0    1
 -2      2369      2377      2378      2370      2372      2380      2379      2371
 -1       152    1    0    1
 -2      2377      2385      2386      2378      2380      2388      2387      2379
 -1       153    1    0    1
 -2      2385      2393      2394      2386      2388      2396      2395      2387
 -1       154    1    0    1
 -2      2393      2401      2402      2394      2396      2404      2403      2395
 -1       155    1    0    1
 -2      2401      2409      2410      2402      2404      2412      2411      2403
 -1       156    1    0    1
 -2      2409      1023      1024      2410      2412      1026      1025      2411
 -1       157    1    0    1
 -2      1065      2417      2418      1066      1068      2420      2419      1067
 -1       158    1    0    1
 -2      2417      1115      1116      2418      2420      1118      1117      2419
 -1       159    1    0    1
 -2      1165      2425      2426      1166      1168      2428      2427      1167
 -1       160    1    0    1
 -2      2425      1215      1216      2426      2428      1218      1217      2427
 -1       161    1    0    1
 -2      1073      2433      2434      1074      1076      2436      2435      1075
 -1       162    1    0    1
 -2      2433      1173      1174      2434      2436      1176      1175      2435
 -1       163    1    0    1
 -2      1123      2441      2442      1124      1126      2444      2443      1125
 -1       164    1    0    1
 -2      2441      1223      1224      2442      2444      1226      1225      2443
 -1       165    1    0    1
 -2      1265      2449      2450      1266      1268      2452      2451      1267
 -1       166    1    0    1
 -2      2449      2457      2458      2450      2452      2460      2459      2451
 -1       167    1    0    1
 -2      2457      2465      2466      2458      2460      2468      2467      2459
 -1       168    1    0    1
 -2      2465      1315      1316      2466      2468      1318      1317      2467
 -1       169    1    0    1
 -2      1365      2473      2474      1366      1368      2476      2475      1367
 -1       170    1    0    1
 -2      2473      2481      2482      2474      2476      2484      2483      2475
 -1       171    1    0    1
 -2      2481      2489      2490      2482      2484      2492      2491      2483
 -1       172    1    0    1
 -2      2489      1415      1416      2490      2492      1418      1417      2491
 -1       173    1    0    1
 -2      1273      2497      2498      1274      1276      2500      2499      1275
 -1       174    1    0    1
 -2      2497      2505      2506      2498      2500      2508      2507      2499
 -1       175    1    0    1
 -2      2505      2513      2514      2506      2508      2516      2515      2507
 -1       176    1    0    1
 -2      2513      1373      1374      2514      2516      1376      1375      2515
 -1       177    1    0    1
 -2      1323      2521      2522      1324      1326      2524      2523      1325
 -1       178    1    0    1
 -2      2521      2529      2530      2522      2524      2532      2531      2523
 -1       179    1    0    1
 -2      2529      2537      2538      2530      2532      2540      2539      2531
 -1       180    1    0    1
 -2      2537      1423      1424      2538      2540      1426      1425      2539
 -1       181    1    0    1
 -2       257      2545      2546       258       260      2548      2547       259
 -1       182    1    0    1
 -2      2545      2553      2554      2546      2548      2556      2555      2547
 -1       183    1    0    1
 -2      2553      2561      2562      2554      2556      2564      2563      2555
 -1       184    1    0    1
 -2      2561      2569      2570      2562      2564      2572      2571      2563
 -1       185    1    0    1
 -2      2569      2577      2578      2570      2572      2580      2579      2571
 -1       186    1    0    1
 -2      2577      2585      2586      2578      2580      2588      2587      2579
 -1       187    1    0    1
 -2      2585      2593      2594      2586      2588      2596      2595      2587
 -1       188    1    0    1
 -2      2593       557       558      2594      2596       560       559      2595
 -1       189    1    0    1
 -2       357      2601      2602       358       360      2604      2603       359
 -1       190    1    0    1
 -2      2601      2609      2610      2602      2604      2612      2611      2603
 -1       191    1    0    1
 -2      2609      2617      2618      2610      2612      2620      2619      2611
 -1       192    1    0    1
 -2      2617      2625      2626      2618      2620      2628      2627      2619
 -1       193    1    0    1
 -2      2625      2633      2634      2626      2628      2636      2635      2627
 -1       194    1    0    1
 -2      2633      2641      2642      2634      2636      2644      2643      2635
 -1       195    1    0    1
 -2      2641      2649      2650      2642      2644      2652      2651      2643
 -1       196    1    0    1
 -2      2649       457       458      2650      2652       460       459      2651
 -1       197    1    0    1
 -2       307      2657      2658       308       310      2660      2659       309
 -1       198    1    0    1
 -2      2657      2665      2666      2658      2660      2668      2667      2659
 -1       199    1    0    1
 -2      2665      2673      2674      2666      2668      2676      2675      2667
 -1       200    1    0    1
 -2      2673      2681      2682      2674      2676      2684      2683      2675
 -1       201    1    0    1
 -2      2681      2689      2690      2682      2684      2692      2691      2683
 -1       202    1    0    1
 -2      2689      2697      2698      2690      2692      2700      2699      2691
 -1       203    1    0    1
 -2      2697      2705      2706      2698      2700      2708      2707      2699
 -1       204    1    0    1
 -2      2705       607       608      2706      2708       610       609      2707
 -1       205    1    0    1
 -2       407      2713      2714       408       410      2716      2715       409
 -1       206    1    0    1
 -2      2713      2721      2722      2714      2716      2724      2723      2715
 -1       207    1    0    1
 -2      2721      2729      2730      2722      2724      2732      2731      2723
 -1       208    1    0    1
 -2      2729      2737      2738      2730      2732      2740      2739      2731
 -1       209    1    0    1
 -2      2737      2745      2746      2738      2740      2748      2747      2739
 -1       210    1    0    1
 -2      2745      2753      2754      2746      2748      2756      2755      2747
 -1       211    1    0    1
 -2      2753      2761      2762      2754      2756      2764      2763      2755
 -1       212    1    0    1
 -2      2761       507       508      2762      2764       510       509      2763
 -1       213    1    0    1
 -2       257      2769      2770       258       260      2772      2771       259
 -1       214    1    0    1
 -2      2769      2777      2778      2770      2772      2780      2779      2771
 -1       215    1    0    1
 -2      2777      2785      2786      2778      2780      2788      2787      2779
 -1       216    1    0    1
 -2      2785      2793      2794      2786      2788      2796      2795      2787
 -1       217    1    0    1
 -2      2793      2801      2802      2794      2796      2804      2803      2795
 -1       218    1    0    1
 -2      2801      2809      2810      2802      2804      2812      2811      2803
 -1       219    1    0    1
 -2      2809      2817      2818      2810      2812      2820      2819      2811
 -1       220    1    0    1
 -2      2817       507       508      2818      2820       510       509      2819
 -1       221    1    0    1
 -2       307      2825      2826       308       310      2828      2827       309
 -1       222    1    0    1
 -2      2825      2833      2834      2826      2828      2836      2835      2827
 -1       223    1    0    1
 -2      2833      2841      2842      2834      2836      2844      2843      2835
 -1       224    1    0    1
 -2      2841      2849      2850      2842      2844      2852      2851      2843
 -1       225    1    0    1
 -2      2849      2857      2858      2850      2852      2860      2859      2851
 -1       226    1    0    1
 -2      2857      2865      2866      2858      2860      2868      2867      2859
 -1       227    1    0    1
 -2      2865      2873      2874      2866      2868      2876      2875      2867
 -1       228    1    0    1
 -2      2873       457       458      2874      2876       460       459      2875
 -1       229    1    0    1
 -2       357      2881      2882       358       360      2884      2883       359
 -1       230    1    0    1
 -2      2881      2889      2890      2882      2884      2892      2891      2883
 -1       231    1    0    1
 -2      2889      2897      2898      2890      2892      2900      2899      2891
 -1       232    1    0    1
 -2      2897      2905      2906      2898      2900      2908      2907      2899
 -1       233    1    0    1
 -2      2905      2913      2914      2906      2908      2916      2915      2907
 -1       234    1    0    1
 -2      2913      2921      2922      2914      2916      2924      2923      2915
 -1       235    1    0    1
 -2      2921      2929      2930      2922      2924      2932      2931      2923
 -1       236    1    0    1
 -2      2929       607       608      2930      2932       610       609      2931
 -1       237    1    0    1
 -2       407      2937      2938       408       410      2940      2939       409
 -1       238    1    0    1
 -2      2937      2945      2946      2938      2940      2948      2947      2939
 -1       239    1    0    1
 -2      2945      2953      2954      2946      2948      2956      2955      2947
 -1       240    1    0    1
 -2      2953      2961      2962      2954      2956      2964      2963      2955
 -1       241    1    0    1
 -2      2961      2969      2970      2962      2964      2972      2971      2963
 -1       242    1    0    1
 -2      2969      2977      2978      2970      2972      2980      2979      2971
 -1       243    1    0    1
 -2      2977      2985      2986      2978      2980      2988      2987      2979
 -1       244    1    0    1
 -2      2985       557       558      2986      2988       560       559      2987
 -1       245    1    0    1
 -2       457      2993      2994       458       460      2996      2995       459
 -1       246    1    0    1
 -2      2993       757       758      2994      2996       760       759      2995
 -1       247    1    0    1
 -2       557      3001      3002       558       560      3004      3003       559
 -1       248    1    0    1
 -2      3001       657       658      3002      3004       660       659      3003
 -1       249    1    0    1
 -2       507      3009      3010       508       510      3012      3011       509
 -1       250    1    0    1
 -2      3009       807       808      3010      3012       810       809      3011
 -1       251    1    0    1
 -2       607      3017      3018       608       610      3020      3019       609
 -1       252    1    0    1
 -2      3017       707       708      3018      3020       710       709      3019
 -1       253    1    0    1
 -2       457      3025      3026       458       460      3028      3027       459
 -1       254    1    0    1
 -2      3025       707       708      3026      3028       710       709      3027
 -1       255    1    0    1
 -2       507      3033      3034       508       510      3036      3035       509
 -1       256    1    0    1
 -2      3033       657       658      3034      3036       660       659      3035
 -1       257    1    0    1
 -2       557      3041      3042       558       560      3044      3043       559
 -1       258    1    0    1
 -2      3041       807       808      3042      3044       810       809      3043
 -1       259    1    0    1
 -2       607      3049      3050       608       610      3052      3051       609
 -1       260    1    0    1
 -2      3049       757       758      3050      3052       760       759      3051
 -1       261    1    0    1
 -2       657      3057      3058       658       660      3060      3059       659
 -1       262    1    0    1
 -2      3057       957       958      3058      3060       960       959      3059
 -1       263    1    0    1
 -2       757      3065      3066       758       760      3068      3067       759
 -1       264    1    0    1
 -2      3065       857       858      3066      3068       860       859      3067
 -1       265    1    0    1
 -2       707      3073      3074       708       710      3076      3075       709
 -1       266    1    0    1
 -2      3073      1007      1008      3074      3076      1010      1009      3075
 -1       267    1    0    1
 -2       807      3081      3082       808       810      3084      3083       809
 -1       268    1    0    1
 -2      3081       907       908      3082      3084       910       909      3083
 -1       269    1    0    1
 -2       657      3089      3090       658       660      3092      3091       659
 -1       270    1    0    1
 -2      3089       907       908      3090      3092       910       909      3091
 -1       271    1    0    1
 -2       707      3097      3098       708       710      3100      3099       709
 -1       272    1    0    1
 -2      3097       857       858      3098      3100       860       859      3099
 -1       273    1    0    1
 -2       757      3105      3106       758       760      3108      3107       759
 -1       274    1    0    1
 -2      3105      1007      1008      3106      3108      1010      1009      3107
 -1       275    1    0    1
 -2       807      3113      3114       808       810      3116      3115       809
 -1       276    1    0    1
 -2      3113       957       958      3114      3116       960       959      3115
 -1       277    1    0    1
 -2       857      3121      3122       858       860      3124      3123       859
 -1       278    1    0    1
 -2      3121      3129      3130      3122      3124      3132      3131      3123
 -1       279    1    0    1
 -2      3129      3137      3138      3130      3132      3140      3139      3131
 -1       280    1    0    1
 -2      3137      1157      1158      3138      3140      1160      1159      3139
 -1       281    1    0    1
 -2       957      3145      3146       958       960      3148      3147       959
 -1       282    1    0    1
 -2      3145      3153      3154      3146      3148      3156      3155      3147
 -1       283    1    0    1
 -2      3153      3161      3162      3154      3156      3164      3163      3155
 -1       284    1    0    1
 -2      3161      1057      1058      3162      3164      1060      1059      3163
 -1       285    1    0    1
 -2       907      3169      3170       908       910      3172      3171       909
 -1       286    1    0    1
 -2      3169      3177      3178      3170      3172      3180      3179      3171
 -1       287    1    0    1
 -2      3177      3185      3186      3178      3180      3188      3187      3179
 -1       288    1    0    1
 -2      3185      1207      1208      3186      3188      1210      1209      3187
 -1       289    1    0    1
 -2      1007      3193      3194      1008      1010      3196      3195      1009
 -1       290    1    0    1
 -2      3193      3201      3202      3194      3196      3204      3203      3195
 -1       291    1    0    1
 -2      3201      3209      3210      3202      3204      3212      3211      3203
 -1       292    1    0    1
 -2      3209      1107      1108      3210      3212      1110      1109      3211
 -1       293    1    0    1
 -2       857      3217      3218       858       860      3220      3219       859
 -1       294    1    0    1
 -2      3217      3225      3226      3218      3220      3228      3227      3219
 -1       295    1    0    1
 -2      3225      3233      3234      3226      3228      3236      3235      3227
 -1       296    1    0    1
 -2      3233      1107      1108      3234      3236      1110      1109      3235
 -1       297    1    0    1
 -2       907      3241      3242       908       910      3244      3243       909
 -1       298    1    0    1
 -2      3241      3249      3250      3242      3244      3252      3251      3243
 -1       299    1    0    1
 -2      3249      3257      3258      3250      3252      3260      3259      3251
 -1       300    1    0    1
 -2      3257      1057      1058      3258      3260      1060      1059      3259
 -1       301    1    0    1
 -2       957      3265      3266       958       960      3268      3267       959
 -1       302    1    0    1
 -2      3265      3273      3274      3266      3268      3276      3275      3267
 -1       303    1    0    1
 -2      3273      3281      3282      3274      3276      3284      3283      3275
 -1       304    1    0    1
 -2      3281      1207      1208      3282      3284      1210      1209      3283
 -1       305    1    0    1
 -2      1007      3289      3290      1008      1010      3292      3291      1009
 -1       306    1    0    1
 -2      3289      3297      3298      3290      3292      3300      3299      3291
 -1       307    1    0    1
 -2      3297      3305      3306      3298      3300      3308      3307      3299
 -1       308    1    0    1
 -2      3305      1157      1158      3306      3308      1160      1159      3307
 -1       309    1    0    1
 -2      1057      1357      1358      1058      1060      1360      1359      1059
 -1       310    1    0    1
 -2      1157      1257      1258      1158      1160      1260      1259      1159
 -1       311    1    0    1
 -2      1107      1407      1408      1108      1110      1410      1409      1109
 -1       312    1    0    1
 -2      1207      1307      1308      1208      1210      1310      1309      1209
 -1       313    1    0    1
 -2      1057      1307      1308      1058      1060      1310      1309      1059
 -1       314    1    0    1
 -2      1107      1257      1258      1108      1110      1260      1259      1109
 -1       315    1    0    1
 -2      1157      1407      1408      1158      1160      1410      1409      1159
 -1       316    1    0    1
 -2      1207      1357      1358      1208      1210      1360      1359      1209
 -3
    1PSTEP                         1           1           1          
  100CL  101 1.000000000           0                     0    1           1
 -4  DISP        4    1
 -5  D1          1    2    1    0
 -5  D2          1    2    2    0
 -5  D3          1    2    3    0
 -5  ALL         1    2    0    0    1ALL
 -3
 9999
