SUMMARY OF C0NVERGENCE INFORMATION
  STEP   INC  ATT   ITER     CONT.   RESID.        CORR.      RESID.      CORR.
                              EL.    FORCE         DISP       FLUX        TEMP.
                              (#)     (%)           (%)        (%)         (%)
     1     1     1     1        0  0.2000E+03  0.1000E+03  0.0000E+00  0.0000E+00
     1     1     1     2        0  0.2693E-03  0.4835E-01  0.0000E+00  0.0000E+00
     1     2     1     1        0  0.7182E-03  0.9669E-01  0.0000E+00  0.0000E+00
     1     2     1     2        0  0.0000E+00  0.3583E-05  0.0000E+00  0.0000E+00
     1     3     1     1        0  0.1748E-02  0.1209E+00  0.0000E+00  0.0000E+00
     1     3     1     2        0  0.0000E+00  0.9554E-05  0.0000E+00  0.0000E+00
     1     4     1     1        0  0.4400E-02  0.1692E+00  0.0000E+00  0.0000E+00
     1     4     1     2        0  0.0000E+00  0.2875E-04  0.0000E+00  0.0000E+00
     1     5     1     1        0  0.4420E-02  0.1933E+00  0.0000E+00  0.0000E+00
     1     5     1     2        0  0.0000E+00  0.4443E-04  0.0000E+00  0.0000E+00
     1     6     1     1        0  0.3567E-02  0.1933E+00  0.0000E+00  0.0000E+00
     1     6     1     2        0  0.0000E+00  0.5230E-04  0.0000E+00  0.0000E+00
     1     7     1     1        0  0.2979E-02  0.1933E+00  0.0000E+00  0.0000E+00
     1     7     1     2        0  0.0000E+00  0.6022E-04  0.0000E+00  0.0000E+00
     1     8     1     1        0  0.1194E+03  0.1200E+02  0.0000E+00  0.0000E+00
     1     8     1     2        0  0.1302E+01  0.1123E+01  0.0000E+00  0.0000E+00
     1     8     1     3        0  0.2171E-03  0.2661E-02  0.0000E+00  0.0000E+00
     1     9     1     1        0  0.1502E+03  0.3468E+02  0.0000E+00  0.0000E+00
     1     9     1     2        0  0.1414E+01  0.4814E+01  0.0000E+00  0.0000E+00
     1     9     1     3        0  0.1242E-03  0.1043E-01  0.0000E+00  0.0000E+00
     1    10     1     1        0  0.2647E+03  0.5188E+02  0.0000E+00  0.0000E+00
     1    10     1     2        0  0.9417E+01  0.1096E+02  0.0000E+00  0.0000E+00
     1    10     1     3        0  0.4055E-02  0.2384E+00  0.0000E+00  0.0000E+00
     1    11     1     1        0  0.2537E+03  0.5285E+02  0.0000E+00  0.0000E+00
     1    11     1     2        0  0.3725E+02  0.2423E+02  0.0000E+00  0.0000E+00
     1    11     1     3        0  0.3994E+01  0.1846E+01  0.0000E+00  0.0000E+00
     1    11     1     4        0  0.2028E-02  0.3963E-01  0.0000E+00  0.0000E+00
     1    12     1     1        0  0.1765E+02  0.3430E+02  0.0000E+00  0.0000E+00
     1    12     1     2        0  0.1161E+01  0.8029E+01  0.0000E+00  0.0000E+00
     1    12     1     3        0  0.2732E-03  0.5355E-01  0.0000E+00  0.0000E+00
     2     1     1     1        0  0.2127E+02  0.1000E+03  0.0000E+00  0.0000E+00
     2     1     1     2        0  0.6170E-04  0.7214E-01  0.0000E+00  0.0000E+00
     2     2     1     1        0  0.2554E-03  0.1443E+00  0.0000E+00  0.0000E+00
     2     2     1     2        0  0.0000E+00  0.6101E-04  0.0000E+00  0.0000E+00
     2     3     1     1        0  0.9411E-03  0.1804E+00  0.0000E+00  0.0000E+00
     2     3     1     2        0  0.0000E+00  0.1363E-03  0.0000E+00  0.0000E+00
     2     4     1     1        0  0.3488E-02  0.2527E+00  0.0000E+00  0.0000E+00
     2     4     1     2        0  0.0000E+00  0.3356E-03  0.0000E+00  0.0000E+00
     2     5     1     1        0  0.4890E-02  0.2889E+00  0.0000E+00  0.0000E+00
     2     5     1     2        0  0.0000E+00  0.4035E-03  0.0000E+00  0.0000E+00
     2     6     1     1        0  0.5279E-02  0.2890E+00  0.0000E+00  0.0000E+00
     2     6     1     2        0  0.0000E+00  0.3647E-03  0.0000E+00  0.0000E+00
     2     7     1     1        0  0.5694E-02  0.2891E+00  0.0000E+00  0.0000E+00
     2     7     1     2        0  0.0000E+00  0.3258E-03  0.0000E+00  0.0000E+00
     2     8     1     1        0  0.6104E-02  0.2891E+00  0.0000E+00  0.0000E+00
     2     8     1     2        0  0.0000E+00  0.2867E-03  0.0000E+00  0.0000E+00
     2     9     1     1        0  0.1555E+01  0.2892E+00  0.0000E+00  0.0000E+00
     2     9     1     2        0  0.3496E-04  0.2481E-02  0.0000E+00  0.0000E+00
     2    10     1     1        0  0.7985E+02  0.9327E+01  0.0000E+00  0.0000E+00
     2    10     1     2        0  0.7710E+00  0.1235E+01  0.0000E+00  0.0000E+00
     2    10     1     3        0  0.2042E-03  0.2882E-02  0.0000E+00  0.0000E+00
     2    11     1     1        0  0.1097E+03  0.2344E+02  0.0000E+00  0.0000E+00
     2    11     1     2        0  0.2354E+01  0.2108E+01  0.0000E+00  0.0000E+00
     2    11     1     3        0  0.4103E-03  0.8263E-02  0.0000E+00  0.0000E+00
     2    12     1     1        0  0.2768E+01  0.1841E+02  0.0000E+00  0.0000E+00
     2    12     1     2        0  0.4523E-01  0.2043E+00  0.0000E+00  0.0000E+00
