
************************************************************

CalculiX Version 2.22, Copyright(C) 1998-2024 Guido Dhondt
CalculiX comes with ABSOLUTELY NO WARRANTY. This is free
software, and you are welcome to redistribute it under
certain conditions, see gpl.htm

************************************************************

You are using an executable made on Mon Aug  5 19:15:25 CEST 2024

  The numbers below are estimated upper bounds

  number of:

   nodes:           40
   elements:            2
   one-dimensional elements:            0
   two-dimensional elements:            0
   integration points per element:            8
   degrees of freedom per node:            3
   layers per element:            1

   distributed facial loads:            1
   distributed volumetric loads:            0
   concentrated loads:            0
   single point constraints:           40
   multiple point constraints:            1
   terms in all multiple point constraints:            1
   tie constraints:            1
   dependent nodes tied by cyclic constraints:            0
   dependent nodes in pre-tension constraints:            0

   sets:            7
   terms in all sets:          108

   materials:            2
   constants per material and temperature:            4
   temperature points per material:            1
   plastic data points per material:            0

   orientations:            0
   amplitudes:            3
   data points in all amplitudes:            3
   print requests:            2
   transformations:            0
   property cards:            0

 *WARNING reading *SURFACE BEHAVIOR: hard
          behavior is by default reduced to
          linear behavior
 *WARNING reading *SURFACE BEHAVIOR. Card image:
          *SURFACEBEHAVIOR,PRESSURE-OVERCLOSURE=HARD


 STEP            1

 *INFO reading *STEP: nonlinear geometric
       effects are turned on

 *WARNING reading *STATIC:
          the minimum increment    0.0000000000000000     
          is smaller then 1.e-6 times the 
          step time;
          the minimum increment is changed
          to    9.9999999999999995E-007
          which is the minimum of the initial
          increment time and 1.e-6 times the step time

 Static analysis was selected

 Newton-Raphson iterative procedure is active

 Nonlinear geometric effects are taken into account

 Decascading the MPC's

 Determining the structure of the matrix:
 Using up to 1 cpu(s) for setting up the structure of the matrix.
 number of equations
 80
 number of nonzero lower triangular matrix elements
 1576

 increment 1 attempt 1 
 increment size= 5.000000e-01
 sum of previous increments=0.000000e+00
 actual step time=5.000000e-01
 actual total time=5.000000e-01

 iteration 1

 Number of contact spring elements=8

 Determining the structure of the matrix:

 Using up to 1 cpu(s) for setting up the structure of the matrix.
 number of equations
 80
 number of nonzero lower triangular matrix elements
 2152

 Using up to 1 cpu(s) for the stress calculation.

 Using up to 1 cpu(s) for the symmetric stiffness/mass contributions.

 Factoring the system of equations using the symmetric spooles solver
 Using 1 cpu for spooles.

 Using up to 1 cpu(s) for the stress calculation.

 average force= 4.608317
 time avg. forc= 4.608317
 largest residual force= 66.721335 in node 16 and dof 2
 largest increment of disp= 2.642961e-02
 largest correction to disp= 2.642961e-02 in node 28 and dof 3

 no convergence

 iteration 2

 Number of contact spring elements=4

 Determining the structure of the matrix:

 Using up to 1 cpu(s) for setting up the structure of the matrix.
 number of equations
 80
 number of nonzero lower triangular matrix elements
 1864

 Using up to 1 cpu(s) for the stress calculation.

 Using up to 1 cpu(s) for the symmetric stiffness/mass contributions.

 Factoring the system of equations using the symmetric spooles solver
 Using 1 cpu for spooles.

 Using up to 1 cpu(s) for the stress calculation.

 average force= 0.881591
 time avg. forc= 0.881591
 largest residual force= 8.397662 in node 16 and dof 3
 largest increment of disp= 2.642961e-02
 largest correction to disp= 1.804689e-03 in node 28 and dof 3

 no convergence

 iteration 3

 Number of contact spring elements=4

 Determining the structure of the matrix:

 Using up to 1 cpu(s) for setting up the structure of the matrix.
 number of equations
 80
 number of nonzero lower triangular matrix elements
 1864

 Using up to 1 cpu(s) for the stress calculation.

 Using up to 1 cpu(s) for the symmetric stiffness/mass contributions.

 Factoring the system of equations using the symmetric spooles solver
 Using 1 cpu for spooles.

 Using up to 1 cpu(s) for the stress calculation.

 average force= 0.559635
 time avg. forc= 0.559635
 largest residual force= 0.204295 in node 11 and dof 1
 largest increment of disp= 2.642961e-02
 largest correction to disp= 6.529071e-05 in node 29 and dof 3

 no convergence

 iteration 4

 Number of contact spring elements=4

 Determining the structure of the matrix:

 Using up to 1 cpu(s) for setting up the structure of the matrix.
 number of equations
 80
 number of nonzero lower triangular matrix elements
 1864

 Using up to 1 cpu(s) for the stress calculation.

 Using up to 1 cpu(s) for the symmetric stiffness/mass contributions.

 Factoring the system of equations using the symmetric spooles solver
 Using 1 cpu for spooles.

 Using up to 1 cpu(s) for the stress calculation.

 average force= 0.551166
 time avg. forc= 0.551166
 largest residual force= 0.027589 in node 15 and dof 3
 largest increment of disp= 2.642961e-02
 largest correction to disp= 5.089693e-06 in node 16 and dof 2

 no convergence

 iteration 5

 Number of contact spring elements=4

 Determining the structure of the matrix:

 Using up to 1 cpu(s) for setting up the structure of the matrix.
 number of equations
 80
 number of nonzero lower triangular matrix elements
 1864

 Using up to 1 cpu(s) for the stress calculation.

 Using up to 1 cpu(s) for the symmetric stiffness/mass contributions.

 Factoring the system of equations using the symmetric spooles solver
 Using 1 cpu for spooles.

 Using up to 1 cpu(s) for the stress calculation.

 average force= 0.550163
 time avg. forc= 0.550163
 largest residual force= 0.000683 in node 15 and dof 2
 largest increment of disp= 2.642961e-02
 largest correction to disp= 2.344606e-07 in node 26 and dof 3

 convergence

 increment 2 attempt 1 
 increment size= 5.000000e-01
 sum of previous increments=5.000000e-01
 actual step time=1.000000e+00
 actual total time=1.000000e+00

 iteration 1

 Number of contact spring elements=4

 Determining the structure of the matrix:

 Using up to 1 cpu(s) for setting up the structure of the matrix.
 number of equations
 80
 number of nonzero lower triangular matrix elements
 1864

 Using up to 1 cpu(s) for the stress calculation.

 Using up to 1 cpu(s) for the symmetric stiffness/mass contributions.

 Factoring the system of equations using the symmetric spooles solver
 Using 1 cpu for spooles.

 Using up to 1 cpu(s) for the stress calculation.

 average force= 1.100303
 time avg. forc= 0.825233
 largest residual force= 0.000000 in node 4 and dof 3
 largest increment of disp= 2.492959e-02
 largest correction to disp= 1.060335e-06 in node 21 and dof 3

 no convergence

 iteration 2

 Number of contact spring elements=4

 Determining the structure of the matrix:

 Using up to 1 cpu(s) for setting up the structure of the matrix.
 number of equations
 80
 number of nonzero lower triangular matrix elements
 1864

 Using up to 1 cpu(s) for the stress calculation.

 Using up to 1 cpu(s) for the symmetric stiffness/mass contributions.

 Factoring the system of equations using the symmetric spooles solver
 Using 1 cpu for spooles.

 Using up to 1 cpu(s) for the stress calculation.

 average force= 1.100303
 time avg. forc= 0.825233
 largest residual force= 0.000000 in node 11 and dof 3
 largest increment of disp= 2.492959e-02
 largest correction to disp= 3.287253e-08 in node 25 and dof 3

 convergence

 the increment size exceeds the remainder of the step and is decreased to 0.000000e+00

 Using up to 1 cpu(s) for the stress calculation.


 Job finished

