    1C
    1UNormalized cross-passage space-truss torsion benchmark            
    1UUSER                                                              
    1UDATE              06.august.2026                                  
    1UTIME              08:14:19                                        
    1UHOST                                                              
    1UPGM               CalculiX                                        
    1UVERSION           Version 2.21                             
    1UCOMPILETIME       Sat Jul 29 10:52:01 CEST 2023                    
    1UDIR                                                               
    1UDBN                                                               
    1UMAT    1STEEL                                                     
    2C                           928                                     1
 -1       185-1.19440E+00 1.91946E-03-3.55661E-02
 -1       186-1.23062E+00 3.66063E-03-1.86823E-02
 -1       187-1.20560E+00-1.91946E-03 3.55661E-02
 -1       188-1.16938E+00-3.66063E-03 1.86823E-02
 -1       193-1.20102E+00-3.40950E-02-1.16828E-02
 -1       194-1.20007E+00-2.33416E-03-3.59798E-02
 -1       195-1.19898E+00 3.40950E-02 1.16828E-02
 -1       196-1.19993E+00 2.33416E-03 3.59798E-02
 -1       201-1.23354E+00-1.32202E-02 3.96605E-04
 -1       202-1.20069E+00-3.60327E-02 1.08098E-03
 -1       203-1.16646E+00 1.32202E-02-3.96605E-04
 -1       204-1.19931E+00 3.60327E-02-1.08098E-03
 -1       235 1.20194E+00 2.53883E-03-3.59134E-02
 -1       236 1.16762E+00-1.51099E-03-1.57828E-02
 -1       237 1.19806E+00-2.53883E-03 3.59134E-02
 -1       238 1.23238E+00 1.51099E-03 1.57828E-02
 -1       243 1.20102E+00-3.38645E-02-1.23355E-02
 -1       244 1.20005E+00-1.64335E-03-3.60180E-02
 -1       245 1.19898E+00 3.38645E-02 1.23355E-02
 -1       246 1.19995E+00 1.64335E-03 3.60180E-02
 -1       251 1.16697E+00-1.44498E-02-4.33494E-04
 -1       252 1.20064E+00-3.60336E-02-1.08101E-03
 -1       253 1.23303E+00 1.44498E-02 4.33494E-04
 -1       254 1.19936E+00 3.60336E-02 1.08101E-03
 -1       285-1.19326E+00-2.87709E-03 1.96470E+00
 -1       286-1.23000E+00 1.04434E-03 1.98003E+00
 -1       287-1.20674E+00 2.87709E-03 2.03530E+00
 -1       288-1.17000E+00-1.04434E-03 2.01997E+00
 -1       293-1.19898E+00-3.38645E-02 1.98766E+00
 -1       294-1.19995E+00-1.64335E-03 1.96398E+00
 -1       295-1.20102E+00 3.38645E-02 2.01234E+00
 -1       296-1.20005E+00 1.64335E-03 2.03602E+00
 -1       301-1.23303E+00-1.44498E-02 1.99957E+00
 -1       302-1.19936E+00-3.60336E-02 1.99892E+00
 -1       303-1.16697E+00 1.44498E-02 2.00043E+00
 -1       304-1.20064E+00 3.60336E-02 2.00108E+00
 -1       335 1.20369E+00-2.08645E-03 1.96419E+00
 -1       336 1.16841E+00-3.62565E-03 1.98299E+00
 -1       337 1.19631E+00 2.08645E-03 2.03581E+00
 -1       338 1.23159E+00 3.62565E-03 2.01701E+00
 -1       343 1.19898E+00-3.40950E-02 1.98832E+00
 -1       344 1.19993E+00-2.33416E-03 1.96402E+00
 -1       345 1.20102E+00 3.40950E-02 2.01168E+00
 -1       346 1.20007E+00 2.33416E-03 2.03598E+00
 -1       351 1.16646E+00-1.32202E-02 2.00040E+00
 -1       352 1.19931E+00-3.60327E-02 2.00108E+00
 -1       353 1.23354E+00 1.32202E-02 1.99960E+00
 -1       354 1.20069E+00 3.60327E-02 1.99892E+00
 -1       385-1.19514E+00 9.99941E+00-3.57211E-02
 -1       386-1.23111E+00 9.99995E+00-1.82319E-02
 -1       387-1.20486E+00 1.00006E+01 3.57211E-02
 -1       388-1.16889E+00 1.00000E+01 1.82319E-02
 -1       393-1.20000E+00 9.96600E+00-1.20000E-02
 -1       394-1.20000E+00 9.99800E+00-3.60000E-02
 -1       395-1.20000E+00 1.00340E+01 1.20000E-02
 -1       396-1.20000E+00 1.00020E+01 3.60000E-02
 -1       401-1.23328E+00 9.98613E+00 0.00000E+00
 -1       402-1.20000E+00 9.96394E+00 0.00000E+00
 -1       403-1.16672E+00 1.00139E+01 0.00000E+00
 -1       404-1.20000E+00 1.00361E+01 0.00000E+00
 -1       435 1.20438E+00 1.00000E+01-3.57883E-02
 -1       436 1.16865E+00 9.99977E+00-1.78091E-02
 -1       437 1.19562E+00 9.99996E+00 3.57883E-02
 -1       438 1.23135E+00 1.00002E+01 1.78091E-02
 -1       443 1.20000E+00 9.96600E+00-1.20000E-02
 -1       444 1.20000E+00 9.99800E+00-3.60000E-02
 -1       445 1.20000E+00 1.00340E+01 1.20000E-02
 -1       446 1.20000E+00 1.00020E+01 3.60000E-02
 -1       451 1.16672E+00 9.98613E+00 0.00000E+00
 -1       452 1.20000E+00 9.96394E+00 0.00000E+00
 -1       453 1.23328E+00 1.00139E+01 0.00000E+00
 -1       454 1.20000E+00 1.00361E+01 0.00000E+00
 -1       485-1.19530E+00 9.99996E+00 1.96425E+00
 -1       486-1.23119E+00 1.00002E+01 1.98192E+00
 -1       487-1.20470E+00 1.00000E+01 2.03575E+00
 -1       488-1.16881E+00 9.99977E+00 2.01808E+00
 -1       493-1.20000E+00 9.96600E+00 1.98800E+00
 -1       494-1.20000E+00 9.99800E+00 1.96400E+00
 -1       495-1.20000E+00 1.00340E+01 2.01200E+00
 -1       496-1.20000E+00 1.00020E+01 2.03600E+00
 -1       501-1.23328E+00 9.98613E+00 2.00000E+00
 -1       502-1.20000E+00 9.96394E+00 2.00000E+00
 -1       503-1.16672E+00 1.00139E+01 2.00000E+00
 -1       504-1.20000E+00 1.00361E+01 2.00000E+00
 -1       535 1.20420E+00 1.00006E+01 1.96420E+00
 -1       536 1.16856E+00 1.00000E+01 1.98235E+00
 -1       537 1.19580E+00 9.99942E+00 2.03580E+00
 -1       538 1.23144E+00 9.99996E+00 2.01765E+00
 -1       543 1.20000E+00 9.96600E+00 1.98800E+00
 -1       544 1.20000E+00 9.99800E+00 1.96400E+00
 -1       545 1.20000E+00 1.00340E+01 2.01200E+00
 -1       546 1.20000E+00 1.00020E+01 2.03600E+00
 -1       551 1.16672E+00 9.98613E+00 2.00000E+00
 -1       552 1.20000E+00 9.96394E+00 2.00000E+00
 -1       553 1.23328E+00 1.00139E+01 2.00000E+00
 -1       554 1.20000E+00 1.00361E+01 2.00000E+00
 -1       585-1.19530E+00 1.99997E+01-3.57462E-02
 -1       586-1.23119E+00 2.00001E+01-1.80915E-02
 -1       587-1.20470E+00 2.00003E+01 3.57462E-02
 -1       588-1.16881E+00 1.99999E+01 1.80915E-02
 -1       593-1.20145E+00 1.99659E+01-1.15569E-02
 -1       594-1.20010E+00 1.99975E+01-3.59709E-02
 -1       595-1.19855E+00 2.00341E+01 1.15569E-02
 -1       596-1.19990E+00 2.00025E+01 3.59709E-02
 -1       601-1.23365E+00 1.99871E+01 5.48678E-04
 -1       602-1.20099E+00 1.99640E+01 1.52775E-03
 -1       603-1.16635E+00 2.00129E+01-5.48678E-04
 -1       604-1.19901E+00 2.00360E+01-1.52775E-03
 -1       635 1.20438E+00 1.99998E+01-3.57875E-02
 -1       636 1.16865E+00 1.99996E+01-1.78072E-02
 -1       637 1.19562E+00 2.00002E+01 3.57875E-02
 -1       638 1.23135E+00 2.00004E+01 1.78072E-02
 -1       643 1.20143E+00 1.99662E+01-1.24797E-02
 -1       644 1.20006E+00 1.99985E+01-3.60247E-02
 -1       645 1.19857E+00 2.00338E+01 1.24797E-02
 -1       646 1.19994E+00 2.00015E+01 3.60247E-02
 -1       651 1.16707E+00 1.99853E+01-6.22501E-04
 -1       652 1.20089E+00 1.99640E+01-1.52786E-03
 -1       653 1.23293E+00 2.00147E+01 6.22501E-04
 -1       654 1.19911E+00 2.00360E+01 1.52786E-03
 -1       685-1.19547E+00 2.00002E+01 1.96423E+00
 -1       686-1.23128E+00 2.00004E+01 1.98207E+00
 -1       687-1.20453E+00 1.99998E+01 2.03577E+00
 -1       688-1.16872E+00 1.99996E+01 2.01793E+00
 -1       693-1.19857E+00 1.99662E+01 1.98752E+00
 -1       694-1.19994E+00 1.99985E+01 1.96398E+00
 -1       695-1.20143E+00 2.00338E+01 2.01248E+00
 -1       696-1.20006E+00 2.00015E+01 2.03602E+00
 -1       701-1.23293E+00 1.99853E+01 1.99938E+00
 -1       702-1.19911E+00 1.99640E+01 1.99847E+00
 -1       703-1.16707E+00 2.00147E+01 2.00062E+00
 -1       704-1.20089E+00 2.00360E+01 2.00153E+00
 -1       735 1.20420E+00 2.00003E+01 1.96419E+00
 -1       736 1.16856E+00 1.99999E+01 1.98235E+00
 -1       737 1.19580E+00 1.99997E+01 2.03581E+00
 -1       738 1.23144E+00 2.00001E+01 2.01765E+00
 -1       743 1.19855E+00 1.99659E+01 1.98844E+00
 -1       744 1.19990E+00 1.99975E+01 1.96403E+00
 -1       745 1.20145E+00 2.00341E+01 2.01156E+00
 -1       746 1.20010E+00 2.00025E+01 2.03597E+00
 -1       751 1.16635E+00 1.99871E+01 2.00055E+00
 -1       752 1.19901E+00 1.99640E+01 2.00153E+00
 -1       753 1.23365E+00 2.00129E+01 1.99945E+00
 -1       754 1.20099E+00 2.00360E+01 1.99847E+00
 -1       785-1.19532E+00 2.99998E+01-3.57503E-02
 -1       786-1.23120E+00 3.00001E+01-1.80687E-02
 -1       787-1.20468E+00 3.00002E+01 3.57503E-02
 -1       788-1.16880E+00 2.99999E+01 1.80687E-02
 -1       793-1.20000E+00 2.99660E+01-1.20000E-02
 -1       794-1.20000E+00 2.99980E+01-3.60000E-02
 -1       795-1.20000E+00 3.00340E+01 1.20000E-02
 -1       796-1.20000E+00 3.00020E+01 3.60000E-02
 -1       801-1.23328E+00 2.99861E+01 0.00000E+00
 -1       802-1.20000E+00 2.99639E+01 0.00000E+00
 -1       803-1.16672E+00 3.00139E+01 0.00000E+00
 -1       804-1.20000E+00 3.00361E+01 0.00000E+00
 -1       835 1.20448E+00 2.99998E+01-3.57756E-02
 -1       836 1.16870E+00 2.99997E+01-1.78950E-02
 -1       837 1.19552E+00 3.00002E+01 3.57756E-02
 -1       838 1.23130E+00 3.00003E+01 1.78950E-02
 -1       843 1.20000E+00 2.99660E+01-1.20000E-02
 -1       844 1.20000E+00 2.99980E+01-3.60000E-02
 -1       845 1.20000E+00 3.00340E+01 1.20000E-02
 -1       846 1.20000E+00 3.00020E+01 3.60000E-02
 -1       851 1.16672E+00 2.99861E+01 0.00000E+00
 -1       852 1.20000E+00 2.99639E+01 0.00000E+00
 -1       853 1.23328E+00 3.00139E+01 0.00000E+00
 -1       854 1.20000E+00 3.00361E+01 0.00000E+00
 -1       885-1.19544E+00 3.00002E+01 1.96424E+00
 -1       886-1.23126E+00 3.00003E+01 1.98203E+00
 -1       887-1.20456E+00 2.99998E+01 2.03576E+00
 -1       888-1.16874E+00 2.99997E+01 2.01797E+00
 -1       893-1.20000E+00 2.99660E+01 1.98800E+00
 -1       894-1.20000E+00 2.99980E+01 1.96400E+00
 -1       895-1.20000E+00 3.00340E+01 2.01200E+00
 -1       896-1.20000E+00 3.00020E+01 2.03600E+00
 -1       901-1.23328E+00 2.99861E+01 2.00000E+00
 -1       902-1.20000E+00 2.99639E+01 2.00000E+00
 -1       903-1.16672E+00 3.00139E+01 2.00000E+00
 -1       904-1.20000E+00 3.00361E+01 2.00000E+00
 -1       935 1.20437E+00 3.00002E+01 1.96421E+00
 -1       936 1.16864E+00 2.99999E+01 1.98220E+00
 -1       937 1.19563E+00 2.99998E+01 2.03579E+00
 -1       938 1.23136E+00 3.00001E+01 2.01780E+00
 -1       943 1.20000E+00 2.99660E+01 1.98800E+00
 -1       944 1.20000E+00 2.99980E+01 1.96400E+00
 -1       945 1.20000E+00 3.00340E+01 2.01200E+00
 -1       946 1.20000E+00 3.00020E+01 2.03600E+00
 -1       951 1.16672E+00 2.99861E+01 2.00000E+00
 -1       952 1.20000E+00 2.99639E+01 2.00000E+00
 -1       953 1.23328E+00 3.00139E+01 2.00000E+00
 -1       954 1.20000E+00 3.00361E+01 2.00000E+00
 -1       985-1.19525E+00 3.99999E+01-3.57414E-02
 -1       986-1.23117E+00 4.00003E+01-1.81293E-02
 -1       987-1.20475E+00 4.00001E+01 3.57414E-02
 -1       988-1.16883E+00 3.99997E+01 1.81293E-02
 -1       993-1.20000E+00 3.99660E+01-1.20000E-02
 -1       994-1.20000E+00 3.99980E+01-3.60000E-02
 -1       995-1.20000E+00 4.00340E+01 1.20000E-02
 -1       996-1.20000E+00 4.00020E+01 3.60000E-02
 -1      1001-1.23328E+00 3.99861E+01 0.00000E+00
 -1      1002-1.20000E+00 3.99639E+01 0.00000E+00
 -1      1003-1.16672E+00 4.00139E+01 0.00000E+00
 -1      1004-1.20000E+00 4.00361E+01 0.00000E+00
 -1      1035 1.20448E+00 3.99994E+01-3.57715E-02
 -1      1036 1.16870E+00 3.99994E+01-1.78882E-02
 -1      1037 1.19552E+00 4.00006E+01 3.57715E-02
 -1      1038 1.23130E+00 4.00006E+01 1.78882E-02
 -1      1043 1.20000E+00 3.99660E+01-1.20000E-02
 -1      1044 1.20000E+00 3.99980E+01-3.60000E-02
 -1      1045 1.20000E+00 4.00340E+01 1.20000E-02
 -1      1046 1.20000E+00 4.00020E+01 3.60000E-02
 -1      1051 1.16672E+00 3.99861E+01 0.00000E+00
 -1      1052 1.20000E+00 3.99639E+01 0.00000E+00
 -1      1053 1.23328E+00 4.00139E+01 0.00000E+00
 -1      1054 1.20000E+00 4.00361E+01 0.00000E+00
 -1      1085-1.19548E+00 4.00006E+01 1.96423E+00
 -1      1086-1.23128E+00 4.00006E+01 1.98208E+00
 -1      1087-1.20452E+00 3.99994E+01 2.03577E+00
 -1      1088-1.16872E+00 3.99994E+01 2.01792E+00
 -1      1093-1.20000E+00 3.99660E+01 1.98800E+00
 -1      1094-1.20000E+00 3.99980E+01 1.96400E+00
 -1      1095-1.20000E+00 4.00340E+01 2.01200E+00
 -1      1096-1.20000E+00 4.00020E+01 2.03600E+00
 -1      1101-1.23328E+00 3.99861E+01 2.00000E+00
 -1      1102-1.20000E+00 3.99639E+01 2.00000E+00
 -1      1103-1.16672E+00 4.00139E+01 2.00000E+00
 -1      1104-1.20000E+00 4.00361E+01 2.00000E+00
 -1      1135 1.20425E+00 4.00001E+01 1.96420E+00
 -1      1136 1.16858E+00 3.99997E+01 1.98231E+00
 -1      1137 1.19575E+00 3.99999E+01 2.03580E+00
 -1      1138 1.23142E+00 4.00003E+01 2.01769E+00
 -1      1143 1.20000E+00 3.99660E+01 1.98800E+00
 -1      1144 1.20000E+00 3.99980E+01 1.96400E+00
 -1      1145 1.20000E+00 4.00340E+01 2.01200E+00
 -1      1146 1.20000E+00 4.00020E+01 2.03600E+00
 -1      1151 1.16672E+00 3.99861E+01 2.00000E+00
 -1      1152 1.20000E+00 3.99639E+01 2.00000E+00
 -1      1153 1.23328E+00 4.00139E+01 2.00000E+00
 -1      1154 1.20000E+00 4.00361E+01 2.00000E+00
 -1      1185-1.19605E+00 4.99975E+01-3.57542E-02
 -1      1186-1.23148E+00 4.99965E+01-1.72231E-02
 -1      1187-1.20395E+00 5.00025E+01 3.57542E-02
 -1      1188-1.16852E+00 5.00035E+01 1.72231E-02
 -1      1193-1.20102E+00 4.99659E+01-1.16828E-02
 -1      1194-1.20007E+00 4.99977E+01-3.59798E-02
 -1      1195-1.19898E+00 5.00341E+01 1.16828E-02
 -1      1196-1.19993E+00 5.00023E+01 3.59798E-02
 -1      1201-1.23354E+00 4.99868E+01 3.96605E-04
 -1      1202-1.20069E+00 4.99640E+01 1.08098E-03
 -1      1203-1.16646E+00 5.00132E+01-3.96605E-04
 -1      1204-1.19931E+00 5.00360E+01-1.08098E-03
 -1      1235 1.20657E+00 4.99968E+01-3.53115E-02
 -1      1236 1.16988E+00 5.00006E+01-1.98149E-02
 -1      1237 1.19343E+00 5.00032E+01 3.53115E-02
 -1      1238 1.23012E+00 4.99994E+01 1.98149E-02
 -1      1243 1.20102E+00 4.99661E+01-1.23355E-02
 -1      1244 1.20005E+00 4.99984E+01-3.60180E-02
 -1      1245 1.19898E+00 5.00339E+01 1.23355E-02
 -1      1246 1.19995E+00 5.00016E+01 3.60180E-02
 -1      1251 1.16697E+00 4.99855E+01-4.33494E-04
 -1      1252 1.20064E+00 4.99640E+01-1.08101E-03
 -1      1253 1.23303E+00 5.00145E+01 4.33494E-04
 -1      1254 1.19936E+00 5.00360E+01 1.08101E-03
 -1      1285-1.19804E+00 5.00029E+01 1.96411E+00
 -1      1286-1.23240E+00 4.99990E+01 1.98421E+00
 -1      1287-1.20196E+00 4.99971E+01 2.03589E+00
 -1      1288-1.16760E+00 5.00010E+01 2.01579E+00
 -1      1293-1.19898E+00 4.99661E+01 1.98766E+00
 -1      1294-1.19995E+00 4.99984E+01 1.96398E+00
 -1      1295-1.20102E+00 5.00339E+01 2.01234E+00
 -1      1296-1.20005E+00 5.00016E+01 2.03602E+00
 -1      1301-1.23303E+00 4.99855E+01 1.99957E+00
 -1      1302-1.19936E+00 4.99640E+01 1.99892E+00
 -1      1303-1.16697E+00 5.00145E+01 2.00043E+00
 -1      1304-1.20064E+00 5.00360E+01 2.00108E+00
 -1      1335 1.20519E+00 5.00024E+01 1.96440E+00
 -1      1336 1.16914E+00 5.00035E+01 1.98169E+00
 -1      1337 1.19481E+00 4.99976E+01 2.03560E+00
 -1      1338 1.23086E+00 4.99965E+01 2.01831E+00
 -1      1343 1.19898E+00 4.99659E+01 1.98832E+00
 -1      1344 1.19993E+00 4.99977E+01 1.96402E+00
 -1      1345 1.20102E+00 5.00341E+01 2.01168E+00
 -1      1346 1.20007E+00 5.00023E+01 2.03598E+00
 -1      1351 1.16646E+00 4.99868E+01 2.00040E+00
 -1      1352 1.19931E+00 4.99640E+01 2.00108E+00
 -1      1353 1.23354E+00 5.00132E+01 1.99960E+00
 -1      1354 1.20069E+00 5.00360E+01 1.99892E+00
 -1      1385-1.19510E+00 1.12485E+01-9.30910E-02
 -1      1386-1.23109E+00 1.12492E+01-7.56508E-02
 -1      1387-1.20490E+00 1.12515E+01-2.17140E-02
 -1      1388-1.16891E+00 1.12508E+01-3.91543E-02
 -1      1393-1.19519E+00 1.24988E+01-1.41781E-01
 -1      1394-1.23114E+00 1.24994E+01-1.24237E-01
 -1      1395-1.20481E+00 1.25012E+01-7.03511E-02
 -1      1396-1.16886E+00 1.25006E+01-8.78954E-02
 -1      1401-1.19534E+00 1.37494E+01-1.74330E-01
 -1      1402-1.23121E+00 1.37497E+01-1.56628E-01
 -1      1403-1.20466E+00 1.37506E+01-1.02834E-01
 -1      1404-1.16879E+00 1.37503E+01-1.20535E-01
 -1      1409-1.19553E+00 1.50000E+01-1.85777E-01
 -1      1410-1.23131E+00 1.50000E+01-1.67888E-01
 -1      1411-1.20447E+00 1.50000E+01-1.14223E-01
 -1      1412-1.16869E+00 1.50000E+01-1.32112E-01
 -1      1417-1.19572E+00 1.62506E+01-1.74377E-01
 -1      1418-1.23140E+00 1.62503E+01-1.56298E-01
 -1      1419-1.20428E+00 1.62494E+01-1.02787E-01
 -1      1420-1.16860E+00 1.62497E+01-1.20866E-01
 -1      1425-1.19589E+00 1.75012E+01-1.41868E-01
 -1      1426-1.23149E+00 1.75006E+01-1.23626E-01
 -1      1427-1.20411E+00 1.74988E+01-7.02642E-02
 -1      1428-1.16851E+00 1.74994E+01-8.85056E-02
 -1      1433-1.19601E+00 1.87515E+01-9.32042E-02
 -1      1434-1.23154E+00 1.87507E+01-7.48534E-02
 -1      1435-1.20399E+00 1.87485E+01-2.16008E-02
 -1      1436-1.16846E+00 1.87493E+01-3.99517E-02
 -1      1441 1.20399E+00 1.12515E+01 2.16008E-02
 -1      1442 1.16846E+00 1.12507E+01 3.99517E-02
 -1      1443 1.19601E+00 1.12485E+01 9.32042E-02
 -1      1444 1.23154E+00 1.12493E+01 7.48534E-02
 -1      1449 1.20411E+00 1.25012E+01 7.02642E-02
 -1      1450 1.16851E+00 1.25006E+01 8.85056E-02
 -1      1451 1.19589E+00 1.24988E+01 1.41868E-01
 -1      1452 1.23149E+00 1.24994E+01 1.23626E-01
 -1      1457 1.20428E+00 1.37506E+01 1.02787E-01
 -1      1458 1.16860E+00 1.37503E+01 1.20866E-01
 -1      1459 1.19572E+00 1.37494E+01 1.74377E-01
 -1      1460 1.23140E+00 1.37497E+01 1.56298E-01
 -1      1465 1.20447E+00 1.50000E+01 1.14223E-01
 -1      1466 1.16869E+00 1.50000E+01 1.32112E-01
 -1      1467 1.19553E+00 1.50000E+01 1.85777E-01
 -1      1468 1.23131E+00 1.50000E+01 1.67888E-01
 -1      1473 1.20466E+00 1.62494E+01 1.02834E-01
 -1      1474 1.16879E+00 1.62497E+01 1.20535E-01
 -1      1475 1.19534E+00 1.62506E+01 1.74330E-01
 -1      1476 1.23121E+00 1.62503E+01 1.56628E-01
 -1      1481 1.20481E+00 1.74988E+01 7.03511E-02
 -1      1482 1.16886E+00 1.74994E+01 8.78954E-02
 -1      1483 1.19519E+00 1.75012E+01 1.41781E-01
 -1      1484 1.23114E+00 1.75006E+01 1.24237E-01
 -1      1489 1.20490E+00 1.87485E+01 2.17140E-02
 -1      1490 1.16891E+00 1.87492E+01 3.91543E-02
 -1      1491 1.19510E+00 1.87515E+01 9.30910E-02
 -1      1492 1.23109E+00 1.87508E+01 7.56508E-02
 -1      1497-1.19510E+00 1.12485E+01 1.90691E+00
 -1      1498-1.23109E+00 1.12492E+01 1.92435E+00
 -1      1499-1.20490E+00 1.12515E+01 1.97829E+00
 -1      1500-1.16891E+00 1.12508E+01 1.96085E+00
 -1      1505-1.19519E+00 1.24988E+01 1.85822E+00
 -1      1506-1.23114E+00 1.24994E+01 1.87576E+00
 -1      1507-1.20481E+00 1.25012E+01 1.92965E+00
 -1      1508-1.16886E+00 1.25006E+01 1.91210E+00
 -1      1513-1.19534E+00 1.37494E+01 1.82567E+00
 -1      1514-1.23121E+00 1.37497E+01 1.84337E+00
 -1      1515-1.20466E+00 1.37506E+01 1.89717E+00
 -1      1516-1.16879E+00 1.37503E+01 1.87946E+00
 -1      1521-1.19553E+00 1.50000E+01 1.81422E+00
 -1      1522-1.23131E+00 1.50000E+01 1.83211E+00
 -1      1523-1.20447E+00 1.50000E+01 1.88578E+00
 -1      1524-1.16869E+00 1.50000E+01 1.86789E+00
 -1      1529-1.19572E+00 1.62506E+01 1.82562E+00
 -1      1530-1.23140E+00 1.62503E+01 1.84370E+00
 -1      1531-1.20428E+00 1.62494E+01 1.89721E+00
 -1      1532-1.16860E+00 1.62497E+01 1.87913E+00
 -1      1537-1.19589E+00 1.75012E+01 1.85813E+00
 -1      1538-1.23149E+00 1.75006E+01 1.87637E+00
 -1      1539-1.20411E+00 1.74988E+01 1.92974E+00
 -1      1540-1.16851E+00 1.74994E+01 1.91149E+00
 -1      1545-1.19601E+00 1.87515E+01 1.90680E+00
 -1      1546-1.23154E+00 1.87507E+01 1.92515E+00
 -1      1547-1.20399E+00 1.87485E+01 1.97840E+00
 -1      1548-1.16846E+00 1.87493E+01 1.96005E+00
 -1      1553 1.20399E+00 1.12515E+01 2.02160E+00
 -1      1554 1.16846E+00 1.12507E+01 2.03995E+00
 -1      1555 1.19601E+00 1.12485E+01 2.09320E+00
 -1      1556 1.23154E+00 1.12493E+01 2.07485E+00
 -1      1561 1.20411E+00 1.25012E+01 2.07026E+00
 -1      1562 1.16851E+00 1.25006E+01 2.08851E+00
 -1      1563 1.19589E+00 1.24988E+01 2.14187E+00
 -1      1564 1.23149E+00 1.24994E+01 2.12363E+00
 -1      1569 1.20428E+00 1.37506E+01 2.10279E+00
 -1      1570 1.16860E+00 1.37503E+01 2.12087E+00
 -1      1571 1.19572E+00 1.37494E+01 2.17438E+00
 -1      1572 1.23140E+00 1.37497E+01 2.15630E+00
 -1      1577 1.20447E+00 1.50000E+01 2.11422E+00
 -1      1578 1.16869E+00 1.50000E+01 2.13211E+00
 -1      1579 1.19553E+00 1.50000E+01 2.18578E+00
 -1      1580 1.23131E+00 1.50000E+01 2.16789E+00
 -1      1585 1.20466E+00 1.62494E+01 2.10283E+00
 -1      1586 1.16879E+00 1.62497E+01 2.12054E+00
 -1      1587 1.19534E+00 1.62506E+01 2.17433E+00
 -1      1588 1.23121E+00 1.62503E+01 2.15663E+00
 -1      1593 1.20481E+00 1.74988E+01 2.07035E+00
 -1      1594 1.16886E+00 1.74994E+01 2.08790E+00
 -1      1595 1.19519E+00 1.75012E+01 2.14178E+00
 -1      1596 1.23114E+00 1.75006E+01 2.12424E+00
 -1      1601 1.20490E+00 1.87485E+01 2.02171E+00
 -1      1602 1.16891E+00 1.87492E+01 2.03915E+00
 -1      1603 1.19510E+00 1.87515E+01 2.09309E+00
 -1      1604 1.23109E+00 1.87508E+01 2.07565E+00
 -1      1609-1.19510E+00 2.12485E+01-9.30910E-02
 -1      1610-1.23109E+00 2.12492E+01-7.56508E-02
 -1      1611-1.20490E+00 2.12515E+01-2.17140E-02
 -1      1612-1.16891E+00 2.12508E+01-3.91543E-02
 -1      1617-1.19519E+00 2.24988E+01-1.41781E-01
 -1      1618-1.23114E+00 2.24994E+01-1.24237E-01
 -1      1619-1.20481E+00 2.25012E+01-7.03511E-02
 -1      1620-1.16886E+00 2.25006E+01-8.78954E-02
 -1      1625-1.19534E+00 2.37494E+01-1.74330E-01
 -1      1626-1.23121E+00 2.37497E+01-1.56628E-01
 -1      1627-1.20466E+00 2.37506E+01-1.02834E-01
 -1      1628-1.16879E+00 2.37503E+01-1.20535E-01
 -1      1633-1.19553E+00 2.50000E+01-1.85777E-01
 -1      1634-1.23131E+00 2.50000E+01-1.67888E-01
 -1      1635-1.20447E+00 2.50000E+01-1.14223E-01
 -1      1636-1.16869E+00 2.50000E+01-1.32112E-01
 -1      1641-1.19572E+00 2.62506E+01-1.74377E-01
 -1      1642-1.23140E+00 2.62503E+01-1.56298E-01
 -1      1643-1.20428E+00 2.62494E+01-1.02787E-01
 -1      1644-1.16860E+00 2.62497E+01-1.20866E-01
 -1      1649-1.19589E+00 2.75012E+01-1.41868E-01
 -1      1650-1.23149E+00 2.75006E+01-1.23626E-01
 -1      1651-1.20411E+00 2.74988E+01-7.02642E-02
 -1      1652-1.16851E+00 2.74994E+01-8.85056E-02
 -1      1657-1.19601E+00 2.87515E+01-9.32042E-02
 -1      1658-1.23154E+00 2.87507E+01-7.48534E-02
 -1      1659-1.20399E+00 2.87485E+01-2.16008E-02
 -1      1660-1.16846E+00 2.87493E+01-3.99517E-02
 -1      1665 1.20399E+00 2.12515E+01 2.16008E-02
 -1      1666 1.16846E+00 2.12507E+01 3.99517E-02
 -1      1667 1.19601E+00 2.12485E+01 9.32042E-02
 -1      1668 1.23154E+00 2.12493E+01 7.48534E-02
 -1      1673 1.20411E+00 2.25012E+01 7.02642E-02
 -1      1674 1.16851E+00 2.25006E+01 8.85056E-02
 -1      1675 1.19589E+00 2.24988E+01 1.41868E-01
 -1      1676 1.23149E+00 2.24994E+01 1.23626E-01
 -1      1681 1.20428E+00 2.37506E+01 1.02787E-01
 -1      1682 1.16860E+00 2.37503E+01 1.20866E-01
 -1      1683 1.19572E+00 2.37494E+01 1.74377E-01
 -1      1684 1.23140E+00 2.37497E+01 1.56298E-01
 -1      1689 1.20447E+00 2.50000E+01 1.14223E-01
 -1      1690 1.16869E+00 2.50000E+01 1.32112E-01
 -1      1691 1.19553E+00 2.50000E+01 1.85777E-01
 -1      1692 1.23131E+00 2.50000E+01 1.67888E-01
 -1      1697 1.20466E+00 2.62494E+01 1.02834E-01
 -1      1698 1.16879E+00 2.62497E+01 1.20535E-01
 -1      1699 1.19534E+00 2.62506E+01 1.74330E-01
 -1      1700 1.23121E+00 2.62503E+01 1.56628E-01
 -1      1705 1.20481E+00 2.74988E+01 7.03511E-02
 -1      1706 1.16886E+00 2.74994E+01 8.78954E-02
 -1      1707 1.19519E+00 2.75012E+01 1.41781E-01
 -1      1708 1.23114E+00 2.75006E+01 1.24237E-01
 -1      1713 1.20490E+00 2.87485E+01 2.17140E-02
 -1      1714 1.16891E+00 2.87492E+01 3.91543E-02
 -1      1715 1.19510E+00 2.87515E+01 9.30910E-02
 -1      1716 1.23109E+00 2.87508E+01 7.56508E-02
 -1      1721-1.19510E+00 2.12485E+01 1.90691E+00
 -1      1722-1.23109E+00 2.12492E+01 1.92435E+00
 -1      1723-1.20490E+00 2.12515E+01 1.97829E+00
 -1      1724-1.16891E+00 2.12508E+01 1.96085E+00
 -1      1729-1.19519E+00 2.24988E+01 1.85822E+00
 -1      1730-1.23114E+00 2.24994E+01 1.87576E+00
 -1      1731-1.20481E+00 2.25012E+01 1.92965E+00
 -1      1732-1.16886E+00 2.25006E+01 1.91210E+00
 -1      1737-1.19534E+00 2.37494E+01 1.82567E+00
 -1      1738-1.23121E+00 2.37497E+01 1.84337E+00
 -1      1739-1.20466E+00 2.37506E+01 1.89717E+00
 -1      1740-1.16879E+00 2.37503E+01 1.87946E+00
 -1      1745-1.19553E+00 2.50000E+01 1.81422E+00
 -1      1746-1.23131E+00 2.50000E+01 1.83211E+00
 -1      1747-1.20447E+00 2.50000E+01 1.88578E+00
 -1      1748-1.16869E+00 2.50000E+01 1.86789E+00
 -1      1753-1.19572E+00 2.62506E+01 1.82562E+00
 -1      1754-1.23140E+00 2.62503E+01 1.84370E+00
 -1      1755-1.20428E+00 2.62494E+01 1.89721E+00
 -1      1756-1.16860E+00 2.62497E+01 1.87913E+00
 -1      1761-1.19589E+00 2.75012E+01 1.85813E+00
 -1      1762-1.23149E+00 2.75006E+01 1.87637E+00
 -1      1763-1.20411E+00 2.74988E+01 1.92974E+00
 -1      1764-1.16851E+00 2.74994E+01 1.91149E+00
 -1      1769-1.19601E+00 2.87515E+01 1.90680E+00
 -1      1770-1.23154E+00 2.87507E+01 1.92515E+00
 -1      1771-1.20399E+00 2.87485E+01 1.97840E+00
 -1      1772-1.16846E+00 2.87493E+01 1.96005E+00
 -1      1777 1.20399E+00 2.12515E+01 2.02160E+00
 -1      1778 1.16846E+00 2.12507E+01 2.03995E+00
 -1      1779 1.19601E+00 2.12485E+01 2.09320E+00
 -1      1780 1.23154E+00 2.12493E+01 2.07485E+00
 -1      1785 1.20411E+00 2.25012E+01 2.07026E+00
 -1      1786 1.16851E+00 2.25006E+01 2.08851E+00
 -1      1787 1.19589E+00 2.24988E+01 2.14187E+00
 -1      1788 1.23149E+00 2.24994E+01 2.12363E+00
 -1      1793 1.20428E+00 2.37506E+01 2.10279E+00
 -1      1794 1.16860E+00 2.37503E+01 2.12087E+00
 -1      1795 1.19572E+00 2.37494E+01 2.17438E+00
 -1      1796 1.23140E+00 2.37497E+01 2.15630E+00
 -1      1801 1.20447E+00 2.50000E+01 2.11422E+00
 -1      1802 1.16869E+00 2.50000E+01 2.13211E+00
 -1      1803 1.19553E+00 2.50000E+01 2.18578E+00
 -1      1804 1.23131E+00 2.50000E+01 2.16789E+00
 -1      1809 1.20466E+00 2.62494E+01 2.10283E+00
 -1      1810 1.16879E+00 2.62497E+01 2.12054E+00
 -1      1811 1.19534E+00 2.62506E+01 2.17433E+00
 -1      1812 1.23121E+00 2.62503E+01 2.15663E+00
 -1      1817 1.20481E+00 2.74988E+01 2.07035E+00
 -1      1818 1.16886E+00 2.74994E+01 2.08790E+00
 -1      1819 1.19519E+00 2.75012E+01 2.14178E+00
 -1      1820 1.23114E+00 2.75006E+01 2.12424E+00
 -1      1825 1.20490E+00 2.87485E+01 2.02171E+00
 -1      1826 1.16891E+00 2.87492E+01 2.03915E+00
 -1      1827 1.19510E+00 2.87515E+01 2.09309E+00
 -1      1828 1.23109E+00 2.87508E+01 2.07565E+00
 -1      1833-1.19522E+00 3.24989E+01-1.41787E-01
 -1      1834-1.23115E+00 3.24995E+01-1.24216E-01
 -1      1835-1.20478E+00 3.25011E+01-7.03450E-02
 -1      1836-1.16885E+00 3.25005E+01-8.79159E-02
 -1      1841-1.19553E+00 3.50000E+01-1.85777E-01
 -1      1842-1.23131E+00 3.50000E+01-1.67887E-01
 -1      1843-1.20447E+00 3.50000E+01-1.14223E-01
 -1      1844-1.16869E+00 3.50000E+01-1.32113E-01
 -1      1849-1.19586E+00 3.75011E+01-1.41867E-01
 -1      1850-1.23147E+00 3.75005E+01-1.23652E-01
 -1      1851-1.20414E+00 3.74989E+01-7.02647E-02
 -1      1852-1.16853E+00 3.74995E+01-8.84797E-02
 -1      1857 1.20414E+00 3.25011E+01 7.02647E-02
 -1      1858 1.16853E+00 3.25005E+01 8.84797E-02
 -1      1859 1.19586E+00 3.24989E+01 1.41867E-01
 -1      1860 1.23147E+00 3.24995E+01 1.23652E-01
 -1      1865 1.20447E+00 3.50000E+01 1.14223E-01
 -1      1866 1.16869E+00 3.50000E+01 1.32113E-01
 -1      1867 1.19553E+00 3.50000E+01 1.85777E-01
 -1      1868 1.23131E+00 3.50000E+01 1.67887E-01
 -1      1873 1.20478E+00 3.74989E+01 7.03450E-02
 -1      1874 1.16885E+00 3.74995E+01 8.79159E-02
 -1      1875 1.19522E+00 3.75011E+01 1.41787E-01
 -1      1876 1.23115E+00 3.75005E+01 1.24216E-01
 -1      1881-1.19522E+00 3.24989E+01 1.85821E+00
 -1      1882-1.23115E+00 3.24995E+01 1.87578E+00
 -1      1883-1.20478E+00 3.25011E+01 1.92966E+00
 -1      1884-1.16885E+00 3.25005E+01 1.91208E+00
 -1      1889-1.19553E+00 3.50000E+01 1.81422E+00
 -1      1890-1.23131E+00 3.50000E+01 1.83211E+00
 -1      1891-1.20447E+00 3.50000E+01 1.88578E+00
 -1      1892-1.16869E+00 3.50000E+01 1.86789E+00
 -1      1897-1.19586E+00 3.75011E+01 1.85813E+00
 -1      1898-1.23147E+00 3.75005E+01 1.87635E+00
 -1      1899-1.20414E+00 3.74989E+01 1.92974E+00
 -1      1900-1.16853E+00 3.74995E+01 1.91152E+00
 -1      1905 1.20414E+00 3.25011E+01 2.07026E+00
 -1      1906 1.16853E+00 3.25005E+01 2.08848E+00
 -1      1907 1.19586E+00 3.24989E+01 2.14187E+00
 -1      1908 1.23147E+00 3.24995E+01 2.12365E+00
 -1      1913 1.20447E+00 3.50000E+01 2.11422E+00
 -1      1914 1.16869E+00 3.50000E+01 2.13211E+00
 -1      1915 1.19553E+00 3.50000E+01 2.18578E+00
 -1      1916 1.23131E+00 3.50000E+01 2.16789E+00
 -1      1921 1.20478E+00 3.74989E+01 2.07034E+00
 -1      1922 1.16885E+00 3.74995E+01 2.08792E+00
 -1      1923 1.19522E+00 3.75011E+01 2.14179E+00
 -1      1924 1.23115E+00 3.75005E+01 2.12422E+00
 -1      1929 0.00000E+00-6.99992E-02-1.20023E-02
 -1      1930 0.00000E+00-3.79975E-02-3.60001E-02
 -1      1931 0.00000E+00-2.00083E-03 1.20023E-02
 -1      1932 0.00000E+00-3.40025E-02 3.60001E-02
 -1      1937 0.00000E+00 2.00083E-03 1.98800E+00
 -1      1938 0.00000E+00 3.40025E-02 1.96400E+00
 -1      1939 0.00000E+00 6.99992E-02 2.01200E+00
 -1      1940 0.00000E+00 3.79975E-02 2.03600E+00
 -1      1945-1.23329E+00 1.61495E-02 1.00000E+00
 -1      1946-1.20002E+00-6.05551E-03 1.00000E+00
 -1      1947-1.16671E+00 4.38505E-02 1.00000E+00
 -1      1948-1.19998E+00 6.60555E-02 1.00000E+00
 -1      1953 1.16671E+00-4.38505E-02 1.00000E+00
 -1      1954 1.19998E+00-6.60555E-02 1.00000E+00
 -1      1955 1.23329E+00-1.61495E-02 1.00000E+00
 -1      1956 1.20002E+00 6.05551E-03 1.00000E+00
 -1      1961-6.01023E-01 1.99404E+01-1.16832E-02
 -1      1962-6.00070E-01 1.99722E+01-3.59798E-02
 -1      1963-5.98977E-01 2.00086E+01 1.16832E-02
 -1      1964-5.99930E-01 1.99769E+01 3.59798E-02
 -1      1969 0.00000E+00 1.99300E+01-1.20008E-02
 -1      1970 0.00000E+00 1.99620E+01-3.60000E-02
 -1      1971 0.00000E+00 1.99980E+01 1.20008E-02
 -1      1972 0.00000E+00 1.99660E+01 3.60000E-02
 -1      1977 6.01016E-01 1.99407E+01-1.23359E-02
 -1      1978 6.00049E-01 1.99729E+01-3.60180E-02
 -1      1979 5.98984E-01 2.00084E+01 1.23359E-02
 -1      1980 5.99951E-01 1.99762E+01 3.60180E-02
 -1      1985-5.98984E-01 1.99916E+01 1.98766E+00
 -1      1986-5.99951E-01 2.00238E+01 1.96398E+00
 -1      1987-6.01016E-01 2.00593E+01 2.01234E+00
 -1      1988-6.00049E-01 2.00271E+01 2.03602E+00
 -1      1993 0.00000E+00 2.00020E+01 1.98800E+00
 -1      1994 0.00000E+00 2.00340E+01 1.96400E+00
 -1      1995 0.00000E+00 2.00700E+01 2.01200E+00
 -1      1996 0.00000E+00 2.00380E+01 2.03600E+00
 -1      2001 5.98977E-01 1.99914E+01 1.98832E+00
 -1      2002 5.99930E-01 2.00231E+01 1.96402E+00
 -1      2003 6.01023E-01 2.00596E+01 2.01168E+00
 -1      2004 6.00070E-01 2.00278E+01 2.03598E+00
 -1      2009-1.23354E+00 2.00080E+01 5.00396E-01
 -1      2010-1.20070E+00 1.99852E+01 5.01081E-01
 -1      2011-1.16646E+00 2.00344E+01 4.99604E-01
 -1      2012-1.19930E+00 2.00572E+01 4.98919E-01
 -1      2017-1.23328E+00 2.00161E+01 1.00000E+00
 -1      2018-1.20001E+00 1.99939E+01 1.00000E+00
 -1      2019-1.16672E+00 2.00439E+01 1.00000E+00
 -1      2020-1.19999E+00 2.00661E+01 1.00000E+00
 -1      2025-1.23303E+00 2.00068E+01 1.49957E+00
 -1      2026-1.19936E+00 1.99852E+01 1.49892E+00
 -1      2027-1.16697E+00 2.00357E+01 1.50043E+00
 -1      2028-1.20064E+00 2.00572E+01 1.50108E+00
 -1      2033 1.16697E+00 1.99643E+01 4.99567E-01
 -1      2034 1.20064E+00 1.99428E+01 4.98919E-01
 -1      2035 1.23303E+00 1.99932E+01 5.00433E-01
 -1      2036 1.19936E+00 2.00148E+01 5.01081E-01
 -1      2041 1.16672E+00 1.99561E+01 1.00000E+00
 -1      2042 1.19999E+00 1.99339E+01 1.00000E+00
 -1      2043 1.23328E+00 1.99839E+01 1.00000E+00
 -1      2044 1.20001E+00 2.00061E+01 1.00000E+00
 -1      2049 1.16646E+00 1.99656E+01 1.50040E+00
 -1      2050 1.19930E+00 1.99428E+01 1.50108E+00
 -1      2051 1.23354E+00 1.99920E+01 1.49960E+00
 -1      2052 1.20070E+00 2.00148E+01 1.49892E+00
 -1      2057 0.00000E+00 4.99300E+01-1.20023E-02
 -1      2058 0.00000E+00 4.99620E+01-3.60001E-02
 -1      2059 0.00000E+00 4.99980E+01 1.20023E-02
 -1      2060 0.00000E+00 4.99660E+01 3.60001E-02
 -1      2065 0.00000E+00 5.00020E+01 1.98800E+00
 -1      2066 0.00000E+00 5.00340E+01 1.96400E+00
 -1      2067 0.00000E+00 5.00700E+01 2.01200E+00
 -1      2068 0.00000E+00 5.00380E+01 2.03600E+00
 -1      2073-1.23329E+00 5.00161E+01 1.00000E+00
 -1      2074-1.20002E+00 4.99939E+01 1.00000E+00
 -1      2075-1.16671E+00 5.00438E+01 1.00000E+00
 -1      2076-1.19998E+00 5.00661E+01 1.00000E+00
 -1      2081 1.16671E+00 4.99562E+01 1.00000E+00
 -1      2082 1.19998E+00 4.99339E+01 1.00000E+00
 -1      2083 1.23329E+00 4.99839E+01 1.00000E+00
 -1      2084 1.20002E+00 5.00061E+01 1.00000E+00
 -1      2089-1.19757E+00 1.12670E+01 1.57055E-01
 -1      2090-1.23227E+00 1.12640E+01 1.76710E-01
 -1      2091-1.20243E+00 1.12559E+01 2.28140E-01
 -1      2092-1.16773E+00 1.12590E+01 2.08485E-01
 -1      2097-1.19773E+00 1.25271E+01 3.58438E-01
 -1      2098-1.23234E+00 1.25238E+01 3.78214E-01
 -1      2099-1.20227E+00 1.25153E+01 4.29430E-01
 -1      2100-1.16766E+00 1.25186E+01 4.09654E-01
 -1      2105-1.19798E+00 1.37842E+01 5.76000E-01
 -1      2106-1.23245E+00 1.37805E+01 5.95959E-01
 -1      2107-1.20202E+00 1.37713E+01 6.46836E-01
 -1      2108-1.16755E+00 1.37749E+01 6.26877E-01
 -1      2113-1.19828E+00 1.50371E+01 8.14685E-01
 -1      2114-1.23258E+00 1.50330E+01 8.34863E-01
 -1      2115-1.20172E+00 1.50229E+01 8.85315E-01
 -1      2116-1.16742E+00 1.50270E+01 8.65137E-01
 -1      2121-1.19860E+00 1.62854E+01 1.07622E+00
 -1      2122-1.23272E+00 1.62809E+01 1.09662E+00
 -1      2123-1.20140E+00 1.62700E+01 1.14662E+00
 -1      2124-1.16728E+00 1.62745E+01 1.12622E+00
 -1      2129-1.19888E+00 1.75294E+01 1.35884E+00
 -1      2130-1.23284E+00 1.75246E+01 1.37943E+00
 -1      2131-1.20112E+00 1.75130E+01 1.42902E+00
 -1      2132-1.16716E+00 1.75178E+01 1.40843E+00
 -1      2137-1.19908E+00 1.87700E+01 1.65759E+00
 -1      2138-1.23292E+00 1.87650E+01 1.67830E+00
 -1      2139-1.20092E+00 1.87529E+01 1.72761E+00
 -1      2140-1.16708E+00 1.87580E+01 1.70689E+00
 -1      2145-1.19416E+00 1.12560E+01 1.77225E+00
 -1      2146-1.23060E+00 1.12585E+01 1.78856E+00
 -1      2147-1.20584E+00 1.12670E+01 1.84256E+00
 -1      2148-1.16940E+00 1.12644E+01 1.82625E+00
 -1      2153-1.19409E+00 1.25154E+01 1.57098E+00
 -1      2154-1.23056E+00 1.25181E+01 1.58719E+00
 -1      2155-1.20591E+00 1.25271E+01 1.64115E+00
 -1      2156-1.16944E+00 1.25244E+01 1.62494E+00
 -1      2161-1.19399E+00 1.37714E+01 1.35360E+00
 -1      2162-1.23051E+00 1.37743E+01 1.36967E+00
 -1      2163-1.20601E+00 1.37841E+01 1.42356E+00
 -1      2164-1.16949E+00 1.37812E+01 1.40749E+00
 -1      2169-1.19388E+00 1.50230E+01 1.11516E+00
 -1      2170-1.23044E+00 1.50262E+01 1.13106E+00
 -1      2171-1.20612E+00 1.50370E+01 1.18484E+00
 -1      2172-1.16956E+00 1.50338E+01 1.16894E+00
 -1      2177-1.19377E+00 1.62701E+01 8.53886E-01
 -1      2178-1.23038E+00 1.62736E+01 8.69618E-01
 -1      2179-1.20623E+00 1.62853E+01 9.23278E-01
 -1      2180-1.16962E+00 1.62819E+01 9.07546E-01
 -1      2185-1.19368E+00 1.75131E+01 5.71502E-01
 -1      2186-1.23034E+00 1.75168E+01 5.87093E-01
 -1      2187-1.20632E+00 1.75293E+01 6.40630E-01
 -1      2188-1.16966E+00 1.75257E+01 6.25039E-01
 -1      2193-1.19363E+00 1.87531E+01 2.72930E-01
 -1      2194-1.23031E+00 1.87568E+01 2.88429E-01
 -1      2195-1.20637E+00 1.87699E+01 3.41875E-01
 -1      2196-1.16969E+00 1.87661E+01 3.26376E-01
 -1      2201 1.20243E+00 1.12670E+01 1.57055E-01
 -1      2202 1.16773E+00 1.12640E+01 1.76710E-01
 -1      2203 1.19757E+00 1.12559E+01 2.28140E-01
 -1      2204 1.23227E+00 1.12590E+01 2.08485E-01
 -1      2209 1.20227E+00 1.25271E+01 3.58438E-01
 -1      2210 1.16766E+00 1.25238E+01 3.78214E-01
 -1      2211 1.19773E+00 1.25153E+01 4.29430E-01
 -1      2212 1.23234E+00 1.25186E+01 4.09654E-01
 -1      2217 1.20202E+00 1.37842E+01 5.76000E-01
 -1      2218 1.16755E+00 1.37805E+01 5.95959E-01
 -1      2219 1.19798E+00 1.37713E+01 6.46836E-01
 -1      2220 1.23245E+00 1.37749E+01 6.26877E-01
 -1      2225 1.20172E+00 1.50371E+01 8.14685E-01
 -1      2226 1.16742E+00 1.50330E+01 8.34863E-01
 -1      2227 1.19828E+00 1.50229E+01 8.85315E-01
 -1      2228 1.23258E+00 1.50270E+01 8.65137E-01
 -1      2233 1.20140E+00 1.62854E+01 1.07622E+00
 -1      2234 1.16728E+00 1.62809E+01 1.09662E+00
 -1      2235 1.19860E+00 1.62700E+01 1.14662E+00
 -1      2236 1.23272E+00 1.62745E+01 1.12622E+00
 -1      2241 1.20112E+00 1.75294E+01 1.35884E+00
 -1      2242 1.16716E+00 1.75246E+01 1.37943E+00
 -1      2243 1.19888E+00 1.75130E+01 1.42902E+00
 -1      2244 1.23284E+00 1.75178E+01 1.40843E+00
 -1      2249 1.20092E+00 1.87700E+01 1.65759E+00
 -1      2250 1.16708E+00 1.87650E+01 1.67830E+00
 -1      2251 1.19908E+00 1.87529E+01 1.72761E+00
 -1      2252 1.23292E+00 1.87580E+01 1.70689E+00
 -1      2257 1.20584E+00 1.12560E+01 1.77225E+00
 -1      2258 1.16940E+00 1.12585E+01 1.78856E+00
 -1      2259 1.19416E+00 1.12670E+01 1.84256E+00
 -1      2260 1.23060E+00 1.12644E+01 1.82625E+00
 -1      2265 1.20591E+00 1.25154E+01 1.57098E+00
 -1      2266 1.16944E+00 1.25181E+01 1.58719E+00
 -1      2267 1.19409E+00 1.25271E+01 1.64115E+00
 -1      2268 1.23056E+00 1.25244E+01 1.62494E+00
 -1      2273 1.20601E+00 1.37714E+01 1.35360E+00
 -1      2274 1.16949E+00 1.37743E+01 1.36967E+00
 -1      2275 1.19399E+00 1.37841E+01 1.42356E+00
 -1      2276 1.23051E+00 1.37812E+01 1.40749E+00
 -1      2281 1.20612E+00 1.50230E+01 1.11516E+00
 -1      2282 1.16956E+00 1.50262E+01 1.13106E+00
 -1      2283 1.19388E+00 1.50370E+01 1.18484E+00
 -1      2284 1.23044E+00 1.50338E+01 1.16894E+00
 -1      2289 1.20623E+00 1.62701E+01 8.53886E-01
 -1      2290 1.16962E+00 1.62736E+01 8.69618E-01
 -1      2291 1.19377E+00 1.62853E+01 9.23278E-01
 -1      2292 1.23038E+00 1.62819E+01 9.07546E-01
 -1      2297 1.20632E+00 1.75131E+01 5.71502E-01
 -1      2298 1.16966E+00 1.75168E+01 5.87093E-01
 -1      2299 1.19368E+00 1.75293E+01 6.40630E-01
 -1      2300 1.23034E+00 1.75257E+01 6.25039E-01
 -1      2305 1.20637E+00 1.87531E+01 2.72930E-01
 -1      2306 1.16969E+00 1.87568E+01 2.88429E-01
 -1      2307 1.19363E+00 1.87699E+01 3.41875E-01
 -1      2308 1.23031E+00 1.87661E+01 3.26376E-01
 -1      2313-8.31704E-01 1.12331E+01-3.42295E-02
 -1      2314-8.68791E-01 1.12437E+01-2.36225E-02
 -1      2315-8.53491E-01 1.12393E+01 3.42295E-02
 -1      2316-8.16404E-01 1.12287E+01 2.36225E-02
 -1      2321-4.83271E-01 1.24716E+01-3.43179E-02
 -1      2322-5.20380E-01 1.24818E+01-2.34066E-02
 -1      2323-5.04597E-01 1.24775E+01 3.43179E-02
 -1      2324-4.67488E-01 1.24673E+01 2.34066E-02
 -1      2329-1.51102E-01 1.37141E+01-3.44451E-02
 -1      2330-1.88233E-01 1.37237E+01-2.30837E-02
 -1      2331-1.71734E-01 1.37194E+01 3.44451E-02
 -1      2332-1.34603E-01 1.37098E+01 2.30837E-02
 -1      2337 1.59903E-01 1.49616E+01-3.45874E-02
 -1      2338 1.22764E-01 1.49705E+01-2.27035E-02
 -1      2339 1.40097E-01 1.49664E+01 3.45874E-02
 -1      2340 1.77236E-01 1.49575E+01 2.27035E-02
 -1      2345 4.48070E-01 1.62146E+01-3.47212E-02
 -1      2346 4.10939E-01 1.62229E+01-2.23246E-02
 -1      2347 4.29094E-01 1.62188E+01 3.47212E-02
 -1      2348 4.66225E-01 1.62106E+01 2.23246E-02
 -1      2353 7.15201E-01 1.74727E+01-3.48283E-02
 -1      2354 6.78091E-01 1.74803E+01-2.20050E-02
 -1      2355 6.96931E-01 1.74764E+01 3.48283E-02
 -1      2356 7.34041E-01 1.74688E+01 2.20050E-02
 -1      2361 9.66302E-01 1.87345E+01-3.48965E-02
 -1      2362 9.29212E-01 1.87417E+01-2.17923E-02
 -1      2363 9.48503E-01 1.87380E+01 3.48965E-02
 -1      2364 9.85593E-01 1.87307E+01 2.17923E-02
 -1      2369 8.42124E-01 1.12361E+01-3.60521E-02
 -1      2370 8.10413E-01 1.12270E+01-1.34113E-02
 -1      2371 8.43071E-01 1.12364E+01 3.60521E-02
 -1      2372 8.74781E-01 1.12454E+01 1.34113E-02
 -1      2377 4.93597E-01 1.24745E+01-3.60538E-02
 -1      2378 4.61712E-01 1.24657E+01-1.35445E-02
 -1      2379 4.94271E-01 1.24746E+01 3.60538E-02
 -1      2380 5.26156E-01 1.24834E+01 1.35445E-02
 -1      2385 1.61293E-01 1.37167E+01-3.60553E-02
 -1      2386 1.29148E-01 1.37084E+01-1.37478E-02
 -1      2387 1.61544E-01 1.37168E+01 3.60553E-02
 -1      2388 1.93688E-01 1.37251E+01 1.37478E-02
 -1      2393-1.49867E-01 1.49640E+01-3.60553E-02
 -1      2394-1.82312E-01 1.49562E+01-1.39935E-02
 -1      2395-1.50133E-01 1.49640E+01 3.60553E-02
 -1      2396-1.17688E-01 1.49718E+01 1.39935E-02
 -1      2401-4.38181E-01 1.62168E+01-3.60532E-02
 -1      2402-4.70920E-01 1.62096E+01-1.42455E-02
 -1      2403-4.38983E-01 1.62167E+01 3.60532E-02
 -1      2404-4.06244E-01 1.62239E+01 1.42455E-02
 -1      2409-7.05431E-01 1.74747E+01-3.60497E-02
 -1      2410-7.38414E-01 1.74679E+01-1.44640E-02
 -1      2411-7.06701E-01 1.74744E+01 3.60497E-02
 -1      2412-6.73718E-01 1.74812E+01 1.44640E-02
 -1      2417-9.56607E-01 1.87364E+01-3.60464E-02
 -1      2418-9.89751E-01 1.87299E+01-1.46123E-02
 -1      2419-9.58198E-01 1.87361E+01 3.60464E-02
 -1      2420-9.25054E-01 1.87425E+01 1.46123E-02
 -1      2425-8.31704E-01 1.12331E+01 1.96577E+00
 -1      2426-8.68791E-01 1.12437E+01 1.97638E+00
 -1      2427-8.53491E-01 1.12393E+01 2.03423E+00
 -1      2428-8.16404E-01 1.12287E+01 2.02362E+00
 -1      2433-4.83271E-01 1.24716E+01 1.96568E+00
 -1      2434-5.20380E-01 1.24818E+01 1.97659E+00
 -1      2435-5.04597E-01 1.24775E+01 2.03432E+00
 -1      2436-4.67488E-01 1.24673E+01 2.02341E+00
 -1      2441-1.51102E-01 1.37141E+01 1.96555E+00
 -1      2442-1.88233E-01 1.37237E+01 1.97692E+00
 -1      2443-1.71734E-01 1.37194E+01 2.03445E+00
 -1      2444-1.34603E-01 1.37098E+01 2.02308E+00
 -1      2449 1.59903E-01 1.49616E+01 1.96541E+00
 -1      2450 1.22764E-01 1.49705E+01 1.97730E+00
 -1      2451 1.40097E-01 1.49664E+01 2.03459E+00
 -1      2452 1.77236E-01 1.49575E+01 2.02270E+00
 -1      2457 4.48070E-01 1.62146E+01 1.96528E+00
 -1      2458 4.10939E-01 1.62229E+01 1.97768E+00
 -1      2459 4.29094E-01 1.62188E+01 2.03472E+00
 -1      2460 4.66225E-01 1.62106E+01 2.02232E+00
 -1      2465 7.15201E-01 1.74727E+01 1.96517E+00
 -1      2466 6.78091E-01 1.74803E+01 1.97800E+00
 -1      2467 6.96931E-01 1.74764E+01 2.03483E+00
 -1      2468 7.34041E-01 1.74688E+01 2.02200E+00
 -1      2473 9.66302E-01 1.87345E+01 1.96510E+00
 -1      2474 9.29212E-01 1.87417E+01 1.97821E+00
 -1      2475 9.48503E-01 1.87380E+01 2.03490E+00
 -1      2476 9.85593E-01 1.87307E+01 2.02179E+00
 -1      2481 8.42124E-01 1.12361E+01 1.96395E+00
 -1      2482 8.10413E-01 1.12270E+01 1.98659E+00
 -1      2483 8.43071E-01 1.12364E+01 2.03605E+00
 -1      2484 8.74781E-01 1.12454E+01 2.01341E+00
 -1      2489 4.93597E-01 1.24745E+01 1.96395E+00
 -1      2490 4.61712E-01 1.24657E+01 1.98646E+00
 -1      2491 4.94271E-01 1.24746E+01 2.03605E+00
 -1      2492 5.26156E-01 1.24834E+01 2.01354E+00
 -1      2497 1.61293E-01 1.37167E+01 1.96394E+00
 -1      2498 1.29148E-01 1.37084E+01 1.98625E+00
 -1      2499 1.61544E-01 1.37168E+01 2.03606E+00
 -1      2500 1.93688E-01 1.37251E+01 2.01375E+00
 -1      2505-1.49867E-01 1.49640E+01 1.96394E+00
 -1      2506-1.82312E-01 1.49562E+01 1.98601E+00
 -1      2507-1.50133E-01 1.49640E+01 2.03606E+00
 -1      2508-1.17688E-01 1.49718E+01 2.01399E+00
 -1      2513-4.38181E-01 1.62168E+01 1.96395E+00
 -1      2514-4.70920E-01 1.62096E+01 1.98575E+00
 -1      2515-4.38983E-01 1.62167E+01 2.03605E+00
 -1      2516-4.06244E-01 1.62239E+01 2.01425E+00
 -1      2521-7.05431E-01 1.74747E+01 1.96395E+00
 -1      2522-7.38414E-01 1.74679E+01 1.98554E+00
 -1      2523-7.06701E-01 1.74744E+01 2.03605E+00
 -1      2524-6.73718E-01 1.74812E+01 2.01446E+00
 -1      2529-9.56607E-01 1.87364E+01 1.96395E+00
 -1      2530-9.89751E-01 1.87299E+01 1.98539E+00
 -1      2531-9.58198E-01 1.87361E+01 2.03605E+00
 -1      2532-9.25054E-01 1.87425E+01 2.01461E+00
 -1      2537-1.19830E+00 3.50371E+01 8.14684E-01
 -1      2538-1.23259E+00 3.50330E+01 8.34874E-01
 -1      2539-1.20170E+00 3.50229E+01 8.85316E-01
 -1      2540-1.16741E+00 3.50270E+01 8.65126E-01
 -1      2545-1.19388E+00 3.50230E+01 1.11516E+00
 -1      2546-1.23044E+00 3.50262E+01 1.13106E+00
 -1      2547-1.20612E+00 3.50370E+01 1.18484E+00
 -1      2548-1.16956E+00 3.50338E+01 1.16894E+00
 -1      2553 1.20170E+00 3.50371E+01 8.14684E-01
 -1      2554 1.16741E+00 3.50330E+01 8.34874E-01
 -1      2555 1.19830E+00 3.50229E+01 8.85316E-01
 -1      2556 1.23259E+00 3.50270E+01 8.65126E-01
 -1      2561 1.20612E+00 3.50230E+01 1.11516E+00
 -1      2562 1.16956E+00 3.50262E+01 1.13106E+00
 -1      2563 1.19388E+00 3.50370E+01 1.18484E+00
 -1      2564 1.23044E+00 3.50338E+01 1.16894E+00
 -1      2569 1.59908E-01 3.49616E+01-3.45858E-02
 -1      2570 1.22767E-01 3.49705E+01-2.27077E-02
 -1      2571 1.40092E-01 3.49664E+01 3.45858E-02
 -1      2572 1.77233E-01 3.49575E+01 2.27077E-02
 -1      2577-1.49864E-01 3.49640E+01-3.60552E-02
 -1      2578-1.82310E-01 3.49562E+01-1.39967E-02
 -1      2579-1.50136E-01 3.49640E+01 3.60552E-02
 -1      2580-1.17690E-01 3.49718E+01 1.39967E-02
 -1      2585 1.59908E-01 3.49616E+01 1.96541E+00
 -1      2586 1.22767E-01 3.49705E+01 1.97729E+00
 -1      2587 1.40092E-01 3.49664E+01 2.03459E+00
 -1      2588 1.77233E-01 3.49575E+01 2.02271E+00
 -1      2593-1.49864E-01 3.49640E+01 1.96394E+00
 -1      2594-1.82310E-01 3.49562E+01 1.98600E+00
 -1      2595-1.50136E-01 3.49640E+01 2.03606E+00
 -1      2596-1.17690E-01 3.49718E+01 2.01400E+00
 -1      2601-1.19830E+00 4.50371E+01 8.14684E-01
 -1      2602-1.23259E+00 4.50330E+01 8.34874E-01
 -1      2603-1.20170E+00 4.50229E+01 8.85316E-01
 -1      2604-1.16741E+00 4.50270E+01 8.65126E-01
 -1      2609-1.19388E+00 4.50230E+01 1.11516E+00
 -1      2610-1.23044E+00 4.50262E+01 1.13106E+00
 -1      2611-1.20612E+00 4.50370E+01 1.18484E+00
 -1      2612-1.16956E+00 4.50338E+01 1.16894E+00
 -1      2617 1.20170E+00 4.50371E+01 8.14684E-01
 -1      2618 1.16741E+00 4.50330E+01 8.34874E-01
 -1      2619 1.19830E+00 4.50229E+01 8.85316E-01
 -1      2620 1.23259E+00 4.50270E+01 8.65126E-01
 -1      2625 1.20612E+00 4.50230E+01 1.11516E+00
 -1      2626 1.16956E+00 4.50262E+01 1.13106E+00
 -1      2627 1.19388E+00 4.50370E+01 1.18484E+00
 -1      2628 1.23044E+00 4.50338E+01 1.16894E+00
 -1      2633 1.59908E-01 4.49616E+01-3.45858E-02
 -1      2634 1.22767E-01 4.49705E+01-2.27077E-02
 -1      2635 1.40092E-01 4.49664E+01 3.45858E-02
 -1      2636 1.77233E-01 4.49575E+01 2.27077E-02
 -1      2641-1.49864E-01 4.49640E+01-3.60552E-02
 -1      2642-1.82310E-01 4.49562E+01-1.39967E-02
 -1      2643-1.50136E-01 4.49640E+01 3.60552E-02
 -1      2644-1.17690E-01 4.49718E+01 1.39967E-02
 -1      2649 1.59908E-01 4.49616E+01 1.96541E+00
 -1      2650 1.22767E-01 4.49705E+01 1.97729E+00
 -1      2651 1.40092E-01 4.49664E+01 2.03459E+00
 -1      2652 1.77233E-01 4.49575E+01 2.02271E+00
 -1      2657-1.49864E-01 4.49640E+01 1.96394E+00
 -1      2658-1.82310E-01 4.49562E+01 1.98600E+00
 -1      2659-1.50136E-01 4.49640E+01 2.03606E+00
 -1      2660-1.17690E-01 4.49718E+01 2.01400E+00
 -3
    3C                           244                                     1
 -1         1    1    0    1
 -2       185       385       386       186       188       388       387       187
 -1         2    1    0    1
 -2       235       435       436       236       238       438       437       237
 -1         3    1    0    1
 -2       285       485       486       286       288       488       487       287
 -1         4    1    0    1
 -2       335       535       536       336       338       538       537       337
 -1         5    1    0    1
 -2       385      1385      1386       386       388      1388      1387       387
 -1         6    1    0    1
 -2      1385      1393      1394      1386      1388      1396      1395      1387
 -1         7    1    0    1
 -2      1393      1401      1402      1394      1396      1404      1403      1395
 -1         8    1    0    1
 -2      1401      1409      1410      1402      1404      1412      1411      1403
 -1         9    1    0    1
 -2      1409      1417      1418      1410      1412      1420      1419      1411
 -1        10    1    0    1
 -2      1417      1425      1426      1418      1420      1428      1427      1419
 -1        11    1    0    1
 -2      1425      1433      1434      1426      1428      1436      1435      1427
 -1        12    1    0    1
 -2      1433       585       586      1434      1436       588       587      1435
 -1        13    1    0    1
 -2       435      1441      1442       436       438      1444      1443       437
 -1        14    1    0    1
 -2      1441      1449      1450      1442      1444      1452      1451      1443
 -1        15    1    0    1
 -2      1449      1457      1458      1450      1452      1460      1459      1451
 -1        16    1    0    1
 -2      1457      1465      1466      1458      1460      1468      1467      1459
 -1        17    1    0    1
 -2      1465      1473      1474      1466      1468      1476      1475      1467
 -1        18    1    0    1
 -2      1473      1481      1482      1474      1476      1484      1483      1475
 -1        19    1    0    1
 -2      1481      1489      1490      1482      1484      1492      1491      1483
 -1        20    1    0    1
 -2      1489       635       636      1490      1492       638       637      1491
 -1        21    1    0    1
 -2       485      1497      1498       486       488      1500      1499       487
 -1        22    1    0    1
 -2      1497      1505      1506      1498      1500      1508      1507      1499
 -1        23    1    0    1
 -2      1505      1513      1514      1506      1508      1516      1515      1507
 -1        24    1    0    1
 -2      1513      1521      1522      1514      1516      1524      1523      1515
 -1        25    1    0    1
 -2      1521      1529      1530      1522      1524      1532      1531      1523
 -1        26    1    0    1
 -2      1529      1537      1538      1530      1532      1540      1539      1531
 -1        27    1    0    1
 -2      1537      1545      1546      1538      1540      1548      1547      1539
 -1        28    1    0    1
 -2      1545       685       686      1546      1548       688       687      1547
 -1        29    1    0    1
 -2       535      1553      1554       536       538      1556      1555       537
 -1        30    1    0    1
 -2      1553      1561      1562      1554      1556      1564      1563      1555
 -1        31    1    0    1
 -2      1561      1569      1570      1562      1564      1572      1571      1563
 -1        32    1    0    1
 -2      1569      1577      1578      1570      1572      1580      1579      1571
 -1        33    1    0    1
 -2      1577      1585      1586      1578      1580      1588      1587      1579
 -1        34    1    0    1
 -2      1585      1593      1594      1586      1588      1596      1595      1587
 -1        35    1    0    1
 -2      1593      1601      1602      1594      1596      1604      1603      1595
 -1        36    1    0    1
 -2      1601       735       736      1602      1604       738       737      1603
 -1        37    1    0    1
 -2       585      1609      1610       586       588      1612      1611       587
 -1        38    1    0    1
 -2      1609      1617      1618      1610      1612      1620      1619      1611
 -1        39    1    0    1
 -2      1617      1625      1626      1618      1620      1628      1627      1619
 -1        40    1    0    1
 -2      1625      1633      1634      1626      1628      1636      1635      1627
 -1        41    1    0    1
 -2      1633      1641      1642      1634      1636      1644      1643      1635
 -1        42    1    0    1
 -2      1641      1649      1650      1642      1644      1652      1651      1643
 -1        43    1    0    1
 -2      1649      1657      1658      1650      1652      1660      1659      1651
 -1        44    1    0    1
 -2      1657       785       786      1658      1660       788       787      1659
 -1        45    1    0    1
 -2       635      1665      1666       636       638      1668      1667       637
 -1        46    1    0    1
 -2      1665      1673      1674      1666      1668      1676      1675      1667
 -1        47    1    0    1
 -2      1673      1681      1682      1674      1676      1684      1683      1675
 -1        48    1    0    1
 -2      1681      1689      1690      1682      1684      1692      1691      1683
 -1        49    1    0    1
 -2      1689      1697      1698      1690      1692      1700      1699      1691
 -1        50    1    0    1
 -2      1697      1705      1706      1698      1700      1708      1707      1699
 -1        51    1    0    1
 -2      1705      1713      1714      1706      1708      1716      1715      1707
 -1        52    1    0    1
 -2      1713       835       836      1714      1716       838       837      1715
 -1        53    1    0    1
 -2       685      1721      1722       686       688      1724      1723       687
 -1        54    1    0    1
 -2      1721      1729      1730      1722      1724      1732      1731      1723
 -1        55    1    0    1
 -2      1729      1737      1738      1730      1732      1740      1739      1731
 -1        56    1    0    1
 -2      1737      1745      1746      1738      1740      1748      1747      1739
 -1        57    1    0    1
 -2      1745      1753      1754      1746      1748      1756      1755      1747
 -1        58    1    0    1
 -2      1753      1761      1762      1754      1756      1764      1763      1755
 -1        59    1    0    1
 -2      1761      1769      1770      1762      1764      1772      1771      1763
 -1        60    1    0    1
 -2      1769       885       886      1770      1772       888       887      1771
 -1        61    1    0    1
 -2       735      1777      1778       736       738      1780      1779       737
 -1        62    1    0    1
 -2      1777      1785      1786      1778      1780      1788      1787      1779
 -1        63    1    0    1
 -2      1785      1793      1794      1786      1788      1796      1795      1787
 -1        64    1    0    1
 -2      1793      1801      1802      1794      1796      1804      1803      1795
 -1        65    1    0    1
 -2      1801      1809      1810      1802      1804      1812      1811      1803
 -1        66    1    0    1
 -2      1809      1817      1818      1810      1812      1820      1819      1811
 -1        67    1    0    1
 -2      1817      1825      1826      1818      1820      1828      1827      1819
 -1        68    1    0    1
 -2      1825       935       936      1826      1828       938       937      1827
 -1        69    1    0    1
 -2       785      1833      1834       786       788      1836      1835       787
 -1        70    1    0    1
 -2      1833      1841      1842      1834      1836      1844      1843      1835
 -1        71    1    0    1
 -2      1841      1849      1850      1842      1844      1852      1851      1843
 -1        72    1    0    1
 -2      1849       985       986      1850      1852       988       987      1851
 -1        73    1    0    1
 -2       835      1857      1858       836       838      1860      1859       837
 -1        74    1    0    1
 -2      1857      1865      1866      1858      1860      1868      1867      1859
 -1        75    1    0    1
 -2      1865      1873      1874      1866      1868      1876      1875      1867
 -1        76    1    0    1
 -2      1873      1035      1036      1874      1876      1038      1037      1875
 -1        77    1    0    1
 -2       885      1881      1882       886       888      1884      1883       887
 -1        78    1    0    1
 -2      1881      1889      1890      1882      1884      1892      1891      1883
 -1        79    1    0    1
 -2      1889      1897      1898      1890      1892      1900      1899      1891
 -1        80    1    0    1
 -2      1897      1085      1086      1898      1900      1088      1087      1899
 -1        81    1    0    1
 -2       935      1905      1906       936       938      1908      1907       937
 -1        82    1    0    1
 -2      1905      1913      1914      1906      1908      1916      1915      1907
 -1        83    1    0    1
 -2      1913      1921      1922      1914      1916      1924      1923      1915
 -1        84    1    0    1
 -2      1921      1135      1136      1922      1924      1138      1137      1923
 -1        85    1    0    1
 -2       985      1185      1186       986       988      1188      1187       987
 -1        86    1    0    1
 -2      1035      1235      1236      1036      1038      1238      1237      1037
 -1        87    1    0    1
 -2      1085      1285      1286      1086      1088      1288      1287      1087
 -1        88    1    0    1
 -2      1135      1335      1336      1136      1138      1338      1337      1137
 -1        89    1    0    1
 -2       193      1929      1930       194       196      1932      1931       195
 -1        90    1    0    1
 -2      1929       243       244      1930      1932       246       245      1931
 -1        91    1    0    1
 -2       293      1937      1938       294       296      1940      1939       295
 -1        92    1    0    1
 -2      1937       343       344      1938      1940       346       345      1939
 -1        93    1    0    1
 -2       201      1945      1946       202       204      1948      1947       203
 -1        94    1    0    1
 -2      1945       301       302      1946      1948       304       303      1947
 -1        95    1    0    1
 -2       251      1953      1954       252       254      1956      1955       253
 -1        96    1    0    1
 -2      1953       351       352      1954      1956       354       353      1955
 -1        97    1    0    1
 -2       393       443       444       394       396       446       445       395
 -1        98    1    0    1
 -2       493       543       544       494       496       546       545       495
 -1        99    1    0    1
 -2       401       501       502       402       404       504       503       403
 -1       100    1    0    1
 -2       451       551       552       452       454       554       553       453
 -1       101    1    0    1
 -2       593      1961      1962       594       596      1964      1963       595
 -1       102    1    0    1
 -2      1961      1969      1970      1962      1964      1972      1971      1963
 -1       103    1    0    1
 -2      1969      1977      1978      1970      1972      1980      1979      1971
 -1       104    1    0    1
 -2      1977       643       644      1978      1980       646       645      1979
 -1       105    1    0    1
 -2       693      1985      1986       694       696      1988      1987       695
 -1       106    1    0    1
 -2      1985      1993      1994      1986      1988      1996      1995      1987
 -1       107    1    0    1
 -2      1993      2001      2002      1994      1996      2004      2003      1995
 -1       108    1    0    1
 -2      2001       743       744      2002      2004       746       745      2003
 -1       109    1    0    1
 -2       601      2009      2010       602       604      2012      2011       603
 -1       110    1    0    1
 -2      2009      2017      2018      2010      2012      2020      2019      2011
 -1       111    1    0    1
 -2      2017      2025      2026      2018      2020      2028      2027      2019
 -1       112    1    0    1
 -2      2025       701       702      2026      2028       704       703      2027
 -1       113    1    0    1
 -2       651      2033      2034       652       654      2036      2035       653
 -1       114    1    0    1
 -2      2033      2041      2042      2034      2036      2044      2043      2035
 -1       115    1    0    1
 -2      2041      2049      2050      2042      2044      2052      2051      2043
 -1       116    1    0    1
 -2      2049       751       752      2050      2052       754       753      2051
 -1       117    1    0    1
 -2       793       843       844       794       796       846       845       795
 -1       118    1    0    1
 -2       893       943       944       894       896       946       945       895
 -1       119    1    0    1
 -2       801       901       902       802       804       904       903       803
 -1       120    1    0    1
 -2       851       951       952       852       854       954       953       853
 -1       121    1    0    1
 -2       993      1043      1044       994       996      1046      1045       995
 -1       122    1    0    1
 -2      1093      1143      1144      1094      1096      1146      1145      1095
 -1       123    1    0    1
 -2      1001      1101      1102      1002      1004      1104      1103      1003
 -1       124    1    0    1
 -2      1051      1151      1152      1052      1054      1154      1153      1053
 -1       125    1    0    1
 -2      1193      2057      2058      1194      1196      2060      2059      1195
 -1       126    1    0    1
 -2      2057      1243      1244      2058      2060      1246      1245      2059
 -1       127    1    0    1
 -2      1293      2065      2066      1294      1296      2068      2067      1295
 -1       128    1    0    1
 -2      2065      1343      1344      2066      2068      1346      1345      2067
 -1       129    1    0    1
 -2      1201      2073      2074      1202      1204      2076      2075      1203
 -1       130    1    0    1
 -2      2073      1301      1302      2074      2076      1304      1303      2075
 -1       131    1    0    1
 -2      1251      2081      2082      1252      1254      2084      2083      1253
 -1       132    1    0    1
 -2      2081      1351      1352      2082      2084      1354      1353      2083
 -1       133    1    0    1
 -2       185       485       486       186       188       488       487       187
 -1       134    1    0    1
 -2       285       385       386       286       288       388       387       287
 -1       135    1    0    1
 -2       235       535       536       236       238       538       537       237
 -1       136    1    0    1
 -2       335       435       436       336       338       438       437       337
 -1       137    1    0    1
 -2       185       435       436       186       188       438       437       187
 -1       138    1    0    1
 -2       235       385       386       236       238       388       387       237
 -1       139    1    0    1
 -2       285       535       536       286       288       538       537       287
 -1       140    1    0    1
 -2       335       485       486       336       338       488       487       337
 -1       141    1    0    1
 -2       385      2089      2090       386       388      2092      2091       387
 -1       142    1    0    1
 -2      2089      2097      2098      2090      2092      2100      2099      2091
 -1       143    1    0    1
 -2      2097      2105      2106      2098      2100      2108      2107      2099
 -1       144    1    0    1
 -2      2105      2113      2114      2106      2108      2116      2115      2107
 -1       145    1    0    1
 -2      2113      2121      2122      2114      2116      2124      2123      2115
 -1       146    1    0    1
 -2      2121      2129      2130      2122      2124      2132      2131      2123
 -1       147    1    0    1
 -2      2129      2137      2138      2130      2132      2140      2139      2131
 -1       148    1    0    1
 -2      2137       685       686      2138      2140       688       687      2139
 -1       149    1    0    1
 -2       485      2145      2146       486       488      2148      2147       487
 -1       150    1    0    1
 -2      2145      2153      2154      2146      2148      2156      2155      2147
 -1       151    1    0    1
 -2      2153      2161      2162      2154      2156      2164      2163      2155
 -1       152    1    0    1
 -2      2161      2169      2170      2162      2164      2172      2171      2163
 -1       153    1    0    1
 -2      2169      2177      2178      2170      2172      2180      2179      2171
 -1       154    1    0    1
 -2      2177      2185      2186      2178      2180      2188      2187      2179
 -1       155    1    0    1
 -2      2185      2193      2194      2186      2188      2196      2195      2187
 -1       156    1    0    1
 -2      2193       585       586      2194      2196       588       587      2195
 -1       157    1    0    1
 -2       435      2201      2202       436       438      2204      2203       437
 -1       158    1    0    1
 -2      2201      2209      2210      2202      2204      2212      2211      2203
 -1       159    1    0    1
 -2      2209      2217      2218      2210      2212      2220      2219      2211
 -1       160    1    0    1
 -2      2217      2225      2226      2218      2220      2228      2227      2219
 -1       161    1    0    1
 -2      2225      2233      2234      2226      2228      2236      2235      2227
 -1       162    1    0    1
 -2      2233      2241      2242      2234      2236      2244      2243      2235
 -1       163    1    0    1
 -2      2241      2249      2250      2242      2244      2252      2251      2243
 -1       164    1    0    1
 -2      2249       735       736      2250      2252       738       737      2251
 -1       165    1    0    1
 -2       535      2257      2258       536       538      2260      2259       537
 -1       166    1    0    1
 -2      2257      2265      2266      2258      2260      2268      2267      2259
 -1       167    1    0    1
 -2      2265      2273      2274      2266      2268      2276      2275      2267
 -1       168    1    0    1
 -2      2273      2281      2282      2274      2276      2284      2283      2275
 -1       169    1    0    1
 -2      2281      2289      2290      2282      2284      2292      2291      2283
 -1       170    1    0    1
 -2      2289      2297      2298      2290      2292      2300      2299      2291
 -1       171    1    0    1
 -2      2297      2305      2306      2298      2300      2308      2307      2299
 -1       172    1    0    1
 -2      2305       635       636      2306      2308       638       637      2307
 -1       173    1    0    1
 -2       385      2313      2314       386       388      2316      2315       387
 -1       174    1    0    1
 -2      2313      2321      2322      2314      2316      2324      2323      2315
 -1       175    1    0    1
 -2      2321      2329      2330      2322      2324      2332      2331      2323
 -1       176    1    0    1
 -2      2329      2337      2338      2330      2332      2340      2339      2331
 -1       177    1    0    1
 -2      2337      2345      2346      2338      2340      2348      2347      2339
 -1       178    1    0    1
 -2      2345      2353      2354      2346      2348      2356      2355      2347
 -1       179    1    0    1
 -2      2353      2361      2362      2354      2356      2364      2363      2355
 -1       180    1    0    1
 -2      2361       635       636      2362      2364       638       637      2363
 -1       181    1    0    1
 -2       435      2369      2370       436       438      2372      2371       437
 -1       182    1    0    1
 -2      2369      2377      2378      2370      2372      2380      2379      2371
 -1       183    1    0    1
 -2      2377      2385      2386      2378      2380      2388      2387      2379
 -1       184    1    0    1
 -2      2385      2393      2394      2386      2388      2396      2395      2387
 -1       185    1    0    1
 -2      2393      2401      2402      2394      2396      2404      2403      2395
 -1       186    1    0    1
 -2      2401      2409      2410      2402      2404      2412      2411      2403
 -1       187    1    0    1
 -2      2409      2417      2418      2410      2412      2420      2419      2411
 -1       188    1    0    1
 -2      2417       585       586      2418      2420       588       587      2419
 -1       189    1    0    1
 -2       485      2425      2426       486       488      2428      2427       487
 -1       190    1    0    1
 -2      2425      2433      2434      2426      2428      2436      2435      2427
 -1       191    1    0    1
 -2      2433      2441      2442      2434      2436      2444      2443      2435
 -1       192    1    0    1
 -2      2441      2449      2450      2442      2444      2452      2451      2443
 -1       193    1    0    1
 -2      2449      2457      2458      2450      2452      2460      2459      2451
 -1       194    1    0    1
 -2      2457      2465      2466      2458      2460      2468      2467      2459
 -1       195    1    0    1
 -2      2465      2473      2474      2466      2468      2476      2475      2467
 -1       196    1    0    1
 -2      2473       735       736      2474      2476       738       737      2475
 -1       197    1    0    1
 -2       535      2481      2482       536       538      2484      2483       537
 -1       198    1    0    1
 -2      2481      2489      2490      2482      2484      2492      2491      2483
 -1       199    1    0    1
 -2      2489      2497      2498      2490      2492      2500      2499      2491
 -1       200    1    0    1
 -2      2497      2505      2506      2498      2500      2508      2507      2499
 -1       201    1    0    1
 -2      2505      2513      2514      2506      2508      2516      2515      2507
 -1       202    1    0    1
 -2      2513      2521      2522      2514      2516      2524      2523      2515
 -1       203    1    0    1
 -2      2521      2529      2530      2522      2524      2532      2531      2523
 -1       204    1    0    1
 -2      2529       685       686      2530      2532       688       687      2531
 -1       205    1    0    1
 -2       585       885       886       586       588       888       887       587
 -1       206    1    0    1
 -2       685       785       786       686       688       788       787       687
 -1       207    1    0    1
 -2       635       935       936       636       638       938       937       637
 -1       208    1    0    1
 -2       735       835       836       736       738       838       837       737
 -1       209    1    0    1
 -2       585       835       836       586       588       838       837       587
 -1       210    1    0    1
 -2       635       785       786       636       638       788       787       637
 -1       211    1    0    1
 -2       685       935       936       686       688       938       937       687
 -1       212    1    0    1
 -2       735       885       886       736       738       888       887       737
 -1       213    1    0    1
 -2       785      2537      2538       786       788      2540      2539       787
 -1       214    1    0    1
 -2      2537      1085      1086      2538      2540      1088      1087      2539
 -1       215    1    0    1
 -2       885      2545      2546       886       888      2548      2547       887
 -1       216    1    0    1
 -2      2545       985       986      2546      2548       988       987      2547
 -1       217    1    0    1
 -2       835      2553      2554       836       838      2556      2555       837
 -1       218    1    0    1
 -2      2553      1135      1136      2554      2556      1138      1137      2555
 -1       219    1    0    1
 -2       935      2561      2562       936       938      2564      2563       937
 -1       220    1    0    1
 -2      2561      1035      1036      2562      2564      1038      1037      2563
 -1       221    1    0    1
 -2       785      2569      2570       786       788      2572      2571       787
 -1       222    1    0    1
 -2      2569      1035      1036      2570      2572      1038      1037      2571
 -1       223    1    0    1
 -2       835      2577      2578       836       838      2580      2579       837
 -1       224    1    0    1
 -2      2577       985       986      2578      2580       988       987      2579
 -1       225    1    0    1
 -2       885      2585      2586       886       888      2588      2587       887
 -1       226    1    0    1
 -2      2585      1135      1136      2586      2588      1138      1137      2587
 -1       227    1    0    1
 -2       935      2593      2594       936       938      2596      2595       937
 -1       228    1    0    1
 -2      2593      1085      1086      2594      2596      1088      1087      2595
 -1       229    1    0    1
 -2       985      2601      2602       986       988      2604      2603       987
 -1       230    1    0    1
 -2      2601      1285      1286      2602      2604      1288      1287      2603
 -1       231    1    0    1
 -2      1085      2609      2610      1086      1088      2612      2611      1087
 -1       232    1    0    1
 -2      2609      1185      1186      2610      2612      1188      1187      2611
 -1       233    1    0    1
 -2      1035      2617      2618      1036      1038      2620      2619      1037
 -1       234    1    0    1
 -2      2617      1335      1336      2618      2620      1338      1337      2619
 -1       235    1    0    1
 -2      1135      2625      2626      1136      1138      2628      2627      1137
 -1       236    1    0    1
 -2      2625      1235      1236      2626      2628      1238      1237      2627
 -1       237    1    0    1
 -2       985      2633      2634       986       988      2636      2635       987
 -1       238    1    0    1
 -2      2633      1235      1236      2634      2636      1238      1237      2635
 -1       239    1    0    1
 -2      1035      2641      2642      1036      1038      2644      2643      1037
 -1       240    1    0    1
 -2      2641      1185      1186      2642      2644      1188      1187      2643
 -1       241    1    0    1
 -2      1085      2649      2650      1086      1088      2652      2651      1087
 -1       242    1    0    1
 -2      2649      1335      1336      2650      2652      1338      1337      2651
 -1       243    1    0    1
 -2      1135      2657      2658      1136      1138      2660      2659      1137
 -1       244    1    0    1
 -2      2657      1285      1286      2658      2660      1288      1287      2659
 -3
    1PSTEP                         1           1           1          
  100CL  101 1.000000000           0                     0    1           1
 -4  DISP        4    1
 -5  D1          1    2    1    0
 -5  D2          1    2    2    0
 -5  D3          1    2    3    0
 -5  ALL         1    2    0    0    1ALL
 -3
 9999
