SUMMARY OF C0NVERGENCE INFORMATION
  STEP   INC  ATT   ITER     CONT.   RESID.        CORR.      RESID.      CORR.
                              EL.    FORCE         DISP       FLUX        TEMP.
                              (#)     (%)           (%)        (%)         (%)
     1     1     1     1        0  0.0000E+00  0.1000E+03  0.0000E+00  0.0000E+00
     1     1     1     2        0  0.0000E+00  0.6310E-10  0.0000E+00  0.0000E+00
     1     2     1     1        0  0.0000E+00  0.2729E+02  0.0000E+00  0.0000E+00
     1     2     1     2        0  0.0000E+00  0.2614E-10  0.0000E+00  0.0000E+00
     1     3     1     1        0  0.0000E+00  0.3899E+02  0.0000E+00  0.0000E+00
     1     3     1     2        0  0.0000E+00  0.5012E-10  0.0000E+00  0.0000E+00
     1     4     1     1        0  0.0000E+00  0.2128E+02  0.0000E+00  0.0000E+00
     1     4     1     2        0  0.0000E+00  0.6137E-10  0.0000E+00  0.0000E+00
     1     5     1     1        0  0.0000E+00  0.1585E+02  0.0000E+00  0.0000E+00
     1     5     1     2        0  0.0000E+00  0.1217E-09  0.0000E+00  0.0000E+00
     1     6     1     1        0  0.0000E+00  0.3556E+01  0.0000E+00  0.0000E+00
     1     6     1     2        0  0.0000E+00  0.1966E-10  0.0000E+00  0.0000E+00
     1     7     1     1        0  0.0000E+00  0.8170E+01  0.0000E+00  0.0000E+00
     1     7     1     2        0  0.0000E+00  0.5286E-10  0.0000E+00  0.0000E+00
     1     8     1     1        0  0.0000E+00  0.2454E+02  0.0000E+00  0.0000E+00
     1     8     1     2        0  0.0000E+00  0.7515E-10  0.0000E+00  0.0000E+00
     1     9     1     1        0  0.0000E+00  0.7678E+02  0.0000E+00  0.0000E+00
     1     9     1     2        0  0.0000E+00  0.3044E-09  0.0000E+00  0.0000E+00
     1    10     1     1        0  0.0000E+00  0.3078E+02  0.0000E+00  0.0000E+00
     1    10     1     2        0  0.0000E+00  0.1611E-09  0.0000E+00  0.0000E+00
     1    11     1     1        0  0.0000E+00  0.7553E+01  0.0000E+00  0.0000E+00
     1    11     1     2        0  0.0000E+00  0.4122E-10  0.0000E+00  0.0000E+00
     1    12     1     1        0  0.0000E+00  0.2147E+01  0.0000E+00  0.0000E+00
     1    12     1     2        0  0.0000E+00  0.1220E-10  0.0000E+00  0.0000E+00
     1    13     1     1        0  0.0000E+00  0.9208E+01  0.0000E+00  0.0000E+00
     1    13     1     2        0  0.0000E+00  0.3527E-10  0.0000E+00  0.0000E+00
     1    14     1     1        0  0.0000E+00  0.2136E+02  0.0000E+00  0.0000E+00
     1    14     1     2        0  0.0000E+00  0.7732E-10  0.0000E+00  0.0000E+00
     1    15     1     1        0  0.0000E+00  0.5843E+02  0.0000E+00  0.0000E+00
     1    15     1     2        0  0.0000E+00  0.2937E-09  0.0000E+00  0.0000E+00
     1    16     1     1        0  0.0000E+00  0.3593E+02  0.0000E+00  0.0000E+00
     1    16     1     2        0  0.0000E+00  0.2003E-09  0.0000E+00  0.0000E+00
     1    17     1     1        0  0.0000E+00  0.1137E+02  0.0000E+00  0.0000E+00
     1    17     1     2        0  0.0000E+00  0.2656E-10  0.0000E+00  0.0000E+00
     1    18     1     1        0  0.0000E+00  0.3803E+01  0.0000E+00  0.0000E+00
     1    18     1     2        0  0.0000E+00  0.1702E-10  0.0000E+00  0.0000E+00
     1    19     1     1        0  0.0000E+00  0.1423E+02  0.0000E+00  0.0000E+00
     1    19     1     2        0  0.0000E+00  0.4862E-10  0.0000E+00  0.0000E+00
     1    20     1     1        0  0.0000E+00  0.2620E+02  0.0000E+00  0.0000E+00
     1    20     1     2        0  0.0000E+00  0.1322E-09  0.0000E+00  0.0000E+00
     1    21     1     1        0  0.0000E+00  0.1000E+03  0.0000E+00  0.0000E+00
     1    21     1     2        0  0.0000E+00  0.5045E-09  0.0000E+00  0.0000E+00
     1    22     1     1        0  0.0000E+00  0.2373E+02  0.0000E+00  0.0000E+00
     1    22     1     2        0  0.0000E+00  0.9010E-10  0.0000E+00  0.0000E+00
     1    23     1     1        0  0.0000E+00  0.2766E+01  0.0000E+00  0.0000E+00
     1    23     1     2        0  0.0000E+00  0.4923E-11  0.0000E+00  0.0000E+00
     1    24     1     1        0  0.0000E+00  0.8986E+01  0.0000E+00  0.0000E+00
     1    24     1     2        0  0.0000E+00  0.2835E-10  0.0000E+00  0.0000E+00
     1    25     1     1        0  0.0000E+00  0.1694E+02  0.0000E+00  0.0000E+00
     1    25     1     2        0  0.0000E+00  0.7692E-10  0.0000E+00  0.0000E+00
     1    26     1     1        0  0.0000E+00  0.4056E+02  0.0000E+00  0.0000E+00
     1    26     1     2        0  0.0000E+00  0.2190E-09  0.0000E+00  0.0000E+00
     1    27     1     1        0  0.0000E+00  0.9160E+02  0.0000E+00  0.0000E+00
     1    27     1     2        0  0.0000E+00  0.3555E-09  0.0000E+00  0.0000E+00
     1    28     1     1        0  0.0000E+00  0.1081E+02  0.0000E+00  0.0000E+00
     1    28     1     2        0  0.0000E+00  0.2786E-10  0.0000E+00  0.0000E+00
