SUMMARY OF C0NVERGENCE INFORMATION
  STEP   INC  ATT   ITER     CONT.   RESID.        CORR.      RESID.      CORR.
                              EL.    FORCE         DISP       FLUX        TEMP.
                              (#)     (%)           (%)        (%)         (%)
     1     1     1     1        0  0.1979E+03  0.1000E+03  0.0000E+00  0.0000E+00
     1     1     1     2        0  0.5221E-04  0.2416E-01  0.0000E+00  0.0000E+00
     1     2     1     1        0  0.1393E-03  0.4831E-01  0.0000E+00  0.0000E+00
     1     2     1     2        0  0.0000E+00  0.3170E-05  0.0000E+00  0.0000E+00
     1     3     1     1        0  0.3391E-03  0.6039E-01  0.0000E+00  0.0000E+00
     1     3     1     2        0  0.0000E+00  0.7546E-05  0.0000E+00  0.0000E+00
     1     4     1     1        0  0.8533E-03  0.8454E-01  0.0000E+00  0.0000E+00
     1     4     1     2        0  0.0000E+00  0.2011E-04  0.0000E+00  0.0000E+00
     1     5     1     1        0  0.8573E-03  0.9661E-01  0.0000E+00  0.0000E+00
     1     5     1     2        0  0.0000E+00  0.2699E-04  0.0000E+00  0.0000E+00
     1     6     1     1        0  0.6917E-03  0.9660E-01  0.0000E+00  0.0000E+00
     1     6     1     2        0  0.0000E+00  0.2783E-04  0.0000E+00  0.0000E+00
     1     7     1     1        0  0.5778E-03  0.9659E-01  0.0000E+00  0.0000E+00
     1     7     1     2        0  0.0000E+00  0.2867E-04  0.0000E+00  0.0000E+00
     1     8     1     1        0  0.4952E-03  0.9657E-01  0.0000E+00  0.0000E+00
     1     8     1     2        0  0.0000E+00  0.2950E-04  0.0000E+00  0.0000E+00
     1     9     1     1        0  0.4328E-03  0.9656E-01  0.0000E+00  0.0000E+00
     1     9     1     2        0  0.0000E+00  0.3034E-04  0.0000E+00  0.0000E+00
     1    10     1     1        0  0.1043E+02  0.1370E+01  0.0000E+00  0.0000E+00
     1    10     1     2        0  0.1420E-02  0.2525E-01  0.0000E+00  0.0000E+00
     1    11     1     1        0  0.3679E+02  0.9099E+01  0.0000E+00  0.0000E+00
     1    11     1     2        0  0.1374E-01  0.2665E+00  0.0000E+00  0.0000E+00
     1    12     1     1        0  0.5774E+01  0.9850E+01  0.0000E+00  0.0000E+00
     1    12     1     2        0  0.1106E-02  0.8968E-01  0.0000E+00  0.0000E+00
