SUMMARY OF C0NVERGENCE INFORMATION
  STEP   INC  ATT   ITER     CONT.   RESID.        CORR.      RESID.      CORR.
                              EL.    FORCE         DISP       FLUX        TEMP.
                              (#)     (%)           (%)        (%)         (%)
     1     1     1     1        0  0.0000E+00  0.1000E+03  0.0000E+00  0.0000E+00
     1     1     1     2        0  0.0000E+00  0.1343E-09  0.0000E+00  0.0000E+00
     1     2     1     1        0  0.0000E+00  0.2791E+02  0.0000E+00  0.0000E+00
     1     2     1     2        0  0.0000E+00  0.4376E-10  0.0000E+00  0.0000E+00
     1     3     1     1        0  0.0000E+00  0.4593E+02  0.0000E+00  0.0000E+00
     1     3     1     2        0  0.0000E+00  0.5453E-10  0.0000E+00  0.0000E+00
     1     4     1     1        0  0.0000E+00  0.2434E+02  0.0000E+00  0.0000E+00
     1     4     1     2        0  0.0000E+00  0.1000E-09  0.0000E+00  0.0000E+00
     1     5     1     1        0  0.0000E+00  0.1961E+02  0.0000E+00  0.0000E+00
     1     5     1     2        0  0.0000E+00  0.1900E-09  0.0000E+00  0.0000E+00
     1     6     1     1        0  0.0000E+00  0.7378E+01  0.0000E+00  0.0000E+00
     1     6     1     2        0  0.0000E+00  0.5713E-10  0.0000E+00  0.0000E+00
     1     7     1     1        0  0.0000E+00  0.7225E+01  0.0000E+00  0.0000E+00
     1     7     1     2        0  0.0000E+00  0.1638E-10  0.0000E+00  0.0000E+00
     1     8     1     1        0  0.0000E+00  0.8772E+01  0.0000E+00  0.0000E+00
     1     8     1     2        0  0.0000E+00  0.4158E-10  0.0000E+00  0.0000E+00
     1     9     1     1        0  0.0000E+00  0.1729E+02  0.0000E+00  0.0000E+00
     1     9     1     2        0  0.0000E+00  0.1033E-09  0.0000E+00  0.0000E+00
     1    10     1     1        0  0.0000E+00  0.3831E+02  0.0000E+00  0.0000E+00
     1    10     1     2        0  0.0000E+00  0.2387E-09  0.0000E+00  0.0000E+00
     1    11     1     1        0  0.0000E+00  0.9837E+02  0.0000E+00  0.0000E+00
     1    11     1     2        0  0.0000E+00  0.7040E-09  0.0000E+00  0.0000E+00
     1    12     1     1        0  0.0000E+00  0.2715E+02  0.0000E+00  0.0000E+00
     1    12     1     2        0  0.0000E+00  0.1555E-09  0.0000E+00  0.0000E+00
     1    13     1     1        0  0.0000E+00  0.9178E+01  0.0000E+00  0.0000E+00
     1    13     1     2        0  0.0000E+00  0.5579E-10  0.0000E+00  0.0000E+00
     1    14     1     1        0  0.0000E+00  0.1966E+01  0.0000E+00  0.0000E+00
     1    14     1     2        0  0.0000E+00  0.9140E-11  0.0000E+00  0.0000E+00
     1    15     1     1        0  0.0000E+00  0.4269E+01  0.0000E+00  0.0000E+00
     1    15     1     2        0  0.0000E+00  0.2488E-10  0.0000E+00  0.0000E+00
     1    16     1     1        0  0.0000E+00  0.6813E+01  0.0000E+00  0.0000E+00
     1    16     1     2        0  0.0000E+00  0.5208E-10  0.0000E+00  0.0000E+00
     1    17     1     1        0  0.0000E+00  0.1686E+02  0.0000E+00  0.0000E+00
     1    17     1     2        0  0.0000E+00  0.1050E-09  0.0000E+00  0.0000E+00
     1    18     1     1        0  0.0000E+00  0.4168E+02  0.0000E+00  0.0000E+00
     1    18     1     2        0  0.0000E+00  0.2580E-09  0.0000E+00  0.0000E+00
     1    19     1     1        0  0.0000E+00  0.6554E+02  0.0000E+00  0.0000E+00
     1    19     1     2        0  0.0000E+00  0.4492E-09  0.0000E+00  0.0000E+00
     1    20     1     1        0  0.0000E+00  0.1329E+02  0.0000E+00  0.0000E+00
     1    20     1     2        0  0.0000E+00  0.9197E-10  0.0000E+00  0.0000E+00
     1    21     1     1        0  0.0000E+00  0.6162E+01  0.0000E+00  0.0000E+00
     1    21     1     2        0  0.0000E+00  0.3513E-10  0.0000E+00  0.0000E+00
     1    22     1     1        0  0.0000E+00  0.9786E+00  0.0000E+00  0.0000E+00
     1    22     1     2        0  0.0000E+00  0.5279E-11  0.0000E+00  0.0000E+00
     1    23     1     1        0  0.0000E+00  0.7255E+01  0.0000E+00  0.0000E+00
     1    23     1     2        0  0.0000E+00  0.4120E-10  0.0000E+00  0.0000E+00
     1    24     1     1        0  0.0000E+00  0.1140E+02  0.0000E+00  0.0000E+00
     1    24     1     2        0  0.0000E+00  0.7484E-10  0.0000E+00  0.0000E+00
     1    25     1     1        0  0.0000E+00  0.2033E+02  0.0000E+00  0.0000E+00
     1    25     1     2        0  0.0000E+00  0.1415E-09  0.0000E+00  0.0000E+00
     1    26     1     1        0  0.0000E+00  0.8859E+02  0.0000E+00  0.0000E+00
     1    26     1     2        0  0.0000E+00  0.5612E-09  0.0000E+00  0.0000E+00
     1    27     1     1        0  0.0000E+00  0.3704E+02  0.0000E+00  0.0000E+00
     1    27     1     2        0  0.0000E+00  0.2301E-09  0.0000E+00  0.0000E+00
     1    28     1     1        0  0.0000E+00  0.7397E+01  0.0000E+00  0.0000E+00
     1    28     1     2        0  0.0000E+00  0.4008E-10  0.0000E+00  0.0000E+00
