    1C
    1UNormalized cross-passage space-truss torsion benchmark            
    1UUSER                                                              
    1UDATE              06.august.2026                                  
    1UTIME              08:14:19                                        
    1UHOST                                                              
    1UPGM               CalculiX                                        
    1UVERSION           Version 2.21                             
    1UCOMPILETIME       Sat Jul 29 10:52:01 CEST 2023                    
    1UDIR                                                               
    1UDBN                                                               
    1UMAT    1STEEL                                                     
    2C                           736                                     1
 -1       137-1.19440E+00 1.91946E-03-3.55661E-02
 -1       138-1.23062E+00 3.66063E-03-1.86823E-02
 -1       139-1.20560E+00-1.91946E-03 3.55661E-02
 -1       140-1.16938E+00-3.66063E-03 1.86823E-02
 -1       145-1.20102E+00-3.40950E-02-1.16828E-02
 -1       146-1.20007E+00-2.33416E-03-3.59798E-02
 -1       147-1.19898E+00 3.40950E-02 1.16828E-02
 -1       148-1.19993E+00 2.33416E-03 3.59798E-02
 -1       153-1.23354E+00-1.32202E-02 3.96605E-04
 -1       154-1.20069E+00-3.60327E-02 1.08098E-03
 -1       155-1.16646E+00 1.32202E-02-3.96605E-04
 -1       156-1.19931E+00 3.60327E-02-1.08098E-03
 -1       187 1.20194E+00 2.53883E-03-3.59134E-02
 -1       188 1.16762E+00-1.51099E-03-1.57828E-02
 -1       189 1.19806E+00-2.53883E-03 3.59134E-02
 -1       190 1.23238E+00 1.51099E-03 1.57828E-02
 -1       195 1.20102E+00-3.38645E-02-1.23355E-02
 -1       196 1.20005E+00-1.64335E-03-3.60180E-02
 -1       197 1.19898E+00 3.38645E-02 1.23355E-02
 -1       198 1.19995E+00 1.64335E-03 3.60180E-02
 -1       203 1.16697E+00-1.44498E-02-4.33494E-04
 -1       204 1.20064E+00-3.60336E-02-1.08101E-03
 -1       205 1.23303E+00 1.44498E-02 4.33494E-04
 -1       206 1.19936E+00 3.60336E-02 1.08101E-03
 -1       237-1.19326E+00-2.87709E-03 1.96470E+00
 -1       238-1.23000E+00 1.04434E-03 1.98003E+00
 -1       239-1.20674E+00 2.87709E-03 2.03530E+00
 -1       240-1.17000E+00-1.04434E-03 2.01997E+00
 -1       245-1.19898E+00-3.38645E-02 1.98766E+00
 -1       246-1.19995E+00-1.64335E-03 1.96398E+00
 -1       247-1.20102E+00 3.38645E-02 2.01234E+00
 -1       248-1.20005E+00 1.64335E-03 2.03602E+00
 -1       253-1.23303E+00-1.44498E-02 1.99957E+00
 -1       254-1.19936E+00-3.60336E-02 1.99892E+00
 -1       255-1.16697E+00 1.44498E-02 2.00043E+00
 -1       256-1.20064E+00 3.60336E-02 2.00108E+00
 -1       287 1.20369E+00-2.08645E-03 1.96419E+00
 -1       288 1.16841E+00-3.62565E-03 1.98299E+00
 -1       289 1.19631E+00 2.08645E-03 2.03581E+00
 -1       290 1.23159E+00 3.62565E-03 2.01701E+00
 -1       295 1.19898E+00-3.40950E-02 1.98832E+00
 -1       296 1.19993E+00-2.33416E-03 1.96402E+00
 -1       297 1.20102E+00 3.40950E-02 2.01168E+00
 -1       298 1.20007E+00 2.33416E-03 2.03598E+00
 -1       303 1.16646E+00-1.32202E-02 2.00040E+00
 -1       304 1.19931E+00-3.60327E-02 2.00108E+00
 -1       305 1.23354E+00 1.32202E-02 1.99960E+00
 -1       306 1.20069E+00 3.60327E-02 1.99892E+00
 -1       337-1.19516E+00 9.99951E+00-3.57261E-02
 -1       338-1.23112E+00 1.00000E+01-1.82091E-02
 -1       339-1.20484E+00 1.00005E+01 3.57261E-02
 -1       340-1.16888E+00 1.00000E+01 1.82091E-02
 -1       345-1.20000E+00 9.96600E+00-1.20000E-02
 -1       346-1.20000E+00 9.99800E+00-3.60000E-02
 -1       347-1.20000E+00 1.00340E+01 1.20000E-02
 -1       348-1.20000E+00 1.00020E+01 3.60000E-02
 -1       353-1.23328E+00 9.98613E+00 0.00000E+00
 -1       354-1.20000E+00 9.96394E+00 0.00000E+00
 -1       355-1.16672E+00 1.00139E+01 0.00000E+00
 -1       356-1.20000E+00 1.00361E+01 0.00000E+00
 -1       387 1.20441E+00 9.99994E+00-3.57845E-02
 -1       388 1.16867E+00 9.99972E+00-1.78351E-02
 -1       389 1.19559E+00 1.00001E+01 3.57845E-02
 -1       390 1.23133E+00 1.00003E+01 1.78351E-02
 -1       395 1.20000E+00 9.96600E+00-1.20000E-02
 -1       396 1.20000E+00 9.99800E+00-3.60000E-02
 -1       397 1.20000E+00 1.00340E+01 1.20000E-02
 -1       398 1.20000E+00 1.00020E+01 3.60000E-02
 -1       403 1.16672E+00 9.98613E+00 0.00000E+00
 -1       404 1.20000E+00 9.96394E+00 0.00000E+00
 -1       405 1.23328E+00 1.00139E+01 0.00000E+00
 -1       406 1.20000E+00 1.00361E+01 0.00000E+00
 -1       437-1.19533E+00 1.00001E+01 1.96425E+00
 -1       438-1.23121E+00 1.00003E+01 1.98194E+00
 -1       439-1.20467E+00 9.99994E+00 2.03575E+00
 -1       440-1.16879E+00 9.99972E+00 2.01806E+00
 -1       445-1.20000E+00 9.96600E+00 1.98800E+00
 -1       446-1.20000E+00 9.99800E+00 1.96400E+00
 -1       447-1.20000E+00 1.00340E+01 2.01200E+00
 -1       448-1.20000E+00 1.00020E+01 2.03600E+00
 -1       453-1.23328E+00 9.98613E+00 2.00000E+00
 -1       454-1.20000E+00 9.96394E+00 2.00000E+00
 -1       455-1.16672E+00 1.00139E+01 2.00000E+00
 -1       456-1.20000E+00 1.00361E+01 2.00000E+00
 -1       487 1.20423E+00 1.00005E+01 1.96420E+00
 -1       488 1.16858E+00 9.99999E+00 1.98232E+00
 -1       489 1.19577E+00 9.99951E+00 2.03580E+00
 -1       490 1.23142E+00 1.00000E+01 2.01768E+00
 -1       495 1.20000E+00 9.96600E+00 1.98800E+00
 -1       496 1.20000E+00 9.99800E+00 1.96400E+00
 -1       497 1.20000E+00 1.00340E+01 2.01200E+00
 -1       498 1.20000E+00 1.00020E+01 2.03600E+00
 -1       503 1.16672E+00 9.98613E+00 2.00000E+00
 -1       504 1.20000E+00 9.96394E+00 2.00000E+00
 -1       505 1.23328E+00 1.00139E+01 2.00000E+00
 -1       506 1.20000E+00 1.00361E+01 2.00000E+00
 -1       537-1.19529E+00 1.99997E+01-3.57458E-02
 -1       538-1.23119E+00 2.00001E+01-1.80938E-02
 -1       539-1.20471E+00 2.00003E+01 3.57458E-02
 -1       540-1.16881E+00 1.99999E+01 1.80938E-02
 -1       545-1.20145E+00 1.99659E+01-1.15569E-02
 -1       546-1.20010E+00 1.99975E+01-3.59709E-02
 -1       547-1.19855E+00 2.00341E+01 1.15569E-02
 -1       548-1.19990E+00 2.00025E+01 3.59709E-02
 -1       553-1.23365E+00 1.99871E+01 5.48678E-04
 -1       554-1.20099E+00 1.99640E+01 1.52775E-03
 -1       555-1.16635E+00 2.00129E+01-5.48678E-04
 -1       556-1.19901E+00 2.00360E+01-1.52775E-03
 -1       587 1.20438E+00 1.99998E+01-3.57872E-02
 -1       588 1.16865E+00 1.99996E+01-1.78095E-02
 -1       589 1.19562E+00 2.00002E+01 3.57872E-02
 -1       590 1.23135E+00 2.00004E+01 1.78095E-02
 -1       595 1.20143E+00 1.99662E+01-1.24797E-02
 -1       596 1.20006E+00 1.99985E+01-3.60247E-02
 -1       597 1.19857E+00 2.00338E+01 1.24797E-02
 -1       598 1.19994E+00 2.00015E+01 3.60247E-02
 -1       603 1.16707E+00 1.99853E+01-6.22501E-04
 -1       604 1.20089E+00 1.99640E+01-1.52786E-03
 -1       605 1.23293E+00 2.00147E+01 6.22501E-04
 -1       606 1.19911E+00 2.00360E+01 1.52786E-03
 -1       637-1.19547E+00 2.00002E+01 1.96423E+00
 -1       638-1.23128E+00 2.00004E+01 1.98206E+00
 -1       639-1.20453E+00 1.99998E+01 2.03577E+00
 -1       640-1.16872E+00 1.99996E+01 2.01794E+00
 -1       645-1.19857E+00 1.99662E+01 1.98752E+00
 -1       646-1.19994E+00 1.99985E+01 1.96398E+00
 -1       647-1.20143E+00 2.00338E+01 2.01248E+00
 -1       648-1.20006E+00 2.00015E+01 2.03602E+00
 -1       653-1.23293E+00 1.99853E+01 1.99938E+00
 -1       654-1.19911E+00 1.99640E+01 1.99847E+00
 -1       655-1.16707E+00 2.00147E+01 2.00062E+00
 -1       656-1.20089E+00 2.00360E+01 2.00153E+00
 -1       687 1.20420E+00 2.00003E+01 1.96419E+00
 -1       688 1.16856E+00 1.99999E+01 1.98235E+00
 -1       689 1.19580E+00 1.99997E+01 2.03581E+00
 -1       690 1.23144E+00 2.00001E+01 2.01765E+00
 -1       695 1.19855E+00 1.99659E+01 1.98844E+00
 -1       696 1.19990E+00 1.99975E+01 1.96403E+00
 -1       697 1.20145E+00 2.00341E+01 2.01156E+00
 -1       698 1.20010E+00 2.00025E+01 2.03597E+00
 -1       703 1.16635E+00 1.99871E+01 2.00055E+00
 -1       704 1.19901E+00 1.99640E+01 2.00153E+00
 -1       705 1.23365E+00 2.00129E+01 1.99945E+00
 -1       706 1.20099E+00 2.00360E+01 1.99847E+00
 -1       737-1.19529E+00 2.99997E+01-3.57459E-02
 -1       738-1.23119E+00 3.00000E+01-1.80945E-02
 -1       739-1.20471E+00 3.00003E+01 3.57459E-02
 -1       740-1.16881E+00 3.00000E+01 1.80945E-02
 -1       745-1.20000E+00 2.99660E+01-1.20000E-02
 -1       746-1.20000E+00 2.99980E+01-3.60000E-02
 -1       747-1.20000E+00 3.00340E+01 1.20000E-02
 -1       748-1.20000E+00 3.00020E+01 3.60000E-02
 -1       753-1.23328E+00 2.99861E+01 0.00000E+00
 -1       754-1.20000E+00 2.99639E+01 0.00000E+00
 -1       755-1.16672E+00 3.00139E+01 0.00000E+00
 -1       756-1.20000E+00 3.00361E+01 0.00000E+00
 -1       787 1.20445E+00 2.99999E+01-3.57794E-02
 -1       788 1.16869E+00 2.99998E+01-1.78714E-02
 -1       789 1.19555E+00 3.00001E+01 3.57794E-02
 -1       790 1.23131E+00 3.00002E+01 1.78714E-02
 -1       795 1.20000E+00 2.99660E+01-1.20000E-02
 -1       796 1.20000E+00 2.99980E+01-3.60000E-02
 -1       797 1.20000E+00 3.00340E+01 1.20000E-02
 -1       798 1.20000E+00 3.00020E+01 3.60000E-02
 -1       803 1.16672E+00 2.99861E+01 0.00000E+00
 -1       804 1.20000E+00 2.99639E+01 0.00000E+00
 -1       805 1.23328E+00 3.00139E+01 0.00000E+00
 -1       806 1.20000E+00 3.00361E+01 0.00000E+00
 -1       837-1.19541E+00 3.00001E+01 1.96424E+00
 -1       838-1.23124E+00 3.00002E+01 1.98200E+00
 -1       839-1.20459E+00 2.99999E+01 2.03576E+00
 -1       840-1.16876E+00 2.99998E+01 2.01800E+00
 -1       845-1.20000E+00 2.99660E+01 1.98800E+00
 -1       846-1.20000E+00 2.99980E+01 1.96400E+00
 -1       847-1.20000E+00 3.00340E+01 2.01200E+00
 -1       848-1.20000E+00 3.00020E+01 2.03600E+00
 -1       853-1.23328E+00 2.99861E+01 2.00000E+00
 -1       854-1.20000E+00 2.99639E+01 2.00000E+00
 -1       855-1.16672E+00 3.00139E+01 2.00000E+00
 -1       856-1.20000E+00 3.00361E+01 2.00000E+00
 -1       887 1.20434E+00 3.00003E+01 1.96421E+00
 -1       888 1.16863E+00 3.00000E+01 1.98223E+00
 -1       889 1.19566E+00 2.99997E+01 2.03579E+00
 -1       890 1.23137E+00 3.00000E+01 2.01777E+00
 -1       895 1.20000E+00 2.99660E+01 1.98800E+00
 -1       896 1.20000E+00 2.99980E+01 1.96400E+00
 -1       897 1.20000E+00 3.00340E+01 2.01200E+00
 -1       898 1.20000E+00 3.00020E+01 2.03600E+00
 -1       903 1.16672E+00 2.99861E+01 2.00000E+00
 -1       904 1.20000E+00 2.99639E+01 2.00000E+00
 -1       905 1.23328E+00 3.00139E+01 2.00000E+00
 -1       906 1.20000E+00 3.00361E+01 2.00000E+00
 -1       937-1.19525E+00 3.99999E+01-3.57414E-02
 -1       938-1.23117E+00 4.00003E+01-1.81293E-02
 -1       939-1.20475E+00 4.00001E+01 3.57414E-02
 -1       940-1.16883E+00 3.99997E+01 1.81293E-02
 -1       945-1.20000E+00 3.99660E+01-1.20000E-02
 -1       946-1.20000E+00 3.99980E+01-3.60000E-02
 -1       947-1.20000E+00 4.00340E+01 1.20000E-02
 -1       948-1.20000E+00 4.00020E+01 3.60000E-02
 -1       953-1.23328E+00 3.99861E+01 0.00000E+00
 -1       954-1.20000E+00 3.99639E+01 0.00000E+00
 -1       955-1.16672E+00 4.00139E+01 0.00000E+00
 -1       956-1.20000E+00 4.00361E+01 0.00000E+00
 -1       987 1.20448E+00 3.99994E+01-3.57715E-02
 -1       988 1.16870E+00 3.99994E+01-1.78882E-02
 -1       989 1.19552E+00 4.00006E+01 3.57715E-02
 -1       990 1.23130E+00 4.00006E+01 1.78882E-02
 -1       995 1.20000E+00 3.99660E+01-1.20000E-02
 -1       996 1.20000E+00 3.99980E+01-3.60000E-02
 -1       997 1.20000E+00 4.00340E+01 1.20000E-02
 -1       998 1.20000E+00 4.00020E+01 3.60000E-02
 -1      1003 1.16672E+00 3.99861E+01 0.00000E+00
 -1      1004 1.20000E+00 3.99639E+01 0.00000E+00
 -1      1005 1.23328E+00 4.00139E+01 0.00000E+00
 -1      1006 1.20000E+00 4.00361E+01 0.00000E+00
 -1      1037-1.19548E+00 4.00006E+01 1.96423E+00
 -1      1038-1.23128E+00 4.00006E+01 1.98208E+00
 -1      1039-1.20452E+00 3.99994E+01 2.03577E+00
 -1      1040-1.16872E+00 3.99994E+01 2.01792E+00
 -1      1045-1.20000E+00 3.99660E+01 1.98800E+00
 -1      1046-1.20000E+00 3.99980E+01 1.96400E+00
 -1      1047-1.20000E+00 4.00340E+01 2.01200E+00
 -1      1048-1.20000E+00 4.00020E+01 2.03600E+00
 -1      1053-1.23328E+00 3.99861E+01 2.00000E+00
 -1      1054-1.20000E+00 3.99639E+01 2.00000E+00
 -1      1055-1.16672E+00 4.00139E+01 2.00000E+00
 -1      1056-1.20000E+00 4.00361E+01 2.00000E+00
 -1      1087 1.20425E+00 4.00001E+01 1.96420E+00
 -1      1088 1.16858E+00 3.99997E+01 1.98231E+00
 -1      1089 1.19575E+00 3.99999E+01 2.03580E+00
 -1      1090 1.23142E+00 4.00003E+01 2.01769E+00
 -1      1095 1.20000E+00 3.99660E+01 1.98800E+00
 -1      1096 1.20000E+00 3.99980E+01 1.96400E+00
 -1      1097 1.20000E+00 4.00340E+01 2.01200E+00
 -1      1098 1.20000E+00 4.00020E+01 2.03600E+00
 -1      1103 1.16672E+00 3.99861E+01 2.00000E+00
 -1      1104 1.20000E+00 3.99639E+01 2.00000E+00
 -1      1105 1.23328E+00 4.00139E+01 2.00000E+00
 -1      1106 1.20000E+00 4.00361E+01 2.00000E+00
 -1      1137-1.19605E+00 4.99975E+01-3.57542E-02
 -1      1138-1.23148E+00 4.99965E+01-1.72231E-02
 -1      1139-1.20395E+00 5.00025E+01 3.57542E-02
 -1      1140-1.16852E+00 5.00035E+01 1.72231E-02
 -1      1145-1.20102E+00 4.99659E+01-1.16828E-02
 -1      1146-1.20007E+00 4.99977E+01-3.59798E-02
 -1      1147-1.19898E+00 5.00341E+01 1.16828E-02
 -1      1148-1.19993E+00 5.00023E+01 3.59798E-02
 -1      1153-1.23354E+00 4.99868E+01 3.96605E-04
 -1      1154-1.20069E+00 4.99640E+01 1.08098E-03
 -1      1155-1.16646E+00 5.00132E+01-3.96605E-04
 -1      1156-1.19931E+00 5.00360E+01-1.08098E-03
 -1      1187 1.20657E+00 4.99968E+01-3.53115E-02
 -1      1188 1.16988E+00 5.00006E+01-1.98149E-02
 -1      1189 1.19343E+00 5.00032E+01 3.53115E-02
 -1      1190 1.23012E+00 4.99994E+01 1.98149E-02
 -1      1195 1.20102E+00 4.99661E+01-1.23355E-02
 -1      1196 1.20005E+00 4.99984E+01-3.60180E-02
 -1      1197 1.19898E+00 5.00339E+01 1.23355E-02
 -1      1198 1.19995E+00 5.00016E+01 3.60180E-02
 -1      1203 1.16697E+00 4.99855E+01-4.33494E-04
 -1      1204 1.20064E+00 4.99640E+01-1.08101E-03
 -1      1205 1.23303E+00 5.00145E+01 4.33494E-04
 -1      1206 1.19936E+00 5.00360E+01 1.08101E-03
 -1      1237-1.19804E+00 5.00029E+01 1.96411E+00
 -1      1238-1.23240E+00 4.99990E+01 1.98421E+00
 -1      1239-1.20196E+00 4.99971E+01 2.03589E+00
 -1      1240-1.16760E+00 5.00010E+01 2.01579E+00
 -1      1245-1.19898E+00 4.99661E+01 1.98766E+00
 -1      1246-1.19995E+00 4.99984E+01 1.96398E+00
 -1      1247-1.20102E+00 5.00339E+01 2.01234E+00
 -1      1248-1.20005E+00 5.00016E+01 2.03602E+00
 -1      1253-1.23303E+00 4.99855E+01 1.99957E+00
 -1      1254-1.19936E+00 4.99640E+01 1.99892E+00
 -1      1255-1.16697E+00 5.00145E+01 2.00043E+00
 -1      1256-1.20064E+00 5.00360E+01 2.00108E+00
 -1      1287 1.20519E+00 5.00024E+01 1.96440E+00
 -1      1288 1.16914E+00 5.00035E+01 1.98169E+00
 -1      1289 1.19481E+00 4.99976E+01 2.03560E+00
 -1      1290 1.23086E+00 4.99965E+01 2.01831E+00
 -1      1295 1.19898E+00 4.99659E+01 1.98832E+00
 -1      1296 1.19993E+00 4.99977E+01 1.96402E+00
 -1      1297 1.20102E+00 5.00341E+01 2.01168E+00
 -1      1298 1.20007E+00 5.00023E+01 2.03598E+00
 -1      1303 1.16646E+00 4.99868E+01 2.00040E+00
 -1      1304 1.19931E+00 4.99640E+01 2.00108E+00
 -1      1305 1.23354E+00 5.00132E+01 1.99960E+00
 -1      1306 1.20069E+00 5.00360E+01 1.99892E+00
 -1      1337-1.19553E+00 1.50000E+01-1.85778E-01
 -1      1338-1.23131E+00 1.50000E+01-1.67883E-01
 -1      1339-1.20447E+00 1.50000E+01-1.14222E-01
 -1      1340-1.16869E+00 1.50000E+01-1.32117E-01
 -1      1345 1.20447E+00 1.50000E+01 1.14222E-01
 -1      1346 1.16869E+00 1.50000E+01 1.32117E-01
 -1      1347 1.19553E+00 1.50000E+01 1.85778E-01
 -1      1348 1.23131E+00 1.50000E+01 1.67883E-01
 -1      1353-1.19553E+00 1.50000E+01 1.81422E+00
 -1      1354-1.23131E+00 1.50000E+01 1.83212E+00
 -1      1355-1.20447E+00 1.50000E+01 1.88578E+00
 -1      1356-1.16869E+00 1.50000E+01 1.86788E+00
 -1      1361 1.20447E+00 1.50000E+01 2.11422E+00
 -1      1362 1.16869E+00 1.50000E+01 2.13212E+00
 -1      1363 1.19553E+00 1.50000E+01 2.18578E+00
 -1      1364 1.23131E+00 1.50000E+01 2.16788E+00
 -1      1369-1.19553E+00 2.50000E+01-1.85778E-01
 -1      1370-1.23131E+00 2.50000E+01-1.67883E-01
 -1      1371-1.20447E+00 2.50000E+01-1.14222E-01
 -1      1372-1.16869E+00 2.50000E+01-1.32117E-01
 -1      1377 1.20447E+00 2.50000E+01 1.14222E-01
 -1      1378 1.16869E+00 2.50000E+01 1.32117E-01
 -1      1379 1.19553E+00 2.50000E+01 1.85778E-01
 -1      1380 1.23131E+00 2.50000E+01 1.67883E-01
 -1      1385-1.19553E+00 2.50000E+01 1.81422E+00
 -1      1386-1.23131E+00 2.50000E+01 1.83212E+00
 -1      1387-1.20447E+00 2.50000E+01 1.88578E+00
 -1      1388-1.16869E+00 2.50000E+01 1.86788E+00
 -1      1393 1.20447E+00 2.50000E+01 2.11422E+00
 -1      1394 1.16869E+00 2.50000E+01 2.13212E+00
 -1      1395 1.19553E+00 2.50000E+01 2.18578E+00
 -1      1396 1.23131E+00 2.50000E+01 2.16788E+00
 -1      1401-1.19522E+00 3.24989E+01-1.41787E-01
 -1      1402-1.23115E+00 3.24995E+01-1.24216E-01
 -1      1403-1.20478E+00 3.25011E+01-7.03450E-02
 -1      1404-1.16885E+00 3.25005E+01-8.79159E-02
 -1      1409-1.19553E+00 3.50000E+01-1.85777E-01
 -1      1410-1.23131E+00 3.50000E+01-1.67887E-01
 -1      1411-1.20447E+00 3.50000E+01-1.14223E-01
 -1      1412-1.16869E+00 3.50000E+01-1.32113E-01
 -1      1417-1.19586E+00 3.75011E+01-1.41867E-01
 -1      1418-1.23147E+00 3.75005E+01-1.23652E-01
 -1      1419-1.20414E+00 3.74989E+01-7.02647E-02
 -1      1420-1.16853E+00 3.74995E+01-8.84797E-02
 -1      1425 1.20414E+00 3.25011E+01 7.02647E-02
 -1      1426 1.16853E+00 3.25005E+01 8.84797E-02
 -1      1427 1.19586E+00 3.24989E+01 1.41867E-01
 -1      1428 1.23147E+00 3.24995E+01 1.23652E-01
 -1      1433 1.20447E+00 3.50000E+01 1.14223E-01
 -1      1434 1.16869E+00 3.50000E+01 1.32113E-01
 -1      1435 1.19553E+00 3.50000E+01 1.85777E-01
 -1      1436 1.23131E+00 3.50000E+01 1.67887E-01
 -1      1441 1.20478E+00 3.74989E+01 7.03450E-02
 -1      1442 1.16885E+00 3.74995E+01 8.79159E-02
 -1      1443 1.19522E+00 3.75011E+01 1.41787E-01
 -1      1444 1.23115E+00 3.75005E+01 1.24216E-01
 -1      1449-1.19522E+00 3.24989E+01 1.85821E+00
 -1      1450-1.23115E+00 3.24995E+01 1.87578E+00
 -1      1451-1.20478E+00 3.25011E+01 1.92966E+00
 -1      1452-1.16885E+00 3.25005E+01 1.91208E+00
 -1      1457-1.19553E+00 3.50000E+01 1.81422E+00
 -1      1458-1.23131E+00 3.50000E+01 1.83211E+00
 -1      1459-1.20447E+00 3.50000E+01 1.88578E+00
 -1      1460-1.16869E+00 3.50000E+01 1.86789E+00
 -1      1465-1.19586E+00 3.75011E+01 1.85813E+00
 -1      1466-1.23147E+00 3.75005E+01 1.87635E+00
 -1      1467-1.20414E+00 3.74989E+01 1.92974E+00
 -1      1468-1.16853E+00 3.74995E+01 1.91152E+00
 -1      1473 1.20414E+00 3.25011E+01 2.07026E+00
 -1      1474 1.16853E+00 3.25005E+01 2.08848E+00
 -1      1475 1.19586E+00 3.24989E+01 2.14187E+00
 -1      1476 1.23147E+00 3.24995E+01 2.12365E+00
 -1      1481 1.20447E+00 3.50000E+01 2.11422E+00
 -1      1482 1.16869E+00 3.50000E+01 2.13211E+00
 -1      1483 1.19553E+00 3.50000E+01 2.18578E+00
 -1      1484 1.23131E+00 3.50000E+01 2.16789E+00
 -1      1489 1.20478E+00 3.74989E+01 2.07034E+00
 -1      1490 1.16885E+00 3.74995E+01 2.08792E+00
 -1      1491 1.19522E+00 3.75011E+01 2.14179E+00
 -1      1492 1.23115E+00 3.75005E+01 2.12422E+00
 -1      1497 0.00000E+00-6.99992E-02-1.20023E-02
 -1      1498 0.00000E+00-3.79975E-02-3.60001E-02
 -1      1499 0.00000E+00-2.00083E-03 1.20023E-02
 -1      1500 0.00000E+00-3.40025E-02 3.60001E-02
 -1      1505 0.00000E+00 2.00083E-03 1.98800E+00
 -1      1506 0.00000E+00 3.40025E-02 1.96400E+00
 -1      1507 0.00000E+00 6.99992E-02 2.01200E+00
 -1      1508 0.00000E+00 3.79975E-02 2.03600E+00
 -1      1513-1.23329E+00 1.61495E-02 1.00000E+00
 -1      1514-1.20002E+00-6.05551E-03 1.00000E+00
 -1      1515-1.16671E+00 4.38505E-02 1.00000E+00
 -1      1516-1.19998E+00 6.60555E-02 1.00000E+00
 -1      1521 1.16671E+00-4.38505E-02 1.00000E+00
 -1      1522 1.19998E+00-6.60555E-02 1.00000E+00
 -1      1523 1.23329E+00-1.61495E-02 1.00000E+00
 -1      1524 1.20002E+00 6.05551E-03 1.00000E+00
 -1      1529-6.01023E-01 1.99404E+01-1.16832E-02
 -1      1530-6.00070E-01 1.99722E+01-3.59798E-02
 -1      1531-5.98977E-01 2.00086E+01 1.16832E-02
 -1      1532-5.99930E-01 1.99769E+01 3.59798E-02
 -1      1537 0.00000E+00 1.99300E+01-1.20008E-02
 -1      1538 0.00000E+00 1.99620E+01-3.60000E-02
 -1      1539 0.00000E+00 1.99980E+01 1.20008E-02
 -1      1540 0.00000E+00 1.99660E+01 3.60000E-02
 -1      1545 6.01016E-01 1.99407E+01-1.23359E-02
 -1      1546 6.00049E-01 1.99729E+01-3.60180E-02
 -1      1547 5.98984E-01 2.00084E+01 1.23359E-02
 -1      1548 5.99951E-01 1.99762E+01 3.60180E-02
 -1      1553-5.98984E-01 1.99916E+01 1.98766E+00
 -1      1554-5.99951E-01 2.00238E+01 1.96398E+00
 -1      1555-6.01016E-01 2.00593E+01 2.01234E+00
 -1      1556-6.00049E-01 2.00271E+01 2.03602E+00
 -1      1561 0.00000E+00 2.00020E+01 1.98800E+00
 -1      1562 0.00000E+00 2.00340E+01 1.96400E+00
 -1      1563 0.00000E+00 2.00700E+01 2.01200E+00
 -1      1564 0.00000E+00 2.00380E+01 2.03600E+00
 -1      1569 5.98977E-01 1.99914E+01 1.98832E+00
 -1      1570 5.99930E-01 2.00231E+01 1.96402E+00
 -1      1571 6.01023E-01 2.00596E+01 2.01168E+00
 -1      1572 6.00070E-01 2.00278E+01 2.03598E+00
 -1      1577-1.23354E+00 2.00080E+01 5.00396E-01
 -1      1578-1.20070E+00 1.99852E+01 5.01081E-01
 -1      1579-1.16646E+00 2.00344E+01 4.99604E-01
 -1      1580-1.19930E+00 2.00572E+01 4.98919E-01
 -1      1585-1.23328E+00 2.00161E+01 1.00000E+00
 -1      1586-1.20001E+00 1.99939E+01 1.00000E+00
 -1      1587-1.16672E+00 2.00439E+01 1.00000E+00
 -1      1588-1.19999E+00 2.00661E+01 1.00000E+00
 -1      1593-1.23303E+00 2.00068E+01 1.49957E+00
 -1      1594-1.19936E+00 1.99852E+01 1.49892E+00
 -1      1595-1.16697E+00 2.00357E+01 1.50043E+00
 -1      1596-1.20064E+00 2.00572E+01 1.50108E+00
 -1      1601 1.16697E+00 1.99643E+01 4.99567E-01
 -1      1602 1.20064E+00 1.99428E+01 4.98919E-01
 -1      1603 1.23303E+00 1.99932E+01 5.00433E-01
 -1      1604 1.19936E+00 2.00148E+01 5.01081E-01
 -1      1609 1.16672E+00 1.99561E+01 1.00000E+00
 -1      1610 1.19999E+00 1.99339E+01 1.00000E+00
 -1      1611 1.23328E+00 1.99839E+01 1.00000E+00
 -1      1612 1.20001E+00 2.00061E+01 1.00000E+00
 -1      1617 1.16646E+00 1.99656E+01 1.50040E+00
 -1      1618 1.19930E+00 1.99428E+01 1.50108E+00
 -1      1619 1.23354E+00 1.99920E+01 1.49960E+00
 -1      1620 1.20070E+00 2.00148E+01 1.49892E+00
 -1      1625 0.00000E+00 4.99300E+01-1.20023E-02
 -1      1626 0.00000E+00 4.99620E+01-3.60001E-02
 -1      1627 0.00000E+00 4.99980E+01 1.20023E-02
 -1      1628 0.00000E+00 4.99660E+01 3.60001E-02
 -1      1633 0.00000E+00 5.00020E+01 1.98800E+00
 -1      1634 0.00000E+00 5.00340E+01 1.96400E+00
 -1      1635 0.00000E+00 5.00700E+01 2.01200E+00
 -1      1636 0.00000E+00 5.00380E+01 2.03600E+00
 -1      1641-1.23329E+00 5.00161E+01 1.00000E+00
 -1      1642-1.20002E+00 4.99939E+01 1.00000E+00
 -1      1643-1.16671E+00 5.00438E+01 1.00000E+00
 -1      1644-1.19998E+00 5.00661E+01 1.00000E+00
 -1      1649 1.16671E+00 4.99562E+01 1.00000E+00
 -1      1650 1.19998E+00 4.99339E+01 1.00000E+00
 -1      1651 1.23329E+00 4.99839E+01 1.00000E+00
 -1      1652 1.20002E+00 5.00061E+01 1.00000E+00
 -1      1657-1.19757E+00 1.12670E+01 1.57055E-01
 -1      1658-1.23227E+00 1.12640E+01 1.76710E-01
 -1      1659-1.20243E+00 1.12559E+01 2.28140E-01
 -1      1660-1.16773E+00 1.12590E+01 2.08485E-01
 -1      1665-1.19773E+00 1.25271E+01 3.58438E-01
 -1      1666-1.23234E+00 1.25238E+01 3.78214E-01
 -1      1667-1.20227E+00 1.25153E+01 4.29430E-01
 -1      1668-1.16766E+00 1.25186E+01 4.09654E-01
 -1      1673-1.19798E+00 1.37842E+01 5.76000E-01
 -1      1674-1.23245E+00 1.37805E+01 5.95959E-01
 -1      1675-1.20202E+00 1.37713E+01 6.46836E-01
 -1      1676-1.16755E+00 1.37749E+01 6.26877E-01
 -1      1681-1.19828E+00 1.50371E+01 8.14685E-01
 -1      1682-1.23258E+00 1.50330E+01 8.34863E-01
 -1      1683-1.20172E+00 1.50229E+01 8.85315E-01
 -1      1684-1.16742E+00 1.50270E+01 8.65137E-01
 -1      1689-1.19860E+00 1.62854E+01 1.07622E+00
 -1      1690-1.23272E+00 1.62809E+01 1.09662E+00
 -1      1691-1.20140E+00 1.62700E+01 1.14662E+00
 -1      1692-1.16728E+00 1.62745E+01 1.12622E+00
 -1      1697-1.19888E+00 1.75294E+01 1.35884E+00
 -1      1698-1.23284E+00 1.75246E+01 1.37943E+00
 -1      1699-1.20112E+00 1.75130E+01 1.42902E+00
 -1      1700-1.16716E+00 1.75178E+01 1.40843E+00
 -1      1705-1.19908E+00 1.87700E+01 1.65759E+00
 -1      1706-1.23292E+00 1.87650E+01 1.67830E+00
 -1      1707-1.20092E+00 1.87529E+01 1.72761E+00
 -1      1708-1.16708E+00 1.87580E+01 1.70689E+00
 -1      1713-1.19416E+00 1.12560E+01 1.77225E+00
 -1      1714-1.23060E+00 1.12585E+01 1.78856E+00
 -1      1715-1.20584E+00 1.12670E+01 1.84256E+00
 -1      1716-1.16940E+00 1.12644E+01 1.82625E+00
 -1      1721-1.19409E+00 1.25154E+01 1.57098E+00
 -1      1722-1.23056E+00 1.25181E+01 1.58719E+00
 -1      1723-1.20591E+00 1.25271E+01 1.64115E+00
 -1      1724-1.16944E+00 1.25244E+01 1.62494E+00
 -1      1729-1.19399E+00 1.37714E+01 1.35360E+00
 -1      1730-1.23051E+00 1.37743E+01 1.36967E+00
 -1      1731-1.20601E+00 1.37841E+01 1.42356E+00
 -1      1732-1.16949E+00 1.37812E+01 1.40749E+00
 -1      1737-1.19388E+00 1.50230E+01 1.11516E+00
 -1      1738-1.23044E+00 1.50262E+01 1.13106E+00
 -1      1739-1.20612E+00 1.50370E+01 1.18484E+00
 -1      1740-1.16956E+00 1.50338E+01 1.16894E+00
 -1      1745-1.19377E+00 1.62701E+01 8.53886E-01
 -1      1746-1.23038E+00 1.62736E+01 8.69618E-01
 -1      1747-1.20623E+00 1.62853E+01 9.23278E-01
 -1      1748-1.16962E+00 1.62819E+01 9.07546E-01
 -1      1753-1.19368E+00 1.75131E+01 5.71502E-01
 -1      1754-1.23034E+00 1.75168E+01 5.87093E-01
 -1      1755-1.20632E+00 1.75293E+01 6.40630E-01
 -1      1756-1.16966E+00 1.75257E+01 6.25039E-01
 -1      1761-1.19363E+00 1.87531E+01 2.72930E-01
 -1      1762-1.23031E+00 1.87568E+01 2.88429E-01
 -1      1763-1.20637E+00 1.87699E+01 3.41875E-01
 -1      1764-1.16969E+00 1.87661E+01 3.26376E-01
 -1      1769 1.20243E+00 1.12670E+01 1.57055E-01
 -1      1770 1.16773E+00 1.12640E+01 1.76710E-01
 -1      1771 1.19757E+00 1.12559E+01 2.28140E-01
 -1      1772 1.23227E+00 1.12590E+01 2.08485E-01
 -1      1777 1.20227E+00 1.25271E+01 3.58438E-01
 -1      1778 1.16766E+00 1.25238E+01 3.78214E-01
 -1      1779 1.19773E+00 1.25153E+01 4.29430E-01
 -1      1780 1.23234E+00 1.25186E+01 4.09654E-01
 -1      1785 1.20202E+00 1.37842E+01 5.76000E-01
 -1      1786 1.16755E+00 1.37805E+01 5.95959E-01
 -1      1787 1.19798E+00 1.37713E+01 6.46836E-01
 -1      1788 1.23245E+00 1.37749E+01 6.26877E-01
 -1      1793 1.20172E+00 1.50371E+01 8.14685E-01
 -1      1794 1.16742E+00 1.50330E+01 8.34863E-01
 -1      1795 1.19828E+00 1.50229E+01 8.85315E-01
 -1      1796 1.23258E+00 1.50270E+01 8.65137E-01
 -1      1801 1.20140E+00 1.62854E+01 1.07622E+00
 -1      1802 1.16728E+00 1.62809E+01 1.09662E+00
 -1      1803 1.19860E+00 1.62700E+01 1.14662E+00
 -1      1804 1.23272E+00 1.62745E+01 1.12622E+00
 -1      1809 1.20112E+00 1.75294E+01 1.35884E+00
 -1      1810 1.16716E+00 1.75246E+01 1.37943E+00
 -1      1811 1.19888E+00 1.75130E+01 1.42902E+00
 -1      1812 1.23284E+00 1.75178E+01 1.40843E+00
 -1      1817 1.20092E+00 1.87700E+01 1.65759E+00
 -1      1818 1.16708E+00 1.87650E+01 1.67830E+00
 -1      1819 1.19908E+00 1.87529E+01 1.72761E+00
 -1      1820 1.23292E+00 1.87580E+01 1.70689E+00
 -1      1825 1.20584E+00 1.12560E+01 1.77225E+00
 -1      1826 1.16940E+00 1.12585E+01 1.78856E+00
 -1      1827 1.19416E+00 1.12670E+01 1.84256E+00
 -1      1828 1.23060E+00 1.12644E+01 1.82625E+00
 -1      1833 1.20591E+00 1.25154E+01 1.57098E+00
 -1      1834 1.16944E+00 1.25181E+01 1.58719E+00
 -1      1835 1.19409E+00 1.25271E+01 1.64115E+00
 -1      1836 1.23056E+00 1.25244E+01 1.62494E+00
 -1      1841 1.20601E+00 1.37714E+01 1.35360E+00
 -1      1842 1.16949E+00 1.37743E+01 1.36967E+00
 -1      1843 1.19399E+00 1.37841E+01 1.42356E+00
 -1      1844 1.23051E+00 1.37812E+01 1.40749E+00
 -1      1849 1.20612E+00 1.50230E+01 1.11516E+00
 -1      1850 1.16956E+00 1.50262E+01 1.13106E+00
 -1      1851 1.19388E+00 1.50370E+01 1.18484E+00
 -1      1852 1.23044E+00 1.50338E+01 1.16894E+00
 -1      1857 1.20623E+00 1.62701E+01 8.53886E-01
 -1      1858 1.16962E+00 1.62736E+01 8.69618E-01
 -1      1859 1.19377E+00 1.62853E+01 9.23278E-01
 -1      1860 1.23038E+00 1.62819E+01 9.07546E-01
 -1      1865 1.20632E+00 1.75131E+01 5.71502E-01
 -1      1866 1.16966E+00 1.75168E+01 5.87093E-01
 -1      1867 1.19368E+00 1.75293E+01 6.40630E-01
 -1      1868 1.23034E+00 1.75257E+01 6.25039E-01
 -1      1873 1.20637E+00 1.87531E+01 2.72930E-01
 -1      1874 1.16969E+00 1.87568E+01 2.88429E-01
 -1      1875 1.19363E+00 1.87699E+01 3.41875E-01
 -1      1876 1.23031E+00 1.87661E+01 3.26376E-01
 -1      1881-8.31704E-01 1.12331E+01-3.42295E-02
 -1      1882-8.68791E-01 1.12437E+01-2.36225E-02
 -1      1883-8.53491E-01 1.12393E+01 3.42295E-02
 -1      1884-8.16404E-01 1.12287E+01 2.36225E-02
 -1      1889-4.83271E-01 1.24716E+01-3.43179E-02
 -1      1890-5.20380E-01 1.24818E+01-2.34066E-02
 -1      1891-5.04597E-01 1.24775E+01 3.43179E-02
 -1      1892-4.67488E-01 1.24673E+01 2.34066E-02
 -1      1897-1.51102E-01 1.37141E+01-3.44451E-02
 -1      1898-1.88233E-01 1.37237E+01-2.30837E-02
 -1      1899-1.71734E-01 1.37194E+01 3.44451E-02
 -1      1900-1.34603E-01 1.37098E+01 2.30837E-02
 -1      1905 1.59903E-01 1.49616E+01-3.45874E-02
 -1      1906 1.22764E-01 1.49705E+01-2.27035E-02
 -1      1907 1.40097E-01 1.49664E+01 3.45874E-02
 -1      1908 1.77236E-01 1.49575E+01 2.27035E-02
 -1      1913 4.48070E-01 1.62146E+01-3.47212E-02
 -1      1914 4.10939E-01 1.62229E+01-2.23246E-02
 -1      1915 4.29094E-01 1.62188E+01 3.47212E-02
 -1      1916 4.66225E-01 1.62106E+01 2.23246E-02
 -1      1921 7.15201E-01 1.74727E+01-3.48283E-02
 -1      1922 6.78091E-01 1.74803E+01-2.20050E-02
 -1      1923 6.96931E-01 1.74764E+01 3.48283E-02
 -1      1924 7.34041E-01 1.74688E+01 2.20050E-02
 -1      1929 9.66302E-01 1.87345E+01-3.48965E-02
 -1      1930 9.29212E-01 1.87417E+01-2.17923E-02
 -1      1931 9.48503E-01 1.87380E+01 3.48965E-02
 -1      1932 9.85593E-01 1.87307E+01 2.17923E-02
 -1      1937 8.42124E-01 1.12361E+01-3.60521E-02
 -1      1938 8.10413E-01 1.12270E+01-1.34113E-02
 -1      1939 8.43071E-01 1.12364E+01 3.60521E-02
 -1      1940 8.74781E-01 1.12454E+01 1.34113E-02
 -1      1945 4.93597E-01 1.24745E+01-3.60538E-02
 -1      1946 4.61712E-01 1.24657E+01-1.35445E-02
 -1      1947 4.94271E-01 1.24746E+01 3.60538E-02
 -1      1948 5.26156E-01 1.24834E+01 1.35445E-02
 -1      1953 1.61293E-01 1.37167E+01-3.60553E-02
 -1      1954 1.29148E-01 1.37084E+01-1.37478E-02
 -1      1955 1.61544E-01 1.37168E+01 3.60553E-02
 -1      1956 1.93688E-01 1.37251E+01 1.37478E-02
 -1      1961-1.49867E-01 1.49640E+01-3.60553E-02
 -1      1962-1.82312E-01 1.49562E+01-1.39935E-02
 -1      1963-1.50133E-01 1.49640E+01 3.60553E-02
 -1      1964-1.17688E-01 1.49718E+01 1.39935E-02
 -1      1969-4.38181E-01 1.62168E+01-3.60532E-02
 -1      1970-4.70920E-01 1.62096E+01-1.42455E-02
 -1      1971-4.38983E-01 1.62167E+01 3.60532E-02
 -1      1972-4.06244E-01 1.62239E+01 1.42455E-02
 -1      1977-7.05431E-01 1.74747E+01-3.60497E-02
 -1      1978-7.38414E-01 1.74679E+01-1.44640E-02
 -1      1979-7.06701E-01 1.74744E+01 3.60497E-02
 -1      1980-6.73718E-01 1.74812E+01 1.44640E-02
 -1      1985-9.56607E-01 1.87364E+01-3.60464E-02
 -1      1986-9.89751E-01 1.87299E+01-1.46123E-02
 -1      1987-9.58198E-01 1.87361E+01 3.60464E-02
 -1      1988-9.25054E-01 1.87425E+01 1.46123E-02
 -1      1993-8.31704E-01 1.12331E+01 1.96577E+00
 -1      1994-8.68791E-01 1.12437E+01 1.97638E+00
 -1      1995-8.53491E-01 1.12393E+01 2.03423E+00
 -1      1996-8.16404E-01 1.12287E+01 2.02362E+00
 -1      2001-4.83271E-01 1.24716E+01 1.96568E+00
 -1      2002-5.20380E-01 1.24818E+01 1.97659E+00
 -1      2003-5.04597E-01 1.24775E+01 2.03432E+00
 -1      2004-4.67488E-01 1.24673E+01 2.02341E+00
 -1      2009-1.51102E-01 1.37141E+01 1.96555E+00
 -1      2010-1.88233E-01 1.37237E+01 1.97692E+00
 -1      2011-1.71734E-01 1.37194E+01 2.03445E+00
 -1      2012-1.34603E-01 1.37098E+01 2.02308E+00
 -1      2017 1.59903E-01 1.49616E+01 1.96541E+00
 -1      2018 1.22764E-01 1.49705E+01 1.97730E+00
 -1      2019 1.40097E-01 1.49664E+01 2.03459E+00
 -1      2020 1.77236E-01 1.49575E+01 2.02270E+00
 -1      2025 4.48070E-01 1.62146E+01 1.96528E+00
 -1      2026 4.10939E-01 1.62229E+01 1.97768E+00
 -1      2027 4.29094E-01 1.62188E+01 2.03472E+00
 -1      2028 4.66225E-01 1.62106E+01 2.02232E+00
 -1      2033 7.15201E-01 1.74727E+01 1.96517E+00
 -1      2034 6.78091E-01 1.74803E+01 1.97800E+00
 -1      2035 6.96931E-01 1.74764E+01 2.03483E+00
 -1      2036 7.34041E-01 1.74688E+01 2.02200E+00
 -1      2041 9.66302E-01 1.87345E+01 1.96510E+00
 -1      2042 9.29212E-01 1.87417E+01 1.97821E+00
 -1      2043 9.48503E-01 1.87380E+01 2.03490E+00
 -1      2044 9.85593E-01 1.87307E+01 2.02179E+00
 -1      2049 8.42124E-01 1.12361E+01 1.96395E+00
 -1      2050 8.10413E-01 1.12270E+01 1.98659E+00
 -1      2051 8.43071E-01 1.12364E+01 2.03605E+00
 -1      2052 8.74781E-01 1.12454E+01 2.01341E+00
 -1      2057 4.93597E-01 1.24745E+01 1.96395E+00
 -1      2058 4.61712E-01 1.24657E+01 1.98646E+00
 -1      2059 4.94271E-01 1.24746E+01 2.03605E+00
 -1      2060 5.26156E-01 1.24834E+01 2.01354E+00
 -1      2065 1.61293E-01 1.37167E+01 1.96394E+00
 -1      2066 1.29148E-01 1.37084E+01 1.98625E+00
 -1      2067 1.61544E-01 1.37168E+01 2.03606E+00
 -1      2068 1.93688E-01 1.37251E+01 2.01375E+00
 -1      2073-1.49867E-01 1.49640E+01 1.96394E+00
 -1      2074-1.82312E-01 1.49562E+01 1.98601E+00
 -1      2075-1.50133E-01 1.49640E+01 2.03606E+00
 -1      2076-1.17688E-01 1.49718E+01 2.01399E+00
 -1      2081-4.38181E-01 1.62168E+01 1.96395E+00
 -1      2082-4.70920E-01 1.62096E+01 1.98575E+00
 -1      2083-4.38983E-01 1.62167E+01 2.03605E+00
 -1      2084-4.06244E-01 1.62239E+01 2.01425E+00
 -1      2089-7.05431E-01 1.74747E+01 1.96395E+00
 -1      2090-7.38414E-01 1.74679E+01 1.98554E+00
 -1      2091-7.06701E-01 1.74744E+01 2.03605E+00
 -1      2092-6.73718E-01 1.74812E+01 2.01446E+00
 -1      2097-9.56607E-01 1.87364E+01 1.96395E+00
 -1      2098-9.89751E-01 1.87299E+01 1.98539E+00
 -1      2099-9.58198E-01 1.87361E+01 2.03605E+00
 -1      2100-9.25054E-01 1.87425E+01 2.01461E+00
 -1      2105-1.19830E+00 3.50371E+01 8.14684E-01
 -1      2106-1.23259E+00 3.50330E+01 8.34874E-01
 -1      2107-1.20170E+00 3.50229E+01 8.85316E-01
 -1      2108-1.16741E+00 3.50270E+01 8.65126E-01
 -1      2113-1.19388E+00 3.50230E+01 1.11516E+00
 -1      2114-1.23044E+00 3.50262E+01 1.13106E+00
 -1      2115-1.20612E+00 3.50370E+01 1.18484E+00
 -1      2116-1.16956E+00 3.50338E+01 1.16894E+00
 -1      2121 1.20170E+00 3.50371E+01 8.14684E-01
 -1      2122 1.16741E+00 3.50330E+01 8.34874E-01
 -1      2123 1.19830E+00 3.50229E+01 8.85316E-01
 -1      2124 1.23259E+00 3.50270E+01 8.65126E-01
 -1      2129 1.20612E+00 3.50230E+01 1.11516E+00
 -1      2130 1.16956E+00 3.50262E+01 1.13106E+00
 -1      2131 1.19388E+00 3.50370E+01 1.18484E+00
 -1      2132 1.23044E+00 3.50338E+01 1.16894E+00
 -1      2137 1.59908E-01 3.49616E+01-3.45858E-02
 -1      2138 1.22767E-01 3.49705E+01-2.27077E-02
 -1      2139 1.40092E-01 3.49664E+01 3.45858E-02
 -1      2140 1.77233E-01 3.49575E+01 2.27077E-02
 -1      2145-1.49864E-01 3.49640E+01-3.60552E-02
 -1      2146-1.82310E-01 3.49562E+01-1.39967E-02
 -1      2147-1.50136E-01 3.49640E+01 3.60552E-02
 -1      2148-1.17690E-01 3.49718E+01 1.39967E-02
 -1      2153 1.59908E-01 3.49616E+01 1.96541E+00
 -1      2154 1.22767E-01 3.49705E+01 1.97729E+00
 -1      2155 1.40092E-01 3.49664E+01 2.03459E+00
 -1      2156 1.77233E-01 3.49575E+01 2.02271E+00
 -1      2161-1.49864E-01 3.49640E+01 1.96394E+00
 -1      2162-1.82310E-01 3.49562E+01 1.98600E+00
 -1      2163-1.50136E-01 3.49640E+01 2.03606E+00
 -1      2164-1.17690E-01 3.49718E+01 2.01400E+00
 -1      2169-1.19830E+00 4.50371E+01 8.14684E-01
 -1      2170-1.23259E+00 4.50330E+01 8.34874E-01
 -1      2171-1.20170E+00 4.50229E+01 8.85316E-01
 -1      2172-1.16741E+00 4.50270E+01 8.65126E-01
 -1      2177-1.19388E+00 4.50230E+01 1.11516E+00
 -1      2178-1.23044E+00 4.50262E+01 1.13106E+00
 -1      2179-1.20612E+00 4.50370E+01 1.18484E+00
 -1      2180-1.16956E+00 4.50338E+01 1.16894E+00
 -1      2185 1.20170E+00 4.50371E+01 8.14684E-01
 -1      2186 1.16741E+00 4.50330E+01 8.34874E-01
 -1      2187 1.19830E+00 4.50229E+01 8.85316E-01
 -1      2188 1.23259E+00 4.50270E+01 8.65126E-01
 -1      2193 1.20612E+00 4.50230E+01 1.11516E+00
 -1      2194 1.16956E+00 4.50262E+01 1.13106E+00
 -1      2195 1.19388E+00 4.50370E+01 1.18484E+00
 -1      2196 1.23044E+00 4.50338E+01 1.16894E+00
 -1      2201 1.59908E-01 4.49616E+01-3.45858E-02
 -1      2202 1.22767E-01 4.49705E+01-2.27077E-02
 -1      2203 1.40092E-01 4.49664E+01 3.45858E-02
 -1      2204 1.77233E-01 4.49575E+01 2.27077E-02
 -1      2209-1.49864E-01 4.49640E+01-3.60552E-02
 -1      2210-1.82310E-01 4.49562E+01-1.39967E-02
 -1      2211-1.50136E-01 4.49640E+01 3.60552E-02
 -1      2212-1.17690E-01 4.49718E+01 1.39967E-02
 -1      2217 1.59908E-01 4.49616E+01 1.96541E+00
 -1      2218 1.22767E-01 4.49705E+01 1.97729E+00
 -1      2219 1.40092E-01 4.49664E+01 2.03459E+00
 -1      2220 1.77233E-01 4.49575E+01 2.02271E+00
 -1      2225-1.49864E-01 4.49640E+01 1.96394E+00
 -1      2226-1.82310E-01 4.49562E+01 1.98600E+00
 -1      2227-1.50136E-01 4.49640E+01 2.03606E+00
 -1      2228-1.17690E-01 4.49718E+01 2.01400E+00
 -3
    3C                           196                                     1
 -1         1    1    0    1
 -2       137       337       338       138       140       340       339       139
 -1         2    1    0    1
 -2       187       387       388       188       190       390       389       189
 -1         3    1    0    1
 -2       237       437       438       238       240       440       439       239
 -1         4    1    0    1
 -2       287       487       488       288       290       490       489       289
 -1         5    1    0    1
 -2       337      1337      1338       338       340      1340      1339       339
 -1         6    1    0    1
 -2      1337       537       538      1338      1340       540       539      1339
 -1         7    1    0    1
 -2       387      1345      1346       388       390      1348      1347       389
 -1         8    1    0    1
 -2      1345       587       588      1346      1348       590       589      1347
 -1         9    1    0    1
 -2       437      1353      1354       438       440      1356      1355       439
 -1        10    1    0    1
 -2      1353       637       638      1354      1356       640       639      1355
 -1        11    1    0    1
 -2       487      1361      1362       488       490      1364      1363       489
 -1        12    1    0    1
 -2      1361       687       688      1362      1364       690       689      1363
 -1        13    1    0    1
 -2       537      1369      1370       538       540      1372      1371       539
 -1        14    1    0    1
 -2      1369       737       738      1370      1372       740       739      1371
 -1        15    1    0    1
 -2       587      1377      1378       588       590      1380      1379       589
 -1        16    1    0    1
 -2      1377       787       788      1378      1380       790       789      1379
 -1        17    1    0    1
 -2       637      1385      1386       638       640      1388      1387       639
 -1        18    1    0    1
 -2      1385       837       838      1386      1388       840       839      1387
 -1        19    1    0    1
 -2       687      1393      1394       688       690      1396      1395       689
 -1        20    1    0    1
 -2      1393       887       888      1394      1396       890       889      1395
 -1        21    1    0    1
 -2       737      1401      1402       738       740      1404      1403       739
 -1        22    1    0    1
 -2      1401      1409      1410      1402      1404      1412      1411      1403
 -1        23    1    0    1
 -2      1409      1417      1418      1410      1412      1420      1419      1411
 -1        24    1    0    1
 -2      1417       937       938      1418      1420       940       939      1419
 -1        25    1    0    1
 -2       787      1425      1426       788       790      1428      1427       789
 -1        26    1    0    1
 -2      1425      1433      1434      1426      1428      1436      1435      1427
 -1        27    1    0    1
 -2      1433      1441      1442      1434      1436      1444      1443      1435
 -1        28    1    0    1
 -2      1441       987       988      1442      1444       990       989      1443
 -1        29    1    0    1
 -2       837      1449      1450       838       840      1452      1451       839
 -1        30    1    0    1
 -2      1449      1457      1458      1450      1452      1460      1459      1451
 -1        31    1    0    1
 -2      1457      1465      1466      1458      1460      1468      1467      1459
 -1        32    1    0    1
 -2      1465      1037      1038      1466      1468      1040      1039      1467
 -1        33    1    0    1
 -2       887      1473      1474       888       890      1476      1475       889
 -1        34    1    0    1
 -2      1473      1481      1482      1474      1476      1484      1483      1475
 -1        35    1    0    1
 -2      1481      1489      1490      1482      1484      1492      1491      1483
 -1        36    1    0    1
 -2      1489      1087      1088      1490      1492      1090      1089      1491
 -1        37    1    0    1
 -2       937      1137      1138       938       940      1140      1139       939
 -1        38    1    0    1
 -2       987      1187      1188       988       990      1190      1189       989
 -1        39    1    0    1
 -2      1037      1237      1238      1038      1040      1240      1239      1039
 -1        40    1    0    1
 -2      1087      1287      1288      1088      1090      1290      1289      1089
 -1        41    1    0    1
 -2       145      1497      1498       146       148      1500      1499       147
 -1        42    1    0    1
 -2      1497       195       196      1498      1500       198       197      1499
 -1        43    1    0    1
 -2       245      1505      1506       246       248      1508      1507       247
 -1        44    1    0    1
 -2      1505       295       296      1506      1508       298       297      1507
 -1        45    1    0    1
 -2       153      1513      1514       154       156      1516      1515       155
 -1        46    1    0    1
 -2      1513       253       254      1514      1516       256       255      1515
 -1        47    1    0    1
 -2       203      1521      1522       204       206      1524      1523       205
 -1        48    1    0    1
 -2      1521       303       304      1522      1524       306       305      1523
 -1        49    1    0    1
 -2       345       395       396       346       348       398       397       347
 -1        50    1    0    1
 -2       445       495       496       446       448       498       497       447
 -1        51    1    0    1
 -2       353       453       454       354       356       456       455       355
 -1        52    1    0    1
 -2       403       503       504       404       406       506       505       405
 -1        53    1    0    1
 -2       545      1529      1530       546       548      1532      1531       547
 -1        54    1    0    1
 -2      1529      1537      1538      1530      1532      1540      1539      1531
 -1        55    1    0    1
 -2      1537      1545      1546      1538      1540      1548      1547      1539
 -1        56    1    0    1
 -2      1545       595       596      1546      1548       598       597      1547
 -1        57    1    0    1
 -2       645      1553      1554       646       648      1556      1555       647
 -1        58    1    0    1
 -2      1553      1561      1562      1554      1556      1564      1563      1555
 -1        59    1    0    1
 -2      1561      1569      1570      1562      1564      1572      1571      1563
 -1        60    1    0    1
 -2      1569       695       696      1570      1572       698       697      1571
 -1        61    1    0    1
 -2       553      1577      1578       554       556      1580      1579       555
 -1        62    1    0    1
 -2      1577      1585      1586      1578      1580      1588      1587      1579
 -1        63    1    0    1
 -2      1585      1593      1594      1586      1588      1596      1595      1587
 -1        64    1    0    1
 -2      1593       653       654      1594      1596       656       655      1595
 -1        65    1    0    1
 -2       603      1601      1602       604       606      1604      1603       605
 -1        66    1    0    1
 -2      1601      1609      1610      1602      1604      1612      1611      1603
 -1        67    1    0    1
 -2      1609      1617      1618      1610      1612      1620      1619      1611
 -1        68    1    0    1
 -2      1617       703       704      1618      1620       706       705      1619
 -1        69    1    0    1
 -2       745       795       796       746       748       798       797       747
 -1        70    1    0    1
 -2       845       895       896       846       848       898       897       847
 -1        71    1    0    1
 -2       753       853       854       754       756       856       855       755
 -1        72    1    0    1
 -2       803       903       904       804       806       906       905       805
 -1        73    1    0    1
 -2       945       995       996       946       948       998       997       947
 -1        74    1    0    1
 -2      1045      1095      1096      1046      1048      1098      1097      1047
 -1        75    1    0    1
 -2       953      1053      1054       954       956      1056      1055       955
 -1        76    1    0    1
 -2      1003      1103      1104      1004      1006      1106      1105      1005
 -1        77    1    0    1
 -2      1145      1625      1626      1146      1148      1628      1627      1147
 -1        78    1    0    1
 -2      1625      1195      1196      1626      1628      1198      1197      1627
 -1        79    1    0    1
 -2      1245      1633      1634      1246      1248      1636      1635      1247
 -1        80    1    0    1
 -2      1633      1295      1296      1634      1636      1298      1297      1635
 -1        81    1    0    1
 -2      1153      1641      1642      1154      1156      1644      1643      1155
 -1        82    1    0    1
 -2      1641      1253      1254      1642      1644      1256      1255      1643
 -1        83    1    0    1
 -2      1203      1649      1650      1204      1206      1652      1651      1205
 -1        84    1    0    1
 -2      1649      1303      1304      1650      1652      1306      1305      1651
 -1        85    1    0    1
 -2       137       437       438       138       140       440       439       139
 -1        86    1    0    1
 -2       237       337       338       238       240       340       339       239
 -1        87    1    0    1
 -2       187       487       488       188       190       490       489       189
 -1        88    1    0    1
 -2       287       387       388       288       290       390       389       289
 -1        89    1    0    1
 -2       137       387       388       138       140       390       389       139
 -1        90    1    0    1
 -2       187       337       338       188       190       340       339       189
 -1        91    1    0    1
 -2       237       487       488       238       240       490       489       239
 -1        92    1    0    1
 -2       287       437       438       288       290       440       439       289
 -1        93    1    0    1
 -2       337      1657      1658       338       340      1660      1659       339
 -1        94    1    0    1
 -2      1657      1665      1666      1658      1660      1668      1667      1659
 -1        95    1    0    1
 -2      1665      1673      1674      1666      1668      1676      1675      1667
 -1        96    1    0    1
 -2      1673      1681      1682      1674      1676      1684      1683      1675
 -1        97    1    0    1
 -2      1681      1689      1690      1682      1684      1692      1691      1683
 -1        98    1    0    1
 -2      1689      1697      1698      1690      1692      1700      1699      1691
 -1        99    1    0    1
 -2      1697      1705      1706      1698      1700      1708      1707      1699
 -1       100    1    0    1
 -2      1705       637       638      1706      1708       640       639      1707
 -1       101    1    0    1
 -2       437      1713      1714       438       440      1716      1715       439
 -1       102    1    0    1
 -2      1713      1721      1722      1714      1716      1724      1723      1715
 -1       103    1    0    1
 -2      1721      1729      1730      1722      1724      1732      1731      1723
 -1       104    1    0    1
 -2      1729      1737      1738      1730      1732      1740      1739      1731
 -1       105    1    0    1
 -2      1737      1745      1746      1738      1740      1748      1747      1739
 -1       106    1    0    1
 -2      1745      1753      1754      1746      1748      1756      1755      1747
 -1       107    1    0    1
 -2      1753      1761      1762      1754      1756      1764      1763      1755
 -1       108    1    0    1
 -2      1761       537       538      1762      1764       540       539      1763
 -1       109    1    0    1
 -2       387      1769      1770       388       390      1772      1771       389
 -1       110    1    0    1
 -2      1769      1777      1778      1770      1772      1780      1779      1771
 -1       111    1    0    1
 -2      1777      1785      1786      1778      1780      1788      1787      1779
 -1       112    1    0    1
 -2      1785      1793      1794      1786      1788      1796      1795      1787
 -1       113    1    0    1
 -2      1793      1801      1802      1794      1796      1804      1803      1795
 -1       114    1    0    1
 -2      1801      1809      1810      1802      1804      1812      1811      1803
 -1       115    1    0    1
 -2      1809      1817      1818      1810      1812      1820      1819      1811
 -1       116    1    0    1
 -2      1817       687       688      1818      1820       690       689      1819
 -1       117    1    0    1
 -2       487      1825      1826       488       490      1828      1827       489
 -1       118    1    0    1
 -2      1825      1833      1834      1826      1828      1836      1835      1827
 -1       119    1    0    1
 -2      1833      1841      1842      1834      1836      1844      1843      1835
 -1       120    1    0    1
 -2      1841      1849      1850      1842      1844      1852      1851      1843
 -1       121    1    0    1
 -2      1849      1857      1858      1850      1852      1860      1859      1851
 -1       122    1    0    1
 -2      1857      1865      1866      1858      1860      1868      1867      1859
 -1       123    1    0    1
 -2      1865      1873      1874      1866      1868      1876      1875      1867
 -1       124    1    0    1
 -2      1873       587       588      1874      1876       590       589      1875
 -1       125    1    0    1
 -2       337      1881      1882       338       340      1884      1883       339
 -1       126    1    0    1
 -2      1881      1889      1890      1882      1884      1892      1891      1883
 -1       127    1    0    1
 -2      1889      1897      1898      1890      1892      1900      1899      1891
 -1       128    1    0    1
 -2      1897      1905      1906      1898      1900      1908      1907      1899
 -1       129    1    0    1
 -2      1905      1913      1914      1906      1908      1916      1915      1907
 -1       130    1    0    1
 -2      1913      1921      1922      1914      1916      1924      1923      1915
 -1       131    1    0    1
 -2      1921      1929      1930      1922      1924      1932      1931      1923
 -1       132    1    0    1
 -2      1929       587       588      1930      1932       590       589      1931
 -1       133    1    0    1
 -2       387      1937      1938       388       390      1940      1939       389
 -1       134    1    0    1
 -2      1937      1945      1946      1938      1940      1948      1947      1939
 -1       135    1    0    1
 -2      1945      1953      1954      1946      1948      1956      1955      1947
 -1       136    1    0    1
 -2      1953      1961      1962      1954      1956      1964      1963      1955
 -1       137    1    0    1
 -2      1961      1969      1970      1962      1964      1972      1971      1963
 -1       138    1    0    1
 -2      1969      1977      1978      1970      1972      1980      1979      1971
 -1       139    1    0    1
 -2      1977      1985      1986      1978      1980      1988      1987      1979
 -1       140    1    0    1
 -2      1985       537       538      1986      1988       540       539      1987
 -1       141    1    0    1
 -2       437      1993      1994       438       440      1996      1995       439
 -1       142    1    0    1
 -2      1993      2001      2002      1994      1996      2004      2003      1995
 -1       143    1    0    1
 -2      2001      2009      2010      2002      2004      2012      2011      2003
 -1       144    1    0    1
 -2      2009      2017      2018      2010      2012      2020      2019      2011
 -1       145    1    0    1
 -2      2017      2025      2026      2018      2020      2028      2027      2019
 -1       146    1    0    1
 -2      2025      2033      2034      2026      2028      2036      2035      2027
 -1       147    1    0    1
 -2      2033      2041      2042      2034      2036      2044      2043      2035
 -1       148    1    0    1
 -2      2041       687       688      2042      2044       690       689      2043
 -1       149    1    0    1
 -2       487      2049      2050       488       490      2052      2051       489
 -1       150    1    0    1
 -2      2049      2057      2058      2050      2052      2060      2059      2051
 -1       151    1    0    1
 -2      2057      2065      2066      2058      2060      2068      2067      2059
 -1       152    1    0    1
 -2      2065      2073      2074      2066      2068      2076      2075      2067
 -1       153    1    0    1
 -2      2073      2081      2082      2074      2076      2084      2083      2075
 -1       154    1    0    1
 -2      2081      2089      2090      2082      2084      2092      2091      2083
 -1       155    1    0    1
 -2      2089      2097      2098      2090      2092      2100      2099      2091
 -1       156    1    0    1
 -2      2097       637       638      2098      2100       640       639      2099
 -1       157    1    0    1
 -2       537       837       838       538       540       840       839       539
 -1       158    1    0    1
 -2       637       737       738       638       640       740       739       639
 -1       159    1    0    1
 -2       587       887       888       588       590       890       889       589
 -1       160    1    0    1
 -2       687       787       788       688       690       790       789       689
 -1       161    1    0    1
 -2       537       787       788       538       540       790       789       539
 -1       162    1    0    1
 -2       587       737       738       588       590       740       739       589
 -1       163    1    0    1
 -2       637       887       888       638       640       890       889       639
 -1       164    1    0    1
 -2       687       837       838       688       690       840       839       689
 -1       165    1    0    1
 -2       737      2105      2106       738       740      2108      2107       739
 -1       166    1    0    1
 -2      2105      1037      1038      2106      2108      1040      1039      2107
 -1       167    1    0    1
 -2       837      2113      2114       838       840      2116      2115       839
 -1       168    1    0    1
 -2      2113       937       938      2114      2116       940       939      2115
 -1       169    1    0    1
 -2       787      2121      2122       788       790      2124      2123       789
 -1       170    1    0    1
 -2      2121      1087      1088      2122      2124      1090      1089      2123
 -1       171    1    0    1
 -2       887      2129      2130       888       890      2132      2131       889
 -1       172    1    0    1
 -2      2129       987       988      2130      2132       990       989      2131
 -1       173    1    0    1
 -2       737      2137      2138       738       740      2140      2139       739
 -1       174    1    0    1
 -2      2137       987       988      2138      2140       990       989      2139
 -1       175    1    0    1
 -2       787      2145      2146       788       790      2148      2147       789
 -1       176    1    0    1
 -2      2145       937       938      2146      2148       940       939      2147
 -1       177    1    0    1
 -2       837      2153      2154       838       840      2156      2155       839
 -1       178    1    0    1
 -2      2153      1087      1088      2154      2156      1090      1089      2155
 -1       179    1    0    1
 -2       887      2161      2162       888       890      2164      2163       889
 -1       180    1    0    1
 -2      2161      1037      1038      2162      2164      1040      1039      2163
 -1       181    1    0    1
 -2       937      2169      2170       938       940      2172      2171       939
 -1       182    1    0    1
 -2      2169      1237      1238      2170      2172      1240      1239      2171
 -1       183    1    0    1
 -2      1037      2177      2178      1038      1040      2180      2179      1039
 -1       184    1    0    1
 -2      2177      1137      1138      2178      2180      1140      1139      2179
 -1       185    1    0    1
 -2       987      2185      2186       988       990      2188      2187       989
 -1       186    1    0    1
 -2      2185      1287      1288      2186      2188      1290      1289      2187
 -1       187    1    0    1
 -2      1087      2193      2194      1088      1090      2196      2195      1089
 -1       188    1    0    1
 -2      2193      1187      1188      2194      2196      1190      1189      2195
 -1       189    1    0    1
 -2       937      2201      2202       938       940      2204      2203       939
 -1       190    1    0    1
 -2      2201      1187      1188      2202      2204      1190      1189      2203
 -1       191    1    0    1
 -2       987      2209      2210       988       990      2212      2211       989
 -1       192    1    0    1
 -2      2209      1137      1138      2210      2212      1140      1139      2211
 -1       193    1    0    1
 -2      1037      2217      2218      1038      1040      2220      2219      1039
 -1       194    1    0    1
 -2      2217      1287      1288      2218      2220      1290      1289      2219
 -1       195    1    0    1
 -2      1087      2225      2226      1088      1090      2228      2227      1089
 -1       196    1    0    1
 -2      2225      1237      1238      2226      2228      1240      1239      2227
 -3
    1PSTEP                         1           1           1          
  100CL  101 1.000000000           0                     0    1           1
 -4  DISP        4    1
 -5  D1          1    2    1    0
 -5  D2          1    2    2    0
 -5  D3          1    2    3    0
 -5  ALL         1    2    0    0    1ALL
 -3
 9999
