{
  "status": "completed",
  "output": "artifacts/deepseek_crack_open_discovery.json",
  "modes": [
    "guided",
    "bare"
  ],
  "actions": {
    "guided": [
      "crosscheck_with_closed_form",
      "compare_nearby_geometry_energy",
      "probe_fixed_physical_locations",
      "refine_current_model",
      "probe_fixed_physical_locations",
      "refine_current_model"
    ],
    "bare": [
      "crosscheck_with_closed_form",
      "probe_fixed_physical_locations",
      "compare_nearby_geometry_energy",
      "finish"
    ]
  }
}
