SUMMARY OF C0NVERGENCE INFORMATION
  STEP   INC  ATT   ITER     CONT.   RESID.        CORR.      RESID.      CORR.
                              EL.    FORCE         DISP       FLUX        TEMP.
                              (#)     (%)           (%)        (%)         (%)
     1     1     1     1        0  0.4068E+02  0.1000E+03  0.0000E+00  0.0000E+00
     1     1     1     2        0  0.0000E+00  0.7382E-02  0.0000E+00  0.0000E+00
     1     2     1     1        0  0.9918E+01  0.2746E+02  0.0000E+00  0.0000E+00
     1     2     1     2        0  0.0000E+00  0.1640E-02  0.0000E+00  0.0000E+00
     1     3     1     1        0  0.4907E+02  0.3901E+02  0.0000E+00  0.0000E+00
     1     3     1     2        0  0.1400E-04  0.5159E-02  0.0000E+00  0.0000E+00
     1     4     1     1        0  0.4852E+02  0.2129E+02  0.0000E+00  0.0000E+00
     1     4     1     2        0  0.3508E-04  0.3671E-02  0.0000E+00  0.0000E+00
     1     5     1     1        0  0.8836E+02  0.1587E+02  0.0000E+00  0.0000E+00
     1     5     1     2        0  0.1603E-03  0.7449E-02  0.0000E+00  0.0000E+00
     1     6     1     1        0  0.1508E+03  0.3234E+01  0.0000E+00  0.0000E+00
     1     6     1     2        0  0.2207E-02  0.1776E-01  0.0000E+00  0.0000E+00
     1     7     1     1        0  0.1614E+03  0.8149E+01  0.0000E+00  0.0000E+00
     1     7     1     2        0  0.1361E-02  0.7904E-02  0.0000E+00  0.0000E+00
     1     8     1     1        0  0.1974E+03  0.2530E+02  0.0000E+00  0.0000E+00
     1     8     1     2        0  0.2684E-01  0.1442E+00  0.0000E+00  0.0000E+00
     1     9     1     1        0  0.8085E+02  0.8424E+02  0.0000E+00  0.0000E+00
     1     9     1     2        0  0.3729E-02  0.2679E+00  0.0000E+00  0.0000E+00
     1    10     1     1        0  0.4837E+02  0.2893E+02  0.0000E+00  0.0000E+00
     1    10     1     2        0  0.5707E-02  0.1268E+00  0.0000E+00  0.0000E+00
     1    11     1     1        0  0.1697E+02  0.7280E+01  0.0000E+00  0.0000E+00
     1    11     1     2        0  0.2656E-04  0.4046E-02  0.0000E+00  0.0000E+00
     1    12     1     1        0  0.3972E+02  0.2162E+01  0.0000E+00  0.0000E+00
     1    12     1     2        0  0.3911E-02  0.4142E-01  0.0000E+00  0.0000E+00
     1    13     1     1        0  0.5794E+02  0.1001E+02  0.0000E+00  0.0000E+00
     1    13     1     2        0  0.3630E-02  0.4267E-01  0.0000E+00  0.0000E+00
     1    14     1     1        0  0.1099E+03  0.2251E+02  0.0000E+00  0.0000E+00
     1    14     1     2        0  0.2848E-02  0.4164E-01  0.0000E+00  0.0000E+00
     1    15     1     1        0  0.3295E+02  0.7018E+02  0.0000E+00  0.0000E+00
     1    15     1     2        0  0.5723E-03  0.7338E-01  0.0000E+00  0.0000E+00
     1    16     1     1        0  0.1781E+02  0.3132E+02  0.0000E+00  0.0000E+00
     1    16     1     2        0  0.1341E-02  0.8166E-01  0.0000E+00  0.0000E+00
     1    17     1     1        0  0.3656E+02  0.9814E+01  0.0000E+00  0.0000E+00
     1    17     1     2        0  0.2815E-03  0.1015E-01  0.0000E+00  0.0000E+00
     1    18     1     1        0  0.1270E+02  0.5161E+01  0.0000E+00  0.0000E+00
     1    18     1     2        0  0.6962E-02  0.6754E-01  0.0000E+00  0.0000E+00
     1    19     1     1        0  0.8253E+02  0.1537E+02  0.0000E+00  0.0000E+00
     1    19     1     2        0  0.8682E-02  0.6877E-01  0.0000E+00  0.0000E+00
     1    20     1     1        0  0.3176E+02  0.2956E+02  0.0000E+00  0.0000E+00
     1    20     1     2        0  0.1902E-02  0.6352E-01  0.0000E+00  0.0000E+00
     1    21     1     1        0  0.3272E+02  0.1000E+03  0.0000E+00  0.0000E+00
     1    21     1     2        0  0.1665E-02  0.2033E+00  0.0000E+00  0.0000E+00
     1    22     1     1        0  0.3285E+02  0.1908E+02  0.0000E+00  0.0000E+00
     1    22     1     2        0  0.3821E-02  0.1006E+00  0.0000E+00  0.0000E+00
     1    23     1     1        0  0.3396E+01  0.7000E+00  0.0000E+00  0.0000E+00
     1    23     1     2        0  0.1235E-03  0.7206E-02  0.0000E+00  0.0000E+00
     1    24     1     1        0  0.4732E+02  0.1033E+02  0.0000E+00  0.0000E+00
     1    24     1     2        0  0.9383E-02  0.7520E-01  0.0000E+00  0.0000E+00
     1    25     1     1        0  0.3036E+02  0.1898E+02  0.0000E+00  0.0000E+00
     1    25     1     2        0  0.1787E-02  0.4062E-01  0.0000E+00  0.0000E+00
     1    26     1     1        0  0.2906E+02  0.5545E+02  0.0000E+00  0.0000E+00
     1    26     1     2        0  0.1207E-02  0.9479E-01  0.0000E+00  0.0000E+00
     1    27     1     1        0  0.5807E+02  0.5404E+02  0.0000E+00  0.0000E+00
     1    27     1     2        0  0.2230E-02  0.1298E+00  0.0000E+00  0.0000E+00
     1    28     1     1        0  0.4387E+01  0.7611E+01  0.0000E+00  0.0000E+00
     1    28     1     2        0  0.3167E-03  0.2607E-01  0.0000E+00  0.0000E+00
