    1C
    1UNormalized cross-passage space-truss torsion benchmark            
    1UUSER                                                              
    1UDATE              06.august.2026                                  
    1UTIME              05:20:13                                        
    1UHOST                                                              
    1UPGM               CalculiX                                        
    1UVERSION           Version 2.21                             
    1UCOMPILETIME       Sat Jul 29 10:52:01 CEST 2023                    
    1UDIR                                                               
    1UDBN                                                               
    1UMAT    1STEEL                                                     
    2C                           656                                     1
 -1       117-1.19392E+00 1.10406E-03-3.55217E-02
 -1       118-1.23033E+00 3.58513E-03-1.91580E-02
 -1       119-1.20608E+00-1.10406E-03 3.55217E-02
 -1       120-1.16967E+00-3.58513E-03 1.91580E-02
 -1       125-1.20102E+00-3.40950E-02-1.16828E-02
 -1       126-1.20007E+00-2.33416E-03-3.59798E-02
 -1       127-1.19898E+00 3.40950E-02 1.16828E-02
 -1       128-1.19993E+00 2.33416E-03 3.59798E-02
 -1       133-1.23354E+00-1.32202E-02 3.96605E-04
 -1       134-1.20069E+00-3.60327E-02 1.08098E-03
 -1       135-1.16646E+00 1.32202E-02-3.96605E-04
 -1       136-1.19931E+00 3.60327E-02-1.08098E-03
 -1       167 1.20178E+00 2.55221E-03-3.59208E-02
 -1       168 1.16758E+00-1.84045E-03-1.56598E-02
 -1       169 1.19822E+00-2.55221E-03 3.59208E-02
 -1       170 1.23242E+00 1.84045E-03 1.56598E-02
 -1       175 1.20102E+00-3.38645E-02-1.23355E-02
 -1       176 1.20005E+00-1.64335E-03-3.60180E-02
 -1       177 1.19898E+00 3.38645E-02 1.23355E-02
 -1       178 1.19995E+00 1.64335E-03 3.60180E-02
 -1       183 1.16697E+00-1.44498E-02-4.33494E-04
 -1       184 1.20064E+00-3.60336E-02-1.08101E-03
 -1       185 1.23303E+00 1.44498E-02 4.33494E-04
 -1       186 1.19936E+00 3.60336E-02 1.08101E-03
 -1       217-1.19302E+00-2.96955E-03 1.96475E+00
 -1       218-1.22984E+00 1.30746E-03 1.97980E+00
 -1       219-1.20698E+00 2.96955E-03 2.03525E+00
 -1       220-1.17016E+00-1.30746E-03 2.02020E+00
 -1       225-1.19898E+00-3.38645E-02 1.98766E+00
 -1       226-1.19995E+00-1.64335E-03 1.96398E+00
 -1       227-1.20102E+00 3.38645E-02 2.01234E+00
 -1       228-1.20005E+00 1.64335E-03 2.03602E+00
 -1       233-1.23303E+00-1.44498E-02 1.99957E+00
 -1       234-1.19936E+00-3.60336E-02 1.99892E+00
 -1       235-1.16697E+00 1.44498E-02 2.00043E+00
 -1       236-1.20064E+00 3.60336E-02 2.00108E+00
 -1       267 1.20330E+00-1.36844E-03 1.96412E+00
 -1       268 1.16826E+00-3.59743E-03 1.98329E+00
 -1       269 1.19670E+00 1.36844E-03 2.03588E+00
 -1       270 1.23174E+00 3.59743E-03 2.01671E+00
 -1       275 1.19898E+00-3.40950E-02 1.98832E+00
 -1       276 1.19993E+00-2.33416E-03 1.96402E+00
 -1       277 1.20102E+00 3.40950E-02 2.01168E+00
 -1       278 1.20007E+00 2.33416E-03 2.03598E+00
 -1       283 1.16646E+00-1.32202E-02 2.00040E+00
 -1       284 1.19931E+00-3.60327E-02 2.00108E+00
 -1       285 1.23354E+00 1.32202E-02 1.99960E+00
 -1       286 1.20069E+00 3.60327E-02 1.99892E+00
 -1       317-1.19518E+00 9.99960E+00-3.57295E-02
 -1       318-1.23113E+00 1.00001E+01-1.81950E-02
 -1       319-1.20482E+00 1.00004E+01 3.57295E-02
 -1       320-1.16887E+00 9.99987E+00 1.81950E-02
 -1       325-1.20102E+00 9.96591E+00-1.16828E-02
 -1       326-1.20007E+00 9.99767E+00-3.59798E-02
 -1       327-1.19898E+00 1.00341E+01 1.16828E-02
 -1       328-1.19993E+00 1.00023E+01 3.59798E-02
 -1       333-1.23354E+00 9.98678E+00 3.96605E-04
 -1       334-1.20069E+00 9.96397E+00 1.08098E-03
 -1       335-1.16646E+00 1.00132E+01-3.96605E-04
 -1       336-1.19931E+00 1.00360E+01-1.08098E-03
 -1       367 1.20440E+00 9.99969E+00-3.57842E-02
 -1       368 1.16866E+00 9.99951E+00-1.78246E-02
 -1       369 1.19560E+00 1.00003E+01 3.57842E-02
 -1       370 1.23134E+00 1.00005E+01 1.78246E-02
 -1       375 1.20102E+00 9.96614E+00-1.23355E-02
 -1       376 1.20005E+00 9.99836E+00-3.60180E-02
 -1       377 1.19898E+00 1.00339E+01 1.23355E-02
 -1       378 1.19995E+00 1.00016E+01 3.60180E-02
 -1       383 1.16697E+00 9.98555E+00-4.33494E-04
 -1       384 1.20064E+00 9.96397E+00-1.08101E-03
 -1       385 1.23303E+00 1.00145E+01 4.33494E-04
 -1       386 1.19936E+00 1.00360E+01 1.08101E-03
 -1       417-1.19541E+00 1.00003E+01 1.96424E+00
 -1       418-1.23124E+00 1.00005E+01 1.98201E+00
 -1       419-1.20459E+00 9.99969E+00 2.03576E+00
 -1       420-1.16876E+00 9.99951E+00 2.01799E+00
 -1       425-1.19898E+00 9.96614E+00 1.98766E+00
 -1       426-1.19995E+00 9.99836E+00 1.96398E+00
 -1       427-1.20102E+00 1.00339E+01 2.01234E+00
 -1       428-1.20005E+00 1.00016E+01 2.03602E+00
 -1       433-1.23303E+00 9.98555E+00 1.99957E+00
 -1       434-1.19936E+00 9.96397E+00 1.99892E+00
 -1       435-1.16697E+00 1.00145E+01 2.00043E+00
 -1       436-1.20064E+00 1.00360E+01 2.00108E+00
 -1       467 1.20417E+00 1.00004E+01 1.96419E+00
 -1       468 1.16855E+00 9.99986E+00 1.98238E+00
 -1       469 1.19583E+00 9.99960E+00 2.03581E+00
 -1       470 1.23145E+00 1.00001E+01 2.01762E+00
 -1       475 1.19898E+00 9.96591E+00 1.98832E+00
 -1       476 1.19993E+00 9.99767E+00 1.96402E+00
 -1       477 1.20102E+00 1.00341E+01 2.01168E+00
 -1       478 1.20007E+00 1.00023E+01 2.03598E+00
 -1       483 1.16646E+00 9.98678E+00 2.00040E+00
 -1       484 1.19931E+00 9.96397E+00 2.00108E+00
 -1       485 1.23354E+00 1.00132E+01 1.99960E+00
 -1       486 1.20069E+00 1.00360E+01 1.99892E+00
 -1       517-1.19518E+00 1.99996E+01-3.57295E-02
 -1       518-1.23113E+00 2.00001E+01-1.81950E-02
 -1       519-1.20482E+00 2.00004E+01 3.57295E-02
 -1       520-1.16887E+00 1.99999E+01 1.81950E-02
 -1       525-1.20102E+00 1.99659E+01-1.16828E-02
 -1       526-1.20007E+00 1.99977E+01-3.59798E-02
 -1       527-1.19898E+00 2.00341E+01 1.16828E-02
 -1       528-1.19993E+00 2.00023E+01 3.59798E-02
 -1       533-1.23354E+00 1.99868E+01 3.96605E-04
 -1       534-1.20069E+00 1.99640E+01 1.08098E-03
 -1       535-1.16646E+00 2.00132E+01-3.96605E-04
 -1       536-1.19931E+00 2.00360E+01-1.08098E-03
 -1       567 1.20440E+00 1.99997E+01-3.57842E-02
 -1       568 1.16866E+00 1.99995E+01-1.78246E-02
 -1       569 1.19560E+00 2.00003E+01 3.57842E-02
 -1       570 1.23134E+00 2.00005E+01 1.78246E-02
 -1       575 1.20102E+00 1.99661E+01-1.23355E-02
 -1       576 1.20005E+00 1.99984E+01-3.60180E-02
 -1       577 1.19898E+00 2.00339E+01 1.23355E-02
 -1       578 1.19995E+00 2.00016E+01 3.60180E-02
 -1       583 1.16697E+00 1.99855E+01-4.33494E-04
 -1       584 1.20064E+00 1.99640E+01-1.08101E-03
 -1       585 1.23303E+00 2.00145E+01 4.33494E-04
 -1       586 1.19936E+00 2.00360E+01 1.08101E-03
 -1       617-1.19541E+00 2.00003E+01 1.96424E+00
 -1       618-1.23124E+00 2.00005E+01 1.98201E+00
 -1       619-1.20459E+00 1.99997E+01 2.03576E+00
 -1       620-1.16876E+00 1.99995E+01 2.01799E+00
 -1       625-1.19898E+00 1.99661E+01 1.98766E+00
 -1       626-1.19995E+00 1.99984E+01 1.96398E+00
 -1       627-1.20102E+00 2.00339E+01 2.01234E+00
 -1       628-1.20005E+00 2.00016E+01 2.03602E+00
 -1       633-1.23303E+00 1.99855E+01 1.99957E+00
 -1       634-1.19936E+00 1.99640E+01 1.99892E+00
 -1       635-1.16697E+00 2.00145E+01 2.00043E+00
 -1       636-1.20064E+00 2.00360E+01 2.00108E+00
 -1       667 1.20417E+00 2.00004E+01 1.96419E+00
 -1       668 1.16855E+00 1.99999E+01 1.98238E+00
 -1       669 1.19583E+00 1.99996E+01 2.03581E+00
 -1       670 1.23145E+00 2.00001E+01 2.01762E+00
 -1       675 1.19898E+00 1.99659E+01 1.98832E+00
 -1       676 1.19993E+00 1.99977E+01 1.96402E+00
 -1       677 1.20102E+00 2.00341E+01 2.01168E+00
 -1       678 1.20007E+00 2.00023E+01 2.03598E+00
 -1       683 1.16646E+00 1.99868E+01 2.00040E+00
 -1       684 1.19931E+00 1.99640E+01 2.00108E+00
 -1       685 1.23354E+00 2.00132E+01 1.99960E+00
 -1       686 1.20069E+00 2.00360E+01 1.99892E+00
 -1       717-1.19516E+00 2.99995E+01-3.57258E-02
 -1       718-1.23112E+00 3.00001E+01-1.82131E-02
 -1       719-1.20484E+00 3.00005E+01 3.57258E-02
 -1       720-1.16888E+00 2.99999E+01 1.82131E-02
 -1       725-1.20102E+00 2.99659E+01-1.16828E-02
 -1       726-1.20007E+00 2.99977E+01-3.59798E-02
 -1       727-1.19898E+00 3.00341E+01 1.16828E-02
 -1       728-1.19993E+00 3.00023E+01 3.59798E-02
 -1       733-1.23354E+00 2.99868E+01 3.96605E-04
 -1       734-1.20069E+00 2.99640E+01 1.08098E-03
 -1       735-1.16646E+00 3.00132E+01-3.96605E-04
 -1       736-1.19931E+00 3.00360E+01-1.08098E-03
 -1       767 1.20438E+00 2.99998E+01-3.57877E-02
 -1       768 1.16865E+00 2.99995E+01-1.78048E-02
 -1       769 1.19562E+00 3.00002E+01 3.57877E-02
 -1       770 1.23135E+00 3.00005E+01 1.78048E-02
 -1       775 1.20102E+00 2.99661E+01-1.23355E-02
 -1       776 1.20005E+00 2.99984E+01-3.60180E-02
 -1       777 1.19898E+00 3.00339E+01 1.23355E-02
 -1       778 1.19995E+00 3.00016E+01 3.60180E-02
 -1       783 1.16697E+00 2.99855E+01-4.33494E-04
 -1       784 1.20064E+00 2.99640E+01-1.08101E-03
 -1       785 1.23303E+00 3.00145E+01 4.33494E-04
 -1       786 1.19936E+00 3.00360E+01 1.08101E-03
 -1       817-1.19538E+00 3.00002E+01 1.96424E+00
 -1       818-1.23123E+00 3.00005E+01 1.98199E+00
 -1       819-1.20462E+00 2.99998E+01 2.03576E+00
 -1       820-1.16877E+00 2.99995E+01 2.01801E+00
 -1       825-1.19898E+00 2.99661E+01 1.98766E+00
 -1       826-1.19995E+00 2.99984E+01 1.96398E+00
 -1       827-1.20102E+00 3.00339E+01 2.01234E+00
 -1       828-1.20005E+00 3.00016E+01 2.03602E+00
 -1       833-1.23303E+00 2.99855E+01 1.99957E+00
 -1       834-1.19936E+00 2.99640E+01 1.99892E+00
 -1       835-1.16697E+00 3.00145E+01 2.00043E+00
 -1       836-1.20064E+00 3.00360E+01 2.00108E+00
 -1       867 1.20414E+00 3.00005E+01 1.96419E+00
 -1       868 1.16853E+00 2.99999E+01 1.98240E+00
 -1       869 1.19586E+00 2.99995E+01 2.03581E+00
 -1       870 1.23147E+00 3.00001E+01 2.01760E+00
 -1       875 1.19898E+00 2.99659E+01 1.98832E+00
 -1       876 1.19993E+00 2.99977E+01 1.96402E+00
 -1       877 1.20102E+00 3.00341E+01 2.01168E+00
 -1       878 1.20007E+00 3.00023E+01 2.03598E+00
 -1       883 1.16646E+00 2.99868E+01 2.00040E+00
 -1       884 1.19931E+00 2.99640E+01 2.00108E+00
 -1       885 1.23354E+00 3.00132E+01 1.99960E+00
 -1       886 1.20069E+00 3.00360E+01 1.99892E+00
 -1       917-1.19520E+00 3.99997E+01-3.57333E-02
 -1       918-1.23114E+00 4.00002E+01-1.81751E-02
 -1       919-1.20480E+00 4.00003E+01 3.57333E-02
 -1       920-1.16886E+00 3.99998E+01 1.81751E-02
 -1       925-1.20102E+00 3.99659E+01-1.16828E-02
 -1       926-1.20007E+00 3.99977E+01-3.59798E-02
 -1       927-1.19898E+00 4.00341E+01 1.16828E-02
 -1       928-1.19993E+00 4.00023E+01 3.59798E-02
 -1       933-1.23354E+00 3.99868E+01 3.96605E-04
 -1       934-1.20069E+00 3.99640E+01 1.08098E-03
 -1       935-1.16646E+00 4.00132E+01-3.96605E-04
 -1       936-1.19931E+00 4.00360E+01-1.08098E-03
 -1       967 1.20443E+00 3.99996E+01-3.57808E-02
 -1       968 1.16867E+00 3.99995E+01-1.78425E-02
 -1       969 1.19557E+00 4.00004E+01 3.57808E-02
 -1       970 1.23133E+00 4.00005E+01 1.78425E-02
 -1       975 1.20102E+00 3.99661E+01-1.23355E-02
 -1       976 1.20005E+00 3.99984E+01-3.60180E-02
 -1       977 1.19898E+00 4.00339E+01 1.23355E-02
 -1       978 1.19995E+00 4.00016E+01 3.60180E-02
 -1       983 1.16697E+00 3.99855E+01-4.33494E-04
 -1       984 1.20064E+00 3.99640E+01-1.08101E-03
 -1       985 1.23303E+00 4.00145E+01 4.33494E-04
 -1       986 1.19936E+00 4.00360E+01 1.08101E-03
 -1      1017-1.19543E+00 4.00004E+01 1.96424E+00
 -1      1018-1.23125E+00 4.00005E+01 1.98203E+00
 -1      1019-1.20457E+00 3.99996E+01 2.03576E+00
 -1      1020-1.16875E+00 3.99995E+01 2.01797E+00
 -1      1025-1.19898E+00 3.99661E+01 1.98766E+00
 -1      1026-1.19995E+00 3.99984E+01 1.96398E+00
 -1      1027-1.20102E+00 4.00339E+01 2.01234E+00
 -1      1028-1.20005E+00 4.00016E+01 2.03602E+00
 -1      1033-1.23303E+00 3.99855E+01 1.99957E+00
 -1      1034-1.19936E+00 3.99640E+01 1.99892E+00
 -1      1035-1.16697E+00 4.00145E+01 2.00043E+00
 -1      1036-1.20064E+00 4.00360E+01 2.00108E+00
 -1      1067 1.20419E+00 4.00003E+01 1.96419E+00
 -1      1068 1.16856E+00 3.99998E+01 1.98236E+00
 -1      1069 1.19581E+00 3.99997E+01 2.03581E+00
 -1      1070 1.23144E+00 4.00002E+01 2.01764E+00
 -1      1075 1.19898E+00 3.99659E+01 1.98832E+00
 -1      1076 1.19993E+00 3.99977E+01 1.96402E+00
 -1      1077 1.20102E+00 4.00341E+01 2.01168E+00
 -1      1078 1.20007E+00 4.00023E+01 2.03598E+00
 -1      1083 1.16646E+00 3.99868E+01 2.00040E+00
 -1      1084 1.19931E+00 3.99640E+01 2.00108E+00
 -1      1085 1.23354E+00 4.00132E+01 1.99960E+00
 -1      1086 1.20069E+00 4.00360E+01 1.99892E+00
 -1      1117-1.19617E+00 4.99979E+01-3.57896E-02
 -1      1118-1.23154E+00 4.99967E+01-1.71518E-02
 -1      1119-1.20383E+00 5.00021E+01 3.57896E-02
 -1      1120-1.16846E+00 5.00033E+01 1.71518E-02
 -1      1125-1.20102E+00 4.99659E+01-1.16828E-02
 -1      1126-1.20007E+00 4.99977E+01-3.59798E-02
 -1      1127-1.19898E+00 5.00341E+01 1.16828E-02
 -1      1128-1.19993E+00 5.00023E+01 3.59798E-02
 -1      1133-1.23354E+00 4.99868E+01 3.96605E-04
 -1      1134-1.20069E+00 4.99640E+01 1.08098E-03
 -1      1135-1.16646E+00 5.00132E+01-3.96605E-04
 -1      1136-1.19931E+00 5.00360E+01-1.08098E-03
 -1      1167 1.20664E+00 4.99965E+01-3.52641E-02
 -1      1168 1.16992E+00 5.00004E+01-1.98802E-02
 -1      1169 1.19336E+00 5.00035E+01 3.52641E-02
 -1      1170 1.23008E+00 4.99996E+01 1.98802E-02
 -1      1175 1.20102E+00 4.99661E+01-1.23355E-02
 -1      1176 1.20005E+00 4.99984E+01-3.60180E-02
 -1      1177 1.19898E+00 5.00339E+01 1.23355E-02
 -1      1178 1.19995E+00 5.00016E+01 3.60180E-02
 -1      1183 1.16697E+00 4.99855E+01-4.33494E-04
 -1      1184 1.20064E+00 4.99640E+01-1.08101E-03
 -1      1185 1.23303E+00 5.00145E+01 4.33494E-04
 -1      1186 1.19936E+00 5.00360E+01 1.08101E-03
 -1      1217-1.19818E+00 5.00032E+01 1.96414E+00
 -1      1218-1.23246E+00 4.99991E+01 1.98433E+00
 -1      1219-1.20182E+00 4.99968E+01 2.03586E+00
 -1      1220-1.16754E+00 5.00009E+01 2.01567E+00
 -1      1225-1.19898E+00 4.99661E+01 1.98766E+00
 -1      1226-1.19995E+00 4.99984E+01 1.96398E+00
 -1      1227-1.20102E+00 5.00339E+01 2.01234E+00
 -1      1228-1.20005E+00 5.00016E+01 2.03602E+00
 -1      1233-1.23303E+00 4.99855E+01 1.99957E+00
 -1      1234-1.19936E+00 4.99640E+01 1.99892E+00
 -1      1235-1.16697E+00 5.00145E+01 2.00043E+00
 -1      1236-1.20064E+00 5.00360E+01 2.00108E+00
 -1      1267 1.20529E+00 5.00020E+01 1.96439E+00
 -1      1268 1.16919E+00 5.00033E+01 1.98157E+00
 -1      1269 1.19471E+00 4.99980E+01 2.03561E+00
 -1      1270 1.23081E+00 4.99967E+01 2.01843E+00
 -1      1275 1.19898E+00 4.99659E+01 1.98832E+00
 -1      1276 1.19993E+00 4.99977E+01 1.96402E+00
 -1      1277 1.20102E+00 5.00341E+01 2.01168E+00
 -1      1278 1.20007E+00 5.00023E+01 2.03598E+00
 -1      1283 1.16646E+00 4.99868E+01 2.00040E+00
 -1      1284 1.19931E+00 4.99640E+01 2.00108E+00
 -1      1285 1.23354E+00 5.00132E+01 1.99960E+00
 -1      1286 1.20069E+00 5.00360E+01 1.99892E+00
 -1      1317-1.19553E+00 5.00000E+00-1.85778E-01
 -1      1318-1.23131E+00 5.00000E+00-1.67883E-01
 -1      1319-1.20447E+00 5.00000E+00-1.14222E-01
 -1      1320-1.16869E+00 5.00000E+00-1.32117E-01
 -1      1325 1.20447E+00 5.00000E+00 1.14222E-01
 -1      1326 1.16869E+00 5.00000E+00 1.32117E-01
 -1      1327 1.19553E+00 5.00000E+00 1.85778E-01
 -1      1328 1.23131E+00 5.00000E+00 1.67883E-01
 -1      1333-1.19553E+00 5.00000E+00 1.81422E+00
 -1      1334-1.23131E+00 5.00000E+00 1.83212E+00
 -1      1335-1.20447E+00 5.00000E+00 1.88578E+00
 -1      1336-1.16869E+00 5.00000E+00 1.86788E+00
 -1      1341 1.20447E+00 5.00000E+00 2.11422E+00
 -1      1342 1.16869E+00 5.00000E+00 2.13212E+00
 -1      1343 1.19553E+00 5.00000E+00 2.18578E+00
 -1      1344 1.23131E+00 5.00000E+00 2.16788E+00
 -1      1349-1.19553E+00 1.50000E+01-1.85778E-01
 -1      1350-1.23131E+00 1.50000E+01-1.67883E-01
 -1      1351-1.20447E+00 1.50000E+01-1.14222E-01
 -1      1352-1.16869E+00 1.50000E+01-1.32117E-01
 -1      1357 1.20447E+00 1.50000E+01 1.14222E-01
 -1      1358 1.16869E+00 1.50000E+01 1.32117E-01
 -1      1359 1.19553E+00 1.50000E+01 1.85778E-01
 -1      1360 1.23131E+00 1.50000E+01 1.67883E-01
 -1      1365-1.19553E+00 1.50000E+01 1.81422E+00
 -1      1366-1.23131E+00 1.50000E+01 1.83212E+00
 -1      1367-1.20447E+00 1.50000E+01 1.88578E+00
 -1      1368-1.16869E+00 1.50000E+01 1.86788E+00
 -1      1373 1.20447E+00 1.50000E+01 2.11422E+00
 -1      1374 1.16869E+00 1.50000E+01 2.13212E+00
 -1      1375 1.19553E+00 1.50000E+01 2.18578E+00
 -1      1376 1.23131E+00 1.50000E+01 2.16788E+00
 -1      1381-1.19553E+00 2.50000E+01-1.85778E-01
 -1      1382-1.23131E+00 2.50000E+01-1.67883E-01
 -1      1383-1.20447E+00 2.50000E+01-1.14222E-01
 -1      1384-1.16869E+00 2.50000E+01-1.32117E-01
 -1      1389 1.20447E+00 2.50000E+01 1.14222E-01
 -1      1390 1.16869E+00 2.50000E+01 1.32117E-01
 -1      1391 1.19553E+00 2.50000E+01 1.85778E-01
 -1      1392 1.23131E+00 2.50000E+01 1.67883E-01
 -1      1397-1.19553E+00 2.50000E+01 1.81422E+00
 -1      1398-1.23131E+00 2.50000E+01 1.83212E+00
 -1      1399-1.20447E+00 2.50000E+01 1.88578E+00
 -1      1400-1.16869E+00 2.50000E+01 1.86788E+00
 -1      1405 1.20447E+00 2.50000E+01 2.11422E+00
 -1      1406 1.16869E+00 2.50000E+01 2.13212E+00
 -1      1407 1.19553E+00 2.50000E+01 2.18578E+00
 -1      1408 1.23131E+00 2.50000E+01 2.16788E+00
 -1      1413-1.19522E+00 3.24989E+01-1.41787E-01
 -1      1414-1.23115E+00 3.24995E+01-1.24216E-01
 -1      1415-1.20478E+00 3.25011E+01-7.03450E-02
 -1      1416-1.16885E+00 3.25005E+01-8.79159E-02
 -1      1421-1.19553E+00 3.50000E+01-1.85777E-01
 -1      1422-1.23131E+00 3.50000E+01-1.67887E-01
 -1      1423-1.20447E+00 3.50000E+01-1.14223E-01
 -1      1424-1.16869E+00 3.50000E+01-1.32113E-01
 -1      1429-1.19586E+00 3.75011E+01-1.41867E-01
 -1      1430-1.23147E+00 3.75005E+01-1.23652E-01
 -1      1431-1.20414E+00 3.74989E+01-7.02647E-02
 -1      1432-1.16853E+00 3.74995E+01-8.84797E-02
 -1      1437 1.20414E+00 3.25011E+01 7.02647E-02
 -1      1438 1.16853E+00 3.25005E+01 8.84797E-02
 -1      1439 1.19586E+00 3.24989E+01 1.41867E-01
 -1      1440 1.23147E+00 3.24995E+01 1.23652E-01
 -1      1445 1.20447E+00 3.50000E+01 1.14223E-01
 -1      1446 1.16869E+00 3.50000E+01 1.32113E-01
 -1      1447 1.19553E+00 3.50000E+01 1.85777E-01
 -1      1448 1.23131E+00 3.50000E+01 1.67887E-01
 -1      1453 1.20478E+00 3.74989E+01 7.03450E-02
 -1      1454 1.16885E+00 3.74995E+01 8.79159E-02
 -1      1455 1.19522E+00 3.75011E+01 1.41787E-01
 -1      1456 1.23115E+00 3.75005E+01 1.24216E-01
 -1      1461-1.19522E+00 3.24989E+01 1.85821E+00
 -1      1462-1.23115E+00 3.24995E+01 1.87578E+00
 -1      1463-1.20478E+00 3.25011E+01 1.92966E+00
 -1      1464-1.16885E+00 3.25005E+01 1.91208E+00
 -1      1469-1.19553E+00 3.50000E+01 1.81422E+00
 -1      1470-1.23131E+00 3.50000E+01 1.83211E+00
 -1      1471-1.20447E+00 3.50000E+01 1.88578E+00
 -1      1472-1.16869E+00 3.50000E+01 1.86789E+00
 -1      1477-1.19586E+00 3.75011E+01 1.85813E+00
 -1      1478-1.23147E+00 3.75005E+01 1.87635E+00
 -1      1479-1.20414E+00 3.74989E+01 1.92974E+00
 -1      1480-1.16853E+00 3.74995E+01 1.91152E+00
 -1      1485 1.20414E+00 3.25011E+01 2.07026E+00
 -1      1486 1.16853E+00 3.25005E+01 2.08848E+00
 -1      1487 1.19586E+00 3.24989E+01 2.14187E+00
 -1      1488 1.23147E+00 3.24995E+01 2.12365E+00
 -1      1493 1.20447E+00 3.50000E+01 2.11422E+00
 -1      1494 1.16869E+00 3.50000E+01 2.13211E+00
 -1      1495 1.19553E+00 3.50000E+01 2.18578E+00
 -1      1496 1.23131E+00 3.50000E+01 2.16789E+00
 -1      1501 1.20478E+00 3.74989E+01 2.07034E+00
 -1      1502 1.16885E+00 3.74995E+01 2.08792E+00
 -1      1503 1.19522E+00 3.75011E+01 2.14179E+00
 -1      1504 1.23115E+00 3.75005E+01 2.12422E+00
 -1      1509-1.19553E+00 4.50000E+01-1.85778E-01
 -1      1510-1.23131E+00 4.50000E+01-1.67883E-01
 -1      1511-1.20447E+00 4.50000E+01-1.14222E-01
 -1      1512-1.16869E+00 4.50000E+01-1.32117E-01
 -1      1517 1.20447E+00 4.50000E+01 1.14222E-01
 -1      1518 1.16869E+00 4.50000E+01 1.32117E-01
 -1      1519 1.19553E+00 4.50000E+01 1.85778E-01
 -1      1520 1.23131E+00 4.50000E+01 1.67883E-01
 -1      1525-1.19553E+00 4.50000E+01 1.81422E+00
 -1      1526-1.23131E+00 4.50000E+01 1.83212E+00
 -1      1527-1.20447E+00 4.50000E+01 1.88578E+00
 -1      1528-1.16869E+00 4.50000E+01 1.86788E+00
 -1      1533 1.20447E+00 4.50000E+01 2.11422E+00
 -1      1534 1.16869E+00 4.50000E+01 2.13212E+00
 -1      1535 1.19553E+00 4.50000E+01 2.18578E+00
 -1      1536 1.23131E+00 4.50000E+01 2.16788E+00
 -1      1541 0.00000E+00-6.99992E-02-1.20023E-02
 -1      1542 0.00000E+00-3.79975E-02-3.60001E-02
 -1      1543 0.00000E+00-2.00083E-03 1.20023E-02
 -1      1544 0.00000E+00-3.40025E-02 3.60001E-02
 -1      1549 0.00000E+00 2.00083E-03 1.98800E+00
 -1      1550 0.00000E+00 3.40025E-02 1.96400E+00
 -1      1551 0.00000E+00 6.99992E-02 2.01200E+00
 -1      1552 0.00000E+00 3.79975E-02 2.03600E+00
 -1      1557-1.23329E+00 1.61495E-02 1.00000E+00
 -1      1558-1.20002E+00-6.05551E-03 1.00000E+00
 -1      1559-1.16671E+00 4.38505E-02 1.00000E+00
 -1      1560-1.19998E+00 6.60555E-02 1.00000E+00
 -1      1565 1.16671E+00-4.38505E-02 1.00000E+00
 -1      1566 1.19998E+00-6.60555E-02 1.00000E+00
 -1      1567 1.23329E+00-1.61495E-02 1.00000E+00
 -1      1568 1.20002E+00 6.05551E-03 1.00000E+00
 -1      1573 0.00000E+00 9.93000E+00-1.20023E-02
 -1      1574 0.00000E+00 9.96200E+00-3.60001E-02
 -1      1575 0.00000E+00 9.99800E+00 1.20023E-02
 -1      1576 0.00000E+00 9.96600E+00 3.60001E-02
 -1      1581 0.00000E+00 1.00020E+01 1.98800E+00
 -1      1582 0.00000E+00 1.00340E+01 1.96400E+00
 -1      1583 0.00000E+00 1.00700E+01 2.01200E+00
 -1      1584 0.00000E+00 1.00380E+01 2.03600E+00
 -1      1589-1.23329E+00 1.00161E+01 1.00000E+00
 -1      1590-1.20002E+00 9.99394E+00 1.00000E+00
 -1      1591-1.16671E+00 1.00439E+01 1.00000E+00
 -1      1592-1.19998E+00 1.00661E+01 1.00000E+00
 -1      1597 1.16671E+00 9.95615E+00 1.00000E+00
 -1      1598 1.19998E+00 9.93394E+00 1.00000E+00
 -1      1599 1.23329E+00 9.98385E+00 1.00000E+00
 -1      1600 1.20002E+00 1.00061E+01 1.00000E+00
 -1      1605 0.00000E+00 1.99300E+01-1.20023E-02
 -1      1606 0.00000E+00 1.99620E+01-3.60001E-02
 -1      1607 0.00000E+00 1.99980E+01 1.20023E-02
 -1      1608 0.00000E+00 1.99660E+01 3.60001E-02
 -1      1613 0.00000E+00 2.00020E+01 1.98800E+00
 -1      1614 0.00000E+00 2.00340E+01 1.96400E+00
 -1      1615 0.00000E+00 2.00700E+01 2.01200E+00
 -1      1616 0.00000E+00 2.00380E+01 2.03600E+00
 -1      1621-1.23329E+00 2.00161E+01 1.00000E+00
 -1      1622-1.20002E+00 1.99939E+01 1.00000E+00
 -1      1623-1.16671E+00 2.00438E+01 1.00000E+00
 -1      1624-1.19998E+00 2.00661E+01 1.00000E+00
 -1      1629 1.16671E+00 1.99562E+01 1.00000E+00
 -1      1630 1.19998E+00 1.99339E+01 1.00000E+00
 -1      1631 1.23329E+00 1.99839E+01 1.00000E+00
 -1      1632 1.20002E+00 2.00061E+01 1.00000E+00
 -1      1637 0.00000E+00 2.99300E+01-1.20023E-02
 -1      1638 0.00000E+00 2.99620E+01-3.60001E-02
 -1      1639 0.00000E+00 2.99980E+01 1.20023E-02
 -1      1640 0.00000E+00 2.99660E+01 3.60001E-02
 -1      1645 0.00000E+00 3.00020E+01 1.98800E+00
 -1      1646 0.00000E+00 3.00340E+01 1.96400E+00
 -1      1647 0.00000E+00 3.00700E+01 2.01200E+00
 -1      1648 0.00000E+00 3.00380E+01 2.03600E+00
 -1      1653-1.23329E+00 3.00161E+01 1.00000E+00
 -1      1654-1.20002E+00 2.99939E+01 1.00000E+00
 -1      1655-1.16671E+00 3.00438E+01 1.00000E+00
 -1      1656-1.19998E+00 3.00661E+01 1.00000E+00
 -1      1661 1.16671E+00 2.99562E+01 1.00000E+00
 -1      1662 1.19998E+00 2.99339E+01 1.00000E+00
 -1      1663 1.23329E+00 2.99839E+01 1.00000E+00
 -1      1664 1.20002E+00 3.00061E+01 1.00000E+00
 -1      1669 0.00000E+00 3.99300E+01-1.20023E-02
 -1      1670 0.00000E+00 3.99620E+01-3.60001E-02
 -1      1671 0.00000E+00 3.99980E+01 1.20023E-02
 -1      1672 0.00000E+00 3.99660E+01 3.60001E-02
 -1      1677 0.00000E+00 4.00020E+01 1.98800E+00
 -1      1678 0.00000E+00 4.00340E+01 1.96400E+00
 -1      1679 0.00000E+00 4.00700E+01 2.01200E+00
 -1      1680 0.00000E+00 4.00380E+01 2.03600E+00
 -1      1685-1.23329E+00 4.00161E+01 1.00000E+00
 -1      1686-1.20002E+00 3.99939E+01 1.00000E+00
 -1      1687-1.16671E+00 4.00438E+01 1.00000E+00
 -1      1688-1.19998E+00 4.00661E+01 1.00000E+00
 -1      1693 1.16671E+00 3.99562E+01 1.00000E+00
 -1      1694 1.19998E+00 3.99339E+01 1.00000E+00
 -1      1695 1.23329E+00 3.99839E+01 1.00000E+00
 -1      1696 1.20002E+00 4.00061E+01 1.00000E+00
 -1      1701 0.00000E+00 4.99300E+01-1.20023E-02
 -1      1702 0.00000E+00 4.99620E+01-3.60001E-02
 -1      1703 0.00000E+00 4.99980E+01 1.20023E-02
 -1      1704 0.00000E+00 4.99660E+01 3.60001E-02
 -1      1709 0.00000E+00 5.00020E+01 1.98800E+00
 -1      1710 0.00000E+00 5.00340E+01 1.96400E+00
 -1      1711 0.00000E+00 5.00700E+01 2.01200E+00
 -1      1712 0.00000E+00 5.00380E+01 2.03600E+00
 -1      1717-1.23329E+00 5.00161E+01 1.00000E+00
 -1      1718-1.20002E+00 4.99939E+01 1.00000E+00
 -1      1719-1.16671E+00 5.00438E+01 1.00000E+00
 -1      1720-1.19998E+00 5.00661E+01 1.00000E+00
 -1      1725 1.16671E+00 4.99562E+01 1.00000E+00
 -1      1726 1.19998E+00 4.99339E+01 1.00000E+00
 -1      1727 1.23329E+00 4.99839E+01 1.00000E+00
 -1      1728 1.20002E+00 5.00061E+01 1.00000E+00
 -1      1733-1.19830E+00 5.03706E+00 8.14684E-01
 -1      1734-1.23259E+00 5.03303E+00 8.34874E-01
 -1      1735-1.20170E+00 5.02294E+00 8.85316E-01
 -1      1736-1.16741E+00 5.02697E+00 8.65126E-01
 -1      1741-1.19388E+00 5.02303E+00 1.11516E+00
 -1      1742-1.23044E+00 5.02621E+00 1.13106E+00
 -1      1743-1.20612E+00 5.03697E+00 1.18484E+00
 -1      1744-1.16956E+00 5.03379E+00 1.16894E+00
 -1      1749 1.20170E+00 5.03706E+00 8.14684E-01
 -1      1750 1.16741E+00 5.03303E+00 8.34874E-01
 -1      1751 1.19830E+00 5.02294E+00 8.85316E-01
 -1      1752 1.23259E+00 5.02697E+00 8.65126E-01
 -1      1757 1.20612E+00 5.02303E+00 1.11516E+00
 -1      1758 1.16956E+00 5.02621E+00 1.13106E+00
 -1      1759 1.19388E+00 5.03697E+00 1.18484E+00
 -1      1760 1.23044E+00 5.03379E+00 1.16894E+00
 -1      1765 1.59908E-01 4.96162E+00-3.45858E-02
 -1      1766 1.22767E-01 4.97054E+00-2.27077E-02
 -1      1767 1.40092E-01 4.96638E+00 3.45858E-02
 -1      1768 1.77233E-01 4.95746E+00 2.27077E-02
 -1      1773-1.49864E-01 4.96403E+00-3.60552E-02
 -1      1774-1.82310E-01 4.95625E+00-1.39967E-02
 -1      1775-1.50136E-01 4.96397E+00 3.60552E-02
 -1      1776-1.17690E-01 4.97175E+00 1.39967E-02
 -1      1781 1.59908E-01 4.96162E+00 1.96541E+00
 -1      1782 1.22767E-01 4.97054E+00 1.97729E+00
 -1      1783 1.40092E-01 4.96638E+00 2.03459E+00
 -1      1784 1.77233E-01 4.95746E+00 2.02271E+00
 -1      1789-1.49864E-01 4.96403E+00 1.96394E+00
 -1      1790-1.82310E-01 4.95625E+00 1.98600E+00
 -1      1791-1.50136E-01 4.96397E+00 2.03606E+00
 -1      1792-1.17690E-01 4.97175E+00 2.01400E+00
 -1      1797-1.19830E+00 1.50371E+01 8.14684E-01
 -1      1798-1.23259E+00 1.50330E+01 8.34874E-01
 -1      1799-1.20170E+00 1.50229E+01 8.85316E-01
 -1      1800-1.16741E+00 1.50270E+01 8.65126E-01
 -1      1805-1.19388E+00 1.50230E+01 1.11516E+00
 -1      1806-1.23044E+00 1.50262E+01 1.13106E+00
 -1      1807-1.20612E+00 1.50370E+01 1.18484E+00
 -1      1808-1.16956E+00 1.50338E+01 1.16894E+00
 -1      1813 1.20170E+00 1.50371E+01 8.14684E-01
 -1      1814 1.16741E+00 1.50330E+01 8.34874E-01
 -1      1815 1.19830E+00 1.50229E+01 8.85316E-01
 -1      1816 1.23259E+00 1.50270E+01 8.65126E-01
 -1      1821 1.20612E+00 1.50230E+01 1.11516E+00
 -1      1822 1.16956E+00 1.50262E+01 1.13106E+00
 -1      1823 1.19388E+00 1.50370E+01 1.18484E+00
 -1      1824 1.23044E+00 1.50338E+01 1.16894E+00
 -1      1829 1.59908E-01 1.49616E+01-3.45858E-02
 -1      1830 1.22767E-01 1.49705E+01-2.27077E-02
 -1      1831 1.40092E-01 1.49664E+01 3.45858E-02
 -1      1832 1.77233E-01 1.49575E+01 2.27077E-02
 -1      1837-1.49864E-01 1.49640E+01-3.60552E-02
 -1      1838-1.82310E-01 1.49562E+01-1.39967E-02
 -1      1839-1.50136E-01 1.49640E+01 3.60552E-02
 -1      1840-1.17690E-01 1.49718E+01 1.39967E-02
 -1      1845 1.59908E-01 1.49616E+01 1.96541E+00
 -1      1846 1.22767E-01 1.49705E+01 1.97729E+00
 -1      1847 1.40092E-01 1.49664E+01 2.03459E+00
 -1      1848 1.77233E-01 1.49575E+01 2.02271E+00
 -1      1853-1.49864E-01 1.49640E+01 1.96394E+00
 -1      1854-1.82310E-01 1.49562E+01 1.98600E+00
 -1      1855-1.50136E-01 1.49640E+01 2.03606E+00
 -1      1856-1.17690E-01 1.49718E+01 2.01400E+00
 -1      1861-1.19830E+00 2.50371E+01 8.14684E-01
 -1      1862-1.23259E+00 2.50330E+01 8.34874E-01
 -1      1863-1.20170E+00 2.50229E+01 8.85316E-01
 -1      1864-1.16741E+00 2.50270E+01 8.65126E-01
 -1      1869-1.19388E+00 2.50230E+01 1.11516E+00
 -1      1870-1.23044E+00 2.50262E+01 1.13106E+00
 -1      1871-1.20612E+00 2.50370E+01 1.18484E+00
 -1      1872-1.16956E+00 2.50338E+01 1.16894E+00
 -1      1877 1.20170E+00 2.50371E+01 8.14684E-01
 -1      1878 1.16741E+00 2.50330E+01 8.34874E-01
 -1      1879 1.19830E+00 2.50229E+01 8.85316E-01
 -1      1880 1.23259E+00 2.50270E+01 8.65126E-01
 -1      1885 1.20612E+00 2.50230E+01 1.11516E+00
 -1      1886 1.16956E+00 2.50262E+01 1.13106E+00
 -1      1887 1.19388E+00 2.50370E+01 1.18484E+00
 -1      1888 1.23044E+00 2.50338E+01 1.16894E+00
 -1      1893 1.59908E-01 2.49616E+01-3.45858E-02
 -1      1894 1.22767E-01 2.49705E+01-2.27077E-02
 -1      1895 1.40092E-01 2.49664E+01 3.45858E-02
 -1      1896 1.77233E-01 2.49575E+01 2.27077E-02
 -1      1901-1.49864E-01 2.49640E+01-3.60552E-02
 -1      1902-1.82310E-01 2.49562E+01-1.39967E-02
 -1      1903-1.50136E-01 2.49640E+01 3.60552E-02
 -1      1904-1.17690E-01 2.49718E+01 1.39967E-02
 -1      1909 1.59908E-01 2.49616E+01 1.96541E+00
 -1      1910 1.22767E-01 2.49705E+01 1.97729E+00
 -1      1911 1.40092E-01 2.49664E+01 2.03459E+00
 -1      1912 1.77233E-01 2.49575E+01 2.02271E+00
 -1      1917-1.49864E-01 2.49640E+01 1.96394E+00
 -1      1918-1.82310E-01 2.49562E+01 1.98600E+00
 -1      1919-1.50136E-01 2.49640E+01 2.03606E+00
 -1      1920-1.17690E-01 2.49718E+01 2.01400E+00
 -1      1925-1.19830E+00 3.50371E+01 8.14684E-01
 -1      1926-1.23259E+00 3.50330E+01 8.34874E-01
 -1      1927-1.20170E+00 3.50229E+01 8.85316E-01
 -1      1928-1.16741E+00 3.50270E+01 8.65126E-01
 -1      1933-1.19388E+00 3.50230E+01 1.11516E+00
 -1      1934-1.23044E+00 3.50262E+01 1.13106E+00
 -1      1935-1.20612E+00 3.50370E+01 1.18484E+00
 -1      1936-1.16956E+00 3.50338E+01 1.16894E+00
 -1      1941 1.20170E+00 3.50371E+01 8.14684E-01
 -1      1942 1.16741E+00 3.50330E+01 8.34874E-01
 -1      1943 1.19830E+00 3.50229E+01 8.85316E-01
 -1      1944 1.23259E+00 3.50270E+01 8.65126E-01
 -1      1949 1.20612E+00 3.50230E+01 1.11516E+00
 -1      1950 1.16956E+00 3.50262E+01 1.13106E+00
 -1      1951 1.19388E+00 3.50370E+01 1.18484E+00
 -1      1952 1.23044E+00 3.50338E+01 1.16894E+00
 -1      1957 1.59908E-01 3.49616E+01-3.45858E-02
 -1      1958 1.22767E-01 3.49705E+01-2.27077E-02
 -1      1959 1.40092E-01 3.49664E+01 3.45858E-02
 -1      1960 1.77233E-01 3.49575E+01 2.27077E-02
 -1      1965-1.49864E-01 3.49640E+01-3.60552E-02
 -1      1966-1.82310E-01 3.49562E+01-1.39967E-02
 -1      1967-1.50136E-01 3.49640E+01 3.60552E-02
 -1      1968-1.17690E-01 3.49718E+01 1.39967E-02
 -1      1973 1.59908E-01 3.49616E+01 1.96541E+00
 -1      1974 1.22767E-01 3.49705E+01 1.97729E+00
 -1      1975 1.40092E-01 3.49664E+01 2.03459E+00
 -1      1976 1.77233E-01 3.49575E+01 2.02271E+00
 -1      1981-1.49864E-01 3.49640E+01 1.96394E+00
 -1      1982-1.82310E-01 3.49562E+01 1.98600E+00
 -1      1983-1.50136E-01 3.49640E+01 2.03606E+00
 -1      1984-1.17690E-01 3.49718E+01 2.01400E+00
 -1      1989-1.19830E+00 4.50371E+01 8.14684E-01
 -1      1990-1.23259E+00 4.50330E+01 8.34874E-01
 -1      1991-1.20170E+00 4.50229E+01 8.85316E-01
 -1      1992-1.16741E+00 4.50270E+01 8.65126E-01
 -1      1997-1.19388E+00 4.50230E+01 1.11516E+00
 -1      1998-1.23044E+00 4.50262E+01 1.13106E+00
 -1      1999-1.20612E+00 4.50370E+01 1.18484E+00
 -1      2000-1.16956E+00 4.50338E+01 1.16894E+00
 -1      2005 1.20170E+00 4.50371E+01 8.14684E-01
 -1      2006 1.16741E+00 4.50330E+01 8.34874E-01
 -1      2007 1.19830E+00 4.50229E+01 8.85316E-01
 -1      2008 1.23259E+00 4.50270E+01 8.65126E-01
 -1      2013 1.20612E+00 4.50230E+01 1.11516E+00
 -1      2014 1.16956E+00 4.50262E+01 1.13106E+00
 -1      2015 1.19388E+00 4.50370E+01 1.18484E+00
 -1      2016 1.23044E+00 4.50338E+01 1.16894E+00
 -1      2021 1.59908E-01 4.49616E+01-3.45858E-02
 -1      2022 1.22767E-01 4.49705E+01-2.27077E-02
 -1      2023 1.40092E-01 4.49664E+01 3.45858E-02
 -1      2024 1.77233E-01 4.49575E+01 2.27077E-02
 -1      2029-1.49864E-01 4.49640E+01-3.60552E-02
 -1      2030-1.82310E-01 4.49562E+01-1.39967E-02
 -1      2031-1.50136E-01 4.49640E+01 3.60552E-02
 -1      2032-1.17690E-01 4.49718E+01 1.39967E-02
 -1      2037 1.59908E-01 4.49616E+01 1.96541E+00
 -1      2038 1.22767E-01 4.49705E+01 1.97729E+00
 -1      2039 1.40092E-01 4.49664E+01 2.03459E+00
 -1      2040 1.77233E-01 4.49575E+01 2.02271E+00
 -1      2045-1.49864E-01 4.49640E+01 1.96394E+00
 -1      2046-1.82310E-01 4.49562E+01 1.98600E+00
 -1      2047-1.50136E-01 4.49640E+01 2.03606E+00
 -1      2048-1.17690E-01 4.49718E+01 2.01400E+00
 -3
    3C                           176                                     1
 -1         1    1    0    1
 -2       117      1317      1318       118       120      1320      1319       119
 -1         2    1    0    1
 -2      1317       317       318      1318      1320       320       319      1319
 -1         3    1    0    1
 -2       167      1325      1326       168       170      1328      1327       169
 -1         4    1    0    1
 -2      1325       367       368      1326      1328       370       369      1327
 -1         5    1    0    1
 -2       217      1333      1334       218       220      1336      1335       219
 -1         6    1    0    1
 -2      1333       417       418      1334      1336       420       419      1335
 -1         7    1    0    1
 -2       267      1341      1342       268       270      1344      1343       269
 -1         8    1    0    1
 -2      1341       467       468      1342      1344       470       469      1343
 -1         9    1    0    1
 -2       317      1349      1350       318       320      1352      1351       319
 -1        10    1    0    1
 -2      1349       517       518      1350      1352       520       519      1351
 -1        11    1    0    1
 -2       367      1357      1358       368       370      1360      1359       369
 -1        12    1    0    1
 -2      1357       567       568      1358      1360       570       569      1359
 -1        13    1    0    1
 -2       417      1365      1366       418       420      1368      1367       419
 -1        14    1    0    1
 -2      1365       617       618      1366      1368       620       619      1367
 -1        15    1    0    1
 -2       467      1373      1374       468       470      1376      1375       469
 -1        16    1    0    1
 -2      1373       667       668      1374      1376       670       669      1375
 -1        17    1    0    1
 -2       517      1381      1382       518       520      1384      1383       519
 -1        18    1    0    1
 -2      1381       717       718      1382      1384       720       719      1383
 -1        19    1    0    1
 -2       567      1389      1390       568       570      1392      1391       569
 -1        20    1    0    1
 -2      1389       767       768      1390      1392       770       769      1391
 -1        21    1    0    1
 -2       617      1397      1398       618       620      1400      1399       619
 -1        22    1    0    1
 -2      1397       817       818      1398      1400       820       819      1399
 -1        23    1    0    1
 -2       667      1405      1406       668       670      1408      1407       669
 -1        24    1    0    1
 -2      1405       867       868      1406      1408       870       869      1407
 -1        25    1    0    1
 -2       717      1413      1414       718       720      1416      1415       719
 -1        26    1    0    1
 -2      1413      1421      1422      1414      1416      1424      1423      1415
 -1        27    1    0    1
 -2      1421      1429      1430      1422      1424      1432      1431      1423
 -1        28    1    0    1
 -2      1429       917       918      1430      1432       920       919      1431
 -1        29    1    0    1
 -2       767      1437      1438       768       770      1440      1439       769
 -1        30    1    0    1
 -2      1437      1445      1446      1438      1440      1448      1447      1439
 -1        31    1    0    1
 -2      1445      1453      1454      1446      1448      1456      1455      1447
 -1        32    1    0    1
 -2      1453       967       968      1454      1456       970       969      1455
 -1        33    1    0    1
 -2       817      1461      1462       818       820      1464      1463       819
 -1        34    1    0    1
 -2      1461      1469      1470      1462      1464      1472      1471      1463
 -1        35    1    0    1
 -2      1469      1477      1478      1470      1472      1480      1479      1471
 -1        36    1    0    1
 -2      1477      1017      1018      1478      1480      1020      1019      1479
 -1        37    1    0    1
 -2       867      1485      1486       868       870      1488      1487       869
 -1        38    1    0    1
 -2      1485      1493      1494      1486      1488      1496      1495      1487
 -1        39    1    0    1
 -2      1493      1501      1502      1494      1496      1504      1503      1495
 -1        40    1    0    1
 -2      1501      1067      1068      1502      1504      1070      1069      1503
 -1        41    1    0    1
 -2       917      1509      1510       918       920      1512      1511       919
 -1        42    1    0    1
 -2      1509      1117      1118      1510      1512      1120      1119      1511
 -1        43    1    0    1
 -2       967      1517      1518       968       970      1520      1519       969
 -1        44    1    0    1
 -2      1517      1167      1168      1518      1520      1170      1169      1519
 -1        45    1    0    1
 -2      1017      1525      1526      1018      1020      1528      1527      1019
 -1        46    1    0    1
 -2      1525      1217      1218      1526      1528      1220      1219      1527
 -1        47    1    0    1
 -2      1067      1533      1534      1068      1070      1536      1535      1069
 -1        48    1    0    1
 -2      1533      1267      1268      1534      1536      1270      1269      1535
 -1        49    1    0    1
 -2       125      1541      1542       126       128      1544      1543       127
 -1        50    1    0    1
 -2      1541       175       176      1542      1544       178       177      1543
 -1        51    1    0    1
 -2       225      1549      1550       226       228      1552      1551       227
 -1        52    1    0    1
 -2      1549       275       276      1550      1552       278       277      1551
 -1        53    1    0    1
 -2       133      1557      1558       134       136      1560      1559       135
 -1        54    1    0    1
 -2      1557       233       234      1558      1560       236       235      1559
 -1        55    1    0    1
 -2       183      1565      1566       184       186      1568      1567       185
 -1        56    1    0    1
 -2      1565       283       284      1566      1568       286       285      1567
 -1        57    1    0    1
 -2       325      1573      1574       326       328      1576      1575       327
 -1        58    1    0    1
 -2      1573       375       376      1574      1576       378       377      1575
 -1        59    1    0    1
 -2       425      1581      1582       426       428      1584      1583       427
 -1        60    1    0    1
 -2      1581       475       476      1582      1584       478       477      1583
 -1        61    1    0    1
 -2       333      1589      1590       334       336      1592      1591       335
 -1        62    1    0    1
 -2      1589       433       434      1590      1592       436       435      1591
 -1        63    1    0    1
 -2       383      1597      1598       384       386      1600      1599       385
 -1        64    1    0    1
 -2      1597       483       484      1598      1600       486       485      1599
 -1        65    1    0    1
 -2       525      1605      1606       526       528      1608      1607       527
 -1        66    1    0    1
 -2      1605       575       576      1606      1608       578       577      1607
 -1        67    1    0    1
 -2       625      1613      1614       626       628      1616      1615       627
 -1        68    1    0    1
 -2      1613       675       676      1614      1616       678       677      1615
 -1        69    1    0    1
 -2       533      1621      1622       534       536      1624      1623       535
 -1        70    1    0    1
 -2      1621       633       634      1622      1624       636       635      1623
 -1        71    1    0    1
 -2       583      1629      1630       584       586      1632      1631       585
 -1        72    1    0    1
 -2      1629       683       684      1630      1632       686       685      1631
 -1        73    1    0    1
 -2       725      1637      1638       726       728      1640      1639       727
 -1        74    1    0    1
 -2      1637       775       776      1638      1640       778       777      1639
 -1        75    1    0    1
 -2       825      1645      1646       826       828      1648      1647       827
 -1        76    1    0    1
 -2      1645       875       876      1646      1648       878       877      1647
 -1        77    1    0    1
 -2       733      1653      1654       734       736      1656      1655       735
 -1        78    1    0    1
 -2      1653       833       834      1654      1656       836       835      1655
 -1        79    1    0    1
 -2       783      1661      1662       784       786      1664      1663       785
 -1        80    1    0    1
 -2      1661       883       884      1662      1664       886       885      1663
 -1        81    1    0    1
 -2       925      1669      1670       926       928      1672      1671       927
 -1        82    1    0    1
 -2      1669       975       976      1670      1672       978       977      1671
 -1        83    1    0    1
 -2      1025      1677      1678      1026      1028      1680      1679      1027
 -1        84    1    0    1
 -2      1677      1075      1076      1678      1680      1078      1077      1679
 -1        85    1    0    1
 -2       933      1685      1686       934       936      1688      1687       935
 -1        86    1    0    1
 -2      1685      1033      1034      1686      1688      1036      1035      1687
 -1        87    1    0    1
 -2       983      1693      1694       984       986      1696      1695       985
 -1        88    1    0    1
 -2      1693      1083      1084      1694      1696      1086      1085      1695
 -1        89    1    0    1
 -2      1125      1701      1702      1126      1128      1704      1703      1127
 -1        90    1    0    1
 -2      1701      1175      1176      1702      1704      1178      1177      1703
 -1        91    1    0    1
 -2      1225      1709      1710      1226      1228      1712      1711      1227
 -1        92    1    0    1
 -2      1709      1275      1276      1710      1712      1278      1277      1711
 -1        93    1    0    1
 -2      1133      1717      1718      1134      1136      1720      1719      1135
 -1        94    1    0    1
 -2      1717      1233      1234      1718      1720      1236      1235      1719
 -1        95    1    0    1
 -2      1183      1725      1726      1184      1186      1728      1727      1185
 -1        96    1    0    1
 -2      1725      1283      1284      1726      1728      1286      1285      1727
 -1        97    1    0    1
 -2       117      1733      1734       118       120      1736      1735       119
 -1        98    1    0    1
 -2      1733       417       418      1734      1736       420       419      1735
 -1        99    1    0    1
 -2       217      1741      1742       218       220      1744      1743       219
 -1       100    1    0    1
 -2      1741       317       318      1742      1744       320       319      1743
 -1       101    1    0    1
 -2       167      1749      1750       168       170      1752      1751       169
 -1       102    1    0    1
 -2      1749       467       468      1750      1752       470       469      1751
 -1       103    1    0    1
 -2       267      1757      1758       268       270      1760      1759       269
 -1       104    1    0    1
 -2      1757       367       368      1758      1760       370       369      1759
 -1       105    1    0    1
 -2       117      1765      1766       118       120      1768      1767       119
 -1       106    1    0    1
 -2      1765       367       368      1766      1768       370       369      1767
 -1       107    1    0    1
 -2       167      1773      1774       168       170      1776      1775       169
 -1       108    1    0    1
 -2      1773       317       318      1774      1776       320       319      1775
 -1       109    1    0    1
 -2       217      1781      1782       218       220      1784      1783       219
 -1       110    1    0    1
 -2      1781       467       468      1782      1784       470       469      1783
 -1       111    1    0    1
 -2       267      1789      1790       268       270      1792      1791       269
 -1       112    1    0    1
 -2      1789       417       418      1790      1792       420       419      1791
 -1       113    1    0    1
 -2       317      1797      1798       318       320      1800      1799       319
 -1       114    1    0    1
 -2      1797       617       618      1798      1800       620       619      1799
 -1       115    1    0    1
 -2       417      1805      1806       418       420      1808      1807       419
 -1       116    1    0    1
 -2      1805       517       518      1806      1808       520       519      1807
 -1       117    1    0    1
 -2       367      1813      1814       368       370      1816      1815       369
 -1       118    1    0    1
 -2      1813       667       668      1814      1816       670       669      1815
 -1       119    1    0    1
 -2       467      1821      1822       468       470      1824      1823       469
 -1       120    1    0    1
 -2      1821       567       568      1822      1824       570       569      1823
 -1       121    1    0    1
 -2       317      1829      1830       318       320      1832      1831       319
 -1       122    1    0    1
 -2      1829       567       568      1830      1832       570       569      1831
 -1       123    1    0    1
 -2       367      1837      1838       368       370      1840      1839       369
 -1       124    1    0    1
 -2      1837       517       518      1838      1840       520       519      1839
 -1       125    1    0    1
 -2       417      1845      1846       418       420      1848      1847       419
 -1       126    1    0    1
 -2      1845       667       668      1846      1848       670       669      1847
 -1       127    1    0    1
 -2       467      1853      1854       468       470      1856      1855       469
 -1       128    1    0    1
 -2      1853       617       618      1854      1856       620       619      1855
 -1       129    1    0    1
 -2       517      1861      1862       518       520      1864      1863       519
 -1       130    1    0    1
 -2      1861       817       818      1862      1864       820       819      1863
 -1       131    1    0    1
 -2       617      1869      1870       618       620      1872      1871       619
 -1       132    1    0    1
 -2      1869       717       718      1870      1872       720       719      1871
 -1       133    1    0    1
 -2       567      1877      1878       568       570      1880      1879       569
 -1       134    1    0    1
 -2      1877       867       868      1878      1880       870       869      1879
 -1       135    1    0    1
 -2       667      1885      1886       668       670      1888      1887       669
 -1       136    1    0    1
 -2      1885       767       768      1886      1888       770       769      1887
 -1       137    1    0    1
 -2       517      1893      1894       518       520      1896      1895       519
 -1       138    1    0    1
 -2      1893       767       768      1894      1896       770       769      1895
 -1       139    1    0    1
 -2       567      1901      1902       568       570      1904      1903       569
 -1       140    1    0    1
 -2      1901       717       718      1902      1904       720       719      1903
 -1       141    1    0    1
 -2       617      1909      1910       618       620      1912      1911       619
 -1       142    1    0    1
 -2      1909       867       868      1910      1912       870       869      1911
 -1       143    1    0    1
 -2       667      1917      1918       668       670      1920      1919       669
 -1       144    1    0    1
 -2      1917       817       818      1918      1920       820       819      1919
 -1       145    1    0    1
 -2       717      1925      1926       718       720      1928      1927       719
 -1       146    1    0    1
 -2      1925      1017      1018      1926      1928      1020      1019      1927
 -1       147    1    0    1
 -2       817      1933      1934       818       820      1936      1935       819
 -1       148    1    0    1
 -2      1933       917       918      1934      1936       920       919      1935
 -1       149    1    0    1
 -2       767      1941      1942       768       770      1944      1943       769
 -1       150    1    0    1
 -2      1941      1067      1068      1942      1944      1070      1069      1943
 -1       151    1    0    1
 -2       867      1949      1950       868       870      1952      1951       869
 -1       152    1    0    1
 -2      1949       967       968      1950      1952       970       969      1951
 -1       153    1    0    1
 -2       717      1957      1958       718       720      1960      1959       719
 -1       154    1    0    1
 -2      1957       967       968      1958      1960       970       969      1959
 -1       155    1    0    1
 -2       767      1965      1966       768       770      1968      1967       769
 -1       156    1    0    1
 -2      1965       917       918      1966      1968       920       919      1967
 -1       157    1    0    1
 -2       817      1973      1974       818       820      1976      1975       819
 -1       158    1    0    1
 -2      1973      1067      1068      1974      1976      1070      1069      1975
 -1       159    1    0    1
 -2       867      1981      1982       868       870      1984      1983       869
 -1       160    1    0    1
 -2      1981      1017      1018      1982      1984      1020      1019      1983
 -1       161    1    0    1
 -2       917      1989      1990       918       920      1992      1991       919
 -1       162    1    0    1
 -2      1989      1217      1218      1990      1992      1220      1219      1991
 -1       163    1    0    1
 -2      1017      1997      1998      1018      1020      2000      1999      1019
 -1       164    1    0    1
 -2      1997      1117      1118      1998      2000      1120      1119      1999
 -1       165    1    0    1
 -2       967      2005      2006       968       970      2008      2007       969
 -1       166    1    0    1
 -2      2005      1267      1268      2006      2008      1270      1269      2007
 -1       167    1    0    1
 -2      1067      2013      2014      1068      1070      2016      2015      1069
 -1       168    1    0    1
 -2      2013      1167      1168      2014      2016      1170      1169      2015
 -1       169    1    0    1
 -2       917      2021      2022       918       920      2024      2023       919
 -1       170    1    0    1
 -2      2021      1167      1168      2022      2024      1170      1169      2023
 -1       171    1    0    1
 -2       967      2029      2030       968       970      2032      2031       969
 -1       172    1    0    1
 -2      2029      1117      1118      2030      2032      1120      1119      2031
 -1       173    1    0    1
 -2      1017      2037      2038      1018      1020      2040      2039      1019
 -1       174    1    0    1
 -2      2037      1267      1268      2038      2040      1270      1269      2039
 -1       175    1    0    1
 -2      1067      2045      2046      1068      1070      2048      2047      1069
 -1       176    1    0    1
 -2      2045      1217      1218      2046      2048      1220      1219      2047
 -3
    1PSTEP                         1           1           1          
  100CL  101 1.000000000           0                     0    1           1
 -4  DISP        4    1
 -5  D1          1    2    1    0
 -5  D2          1    2    2    0
 -5  D3          1    2    3    0
 -5  ALL         1    2    0    0    1ALL
 -3
 9999
