SUMMARY OF C0NVERGENCE INFORMATION
  STEP   INC  ATT   ITER     CONT.   RESID.        CORR.      RESID.      CORR.
                              EL.    FORCE         DISP       FLUX        TEMP.
                              (#)     (%)           (%)        (%)         (%)
     1     1     1     1        8  0.9604E+01  0.1000E+03  0.0000E+00  0.0000E+00
     1     1     1     2        4  0.1419E+00  0.1005E+02  0.0000E+00  0.0000E+00
     1     1     1     3        4  0.1877E-02  0.2510E+01  0.0000E+00  0.0000E+00
     1     2     1     1        4  0.1389E+02  0.1000E+03  0.0000E+00  0.0000E+00
     1     2     1     2        4  0.8260E-03  0.5910E+00  0.0000E+00  0.0000E+00
     1     3     1     1        4  0.3190E+02  0.1000E+03  0.0000E+00  0.0000E+00
     1     3     1     2        4  0.5721E-02  0.1028E+01  0.0000E+00  0.0000E+00
     1     3     1     3        4  0.1431E-04  0.1125E-02  0.0000E+00  0.0000E+00
     1     4     1     1        4  0.2165E-04  0.1000E+03  0.0000E+00  0.0000E+00
     1     4     1     2        4  0.8634E-05  0.5328E+00  0.0000E+00  0.0000E+00
     1     5     1     1        4  0.7751E-05  0.1000E+03  0.0000E+00  0.0000E+00
     1     5     1     2        4  0.5135E-05  0.4079E+02  0.0000E+00  0.0000E+00
     1     6     1     1        4  0.1500E-04  0.1000E+03  0.0000E+00  0.0000E+00
     1     6     1     2        4  0.7095E-05  0.1000E+03  0.0000E+00  0.0000E+00
     2     1     1     1        4  0.0000E+00  0.1000E+03  0.0000E+00  0.0000E+00
     2     1     1     2        4  0.0000E+00  0.7640E+02  0.0000E+00  0.0000E+00
     2     2     1     1        4  0.0000E+00  0.1000E+03  0.0000E+00  0.0000E+00
     2     2     1     2        4  0.9053E-05  0.7744E+02  0.0000E+00  0.0000E+00
     2     3     1     1        4  0.9753E-05  0.1000E+03  0.0000E+00  0.0000E+00
     2     3     1     2        4  0.0000E+00  0.6961E+02  0.0000E+00  0.0000E+00
     2     4     1     1        4  0.0000E+00  0.1000E+03  0.0000E+00  0.0000E+00
     2     4     1     2        4  0.0000E+00  0.2546E+01  0.0000E+00  0.0000E+00
     2     5     1     1        4  0.6829E-05  0.1000E+03  0.0000E+00  0.0000E+00
     2     5     1     2        4  0.0000E+00  0.1000E+03  0.0000E+00  0.0000E+00
     2     6     1     1        4  0.0000E+00  0.1000E+03  0.0000E+00  0.0000E+00
     2     6     1     2        4  0.4131E-05  0.8662E+02  0.0000E+00  0.0000E+00
