SUMMARY OF C0NVERGENCE INFORMATION
  STEP   INC  ATT   ITER     CONT.   RESID.        CORR.      RESID.      CORR.
                              EL.    FORCE         DISP       FLUX        TEMP.
                              (#)     (%)           (%)        (%)         (%)
     1     1     1     1        0  0.0000E+00  0.1000E-29  0.0000E+00  0.0000E+00
     1     1     1     2        0  0.0000E+00  0.1000E-29  0.0000E+00  0.0000E+00
     1     2     1     1        0  0.0000E+00  0.1000E-29  0.0000E+00  0.0000E+00
     1     2     1     2        0  0.0000E+00  0.1000E-29  0.0000E+00  0.0000E+00
     1     3     1     1        0  0.0000E+00  0.1000E-29  0.0000E+00  0.0000E+00
     1     3     1     2        0  0.0000E+00  0.1000E-29  0.0000E+00  0.0000E+00
     1     4     1     1        0  0.0000E+00  0.1000E-29  0.0000E+00  0.0000E+00
     1     4     1     2        0  0.0000E+00  0.1000E-29  0.0000E+00  0.0000E+00
     1     5     1     1        0  0.0000E+00  0.1000E-29  0.0000E+00  0.0000E+00
     1     5     1     2        0  0.0000E+00  0.1000E-29  0.0000E+00  0.0000E+00
     1     6     1     1        0  0.0000E+00  0.1000E-29  0.0000E+00  0.0000E+00
     1     6     1     2        0  0.0000E+00  0.1000E-29  0.0000E+00  0.0000E+00
     2     1     1     1        8  0.2084E+02  0.1000E+03  0.0000E+00  0.0000E+00
     2     1     1     2        4  0.3446E-02  0.3740E+01  0.0000E+00  0.0000E+00
     2     1     1     3        4  0.6375E-05  0.1017E+00  0.0000E+00  0.0000E+00
     2     2     1     1        4  0.1216E+02  0.1000E+03  0.0000E+00  0.0000E+00
     2     2     1     2        4  0.1192E-02  0.7559E+00  0.0000E+00  0.0000E+00
     2     3     1     1        4  0.8104E-05  0.1000E+03  0.0000E+00  0.0000E+00
     2     3     1     2        4  0.4272E-05  0.1741E+00  0.0000E+00  0.0000E+00
     2     4     1     1        4  0.4710E-05  0.9998E+02  0.0000E+00  0.0000E+00
     2     4     1     2        4  0.0000E+00  0.8324E-01  0.0000E+00  0.0000E+00
     2     5     1     1        4  0.0000E+00  0.9994E+02  0.0000E+00  0.0000E+00
     2     5     1     2        4  0.0000E+00  0.1068E+01  0.0000E+00  0.0000E+00
     2     6     1     1        4  0.7172E-05  0.1000E+03  0.0000E+00  0.0000E+00
     2     6     1     2        4  0.9925E-05  0.1000E+03  0.0000E+00  0.0000E+00
