SUMMARY OF JOB INFORMATION
  STEP      INC     ATT  ITRS     TOT TIME     STEP TIME      INC TIME
     1          1     1     2  0.100000E+00  0.100000E+00  0.100000E+00
     1          2     1     2  0.200000E+00  0.200000E+00  0.100000E+00
     1          3     1     2  0.350000E+00  0.350000E+00  0.150000E+00
     1          4     1     2  0.575000E+00  0.575000E+00  0.225000E+00
     1          5     1     2  0.912500E+00  0.912500E+00  0.337500E+00
     1          6     1     2  0.100000E+01  0.100000E+01  0.875000E-01
     2          1     1     5  0.110000E+01  0.100000E+00  0.100000E+00
     2          2     1U    9  0.110000E+01  0.100000E+00  0.100000E+00
     2          2     2     6  0.112500E+01  0.125000E+00  0.250000E-01
     2          3     1     3  0.115000E+01  0.150000E+00  0.250000E-01
     2          4     1     3  0.117500E+01  0.175000E+00  0.250000E-01
     2          5     1     3  0.121250E+01  0.212500E+00  0.375000E-01
     2          6     1U    7  0.121250E+01  0.212500E+00  0.562500E-01
     2          6     2     3  0.122656E+01  0.226562E+00  0.140625E-01
     2          7     1     3  0.124063E+01  0.240625E+00  0.140625E-01
     2          8     1     5  0.126172E+01  0.261719E+00  0.210938E-01
     2          9     1U    5  0.126172E+01  0.261719E+00  0.210938E-01
     2          9     2     3  0.126699E+01  0.266992E+00  0.527344E-02
     2         10     1     3  0.127227E+01  0.272266E+00  0.527344E-02
     2         11     1     3  0.128018E+01  0.280176E+00  0.791016E-02
     2         12     1     3  0.129204E+01  0.292041E+00  0.118652E-01
     2         13     1     3  0.130984E+01  0.309839E+00  0.177979E-01
     2         14     1     3  0.133654E+01  0.336536E+00  0.266968E-01
     2         15     1     3  0.137658E+01  0.376581E+00  0.400452E-01
     2         16     1     3  0.143665E+01  0.436649E+00  0.600677E-01
     2         17     1     3  0.152675E+01  0.526750E+00  0.901016E-01
     2         18     1U    5  0.152675E+01  0.526750E+00  0.135152E+00
     2         18     2     3  0.156054E+01  0.560538E+00  0.337881E-01
     2         19     1     3  0.159433E+01  0.594326E+00  0.337881E-01
     2         20     1     3  0.164501E+01  0.645009E+00  0.506822E-01
     2         21     1     3  0.172103E+01  0.721032E+00  0.760232E-01
     2         22     1     3  0.183507E+01  0.835067E+00  0.114035E+00
     2         23     1     3  0.200000E+01  0.100000E+01  0.164933E+00
