    1C
    1UNormalized cross-passage space-truss torsion benchmark            
    1UUSER                                                              
    1UDATE              06.august.2026                                  
    1UTIME              05:20:06                                        
    1UHOST                                                              
    1UPGM               CalculiX                                        
    1UVERSION           Version 2.21                             
    1UCOMPILETIME       Sat Jul 29 10:52:01 CEST 2023                    
    1UDIR                                                               
    1UDBN                                                               
    1UMAT    1STEEL                                                     
    2C                           672                                     1
 -1       121-1.19392E+00 1.10406E-03-3.55217E-02
 -1       122-1.23033E+00 3.58513E-03-1.91580E-02
 -1       123-1.20608E+00-1.10406E-03 3.55217E-02
 -1       124-1.16967E+00-3.58513E-03 1.91580E-02
 -1       129-1.20102E+00-3.40950E-02-1.16828E-02
 -1       130-1.20007E+00-2.33416E-03-3.59798E-02
 -1       131-1.19898E+00 3.40950E-02 1.16828E-02
 -1       132-1.19993E+00 2.33416E-03 3.59798E-02
 -1       137-1.23354E+00-1.32202E-02 3.96605E-04
 -1       138-1.20069E+00-3.60327E-02 1.08098E-03
 -1       139-1.16646E+00 1.32202E-02-3.96605E-04
 -1       140-1.19931E+00 3.60327E-02-1.08098E-03
 -1       171 1.20178E+00 2.55221E-03-3.59208E-02
 -1       172 1.16758E+00-1.84045E-03-1.56598E-02
 -1       173 1.19822E+00-2.55221E-03 3.59208E-02
 -1       174 1.23242E+00 1.84045E-03 1.56598E-02
 -1       179 1.20102E+00-3.38645E-02-1.23355E-02
 -1       180 1.20005E+00-1.64335E-03-3.60180E-02
 -1       181 1.19898E+00 3.38645E-02 1.23355E-02
 -1       182 1.19995E+00 1.64335E-03 3.60180E-02
 -1       187 1.16697E+00-1.44498E-02-4.33494E-04
 -1       188 1.20064E+00-3.60336E-02-1.08101E-03
 -1       189 1.23303E+00 1.44498E-02 4.33494E-04
 -1       190 1.19936E+00 3.60336E-02 1.08101E-03
 -1       221-1.19302E+00-2.96955E-03 1.96475E+00
 -1       222-1.22984E+00 1.30746E-03 1.97980E+00
 -1       223-1.20698E+00 2.96955E-03 2.03525E+00
 -1       224-1.17016E+00-1.30746E-03 2.02020E+00
 -1       229-1.19898E+00-3.38645E-02 1.98766E+00
 -1       230-1.19995E+00-1.64335E-03 1.96398E+00
 -1       231-1.20102E+00 3.38645E-02 2.01234E+00
 -1       232-1.20005E+00 1.64335E-03 2.03602E+00
 -1       237-1.23303E+00-1.44498E-02 1.99957E+00
 -1       238-1.19936E+00-3.60336E-02 1.99892E+00
 -1       239-1.16697E+00 1.44498E-02 2.00043E+00
 -1       240-1.20064E+00 3.60336E-02 2.00108E+00
 -1       271 1.20330E+00-1.36844E-03 1.96412E+00
 -1       272 1.16826E+00-3.59743E-03 1.98329E+00
 -1       273 1.19670E+00 1.36844E-03 2.03588E+00
 -1       274 1.23174E+00 3.59743E-03 2.01671E+00
 -1       279 1.19898E+00-3.40950E-02 1.98832E+00
 -1       280 1.19993E+00-2.33416E-03 1.96402E+00
 -1       281 1.20102E+00 3.40950E-02 2.01168E+00
 -1       282 1.20007E+00 2.33416E-03 2.03598E+00
 -1       287 1.16646E+00-1.32202E-02 2.00040E+00
 -1       288 1.19931E+00-3.60327E-02 2.00108E+00
 -1       289 1.23354E+00 1.32202E-02 1.99960E+00
 -1       290 1.20069E+00 3.60327E-02 1.99892E+00
 -1       321-1.19518E+00 9.99960E+00-3.57295E-02
 -1       322-1.23113E+00 1.00001E+01-1.81950E-02
 -1       323-1.20482E+00 1.00004E+01 3.57295E-02
 -1       324-1.16887E+00 9.99987E+00 1.81950E-02
 -1       329-1.20102E+00 9.96591E+00-1.16828E-02
 -1       330-1.20007E+00 9.99767E+00-3.59798E-02
 -1       331-1.19898E+00 1.00341E+01 1.16828E-02
 -1       332-1.19993E+00 1.00023E+01 3.59798E-02
 -1       337-1.23354E+00 9.98678E+00 3.96605E-04
 -1       338-1.20069E+00 9.96397E+00 1.08098E-03
 -1       339-1.16646E+00 1.00132E+01-3.96605E-04
 -1       340-1.19931E+00 1.00360E+01-1.08098E-03
 -1       371 1.20440E+00 9.99969E+00-3.57842E-02
 -1       372 1.16866E+00 9.99951E+00-1.78246E-02
 -1       373 1.19560E+00 1.00003E+01 3.57842E-02
 -1       374 1.23134E+00 1.00005E+01 1.78246E-02
 -1       379 1.20102E+00 9.96614E+00-1.23355E-02
 -1       380 1.20005E+00 9.99836E+00-3.60180E-02
 -1       381 1.19898E+00 1.00339E+01 1.23355E-02
 -1       382 1.19995E+00 1.00016E+01 3.60180E-02
 -1       387 1.16697E+00 9.98555E+00-4.33494E-04
 -1       388 1.20064E+00 9.96397E+00-1.08101E-03
 -1       389 1.23303E+00 1.00145E+01 4.33494E-04
 -1       390 1.19936E+00 1.00360E+01 1.08101E-03
 -1       421-1.19541E+00 1.00003E+01 1.96424E+00
 -1       422-1.23124E+00 1.00005E+01 1.98201E+00
 -1       423-1.20459E+00 9.99969E+00 2.03576E+00
 -1       424-1.16876E+00 9.99951E+00 2.01799E+00
 -1       429-1.19898E+00 9.96614E+00 1.98766E+00
 -1       430-1.19995E+00 9.99836E+00 1.96398E+00
 -1       431-1.20102E+00 1.00339E+01 2.01234E+00
 -1       432-1.20005E+00 1.00016E+01 2.03602E+00
 -1       437-1.23303E+00 9.98555E+00 1.99957E+00
 -1       438-1.19936E+00 9.96397E+00 1.99892E+00
 -1       439-1.16697E+00 1.00145E+01 2.00043E+00
 -1       440-1.20064E+00 1.00360E+01 2.00108E+00
 -1       471 1.20417E+00 1.00004E+01 1.96419E+00
 -1       472 1.16855E+00 9.99986E+00 1.98238E+00
 -1       473 1.19583E+00 9.99960E+00 2.03581E+00
 -1       474 1.23145E+00 1.00001E+01 2.01762E+00
 -1       479 1.19898E+00 9.96591E+00 1.98832E+00
 -1       480 1.19993E+00 9.99767E+00 1.96402E+00
 -1       481 1.20102E+00 1.00341E+01 2.01168E+00
 -1       482 1.20007E+00 1.00023E+01 2.03598E+00
 -1       487 1.16646E+00 9.98678E+00 2.00040E+00
 -1       488 1.19931E+00 9.96397E+00 2.00108E+00
 -1       489 1.23354E+00 1.00132E+01 1.99960E+00
 -1       490 1.20069E+00 1.00360E+01 1.99892E+00
 -1       521-1.19518E+00 1.99996E+01-3.57295E-02
 -1       522-1.23113E+00 2.00001E+01-1.81950E-02
 -1       523-1.20482E+00 2.00004E+01 3.57295E-02
 -1       524-1.16887E+00 1.99999E+01 1.81950E-02
 -1       529-1.20102E+00 1.99659E+01-1.16828E-02
 -1       530-1.20007E+00 1.99977E+01-3.59798E-02
 -1       531-1.19898E+00 2.00341E+01 1.16828E-02
 -1       532-1.19993E+00 2.00023E+01 3.59798E-02
 -1       537-1.23354E+00 1.99868E+01 3.96605E-04
 -1       538-1.20069E+00 1.99640E+01 1.08098E-03
 -1       539-1.16646E+00 2.00132E+01-3.96605E-04
 -1       540-1.19931E+00 2.00360E+01-1.08098E-03
 -1       571 1.20440E+00 1.99997E+01-3.57842E-02
 -1       572 1.16866E+00 1.99995E+01-1.78246E-02
 -1       573 1.19560E+00 2.00003E+01 3.57842E-02
 -1       574 1.23134E+00 2.00005E+01 1.78246E-02
 -1       579 1.20102E+00 1.99661E+01-1.23355E-02
 -1       580 1.20005E+00 1.99984E+01-3.60180E-02
 -1       581 1.19898E+00 2.00339E+01 1.23355E-02
 -1       582 1.19995E+00 2.00016E+01 3.60180E-02
 -1       587 1.16697E+00 1.99855E+01-4.33494E-04
 -1       588 1.20064E+00 1.99640E+01-1.08101E-03
 -1       589 1.23303E+00 2.00145E+01 4.33494E-04
 -1       590 1.19936E+00 2.00360E+01 1.08101E-03
 -1       621-1.19541E+00 2.00003E+01 1.96424E+00
 -1       622-1.23124E+00 2.00005E+01 1.98201E+00
 -1       623-1.20459E+00 1.99997E+01 2.03576E+00
 -1       624-1.16876E+00 1.99995E+01 2.01799E+00
 -1       629-1.19898E+00 1.99661E+01 1.98766E+00
 -1       630-1.19995E+00 1.99984E+01 1.96398E+00
 -1       631-1.20102E+00 2.00339E+01 2.01234E+00
 -1       632-1.20005E+00 2.00016E+01 2.03602E+00
 -1       637-1.23303E+00 1.99855E+01 1.99957E+00
 -1       638-1.19936E+00 1.99640E+01 1.99892E+00
 -1       639-1.16697E+00 2.00145E+01 2.00043E+00
 -1       640-1.20064E+00 2.00360E+01 2.00108E+00
 -1       671 1.20417E+00 2.00004E+01 1.96419E+00
 -1       672 1.16855E+00 1.99999E+01 1.98238E+00
 -1       673 1.19583E+00 1.99996E+01 2.03581E+00
 -1       674 1.23145E+00 2.00001E+01 2.01762E+00
 -1       679 1.19898E+00 1.99659E+01 1.98832E+00
 -1       680 1.19993E+00 1.99977E+01 1.96402E+00
 -1       681 1.20102E+00 2.00341E+01 2.01168E+00
 -1       682 1.20007E+00 2.00023E+01 2.03598E+00
 -1       687 1.16646E+00 1.99868E+01 2.00040E+00
 -1       688 1.19931E+00 1.99640E+01 2.00108E+00
 -1       689 1.23354E+00 2.00132E+01 1.99960E+00
 -1       690 1.20069E+00 2.00360E+01 1.99892E+00
 -1       721-1.19518E+00 2.99996E+01-3.57295E-02
 -1       722-1.23113E+00 3.00001E+01-1.81950E-02
 -1       723-1.20482E+00 3.00004E+01 3.57295E-02
 -1       724-1.16887E+00 2.99999E+01 1.81950E-02
 -1       729-1.20000E+00 2.99660E+01-1.20000E-02
 -1       730-1.20000E+00 2.99980E+01-3.60000E-02
 -1       731-1.20000E+00 3.00340E+01 1.20000E-02
 -1       732-1.20000E+00 3.00020E+01 3.60000E-02
 -1       737-1.23328E+00 2.99861E+01 0.00000E+00
 -1       738-1.20000E+00 2.99639E+01 0.00000E+00
 -1       739-1.16672E+00 3.00139E+01 0.00000E+00
 -1       740-1.20000E+00 3.00361E+01 0.00000E+00
 -1       771 1.20440E+00 2.99997E+01-3.57842E-02
 -1       772 1.16866E+00 2.99995E+01-1.78246E-02
 -1       773 1.19560E+00 3.00003E+01 3.57842E-02
 -1       774 1.23134E+00 3.00005E+01 1.78246E-02
 -1       779 1.20000E+00 2.99660E+01-1.20000E-02
 -1       780 1.20000E+00 2.99980E+01-3.60000E-02
 -1       781 1.20000E+00 3.00340E+01 1.20000E-02
 -1       782 1.20000E+00 3.00020E+01 3.60000E-02
 -1       787 1.16672E+00 2.99861E+01 0.00000E+00
 -1       788 1.20000E+00 2.99639E+01 0.00000E+00
 -1       789 1.23328E+00 3.00139E+01 0.00000E+00
 -1       790 1.20000E+00 3.00361E+01 0.00000E+00
 -1       821-1.19541E+00 3.00003E+01 1.96424E+00
 -1       822-1.23124E+00 3.00005E+01 1.98201E+00
 -1       823-1.20459E+00 2.99997E+01 2.03576E+00
 -1       824-1.16876E+00 2.99995E+01 2.01799E+00
 -1       829-1.20000E+00 2.99660E+01 1.98800E+00
 -1       830-1.20000E+00 2.99980E+01 1.96400E+00
 -1       831-1.20000E+00 3.00340E+01 2.01200E+00
 -1       832-1.20000E+00 3.00020E+01 2.03600E+00
 -1       837-1.23328E+00 2.99861E+01 2.00000E+00
 -1       838-1.20000E+00 2.99639E+01 2.00000E+00
 -1       839-1.16672E+00 3.00139E+01 2.00000E+00
 -1       840-1.20000E+00 3.00361E+01 2.00000E+00
 -1       871 1.20417E+00 3.00004E+01 1.96419E+00
 -1       872 1.16855E+00 2.99999E+01 1.98238E+00
 -1       873 1.19583E+00 2.99996E+01 2.03581E+00
 -1       874 1.23145E+00 3.00001E+01 2.01762E+00
 -1       879 1.20000E+00 2.99660E+01 1.98800E+00
 -1       880 1.20000E+00 2.99980E+01 1.96400E+00
 -1       881 1.20000E+00 3.00340E+01 2.01200E+00
 -1       882 1.20000E+00 3.00020E+01 2.03600E+00
 -1       887 1.16672E+00 2.99861E+01 2.00000E+00
 -1       888 1.20000E+00 2.99639E+01 2.00000E+00
 -1       889 1.23328E+00 3.00139E+01 2.00000E+00
 -1       890 1.20000E+00 3.00361E+01 2.00000E+00
 -1       921-1.19537E+00 3.99998E+01-3.57560E-02
 -1       922-1.23122E+00 4.00001E+01-1.80302E-02
 -1       923-1.20463E+00 4.00002E+01 3.57560E-02
 -1       924-1.16878E+00 3.99999E+01 1.80302E-02
 -1       929-1.20157E+00 3.99659E+01-1.15220E-02
 -1       930-1.20011E+00 3.99975E+01-3.59684E-02
 -1       931-1.19843E+00 4.00341E+01 1.15220E-02
 -1       932-1.19989E+00 4.00025E+01 3.59684E-02
 -1       937-1.23368E+00 3.99872E+01 5.90072E-04
 -1       938-1.20108E+00 3.99640E+01 1.65325E-03
 -1       939-1.16632E+00 4.00128E+01-5.90072E-04
 -1       940-1.19892E+00 4.00360E+01-1.65325E-03
 -1       971 1.20442E+00 3.99998E+01-3.57828E-02
 -1       972 1.16867E+00 3.99998E+01-1.78447E-02
 -1       973 1.19558E+00 4.00002E+01 3.57828E-02
 -1       974 1.23133E+00 4.00002E+01 1.78447E-02
 -1       979 1.20155E+00 3.99662E+01-1.25208E-02
 -1       980 1.20007E+00 3.99986E+01-3.60265E-02
 -1       981 1.19845E+00 4.00338E+01 1.25208E-02
 -1       982 1.19993E+00 4.00014E+01 3.60265E-02
 -1       987 1.16710E+00 3.99853E+01-6.76580E-04
 -1       988 1.20096E+00 3.99640E+01-1.65341E-03
 -1       989 1.23290E+00 4.00147E+01 6.76580E-04
 -1       990 1.19904E+00 4.00360E+01 1.65341E-03
 -1      1021-1.19548E+00 4.00002E+01 1.96423E+00
 -1      1022-1.23128E+00 4.00002E+01 1.98207E+00
 -1      1023-1.20452E+00 3.99998E+01 2.03577E+00
 -1      1024-1.16872E+00 3.99998E+01 2.01793E+00
 -1      1029-1.19845E+00 3.99662E+01 1.98748E+00
 -1      1030-1.19993E+00 3.99986E+01 1.96397E+00
 -1      1031-1.20155E+00 4.00338E+01 2.01252E+00
 -1      1032-1.20007E+00 4.00014E+01 2.03603E+00
 -1      1037-1.23290E+00 3.99853E+01 1.99932E+00
 -1      1038-1.19904E+00 3.99640E+01 1.99835E+00
 -1      1039-1.16710E+00 4.00147E+01 2.00068E+00
 -1      1040-1.20096E+00 4.00360E+01 2.00165E+00
 -1      1071 1.20430E+00 4.00002E+01 1.96420E+00
 -1      1072 1.16861E+00 3.99999E+01 1.98226E+00
 -1      1073 1.19570E+00 3.99998E+01 2.03580E+00
 -1      1074 1.23139E+00 4.00001E+01 2.01774E+00
 -1      1079 1.19843E+00 3.99659E+01 1.98848E+00
 -1      1080 1.19989E+00 3.99975E+01 1.96403E+00
 -1      1081 1.20157E+00 4.00341E+01 2.01152E+00
 -1      1082 1.20011E+00 4.00025E+01 2.03597E+00
 -1      1087 1.16632E+00 3.99872E+01 2.00059E+00
 -1      1088 1.19892E+00 3.99640E+01 2.00165E+00
 -1      1089 1.23368E+00 4.00128E+01 1.99941E+00
 -1      1090 1.20108E+00 4.00360E+01 1.99835E+00
 -1      1121-1.19643E+00 4.99983E+01-3.58369E-02
 -1      1122-1.23164E+00 4.99965E+01-1.69330E-02
 -1      1123-1.20357E+00 5.00017E+01 3.58369E-02
 -1      1124-1.16836E+00 5.00035E+01 1.69330E-02
 -1      1129-1.20102E+00 4.99659E+01-1.16828E-02
 -1      1130-1.20007E+00 4.99977E+01-3.59798E-02
 -1      1131-1.19898E+00 5.00341E+01 1.16828E-02
 -1      1132-1.19993E+00 5.00023E+01 3.59798E-02
 -1      1137-1.23354E+00 4.99868E+01 3.96605E-04
 -1      1138-1.20069E+00 4.99640E+01 1.08098E-03
 -1      1139-1.16646E+00 5.00132E+01-3.96605E-04
 -1      1140-1.19931E+00 5.00360E+01-1.08098E-03
 -1      1171 1.20681E+00 4.99968E+01-3.52587E-02
 -1      1172 1.17004E+00 5.00008E+01-2.00420E-02
 -1      1173 1.19319E+00 5.00032E+01 3.52587E-02
 -1      1174 1.22996E+00 4.99992E+01 2.00420E-02
 -1      1179 1.20102E+00 4.99661E+01-1.23355E-02
 -1      1180 1.20005E+00 4.99984E+01-3.60180E-02
 -1      1181 1.19898E+00 5.00339E+01 1.23355E-02
 -1      1182 1.19995E+00 5.00016E+01 3.60180E-02
 -1      1187 1.16697E+00 4.99855E+01-4.33494E-04
 -1      1188 1.20064E+00 4.99640E+01-1.08101E-03
 -1      1189 1.23303E+00 5.00145E+01 4.33494E-04
 -1      1190 1.19936E+00 5.00360E+01 1.08101E-03
 -1      1221-1.19820E+00 5.00029E+01 1.96411E+00
 -1      1222-1.23244E+00 4.99986E+01 1.98433E+00
 -1      1223-1.20180E+00 4.99971E+01 2.03589E+00
 -1      1224-1.16756E+00 5.00014E+01 2.01567E+00
 -1      1229-1.19898E+00 4.99661E+01 1.98766E+00
 -1      1230-1.19995E+00 4.99984E+01 1.96398E+00
 -1      1231-1.20102E+00 5.00339E+01 2.01234E+00
 -1      1232-1.20005E+00 5.00016E+01 2.03602E+00
 -1      1237-1.23303E+00 4.99855E+01 1.99957E+00
 -1      1238-1.19936E+00 4.99640E+01 1.99892E+00
 -1      1239-1.16697E+00 5.00145E+01 2.00043E+00
 -1      1240-1.20064E+00 5.00360E+01 2.00108E+00
 -1      1271 1.20569E+00 5.00016E+01 1.96443E+00
 -1      1272 1.16943E+00 5.00035E+01 1.98120E+00
 -1      1273 1.19431E+00 4.99984E+01 2.03557E+00
 -1      1274 1.23057E+00 4.99965E+01 2.01880E+00
 -1      1279 1.19898E+00 4.99659E+01 1.98832E+00
 -1      1280 1.19993E+00 4.99977E+01 1.96402E+00
 -1      1281 1.20102E+00 5.00341E+01 2.01168E+00
 -1      1282 1.20007E+00 5.00023E+01 2.03598E+00
 -1      1287 1.16646E+00 4.99868E+01 2.00040E+00
 -1      1288 1.19931E+00 4.99640E+01 2.00108E+00
 -1      1289 1.23354E+00 5.00132E+01 1.99960E+00
 -1      1290 1.20069E+00 5.00360E+01 1.99892E+00
 -1      1321-1.19553E+00 5.00000E+00-1.85778E-01
 -1      1322-1.23131E+00 5.00000E+00-1.67883E-01
 -1      1323-1.20447E+00 5.00000E+00-1.14222E-01
 -1      1324-1.16869E+00 5.00000E+00-1.32117E-01
 -1      1329 1.20447E+00 5.00000E+00 1.14222E-01
 -1      1330 1.16869E+00 5.00000E+00 1.32117E-01
 -1      1331 1.19553E+00 5.00000E+00 1.85778E-01
 -1      1332 1.23131E+00 5.00000E+00 1.67883E-01
 -1      1337-1.19553E+00 5.00000E+00 1.81422E+00
 -1      1338-1.23131E+00 5.00000E+00 1.83212E+00
 -1      1339-1.20447E+00 5.00000E+00 1.88578E+00
 -1      1340-1.16869E+00 5.00000E+00 1.86788E+00
 -1      1345 1.20447E+00 5.00000E+00 2.11422E+00
 -1      1346 1.16869E+00 5.00000E+00 2.13212E+00
 -1      1347 1.19553E+00 5.00000E+00 2.18578E+00
 -1      1348 1.23131E+00 5.00000E+00 2.16788E+00
 -1      1353-1.19553E+00 1.50000E+01-1.85778E-01
 -1      1354-1.23131E+00 1.50000E+01-1.67883E-01
 -1      1355-1.20447E+00 1.50000E+01-1.14222E-01
 -1      1356-1.16869E+00 1.50000E+01-1.32117E-01
 -1      1361 1.20447E+00 1.50000E+01 1.14222E-01
 -1      1362 1.16869E+00 1.50000E+01 1.32117E-01
 -1      1363 1.19553E+00 1.50000E+01 1.85778E-01
 -1      1364 1.23131E+00 1.50000E+01 1.67883E-01
 -1      1369-1.19553E+00 1.50000E+01 1.81422E+00
 -1      1370-1.23131E+00 1.50000E+01 1.83212E+00
 -1      1371-1.20447E+00 1.50000E+01 1.88578E+00
 -1      1372-1.16869E+00 1.50000E+01 1.86788E+00
 -1      1377 1.20447E+00 1.50000E+01 2.11422E+00
 -1      1378 1.16869E+00 1.50000E+01 2.13212E+00
 -1      1379 1.19553E+00 1.50000E+01 2.18578E+00
 -1      1380 1.23131E+00 1.50000E+01 2.16788E+00
 -1      1385-1.19553E+00 2.50000E+01-1.85778E-01
 -1      1386-1.23131E+00 2.50000E+01-1.67883E-01
 -1      1387-1.20447E+00 2.50000E+01-1.14222E-01
 -1      1388-1.16869E+00 2.50000E+01-1.32117E-01
 -1      1393 1.20447E+00 2.50000E+01 1.14222E-01
 -1      1394 1.16869E+00 2.50000E+01 1.32117E-01
 -1      1395 1.19553E+00 2.50000E+01 1.85778E-01
 -1      1396 1.23131E+00 2.50000E+01 1.67883E-01
 -1      1401-1.19553E+00 2.50000E+01 1.81422E+00
 -1      1402-1.23131E+00 2.50000E+01 1.83212E+00
 -1      1403-1.20447E+00 2.50000E+01 1.88578E+00
 -1      1404-1.16869E+00 2.50000E+01 1.86788E+00
 -1      1409 1.20447E+00 2.50000E+01 2.11422E+00
 -1      1410 1.16869E+00 2.50000E+01 2.13212E+00
 -1      1411 1.19553E+00 2.50000E+01 2.18578E+00
 -1      1412 1.23131E+00 2.50000E+01 2.16788E+00
 -1      1417-1.19553E+00 3.50000E+01-1.85778E-01
 -1      1418-1.23131E+00 3.50000E+01-1.67883E-01
 -1      1419-1.20447E+00 3.50000E+01-1.14222E-01
 -1      1420-1.16869E+00 3.50000E+01-1.32117E-01
 -1      1425 1.20447E+00 3.50000E+01 1.14222E-01
 -1      1426 1.16869E+00 3.50000E+01 1.32117E-01
 -1      1427 1.19553E+00 3.50000E+01 1.85778E-01
 -1      1428 1.23131E+00 3.50000E+01 1.67883E-01
 -1      1433-1.19553E+00 3.50000E+01 1.81422E+00
 -1      1434-1.23131E+00 3.50000E+01 1.83212E+00
 -1      1435-1.20447E+00 3.50000E+01 1.88578E+00
 -1      1436-1.16869E+00 3.50000E+01 1.86788E+00
 -1      1441 1.20447E+00 3.50000E+01 2.11422E+00
 -1      1442 1.16869E+00 3.50000E+01 2.13212E+00
 -1      1443 1.19553E+00 3.50000E+01 2.18578E+00
 -1      1444 1.23131E+00 3.50000E+01 2.16788E+00
 -1      1449-1.19553E+00 4.50000E+01-1.85778E-01
 -1      1450-1.23131E+00 4.50000E+01-1.67883E-01
 -1      1451-1.20447E+00 4.50000E+01-1.14222E-01
 -1      1452-1.16869E+00 4.50000E+01-1.32117E-01
 -1      1457 1.20447E+00 4.50000E+01 1.14222E-01
 -1      1458 1.16869E+00 4.50000E+01 1.32117E-01
 -1      1459 1.19553E+00 4.50000E+01 1.85778E-01
 -1      1460 1.23131E+00 4.50000E+01 1.67883E-01
 -1      1465-1.19553E+00 4.50000E+01 1.81422E+00
 -1      1466-1.23131E+00 4.50000E+01 1.83212E+00
 -1      1467-1.20447E+00 4.50000E+01 1.88578E+00
 -1      1468-1.16869E+00 4.50000E+01 1.86788E+00
 -1      1473 1.20447E+00 4.50000E+01 2.11422E+00
 -1      1474 1.16869E+00 4.50000E+01 2.13212E+00
 -1      1475 1.19553E+00 4.50000E+01 2.18578E+00
 -1      1476 1.23131E+00 4.50000E+01 2.16788E+00
 -1      1481 0.00000E+00-6.99992E-02-1.20023E-02
 -1      1482 0.00000E+00-3.79975E-02-3.60001E-02
 -1      1483 0.00000E+00-2.00083E-03 1.20023E-02
 -1      1484 0.00000E+00-3.40025E-02 3.60001E-02
 -1      1489 0.00000E+00 2.00083E-03 1.98800E+00
 -1      1490 0.00000E+00 3.40025E-02 1.96400E+00
 -1      1491 0.00000E+00 6.99992E-02 2.01200E+00
 -1      1492 0.00000E+00 3.79975E-02 2.03600E+00
 -1      1497-1.23329E+00 1.61495E-02 1.00000E+00
 -1      1498-1.20002E+00-6.05551E-03 1.00000E+00
 -1      1499-1.16671E+00 4.38505E-02 1.00000E+00
 -1      1500-1.19998E+00 6.60555E-02 1.00000E+00
 -1      1505 1.16671E+00-4.38505E-02 1.00000E+00
 -1      1506 1.19998E+00-6.60555E-02 1.00000E+00
 -1      1507 1.23329E+00-1.61495E-02 1.00000E+00
 -1      1508 1.20002E+00 6.05551E-03 1.00000E+00
 -1      1513 0.00000E+00 9.93000E+00-1.20023E-02
 -1      1514 0.00000E+00 9.96200E+00-3.60001E-02
 -1      1515 0.00000E+00 9.99800E+00 1.20023E-02
 -1      1516 0.00000E+00 9.96600E+00 3.60001E-02
 -1      1521 0.00000E+00 1.00020E+01 1.98800E+00
 -1      1522 0.00000E+00 1.00340E+01 1.96400E+00
 -1      1523 0.00000E+00 1.00700E+01 2.01200E+00
 -1      1524 0.00000E+00 1.00380E+01 2.03600E+00
 -1      1529-1.23329E+00 1.00161E+01 1.00000E+00
 -1      1530-1.20002E+00 9.99394E+00 1.00000E+00
 -1      1531-1.16671E+00 1.00439E+01 1.00000E+00
 -1      1532-1.19998E+00 1.00661E+01 1.00000E+00
 -1      1537 1.16671E+00 9.95615E+00 1.00000E+00
 -1      1538 1.19998E+00 9.93394E+00 1.00000E+00
 -1      1539 1.23329E+00 9.98385E+00 1.00000E+00
 -1      1540 1.20002E+00 1.00061E+01 1.00000E+00
 -1      1545 0.00000E+00 1.99300E+01-1.20023E-02
 -1      1546 0.00000E+00 1.99620E+01-3.60001E-02
 -1      1547 0.00000E+00 1.99980E+01 1.20023E-02
 -1      1548 0.00000E+00 1.99660E+01 3.60001E-02
 -1      1553 0.00000E+00 2.00020E+01 1.98800E+00
 -1      1554 0.00000E+00 2.00340E+01 1.96400E+00
 -1      1555 0.00000E+00 2.00700E+01 2.01200E+00
 -1      1556 0.00000E+00 2.00380E+01 2.03600E+00
 -1      1561-1.23329E+00 2.00161E+01 1.00000E+00
 -1      1562-1.20002E+00 1.99939E+01 1.00000E+00
 -1      1563-1.16671E+00 2.00438E+01 1.00000E+00
 -1      1564-1.19998E+00 2.00661E+01 1.00000E+00
 -1      1569 1.16671E+00 1.99562E+01 1.00000E+00
 -1      1570 1.19998E+00 1.99339E+01 1.00000E+00
 -1      1571 1.23329E+00 1.99839E+01 1.00000E+00
 -1      1572 1.20002E+00 2.00061E+01 1.00000E+00
 -1      1577-9.01448E-01 3.99521E+01-1.15569E-02
 -1      1578-9.00105E-01 3.99838E+01-3.59710E-02
 -1      1579-8.98552E-01 4.00203E+01 1.15569E-02
 -1      1580-8.99895E-01 3.99887E+01 3.59710E-02
 -1      1585-6.01107E-01 3.99404E+01-1.16576E-02
 -1      1586-6.00077E-01 3.99722E+01-3.59781E-02
 -1      1587-5.98893E-01 4.00086E+01 1.16576E-02
 -1      1588-5.99923E-01 3.99769E+01 3.59781E-02
 -1      1593-3.00599E-01 3.99327E+01-1.18121E-02
 -1      1594-3.00039E-01 3.99645E+01-3.59884E-02
 -1      1595-2.99401E-01 4.00008E+01 1.18121E-02
 -1      1596-2.99961E-01 3.99689E+01 3.59884E-02
 -1      1601 0.00000E+00 3.99300E+01-1.20002E-02
 -1      1602 0.00000E+00 3.99620E+01-3.60000E-02
 -1      1603 0.00000E+00 3.99980E+01 1.20002E-02
 -1      1604 0.00000E+00 3.99660E+01 3.60000E-02
 -1      1609 3.00596E-01 3.99328E+01-1.21945E-02
 -1      1610 3.00032E-01 3.99649E+01-3.60109E-02
 -1      1611 2.99404E-01 4.00007E+01 1.21945E-02
 -1      1612 2.99968E-01 3.99685E+01 3.60109E-02
 -1      1617 6.01099E-01 3.99407E+01-1.23640E-02
 -1      1618 6.00052E-01 3.99729E+01-3.60194E-02
 -1      1619 5.98901E-01 4.00084E+01 1.23640E-02
 -1      1620 5.99948E-01 3.99762E+01 3.60194E-02
 -1      1625 9.01434E-01 3.99524E+01-1.24797E-02
 -1      1626 9.00063E-01 3.99847E+01-3.60247E-02
 -1      1627 8.98566E-01 4.00200E+01 1.24797E-02
 -1      1628 8.99937E-01 3.99877E+01 3.60247E-02
 -1      1633-8.98566E-01 3.99800E+01 1.98752E+00
 -1      1634-8.99937E-01 4.00123E+01 1.96398E+00
 -1      1635-9.01434E-01 4.00476E+01 2.01248E+00
 -1      1636-9.00063E-01 4.00153E+01 2.03602E+00
 -1      1641-5.98901E-01 3.99916E+01 1.98764E+00
 -1      1642-5.99948E-01 4.00238E+01 1.96398E+00
 -1      1643-6.01099E-01 4.00593E+01 2.01236E+00
 -1      1644-6.00052E-01 4.00271E+01 2.03602E+00
 -1      1649-2.99404E-01 3.99993E+01 1.98781E+00
 -1      1650-2.99968E-01 4.00315E+01 1.96399E+00
 -1      1651-3.00596E-01 4.00672E+01 2.01219E+00
 -1      1652-3.00032E-01 4.00351E+01 2.03601E+00
 -1      1657 0.00000E+00 4.00020E+01 1.98800E+00
 -1      1658 0.00000E+00 4.00340E+01 1.96400E+00
 -1      1659 0.00000E+00 4.00700E+01 2.01200E+00
 -1      1660 0.00000E+00 4.00380E+01 2.03600E+00
 -1      1665 2.99401E-01 3.99992E+01 1.98819E+00
 -1      1666 2.99961E-01 4.00311E+01 1.96401E+00
 -1      1667 3.00599E-01 4.00673E+01 2.01181E+00
 -1      1668 3.00039E-01 4.00355E+01 2.03599E+00
 -1      1673 5.98893E-01 3.99914E+01 1.98834E+00
 -1      1674 5.99923E-01 4.00231E+01 1.96402E+00
 -1      1675 6.01107E-01 4.00596E+01 2.01166E+00
 -1      1676 6.00077E-01 4.00278E+01 2.03598E+00
 -1      1681 8.98552E-01 3.99797E+01 1.98844E+00
 -1      1682 8.99895E-01 4.00113E+01 1.96403E+00
 -1      1683 9.01448E-01 4.00479E+01 2.01156E+00
 -1      1684 9.00105E-01 4.00162E+01 2.03597E+00
 -1      1689-1.23365E+00 3.99985E+01 2.50549E-01
 -1      1690-1.20099E+00 3.99755E+01 2.51528E-01
 -1      1691-1.16635E+00 4.00244E+01 2.49451E-01
 -1      1692-1.19901E+00 4.00475E+01 2.48472E-01
 -1      1697-1.23356E+00 4.00080E+01 5.00427E-01
 -1      1698-1.20075E+00 3.99852E+01 5.01170E-01
 -1      1699-1.16644E+00 4.00344E+01 4.99573E-01
 -1      1700-1.19925E+00 4.00572E+01 4.98830E-01
 -1      1705-1.23343E+00 4.00142E+01 7.50237E-01
 -1      1706-1.20040E+00 3.99917E+01 7.50633E-01
 -1      1707-1.16657E+00 4.00412E+01 7.49763E-01
 -1      1708-1.19960E+00 4.00638E+01 7.49367E-01
 -1      1713-1.23328E+00 4.00161E+01 1.00000E+00
 -1      1714-1.20000E+00 3.99939E+01 1.00000E+00
 -1      1715-1.16672E+00 4.00439E+01 1.00000E+00
 -1      1716-1.20000E+00 4.00661E+01 1.00000E+00
 -1      1721-1.23313E+00 4.00135E+01 1.24975E+00
 -1      1722-1.19962E+00 3.99917E+01 1.24937E+00
 -1      1723-1.16687E+00 4.00419E+01 1.25025E+00
 -1      1724-1.20038E+00 4.00638E+01 1.25063E+00
 -1      1729-1.23301E+00 4.00067E+01 1.49953E+00
 -1      1730-1.19931E+00 3.99852E+01 1.49883E+00
 -1      1731-1.16699E+00 4.00357E+01 1.50047E+00
 -1      1732-1.20069E+00 4.00572E+01 1.50117E+00
 -1      1737-1.23293E+00 3.99968E+01 1.74938E+00
 -1      1738-1.19911E+00 3.99755E+01 1.74847E+00
 -1      1739-1.16707E+00 4.00262E+01 1.75062E+00
 -1      1740-1.20089E+00 4.00475E+01 1.75153E+00
 -1      1745 1.16707E+00 3.99738E+01 2.49378E-01
 -1      1746 1.20089E+00 3.99525E+01 2.48472E-01
 -1      1747 1.23293E+00 4.00032E+01 2.50622E-01
 -1      1748 1.19911E+00 4.00245E+01 2.51528E-01
 -1      1753 1.16699E+00 3.99643E+01 4.99529E-01
 -1      1754 1.20069E+00 3.99428E+01 4.98830E-01
 -1      1755 1.23301E+00 3.99933E+01 5.00471E-01
 -1      1756 1.19931E+00 4.00148E+01 5.01170E-01
 -1      1761 1.16687E+00 3.99581E+01 7.49750E-01
 -1      1762 1.20038E+00 3.99362E+01 7.49367E-01
 -1      1763 1.23313E+00 3.99865E+01 7.50250E-01
 -1      1764 1.19962E+00 4.00083E+01 7.50633E-01
 -1      1769 1.16672E+00 3.99561E+01 1.00000E+00
 -1      1770 1.20000E+00 3.99339E+01 1.00000E+00
 -1      1771 1.23328E+00 3.99839E+01 1.00000E+00
 -1      1772 1.20000E+00 4.00061E+01 1.00000E+00
 -1      1777 1.16657E+00 3.99588E+01 1.25024E+00
 -1      1778 1.19960E+00 3.99362E+01 1.25063E+00
 -1      1779 1.23343E+00 3.99858E+01 1.24976E+00
 -1      1780 1.20040E+00 4.00083E+01 1.24937E+00
 -1      1785 1.16644E+00 3.99656E+01 1.50043E+00
 -1      1786 1.19925E+00 3.99428E+01 1.50117E+00
 -1      1787 1.23356E+00 3.99920E+01 1.49957E+00
 -1      1788 1.20075E+00 4.00148E+01 1.49883E+00
 -1      1793 1.16635E+00 3.99756E+01 1.75055E+00
 -1      1794 1.19901E+00 3.99525E+01 1.75153E+00
 -1      1795 1.23365E+00 4.00015E+01 1.74945E+00
 -1      1796 1.20099E+00 4.00245E+01 1.74847E+00
 -1      1801 0.00000E+00 4.99300E+01-1.20023E-02
 -1      1802 0.00000E+00 4.99620E+01-3.60001E-02
 -1      1803 0.00000E+00 4.99980E+01 1.20023E-02
 -1      1804 0.00000E+00 4.99660E+01 3.60001E-02
 -1      1809 0.00000E+00 5.00020E+01 1.98800E+00
 -1      1810 0.00000E+00 5.00340E+01 1.96400E+00
 -1      1811 0.00000E+00 5.00700E+01 2.01200E+00
 -1      1812 0.00000E+00 5.00380E+01 2.03600E+00
 -1      1817-1.23329E+00 5.00161E+01 1.00000E+00
 -1      1818-1.20002E+00 4.99939E+01 1.00000E+00
 -1      1819-1.16671E+00 5.00438E+01 1.00000E+00
 -1      1820-1.19998E+00 5.00661E+01 1.00000E+00
 -1      1825 1.16671E+00 4.99562E+01 1.00000E+00
 -1      1826 1.19998E+00 4.99339E+01 1.00000E+00
 -1      1827 1.23329E+00 4.99839E+01 1.00000E+00
 -1      1828 1.20002E+00 5.00061E+01 1.00000E+00
 -1      1833-1.19830E+00 5.03706E+00 8.14684E-01
 -1      1834-1.23259E+00 5.03303E+00 8.34874E-01
 -1      1835-1.20170E+00 5.02294E+00 8.85316E-01
 -1      1836-1.16741E+00 5.02697E+00 8.65126E-01
 -1      1841-1.19388E+00 5.02303E+00 1.11516E+00
 -1      1842-1.23044E+00 5.02621E+00 1.13106E+00
 -1      1843-1.20612E+00 5.03697E+00 1.18484E+00
 -1      1844-1.16956E+00 5.03379E+00 1.16894E+00
 -1      1849 1.20170E+00 5.03706E+00 8.14684E-01
 -1      1850 1.16741E+00 5.03303E+00 8.34874E-01
 -1      1851 1.19830E+00 5.02294E+00 8.85316E-01
 -1      1852 1.23259E+00 5.02697E+00 8.65126E-01
 -1      1857 1.20612E+00 5.02303E+00 1.11516E+00
 -1      1858 1.16956E+00 5.02621E+00 1.13106E+00
 -1      1859 1.19388E+00 5.03697E+00 1.18484E+00
 -1      1860 1.23044E+00 5.03379E+00 1.16894E+00
 -1      1865 1.59908E-01 4.96162E+00-3.45858E-02
 -1      1866 1.22767E-01 4.97054E+00-2.27077E-02
 -1      1867 1.40092E-01 4.96638E+00 3.45858E-02
 -1      1868 1.77233E-01 4.95746E+00 2.27077E-02
 -1      1873-1.49864E-01 4.96403E+00-3.60552E-02
 -1      1874-1.82310E-01 4.95625E+00-1.39967E-02
 -1      1875-1.50136E-01 4.96397E+00 3.60552E-02
 -1      1876-1.17690E-01 4.97175E+00 1.39967E-02
 -1      1881 1.59908E-01 4.96162E+00 1.96541E+00
 -1      1882 1.22767E-01 4.97054E+00 1.97729E+00
 -1      1883 1.40092E-01 4.96638E+00 2.03459E+00
 -1      1884 1.77233E-01 4.95746E+00 2.02271E+00
 -1      1889-1.49864E-01 4.96403E+00 1.96394E+00
 -1      1890-1.82310E-01 4.95625E+00 1.98600E+00
 -1      1891-1.50136E-01 4.96397E+00 2.03606E+00
 -1      1892-1.17690E-01 4.97175E+00 2.01400E+00
 -1      1897-1.19830E+00 1.50371E+01 8.14684E-01
 -1      1898-1.23259E+00 1.50330E+01 8.34874E-01
 -1      1899-1.20170E+00 1.50229E+01 8.85316E-01
 -1      1900-1.16741E+00 1.50270E+01 8.65126E-01
 -1      1905-1.19388E+00 1.50230E+01 1.11516E+00
 -1      1906-1.23044E+00 1.50262E+01 1.13106E+00
 -1      1907-1.20612E+00 1.50370E+01 1.18484E+00
 -1      1908-1.16956E+00 1.50338E+01 1.16894E+00
 -1      1913 1.20170E+00 1.50371E+01 8.14684E-01
 -1      1914 1.16741E+00 1.50330E+01 8.34874E-01
 -1      1915 1.19830E+00 1.50229E+01 8.85316E-01
 -1      1916 1.23259E+00 1.50270E+01 8.65126E-01
 -1      1921 1.20612E+00 1.50230E+01 1.11516E+00
 -1      1922 1.16956E+00 1.50262E+01 1.13106E+00
 -1      1923 1.19388E+00 1.50370E+01 1.18484E+00
 -1      1924 1.23044E+00 1.50338E+01 1.16894E+00
 -1      1929 1.59908E-01 1.49616E+01-3.45858E-02
 -1      1930 1.22767E-01 1.49705E+01-2.27077E-02
 -1      1931 1.40092E-01 1.49664E+01 3.45858E-02
 -1      1932 1.77233E-01 1.49575E+01 2.27077E-02
 -1      1937-1.49864E-01 1.49640E+01-3.60552E-02
 -1      1938-1.82310E-01 1.49562E+01-1.39967E-02
 -1      1939-1.50136E-01 1.49640E+01 3.60552E-02
 -1      1940-1.17690E-01 1.49718E+01 1.39967E-02
 -1      1945 1.59908E-01 1.49616E+01 1.96541E+00
 -1      1946 1.22767E-01 1.49705E+01 1.97729E+00
 -1      1947 1.40092E-01 1.49664E+01 2.03459E+00
 -1      1948 1.77233E-01 1.49575E+01 2.02271E+00
 -1      1953-1.49864E-01 1.49640E+01 1.96394E+00
 -1      1954-1.82310E-01 1.49562E+01 1.98600E+00
 -1      1955-1.50136E-01 1.49640E+01 2.03606E+00
 -1      1956-1.17690E-01 1.49718E+01 2.01400E+00
 -1      1961-1.19830E+00 2.50371E+01 8.14684E-01
 -1      1962-1.23259E+00 2.50330E+01 8.34874E-01
 -1      1963-1.20170E+00 2.50229E+01 8.85316E-01
 -1      1964-1.16741E+00 2.50270E+01 8.65126E-01
 -1      1969-1.19388E+00 2.50230E+01 1.11516E+00
 -1      1970-1.23044E+00 2.50262E+01 1.13106E+00
 -1      1971-1.20612E+00 2.50370E+01 1.18484E+00
 -1      1972-1.16956E+00 2.50338E+01 1.16894E+00
 -1      1977 1.20170E+00 2.50371E+01 8.14684E-01
 -1      1978 1.16741E+00 2.50330E+01 8.34874E-01
 -1      1979 1.19830E+00 2.50229E+01 8.85316E-01
 -1      1980 1.23259E+00 2.50270E+01 8.65126E-01
 -1      1985 1.20612E+00 2.50230E+01 1.11516E+00
 -1      1986 1.16956E+00 2.50262E+01 1.13106E+00
 -1      1987 1.19388E+00 2.50370E+01 1.18484E+00
 -1      1988 1.23044E+00 2.50338E+01 1.16894E+00
 -1      1993 1.59908E-01 2.49616E+01-3.45858E-02
 -1      1994 1.22767E-01 2.49705E+01-2.27077E-02
 -1      1995 1.40092E-01 2.49664E+01 3.45858E-02
 -1      1996 1.77233E-01 2.49575E+01 2.27077E-02
 -1      2001-1.49864E-01 2.49640E+01-3.60552E-02
 -1      2002-1.82310E-01 2.49562E+01-1.39967E-02
 -1      2003-1.50136E-01 2.49640E+01 3.60552E-02
 -1      2004-1.17690E-01 2.49718E+01 1.39967E-02
 -1      2009 1.59908E-01 2.49616E+01 1.96541E+00
 -1      2010 1.22767E-01 2.49705E+01 1.97729E+00
 -1      2011 1.40092E-01 2.49664E+01 2.03459E+00
 -1      2012 1.77233E-01 2.49575E+01 2.02271E+00
 -1      2017-1.49864E-01 2.49640E+01 1.96394E+00
 -1      2018-1.82310E-01 2.49562E+01 1.98600E+00
 -1      2019-1.50136E-01 2.49640E+01 2.03606E+00
 -1      2020-1.17690E-01 2.49718E+01 2.01400E+00
 -1      2025-1.19830E+00 3.50371E+01 8.14684E-01
 -1      2026-1.23259E+00 3.50330E+01 8.34874E-01
 -1      2027-1.20170E+00 3.50229E+01 8.85316E-01
 -1      2028-1.16741E+00 3.50270E+01 8.65126E-01
 -1      2033-1.19388E+00 3.50230E+01 1.11516E+00
 -1      2034-1.23044E+00 3.50262E+01 1.13106E+00
 -1      2035-1.20612E+00 3.50370E+01 1.18484E+00
 -1      2036-1.16956E+00 3.50338E+01 1.16894E+00
 -1      2041 1.20170E+00 3.50371E+01 8.14684E-01
 -1      2042 1.16741E+00 3.50330E+01 8.34874E-01
 -1      2043 1.19830E+00 3.50229E+01 8.85316E-01
 -1      2044 1.23259E+00 3.50270E+01 8.65126E-01
 -1      2049 1.20612E+00 3.50230E+01 1.11516E+00
 -1      2050 1.16956E+00 3.50262E+01 1.13106E+00
 -1      2051 1.19388E+00 3.50370E+01 1.18484E+00
 -1      2052 1.23044E+00 3.50338E+01 1.16894E+00
 -1      2057 1.59908E-01 3.49616E+01-3.45858E-02
 -1      2058 1.22767E-01 3.49705E+01-2.27077E-02
 -1      2059 1.40092E-01 3.49664E+01 3.45858E-02
 -1      2060 1.77233E-01 3.49575E+01 2.27077E-02
 -1      2065-1.49864E-01 3.49640E+01-3.60552E-02
 -1      2066-1.82310E-01 3.49562E+01-1.39967E-02
 -1      2067-1.50136E-01 3.49640E+01 3.60552E-02
 -1      2068-1.17690E-01 3.49718E+01 1.39967E-02
 -1      2073 1.59908E-01 3.49616E+01 1.96541E+00
 -1      2074 1.22767E-01 3.49705E+01 1.97729E+00
 -1      2075 1.40092E-01 3.49664E+01 2.03459E+00
 -1      2076 1.77233E-01 3.49575E+01 2.02271E+00
 -1      2081-1.49864E-01 3.49640E+01 1.96394E+00
 -1      2082-1.82310E-01 3.49562E+01 1.98600E+00
 -1      2083-1.50136E-01 3.49640E+01 2.03606E+00
 -1      2084-1.17690E-01 3.49718E+01 2.01400E+00
 -3
    3C                           180                                     1
 -1         1    1    0    1
 -2       121      1321      1322       122       124      1324      1323       123
 -1         2    1    0    1
 -2      1321       321       322      1322      1324       324       323      1323
 -1         3    1    0    1
 -2       171      1329      1330       172       174      1332      1331       173
 -1         4    1    0    1
 -2      1329       371       372      1330      1332       374       373      1331
 -1         5    1    0    1
 -2       221      1337      1338       222       224      1340      1339       223
 -1         6    1    0    1
 -2      1337       421       422      1338      1340       424       423      1339
 -1         7    1    0    1
 -2       271      1345      1346       272       274      1348      1347       273
 -1         8    1    0    1
 -2      1345       471       472      1346      1348       474       473      1347
 -1         9    1    0    1
 -2       321      1353      1354       322       324      1356      1355       323
 -1        10    1    0    1
 -2      1353       521       522      1354      1356       524       523      1355
 -1        11    1    0    1
 -2       371      1361      1362       372       374      1364      1363       373
 -1        12    1    0    1
 -2      1361       571       572      1362      1364       574       573      1363
 -1        13    1    0    1
 -2       421      1369      1370       422       424      1372      1371       423
 -1        14    1    0    1
 -2      1369       621       622      1370      1372       624       623      1371
 -1        15    1    0    1
 -2       471      1377      1378       472       474      1380      1379       473
 -1        16    1    0    1
 -2      1377       671       672      1378      1380       674       673      1379
 -1        17    1    0    1
 -2       521      1385      1386       522       524      1388      1387       523
 -1        18    1    0    1
 -2      1385       721       722      1386      1388       724       723      1387
 -1        19    1    0    1
 -2       571      1393      1394       572       574      1396      1395       573
 -1        20    1    0    1
 -2      1393       771       772      1394      1396       774       773      1395
 -1        21    1    0    1
 -2       621      1401      1402       622       624      1404      1403       623
 -1        22    1    0    1
 -2      1401       821       822      1402      1404       824       823      1403
 -1        23    1    0    1
 -2       671      1409      1410       672       674      1412      1411       673
 -1        24    1    0    1
 -2      1409       871       872      1410      1412       874       873      1411
 -1        25    1    0    1
 -2       721      1417      1418       722       724      1420      1419       723
 -1        26    1    0    1
 -2      1417       921       922      1418      1420       924       923      1419
 -1        27    1    0    1
 -2       771      1425      1426       772       774      1428      1427       773
 -1        28    1    0    1
 -2      1425       971       972      1426      1428       974       973      1427
 -1        29    1    0    1
 -2       821      1433      1434       822       824      1436      1435       823
 -1        30    1    0    1
 -2      1433      1021      1022      1434      1436      1024      1023      1435
 -1        31    1    0    1
 -2       871      1441      1442       872       874      1444      1443       873
 -1        32    1    0    1
 -2      1441      1071      1072      1442      1444      1074      1073      1443
 -1        33    1    0    1
 -2       921      1449      1450       922       924      1452      1451       923
 -1        34    1    0    1
 -2      1449      1121      1122      1450      1452      1124      1123      1451
 -1        35    1    0    1
 -2       971      1457      1458       972       974      1460      1459       973
 -1        36    1    0    1
 -2      1457      1171      1172      1458      1460      1174      1173      1459
 -1        37    1    0    1
 -2      1021      1465      1466      1022      1024      1468      1467      1023
 -1        38    1    0    1
 -2      1465      1221      1222      1466      1468      1224      1223      1467
 -1        39    1    0    1
 -2      1071      1473      1474      1072      1074      1476      1475      1073
 -1        40    1    0    1
 -2      1473      1271      1272      1474      1476      1274      1273      1475
 -1        41    1    0    1
 -2       129      1481      1482       130       132      1484      1483       131
 -1        42    1    0    1
 -2      1481       179       180      1482      1484       182       181      1483
 -1        43    1    0    1
 -2       229      1489      1490       230       232      1492      1491       231
 -1        44    1    0    1
 -2      1489       279       280      1490      1492       282       281      1491
 -1        45    1    0    1
 -2       137      1497      1498       138       140      1500      1499       139
 -1        46    1    0    1
 -2      1497       237       238      1498      1500       240       239      1499
 -1        47    1    0    1
 -2       187      1505      1506       188       190      1508      1507       189
 -1        48    1    0    1
 -2      1505       287       288      1506      1508       290       289      1507
 -1        49    1    0    1
 -2       329      1513      1514       330       332      1516      1515       331
 -1        50    1    0    1
 -2      1513       379       380      1514      1516       382       381      1515
 -1        51    1    0    1
 -2       429      1521      1522       430       432      1524      1523       431
 -1        52    1    0    1
 -2      1521       479       480      1522      1524       482       481      1523
 -1        53    1    0    1
 -2       337      1529      1530       338       340      1532      1531       339
 -1        54    1    0    1
 -2      1529       437       438      1530      1532       440       439      1531
 -1        55    1    0    1
 -2       387      1537      1538       388       390      1540      1539       389
 -1        56    1    0    1
 -2      1537       487       488      1538      1540       490       489      1539
 -1        57    1    0    1
 -2       529      1545      1546       530       532      1548      1547       531
 -1        58    1    0    1
 -2      1545       579       580      1546      1548       582       581      1547
 -1        59    1    0    1
 -2       629      1553      1554       630       632      1556      1555       631
 -1        60    1    0    1
 -2      1553       679       680      1554      1556       682       681      1555
 -1        61    1    0    1
 -2       537      1561      1562       538       540      1564      1563       539
 -1        62    1    0    1
 -2      1561       637       638      1562      1564       640       639      1563
 -1        63    1    0    1
 -2       587      1569      1570       588       590      1572      1571       589
 -1        64    1    0    1
 -2      1569       687       688      1570      1572       690       689      1571
 -1        65    1    0    1
 -2       729       779       780       730       732       782       781       731
 -1        66    1    0    1
 -2       829       879       880       830       832       882       881       831
 -1        67    1    0    1
 -2       737       837       838       738       740       840       839       739
 -1        68    1    0    1
 -2       787       887       888       788       790       890       889       789
 -1        69    1    0    1
 -2       929      1577      1578       930       932      1580      1579       931
 -1        70    1    0    1
 -2      1577      1585      1586      1578      1580      1588      1587      1579
 -1        71    1    0    1
 -2      1585      1593      1594      1586      1588      1596      1595      1587
 -1        72    1    0    1
 -2      1593      1601      1602      1594      1596      1604      1603      1595
 -1        73    1    0    1
 -2      1601      1609      1610      1602      1604      1612      1611      1603
 -1        74    1    0    1
 -2      1609      1617      1618      1610      1612      1620      1619      1611
 -1        75    1    0    1
 -2      1617      1625      1626      1618      1620      1628      1627      1619
 -1        76    1    0    1
 -2      1625       979       980      1626      1628       982       981      1627
 -1        77    1    0    1
 -2      1029      1633      1634      1030      1032      1636      1635      1031
 -1        78    1    0    1
 -2      1633      1641      1642      1634      1636      1644      1643      1635
 -1        79    1    0    1
 -2      1641      1649      1650      1642      1644      1652      1651      1643
 -1        80    1    0    1
 -2      1649      1657      1658      1650      1652      1660      1659      1651
 -1        81    1    0    1
 -2      1657      1665      1666      1658      1660      1668      1667      1659
 -1        82    1    0    1
 -2      1665      1673      1674      1666      1668      1676      1675      1667
 -1        83    1    0    1
 -2      1673      1681      1682      1674      1676      1684      1683      1675
 -1        84    1    0    1
 -2      1681      1079      1080      1682      1684      1082      1081      1683
 -1        85    1    0    1
 -2       937      1689      1690       938       940      1692      1691       939
 -1        86    1    0    1
 -2      1689      1697      1698      1690      1692      1700      1699      1691
 -1        87    1    0    1
 -2      1697      1705      1706      1698      1700      1708      1707      1699
 -1        88    1    0    1
 -2      1705      1713      1714      1706      1708      1716      1715      1707
 -1        89    1    0    1
 -2      1713      1721      1722      1714      1716      1724      1723      1715
 -1        90    1    0    1
 -2      1721      1729      1730      1722      1724      1732      1731      1723
 -1        91    1    0    1
 -2      1729      1737      1738      1730      1732      1740      1739      1731
 -1        92    1    0    1
 -2      1737      1037      1038      1738      1740      1040      1039      1739
 -1        93    1    0    1
 -2       987      1745      1746       988       990      1748      1747       989
 -1        94    1    0    1
 -2      1745      1753      1754      1746      1748      1756      1755      1747
 -1        95    1    0    1
 -2      1753      1761      1762      1754      1756      1764      1763      1755
 -1        96    1    0    1
 -2      1761      1769      1770      1762      1764      1772      1771      1763
 -1        97    1    0    1
 -2      1769      1777      1778      1770      1772      1780      1779      1771
 -1        98    1    0    1
 -2      1777      1785      1786      1778      1780      1788      1787      1779
 -1        99    1    0    1
 -2      1785      1793      1794      1786      1788      1796      1795      1787
 -1       100    1    0    1
 -2      1793      1087      1088      1794      1796      1090      1089      1795
 -1       101    1    0    1
 -2      1129      1801      1802      1130      1132      1804      1803      1131
 -1       102    1    0    1
 -2      1801      1179      1180      1802      1804      1182      1181      1803
 -1       103    1    0    1
 -2      1229      1809      1810      1230      1232      1812      1811      1231
 -1       104    1    0    1
 -2      1809      1279      1280      1810      1812      1282      1281      1811
 -1       105    1    0    1
 -2      1137      1817      1818      1138      1140      1820      1819      1139
 -1       106    1    0    1
 -2      1817      1237      1238      1818      1820      1240      1239      1819
 -1       107    1    0    1
 -2      1187      1825      1826      1188      1190      1828      1827      1189
 -1       108    1    0    1
 -2      1825      1287      1288      1826      1828      1290      1289      1827
 -1       109    1    0    1
 -2       121      1833      1834       122       124      1836      1835       123
 -1       110    1    0    1
 -2      1833       421       422      1834      1836       424       423      1835
 -1       111    1    0    1
 -2       221      1841      1842       222       224      1844      1843       223
 -1       112    1    0    1
 -2      1841       321       322      1842      1844       324       323      1843
 -1       113    1    0    1
 -2       171      1849      1850       172       174      1852      1851       173
 -1       114    1    0    1
 -2      1849       471       472      1850      1852       474       473      1851
 -1       115    1    0    1
 -2       271      1857      1858       272       274      1860      1859       273
 -1       116    1    0    1
 -2      1857       371       372      1858      1860       374       373      1859
 -1       117    1    0    1
 -2       121      1865      1866       122       124      1868      1867       123
 -1       118    1    0    1
 -2      1865       371       372      1866      1868       374       373      1867
 -1       119    1    0    1
 -2       171      1873      1874       172       174      1876      1875       173
 -1       120    1    0    1
 -2      1873       321       322      1874      1876       324       323      1875
 -1       121    1    0    1
 -2       221      1881      1882       222       224      1884      1883       223
 -1       122    1    0    1
 -2      1881       471       472      1882      1884       474       473      1883
 -1       123    1    0    1
 -2       271      1889      1890       272       274      1892      1891       273
 -1       124    1    0    1
 -2      1889       421       422      1890      1892       424       423      1891
 -1       125    1    0    1
 -2       321      1897      1898       322       324      1900      1899       323
 -1       126    1    0    1
 -2      1897       621       622      1898      1900       624       623      1899
 -1       127    1    0    1
 -2       421      1905      1906       422       424      1908      1907       423
 -1       128    1    0    1
 -2      1905       521       522      1906      1908       524       523      1907
 -1       129    1    0    1
 -2       371      1913      1914       372       374      1916      1915       373
 -1       130    1    0    1
 -2      1913       671       672      1914      1916       674       673      1915
 -1       131    1    0    1
 -2       471      1921      1922       472       474      1924      1923       473
 -1       132    1    0    1
 -2      1921       571       572      1922      1924       574       573      1923
 -1       133    1    0    1
 -2       321      1929      1930       322       324      1932      1931       323
 -1       134    1    0    1
 -2      1929       571       572      1930      1932       574       573      1931
 -1       135    1    0    1
 -2       371      1937      1938       372       374      1940      1939       373
 -1       136    1    0    1
 -2      1937       521       522      1938      1940       524       523      1939
 -1       137    1    0    1
 -2       421      1945      1946       422       424      1948      1947       423
 -1       138    1    0    1
 -2      1945       671       672      1946      1948       674       673      1947
 -1       139    1    0    1
 -2       471      1953      1954       472       474      1956      1955       473
 -1       140    1    0    1
 -2      1953       621       622      1954      1956       624       623      1955
 -1       141    1    0    1
 -2       521      1961      1962       522       524      1964      1963       523
 -1       142    1    0    1
 -2      1961       821       822      1962      1964       824       823      1963
 -1       143    1    0    1
 -2       621      1969      1970       622       624      1972      1971       623
 -1       144    1    0    1
 -2      1969       721       722      1970      1972       724       723      1971
 -1       145    1    0    1
 -2       571      1977      1978       572       574      1980      1979       573
 -1       146    1    0    1
 -2      1977       871       872      1978      1980       874       873      1979
 -1       147    1    0    1
 -2       671      1985      1986       672       674      1988      1987       673
 -1       148    1    0    1
 -2      1985       771       772      1986      1988       774       773      1987
 -1       149    1    0    1
 -2       521      1993      1994       522       524      1996      1995       523
 -1       150    1    0    1
 -2      1993       771       772      1994      1996       774       773      1995
 -1       151    1    0    1
 -2       571      2001      2002       572       574      2004      2003       573
 -1       152    1    0    1
 -2      2001       721       722      2002      2004       724       723      2003
 -1       153    1    0    1
 -2       621      2009      2010       622       624      2012      2011       623
 -1       154    1    0    1
 -2      2009       871       872      2010      2012       874       873      2011
 -1       155    1    0    1
 -2       671      2017      2018       672       674      2020      2019       673
 -1       156    1    0    1
 -2      2017       821       822      2018      2020       824       823      2019
 -1       157    1    0    1
 -2       721      2025      2026       722       724      2028      2027       723
 -1       158    1    0    1
 -2      2025      1021      1022      2026      2028      1024      1023      2027
 -1       159    1    0    1
 -2       821      2033      2034       822       824      2036      2035       823
 -1       160    1    0    1
 -2      2033       921       922      2034      2036       924       923      2035
 -1       161    1    0    1
 -2       771      2041      2042       772       774      2044      2043       773
 -1       162    1    0    1
 -2      2041      1071      1072      2042      2044      1074      1073      2043
 -1       163    1    0    1
 -2       871      2049      2050       872       874      2052      2051       873
 -1       164    1    0    1
 -2      2049       971       972      2050      2052       974       973      2051
 -1       165    1    0    1
 -2       721      2057      2058       722       724      2060      2059       723
 -1       166    1    0    1
 -2      2057       971       972      2058      2060       974       973      2059
 -1       167    1    0    1
 -2       771      2065      2066       772       774      2068      2067       773
 -1       168    1    0    1
 -2      2065       921       922      2066      2068       924       923      2067
 -1       169    1    0    1
 -2       821      2073      2074       822       824      2076      2075       823
 -1       170    1    0    1
 -2      2073      1071      1072      2074      2076      1074      1073      2075
 -1       171    1    0    1
 -2       871      2081      2082       872       874      2084      2083       873
 -1       172    1    0    1
 -2      2081      1021      1022      2082      2084      1024      1023      2083
 -1       173    1    0    1
 -2       921      1221      1222       922       924      1224      1223       923
 -1       174    1    0    1
 -2      1021      1121      1122      1022      1024      1124      1123      1023
 -1       175    1    0    1
 -2       971      1271      1272       972       974      1274      1273       973
 -1       176    1    0    1
 -2      1071      1171      1172      1072      1074      1174      1173      1073
 -1       177    1    0    1
 -2       921      1171      1172       922       924      1174      1173       923
 -1       178    1    0    1
 -2       971      1121      1122       972       974      1124      1123       973
 -1       179    1    0    1
 -2      1021      1271      1272      1022      1024      1274      1273      1023
 -1       180    1    0    1
 -2      1071      1221      1222      1072      1074      1224      1223      1073
 -3
    1PSTEP                         1           1           1          
  100CL  101 1.000000000           0                     0    1           1
 -4  DISP        4    1
 -5  D1          1    2    1    0
 -5  D2          1    2    2    0
 -5  D3          1    2    3    0
 -5  ALL         1    2    0    0    1ALL
 -3
 9999
