SUMMARY OF C0NVERGENCE INFORMATION
  STEP   INC  ATT   ITER     CONT.   RESID.        CORR.      RESID.      CORR.
                              EL.    FORCE         DISP       FLUX        TEMP.
                              (#)     (%)           (%)        (%)         (%)
     1     1     1     1        0  0.2093E+03  0.1000E+03  0.0000E+00  0.0000E+00
     1     1     1     2        0  0.2845E-03  0.4781E-01  0.0000E+00  0.0000E+00
     1     2     1     1        0  0.7586E-03  0.9561E-01  0.0000E+00  0.0000E+00
     1     2     1     2        0  0.0000E+00  0.3228E-05  0.0000E+00  0.0000E+00
     1     3     1     1        0  0.1847E-02  0.1195E+00  0.0000E+00  0.0000E+00
     1     3     1     2        0  0.0000E+00  0.8658E-05  0.0000E+00  0.0000E+00
     1     4     1     1        0  0.4647E-02  0.1673E+00  0.0000E+00  0.0000E+00
     1     4     1     2        0  0.0000E+00  0.2620E-04  0.0000E+00  0.0000E+00
     1     5     1     1        0  0.4669E-02  0.1912E+00  0.0000E+00  0.0000E+00
     1     5     1     2        0  0.0000E+00  0.4072E-04  0.0000E+00  0.0000E+00
     1     6     1     1        0  0.3768E-02  0.1912E+00  0.0000E+00  0.0000E+00
     1     6     1     2        0  0.0000E+00  0.4818E-04  0.0000E+00  0.0000E+00
     1     7     1     1        0  0.3147E-02  0.1911E+00  0.0000E+00  0.0000E+00
     1     7     1     2        0  0.0000E+00  0.5566E-04  0.0000E+00  0.0000E+00
     1     8     1     1        0  0.1109E+03  0.9715E+01  0.0000E+00  0.0000E+00
     1     8     1     2        0  0.1910E+00  0.1405E+01  0.0000E+00  0.0000E+00
     1     8     1     3        0  0.2095E-04  0.1167E-03  0.0000E+00  0.0000E+00
     1     9     1     1        0  0.1792E+03  0.3333E+02  0.0000E+00  0.0000E+00
     1     9     1     2        0  0.1612E+01  0.3590E+01  0.0000E+00  0.0000E+00
     1     9     1     3        0  0.1547E-03  0.6905E-02  0.0000E+00  0.0000E+00
     1    10     1     1        0  0.2253E+03  0.4990E+02  0.0000E+00  0.0000E+00
     1    10     1     2        0  0.1355E+02  0.8699E+01  0.0000E+00  0.0000E+00
     1    10     1     3        0  0.4821E-02  0.1355E+00  0.0000E+00  0.0000E+00
     1    11     1     1        0  0.2605E+03  0.5139E+02  0.0000E+00  0.0000E+00
     1    11     1     2        0  0.2609E+02  0.2068E+02  0.0000E+00  0.0000E+00
     1    11     1     3        0  0.8054E+00  0.1094E+01  0.0000E+00  0.0000E+00
     1    11     1     4        0  0.1611E-03  0.1193E-01  0.0000E+00  0.0000E+00
     1    12     1     1        0  0.2556E+02  0.3206E+02  0.0000E+00  0.0000E+00
     1    12     1     2        0  0.3301E+00  0.5535E+01  0.0000E+00  0.0000E+00
     1    12     1     3        0  0.1219E-03  0.2047E-01  0.0000E+00  0.0000E+00
     2     1     1     1        0  0.2218E+02  0.1000E+03  0.0000E+00  0.0000E+00
     2     1     1     2        0  0.6491E-04  0.7137E-01  0.0000E+00  0.0000E+00
     2     2     1     1        0  0.2686E-03  0.1428E+00  0.0000E+00  0.0000E+00
     2     2     1     2        0  0.0000E+00  0.5489E-04  0.0000E+00  0.0000E+00
     2     3     1     1        0  0.9899E-03  0.1785E+00  0.0000E+00  0.0000E+00
     2     3     1     2        0  0.0000E+00  0.1224E-03  0.0000E+00  0.0000E+00
     2     4     1     1        0  0.3668E-02  0.2500E+00  0.0000E+00  0.0000E+00
     2     4     1     2        0  0.0000E+00  0.3005E-03  0.0000E+00  0.0000E+00
     2     5     1     1        0  0.5139E-02  0.2858E+00  0.0000E+00  0.0000E+00
     2     5     1     2        0  0.0000E+00  0.3597E-03  0.0000E+00  0.0000E+00
     2     6     1     1        0  0.5545E-02  0.2859E+00  0.0000E+00  0.0000E+00
     2     6     1     2        0  0.0000E+00  0.3229E-03  0.0000E+00  0.0000E+00
     2     7     1     1        0  0.5980E-02  0.2859E+00  0.0000E+00  0.0000E+00
     2     7     1     2        0  0.0000E+00  0.2860E-03  0.0000E+00  0.0000E+00
     2     8     1     1        0  0.6415E-02  0.2860E+00  0.0000E+00  0.0000E+00
     2     8     1     2        0  0.0000E+00  0.2489E-03  0.0000E+00  0.0000E+00
     2     9     1     1        0  0.6786E-02  0.2861E+00  0.0000E+00  0.0000E+00
     2     9     1     2        0  0.0000E+00  0.2118E-03  0.0000E+00  0.0000E+00
     2    10     1     1        0  0.4284E+02  0.8179E+01  0.0000E+00  0.0000E+00
     2    10     1     2        0  0.1712E+01  0.5125E+00  0.0000E+00  0.0000E+00
     2    10     1     3        0  0.3802E-03  0.8099E-02  0.0000E+00  0.0000E+00
     2    11     1     1        0  0.1301E+03  0.2177E+02  0.0000E+00  0.0000E+00
     2    11     1     2        0  0.1142E+01  0.2555E+01  0.0000E+00  0.0000E+00
     2    11     1     3        0  0.2675E-03  0.5745E-02  0.0000E+00  0.0000E+00
     2    12     1     1        0  0.2161E+01  0.1879E+02  0.0000E+00  0.0000E+00
     2    12     1     2        0  0.7093E-03  0.1712E+00  0.0000E+00  0.0000E+00
