SUMMARY OF JOB INFORMATION
  STEP      INC     ATT  ITRS     TOT TIME     STEP TIME      INC TIME
     1          1     1     2  0.500000E-01  0.500000E-01  0.500000E-01
     1          2     1     2  0.100000E+00  0.100000E+00  0.500000E-01
     1          3     1     2  0.175000E+00  0.175000E+00  0.750000E-01
     1          4     1     2  0.275000E+00  0.275000E+00  0.100000E+00
     1          5     1     2  0.375000E+00  0.375000E+00  0.100000E+00
     1          6     1     2  0.475000E+00  0.475000E+00  0.100000E+00
     1          7     1     2  0.575000E+00  0.575000E+00  0.100000E+00
     1          8     1     3  0.675000E+00  0.675000E+00  0.100000E+00
     1          9     1     3  0.775000E+00  0.775000E+00  0.100000E+00
     1         10     1     3  0.875000E+00  0.875000E+00  0.100000E+00
     1         11     1     4  0.975000E+00  0.975000E+00  0.100000E+00
     1         12     1     3  0.100000E+01  0.100000E+01  0.250000E-01
     2          1     1     2  0.105000E+01  0.500000E-01  0.500000E-01
     2          2     1     2  0.110000E+01  0.100000E+00  0.500000E-01
     2          3     1     2  0.117500E+01  0.175000E+00  0.750000E-01
     2          4     1     2  0.127500E+01  0.275000E+00  0.100000E+00
     2          5     1     2  0.137500E+01  0.375000E+00  0.100000E+00
     2          6     1     2  0.147500E+01  0.475000E+00  0.100000E+00
     2          7     1     2  0.157500E+01  0.575000E+00  0.100000E+00
     2          8     1     2  0.167500E+01  0.675000E+00  0.100000E+00
     2          9     1     2  0.177500E+01  0.775000E+00  0.100000E+00
     2         10     1     3  0.187500E+01  0.875000E+00  0.100000E+00
     2         11     1     3  0.197500E+01  0.975000E+00  0.100000E+00
     2         12     1     2  0.200000E+01  0.100000E+01  0.250000E-01
