SUMMARY OF C0NVERGENCE INFORMATION
  STEP   INC  ATT   ITER     CONT.   RESID.        CORR.      RESID.      CORR.
                              EL.    FORCE         DISP       FLUX        TEMP.
                              (#)     (%)           (%)        (%)         (%)
     1     1     1     1        0  0.3703E+02  0.1000E+03  0.0000E+00  0.0000E+00
     1     1     1     2        0  0.0000E+00  0.4987E-02  0.0000E+00  0.0000E+00
     1     2     1     1        0  0.1086E+02  0.2838E+02  0.0000E+00  0.0000E+00
     1     2     1     2        0  0.0000E+00  0.1234E-02  0.0000E+00  0.0000E+00
     1     3     1     1        0  0.5101E+02  0.4513E+02  0.0000E+00  0.0000E+00
     1     3     1     2        0  0.8647E-05  0.4545E-02  0.0000E+00  0.0000E+00
     1     4     1     1        0  0.4420E+02  0.2436E+02  0.0000E+00  0.0000E+00
     1     4     1     2        0  0.1508E-04  0.2693E-02  0.0000E+00  0.0000E+00
     1     5     1     1        0  0.8330E+02  0.1944E+02  0.0000E+00  0.0000E+00
     1     5     1     2        0  0.1020E-03  0.4779E-02  0.0000E+00  0.0000E+00
     1     6     1     1        0  0.1152E+03  0.7515E+01  0.0000E+00  0.0000E+00
     1     6     1     2        0  0.4071E-03  0.3940E-02  0.0000E+00  0.0000E+00
     1     7     1     1        0  0.2077E+03  0.6571E+01  0.0000E+00  0.0000E+00
     1     7     1     2        0  0.7501E-03  0.9748E-02  0.0000E+00  0.0000E+00
     1     8     1     1        0  0.1142E+03  0.9423E+01  0.0000E+00  0.0000E+00
     1     8     1     2        0  0.6471E-02  0.4693E-01  0.0000E+00  0.0000E+00
     1     9     1     1        0  0.6108E+02  0.1811E+02  0.0000E+00  0.0000E+00
     1     9     1     2        0  0.2736E-03  0.1774E-01  0.0000E+00  0.0000E+00
     1    10     1     1        0  0.4691E+02  0.4281E+02  0.0000E+00  0.0000E+00
     1    10     1     2        0  0.6334E-03  0.3731E-01  0.0000E+00  0.0000E+00
     1    11     1     1        0  0.1368E+02  0.7687E+02  0.0000E+00  0.0000E+00
     1    11     1     2        0  0.1011E-04  0.2052E-01  0.0000E+00  0.0000E+00
     1    12     1     1        0  0.6605E+02  0.2452E+02  0.0000E+00  0.0000E+00
     1    12     1     2        0  0.8425E-03  0.3727E-01  0.0000E+00  0.0000E+00
     1    13     1     1        0  0.1957E+02  0.7766E+01  0.0000E+00  0.0000E+00
     1    13     1     2        0  0.1119E-02  0.3736E-01  0.0000E+00  0.0000E+00
     1    14     1     1        0  0.1631E+02  0.1707E+01  0.0000E+00  0.0000E+00
     1    14     1     2        0  0.1562E-02  0.2813E-01  0.0000E+00  0.0000E+00
     1    15     1     1        0  0.1258E+02  0.4657E+01  0.0000E+00  0.0000E+00
     1    15     1     2        0  0.7853E-04  0.7216E-02  0.0000E+00  0.0000E+00
     1    16     1     1        0  0.1445E+02  0.8022E+01  0.0000E+00  0.0000E+00
     1    16     1     2        0  0.1061E-03  0.1006E-01  0.0000E+00  0.0000E+00
     1    17     1     1        0  0.5515E+02  0.1980E+02  0.0000E+00  0.0000E+00
     1    17     1     2        0  0.1656E-03  0.1052E-01  0.0000E+00  0.0000E+00
     1    18     1     1        0  0.5640E+02  0.5779E+02  0.0000E+00  0.0000E+00
     1    18     1     2        0  0.1678E-03  0.4044E-01  0.0000E+00  0.0000E+00
     1    19     1     1        0  0.1173E+02  0.3779E+02  0.0000E+00  0.0000E+00
     1    19     1     2        0  0.1766E-03  0.4749E-01  0.0000E+00  0.0000E+00
     1    20     1     1        0  0.9724E+01  0.1082E+02  0.0000E+00  0.0000E+00
     1    20     1     2        0  0.9066E-04  0.1474E-01  0.0000E+00  0.0000E+00
     1    21     1     1        0  0.1096E+02  0.4446E+01  0.0000E+00  0.0000E+00
     1    21     1     2        0  0.7710E-03  0.2668E-01  0.0000E+00  0.0000E+00
     1    22     1     1        0  0.2152E+01  0.2336E+01  0.0000E+00  0.0000E+00
     1    22     1     2        0  0.8733E-04  0.9079E-02  0.0000E+00  0.0000E+00
     1    23     1     1        0  0.4075E+02  0.8909E+01  0.0000E+00  0.0000E+00
     1    23     1     2        0  0.2320E-02  0.3537E-01  0.0000E+00  0.0000E+00
     1    24     1     1        0  0.1606E+02  0.1358E+02  0.0000E+00  0.0000E+00
     1    24     1     2        0  0.5321E-04  0.5868E-02  0.0000E+00  0.0000E+00
     1    25     1     1        0  0.1675E+02  0.2874E+02  0.0000E+00  0.0000E+00
     1    25     1     2        0  0.2300E-03  0.2421E-01  0.0000E+00  0.0000E+00
     1    26     1     1        0  0.4303E+02  0.1000E+03  0.0000E+00  0.0000E+00
     1    26     1     2        0  0.8061E-03  0.1535E+00  0.0000E+00  0.0000E+00
     1    27     1     1        0  0.2089E+02  0.2092E+02  0.0000E+00  0.0000E+00
     1    27     1     2        0  0.1718E-02  0.7279E-01  0.0000E+00  0.0000E+00
     1    28     1     1        0  0.1292E+01  0.4552E+01  0.0000E+00  0.0000E+00
     1    28     1     2        0  0.3542E-05  0.3147E-02  0.0000E+00  0.0000E+00
