    1C
    1UNormalized cross-passage space-truss torsion benchmark            
    1UUSER                                                              
    1UDATE              06.august.2026                                  
    1UTIME              08:14:14                                        
    1UHOST                                                              
    1UPGM               CalculiX                                        
    1UVERSION           Version 2.21                             
    1UCOMPILETIME       Sat Jul 29 10:52:01 CEST 2023                    
    1UDIR                                                               
    1UDBN                                                               
    1UMAT    1STEEL                                                     
    2C                           688                                     1
 -1       125-1.19431E+00 1.55144E-03-3.55695E-02
 -1       126-1.23057E+00 3.47408E-03-1.87980E-02
 -1       127-1.20569E+00-1.55144E-03 3.55695E-02
 -1       128-1.16943E+00-3.47408E-03 1.87980E-02
 -1       133-1.20145E+00-3.41225E-02-1.15569E-02
 -1       134-1.20010E+00-2.46574E-03-3.59709E-02
 -1       135-1.19855E+00 3.41225E-02 1.15569E-02
 -1       136-1.19990E+00 2.46574E-03 3.59709E-02
 -1       141-1.23365E+00-1.29325E-02 5.48678E-04
 -1       142-1.20099E+00-3.60094E-02 1.52775E-03
 -1       143-1.16635E+00 1.29325E-02-5.48678E-04
 -1       144-1.19901E+00 3.60094E-02-1.52775E-03
 -1       175 1.20180E+00 2.89132E-03-3.58941E-02
 -1       176 1.16756E+00-1.36440E-03-1.56701E-02
 -1       177 1.19820E+00-2.89132E-03 3.58941E-02
 -1       178 1.23244E+00 1.36440E-03 1.56701E-02
 -1       183 1.20143E+00-3.37965E-02-1.24797E-02
 -1       184 1.20006E+00-1.48932E-03-3.60247E-02
 -1       185 1.19857E+00 3.37965E-02 1.24797E-02
 -1       186 1.19994E+00 1.48932E-03 3.60247E-02
 -1       191 1.16707E+00-1.46725E-02-6.22501E-04
 -1       192 1.20089E+00-3.60121E-02-1.52786E-03
 -1       193 1.23293E+00 1.46725E-02 6.22501E-04
 -1       194 1.19911E+00 3.60121E-02 1.52786E-03
 -1       225-1.19319E+00-3.23817E-03 1.96474E+00
 -1       226-1.22996E+00 8.33323E-04 1.97996E+00
 -1       227-1.20681E+00 3.23817E-03 2.03526E+00
 -1       228-1.17004E+00-8.33323E-04 2.02004E+00
 -1       233-1.19857E+00-3.37965E-02 1.98752E+00
 -1       234-1.19994E+00-1.48932E-03 1.96398E+00
 -1       235-1.20143E+00 3.37965E-02 2.01248E+00
 -1       236-1.20006E+00 1.48932E-03 2.03602E+00
 -1       241-1.23293E+00-1.46725E-02 1.99938E+00
 -1       242-1.19911E+00-3.60121E-02 1.99847E+00
 -1       243-1.16707E+00 1.46725E-02 2.00062E+00
 -1       244-1.20089E+00 3.60121E-02 2.00153E+00
 -1       275 1.20357E+00-1.73464E-03 1.96416E+00
 -1       276 1.16836E+00-3.45398E-03 1.98307E+00
 -1       277 1.19643E+00 1.73464E-03 2.03584E+00
 -1       278 1.23164E+00 3.45398E-03 2.01693E+00
 -1       283 1.19855E+00-3.41225E-02 1.98844E+00
 -1       284 1.19990E+00-2.46574E-03 1.96403E+00
 -1       285 1.20145E+00 3.41225E-02 2.01156E+00
 -1       286 1.20010E+00 2.46574E-03 2.03597E+00
 -1       291 1.16635E+00-1.29325E-02 2.00055E+00
 -1       292 1.19901E+00-3.60094E-02 2.00153E+00
 -1       293 1.23365E+00 1.29325E-02 1.99945E+00
 -1       294 1.20099E+00 3.60094E-02 1.99847E+00
 -1       325-1.19529E+00 9.99972E+00-3.57459E-02
 -1       326-1.23119E+00 1.00000E+01-1.80945E-02
 -1       327-1.20471E+00 1.00003E+01 3.57459E-02
 -1       328-1.16881E+00 9.99998E+00 1.80945E-02
 -1       333-1.20000E+00 9.96600E+00-1.20000E-02
 -1       334-1.20000E+00 9.99800E+00-3.60000E-02
 -1       335-1.20000E+00 1.00340E+01 1.20000E-02
 -1       336-1.20000E+00 1.00020E+01 3.60000E-02
 -1       341-1.23328E+00 9.98613E+00 0.00000E+00
 -1       342-1.20000E+00 9.96394E+00 0.00000E+00
 -1       343-1.16672E+00 1.00139E+01 0.00000E+00
 -1       344-1.20000E+00 1.00361E+01 0.00000E+00
 -1       375 1.20445E+00 9.99992E+00-3.57794E-02
 -1       376 1.16869E+00 9.99979E+00-1.78714E-02
 -1       377 1.19555E+00 1.00001E+01 3.57794E-02
 -1       378 1.23131E+00 1.00002E+01 1.78714E-02
 -1       383 1.20000E+00 9.96600E+00-1.20000E-02
 -1       384 1.20000E+00 9.99800E+00-3.60000E-02
 -1       385 1.20000E+00 1.00340E+01 1.20000E-02
 -1       386 1.20000E+00 1.00020E+01 3.60000E-02
 -1       391 1.16672E+00 9.98613E+00 0.00000E+00
 -1       392 1.20000E+00 9.96394E+00 0.00000E+00
 -1       393 1.23328E+00 1.00139E+01 0.00000E+00
 -1       394 1.20000E+00 1.00361E+01 0.00000E+00
 -1       425-1.19541E+00 1.00001E+01 1.96424E+00
 -1       426-1.23124E+00 1.00002E+01 1.98200E+00
 -1       427-1.20459E+00 9.99992E+00 2.03576E+00
 -1       428-1.16876E+00 9.99979E+00 2.01800E+00
 -1       433-1.20000E+00 9.96600E+00 1.98800E+00
 -1       434-1.20000E+00 9.99800E+00 1.96400E+00
 -1       435-1.20000E+00 1.00340E+01 2.01200E+00
 -1       436-1.20000E+00 1.00020E+01 2.03600E+00
 -1       441-1.23328E+00 9.98613E+00 2.00000E+00
 -1       442-1.20000E+00 9.96394E+00 2.00000E+00
 -1       443-1.16672E+00 1.00139E+01 2.00000E+00
 -1       444-1.20000E+00 1.00361E+01 2.00000E+00
 -1       475 1.20434E+00 1.00003E+01 1.96421E+00
 -1       476 1.16863E+00 9.99997E+00 1.98223E+00
 -1       477 1.19566E+00 9.99972E+00 2.03579E+00
 -1       478 1.23137E+00 1.00000E+01 2.01777E+00
 -1       483 1.20000E+00 9.96600E+00 1.98800E+00
 -1       484 1.20000E+00 9.99800E+00 1.96400E+00
 -1       485 1.20000E+00 1.00340E+01 2.01200E+00
 -1       486 1.20000E+00 1.00020E+01 2.03600E+00
 -1       491 1.16672E+00 9.98613E+00 2.00000E+00
 -1       492 1.20000E+00 9.96394E+00 2.00000E+00
 -1       493 1.23328E+00 1.00139E+01 2.00000E+00
 -1       494 1.20000E+00 1.00361E+01 2.00000E+00
 -1       525-1.19520E+00 1.99997E+01-3.57333E-02
 -1       526-1.23114E+00 2.00002E+01-1.81751E-02
 -1       527-1.20480E+00 2.00003E+01 3.57333E-02
 -1       528-1.16886E+00 1.99998E+01 1.81751E-02
 -1       533-1.20145E+00 1.99659E+01-1.15569E-02
 -1       534-1.20010E+00 1.99975E+01-3.59709E-02
 -1       535-1.19855E+00 2.00341E+01 1.15569E-02
 -1       536-1.19990E+00 2.00025E+01 3.59709E-02
 -1       541-1.23365E+00 1.99871E+01 5.48678E-04
 -1       542-1.20099E+00 1.99640E+01 1.52775E-03
 -1       543-1.16635E+00 2.00129E+01-5.48678E-04
 -1       544-1.19901E+00 2.00360E+01-1.52775E-03
 -1       575 1.20443E+00 1.99996E+01-3.57808E-02
 -1       576 1.16867E+00 1.99995E+01-1.78425E-02
 -1       577 1.19557E+00 2.00004E+01 3.57808E-02
 -1       578 1.23133E+00 2.00005E+01 1.78425E-02
 -1       583 1.20143E+00 1.99662E+01-1.24797E-02
 -1       584 1.20006E+00 1.99985E+01-3.60247E-02
 -1       585 1.19857E+00 2.00338E+01 1.24797E-02
 -1       586 1.19994E+00 2.00015E+01 3.60247E-02
 -1       591 1.16707E+00 1.99853E+01-6.22501E-04
 -1       592 1.20089E+00 1.99640E+01-1.52786E-03
 -1       593 1.23293E+00 2.00147E+01 6.22501E-04
 -1       594 1.19911E+00 2.00360E+01 1.52786E-03
 -1       625-1.19543E+00 2.00004E+01 1.96424E+00
 -1       626-1.23125E+00 2.00005E+01 1.98203E+00
 -1       627-1.20457E+00 1.99996E+01 2.03576E+00
 -1       628-1.16875E+00 1.99995E+01 2.01797E+00
 -1       633-1.19857E+00 1.99662E+01 1.98752E+00
 -1       634-1.19994E+00 1.99985E+01 1.96398E+00
 -1       635-1.20143E+00 2.00338E+01 2.01248E+00
 -1       636-1.20006E+00 2.00015E+01 2.03602E+00
 -1       641-1.23293E+00 1.99853E+01 1.99938E+00
 -1       642-1.19911E+00 1.99640E+01 1.99847E+00
 -1       643-1.16707E+00 2.00147E+01 2.00062E+00
 -1       644-1.20089E+00 2.00360E+01 2.00153E+00
 -1       675 1.20419E+00 2.00003E+01 1.96419E+00
 -1       676 1.16856E+00 1.99998E+01 1.98236E+00
 -1       677 1.19581E+00 1.99997E+01 2.03581E+00
 -1       678 1.23144E+00 2.00002E+01 2.01764E+00
 -1       683 1.19855E+00 1.99659E+01 1.98844E+00
 -1       684 1.19990E+00 1.99975E+01 1.96403E+00
 -1       685 1.20145E+00 2.00341E+01 2.01156E+00
 -1       686 1.20010E+00 2.00025E+01 2.03597E+00
 -1       691 1.16635E+00 1.99871E+01 2.00055E+00
 -1       692 1.19901E+00 1.99640E+01 2.00153E+00
 -1       693 1.23365E+00 2.00129E+01 1.99945E+00
 -1       694 1.20099E+00 2.00360E+01 1.99847E+00
 -1       725-1.19537E+00 2.99998E+01-3.57560E-02
 -1       726-1.23122E+00 3.00001E+01-1.80302E-02
 -1       727-1.20463E+00 3.00002E+01 3.57560E-02
 -1       728-1.16878E+00 2.99999E+01 1.80302E-02
 -1       733-1.20145E+00 2.99659E+01-1.15569E-02
 -1       734-1.20010E+00 2.99975E+01-3.59709E-02
 -1       735-1.19855E+00 3.00341E+01 1.15569E-02
 -1       736-1.19990E+00 3.00025E+01 3.59709E-02
 -1       741-1.23365E+00 2.99871E+01 5.48678E-04
 -1       742-1.20099E+00 2.99640E+01 1.52775E-03
 -1       743-1.16635E+00 3.00129E+01-5.48678E-04
 -1       744-1.19901E+00 3.00360E+01-1.52775E-03
 -1       775 1.20442E+00 2.99998E+01-3.57828E-02
 -1       776 1.16867E+00 2.99998E+01-1.78447E-02
 -1       777 1.19558E+00 3.00002E+01 3.57828E-02
 -1       778 1.23133E+00 3.00002E+01 1.78447E-02
 -1       783 1.20143E+00 2.99662E+01-1.24797E-02
 -1       784 1.20006E+00 2.99985E+01-3.60247E-02
 -1       785 1.19857E+00 3.00338E+01 1.24797E-02
 -1       786 1.19994E+00 3.00015E+01 3.60247E-02
 -1       791 1.16707E+00 2.99853E+01-6.22501E-04
 -1       792 1.20089E+00 2.99640E+01-1.52786E-03
 -1       793 1.23293E+00 3.00147E+01 6.22501E-04
 -1       794 1.19911E+00 3.00360E+01 1.52786E-03
 -1       825-1.19548E+00 3.00002E+01 1.96423E+00
 -1       826-1.23128E+00 3.00002E+01 1.98207E+00
 -1       827-1.20452E+00 2.99998E+01 2.03577E+00
 -1       828-1.16872E+00 2.99998E+01 2.01793E+00
 -1       833-1.19857E+00 2.99662E+01 1.98752E+00
 -1       834-1.19994E+00 2.99985E+01 1.96398E+00
 -1       835-1.20143E+00 3.00338E+01 2.01248E+00
 -1       836-1.20006E+00 3.00015E+01 2.03602E+00
 -1       841-1.23293E+00 2.99853E+01 1.99938E+00
 -1       842-1.19911E+00 2.99640E+01 1.99847E+00
 -1       843-1.16707E+00 3.00147E+01 2.00062E+00
 -1       844-1.20089E+00 3.00360E+01 2.00153E+00
 -1       875 1.20430E+00 3.00002E+01 1.96420E+00
 -1       876 1.16861E+00 2.99999E+01 1.98226E+00
 -1       877 1.19570E+00 2.99998E+01 2.03580E+00
 -1       878 1.23139E+00 3.00001E+01 2.01774E+00
 -1       883 1.19855E+00 2.99659E+01 1.98844E+00
 -1       884 1.19990E+00 2.99975E+01 1.96403E+00
 -1       885 1.20145E+00 3.00341E+01 2.01156E+00
 -1       886 1.20010E+00 3.00025E+01 2.03597E+00
 -1       891 1.16635E+00 2.99871E+01 2.00055E+00
 -1       892 1.19901E+00 2.99640E+01 2.00153E+00
 -1       893 1.23365E+00 3.00129E+01 1.99945E+00
 -1       894 1.20099E+00 3.00360E+01 1.99847E+00
 -1       925-1.19556E+00 4.00002E+01-3.57801E-02
 -1       926-1.23132E+00 4.00001E+01-1.78639E-02
 -1       927-1.20444E+00 3.99998E+01 3.57801E-02
 -1       928-1.16868E+00 3.99999E+01 1.78639E-02
 -1       933-1.20145E+00 3.99659E+01-1.15569E-02
 -1       934-1.20010E+00 3.99975E+01-3.59709E-02
 -1       935-1.19855E+00 4.00341E+01 1.15569E-02
 -1       936-1.19990E+00 4.00025E+01 3.59709E-02
 -1       941-1.23365E+00 3.99871E+01 5.48678E-04
 -1       942-1.20099E+00 3.99640E+01 1.52775E-03
 -1       943-1.16635E+00 4.00129E+01-5.48678E-04
 -1       944-1.19901E+00 4.00360E+01-1.52775E-03
 -1       975 1.20455E+00 3.99998E+01-3.57665E-02
 -1       976 1.16874E+00 3.99999E+01-1.79587E-02
 -1       977 1.19545E+00 4.00002E+01 3.57665E-02
 -1       978 1.23126E+00 4.00001E+01 1.79587E-02
 -1       983 1.20143E+00 3.99662E+01-1.24797E-02
 -1       984 1.20006E+00 3.99985E+01-3.60247E-02
 -1       985 1.19857E+00 4.00338E+01 1.24797E-02
 -1       986 1.19994E+00 4.00015E+01 3.60247E-02
 -1       991 1.16707E+00 3.99853E+01-6.22501E-04
 -1       992 1.20089E+00 3.99640E+01-1.52786E-03
 -1       993 1.23293E+00 4.00147E+01 6.22501E-04
 -1       994 1.19911E+00 4.00360E+01 1.52786E-03
 -1      1025-1.19556E+00 4.00002E+01 1.96422E+00
 -1      1026-1.23132E+00 4.00001E+01 1.98214E+00
 -1      1027-1.20444E+00 3.99998E+01 2.03578E+00
 -1      1028-1.16868E+00 3.99999E+01 2.01786E+00
 -1      1033-1.19857E+00 3.99662E+01 1.98752E+00
 -1      1034-1.19994E+00 3.99985E+01 1.96398E+00
 -1      1035-1.20143E+00 4.00338E+01 2.01248E+00
 -1      1036-1.20006E+00 4.00015E+01 2.03602E+00
 -1      1041-1.23293E+00 3.99853E+01 1.99938E+00
 -1      1042-1.19911E+00 3.99640E+01 1.99847E+00
 -1      1043-1.16707E+00 4.00147E+01 2.00062E+00
 -1      1044-1.20089E+00 4.00360E+01 2.00153E+00
 -1      1075 1.20455E+00 3.99998E+01 1.96423E+00
 -1      1076 1.16874E+00 3.99999E+01 1.98204E+00
 -1      1077 1.19545E+00 4.00002E+01 2.03577E+00
 -1      1078 1.23126E+00 4.00001E+01 2.01796E+00
 -1      1083 1.19855E+00 3.99659E+01 1.98844E+00
 -1      1084 1.19990E+00 3.99975E+01 1.96403E+00
 -1      1085 1.20145E+00 4.00341E+01 2.01156E+00
 -1      1086 1.20010E+00 4.00025E+01 2.03597E+00
 -1      1091 1.16635E+00 3.99871E+01 2.00055E+00
 -1      1092 1.19901E+00 3.99640E+01 2.00153E+00
 -1      1093 1.23365E+00 4.00129E+01 1.99945E+00
 -1      1094 1.20099E+00 4.00360E+01 1.99847E+00
 -1      1125-1.19631E+00 4.99979E+01-3.58056E-02
 -1      1126-1.23159E+00 4.99964E+01-1.70069E-02
 -1      1127-1.20369E+00 5.00021E+01 3.58056E-02
 -1      1128-1.16841E+00 5.00036E+01 1.70069E-02
 -1      1133-1.20145E+00 4.99659E+01-1.15569E-02
 -1      1134-1.20010E+00 4.99975E+01-3.59709E-02
 -1      1135-1.19855E+00 5.00341E+01 1.15569E-02
 -1      1136-1.19990E+00 5.00025E+01 3.59709E-02
 -1      1141-1.23365E+00 4.99871E+01 5.48678E-04
 -1      1142-1.20099E+00 4.99640E+01 1.52775E-03
 -1      1143-1.16635E+00 5.00129E+01-5.48678E-04
 -1      1144-1.19901E+00 5.00360E+01-1.52775E-03
 -1      1175 1.20674E+00 4.99971E+01-3.53033E-02
 -1      1176 1.17000E+00 5.00010E+01-1.99736E-02
 -1      1177 1.19326E+00 5.00029E+01 3.53033E-02
 -1      1178 1.23000E+00 4.99990E+01 1.99736E-02
 -1      1183 1.20143E+00 4.99662E+01-1.24797E-02
 -1      1184 1.20006E+00 4.99985E+01-3.60247E-02
 -1      1185 1.19857E+00 5.00338E+01 1.24797E-02
 -1      1186 1.19994E+00 5.00015E+01 3.60247E-02
 -1      1191 1.16707E+00 4.99853E+01-6.22501E-04
 -1      1192 1.20089E+00 4.99640E+01-1.52786E-03
 -1      1193 1.23293E+00 5.00147E+01 6.22501E-04
 -1      1194 1.19911E+00 5.00360E+01 1.52786E-03
 -1      1225-1.19806E+00 5.00025E+01 1.96409E+00
 -1      1226-1.23238E+00 4.99985E+01 1.98422E+00
 -1      1227-1.20194E+00 4.99975E+01 2.03591E+00
 -1      1228-1.16762E+00 5.00015E+01 2.01578E+00
 -1      1233-1.19857E+00 4.99662E+01 1.98752E+00
 -1      1234-1.19994E+00 4.99985E+01 1.96398E+00
 -1      1235-1.20143E+00 5.00338E+01 2.01248E+00
 -1      1236-1.20006E+00 5.00015E+01 2.03602E+00
 -1      1241-1.23293E+00 4.99853E+01 1.99938E+00
 -1      1242-1.19911E+00 4.99640E+01 1.99847E+00
 -1      1243-1.16707E+00 5.00147E+01 2.00062E+00
 -1      1244-1.20089E+00 5.00360E+01 2.00153E+00
 -1      1275 1.20560E+00 5.00019E+01 1.96443E+00
 -1      1276 1.16938E+00 5.00037E+01 1.98132E+00
 -1      1277 1.19440E+00 4.99981E+01 2.03557E+00
 -1      1278 1.23062E+00 4.99963E+01 2.01868E+00
 -1      1283 1.19855E+00 4.99659E+01 1.98844E+00
 -1      1284 1.19990E+00 4.99975E+01 1.96403E+00
 -1      1285 1.20145E+00 5.00341E+01 2.01156E+00
 -1      1286 1.20010E+00 5.00025E+01 2.03597E+00
 -1      1291 1.16635E+00 4.99871E+01 2.00055E+00
 -1      1292 1.19901E+00 4.99640E+01 2.00153E+00
 -1      1293 1.23365E+00 5.00129E+01 1.99945E+00
 -1      1294 1.20099E+00 5.00360E+01 1.99847E+00
 -1      1325-1.19553E+00 5.00000E+00-1.85778E-01
 -1      1326-1.23131E+00 5.00000E+00-1.67883E-01
 -1      1327-1.20447E+00 5.00000E+00-1.14222E-01
 -1      1328-1.16869E+00 5.00000E+00-1.32117E-01
 -1      1333 1.20447E+00 5.00000E+00 1.14222E-01
 -1      1334 1.16869E+00 5.00000E+00 1.32117E-01
 -1      1335 1.19553E+00 5.00000E+00 1.85778E-01
 -1      1336 1.23131E+00 5.00000E+00 1.67883E-01
 -1      1341-1.19553E+00 5.00000E+00 1.81422E+00
 -1      1342-1.23131E+00 5.00000E+00 1.83212E+00
 -1      1343-1.20447E+00 5.00000E+00 1.88578E+00
 -1      1344-1.16869E+00 5.00000E+00 1.86788E+00
 -1      1349 1.20447E+00 5.00000E+00 2.11422E+00
 -1      1350 1.16869E+00 5.00000E+00 2.13212E+00
 -1      1351 1.19553E+00 5.00000E+00 2.18578E+00
 -1      1352 1.23131E+00 5.00000E+00 2.16788E+00
 -1      1357-1.19522E+00 1.24989E+01-1.41787E-01
 -1      1358-1.23115E+00 1.24995E+01-1.24216E-01
 -1      1359-1.20478E+00 1.25011E+01-7.03450E-02
 -1      1360-1.16885E+00 1.25005E+01-8.79159E-02
 -1      1365-1.19553E+00 1.50000E+01-1.85777E-01
 -1      1366-1.23131E+00 1.50000E+01-1.67887E-01
 -1      1367-1.20447E+00 1.50000E+01-1.14223E-01
 -1      1368-1.16869E+00 1.50000E+01-1.32113E-01
 -1      1373-1.19586E+00 1.75011E+01-1.41867E-01
 -1      1374-1.23147E+00 1.75005E+01-1.23652E-01
 -1      1375-1.20414E+00 1.74989E+01-7.02647E-02
 -1      1376-1.16853E+00 1.74995E+01-8.84797E-02
 -1      1381 1.20414E+00 1.25011E+01 7.02647E-02
 -1      1382 1.16853E+00 1.25005E+01 8.84797E-02
 -1      1383 1.19586E+00 1.24989E+01 1.41867E-01
 -1      1384 1.23147E+00 1.24995E+01 1.23652E-01
 -1      1389 1.20447E+00 1.50000E+01 1.14223E-01
 -1      1390 1.16869E+00 1.50000E+01 1.32113E-01
 -1      1391 1.19553E+00 1.50000E+01 1.85777E-01
 -1      1392 1.23131E+00 1.50000E+01 1.67887E-01
 -1      1397 1.20478E+00 1.74989E+01 7.03450E-02
 -1      1398 1.16885E+00 1.74995E+01 8.79159E-02
 -1      1399 1.19522E+00 1.75011E+01 1.41787E-01
 -1      1400 1.23115E+00 1.75005E+01 1.24216E-01
 -1      1405-1.19522E+00 1.24989E+01 1.85821E+00
 -1      1406-1.23115E+00 1.24995E+01 1.87578E+00
 -1      1407-1.20478E+00 1.25011E+01 1.92966E+00
 -1      1408-1.16885E+00 1.25005E+01 1.91208E+00
 -1      1413-1.19553E+00 1.50000E+01 1.81422E+00
 -1      1414-1.23131E+00 1.50000E+01 1.83211E+00
 -1      1415-1.20447E+00 1.50000E+01 1.88578E+00
 -1      1416-1.16869E+00 1.50000E+01 1.86789E+00
 -1      1421-1.19586E+00 1.75011E+01 1.85813E+00
 -1      1422-1.23147E+00 1.75005E+01 1.87635E+00
 -1      1423-1.20414E+00 1.74989E+01 1.92974E+00
 -1      1424-1.16853E+00 1.74995E+01 1.91152E+00
 -1      1429 1.20414E+00 1.25011E+01 2.07026E+00
 -1      1430 1.16853E+00 1.25005E+01 2.08848E+00
 -1      1431 1.19586E+00 1.24989E+01 2.14187E+00
 -1      1432 1.23147E+00 1.24995E+01 2.12365E+00
 -1      1437 1.20447E+00 1.50000E+01 2.11422E+00
 -1      1438 1.16869E+00 1.50000E+01 2.13211E+00
 -1      1439 1.19553E+00 1.50000E+01 2.18578E+00
 -1      1440 1.23131E+00 1.50000E+01 2.16789E+00
 -1      1445 1.20478E+00 1.74989E+01 2.07034E+00
 -1      1446 1.16885E+00 1.74995E+01 2.08792E+00
 -1      1447 1.19522E+00 1.75011E+01 2.14179E+00
 -1      1448 1.23115E+00 1.75005E+01 2.12422E+00
 -1      1453-1.19553E+00 2.50000E+01-1.85778E-01
 -1      1454-1.23131E+00 2.50000E+01-1.67883E-01
 -1      1455-1.20447E+00 2.50000E+01-1.14222E-01
 -1      1456-1.16869E+00 2.50000E+01-1.32117E-01
 -1      1461 1.20447E+00 2.50000E+01 1.14222E-01
 -1      1462 1.16869E+00 2.50000E+01 1.32117E-01
 -1      1463 1.19553E+00 2.50000E+01 1.85778E-01
 -1      1464 1.23131E+00 2.50000E+01 1.67883E-01
 -1      1469-1.19553E+00 2.50000E+01 1.81422E+00
 -1      1470-1.23131E+00 2.50000E+01 1.83212E+00
 -1      1471-1.20447E+00 2.50000E+01 1.88578E+00
 -1      1472-1.16869E+00 2.50000E+01 1.86788E+00
 -1      1477 1.20447E+00 2.50000E+01 2.11422E+00
 -1      1478 1.16869E+00 2.50000E+01 2.13212E+00
 -1      1479 1.19553E+00 2.50000E+01 2.18578E+00
 -1      1480 1.23131E+00 2.50000E+01 2.16788E+00
 -1      1485-1.19553E+00 3.50000E+01-1.85778E-01
 -1      1486-1.23131E+00 3.50000E+01-1.67883E-01
 -1      1487-1.20447E+00 3.50000E+01-1.14222E-01
 -1      1488-1.16869E+00 3.50000E+01-1.32117E-01
 -1      1493 1.20447E+00 3.50000E+01 1.14222E-01
 -1      1494 1.16869E+00 3.50000E+01 1.32117E-01
 -1      1495 1.19553E+00 3.50000E+01 1.85778E-01
 -1      1496 1.23131E+00 3.50000E+01 1.67883E-01
 -1      1501-1.19553E+00 3.50000E+01 1.81422E+00
 -1      1502-1.23131E+00 3.50000E+01 1.83212E+00
 -1      1503-1.20447E+00 3.50000E+01 1.88578E+00
 -1      1504-1.16869E+00 3.50000E+01 1.86788E+00
 -1      1509 1.20447E+00 3.50000E+01 2.11422E+00
 -1      1510 1.16869E+00 3.50000E+01 2.13212E+00
 -1      1511 1.19553E+00 3.50000E+01 2.18578E+00
 -1      1512 1.23131E+00 3.50000E+01 2.16788E+00
 -1      1517-6.01023E-01-5.95507E-02-1.16832E-02
 -1      1518-6.00070E-01-2.77896E-02-3.59798E-02
 -1      1519-5.98977E-01 8.63897E-03 1.16832E-02
 -1      1520-5.99930E-01-2.31221E-02 3.59798E-02
 -1      1525 0.00000E+00-6.99997E-02-1.20008E-02
 -1      1526 0.00000E+00-3.79991E-02-3.60000E-02
 -1      1527 0.00000E+00-2.00028E-03 1.20008E-02
 -1      1528 0.00000E+00-3.40009E-02 3.60000E-02
 -1      1533 6.01016E-01-5.93202E-02-1.23359E-02
 -1      1534 6.00049E-01-2.70988E-02-3.60180E-02
 -1      1535 5.98984E-01 8.40852E-03 1.23359E-02
 -1      1536 5.99951E-01-2.38129E-02 3.60180E-02
 -1      1541-5.98984E-01-8.40852E-03 1.98766E+00
 -1      1542-5.99951E-01 2.38129E-02 1.96398E+00
 -1      1543-6.01016E-01 5.93202E-02 2.01234E+00
 -1      1544-6.00049E-01 2.70988E-02 2.03602E+00
 -1      1549 0.00000E+00 2.00028E-03 1.98800E+00
 -1      1550 0.00000E+00 3.40009E-02 1.96400E+00
 -1      1551 0.00000E+00 6.99997E-02 2.01200E+00
 -1      1552 0.00000E+00 3.79991E-02 2.03600E+00
 -1      1557 5.98977E-01-8.63897E-03 1.98832E+00
 -1      1558 5.99930E-01 2.31221E-02 1.96402E+00
 -1      1559 6.01023E-01 5.95507E-02 2.01168E+00
 -1      1560 6.00070E-01 2.77896E-02 2.03598E+00
 -1      1565-1.23354E+00 7.99623E-03 5.00396E-01
 -1      1566-1.20070E+00-1.48194E-02 5.01081E-01
 -1      1567-1.16646E+00 3.44302E-02 4.99604E-01
 -1      1568-1.19930E+00 5.72458E-02 4.98919E-01
 -1      1573-1.23328E+00 1.61383E-02 1.00000E+00
 -1      1574-1.20001E+00-6.05551E-03 1.00000E+00
 -1      1575-1.16672E+00 4.38617E-02 1.00000E+00
 -1      1576-1.19999E+00 6.60555E-02 1.00000E+00
 -1      1581-1.23303E+00 6.76606E-03 1.49957E+00
 -1      1582-1.19936E+00-1.48205E-02 1.49892E+00
 -1      1583-1.16697E+00 3.56603E-02 1.50043E+00
 -1      1584-1.20064E+00 5.72469E-02 1.50108E+00
 -1      1589 1.16697E+00-3.56603E-02 4.99567E-01
 -1      1590 1.20064E+00-5.72469E-02 4.98919E-01
 -1      1591 1.23303E+00-6.76606E-03 5.00433E-01
 -1      1592 1.19936E+00 1.48205E-02 5.01081E-01
 -1      1597 1.16672E+00-4.38617E-02 1.00000E+00
 -1      1598 1.19999E+00-6.60555E-02 1.00000E+00
 -1      1599 1.23328E+00-1.61383E-02 1.00000E+00
 -1      1600 1.20001E+00 6.05551E-03 1.00000E+00
 -1      1605 1.16646E+00-3.44302E-02 1.50040E+00
 -1      1606 1.19930E+00-5.72458E-02 1.50108E+00
 -1      1607 1.23354E+00-7.99623E-03 1.49960E+00
 -1      1608 1.20070E+00 1.48194E-02 1.49892E+00
 -1      1613-6.01023E-01 1.99404E+01-1.16832E-02
 -1      1614-6.00070E-01 1.99722E+01-3.59798E-02
 -1      1615-5.98977E-01 2.00086E+01 1.16832E-02
 -1      1616-5.99930E-01 1.99769E+01 3.59798E-02
 -1      1621 0.00000E+00 1.99300E+01-1.20008E-02
 -1      1622 0.00000E+00 1.99620E+01-3.60000E-02
 -1      1623 0.00000E+00 1.99980E+01 1.20008E-02
 -1      1624 0.00000E+00 1.99660E+01 3.60000E-02
 -1      1629 6.01016E-01 1.99407E+01-1.23359E-02
 -1      1630 6.00049E-01 1.99729E+01-3.60180E-02
 -1      1631 5.98984E-01 2.00084E+01 1.23359E-02
 -1      1632 5.99951E-01 1.99762E+01 3.60180E-02
 -1      1637-5.98984E-01 1.99916E+01 1.98766E+00
 -1      1638-5.99951E-01 2.00238E+01 1.96398E+00
 -1      1639-6.01016E-01 2.00593E+01 2.01234E+00
 -1      1640-6.00049E-01 2.00271E+01 2.03602E+00
 -1      1645 0.00000E+00 2.00020E+01 1.98800E+00
 -1      1646 0.00000E+00 2.00340E+01 1.96400E+00
 -1      1647 0.00000E+00 2.00700E+01 2.01200E+00
 -1      1648 0.00000E+00 2.00380E+01 2.03600E+00
 -1      1653 5.98977E-01 1.99914E+01 1.98832E+00
 -1      1654 5.99930E-01 2.00231E+01 1.96402E+00
 -1      1655 6.01023E-01 2.00596E+01 2.01168E+00
 -1      1656 6.00070E-01 2.00278E+01 2.03598E+00
 -1      1661-1.23354E+00 2.00080E+01 5.00396E-01
 -1      1662-1.20070E+00 1.99852E+01 5.01081E-01
 -1      1663-1.16646E+00 2.00344E+01 4.99604E-01
 -1      1664-1.19930E+00 2.00572E+01 4.98919E-01
 -1      1669-1.23328E+00 2.00161E+01 1.00000E+00
 -1      1670-1.20001E+00 1.99939E+01 1.00000E+00
 -1      1671-1.16672E+00 2.00439E+01 1.00000E+00
 -1      1672-1.19999E+00 2.00661E+01 1.00000E+00
 -1      1677-1.23303E+00 2.00068E+01 1.49957E+00
 -1      1678-1.19936E+00 1.99852E+01 1.49892E+00
 -1      1679-1.16697E+00 2.00357E+01 1.50043E+00
 -1      1680-1.20064E+00 2.00572E+01 1.50108E+00
 -1      1685 1.16697E+00 1.99643E+01 4.99567E-01
 -1      1686 1.20064E+00 1.99428E+01 4.98919E-01
 -1      1687 1.23303E+00 1.99932E+01 5.00433E-01
 -1      1688 1.19936E+00 2.00148E+01 5.01081E-01
 -1      1693 1.16672E+00 1.99561E+01 1.00000E+00
 -1      1694 1.19999E+00 1.99339E+01 1.00000E+00
 -1      1695 1.23328E+00 1.99839E+01 1.00000E+00
 -1      1696 1.20001E+00 2.00061E+01 1.00000E+00
 -1      1701 1.16646E+00 1.99656E+01 1.50040E+00
 -1      1702 1.19930E+00 1.99428E+01 1.50108E+00
 -1      1703 1.23354E+00 1.99920E+01 1.49960E+00
 -1      1704 1.20070E+00 2.00148E+01 1.49892E+00
 -1      1709-6.01023E-01 2.99404E+01-1.16832E-02
 -1      1710-6.00070E-01 2.99722E+01-3.59798E-02
 -1      1711-5.98977E-01 3.00086E+01 1.16832E-02
 -1      1712-5.99930E-01 2.99769E+01 3.59798E-02
 -1      1717 0.00000E+00 2.99300E+01-1.20008E-02
 -1      1718 0.00000E+00 2.99620E+01-3.60000E-02
 -1      1719 0.00000E+00 2.99980E+01 1.20008E-02
 -1      1720 0.00000E+00 2.99660E+01 3.60000E-02
 -1      1725 6.01016E-01 2.99407E+01-1.23359E-02
 -1      1726 6.00049E-01 2.99729E+01-3.60180E-02
 -1      1727 5.98984E-01 3.00084E+01 1.23359E-02
 -1      1728 5.99951E-01 2.99762E+01 3.60180E-02
 -1      1733-5.98984E-01 2.99916E+01 1.98766E+00
 -1      1734-5.99951E-01 3.00238E+01 1.96398E+00
 -1      1735-6.01016E-01 3.00593E+01 2.01234E+00
 -1      1736-6.00049E-01 3.00271E+01 2.03602E+00
 -1      1741 0.00000E+00 3.00020E+01 1.98800E+00
 -1      1742 0.00000E+00 3.00340E+01 1.96400E+00
 -1      1743 0.00000E+00 3.00700E+01 2.01200E+00
 -1      1744 0.00000E+00 3.00380E+01 2.03600E+00
 -1      1749 5.98977E-01 2.99914E+01 1.98832E+00
 -1      1750 5.99930E-01 3.00231E+01 1.96402E+00
 -1      1751 6.01023E-01 3.00596E+01 2.01168E+00
 -1      1752 6.00070E-01 3.00278E+01 2.03598E+00
 -1      1757-1.23354E+00 3.00080E+01 5.00396E-01
 -1      1758-1.20070E+00 2.99852E+01 5.01081E-01
 -1      1759-1.16646E+00 3.00344E+01 4.99604E-01
 -1      1760-1.19930E+00 3.00572E+01 4.98919E-01
 -1      1765-1.23328E+00 3.00161E+01 1.00000E+00
 -1      1766-1.20001E+00 2.99939E+01 1.00000E+00
 -1      1767-1.16672E+00 3.00439E+01 1.00000E+00
 -1      1768-1.19999E+00 3.00661E+01 1.00000E+00
 -1      1773-1.23303E+00 3.00068E+01 1.49957E+00
 -1      1774-1.19936E+00 2.99852E+01 1.49892E+00
 -1      1775-1.16697E+00 3.00357E+01 1.50043E+00
 -1      1776-1.20064E+00 3.00572E+01 1.50108E+00
 -1      1781 1.16697E+00 2.99643E+01 4.99567E-01
 -1      1782 1.20064E+00 2.99428E+01 4.98919E-01
 -1      1783 1.23303E+00 2.99932E+01 5.00433E-01
 -1      1784 1.19936E+00 3.00148E+01 5.01081E-01
 -1      1789 1.16672E+00 2.99561E+01 1.00000E+00
 -1      1790 1.19999E+00 2.99339E+01 1.00000E+00
 -1      1791 1.23328E+00 2.99839E+01 1.00000E+00
 -1      1792 1.20001E+00 3.00061E+01 1.00000E+00
 -1      1797 1.16646E+00 2.99656E+01 1.50040E+00
 -1      1798 1.19930E+00 2.99428E+01 1.50108E+00
 -1      1799 1.23354E+00 2.99920E+01 1.49960E+00
 -1      1800 1.20070E+00 3.00148E+01 1.49892E+00
 -1      1805-6.01023E-01 3.99404E+01-1.16832E-02
 -1      1806-6.00070E-01 3.99722E+01-3.59798E-02
 -1      1807-5.98977E-01 4.00086E+01 1.16832E-02
 -1      1808-5.99930E-01 3.99769E+01 3.59798E-02
 -1      1813 0.00000E+00 3.99300E+01-1.20008E-02
 -1      1814 0.00000E+00 3.99620E+01-3.60000E-02
 -1      1815 0.00000E+00 3.99980E+01 1.20008E-02
 -1      1816 0.00000E+00 3.99660E+01 3.60000E-02
 -1      1821 6.01016E-01 3.99407E+01-1.23359E-02
 -1      1822 6.00049E-01 3.99729E+01-3.60180E-02
 -1      1823 5.98984E-01 4.00084E+01 1.23359E-02
 -1      1824 5.99951E-01 3.99762E+01 3.60180E-02
 -1      1829-5.98984E-01 3.99916E+01 1.98766E+00
 -1      1830-5.99951E-01 4.00238E+01 1.96398E+00
 -1      1831-6.01016E-01 4.00593E+01 2.01234E+00
 -1      1832-6.00049E-01 4.00271E+01 2.03602E+00
 -1      1837 0.00000E+00 4.00020E+01 1.98800E+00
 -1      1838 0.00000E+00 4.00340E+01 1.96400E+00
 -1      1839 0.00000E+00 4.00700E+01 2.01200E+00
 -1      1840 0.00000E+00 4.00380E+01 2.03600E+00
 -1      1845 5.98977E-01 3.99914E+01 1.98832E+00
 -1      1846 5.99930E-01 4.00231E+01 1.96402E+00
 -1      1847 6.01023E-01 4.00596E+01 2.01168E+00
 -1      1848 6.00070E-01 4.00278E+01 2.03598E+00
 -1      1853-1.23354E+00 4.00080E+01 5.00396E-01
 -1      1854-1.20070E+00 3.99852E+01 5.01081E-01
 -1      1855-1.16646E+00 4.00344E+01 4.99604E-01
 -1      1856-1.19930E+00 4.00572E+01 4.98919E-01
 -1      1861-1.23328E+00 4.00161E+01 1.00000E+00
 -1      1862-1.20001E+00 3.99939E+01 1.00000E+00
 -1      1863-1.16672E+00 4.00439E+01 1.00000E+00
 -1      1864-1.19999E+00 4.00661E+01 1.00000E+00
 -1      1869-1.23303E+00 4.00068E+01 1.49957E+00
 -1      1870-1.19936E+00 3.99852E+01 1.49892E+00
 -1      1871-1.16697E+00 4.00357E+01 1.50043E+00
 -1      1872-1.20064E+00 4.00572E+01 1.50108E+00
 -1      1877 1.16697E+00 3.99643E+01 4.99567E-01
 -1      1878 1.20064E+00 3.99428E+01 4.98919E-01
 -1      1879 1.23303E+00 3.99932E+01 5.00433E-01
 -1      1880 1.19936E+00 4.00148E+01 5.01081E-01
 -1      1885 1.16672E+00 3.99561E+01 1.00000E+00
 -1      1886 1.19999E+00 3.99339E+01 1.00000E+00
 -1      1887 1.23328E+00 3.99839E+01 1.00000E+00
 -1      1888 1.20001E+00 4.00061E+01 1.00000E+00
 -1      1893 1.16646E+00 3.99656E+01 1.50040E+00
 -1      1894 1.19930E+00 3.99428E+01 1.50108E+00
 -1      1895 1.23354E+00 3.99920E+01 1.49960E+00
 -1      1896 1.20070E+00 4.00148E+01 1.49892E+00
 -1      1901-6.01023E-01 4.99404E+01-1.16832E-02
 -1      1902-6.00070E-01 4.99722E+01-3.59798E-02
 -1      1903-5.98977E-01 5.00086E+01 1.16832E-02
 -1      1904-5.99930E-01 4.99769E+01 3.59798E-02
 -1      1909 0.00000E+00 4.99300E+01-1.20008E-02
 -1      1910 0.00000E+00 4.99620E+01-3.60000E-02
 -1      1911 0.00000E+00 4.99980E+01 1.20008E-02
 -1      1912 0.00000E+00 4.99660E+01 3.60000E-02
 -1      1917 6.01016E-01 4.99407E+01-1.23359E-02
 -1      1918 6.00049E-01 4.99729E+01-3.60180E-02
 -1      1919 5.98984E-01 5.00084E+01 1.23359E-02
 -1      1920 5.99951E-01 4.99762E+01 3.60180E-02
 -1      1925-5.98984E-01 4.99916E+01 1.98766E+00
 -1      1926-5.99951E-01 5.00238E+01 1.96398E+00
 -1      1927-6.01016E-01 5.00593E+01 2.01234E+00
 -1      1928-6.00049E-01 5.00271E+01 2.03602E+00
 -1      1933 0.00000E+00 5.00020E+01 1.98800E+00
 -1      1934 0.00000E+00 5.00340E+01 1.96400E+00
 -1      1935 0.00000E+00 5.00700E+01 2.01200E+00
 -1      1936 0.00000E+00 5.00380E+01 2.03600E+00
 -1      1941 5.98977E-01 4.99914E+01 1.98832E+00
 -1      1942 5.99930E-01 5.00231E+01 1.96402E+00
 -1      1943 6.01023E-01 5.00596E+01 2.01168E+00
 -1      1944 6.00070E-01 5.00278E+01 2.03598E+00
 -1      1949-1.23354E+00 5.00080E+01 5.00396E-01
 -1      1950-1.20070E+00 4.99852E+01 5.01081E-01
 -1      1951-1.16646E+00 5.00344E+01 4.99604E-01
 -1      1952-1.19930E+00 5.00572E+01 4.98919E-01
 -1      1957-1.23328E+00 5.00161E+01 1.00000E+00
 -1      1958-1.20001E+00 4.99939E+01 1.00000E+00
 -1      1959-1.16672E+00 5.00439E+01 1.00000E+00
 -1      1960-1.19999E+00 5.00661E+01 1.00000E+00
 -1      1965-1.23303E+00 5.00068E+01 1.49957E+00
 -1      1966-1.19936E+00 4.99852E+01 1.49892E+00
 -1      1967-1.16697E+00 5.00357E+01 1.50043E+00
 -1      1968-1.20064E+00 5.00572E+01 1.50108E+00
 -1      1973 1.16697E+00 4.99643E+01 4.99567E-01
 -1      1974 1.20064E+00 4.99428E+01 4.98919E-01
 -1      1975 1.23303E+00 4.99932E+01 5.00433E-01
 -1      1976 1.19936E+00 5.00148E+01 5.01081E-01
 -1      1981 1.16672E+00 4.99561E+01 1.00000E+00
 -1      1982 1.19999E+00 4.99339E+01 1.00000E+00
 -1      1983 1.23328E+00 4.99839E+01 1.00000E+00
 -1      1984 1.20001E+00 5.00061E+01 1.00000E+00
 -1      1989 1.16646E+00 4.99656E+01 1.50040E+00
 -1      1990 1.19930E+00 4.99428E+01 1.50108E+00
 -1      1991 1.23354E+00 4.99920E+01 1.49960E+00
 -1      1992 1.20070E+00 5.00148E+01 1.49892E+00
 -1      1997-1.19830E+00 1.50371E+01 8.14684E-01
 -1      1998-1.23259E+00 1.50330E+01 8.34874E-01
 -1      1999-1.20170E+00 1.50229E+01 8.85316E-01
 -1      2000-1.16741E+00 1.50270E+01 8.65126E-01
 -1      2005-1.19388E+00 1.50230E+01 1.11516E+00
 -1      2006-1.23044E+00 1.50262E+01 1.13106E+00
 -1      2007-1.20612E+00 1.50370E+01 1.18484E+00
 -1      2008-1.16956E+00 1.50338E+01 1.16894E+00
 -1      2013 1.20170E+00 1.50371E+01 8.14684E-01
 -1      2014 1.16741E+00 1.50330E+01 8.34874E-01
 -1      2015 1.19830E+00 1.50229E+01 8.85316E-01
 -1      2016 1.23259E+00 1.50270E+01 8.65126E-01
 -1      2021 1.20612E+00 1.50230E+01 1.11516E+00
 -1      2022 1.16956E+00 1.50262E+01 1.13106E+00
 -1      2023 1.19388E+00 1.50370E+01 1.18484E+00
 -1      2024 1.23044E+00 1.50338E+01 1.16894E+00
 -1      2029 1.59908E-01 1.49616E+01-3.45858E-02
 -1      2030 1.22767E-01 1.49705E+01-2.27077E-02
 -1      2031 1.40092E-01 1.49664E+01 3.45858E-02
 -1      2032 1.77233E-01 1.49575E+01 2.27077E-02
 -1      2037-1.49864E-01 1.49640E+01-3.60552E-02
 -1      2038-1.82310E-01 1.49562E+01-1.39967E-02
 -1      2039-1.50136E-01 1.49640E+01 3.60552E-02
 -1      2040-1.17690E-01 1.49718E+01 1.39967E-02
 -1      2045 1.59908E-01 1.49616E+01 1.96541E+00
 -1      2046 1.22767E-01 1.49705E+01 1.97729E+00
 -1      2047 1.40092E-01 1.49664E+01 2.03459E+00
 -1      2048 1.77233E-01 1.49575E+01 2.02271E+00
 -1      2053-1.49864E-01 1.49640E+01 1.96394E+00
 -1      2054-1.82310E-01 1.49562E+01 1.98600E+00
 -1      2055-1.50136E-01 1.49640E+01 2.03606E+00
 -1      2056-1.17690E-01 1.49718E+01 2.01400E+00
 -1      2061-1.19830E+00 2.50371E+01 8.14684E-01
 -1      2062-1.23259E+00 2.50330E+01 8.34874E-01
 -1      2063-1.20170E+00 2.50229E+01 8.85316E-01
 -1      2064-1.16741E+00 2.50270E+01 8.65126E-01
 -1      2069-1.19388E+00 2.50230E+01 1.11516E+00
 -1      2070-1.23044E+00 2.50262E+01 1.13106E+00
 -1      2071-1.20612E+00 2.50370E+01 1.18484E+00
 -1      2072-1.16956E+00 2.50338E+01 1.16894E+00
 -1      2077 1.20170E+00 2.50371E+01 8.14684E-01
 -1      2078 1.16741E+00 2.50330E+01 8.34874E-01
 -1      2079 1.19830E+00 2.50229E+01 8.85316E-01
 -1      2080 1.23259E+00 2.50270E+01 8.65126E-01
 -1      2085 1.20612E+00 2.50230E+01 1.11516E+00
 -1      2086 1.16956E+00 2.50262E+01 1.13106E+00
 -1      2087 1.19388E+00 2.50370E+01 1.18484E+00
 -1      2088 1.23044E+00 2.50338E+01 1.16894E+00
 -1      2093 1.59908E-01 2.49616E+01-3.45858E-02
 -1      2094 1.22767E-01 2.49705E+01-2.27077E-02
 -1      2095 1.40092E-01 2.49664E+01 3.45858E-02
 -1      2096 1.77233E-01 2.49575E+01 2.27077E-02
 -1      2101-1.49864E-01 2.49640E+01-3.60552E-02
 -1      2102-1.82310E-01 2.49562E+01-1.39967E-02
 -1      2103-1.50136E-01 2.49640E+01 3.60552E-02
 -1      2104-1.17690E-01 2.49718E+01 1.39967E-02
 -1      2109 1.59908E-01 2.49616E+01 1.96541E+00
 -1      2110 1.22767E-01 2.49705E+01 1.97729E+00
 -1      2111 1.40092E-01 2.49664E+01 2.03459E+00
 -1      2112 1.77233E-01 2.49575E+01 2.02271E+00
 -1      2117-1.49864E-01 2.49640E+01 1.96394E+00
 -1      2118-1.82310E-01 2.49562E+01 1.98600E+00
 -1      2119-1.50136E-01 2.49640E+01 2.03606E+00
 -1      2120-1.17690E-01 2.49718E+01 2.01400E+00
 -3
    3C                           184                                     1
 -1         1    1    0    1
 -2       125      1325      1326       126       128      1328      1327       127
 -1         2    1    0    1
 -2      1325       325       326      1326      1328       328       327      1327
 -1         3    1    0    1
 -2       175      1333      1334       176       178      1336      1335       177
 -1         4    1    0    1
 -2      1333       375       376      1334      1336       378       377      1335
 -1         5    1    0    1
 -2       225      1341      1342       226       228      1344      1343       227
 -1         6    1    0    1
 -2      1341       425       426      1342      1344       428       427      1343
 -1         7    1    0    1
 -2       275      1349      1350       276       278      1352      1351       277
 -1         8    1    0    1
 -2      1349       475       476      1350      1352       478       477      1351
 -1         9    1    0    1
 -2       325      1357      1358       326       328      1360      1359       327
 -1        10    1    0    1
 -2      1357      1365      1366      1358      1360      1368      1367      1359
 -1        11    1    0    1
 -2      1365      1373      1374      1366      1368      1376      1375      1367
 -1        12    1    0    1
 -2      1373       525       526      1374      1376       528       527      1375
 -1        13    1    0    1
 -2       375      1381      1382       376       378      1384      1383       377
 -1        14    1    0    1
 -2      1381      1389      1390      1382      1384      1392      1391      1383
 -1        15    1    0    1
 -2      1389      1397      1398      1390      1392      1400      1399      1391
 -1        16    1    0    1
 -2      1397       575       576      1398      1400       578       577      1399
 -1        17    1    0    1
 -2       425      1405      1406       426       428      1408      1407       427
 -1        18    1    0    1
 -2      1405      1413      1414      1406      1408      1416      1415      1407
 -1        19    1    0    1
 -2      1413      1421      1422      1414      1416      1424      1423      1415
 -1        20    1    0    1
 -2      1421       625       626      1422      1424       628       627      1423
 -1        21    1    0    1
 -2       475      1429      1430       476       478      1432      1431       477
 -1        22    1    0    1
 -2      1429      1437      1438      1430      1432      1440      1439      1431
 -1        23    1    0    1
 -2      1437      1445      1446      1438      1440      1448      1447      1439
 -1        24    1    0    1
 -2      1445       675       676      1446      1448       678       677      1447
 -1        25    1    0    1
 -2       525      1453      1454       526       528      1456      1455       527
 -1        26    1    0    1
 -2      1453       725       726      1454      1456       728       727      1455
 -1        27    1    0    1
 -2       575      1461      1462       576       578      1464      1463       577
 -1        28    1    0    1
 -2      1461       775       776      1462      1464       778       777      1463
 -1        29    1    0    1
 -2       625      1469      1470       626       628      1472      1471       627
 -1        30    1    0    1
 -2      1469       825       826      1470      1472       828       827      1471
 -1        31    1    0    1
 -2       675      1477      1478       676       678      1480      1479       677
 -1        32    1    0    1
 -2      1477       875       876      1478      1480       878       877      1479
 -1        33    1    0    1
 -2       725      1485      1486       726       728      1488      1487       727
 -1        34    1    0    1
 -2      1485       925       926      1486      1488       928       927      1487
 -1        35    1    0    1
 -2       775      1493      1494       776       778      1496      1495       777
 -1        36    1    0    1
 -2      1493       975       976      1494      1496       978       977      1495
 -1        37    1    0    1
 -2       825      1501      1502       826       828      1504      1503       827
 -1        38    1    0    1
 -2      1501      1025      1026      1502      1504      1028      1027      1503
 -1        39    1    0    1
 -2       875      1509      1510       876       878      1512      1511       877
 -1        40    1    0    1
 -2      1509      1075      1076      1510      1512      1078      1077      1511
 -1        41    1    0    1
 -2       925      1125      1126       926       928      1128      1127       927
 -1        42    1    0    1
 -2       975      1175      1176       976       978      1178      1177       977
 -1        43    1    0    1
 -2      1025      1225      1226      1026      1028      1228      1227      1027
 -1        44    1    0    1
 -2      1075      1275      1276      1076      1078      1278      1277      1077
 -1        45    1    0    1
 -2       133      1517      1518       134       136      1520      1519       135
 -1        46    1    0    1
 -2      1517      1525      1526      1518      1520      1528      1527      1519
 -1        47    1    0    1
 -2      1525      1533      1534      1526      1528      1536      1535      1527
 -1        48    1    0    1
 -2      1533       183       184      1534      1536       186       185      1535
 -1        49    1    0    1
 -2       233      1541      1542       234       236      1544      1543       235
 -1        50    1    0    1
 -2      1541      1549      1550      1542      1544      1552      1551      1543
 -1        51    1    0    1
 -2      1549      1557      1558      1550      1552      1560      1559      1551
 -1        52    1    0    1
 -2      1557       283       284      1558      1560       286       285      1559
 -1        53    1    0    1
 -2       141      1565      1566       142       144      1568      1567       143
 -1        54    1    0    1
 -2      1565      1573      1574      1566      1568      1576      1575      1567
 -1        55    1    0    1
 -2      1573      1581      1582      1574      1576      1584      1583      1575
 -1        56    1    0    1
 -2      1581       241       242      1582      1584       244       243      1583
 -1        57    1    0    1
 -2       191      1589      1590       192       194      1592      1591       193
 -1        58    1    0    1
 -2      1589      1597      1598      1590      1592      1600      1599      1591
 -1        59    1    0    1
 -2      1597      1605      1606      1598      1600      1608      1607      1599
 -1        60    1    0    1
 -2      1605       291       292      1606      1608       294       293      1607
 -1        61    1    0    1
 -2       333       383       384       334       336       386       385       335
 -1        62    1    0    1
 -2       433       483       484       434       436       486       485       435
 -1        63    1    0    1
 -2       341       441       442       342       344       444       443       343
 -1        64    1    0    1
 -2       391       491       492       392       394       494       493       393
 -1        65    1    0    1
 -2       533      1613      1614       534       536      1616      1615       535
 -1        66    1    0    1
 -2      1613      1621      1622      1614      1616      1624      1623      1615
 -1        67    1    0    1
 -2      1621      1629      1630      1622      1624      1632      1631      1623
 -1        68    1    0    1
 -2      1629       583       584      1630      1632       586       585      1631
 -1        69    1    0    1
 -2       633      1637      1638       634       636      1640      1639       635
 -1        70    1    0    1
 -2      1637      1645      1646      1638      1640      1648      1647      1639
 -1        71    1    0    1
 -2      1645      1653      1654      1646      1648      1656      1655      1647
 -1        72    1    0    1
 -2      1653       683       684      1654      1656       686       685      1655
 -1        73    1    0    1
 -2       541      1661      1662       542       544      1664      1663       543
 -1        74    1    0    1
 -2      1661      1669      1670      1662      1664      1672      1671      1663
 -1        75    1    0    1
 -2      1669      1677      1678      1670      1672      1680      1679      1671
 -1        76    1    0    1
 -2      1677       641       642      1678      1680       644       643      1679
 -1        77    1    0    1
 -2       591      1685      1686       592       594      1688      1687       593
 -1        78    1    0    1
 -2      1685      1693      1694      1686      1688      1696      1695      1687
 -1        79    1    0    1
 -2      1693      1701      1702      1694      1696      1704      1703      1695
 -1        80    1    0    1
 -2      1701       691       692      1702      1704       694       693      1703
 -1        81    1    0    1
 -2       733      1709      1710       734       736      1712      1711       735
 -1        82    1    0    1
 -2      1709      1717      1718      1710      1712      1720      1719      1711
 -1        83    1    0    1
 -2      1717      1725      1726      1718      1720      1728      1727      1719
 -1        84    1    0    1
 -2      1725       783       784      1726      1728       786       785      1727
 -1        85    1    0    1
 -2       833      1733      1734       834       836      1736      1735       835
 -1        86    1    0    1
 -2      1733      1741      1742      1734      1736      1744      1743      1735
 -1        87    1    0    1
 -2      1741      1749      1750      1742      1744      1752      1751      1743
 -1        88    1    0    1
 -2      1749       883       884      1750      1752       886       885      1751
 -1        89    1    0    1
 -2       741      1757      1758       742       744      1760      1759       743
 -1        90    1    0    1
 -2      1757      1765      1766      1758      1760      1768      1767      1759
 -1        91    1    0    1
 -2      1765      1773      1774      1766      1768      1776      1775      1767
 -1        92    1    0    1
 -2      1773       841       842      1774      1776       844       843      1775
 -1        93    1    0    1
 -2       791      1781      1782       792       794      1784      1783       793
 -1        94    1    0    1
 -2      1781      1789      1790      1782      1784      1792      1791      1783
 -1        95    1    0    1
 -2      1789      1797      1798      1790      1792      1800      1799      1791
 -1        96    1    0    1
 -2      1797       891       892      1798      1800       894       893      1799
 -1        97    1    0    1
 -2       933      1805      1806       934       936      1808      1807       935
 -1        98    1    0    1
 -2      1805      1813      1814      1806      1808      1816      1815      1807
 -1        99    1    0    1
 -2      1813      1821      1822      1814      1816      1824      1823      1815
 -1       100    1    0    1
 -2      1821       983       984      1822      1824       986       985      1823
 -1       101    1    0    1
 -2      1033      1829      1830      1034      1036      1832      1831      1035
 -1       102    1    0    1
 -2      1829      1837      1838      1830      1832      1840      1839      1831
 -1       103    1    0    1
 -2      1837      1845      1846      1838      1840      1848      1847      1839
 -1       104    1    0    1
 -2      1845      1083      1084      1846      1848      1086      1085      1847
 -1       105    1    0    1
 -2       941      1853      1854       942       944      1856      1855       943
 -1       106    1    0    1
 -2      1853      1861      1862      1854      1856      1864      1863      1855
 -1       107    1    0    1
 -2      1861      1869      1870      1862      1864      1872      1871      1863
 -1       108    1    0    1
 -2      1869      1041      1042      1870      1872      1044      1043      1871
 -1       109    1    0    1
 -2       991      1877      1878       992       994      1880      1879       993
 -1       110    1    0    1
 -2      1877      1885      1886      1878      1880      1888      1887      1879
 -1       111    1    0    1
 -2      1885      1893      1894      1886      1888      1896      1895      1887
 -1       112    1    0    1
 -2      1893      1091      1092      1894      1896      1094      1093      1895
 -1       113    1    0    1
 -2      1133      1901      1902      1134      1136      1904      1903      1135
 -1       114    1    0    1
 -2      1901      1909      1910      1902      1904      1912      1911      1903
 -1       115    1    0    1
 -2      1909      1917      1918      1910      1912      1920      1919      1911
 -1       116    1    0    1
 -2      1917      1183      1184      1918      1920      1186      1185      1919
 -1       117    1    0    1
 -2      1233      1925      1926      1234      1236      1928      1927      1235
 -1       118    1    0    1
 -2      1925      1933      1934      1926      1928      1936      1935      1927
 -1       119    1    0    1
 -2      1933      1941      1942      1934      1936      1944      1943      1935
 -1       120    1    0    1
 -2      1941      1283      1284      1942      1944      1286      1285      1943
 -1       121    1    0    1
 -2      1141      1949      1950      1142      1144      1952      1951      1143
 -1       122    1    0    1
 -2      1949      1957      1958      1950      1952      1960      1959      1951
 -1       123    1    0    1
 -2      1957      1965      1966      1958      1960      1968      1967      1959
 -1       124    1    0    1
 -2      1965      1241      1242      1966      1968      1244      1243      1967
 -1       125    1    0    1
 -2      1191      1973      1974      1192      1194      1976      1975      1193
 -1       126    1    0    1
 -2      1973      1981      1982      1974      1976      1984      1983      1975
 -1       127    1    0    1
 -2      1981      1989      1990      1982      1984      1992      1991      1983
 -1       128    1    0    1
 -2      1989      1291      1292      1990      1992      1294      1293      1991
 -1       129    1    0    1
 -2       125       425       426       126       128       428       427       127
 -1       130    1    0    1
 -2       225       325       326       226       228       328       327       227
 -1       131    1    0    1
 -2       175       475       476       176       178       478       477       177
 -1       132    1    0    1
 -2       275       375       376       276       278       378       377       277
 -1       133    1    0    1
 -2       125       375       376       126       128       378       377       127
 -1       134    1    0    1
 -2       175       325       326       176       178       328       327       177
 -1       135    1    0    1
 -2       225       475       476       226       228       478       477       227
 -1       136    1    0    1
 -2       275       425       426       276       278       428       427       277
 -1       137    1    0    1
 -2       325      1997      1998       326       328      2000      1999       327
 -1       138    1    0    1
 -2      1997       625       626      1998      2000       628       627      1999
 -1       139    1    0    1
 -2       425      2005      2006       426       428      2008      2007       427
 -1       140    1    0    1
 -2      2005       525       526      2006      2008       528       527      2007
 -1       141    1    0    1
 -2       375      2013      2014       376       378      2016      2015       377
 -1       142    1    0    1
 -2      2013       675       676      2014      2016       678       677      2015
 -1       143    1    0    1
 -2       475      2021      2022       476       478      2024      2023       477
 -1       144    1    0    1
 -2      2021       575       576      2022      2024       578       577      2023
 -1       145    1    0    1
 -2       325      2029      2030       326       328      2032      2031       327
 -1       146    1    0    1
 -2      2029       575       576      2030      2032       578       577      2031
 -1       147    1    0    1
 -2       375      2037      2038       376       378      2040      2039       377
 -1       148    1    0    1
 -2      2037       525       526      2038      2040       528       527      2039
 -1       149    1    0    1
 -2       425      2045      2046       426       428      2048      2047       427
 -1       150    1    0    1
 -2      2045       675       676      2046      2048       678       677      2047
 -1       151    1    0    1
 -2       475      2053      2054       476       478      2056      2055       477
 -1       152    1    0    1
 -2      2053       625       626      2054      2056       628       627      2055
 -1       153    1    0    1
 -2       525      2061      2062       526       528      2064      2063       527
 -1       154    1    0    1
 -2      2061       825       826      2062      2064       828       827      2063
 -1       155    1    0    1
 -2       625      2069      2070       626       628      2072      2071       627
 -1       156    1    0    1
 -2      2069       725       726      2070      2072       728       727      2071
 -1       157    1    0    1
 -2       575      2077      2078       576       578      2080      2079       577
 -1       158    1    0    1
 -2      2077       875       876      2078      2080       878       877      2079
 -1       159    1    0    1
 -2       675      2085      2086       676       678      2088      2087       677
 -1       160    1    0    1
 -2      2085       775       776      2086      2088       778       777      2087
 -1       161    1    0    1
 -2       525      2093      2094       526       528      2096      2095       527
 -1       162    1    0    1
 -2      2093       775       776      2094      2096       778       777      2095
 -1       163    1    0    1
 -2       575      2101      2102       576       578      2104      2103       577
 -1       164    1    0    1
 -2      2101       725       726      2102      2104       728       727      2103
 -1       165    1    0    1
 -2       625      2109      2110       626       628      2112      2111       627
 -1       166    1    0    1
 -2      2109       875       876      2110      2112       878       877      2111
 -1       167    1    0    1
 -2       675      2117      2118       676       678      2120      2119       677
 -1       168    1    0    1
 -2      2117       825       826      2118      2120       828       827      2119
 -1       169    1    0    1
 -2       725      1025      1026       726       728      1028      1027       727
 -1       170    1    0    1
 -2       825       925       926       826       828       928       927       827
 -1       171    1    0    1
 -2       775      1075      1076       776       778      1078      1077       777
 -1       172    1    0    1
 -2       875       975       976       876       878       978       977       877
 -1       173    1    0    1
 -2       725       975       976       726       728       978       977       727
 -1       174    1    0    1
 -2       775       925       926       776       778       928       927       777
 -1       175    1    0    1
 -2       825      1075      1076       826       828      1078      1077       827
 -1       176    1    0    1
 -2       875      1025      1026       876       878      1028      1027       877
 -1       177    1    0    1
 -2       925      1225      1226       926       928      1228      1227       927
 -1       178    1    0    1
 -2      1025      1125      1126      1026      1028      1128      1127      1027
 -1       179    1    0    1
 -2       975      1275      1276       976       978      1278      1277       977
 -1       180    1    0    1
 -2      1075      1175      1176      1076      1078      1178      1177      1077
 -1       181    1    0    1
 -2       925      1175      1176       926       928      1178      1177       927
 -1       182    1    0    1
 -2       975      1125      1126       976       978      1128      1127       977
 -1       183    1    0    1
 -2      1025      1275      1276      1026      1028      1278      1277      1027
 -1       184    1    0    1
 -2      1075      1225      1226      1076      1078      1228      1227      1077
 -3
    1PSTEP                         1           1           1          
  100CL  101 1.000000000           0                     0    1           1
 -4  DISP        4    1
 -5  D1          1    2    1    0
 -5  D2          1    2    2    0
 -5  D3          1    2    3    0
 -5  ALL         1    2    0    0    1ALL
 -3
 9999
