    1C
    1UNormalized cross-passage space-truss torsion benchmark            
    1UUSER                                                              
    1UDATE              06.august.2026                                  
    1UTIME              08:14:13                                        
    1UHOST                                                              
    1UPGM               CalculiX                                        
    1UVERSION           Version 2.21                             
    1UCOMPILETIME       Sat Jul 29 10:52:01 CEST 2023                    
    1UDIR                                                               
    1UDBN                                                               
    1UMAT    1STEEL                                                     
    2C                          1008                                     1
 -1       205-1.19380E+00 1.23283E-03-3.54973E-02
 -1       206-1.23025E+00 3.83348E-03-1.92356E-02
 -1       207-1.20620E+00-1.23283E-03 3.54973E-02
 -1       208-1.16975E+00-3.83348E-03 1.92356E-02
 -1       213-1.20000E+00-3.40000E-02-1.20000E-02
 -1       214-1.20000E+00-2.00000E-03-3.60000E-02
 -1       215-1.20000E+00 3.40000E-02 1.20000E-02
 -1       216-1.20000E+00 2.00000E-03 3.60000E-02
 -1       221-1.23328E+00-1.38675E-02 0.00000E+00
 -1       222-1.20000E+00-3.60555E-02 0.00000E+00
 -1       223-1.16672E+00 1.38675E-02 0.00000E+00
 -1       224-1.20000E+00 3.60555E-02 0.00000E+00
 -1       255 1.20192E+00 2.02000E-03-3.59479E-02
 -1       256 1.16765E+00-2.24023E-03-1.57584E-02
 -1       257 1.19808E+00-2.02000E-03 3.59479E-02
 -1       258 1.23235E+00 2.24023E-03 1.57584E-02
 -1       263 1.20000E+00-3.40000E-02-1.20000E-02
 -1       264 1.20000E+00-2.00000E-03-3.60000E-02
 -1       265 1.20000E+00 3.40000E-02 1.20000E-02
 -1       266 1.20000E+00 2.00000E-03 3.60000E-02
 -1       271 1.16672E+00-1.38675E-02 0.00000E+00
 -1       272 1.20000E+00-3.60555E-02 0.00000E+00
 -1       273 1.23328E+00 1.38675E-02 0.00000E+00
 -1       274 1.20000E+00 3.60555E-02 0.00000E+00
 -1       305-1.19299E+00-2.46533E-03 1.96472E+00
 -1       306-1.22980E+00 1.77232E-03 1.97979E+00
 -1       307-1.20701E+00 2.46533E-03 2.03528E+00
 -1       308-1.17020E+00-1.77232E-03 2.02021E+00
 -1       313-1.20000E+00-3.40000E-02 1.98800E+00
 -1       314-1.20000E+00-2.00000E-03 1.96400E+00
 -1       315-1.20000E+00 3.40000E-02 2.01200E+00
 -1       316-1.20000E+00 2.00000E-03 2.03600E+00
 -1       321-1.23328E+00-1.38675E-02 2.00000E+00
 -1       322-1.20000E+00-3.60555E-02 2.00000E+00
 -1       323-1.16672E+00 1.38675E-02 2.00000E+00
 -1       324-1.20000E+00 3.60555E-02 2.00000E+00
 -1       355 1.20328E+00-1.52699E-03 1.96413E+00
 -1       356 1.16826E+00-3.84203E-03 1.98332E+00
 -1       357 1.19672E+00 1.52699E-03 2.03587E+00
 -1       358 1.23174E+00 3.84203E-03 2.01668E+00
 -1       363 1.20000E+00-3.40000E-02 1.98800E+00
 -1       364 1.20000E+00-2.00000E-03 1.96400E+00
 -1       365 1.20000E+00 3.40000E-02 2.01200E+00
 -1       366 1.20000E+00 2.00000E-03 2.03600E+00
 -1       371 1.16672E+00-1.38675E-02 2.00000E+00
 -1       372 1.20000E+00-3.60555E-02 2.00000E+00
 -1       373 1.23328E+00 1.38675E-02 2.00000E+00
 -1       374 1.20000E+00 3.60555E-02 2.00000E+00
 -1       405-1.19524E+00 9.99951E+00-3.57367E-02
 -1       406-1.23116E+00 1.00000E+01-1.81406E-02
 -1       407-1.20476E+00 1.00005E+01 3.57367E-02
 -1       408-1.16884E+00 9.99999E+00 1.81406E-02
 -1       413-1.20102E+00 9.96591E+00-1.16828E-02
 -1       414-1.20007E+00 9.99767E+00-3.59798E-02
 -1       415-1.19898E+00 1.00341E+01 1.16828E-02
 -1       416-1.19993E+00 1.00023E+01 3.59798E-02
 -1       421-1.23354E+00 9.98678E+00 3.96605E-04
 -1       422-1.20069E+00 9.96397E+00 1.08098E-03
 -1       423-1.16646E+00 1.00132E+01-3.96605E-04
 -1       424-1.19931E+00 1.00360E+01-1.08098E-03
 -1       455 1.20433E+00 9.99994E+00-3.57945E-02
 -1       456 1.16863E+00 9.99972E+00-1.77637E-02
 -1       457 1.19567E+00 1.00001E+01 3.57945E-02
 -1       458 1.23137E+00 1.00003E+01 1.77637E-02
 -1       463 1.20102E+00 9.96614E+00-1.23355E-02
 -1       464 1.20005E+00 9.99836E+00-3.60180E-02
 -1       465 1.19898E+00 1.00339E+01 1.23355E-02
 -1       466 1.19995E+00 1.00016E+01 3.60180E-02
 -1       471 1.16697E+00 9.98555E+00-4.33494E-04
 -1       472 1.20064E+00 9.96397E+00-1.08101E-03
 -1       473 1.23303E+00 1.00145E+01 4.33494E-04
 -1       474 1.19936E+00 1.00360E+01 1.08101E-03
 -1       505-1.19542E+00 1.00001E+01 1.96424E+00
 -1       506-1.23125E+00 1.00003E+01 1.98201E+00
 -1       507-1.20458E+00 9.99995E+00 2.03576E+00
 -1       508-1.16875E+00 9.99972E+00 2.01799E+00
 -1       513-1.19898E+00 9.96614E+00 1.98766E+00
 -1       514-1.19995E+00 9.99836E+00 1.96398E+00
 -1       515-1.20102E+00 1.00339E+01 2.01234E+00
 -1       516-1.20005E+00 1.00016E+01 2.03602E+00
 -1       521-1.23303E+00 9.98555E+00 1.99957E+00
 -1       522-1.19936E+00 9.96397E+00 1.99892E+00
 -1       523-1.16697E+00 1.00145E+01 2.00043E+00
 -1       524-1.20064E+00 1.00360E+01 2.00108E+00
 -1       555 1.20415E+00 1.00005E+01 1.96419E+00
 -1       556 1.16853E+00 9.99998E+00 1.98240E+00
 -1       557 1.19585E+00 9.99952E+00 2.03581E+00
 -1       558 1.23147E+00 1.00000E+01 2.01760E+00
 -1       563 1.19898E+00 9.96591E+00 1.98832E+00
 -1       564 1.19993E+00 9.99767E+00 1.96402E+00
 -1       565 1.20102E+00 1.00341E+01 2.01168E+00
 -1       566 1.20007E+00 1.00023E+01 2.03598E+00
 -1       571 1.16646E+00 9.98678E+00 2.00040E+00
 -1       572 1.19931E+00 9.96397E+00 2.00108E+00
 -1       573 1.23354E+00 1.00132E+01 1.99960E+00
 -1       574 1.20069E+00 1.00360E+01 1.99892E+00
 -1       605-1.19529E+00 1.99999E+01-3.57462E-02
 -1       606-1.23118E+00 2.00002E+01-1.80980E-02
 -1       607-1.20471E+00 2.00001E+01 3.57462E-02
 -1       608-1.16882E+00 1.99998E+01 1.80980E-02
 -1       613-1.20000E+00 1.99660E+01-1.20000E-02
 -1       614-1.20000E+00 1.99980E+01-3.60000E-02
 -1       615-1.20000E+00 2.00340E+01 1.20000E-02
 -1       616-1.20000E+00 2.00020E+01 3.60000E-02
 -1       621-1.23328E+00 1.99861E+01 0.00000E+00
 -1       622-1.20000E+00 1.99639E+01 0.00000E+00
 -1       623-1.16672E+00 2.00139E+01 0.00000E+00
 -1       624-1.20000E+00 2.00361E+01 0.00000E+00
 -1       655 1.20452E+00 1.99996E+01-3.57684E-02
 -1       656 1.16872E+00 1.99996E+01-1.79293E-02
 -1       657 1.19548E+00 2.00004E+01 3.57684E-02
 -1       658 1.23128E+00 2.00004E+01 1.79293E-02
 -1       663 1.20000E+00 1.99660E+01-1.20000E-02
 -1       664 1.20000E+00 1.99980E+01-3.60000E-02
 -1       665 1.20000E+00 2.00340E+01 1.20000E-02
 -1       666 1.20000E+00 2.00020E+01 3.60000E-02
 -1       671 1.16672E+00 1.99861E+01 0.00000E+00
 -1       672 1.20000E+00 1.99639E+01 0.00000E+00
 -1       673 1.23328E+00 2.00139E+01 0.00000E+00
 -1       674 1.20000E+00 2.00361E+01 0.00000E+00
 -1       705-1.19545E+00 2.00004E+01 1.96424E+00
 -1       706-1.23126E+00 2.00004E+01 1.98205E+00
 -1       707-1.20455E+00 1.99996E+01 2.03576E+00
 -1       708-1.16874E+00 1.99996E+01 2.01795E+00
 -1       713-1.20000E+00 1.99660E+01 1.98800E+00
 -1       714-1.20000E+00 1.99980E+01 1.96400E+00
 -1       715-1.20000E+00 2.00340E+01 2.01200E+00
 -1       716-1.20000E+00 2.00020E+01 2.03600E+00
 -1       721-1.23328E+00 1.99861E+01 2.00000E+00
 -1       722-1.20000E+00 1.99639E+01 2.00000E+00
 -1       723-1.16672E+00 2.00139E+01 2.00000E+00
 -1       724-1.20000E+00 2.00361E+01 2.00000E+00
 -1       755 1.20436E+00 2.00001E+01 1.96421E+00
 -1       756 1.16864E+00 1.99998E+01 1.98221E+00
 -1       757 1.19564E+00 1.99999E+01 2.03579E+00
 -1       758 1.23136E+00 2.00002E+01 2.01779E+00
 -1       763 1.20000E+00 1.99660E+01 1.98800E+00
 -1       764 1.20000E+00 1.99980E+01 1.96400E+00
 -1       765 1.20000E+00 2.00340E+01 2.01200E+00
 -1       766 1.20000E+00 2.00020E+01 2.03600E+00
 -1       771 1.16672E+00 1.99861E+01 2.00000E+00
 -1       772 1.20000E+00 1.99639E+01 2.00000E+00
 -1       773 1.23328E+00 2.00139E+01 2.00000E+00
 -1       774 1.20000E+00 2.00361E+01 2.00000E+00
 -1       805-1.19498E+00 2.99992E+01-3.56952E-02
 -1       806-1.23102E+00 3.00001E+01-1.83759E-02
 -1       807-1.20502E+00 3.00008E+01 3.56952E-02
 -1       808-1.16898E+00 2.99999E+01 1.83759E-02
 -1       813-1.20145E+00 2.99659E+01-1.15569E-02
 -1       814-1.20010E+00 2.99975E+01-3.59709E-02
 -1       815-1.19855E+00 3.00341E+01 1.15569E-02
 -1       816-1.19990E+00 3.00025E+01 3.59709E-02
 -1       821-1.23365E+00 2.99871E+01 5.48678E-04
 -1       822-1.20099E+00 2.99640E+01 1.52775E-03
 -1       823-1.16635E+00 3.00129E+01-5.48678E-04
 -1       824-1.19901E+00 3.00360E+01-1.52775E-03
 -1       855 1.20431E+00 2.99997E+01-3.57960E-02
 -1       856 1.16862E+00 2.99994E+01-1.77407E-02
 -1       857 1.19569E+00 3.00003E+01 3.57960E-02
 -1       858 1.23138E+00 3.00006E+01 1.77407E-02
 -1       863 1.20143E+00 2.99662E+01-1.24797E-02
 -1       864 1.20006E+00 2.99985E+01-3.60247E-02
 -1       865 1.19857E+00 3.00338E+01 1.24797E-02
 -1       866 1.19994E+00 3.00015E+01 3.60247E-02
 -1       871 1.16707E+00 2.99853E+01-6.22501E-04
 -1       872 1.20089E+00 2.99640E+01-1.52786E-03
 -1       873 1.23293E+00 3.00147E+01 6.22501E-04
 -1       874 1.19911E+00 3.00360E+01 1.52786E-03
 -1       905-1.19530E+00 3.00003E+01 1.96425E+00
 -1       906-1.23119E+00 3.00006E+01 1.98192E+00
 -1       907-1.20470E+00 2.99997E+01 2.03575E+00
 -1       908-1.16881E+00 2.99994E+01 2.01808E+00
 -1       913-1.19857E+00 2.99662E+01 1.98752E+00
 -1       914-1.19994E+00 2.99985E+01 1.96398E+00
 -1       915-1.20143E+00 3.00338E+01 2.01248E+00
 -1       916-1.20006E+00 3.00015E+01 2.03602E+00
 -1       921-1.23293E+00 2.99853E+01 1.99938E+00
 -1       922-1.19911E+00 2.99640E+01 1.99847E+00
 -1       923-1.16707E+00 3.00147E+01 2.00062E+00
 -1       924-1.20089E+00 3.00360E+01 2.00153E+00
 -1       955 1.20395E+00 3.00008E+01 1.96417E+00
 -1       956 1.16844E+00 2.99999E+01 1.98256E+00
 -1       957 1.19605E+00 2.99992E+01 2.03583E+00
 -1       958 1.23156E+00 3.00001E+01 2.01744E+00
 -1       963 1.19855E+00 2.99659E+01 1.98844E+00
 -1       964 1.19990E+00 2.99975E+01 1.96403E+00
 -1       965 1.20145E+00 3.00341E+01 2.01156E+00
 -1       966 1.20010E+00 3.00025E+01 2.03597E+00
 -1       971 1.16635E+00 2.99871E+01 2.00055E+00
 -1       972 1.19901E+00 2.99640E+01 2.00153E+00
 -1       973 1.23365E+00 3.00129E+01 1.99945E+00
 -1       974 1.20099E+00 3.00360E+01 1.99847E+00
 -1      1005-1.19509E+00 3.99994E+01-3.57146E-02
 -1      1006-1.23108E+00 4.00001E+01-1.82762E-02
 -1      1007-1.20491E+00 4.00006E+01 3.57146E-02
 -1      1008-1.16892E+00 3.99999E+01 1.82762E-02
 -1      1013-1.20000E+00 3.99660E+01-1.20000E-02
 -1      1014-1.20000E+00 3.99980E+01-3.60000E-02
 -1      1015-1.20000E+00 4.00340E+01 1.20000E-02
 -1      1016-1.20000E+00 4.00020E+01 3.60000E-02
 -1      1021-1.23328E+00 3.99861E+01 0.00000E+00
 -1      1022-1.20000E+00 3.99639E+01 0.00000E+00
 -1      1023-1.16672E+00 4.00139E+01 0.00000E+00
 -1      1024-1.20000E+00 4.00361E+01 0.00000E+00
 -1      1055 1.20434E+00 3.99997E+01-3.57918E-02
 -1      1056 1.16863E+00 3.99994E+01-1.77692E-02
 -1      1057 1.19566E+00 4.00003E+01 3.57918E-02
 -1      1058 1.23137E+00 4.00006E+01 1.77692E-02
 -1      1063 1.20000E+00 3.99660E+01-1.20000E-02
 -1      1064 1.20000E+00 3.99980E+01-3.60000E-02
 -1      1065 1.20000E+00 4.00340E+01 1.20000E-02
 -1      1066 1.20000E+00 4.00020E+01 3.60000E-02
 -1      1071 1.16672E+00 3.99861E+01 0.00000E+00
 -1      1072 1.20000E+00 3.99639E+01 0.00000E+00
 -1      1073 1.23328E+00 4.00139E+01 0.00000E+00
 -1      1074 1.20000E+00 4.00361E+01 0.00000E+00
 -1      1105-1.19537E+00 4.00003E+01 1.96424E+00
 -1      1106-1.23122E+00 4.00006E+01 1.98198E+00
 -1      1107-1.20463E+00 3.99997E+01 2.03576E+00
 -1      1108-1.16878E+00 3.99994E+01 2.01802E+00
 -1      1113-1.20000E+00 3.99660E+01 1.98800E+00
 -1      1114-1.20000E+00 3.99980E+01 1.96400E+00
 -1      1115-1.20000E+00 4.00340E+01 2.01200E+00
 -1      1116-1.20000E+00 4.00020E+01 2.03600E+00
 -1      1121-1.23328E+00 3.99861E+01 2.00000E+00
 -1      1122-1.20000E+00 3.99639E+01 2.00000E+00
 -1      1123-1.16672E+00 4.00139E+01 2.00000E+00
 -1      1124-1.20000E+00 4.00361E+01 2.00000E+00
 -1      1155 1.20404E+00 4.00006E+01 1.96418E+00
 -1      1156 1.16848E+00 3.99999E+01 1.98249E+00
 -1      1157 1.19596E+00 3.99994E+01 2.03582E+00
 -1      1158 1.23152E+00 4.00001E+01 2.01751E+00
 -1      1163 1.20000E+00 3.99660E+01 1.98800E+00
 -1      1164 1.20000E+00 3.99980E+01 1.96400E+00
 -1      1165 1.20000E+00 4.00340E+01 2.01200E+00
 -1      1166 1.20000E+00 4.00020E+01 2.03600E+00
 -1      1171 1.16672E+00 3.99861E+01 2.00000E+00
 -1      1172 1.20000E+00 3.99639E+01 2.00000E+00
 -1      1173 1.23328E+00 4.00139E+01 2.00000E+00
 -1      1174 1.20000E+00 4.00361E+01 2.00000E+00
 -1      1205-1.19622E+00 4.99980E+01-3.58033E-02
 -1      1206-1.23157E+00 4.99968E+01-1.71203E-02
 -1      1207-1.20378E+00 5.00020E+01 3.58033E-02
 -1      1208-1.16843E+00 5.00032E+01 1.71203E-02
 -1      1213-1.20000E+00 4.99660E+01-1.20000E-02
 -1      1214-1.20000E+00 4.99980E+01-3.60000E-02
 -1      1215-1.20000E+00 5.00340E+01 1.20000E-02
 -1      1216-1.20000E+00 5.00020E+01 3.60000E-02
 -1      1221-1.23328E+00 4.99861E+01 0.00000E+00
 -1      1222-1.20000E+00 4.99639E+01 0.00000E+00
 -1      1223-1.16672E+00 5.00139E+01 0.00000E+00
 -1      1224-1.20000E+00 5.00361E+01 0.00000E+00
 -1      1255 1.20667E+00 4.99963E+01-3.52437E-02
 -1      1256 1.16994E+00 5.00003E+01-1.99053E-02
 -1      1257 1.19333E+00 5.00037E+01 3.52437E-02
 -1      1258 1.23006E+00 4.99997E+01 1.99053E-02
 -1      1263 1.20000E+00 4.99660E+01-1.20000E-02
 -1      1264 1.20000E+00 4.99980E+01-3.60000E-02
 -1      1265 1.20000E+00 5.00340E+01 1.20000E-02
 -1      1266 1.20000E+00 5.00020E+01 3.60000E-02
 -1      1271 1.16672E+00 4.99861E+01 0.00000E+00
 -1      1272 1.20000E+00 4.99639E+01 0.00000E+00
 -1      1273 1.23328E+00 5.00139E+01 0.00000E+00
 -1      1274 1.20000E+00 5.00361E+01 0.00000E+00
 -1      1305-1.19824E+00 5.00034E+01 1.96415E+00
 -1      1306-1.23248E+00 4.99992E+01 1.98438E+00
 -1      1307-1.20176E+00 4.99966E+01 2.03585E+00
 -1      1308-1.16752E+00 5.00008E+01 2.01562E+00
 -1      1313-1.20000E+00 4.99660E+01 1.98800E+00
 -1      1314-1.20000E+00 4.99980E+01 1.96400E+00
 -1      1315-1.20000E+00 5.00340E+01 2.01200E+00
 -1      1316-1.20000E+00 5.00020E+01 2.03600E+00
 -1      1321-1.23328E+00 4.99861E+01 2.00000E+00
 -1      1322-1.20000E+00 4.99639E+01 2.00000E+00
 -1      1323-1.16672E+00 5.00139E+01 2.00000E+00
 -1      1324-1.20000E+00 5.00361E+01 2.00000E+00
 -1      1355 1.20533E+00 5.00018E+01 1.96439E+00
 -1      1356 1.16921E+00 5.00033E+01 1.98152E+00
 -1      1357 1.19467E+00 4.99982E+01 2.03561E+00
 -1      1358 1.23079E+00 4.99967E+01 2.01848E+00
 -1      1363 1.20000E+00 4.99660E+01 1.98800E+00
 -1      1364 1.20000E+00 4.99980E+01 1.96400E+00
 -1      1365 1.20000E+00 5.00340E+01 2.01200E+00
 -1      1366 1.20000E+00 5.00020E+01 2.03600E+00
 -1      1371 1.16672E+00 4.99861E+01 2.00000E+00
 -1      1372 1.20000E+00 4.99639E+01 2.00000E+00
 -1      1373 1.23328E+00 5.00139E+01 2.00000E+00
 -1      1374 1.20000E+00 5.00361E+01 2.00000E+00
 -1      1405-1.19553E+00 1.50000E+01-1.85778E-01
 -1      1406-1.23131E+00 1.50000E+01-1.67883E-01
 -1      1407-1.20447E+00 1.50000E+01-1.14222E-01
 -1      1408-1.16869E+00 1.50000E+01-1.32117E-01
 -1      1413 1.20447E+00 1.50000E+01 1.14222E-01
 -1      1414 1.16869E+00 1.50000E+01 1.32117E-01
 -1      1415 1.19553E+00 1.50000E+01 1.85778E-01
 -1      1416 1.23131E+00 1.50000E+01 1.67883E-01
 -1      1421-1.19553E+00 1.50000E+01 1.81422E+00
 -1      1422-1.23131E+00 1.50000E+01 1.83212E+00
 -1      1423-1.20447E+00 1.50000E+01 1.88578E+00
 -1      1424-1.16869E+00 1.50000E+01 1.86788E+00
 -1      1429 1.20447E+00 1.50000E+01 2.11422E+00
 -1      1430 1.16869E+00 1.50000E+01 2.13212E+00
 -1      1431 1.19553E+00 1.50000E+01 2.18578E+00
 -1      1432 1.23131E+00 1.50000E+01 2.16788E+00
 -1      1437-1.19553E+00 3.50000E+01-1.85778E-01
 -1      1438-1.23131E+00 3.50000E+01-1.67883E-01
 -1      1439-1.20447E+00 3.50000E+01-1.14222E-01
 -1      1440-1.16869E+00 3.50000E+01-1.32117E-01
 -1      1445 1.20447E+00 3.50000E+01 1.14222E-01
 -1      1446 1.16869E+00 3.50000E+01 1.32117E-01
 -1      1447 1.19553E+00 3.50000E+01 1.85778E-01
 -1      1448 1.23131E+00 3.50000E+01 1.67883E-01
 -1      1453-1.19553E+00 3.50000E+01 1.81422E+00
 -1      1454-1.23131E+00 3.50000E+01 1.83212E+00
 -1      1455-1.20447E+00 3.50000E+01 1.88578E+00
 -1      1456-1.16869E+00 3.50000E+01 1.86788E+00
 -1      1461 1.20447E+00 3.50000E+01 2.11422E+00
 -1      1462 1.16869E+00 3.50000E+01 2.13212E+00
 -1      1463 1.19553E+00 3.50000E+01 2.18578E+00
 -1      1464 1.23131E+00 3.50000E+01 2.16788E+00
 -1      1469-1.19522E+00 4.24989E+01-1.41787E-01
 -1      1470-1.23115E+00 4.24995E+01-1.24216E-01
 -1      1471-1.20478E+00 4.25011E+01-7.03450E-02
 -1      1472-1.16885E+00 4.25005E+01-8.79159E-02
 -1      1477-1.19553E+00 4.50000E+01-1.85777E-01
 -1      1478-1.23131E+00 4.50000E+01-1.67887E-01
 -1      1479-1.20447E+00 4.50000E+01-1.14223E-01
 -1      1480-1.16869E+00 4.50000E+01-1.32113E-01
 -1      1485-1.19586E+00 4.75011E+01-1.41867E-01
 -1      1486-1.23147E+00 4.75005E+01-1.23652E-01
 -1      1487-1.20414E+00 4.74989E+01-7.02647E-02
 -1      1488-1.16853E+00 4.74995E+01-8.84797E-02
 -1      1493 1.20414E+00 4.25011E+01 7.02647E-02
 -1      1494 1.16853E+00 4.25005E+01 8.84797E-02
 -1      1495 1.19586E+00 4.24989E+01 1.41867E-01
 -1      1496 1.23147E+00 4.24995E+01 1.23652E-01
 -1      1501 1.20447E+00 4.50000E+01 1.14223E-01
 -1      1502 1.16869E+00 4.50000E+01 1.32113E-01
 -1      1503 1.19553E+00 4.50000E+01 1.85777E-01
 -1      1504 1.23131E+00 4.50000E+01 1.67887E-01
 -1      1509 1.20478E+00 4.74989E+01 7.03450E-02
 -1      1510 1.16885E+00 4.74995E+01 8.79159E-02
 -1      1511 1.19522E+00 4.75011E+01 1.41787E-01
 -1      1512 1.23115E+00 4.75005E+01 1.24216E-01
 -1      1517-1.19522E+00 4.24989E+01 1.85821E+00
 -1      1518-1.23115E+00 4.24995E+01 1.87578E+00
 -1      1519-1.20478E+00 4.25011E+01 1.92966E+00
 -1      1520-1.16885E+00 4.25005E+01 1.91208E+00
 -1      1525-1.19553E+00 4.50000E+01 1.81422E+00
 -1      1526-1.23131E+00 4.50000E+01 1.83211E+00
 -1      1527-1.20447E+00 4.50000E+01 1.88578E+00
 -1      1528-1.16869E+00 4.50000E+01 1.86789E+00
 -1      1533-1.19586E+00 4.75011E+01 1.85813E+00
 -1      1534-1.23147E+00 4.75005E+01 1.87635E+00
 -1      1535-1.20414E+00 4.74989E+01 1.92974E+00
 -1      1536-1.16853E+00 4.74995E+01 1.91152E+00
 -1      1541 1.20414E+00 4.25011E+01 2.07026E+00
 -1      1542 1.16853E+00 4.25005E+01 2.08848E+00
 -1      1543 1.19586E+00 4.24989E+01 2.14187E+00
 -1      1544 1.23147E+00 4.24995E+01 2.12365E+00
 -1      1549 1.20447E+00 4.50000E+01 2.11422E+00
 -1      1550 1.16869E+00 4.50000E+01 2.13211E+00
 -1      1551 1.19553E+00 4.50000E+01 2.18578E+00
 -1      1552 1.23131E+00 4.50000E+01 2.16789E+00
 -1      1557 1.20478E+00 4.74989E+01 2.07034E+00
 -1      1558 1.16885E+00 4.74995E+01 2.08792E+00
 -1      1559 1.19522E+00 4.75011E+01 2.14179E+00
 -1      1560 1.23115E+00 4.75005E+01 2.12422E+00
 -1      1565 0.00000E+00 9.93000E+00-1.20023E-02
 -1      1566 0.00000E+00 9.96200E+00-3.60001E-02
 -1      1567 0.00000E+00 9.99800E+00 1.20023E-02
 -1      1568 0.00000E+00 9.96600E+00 3.60001E-02
 -1      1573 0.00000E+00 1.00020E+01 1.98800E+00
 -1      1574 0.00000E+00 1.00340E+01 1.96400E+00
 -1      1575 0.00000E+00 1.00700E+01 2.01200E+00
 -1      1576 0.00000E+00 1.00380E+01 2.03600E+00
 -1      1581-1.23329E+00 1.00161E+01 1.00000E+00
 -1      1582-1.20002E+00 9.99394E+00 1.00000E+00
 -1      1583-1.16671E+00 1.00439E+01 1.00000E+00
 -1      1584-1.19998E+00 1.00661E+01 1.00000E+00
 -1      1589 1.16671E+00 9.95615E+00 1.00000E+00
 -1      1590 1.19998E+00 9.93394E+00 1.00000E+00
 -1      1591 1.23329E+00 9.98385E+00 1.00000E+00
 -1      1592 1.20002E+00 1.00061E+01 1.00000E+00
 -1      1597-6.01023E-01 2.99404E+01-1.16832E-02
 -1      1598-6.00070E-01 2.99722E+01-3.59798E-02
 -1      1599-5.98977E-01 3.00086E+01 1.16832E-02
 -1      1600-5.99930E-01 2.99769E+01 3.59798E-02
 -1      1605 0.00000E+00 2.99300E+01-1.20008E-02
 -1      1606 0.00000E+00 2.99620E+01-3.60000E-02
 -1      1607 0.00000E+00 2.99980E+01 1.20008E-02
 -1      1608 0.00000E+00 2.99660E+01 3.60000E-02
 -1      1613 6.01016E-01 2.99407E+01-1.23359E-02
 -1      1614 6.00049E-01 2.99729E+01-3.60180E-02
 -1      1615 5.98984E-01 3.00084E+01 1.23359E-02
 -1      1616 5.99951E-01 2.99762E+01 3.60180E-02
 -1      1621-5.98984E-01 2.99916E+01 1.98766E+00
 -1      1622-5.99951E-01 3.00238E+01 1.96398E+00
 -1      1623-6.01016E-01 3.00593E+01 2.01234E+00
 -1      1624-6.00049E-01 3.00271E+01 2.03602E+00
 -1      1629 0.00000E+00 3.00020E+01 1.98800E+00
 -1      1630 0.00000E+00 3.00340E+01 1.96400E+00
 -1      1631 0.00000E+00 3.00700E+01 2.01200E+00
 -1      1632 0.00000E+00 3.00380E+01 2.03600E+00
 -1      1637 5.98977E-01 2.99914E+01 1.98832E+00
 -1      1638 5.99930E-01 3.00231E+01 1.96402E+00
 -1      1639 6.01023E-01 3.00596E+01 2.01168E+00
 -1      1640 6.00070E-01 3.00278E+01 2.03598E+00
 -1      1645-1.23354E+00 3.00080E+01 5.00396E-01
 -1      1646-1.20070E+00 2.99852E+01 5.01081E-01
 -1      1647-1.16646E+00 3.00344E+01 4.99604E-01
 -1      1648-1.19930E+00 3.00572E+01 4.98919E-01
 -1      1653-1.23328E+00 3.00161E+01 1.00000E+00
 -1      1654-1.20001E+00 2.99939E+01 1.00000E+00
 -1      1655-1.16672E+00 3.00439E+01 1.00000E+00
 -1      1656-1.19999E+00 3.00661E+01 1.00000E+00
 -1      1661-1.23303E+00 3.00068E+01 1.49957E+00
 -1      1662-1.19936E+00 2.99852E+01 1.49892E+00
 -1      1663-1.16697E+00 3.00357E+01 1.50043E+00
 -1      1664-1.20064E+00 3.00572E+01 1.50108E+00
 -1      1669 1.16697E+00 2.99643E+01 4.99567E-01
 -1      1670 1.20064E+00 2.99428E+01 4.98919E-01
 -1      1671 1.23303E+00 2.99932E+01 5.00433E-01
 -1      1672 1.19936E+00 3.00148E+01 5.01081E-01
 -1      1677 1.16672E+00 2.99561E+01 1.00000E+00
 -1      1678 1.19999E+00 2.99339E+01 1.00000E+00
 -1      1679 1.23328E+00 2.99839E+01 1.00000E+00
 -1      1680 1.20001E+00 3.00061E+01 1.00000E+00
 -1      1685 1.16646E+00 2.99656E+01 1.50040E+00
 -1      1686 1.19930E+00 2.99428E+01 1.50108E+00
 -1      1687 1.23354E+00 2.99920E+01 1.49960E+00
 -1      1688 1.20070E+00 3.00148E+01 1.49892E+00
 -1      1693-1.19757E+00 1.26703E+00 1.57055E-01
 -1      1694-1.23227E+00 1.26396E+00 1.76710E-01
 -1      1695-1.20243E+00 1.25593E+00 2.28140E-01
 -1      1696-1.16773E+00 1.25900E+00 2.08485E-01
 -1      1701-1.19773E+00 2.52712E+00 3.58438E-01
 -1      1702-1.23234E+00 2.52383E+00 3.78214E-01
 -1      1703-1.20227E+00 2.51531E+00 4.29430E-01
 -1      1704-1.16766E+00 2.51860E+00 4.09654E-01
 -1      1709-1.19798E+00 3.78416E+00 5.76000E-01
 -1      1710-1.23245E+00 3.78053E+00 5.95959E-01
 -1      1711-1.20202E+00 3.77128E+00 6.46836E-01
 -1      1712-1.16755E+00 3.77491E+00 6.26877E-01
 -1      1717-1.19828E+00 5.03706E+00 8.14685E-01
 -1      1718-1.23258E+00 5.03303E+00 8.34863E-01
 -1      1719-1.20172E+00 5.02294E+00 8.85315E-01
 -1      1720-1.16742E+00 5.02697E+00 8.65137E-01
 -1      1725-1.19860E+00 6.28540E+00 1.07622E+00
 -1      1726-1.23272E+00 6.28095E+00 1.09662E+00
 -1      1727-1.20140E+00 6.27003E+00 1.14662E+00
 -1      1728-1.16728E+00 6.27449E+00 1.12622E+00
 -1      1733-1.19888E+00 7.52942E+00 1.35884E+00
 -1      1734-1.23284E+00 7.52461E+00 1.37943E+00
 -1      1735-1.20112E+00 7.51300E+00 1.42902E+00
 -1      1736-1.16716E+00 7.51782E+00 1.40843E+00
 -1      1741-1.19908E+00 8.77004E+00 1.65759E+00
 -1      1742-1.23292E+00 8.76498E+00 1.67830E+00
 -1      1743-1.20092E+00 8.75292E+00 1.72761E+00
 -1      1744-1.16708E+00 8.75799E+00 1.70689E+00
 -1      1749-1.19416E+00 1.25599E+00 1.77225E+00
 -1      1750-1.23060E+00 1.25854E+00 1.78856E+00
 -1      1751-1.20584E+00 1.26697E+00 1.84256E+00
 -1      1752-1.16940E+00 1.26443E+00 1.82625E+00
 -1      1757-1.19409E+00 2.51537E+00 1.57098E+00
 -1      1758-1.23056E+00 2.51807E+00 1.58719E+00
 -1      1759-1.20591E+00 2.52705E+00 1.64115E+00
 -1      1760-1.16944E+00 2.52435E+00 1.62494E+00
 -1      1765-1.19399E+00 3.77136E+00 1.35360E+00
 -1      1766-1.23051E+00 3.77428E+00 1.36967E+00
 -1      1767-1.20601E+00 3.78408E+00 1.42356E+00
 -1      1768-1.16949E+00 3.78115E+00 1.40749E+00
 -1      1773-1.19388E+00 5.02303E+00 1.11516E+00
 -1      1774-1.23044E+00 5.02621E+00 1.13106E+00
 -1      1775-1.20612E+00 5.03697E+00 1.18484E+00
 -1      1776-1.16956E+00 5.03379E+00 1.16894E+00
 -1      1781-1.19377E+00 6.27014E+00 8.53886E-01
 -1      1782-1.23038E+00 6.27358E+00 8.69618E-01
 -1      1783-1.20623E+00 6.28529E+00 9.23278E-01
 -1      1784-1.16962E+00 6.28186E+00 9.07546E-01
 -1      1789-1.19368E+00 7.51313E+00 5.71502E-01
 -1      1790-1.23034E+00 7.51677E+00 5.87093E-01
 -1      1791-1.20632E+00 7.52930E+00 6.40630E-01
 -1      1792-1.16966E+00 7.52565E+00 6.25039E-01
 -1      1797-1.19363E+00 8.75305E+00 2.72930E-01
 -1      1798-1.23031E+00 8.75684E+00 2.88429E-01
 -1      1799-1.20637E+00 8.76991E+00 3.41875E-01
 -1      1800-1.16969E+00 8.76612E+00 3.26376E-01
 -1      1805 1.20243E+00 1.26703E+00 1.57055E-01
 -1      1806 1.16773E+00 1.26396E+00 1.76710E-01
 -1      1807 1.19757E+00 1.25593E+00 2.28140E-01
 -1      1808 1.23227E+00 1.25900E+00 2.08485E-01
 -1      1813 1.20227E+00 2.52712E+00 3.58438E-01
 -1      1814 1.16766E+00 2.52383E+00 3.78214E-01
 -1      1815 1.19773E+00 2.51531E+00 4.29430E-01
 -1      1816 1.23234E+00 2.51860E+00 4.09654E-01
 -1      1821 1.20202E+00 3.78416E+00 5.76000E-01
 -1      1822 1.16755E+00 3.78053E+00 5.95959E-01
 -1      1823 1.19798E+00 3.77128E+00 6.46836E-01
 -1      1824 1.23245E+00 3.77491E+00 6.26877E-01
 -1      1829 1.20172E+00 5.03706E+00 8.14685E-01
 -1      1830 1.16742E+00 5.03303E+00 8.34863E-01
 -1      1831 1.19828E+00 5.02294E+00 8.85315E-01
 -1      1832 1.23258E+00 5.02697E+00 8.65137E-01
 -1      1837 1.20140E+00 6.28540E+00 1.07622E+00
 -1      1838 1.16728E+00 6.28095E+00 1.09662E+00
 -1      1839 1.19860E+00 6.27003E+00 1.14662E+00
 -1      1840 1.23272E+00 6.27449E+00 1.12622E+00
 -1      1845 1.20112E+00 7.52942E+00 1.35884E+00
 -1      1846 1.16716E+00 7.52461E+00 1.37943E+00
 -1      1847 1.19888E+00 7.51300E+00 1.42902E+00
 -1      1848 1.23284E+00 7.51782E+00 1.40843E+00
 -1      1853 1.20092E+00 8.77004E+00 1.65759E+00
 -1      1854 1.16708E+00 8.76498E+00 1.67830E+00
 -1      1855 1.19908E+00 8.75292E+00 1.72761E+00
 -1      1856 1.23292E+00 8.75799E+00 1.70689E+00
 -1      1861 1.20584E+00 1.25599E+00 1.77225E+00
 -1      1862 1.16940E+00 1.25854E+00 1.78856E+00
 -1      1863 1.19416E+00 1.26697E+00 1.84256E+00
 -1      1864 1.23060E+00 1.26443E+00 1.82625E+00
 -1      1869 1.20591E+00 2.51537E+00 1.57098E+00
 -1      1870 1.16944E+00 2.51807E+00 1.58719E+00
 -1      1871 1.19409E+00 2.52705E+00 1.64115E+00
 -1      1872 1.23056E+00 2.52435E+00 1.62494E+00
 -1      1877 1.20601E+00 3.77136E+00 1.35360E+00
 -1      1878 1.16949E+00 3.77428E+00 1.36967E+00
 -1      1879 1.19399E+00 3.78408E+00 1.42356E+00
 -1      1880 1.23051E+00 3.78115E+00 1.40749E+00
 -1      1885 1.20612E+00 5.02303E+00 1.11516E+00
 -1      1886 1.16956E+00 5.02621E+00 1.13106E+00
 -1      1887 1.19388E+00 5.03697E+00 1.18484E+00
 -1      1888 1.23044E+00 5.03379E+00 1.16894E+00
 -1      1893 1.20623E+00 6.27014E+00 8.53886E-01
 -1      1894 1.16962E+00 6.27358E+00 8.69618E-01
 -1      1895 1.19377E+00 6.28529E+00 9.23278E-01
 -1      1896 1.23038E+00 6.28186E+00 9.07546E-01
 -1      1901 1.20632E+00 7.51313E+00 5.71502E-01
 -1      1902 1.16966E+00 7.51677E+00 5.87093E-01
 -1      1903 1.19368E+00 7.52930E+00 6.40630E-01
 -1      1904 1.23034E+00 7.52565E+00 6.25039E-01
 -1      1909 1.20637E+00 8.75305E+00 2.72930E-01
 -1      1910 1.16969E+00 8.75684E+00 2.88429E-01
 -1      1911 1.19363E+00 8.76991E+00 3.41875E-01
 -1      1912 1.23031E+00 8.76612E+00 3.26376E-01
 -1      1917-8.31704E-01 1.23312E+00-3.42295E-02
 -1      1918-8.68791E-01 1.24370E+00-2.36225E-02
 -1      1919-8.53491E-01 1.23933E+00 3.42295E-02
 -1      1920-8.16404E-01 1.22875E+00 2.36225E-02
 -1      1925-4.83271E-01 2.47162E+00-3.43179E-02
 -1      1926-5.20380E-01 2.48181E+00-2.34066E-02
 -1      1927-5.04597E-01 2.47747E+00 3.43179E-02
 -1      1928-4.67488E-01 2.46728E+00 2.34066E-02
 -1      1933-1.51102E-01 3.71407E+00-3.44451E-02
 -1      1934-1.88233E-01 3.72368E+00-2.30837E-02
 -1      1935-1.71734E-01 3.71941E+00 3.44451E-02
 -1      1936-1.34603E-01 3.70980E+00 2.30837E-02
 -1      1941 1.59903E-01 4.96162E+00-3.45874E-02
 -1      1942 1.22764E-01 4.97054E+00-2.27035E-02
 -1      1943 1.40097E-01 4.96638E+00 3.45874E-02
 -1      1944 1.77236E-01 4.95746E+00 2.27035E-02
 -1      1949 4.48070E-01 6.21464E+00-3.47212E-02
 -1      1950 4.10939E-01 6.22286E+00-2.23246E-02
 -1      1951 4.29094E-01 6.21884E+00 3.47212E-02
 -1      1952 4.66225E-01 6.21062E+00 2.23246E-02
 -1      1957 7.15201E-01 7.47266E+00-3.48283E-02
 -1      1958 6.78091E-01 7.48030E+00-2.20050E-02
 -1      1959 6.96931E-01 7.47643E+00 3.48283E-02
 -1      1960 7.34041E-01 7.46878E+00 2.20050E-02
 -1      1965 9.66302E-01 8.73448E+00-3.48965E-02
 -1      1966 9.29212E-01 8.74174E+00-2.17923E-02
 -1      1967 9.48503E-01 8.73796E+00 3.48965E-02
 -1      1968 9.85593E-01 8.73071E+00 2.17923E-02
 -1      1973 8.42124E-01 1.23609E+00-3.60521E-02
 -1      1974 8.10413E-01 1.22704E+00-1.34113E-02
 -1      1975 8.43071E-01 1.23636E+00 3.60521E-02
 -1      1976 8.74781E-01 1.24541E+00 1.34113E-02
 -1      1981 4.93597E-01 2.47445E+00-3.60538E-02
 -1      1982 4.61712E-01 2.46570E+00-1.35445E-02
 -1      1983 4.94271E-01 2.47464E+00 3.60538E-02
 -1      1984 5.26156E-01 2.48339E+00 1.35445E-02
 -1      1989 1.61293E-01 3.71671E+00-3.60553E-02
 -1      1990 1.29148E-01 3.70839E+00-1.37478E-02
 -1      1991 1.61544E-01 3.71677E+00 3.60553E-02
 -1      1992 1.93688E-01 3.72509E+00 1.37478E-02
 -1      1997-1.49867E-01 4.96403E+00-3.60553E-02
 -1      1998-1.82312E-01 4.95625E+00-1.39935E-02
 -1      1999-1.50133E-01 4.96397E+00 3.60553E-02
 -1      2000-1.17688E-01 4.97176E+00 1.39935E-02
 -1      2005-4.38181E-01 6.21683E+00-3.60532E-02
 -1      2006-4.70920E-01 6.20958E+00-1.42455E-02
 -1      2007-4.38983E-01 6.21665E+00 3.60532E-02
 -1      2008-4.06244E-01 6.22390E+00 1.42455E-02
 -1      2013-7.05431E-01 7.47468E+00-3.60497E-02
 -1      2014-7.38414E-01 7.46788E+00-1.44640E-02
 -1      2015-7.06701E-01 7.47441E+00 3.60497E-02
 -1      2016-6.73718E-01 7.48121E+00 1.44640E-02
 -1      2021-9.56607E-01 8.73638E+00-3.60464E-02
 -1      2022-9.89751E-01 8.72990E+00-1.46123E-02
 -1      2023-9.58198E-01 8.73607E+00 3.60464E-02
 -1      2024-9.25054E-01 8.74255E+00 1.46123E-02
 -1      2029-8.31704E-01 1.23312E+00 1.96577E+00
 -1      2030-8.68791E-01 1.24370E+00 1.97638E+00
 -1      2031-8.53491E-01 1.23933E+00 2.03423E+00
 -1      2032-8.16404E-01 1.22875E+00 2.02362E+00
 -1      2037-4.83271E-01 2.47162E+00 1.96568E+00
 -1      2038-5.20380E-01 2.48181E+00 1.97659E+00
 -1      2039-5.04597E-01 2.47747E+00 2.03432E+00
 -1      2040-4.67488E-01 2.46728E+00 2.02341E+00
 -1      2045-1.51102E-01 3.71407E+00 1.96555E+00
 -1      2046-1.88233E-01 3.72368E+00 1.97692E+00
 -1      2047-1.71734E-01 3.71941E+00 2.03445E+00
 -1      2048-1.34603E-01 3.70980E+00 2.02308E+00
 -1      2053 1.59903E-01 4.96162E+00 1.96541E+00
 -1      2054 1.22764E-01 4.97054E+00 1.97730E+00
 -1      2055 1.40097E-01 4.96638E+00 2.03459E+00
 -1      2056 1.77236E-01 4.95746E+00 2.02270E+00
 -1      2061 4.48070E-01 6.21464E+00 1.96528E+00
 -1      2062 4.10939E-01 6.22286E+00 1.97768E+00
 -1      2063 4.29094E-01 6.21884E+00 2.03472E+00
 -1      2064 4.66225E-01 6.21062E+00 2.02232E+00
 -1      2069 7.15201E-01 7.47266E+00 1.96517E+00
 -1      2070 6.78091E-01 7.48030E+00 1.97800E+00
 -1      2071 6.96931E-01 7.47643E+00 2.03483E+00
 -1      2072 7.34041E-01 7.46878E+00 2.02200E+00
 -1      2077 9.66302E-01 8.73448E+00 1.96510E+00
 -1      2078 9.29212E-01 8.74174E+00 1.97821E+00
 -1      2079 9.48503E-01 8.73796E+00 2.03490E+00
 -1      2080 9.85593E-01 8.73071E+00 2.02179E+00
 -1      2085 8.42124E-01 1.23609E+00 1.96395E+00
 -1      2086 8.10413E-01 1.22704E+00 1.98659E+00
 -1      2087 8.43071E-01 1.23636E+00 2.03605E+00
 -1      2088 8.74781E-01 1.24541E+00 2.01341E+00
 -1      2093 4.93597E-01 2.47445E+00 1.96395E+00
 -1      2094 4.61712E-01 2.46570E+00 1.98646E+00
 -1      2095 4.94271E-01 2.47464E+00 2.03605E+00
 -1      2096 5.26156E-01 2.48339E+00 2.01354E+00
 -1      2101 1.61293E-01 3.71671E+00 1.96394E+00
 -1      2102 1.29148E-01 3.70839E+00 1.98625E+00
 -1      2103 1.61544E-01 3.71677E+00 2.03606E+00
 -1      2104 1.93688E-01 3.72509E+00 2.01375E+00
 -1      2109-1.49867E-01 4.96403E+00 1.96394E+00
 -1      2110-1.82312E-01 4.95625E+00 1.98601E+00
 -1      2111-1.50133E-01 4.96397E+00 2.03606E+00
 -1      2112-1.17688E-01 4.97176E+00 2.01399E+00
 -1      2117-4.38181E-01 6.21683E+00 1.96395E+00
 -1      2118-4.70920E-01 6.20958E+00 1.98575E+00
 -1      2119-4.38983E-01 6.21665E+00 2.03605E+00
 -1      2120-4.06244E-01 6.22390E+00 2.01425E+00
 -1      2125-7.05431E-01 7.47468E+00 1.96395E+00
 -1      2126-7.38414E-01 7.46788E+00 1.98554E+00
 -1      2127-7.06701E-01 7.47441E+00 2.03605E+00
 -1      2128-6.73718E-01 7.48121E+00 2.01446E+00
 -1      2133-9.56607E-01 8.73638E+00 1.96395E+00
 -1      2134-9.89751E-01 8.72990E+00 1.98539E+00
 -1      2135-9.58198E-01 8.73607E+00 2.03605E+00
 -1      2136-9.25054E-01 8.74255E+00 2.01461E+00
 -1      2141-1.19777E+00 2.25272E+01 3.58451E-01
 -1      2142-1.23236E+00 2.25239E+01 3.78258E-01
 -1      2143-1.20223E+00 2.25152E+01 4.29417E-01
 -1      2144-1.16764E+00 2.25186E+01 4.09610E-01
 -1      2149-1.19829E+00 2.50371E+01 8.14685E-01
 -1      2150-1.23259E+00 2.50330E+01 8.34866E-01
 -1      2151-1.20171E+00 2.50229E+01 8.85315E-01
 -1      2152-1.16741E+00 2.50270E+01 8.65134E-01
 -1      2157-1.19884E+00 2.75293E+01 1.35882E+00
 -1      2158-1.23282E+00 2.75246E+01 1.37939E+00
 -1      2159-1.20116E+00 2.75131E+01 1.42904E+00
 -1      2160-1.16718E+00 2.75178E+01 1.40848E+00
 -1      2165-1.19407E+00 2.25153E+01 1.57100E+00
 -1      2166-1.23055E+00 2.25180E+01 1.58719E+00
 -1      2167-1.20593E+00 2.25271E+01 1.64113E+00
 -1      2168-1.16945E+00 2.25244E+01 1.62495E+00
 -1      2173-1.19388E+00 2.50230E+01 1.11516E+00
 -1      2174-1.23044E+00 2.50262E+01 1.13106E+00
 -1      2175-1.20612E+00 2.50370E+01 1.18484E+00
 -1      2176-1.16956E+00 2.50338E+01 1.16894E+00
 -1      2181-1.19370E+00 2.75132E+01 5.71480E-01
 -1      2182-1.23034E+00 2.75168E+01 5.87095E-01
 -1      2183-1.20630E+00 2.75292E+01 6.40652E-01
 -1      2184-1.16966E+00 2.75256E+01 6.25037E-01
 -1      2189 1.20223E+00 2.25272E+01 3.58451E-01
 -1      2190 1.16764E+00 2.25239E+01 3.78258E-01
 -1      2191 1.19777E+00 2.25152E+01 4.29417E-01
 -1      2192 1.23236E+00 2.25186E+01 4.09610E-01
 -1      2197 1.20171E+00 2.50371E+01 8.14685E-01
 -1      2198 1.16741E+00 2.50330E+01 8.34866E-01
 -1      2199 1.19829E+00 2.50229E+01 8.85315E-01
 -1      2200 1.23259E+00 2.50270E+01 8.65134E-01
 -1      2205 1.20116E+00 2.75293E+01 1.35882E+00
 -1      2206 1.16718E+00 2.75246E+01 1.37939E+00
 -1      2207 1.19884E+00 2.75131E+01 1.42904E+00
 -1      2208 1.23282E+00 2.75178E+01 1.40848E+00
 -1      2213 1.20593E+00 2.25153E+01 1.57100E+00
 -1      2214 1.16945E+00 2.25180E+01 1.58719E+00
 -1      2215 1.19407E+00 2.25271E+01 1.64113E+00
 -1      2216 1.23055E+00 2.25244E+01 1.62495E+00
 -1      2221 1.20612E+00 2.50230E+01 1.11516E+00
 -1      2222 1.16956E+00 2.50262E+01 1.13106E+00
 -1      2223 1.19388E+00 2.50370E+01 1.18484E+00
 -1      2224 1.23044E+00 2.50338E+01 1.16894E+00
 -1      2229 1.20630E+00 2.75132E+01 5.71480E-01
 -1      2230 1.16966E+00 2.75168E+01 5.87095E-01
 -1      2231 1.19370E+00 2.75292E+01 6.40652E-01
 -1      2232 1.23034E+00 2.75256E+01 6.25037E-01
 -1      2237-4.83328E-01 2.24717E+01-3.43393E-02
 -1      2238-5.20442E-01 2.24818E+01-2.33534E-02
 -1      2239-5.04540E-01 2.24774E+01 3.43393E-02
 -1      2240-4.67426E-01 2.24673E+01 2.33534E-02
 -1      2245 1.59904E-01 2.49616E+01-3.45869E-02
 -1      2246 1.22764E-01 2.49705E+01-2.27046E-02
 -1      2247 1.40096E-01 2.49664E+01 3.45869E-02
 -1      2248 1.77236E-01 2.49575E+01 2.27046E-02
 -1      2253 7.15261E-01 2.74726E+01-3.48107E-02
 -1      2254 6.78146E-01 2.74804E+01-2.20585E-02
 -1      2255 6.96871E-01 2.74765E+01 3.48107E-02
 -1      2256 7.33986E-01 2.74687E+01 2.20585E-02
 -1      2261 4.93632E-01 2.24745E+01-3.60542E-02
 -1      2262 4.61704E-01 2.24658E+01-1.35783E-02
 -1      2263 4.94236E-01 2.24746E+01 3.60542E-02
 -1      2264 5.26164E-01 2.24833E+01 1.35783E-02
 -1      2269-1.49866E-01 2.49640E+01-3.60553E-02
 -1      2270-1.82311E-01 2.49562E+01-1.39944E-02
 -1      2271-1.50134E-01 2.49640E+01 3.60553E-02
 -1      2272-1.17689E-01 2.49718E+01 1.39944E-02
 -1      2277-7.05470E-01 2.74747E+01-3.60504E-02
 -1      2278-7.38413E-01 2.74678E+01-1.44278E-02
 -1      2279-7.06662E-01 2.74744E+01 3.60504E-02
 -1      2280-6.73719E-01 2.74813E+01 1.44278E-02
 -1      2285-4.83328E-01 2.24717E+01 1.96566E+00
 -1      2286-5.20442E-01 2.24818E+01 1.97665E+00
 -1      2287-5.04540E-01 2.24774E+01 2.03434E+00
 -1      2288-4.67426E-01 2.24673E+01 2.02335E+00
 -1      2293 1.59904E-01 2.49616E+01 1.96541E+00
 -1      2294 1.22764E-01 2.49705E+01 1.97730E+00
 -1      2295 1.40096E-01 2.49664E+01 2.03459E+00
 -1      2296 1.77236E-01 2.49575E+01 2.02270E+00
 -1      2301 7.15261E-01 2.74726E+01 1.96519E+00
 -1      2302 6.78146E-01 2.74804E+01 1.97794E+00
 -1      2303 6.96871E-01 2.74765E+01 2.03481E+00
 -1      2304 7.33986E-01 2.74687E+01 2.02206E+00
 -1      2309 4.93632E-01 2.24745E+01 1.96395E+00
 -1      2310 4.61704E-01 2.24658E+01 1.98642E+00
 -1      2311 4.94236E-01 2.24746E+01 2.03605E+00
 -1      2312 5.26164E-01 2.24833E+01 2.01358E+00
 -1      2317-1.49866E-01 2.49640E+01 1.96394E+00
 -1      2318-1.82311E-01 2.49562E+01 1.98601E+00
 -1      2319-1.50134E-01 2.49640E+01 2.03606E+00
 -1      2320-1.17689E-01 2.49718E+01 2.01399E+00
 -1      2325-7.05470E-01 2.74747E+01 1.96395E+00
 -1      2326-7.38413E-01 2.74678E+01 1.98557E+00
 -1      2327-7.06662E-01 2.74744E+01 2.03605E+00
 -1      2328-6.73719E-01 2.74813E+01 2.01443E+00
 -1      2333-1.19757E+00 3.12670E+01 1.57055E-01
 -1      2334-1.23227E+00 3.12640E+01 1.76710E-01
 -1      2335-1.20243E+00 3.12559E+01 2.28140E-01
 -1      2336-1.16773E+00 3.12590E+01 2.08485E-01
 -1      2341-1.19773E+00 3.25271E+01 3.58438E-01
 -1      2342-1.23234E+00 3.25238E+01 3.78214E-01
 -1      2343-1.20227E+00 3.25153E+01 4.29430E-01
 -1      2344-1.16766E+00 3.25186E+01 4.09654E-01
 -1      2349-1.19798E+00 3.37842E+01 5.76000E-01
 -1      2350-1.23245E+00 3.37805E+01 5.95959E-01
 -1      2351-1.20202E+00 3.37713E+01 6.46836E-01
 -1      2352-1.16755E+00 3.37749E+01 6.26877E-01
 -1      2357-1.19828E+00 3.50371E+01 8.14685E-01
 -1      2358-1.23258E+00 3.50330E+01 8.34863E-01
 -1      2359-1.20172E+00 3.50229E+01 8.85315E-01
 -1      2360-1.16742E+00 3.50270E+01 8.65137E-01
 -1      2365-1.19860E+00 3.62854E+01 1.07622E+00
 -1      2366-1.23272E+00 3.62809E+01 1.09662E+00
 -1      2367-1.20140E+00 3.62700E+01 1.14662E+00
 -1      2368-1.16728E+00 3.62745E+01 1.12622E+00
 -1      2373-1.19888E+00 3.75294E+01 1.35884E+00
 -1      2374-1.23284E+00 3.75246E+01 1.37943E+00
 -1      2375-1.20112E+00 3.75130E+01 1.42902E+00
 -1      2376-1.16716E+00 3.75178E+01 1.40843E+00
 -1      2381-1.19908E+00 3.87700E+01 1.65759E+00
 -1      2382-1.23292E+00 3.87650E+01 1.67830E+00
 -1      2383-1.20092E+00 3.87529E+01 1.72761E+00
 -1      2384-1.16708E+00 3.87580E+01 1.70689E+00
 -1      2389-1.19416E+00 3.12560E+01 1.77225E+00
 -1      2390-1.23060E+00 3.12585E+01 1.78856E+00
 -1      2391-1.20584E+00 3.12670E+01 1.84256E+00
 -1      2392-1.16940E+00 3.12644E+01 1.82625E+00
 -1      2397-1.19409E+00 3.25154E+01 1.57098E+00
 -1      2398-1.23056E+00 3.25181E+01 1.58719E+00
 -1      2399-1.20591E+00 3.25271E+01 1.64115E+00
 -1      2400-1.16944E+00 3.25244E+01 1.62494E+00
 -1      2405-1.19399E+00 3.37714E+01 1.35360E+00
 -1      2406-1.23051E+00 3.37743E+01 1.36967E+00
 -1      2407-1.20601E+00 3.37841E+01 1.42356E+00
 -1      2408-1.16949E+00 3.37812E+01 1.40749E+00
 -1      2413-1.19388E+00 3.50230E+01 1.11516E+00
 -1      2414-1.23044E+00 3.50262E+01 1.13106E+00
 -1      2415-1.20612E+00 3.50370E+01 1.18484E+00
 -1      2416-1.16956E+00 3.50338E+01 1.16894E+00
 -1      2421-1.19377E+00 3.62701E+01 8.53886E-01
 -1      2422-1.23038E+00 3.62736E+01 8.69618E-01
 -1      2423-1.20623E+00 3.62853E+01 9.23278E-01
 -1      2424-1.16962E+00 3.62819E+01 9.07546E-01
 -1      2429-1.19368E+00 3.75131E+01 5.71502E-01
 -1      2430-1.23034E+00 3.75168E+01 5.87093E-01
 -1      2431-1.20632E+00 3.75293E+01 6.40630E-01
 -1      2432-1.16966E+00 3.75257E+01 6.25039E-01
 -1      2437-1.19363E+00 3.87531E+01 2.72930E-01
 -1      2438-1.23031E+00 3.87568E+01 2.88429E-01
 -1      2439-1.20637E+00 3.87699E+01 3.41875E-01
 -1      2440-1.16969E+00 3.87661E+01 3.26376E-01
 -1      2445 1.20243E+00 3.12670E+01 1.57055E-01
 -1      2446 1.16773E+00 3.12640E+01 1.76710E-01
 -1      2447 1.19757E+00 3.12559E+01 2.28140E-01
 -1      2448 1.23227E+00 3.12590E+01 2.08485E-01
 -1      2453 1.20227E+00 3.25271E+01 3.58438E-01
 -1      2454 1.16766E+00 3.25238E+01 3.78214E-01
 -1      2455 1.19773E+00 3.25153E+01 4.29430E-01
 -1      2456 1.23234E+00 3.25186E+01 4.09654E-01
 -1      2461 1.20202E+00 3.37842E+01 5.76000E-01
 -1      2462 1.16755E+00 3.37805E+01 5.95959E-01
 -1      2463 1.19798E+00 3.37713E+01 6.46836E-01
 -1      2464 1.23245E+00 3.37749E+01 6.26877E-01
 -1      2469 1.20172E+00 3.50371E+01 8.14685E-01
 -1      2470 1.16742E+00 3.50330E+01 8.34863E-01
 -1      2471 1.19828E+00 3.50229E+01 8.85315E-01
 -1      2472 1.23258E+00 3.50270E+01 8.65137E-01
 -1      2477 1.20140E+00 3.62854E+01 1.07622E+00
 -1      2478 1.16728E+00 3.62809E+01 1.09662E+00
 -1      2479 1.19860E+00 3.62700E+01 1.14662E+00
 -1      2480 1.23272E+00 3.62745E+01 1.12622E+00
 -1      2485 1.20112E+00 3.75294E+01 1.35884E+00
 -1      2486 1.16716E+00 3.75246E+01 1.37943E+00
 -1      2487 1.19888E+00 3.75130E+01 1.42902E+00
 -1      2488 1.23284E+00 3.75178E+01 1.40843E+00
 -1      2493 1.20092E+00 3.87700E+01 1.65759E+00
 -1      2494 1.16708E+00 3.87650E+01 1.67830E+00
 -1      2495 1.19908E+00 3.87529E+01 1.72761E+00
 -1      2496 1.23292E+00 3.87580E+01 1.70689E+00
 -1      2501 1.20584E+00 3.12560E+01 1.77225E+00
 -1      2502 1.16940E+00 3.12585E+01 1.78856E+00
 -1      2503 1.19416E+00 3.12670E+01 1.84256E+00
 -1      2504 1.23060E+00 3.12644E+01 1.82625E+00
 -1      2509 1.20591E+00 3.25154E+01 1.57098E+00
 -1      2510 1.16944E+00 3.25181E+01 1.58719E+00
 -1      2511 1.19409E+00 3.25271E+01 1.64115E+00
 -1      2512 1.23056E+00 3.25244E+01 1.62494E+00
 -1      2517 1.20601E+00 3.37714E+01 1.35360E+00
 -1      2518 1.16949E+00 3.37743E+01 1.36967E+00
 -1      2519 1.19399E+00 3.37841E+01 1.42356E+00
 -1      2520 1.23051E+00 3.37812E+01 1.40749E+00
 -1      2525 1.20612E+00 3.50230E+01 1.11516E+00
 -1      2526 1.16956E+00 3.50262E+01 1.13106E+00
 -1      2527 1.19388E+00 3.50370E+01 1.18484E+00
 -1      2528 1.23044E+00 3.50338E+01 1.16894E+00
 -1      2533 1.20623E+00 3.62701E+01 8.53886E-01
 -1      2534 1.16962E+00 3.62736E+01 8.69618E-01
 -1      2535 1.19377E+00 3.62853E+01 9.23278E-01
 -1      2536 1.23038E+00 3.62819E+01 9.07546E-01
 -1      2541 1.20632E+00 3.75131E+01 5.71502E-01
 -1      2542 1.16966E+00 3.75168E+01 5.87093E-01
 -1      2543 1.19368E+00 3.75293E+01 6.40630E-01
 -1      2544 1.23034E+00 3.75257E+01 6.25039E-01
 -1      2549 1.20637E+00 3.87531E+01 2.72930E-01
 -1      2550 1.16969E+00 3.87568E+01 2.88429E-01
 -1      2551 1.19363E+00 3.87699E+01 3.41875E-01
 -1      2552 1.23031E+00 3.87661E+01 3.26376E-01
 -1      2557-8.31704E-01 3.12331E+01-3.42295E-02
 -1      2558-8.68791E-01 3.12437E+01-2.36225E-02
 -1      2559-8.53491E-01 3.12393E+01 3.42295E-02
 -1      2560-8.16404E-01 3.12288E+01 2.36225E-02
 -1      2565-4.83271E-01 3.24716E+01-3.43179E-02
 -1      2566-5.20380E-01 3.24818E+01-2.34066E-02
 -1      2567-5.04597E-01 3.24775E+01 3.43179E-02
 -1      2568-4.67488E-01 3.24673E+01 2.34066E-02
 -1      2573-1.51102E-01 3.37141E+01-3.44451E-02
 -1      2574-1.88233E-01 3.37237E+01-2.30837E-02
 -1      2575-1.71734E-01 3.37194E+01 3.44451E-02
 -1      2576-1.34603E-01 3.37098E+01 2.30837E-02
 -1      2581 1.59903E-01 3.49616E+01-3.45874E-02
 -1      2582 1.22764E-01 3.49705E+01-2.27035E-02
 -1      2583 1.40097E-01 3.49664E+01 3.45874E-02
 -1      2584 1.77236E-01 3.49575E+01 2.27035E-02
 -1      2589 4.48070E-01 3.62146E+01-3.47212E-02
 -1      2590 4.10939E-01 3.62229E+01-2.23246E-02
 -1      2591 4.29094E-01 3.62188E+01 3.47212E-02
 -1      2592 4.66225E-01 3.62106E+01 2.23246E-02
 -1      2597 7.15201E-01 3.74727E+01-3.48283E-02
 -1      2598 6.78091E-01 3.74803E+01-2.20050E-02
 -1      2599 6.96931E-01 3.74764E+01 3.48283E-02
 -1      2600 7.34041E-01 3.74688E+01 2.20050E-02
 -1      2605 9.66302E-01 3.87345E+01-3.48965E-02
 -1      2606 9.29212E-01 3.87417E+01-2.17923E-02
 -1      2607 9.48503E-01 3.87380E+01 3.48965E-02
 -1      2608 9.85593E-01 3.87307E+01 2.17923E-02
 -1      2613 8.42124E-01 3.12361E+01-3.60521E-02
 -1      2614 8.10413E-01 3.12270E+01-1.34113E-02
 -1      2615 8.43071E-01 3.12364E+01 3.60521E-02
 -1      2616 8.74781E-01 3.12454E+01 1.34113E-02
 -1      2621 4.93597E-01 3.24745E+01-3.60538E-02
 -1      2622 4.61712E-01 3.24657E+01-1.35445E-02
 -1      2623 4.94271E-01 3.24746E+01 3.60538E-02
 -1      2624 5.26156E-01 3.24834E+01 1.35445E-02
 -1      2629 1.61293E-01 3.37167E+01-3.60553E-02
 -1      2630 1.29148E-01 3.37084E+01-1.37478E-02
 -1      2631 1.61544E-01 3.37168E+01 3.60553E-02
 -1      2632 1.93688E-01 3.37251E+01 1.37478E-02
 -1      2637-1.49867E-01 3.49640E+01-3.60553E-02
 -1      2638-1.82312E-01 3.49562E+01-1.39935E-02
 -1      2639-1.50133E-01 3.49640E+01 3.60553E-02
 -1      2640-1.17688E-01 3.49718E+01 1.39935E-02
 -1      2645-4.38181E-01 3.62168E+01-3.60532E-02
 -1      2646-4.70920E-01 3.62096E+01-1.42455E-02
 -1      2647-4.38983E-01 3.62167E+01 3.60532E-02
 -1      2648-4.06244E-01 3.62239E+01 1.42455E-02
 -1      2653-7.05431E-01 3.74747E+01-3.60497E-02
 -1      2654-7.38414E-01 3.74679E+01-1.44640E-02
 -1      2655-7.06701E-01 3.74744E+01 3.60497E-02
 -1      2656-6.73718E-01 3.74812E+01 1.44640E-02
 -1      2661-9.56607E-01 3.87364E+01-3.60464E-02
 -1      2662-9.89751E-01 3.87299E+01-1.46123E-02
 -1      2663-9.58198E-01 3.87361E+01 3.60464E-02
 -1      2664-9.25054E-01 3.87425E+01 1.46123E-02
 -1      2669-8.31704E-01 3.12331E+01 1.96577E+00
 -1      2670-8.68791E-01 3.12437E+01 1.97638E+00
 -1      2671-8.53491E-01 3.12393E+01 2.03423E+00
 -1      2672-8.16404E-01 3.12288E+01 2.02362E+00
 -1      2677-4.83271E-01 3.24716E+01 1.96568E+00
 -1      2678-5.20380E-01 3.24818E+01 1.97659E+00
 -1      2679-5.04597E-01 3.24775E+01 2.03432E+00
 -1      2680-4.67488E-01 3.24673E+01 2.02341E+00
 -1      2685-1.51102E-01 3.37141E+01 1.96555E+00
 -1      2686-1.88233E-01 3.37237E+01 1.97692E+00
 -1      2687-1.71734E-01 3.37194E+01 2.03445E+00
 -1      2688-1.34603E-01 3.37098E+01 2.02308E+00
 -1      2693 1.59903E-01 3.49616E+01 1.96541E+00
 -1      2694 1.22764E-01 3.49705E+01 1.97730E+00
 -1      2695 1.40097E-01 3.49664E+01 2.03459E+00
 -1      2696 1.77236E-01 3.49575E+01 2.02270E+00
 -1      2701 4.48070E-01 3.62146E+01 1.96528E+00
 -1      2702 4.10939E-01 3.62229E+01 1.97768E+00
 -1      2703 4.29094E-01 3.62188E+01 2.03472E+00
 -1      2704 4.66225E-01 3.62106E+01 2.02232E+00
 -1      2709 7.15201E-01 3.74727E+01 1.96517E+00
 -1      2710 6.78091E-01 3.74803E+01 1.97800E+00
 -1      2711 6.96931E-01 3.74764E+01 2.03483E+00
 -1      2712 7.34041E-01 3.74688E+01 2.02200E+00
 -1      2717 9.66302E-01 3.87345E+01 1.96510E+00
 -1      2718 9.29212E-01 3.87417E+01 1.97821E+00
 -1      2719 9.48503E-01 3.87380E+01 2.03490E+00
 -1      2720 9.85593E-01 3.87307E+01 2.02179E+00
 -1      2725 8.42124E-01 3.12361E+01 1.96395E+00
 -1      2726 8.10413E-01 3.12270E+01 1.98659E+00
 -1      2727 8.43071E-01 3.12364E+01 2.03605E+00
 -1      2728 8.74781E-01 3.12454E+01 2.01341E+00
 -1      2733 4.93597E-01 3.24745E+01 1.96395E+00
 -1      2734 4.61712E-01 3.24657E+01 1.98646E+00
 -1      2735 4.94271E-01 3.24746E+01 2.03605E+00
 -1      2736 5.26156E-01 3.24834E+01 2.01354E+00
 -1      2741 1.61293E-01 3.37167E+01 1.96394E+00
 -1      2742 1.29148E-01 3.37084E+01 1.98625E+00
 -1      2743 1.61544E-01 3.37168E+01 2.03606E+00
 -1      2744 1.93688E-01 3.37251E+01 2.01375E+00
 -1      2749-1.49867E-01 3.49640E+01 1.96394E+00
 -1      2750-1.82312E-01 3.49562E+01 1.98601E+00
 -1      2751-1.50133E-01 3.49640E+01 2.03606E+00
 -1      2752-1.17688E-01 3.49718E+01 2.01399E+00
 -1      2757-4.38181E-01 3.62168E+01 1.96395E+00
 -1      2758-4.70920E-01 3.62096E+01 1.98575E+00
 -1      2759-4.38983E-01 3.62167E+01 2.03605E+00
 -1      2760-4.06244E-01 3.62239E+01 2.01425E+00
 -1      2765-7.05431E-01 3.74747E+01 1.96395E+00
 -1      2766-7.38414E-01 3.74679E+01 1.98554E+00
 -1      2767-7.06701E-01 3.74744E+01 2.03605E+00
 -1      2768-6.73718E-01 3.74812E+01 2.01446E+00
 -1      2773-9.56607E-01 3.87364E+01 1.96395E+00
 -1      2774-9.89751E-01 3.87299E+01 1.98539E+00
 -1      2775-9.58198E-01 3.87361E+01 2.03605E+00
 -1      2776-9.25054E-01 3.87425E+01 2.01461E+00
 -1      2781-1.19830E+00 4.50371E+01 8.14684E-01
 -1      2782-1.23259E+00 4.50330E+01 8.34874E-01
 -1      2783-1.20170E+00 4.50229E+01 8.85316E-01
 -1      2784-1.16741E+00 4.50270E+01 8.65126E-01
 -1      2789-1.19388E+00 4.50230E+01 1.11516E+00
 -1      2790-1.23044E+00 4.50262E+01 1.13106E+00
 -1      2791-1.20612E+00 4.50370E+01 1.18484E+00
 -1      2792-1.16956E+00 4.50338E+01 1.16894E+00
 -1      2797 1.20170E+00 4.50371E+01 8.14684E-01
 -1      2798 1.16741E+00 4.50330E+01 8.34874E-01
 -1      2799 1.19830E+00 4.50229E+01 8.85316E-01
 -1      2800 1.23259E+00 4.50270E+01 8.65126E-01
 -1      2805 1.20612E+00 4.50230E+01 1.11516E+00
 -1      2806 1.16956E+00 4.50262E+01 1.13106E+00
 -1      2807 1.19388E+00 4.50370E+01 1.18484E+00
 -1      2808 1.23044E+00 4.50338E+01 1.16894E+00
 -1      2813 1.59908E-01 4.49616E+01-3.45858E-02
 -1      2814 1.22767E-01 4.49705E+01-2.27077E-02
 -1      2815 1.40092E-01 4.49664E+01 3.45858E-02
 -1      2816 1.77233E-01 4.49575E+01 2.27077E-02
 -1      2821-1.49864E-01 4.49640E+01-3.60552E-02
 -1      2822-1.82310E-01 4.49562E+01-1.39967E-02
 -1      2823-1.50136E-01 4.49640E+01 3.60552E-02
 -1      2824-1.17690E-01 4.49718E+01 1.39967E-02
 -1      2829 1.59908E-01 4.49616E+01 1.96541E+00
 -1      2830 1.22767E-01 4.49705E+01 1.97729E+00
 -1      2831 1.40092E-01 4.49664E+01 2.03459E+00
 -1      2832 1.77233E-01 4.49575E+01 2.02271E+00
 -1      2837-1.49864E-01 4.49640E+01 1.96394E+00
 -1      2838-1.82310E-01 4.49562E+01 1.98600E+00
 -1      2839-1.50136E-01 4.49640E+01 2.03606E+00
 -1      2840-1.17690E-01 4.49718E+01 2.01400E+00
 -3
    3C                           264                                     1
 -1         1    1    0    1
 -2       205       405       406       206       208       408       407       207
 -1         2    1    0    1
 -2       255       455       456       256       258       458       457       257
 -1         3    1    0    1
 -2       305       505       506       306       308       508       507       307
 -1         4    1    0    1
 -2       355       555       556       356       358       558       557       357
 -1         5    1    0    1
 -2       405      1405      1406       406       408      1408      1407       407
 -1         6    1    0    1
 -2      1405       605       606      1406      1408       608       607      1407
 -1         7    1    0    1
 -2       455      1413      1414       456       458      1416      1415       457
 -1         8    1    0    1
 -2      1413       655       656      1414      1416       658       657      1415
 -1         9    1    0    1
 -2       505      1421      1422       506       508      1424      1423       507
 -1        10    1    0    1
 -2      1421       705       706      1422      1424       708       707      1423
 -1        11    1    0    1
 -2       555      1429      1430       556       558      1432      1431       557
 -1        12    1    0    1
 -2      1429       755       756      1430      1432       758       757      1431
 -1        13    1    0    1
 -2       605       805       806       606       608       808       807       607
 -1        14    1    0    1
 -2       655       855       856       656       658       858       857       657
 -1        15    1    0    1
 -2       705       905       906       706       708       908       907       707
 -1        16    1    0    1
 -2       755       955       956       756       758       958       957       757
 -1        17    1    0    1
 -2       805      1437      1438       806       808      1440      1439       807
 -1        18    1    0    1
 -2      1437      1005      1006      1438      1440      1008      1007      1439
 -1        19    1    0    1
 -2       855      1445      1446       856       858      1448      1447       857
 -1        20    1    0    1
 -2      1445      1055      1056      1446      1448      1058      1057      1447
 -1        21    1    0    1
 -2       905      1453      1454       906       908      1456      1455       907
 -1        22    1    0    1
 -2      1453      1105      1106      1454      1456      1108      1107      1455
 -1        23    1    0    1
 -2       955      1461      1462       956       958      1464      1463       957
 -1        24    1    0    1
 -2      1461      1155      1156      1462      1464      1158      1157      1463
 -1        25    1    0    1
 -2      1005      1469      1470      1006      1008      1472      1471      1007
 -1        26    1    0    1
 -2      1469      1477      1478      1470      1472      1480      1479      1471
 -1        27    1    0    1
 -2      1477      1485      1486      1478      1480      1488      1487      1479
 -1        28    1    0    1
 -2      1485      1205      1206      1486      1488      1208      1207      1487
 -1        29    1    0    1
 -2      1055      1493      1494      1056      1058      1496      1495      1057
 -1        30    1    0    1
 -2      1493      1501      1502      1494      1496      1504      1503      1495
 -1        31    1    0    1
 -2      1501      1509      1510      1502      1504      1512      1511      1503
 -1        32    1    0    1
 -2      1509      1255      1256      1510      1512      1258      1257      1511
 -1        33    1    0    1
 -2      1105      1517      1518      1106      1108      1520      1519      1107
 -1        34    1    0    1
 -2      1517      1525      1526      1518      1520      1528      1527      1519
 -1        35    1    0    1
 -2      1525      1533      1534      1526      1528      1536      1535      1527
 -1        36    1    0    1
 -2      1533      1305      1306      1534      1536      1308      1307      1535
 -1        37    1    0    1
 -2      1155      1541      1542      1156      1158      1544      1543      1157
 -1        38    1    0    1
 -2      1541      1549      1550      1542      1544      1552      1551      1543
 -1        39    1    0    1
 -2      1549      1557      1558      1550      1552      1560      1559      1551
 -1        40    1    0    1
 -2      1557      1355      1356      1558      1560      1358      1357      1559
 -1        41    1    0    1
 -2       213       263       264       214       216       266       265       215
 -1        42    1    0    1
 -2       313       363       364       314       316       366       365       315
 -1        43    1    0    1
 -2       221       321       322       222       224       324       323       223
 -1        44    1    0    1
 -2       271       371       372       272       274       374       373       273
 -1        45    1    0    1
 -2       413      1565      1566       414       416      1568      1567       415
 -1        46    1    0    1
 -2      1565       463       464      1566      1568       466       465      1567
 -1        47    1    0    1
 -2       513      1573      1574       514       516      1576      1575       515
 -1        48    1    0    1
 -2      1573       563       564      1574      1576       566       565      1575
 -1        49    1    0    1
 -2       421      1581      1582       422       424      1584      1583       423
 -1        50    1    0    1
 -2      1581       521       522      1582      1584       524       523      1583
 -1        51    1    0    1
 -2       471      1589      1590       472       474      1592      1591       473
 -1        52    1    0    1
 -2      1589       571       572      1590      1592       574       573      1591
 -1        53    1    0    1
 -2       613       663       664       614       616       666       665       615
 -1        54    1    0    1
 -2       713       763       764       714       716       766       765       715
 -1        55    1    0    1
 -2       621       721       722       622       624       724       723       623
 -1        56    1    0    1
 -2       671       771       772       672       674       774       773       673
 -1        57    1    0    1
 -2       813      1597      1598       814       816      1600      1599       815
 -1        58    1    0    1
 -2      1597      1605      1606      1598      1600      1608      1607      1599
 -1        59    1    0    1
 -2      1605      1613      1614      1606      1608      1616      1615      1607
 -1        60    1    0    1
 -2      1613       863       864      1614      1616       866       865      1615
 -1        61    1    0    1
 -2       913      1621      1622       914       916      1624      1623       915
 -1        62    1    0    1
 -2      1621      1629      1630      1622      1624      1632      1631      1623
 -1        63    1    0    1
 -2      1629      1637      1638      1630      1632      1640      1639      1631
 -1        64    1    0    1
 -2      1637       963       964      1638      1640       966       965      1639
 -1        65    1    0    1
 -2       821      1645      1646       822       824      1648      1647       823
 -1        66    1    0    1
 -2      1645      1653      1654      1646      1648      1656      1655      1647
 -1        67    1    0    1
 -2      1653      1661      1662      1654      1656      1664      1663      1655
 -1        68    1    0    1
 -2      1661       921       922      1662      1664       924       923      1663
 -1        69    1    0    1
 -2       871      1669      1670       872       874      1672      1671       873
 -1        70    1    0    1
 -2      1669      1677      1678      1670      1672      1680      1679      1671
 -1        71    1    0    1
 -2      1677      1685      1686      1678      1680      1688      1687      1679
 -1        72    1    0    1
 -2      1685       971       972      1686      1688       974       973      1687
 -1        73    1    0    1
 -2      1013      1063      1064      1014      1016      1066      1065      1015
 -1        74    1    0    1
 -2      1113      1163      1164      1114      1116      1166      1165      1115
 -1        75    1    0    1
 -2      1021      1121      1122      1022      1024      1124      1123      1023
 -1        76    1    0    1
 -2      1071      1171      1172      1072      1074      1174      1173      1073
 -1        77    1    0    1
 -2      1213      1263      1264      1214      1216      1266      1265      1215
 -1        78    1    0    1
 -2      1313      1363      1364      1314      1316      1366      1365      1315
 -1        79    1    0    1
 -2      1221      1321      1322      1222      1224      1324      1323      1223
 -1        80    1    0    1
 -2      1271      1371      1372      1272      1274      1374      1373      1273
 -1        81    1    0    1
 -2       205      1693      1694       206       208      1696      1695       207
 -1        82    1    0    1
 -2      1693      1701      1702      1694      1696      1704      1703      1695
 -1        83    1    0    1
 -2      1701      1709      1710      1702      1704      1712      1711      1703
 -1        84    1    0    1
 -2      1709      1717      1718      1710      1712      1720      1719      1711
 -1        85    1    0    1
 -2      1717      1725      1726      1718      1720      1728      1727      1719
 -1        86    1    0    1
 -2      1725      1733      1734      1726      1728      1736      1735      1727
 -1        87    1    0    1
 -2      1733      1741      1742      1734      1736      1744      1743      1735
 -1        88    1    0    1
 -2      1741       505       506      1742      1744       508       507      1743
 -1        89    1    0    1
 -2       305      1749      1750       306       308      1752      1751       307
 -1        90    1    0    1
 -2      1749      1757      1758      1750      1752      1760      1759      1751
 -1        91    1    0    1
 -2      1757      1765      1766      1758      1760      1768      1767      1759
 -1        92    1    0    1
 -2      1765      1773      1774      1766      1768      1776      1775      1767
 -1        93    1    0    1
 -2      1773      1781      1782      1774      1776      1784      1783      1775
 -1        94    1    0    1
 -2      1781      1789      1790      1782      1784      1792      1791      1783
 -1        95    1    0    1
 -2      1789      1797      1798      1790      1792      1800      1799      1791
 -1        96    1    0    1
 -2      1797       405       406      1798      1800       408       407      1799
 -1        97    1    0    1
 -2       255      1805      1806       256       258      1808      1807       257
 -1        98    1    0    1
 -2      1805      1813      1814      1806      1808      1816      1815      1807
 -1        99    1    0    1
 -2      1813      1821      1822      1814      1816      1824      1823      1815
 -1       100    1    0    1
 -2      1821      1829      1830      1822      1824      1832      1831      1823
 -1       101    1    0    1
 -2      1829      1837      1838      1830      1832      1840      1839      1831
 -1       102    1    0    1
 -2      1837      1845      1846      1838      1840      1848      1847      1839
 -1       103    1    0    1
 -2      1845      1853      1854      1846      1848      1856      1855      1847
 -1       104    1    0    1
 -2      1853       555       556      1854      1856       558       557      1855
 -1       105    1    0    1
 -2       355      1861      1862       356       358      1864      1863       357
 -1       106    1    0    1
 -2      1861      1869      1870      1862      1864      1872      1871      1863
 -1       107    1    0    1
 -2      1869      1877      1878      1870      1872      1880      1879      1871
 -1       108    1    0    1
 -2      1877      1885      1886      1878      1880      1888      1887      1879
 -1       109    1    0    1
 -2      1885      1893      1894      1886      1888      1896      1895      1887
 -1       110    1    0    1
 -2      1893      1901      1902      1894      1896      1904      1903      1895
 -1       111    1    0    1
 -2      1901      1909      1910      1902      1904      1912      1911      1903
 -1       112    1    0    1
 -2      1909       455       456      1910      1912       458       457      1911
 -1       113    1    0    1
 -2       205      1917      1918       206       208      1920      1919       207
 -1       114    1    0    1
 -2      1917      1925      1926      1918      1920      1928      1927      1919
 -1       115    1    0    1
 -2      1925      1933      1934      1926      1928      1936      1935      1927
 -1       116    1    0    1
 -2      1933      1941      1942      1934      1936      1944      1943      1935
 -1       117    1    0    1
 -2      1941      1949      1950      1942      1944      1952      1951      1943
 -1       118    1    0    1
 -2      1949      1957      1958      1950      1952      1960      1959      1951
 -1       119    1    0    1
 -2      1957      1965      1966      1958      1960      1968      1967      1959
 -1       120    1    0    1
 -2      1965       455       456      1966      1968       458       457      1967
 -1       121    1    0    1
 -2       255      1973      1974       256       258      1976      1975       257
 -1       122    1    0    1
 -2      1973      1981      1982      1974      1976      1984      1983      1975
 -1       123    1    0    1
 -2      1981      1989      1990      1982      1984      1992      1991      1983
 -1       124    1    0    1
 -2      1989      1997      1998      1990      1992      2000      1999      1991
 -1       125    1    0    1
 -2      1997      2005      2006      1998      2000      2008      2007      1999
 -1       126    1    0    1
 -2      2005      2013      2014      2006      2008      2016      2015      2007
 -1       127    1    0    1
 -2      2013      2021      2022      2014      2016      2024      2023      2015
 -1       128    1    0    1
 -2      2021       405       406      2022      2024       408       407      2023
 -1       129    1    0    1
 -2       305      2029      2030       306       308      2032      2031       307
 -1       130    1    0    1
 -2      2029      2037      2038      2030      2032      2040      2039      2031
 -1       131    1    0    1
 -2      2037      2045      2046      2038      2040      2048      2047      2039
 -1       132    1    0    1
 -2      2045      2053      2054      2046      2048      2056      2055      2047
 -1       133    1    0    1
 -2      2053      2061      2062      2054      2056      2064      2063      2055
 -1       134    1    0    1
 -2      2061      2069      2070      2062      2064      2072      2071      2063
 -1       135    1    0    1
 -2      2069      2077      2078      2070      2072      2080      2079      2071
 -1       136    1    0    1
 -2      2077       555       556      2078      2080       558       557      2079
 -1       137    1    0    1
 -2       355      2085      2086       356       358      2088      2087       357
 -1       138    1    0    1
 -2      2085      2093      2094      2086      2088      2096      2095      2087
 -1       139    1    0    1
 -2      2093      2101      2102      2094      2096      2104      2103      2095
 -1       140    1    0    1
 -2      2101      2109      2110      2102      2104      2112      2111      2103
 -1       141    1    0    1
 -2      2109      2117      2118      2110      2112      2120      2119      2111
 -1       142    1    0    1
 -2      2117      2125      2126      2118      2120      2128      2127      2119
 -1       143    1    0    1
 -2      2125      2133      2134      2126      2128      2136      2135      2127
 -1       144    1    0    1
 -2      2133       505       506      2134      2136       508       507      2135
 -1       145    1    0    1
 -2       405       705       706       406       408       708       707       407
 -1       146    1    0    1
 -2       505       605       606       506       508       608       607       507
 -1       147    1    0    1
 -2       455       755       756       456       458       758       757       457
 -1       148    1    0    1
 -2       555       655       656       556       558       658       657       557
 -1       149    1    0    1
 -2       405       655       656       406       408       658       657       407
 -1       150    1    0    1
 -2       455       605       606       456       458       608       607       457
 -1       151    1    0    1
 -2       505       755       756       506       508       758       757       507
 -1       152    1    0    1
 -2       555       705       706       556       558       708       707       557
 -1       153    1    0    1
 -2       605      2141      2142       606       608      2144      2143       607
 -1       154    1    0    1
 -2      2141      2149      2150      2142      2144      2152      2151      2143
 -1       155    1    0    1
 -2      2149      2157      2158      2150      2152      2160      2159      2151
 -1       156    1    0    1
 -2      2157       905       906      2158      2160       908       907      2159
 -1       157    1    0    1
 -2       705      2165      2166       706       708      2168      2167       707
 -1       158    1    0    1
 -2      2165      2173      2174      2166      2168      2176      2175      2167
 -1       159    1    0    1
 -2      2173      2181      2182      2174      2176      2184      2183      2175
 -1       160    1    0    1
 -2      2181       805       806      2182      2184       808       807      2183
 -1       161    1    0    1
 -2       655      2189      2190       656       658      2192      2191       657
 -1       162    1    0    1
 -2      2189      2197      2198      2190      2192      2200      2199      2191
 -1       163    1    0    1
 -2      2197      2205      2206      2198      2200      2208      2207      2199
 -1       164    1    0    1
 -2      2205       955       956      2206      2208       958       957      2207
 -1       165    1    0    1
 -2       755      2213      2214       756       758      2216      2215       757
 -1       166    1    0    1
 -2      2213      2221      2222      2214      2216      2224      2223      2215
 -1       167    1    0    1
 -2      2221      2229      2230      2222      2224      2232      2231      2223
 -1       168    1    0    1
 -2      2229       855       856      2230      2232       858       857      2231
 -1       169    1    0    1
 -2       605      2237      2238       606       608      2240      2239       607
 -1       170    1    0    1
 -2      2237      2245      2246      2238      2240      2248      2247      2239
 -1       171    1    0    1
 -2      2245      2253      2254      2246      2248      2256      2255      2247
 -1       172    1    0    1
 -2      2253       855       856      2254      2256       858       857      2255
 -1       173    1    0    1
 -2       655      2261      2262       656       658      2264      2263       657
 -1       174    1    0    1
 -2      2261      2269      2270      2262      2264      2272      2271      2263
 -1       175    1    0    1
 -2      2269      2277      2278      2270      2272      2280      2279      2271
 -1       176    1    0    1
 -2      2277       805       806      2278      2280       808       807      2279
 -1       177    1    0    1
 -2       705      2285      2286       706       708      2288      2287       707
 -1       178    1    0    1
 -2      2285      2293      2294      2286      2288      2296      2295      2287
 -1       179    1    0    1
 -2      2293      2301      2302      2294      2296      2304      2303      2295
 -1       180    1    0    1
 -2      2301       955       956      2302      2304       958       957      2303
 -1       181    1    0    1
 -2       755      2309      2310       756       758      2312      2311       757
 -1       182    1    0    1
 -2      2309      2317      2318      2310      2312      2320      2319      2311
 -1       183    1    0    1
 -2      2317      2325      2326      2318      2320      2328      2327      2319
 -1       184    1    0    1
 -2      2325       905       906      2326      2328       908       907      2327
 -1       185    1    0    1
 -2       805      2333      2334       806       808      2336      2335       807
 -1       186    1    0    1
 -2      2333      2341      2342      2334      2336      2344      2343      2335
 -1       187    1    0    1
 -2      2341      2349      2350      2342      2344      2352      2351      2343
 -1       188    1    0    1
 -2      2349      2357      2358      2350      2352      2360      2359      2351
 -1       189    1    0    1
 -2      2357      2365      2366      2358      2360      2368      2367      2359
 -1       190    1    0    1
 -2      2365      2373      2374      2366      2368      2376      2375      2367
 -1       191    1    0    1
 -2      2373      2381      2382      2374      2376      2384      2383      2375
 -1       192    1    0    1
 -2      2381      1105      1106      2382      2384      1108      1107      2383
 -1       193    1    0    1
 -2       905      2389      2390       906       908      2392      2391       907
 -1       194    1    0    1
 -2      2389      2397      2398      2390      2392      2400      2399      2391
 -1       195    1    0    1
 -2      2397      2405      2406      2398      2400      2408      2407      2399
 -1       196    1    0    1
 -2      2405      2413      2414      2406      2408      2416      2415      2407
 -1       197    1    0    1
 -2      2413      2421      2422      2414      2416      2424      2423      2415
 -1       198    1    0    1
 -2      2421      2429      2430      2422      2424      2432      2431      2423
 -1       199    1    0    1
 -2      2429      2437      2438      2430      2432      2440      2439      2431
 -1       200    1    0    1
 -2      2437      1005      1006      2438      2440      1008      1007      2439
 -1       201    1    0    1
 -2       855      2445      2446       856       858      2448      2447       857
 -1       202    1    0    1
 -2      2445      2453      2454      2446      2448      2456      2455      2447
 -1       203    1    0    1
 -2      2453      2461      2462      2454      2456      2464      2463      2455
 -1       204    1    0    1
 -2      2461      2469      2470      2462      2464      2472      2471      2463
 -1       205    1    0    1
 -2      2469      2477      2478      2470      2472      2480      2479      2471
 -1       206    1    0    1
 -2      2477      2485      2486      2478      2480      2488      2487      2479
 -1       207    1    0    1
 -2      2485      2493      2494      2486      2488      2496      2495      2487
 -1       208    1    0    1
 -2      2493      1155      1156      2494      2496      1158      1157      2495
 -1       209    1    0    1
 -2       955      2501      2502       956       958      2504      2503       957
 -1       210    1    0    1
 -2      2501      2509      2510      2502      2504      2512      2511      2503
 -1       211    1    0    1
 -2      2509      2517      2518      2510      2512      2520      2519      2511
 -1       212    1    0    1
 -2      2517      2525      2526      2518      2520      2528      2527      2519
 -1       213    1    0    1
 -2      2525      2533      2534      2526      2528      2536      2535      2527
 -1       214    1    0    1
 -2      2533      2541      2542      2534      2536      2544      2543      2535
 -1       215    1    0    1
 -2      2541      2549      2550      2542      2544      2552      2551      2543
 -1       216    1    0    1
 -2      2549      1055      1056      2550      2552      1058      1057      2551
 -1       217    1    0    1
 -2       805      2557      2558       806       808      2560      2559       807
 -1       218    1    0    1
 -2      2557      2565      2566      2558      2560      2568      2567      2559
 -1       219    1    0    1
 -2      2565      2573      2574      2566      2568      2576      2575      2567
 -1       220    1    0    1
 -2      2573      2581      2582      2574      2576      2584      2583      2575
 -1       221    1    0    1
 -2      2581      2589      2590      2582      2584      2592      2591      2583
 -1       222    1    0    1
 -2      2589      2597      2598      2590      2592      2600      2599      2591
 -1       223    1    0    1
 -2      2597      2605      2606      2598      2600      2608      2607      2599
 -1       224    1    0    1
 -2      2605      1055      1056      2606      2608      1058      1057      2607
 -1       225    1    0    1
 -2       855      2613      2614       856       858      2616      2615       857
 -1       226    1    0    1
 -2      2613      2621      2622      2614      2616      2624      2623      2615
 -1       227    1    0    1
 -2      2621      2629      2630      2622      2624      2632      2631      2623
 -1       228    1    0    1
 -2      2629      2637      2638      2630      2632      2640      2639      2631
 -1       229    1    0    1
 -2      2637      2645      2646      2638      2640      2648      2647      2639
 -1       230    1    0    1
 -2      2645      2653      2654      2646      2648      2656      2655      2647
 -1       231    1    0    1
 -2      2653      2661      2662      2654      2656      2664      2663      2655
 -1       232    1    0    1
 -2      2661      1005      1006      2662      2664      1008      1007      2663
 -1       233    1    0    1
 -2       905      2669      2670       906       908      2672      2671       907
 -1       234    1    0    1
 -2      2669      2677      2678      2670      2672      2680      2679      2671
 -1       235    1    0    1
 -2      2677      2685      2686      2678      2680      2688      2687      2679
 -1       236    1    0    1
 -2      2685      2693      2694      2686      2688      2696      2695      2687
 -1       237    1    0    1
 -2      2693      2701      2702      2694      2696      2704      2703      2695
 -1       238    1    0    1
 -2      2701      2709      2710      2702      2704      2712      2711      2703
 -1       239    1    0    1
 -2      2709      2717      2718      2710      2712      2720      2719      2711
 -1       240    1    0    1
 -2      2717      1155      1156      2718      2720      1158      1157      2719
 -1       241    1    0    1
 -2       955      2725      2726       956       958      2728      2727       957
 -1       242    1    0    1
 -2      2725      2733      2734      2726      2728      2736      2735      2727
 -1       243    1    0    1
 -2      2733      2741      2742      2734      2736      2744      2743      2735
 -1       244    1    0    1
 -2      2741      2749      2750      2742      2744      2752      2751      2743
 -1       245    1    0    1
 -2      2749      2757      2758      2750      2752      2760      2759      2751
 -1       246    1    0    1
 -2      2757      2765      2766      2758      2760      2768      2767      2759
 -1       247    1    0    1
 -2      2765      2773      2774      2766      2768      2776      2775      2767
 -1       248    1    0    1
 -2      2773      1105      1106      2774      2776      1108      1107      2775
 -1       249    1    0    1
 -2      1005      2781      2782      1006      1008      2784      2783      1007
 -1       250    1    0    1
 -2      2781      1305      1306      2782      2784      1308      1307      2783
 -1       251    1    0    1
 -2      1105      2789      2790      1106      1108      2792      2791      1107
 -1       252    1    0    1
 -2      2789      1205      1206      2790      2792      1208      1207      2791
 -1       253    1    0    1
 -2      1055      2797      2798      1056      1058      2800      2799      1057
 -1       254    1    0    1
 -2      2797      1355      1356      2798      2800      1358      1357      2799
 -1       255    1    0    1
 -2      1155      2805      2806      1156      1158      2808      2807      1157
 -1       256    1    0    1
 -2      2805      1255      1256      2806      2808      1258      1257      2807
 -1       257    1    0    1
 -2      1005      2813      2814      1006      1008      2816      2815      1007
 -1       258    1    0    1
 -2      2813      1255      1256      2814      2816      1258      1257      2815
 -1       259    1    0    1
 -2      1055      2821      2822      1056      1058      2824      2823      1057
 -1       260    1    0    1
 -2      2821      1205      1206      2822      2824      1208      1207      2823
 -1       261    1    0    1
 -2      1105      2829      2830      1106      1108      2832      2831      1107
 -1       262    1    0    1
 -2      2829      1355      1356      2830      2832      1358      1357      2831
 -1       263    1    0    1
 -2      1155      2837      2838      1156      1158      2840      2839      1157
 -1       264    1    0    1
 -2      2837      1305      1306      2838      2840      1308      1307      2839
 -3
    1PSTEP                         1           1           1          
  100CL  101 1.000000000           0                     0    1           1
 -4  DISP        4    1
 -5  D1          1    2    1    0
 -5  D2          1    2    2    0
 -5  D3          1    2    3    0
 -5  ALL         1    2    0    0    1ALL
 -3
 9999
