    1C
    1UNormalized cross-passage space-truss torsion benchmark            
    1UUSER                                                              
    1UDATE              06.august.2026                                  
    1UTIME              08:14:20                                        
    1UHOST                                                              
    1UPGM               CalculiX                                        
    1UVERSION           Version 2.21                             
    1UCOMPILETIME       Sat Jul 29 10:52:01 CEST 2023                    
    1UDIR                                                               
    1UDBN                                                               
    1UMAT    1STEEL                                                     
    2C                          1048                                     1
 -1       213-1.19367E+00 6.68727E-04-3.54900E-02
 -1       214-1.23018E+00 3.53488E-03-1.94017E-02
 -1       215-1.20633E+00-6.68727E-04 3.54900E-02
 -1       216-1.16982E+00-3.53488E-03 1.94017E-02
 -1       221-1.20102E+00-3.40950E-02-1.16828E-02
 -1       222-1.20007E+00-2.33416E-03-3.59798E-02
 -1       223-1.19898E+00 3.40950E-02 1.16828E-02
 -1       224-1.19993E+00 2.33416E-03 3.59798E-02
 -1       229-1.23354E+00-1.32202E-02 3.96605E-04
 -1       230-1.20069E+00-3.60327E-02 1.08098E-03
 -1       231-1.16646E+00 1.32202E-02-3.96605E-04
 -1       232-1.19931E+00 3.60327E-02-1.08098E-03
 -1       263 1.20169E+00 2.55776E-03-3.59247E-02
 -1       264 1.16755E+00-2.01590E-03-1.55921E-02
 -1       265 1.19831E+00-2.55776E-03 3.59247E-02
 -1       266 1.23245E+00 2.01590E-03 1.55921E-02
 -1       271 1.20102E+00-3.38645E-02-1.23355E-02
 -1       272 1.20005E+00-1.64335E-03-3.60180E-02
 -1       273 1.19898E+00 3.38645E-02 1.23355E-02
 -1       274 1.19995E+00 1.64335E-03 3.60180E-02
 -1       279 1.16697E+00-1.44498E-02-4.33494E-04
 -1       280 1.20064E+00-3.60336E-02-1.08101E-03
 -1       281 1.23303E+00 1.44498E-02 4.33494E-04
 -1       282 1.19936E+00 3.60336E-02 1.08101E-03
 -1       313-1.19289E+00-3.02042E-03 1.96478E+00
 -1       314-1.22975E+00 1.44577E-03 1.97968E+00
 -1       315-1.20711E+00 3.02042E-03 2.03522E+00
 -1       316-1.17025E+00-1.44577E-03 2.02032E+00
 -1       321-1.19898E+00-3.38645E-02 1.98766E+00
 -1       322-1.19995E+00-1.64335E-03 1.96398E+00
 -1       323-1.20102E+00 3.38645E-02 2.01234E+00
 -1       324-1.20005E+00 1.64335E-03 2.03602E+00
 -1       329-1.23303E+00-1.44498E-02 1.99957E+00
 -1       330-1.19936E+00-3.60336E-02 1.99892E+00
 -1       331-1.16697E+00 1.44498E-02 2.00043E+00
 -1       332-1.20064E+00 3.60336E-02 2.00108E+00
 -1       363 1.20308E+00-9.89505E-04 1.96409E+00
 -1       364 1.16817E+00-3.58837E-03 1.98345E+00
 -1       365 1.19692E+00 9.89505E-04 2.03591E+00
 -1       366 1.23183E+00 3.58837E-03 2.01655E+00
 -1       371 1.19898E+00-3.40950E-02 1.98832E+00
 -1       372 1.19993E+00-2.33416E-03 1.96402E+00
 -1       373 1.20102E+00 3.40950E-02 2.01168E+00
 -1       374 1.20007E+00 2.33416E-03 2.03598E+00
 -1       379 1.16646E+00-1.32202E-02 2.00040E+00
 -1       380 1.19931E+00-3.60327E-02 2.00108E+00
 -1       381 1.23354E+00 1.32202E-02 1.99960E+00
 -1       382 1.20069E+00 3.60327E-02 1.99892E+00
 -1       413-1.19621E+00 9.99961E+00-3.58535E-02
 -1       414-1.23162E+00 9.99853E+00-1.72723E-02
 -1       415-1.20379E+00 1.00004E+01 3.58535E-02
 -1       416-1.16838E+00 1.00015E+01 1.72723E-02
 -1       421-1.20102E+00 9.96591E+00-1.16828E-02
 -1       422-1.20007E+00 9.99767E+00-3.59798E-02
 -1       423-1.19898E+00 1.00341E+01 1.16828E-02
 -1       424-1.19993E+00 1.00023E+01 3.59798E-02
 -1       429-1.23354E+00 9.98678E+00 3.96605E-04
 -1       430-1.20069E+00 9.96397E+00 1.08098E-03
 -1       431-1.16646E+00 1.00132E+01-3.96605E-04
 -1       432-1.19931E+00 1.00360E+01-1.08098E-03
 -1       437-1.19212E+00 9.99835E+00-3.51449E-02
 -1       438-1.22911E+00 1.00038E+01-2.09329E-02
 -1       439-1.20788E+00 1.00017E+01 3.51449E-02
 -1       440-1.17089E+00 9.99620E+00 2.09329E-02
 -1       479 1.20438E+00 9.99942E+00-3.57835E-02
 -1       480 1.16865E+00 9.99921E+00-1.77995E-02
 -1       481 1.19562E+00 1.00006E+01 3.57835E-02
 -1       482 1.23135E+00 1.00008E+01 1.77995E-02
 -1       487 1.20102E+00 9.96614E+00-1.23355E-02
 -1       488 1.20005E+00 9.99836E+00-3.60180E-02
 -1       489 1.19898E+00 1.00339E+01 1.23355E-02
 -1       490 1.19995E+00 1.00016E+01 3.60180E-02
 -1       495 1.16697E+00 9.98555E+00-4.33494E-04
 -1       496 1.20064E+00 9.96397E+00-1.08101E-03
 -1       497 1.23303E+00 1.00145E+01 4.33494E-04
 -1       498 1.19936E+00 1.00360E+01 1.08101E-03
 -1       529-1.19668E+00 1.00009E+01 1.96411E+00
 -1       530-1.23184E+00 9.99915E+00 1.98310E+00
 -1       531-1.20332E+00 9.99910E+00 2.03589E+00
 -1       532-1.16816E+00 1.00009E+01 2.01690E+00
 -1       537-1.19898E+00 9.96614E+00 1.98766E+00
 -1       538-1.19995E+00 9.99836E+00 1.96398E+00
 -1       539-1.20102E+00 1.00339E+01 2.01234E+00
 -1       540-1.20005E+00 1.00016E+01 2.03602E+00
 -1       545-1.23303E+00 9.98555E+00 1.99957E+00
 -1       546-1.19936E+00 9.96397E+00 1.99892E+00
 -1       547-1.16697E+00 1.00145E+01 2.00043E+00
 -1       548-1.20064E+00 1.00360E+01 2.00108E+00
 -1       553-1.19293E+00 9.99717E+00 1.96476E+00
 -1       554-1.22977E+00 1.00016E+01 1.97971E+00
 -1       555-1.20707E+00 1.00028E+01 2.03524E+00
 -1       556-1.17023E+00 9.99844E+00 2.02029E+00
 -1       595 1.20402E+00 1.00005E+01 1.96417E+00
 -1       596 1.16847E+00 9.99974E+00 1.98251E+00
 -1       597 1.19598E+00 9.99949E+00 2.03583E+00
 -1       598 1.23153E+00 1.00003E+01 2.01749E+00
 -1       603 1.19898E+00 9.96591E+00 1.98832E+00
 -1       604 1.19993E+00 9.99767E+00 1.96402E+00
 -1       605 1.20102E+00 1.00341E+01 2.01168E+00
 -1       606 1.20007E+00 1.00023E+01 2.03598E+00
 -1       611 1.16646E+00 9.98678E+00 2.00040E+00
 -1       612 1.19931E+00 9.96397E+00 2.00108E+00
 -1       613 1.23354E+00 1.00132E+01 1.99960E+00
 -1       614 1.20069E+00 1.00360E+01 1.99892E+00
 -1       645-1.19527E+00 1.99996E+01-3.57424E-02
 -1       646-1.23118E+00 2.00001E+01-1.81121E-02
 -1       647-1.20473E+00 2.00004E+01 3.57424E-02
 -1       648-1.16882E+00 1.99999E+01 1.81121E-02
 -1       653-1.20102E+00 1.99659E+01-1.16828E-02
 -1       654-1.20007E+00 1.99977E+01-3.59798E-02
 -1       655-1.19898E+00 2.00341E+01 1.16828E-02
 -1       656-1.19993E+00 2.00023E+01 3.59798E-02
 -1       661-1.23354E+00 1.99868E+01 3.96605E-04
 -1       662-1.20069E+00 1.99640E+01 1.08098E-03
 -1       663-1.16646E+00 2.00132E+01-3.96605E-04
 -1       664-1.19931E+00 2.00360E+01-1.08098E-03
 -1       695 1.20436E+00 1.99998E+01-3.57905E-02
 -1       696 1.16864E+00 1.99997E+01-1.77894E-02
 -1       697 1.19564E+00 2.00002E+01 3.57905E-02
 -1       698 1.23136E+00 2.00003E+01 1.77894E-02
 -1       703 1.20102E+00 1.99661E+01-1.23355E-02
 -1       704 1.20005E+00 1.99984E+01-3.60180E-02
 -1       705 1.19898E+00 2.00339E+01 1.23355E-02
 -1       706 1.19995E+00 2.00016E+01 3.60180E-02
 -1       711 1.16697E+00 1.99855E+01-4.33494E-04
 -1       712 1.20064E+00 1.99640E+01-1.08101E-03
 -1       713 1.23303E+00 2.00145E+01 4.33494E-04
 -1       714 1.19936E+00 2.00360E+01 1.08101E-03
 -1       745-1.19545E+00 2.00002E+01 1.96423E+00
 -1       746-1.23126E+00 2.00003E+01 1.98204E+00
 -1       747-1.20455E+00 1.99998E+01 2.03577E+00
 -1       748-1.16874E+00 1.99997E+01 2.01796E+00
 -1       753-1.19898E+00 1.99661E+01 1.98766E+00
 -1       754-1.19995E+00 1.99984E+01 1.96398E+00
 -1       755-1.20102E+00 2.00339E+01 2.01234E+00
 -1       756-1.20005E+00 2.00016E+01 2.03602E+00
 -1       761-1.23303E+00 1.99855E+01 1.99957E+00
 -1       762-1.19936E+00 1.99640E+01 1.99892E+00
 -1       763-1.16697E+00 2.00145E+01 2.00043E+00
 -1       764-1.20064E+00 2.00360E+01 2.00108E+00
 -1       795 1.20418E+00 2.00004E+01 1.96419E+00
 -1       796 1.16855E+00 1.99999E+01 1.98237E+00
 -1       797 1.19582E+00 1.99996E+01 2.03581E+00
 -1       798 1.23145E+00 2.00001E+01 2.01763E+00
 -1       803 1.19898E+00 1.99659E+01 1.98832E+00
 -1       804 1.19993E+00 1.99977E+01 1.96402E+00
 -1       805 1.20102E+00 2.00341E+01 2.01168E+00
 -1       806 1.20007E+00 2.00023E+01 2.03598E+00
 -1       811 1.16646E+00 1.99868E+01 2.00040E+00
 -1       812 1.19931E+00 1.99640E+01 2.00108E+00
 -1       813 1.23354E+00 2.00132E+01 1.99960E+00
 -1       814 1.20069E+00 2.00360E+01 1.99892E+00
 -1       845-1.19558E+00 3.00003E+01-3.57826E-02
 -1       846-1.23133E+00 3.00001E+01-1.78430E-02
 -1       847-1.20442E+00 2.99997E+01 3.57826E-02
 -1       848-1.16867E+00 2.99999E+01 1.78430E-02
 -1       853-1.20102E+00 2.99659E+01-1.16828E-02
 -1       854-1.20007E+00 2.99977E+01-3.59798E-02
 -1       855-1.19898E+00 3.00341E+01 1.16828E-02
 -1       856-1.19993E+00 3.00023E+01 3.59798E-02
 -1       861-1.23354E+00 2.99868E+01 3.96605E-04
 -1       862-1.20069E+00 2.99640E+01 1.08098E-03
 -1       863-1.16646E+00 3.00132E+01-3.96605E-04
 -1       864-1.19931E+00 3.00360E+01-1.08098E-03
 -1       895 1.20457E+00 2.99997E+01-3.57633E-02
 -1       896 1.16875E+00 2.99999E+01-1.79771E-02
 -1       897 1.19543E+00 3.00003E+01 3.57633E-02
 -1       898 1.23125E+00 3.00001E+01 1.79771E-02
 -1       903 1.20102E+00 2.99661E+01-1.23355E-02
 -1       904 1.20005E+00 2.99984E+01-3.60180E-02
 -1       905 1.19898E+00 3.00339E+01 1.23355E-02
 -1       906 1.19995E+00 3.00016E+01 3.60180E-02
 -1       911 1.16697E+00 2.99855E+01-4.33494E-04
 -1       912 1.20064E+00 2.99640E+01-1.08101E-03
 -1       913 1.23303E+00 3.00145E+01 4.33494E-04
 -1       914 1.19936E+00 3.00360E+01 1.08101E-03
 -1       945-1.19558E+00 3.00003E+01 1.96422E+00
 -1       946-1.23133E+00 3.00001E+01 1.98216E+00
 -1       947-1.20442E+00 2.99997E+01 2.03578E+00
 -1       948-1.16867E+00 2.99999E+01 2.01784E+00
 -1       953-1.19898E+00 2.99661E+01 1.98766E+00
 -1       954-1.19995E+00 2.99984E+01 1.96398E+00
 -1       955-1.20102E+00 3.00339E+01 2.01234E+00
 -1       956-1.20005E+00 3.00016E+01 2.03602E+00
 -1       961-1.23303E+00 2.99855E+01 1.99957E+00
 -1       962-1.19936E+00 2.99640E+01 1.99892E+00
 -1       963-1.16697E+00 3.00145E+01 2.00043E+00
 -1       964-1.20064E+00 3.00360E+01 2.00108E+00
 -1       995 1.20457E+00 2.99997E+01 1.96424E+00
 -1       996 1.16875E+00 2.99999E+01 1.98202E+00
 -1       997 1.19543E+00 3.00003E+01 2.03576E+00
 -1       998 1.23125E+00 3.00001E+01 2.01798E+00
 -1      1003 1.19898E+00 2.99659E+01 1.98832E+00
 -1      1004 1.19993E+00 2.99977E+01 1.96402E+00
 -1      1005 1.20102E+00 3.00341E+01 2.01168E+00
 -1      1006 1.20007E+00 3.00023E+01 2.03598E+00
 -1      1011 1.16646E+00 2.99868E+01 2.00040E+00
 -1      1012 1.19931E+00 2.99640E+01 2.00108E+00
 -1      1013 1.23354E+00 3.00132E+01 1.99960E+00
 -1      1014 1.20069E+00 3.00360E+01 1.99892E+00
 -1      1045-1.19545E+00 3.99998E+01-3.57665E-02
 -1      1046-1.23126E+00 3.99999E+01-1.79587E-02
 -1      1047-1.20455E+00 4.00002E+01 3.57665E-02
 -1      1048-1.16874E+00 4.00001E+01 1.79587E-02
 -1      1053-1.20000E+00 3.99660E+01-1.20000E-02
 -1      1054-1.20000E+00 3.99980E+01-3.60000E-02
 -1      1055-1.20000E+00 4.00340E+01 1.20000E-02
 -1      1056-1.20000E+00 4.00020E+01 3.60000E-02
 -1      1061-1.23328E+00 3.99861E+01 0.00000E+00
 -1      1062-1.20000E+00 3.99639E+01 0.00000E+00
 -1      1063-1.16672E+00 4.00139E+01 0.00000E+00
 -1      1064-1.20000E+00 4.00361E+01 0.00000E+00
 -1      1095 1.20444E+00 4.00002E+01-3.57801E-02
 -1      1096 1.16868E+00 4.00001E+01-1.78639E-02
 -1      1097 1.19556E+00 3.99998E+01 3.57801E-02
 -1      1098 1.23132E+00 3.99999E+01 1.78639E-02
 -1      1103 1.20000E+00 3.99660E+01-1.20000E-02
 -1      1104 1.20000E+00 3.99980E+01-3.60000E-02
 -1      1105 1.20000E+00 4.00340E+01 1.20000E-02
 -1      1106 1.20000E+00 4.00020E+01 3.60000E-02
 -1      1111 1.16672E+00 3.99861E+01 0.00000E+00
 -1      1112 1.20000E+00 3.99639E+01 0.00000E+00
 -1      1113 1.23328E+00 4.00139E+01 0.00000E+00
 -1      1114 1.20000E+00 4.00361E+01 0.00000E+00
 -1      1145-1.19545E+00 3.99998E+01 1.96423E+00
 -1      1146-1.23126E+00 3.99999E+01 1.98204E+00
 -1      1147-1.20455E+00 4.00002E+01 2.03577E+00
 -1      1148-1.16874E+00 4.00001E+01 2.01796E+00
 -1      1153-1.20000E+00 3.99660E+01 1.98800E+00
 -1      1154-1.20000E+00 3.99980E+01 1.96400E+00
 -1      1155-1.20000E+00 4.00340E+01 2.01200E+00
 -1      1156-1.20000E+00 4.00020E+01 2.03600E+00
 -1      1161-1.23328E+00 3.99861E+01 2.00000E+00
 -1      1162-1.20000E+00 3.99639E+01 2.00000E+00
 -1      1163-1.16672E+00 4.00139E+01 2.00000E+00
 -1      1164-1.20000E+00 4.00361E+01 2.00000E+00
 -1      1195 1.20444E+00 4.00002E+01 1.96422E+00
 -1      1196 1.16868E+00 4.00001E+01 1.98214E+00
 -1      1197 1.19556E+00 3.99998E+01 2.03578E+00
 -1      1198 1.23132E+00 3.99999E+01 2.01786E+00
 -1      1203 1.20000E+00 3.99660E+01 1.98800E+00
 -1      1204 1.20000E+00 3.99980E+01 1.96400E+00
 -1      1205 1.20000E+00 4.00340E+01 2.01200E+00
 -1      1206 1.20000E+00 4.00020E+01 2.03600E+00
 -1      1211 1.16672E+00 3.99861E+01 2.00000E+00
 -1      1212 1.20000E+00 3.99639E+01 2.00000E+00
 -1      1213 1.23328E+00 4.00139E+01 2.00000E+00
 -1      1214 1.20000E+00 4.00361E+01 2.00000E+00
 -1      1245-1.19643E+00 4.99983E+01-3.58369E-02
 -1      1246-1.23164E+00 4.99965E+01-1.69330E-02
 -1      1247-1.20357E+00 5.00017E+01 3.58369E-02
 -1      1248-1.16836E+00 5.00035E+01 1.69330E-02
 -1      1253-1.20145E+00 4.99659E+01-1.15569E-02
 -1      1254-1.20010E+00 4.99975E+01-3.59709E-02
 -1      1255-1.19855E+00 5.00341E+01 1.15569E-02
 -1      1256-1.19990E+00 5.00025E+01 3.59709E-02
 -1      1261-1.23365E+00 4.99871E+01 5.48678E-04
 -1      1262-1.20099E+00 4.99640E+01 1.52775E-03
 -1      1263-1.16635E+00 5.00129E+01-5.48678E-04
 -1      1264-1.19901E+00 5.00360E+01-1.52775E-03
 -1      1295 1.20681E+00 4.99968E+01-3.52587E-02
 -1      1296 1.17004E+00 5.00008E+01-2.00420E-02
 -1      1297 1.19319E+00 5.00032E+01 3.52587E-02
 -1      1298 1.22996E+00 4.99992E+01 2.00420E-02
 -1      1303 1.20143E+00 4.99662E+01-1.24797E-02
 -1      1304 1.20006E+00 4.99985E+01-3.60247E-02
 -1      1305 1.19857E+00 5.00338E+01 1.24797E-02
 -1      1306 1.19994E+00 5.00015E+01 3.60247E-02
 -1      1311 1.16707E+00 4.99853E+01-6.22501E-04
 -1      1312 1.20089E+00 4.99640E+01-1.52786E-03
 -1      1313 1.23293E+00 5.00147E+01 6.22501E-04
 -1      1314 1.19911E+00 5.00360E+01 1.52786E-03
 -1      1345-1.19820E+00 5.00029E+01 1.96411E+00
 -1      1346-1.23244E+00 4.99986E+01 1.98433E+00
 -1      1347-1.20180E+00 4.99971E+01 2.03589E+00
 -1      1348-1.16756E+00 5.00014E+01 2.01567E+00
 -1      1353-1.19857E+00 4.99662E+01 1.98752E+00
 -1      1354-1.19994E+00 4.99985E+01 1.96398E+00
 -1      1355-1.20143E+00 5.00338E+01 2.01248E+00
 -1      1356-1.20006E+00 5.00015E+01 2.03602E+00
 -1      1361-1.23293E+00 4.99853E+01 1.99938E+00
 -1      1362-1.19911E+00 4.99640E+01 1.99847E+00
 -1      1363-1.16707E+00 5.00147E+01 2.00062E+00
 -1      1364-1.20089E+00 5.00360E+01 2.00153E+00
 -1      1395 1.20569E+00 5.00016E+01 1.96443E+00
 -1      1396 1.16943E+00 5.00035E+01 1.98120E+00
 -1      1397 1.19431E+00 4.99984E+01 2.03557E+00
 -1      1398 1.23057E+00 4.99965E+01 2.01880E+00
 -1      1403 1.19855E+00 4.99659E+01 1.98844E+00
 -1      1404 1.19990E+00 4.99975E+01 1.96403E+00
 -1      1405 1.20145E+00 5.00341E+01 2.01156E+00
 -1      1406 1.20010E+00 5.00025E+01 2.03597E+00
 -1      1411 1.16635E+00 4.99871E+01 2.00055E+00
 -1      1412 1.19901E+00 4.99640E+01 2.00153E+00
 -1      1413 1.23365E+00 5.00129E+01 1.99945E+00
 -1      1414 1.20099E+00 5.00360E+01 1.99847E+00
 -1      1445-1.19510E+00 1.24849E+00-9.30910E-02
 -1      1446-1.23109E+00 1.24923E+00-7.56508E-02
 -1      1447-1.20490E+00 1.25151E+00-2.17140E-02
 -1      1448-1.16891E+00 1.25077E+00-3.91543E-02
 -1      1453-1.19519E+00 2.49884E+00-1.41781E-01
 -1      1454-1.23114E+00 2.49941E+00-1.24237E-01
 -1      1455-1.20481E+00 2.50116E+00-7.03511E-02
 -1      1456-1.16886E+00 2.50059E+00-8.78954E-02
 -1      1461-1.19534E+00 3.74937E+00-1.74330E-01
 -1      1462-1.23121E+00 3.74968E+00-1.56628E-01
 -1      1463-1.20466E+00 3.75063E+00-1.02834E-01
 -1      1464-1.16879E+00 3.75032E+00-1.20535E-01
 -1      1469-1.19553E+00 5.00000E+00-1.85777E-01
 -1      1470-1.23131E+00 5.00000E+00-1.67888E-01
 -1      1471-1.20447E+00 5.00000E+00-1.14223E-01
 -1      1472-1.16869E+00 5.00000E+00-1.32112E-01
 -1      1477-1.19572E+00 6.25063E+00-1.74377E-01
 -1      1478-1.23140E+00 6.25031E+00-1.56298E-01
 -1      1479-1.20428E+00 6.24937E+00-1.02787E-01
 -1      1480-1.16860E+00 6.24969E+00-1.20866E-01
 -1      1485-1.19589E+00 7.50116E+00-1.41868E-01
 -1      1486-1.23149E+00 7.50057E+00-1.23626E-01
 -1      1487-1.20411E+00 7.49884E+00-7.02642E-02
 -1      1488-1.16851E+00 7.49943E+00-8.85056E-02
 -1      1493-1.19601E+00 8.75152E+00-9.32042E-02
 -1      1494-1.23154E+00 8.75074E+00-7.48534E-02
 -1      1495-1.20399E+00 8.74848E+00-2.16008E-02
 -1      1496-1.16846E+00 8.74926E+00-3.99517E-02
 -1      1501 1.20399E+00 1.25152E+00 2.16008E-02
 -1      1502 1.16846E+00 1.25074E+00 3.99517E-02
 -1      1503 1.19601E+00 1.24848E+00 9.32042E-02
 -1      1504 1.23154E+00 1.24926E+00 7.48534E-02
 -1      1509 1.20411E+00 2.50116E+00 7.02642E-02
 -1      1510 1.16851E+00 2.50057E+00 8.85056E-02
 -1      1511 1.19589E+00 2.49884E+00 1.41868E-01
 -1      1512 1.23149E+00 2.49943E+00 1.23626E-01
 -1      1517 1.20428E+00 3.75063E+00 1.02787E-01
 -1      1518 1.16860E+00 3.75031E+00 1.20866E-01
 -1      1519 1.19572E+00 3.74937E+00 1.74377E-01
 -1      1520 1.23140E+00 3.74969E+00 1.56298E-01
 -1      1525 1.20447E+00 5.00000E+00 1.14223E-01
 -1      1526 1.16869E+00 5.00000E+00 1.32112E-01
 -1      1527 1.19553E+00 5.00000E+00 1.85777E-01
 -1      1528 1.23131E+00 5.00000E+00 1.67888E-01
 -1      1533 1.20466E+00 6.24937E+00 1.02834E-01
 -1      1534 1.16879E+00 6.24968E+00 1.20535E-01
 -1      1535 1.19534E+00 6.25063E+00 1.74330E-01
 -1      1536 1.23121E+00 6.25032E+00 1.56628E-01
 -1      1541 1.20481E+00 7.49884E+00 7.03511E-02
 -1      1542 1.16886E+00 7.49941E+00 8.78954E-02
 -1      1543 1.19519E+00 7.50116E+00 1.41781E-01
 -1      1544 1.23114E+00 7.50059E+00 1.24237E-01
 -1      1549 1.20490E+00 8.74849E+00 2.17140E-02
 -1      1550 1.16891E+00 8.74923E+00 3.91543E-02
 -1      1551 1.19510E+00 8.75151E+00 9.30910E-02
 -1      1552 1.23109E+00 8.75077E+00 7.56508E-02
 -1      1557-1.19510E+00 1.24849E+00 1.90691E+00
 -1      1558-1.23109E+00 1.24923E+00 1.92435E+00
 -1      1559-1.20490E+00 1.25151E+00 1.97829E+00
 -1      1560-1.16891E+00 1.25077E+00 1.96085E+00
 -1      1565-1.19519E+00 2.49884E+00 1.85822E+00
 -1      1566-1.23114E+00 2.49941E+00 1.87576E+00
 -1      1567-1.20481E+00 2.50116E+00 1.92965E+00
 -1      1568-1.16886E+00 2.50059E+00 1.91210E+00
 -1      1573-1.19534E+00 3.74937E+00 1.82567E+00
 -1      1574-1.23121E+00 3.74968E+00 1.84337E+00
 -1      1575-1.20466E+00 3.75063E+00 1.89717E+00
 -1      1576-1.16879E+00 3.75032E+00 1.87946E+00
 -1      1581-1.19553E+00 5.00000E+00 1.81422E+00
 -1      1582-1.23131E+00 5.00000E+00 1.83211E+00
 -1      1583-1.20447E+00 5.00000E+00 1.88578E+00
 -1      1584-1.16869E+00 5.00000E+00 1.86789E+00
 -1      1589-1.19572E+00 6.25063E+00 1.82562E+00
 -1      1590-1.23140E+00 6.25031E+00 1.84370E+00
 -1      1591-1.20428E+00 6.24937E+00 1.89721E+00
 -1      1592-1.16860E+00 6.24969E+00 1.87913E+00
 -1      1597-1.19589E+00 7.50116E+00 1.85813E+00
 -1      1598-1.23149E+00 7.50057E+00 1.87637E+00
 -1      1599-1.20411E+00 7.49884E+00 1.92974E+00
 -1      1600-1.16851E+00 7.49943E+00 1.91149E+00
 -1      1605-1.19601E+00 8.75152E+00 1.90680E+00
 -1      1606-1.23154E+00 8.75074E+00 1.92515E+00
 -1      1607-1.20399E+00 8.74848E+00 1.97840E+00
 -1      1608-1.16846E+00 8.74926E+00 1.96005E+00
 -1      1613 1.20399E+00 1.25152E+00 2.02160E+00
 -1      1614 1.16846E+00 1.25074E+00 2.03995E+00
 -1      1615 1.19601E+00 1.24848E+00 2.09320E+00
 -1      1616 1.23154E+00 1.24926E+00 2.07485E+00
 -1      1621 1.20411E+00 2.50116E+00 2.07026E+00
 -1      1622 1.16851E+00 2.50057E+00 2.08851E+00
 -1      1623 1.19589E+00 2.49884E+00 2.14187E+00
 -1      1624 1.23149E+00 2.49943E+00 2.12363E+00
 -1      1629 1.20428E+00 3.75063E+00 2.10279E+00
 -1      1630 1.16860E+00 3.75031E+00 2.12087E+00
 -1      1631 1.19572E+00 3.74937E+00 2.17438E+00
 -1      1632 1.23140E+00 3.74969E+00 2.15630E+00
 -1      1637 1.20447E+00 5.00000E+00 2.11422E+00
 -1      1638 1.16869E+00 5.00000E+00 2.13211E+00
 -1      1639 1.19553E+00 5.00000E+00 2.18578E+00
 -1      1640 1.23131E+00 5.00000E+00 2.16789E+00
 -1      1645 1.20466E+00 6.24937E+00 2.10283E+00
 -1      1646 1.16879E+00 6.24968E+00 2.12054E+00
 -1      1647 1.19534E+00 6.25063E+00 2.17433E+00
 -1      1648 1.23121E+00 6.25032E+00 2.15663E+00
 -1      1653 1.20481E+00 7.49884E+00 2.07035E+00
 -1      1654 1.16886E+00 7.49941E+00 2.08790E+00
 -1      1655 1.19519E+00 7.50116E+00 2.14178E+00
 -1      1656 1.23114E+00 7.50059E+00 2.12424E+00
 -1      1661 1.20490E+00 8.74849E+00 2.02171E+00
 -1      1662 1.16891E+00 8.74923E+00 2.03915E+00
 -1      1663 1.19510E+00 8.75151E+00 2.09309E+00
 -1      1664 1.23109E+00 8.75077E+00 2.07565E+00
 -1      1669-1.19553E+00 1.50000E+01-1.85778E-01
 -1      1670-1.23131E+00 1.50000E+01-1.67883E-01
 -1      1671-1.20447E+00 1.50000E+01-1.14222E-01
 -1      1672-1.16869E+00 1.50000E+01-1.32117E-01
 -1      1677 1.20447E+00 1.50000E+01 1.14222E-01
 -1      1678 1.16869E+00 1.50000E+01 1.32117E-01
 -1      1679 1.19553E+00 1.50000E+01 1.85778E-01
 -1      1680 1.23131E+00 1.50000E+01 1.67883E-01
 -1      1685-1.19553E+00 1.50000E+01 1.81422E+00
 -1      1686-1.23131E+00 1.50000E+01 1.83212E+00
 -1      1687-1.20447E+00 1.50000E+01 1.88578E+00
 -1      1688-1.16869E+00 1.50000E+01 1.86788E+00
 -1      1693 1.20447E+00 1.50000E+01 2.11422E+00
 -1      1694 1.16869E+00 1.50000E+01 2.13212E+00
 -1      1695 1.19553E+00 1.50000E+01 2.18578E+00
 -1      1696 1.23131E+00 1.50000E+01 2.16788E+00
 -1      1701-1.19522E+00 2.24989E+01-1.41787E-01
 -1      1702-1.23115E+00 2.24995E+01-1.24216E-01
 -1      1703-1.20478E+00 2.25011E+01-7.03450E-02
 -1      1704-1.16885E+00 2.25005E+01-8.79159E-02
 -1      1709-1.19553E+00 2.50000E+01-1.85777E-01
 -1      1710-1.23131E+00 2.50000E+01-1.67887E-01
 -1      1711-1.20447E+00 2.50000E+01-1.14223E-01
 -1      1712-1.16869E+00 2.50000E+01-1.32113E-01
 -1      1717-1.19586E+00 2.75011E+01-1.41867E-01
 -1      1718-1.23147E+00 2.75005E+01-1.23652E-01
 -1      1719-1.20414E+00 2.74989E+01-7.02647E-02
 -1      1720-1.16853E+00 2.74995E+01-8.84797E-02
 -1      1725 1.20414E+00 2.25011E+01 7.02647E-02
 -1      1726 1.16853E+00 2.25005E+01 8.84797E-02
 -1      1727 1.19586E+00 2.24989E+01 1.41867E-01
 -1      1728 1.23147E+00 2.24995E+01 1.23652E-01
 -1      1733 1.20447E+00 2.50000E+01 1.14223E-01
 -1      1734 1.16869E+00 2.50000E+01 1.32113E-01
 -1      1735 1.19553E+00 2.50000E+01 1.85777E-01
 -1      1736 1.23131E+00 2.50000E+01 1.67887E-01
 -1      1741 1.20478E+00 2.74989E+01 7.03450E-02
 -1      1742 1.16885E+00 2.74995E+01 8.79159E-02
 -1      1743 1.19522E+00 2.75011E+01 1.41787E-01
 -1      1744 1.23115E+00 2.75005E+01 1.24216E-01
 -1      1749-1.19522E+00 2.24989E+01 1.85821E+00
 -1      1750-1.23115E+00 2.24995E+01 1.87578E+00
 -1      1751-1.20478E+00 2.25011E+01 1.92966E+00
 -1      1752-1.16885E+00 2.25005E+01 1.91208E+00
 -1      1757-1.19553E+00 2.50000E+01 1.81422E+00
 -1      1758-1.23131E+00 2.50000E+01 1.83211E+00
 -1      1759-1.20447E+00 2.50000E+01 1.88578E+00
 -1      1760-1.16869E+00 2.50000E+01 1.86789E+00
 -1      1765-1.19586E+00 2.75011E+01 1.85813E+00
 -1      1766-1.23147E+00 2.75005E+01 1.87635E+00
 -1      1767-1.20414E+00 2.74989E+01 1.92974E+00
 -1      1768-1.16853E+00 2.74995E+01 1.91152E+00
 -1      1773 1.20414E+00 2.25011E+01 2.07026E+00
 -1      1774 1.16853E+00 2.25005E+01 2.08848E+00
 -1      1775 1.19586E+00 2.24989E+01 2.14187E+00
 -1      1776 1.23147E+00 2.24995E+01 2.12365E+00
 -1      1781 1.20447E+00 2.50000E+01 2.11422E+00
 -1      1782 1.16869E+00 2.50000E+01 2.13211E+00
 -1      1783 1.19553E+00 2.50000E+01 2.18578E+00
 -1      1784 1.23131E+00 2.50000E+01 2.16789E+00
 -1      1789 1.20478E+00 2.74989E+01 2.07034E+00
 -1      1790 1.16885E+00 2.74995E+01 2.08792E+00
 -1      1791 1.19522E+00 2.75011E+01 2.14179E+00
 -1      1792 1.23115E+00 2.75005E+01 2.12422E+00
 -1      1797-1.19553E+00 4.50000E+01-1.85778E-01
 -1      1798-1.23131E+00 4.50000E+01-1.67883E-01
 -1      1799-1.20447E+00 4.50000E+01-1.14222E-01
 -1      1800-1.16869E+00 4.50000E+01-1.32117E-01
 -1      1805 1.20447E+00 4.50000E+01 1.14222E-01
 -1      1806 1.16869E+00 4.50000E+01 1.32117E-01
 -1      1807 1.19553E+00 4.50000E+01 1.85778E-01
 -1      1808 1.23131E+00 4.50000E+01 1.67883E-01
 -1      1813-1.19553E+00 4.50000E+01 1.81422E+00
 -1      1814-1.23131E+00 4.50000E+01 1.83212E+00
 -1      1815-1.20447E+00 4.50000E+01 1.88578E+00
 -1      1816-1.16869E+00 4.50000E+01 1.86788E+00
 -1      1821 1.20447E+00 4.50000E+01 2.11422E+00
 -1      1822 1.16869E+00 4.50000E+01 2.13212E+00
 -1      1823 1.19553E+00 4.50000E+01 2.18578E+00
 -1      1824 1.23131E+00 4.50000E+01 2.16788E+00
 -1      1829 0.00000E+00-6.99992E-02-1.20023E-02
 -1      1830 0.00000E+00-3.79975E-02-3.60001E-02
 -1      1831 0.00000E+00-2.00083E-03 1.20023E-02
 -1      1832 0.00000E+00-3.40025E-02 3.60001E-02
 -1      1837 0.00000E+00 2.00083E-03 1.98800E+00
 -1      1838 0.00000E+00 3.40025E-02 1.96400E+00
 -1      1839 0.00000E+00 6.99992E-02 2.01200E+00
 -1      1840 0.00000E+00 3.79975E-02 2.03600E+00
 -1      1845-1.23329E+00 1.61495E-02 1.00000E+00
 -1      1846-1.20002E+00-6.05551E-03 1.00000E+00
 -1      1847-1.16671E+00 4.38505E-02 1.00000E+00
 -1      1848-1.19998E+00 6.60555E-02 1.00000E+00
 -1      1853 1.16671E+00-4.38505E-02 1.00000E+00
 -1      1854 1.19998E+00-6.60555E-02 1.00000E+00
 -1      1855 1.23329E+00-1.61495E-02 1.00000E+00
 -1      1856 1.20002E+00 6.05551E-03 1.00000E+00
 -1      1861 0.00000E+00 9.93000E+00-1.20023E-02
 -1      1862 0.00000E+00 9.96200E+00-3.60001E-02
 -1      1863 0.00000E+00 9.99800E+00 1.20023E-02
 -1      1864 0.00000E+00 9.96600E+00 3.60001E-02
 -1      1869 0.00000E+00 1.00020E+01 1.98800E+00
 -1      1870 0.00000E+00 1.00340E+01 1.96400E+00
 -1      1871 0.00000E+00 1.00700E+01 2.01200E+00
 -1      1872 0.00000E+00 1.00380E+01 2.03600E+00
 -1      1877-1.23329E+00 1.00161E+01 1.00000E+00
 -1      1878-1.20002E+00 9.99394E+00 1.00000E+00
 -1      1879-1.16671E+00 1.00439E+01 1.00000E+00
 -1      1880-1.19998E+00 1.00661E+01 1.00000E+00
 -1      1885 1.16671E+00 9.95615E+00 1.00000E+00
 -1      1886 1.19998E+00 9.93394E+00 1.00000E+00
 -1      1887 1.23329E+00 9.98385E+00 1.00000E+00
 -1      1888 1.20002E+00 1.00061E+01 1.00000E+00
 -1      1893 0.00000E+00 1.99300E+01-1.20023E-02
 -1      1894 0.00000E+00 1.99620E+01-3.60001E-02
 -1      1895 0.00000E+00 1.99980E+01 1.20023E-02
 -1      1896 0.00000E+00 1.99660E+01 3.60001E-02
 -1      1901 0.00000E+00 2.00020E+01 1.98800E+00
 -1      1902 0.00000E+00 2.00340E+01 1.96400E+00
 -1      1903 0.00000E+00 2.00700E+01 2.01200E+00
 -1      1904 0.00000E+00 2.00380E+01 2.03600E+00
 -1      1909-1.23329E+00 2.00161E+01 1.00000E+00
 -1      1910-1.20002E+00 1.99939E+01 1.00000E+00
 -1      1911-1.16671E+00 2.00438E+01 1.00000E+00
 -1      1912-1.19998E+00 2.00661E+01 1.00000E+00
 -1      1917 1.16671E+00 1.99562E+01 1.00000E+00
 -1      1918 1.19998E+00 1.99339E+01 1.00000E+00
 -1      1919 1.23329E+00 1.99839E+01 1.00000E+00
 -1      1920 1.20002E+00 2.00061E+01 1.00000E+00
 -1      1925 0.00000E+00 2.99300E+01-1.20023E-02
 -1      1926 0.00000E+00 2.99620E+01-3.60001E-02
 -1      1927 0.00000E+00 2.99980E+01 1.20023E-02
 -1      1928 0.00000E+00 2.99660E+01 3.60001E-02
 -1      1933 0.00000E+00 3.00020E+01 1.98800E+00
 -1      1934 0.00000E+00 3.00340E+01 1.96400E+00
 -1      1935 0.00000E+00 3.00700E+01 2.01200E+00
 -1      1936 0.00000E+00 3.00380E+01 2.03600E+00
 -1      1941-1.23329E+00 3.00161E+01 1.00000E+00
 -1      1942-1.20002E+00 2.99939E+01 1.00000E+00
 -1      1943-1.16671E+00 3.00438E+01 1.00000E+00
 -1      1944-1.19998E+00 3.00661E+01 1.00000E+00
 -1      1949 1.16671E+00 2.99562E+01 1.00000E+00
 -1      1950 1.19998E+00 2.99339E+01 1.00000E+00
 -1      1951 1.23329E+00 2.99839E+01 1.00000E+00
 -1      1952 1.20002E+00 3.00061E+01 1.00000E+00
 -1      1957-6.01023E-01 4.99404E+01-1.16832E-02
 -1      1958-6.00070E-01 4.99722E+01-3.59798E-02
 -1      1959-5.98977E-01 5.00086E+01 1.16832E-02
 -1      1960-5.99930E-01 4.99769E+01 3.59798E-02
 -1      1965 0.00000E+00 4.99300E+01-1.20008E-02
 -1      1966 0.00000E+00 4.99620E+01-3.60000E-02
 -1      1967 0.00000E+00 4.99980E+01 1.20008E-02
 -1      1968 0.00000E+00 4.99660E+01 3.60000E-02
 -1      1973 6.01016E-01 4.99407E+01-1.23359E-02
 -1      1974 6.00049E-01 4.99729E+01-3.60180E-02
 -1      1975 5.98984E-01 5.00084E+01 1.23359E-02
 -1      1976 5.99951E-01 4.99762E+01 3.60180E-02
 -1      1981-5.98984E-01 4.99916E+01 1.98766E+00
 -1      1982-5.99951E-01 5.00238E+01 1.96398E+00
 -1      1983-6.01016E-01 5.00593E+01 2.01234E+00
 -1      1984-6.00049E-01 5.00271E+01 2.03602E+00
 -1      1989 0.00000E+00 5.00020E+01 1.98800E+00
 -1      1990 0.00000E+00 5.00340E+01 1.96400E+00
 -1      1991 0.00000E+00 5.00700E+01 2.01200E+00
 -1      1992 0.00000E+00 5.00380E+01 2.03600E+00
 -1      1997 5.98977E-01 4.99914E+01 1.98832E+00
 -1      1998 5.99930E-01 5.00231E+01 1.96402E+00
 -1      1999 6.01023E-01 5.00596E+01 2.01168E+00
 -1      2000 6.00070E-01 5.00278E+01 2.03598E+00
 -1      2005-1.23354E+00 5.00080E+01 5.00396E-01
 -1      2006-1.20070E+00 4.99852E+01 5.01081E-01
 -1      2007-1.16646E+00 5.00344E+01 4.99604E-01
 -1      2008-1.19930E+00 5.00572E+01 4.98919E-01
 -1      2013-1.23328E+00 5.00161E+01 1.00000E+00
 -1      2014-1.20001E+00 4.99939E+01 1.00000E+00
 -1      2015-1.16672E+00 5.00439E+01 1.00000E+00
 -1      2016-1.19999E+00 5.00661E+01 1.00000E+00
 -1      2021-1.23303E+00 5.00068E+01 1.49957E+00
 -1      2022-1.19936E+00 4.99852E+01 1.49892E+00
 -1      2023-1.16697E+00 5.00357E+01 1.50043E+00
 -1      2024-1.20064E+00 5.00572E+01 1.50108E+00
 -1      2029 1.16697E+00 4.99643E+01 4.99567E-01
 -1      2030 1.20064E+00 4.99428E+01 4.98919E-01
 -1      2031 1.23303E+00 4.99932E+01 5.00433E-01
 -1      2032 1.19936E+00 5.00148E+01 5.01081E-01
 -1      2037 1.16672E+00 4.99561E+01 1.00000E+00
 -1      2038 1.19999E+00 4.99339E+01 1.00000E+00
 -1      2039 1.23328E+00 4.99839E+01 1.00000E+00
 -1      2040 1.20001E+00 5.00061E+01 1.00000E+00
 -1      2045 1.16646E+00 4.99656E+01 1.50040E+00
 -1      2046 1.19930E+00 4.99428E+01 1.50108E+00
 -1      2047 1.23354E+00 4.99920E+01 1.49960E+00
 -1      2048 1.20070E+00 5.00148E+01 1.49892E+00
 -1      2053-1.19757E+00 1.26703E+00 1.57055E-01
 -1      2054-1.23227E+00 1.26396E+00 1.76710E-01
 -1      2055-1.20243E+00 1.25593E+00 2.28140E-01
 -1      2056-1.16773E+00 1.25900E+00 2.08485E-01
 -1      2061-1.19773E+00 2.52712E+00 3.58438E-01
 -1      2062-1.23234E+00 2.52383E+00 3.78214E-01
 -1      2063-1.20227E+00 2.51531E+00 4.29430E-01
 -1      2064-1.16766E+00 2.51860E+00 4.09654E-01
 -1      2069-1.19798E+00 3.78416E+00 5.76000E-01
 -1      2070-1.23245E+00 3.78053E+00 5.95959E-01
 -1      2071-1.20202E+00 3.77128E+00 6.46836E-01
 -1      2072-1.16755E+00 3.77491E+00 6.26877E-01
 -1      2077-1.19828E+00 5.03706E+00 8.14685E-01
 -1      2078-1.23258E+00 5.03303E+00 8.34863E-01
 -1      2079-1.20172E+00 5.02294E+00 8.85315E-01
 -1      2080-1.16742E+00 5.02697E+00 8.65137E-01
 -1      2085-1.19860E+00 6.28540E+00 1.07622E+00
 -1      2086-1.23272E+00 6.28095E+00 1.09662E+00
 -1      2087-1.20140E+00 6.27003E+00 1.14662E+00
 -1      2088-1.16728E+00 6.27449E+00 1.12622E+00
 -1      2093-1.19888E+00 7.52942E+00 1.35884E+00
 -1      2094-1.23284E+00 7.52461E+00 1.37943E+00
 -1      2095-1.20112E+00 7.51300E+00 1.42902E+00
 -1      2096-1.16716E+00 7.51782E+00 1.40843E+00
 -1      2101-1.19908E+00 8.77004E+00 1.65759E+00
 -1      2102-1.23292E+00 8.76498E+00 1.67830E+00
 -1      2103-1.20092E+00 8.75292E+00 1.72761E+00
 -1      2104-1.16708E+00 8.75799E+00 1.70689E+00
 -1      2109-1.19416E+00 1.25599E+00 1.77225E+00
 -1      2110-1.23060E+00 1.25854E+00 1.78856E+00
 -1      2111-1.20584E+00 1.26697E+00 1.84256E+00
 -1      2112-1.16940E+00 1.26443E+00 1.82625E+00
 -1      2117-1.19409E+00 2.51537E+00 1.57098E+00
 -1      2118-1.23056E+00 2.51807E+00 1.58719E+00
 -1      2119-1.20591E+00 2.52705E+00 1.64115E+00
 -1      2120-1.16944E+00 2.52435E+00 1.62494E+00
 -1      2125-1.19399E+00 3.77136E+00 1.35360E+00
 -1      2126-1.23051E+00 3.77428E+00 1.36967E+00
 -1      2127-1.20601E+00 3.78408E+00 1.42356E+00
 -1      2128-1.16949E+00 3.78115E+00 1.40749E+00
 -1      2133-1.19388E+00 5.02303E+00 1.11516E+00
 -1      2134-1.23044E+00 5.02621E+00 1.13106E+00
 -1      2135-1.20612E+00 5.03697E+00 1.18484E+00
 -1      2136-1.16956E+00 5.03379E+00 1.16894E+00
 -1      2141-1.19377E+00 6.27014E+00 8.53886E-01
 -1      2142-1.23038E+00 6.27358E+00 8.69618E-01
 -1      2143-1.20623E+00 6.28529E+00 9.23278E-01
 -1      2144-1.16962E+00 6.28186E+00 9.07546E-01
 -1      2149-1.19368E+00 7.51313E+00 5.71502E-01
 -1      2150-1.23034E+00 7.51677E+00 5.87093E-01
 -1      2151-1.20632E+00 7.52930E+00 6.40630E-01
 -1      2152-1.16966E+00 7.52565E+00 6.25039E-01
 -1      2157-1.19363E+00 8.75305E+00 2.72930E-01
 -1      2158-1.23031E+00 8.75684E+00 2.88429E-01
 -1      2159-1.20637E+00 8.76991E+00 3.41875E-01
 -1      2160-1.16969E+00 8.76612E+00 3.26376E-01
 -1      2165 1.20243E+00 1.26703E+00 1.57055E-01
 -1      2166 1.16773E+00 1.26396E+00 1.76710E-01
 -1      2167 1.19757E+00 1.25593E+00 2.28140E-01
 -1      2168 1.23227E+00 1.25900E+00 2.08485E-01
 -1      2173 1.20227E+00 2.52712E+00 3.58438E-01
 -1      2174 1.16766E+00 2.52383E+00 3.78214E-01
 -1      2175 1.19773E+00 2.51531E+00 4.29430E-01
 -1      2176 1.23234E+00 2.51860E+00 4.09654E-01
 -1      2181 1.20202E+00 3.78416E+00 5.76000E-01
 -1      2182 1.16755E+00 3.78053E+00 5.95959E-01
 -1      2183 1.19798E+00 3.77128E+00 6.46836E-01
 -1      2184 1.23245E+00 3.77491E+00 6.26877E-01
 -1      2189 1.20172E+00 5.03706E+00 8.14685E-01
 -1      2190 1.16742E+00 5.03303E+00 8.34863E-01
 -1      2191 1.19828E+00 5.02294E+00 8.85315E-01
 -1      2192 1.23258E+00 5.02697E+00 8.65137E-01
 -1      2197 1.20140E+00 6.28540E+00 1.07622E+00
 -1      2198 1.16728E+00 6.28095E+00 1.09662E+00
 -1      2199 1.19860E+00 6.27003E+00 1.14662E+00
 -1      2200 1.23272E+00 6.27449E+00 1.12622E+00
 -1      2205 1.20112E+00 7.52942E+00 1.35884E+00
 -1      2206 1.16716E+00 7.52461E+00 1.37943E+00
 -1      2207 1.19888E+00 7.51300E+00 1.42902E+00
 -1      2208 1.23284E+00 7.51782E+00 1.40843E+00
 -1      2213 1.20092E+00 8.77004E+00 1.65759E+00
 -1      2214 1.16708E+00 8.76498E+00 1.67830E+00
 -1      2215 1.19908E+00 8.75292E+00 1.72761E+00
 -1      2216 1.23292E+00 8.75799E+00 1.70689E+00
 -1      2221 1.20584E+00 1.25599E+00 1.77225E+00
 -1      2222 1.16940E+00 1.25854E+00 1.78856E+00
 -1      2223 1.19416E+00 1.26697E+00 1.84256E+00
 -1      2224 1.23060E+00 1.26443E+00 1.82625E+00
 -1      2229 1.20591E+00 2.51537E+00 1.57098E+00
 -1      2230 1.16944E+00 2.51807E+00 1.58719E+00
 -1      2231 1.19409E+00 2.52705E+00 1.64115E+00
 -1      2232 1.23056E+00 2.52435E+00 1.62494E+00
 -1      2237 1.20601E+00 3.77136E+00 1.35360E+00
 -1      2238 1.16949E+00 3.77428E+00 1.36967E+00
 -1      2239 1.19399E+00 3.78408E+00 1.42356E+00
 -1      2240 1.23051E+00 3.78115E+00 1.40749E+00
 -1      2245 1.20612E+00 5.02303E+00 1.11516E+00
 -1      2246 1.16956E+00 5.02621E+00 1.13106E+00
 -1      2247 1.19388E+00 5.03697E+00 1.18484E+00
 -1      2248 1.23044E+00 5.03379E+00 1.16894E+00
 -1      2253 1.20623E+00 6.27014E+00 8.53886E-01
 -1      2254 1.16962E+00 6.27358E+00 8.69618E-01
 -1      2255 1.19377E+00 6.28529E+00 9.23278E-01
 -1      2256 1.23038E+00 6.28186E+00 9.07546E-01
 -1      2261 1.20632E+00 7.51313E+00 5.71502E-01
 -1      2262 1.16966E+00 7.51677E+00 5.87093E-01
 -1      2263 1.19368E+00 7.52930E+00 6.40630E-01
 -1      2264 1.23034E+00 7.52565E+00 6.25039E-01
 -1      2269 1.20637E+00 8.75305E+00 2.72930E-01
 -1      2270 1.16969E+00 8.75684E+00 2.88429E-01
 -1      2271 1.19363E+00 8.76991E+00 3.41875E-01
 -1      2272 1.23031E+00 8.76612E+00 3.26376E-01
 -1      2277-8.31704E-01 1.23312E+00-3.42295E-02
 -1      2278-8.68791E-01 1.24370E+00-2.36225E-02
 -1      2279-8.53491E-01 1.23933E+00 3.42295E-02
 -1      2280-8.16404E-01 1.22875E+00 2.36225E-02
 -1      2285-4.83271E-01 2.47162E+00-3.43179E-02
 -1      2286-5.20380E-01 2.48181E+00-2.34066E-02
 -1      2287-5.04597E-01 2.47747E+00 3.43179E-02
 -1      2288-4.67488E-01 2.46728E+00 2.34066E-02
 -1      2293-1.51102E-01 3.71407E+00-3.44451E-02
 -1      2294-1.88233E-01 3.72368E+00-2.30837E-02
 -1      2295-1.71734E-01 3.71941E+00 3.44451E-02
 -1      2296-1.34603E-01 3.70980E+00 2.30837E-02
 -1      2301 1.59903E-01 4.96162E+00-3.45874E-02
 -1      2302 1.22764E-01 4.97054E+00-2.27035E-02
 -1      2303 1.40097E-01 4.96638E+00 3.45874E-02
 -1      2304 1.77236E-01 4.95746E+00 2.27035E-02
 -1      2309 4.48070E-01 6.21464E+00-3.47212E-02
 -1      2310 4.10939E-01 6.22286E+00-2.23246E-02
 -1      2311 4.29094E-01 6.21884E+00 3.47212E-02
 -1      2312 4.66225E-01 6.21062E+00 2.23246E-02
 -1      2317 7.15201E-01 7.47266E+00-3.48283E-02
 -1      2318 6.78091E-01 7.48030E+00-2.20050E-02
 -1      2319 6.96931E-01 7.47643E+00 3.48283E-02
 -1      2320 7.34041E-01 7.46878E+00 2.20050E-02
 -1      2325 9.66302E-01 8.73448E+00-3.48965E-02
 -1      2326 9.29212E-01 8.74174E+00-2.17923E-02
 -1      2327 9.48503E-01 8.73796E+00 3.48965E-02
 -1      2328 9.85593E-01 8.73071E+00 2.17923E-02
 -1      2333 8.42124E-01 1.23609E+00-3.60521E-02
 -1      2334 8.10413E-01 1.22704E+00-1.34113E-02
 -1      2335 8.43071E-01 1.23636E+00 3.60521E-02
 -1      2336 8.74781E-01 1.24541E+00 1.34113E-02
 -1      2341 4.93597E-01 2.47445E+00-3.60538E-02
 -1      2342 4.61712E-01 2.46570E+00-1.35445E-02
 -1      2343 4.94271E-01 2.47464E+00 3.60538E-02
 -1      2344 5.26156E-01 2.48339E+00 1.35445E-02
 -1      2349 1.61293E-01 3.71671E+00-3.60553E-02
 -1      2350 1.29148E-01 3.70839E+00-1.37478E-02
 -1      2351 1.61544E-01 3.71677E+00 3.60553E-02
 -1      2352 1.93688E-01 3.72509E+00 1.37478E-02
 -1      2357-1.49867E-01 4.96403E+00-3.60553E-02
 -1      2358-1.82312E-01 4.95625E+00-1.39935E-02
 -1      2359-1.50133E-01 4.96397E+00 3.60553E-02
 -1      2360-1.17688E-01 4.97176E+00 1.39935E-02
 -1      2365-4.38181E-01 6.21683E+00-3.60532E-02
 -1      2366-4.70920E-01 6.20958E+00-1.42455E-02
 -1      2367-4.38983E-01 6.21665E+00 3.60532E-02
 -1      2368-4.06244E-01 6.22390E+00 1.42455E-02
 -1      2373-7.05431E-01 7.47468E+00-3.60497E-02
 -1      2374-7.38414E-01 7.46788E+00-1.44640E-02
 -1      2375-7.06701E-01 7.47441E+00 3.60497E-02
 -1      2376-6.73718E-01 7.48121E+00 1.44640E-02
 -1      2381-9.56607E-01 8.73638E+00-3.60464E-02
 -1      2382-9.89751E-01 8.72990E+00-1.46123E-02
 -1      2383-9.58198E-01 8.73607E+00 3.60464E-02
 -1      2384-9.25054E-01 8.74255E+00 1.46123E-02
 -1      2389-8.31704E-01 1.23312E+00 1.96577E+00
 -1      2390-8.68791E-01 1.24370E+00 1.97638E+00
 -1      2391-8.53491E-01 1.23933E+00 2.03423E+00
 -1      2392-8.16404E-01 1.22875E+00 2.02362E+00
 -1      2397-4.83271E-01 2.47162E+00 1.96568E+00
 -1      2398-5.20380E-01 2.48181E+00 1.97659E+00
 -1      2399-5.04597E-01 2.47747E+00 2.03432E+00
 -1      2400-4.67488E-01 2.46728E+00 2.02341E+00
 -1      2405-1.51102E-01 3.71407E+00 1.96555E+00
 -1      2406-1.88233E-01 3.72368E+00 1.97692E+00
 -1      2407-1.71734E-01 3.71941E+00 2.03445E+00
 -1      2408-1.34603E-01 3.70980E+00 2.02308E+00
 -1      2413 1.59903E-01 4.96162E+00 1.96541E+00
 -1      2414 1.22764E-01 4.97054E+00 1.97730E+00
 -1      2415 1.40097E-01 4.96638E+00 2.03459E+00
 -1      2416 1.77236E-01 4.95746E+00 2.02270E+00
 -1      2421 4.48070E-01 6.21464E+00 1.96528E+00
 -1      2422 4.10939E-01 6.22286E+00 1.97768E+00
 -1      2423 4.29094E-01 6.21884E+00 2.03472E+00
 -1      2424 4.66225E-01 6.21062E+00 2.02232E+00
 -1      2429 7.15201E-01 7.47266E+00 1.96517E+00
 -1      2430 6.78091E-01 7.48030E+00 1.97800E+00
 -1      2431 6.96931E-01 7.47643E+00 2.03483E+00
 -1      2432 7.34041E-01 7.46878E+00 2.02200E+00
 -1      2437 9.66302E-01 8.73448E+00 1.96510E+00
 -1      2438 9.29212E-01 8.74174E+00 1.97821E+00
 -1      2439 9.48503E-01 8.73796E+00 2.03490E+00
 -1      2440 9.85593E-01 8.73071E+00 2.02179E+00
 -1      2445 8.42124E-01 1.23609E+00 1.96395E+00
 -1      2446 8.10413E-01 1.22704E+00 1.98659E+00
 -1      2447 8.43071E-01 1.23636E+00 2.03605E+00
 -1      2448 8.74781E-01 1.24541E+00 2.01341E+00
 -1      2453 4.93597E-01 2.47445E+00 1.96395E+00
 -1      2454 4.61712E-01 2.46570E+00 1.98646E+00
 -1      2455 4.94271E-01 2.47464E+00 2.03605E+00
 -1      2456 5.26156E-01 2.48339E+00 2.01354E+00
 -1      2461 1.61293E-01 3.71671E+00 1.96394E+00
 -1      2462 1.29148E-01 3.70839E+00 1.98625E+00
 -1      2463 1.61544E-01 3.71677E+00 2.03606E+00
 -1      2464 1.93688E-01 3.72509E+00 2.01375E+00
 -1      2469-1.49867E-01 4.96403E+00 1.96394E+00
 -1      2470-1.82312E-01 4.95625E+00 1.98601E+00
 -1      2471-1.50133E-01 4.96397E+00 2.03606E+00
 -1      2472-1.17688E-01 4.97176E+00 2.01399E+00
 -1      2477-4.38181E-01 6.21683E+00 1.96395E+00
 -1      2478-4.70920E-01 6.20958E+00 1.98575E+00
 -1      2479-4.38983E-01 6.21665E+00 2.03605E+00
 -1      2480-4.06244E-01 6.22390E+00 2.01425E+00
 -1      2485-7.05431E-01 7.47468E+00 1.96395E+00
 -1      2486-7.38414E-01 7.46788E+00 1.98554E+00
 -1      2487-7.06701E-01 7.47441E+00 2.03605E+00
 -1      2488-6.73718E-01 7.48121E+00 2.01446E+00
 -1      2493-9.56607E-01 8.73638E+00 1.96395E+00
 -1      2494-9.89751E-01 8.72990E+00 1.98539E+00
 -1      2495-9.58198E-01 8.73607E+00 2.03605E+00
 -1      2496-9.25054E-01 8.74255E+00 2.01461E+00
 -1      2501-1.19757E+00 1.12670E+01 1.57055E-01
 -1      2502-1.23227E+00 1.12640E+01 1.76710E-01
 -1      2503-1.20243E+00 1.12559E+01 2.28140E-01
 -1      2504-1.16773E+00 1.12590E+01 2.08485E-01
 -1      2509-1.19773E+00 1.25271E+01 3.58438E-01
 -1      2510-1.23234E+00 1.25238E+01 3.78214E-01
 -1      2511-1.20227E+00 1.25153E+01 4.29430E-01
 -1      2512-1.16766E+00 1.25186E+01 4.09654E-01
 -1      2517-1.19798E+00 1.37842E+01 5.76000E-01
 -1      2518-1.23245E+00 1.37805E+01 5.95959E-01
 -1      2519-1.20202E+00 1.37713E+01 6.46836E-01
 -1      2520-1.16755E+00 1.37749E+01 6.26877E-01
 -1      2525-1.19828E+00 1.50371E+01 8.14685E-01
 -1      2526-1.23258E+00 1.50330E+01 8.34863E-01
 -1      2527-1.20172E+00 1.50229E+01 8.85315E-01
 -1      2528-1.16742E+00 1.50270E+01 8.65137E-01
 -1      2533-1.19860E+00 1.62854E+01 1.07622E+00
 -1      2534-1.23272E+00 1.62809E+01 1.09662E+00
 -1      2535-1.20140E+00 1.62700E+01 1.14662E+00
 -1      2536-1.16728E+00 1.62745E+01 1.12622E+00
 -1      2541-1.19888E+00 1.75294E+01 1.35884E+00
 -1      2542-1.23284E+00 1.75246E+01 1.37943E+00
 -1      2543-1.20112E+00 1.75130E+01 1.42902E+00
 -1      2544-1.16716E+00 1.75178E+01 1.40843E+00
 -1      2549-1.19908E+00 1.87700E+01 1.65759E+00
 -1      2550-1.23292E+00 1.87650E+01 1.67830E+00
 -1      2551-1.20092E+00 1.87529E+01 1.72761E+00
 -1      2552-1.16708E+00 1.87580E+01 1.70689E+00
 -1      2557-1.19416E+00 1.12560E+01 1.77225E+00
 -1      2558-1.23060E+00 1.12585E+01 1.78856E+00
 -1      2559-1.20584E+00 1.12670E+01 1.84256E+00
 -1      2560-1.16940E+00 1.12644E+01 1.82625E+00
 -1      2565-1.19409E+00 1.25154E+01 1.57098E+00
 -1      2566-1.23056E+00 1.25181E+01 1.58719E+00
 -1      2567-1.20591E+00 1.25271E+01 1.64115E+00
 -1      2568-1.16944E+00 1.25244E+01 1.62494E+00
 -1      2573-1.19399E+00 1.37714E+01 1.35360E+00
 -1      2574-1.23051E+00 1.37743E+01 1.36967E+00
 -1      2575-1.20601E+00 1.37841E+01 1.42356E+00
 -1      2576-1.16949E+00 1.37812E+01 1.40749E+00
 -1      2581-1.19388E+00 1.50230E+01 1.11516E+00
 -1      2582-1.23044E+00 1.50262E+01 1.13106E+00
 -1      2583-1.20612E+00 1.50370E+01 1.18484E+00
 -1      2584-1.16956E+00 1.50338E+01 1.16894E+00
 -1      2589-1.19377E+00 1.62701E+01 8.53886E-01
 -1      2590-1.23038E+00 1.62736E+01 8.69618E-01
 -1      2591-1.20623E+00 1.62853E+01 9.23278E-01
 -1      2592-1.16962E+00 1.62819E+01 9.07546E-01
 -1      2597-1.19368E+00 1.75131E+01 5.71502E-01
 -1      2598-1.23034E+00 1.75168E+01 5.87093E-01
 -1      2599-1.20632E+00 1.75293E+01 6.40630E-01
 -1      2600-1.16966E+00 1.75257E+01 6.25039E-01
 -1      2605-1.19363E+00 1.87531E+01 2.72930E-01
 -1      2606-1.23031E+00 1.87568E+01 2.88429E-01
 -1      2607-1.20637E+00 1.87699E+01 3.41875E-01
 -1      2608-1.16969E+00 1.87661E+01 3.26376E-01
 -1      2613 1.20243E+00 1.12670E+01 1.57055E-01
 -1      2614 1.16773E+00 1.12640E+01 1.76710E-01
 -1      2615 1.19757E+00 1.12559E+01 2.28140E-01
 -1      2616 1.23227E+00 1.12590E+01 2.08485E-01
 -1      2621 1.20227E+00 1.25271E+01 3.58438E-01
 -1      2622 1.16766E+00 1.25238E+01 3.78214E-01
 -1      2623 1.19773E+00 1.25153E+01 4.29430E-01
 -1      2624 1.23234E+00 1.25186E+01 4.09654E-01
 -1      2629 1.20202E+00 1.37842E+01 5.76000E-01
 -1      2630 1.16755E+00 1.37805E+01 5.95959E-01
 -1      2631 1.19798E+00 1.37713E+01 6.46836E-01
 -1      2632 1.23245E+00 1.37749E+01 6.26877E-01
 -1      2637 1.20172E+00 1.50371E+01 8.14685E-01
 -1      2638 1.16742E+00 1.50330E+01 8.34863E-01
 -1      2639 1.19828E+00 1.50229E+01 8.85315E-01
 -1      2640 1.23258E+00 1.50270E+01 8.65137E-01
 -1      2645 1.20140E+00 1.62854E+01 1.07622E+00
 -1      2646 1.16728E+00 1.62809E+01 1.09662E+00
 -1      2647 1.19860E+00 1.62700E+01 1.14662E+00
 -1      2648 1.23272E+00 1.62745E+01 1.12622E+00
 -1      2653 1.20112E+00 1.75294E+01 1.35884E+00
 -1      2654 1.16716E+00 1.75246E+01 1.37943E+00
 -1      2655 1.19888E+00 1.75130E+01 1.42902E+00
 -1      2656 1.23284E+00 1.75178E+01 1.40843E+00
 -1      2661 1.20092E+00 1.87700E+01 1.65759E+00
 -1      2662 1.16708E+00 1.87650E+01 1.67830E+00
 -1      2663 1.19908E+00 1.87529E+01 1.72761E+00
 -1      2664 1.23292E+00 1.87580E+01 1.70689E+00
 -1      2669 1.20584E+00 1.12560E+01 1.77225E+00
 -1      2670 1.16940E+00 1.12585E+01 1.78856E+00
 -1      2671 1.19416E+00 1.12670E+01 1.84256E+00
 -1      2672 1.23060E+00 1.12644E+01 1.82625E+00
 -1      2677 1.20591E+00 1.25154E+01 1.57098E+00
 -1      2678 1.16944E+00 1.25181E+01 1.58719E+00
 -1      2679 1.19409E+00 1.25271E+01 1.64115E+00
 -1      2680 1.23056E+00 1.25244E+01 1.62494E+00
 -1      2685 1.20601E+00 1.37714E+01 1.35360E+00
 -1      2686 1.16949E+00 1.37743E+01 1.36967E+00
 -1      2687 1.19399E+00 1.37841E+01 1.42356E+00
 -1      2688 1.23051E+00 1.37812E+01 1.40749E+00
 -1      2693 1.20612E+00 1.50230E+01 1.11516E+00
 -1      2694 1.16956E+00 1.50262E+01 1.13106E+00
 -1      2695 1.19388E+00 1.50370E+01 1.18484E+00
 -1      2696 1.23044E+00 1.50338E+01 1.16894E+00
 -1      2701 1.20623E+00 1.62701E+01 8.53886E-01
 -1      2702 1.16962E+00 1.62736E+01 8.69618E-01
 -1      2703 1.19377E+00 1.62853E+01 9.23278E-01
 -1      2704 1.23038E+00 1.62819E+01 9.07546E-01
 -1      2709 1.20632E+00 1.75131E+01 5.71502E-01
 -1      2710 1.16966E+00 1.75168E+01 5.87093E-01
 -1      2711 1.19368E+00 1.75293E+01 6.40630E-01
 -1      2712 1.23034E+00 1.75257E+01 6.25039E-01
 -1      2717 1.20637E+00 1.87531E+01 2.72930E-01
 -1      2718 1.16969E+00 1.87568E+01 2.88429E-01
 -1      2719 1.19363E+00 1.87699E+01 3.41875E-01
 -1      2720 1.23031E+00 1.87661E+01 3.26376E-01
 -1      2725-8.31704E-01 1.12331E+01-3.42295E-02
 -1      2726-8.68791E-01 1.12437E+01-2.36225E-02
 -1      2727-8.53491E-01 1.12393E+01 3.42295E-02
 -1      2728-8.16404E-01 1.12287E+01 2.36225E-02
 -1      2733-4.83271E-01 1.24716E+01-3.43179E-02
 -1      2734-5.20380E-01 1.24818E+01-2.34066E-02
 -1      2735-5.04597E-01 1.24775E+01 3.43179E-02
 -1      2736-4.67488E-01 1.24673E+01 2.34066E-02
 -1      2741-1.51102E-01 1.37141E+01-3.44451E-02
 -1      2742-1.88233E-01 1.37237E+01-2.30837E-02
 -1      2743-1.71734E-01 1.37194E+01 3.44451E-02
 -1      2744-1.34603E-01 1.37098E+01 2.30837E-02
 -1      2749 1.59903E-01 1.49616E+01-3.45874E-02
 -1      2750 1.22764E-01 1.49705E+01-2.27035E-02
 -1      2751 1.40097E-01 1.49664E+01 3.45874E-02
 -1      2752 1.77236E-01 1.49575E+01 2.27035E-02
 -1      2757 4.48070E-01 1.62146E+01-3.47212E-02
 -1      2758 4.10939E-01 1.62229E+01-2.23246E-02
 -1      2759 4.29094E-01 1.62188E+01 3.47212E-02
 -1      2760 4.66225E-01 1.62106E+01 2.23246E-02
 -1      2765 7.15201E-01 1.74727E+01-3.48283E-02
 -1      2766 6.78091E-01 1.74803E+01-2.20050E-02
 -1      2767 6.96931E-01 1.74764E+01 3.48283E-02
 -1      2768 7.34041E-01 1.74688E+01 2.20050E-02
 -1      2773 9.66302E-01 1.87345E+01-3.48965E-02
 -1      2774 9.29212E-01 1.87417E+01-2.17923E-02
 -1      2775 9.48503E-01 1.87380E+01 3.48965E-02
 -1      2776 9.85593E-01 1.87307E+01 2.17923E-02
 -1      2781 8.42124E-01 1.12361E+01-3.60521E-02
 -1      2782 8.10413E-01 1.12270E+01-1.34113E-02
 -1      2783 8.43071E-01 1.12364E+01 3.60521E-02
 -1      2784 8.74781E-01 1.12454E+01 1.34113E-02
 -1      2789 4.93597E-01 1.24745E+01-3.60538E-02
 -1      2790 4.61712E-01 1.24657E+01-1.35445E-02
 -1      2791 4.94271E-01 1.24746E+01 3.60538E-02
 -1      2792 5.26156E-01 1.24834E+01 1.35445E-02
 -1      2797 1.61293E-01 1.37167E+01-3.60553E-02
 -1      2798 1.29148E-01 1.37084E+01-1.37478E-02
 -1      2799 1.61544E-01 1.37168E+01 3.60553E-02
 -1      2800 1.93688E-01 1.37251E+01 1.37478E-02
 -1      2805-1.49867E-01 1.49640E+01-3.60553E-02
 -1      2806-1.82312E-01 1.49562E+01-1.39935E-02
 -1      2807-1.50133E-01 1.49640E+01 3.60553E-02
 -1      2808-1.17688E-01 1.49718E+01 1.39935E-02
 -1      2813-4.38181E-01 1.62168E+01-3.60532E-02
 -1      2814-4.70920E-01 1.62096E+01-1.42455E-02
 -1      2815-4.38983E-01 1.62167E+01 3.60532E-02
 -1      2816-4.06244E-01 1.62239E+01 1.42455E-02
 -1      2821-7.05431E-01 1.74747E+01-3.60497E-02
 -1      2822-7.38414E-01 1.74679E+01-1.44640E-02
 -1      2823-7.06701E-01 1.74744E+01 3.60497E-02
 -1      2824-6.73718E-01 1.74812E+01 1.44640E-02
 -1      2829-9.56607E-01 1.87364E+01-3.60464E-02
 -1      2830-9.89751E-01 1.87299E+01-1.46123E-02
 -1      2831-9.58198E-01 1.87361E+01 3.60464E-02
 -1      2832-9.25054E-01 1.87425E+01 1.46123E-02
 -1      2837-8.31704E-01 1.12331E+01 1.96577E+00
 -1      2838-8.68791E-01 1.12437E+01 1.97638E+00
 -1      2839-8.53491E-01 1.12393E+01 2.03423E+00
 -1      2840-8.16404E-01 1.12287E+01 2.02362E+00
 -1      2845-4.83271E-01 1.24716E+01 1.96568E+00
 -1      2846-5.20380E-01 1.24818E+01 1.97659E+00
 -1      2847-5.04597E-01 1.24775E+01 2.03432E+00
 -1      2848-4.67488E-01 1.24673E+01 2.02341E+00
 -1      2853-1.51102E-01 1.37141E+01 1.96555E+00
 -1      2854-1.88233E-01 1.37237E+01 1.97692E+00
 -1      2855-1.71734E-01 1.37194E+01 2.03445E+00
 -1      2856-1.34603E-01 1.37098E+01 2.02308E+00
 -1      2861 1.59903E-01 1.49616E+01 1.96541E+00
 -1      2862 1.22764E-01 1.49705E+01 1.97730E+00
 -1      2863 1.40097E-01 1.49664E+01 2.03459E+00
 -1      2864 1.77236E-01 1.49575E+01 2.02270E+00
 -1      2869 4.48070E-01 1.62146E+01 1.96528E+00
 -1      2870 4.10939E-01 1.62229E+01 1.97768E+00
 -1      2871 4.29094E-01 1.62188E+01 2.03472E+00
 -1      2872 4.66225E-01 1.62106E+01 2.02232E+00
 -1      2877 7.15201E-01 1.74727E+01 1.96517E+00
 -1      2878 6.78091E-01 1.74803E+01 1.97800E+00
 -1      2879 6.96931E-01 1.74764E+01 2.03483E+00
 -1      2880 7.34041E-01 1.74688E+01 2.02200E+00
 -1      2885 9.66302E-01 1.87345E+01 1.96510E+00
 -1      2886 9.29212E-01 1.87417E+01 1.97821E+00
 -1      2887 9.48503E-01 1.87380E+01 2.03490E+00
 -1      2888 9.85593E-01 1.87307E+01 2.02179E+00
 -1      2893 8.42124E-01 1.12361E+01 1.96395E+00
 -1      2894 8.10413E-01 1.12270E+01 1.98659E+00
 -1      2895 8.43071E-01 1.12364E+01 2.03605E+00
 -1      2896 8.74781E-01 1.12454E+01 2.01341E+00
 -1      2901 4.93597E-01 1.24745E+01 1.96395E+00
 -1      2902 4.61712E-01 1.24657E+01 1.98646E+00
 -1      2903 4.94271E-01 1.24746E+01 2.03605E+00
 -1      2904 5.26156E-01 1.24834E+01 2.01354E+00
 -1      2909 1.61293E-01 1.37167E+01 1.96394E+00
 -1      2910 1.29148E-01 1.37084E+01 1.98625E+00
 -1      2911 1.61544E-01 1.37168E+01 2.03606E+00
 -1      2912 1.93688E-01 1.37251E+01 2.01375E+00
 -1      2917-1.49867E-01 1.49640E+01 1.96394E+00
 -1      2918-1.82312E-01 1.49562E+01 1.98601E+00
 -1      2919-1.50133E-01 1.49640E+01 2.03606E+00
 -1      2920-1.17688E-01 1.49718E+01 2.01399E+00
 -1      2925-4.38181E-01 1.62168E+01 1.96395E+00
 -1      2926-4.70920E-01 1.62096E+01 1.98575E+00
 -1      2927-4.38983E-01 1.62167E+01 2.03605E+00
 -1      2928-4.06244E-01 1.62239E+01 2.01425E+00
 -1      2933-7.05431E-01 1.74747E+01 1.96395E+00
 -1      2934-7.38414E-01 1.74679E+01 1.98554E+00
 -1      2935-7.06701E-01 1.74744E+01 2.03605E+00
 -1      2936-6.73718E-01 1.74812E+01 2.01446E+00
 -1      2941-9.56607E-01 1.87364E+01 1.96395E+00
 -1      2942-9.89751E-01 1.87299E+01 1.98539E+00
 -1      2943-9.58198E-01 1.87361E+01 2.03605E+00
 -1      2944-9.25054E-01 1.87425E+01 2.01461E+00
 -3
    3C                           272                                     1
 -1         1    1    0    1
 -2       213      1445      1446       214       216      1448      1447       215
 -1         2    1    0    1
 -2      1445      1453      1454      1446      1448      1456      1455      1447
 -1         3    1    0    1
 -2      1453      1461      1462      1454      1456      1464      1463      1455
 -1         4    1    0    1
 -2      1461      1469      1470      1462      1464      1472      1471      1463
 -1         5    1    0    1
 -2      1469      1477      1478      1470      1472      1480      1479      1471
 -1         6    1    0    1
 -2      1477      1485      1486      1478      1480      1488      1487      1479
 -1         7    1    0    1
 -2      1485      1493      1494      1486      1488      1496      1495      1487
 -1         8    1    0    1
 -2      1493       413       414      1494      1496       416       415      1495
 -1         9    1    0    1
 -2       263      1501      1502       264       266      1504      1503       265
 -1        10    1    0    1
 -2      1501      1509      1510      1502      1504      1512      1511      1503
 -1        11    1    0    1
 -2      1509      1517      1518      1510      1512      1520      1519      1511
 -1        12    1    0    1
 -2      1517      1525      1526      1518      1520      1528      1527      1519
 -1        13    1    0    1
 -2      1525      1533      1534      1526      1528      1536      1535      1527
 -1        14    1    0    1
 -2      1533      1541      1542      1534      1536      1544      1543      1535
 -1        15    1    0    1
 -2      1541      1549      1550      1542      1544      1552      1551      1543
 -1        16    1    0    1
 -2      1549       479       480      1550      1552       482       481      1551
 -1        17    1    0    1
 -2       313      1557      1558       314       316      1560      1559       315
 -1        18    1    0    1
 -2      1557      1565      1566      1558      1560      1568      1567      1559
 -1        19    1    0    1
 -2      1565      1573      1574      1566      1568      1576      1575      1567
 -1        20    1    0    1
 -2      1573      1581      1582      1574      1576      1584      1583      1575
 -1        21    1    0    1
 -2      1581      1589      1590      1582      1584      1592      1591      1583
 -1        22    1    0    1
 -2      1589      1597      1598      1590      1592      1600      1599      1591
 -1        23    1    0    1
 -2      1597      1605      1606      1598      1600      1608      1607      1599
 -1        24    1    0    1
 -2      1605       529       530      1606      1608       532       531      1607
 -1        25    1    0    1
 -2       363      1613      1614       364       366      1616      1615       365
 -1        26    1    0    1
 -2      1613      1621      1622      1614      1616      1624      1623      1615
 -1        27    1    0    1
 -2      1621      1629      1630      1622      1624      1632      1631      1623
 -1        28    1    0    1
 -2      1629      1637      1638      1630      1632      1640      1639      1631
 -1        29    1    0    1
 -2      1637      1645      1646      1638      1640      1648      1647      1639
 -1        30    1    0    1
 -2      1645      1653      1654      1646      1648      1656      1655      1647
 -1        31    1    0    1
 -2      1653      1661      1662      1654      1656      1664      1663      1655
 -1        32    1    0    1
 -2      1661       595       596      1662      1664       598       597      1663
 -1        33    1    0    1
 -2       437      1669      1670       438       440      1672      1671       439
 -1        34    1    0    1
 -2      1669       645       646      1670      1672       648       647      1671
 -1        35    1    0    1
 -2       479      1677      1678       480       482      1680      1679       481
 -1        36    1    0    1
 -2      1677       695       696      1678      1680       698       697      1679
 -1        37    1    0    1
 -2       553      1685      1686       554       556      1688      1687       555
 -1        38    1    0    1
 -2      1685       745       746      1686      1688       748       747      1687
 -1        39    1    0    1
 -2       595      1693      1694       596       598      1696      1695       597
 -1        40    1    0    1
 -2      1693       795       796      1694      1696       798       797      1695
 -1        41    1    0    1
 -2       645      1701      1702       646       648      1704      1703       647
 -1        42    1    0    1
 -2      1701      1709      1710      1702      1704      1712      1711      1703
 -1        43    1    0    1
 -2      1709      1717      1718      1710      1712      1720      1719      1711
 -1        44    1    0    1
 -2      1717       845       846      1718      1720       848       847      1719
 -1        45    1    0    1
 -2       695      1725      1726       696       698      1728      1727       697
 -1        46    1    0    1
 -2      1725      1733      1734      1726      1728      1736      1735      1727
 -1        47    1    0    1
 -2      1733      1741      1742      1734      1736      1744      1743      1735
 -1        48    1    0    1
 -2      1741       895       896      1742      1744       898       897      1743
 -1        49    1    0    1
 -2       745      1749      1750       746       748      1752      1751       747
 -1        50    1    0    1
 -2      1749      1757      1758      1750      1752      1760      1759      1751
 -1        51    1    0    1
 -2      1757      1765      1766      1758      1760      1768      1767      1759
 -1        52    1    0    1
 -2      1765       945       946      1766      1768       948       947      1767
 -1        53    1    0    1
 -2       795      1773      1774       796       798      1776      1775       797
 -1        54    1    0    1
 -2      1773      1781      1782      1774      1776      1784      1783      1775
 -1        55    1    0    1
 -2      1781      1789      1790      1782      1784      1792      1791      1783
 -1        56    1    0    1
 -2      1789       995       996      1790      1792       998       997      1791
 -1        57    1    0    1
 -2       845      1045      1046       846       848      1048      1047       847
 -1        58    1    0    1
 -2       895      1095      1096       896       898      1098      1097       897
 -1        59    1    0    1
 -2       945      1145      1146       946       948      1148      1147       947
 -1        60    1    0    1
 -2       995      1195      1196       996       998      1198      1197       997
 -1        61    1    0    1
 -2      1045      1797      1798      1046      1048      1800      1799      1047
 -1        62    1    0    1
 -2      1797      1245      1246      1798      1800      1248      1247      1799
 -1        63    1    0    1
 -2      1095      1805      1806      1096      1098      1808      1807      1097
 -1        64    1    0    1
 -2      1805      1295      1296      1806      1808      1298      1297      1807
 -1        65    1    0    1
 -2      1145      1813      1814      1146      1148      1816      1815      1147
 -1        66    1    0    1
 -2      1813      1345      1346      1814      1816      1348      1347      1815
 -1        67    1    0    1
 -2      1195      1821      1822      1196      1198      1824      1823      1197
 -1        68    1    0    1
 -2      1821      1395      1396      1822      1824      1398      1397      1823
 -1        69    1    0    1
 -2       221      1829      1830       222       224      1832      1831       223
 -1        70    1    0    1
 -2      1829       271       272      1830      1832       274       273      1831
 -1        71    1    0    1
 -2       321      1837      1838       322       324      1840      1839       323
 -1        72    1    0    1
 -2      1837       371       372      1838      1840       374       373      1839
 -1        73    1    0    1
 -2       229      1845      1846       230       232      1848      1847       231
 -1        74    1    0    1
 -2      1845       329       330      1846      1848       332       331      1847
 -1        75    1    0    1
 -2       279      1853      1854       280       282      1856      1855       281
 -1        76    1    0    1
 -2      1853       379       380      1854      1856       382       381      1855
 -1        77    1    0    1
 -2       421      1861      1862       422       424      1864      1863       423
 -1        78    1    0    1
 -2      1861       487       488      1862      1864       490       489      1863
 -1        79    1    0    1
 -2       537      1869      1870       538       540      1872      1871       539
 -1        80    1    0    1
 -2      1869       603       604      1870      1872       606       605      1871
 -1        81    1    0    1
 -2       429      1877      1878       430       432      1880      1879       431
 -1        82    1    0    1
 -2      1877       545       546      1878      1880       548       547      1879
 -1        83    1    0    1
 -2       495      1885      1886       496       498      1888      1887       497
 -1        84    1    0    1
 -2      1885       611       612      1886      1888       614       613      1887
 -1        85    1    0    1
 -2       653      1893      1894       654       656      1896      1895       655
 -1        86    1    0    1
 -2      1893       703       704      1894      1896       706       705      1895
 -1        87    1    0    1
 -2       753      1901      1902       754       756      1904      1903       755
 -1        88    1    0    1
 -2      1901       803       804      1902      1904       806       805      1903
 -1        89    1    0    1
 -2       661      1909      1910       662       664      1912      1911       663
 -1        90    1    0    1
 -2      1909       761       762      1910      1912       764       763      1911
 -1        91    1    0    1
 -2       711      1917      1918       712       714      1920      1919       713
 -1        92    1    0    1
 -2      1917       811       812      1918      1920       814       813      1919
 -1        93    1    0    1
 -2       853      1925      1926       854       856      1928      1927       855
 -1        94    1    0    1
 -2      1925       903       904      1926      1928       906       905      1927
 -1        95    1    0    1
 -2       953      1933      1934       954       956      1936      1935       955
 -1        96    1    0    1
 -2      1933      1003      1004      1934      1936      1006      1005      1935
 -1        97    1    0    1
 -2       861      1941      1942       862       864      1944      1943       863
 -1        98    1    0    1
 -2      1941       961       962      1942      1944       964       963      1943
 -1        99    1    0    1
 -2       911      1949      1950       912       914      1952      1951       913
 -1       100    1    0    1
 -2      1949      1011      1012      1950      1952      1014      1013      1951
 -1       101    1    0    1
 -2      1053      1103      1104      1054      1056      1106      1105      1055
 -1       102    1    0    1
 -2      1153      1203      1204      1154      1156      1206      1205      1155
 -1       103    1    0    1
 -2      1061      1161      1162      1062      1064      1164      1163      1063
 -1       104    1    0    1
 -2      1111      1211      1212      1112      1114      1214      1213      1113
 -1       105    1    0    1
 -2      1253      1957      1958      1254      1256      1960      1959      1255
 -1       106    1    0    1
 -2      1957      1965      1966      1958      1960      1968      1967      1959
 -1       107    1    0    1
 -2      1965      1973      1974      1966      1968      1976      1975      1967
 -1       108    1    0    1
 -2      1973      1303      1304      1974      1976      1306      1305      1975
 -1       109    1    0    1
 -2      1353      1981      1982      1354      1356      1984      1983      1355
 -1       110    1    0    1
 -2      1981      1989      1990      1982      1984      1992      1991      1983
 -1       111    1    0    1
 -2      1989      1997      1998      1990      1992      2000      1999      1991
 -1       112    1    0    1
 -2      1997      1403      1404      1998      2000      1406      1405      1999
 -1       113    1    0    1
 -2      1261      2005      2006      1262      1264      2008      2007      1263
 -1       114    1    0    1
 -2      2005      2013      2014      2006      2008      2016      2015      2007
 -1       115    1    0    1
 -2      2013      2021      2022      2014      2016      2024      2023      2015
 -1       116    1    0    1
 -2      2021      1361      1362      2022      2024      1364      1363      2023
 -1       117    1    0    1
 -2      1311      2029      2030      1312      1314      2032      2031      1313
 -1       118    1    0    1
 -2      2029      2037      2038      2030      2032      2040      2039      2031
 -1       119    1    0    1
 -2      2037      2045      2046      2038      2040      2048      2047      2039
 -1       120    1    0    1
 -2      2045      1411      1412      2046      2048      1414      1413      2047
 -1       121    1    0    1
 -2       213      2053      2054       214       216      2056      2055       215
 -1       122    1    0    1
 -2      2053      2061      2062      2054      2056      2064      2063      2055
 -1       123    1    0    1
 -2      2061      2069      2070      2062      2064      2072      2071      2063
 -1       124    1    0    1
 -2      2069      2077      2078      2070      2072      2080      2079      2071
 -1       125    1    0    1
 -2      2077      2085      2086      2078      2080      2088      2087      2079
 -1       126    1    0    1
 -2      2085      2093      2094      2086      2088      2096      2095      2087
 -1       127    1    0    1
 -2      2093      2101      2102      2094      2096      2104      2103      2095
 -1       128    1    0    1
 -2      2101       529       530      2102      2104       532       531      2103
 -1       129    1    0    1
 -2       313      2109      2110       314       316      2112      2111       315
 -1       130    1    0    1
 -2      2109      2117      2118      2110      2112      2120      2119      2111
 -1       131    1    0    1
 -2      2117      2125      2126      2118      2120      2128      2127      2119
 -1       132    1    0    1
 -2      2125      2133      2134      2126      2128      2136      2135      2127
 -1       133    1    0    1
 -2      2133      2141      2142      2134      2136      2144      2143      2135
 -1       134    1    0    1
 -2      2141      2149      2150      2142      2144      2152      2151      2143
 -1       135    1    0    1
 -2      2149      2157      2158      2150      2152      2160      2159      2151
 -1       136    1    0    1
 -2      2157       413       414      2158      2160       416       415      2159
 -1       137    1    0    1
 -2       263      2165      2166       264       266      2168      2167       265
 -1       138    1    0    1
 -2      2165      2173      2174      2166      2168      2176      2175      2167
 -1       139    1    0    1
 -2      2173      2181      2182      2174      2176      2184      2183      2175
 -1       140    1    0    1
 -2      2181      2189      2190      2182      2184      2192      2191      2183
 -1       141    1    0    1
 -2      2189      2197      2198      2190      2192      2200      2199      2191
 -1       142    1    0    1
 -2      2197      2205      2206      2198      2200      2208      2207      2199
 -1       143    1    0    1
 -2      2205      2213      2214      2206      2208      2216      2215      2207
 -1       144    1    0    1
 -2      2213       595       596      2214      2216       598       597      2215
 -1       145    1    0    1
 -2       363      2221      2222       364       366      2224      2223       365
 -1       146    1    0    1
 -2      2221      2229      2230      2222      2224      2232      2231      2223
 -1       147    1    0    1
 -2      2229      2237      2238      2230      2232      2240      2239      2231
 -1       148    1    0    1
 -2      2237      2245      2246      2238      2240      2248      2247      2239
 -1       149    1    0    1
 -2      2245      2253      2254      2246      2248      2256      2255      2247
 -1       150    1    0    1
 -2      2253      2261      2262      2254      2256      2264      2263      2255
 -1       151    1    0    1
 -2      2261      2269      2270      2262      2264      2272      2271      2263
 -1       152    1    0    1
 -2      2269       479       480      2270      2272       482       481      2271
 -1       153    1    0    1
 -2       213      2277      2278       214       216      2280      2279       215
 -1       154    1    0    1
 -2      2277      2285      2286      2278      2280      2288      2287      2279
 -1       155    1    0    1
 -2      2285      2293      2294      2286      2288      2296      2295      2287
 -1       156    1    0    1
 -2      2293      2301      2302      2294      2296      2304      2303      2295
 -1       157    1    0    1
 -2      2301      2309      2310      2302      2304      2312      2311      2303
 -1       158    1    0    1
 -2      2309      2317      2318      2310      2312      2320      2319      2311
 -1       159    1    0    1
 -2      2317      2325      2326      2318      2320      2328      2327      2319
 -1       160    1    0    1
 -2      2325       479       480      2326      2328       482       481      2327
 -1       161    1    0    1
 -2       263      2333      2334       264       266      2336      2335       265
 -1       162    1    0    1
 -2      2333      2341      2342      2334      2336      2344      2343      2335
 -1       163    1    0    1
 -2      2341      2349      2350      2342      2344      2352      2351      2343
 -1       164    1    0    1
 -2      2349      2357      2358      2350      2352      2360      2359      2351
 -1       165    1    0    1
 -2      2357      2365      2366      2358      2360      2368      2367      2359
 -1       166    1    0    1
 -2      2365      2373      2374      2366      2368      2376      2375      2367
 -1       167    1    0    1
 -2      2373      2381      2382      2374      2376      2384      2383      2375
 -1       168    1    0    1
 -2      2381       413       414      2382      2384       416       415      2383
 -1       169    1    0    1
 -2       313      2389      2390       314       316      2392      2391       315
 -1       170    1    0    1
 -2      2389      2397      2398      2390      2392      2400      2399      2391
 -1       171    1    0    1
 -2      2397      2405      2406      2398      2400      2408      2407      2399
 -1       172    1    0    1
 -2      2405      2413      2414      2406      2408      2416      2415      2407
 -1       173    1    0    1
 -2      2413      2421      2422      2414      2416      2424      2423      2415
 -1       174    1    0    1
 -2      2421      2429      2430      2422      2424      2432      2431      2423
 -1       175    1    0    1
 -2      2429      2437      2438      2430      2432      2440      2439      2431
 -1       176    1    0    1
 -2      2437       595       596      2438      2440       598       597      2439
 -1       177    1    0    1
 -2       363      2445      2446       364       366      2448      2447       365
 -1       178    1    0    1
 -2      2445      2453      2454      2446      2448      2456      2455      2447
 -1       179    1    0    1
 -2      2453      2461      2462      2454      2456      2464      2463      2455
 -1       180    1    0    1
 -2      2461      2469      2470      2462      2464      2472      2471      2463
 -1       181    1    0    1
 -2      2469      2477      2478      2470      2472      2480      2479      2471
 -1       182    1    0    1
 -2      2477      2485      2486      2478      2480      2488      2487      2479
 -1       183    1    0    1
 -2      2485      2493      2494      2486      2488      2496      2495      2487
 -1       184    1    0    1
 -2      2493       529       530      2494      2496       532       531      2495
 -1       185    1    0    1
 -2       413      2501      2502       414       416      2504      2503       415
 -1       186    1    0    1
 -2      2501      2509      2510      2502      2504      2512      2511      2503
 -1       187    1    0    1
 -2      2509      2517      2518      2510      2512      2520      2519      2511
 -1       188    1    0    1
 -2      2517      2525      2526      2518      2520      2528      2527      2519
 -1       189    1    0    1
 -2      2525      2533      2534      2526      2528      2536      2535      2527
 -1       190    1    0    1
 -2      2533      2541      2542      2534      2536      2544      2543      2535
 -1       191    1    0    1
 -2      2541      2549      2550      2542      2544      2552      2551      2543
 -1       192    1    0    1
 -2      2549       745       746      2550      2552       748       747      2551
 -1       193    1    0    1
 -2       553      2557      2558       554       556      2560      2559       555
 -1       194    1    0    1
 -2      2557      2565      2566      2558      2560      2568      2567      2559
 -1       195    1    0    1
 -2      2565      2573      2574      2566      2568      2576      2575      2567
 -1       196    1    0    1
 -2      2573      2581      2582      2574      2576      2584      2583      2575
 -1       197    1    0    1
 -2      2581      2589      2590      2582      2584      2592      2591      2583
 -1       198    1    0    1
 -2      2589      2597      2598      2590      2592      2600      2599      2591
 -1       199    1    0    1
 -2      2597      2605      2606      2598      2600      2608      2607      2599
 -1       200    1    0    1
 -2      2605       645       646      2606      2608       648       647      2607
 -1       201    1    0    1
 -2       479      2613      2614       480       482      2616      2615       481
 -1       202    1    0    1
 -2      2613      2621      2622      2614      2616      2624      2623      2615
 -1       203    1    0    1
 -2      2621      2629      2630      2622      2624      2632      2631      2623
 -1       204    1    0    1
 -2      2629      2637      2638      2630      2632      2640      2639      2631
 -1       205    1    0    1
 -2      2637      2645      2646      2638      2640      2648      2647      2639
 -1       206    1    0    1
 -2      2645      2653      2654      2646      2648      2656      2655      2647
 -1       207    1    0    1
 -2      2653      2661      2662      2654      2656      2664      2663      2655
 -1       208    1    0    1
 -2      2661       795       796      2662      2664       798       797      2663
 -1       209    1    0    1
 -2       595      2669      2670       596       598      2672      2671       597
 -1       210    1    0    1
 -2      2669      2677      2678      2670      2672      2680      2679      2671
 -1       211    1    0    1
 -2      2677      2685      2686      2678      2680      2688      2687      2679
 -1       212    1    0    1
 -2      2685      2693      2694      2686      2688      2696      2695      2687
 -1       213    1    0    1
 -2      2693      2701      2702      2694      2696      2704      2703      2695
 -1       214    1    0    1
 -2      2701      2709      2710      2702      2704      2712      2711      2703
 -1       215    1    0    1
 -2      2709      2717      2718      2710      2712      2720      2719      2711
 -1       216    1    0    1
 -2      2717       695       696      2718      2720       698       697      2719
 -1       217    1    0    1
 -2       437      2725      2726       438       440      2728      2727       439
 -1       218    1    0    1
 -2      2725      2733      2734      2726      2728      2736      2735      2727
 -1       219    1    0    1
 -2      2733      2741      2742      2734      2736      2744      2743      2735
 -1       220    1    0    1
 -2      2741      2749      2750      2742      2744      2752      2751      2743
 -1       221    1    0    1
 -2      2749      2757      2758      2750      2752      2760      2759      2751
 -1       222    1    0    1
 -2      2757      2765      2766      2758      2760      2768      2767      2759
 -1       223    1    0    1
 -2      2765      2773      2774      2766      2768      2776      2775      2767
 -1       224    1    0    1
 -2      2773       695       696      2774      2776       698       697      2775
 -1       225    1    0    1
 -2       479      2781      2782       480       482      2784      2783       481
 -1       226    1    0    1
 -2      2781      2789      2790      2782      2784      2792      2791      2783
 -1       227    1    0    1
 -2      2789      2797      2798      2790      2792      2800      2799      2791
 -1       228    1    0    1
 -2      2797      2805      2806      2798      2800      2808      2807      2799
 -1       229    1    0    1
 -2      2805      2813      2814      2806      2808      2816      2815      2807
 -1       230    1    0    1
 -2      2813      2821      2822      2814      2816      2824      2823      2815
 -1       231    1    0    1
 -2      2821      2829      2830      2822      2824      2832      2831      2823
 -1       232    1    0    1
 -2      2829       645       646      2830      2832       648       647      2831
 -1       233    1    0    1
 -2       553      2837      2838       554       556      2840      2839       555
 -1       234    1    0    1
 -2      2837      2845      2846      2838      2840      2848      2847      2839
 -1       235    1    0    1
 -2      2845      2853      2854      2846      2848      2856      2855      2847
 -1       236    1    0    1
 -2      2853      2861      2862      2854      2856      2864      2863      2855
 -1       237    1    0    1
 -2      2861      2869      2870      2862      2864      2872      2871      2863
 -1       238    1    0    1
 -2      2869      2877      2878      2870      2872      2880      2879      2871
 -1       239    1    0    1
 -2      2877      2885      2886      2878      2880      2888      2887      2879
 -1       240    1    0    1
 -2      2885       795       796      2886      2888       798       797      2887
 -1       241    1    0    1
 -2       595      2893      2894       596       598      2896      2895       597
 -1       242    1    0    1
 -2      2893      2901      2902      2894      2896      2904      2903      2895
 -1       243    1    0    1
 -2      2901      2909      2910      2902      2904      2912      2911      2903
 -1       244    1    0    1
 -2      2909      2917      2918      2910      2912      2920      2919      2911
 -1       245    1    0    1
 -2      2917      2925      2926      2918      2920      2928      2927      2919
 -1       246    1    0    1
 -2      2925      2933      2934      2926      2928      2936      2935      2927
 -1       247    1    0    1
 -2      2933      2941      2942      2934      2936      2944      2943      2935
 -1       248    1    0    1
 -2      2941       745       746      2942      2944       748       747      2943
 -1       249    1    0    1
 -2       645       945       946       646       648       948       947       647
 -1       250    1    0    1
 -2       745       845       846       746       748       848       847       747
 -1       251    1    0    1
 -2       695       995       996       696       698       998       997       697
 -1       252    1    0    1
 -2       795       895       896       796       798       898       897       797
 -1       253    1    0    1
 -2       645       895       896       646       648       898       897       647
 -1       254    1    0    1
 -2       695       845       846       696       698       848       847       697
 -1       255    1    0    1
 -2       745       995       996       746       748       998       997       747
 -1       256    1    0    1
 -2       795       945       946       796       798       948       947       797
 -1       257    1    0    1
 -2       845      1145      1146       846       848      1148      1147       847
 -1       258    1    0    1
 -2       945      1045      1046       946       948      1048      1047       947
 -1       259    1    0    1
 -2       895      1195      1196       896       898      1198      1197       897
 -1       260    1    0    1
 -2       995      1095      1096       996       998      1098      1097       997
 -1       261    1    0    1
 -2       845      1095      1096       846       848      1098      1097       847
 -1       262    1    0    1
 -2       895      1045      1046       896       898      1048      1047       897
 -1       263    1    0    1
 -2       945      1195      1196       946       948      1198      1197       947
 -1       264    1    0    1
 -2       995      1145      1146       996       998      1148      1147       997
 -1       265    1    0    1
 -2      1045      1345      1346      1046      1048      1348      1347      1047
 -1       266    1    0    1
 -2      1145      1245      1246      1146      1148      1248      1247      1147
 -1       267    1    0    1
 -2      1095      1395      1396      1096      1098      1398      1397      1097
 -1       268    1    0    1
 -2      1195      1295      1296      1196      1198      1298      1297      1197
 -1       269    1    0    1
 -2      1045      1295      1296      1046      1048      1298      1297      1047
 -1       270    1    0    1
 -2      1095      1245      1246      1096      1098      1248      1247      1097
 -1       271    1    0    1
 -2      1145      1395      1396      1146      1148      1398      1397      1147
 -1       272    1    0    1
 -2      1195      1345      1346      1196      1198      1348      1347      1197
 -3
    1PSTEP                         1           1           1          
  100CL  101 1.000000000           0                     0    1           1
 -4  DISP        4    1
 -5  D1          1    2    1    0
 -5  D2          1    2    2    0
 -5  D3          1    2    3    0
 -5  ALL         1    2    0    0    1ALL
 -3
 9999
