    1C
    1UNormalized cross-passage space-truss torsion benchmark            
    1UUSER                                                              
    1UDATE              06.august.2026                                  
    1UTIME              08:14:16                                        
    1UHOST                                                              
    1UPGM               CalculiX                                        
    1UVERSION           Version 2.21                             
    1UCOMPILETIME       Sat Jul 29 10:52:01 CEST 2023                    
    1UDIR                                                               
    1UDBN                                                               
    1UMAT    1STEEL                                                     
    2C                           992                                     1
 -1       201-1.19385E+00 1.28564E-03-3.55031E-02
 -1       202-1.23028E+00 3.82143E-03-1.91941E-02
 -1       203-1.20615E+00-1.28564E-03 3.55031E-02
 -1       204-1.16972E+00-3.82143E-03 1.91941E-02
 -1       209-1.20102E+00-3.40950E-02-1.16828E-02
 -1       210-1.20007E+00-2.33416E-03-3.59798E-02
 -1       211-1.19898E+00 3.40950E-02 1.16828E-02
 -1       212-1.19993E+00 2.33416E-03 3.59798E-02
 -1       217-1.23354E+00-1.32202E-02 3.96605E-04
 -1       218-1.20069E+00-3.60327E-02 1.08098E-03
 -1       219-1.16646E+00 1.32202E-02-3.96605E-04
 -1       220-1.19931E+00 3.60327E-02-1.08098E-03
 -1       251 1.20192E+00 2.05963E-03-3.59455E-02
 -1       252 1.16765E+00-2.18482E-03-1.57609E-02
 -1       253 1.19808E+00-2.05963E-03 3.59455E-02
 -1       254 1.23235E+00 2.18482E-03 1.57609E-02
 -1       259 1.20102E+00-3.38645E-02-1.23355E-02
 -1       260 1.20005E+00-1.64335E-03-3.60180E-02
 -1       261 1.19898E+00 3.38645E-02 1.23355E-02
 -1       262 1.19995E+00 1.64335E-03 3.60180E-02
 -1       267 1.16697E+00-1.44498E-02-4.33494E-04
 -1       268 1.20064E+00-3.60336E-02-1.08101E-03
 -1       269 1.23303E+00 1.44498E-02 4.33494E-04
 -1       270 1.19936E+00 3.60336E-02 1.08101E-03
 -1       301-1.19302E+00-2.49641E-03 1.96472E+00
 -1       302-1.22982E+00 1.71693E-03 1.97980E+00
 -1       303-1.20698E+00 2.49641E-03 2.03528E+00
 -1       304-1.17018E+00-1.71693E-03 2.02020E+00
 -1       309-1.19898E+00-3.38645E-02 1.98766E+00
 -1       310-1.19995E+00-1.64335E-03 1.96398E+00
 -1       311-1.20102E+00 3.38645E-02 2.01234E+00
 -1       312-1.20005E+00 1.64335E-03 2.03602E+00
 -1       317-1.23303E+00-1.44498E-02 1.99957E+00
 -1       318-1.19936E+00-3.60336E-02 1.99892E+00
 -1       319-1.16697E+00 1.44498E-02 2.00043E+00
 -1       320-1.20064E+00 3.60336E-02 2.00108E+00
 -1       351 1.20331E+00-1.56926E-03 1.96413E+00
 -1       352 1.16828E+00-3.82516E-03 1.98330E+00
 -1       353 1.19669E+00 1.56926E-03 2.03587E+00
 -1       354 1.23172E+00 3.82516E-03 2.01670E+00
 -1       359 1.19898E+00-3.40950E-02 1.98832E+00
 -1       360 1.19993E+00-2.33416E-03 1.96402E+00
 -1       361 1.20102E+00 3.40950E-02 2.01168E+00
 -1       362 1.20007E+00 2.33416E-03 2.03598E+00
 -1       367 1.16646E+00-1.32202E-02 2.00040E+00
 -1       368 1.19931E+00-3.60327E-02 2.00108E+00
 -1       369 1.23354E+00 1.32202E-02 1.99960E+00
 -1       370 1.20069E+00 3.60327E-02 1.99892E+00
 -1       401-1.19500E+00 9.99925E+00-3.56987E-02
 -1       402-1.23103E+00 1.00001E+01-1.83572E-02
 -1       403-1.20500E+00 1.00008E+01 3.56987E-02
 -1       404-1.16897E+00 9.99992E+00 1.83572E-02
 -1       409-1.20000E+00 9.96600E+00-1.20000E-02
 -1       410-1.20000E+00 9.99800E+00-3.60000E-02
 -1       411-1.20000E+00 1.00340E+01 1.20000E-02
 -1       412-1.20000E+00 1.00020E+01 3.60000E-02
 -1       417-1.23328E+00 9.98613E+00 0.00000E+00
 -1       418-1.20000E+00 9.96394E+00 0.00000E+00
 -1       419-1.16672E+00 1.00139E+01 0.00000E+00
 -1       420-1.20000E+00 1.00361E+01 0.00000E+00
 -1       451 1.20431E+00 9.99974E+00-3.57959E-02
 -1       452 1.16862E+00 9.99940E+00-1.77432E-02
 -1       453 1.19569E+00 1.00003E+01 3.57959E-02
 -1       454 1.23138E+00 1.00006E+01 1.77432E-02
 -1       459 1.20000E+00 9.96600E+00-1.20000E-02
 -1       460 1.20000E+00 9.99800E+00-3.60000E-02
 -1       461 1.20000E+00 1.00340E+01 1.20000E-02
 -1       462 1.20000E+00 1.00020E+01 3.60000E-02
 -1       467 1.16672E+00 9.98613E+00 0.00000E+00
 -1       468 1.20000E+00 9.96394E+00 0.00000E+00
 -1       469 1.23328E+00 1.00139E+01 0.00000E+00
 -1       470 1.20000E+00 1.00361E+01 0.00000E+00
 -1       501-1.19531E+00 1.00003E+01 1.96425E+00
 -1       502-1.23119E+00 1.00006E+01 1.98193E+00
 -1       503-1.20469E+00 9.99974E+00 2.03575E+00
 -1       504-1.16881E+00 9.99940E+00 2.01807E+00
 -1       509-1.20000E+00 9.96600E+00 1.98800E+00
 -1       510-1.20000E+00 9.99800E+00 1.96400E+00
 -1       511-1.20000E+00 1.00340E+01 2.01200E+00
 -1       512-1.20000E+00 1.00020E+01 2.03600E+00
 -1       517-1.23328E+00 9.98613E+00 2.00000E+00
 -1       518-1.20000E+00 9.96394E+00 2.00000E+00
 -1       519-1.16672E+00 1.00139E+01 2.00000E+00
 -1       520-1.20000E+00 1.00361E+01 2.00000E+00
 -1       551 1.20397E+00 1.00007E+01 1.96417E+00
 -1       552 1.16845E+00 9.99989E+00 1.98255E+00
 -1       553 1.19603E+00 9.99926E+00 2.03583E+00
 -1       554 1.23155E+00 1.00001E+01 2.01745E+00
 -1       559 1.20000E+00 9.96600E+00 1.98800E+00
 -1       560 1.20000E+00 9.99800E+00 1.96400E+00
 -1       561 1.20000E+00 1.00340E+01 2.01200E+00
 -1       562 1.20000E+00 1.00020E+01 2.03600E+00
 -1       567 1.16672E+00 9.98613E+00 2.00000E+00
 -1       568 1.20000E+00 9.96394E+00 2.00000E+00
 -1       569 1.23328E+00 1.00139E+01 2.00000E+00
 -1       570 1.20000E+00 1.00361E+01 2.00000E+00
 -1       601-1.19536E+00 1.99999E+01-3.57559E-02
 -1       602-1.23122E+00 2.00002E+01-1.80337E-02
 -1       603-1.20464E+00 2.00001E+01 3.57559E-02
 -1       604-1.16878E+00 1.99998E+01 1.80337E-02
 -1       609-1.20000E+00 1.99660E+01-1.20000E-02
 -1       610-1.20000E+00 1.99980E+01-3.60000E-02
 -1       611-1.20000E+00 2.00340E+01 1.20000E-02
 -1       612-1.20000E+00 2.00020E+01 3.60000E-02
 -1       617-1.23328E+00 1.99861E+01 0.00000E+00
 -1       618-1.20000E+00 1.99639E+01 0.00000E+00
 -1       619-1.16672E+00 2.00139E+01 0.00000E+00
 -1       620-1.20000E+00 2.00361E+01 0.00000E+00
 -1       651 1.20445E+00 1.99996E+01-3.57778E-02
 -1       652 1.16868E+00 1.99996E+01-1.78639E-02
 -1       653 1.19555E+00 2.00004E+01 3.57778E-02
 -1       654 1.23132E+00 2.00004E+01 1.78639E-02
 -1       659 1.20000E+00 1.99660E+01-1.20000E-02
 -1       660 1.20000E+00 1.99980E+01-3.60000E-02
 -1       661 1.20000E+00 2.00340E+01 1.20000E-02
 -1       662 1.20000E+00 2.00020E+01 3.60000E-02
 -1       667 1.16672E+00 1.99861E+01 0.00000E+00
 -1       668 1.20000E+00 1.99639E+01 0.00000E+00
 -1       669 1.23328E+00 2.00139E+01 0.00000E+00
 -1       670 1.20000E+00 2.00361E+01 0.00000E+00
 -1       701-1.19553E+00 2.00004E+01 1.96423E+00
 -1       702-1.23130E+00 2.00004E+01 1.98211E+00
 -1       703-1.20447E+00 1.99996E+01 2.03577E+00
 -1       704-1.16870E+00 1.99996E+01 2.01789E+00
 -1       709-1.20000E+00 1.99660E+01 1.98800E+00
 -1       710-1.20000E+00 1.99980E+01 1.96400E+00
 -1       711-1.20000E+00 2.00340E+01 2.01200E+00
 -1       712-1.20000E+00 2.00020E+01 2.03600E+00
 -1       717-1.23328E+00 1.99861E+01 2.00000E+00
 -1       718-1.20000E+00 1.99639E+01 2.00000E+00
 -1       719-1.16672E+00 2.00139E+01 2.00000E+00
 -1       720-1.20000E+00 2.00361E+01 2.00000E+00
 -1       751 1.20428E+00 2.00001E+01 1.96420E+00
 -1       752 1.16860E+00 1.99998E+01 1.98228E+00
 -1       753 1.19572E+00 1.99999E+01 2.03580E+00
 -1       754 1.23140E+00 2.00002E+01 2.01772E+00
 -1       759 1.20000E+00 1.99660E+01 1.98800E+00
 -1       760 1.20000E+00 1.99980E+01 1.96400E+00
 -1       761 1.20000E+00 2.00340E+01 2.01200E+00
 -1       762 1.20000E+00 2.00020E+01 2.03600E+00
 -1       767 1.16672E+00 1.99861E+01 2.00000E+00
 -1       768 1.20000E+00 1.99639E+01 2.00000E+00
 -1       769 1.23328E+00 2.00139E+01 2.00000E+00
 -1       770 1.20000E+00 2.00361E+01 2.00000E+00
 -1       801-1.19531E+00 2.99998E+01-3.57489E-02
 -1       802-1.23120E+00 3.00001E+01-1.80779E-02
 -1       803-1.20469E+00 3.00002E+01 3.57489E-02
 -1       804-1.16880E+00 2.99999E+01 1.80779E-02
 -1       809-1.20145E+00 2.99659E+01-1.15569E-02
 -1       810-1.20010E+00 2.99975E+01-3.59709E-02
 -1       811-1.19855E+00 3.00341E+01 1.15569E-02
 -1       812-1.19990E+00 3.00025E+01 3.59709E-02
 -1       817-1.23365E+00 2.99871E+01 5.48678E-04
 -1       818-1.20099E+00 2.99640E+01 1.52775E-03
 -1       819-1.16635E+00 3.00129E+01-5.48678E-04
 -1       820-1.19901E+00 3.00360E+01-1.52775E-03
 -1       851 1.20448E+00 2.99998E+01-3.57759E-02
 -1       852 1.16870E+00 2.99998E+01-1.78932E-02
 -1       853 1.19552E+00 3.00002E+01 3.57759E-02
 -1       854 1.23130E+00 3.00002E+01 1.78932E-02
 -1       859 1.20143E+00 2.99662E+01-1.24797E-02
 -1       860 1.20006E+00 2.99985E+01-3.60247E-02
 -1       861 1.19857E+00 3.00338E+01 1.24797E-02
 -1       862 1.19994E+00 3.00015E+01 3.60247E-02
 -1       867 1.16707E+00 2.99853E+01-6.22501E-04
 -1       868 1.20089E+00 2.99640E+01-1.52786E-03
 -1       869 1.23293E+00 3.00147E+01 6.22501E-04
 -1       870 1.19911E+00 3.00360E+01 1.52786E-03
 -1       901-1.19542E+00 3.00002E+01 1.96424E+00
 -1       902-1.23125E+00 3.00002E+01 1.98202E+00
 -1       903-1.20458E+00 2.99998E+01 2.03576E+00
 -1       904-1.16875E+00 2.99998E+01 2.01798E+00
 -1       909-1.19857E+00 2.99662E+01 1.98752E+00
 -1       910-1.19994E+00 2.99985E+01 1.96398E+00
 -1       911-1.20143E+00 3.00338E+01 2.01248E+00
 -1       912-1.20006E+00 3.00015E+01 2.03602E+00
 -1       917-1.23293E+00 2.99853E+01 1.99938E+00
 -1       918-1.19911E+00 2.99640E+01 1.99847E+00
 -1       919-1.16707E+00 3.00147E+01 2.00062E+00
 -1       920-1.20089E+00 3.00360E+01 2.00153E+00
 -1       951 1.20436E+00 3.00002E+01 1.96421E+00
 -1       952 1.16864E+00 2.99999E+01 1.98221E+00
 -1       953 1.19564E+00 2.99998E+01 2.03579E+00
 -1       954 1.23136E+00 3.00001E+01 2.01779E+00
 -1       959 1.19855E+00 2.99659E+01 1.98844E+00
 -1       960 1.19990E+00 2.99975E+01 1.96403E+00
 -1       961 1.20145E+00 3.00341E+01 2.01156E+00
 -1       962 1.20010E+00 3.00025E+01 2.03597E+00
 -1       967 1.16635E+00 2.99871E+01 2.00055E+00
 -1       968 1.19901E+00 2.99640E+01 2.00153E+00
 -1       969 1.23365E+00 3.00129E+01 1.99945E+00
 -1       970 1.20099E+00 3.00360E+01 1.99847E+00
 -1      1001-1.19500E+00 3.99992E+01-3.56990E-02
 -1      1002-1.23104E+00 4.00000E+01-1.83494E-02
 -1      1003-1.20500E+00 4.00008E+01 3.56990E-02
 -1      1004-1.16896E+00 4.00000E+01 1.83494E-02
 -1      1009-1.20145E+00 3.99659E+01-1.15569E-02
 -1      1010-1.20010E+00 3.99975E+01-3.59709E-02
 -1      1011-1.19855E+00 4.00341E+01 1.15569E-02
 -1      1012-1.19990E+00 4.00025E+01 3.59709E-02
 -1      1017-1.23365E+00 3.99871E+01 5.48678E-04
 -1      1018-1.20099E+00 3.99640E+01 1.52775E-03
 -1      1019-1.16635E+00 4.00129E+01-5.48678E-04
 -1      1020-1.19901E+00 4.00360E+01-1.52775E-03
 -1      1051 1.20431E+00 3.99999E+01-3.57970E-02
 -1      1052 1.16862E+00 3.99995E+01-1.77428E-02
 -1      1053 1.19569E+00 4.00001E+01 3.57970E-02
 -1      1054 1.23138E+00 4.00005E+01 1.77428E-02
 -1      1059 1.20143E+00 3.99662E+01-1.24797E-02
 -1      1060 1.20006E+00 3.99985E+01-3.60247E-02
 -1      1061 1.19857E+00 4.00338E+01 1.24797E-02
 -1      1062 1.19994E+00 4.00015E+01 3.60247E-02
 -1      1067 1.16707E+00 3.99853E+01-6.22501E-04
 -1      1068 1.20089E+00 3.99640E+01-1.52786E-03
 -1      1069 1.23293E+00 4.00147E+01 6.22501E-04
 -1      1070 1.19911E+00 4.00360E+01 1.52786E-03
 -1      1101-1.19528E+00 4.00001E+01 1.96425E+00
 -1      1102-1.23118E+00 4.00005E+01 1.98190E+00
 -1      1103-1.20472E+00 3.99999E+01 2.03575E+00
 -1      1104-1.16882E+00 3.99995E+01 2.01810E+00
 -1      1109-1.19857E+00 3.99662E+01 1.98752E+00
 -1      1110-1.19994E+00 3.99985E+01 1.96398E+00
 -1      1111-1.20143E+00 4.00338E+01 2.01248E+00
 -1      1112-1.20006E+00 4.00015E+01 2.03602E+00
 -1      1117-1.23293E+00 3.99853E+01 1.99938E+00
 -1      1118-1.19911E+00 3.99640E+01 1.99847E+00
 -1      1119-1.16707E+00 4.00147E+01 2.00062E+00
 -1      1120-1.20089E+00 4.00360E+01 2.00153E+00
 -1      1151 1.20401E+00 4.00008E+01 1.96418E+00
 -1      1152 1.16847E+00 4.00000E+01 1.98252E+00
 -1      1153 1.19599E+00 3.99992E+01 2.03582E+00
 -1      1154 1.23153E+00 4.00000E+01 2.01748E+00
 -1      1159 1.19855E+00 3.99659E+01 1.98844E+00
 -1      1160 1.19990E+00 3.99975E+01 1.96403E+00
 -1      1161 1.20145E+00 4.00341E+01 2.01156E+00
 -1      1162 1.20010E+00 4.00025E+01 2.03597E+00
 -1      1167 1.16635E+00 3.99871E+01 2.00055E+00
 -1      1168 1.19901E+00 3.99640E+01 2.00153E+00
 -1      1169 1.23365E+00 4.00129E+01 1.99945E+00
 -1      1170 1.20099E+00 4.00360E+01 1.99847E+00
 -1      1201-1.19609E+00 4.99979E+01-3.57809E-02
 -1      1202-1.23152E+00 4.99968E+01-1.72280E-02
 -1      1203-1.20391E+00 5.00021E+01 3.57809E-02
 -1      1204-1.16848E+00 5.00032E+01 1.72280E-02
 -1      1209-1.20102E+00 4.99659E+01-1.16828E-02
 -1      1210-1.20007E+00 4.99977E+01-3.59798E-02
 -1      1211-1.19898E+00 5.00341E+01 1.16828E-02
 -1      1212-1.19993E+00 5.00023E+01 3.59798E-02
 -1      1217-1.23354E+00 4.99868E+01 3.96605E-04
 -1      1218-1.20069E+00 4.99640E+01 1.08098E-03
 -1      1219-1.16646E+00 5.00132E+01-3.96605E-04
 -1      1220-1.19931E+00 5.00360E+01-1.08098E-03
 -1      1251 1.20659E+00 4.99962E+01-3.52381E-02
 -1      1252 1.16988E+00 5.00000E+01-1.98251E-02
 -1      1253 1.19341E+00 5.00038E+01 3.52381E-02
 -1      1254 1.23012E+00 5.00000E+01 1.98251E-02
 -1      1259 1.20102E+00 4.99661E+01-1.23355E-02
 -1      1260 1.20005E+00 4.99984E+01-3.60180E-02
 -1      1261 1.19898E+00 5.00339E+01 1.23355E-02
 -1      1262 1.19995E+00 5.00016E+01 3.60180E-02
 -1      1267 1.16697E+00 4.99855E+01-4.33494E-04
 -1      1268 1.20064E+00 4.99640E+01-1.08101E-03
 -1      1269 1.23303E+00 5.00145E+01 4.33494E-04
 -1      1270 1.19936E+00 5.00360E+01 1.08101E-03
 -1      1301-1.19824E+00 5.00036E+01 1.96417E+00
 -1      1302-1.23250E+00 4.99994E+01 1.98440E+00
 -1      1303-1.20176E+00 4.99964E+01 2.03583E+00
 -1      1304-1.16750E+00 5.00006E+01 2.01560E+00
 -1      1309-1.19898E+00 4.99661E+01 1.98766E+00
 -1      1310-1.19995E+00 4.99984E+01 1.96398E+00
 -1      1311-1.20102E+00 5.00339E+01 2.01234E+00
 -1      1312-1.20005E+00 5.00016E+01 2.03602E+00
 -1      1317-1.23303E+00 4.99855E+01 1.99957E+00
 -1      1318-1.19936E+00 4.99640E+01 1.99892E+00
 -1      1319-1.16697E+00 5.00145E+01 2.00043E+00
 -1      1320-1.20064E+00 5.00360E+01 2.00108E+00
 -1      1351 1.20512E+00 5.00020E+01 1.96437E+00
 -1      1352 1.16909E+00 5.00032E+01 1.98171E+00
 -1      1353 1.19488E+00 4.99980E+01 2.03563E+00
 -1      1354 1.23091E+00 4.99968E+01 2.01829E+00
 -1      1359 1.19898E+00 4.99659E+01 1.98832E+00
 -1      1360 1.19993E+00 4.99977E+01 1.96402E+00
 -1      1361 1.20102E+00 5.00341E+01 2.01168E+00
 -1      1362 1.20007E+00 5.00023E+01 2.03598E+00
 -1      1367 1.16646E+00 4.99868E+01 2.00040E+00
 -1      1368 1.19931E+00 4.99640E+01 2.00108E+00
 -1      1369 1.23354E+00 5.00132E+01 1.99960E+00
 -1      1370 1.20069E+00 5.00360E+01 1.99892E+00
 -1      1401-1.19553E+00 1.50000E+01-1.85778E-01
 -1      1402-1.23131E+00 1.50000E+01-1.67883E-01
 -1      1403-1.20447E+00 1.50000E+01-1.14222E-01
 -1      1404-1.16869E+00 1.50000E+01-1.32117E-01
 -1      1409 1.20447E+00 1.50000E+01 1.14222E-01
 -1      1410 1.16869E+00 1.50000E+01 1.32117E-01
 -1      1411 1.19553E+00 1.50000E+01 1.85778E-01
 -1      1412 1.23131E+00 1.50000E+01 1.67883E-01
 -1      1417-1.19553E+00 1.50000E+01 1.81422E+00
 -1      1418-1.23131E+00 1.50000E+01 1.83212E+00
 -1      1419-1.20447E+00 1.50000E+01 1.88578E+00
 -1      1420-1.16869E+00 1.50000E+01 1.86788E+00
 -1      1425 1.20447E+00 1.50000E+01 2.11422E+00
 -1      1426 1.16869E+00 1.50000E+01 2.13212E+00
 -1      1427 1.19553E+00 1.50000E+01 2.18578E+00
 -1      1428 1.23131E+00 1.50000E+01 2.16788E+00
 -1      1433-1.19510E+00 4.12485E+01-9.30910E-02
 -1      1434-1.23109E+00 4.12492E+01-7.56508E-02
 -1      1435-1.20490E+00 4.12515E+01-2.17140E-02
 -1      1436-1.16891E+00 4.12508E+01-3.91543E-02
 -1      1441-1.19519E+00 4.24988E+01-1.41781E-01
 -1      1442-1.23114E+00 4.24994E+01-1.24237E-01
 -1      1443-1.20481E+00 4.25012E+01-7.03511E-02
 -1      1444-1.16886E+00 4.25006E+01-8.78954E-02
 -1      1449-1.19534E+00 4.37494E+01-1.74330E-01
 -1      1450-1.23121E+00 4.37497E+01-1.56628E-01
 -1      1451-1.20466E+00 4.37506E+01-1.02834E-01
 -1      1452-1.16879E+00 4.37503E+01-1.20535E-01
 -1      1457-1.19553E+00 4.50000E+01-1.85777E-01
 -1      1458-1.23131E+00 4.50000E+01-1.67888E-01
 -1      1459-1.20447E+00 4.50000E+01-1.14223E-01
 -1      1460-1.16869E+00 4.50000E+01-1.32112E-01
 -1      1465-1.19572E+00 4.62506E+01-1.74377E-01
 -1      1466-1.23140E+00 4.62503E+01-1.56298E-01
 -1      1467-1.20428E+00 4.62494E+01-1.02787E-01
 -1      1468-1.16860E+00 4.62497E+01-1.20866E-01
 -1      1473-1.19589E+00 4.75012E+01-1.41868E-01
 -1      1474-1.23149E+00 4.75006E+01-1.23626E-01
 -1      1475-1.20411E+00 4.74988E+01-7.02642E-02
 -1      1476-1.16851E+00 4.74994E+01-8.85056E-02
 -1      1481-1.19601E+00 4.87515E+01-9.32042E-02
 -1      1482-1.23154E+00 4.87507E+01-7.48534E-02
 -1      1483-1.20399E+00 4.87485E+01-2.16008E-02
 -1      1484-1.16846E+00 4.87493E+01-3.99517E-02
 -1      1489 1.20399E+00 4.12515E+01 2.16008E-02
 -1      1490 1.16846E+00 4.12507E+01 3.99517E-02
 -1      1491 1.19601E+00 4.12485E+01 9.32042E-02
 -1      1492 1.23154E+00 4.12493E+01 7.48534E-02
 -1      1497 1.20411E+00 4.25012E+01 7.02642E-02
 -1      1498 1.16851E+00 4.25006E+01 8.85056E-02
 -1      1499 1.19589E+00 4.24988E+01 1.41868E-01
 -1      1500 1.23149E+00 4.24994E+01 1.23626E-01
 -1      1505 1.20428E+00 4.37506E+01 1.02787E-01
 -1      1506 1.16860E+00 4.37503E+01 1.20866E-01
 -1      1507 1.19572E+00 4.37494E+01 1.74377E-01
 -1      1508 1.23140E+00 4.37497E+01 1.56298E-01
 -1      1513 1.20447E+00 4.50000E+01 1.14223E-01
 -1      1514 1.16869E+00 4.50000E+01 1.32112E-01
 -1      1515 1.19553E+00 4.50000E+01 1.85777E-01
 -1      1516 1.23131E+00 4.50000E+01 1.67888E-01
 -1      1521 1.20466E+00 4.62494E+01 1.02834E-01
 -1      1522 1.16879E+00 4.62497E+01 1.20535E-01
 -1      1523 1.19534E+00 4.62506E+01 1.74330E-01
 -1      1524 1.23121E+00 4.62503E+01 1.56628E-01
 -1      1529 1.20481E+00 4.74988E+01 7.03511E-02
 -1      1530 1.16886E+00 4.74994E+01 8.78954E-02
 -1      1531 1.19519E+00 4.75012E+01 1.41781E-01
 -1      1532 1.23114E+00 4.75006E+01 1.24237E-01
 -1      1537 1.20490E+00 4.87485E+01 2.17140E-02
 -1      1538 1.16891E+00 4.87492E+01 3.91543E-02
 -1      1539 1.19510E+00 4.87515E+01 9.30910E-02
 -1      1540 1.23109E+00 4.87508E+01 7.56508E-02
 -1      1545-1.19510E+00 4.12485E+01 1.90691E+00
 -1      1546-1.23109E+00 4.12492E+01 1.92435E+00
 -1      1547-1.20490E+00 4.12515E+01 1.97829E+00
 -1      1548-1.16891E+00 4.12508E+01 1.96085E+00
 -1      1553-1.19519E+00 4.24988E+01 1.85822E+00
 -1      1554-1.23114E+00 4.24994E+01 1.87576E+00
 -1      1555-1.20481E+00 4.25012E+01 1.92965E+00
 -1      1556-1.16886E+00 4.25006E+01 1.91210E+00
 -1      1561-1.19534E+00 4.37494E+01 1.82567E+00
 -1      1562-1.23121E+00 4.37497E+01 1.84337E+00
 -1      1563-1.20466E+00 4.37506E+01 1.89717E+00
 -1      1564-1.16879E+00 4.37503E+01 1.87946E+00
 -1      1569-1.19553E+00 4.50000E+01 1.81422E+00
 -1      1570-1.23131E+00 4.50000E+01 1.83211E+00
 -1      1571-1.20447E+00 4.50000E+01 1.88578E+00
 -1      1572-1.16869E+00 4.50000E+01 1.86789E+00
 -1      1577-1.19572E+00 4.62506E+01 1.82562E+00
 -1      1578-1.23140E+00 4.62503E+01 1.84370E+00
 -1      1579-1.20428E+00 4.62494E+01 1.89721E+00
 -1      1580-1.16860E+00 4.62497E+01 1.87913E+00
 -1      1585-1.19589E+00 4.75012E+01 1.85813E+00
 -1      1586-1.23149E+00 4.75006E+01 1.87637E+00
 -1      1587-1.20411E+00 4.74988E+01 1.92974E+00
 -1      1588-1.16851E+00 4.74994E+01 1.91149E+00
 -1      1593-1.19601E+00 4.87515E+01 1.90680E+00
 -1      1594-1.23154E+00 4.87507E+01 1.92515E+00
 -1      1595-1.20399E+00 4.87485E+01 1.97840E+00
 -1      1596-1.16846E+00 4.87493E+01 1.96005E+00
 -1      1601 1.20399E+00 4.12515E+01 2.02160E+00
 -1      1602 1.16846E+00 4.12507E+01 2.03995E+00
 -1      1603 1.19601E+00 4.12485E+01 2.09320E+00
 -1      1604 1.23154E+00 4.12493E+01 2.07485E+00
 -1      1609 1.20411E+00 4.25012E+01 2.07026E+00
 -1      1610 1.16851E+00 4.25006E+01 2.08851E+00
 -1      1611 1.19589E+00 4.24988E+01 2.14187E+00
 -1      1612 1.23149E+00 4.24994E+01 2.12363E+00
 -1      1617 1.20428E+00 4.37506E+01 2.10279E+00
 -1      1618 1.16860E+00 4.37503E+01 2.12087E+00
 -1      1619 1.19572E+00 4.37494E+01 2.17438E+00
 -1      1620 1.23140E+00 4.37497E+01 2.15630E+00
 -1      1625 1.20447E+00 4.50000E+01 2.11422E+00
 -1      1626 1.16869E+00 4.50000E+01 2.13211E+00
 -1      1627 1.19553E+00 4.50000E+01 2.18578E+00
 -1      1628 1.23131E+00 4.50000E+01 2.16789E+00
 -1      1633 1.20466E+00 4.62494E+01 2.10283E+00
 -1      1634 1.16879E+00 4.62497E+01 2.12054E+00
 -1      1635 1.19534E+00 4.62506E+01 2.17433E+00
 -1      1636 1.23121E+00 4.62503E+01 2.15663E+00
 -1      1641 1.20481E+00 4.74988E+01 2.07035E+00
 -1      1642 1.16886E+00 4.74994E+01 2.08790E+00
 -1      1643 1.19519E+00 4.75012E+01 2.14178E+00
 -1      1644 1.23114E+00 4.75006E+01 2.12424E+00
 -1      1649 1.20490E+00 4.87485E+01 2.02171E+00
 -1      1650 1.16891E+00 4.87492E+01 2.03915E+00
 -1      1651 1.19510E+00 4.87515E+01 2.09309E+00
 -1      1652 1.23109E+00 4.87508E+01 2.07565E+00
 -1      1657 0.00000E+00-6.99992E-02-1.20023E-02
 -1      1658 0.00000E+00-3.79975E-02-3.60001E-02
 -1      1659 0.00000E+00-2.00083E-03 1.20023E-02
 -1      1660 0.00000E+00-3.40025E-02 3.60001E-02
 -1      1665 0.00000E+00 2.00083E-03 1.98800E+00
 -1      1666 0.00000E+00 3.40025E-02 1.96400E+00
 -1      1667 0.00000E+00 6.99992E-02 2.01200E+00
 -1      1668 0.00000E+00 3.79975E-02 2.03600E+00
 -1      1673-1.23329E+00 1.61495E-02 1.00000E+00
 -1      1674-1.20002E+00-6.05551E-03 1.00000E+00
 -1      1675-1.16671E+00 4.38505E-02 1.00000E+00
 -1      1676-1.19998E+00 6.60555E-02 1.00000E+00
 -1      1681 1.16671E+00-4.38505E-02 1.00000E+00
 -1      1682 1.19998E+00-6.60555E-02 1.00000E+00
 -1      1683 1.23329E+00-1.61495E-02 1.00000E+00
 -1      1684 1.20002E+00 6.05551E-03 1.00000E+00
 -1      1689-6.01023E-01 2.99404E+01-1.16832E-02
 -1      1690-6.00070E-01 2.99722E+01-3.59798E-02
 -1      1691-5.98977E-01 3.00086E+01 1.16832E-02
 -1      1692-5.99930E-01 2.99769E+01 3.59798E-02
 -1      1697 0.00000E+00 2.99300E+01-1.20008E-02
 -1      1698 0.00000E+00 2.99620E+01-3.60000E-02
 -1      1699 0.00000E+00 2.99980E+01 1.20008E-02
 -1      1700 0.00000E+00 2.99660E+01 3.60000E-02
 -1      1705 6.01016E-01 2.99407E+01-1.23359E-02
 -1      1706 6.00049E-01 2.99729E+01-3.60180E-02
 -1      1707 5.98984E-01 3.00084E+01 1.23359E-02
 -1      1708 5.99951E-01 2.99762E+01 3.60180E-02
 -1      1713-5.98984E-01 2.99916E+01 1.98766E+00
 -1      1714-5.99951E-01 3.00238E+01 1.96398E+00
 -1      1715-6.01016E-01 3.00593E+01 2.01234E+00
 -1      1716-6.00049E-01 3.00271E+01 2.03602E+00
 -1      1721 0.00000E+00 3.00020E+01 1.98800E+00
 -1      1722 0.00000E+00 3.00340E+01 1.96400E+00
 -1      1723 0.00000E+00 3.00700E+01 2.01200E+00
 -1      1724 0.00000E+00 3.00380E+01 2.03600E+00
 -1      1729 5.98977E-01 2.99914E+01 1.98832E+00
 -1      1730 5.99930E-01 3.00231E+01 1.96402E+00
 -1      1731 6.01023E-01 3.00596E+01 2.01168E+00
 -1      1732 6.00070E-01 3.00278E+01 2.03598E+00
 -1      1737-1.23354E+00 3.00080E+01 5.00396E-01
 -1      1738-1.20070E+00 2.99852E+01 5.01081E-01
 -1      1739-1.16646E+00 3.00344E+01 4.99604E-01
 -1      1740-1.19930E+00 3.00572E+01 4.98919E-01
 -1      1745-1.23328E+00 3.00161E+01 1.00000E+00
 -1      1746-1.20001E+00 2.99939E+01 1.00000E+00
 -1      1747-1.16672E+00 3.00439E+01 1.00000E+00
 -1      1748-1.19999E+00 3.00661E+01 1.00000E+00
 -1      1753-1.23303E+00 3.00068E+01 1.49957E+00
 -1      1754-1.19936E+00 2.99852E+01 1.49892E+00
 -1      1755-1.16697E+00 3.00357E+01 1.50043E+00
 -1      1756-1.20064E+00 3.00572E+01 1.50108E+00
 -1      1761 1.16697E+00 2.99643E+01 4.99567E-01
 -1      1762 1.20064E+00 2.99428E+01 4.98919E-01
 -1      1763 1.23303E+00 2.99932E+01 5.00433E-01
 -1      1764 1.19936E+00 3.00148E+01 5.01081E-01
 -1      1769 1.16672E+00 2.99561E+01 1.00000E+00
 -1      1770 1.19999E+00 2.99339E+01 1.00000E+00
 -1      1771 1.23328E+00 2.99839E+01 1.00000E+00
 -1      1772 1.20001E+00 3.00061E+01 1.00000E+00
 -1      1777 1.16646E+00 2.99656E+01 1.50040E+00
 -1      1778 1.19930E+00 2.99428E+01 1.50108E+00
 -1      1779 1.23354E+00 2.99920E+01 1.49960E+00
 -1      1780 1.20070E+00 3.00148E+01 1.49892E+00
 -1      1785-6.01023E-01 3.99404E+01-1.16832E-02
 -1      1786-6.00070E-01 3.99722E+01-3.59798E-02
 -1      1787-5.98977E-01 4.00086E+01 1.16832E-02
 -1      1788-5.99930E-01 3.99769E+01 3.59798E-02
 -1      1793 0.00000E+00 3.99300E+01-1.20008E-02
 -1      1794 0.00000E+00 3.99620E+01-3.60000E-02
 -1      1795 0.00000E+00 3.99980E+01 1.20008E-02
 -1      1796 0.00000E+00 3.99660E+01 3.60000E-02
 -1      1801 6.01016E-01 3.99407E+01-1.23359E-02
 -1      1802 6.00049E-01 3.99729E+01-3.60180E-02
 -1      1803 5.98984E-01 4.00084E+01 1.23359E-02
 -1      1804 5.99951E-01 3.99762E+01 3.60180E-02
 -1      1809-5.98984E-01 3.99916E+01 1.98766E+00
 -1      1810-5.99951E-01 4.00238E+01 1.96398E+00
 -1      1811-6.01016E-01 4.00593E+01 2.01234E+00
 -1      1812-6.00049E-01 4.00271E+01 2.03602E+00
 -1      1817 0.00000E+00 4.00020E+01 1.98800E+00
 -1      1818 0.00000E+00 4.00340E+01 1.96400E+00
 -1      1819 0.00000E+00 4.00700E+01 2.01200E+00
 -1      1820 0.00000E+00 4.00380E+01 2.03600E+00
 -1      1825 5.98977E-01 3.99914E+01 1.98832E+00
 -1      1826 5.99930E-01 4.00231E+01 1.96402E+00
 -1      1827 6.01023E-01 4.00596E+01 2.01168E+00
 -1      1828 6.00070E-01 4.00278E+01 2.03598E+00
 -1      1833-1.23354E+00 4.00080E+01 5.00396E-01
 -1      1834-1.20070E+00 3.99852E+01 5.01081E-01
 -1      1835-1.16646E+00 4.00344E+01 4.99604E-01
 -1      1836-1.19930E+00 4.00572E+01 4.98919E-01
 -1      1841-1.23328E+00 4.00161E+01 1.00000E+00
 -1      1842-1.20001E+00 3.99939E+01 1.00000E+00
 -1      1843-1.16672E+00 4.00439E+01 1.00000E+00
 -1      1844-1.19999E+00 4.00661E+01 1.00000E+00
 -1      1849-1.23303E+00 4.00068E+01 1.49957E+00
 -1      1850-1.19936E+00 3.99852E+01 1.49892E+00
 -1      1851-1.16697E+00 4.00357E+01 1.50043E+00
 -1      1852-1.20064E+00 4.00572E+01 1.50108E+00
 -1      1857 1.16697E+00 3.99643E+01 4.99567E-01
 -1      1858 1.20064E+00 3.99428E+01 4.98919E-01
 -1      1859 1.23303E+00 3.99932E+01 5.00433E-01
 -1      1860 1.19936E+00 4.00148E+01 5.01081E-01
 -1      1865 1.16672E+00 3.99561E+01 1.00000E+00
 -1      1866 1.19999E+00 3.99339E+01 1.00000E+00
 -1      1867 1.23328E+00 3.99839E+01 1.00000E+00
 -1      1868 1.20001E+00 4.00061E+01 1.00000E+00
 -1      1873 1.16646E+00 3.99656E+01 1.50040E+00
 -1      1874 1.19930E+00 3.99428E+01 1.50108E+00
 -1      1875 1.23354E+00 3.99920E+01 1.49960E+00
 -1      1876 1.20070E+00 4.00148E+01 1.49892E+00
 -1      1881 0.00000E+00 4.99300E+01-1.20023E-02
 -1      1882 0.00000E+00 4.99620E+01-3.60001E-02
 -1      1883 0.00000E+00 4.99980E+01 1.20023E-02
 -1      1884 0.00000E+00 4.99660E+01 3.60001E-02
 -1      1889 0.00000E+00 5.00020E+01 1.98800E+00
 -1      1890 0.00000E+00 5.00340E+01 1.96400E+00
 -1      1891 0.00000E+00 5.00700E+01 2.01200E+00
 -1      1892 0.00000E+00 5.00380E+01 2.03600E+00
 -1      1897-1.23329E+00 5.00161E+01 1.00000E+00
 -1      1898-1.20002E+00 4.99939E+01 1.00000E+00
 -1      1899-1.16671E+00 5.00438E+01 1.00000E+00
 -1      1900-1.19998E+00 5.00661E+01 1.00000E+00
 -1      1905 1.16671E+00 4.99562E+01 1.00000E+00
 -1      1906 1.19998E+00 4.99339E+01 1.00000E+00
 -1      1907 1.23329E+00 4.99839E+01 1.00000E+00
 -1      1908 1.20002E+00 5.00061E+01 1.00000E+00
 -1      1913-1.19777E+00 2.52721E+00 3.58451E-01
 -1      1914-1.23236E+00 2.52386E+00 3.78258E-01
 -1      1915-1.20223E+00 2.51522E+00 4.29417E-01
 -1      1916-1.16764E+00 2.51856E+00 4.09610E-01
 -1      1921-1.19829E+00 5.03706E+00 8.14685E-01
 -1      1922-1.23259E+00 5.03303E+00 8.34866E-01
 -1      1923-1.20171E+00 5.02294E+00 8.85315E-01
 -1      1924-1.16741E+00 5.02697E+00 8.65134E-01
 -1      1929-1.19884E+00 7.52934E+00 1.35882E+00
 -1      1930-1.23282E+00 7.52458E+00 1.37939E+00
 -1      1931-1.20116E+00 7.51309E+00 1.42904E+00
 -1      1932-1.16718E+00 7.51785E+00 1.40848E+00
 -1      1937-1.19407E+00 2.51529E+00 1.57100E+00
 -1      1938-1.23055E+00 2.51802E+00 1.58719E+00
 -1      1939-1.20593E+00 2.52714E+00 1.64113E+00
 -1      1940-1.16945E+00 2.52440E+00 1.62495E+00
 -1      1945-1.19388E+00 5.02303E+00 1.11516E+00
 -1      1946-1.23044E+00 5.02621E+00 1.13106E+00
 -1      1947-1.20612E+00 5.03697E+00 1.18484E+00
 -1      1948-1.16956E+00 5.03379E+00 1.16894E+00
 -1      1953-1.19370E+00 7.51321E+00 5.71480E-01
 -1      1954-1.23034E+00 7.51682E+00 5.87095E-01
 -1      1955-1.20630E+00 7.52922E+00 6.40652E-01
 -1      1956-1.16966E+00 7.52560E+00 6.25037E-01
 -1      1961 1.20223E+00 2.52721E+00 3.58451E-01
 -1      1962 1.16764E+00 2.52386E+00 3.78258E-01
 -1      1963 1.19777E+00 2.51522E+00 4.29417E-01
 -1      1964 1.23236E+00 2.51856E+00 4.09610E-01
 -1      1969 1.20171E+00 5.03706E+00 8.14685E-01
 -1      1970 1.16741E+00 5.03303E+00 8.34866E-01
 -1      1971 1.19829E+00 5.02294E+00 8.85315E-01
 -1      1972 1.23259E+00 5.02697E+00 8.65134E-01
 -1      1977 1.20116E+00 7.52934E+00 1.35882E+00
 -1      1978 1.16718E+00 7.52458E+00 1.37939E+00
 -1      1979 1.19884E+00 7.51309E+00 1.42904E+00
 -1      1980 1.23282E+00 7.51785E+00 1.40848E+00
 -1      1985 1.20593E+00 2.51529E+00 1.57100E+00
 -1      1986 1.16945E+00 2.51802E+00 1.58719E+00
 -1      1987 1.19407E+00 2.52714E+00 1.64113E+00
 -1      1988 1.23055E+00 2.52440E+00 1.62495E+00
 -1      1993 1.20612E+00 5.02303E+00 1.11516E+00
 -1      1994 1.16956E+00 5.02621E+00 1.13106E+00
 -1      1995 1.19388E+00 5.03697E+00 1.18484E+00
 -1      1996 1.23044E+00 5.03379E+00 1.16894E+00
 -1      2001 1.20630E+00 7.51321E+00 5.71480E-01
 -1      2002 1.16966E+00 7.51682E+00 5.87095E-01
 -1      2003 1.19370E+00 7.52922E+00 6.40652E-01
 -1      2004 1.23034E+00 7.52560E+00 6.25037E-01
 -1      2009-4.83328E-01 2.47166E+00-3.43393E-02
 -1      2010-5.20442E-01 2.48175E+00-2.33534E-02
 -1      2011-5.04540E-01 2.47743E+00 3.43393E-02
 -1      2012-4.67426E-01 2.46734E+00 2.33534E-02
 -1      2017 1.59904E-01 4.96162E+00-3.45869E-02
 -1      2018 1.22764E-01 4.97054E+00-2.27046E-02
 -1      2019 1.40096E-01 4.96638E+00 3.45869E-02
 -1      2020 1.77236E-01 4.95746E+00 2.27046E-02
 -1      2025 7.15261E-01 7.47263E+00-3.48107E-02
 -1      2026 6.78146E-01 7.48037E+00-2.20585E-02
 -1      2027 6.96871E-01 7.47646E+00 3.48107E-02
 -1      2028 7.33986E-01 7.46872E+00 2.20585E-02
 -1      2033 4.93632E-01 2.47446E+00-3.60542E-02
 -1      2034 4.61704E-01 2.46578E+00-1.35783E-02
 -1      2035 4.94236E-01 2.47463E+00 3.60542E-02
 -1      2036 5.26164E-01 2.48331E+00 1.35783E-02
 -1      2041-1.49866E-01 4.96403E+00-3.60553E-02
 -1      2042-1.82311E-01 4.95625E+00-1.39944E-02
 -1      2043-1.50134E-01 4.96397E+00 3.60553E-02
 -1      2044-1.17689E-01 4.97175E+00 1.39944E-02
 -1      2049-7.05470E-01 7.47467E+00-3.60504E-02
 -1      2050-7.38413E-01 7.46780E+00-1.44278E-02
 -1      2051-7.06662E-01 7.47442E+00 3.60504E-02
 -1      2052-6.73719E-01 7.48129E+00 1.44278E-02
 -1      2057-4.83328E-01 2.47166E+00 1.96566E+00
 -1      2058-5.20442E-01 2.48175E+00 1.97665E+00
 -1      2059-5.04540E-01 2.47743E+00 2.03434E+00
 -1      2060-4.67426E-01 2.46734E+00 2.02335E+00
 -1      2065 1.59904E-01 4.96162E+00 1.96541E+00
 -1      2066 1.22764E-01 4.97054E+00 1.97730E+00
 -1      2067 1.40096E-01 4.96638E+00 2.03459E+00
 -1      2068 1.77236E-01 4.95746E+00 2.02270E+00
 -1      2073 7.15261E-01 7.47263E+00 1.96519E+00
 -1      2074 6.78146E-01 7.48037E+00 1.97794E+00
 -1      2075 6.96871E-01 7.47646E+00 2.03481E+00
 -1      2076 7.33986E-01 7.46872E+00 2.02206E+00
 -1      2081 4.93632E-01 2.47446E+00 1.96395E+00
 -1      2082 4.61704E-01 2.46578E+00 1.98642E+00
 -1      2083 4.94236E-01 2.47463E+00 2.03605E+00
 -1      2084 5.26164E-01 2.48331E+00 2.01358E+00
 -1      2089-1.49866E-01 4.96403E+00 1.96394E+00
 -1      2090-1.82311E-01 4.95625E+00 1.98601E+00
 -1      2091-1.50134E-01 4.96397E+00 2.03606E+00
 -1      2092-1.17689E-01 4.97175E+00 2.01399E+00
 -1      2097-7.05470E-01 7.47467E+00 1.96395E+00
 -1      2098-7.38413E-01 7.46780E+00 1.98557E+00
 -1      2099-7.06662E-01 7.47442E+00 2.03605E+00
 -1      2100-6.73719E-01 7.48129E+00 2.01443E+00
 -1      2105-1.19777E+00 1.25272E+01 3.58451E-01
 -1      2106-1.23236E+00 1.25239E+01 3.78258E-01
 -1      2107-1.20223E+00 1.25152E+01 4.29417E-01
 -1      2108-1.16764E+00 1.25186E+01 4.09610E-01
 -1      2113-1.19829E+00 1.50371E+01 8.14685E-01
 -1      2114-1.23259E+00 1.50330E+01 8.34866E-01
 -1      2115-1.20171E+00 1.50229E+01 8.85315E-01
 -1      2116-1.16741E+00 1.50270E+01 8.65134E-01
 -1      2121-1.19884E+00 1.75293E+01 1.35882E+00
 -1      2122-1.23282E+00 1.75246E+01 1.37939E+00
 -1      2123-1.20116E+00 1.75131E+01 1.42904E+00
 -1      2124-1.16718E+00 1.75178E+01 1.40848E+00
 -1      2129-1.19407E+00 1.25153E+01 1.57100E+00
 -1      2130-1.23055E+00 1.25180E+01 1.58719E+00
 -1      2131-1.20593E+00 1.25271E+01 1.64113E+00
 -1      2132-1.16945E+00 1.25244E+01 1.62495E+00
 -1      2137-1.19388E+00 1.50230E+01 1.11516E+00
 -1      2138-1.23044E+00 1.50262E+01 1.13106E+00
 -1      2139-1.20612E+00 1.50370E+01 1.18484E+00
 -1      2140-1.16956E+00 1.50338E+01 1.16894E+00
 -1      2145-1.19370E+00 1.75132E+01 5.71480E-01
 -1      2146-1.23034E+00 1.75168E+01 5.87095E-01
 -1      2147-1.20630E+00 1.75292E+01 6.40652E-01
 -1      2148-1.16966E+00 1.75256E+01 6.25037E-01
 -1      2153 1.20223E+00 1.25272E+01 3.58451E-01
 -1      2154 1.16764E+00 1.25239E+01 3.78258E-01
 -1      2155 1.19777E+00 1.25152E+01 4.29417E-01
 -1      2156 1.23236E+00 1.25186E+01 4.09610E-01
 -1      2161 1.20171E+00 1.50371E+01 8.14685E-01
 -1      2162 1.16741E+00 1.50330E+01 8.34866E-01
 -1      2163 1.19829E+00 1.50229E+01 8.85315E-01
 -1      2164 1.23259E+00 1.50270E+01 8.65134E-01
 -1      2169 1.20116E+00 1.75293E+01 1.35882E+00
 -1      2170 1.16718E+00 1.75246E+01 1.37939E+00
 -1      2171 1.19884E+00 1.75131E+01 1.42904E+00
 -1      2172 1.23282E+00 1.75178E+01 1.40848E+00
 -1      2177 1.20593E+00 1.25153E+01 1.57100E+00
 -1      2178 1.16945E+00 1.25180E+01 1.58719E+00
 -1      2179 1.19407E+00 1.25271E+01 1.64113E+00
 -1      2180 1.23055E+00 1.25244E+01 1.62495E+00
 -1      2185 1.20612E+00 1.50230E+01 1.11516E+00
 -1      2186 1.16956E+00 1.50262E+01 1.13106E+00
 -1      2187 1.19388E+00 1.50370E+01 1.18484E+00
 -1      2188 1.23044E+00 1.50338E+01 1.16894E+00
 -1      2193 1.20630E+00 1.75132E+01 5.71480E-01
 -1      2194 1.16966E+00 1.75168E+01 5.87095E-01
 -1      2195 1.19370E+00 1.75292E+01 6.40652E-01
 -1      2196 1.23034E+00 1.75256E+01 6.25037E-01
 -1      2201-4.83328E-01 1.24717E+01-3.43393E-02
 -1      2202-5.20442E-01 1.24818E+01-2.33534E-02
 -1      2203-5.04540E-01 1.24774E+01 3.43393E-02
 -1      2204-4.67426E-01 1.24673E+01 2.33534E-02
 -1      2209 1.59904E-01 1.49616E+01-3.45869E-02
 -1      2210 1.22764E-01 1.49705E+01-2.27046E-02
 -1      2211 1.40096E-01 1.49664E+01 3.45869E-02
 -1      2212 1.77236E-01 1.49575E+01 2.27046E-02
 -1      2217 7.15261E-01 1.74726E+01-3.48107E-02
 -1      2218 6.78146E-01 1.74804E+01-2.20585E-02
 -1      2219 6.96871E-01 1.74765E+01 3.48107E-02
 -1      2220 7.33986E-01 1.74687E+01 2.20585E-02
 -1      2225 4.93632E-01 1.24745E+01-3.60542E-02
 -1      2226 4.61704E-01 1.24658E+01-1.35783E-02
 -1      2227 4.94236E-01 1.24746E+01 3.60542E-02
 -1      2228 5.26164E-01 1.24833E+01 1.35783E-02
 -1      2233-1.49866E-01 1.49640E+01-3.60553E-02
 -1      2234-1.82311E-01 1.49562E+01-1.39944E-02
 -1      2235-1.50134E-01 1.49640E+01 3.60553E-02
 -1      2236-1.17689E-01 1.49718E+01 1.39944E-02
 -1      2241-7.05470E-01 1.74747E+01-3.60504E-02
 -1      2242-7.38413E-01 1.74678E+01-1.44278E-02
 -1      2243-7.06662E-01 1.74744E+01 3.60504E-02
 -1      2244-6.73719E-01 1.74813E+01 1.44278E-02
 -1      2249-4.83328E-01 1.24717E+01 1.96566E+00
 -1      2250-5.20442E-01 1.24818E+01 1.97665E+00
 -1      2251-5.04540E-01 1.24774E+01 2.03434E+00
 -1      2252-4.67426E-01 1.24673E+01 2.02335E+00
 -1      2257 1.59904E-01 1.49616E+01 1.96541E+00
 -1      2258 1.22764E-01 1.49705E+01 1.97730E+00
 -1      2259 1.40096E-01 1.49664E+01 2.03459E+00
 -1      2260 1.77236E-01 1.49575E+01 2.02270E+00
 -1      2265 7.15261E-01 1.74726E+01 1.96519E+00
 -1      2266 6.78146E-01 1.74804E+01 1.97794E+00
 -1      2267 6.96871E-01 1.74765E+01 2.03481E+00
 -1      2268 7.33986E-01 1.74687E+01 2.02206E+00
 -1      2273 4.93632E-01 1.24745E+01 1.96395E+00
 -1      2274 4.61704E-01 1.24658E+01 1.98642E+00
 -1      2275 4.94236E-01 1.24746E+01 2.03605E+00
 -1      2276 5.26164E-01 1.24833E+01 2.01358E+00
 -1      2281-1.49866E-01 1.49640E+01 1.96394E+00
 -1      2282-1.82311E-01 1.49562E+01 1.98601E+00
 -1      2283-1.50134E-01 1.49640E+01 2.03606E+00
 -1      2284-1.17689E-01 1.49718E+01 2.01399E+00
 -1      2289-7.05470E-01 1.74747E+01 1.96395E+00
 -1      2290-7.38413E-01 1.74678E+01 1.98557E+00
 -1      2291-7.06662E-01 1.74744E+01 2.03605E+00
 -1      2292-6.73719E-01 1.74813E+01 2.01443E+00
 -1      2297-1.19830E+00 3.50371E+01 8.14684E-01
 -1      2298-1.23259E+00 3.50330E+01 8.34874E-01
 -1      2299-1.20170E+00 3.50229E+01 8.85316E-01
 -1      2300-1.16741E+00 3.50270E+01 8.65126E-01
 -1      2305-1.19388E+00 3.50230E+01 1.11516E+00
 -1      2306-1.23044E+00 3.50262E+01 1.13106E+00
 -1      2307-1.20612E+00 3.50370E+01 1.18484E+00
 -1      2308-1.16956E+00 3.50338E+01 1.16894E+00
 -1      2313 1.20170E+00 3.50371E+01 8.14684E-01
 -1      2314 1.16741E+00 3.50330E+01 8.34874E-01
 -1      2315 1.19830E+00 3.50229E+01 8.85316E-01
 -1      2316 1.23259E+00 3.50270E+01 8.65126E-01
 -1      2321 1.20612E+00 3.50230E+01 1.11516E+00
 -1      2322 1.16956E+00 3.50262E+01 1.13106E+00
 -1      2323 1.19388E+00 3.50370E+01 1.18484E+00
 -1      2324 1.23044E+00 3.50338E+01 1.16894E+00
 -1      2329 1.59908E-01 3.49616E+01-3.45858E-02
 -1      2330 1.22767E-01 3.49705E+01-2.27077E-02
 -1      2331 1.40092E-01 3.49664E+01 3.45858E-02
 -1      2332 1.77233E-01 3.49575E+01 2.27077E-02
 -1      2337-1.49864E-01 3.49640E+01-3.60552E-02
 -1      2338-1.82310E-01 3.49562E+01-1.39967E-02
 -1      2339-1.50136E-01 3.49640E+01 3.60552E-02
 -1      2340-1.17690E-01 3.49718E+01 1.39967E-02
 -1      2345 1.59908E-01 3.49616E+01 1.96541E+00
 -1      2346 1.22767E-01 3.49705E+01 1.97729E+00
 -1      2347 1.40092E-01 3.49664E+01 2.03459E+00
 -1      2348 1.77233E-01 3.49575E+01 2.02271E+00
 -1      2353-1.49864E-01 3.49640E+01 1.96394E+00
 -1      2354-1.82310E-01 3.49562E+01 1.98600E+00
 -1      2355-1.50136E-01 3.49640E+01 2.03606E+00
 -1      2356-1.17690E-01 3.49718E+01 2.01400E+00
 -1      2361-1.19757E+00 4.12670E+01 1.57055E-01
 -1      2362-1.23227E+00 4.12640E+01 1.76710E-01
 -1      2363-1.20243E+00 4.12559E+01 2.28140E-01
 -1      2364-1.16773E+00 4.12590E+01 2.08485E-01
 -1      2369-1.19773E+00 4.25271E+01 3.58438E-01
 -1      2370-1.23234E+00 4.25238E+01 3.78214E-01
 -1      2371-1.20227E+00 4.25153E+01 4.29430E-01
 -1      2372-1.16766E+00 4.25186E+01 4.09654E-01
 -1      2377-1.19798E+00 4.37842E+01 5.76000E-01
 -1      2378-1.23245E+00 4.37805E+01 5.95959E-01
 -1      2379-1.20202E+00 4.37713E+01 6.46836E-01
 -1      2380-1.16755E+00 4.37749E+01 6.26877E-01
 -1      2385-1.19828E+00 4.50371E+01 8.14685E-01
 -1      2386-1.23258E+00 4.50330E+01 8.34863E-01
 -1      2387-1.20172E+00 4.50229E+01 8.85315E-01
 -1      2388-1.16742E+00 4.50270E+01 8.65137E-01
 -1      2393-1.19860E+00 4.62854E+01 1.07622E+00
 -1      2394-1.23272E+00 4.62809E+01 1.09662E+00
 -1      2395-1.20140E+00 4.62700E+01 1.14662E+00
 -1      2396-1.16728E+00 4.62745E+01 1.12622E+00
 -1      2401-1.19888E+00 4.75294E+01 1.35884E+00
 -1      2402-1.23284E+00 4.75246E+01 1.37943E+00
 -1      2403-1.20112E+00 4.75130E+01 1.42902E+00
 -1      2404-1.16716E+00 4.75178E+01 1.40843E+00
 -1      2409-1.19908E+00 4.87700E+01 1.65759E+00
 -1      2410-1.23292E+00 4.87650E+01 1.67830E+00
 -1      2411-1.20092E+00 4.87529E+01 1.72761E+00
 -1      2412-1.16708E+00 4.87580E+01 1.70689E+00
 -1      2417-1.19416E+00 4.12560E+01 1.77225E+00
 -1      2418-1.23060E+00 4.12585E+01 1.78856E+00
 -1      2419-1.20584E+00 4.12670E+01 1.84256E+00
 -1      2420-1.16940E+00 4.12644E+01 1.82625E+00
 -1      2425-1.19409E+00 4.25154E+01 1.57098E+00
 -1      2426-1.23056E+00 4.25181E+01 1.58719E+00
 -1      2427-1.20591E+00 4.25271E+01 1.64115E+00
 -1      2428-1.16944E+00 4.25244E+01 1.62494E+00
 -1      2433-1.19399E+00 4.37714E+01 1.35360E+00
 -1      2434-1.23051E+00 4.37743E+01 1.36967E+00
 -1      2435-1.20601E+00 4.37841E+01 1.42356E+00
 -1      2436-1.16949E+00 4.37812E+01 1.40749E+00
 -1      2441-1.19388E+00 4.50230E+01 1.11516E+00
 -1      2442-1.23044E+00 4.50262E+01 1.13106E+00
 -1      2443-1.20612E+00 4.50370E+01 1.18484E+00
 -1      2444-1.16956E+00 4.50338E+01 1.16894E+00
 -1      2449-1.19377E+00 4.62701E+01 8.53886E-01
 -1      2450-1.23038E+00 4.62736E+01 8.69618E-01
 -1      2451-1.20623E+00 4.62853E+01 9.23278E-01
 -1      2452-1.16962E+00 4.62819E+01 9.07546E-01
 -1      2457-1.19368E+00 4.75131E+01 5.71502E-01
 -1      2458-1.23034E+00 4.75168E+01 5.87093E-01
 -1      2459-1.20632E+00 4.75293E+01 6.40630E-01
 -1      2460-1.16966E+00 4.75257E+01 6.25039E-01
 -1      2465-1.19363E+00 4.87531E+01 2.72930E-01
 -1      2466-1.23031E+00 4.87568E+01 2.88429E-01
 -1      2467-1.20637E+00 4.87699E+01 3.41875E-01
 -1      2468-1.16969E+00 4.87661E+01 3.26376E-01
 -1      2473 1.20243E+00 4.12670E+01 1.57055E-01
 -1      2474 1.16773E+00 4.12640E+01 1.76710E-01
 -1      2475 1.19757E+00 4.12559E+01 2.28140E-01
 -1      2476 1.23227E+00 4.12590E+01 2.08485E-01
 -1      2481 1.20227E+00 4.25271E+01 3.58438E-01
 -1      2482 1.16766E+00 4.25238E+01 3.78214E-01
 -1      2483 1.19773E+00 4.25153E+01 4.29430E-01
 -1      2484 1.23234E+00 4.25186E+01 4.09654E-01
 -1      2489 1.20202E+00 4.37842E+01 5.76000E-01
 -1      2490 1.16755E+00 4.37805E+01 5.95959E-01
 -1      2491 1.19798E+00 4.37713E+01 6.46836E-01
 -1      2492 1.23245E+00 4.37749E+01 6.26877E-01
 -1      2497 1.20172E+00 4.50371E+01 8.14685E-01
 -1      2498 1.16742E+00 4.50330E+01 8.34863E-01
 -1      2499 1.19828E+00 4.50229E+01 8.85315E-01
 -1      2500 1.23258E+00 4.50270E+01 8.65137E-01
 -1      2505 1.20140E+00 4.62854E+01 1.07622E+00
 -1      2506 1.16728E+00 4.62809E+01 1.09662E+00
 -1      2507 1.19860E+00 4.62700E+01 1.14662E+00
 -1      2508 1.23272E+00 4.62745E+01 1.12622E+00
 -1      2513 1.20112E+00 4.75294E+01 1.35884E+00
 -1      2514 1.16716E+00 4.75246E+01 1.37943E+00
 -1      2515 1.19888E+00 4.75130E+01 1.42902E+00
 -1      2516 1.23284E+00 4.75178E+01 1.40843E+00
 -1      2521 1.20092E+00 4.87700E+01 1.65759E+00
 -1      2522 1.16708E+00 4.87650E+01 1.67830E+00
 -1      2523 1.19908E+00 4.87529E+01 1.72761E+00
 -1      2524 1.23292E+00 4.87580E+01 1.70689E+00
 -1      2529 1.20584E+00 4.12560E+01 1.77225E+00
 -1      2530 1.16940E+00 4.12585E+01 1.78856E+00
 -1      2531 1.19416E+00 4.12670E+01 1.84256E+00
 -1      2532 1.23060E+00 4.12644E+01 1.82625E+00
 -1      2537 1.20591E+00 4.25154E+01 1.57098E+00
 -1      2538 1.16944E+00 4.25181E+01 1.58719E+00
 -1      2539 1.19409E+00 4.25271E+01 1.64115E+00
 -1      2540 1.23056E+00 4.25244E+01 1.62494E+00
 -1      2545 1.20601E+00 4.37714E+01 1.35360E+00
 -1      2546 1.16949E+00 4.37743E+01 1.36967E+00
 -1      2547 1.19399E+00 4.37841E+01 1.42356E+00
 -1      2548 1.23051E+00 4.37812E+01 1.40749E+00
 -1      2553 1.20612E+00 4.50230E+01 1.11516E+00
 -1      2554 1.16956E+00 4.50262E+01 1.13106E+00
 -1      2555 1.19388E+00 4.50370E+01 1.18484E+00
 -1      2556 1.23044E+00 4.50338E+01 1.16894E+00
 -1      2561 1.20623E+00 4.62701E+01 8.53886E-01
 -1      2562 1.16962E+00 4.62736E+01 8.69618E-01
 -1      2563 1.19377E+00 4.62853E+01 9.23278E-01
 -1      2564 1.23038E+00 4.62819E+01 9.07546E-01
 -1      2569 1.20632E+00 4.75131E+01 5.71502E-01
 -1      2570 1.16966E+00 4.75168E+01 5.87093E-01
 -1      2571 1.19368E+00 4.75293E+01 6.40630E-01
 -1      2572 1.23034E+00 4.75257E+01 6.25039E-01
 -1      2577 1.20637E+00 4.87531E+01 2.72930E-01
 -1      2578 1.16969E+00 4.87568E+01 2.88429E-01
 -1      2579 1.19363E+00 4.87699E+01 3.41875E-01
 -1      2580 1.23031E+00 4.87661E+01 3.26376E-01
 -1      2585-8.31704E-01 4.12331E+01-3.42295E-02
 -1      2586-8.68791E-01 4.12437E+01-2.36225E-02
 -1      2587-8.53491E-01 4.12393E+01 3.42295E-02
 -1      2588-8.16404E-01 4.12287E+01 2.36225E-02
 -1      2593-4.83271E-01 4.24716E+01-3.43179E-02
 -1      2594-5.20380E-01 4.24818E+01-2.34066E-02
 -1      2595-5.04597E-01 4.24775E+01 3.43179E-02
 -1      2596-4.67488E-01 4.24673E+01 2.34066E-02
 -1      2601-1.51102E-01 4.37141E+01-3.44451E-02
 -1      2602-1.88233E-01 4.37237E+01-2.30837E-02
 -1      2603-1.71734E-01 4.37194E+01 3.44451E-02
 -1      2604-1.34603E-01 4.37098E+01 2.30837E-02
 -1      2609 1.59903E-01 4.49616E+01-3.45874E-02
 -1      2610 1.22764E-01 4.49705E+01-2.27035E-02
 -1      2611 1.40097E-01 4.49664E+01 3.45874E-02
 -1      2612 1.77236E-01 4.49575E+01 2.27035E-02
 -1      2617 4.48070E-01 4.62146E+01-3.47212E-02
 -1      2618 4.10939E-01 4.62229E+01-2.23246E-02
 -1      2619 4.29094E-01 4.62188E+01 3.47212E-02
 -1      2620 4.66225E-01 4.62106E+01 2.23246E-02
 -1      2625 7.15201E-01 4.74727E+01-3.48283E-02
 -1      2626 6.78091E-01 4.74803E+01-2.20050E-02
 -1      2627 6.96931E-01 4.74764E+01 3.48283E-02
 -1      2628 7.34041E-01 4.74688E+01 2.20050E-02
 -1      2633 9.66302E-01 4.87345E+01-3.48965E-02
 -1      2634 9.29212E-01 4.87417E+01-2.17923E-02
 -1      2635 9.48503E-01 4.87380E+01 3.48965E-02
 -1      2636 9.85593E-01 4.87307E+01 2.17923E-02
 -1      2641 8.42124E-01 4.12361E+01-3.60521E-02
 -1      2642 8.10413E-01 4.12270E+01-1.34113E-02
 -1      2643 8.43071E-01 4.12364E+01 3.60521E-02
 -1      2644 8.74781E-01 4.12454E+01 1.34113E-02
 -1      2649 4.93597E-01 4.24745E+01-3.60538E-02
 -1      2650 4.61712E-01 4.24657E+01-1.35445E-02
 -1      2651 4.94271E-01 4.24746E+01 3.60538E-02
 -1      2652 5.26156E-01 4.24834E+01 1.35445E-02
 -1      2657 1.61293E-01 4.37167E+01-3.60553E-02
 -1      2658 1.29148E-01 4.37084E+01-1.37478E-02
 -1      2659 1.61544E-01 4.37168E+01 3.60553E-02
 -1      2660 1.93688E-01 4.37251E+01 1.37478E-02
 -1      2665-1.49867E-01 4.49640E+01-3.60553E-02
 -1      2666-1.82312E-01 4.49562E+01-1.39935E-02
 -1      2667-1.50133E-01 4.49640E+01 3.60553E-02
 -1      2668-1.17688E-01 4.49718E+01 1.39935E-02
 -1      2673-4.38181E-01 4.62168E+01-3.60532E-02
 -1      2674-4.70920E-01 4.62096E+01-1.42455E-02
 -1      2675-4.38983E-01 4.62167E+01 3.60532E-02
 -1      2676-4.06244E-01 4.62239E+01 1.42455E-02
 -1      2681-7.05431E-01 4.74747E+01-3.60497E-02
 -1      2682-7.38414E-01 4.74679E+01-1.44640E-02
 -1      2683-7.06701E-01 4.74744E+01 3.60497E-02
 -1      2684-6.73718E-01 4.74812E+01 1.44640E-02
 -1      2689-9.56607E-01 4.87364E+01-3.60464E-02
 -1      2690-9.89751E-01 4.87299E+01-1.46123E-02
 -1      2691-9.58198E-01 4.87361E+01 3.60464E-02
 -1      2692-9.25054E-01 4.87425E+01 1.46123E-02
 -1      2697-8.31704E-01 4.12331E+01 1.96577E+00
 -1      2698-8.68791E-01 4.12437E+01 1.97638E+00
 -1      2699-8.53491E-01 4.12393E+01 2.03423E+00
 -1      2700-8.16404E-01 4.12287E+01 2.02362E+00
 -1      2705-4.83271E-01 4.24716E+01 1.96568E+00
 -1      2706-5.20380E-01 4.24818E+01 1.97659E+00
 -1      2707-5.04597E-01 4.24775E+01 2.03432E+00
 -1      2708-4.67488E-01 4.24673E+01 2.02341E+00
 -1      2713-1.51102E-01 4.37141E+01 1.96555E+00
 -1      2714-1.88233E-01 4.37237E+01 1.97692E+00
 -1      2715-1.71734E-01 4.37194E+01 2.03445E+00
 -1      2716-1.34603E-01 4.37098E+01 2.02308E+00
 -1      2721 1.59903E-01 4.49616E+01 1.96541E+00
 -1      2722 1.22764E-01 4.49705E+01 1.97730E+00
 -1      2723 1.40097E-01 4.49664E+01 2.03459E+00
 -1      2724 1.77236E-01 4.49575E+01 2.02270E+00
 -1      2729 4.48070E-01 4.62146E+01 1.96528E+00
 -1      2730 4.10939E-01 4.62229E+01 1.97768E+00
 -1      2731 4.29094E-01 4.62188E+01 2.03472E+00
 -1      2732 4.66225E-01 4.62106E+01 2.02232E+00
 -1      2737 7.15201E-01 4.74727E+01 1.96517E+00
 -1      2738 6.78091E-01 4.74803E+01 1.97800E+00
 -1      2739 6.96931E-01 4.74764E+01 2.03483E+00
 -1      2740 7.34041E-01 4.74688E+01 2.02200E+00
 -1      2745 9.66302E-01 4.87345E+01 1.96510E+00
 -1      2746 9.29212E-01 4.87417E+01 1.97821E+00
 -1      2747 9.48503E-01 4.87380E+01 2.03490E+00
 -1      2748 9.85593E-01 4.87307E+01 2.02179E+00
 -1      2753 8.42124E-01 4.12361E+01 1.96395E+00
 -1      2754 8.10413E-01 4.12270E+01 1.98659E+00
 -1      2755 8.43071E-01 4.12364E+01 2.03605E+00
 -1      2756 8.74781E-01 4.12454E+01 2.01341E+00
 -1      2761 4.93597E-01 4.24745E+01 1.96395E+00
 -1      2762 4.61712E-01 4.24657E+01 1.98646E+00
 -1      2763 4.94271E-01 4.24746E+01 2.03605E+00
 -1      2764 5.26156E-01 4.24834E+01 2.01354E+00
 -1      2769 1.61293E-01 4.37167E+01 1.96394E+00
 -1      2770 1.29148E-01 4.37084E+01 1.98625E+00
 -1      2771 1.61544E-01 4.37168E+01 2.03606E+00
 -1      2772 1.93688E-01 4.37251E+01 2.01375E+00
 -1      2777-1.49867E-01 4.49640E+01 1.96394E+00
 -1      2778-1.82312E-01 4.49562E+01 1.98601E+00
 -1      2779-1.50133E-01 4.49640E+01 2.03606E+00
 -1      2780-1.17688E-01 4.49718E+01 2.01399E+00
 -1      2785-4.38181E-01 4.62168E+01 1.96395E+00
 -1      2786-4.70920E-01 4.62096E+01 1.98575E+00
 -1      2787-4.38983E-01 4.62167E+01 2.03605E+00
 -1      2788-4.06244E-01 4.62239E+01 2.01425E+00
 -1      2793-7.05431E-01 4.74747E+01 1.96395E+00
 -1      2794-7.38414E-01 4.74679E+01 1.98554E+00
 -1      2795-7.06701E-01 4.74744E+01 2.03605E+00
 -1      2796-6.73718E-01 4.74812E+01 2.01446E+00
 -1      2801-9.56607E-01 4.87364E+01 1.96395E+00
 -1      2802-9.89751E-01 4.87299E+01 1.98539E+00
 -1      2803-9.58198E-01 4.87361E+01 2.03605E+00
 -1      2804-9.25054E-01 4.87425E+01 2.01461E+00
 -3
    3C                           260                                     1
 -1         1    1    0    1
 -2       201       401       402       202       204       404       403       203
 -1         2    1    0    1
 -2       251       451       452       252       254       454       453       253
 -1         3    1    0    1
 -2       301       501       502       302       304       504       503       303
 -1         4    1    0    1
 -2       351       551       552       352       354       554       553       353
 -1         5    1    0    1
 -2       401      1401      1402       402       404      1404      1403       403
 -1         6    1    0    1
 -2      1401       601       602      1402      1404       604       603      1403
 -1         7    1    0    1
 -2       451      1409      1410       452       454      1412      1411       453
 -1         8    1    0    1
 -2      1409       651       652      1410      1412       654       653      1411
 -1         9    1    0    1
 -2       501      1417      1418       502       504      1420      1419       503
 -1        10    1    0    1
 -2      1417       701       702      1418      1420       704       703      1419
 -1        11    1    0    1
 -2       551      1425      1426       552       554      1428      1427       553
 -1        12    1    0    1
 -2      1425       751       752      1426      1428       754       753      1427
 -1        13    1    0    1
 -2       601       801       802       602       604       804       803       603
 -1        14    1    0    1
 -2       651       851       852       652       654       854       853       653
 -1        15    1    0    1
 -2       701       901       902       702       704       904       903       703
 -1        16    1    0    1
 -2       751       951       952       752       754       954       953       753
 -1        17    1    0    1
 -2       801      1001      1002       802       804      1004      1003       803
 -1        18    1    0    1
 -2       851      1051      1052       852       854      1054      1053       853
 -1        19    1    0    1
 -2       901      1101      1102       902       904      1104      1103       903
 -1        20    1    0    1
 -2       951      1151      1152       952       954      1154      1153       953
 -1        21    1    0    1
 -2      1001      1433      1434      1002      1004      1436      1435      1003
 -1        22    1    0    1
 -2      1433      1441      1442      1434      1436      1444      1443      1435
 -1        23    1    0    1
 -2      1441      1449      1450      1442      1444      1452      1451      1443
 -1        24    1    0    1
 -2      1449      1457      1458      1450      1452      1460      1459      1451
 -1        25    1    0    1
 -2      1457      1465      1466      1458      1460      1468      1467      1459
 -1        26    1    0    1
 -2      1465      1473      1474      1466      1468      1476      1475      1467
 -1        27    1    0    1
 -2      1473      1481      1482      1474      1476      1484      1483      1475
 -1        28    1    0    1
 -2      1481      1201      1202      1482      1484      1204      1203      1483
 -1        29    1    0    1
 -2      1051      1489      1490      1052      1054      1492      1491      1053
 -1        30    1    0    1
 -2      1489      1497      1498      1490      1492      1500      1499      1491
 -1        31    1    0    1
 -2      1497      1505      1506      1498      1500      1508      1507      1499
 -1        32    1    0    1
 -2      1505      1513      1514      1506      1508      1516      1515      1507
 -1        33    1    0    1
 -2      1513      1521      1522      1514      1516      1524      1523      1515
 -1        34    1    0    1
 -2      1521      1529      1530      1522      1524      1532      1531      1523
 -1        35    1    0    1
 -2      1529      1537      1538      1530      1532      1540      1539      1531
 -1        36    1    0    1
 -2      1537      1251      1252      1538      1540      1254      1253      1539
 -1        37    1    0    1
 -2      1101      1545      1546      1102      1104      1548      1547      1103
 -1        38    1    0    1
 -2      1545      1553      1554      1546      1548      1556      1555      1547
 -1        39    1    0    1
 -2      1553      1561      1562      1554      1556      1564      1563      1555
 -1        40    1    0    1
 -2      1561      1569      1570      1562      1564      1572      1571      1563
 -1        41    1    0    1
 -2      1569      1577      1578      1570      1572      1580      1579      1571
 -1        42    1    0    1
 -2      1577      1585      1586      1578      1580      1588      1587      1579
 -1        43    1    0    1
 -2      1585      1593      1594      1586      1588      1596      1595      1587
 -1        44    1    0    1
 -2      1593      1301      1302      1594      1596      1304      1303      1595
 -1        45    1    0    1
 -2      1151      1601      1602      1152      1154      1604      1603      1153
 -1        46    1    0    1
 -2      1601      1609      1610      1602      1604      1612      1611      1603
 -1        47    1    0    1
 -2      1609      1617      1618      1610      1612      1620      1619      1611
 -1        48    1    0    1
 -2      1617      1625      1626      1618      1620      1628      1627      1619
 -1        49    1    0    1
 -2      1625      1633      1634      1626      1628      1636      1635      1627
 -1        50    1    0    1
 -2      1633      1641      1642      1634      1636      1644      1643      1635
 -1        51    1    0    1
 -2      1641      1649      1650      1642      1644      1652      1651      1643
 -1        52    1    0    1
 -2      1649      1351      1352      1650      1652      1354      1353      1651
 -1        53    1    0    1
 -2       209      1657      1658       210       212      1660      1659       211
 -1        54    1    0    1
 -2      1657       259       260      1658      1660       262       261      1659
 -1        55    1    0    1
 -2       309      1665      1666       310       312      1668      1667       311
 -1        56    1    0    1
 -2      1665       359       360      1666      1668       362       361      1667
 -1        57    1    0    1
 -2       217      1673      1674       218       220      1676      1675       219
 -1        58    1    0    1
 -2      1673       317       318      1674      1676       320       319      1675
 -1        59    1    0    1
 -2       267      1681      1682       268       270      1684      1683       269
 -1        60    1    0    1
 -2      1681       367       368      1682      1684       370       369      1683
 -1        61    1    0    1
 -2       409       459       460       410       412       462       461       411
 -1        62    1    0    1
 -2       509       559       560       510       512       562       561       511
 -1        63    1    0    1
 -2       417       517       518       418       420       520       519       419
 -1        64    1    0    1
 -2       467       567       568       468       470       570       569       469
 -1        65    1    0    1
 -2       609       659       660       610       612       662       661       611
 -1        66    1    0    1
 -2       709       759       760       710       712       762       761       711
 -1        67    1    0    1
 -2       617       717       718       618       620       720       719       619
 -1        68    1    0    1
 -2       667       767       768       668       670       770       769       669
 -1        69    1    0    1
 -2       809      1689      1690       810       812      1692      1691       811
 -1        70    1    0    1
 -2      1689      1697      1698      1690      1692      1700      1699      1691
 -1        71    1    0    1
 -2      1697      1705      1706      1698      1700      1708      1707      1699
 -1        72    1    0    1
 -2      1705       859       860      1706      1708       862       861      1707
 -1        73    1    0    1
 -2       909      1713      1714       910       912      1716      1715       911
 -1        74    1    0    1
 -2      1713      1721      1722      1714      1716      1724      1723      1715
 -1        75    1    0    1
 -2      1721      1729      1730      1722      1724      1732      1731      1723
 -1        76    1    0    1
 -2      1729       959       960      1730      1732       962       961      1731
 -1        77    1    0    1
 -2       817      1737      1738       818       820      1740      1739       819
 -1        78    1    0    1
 -2      1737      1745      1746      1738      1740      1748      1747      1739
 -1        79    1    0    1
 -2      1745      1753      1754      1746      1748      1756      1755      1747
 -1        80    1    0    1
 -2      1753       917       918      1754      1756       920       919      1755
 -1        81    1    0    1
 -2       867      1761      1762       868       870      1764      1763       869
 -1        82    1    0    1
 -2      1761      1769      1770      1762      1764      1772      1771      1763
 -1        83    1    0    1
 -2      1769      1777      1778      1770      1772      1780      1779      1771
 -1        84    1    0    1
 -2      1777       967       968      1778      1780       970       969      1779
 -1        85    1    0    1
 -2      1009      1785      1786      1010      1012      1788      1787      1011
 -1        86    1    0    1
 -2      1785      1793      1794      1786      1788      1796      1795      1787
 -1        87    1    0    1
 -2      1793      1801      1802      1794      1796      1804      1803      1795
 -1        88    1    0    1
 -2      1801      1059      1060      1802      1804      1062      1061      1803
 -1        89    1    0    1
 -2      1109      1809      1810      1110      1112      1812      1811      1111
 -1        90    1    0    1
 -2      1809      1817      1818      1810      1812      1820      1819      1811
 -1        91    1    0    1
 -2      1817      1825      1826      1818      1820      1828      1827      1819
 -1        92    1    0    1
 -2      1825      1159      1160      1826      1828      1162      1161      1827
 -1        93    1    0    1
 -2      1017      1833      1834      1018      1020      1836      1835      1019
 -1        94    1    0    1
 -2      1833      1841      1842      1834      1836      1844      1843      1835
 -1        95    1    0    1
 -2      1841      1849      1850      1842      1844      1852      1851      1843
 -1        96    1    0    1
 -2      1849      1117      1118      1850      1852      1120      1119      1851
 -1        97    1    0    1
 -2      1067      1857      1858      1068      1070      1860      1859      1069
 -1        98    1    0    1
 -2      1857      1865      1866      1858      1860      1868      1867      1859
 -1        99    1    0    1
 -2      1865      1873      1874      1866      1868      1876      1875      1867
 -1       100    1    0    1
 -2      1873      1167      1168      1874      1876      1170      1169      1875
 -1       101    1    0    1
 -2      1209      1881      1882      1210      1212      1884      1883      1211
 -1       102    1    0    1
 -2      1881      1259      1260      1882      1884      1262      1261      1883
 -1       103    1    0    1
 -2      1309      1889      1890      1310      1312      1892      1891      1311
 -1       104    1    0    1
 -2      1889      1359      1360      1890      1892      1362      1361      1891
 -1       105    1    0    1
 -2      1217      1897      1898      1218      1220      1900      1899      1219
 -1       106    1    0    1
 -2      1897      1317      1318      1898      1900      1320      1319      1899
 -1       107    1    0    1
 -2      1267      1905      1906      1268      1270      1908      1907      1269
 -1       108    1    0    1
 -2      1905      1367      1368      1906      1908      1370      1369      1907
 -1       109    1    0    1
 -2       201      1913      1914       202       204      1916      1915       203
 -1       110    1    0    1
 -2      1913      1921      1922      1914      1916      1924      1923      1915
 -1       111    1    0    1
 -2      1921      1929      1930      1922      1924      1932      1931      1923
 -1       112    1    0    1
 -2      1929       501       502      1930      1932       504       503      1931
 -1       113    1    0    1
 -2       301      1937      1938       302       304      1940      1939       303
 -1       114    1    0    1
 -2      1937      1945      1946      1938      1940      1948      1947      1939
 -1       115    1    0    1
 -2      1945      1953      1954      1946      1948      1956      1955      1947
 -1       116    1    0    1
 -2      1953       401       402      1954      1956       404       403      1955
 -1       117    1    0    1
 -2       251      1961      1962       252       254      1964      1963       253
 -1       118    1    0    1
 -2      1961      1969      1970      1962      1964      1972      1971      1963
 -1       119    1    0    1
 -2      1969      1977      1978      1970      1972      1980      1979      1971
 -1       120    1    0    1
 -2      1977       551       552      1978      1980       554       553      1979
 -1       121    1    0    1
 -2       351      1985      1986       352       354      1988      1987       353
 -1       122    1    0    1
 -2      1985      1993      1994      1986      1988      1996      1995      1987
 -1       123    1    0    1
 -2      1993      2001      2002      1994      1996      2004      2003      1995
 -1       124    1    0    1
 -2      2001       451       452      2002      2004       454       453      2003
 -1       125    1    0    1
 -2       201      2009      2010       202       204      2012      2011       203
 -1       126    1    0    1
 -2      2009      2017      2018      2010      2012      2020      2019      2011
 -1       127    1    0    1
 -2      2017      2025      2026      2018      2020      2028      2027      2019
 -1       128    1    0    1
 -2      2025       451       452      2026      2028       454       453      2027
 -1       129    1    0    1
 -2       251      2033      2034       252       254      2036      2035       253
 -1       130    1    0    1
 -2      2033      2041      2042      2034      2036      2044      2043      2035
 -1       131    1    0    1
 -2      2041      2049      2050      2042      2044      2052      2051      2043
 -1       132    1    0    1
 -2      2049       401       402      2050      2052       404       403      2051
 -1       133    1    0    1
 -2       301      2057      2058       302       304      2060      2059       303
 -1       134    1    0    1
 -2      2057      2065      2066      2058      2060      2068      2067      2059
 -1       135    1    0    1
 -2      2065      2073      2074      2066      2068      2076      2075      2067
 -1       136    1    0    1
 -2      2073       551       552      2074      2076       554       553      2075
 -1       137    1    0    1
 -2       351      2081      2082       352       354      2084      2083       353
 -1       138    1    0    1
 -2      2081      2089      2090      2082      2084      2092      2091      2083
 -1       139    1    0    1
 -2      2089      2097      2098      2090      2092      2100      2099      2091
 -1       140    1    0    1
 -2      2097       501       502      2098      2100       504       503      2099
 -1       141    1    0    1
 -2       401      2105      2106       402       404      2108      2107       403
 -1       142    1    0    1
 -2      2105      2113      2114      2106      2108      2116      2115      2107
 -1       143    1    0    1
 -2      2113      2121      2122      2114      2116      2124      2123      2115
 -1       144    1    0    1
 -2      2121       701       702      2122      2124       704       703      2123
 -1       145    1    0    1
 -2       501      2129      2130       502       504      2132      2131       503
 -1       146    1    0    1
 -2      2129      2137      2138      2130      2132      2140      2139      2131
 -1       147    1    0    1
 -2      2137      2145      2146      2138      2140      2148      2147      2139
 -1       148    1    0    1
 -2      2145       601       602      2146      2148       604       603      2147
 -1       149    1    0    1
 -2       451      2153      2154       452       454      2156      2155       453
 -1       150    1    0    1
 -2      2153      2161      2162      2154      2156      2164      2163      2155
 -1       151    1    0    1
 -2      2161      2169      2170      2162      2164      2172      2171      2163
 -1       152    1    0    1
 -2      2169       751       752      2170      2172       754       753      2171
 -1       153    1    0    1
 -2       551      2177      2178       552       554      2180      2179       553
 -1       154    1    0    1
 -2      2177      2185      2186      2178      2180      2188      2187      2179
 -1       155    1    0    1
 -2      2185      2193      2194      2186      2188      2196      2195      2187
 -1       156    1    0    1
 -2      2193       651       652      2194      2196       654       653      2195
 -1       157    1    0    1
 -2       401      2201      2202       402       404      2204      2203       403
 -1       158    1    0    1
 -2      2201      2209      2210      2202      2204      2212      2211      2203
 -1       159    1    0    1
 -2      2209      2217      2218      2210      2212      2220      2219      2211
 -1       160    1    0    1
 -2      2217       651       652      2218      2220       654       653      2219
 -1       161    1    0    1
 -2       451      2225      2226       452       454      2228      2227       453
 -1       162    1    0    1
 -2      2225      2233      2234      2226      2228      2236      2235      2227
 -1       163    1    0    1
 -2      2233      2241      2242      2234      2236      2244      2243      2235
 -1       164    1    0    1
 -2      2241       601       602      2242      2244       604       603      2243
 -1       165    1    0    1
 -2       501      2249      2250       502       504      2252      2251       503
 -1       166    1    0    1
 -2      2249      2257      2258      2250      2252      2260      2259      2251
 -1       167    1    0    1
 -2      2257      2265      2266      2258      2260      2268      2267      2259
 -1       168    1    0    1
 -2      2265       751       752      2266      2268       754       753      2267
 -1       169    1    0    1
 -2       551      2273      2274       552       554      2276      2275       553
 -1       170    1    0    1
 -2      2273      2281      2282      2274      2276      2284      2283      2275
 -1       171    1    0    1
 -2      2281      2289      2290      2282      2284      2292      2291      2283
 -1       172    1    0    1
 -2      2289       701       702      2290      2292       704       703      2291
 -1       173    1    0    1
 -2       601       901       902       602       604       904       903       603
 -1       174    1    0    1
 -2       701       801       802       702       704       804       803       703
 -1       175    1    0    1
 -2       651       951       952       652       654       954       953       653
 -1       176    1    0    1
 -2       751       851       852       752       754       854       853       753
 -1       177    1    0    1
 -2       601       851       852       602       604       854       853       603
 -1       178    1    0    1
 -2       651       801       802       652       654       804       803       653
 -1       179    1    0    1
 -2       701       951       952       702       704       954       953       703
 -1       180    1    0    1
 -2       751       901       902       752       754       904       903       753
 -1       181    1    0    1
 -2       801      2297      2298       802       804      2300      2299       803
 -1       182    1    0    1
 -2      2297      1101      1102      2298      2300      1104      1103      2299
 -1       183    1    0    1
 -2       901      2305      2306       902       904      2308      2307       903
 -1       184    1    0    1
 -2      2305      1001      1002      2306      2308      1004      1003      2307
 -1       185    1    0    1
 -2       851      2313      2314       852       854      2316      2315       853
 -1       186    1    0    1
 -2      2313      1151      1152      2314      2316      1154      1153      2315
 -1       187    1    0    1
 -2       951      2321      2322       952       954      2324      2323       953
 -1       188    1    0    1
 -2      2321      1051      1052      2322      2324      1054      1053      2323
 -1       189    1    0    1
 -2       801      2329      2330       802       804      2332      2331       803
 -1       190    1    0    1
 -2      2329      1051      1052      2330      2332      1054      1053      2331
 -1       191    1    0    1
 -2       851      2337      2338       852       854      2340      2339       853
 -1       192    1    0    1
 -2      2337      1001      1002      2338      2340      1004      1003      2339
 -1       193    1    0    1
 -2       901      2345      2346       902       904      2348      2347       903
 -1       194    1    0    1
 -2      2345      1151      1152      2346      2348      1154      1153      2347
 -1       195    1    0    1
 -2       951      2353      2354       952       954      2356      2355       953
 -1       196    1    0    1
 -2      2353      1101      1102      2354      2356      1104      1103      2355
 -1       197    1    0    1
 -2      1001      2361      2362      1002      1004      2364      2363      1003
 -1       198    1    0    1
 -2      2361      2369      2370      2362      2364      2372      2371      2363
 -1       199    1    0    1
 -2      2369      2377      2378      2370      2372      2380      2379      2371
 -1       200    1    0    1
 -2      2377      2385      2386      2378      2380      2388      2387      2379
 -1       201    1    0    1
 -2      2385      2393      2394      2386      2388      2396      2395      2387
 -1       202    1    0    1
 -2      2393      2401      2402      2394      2396      2404      2403      2395
 -1       203    1    0    1
 -2      2401      2409      2410      2402      2404      2412      2411      2403
 -1       204    1    0    1
 -2      2409      1301      1302      2410      2412      1304      1303      2411
 -1       205    1    0    1
 -2      1101      2417      2418      1102      1104      2420      2419      1103
 -1       206    1    0    1
 -2      2417      2425      2426      2418      2420      2428      2427      2419
 -1       207    1    0    1
 -2      2425      2433      2434      2426      2428      2436      2435      2427
 -1       208    1    0    1
 -2      2433      2441      2442      2434      2436      2444      2443      2435
 -1       209    1    0    1
 -2      2441      2449      2450      2442      2444      2452      2451      2443
 -1       210    1    0    1
 -2      2449      2457      2458      2450      2452      2460      2459      2451
 -1       211    1    0    1
 -2      2457      2465      2466      2458      2460      2468      2467      2459
 -1       212    1    0    1
 -2      2465      1201      1202      2466      2468      1204      1203      2467
 -1       213    1    0    1
 -2      1051      2473      2474      1052      1054      2476      2475      1053
 -1       214    1    0    1
 -2      2473      2481      2482      2474      2476      2484      2483      2475
 -1       215    1    0    1
 -2      2481      2489      2490      2482      2484      2492      2491      2483
 -1       216    1    0    1
 -2      2489      2497      2498      2490      2492      2500      2499      2491
 -1       217    1    0    1
 -2      2497      2505      2506      2498      2500      2508      2507      2499
 -1       218    1    0    1
 -2      2505      2513      2514      2506      2508      2516      2515      2507
 -1       219    1    0    1
 -2      2513      2521      2522      2514      2516      2524      2523      2515
 -1       220    1    0    1
 -2      2521      1351      1352      2522      2524      1354      1353      2523
 -1       221    1    0    1
 -2      1151      2529      2530      1152      1154      2532      2531      1153
 -1       222    1    0    1
 -2      2529      2537      2538      2530      2532      2540      2539      2531
 -1       223    1    0    1
 -2      2537      2545      2546      2538      2540      2548      2547      2539
 -1       224    1    0    1
 -2      2545      2553      2554      2546      2548      2556      2555      2547
 -1       225    1    0    1
 -2      2553      2561      2562      2554      2556      2564      2563      2555
 -1       226    1    0    1
 -2      2561      2569      2570      2562      2564      2572      2571      2563
 -1       227    1    0    1
 -2      2569      2577      2578      2570      2572      2580      2579      2571
 -1       228    1    0    1
 -2      2577      1251      1252      2578      2580      1254      1253      2579
 -1       229    1    0    1
 -2      1001      2585      2586      1002      1004      2588      2587      1003
 -1       230    1    0    1
 -2      2585      2593      2594      2586      2588      2596      2595      2587
 -1       231    1    0    1
 -2      2593      2601      2602      2594      2596      2604      2603      2595
 -1       232    1    0    1
 -2      2601      2609      2610      2602      2604      2612      2611      2603
 -1       233    1    0    1
 -2      2609      2617      2618      2610      2612      2620      2619      2611
 -1       234    1    0    1
 -2      2617      2625      2626      2618      2620      2628      2627      2619
 -1       235    1    0    1
 -2      2625      2633      2634      2626      2628      2636      2635      2627
 -1       236    1    0    1
 -2      2633      1251      1252      2634      2636      1254      1253      2635
 -1       237    1    0    1
 -2      1051      2641      2642      1052      1054      2644      2643      1053
 -1       238    1    0    1
 -2      2641      2649      2650      2642      2644      2652      2651      2643
 -1       239    1    0    1
 -2      2649      2657      2658      2650      2652      2660      2659      2651
 -1       240    1    0    1
 -2      2657      2665      2666      2658      2660      2668      2667      2659
 -1       241    1    0    1
 -2      2665      2673      2674      2666      2668      2676      2675      2667
 -1       242    1    0    1
 -2      2673      2681      2682      2674      2676      2684      2683      2675
 -1       243    1    0    1
 -2      2681      2689      2690      2682      2684      2692      2691      2683
 -1       244    1    0    1
 -2      2689      1201      1202      2690      2692      1204      1203      2691
 -1       245    1    0    1
 -2      1101      2697      2698      1102      1104      2700      2699      1103
 -1       246    1    0    1
 -2      2697      2705      2706      2698      2700      2708      2707      2699
 -1       247    1    0    1
 -2      2705      2713      2714      2706      2708      2716      2715      2707
 -1       248    1    0    1
 -2      2713      2721      2722      2714      2716      2724      2723      2715
 -1       249    1    0    1
 -2      2721      2729      2730      2722      2724      2732      2731      2723
 -1       250    1    0    1
 -2      2729      2737      2738      2730      2732      2740      2739      2731
 -1       251    1    0    1
 -2      2737      2745      2746      2738      2740      2748      2747      2739
 -1       252    1    0    1
 -2      2745      1351      1352      2746      2748      1354      1353      2747
 -1       253    1    0    1
 -2      1151      2753      2754      1152      1154      2756      2755      1153
 -1       254    1    0    1
 -2      2753      2761      2762      2754      2756      2764      2763      2755
 -1       255    1    0    1
 -2      2761      2769      2770      2762      2764      2772      2771      2763
 -1       256    1    0    1
 -2      2769      2777      2778      2770      2772      2780      2779      2771
 -1       257    1    0    1
 -2      2777      2785      2786      2778      2780      2788      2787      2779
 -1       258    1    0    1
 -2      2785      2793      2794      2786      2788      2796      2795      2787
 -1       259    1    0    1
 -2      2793      2801      2802      2794      2796      2804      2803      2795
 -1       260    1    0    1
 -2      2801      1301      1302      2802      2804      1304      1303      2803
 -3
    1PSTEP                         1           1           1          
  100CL  101 1.000000000           0                     0    1           1
 -4  DISP        4    1
 -5  D1          1    2    1    0
 -5  D2          1    2    2    0
 -5  D3          1    2    3    0
 -5  ALL         1    2    0    0    1ALL
 -3
 9999
