SUMMARY OF C0NVERGENCE INFORMATION
  STEP   INC  ATT   ITER     CONT.   RESID.        CORR.      RESID.      CORR.
                              EL.    FORCE         DISP       FLUX        TEMP.
                              (#)     (%)           (%)        (%)         (%)
     1     1     1     1        0  0.1940E+03  0.1000E+03  0.0000E+00  0.0000E+00
     1     1     1     2        0  0.5159E-04  0.2432E-01  0.0000E+00  0.0000E+00
     1     2     1     1        0  0.1376E-03  0.4864E-01  0.0000E+00  0.0000E+00
     1     2     1     2        0  0.0000E+00  0.3257E-05  0.0000E+00  0.0000E+00
     1     3     1     1        0  0.3349E-03  0.6080E-01  0.0000E+00  0.0000E+00
     1     3     1     2        0  0.0000E+00  0.7754E-05  0.0000E+00  0.0000E+00
     1     4     1     1        0  0.8428E-03  0.8511E-01  0.0000E+00  0.0000E+00
     1     4     1     2        0  0.0000E+00  0.2067E-04  0.0000E+00  0.0000E+00
     1     5     1     1        0  0.8468E-03  0.9726E-01  0.0000E+00  0.0000E+00
     1     5     1     2        0  0.0000E+00  0.2774E-04  0.0000E+00  0.0000E+00
     1     6     1     1        0  0.6832E-03  0.9725E-01  0.0000E+00  0.0000E+00
     1     6     1     2        0  0.0000E+00  0.2861E-04  0.0000E+00  0.0000E+00
     1     7     1     1        0  0.5707E-03  0.9724E-01  0.0000E+00  0.0000E+00
     1     7     1     2        0  0.0000E+00  0.2948E-04  0.0000E+00  0.0000E+00
     1     8     1     1        0  0.4891E-03  0.9722E-01  0.0000E+00  0.0000E+00
     1     8     1     2        0  0.0000E+00  0.3034E-04  0.0000E+00  0.0000E+00
     1     9     1     1        0  0.4275E-03  0.9721E-01  0.0000E+00  0.0000E+00
     1     9     1     2        0  0.0000E+00  0.3120E-04  0.0000E+00  0.0000E+00
     1    10     1     1        0  0.2147E+02  0.1886E+01  0.0000E+00  0.0000E+00
     1    10     1     2        0  0.8120E-02  0.8272E-01  0.0000E+00  0.0000E+00
     1    11     1     1        0  0.5275E+02  0.9567E+01  0.0000E+00  0.0000E+00
     1    11     1     2        0  0.3844E+01  0.4737E+00  0.0000E+00  0.0000E+00
     1    11     1     3        0  0.1304E-02  0.1595E-01  0.0000E+00  0.0000E+00
     1    12     1     1        0  0.1111E+01  0.1088E+02  0.0000E+00  0.0000E+00
     1    12     1     2        0  0.1687E-03  0.1159E-01  0.0000E+00  0.0000E+00
