SUMMARY OF C0NVERGENCE INFORMATION
  STEP   INC  ATT   ITER     CONT.   RESID.        CORR.      RESID.      CORR.
                              EL.    FORCE         DISP       FLUX        TEMP.
                              (#)     (%)           (%)        (%)         (%)
     1     1     1     1        0  0.3967E+02  0.1000E+03  0.0000E+00  0.0000E+00
     1     1     1     2        0  0.0000E+00  0.4698E-02  0.0000E+00  0.0000E+00
     1     2     1     1        0  0.1140E+02  0.2903E+02  0.0000E+00  0.0000E+00
     1     2     1     2        0  0.0000E+00  0.1089E-02  0.0000E+00  0.0000E+00
     1     3     1     1        0  0.5068E+02  0.4450E+02  0.0000E+00  0.0000E+00
     1     3     1     2        0  0.7844E-05  0.4117E-02  0.0000E+00  0.0000E+00
     1     4     1     1        0  0.4387E+02  0.2460E+02  0.0000E+00  0.0000E+00
     1     4     1     2        0  0.1204E-04  0.2411E-02  0.0000E+00  0.0000E+00
     1     5     1     1        0  0.8065E+02  0.1925E+02  0.0000E+00  0.0000E+00
     1     5     1     2        0  0.8579E-04  0.4409E-02  0.0000E+00  0.0000E+00
     1     6     1     1        0  0.1128E+03  0.7505E+01  0.0000E+00  0.0000E+00
     1     6     1     2        0  0.2991E-03  0.3138E-02  0.0000E+00  0.0000E+00
     1     7     1     1        0  0.2071E+03  0.6726E+01  0.0000E+00  0.0000E+00
     1     7     1     2        0  0.7031E-03  0.1032E-01  0.0000E+00  0.0000E+00
     1     8     1     1        0  0.1031E+03  0.8849E+01  0.0000E+00  0.0000E+00
     1     8     1     2        0  0.5392E-02  0.4245E-01  0.0000E+00  0.0000E+00
     1     9     1     1        0  0.6905E+02  0.1747E+02  0.0000E+00  0.0000E+00
     1     9     1     2        0  0.2780E-03  0.1564E-01  0.0000E+00  0.0000E+00
     1    10     1     1        0  0.4470E+02  0.3921E+02  0.0000E+00  0.0000E+00
     1    10     1     2        0  0.4372E-03  0.2751E-01  0.0000E+00  0.0000E+00
     1    11     1     1        0  0.1343E+02  0.9284E+02  0.0000E+00  0.0000E+00
     1    11     1     2        0  0.9643E-05  0.2431E-01  0.0000E+00  0.0000E+00
     1    12     1     1        0  0.6637E+02  0.2613E+02  0.0000E+00  0.0000E+00
     1    12     1     2        0  0.5790E-03  0.3099E-01  0.0000E+00  0.0000E+00
     1    13     1     1        0  0.2384E+02  0.8612E+01  0.0000E+00  0.0000E+00
     1    13     1     2        0  0.1475E-02  0.4160E-01  0.0000E+00  0.0000E+00
     1    14     1     1        0  0.1425E+02  0.1890E+01  0.0000E+00  0.0000E+00
     1    14     1     2        0  0.1449E-02  0.2582E-01  0.0000E+00  0.0000E+00
     1    15     1     1        0  0.1211E+02  0.4246E+01  0.0000E+00  0.0000E+00
     1    15     1     2        0  0.9943E-04  0.7709E-02  0.0000E+00  0.0000E+00
     1    16     1     1        0  0.1196E+02  0.7210E+01  0.0000E+00  0.0000E+00
     1    16     1     2        0  0.5781E-04  0.7669E-02  0.0000E+00  0.0000E+00
     1    17     1     1        0  0.5338E+02  0.1780E+02  0.0000E+00  0.0000E+00
     1    17     1     2        0  0.3819E-03  0.1837E-01  0.0000E+00  0.0000E+00
     1    18     1     1        0  0.6743E+02  0.4588E+02  0.0000E+00  0.0000E+00
     1    18     1     2        0  0.3924E-03  0.4673E-01  0.0000E+00  0.0000E+00
     1    19     1     1        0  0.1227E+02  0.5283E+02  0.0000E+00  0.0000E+00
     1    19     1     2        0  0.1986E-03  0.6310E-01  0.0000E+00  0.0000E+00
     1    20     1     1        0  0.1048E+02  0.1259E+02  0.0000E+00  0.0000E+00
     1    20     1     2        0  0.7167E-04  0.1422E-01  0.0000E+00  0.0000E+00
     1    21     1     1        0  0.1335E+02  0.5591E+01  0.0000E+00  0.0000E+00
     1    21     1     2        0  0.8873E-03  0.2897E-01  0.0000E+00  0.0000E+00
     1    22     1     1        0  0.1715E+01  0.1271E+01  0.0000E+00  0.0000E+00
     1    22     1     2        0  0.5721E-04  0.2010E-02  0.0000E+00  0.0000E+00
     1    23     1     1        0  0.3946E+02  0.7776E+01  0.0000E+00  0.0000E+00
     1    23     1     2        0  0.3328E-02  0.3927E-01  0.0000E+00  0.0000E+00
     1    24     1     1        0  0.1618E+02  0.1193E+02  0.0000E+00  0.0000E+00
     1    24     1     2        0  0.5032E-04  0.4986E-02  0.0000E+00  0.0000E+00
     1    25     1     1        0  0.1475E+02  0.2266E+02  0.0000E+00  0.0000E+00
     1    25     1     2        0  0.2672E-03  0.2142E-01  0.0000E+00  0.0000E+00
     1    26     1     1        0  0.4515E+02  0.1000E+03  0.0000E+00  0.0000E+00
     1    26     1     2        0  0.9317E-03  0.1615E+00  0.0000E+00  0.0000E+00
     1    27     1     1        0  0.2931E+02  0.2974E+02  0.0000E+00  0.0000E+00
     1    27     1     2        0  0.1493E-02  0.8251E-01  0.0000E+00  0.0000E+00
     1    28     1     1        0  0.1400E+01  0.6261E+01  0.0000E+00  0.0000E+00
     1    28     1     2        0  0.8885E-05  0.4886E-02  0.0000E+00  0.0000E+00
