    1C
    1UNormalized cross-passage space-truss torsion benchmark            
    1UUSER                                                              
    1UDATE              06.august.2026                                  
    1UTIME              08:14:18                                        
    1UHOST                                                              
    1UPGM               CalculiX                                        
    1UVERSION           Version 2.21                             
    1UCOMPILETIME       Sat Jul 29 10:52:01 CEST 2023                    
    1UDIR                                                               
    1UDBN                                                               
    1UMAT    1STEEL                                                     
    2C                           912                                     1
 -1       181-1.19392E+00 1.10406E-03-3.55217E-02
 -1       182-1.23033E+00 3.58513E-03-1.91580E-02
 -1       183-1.20608E+00-1.10406E-03 3.55217E-02
 -1       184-1.16967E+00-3.58513E-03 1.91580E-02
 -1       189-1.20102E+00-3.40950E-02-1.16828E-02
 -1       190-1.20007E+00-2.33416E-03-3.59798E-02
 -1       191-1.19898E+00 3.40950E-02 1.16828E-02
 -1       192-1.19993E+00 2.33416E-03 3.59798E-02
 -1       197-1.23354E+00-1.32202E-02 3.96605E-04
 -1       198-1.20069E+00-3.60327E-02 1.08098E-03
 -1       199-1.16646E+00 1.32202E-02-3.96605E-04
 -1       200-1.19931E+00 3.60327E-02-1.08098E-03
 -1       231 1.20178E+00 2.55221E-03-3.59208E-02
 -1       232 1.16758E+00-1.84045E-03-1.56598E-02
 -1       233 1.19822E+00-2.55221E-03 3.59208E-02
 -1       234 1.23242E+00 1.84045E-03 1.56598E-02
 -1       239 1.20102E+00-3.38645E-02-1.23355E-02
 -1       240 1.20005E+00-1.64335E-03-3.60180E-02
 -1       241 1.19898E+00 3.38645E-02 1.23355E-02
 -1       242 1.19995E+00 1.64335E-03 3.60180E-02
 -1       247 1.16697E+00-1.44498E-02-4.33494E-04
 -1       248 1.20064E+00-3.60336E-02-1.08101E-03
 -1       249 1.23303E+00 1.44498E-02 4.33494E-04
 -1       250 1.19936E+00 3.60336E-02 1.08101E-03
 -1       281-1.19302E+00-2.96955E-03 1.96475E+00
 -1       282-1.22984E+00 1.30746E-03 1.97980E+00
 -1       283-1.20698E+00 2.96955E-03 2.03525E+00
 -1       284-1.17016E+00-1.30746E-03 2.02020E+00
 -1       289-1.19898E+00-3.38645E-02 1.98766E+00
 -1       290-1.19995E+00-1.64335E-03 1.96398E+00
 -1       291-1.20102E+00 3.38645E-02 2.01234E+00
 -1       292-1.20005E+00 1.64335E-03 2.03602E+00
 -1       297-1.23303E+00-1.44498E-02 1.99957E+00
 -1       298-1.19936E+00-3.60336E-02 1.99892E+00
 -1       299-1.16697E+00 1.44498E-02 2.00043E+00
 -1       300-1.20064E+00 3.60336E-02 2.00108E+00
 -1       331 1.20330E+00-1.36844E-03 1.96412E+00
 -1       332 1.16826E+00-3.59743E-03 1.98329E+00
 -1       333 1.19670E+00 1.36844E-03 2.03588E+00
 -1       334 1.23174E+00 3.59743E-03 2.01671E+00
 -1       339 1.19898E+00-3.40950E-02 1.98832E+00
 -1       340 1.19993E+00-2.33416E-03 1.96402E+00
 -1       341 1.20102E+00 3.40950E-02 2.01168E+00
 -1       342 1.20007E+00 2.33416E-03 2.03598E+00
 -1       347 1.16646E+00-1.32202E-02 2.00040E+00
 -1       348 1.19931E+00-3.60327E-02 2.00108E+00
 -1       349 1.23354E+00 1.32202E-02 1.99960E+00
 -1       350 1.20069E+00 3.60327E-02 1.99892E+00
 -1       381-1.19506E+00 9.99939E+00-3.57098E-02
 -1       382-1.23106E+00 1.00001E+01-1.83041E-02
 -1       383-1.20494E+00 1.00006E+01 3.57098E-02
 -1       384-1.16894E+00 9.99989E+00 1.83041E-02
 -1       389-1.20102E+00 9.96591E+00-1.16828E-02
 -1       390-1.20007E+00 9.99767E+00-3.59798E-02
 -1       391-1.19898E+00 1.00341E+01 1.16828E-02
 -1       392-1.19993E+00 1.00023E+01 3.59798E-02
 -1       397-1.23354E+00 9.98678E+00 3.96605E-04
 -1       398-1.20069E+00 9.96397E+00 1.08098E-03
 -1       399-1.16646E+00 1.00132E+01-3.96605E-04
 -1       400-1.19931E+00 1.00360E+01-1.08098E-03
 -1       431 1.20436E+00 9.99970E+00-3.57894E-02
 -1       432 1.16864E+00 9.99943E+00-1.77879E-02
 -1       433 1.19564E+00 1.00003E+01 3.57894E-02
 -1       434 1.23136E+00 1.00006E+01 1.77879E-02
 -1       439 1.20102E+00 9.96614E+00-1.23355E-02
 -1       440 1.20005E+00 9.99836E+00-3.60180E-02
 -1       441 1.19898E+00 1.00339E+01 1.23355E-02
 -1       442 1.19995E+00 1.00016E+01 3.60180E-02
 -1       447 1.16697E+00 9.98555E+00-4.33494E-04
 -1       448 1.20064E+00 9.96397E+00-1.08101E-03
 -1       449 1.23303E+00 1.00145E+01 4.33494E-04
 -1       450 1.19936E+00 1.00360E+01 1.08101E-03
 -1       481-1.19534E+00 1.00003E+01 1.96425E+00
 -1       482-1.23121E+00 1.00006E+01 1.98195E+00
 -1       483-1.20466E+00 9.99970E+00 2.03575E+00
 -1       484-1.16879E+00 9.99943E+00 2.01805E+00
 -1       489-1.19898E+00 9.96614E+00 1.98766E+00
 -1       490-1.19995E+00 9.99836E+00 1.96398E+00
 -1       491-1.20102E+00 1.00339E+01 2.01234E+00
 -1       492-1.20005E+00 1.00016E+01 2.03602E+00
 -1       497-1.23303E+00 9.98555E+00 1.99957E+00
 -1       498-1.19936E+00 9.96397E+00 1.99892E+00
 -1       499-1.16697E+00 1.00145E+01 2.00043E+00
 -1       500-1.20064E+00 1.00360E+01 2.00108E+00
 -1       531 1.20406E+00 1.00006E+01 1.96418E+00
 -1       532 1.16849E+00 9.99988E+00 1.98247E+00
 -1       533 1.19594E+00 9.99940E+00 2.03582E+00
 -1       534 1.23151E+00 1.00001E+01 2.01753E+00
 -1       539 1.19898E+00 9.96591E+00 1.98832E+00
 -1       540 1.19993E+00 9.99767E+00 1.96402E+00
 -1       541 1.20102E+00 1.00341E+01 2.01168E+00
 -1       542 1.20007E+00 1.00023E+01 2.03598E+00
 -1       547 1.16646E+00 9.98678E+00 2.00040E+00
 -1       548 1.19931E+00 9.96397E+00 2.00108E+00
 -1       549 1.23354E+00 1.00132E+01 1.99960E+00
 -1       550 1.20069E+00 1.00360E+01 1.99892E+00
 -1       581-1.19514E+00 1.99996E+01-3.57237E-02
 -1       582-1.23110E+00 2.00002E+01-1.82328E-02
 -1       583-1.20486E+00 2.00004E+01 3.57237E-02
 -1       584-1.16890E+00 1.99998E+01 1.82328E-02
 -1       589-1.20102E+00 1.99659E+01-1.16828E-02
 -1       590-1.20007E+00 1.99977E+01-3.59798E-02
 -1       591-1.19898E+00 2.00341E+01 1.16828E-02
 -1       592-1.19993E+00 2.00023E+01 3.59798E-02
 -1       597-1.23354E+00 1.99868E+01 3.96605E-04
 -1       598-1.20069E+00 1.99640E+01 1.08098E-03
 -1       599-1.16646E+00 2.00132E+01-3.96605E-04
 -1       600-1.19931E+00 2.00360E+01-1.08098E-03
 -1       631 1.20439E+00 1.99995E+01-3.57835E-02
 -1       632 1.16866E+00 1.99993E+01-1.78116E-02
 -1       633 1.19561E+00 2.00005E+01 3.57835E-02
 -1       634 1.23134E+00 2.00007E+01 1.78116E-02
 -1       639 1.20102E+00 1.99661E+01-1.23355E-02
 -1       640 1.20005E+00 1.99984E+01-3.60180E-02
 -1       641 1.19898E+00 2.00339E+01 1.23355E-02
 -1       642 1.19995E+00 2.00016E+01 3.60180E-02
 -1       647 1.16697E+00 1.99855E+01-4.33494E-04
 -1       648 1.20064E+00 1.99640E+01-1.08101E-03
 -1       649 1.23303E+00 2.00145E+01 4.33494E-04
 -1       650 1.19936E+00 2.00360E+01 1.08101E-03
 -1       681-1.19542E+00 2.00005E+01 1.96424E+00
 -1       682-1.23125E+00 2.00007E+01 1.98203E+00
 -1       683-1.20458E+00 1.99995E+01 2.03576E+00
 -1       684-1.16875E+00 1.99993E+01 2.01797E+00
 -1       689-1.19898E+00 1.99661E+01 1.98766E+00
 -1       690-1.19995E+00 1.99984E+01 1.96398E+00
 -1       691-1.20102E+00 2.00339E+01 2.01234E+00
 -1       692-1.20005E+00 2.00016E+01 2.03602E+00
 -1       697-1.23303E+00 1.99855E+01 1.99957E+00
 -1       698-1.19936E+00 1.99640E+01 1.99892E+00
 -1       699-1.16697E+00 2.00145E+01 2.00043E+00
 -1       700-1.20064E+00 2.00360E+01 2.00108E+00
 -1       731 1.20409E+00 2.00004E+01 1.96418E+00
 -1       732 1.16851E+00 1.99998E+01 1.98244E+00
 -1       733 1.19591E+00 1.99996E+01 2.03582E+00
 -1       734 1.23149E+00 2.00002E+01 2.01756E+00
 -1       739 1.19898E+00 1.99659E+01 1.98832E+00
 -1       740 1.19993E+00 1.99977E+01 1.96402E+00
 -1       741 1.20102E+00 2.00341E+01 2.01168E+00
 -1       742 1.20007E+00 2.00023E+01 2.03598E+00
 -1       747 1.16646E+00 1.99868E+01 2.00040E+00
 -1       748 1.19931E+00 1.99640E+01 2.00108E+00
 -1       749 1.23354E+00 2.00132E+01 1.99960E+00
 -1       750 1.20069E+00 2.00360E+01 1.99892E+00
 -1       781-1.19518E+00 2.99996E+01-3.57295E-02
 -1       782-1.23113E+00 3.00001E+01-1.81950E-02
 -1       783-1.20482E+00 3.00004E+01 3.57295E-02
 -1       784-1.16887E+00 2.99999E+01 1.81950E-02
 -1       789-1.20102E+00 2.99659E+01-1.16828E-02
 -1       790-1.20007E+00 2.99977E+01-3.59798E-02
 -1       791-1.19898E+00 3.00341E+01 1.16828E-02
 -1       792-1.19993E+00 3.00023E+01 3.59798E-02
 -1       797-1.23354E+00 2.99868E+01 3.96605E-04
 -1       798-1.20069E+00 2.99640E+01 1.08098E-03
 -1       799-1.16646E+00 3.00132E+01-3.96605E-04
 -1       800-1.19931E+00 3.00360E+01-1.08098E-03
 -1       831 1.20440E+00 2.99997E+01-3.57842E-02
 -1       832 1.16866E+00 2.99995E+01-1.78246E-02
 -1       833 1.19560E+00 3.00003E+01 3.57842E-02
 -1       834 1.23134E+00 3.00005E+01 1.78246E-02
 -1       839 1.20102E+00 2.99661E+01-1.23355E-02
 -1       840 1.20005E+00 2.99984E+01-3.60180E-02
 -1       841 1.19898E+00 3.00339E+01 1.23355E-02
 -1       842 1.19995E+00 3.00016E+01 3.60180E-02
 -1       847 1.16697E+00 2.99855E+01-4.33494E-04
 -1       848 1.20064E+00 2.99640E+01-1.08101E-03
 -1       849 1.23303E+00 3.00145E+01 4.33494E-04
 -1       850 1.19936E+00 3.00360E+01 1.08101E-03
 -1       881-1.19541E+00 3.00003E+01 1.96424E+00
 -1       882-1.23124E+00 3.00005E+01 1.98201E+00
 -1       883-1.20459E+00 2.99997E+01 2.03576E+00
 -1       884-1.16876E+00 2.99995E+01 2.01799E+00
 -1       889-1.19898E+00 2.99661E+01 1.98766E+00
 -1       890-1.19995E+00 2.99984E+01 1.96398E+00
 -1       891-1.20102E+00 3.00339E+01 2.01234E+00
 -1       892-1.20005E+00 3.00016E+01 2.03602E+00
 -1       897-1.23303E+00 2.99855E+01 1.99957E+00
 -1       898-1.19936E+00 2.99640E+01 1.99892E+00
 -1       899-1.16697E+00 3.00145E+01 2.00043E+00
 -1       900-1.20064E+00 3.00360E+01 2.00108E+00
 -1       931 1.20417E+00 3.00004E+01 1.96419E+00
 -1       932 1.16855E+00 2.99999E+01 1.98238E+00
 -1       933 1.19583E+00 2.99996E+01 2.03581E+00
 -1       934 1.23145E+00 3.00001E+01 2.01762E+00
 -1       939 1.19898E+00 2.99659E+01 1.98832E+00
 -1       940 1.19993E+00 2.99977E+01 1.96402E+00
 -1       941 1.20102E+00 3.00341E+01 2.01168E+00
 -1       942 1.20007E+00 3.00023E+01 2.03598E+00
 -1       947 1.16646E+00 2.99868E+01 2.00040E+00
 -1       948 1.19931E+00 2.99640E+01 2.00108E+00
 -1       949 1.23354E+00 3.00132E+01 1.99960E+00
 -1       950 1.20069E+00 3.00360E+01 1.99892E+00
 -1       981-1.19518E+00 3.99996E+01-3.57295E-02
 -1       982-1.23113E+00 4.00001E+01-1.81950E-02
 -1       983-1.20482E+00 4.00004E+01 3.57295E-02
 -1       984-1.16887E+00 3.99999E+01 1.81950E-02
 -1       989-1.20102E+00 3.99659E+01-1.16828E-02
 -1       990-1.20007E+00 3.99977E+01-3.59798E-02
 -1       991-1.19898E+00 4.00341E+01 1.16828E-02
 -1       992-1.19993E+00 4.00023E+01 3.59798E-02
 -1       997-1.23354E+00 3.99868E+01 3.96605E-04
 -1       998-1.20069E+00 3.99640E+01 1.08098E-03
 -1       999-1.16646E+00 4.00132E+01-3.96605E-04
 -1      1000-1.19931E+00 4.00360E+01-1.08098E-03
 -1      1031 1.20440E+00 3.99997E+01-3.57842E-02
 -1      1032 1.16866E+00 3.99995E+01-1.78246E-02
 -1      1033 1.19560E+00 4.00003E+01 3.57842E-02
 -1      1034 1.23134E+00 4.00005E+01 1.78246E-02
 -1      1039 1.20102E+00 3.99661E+01-1.23355E-02
 -1      1040 1.20005E+00 3.99984E+01-3.60180E-02
 -1      1041 1.19898E+00 4.00339E+01 1.23355E-02
 -1      1042 1.19995E+00 4.00016E+01 3.60180E-02
 -1      1047 1.16697E+00 3.99855E+01-4.33494E-04
 -1      1048 1.20064E+00 3.99640E+01-1.08101E-03
 -1      1049 1.23303E+00 4.00145E+01 4.33494E-04
 -1      1050 1.19936E+00 4.00360E+01 1.08101E-03
 -1      1081-1.19541E+00 4.00003E+01 1.96424E+00
 -1      1082-1.23124E+00 4.00005E+01 1.98201E+00
 -1      1083-1.20459E+00 3.99997E+01 2.03576E+00
 -1      1084-1.16876E+00 3.99995E+01 2.01799E+00
 -1      1089-1.19898E+00 3.99661E+01 1.98766E+00
 -1      1090-1.19995E+00 3.99984E+01 1.96398E+00
 -1      1091-1.20102E+00 4.00339E+01 2.01234E+00
 -1      1092-1.20005E+00 4.00016E+01 2.03602E+00
 -1      1097-1.23303E+00 3.99855E+01 1.99957E+00
 -1      1098-1.19936E+00 3.99640E+01 1.99892E+00
 -1      1099-1.16697E+00 4.00145E+01 2.00043E+00
 -1      1100-1.20064E+00 4.00360E+01 2.00108E+00
 -1      1131 1.20417E+00 4.00004E+01 1.96419E+00
 -1      1132 1.16855E+00 3.99999E+01 1.98238E+00
 -1      1133 1.19583E+00 3.99996E+01 2.03581E+00
 -1      1134 1.23145E+00 4.00001E+01 2.01762E+00
 -1      1139 1.19898E+00 3.99659E+01 1.98832E+00
 -1      1140 1.19993E+00 3.99977E+01 1.96402E+00
 -1      1141 1.20102E+00 4.00341E+01 2.01168E+00
 -1      1142 1.20007E+00 4.00023E+01 2.03598E+00
 -1      1147 1.16646E+00 3.99868E+01 2.00040E+00
 -1      1148 1.19931E+00 3.99640E+01 2.00108E+00
 -1      1149 1.23354E+00 4.00132E+01 1.99960E+00
 -1      1150 1.20069E+00 4.00360E+01 1.99892E+00
 -1      1181-1.19617E+00 4.99979E+01-3.57896E-02
 -1      1182-1.23154E+00 4.99967E+01-1.71518E-02
 -1      1183-1.20383E+00 5.00021E+01 3.57896E-02
 -1      1184-1.16846E+00 5.00033E+01 1.71518E-02
 -1      1189-1.20102E+00 4.99659E+01-1.16828E-02
 -1      1190-1.20007E+00 4.99977E+01-3.59798E-02
 -1      1191-1.19898E+00 5.00341E+01 1.16828E-02
 -1      1192-1.19993E+00 5.00023E+01 3.59798E-02
 -1      1197-1.23354E+00 4.99868E+01 3.96605E-04
 -1      1198-1.20069E+00 4.99640E+01 1.08098E-03
 -1      1199-1.16646E+00 5.00132E+01-3.96605E-04
 -1      1200-1.19931E+00 5.00360E+01-1.08098E-03
 -1      1231 1.20664E+00 4.99965E+01-3.52641E-02
 -1      1232 1.16992E+00 5.00004E+01-1.98802E-02
 -1      1233 1.19336E+00 5.00035E+01 3.52641E-02
 -1      1234 1.23008E+00 4.99996E+01 1.98802E-02
 -1      1239 1.20102E+00 4.99661E+01-1.23355E-02
 -1      1240 1.20005E+00 4.99984E+01-3.60180E-02
 -1      1241 1.19898E+00 5.00339E+01 1.23355E-02
 -1      1242 1.19995E+00 5.00016E+01 3.60180E-02
 -1      1247 1.16697E+00 4.99855E+01-4.33494E-04
 -1      1248 1.20064E+00 4.99640E+01-1.08101E-03
 -1      1249 1.23303E+00 5.00145E+01 4.33494E-04
 -1      1250 1.19936E+00 5.00360E+01 1.08101E-03
 -1      1281-1.19818E+00 5.00032E+01 1.96414E+00
 -1      1282-1.23246E+00 4.99991E+01 1.98433E+00
 -1      1283-1.20182E+00 4.99968E+01 2.03586E+00
 -1      1284-1.16754E+00 5.00009E+01 2.01567E+00
 -1      1289-1.19898E+00 4.99661E+01 1.98766E+00
 -1      1290-1.19995E+00 4.99984E+01 1.96398E+00
 -1      1291-1.20102E+00 5.00339E+01 2.01234E+00
 -1      1292-1.20005E+00 5.00016E+01 2.03602E+00
 -1      1297-1.23303E+00 4.99855E+01 1.99957E+00
 -1      1298-1.19936E+00 4.99640E+01 1.99892E+00
 -1      1299-1.16697E+00 5.00145E+01 2.00043E+00
 -1      1300-1.20064E+00 5.00360E+01 2.00108E+00
 -1      1331 1.20529E+00 5.00020E+01 1.96439E+00
 -1      1332 1.16919E+00 5.00033E+01 1.98157E+00
 -1      1333 1.19471E+00 4.99980E+01 2.03561E+00
 -1      1334 1.23081E+00 4.99967E+01 2.01843E+00
 -1      1339 1.19898E+00 4.99659E+01 1.98832E+00
 -1      1340 1.19993E+00 4.99977E+01 1.96402E+00
 -1      1341 1.20102E+00 5.00341E+01 2.01168E+00
 -1      1342 1.20007E+00 5.00023E+01 2.03598E+00
 -1      1347 1.16646E+00 4.99868E+01 2.00040E+00
 -1      1348 1.19931E+00 4.99640E+01 2.00108E+00
 -1      1349 1.23354E+00 5.00132E+01 1.99960E+00
 -1      1350 1.20069E+00 5.00360E+01 1.99892E+00
 -1      1381-1.19553E+00 5.00000E+00-1.85778E-01
 -1      1382-1.23131E+00 5.00000E+00-1.67883E-01
 -1      1383-1.20447E+00 5.00000E+00-1.14222E-01
 -1      1384-1.16869E+00 5.00000E+00-1.32117E-01
 -1      1389 1.20447E+00 5.00000E+00 1.14222E-01
 -1      1390 1.16869E+00 5.00000E+00 1.32117E-01
 -1      1391 1.19553E+00 5.00000E+00 1.85778E-01
 -1      1392 1.23131E+00 5.00000E+00 1.67883E-01
 -1      1397-1.19553E+00 5.00000E+00 1.81422E+00
 -1      1398-1.23131E+00 5.00000E+00 1.83212E+00
 -1      1399-1.20447E+00 5.00000E+00 1.88578E+00
 -1      1400-1.16869E+00 5.00000E+00 1.86788E+00
 -1      1405 1.20447E+00 5.00000E+00 2.11422E+00
 -1      1406 1.16869E+00 5.00000E+00 2.13212E+00
 -1      1407 1.19553E+00 5.00000E+00 2.18578E+00
 -1      1408 1.23131E+00 5.00000E+00 2.16788E+00
 -1      1413-1.19510E+00 1.12485E+01-9.30910E-02
 -1      1414-1.23109E+00 1.12492E+01-7.56508E-02
 -1      1415-1.20490E+00 1.12515E+01-2.17140E-02
 -1      1416-1.16891E+00 1.12508E+01-3.91543E-02
 -1      1421-1.19519E+00 1.24988E+01-1.41781E-01
 -1      1422-1.23114E+00 1.24994E+01-1.24237E-01
 -1      1423-1.20481E+00 1.25012E+01-7.03511E-02
 -1      1424-1.16886E+00 1.25006E+01-8.78954E-02
 -1      1429-1.19534E+00 1.37494E+01-1.74330E-01
 -1      1430-1.23121E+00 1.37497E+01-1.56628E-01
 -1      1431-1.20466E+00 1.37506E+01-1.02834E-01
 -1      1432-1.16879E+00 1.37503E+01-1.20535E-01
 -1      1437-1.19553E+00 1.50000E+01-1.85777E-01
 -1      1438-1.23131E+00 1.50000E+01-1.67888E-01
 -1      1439-1.20447E+00 1.50000E+01-1.14223E-01
 -1      1440-1.16869E+00 1.50000E+01-1.32112E-01
 -1      1445-1.19572E+00 1.62506E+01-1.74377E-01
 -1      1446-1.23140E+00 1.62503E+01-1.56298E-01
 -1      1447-1.20428E+00 1.62494E+01-1.02787E-01
 -1      1448-1.16860E+00 1.62497E+01-1.20866E-01
 -1      1453-1.19589E+00 1.75012E+01-1.41868E-01
 -1      1454-1.23149E+00 1.75006E+01-1.23626E-01
 -1      1455-1.20411E+00 1.74988E+01-7.02642E-02
 -1      1456-1.16851E+00 1.74994E+01-8.85056E-02
 -1      1461-1.19601E+00 1.87515E+01-9.32042E-02
 -1      1462-1.23154E+00 1.87507E+01-7.48534E-02
 -1      1463-1.20399E+00 1.87485E+01-2.16008E-02
 -1      1464-1.16846E+00 1.87493E+01-3.99517E-02
 -1      1469 1.20399E+00 1.12515E+01 2.16008E-02
 -1      1470 1.16846E+00 1.12507E+01 3.99517E-02
 -1      1471 1.19601E+00 1.12485E+01 9.32042E-02
 -1      1472 1.23154E+00 1.12493E+01 7.48534E-02
 -1      1477 1.20411E+00 1.25012E+01 7.02642E-02
 -1      1478 1.16851E+00 1.25006E+01 8.85056E-02
 -1      1479 1.19589E+00 1.24988E+01 1.41868E-01
 -1      1480 1.23149E+00 1.24994E+01 1.23626E-01
 -1      1485 1.20428E+00 1.37506E+01 1.02787E-01
 -1      1486 1.16860E+00 1.37503E+01 1.20866E-01
 -1      1487 1.19572E+00 1.37494E+01 1.74377E-01
 -1      1488 1.23140E+00 1.37497E+01 1.56298E-01
 -1      1493 1.20447E+00 1.50000E+01 1.14223E-01
 -1      1494 1.16869E+00 1.50000E+01 1.32112E-01
 -1      1495 1.19553E+00 1.50000E+01 1.85777E-01
 -1      1496 1.23131E+00 1.50000E+01 1.67888E-01
 -1      1501 1.20466E+00 1.62494E+01 1.02834E-01
 -1      1502 1.16879E+00 1.62497E+01 1.20535E-01
 -1      1503 1.19534E+00 1.62506E+01 1.74330E-01
 -1      1504 1.23121E+00 1.62503E+01 1.56628E-01
 -1      1509 1.20481E+00 1.74988E+01 7.03511E-02
 -1      1510 1.16886E+00 1.74994E+01 8.78954E-02
 -1      1511 1.19519E+00 1.75012E+01 1.41781E-01
 -1      1512 1.23114E+00 1.75006E+01 1.24237E-01
 -1      1517 1.20490E+00 1.87485E+01 2.17140E-02
 -1      1518 1.16891E+00 1.87492E+01 3.91543E-02
 -1      1519 1.19510E+00 1.87515E+01 9.30910E-02
 -1      1520 1.23109E+00 1.87508E+01 7.56508E-02
 -1      1525-1.19510E+00 1.12485E+01 1.90691E+00
 -1      1526-1.23109E+00 1.12492E+01 1.92435E+00
 -1      1527-1.20490E+00 1.12515E+01 1.97829E+00
 -1      1528-1.16891E+00 1.12508E+01 1.96085E+00
 -1      1533-1.19519E+00 1.24988E+01 1.85822E+00
 -1      1534-1.23114E+00 1.24994E+01 1.87576E+00
 -1      1535-1.20481E+00 1.25012E+01 1.92965E+00
 -1      1536-1.16886E+00 1.25006E+01 1.91210E+00
 -1      1541-1.19534E+00 1.37494E+01 1.82567E+00
 -1      1542-1.23121E+00 1.37497E+01 1.84337E+00
 -1      1543-1.20466E+00 1.37506E+01 1.89717E+00
 -1      1544-1.16879E+00 1.37503E+01 1.87946E+00
 -1      1549-1.19553E+00 1.50000E+01 1.81422E+00
 -1      1550-1.23131E+00 1.50000E+01 1.83211E+00
 -1      1551-1.20447E+00 1.50000E+01 1.88578E+00
 -1      1552-1.16869E+00 1.50000E+01 1.86789E+00
 -1      1557-1.19572E+00 1.62506E+01 1.82562E+00
 -1      1558-1.23140E+00 1.62503E+01 1.84370E+00
 -1      1559-1.20428E+00 1.62494E+01 1.89721E+00
 -1      1560-1.16860E+00 1.62497E+01 1.87913E+00
 -1      1565-1.19589E+00 1.75012E+01 1.85813E+00
 -1      1566-1.23149E+00 1.75006E+01 1.87637E+00
 -1      1567-1.20411E+00 1.74988E+01 1.92974E+00
 -1      1568-1.16851E+00 1.74994E+01 1.91149E+00
 -1      1573-1.19601E+00 1.87515E+01 1.90680E+00
 -1      1574-1.23154E+00 1.87507E+01 1.92515E+00
 -1      1575-1.20399E+00 1.87485E+01 1.97840E+00
 -1      1576-1.16846E+00 1.87493E+01 1.96005E+00
 -1      1581 1.20399E+00 1.12515E+01 2.02160E+00
 -1      1582 1.16846E+00 1.12507E+01 2.03995E+00
 -1      1583 1.19601E+00 1.12485E+01 2.09320E+00
 -1      1584 1.23154E+00 1.12493E+01 2.07485E+00
 -1      1589 1.20411E+00 1.25012E+01 2.07026E+00
 -1      1590 1.16851E+00 1.25006E+01 2.08851E+00
 -1      1591 1.19589E+00 1.24988E+01 2.14187E+00
 -1      1592 1.23149E+00 1.24994E+01 2.12363E+00
 -1      1597 1.20428E+00 1.37506E+01 2.10279E+00
 -1      1598 1.16860E+00 1.37503E+01 2.12087E+00
 -1      1599 1.19572E+00 1.37494E+01 2.17438E+00
 -1      1600 1.23140E+00 1.37497E+01 2.15630E+00
 -1      1605 1.20447E+00 1.50000E+01 2.11422E+00
 -1      1606 1.16869E+00 1.50000E+01 2.13211E+00
 -1      1607 1.19553E+00 1.50000E+01 2.18578E+00
 -1      1608 1.23131E+00 1.50000E+01 2.16789E+00
 -1      1613 1.20466E+00 1.62494E+01 2.10283E+00
 -1      1614 1.16879E+00 1.62497E+01 2.12054E+00
 -1      1615 1.19534E+00 1.62506E+01 2.17433E+00
 -1      1616 1.23121E+00 1.62503E+01 2.15663E+00
 -1      1621 1.20481E+00 1.74988E+01 2.07035E+00
 -1      1622 1.16886E+00 1.74994E+01 2.08790E+00
 -1      1623 1.19519E+00 1.75012E+01 2.14178E+00
 -1      1624 1.23114E+00 1.75006E+01 2.12424E+00
 -1      1629 1.20490E+00 1.87485E+01 2.02171E+00
 -1      1630 1.16891E+00 1.87492E+01 2.03915E+00
 -1      1631 1.19510E+00 1.87515E+01 2.09309E+00
 -1      1632 1.23109E+00 1.87508E+01 2.07565E+00
 -1      1637-1.19553E+00 2.50000E+01-1.85778E-01
 -1      1638-1.23131E+00 2.50000E+01-1.67883E-01
 -1      1639-1.20447E+00 2.50000E+01-1.14222E-01
 -1      1640-1.16869E+00 2.50000E+01-1.32117E-01
 -1      1645 1.20447E+00 2.50000E+01 1.14222E-01
 -1      1646 1.16869E+00 2.50000E+01 1.32117E-01
 -1      1647 1.19553E+00 2.50000E+01 1.85778E-01
 -1      1648 1.23131E+00 2.50000E+01 1.67883E-01
 -1      1653-1.19553E+00 2.50000E+01 1.81422E+00
 -1      1654-1.23131E+00 2.50000E+01 1.83212E+00
 -1      1655-1.20447E+00 2.50000E+01 1.88578E+00
 -1      1656-1.16869E+00 2.50000E+01 1.86788E+00
 -1      1661 1.20447E+00 2.50000E+01 2.11422E+00
 -1      1662 1.16869E+00 2.50000E+01 2.13212E+00
 -1      1663 1.19553E+00 2.50000E+01 2.18578E+00
 -1      1664 1.23131E+00 2.50000E+01 2.16788E+00
 -1      1669-1.19553E+00 3.50000E+01-1.85778E-01
 -1      1670-1.23131E+00 3.50000E+01-1.67883E-01
 -1      1671-1.20447E+00 3.50000E+01-1.14222E-01
 -1      1672-1.16869E+00 3.50000E+01-1.32117E-01
 -1      1677 1.20447E+00 3.50000E+01 1.14222E-01
 -1      1678 1.16869E+00 3.50000E+01 1.32117E-01
 -1      1679 1.19553E+00 3.50000E+01 1.85778E-01
 -1      1680 1.23131E+00 3.50000E+01 1.67883E-01
 -1      1685-1.19553E+00 3.50000E+01 1.81422E+00
 -1      1686-1.23131E+00 3.50000E+01 1.83212E+00
 -1      1687-1.20447E+00 3.50000E+01 1.88578E+00
 -1      1688-1.16869E+00 3.50000E+01 1.86788E+00
 -1      1693 1.20447E+00 3.50000E+01 2.11422E+00
 -1      1694 1.16869E+00 3.50000E+01 2.13212E+00
 -1      1695 1.19553E+00 3.50000E+01 2.18578E+00
 -1      1696 1.23131E+00 3.50000E+01 2.16788E+00
 -1      1701-1.19553E+00 4.50000E+01-1.85778E-01
 -1      1702-1.23131E+00 4.50000E+01-1.67883E-01
 -1      1703-1.20447E+00 4.50000E+01-1.14222E-01
 -1      1704-1.16869E+00 4.50000E+01-1.32117E-01
 -1      1709 1.20447E+00 4.50000E+01 1.14222E-01
 -1      1710 1.16869E+00 4.50000E+01 1.32117E-01
 -1      1711 1.19553E+00 4.50000E+01 1.85778E-01
 -1      1712 1.23131E+00 4.50000E+01 1.67883E-01
 -1      1717-1.19553E+00 4.50000E+01 1.81422E+00
 -1      1718-1.23131E+00 4.50000E+01 1.83212E+00
 -1      1719-1.20447E+00 4.50000E+01 1.88578E+00
 -1      1720-1.16869E+00 4.50000E+01 1.86788E+00
 -1      1725 1.20447E+00 4.50000E+01 2.11422E+00
 -1      1726 1.16869E+00 4.50000E+01 2.13212E+00
 -1      1727 1.19553E+00 4.50000E+01 2.18578E+00
 -1      1728 1.23131E+00 4.50000E+01 2.16788E+00
 -1      1733 0.00000E+00-6.99992E-02-1.20023E-02
 -1      1734 0.00000E+00-3.79975E-02-3.60001E-02
 -1      1735 0.00000E+00-2.00083E-03 1.20023E-02
 -1      1736 0.00000E+00-3.40025E-02 3.60001E-02
 -1      1741 0.00000E+00 2.00083E-03 1.98800E+00
 -1      1742 0.00000E+00 3.40025E-02 1.96400E+00
 -1      1743 0.00000E+00 6.99992E-02 2.01200E+00
 -1      1744 0.00000E+00 3.79975E-02 2.03600E+00
 -1      1749-1.23329E+00 1.61495E-02 1.00000E+00
 -1      1750-1.20002E+00-6.05551E-03 1.00000E+00
 -1      1751-1.16671E+00 4.38505E-02 1.00000E+00
 -1      1752-1.19998E+00 6.60555E-02 1.00000E+00
 -1      1757 1.16671E+00-4.38505E-02 1.00000E+00
 -1      1758 1.19998E+00-6.60555E-02 1.00000E+00
 -1      1759 1.23329E+00-1.61495E-02 1.00000E+00
 -1      1760 1.20002E+00 6.05551E-03 1.00000E+00
 -1      1765 0.00000E+00 9.93000E+00-1.20023E-02
 -1      1766 0.00000E+00 9.96200E+00-3.60001E-02
 -1      1767 0.00000E+00 9.99800E+00 1.20023E-02
 -1      1768 0.00000E+00 9.96600E+00 3.60001E-02
 -1      1773 0.00000E+00 1.00020E+01 1.98800E+00
 -1      1774 0.00000E+00 1.00340E+01 1.96400E+00
 -1      1775 0.00000E+00 1.00700E+01 2.01200E+00
 -1      1776 0.00000E+00 1.00380E+01 2.03600E+00
 -1      1781-1.23329E+00 1.00161E+01 1.00000E+00
 -1      1782-1.20002E+00 9.99394E+00 1.00000E+00
 -1      1783-1.16671E+00 1.00439E+01 1.00000E+00
 -1      1784-1.19998E+00 1.00661E+01 1.00000E+00
 -1      1789 1.16671E+00 9.95615E+00 1.00000E+00
 -1      1790 1.19998E+00 9.93394E+00 1.00000E+00
 -1      1791 1.23329E+00 9.98385E+00 1.00000E+00
 -1      1792 1.20002E+00 1.00061E+01 1.00000E+00
 -1      1797 0.00000E+00 1.99300E+01-1.20023E-02
 -1      1798 0.00000E+00 1.99620E+01-3.60001E-02
 -1      1799 0.00000E+00 1.99980E+01 1.20023E-02
 -1      1800 0.00000E+00 1.99660E+01 3.60001E-02
 -1      1805 0.00000E+00 2.00020E+01 1.98800E+00
 -1      1806 0.00000E+00 2.00340E+01 1.96400E+00
 -1      1807 0.00000E+00 2.00700E+01 2.01200E+00
 -1      1808 0.00000E+00 2.00380E+01 2.03600E+00
 -1      1813-1.23329E+00 2.00161E+01 1.00000E+00
 -1      1814-1.20002E+00 1.99939E+01 1.00000E+00
 -1      1815-1.16671E+00 2.00438E+01 1.00000E+00
 -1      1816-1.19998E+00 2.00661E+01 1.00000E+00
 -1      1821 1.16671E+00 1.99562E+01 1.00000E+00
 -1      1822 1.19998E+00 1.99339E+01 1.00000E+00
 -1      1823 1.23329E+00 1.99839E+01 1.00000E+00
 -1      1824 1.20002E+00 2.00061E+01 1.00000E+00
 -1      1829 0.00000E+00 2.99300E+01-1.20023E-02
 -1      1830 0.00000E+00 2.99620E+01-3.60001E-02
 -1      1831 0.00000E+00 2.99980E+01 1.20023E-02
 -1      1832 0.00000E+00 2.99660E+01 3.60001E-02
 -1      1837 0.00000E+00 3.00020E+01 1.98800E+00
 -1      1838 0.00000E+00 3.00340E+01 1.96400E+00
 -1      1839 0.00000E+00 3.00700E+01 2.01200E+00
 -1      1840 0.00000E+00 3.00380E+01 2.03600E+00
 -1      1845-1.23329E+00 3.00161E+01 1.00000E+00
 -1      1846-1.20002E+00 2.99939E+01 1.00000E+00
 -1      1847-1.16671E+00 3.00438E+01 1.00000E+00
 -1      1848-1.19998E+00 3.00661E+01 1.00000E+00
 -1      1853 1.16671E+00 2.99562E+01 1.00000E+00
 -1      1854 1.19998E+00 2.99339E+01 1.00000E+00
 -1      1855 1.23329E+00 2.99839E+01 1.00000E+00
 -1      1856 1.20002E+00 3.00061E+01 1.00000E+00
 -1      1861 0.00000E+00 3.99300E+01-1.20023E-02
 -1      1862 0.00000E+00 3.99620E+01-3.60001E-02
 -1      1863 0.00000E+00 3.99980E+01 1.20023E-02
 -1      1864 0.00000E+00 3.99660E+01 3.60001E-02
 -1      1869 0.00000E+00 4.00020E+01 1.98800E+00
 -1      1870 0.00000E+00 4.00340E+01 1.96400E+00
 -1      1871 0.00000E+00 4.00700E+01 2.01200E+00
 -1      1872 0.00000E+00 4.00380E+01 2.03600E+00
 -1      1877-1.23329E+00 4.00161E+01 1.00000E+00
 -1      1878-1.20002E+00 3.99939E+01 1.00000E+00
 -1      1879-1.16671E+00 4.00438E+01 1.00000E+00
 -1      1880-1.19998E+00 4.00661E+01 1.00000E+00
 -1      1885 1.16671E+00 3.99562E+01 1.00000E+00
 -1      1886 1.19998E+00 3.99339E+01 1.00000E+00
 -1      1887 1.23329E+00 3.99839E+01 1.00000E+00
 -1      1888 1.20002E+00 4.00061E+01 1.00000E+00
 -1      1893 0.00000E+00 4.99300E+01-1.20023E-02
 -1      1894 0.00000E+00 4.99620E+01-3.60001E-02
 -1      1895 0.00000E+00 4.99980E+01 1.20023E-02
 -1      1896 0.00000E+00 4.99660E+01 3.60001E-02
 -1      1901 0.00000E+00 5.00020E+01 1.98800E+00
 -1      1902 0.00000E+00 5.00340E+01 1.96400E+00
 -1      1903 0.00000E+00 5.00700E+01 2.01200E+00
 -1      1904 0.00000E+00 5.00380E+01 2.03600E+00
 -1      1909-1.23329E+00 5.00161E+01 1.00000E+00
 -1      1910-1.20002E+00 4.99939E+01 1.00000E+00
 -1      1911-1.16671E+00 5.00438E+01 1.00000E+00
 -1      1912-1.19998E+00 5.00661E+01 1.00000E+00
 -1      1917 1.16671E+00 4.99562E+01 1.00000E+00
 -1      1918 1.19998E+00 4.99339E+01 1.00000E+00
 -1      1919 1.23329E+00 4.99839E+01 1.00000E+00
 -1      1920 1.20002E+00 5.00061E+01 1.00000E+00
 -1      1925-1.19830E+00 5.03706E+00 8.14684E-01
 -1      1926-1.23259E+00 5.03303E+00 8.34874E-01
 -1      1927-1.20170E+00 5.02294E+00 8.85316E-01
 -1      1928-1.16741E+00 5.02697E+00 8.65126E-01
 -1      1933-1.19388E+00 5.02303E+00 1.11516E+00
 -1      1934-1.23044E+00 5.02621E+00 1.13106E+00
 -1      1935-1.20612E+00 5.03697E+00 1.18484E+00
 -1      1936-1.16956E+00 5.03379E+00 1.16894E+00
 -1      1941 1.20170E+00 5.03706E+00 8.14684E-01
 -1      1942 1.16741E+00 5.03303E+00 8.34874E-01
 -1      1943 1.19830E+00 5.02294E+00 8.85316E-01
 -1      1944 1.23259E+00 5.02697E+00 8.65126E-01
 -1      1949 1.20612E+00 5.02303E+00 1.11516E+00
 -1      1950 1.16956E+00 5.02621E+00 1.13106E+00
 -1      1951 1.19388E+00 5.03697E+00 1.18484E+00
 -1      1952 1.23044E+00 5.03379E+00 1.16894E+00
 -1      1957 1.59908E-01 4.96162E+00-3.45858E-02
 -1      1958 1.22767E-01 4.97054E+00-2.27077E-02
 -1      1959 1.40092E-01 4.96638E+00 3.45858E-02
 -1      1960 1.77233E-01 4.95746E+00 2.27077E-02
 -1      1965-1.49864E-01 4.96403E+00-3.60552E-02
 -1      1966-1.82310E-01 4.95625E+00-1.39967E-02
 -1      1967-1.50136E-01 4.96397E+00 3.60552E-02
 -1      1968-1.17690E-01 4.97175E+00 1.39967E-02
 -1      1973 1.59908E-01 4.96162E+00 1.96541E+00
 -1      1974 1.22767E-01 4.97054E+00 1.97729E+00
 -1      1975 1.40092E-01 4.96638E+00 2.03459E+00
 -1      1976 1.77233E-01 4.95746E+00 2.02271E+00
 -1      1981-1.49864E-01 4.96403E+00 1.96394E+00
 -1      1982-1.82310E-01 4.95625E+00 1.98600E+00
 -1      1983-1.50136E-01 4.96397E+00 2.03606E+00
 -1      1984-1.17690E-01 4.97175E+00 2.01400E+00
 -1      1989-1.19757E+00 1.12670E+01 1.57055E-01
 -1      1990-1.23227E+00 1.12640E+01 1.76710E-01
 -1      1991-1.20243E+00 1.12559E+01 2.28140E-01
 -1      1992-1.16773E+00 1.12590E+01 2.08485E-01
 -1      1997-1.19773E+00 1.25271E+01 3.58438E-01
 -1      1998-1.23234E+00 1.25238E+01 3.78214E-01
 -1      1999-1.20227E+00 1.25153E+01 4.29430E-01
 -1      2000-1.16766E+00 1.25186E+01 4.09654E-01
 -1      2005-1.19798E+00 1.37842E+01 5.76000E-01
 -1      2006-1.23245E+00 1.37805E+01 5.95959E-01
 -1      2007-1.20202E+00 1.37713E+01 6.46836E-01
 -1      2008-1.16755E+00 1.37749E+01 6.26877E-01
 -1      2013-1.19828E+00 1.50371E+01 8.14685E-01
 -1      2014-1.23258E+00 1.50330E+01 8.34863E-01
 -1      2015-1.20172E+00 1.50229E+01 8.85315E-01
 -1      2016-1.16742E+00 1.50270E+01 8.65137E-01
 -1      2021-1.19860E+00 1.62854E+01 1.07622E+00
 -1      2022-1.23272E+00 1.62809E+01 1.09662E+00
 -1      2023-1.20140E+00 1.62700E+01 1.14662E+00
 -1      2024-1.16728E+00 1.62745E+01 1.12622E+00
 -1      2029-1.19888E+00 1.75294E+01 1.35884E+00
 -1      2030-1.23284E+00 1.75246E+01 1.37943E+00
 -1      2031-1.20112E+00 1.75130E+01 1.42902E+00
 -1      2032-1.16716E+00 1.75178E+01 1.40843E+00
 -1      2037-1.19908E+00 1.87700E+01 1.65759E+00
 -1      2038-1.23292E+00 1.87650E+01 1.67830E+00
 -1      2039-1.20092E+00 1.87529E+01 1.72761E+00
 -1      2040-1.16708E+00 1.87580E+01 1.70689E+00
 -1      2045-1.19416E+00 1.12560E+01 1.77225E+00
 -1      2046-1.23060E+00 1.12585E+01 1.78856E+00
 -1      2047-1.20584E+00 1.12670E+01 1.84256E+00
 -1      2048-1.16940E+00 1.12644E+01 1.82625E+00
 -1      2053-1.19409E+00 1.25154E+01 1.57098E+00
 -1      2054-1.23056E+00 1.25181E+01 1.58719E+00
 -1      2055-1.20591E+00 1.25271E+01 1.64115E+00
 -1      2056-1.16944E+00 1.25244E+01 1.62494E+00
 -1      2061-1.19399E+00 1.37714E+01 1.35360E+00
 -1      2062-1.23051E+00 1.37743E+01 1.36967E+00
 -1      2063-1.20601E+00 1.37841E+01 1.42356E+00
 -1      2064-1.16949E+00 1.37812E+01 1.40749E+00
 -1      2069-1.19388E+00 1.50230E+01 1.11516E+00
 -1      2070-1.23044E+00 1.50262E+01 1.13106E+00
 -1      2071-1.20612E+00 1.50370E+01 1.18484E+00
 -1      2072-1.16956E+00 1.50338E+01 1.16894E+00
 -1      2077-1.19377E+00 1.62701E+01 8.53886E-01
 -1      2078-1.23038E+00 1.62736E+01 8.69618E-01
 -1      2079-1.20623E+00 1.62853E+01 9.23278E-01
 -1      2080-1.16962E+00 1.62819E+01 9.07546E-01
 -1      2085-1.19368E+00 1.75131E+01 5.71502E-01
 -1      2086-1.23034E+00 1.75168E+01 5.87093E-01
 -1      2087-1.20632E+00 1.75293E+01 6.40630E-01
 -1      2088-1.16966E+00 1.75257E+01 6.25039E-01
 -1      2093-1.19363E+00 1.87531E+01 2.72930E-01
 -1      2094-1.23031E+00 1.87568E+01 2.88429E-01
 -1      2095-1.20637E+00 1.87699E+01 3.41875E-01
 -1      2096-1.16969E+00 1.87661E+01 3.26376E-01
 -1      2101 1.20243E+00 1.12670E+01 1.57055E-01
 -1      2102 1.16773E+00 1.12640E+01 1.76710E-01
 -1      2103 1.19757E+00 1.12559E+01 2.28140E-01
 -1      2104 1.23227E+00 1.12590E+01 2.08485E-01
 -1      2109 1.20227E+00 1.25271E+01 3.58438E-01
 -1      2110 1.16766E+00 1.25238E+01 3.78214E-01
 -1      2111 1.19773E+00 1.25153E+01 4.29430E-01
 -1      2112 1.23234E+00 1.25186E+01 4.09654E-01
 -1      2117 1.20202E+00 1.37842E+01 5.76000E-01
 -1      2118 1.16755E+00 1.37805E+01 5.95959E-01
 -1      2119 1.19798E+00 1.37713E+01 6.46836E-01
 -1      2120 1.23245E+00 1.37749E+01 6.26877E-01
 -1      2125 1.20172E+00 1.50371E+01 8.14685E-01
 -1      2126 1.16742E+00 1.50330E+01 8.34863E-01
 -1      2127 1.19828E+00 1.50229E+01 8.85315E-01
 -1      2128 1.23258E+00 1.50270E+01 8.65137E-01
 -1      2133 1.20140E+00 1.62854E+01 1.07622E+00
 -1      2134 1.16728E+00 1.62809E+01 1.09662E+00
 -1      2135 1.19860E+00 1.62700E+01 1.14662E+00
 -1      2136 1.23272E+00 1.62745E+01 1.12622E+00
 -1      2141 1.20112E+00 1.75294E+01 1.35884E+00
 -1      2142 1.16716E+00 1.75246E+01 1.37943E+00
 -1      2143 1.19888E+00 1.75130E+01 1.42902E+00
 -1      2144 1.23284E+00 1.75178E+01 1.40843E+00
 -1      2149 1.20092E+00 1.87700E+01 1.65759E+00
 -1      2150 1.16708E+00 1.87650E+01 1.67830E+00
 -1      2151 1.19908E+00 1.87529E+01 1.72761E+00
 -1      2152 1.23292E+00 1.87580E+01 1.70689E+00
 -1      2157 1.20584E+00 1.12560E+01 1.77225E+00
 -1      2158 1.16940E+00 1.12585E+01 1.78856E+00
 -1      2159 1.19416E+00 1.12670E+01 1.84256E+00
 -1      2160 1.23060E+00 1.12644E+01 1.82625E+00
 -1      2165 1.20591E+00 1.25154E+01 1.57098E+00
 -1      2166 1.16944E+00 1.25181E+01 1.58719E+00
 -1      2167 1.19409E+00 1.25271E+01 1.64115E+00
 -1      2168 1.23056E+00 1.25244E+01 1.62494E+00
 -1      2173 1.20601E+00 1.37714E+01 1.35360E+00
 -1      2174 1.16949E+00 1.37743E+01 1.36967E+00
 -1      2175 1.19399E+00 1.37841E+01 1.42356E+00
 -1      2176 1.23051E+00 1.37812E+01 1.40749E+00
 -1      2181 1.20612E+00 1.50230E+01 1.11516E+00
 -1      2182 1.16956E+00 1.50262E+01 1.13106E+00
 -1      2183 1.19388E+00 1.50370E+01 1.18484E+00
 -1      2184 1.23044E+00 1.50338E+01 1.16894E+00
 -1      2189 1.20623E+00 1.62701E+01 8.53886E-01
 -1      2190 1.16962E+00 1.62736E+01 8.69618E-01
 -1      2191 1.19377E+00 1.62853E+01 9.23278E-01
 -1      2192 1.23038E+00 1.62819E+01 9.07546E-01
 -1      2197 1.20632E+00 1.75131E+01 5.71502E-01
 -1      2198 1.16966E+00 1.75168E+01 5.87093E-01
 -1      2199 1.19368E+00 1.75293E+01 6.40630E-01
 -1      2200 1.23034E+00 1.75257E+01 6.25039E-01
 -1      2205 1.20637E+00 1.87531E+01 2.72930E-01
 -1      2206 1.16969E+00 1.87568E+01 2.88429E-01
 -1      2207 1.19363E+00 1.87699E+01 3.41875E-01
 -1      2208 1.23031E+00 1.87661E+01 3.26376E-01
 -1      2213-8.31704E-01 1.12331E+01-3.42295E-02
 -1      2214-8.68791E-01 1.12437E+01-2.36225E-02
 -1      2215-8.53491E-01 1.12393E+01 3.42295E-02
 -1      2216-8.16404E-01 1.12287E+01 2.36225E-02
 -1      2221-4.83271E-01 1.24716E+01-3.43179E-02
 -1      2222-5.20380E-01 1.24818E+01-2.34066E-02
 -1      2223-5.04597E-01 1.24775E+01 3.43179E-02
 -1      2224-4.67488E-01 1.24673E+01 2.34066E-02
 -1      2229-1.51102E-01 1.37141E+01-3.44451E-02
 -1      2230-1.88233E-01 1.37237E+01-2.30837E-02
 -1      2231-1.71734E-01 1.37194E+01 3.44451E-02
 -1      2232-1.34603E-01 1.37098E+01 2.30837E-02
 -1      2237 1.59903E-01 1.49616E+01-3.45874E-02
 -1      2238 1.22764E-01 1.49705E+01-2.27035E-02
 -1      2239 1.40097E-01 1.49664E+01 3.45874E-02
 -1      2240 1.77236E-01 1.49575E+01 2.27035E-02
 -1      2245 4.48070E-01 1.62146E+01-3.47212E-02
 -1      2246 4.10939E-01 1.62229E+01-2.23246E-02
 -1      2247 4.29094E-01 1.62188E+01 3.47212E-02
 -1      2248 4.66225E-01 1.62106E+01 2.23246E-02
 -1      2253 7.15201E-01 1.74727E+01-3.48283E-02
 -1      2254 6.78091E-01 1.74803E+01-2.20050E-02
 -1      2255 6.96931E-01 1.74764E+01 3.48283E-02
 -1      2256 7.34041E-01 1.74688E+01 2.20050E-02
 -1      2261 9.66302E-01 1.87345E+01-3.48965E-02
 -1      2262 9.29212E-01 1.87417E+01-2.17923E-02
 -1      2263 9.48503E-01 1.87380E+01 3.48965E-02
 -1      2264 9.85593E-01 1.87307E+01 2.17923E-02
 -1      2269 8.42124E-01 1.12361E+01-3.60521E-02
 -1      2270 8.10413E-01 1.12270E+01-1.34113E-02
 -1      2271 8.43071E-01 1.12364E+01 3.60521E-02
 -1      2272 8.74781E-01 1.12454E+01 1.34113E-02
 -1      2277 4.93597E-01 1.24745E+01-3.60538E-02
 -1      2278 4.61712E-01 1.24657E+01-1.35445E-02
 -1      2279 4.94271E-01 1.24746E+01 3.60538E-02
 -1      2280 5.26156E-01 1.24834E+01 1.35445E-02
 -1      2285 1.61293E-01 1.37167E+01-3.60553E-02
 -1      2286 1.29148E-01 1.37084E+01-1.37478E-02
 -1      2287 1.61544E-01 1.37168E+01 3.60553E-02
 -1      2288 1.93688E-01 1.37251E+01 1.37478E-02
 -1      2293-1.49867E-01 1.49640E+01-3.60553E-02
 -1      2294-1.82312E-01 1.49562E+01-1.39935E-02
 -1      2295-1.50133E-01 1.49640E+01 3.60553E-02
 -1      2296-1.17688E-01 1.49718E+01 1.39935E-02
 -1      2301-4.38181E-01 1.62168E+01-3.60532E-02
 -1      2302-4.70920E-01 1.62096E+01-1.42455E-02
 -1      2303-4.38983E-01 1.62167E+01 3.60532E-02
 -1      2304-4.06244E-01 1.62239E+01 1.42455E-02
 -1      2309-7.05431E-01 1.74747E+01-3.60497E-02
 -1      2310-7.38414E-01 1.74679E+01-1.44640E-02
 -1      2311-7.06701E-01 1.74744E+01 3.60497E-02
 -1      2312-6.73718E-01 1.74812E+01 1.44640E-02
 -1      2317-9.56607E-01 1.87364E+01-3.60464E-02
 -1      2318-9.89751E-01 1.87299E+01-1.46123E-02
 -1      2319-9.58198E-01 1.87361E+01 3.60464E-02
 -1      2320-9.25054E-01 1.87425E+01 1.46123E-02
 -1      2325-8.31704E-01 1.12331E+01 1.96577E+00
 -1      2326-8.68791E-01 1.12437E+01 1.97638E+00
 -1      2327-8.53491E-01 1.12393E+01 2.03423E+00
 -1      2328-8.16404E-01 1.12287E+01 2.02362E+00
 -1      2333-4.83271E-01 1.24716E+01 1.96568E+00
 -1      2334-5.20380E-01 1.24818E+01 1.97659E+00
 -1      2335-5.04597E-01 1.24775E+01 2.03432E+00
 -1      2336-4.67488E-01 1.24673E+01 2.02341E+00
 -1      2341-1.51102E-01 1.37141E+01 1.96555E+00
 -1      2342-1.88233E-01 1.37237E+01 1.97692E+00
 -1      2343-1.71734E-01 1.37194E+01 2.03445E+00
 -1      2344-1.34603E-01 1.37098E+01 2.02308E+00
 -1      2349 1.59903E-01 1.49616E+01 1.96541E+00
 -1      2350 1.22764E-01 1.49705E+01 1.97730E+00
 -1      2351 1.40097E-01 1.49664E+01 2.03459E+00
 -1      2352 1.77236E-01 1.49575E+01 2.02270E+00
 -1      2357 4.48070E-01 1.62146E+01 1.96528E+00
 -1      2358 4.10939E-01 1.62229E+01 1.97768E+00
 -1      2359 4.29094E-01 1.62188E+01 2.03472E+00
 -1      2360 4.66225E-01 1.62106E+01 2.02232E+00
 -1      2365 7.15201E-01 1.74727E+01 1.96517E+00
 -1      2366 6.78091E-01 1.74803E+01 1.97800E+00
 -1      2367 6.96931E-01 1.74764E+01 2.03483E+00
 -1      2368 7.34041E-01 1.74688E+01 2.02200E+00
 -1      2373 9.66302E-01 1.87345E+01 1.96510E+00
 -1      2374 9.29212E-01 1.87417E+01 1.97821E+00
 -1      2375 9.48503E-01 1.87380E+01 2.03490E+00
 -1      2376 9.85593E-01 1.87307E+01 2.02179E+00
 -1      2381 8.42124E-01 1.12361E+01 1.96395E+00
 -1      2382 8.10413E-01 1.12270E+01 1.98659E+00
 -1      2383 8.43071E-01 1.12364E+01 2.03605E+00
 -1      2384 8.74781E-01 1.12454E+01 2.01341E+00
 -1      2389 4.93597E-01 1.24745E+01 1.96395E+00
 -1      2390 4.61712E-01 1.24657E+01 1.98646E+00
 -1      2391 4.94271E-01 1.24746E+01 2.03605E+00
 -1      2392 5.26156E-01 1.24834E+01 2.01354E+00
 -1      2397 1.61293E-01 1.37167E+01 1.96394E+00
 -1      2398 1.29148E-01 1.37084E+01 1.98625E+00
 -1      2399 1.61544E-01 1.37168E+01 2.03606E+00
 -1      2400 1.93688E-01 1.37251E+01 2.01375E+00
 -1      2405-1.49867E-01 1.49640E+01 1.96394E+00
 -1      2406-1.82312E-01 1.49562E+01 1.98601E+00
 -1      2407-1.50133E-01 1.49640E+01 2.03606E+00
 -1      2408-1.17688E-01 1.49718E+01 2.01399E+00
 -1      2413-4.38181E-01 1.62168E+01 1.96395E+00
 -1      2414-4.70920E-01 1.62096E+01 1.98575E+00
 -1      2415-4.38983E-01 1.62167E+01 2.03605E+00
 -1      2416-4.06244E-01 1.62239E+01 2.01425E+00
 -1      2421-7.05431E-01 1.74747E+01 1.96395E+00
 -1      2422-7.38414E-01 1.74679E+01 1.98554E+00
 -1      2423-7.06701E-01 1.74744E+01 2.03605E+00
 -1      2424-6.73718E-01 1.74812E+01 2.01446E+00
 -1      2429-9.56607E-01 1.87364E+01 1.96395E+00
 -1      2430-9.89751E-01 1.87299E+01 1.98539E+00
 -1      2431-9.58198E-01 1.87361E+01 2.03605E+00
 -1      2432-9.25054E-01 1.87425E+01 2.01461E+00
 -1      2437-1.19830E+00 2.50371E+01 8.14684E-01
 -1      2438-1.23259E+00 2.50330E+01 8.34874E-01
 -1      2439-1.20170E+00 2.50229E+01 8.85316E-01
 -1      2440-1.16741E+00 2.50270E+01 8.65126E-01
 -1      2445-1.19388E+00 2.50230E+01 1.11516E+00
 -1      2446-1.23044E+00 2.50262E+01 1.13106E+00
 -1      2447-1.20612E+00 2.50370E+01 1.18484E+00
 -1      2448-1.16956E+00 2.50338E+01 1.16894E+00
 -1      2453 1.20170E+00 2.50371E+01 8.14684E-01
 -1      2454 1.16741E+00 2.50330E+01 8.34874E-01
 -1      2455 1.19830E+00 2.50229E+01 8.85316E-01
 -1      2456 1.23259E+00 2.50270E+01 8.65126E-01
 -1      2461 1.20612E+00 2.50230E+01 1.11516E+00
 -1      2462 1.16956E+00 2.50262E+01 1.13106E+00
 -1      2463 1.19388E+00 2.50370E+01 1.18484E+00
 -1      2464 1.23044E+00 2.50338E+01 1.16894E+00
 -1      2469 1.59908E-01 2.49616E+01-3.45858E-02
 -1      2470 1.22767E-01 2.49705E+01-2.27077E-02
 -1      2471 1.40092E-01 2.49664E+01 3.45858E-02
 -1      2472 1.77233E-01 2.49575E+01 2.27077E-02
 -1      2477-1.49864E-01 2.49640E+01-3.60552E-02
 -1      2478-1.82310E-01 2.49562E+01-1.39967E-02
 -1      2479-1.50136E-01 2.49640E+01 3.60552E-02
 -1      2480-1.17690E-01 2.49718E+01 1.39967E-02
 -1      2485 1.59908E-01 2.49616E+01 1.96541E+00
 -1      2486 1.22767E-01 2.49705E+01 1.97729E+00
 -1      2487 1.40092E-01 2.49664E+01 2.03459E+00
 -1      2488 1.77233E-01 2.49575E+01 2.02271E+00
 -1      2493-1.49864E-01 2.49640E+01 1.96394E+00
 -1      2494-1.82310E-01 2.49562E+01 1.98600E+00
 -1      2495-1.50136E-01 2.49640E+01 2.03606E+00
 -1      2496-1.17690E-01 2.49718E+01 2.01400E+00
 -1      2501-1.19830E+00 3.50371E+01 8.14684E-01
 -1      2502-1.23259E+00 3.50330E+01 8.34874E-01
 -1      2503-1.20170E+00 3.50229E+01 8.85316E-01
 -1      2504-1.16741E+00 3.50270E+01 8.65126E-01
 -1      2509-1.19388E+00 3.50230E+01 1.11516E+00
 -1      2510-1.23044E+00 3.50262E+01 1.13106E+00
 -1      2511-1.20612E+00 3.50370E+01 1.18484E+00
 -1      2512-1.16956E+00 3.50338E+01 1.16894E+00
 -1      2517 1.20170E+00 3.50371E+01 8.14684E-01
 -1      2518 1.16741E+00 3.50330E+01 8.34874E-01
 -1      2519 1.19830E+00 3.50229E+01 8.85316E-01
 -1      2520 1.23259E+00 3.50270E+01 8.65126E-01
 -1      2525 1.20612E+00 3.50230E+01 1.11516E+00
 -1      2526 1.16956E+00 3.50262E+01 1.13106E+00
 -1      2527 1.19388E+00 3.50370E+01 1.18484E+00
 -1      2528 1.23044E+00 3.50338E+01 1.16894E+00
 -1      2533 1.59908E-01 3.49616E+01-3.45858E-02
 -1      2534 1.22767E-01 3.49705E+01-2.27077E-02
 -1      2535 1.40092E-01 3.49664E+01 3.45858E-02
 -1      2536 1.77233E-01 3.49575E+01 2.27077E-02
 -1      2541-1.49864E-01 3.49640E+01-3.60552E-02
 -1      2542-1.82310E-01 3.49562E+01-1.39967E-02
 -1      2543-1.50136E-01 3.49640E+01 3.60552E-02
 -1      2544-1.17690E-01 3.49718E+01 1.39967E-02
 -1      2549 1.59908E-01 3.49616E+01 1.96541E+00
 -1      2550 1.22767E-01 3.49705E+01 1.97729E+00
 -1      2551 1.40092E-01 3.49664E+01 2.03459E+00
 -1      2552 1.77233E-01 3.49575E+01 2.02271E+00
 -1      2557-1.49864E-01 3.49640E+01 1.96394E+00
 -1      2558-1.82310E-01 3.49562E+01 1.98600E+00
 -1      2559-1.50136E-01 3.49640E+01 2.03606E+00
 -1      2560-1.17690E-01 3.49718E+01 2.01400E+00
 -1      2565-1.19830E+00 4.50371E+01 8.14684E-01
 -1      2566-1.23259E+00 4.50330E+01 8.34874E-01
 -1      2567-1.20170E+00 4.50229E+01 8.85316E-01
 -1      2568-1.16741E+00 4.50270E+01 8.65126E-01
 -1      2573-1.19388E+00 4.50230E+01 1.11516E+00
 -1      2574-1.23044E+00 4.50262E+01 1.13106E+00
 -1      2575-1.20612E+00 4.50370E+01 1.18484E+00
 -1      2576-1.16956E+00 4.50338E+01 1.16894E+00
 -1      2581 1.20170E+00 4.50371E+01 8.14684E-01
 -1      2582 1.16741E+00 4.50330E+01 8.34874E-01
 -1      2583 1.19830E+00 4.50229E+01 8.85316E-01
 -1      2584 1.23259E+00 4.50270E+01 8.65126E-01
 -1      2589 1.20612E+00 4.50230E+01 1.11516E+00
 -1      2590 1.16956E+00 4.50262E+01 1.13106E+00
 -1      2591 1.19388E+00 4.50370E+01 1.18484E+00
 -1      2592 1.23044E+00 4.50338E+01 1.16894E+00
 -1      2597 1.59908E-01 4.49616E+01-3.45858E-02
 -1      2598 1.22767E-01 4.49705E+01-2.27077E-02
 -1      2599 1.40092E-01 4.49664E+01 3.45858E-02
 -1      2600 1.77233E-01 4.49575E+01 2.27077E-02
 -1      2605-1.49864E-01 4.49640E+01-3.60552E-02
 -1      2606-1.82310E-01 4.49562E+01-1.39967E-02
 -1      2607-1.50136E-01 4.49640E+01 3.60552E-02
 -1      2608-1.17690E-01 4.49718E+01 1.39967E-02
 -1      2613 1.59908E-01 4.49616E+01 1.96541E+00
 -1      2614 1.22767E-01 4.49705E+01 1.97729E+00
 -1      2615 1.40092E-01 4.49664E+01 2.03459E+00
 -1      2616 1.77233E-01 4.49575E+01 2.02271E+00
 -1      2621-1.49864E-01 4.49640E+01 1.96394E+00
 -1      2622-1.82310E-01 4.49562E+01 1.98600E+00
 -1      2623-1.50136E-01 4.49640E+01 2.03606E+00
 -1      2624-1.17690E-01 4.49718E+01 2.01400E+00
 -3
    3C                           240                                     1
 -1         1    1    0    1
 -2       181      1381      1382       182       184      1384      1383       183
 -1         2    1    0    1
 -2      1381       381       382      1382      1384       384       383      1383
 -1         3    1    0    1
 -2       231      1389      1390       232       234      1392      1391       233
 -1         4    1    0    1
 -2      1389       431       432      1390      1392       434       433      1391
 -1         5    1    0    1
 -2       281      1397      1398       282       284      1400      1399       283
 -1         6    1    0    1
 -2      1397       481       482      1398      1400       484       483      1399
 -1         7    1    0    1
 -2       331      1405      1406       332       334      1408      1407       333
 -1         8    1    0    1
 -2      1405       531       532      1406      1408       534       533      1407
 -1         9    1    0    1
 -2       381      1413      1414       382       384      1416      1415       383
 -1        10    1    0    1
 -2      1413      1421      1422      1414      1416      1424      1423      1415
 -1        11    1    0    1
 -2      1421      1429      1430      1422      1424      1432      1431      1423
 -1        12    1    0    1
 -2      1429      1437      1438      1430      1432      1440      1439      1431
 -1        13    1    0    1
 -2      1437      1445      1446      1438      1440      1448      1447      1439
 -1        14    1    0    1
 -2      1445      1453      1454      1446      1448      1456      1455      1447
 -1        15    1    0    1
 -2      1453      1461      1462      1454      1456      1464      1463      1455
 -1        16    1    0    1
 -2      1461       581       582      1462      1464       584       583      1463
 -1        17    1    0    1
 -2       431      1469      1470       432       434      1472      1471       433
 -1        18    1    0    1
 -2      1469      1477      1478      1470      1472      1480      1479      1471
 -1        19    1    0    1
 -2      1477      1485      1486      1478      1480      1488      1487      1479
 -1        20    1    0    1
 -2      1485      1493      1494      1486      1488      1496      1495      1487
 -1        21    1    0    1
 -2      1493      1501      1502      1494      1496      1504      1503      1495
 -1        22    1    0    1
 -2      1501      1509      1510      1502      1504      1512      1511      1503
 -1        23    1    0    1
 -2      1509      1517      1518      1510      1512      1520      1519      1511
 -1        24    1    0    1
 -2      1517       631       632      1518      1520       634       633      1519
 -1        25    1    0    1
 -2       481      1525      1526       482       484      1528      1527       483
 -1        26    1    0    1
 -2      1525      1533      1534      1526      1528      1536      1535      1527
 -1        27    1    0    1
 -2      1533      1541      1542      1534      1536      1544      1543      1535
 -1        28    1    0    1
 -2      1541      1549      1550      1542      1544      1552      1551      1543
 -1        29    1    0    1
 -2      1549      1557      1558      1550      1552      1560      1559      1551
 -1        30    1    0    1
 -2      1557      1565      1566      1558      1560      1568      1567      1559
 -1        31    1    0    1
 -2      1565      1573      1574      1566      1568      1576      1575      1567
 -1        32    1    0    1
 -2      1573       681       682      1574      1576       684       683      1575
 -1        33    1    0    1
 -2       531      1581      1582       532       534      1584      1583       533
 -1        34    1    0    1
 -2      1581      1589      1590      1582      1584      1592      1591      1583
 -1        35    1    0    1
 -2      1589      1597      1598      1590      1592      1600      1599      1591
 -1        36    1    0    1
 -2      1597      1605      1606      1598      1600      1608      1607      1599
 -1        37    1    0    1
 -2      1605      1613      1614      1606      1608      1616      1615      1607
 -1        38    1    0    1
 -2      1613      1621      1622      1614      1616      1624      1623      1615
 -1        39    1    0    1
 -2      1621      1629      1630      1622      1624      1632      1631      1623
 -1        40    1    0    1
 -2      1629       731       732      1630      1632       734       733      1631
 -1        41    1    0    1
 -2       581      1637      1638       582       584      1640      1639       583
 -1        42    1    0    1
 -2      1637       781       782      1638      1640       784       783      1639
 -1        43    1    0    1
 -2       631      1645      1646       632       634      1648      1647       633
 -1        44    1    0    1
 -2      1645       831       832      1646      1648       834       833      1647
 -1        45    1    0    1
 -2       681      1653      1654       682       684      1656      1655       683
 -1        46    1    0    1
 -2      1653       881       882      1654      1656       884       883      1655
 -1        47    1    0    1
 -2       731      1661      1662       732       734      1664      1663       733
 -1        48    1    0    1
 -2      1661       931       932      1662      1664       934       933      1663
 -1        49    1    0    1
 -2       781      1669      1670       782       784      1672      1671       783
 -1        50    1    0    1
 -2      1669       981       982      1670      1672       984       983      1671
 -1        51    1    0    1
 -2       831      1677      1678       832       834      1680      1679       833
 -1        52    1    0    1
 -2      1677      1031      1032      1678      1680      1034      1033      1679
 -1        53    1    0    1
 -2       881      1685      1686       882       884      1688      1687       883
 -1        54    1    0    1
 -2      1685      1081      1082      1686      1688      1084      1083      1687
 -1        55    1    0    1
 -2       931      1693      1694       932       934      1696      1695       933
 -1        56    1    0    1
 -2      1693      1131      1132      1694      1696      1134      1133      1695
 -1        57    1    0    1
 -2       981      1701      1702       982       984      1704      1703       983
 -1        58    1    0    1
 -2      1701      1181      1182      1702      1704      1184      1183      1703
 -1        59    1    0    1
 -2      1031      1709      1710      1032      1034      1712      1711      1033
 -1        60    1    0    1
 -2      1709      1231      1232      1710      1712      1234      1233      1711
 -1        61    1    0    1
 -2      1081      1717      1718      1082      1084      1720      1719      1083
 -1        62    1    0    1
 -2      1717      1281      1282      1718      1720      1284      1283      1719
 -1        63    1    0    1
 -2      1131      1725      1726      1132      1134      1728      1727      1133
 -1        64    1    0    1
 -2      1725      1331      1332      1726      1728      1334      1333      1727
 -1        65    1    0    1
 -2       189      1733      1734       190       192      1736      1735       191
 -1        66    1    0    1
 -2      1733       239       240      1734      1736       242       241      1735
 -1        67    1    0    1
 -2       289      1741      1742       290       292      1744      1743       291
 -1        68    1    0    1
 -2      1741       339       340      1742      1744       342       341      1743
 -1        69    1    0    1
 -2       197      1749      1750       198       200      1752      1751       199
 -1        70    1    0    1
 -2      1749       297       298      1750      1752       300       299      1751
 -1        71    1    0    1
 -2       247      1757      1758       248       250      1760      1759       249
 -1        72    1    0    1
 -2      1757       347       348      1758      1760       350       349      1759
 -1        73    1    0    1
 -2       389      1765      1766       390       392      1768      1767       391
 -1        74    1    0    1
 -2      1765       439       440      1766      1768       442       441      1767
 -1        75    1    0    1
 -2       489      1773      1774       490       492      1776      1775       491
 -1        76    1    0    1
 -2      1773       539       540      1774      1776       542       541      1775
 -1        77    1    0    1
 -2       397      1781      1782       398       400      1784      1783       399
 -1        78    1    0    1
 -2      1781       497       498      1782      1784       500       499      1783
 -1        79    1    0    1
 -2       447      1789      1790       448       450      1792      1791       449
 -1        80    1    0    1
 -2      1789       547       548      1790      1792       550       549      1791
 -1        81    1    0    1
 -2       589      1797      1798       590       592      1800      1799       591
 -1        82    1    0    1
 -2      1797       639       640      1798      1800       642       641      1799
 -1        83    1    0    1
 -2       689      1805      1806       690       692      1808      1807       691
 -1        84    1    0    1
 -2      1805       739       740      1806      1808       742       741      1807
 -1        85    1    0    1
 -2       597      1813      1814       598       600      1816      1815       599
 -1        86    1    0    1
 -2      1813       697       698      1814      1816       700       699      1815
 -1        87    1    0    1
 -2       647      1821      1822       648       650      1824      1823       649
 -1        88    1    0    1
 -2      1821       747       748      1822      1824       750       749      1823
 -1        89    1    0    1
 -2       789      1829      1830       790       792      1832      1831       791
 -1        90    1    0    1
 -2      1829       839       840      1830      1832       842       841      1831
 -1        91    1    0    1
 -2       889      1837      1838       890       892      1840      1839       891
 -1        92    1    0    1
 -2      1837       939       940      1838      1840       942       941      1839
 -1        93    1    0    1
 -2       797      1845      1846       798       800      1848      1847       799
 -1        94    1    0    1
 -2      1845       897       898      1846      1848       900       899      1847
 -1        95    1    0    1
 -2       847      1853      1854       848       850      1856      1855       849
 -1        96    1    0    1
 -2      1853       947       948      1854      1856       950       949      1855
 -1        97    1    0    1
 -2       989      1861      1862       990       992      1864      1863       991
 -1        98    1    0    1
 -2      1861      1039      1040      1862      1864      1042      1041      1863
 -1        99    1    0    1
 -2      1089      1869      1870      1090      1092      1872      1871      1091
 -1       100    1    0    1
 -2      1869      1139      1140      1870      1872      1142      1141      1871
 -1       101    1    0    1
 -2       997      1877      1878       998      1000      1880      1879       999
 -1       102    1    0    1
 -2      1877      1097      1098      1878      1880      1100      1099      1879
 -1       103    1    0    1
 -2      1047      1885      1886      1048      1050      1888      1887      1049
 -1       104    1    0    1
 -2      1885      1147      1148      1886      1888      1150      1149      1887
 -1       105    1    0    1
 -2      1189      1893      1894      1190      1192      1896      1895      1191
 -1       106    1    0    1
 -2      1893      1239      1240      1894      1896      1242      1241      1895
 -1       107    1    0    1
 -2      1289      1901      1902      1290      1292      1904      1903      1291
 -1       108    1    0    1
 -2      1901      1339      1340      1902      1904      1342      1341      1903
 -1       109    1    0    1
 -2      1197      1909      1910      1198      1200      1912      1911      1199
 -1       110    1    0    1
 -2      1909      1297      1298      1910      1912      1300      1299      1911
 -1       111    1    0    1
 -2      1247      1917      1918      1248      1250      1920      1919      1249
 -1       112    1    0    1
 -2      1917      1347      1348      1918      1920      1350      1349      1919
 -1       113    1    0    1
 -2       181      1925      1926       182       184      1928      1927       183
 -1       114    1    0    1
 -2      1925       481       482      1926      1928       484       483      1927
 -1       115    1    0    1
 -2       281      1933      1934       282       284      1936      1935       283
 -1       116    1    0    1
 -2      1933       381       382      1934      1936       384       383      1935
 -1       117    1    0    1
 -2       231      1941      1942       232       234      1944      1943       233
 -1       118    1    0    1
 -2      1941       531       532      1942      1944       534       533      1943
 -1       119    1    0    1
 -2       331      1949      1950       332       334      1952      1951       333
 -1       120    1    0    1
 -2      1949       431       432      1950      1952       434       433      1951
 -1       121    1    0    1
 -2       181      1957      1958       182       184      1960      1959       183
 -1       122    1    0    1
 -2      1957       431       432      1958      1960       434       433      1959
 -1       123    1    0    1
 -2       231      1965      1966       232       234      1968      1967       233
 -1       124    1    0    1
 -2      1965       381       382      1966      1968       384       383      1967
 -1       125    1    0    1
 -2       281      1973      1974       282       284      1976      1975       283
 -1       126    1    0    1
 -2      1973       531       532      1974      1976       534       533      1975
 -1       127    1    0    1
 -2       331      1981      1982       332       334      1984      1983       333
 -1       128    1    0    1
 -2      1981       481       482      1982      1984       484       483      1983
 -1       129    1    0    1
 -2       381      1989      1990       382       384      1992      1991       383
 -1       130    1    0    1
 -2      1989      1997      1998      1990      1992      2000      1999      1991
 -1       131    1    0    1
 -2      1997      2005      2006      1998      2000      2008      2007      1999
 -1       132    1    0    1
 -2      2005      2013      2014      2006      2008      2016      2015      2007
 -1       133    1    0    1
 -2      2013      2021      2022      2014      2016      2024      2023      2015
 -1       134    1    0    1
 -2      2021      2029      2030      2022      2024      2032      2031      2023
 -1       135    1    0    1
 -2      2029      2037      2038      2030      2032      2040      2039      2031
 -1       136    1    0    1
 -2      2037       681       682      2038      2040       684       683      2039
 -1       137    1    0    1
 -2       481      2045      2046       482       484      2048      2047       483
 -1       138    1    0    1
 -2      2045      2053      2054      2046      2048      2056      2055      2047
 -1       139    1    0    1
 -2      2053      2061      2062      2054      2056      2064      2063      2055
 -1       140    1    0    1
 -2      2061      2069      2070      2062      2064      2072      2071      2063
 -1       141    1    0    1
 -2      2069      2077      2078      2070      2072      2080      2079      2071
 -1       142    1    0    1
 -2      2077      2085      2086      2078      2080      2088      2087      2079
 -1       143    1    0    1
 -2      2085      2093      2094      2086      2088      2096      2095      2087
 -1       144    1    0    1
 -2      2093       581       582      2094      2096       584       583      2095
 -1       145    1    0    1
 -2       431      2101      2102       432       434      2104      2103       433
 -1       146    1    0    1
 -2      2101      2109      2110      2102      2104      2112      2111      2103
 -1       147    1    0    1
 -2      2109      2117      2118      2110      2112      2120      2119      2111
 -1       148    1    0    1
 -2      2117      2125      2126      2118      2120      2128      2127      2119
 -1       149    1    0    1
 -2      2125      2133      2134      2126      2128      2136      2135      2127
 -1       150    1    0    1
 -2      2133      2141      2142      2134      2136      2144      2143      2135
 -1       151    1    0    1
 -2      2141      2149      2150      2142      2144      2152      2151      2143
 -1       152    1    0    1
 -2      2149       731       732      2150      2152       734       733      2151
 -1       153    1    0    1
 -2       531      2157      2158       532       534      2160      2159       533
 -1       154    1    0    1
 -2      2157      2165      2166      2158      2160      2168      2167      2159
 -1       155    1    0    1
 -2      2165      2173      2174      2166      2168      2176      2175      2167
 -1       156    1    0    1
 -2      2173      2181      2182      2174      2176      2184      2183      2175
 -1       157    1    0    1
 -2      2181      2189      2190      2182      2184      2192      2191      2183
 -1       158    1    0    1
 -2      2189      2197      2198      2190      2192      2200      2199      2191
 -1       159    1    0    1
 -2      2197      2205      2206      2198      2200      2208      2207      2199
 -1       160    1    0    1
 -2      2205       631       632      2206      2208       634       633      2207
 -1       161    1    0    1
 -2       381      2213      2214       382       384      2216      2215       383
 -1       162    1    0    1
 -2      2213      2221      2222      2214      2216      2224      2223      2215
 -1       163    1    0    1
 -2      2221      2229      2230      2222      2224      2232      2231      2223
 -1       164    1    0    1
 -2      2229      2237      2238      2230      2232      2240      2239      2231
 -1       165    1    0    1
 -2      2237      2245      2246      2238      2240      2248      2247      2239
 -1       166    1    0    1
 -2      2245      2253      2254      2246      2248      2256      2255      2247
 -1       167    1    0    1
 -2      2253      2261      2262      2254      2256      2264      2263      2255
 -1       168    1    0    1
 -2      2261       631       632      2262      2264       634       633      2263
 -1       169    1    0    1
 -2       431      2269      2270       432       434      2272      2271       433
 -1       170    1    0    1
 -2      2269      2277      2278      2270      2272      2280      2279      2271
 -1       171    1    0    1
 -2      2277      2285      2286      2278      2280      2288      2287      2279
 -1       172    1    0    1
 -2      2285      2293      2294      2286      2288      2296      2295      2287
 -1       173    1    0    1
 -2      2293      2301      2302      2294      2296      2304      2303      2295
 -1       174    1    0    1
 -2      2301      2309      2310      2302      2304      2312      2311      2303
 -1       175    1    0    1
 -2      2309      2317      2318      2310      2312      2320      2319      2311
 -1       176    1    0    1
 -2      2317       581       582      2318      2320       584       583      2319
 -1       177    1    0    1
 -2       481      2325      2326       482       484      2328      2327       483
 -1       178    1    0    1
 -2      2325      2333      2334      2326      2328      2336      2335      2327
 -1       179    1    0    1
 -2      2333      2341      2342      2334      2336      2344      2343      2335
 -1       180    1    0    1
 -2      2341      2349      2350      2342      2344      2352      2351      2343
 -1       181    1    0    1
 -2      2349      2357      2358      2350      2352      2360      2359      2351
 -1       182    1    0    1
 -2      2357      2365      2366      2358      2360      2368      2367      2359
 -1       183    1    0    1
 -2      2365      2373      2374      2366      2368      2376      2375      2367
 -1       184    1    0    1
 -2      2373       731       732      2374      2376       734       733      2375
 -1       185    1    0    1
 -2       531      2381      2382       532       534      2384      2383       533
 -1       186    1    0    1
 -2      2381      2389      2390      2382      2384      2392      2391      2383
 -1       187    1    0    1
 -2      2389      2397      2398      2390      2392      2400      2399      2391
 -1       188    1    0    1
 -2      2397      2405      2406      2398      2400      2408      2407      2399
 -1       189    1    0    1
 -2      2405      2413      2414      2406      2408      2416      2415      2407
 -1       190    1    0    1
 -2      2413      2421      2422      2414      2416      2424      2423      2415
 -1       191    1    0    1
 -2      2421      2429      2430      2422      2424      2432      2431      2423
 -1       192    1    0    1
 -2      2429       681       682      2430      2432       684       683      2431
 -1       193    1    0    1
 -2       581      2437      2438       582       584      2440      2439       583
 -1       194    1    0    1
 -2      2437       881       882      2438      2440       884       883      2439
 -1       195    1    0    1
 -2       681      2445      2446       682       684      2448      2447       683
 -1       196    1    0    1
 -2      2445       781       782      2446      2448       784       783      2447
 -1       197    1    0    1
 -2       631      2453      2454       632       634      2456      2455       633
 -1       198    1    0    1
 -2      2453       931       932      2454      2456       934       933      2455
 -1       199    1    0    1
 -2       731      2461      2462       732       734      2464      2463       733
 -1       200    1    0    1
 -2      2461       831       832      2462      2464       834       833      2463
 -1       201    1    0    1
 -2       581      2469      2470       582       584      2472      2471       583
 -1       202    1    0    1
 -2      2469       831       832      2470      2472       834       833      2471
 -1       203    1    0    1
 -2       631      2477      2478       632       634      2480      2479       633
 -1       204    1    0    1
 -2      2477       781       782      2478      2480       784       783      2479
 -1       205    1    0    1
 -2       681      2485      2486       682       684      2488      2487       683
 -1       206    1    0    1
 -2      2485       931       932      2486      2488       934       933      2487
 -1       207    1    0    1
 -2       731      2493      2494       732       734      2496      2495       733
 -1       208    1    0    1
 -2      2493       881       882      2494      2496       884       883      2495
 -1       209    1    0    1
 -2       781      2501      2502       782       784      2504      2503       783
 -1       210    1    0    1
 -2      2501      1081      1082      2502      2504      1084      1083      2503
 -1       211    1    0    1
 -2       881      2509      2510       882       884      2512      2511       883
 -1       212    1    0    1
 -2      2509       981       982      2510      2512       984       983      2511
 -1       213    1    0    1
 -2       831      2517      2518       832       834      2520      2519       833
 -1       214    1    0    1
 -2      2517      1131      1132      2518      2520      1134      1133      2519
 -1       215    1    0    1
 -2       931      2525      2526       932       934      2528      2527       933
 -1       216    1    0    1
 -2      2525      1031      1032      2526      2528      1034      1033      2527
 -1       217    1    0    1
 -2       781      2533      2534       782       784      2536      2535       783
 -1       218    1    0    1
 -2      2533      1031      1032      2534      2536      1034      1033      2535
 -1       219    1    0    1
 -2       831      2541      2542       832       834      2544      2543       833
 -1       220    1    0    1
 -2      2541       981       982      2542      2544       984       983      2543
 -1       221    1    0    1
 -2       881      2549      2550       882       884      2552      2551       883
 -1       222    1    0    1
 -2      2549      1131      1132      2550      2552      1134      1133      2551
 -1       223    1    0    1
 -2       931      2557      2558       932       934      2560      2559       933
 -1       224    1    0    1
 -2      2557      1081      1082      2558      2560      1084      1083      2559
 -1       225    1    0    1
 -2       981      2565      2566       982       984      2568      2567       983
 -1       226    1    0    1
 -2      2565      1281      1282      2566      2568      1284      1283      2567
 -1       227    1    0    1
 -2      1081      2573      2574      1082      1084      2576      2575      1083
 -1       228    1    0    1
 -2      2573      1181      1182      2574      2576      1184      1183      2575
 -1       229    1    0    1
 -2      1031      2581      2582      1032      1034      2584      2583      1033
 -1       230    1    0    1
 -2      2581      1331      1332      2582      2584      1334      1333      2583
 -1       231    1    0    1
 -2      1131      2589      2590      1132      1134      2592      2591      1133
 -1       232    1    0    1
 -2      2589      1231      1232      2590      2592      1234      1233      2591
 -1       233    1    0    1
 -2       981      2597      2598       982       984      2600      2599       983
 -1       234    1    0    1
 -2      2597      1231      1232      2598      2600      1234      1233      2599
 -1       235    1    0    1
 -2      1031      2605      2606      1032      1034      2608      2607      1033
 -1       236    1    0    1
 -2      2605      1181      1182      2606      2608      1184      1183      2607
 -1       237    1    0    1
 -2      1081      2613      2614      1082      1084      2616      2615      1083
 -1       238    1    0    1
 -2      2613      1331      1332      2614      2616      1334      1333      2615
 -1       239    1    0    1
 -2      1131      2621      2622      1132      1134      2624      2623      1133
 -1       240    1    0    1
 -2      2621      1281      1282      2622      2624      1284      1283      2623
 -3
    1PSTEP                         1           1           1          
  100CL  101 1.000000000           0                     0    1           1
 -4  DISP        4    1
 -5  D1          1    2    1    0
 -5  D2          1    2    2    0
 -5  D3          1    2    3    0
 -5  ALL         1    2    0    0    1ALL
 -3
 9999
