    1C
    1UNormalized cross-passage space-truss torsion benchmark            
    1UUSER                                                              
    1UDATE              06.august.2026                                  
    1UTIME              08:14:15                                        
    1UHOST                                                              
    1UPGM               CalculiX                                        
    1UVERSION           Version 2.21                             
    1UCOMPILETIME       Sat Jul 29 10:52:01 CEST 2023                    
    1UDIR                                                               
    1UDBN                                                               
    1UMAT    1STEEL                                                     
    2C                           896                                     1
 -1       177-1.19376E+00 9.16807E-04-3.54997E-02
 -1       178-1.23024E+00 3.62719E-03-1.93049E-02
 -1       179-1.20624E+00-9.16807E-04 3.54997E-02
 -1       180-1.16976E+00-3.62719E-03 1.93049E-02
 -1       185-1.20102E+00-3.40950E-02-1.16828E-02
 -1       186-1.20007E+00-2.33416E-03-3.59798E-02
 -1       187-1.19898E+00 3.40950E-02 1.16828E-02
 -1       188-1.19993E+00 2.33416E-03 3.59798E-02
 -1       193-1.23354E+00-1.32202E-02 3.96605E-04
 -1       194-1.20069E+00-3.60327E-02 1.08098E-03
 -1       195-1.16646E+00 1.32202E-02-3.96605E-04
 -1       196-1.19931E+00 3.60327E-02-1.08098E-03
 -1       227 1.20177E+00 2.41126E-03-3.59310E-02
 -1       228 1.16758E+00-2.03736E-03-1.56535E-02
 -1       229 1.19823E+00-2.41126E-03 3.59310E-02
 -1       230 1.23242E+00 2.03736E-03 1.56535E-02
 -1       235 1.20102E+00-3.38645E-02-1.23355E-02
 -1       236 1.20005E+00-1.64335E-03-3.60180E-02
 -1       237 1.19898E+00 3.38645E-02 1.23355E-02
 -1       238 1.19995E+00 1.64335E-03 3.60180E-02
 -1       243 1.16697E+00-1.44498E-02-4.33494E-04
 -1       244 1.20064E+00-3.60336E-02-1.08101E-03
 -1       245 1.23303E+00 1.44498E-02 4.33494E-04
 -1       246 1.19936E+00 3.60336E-02 1.08101E-03
 -1       277-1.19295E+00-2.85923E-03 1.96476E+00
 -1       278-1.22978E+00 1.50377E-03 1.97973E+00
 -1       279-1.20705E+00 2.85923E-03 2.03524E+00
 -1       280-1.17022E+00-1.50377E-03 2.02027E+00
 -1       285-1.19898E+00-3.38645E-02 1.98766E+00
 -1       286-1.19995E+00-1.64335E-03 1.96398E+00
 -1       287-1.20102E+00 3.38645E-02 2.01234E+00
 -1       288-1.20005E+00 1.64335E-03 2.03602E+00
 -1       293-1.23303E+00-1.44498E-02 1.99957E+00
 -1       294-1.19936E+00-3.60336E-02 1.99892E+00
 -1       295-1.16697E+00 1.44498E-02 2.00043E+00
 -1       296-1.20064E+00 3.60336E-02 2.00108E+00
 -1       327 1.20318E+00-1.21786E-03 1.96411E+00
 -1       328 1.16822E+00-3.65827E-03 1.98338E+00
 -1       329 1.19682E+00 1.21786E-03 2.03589E+00
 -1       330 1.23178E+00 3.65827E-03 2.01662E+00
 -1       335 1.19898E+00-3.40950E-02 1.98832E+00
 -1       336 1.19993E+00-2.33416E-03 1.96402E+00
 -1       337 1.20102E+00 3.40950E-02 2.01168E+00
 -1       338 1.20007E+00 2.33416E-03 2.03598E+00
 -1       343 1.16646E+00-1.32202E-02 2.00040E+00
 -1       344 1.19931E+00-3.60327E-02 2.00108E+00
 -1       345 1.23354E+00 1.32202E-02 1.99960E+00
 -1       346 1.20069E+00 3.60327E-02 1.99892E+00
 -1       377-1.19505E+00 9.99943E+00-3.57093E-02
 -1       378-1.23106E+00 1.00002E+01-1.83116E-02
 -1       379-1.20495E+00 1.00006E+01 3.57093E-02
 -1       380-1.16894E+00 9.99982E+00 1.83116E-02
 -1       385-1.20000E+00 9.96600E+00-1.20000E-02
 -1       386-1.20000E+00 9.99800E+00-3.60000E-02
 -1       387-1.20000E+00 1.00340E+01 1.20000E-02
 -1       388-1.20000E+00 1.00020E+01 3.60000E-02
 -1       393-1.23328E+00 9.98613E+00 0.00000E+00
 -1       394-1.20000E+00 9.96394E+00 0.00000E+00
 -1       395-1.16672E+00 1.00139E+01 0.00000E+00
 -1       396-1.20000E+00 1.00361E+01 0.00000E+00
 -1       427 1.20437E+00 9.99956E+00-3.57875E-02
 -1       428 1.16865E+00 9.99931E+00-1.77876E-02
 -1       429 1.19563E+00 1.00004E+01 3.57875E-02
 -1       430 1.23135E+00 1.00007E+01 1.77876E-02
 -1       435 1.20000E+00 9.96600E+00-1.20000E-02
 -1       436 1.20000E+00 9.99800E+00-3.60000E-02
 -1       437 1.20000E+00 1.00340E+01 1.20000E-02
 -1       438 1.20000E+00 1.00020E+01 3.60000E-02
 -1       443 1.16672E+00 9.98613E+00 0.00000E+00
 -1       444 1.20000E+00 9.96394E+00 0.00000E+00
 -1       445 1.23328E+00 1.00139E+01 0.00000E+00
 -1       446 1.20000E+00 1.00361E+01 0.00000E+00
 -1       477-1.19536E+00 1.00004E+01 1.96425E+00
 -1       478-1.23122E+00 1.00007E+01 1.98198E+00
 -1       479-1.20464E+00 9.99956E+00 2.03575E+00
 -1       480-1.16878E+00 9.99931E+00 2.01802E+00
 -1       485-1.20000E+00 9.96600E+00 1.98800E+00
 -1       486-1.20000E+00 9.99800E+00 1.96400E+00
 -1       487-1.20000E+00 1.00340E+01 2.01200E+00
 -1       488-1.20000E+00 1.00020E+01 2.03600E+00
 -1       493-1.23328E+00 9.98613E+00 2.00000E+00
 -1       494-1.20000E+00 9.96394E+00 2.00000E+00
 -1       495-1.16672E+00 1.00139E+01 2.00000E+00
 -1       496-1.20000E+00 1.00361E+01 2.00000E+00
 -1       527 1.20403E+00 1.00006E+01 1.96417E+00
 -1       528 1.16848E+00 9.99981E+00 1.98250E+00
 -1       529 1.19597E+00 9.99944E+00 2.03583E+00
 -1       530 1.23152E+00 1.00002E+01 2.01750E+00
 -1       535 1.20000E+00 9.96600E+00 1.98800E+00
 -1       536 1.20000E+00 9.99800E+00 1.96400E+00
 -1       537 1.20000E+00 1.00340E+01 2.01200E+00
 -1       538 1.20000E+00 1.00020E+01 2.03600E+00
 -1       543 1.16672E+00 9.98613E+00 2.00000E+00
 -1       544 1.20000E+00 9.96394E+00 2.00000E+00
 -1       545 1.23328E+00 1.00139E+01 2.00000E+00
 -1       546 1.20000E+00 1.00361E+01 2.00000E+00
 -1       577-1.19536E+00 1.99999E+01-3.57559E-02
 -1       578-1.23122E+00 2.00002E+01-1.80337E-02
 -1       579-1.20464E+00 2.00001E+01 3.57559E-02
 -1       580-1.16878E+00 1.99998E+01 1.80337E-02
 -1       585-1.20102E+00 1.99659E+01-1.16828E-02
 -1       586-1.20007E+00 1.99977E+01-3.59798E-02
 -1       587-1.19898E+00 2.00341E+01 1.16828E-02
 -1       588-1.19993E+00 2.00023E+01 3.59798E-02
 -1       593-1.23354E+00 1.99868E+01 3.96605E-04
 -1       594-1.20069E+00 1.99640E+01 1.08098E-03
 -1       595-1.16646E+00 2.00132E+01-3.96605E-04
 -1       596-1.19931E+00 2.00360E+01-1.08098E-03
 -1       627 1.20445E+00 1.99996E+01-3.57778E-02
 -1       628 1.16868E+00 1.99996E+01-1.78639E-02
 -1       629 1.19555E+00 2.00004E+01 3.57778E-02
 -1       630 1.23132E+00 2.00004E+01 1.78639E-02
 -1       635 1.20102E+00 1.99661E+01-1.23355E-02
 -1       636 1.20005E+00 1.99984E+01-3.60180E-02
 -1       637 1.19898E+00 2.00339E+01 1.23355E-02
 -1       638 1.19995E+00 2.00016E+01 3.60180E-02
 -1       643 1.16697E+00 1.99855E+01-4.33494E-04
 -1       644 1.20064E+00 1.99640E+01-1.08101E-03
 -1       645 1.23303E+00 2.00145E+01 4.33494E-04
 -1       646 1.19936E+00 2.00360E+01 1.08101E-03
 -1       677-1.19553E+00 2.00004E+01 1.96423E+00
 -1       678-1.23130E+00 2.00004E+01 1.98211E+00
 -1       679-1.20447E+00 1.99996E+01 2.03577E+00
 -1       680-1.16870E+00 1.99996E+01 2.01789E+00
 -1       685-1.19898E+00 1.99661E+01 1.98766E+00
 -1       686-1.19995E+00 1.99984E+01 1.96398E+00
 -1       687-1.20102E+00 2.00339E+01 2.01234E+00
 -1       688-1.20005E+00 2.00016E+01 2.03602E+00
 -1       693-1.23303E+00 1.99855E+01 1.99957E+00
 -1       694-1.19936E+00 1.99640E+01 1.99892E+00
 -1       695-1.16697E+00 2.00145E+01 2.00043E+00
 -1       696-1.20064E+00 2.00360E+01 2.00108E+00
 -1       727 1.20428E+00 2.00001E+01 1.96420E+00
 -1       728 1.16860E+00 1.99998E+01 1.98228E+00
 -1       729 1.19572E+00 1.99999E+01 2.03580E+00
 -1       730 1.23140E+00 2.00002E+01 2.01772E+00
 -1       735 1.19898E+00 1.99659E+01 1.98832E+00
 -1       736 1.19993E+00 1.99977E+01 1.96402E+00
 -1       737 1.20102E+00 2.00341E+01 2.01168E+00
 -1       738 1.20007E+00 2.00023E+01 2.03598E+00
 -1       743 1.16646E+00 1.99868E+01 2.00040E+00
 -1       744 1.19931E+00 1.99640E+01 2.00108E+00
 -1       745 1.23354E+00 2.00132E+01 1.99960E+00
 -1       746 1.20069E+00 2.00360E+01 1.99892E+00
 -1       777-1.19531E+00 2.99998E+01-3.57489E-02
 -1       778-1.23120E+00 3.00001E+01-1.80779E-02
 -1       779-1.20469E+00 3.00002E+01 3.57489E-02
 -1       780-1.16880E+00 2.99999E+01 1.80779E-02
 -1       785-1.20145E+00 2.99659E+01-1.15569E-02
 -1       786-1.20010E+00 2.99975E+01-3.59709E-02
 -1       787-1.19855E+00 3.00341E+01 1.15569E-02
 -1       788-1.19990E+00 3.00025E+01 3.59709E-02
 -1       793-1.23365E+00 2.99871E+01 5.48678E-04
 -1       794-1.20099E+00 2.99640E+01 1.52775E-03
 -1       795-1.16635E+00 3.00129E+01-5.48678E-04
 -1       796-1.19901E+00 3.00360E+01-1.52775E-03
 -1       827 1.20448E+00 2.99998E+01-3.57759E-02
 -1       828 1.16870E+00 2.99998E+01-1.78932E-02
 -1       829 1.19552E+00 3.00002E+01 3.57759E-02
 -1       830 1.23130E+00 3.00002E+01 1.78932E-02
 -1       835 1.20143E+00 2.99662E+01-1.24797E-02
 -1       836 1.20006E+00 2.99985E+01-3.60247E-02
 -1       837 1.19857E+00 3.00338E+01 1.24797E-02
 -1       838 1.19994E+00 3.00015E+01 3.60247E-02
 -1       843 1.16707E+00 2.99853E+01-6.22501E-04
 -1       844 1.20089E+00 2.99640E+01-1.52786E-03
 -1       845 1.23293E+00 3.00147E+01 6.22501E-04
 -1       846 1.19911E+00 3.00360E+01 1.52786E-03
 -1       877-1.19542E+00 3.00002E+01 1.96424E+00
 -1       878-1.23125E+00 3.00002E+01 1.98202E+00
 -1       879-1.20458E+00 2.99998E+01 2.03576E+00
 -1       880-1.16875E+00 2.99998E+01 2.01798E+00
 -1       885-1.19857E+00 2.99662E+01 1.98752E+00
 -1       886-1.19994E+00 2.99985E+01 1.96398E+00
 -1       887-1.20143E+00 3.00338E+01 2.01248E+00
 -1       888-1.20006E+00 3.00015E+01 2.03602E+00
 -1       893-1.23293E+00 2.99853E+01 1.99938E+00
 -1       894-1.19911E+00 2.99640E+01 1.99847E+00
 -1       895-1.16707E+00 3.00147E+01 2.00062E+00
 -1       896-1.20089E+00 3.00360E+01 2.00153E+00
 -1       927 1.20436E+00 3.00002E+01 1.96421E+00
 -1       928 1.16864E+00 2.99999E+01 1.98221E+00
 -1       929 1.19564E+00 2.99998E+01 2.03579E+00
 -1       930 1.23136E+00 3.00001E+01 2.01779E+00
 -1       935 1.19855E+00 2.99659E+01 1.98844E+00
 -1       936 1.19990E+00 2.99975E+01 1.96403E+00
 -1       937 1.20145E+00 3.00341E+01 2.01156E+00
 -1       938 1.20010E+00 3.00025E+01 2.03597E+00
 -1       943 1.16635E+00 2.99871E+01 2.00055E+00
 -1       944 1.19901E+00 2.99640E+01 2.00153E+00
 -1       945 1.23365E+00 3.00129E+01 1.99945E+00
 -1       946 1.20099E+00 3.00360E+01 1.99847E+00
 -1       977-1.19503E+00 3.99993E+01-3.57046E-02
 -1       978-1.23105E+00 4.00001E+01-1.83270E-02
 -1       979-1.20497E+00 4.00007E+01 3.57046E-02
 -1       980-1.16895E+00 3.99999E+01 1.83270E-02
 -1       985-1.20102E+00 3.99659E+01-1.16828E-02
 -1       986-1.20007E+00 3.99977E+01-3.59798E-02
 -1       987-1.19898E+00 4.00341E+01 1.16828E-02
 -1       988-1.19993E+00 4.00023E+01 3.59798E-02
 -1       993-1.23354E+00 3.99868E+01 3.96605E-04
 -1       994-1.20069E+00 3.99640E+01 1.08098E-03
 -1       995-1.16646E+00 4.00132E+01-3.96605E-04
 -1       996-1.19931E+00 4.00360E+01-1.08098E-03
 -1      1027 1.20434E+00 3.99998E+01-3.57929E-02
 -1      1028 1.16863E+00 3.99995E+01-1.77684E-02
 -1      1029 1.19566E+00 4.00002E+01 3.57929E-02
 -1      1030 1.23137E+00 4.00005E+01 1.77684E-02
 -1      1035 1.20102E+00 3.99661E+01-1.23355E-02
 -1      1036 1.20005E+00 3.99984E+01-3.60180E-02
 -1      1037 1.19898E+00 4.00339E+01 1.23355E-02
 -1      1038 1.19995E+00 4.00016E+01 3.60180E-02
 -1      1043 1.16697E+00 3.99855E+01-4.33494E-04
 -1      1044 1.20064E+00 3.99640E+01-1.08101E-03
 -1      1045 1.23303E+00 4.00145E+01 4.33494E-04
 -1      1046 1.19936E+00 4.00360E+01 1.08101E-03
 -1      1077-1.19531E+00 4.00002E+01 1.96425E+00
 -1      1078-1.23119E+00 4.00005E+01 1.98192E+00
 -1      1079-1.20469E+00 3.99998E+01 2.03575E+00
 -1      1080-1.16881E+00 3.99995E+01 2.01808E+00
 -1      1085-1.19898E+00 3.99661E+01 1.98766E+00
 -1      1086-1.19995E+00 3.99984E+01 1.96398E+00
 -1      1087-1.20102E+00 4.00339E+01 2.01234E+00
 -1      1088-1.20005E+00 4.00016E+01 2.03602E+00
 -1      1093-1.23303E+00 3.99855E+01 1.99957E+00
 -1      1094-1.19936E+00 3.99640E+01 1.99892E+00
 -1      1095-1.16697E+00 4.00145E+01 2.00043E+00
 -1      1096-1.20064E+00 4.00360E+01 2.00108E+00
 -1      1127 1.20404E+00 4.00007E+01 1.96418E+00
 -1      1128 1.16848E+00 3.99999E+01 1.98249E+00
 -1      1129 1.19596E+00 3.99993E+01 2.03582E+00
 -1      1130 1.23152E+00 4.00001E+01 2.01751E+00
 -1      1135 1.19898E+00 3.99659E+01 1.98832E+00
 -1      1136 1.19993E+00 3.99977E+01 1.96402E+00
 -1      1137 1.20102E+00 4.00341E+01 2.01168E+00
 -1      1138 1.20007E+00 4.00023E+01 2.03598E+00
 -1      1143 1.16646E+00 3.99868E+01 2.00040E+00
 -1      1144 1.19931E+00 3.99640E+01 2.00108E+00
 -1      1145 1.23354E+00 4.00132E+01 1.99960E+00
 -1      1146 1.20069E+00 4.00360E+01 1.99892E+00
 -1      1177-1.19603E+00 4.99977E+01-3.57623E-02
 -1      1178-1.23148E+00 4.99968E+01-1.72678E-02
 -1      1179-1.20397E+00 5.00023E+01 3.57623E-02
 -1      1180-1.16852E+00 5.00032E+01 1.72678E-02
 -1      1185-1.20102E+00 4.99659E+01-1.16828E-02
 -1      1186-1.20007E+00 4.99977E+01-3.59798E-02
 -1      1187-1.19898E+00 5.00341E+01 1.16828E-02
 -1      1188-1.19993E+00 5.00023E+01 3.59798E-02
 -1      1193-1.23354E+00 4.99868E+01 3.96605E-04
 -1      1194-1.20069E+00 4.99640E+01 1.08098E-03
 -1      1195-1.16646E+00 5.00132E+01-3.96605E-04
 -1      1196-1.19931E+00 5.00360E+01-1.08098E-03
 -1      1227 1.20656E+00 4.99963E+01-3.52652E-02
 -1      1228 1.16986E+00 5.00001E+01-1.97939E-02
 -1      1229 1.19344E+00 5.00037E+01 3.52652E-02
 -1      1230 1.23014E+00 4.99999E+01 1.97939E-02
 -1      1235 1.20102E+00 4.99661E+01-1.23355E-02
 -1      1236 1.20005E+00 4.99984E+01-3.60180E-02
 -1      1237 1.19898E+00 5.00339E+01 1.23355E-02
 -1      1238 1.19995E+00 5.00016E+01 3.60180E-02
 -1      1243 1.16697E+00 4.99855E+01-4.33494E-04
 -1      1244 1.20064E+00 4.99640E+01-1.08101E-03
 -1      1245 1.23303E+00 5.00145E+01 4.33494E-04
 -1      1246 1.19936E+00 5.00360E+01 1.08101E-03
 -1      1277-1.19817E+00 5.00034E+01 1.96415E+00
 -1      1278-1.23247E+00 4.99994E+01 1.98433E+00
 -1      1279-1.20183E+00 4.99966E+01 2.03585E+00
 -1      1280-1.16753E+00 5.00006E+01 2.01567E+00
 -1      1285-1.19898E+00 4.99661E+01 1.98766E+00
 -1      1286-1.19995E+00 4.99984E+01 1.96398E+00
 -1      1287-1.20102E+00 5.00339E+01 2.01234E+00
 -1      1288-1.20005E+00 5.00016E+01 2.03602E+00
 -1      1293-1.23303E+00 4.99855E+01 1.99957E+00
 -1      1294-1.19936E+00 4.99640E+01 1.99892E+00
 -1      1295-1.16697E+00 5.00145E+01 2.00043E+00
 -1      1296-1.20064E+00 5.00360E+01 2.00108E+00
 -1      1327 1.20507E+00 5.00022E+01 1.96437E+00
 -1      1328 1.16907E+00 5.00033E+01 1.98177E+00
 -1      1329 1.19493E+00 4.99978E+01 2.03563E+00
 -1      1330 1.23093E+00 4.99967E+01 2.01823E+00
 -1      1335 1.19898E+00 4.99659E+01 1.98832E+00
 -1      1336 1.19993E+00 4.99977E+01 1.96402E+00
 -1      1337 1.20102E+00 5.00341E+01 2.01168E+00
 -1      1338 1.20007E+00 5.00023E+01 2.03598E+00
 -1      1343 1.16646E+00 4.99868E+01 2.00040E+00
 -1      1344 1.19931E+00 4.99640E+01 2.00108E+00
 -1      1345 1.23354E+00 5.00132E+01 1.99960E+00
 -1      1346 1.20069E+00 5.00360E+01 1.99892E+00
 -1      1377-1.19553E+00 5.00000E+00-1.85778E-01
 -1      1378-1.23131E+00 5.00000E+00-1.67883E-01
 -1      1379-1.20447E+00 5.00000E+00-1.14222E-01
 -1      1380-1.16869E+00 5.00000E+00-1.32117E-01
 -1      1385 1.20447E+00 5.00000E+00 1.14222E-01
 -1      1386 1.16869E+00 5.00000E+00 1.32117E-01
 -1      1387 1.19553E+00 5.00000E+00 1.85778E-01
 -1      1388 1.23131E+00 5.00000E+00 1.67883E-01
 -1      1393-1.19553E+00 5.00000E+00 1.81422E+00
 -1      1394-1.23131E+00 5.00000E+00 1.83212E+00
 -1      1395-1.20447E+00 5.00000E+00 1.88578E+00
 -1      1396-1.16869E+00 5.00000E+00 1.86788E+00
 -1      1401 1.20447E+00 5.00000E+00 2.11422E+00
 -1      1402 1.16869E+00 5.00000E+00 2.13212E+00
 -1      1403 1.19553E+00 5.00000E+00 2.18578E+00
 -1      1404 1.23131E+00 5.00000E+00 2.16788E+00
 -1      1409-1.19553E+00 1.50000E+01-1.85778E-01
 -1      1410-1.23131E+00 1.50000E+01-1.67883E-01
 -1      1411-1.20447E+00 1.50000E+01-1.14222E-01
 -1      1412-1.16869E+00 1.50000E+01-1.32117E-01
 -1      1417 1.20447E+00 1.50000E+01 1.14222E-01
 -1      1418 1.16869E+00 1.50000E+01 1.32117E-01
 -1      1419 1.19553E+00 1.50000E+01 1.85778E-01
 -1      1420 1.23131E+00 1.50000E+01 1.67883E-01
 -1      1425-1.19553E+00 1.50000E+01 1.81422E+00
 -1      1426-1.23131E+00 1.50000E+01 1.83212E+00
 -1      1427-1.20447E+00 1.50000E+01 1.88578E+00
 -1      1428-1.16869E+00 1.50000E+01 1.86788E+00
 -1      1433 1.20447E+00 1.50000E+01 2.11422E+00
 -1      1434 1.16869E+00 1.50000E+01 2.13212E+00
 -1      1435 1.19553E+00 1.50000E+01 2.18578E+00
 -1      1436 1.23131E+00 1.50000E+01 2.16788E+00
 -1      1441-1.19553E+00 4.50000E+01-1.85778E-01
 -1      1442-1.23131E+00 4.50000E+01-1.67883E-01
 -1      1443-1.20447E+00 4.50000E+01-1.14222E-01
 -1      1444-1.16869E+00 4.50000E+01-1.32117E-01
 -1      1449 1.20447E+00 4.50000E+01 1.14222E-01
 -1      1450 1.16869E+00 4.50000E+01 1.32117E-01
 -1      1451 1.19553E+00 4.50000E+01 1.85778E-01
 -1      1452 1.23131E+00 4.50000E+01 1.67883E-01
 -1      1457-1.19553E+00 4.50000E+01 1.81422E+00
 -1      1458-1.23131E+00 4.50000E+01 1.83212E+00
 -1      1459-1.20447E+00 4.50000E+01 1.88578E+00
 -1      1460-1.16869E+00 4.50000E+01 1.86788E+00
 -1      1465 1.20447E+00 4.50000E+01 2.11422E+00
 -1      1466 1.16869E+00 4.50000E+01 2.13212E+00
 -1      1467 1.19553E+00 4.50000E+01 2.18578E+00
 -1      1468 1.23131E+00 4.50000E+01 2.16788E+00
 -1      1473 0.00000E+00-6.99992E-02-1.20023E-02
 -1      1474 0.00000E+00-3.79975E-02-3.60001E-02
 -1      1475 0.00000E+00-2.00083E-03 1.20023E-02
 -1      1476 0.00000E+00-3.40025E-02 3.60001E-02
 -1      1481 0.00000E+00 2.00083E-03 1.98800E+00
 -1      1482 0.00000E+00 3.40025E-02 1.96400E+00
 -1      1483 0.00000E+00 6.99992E-02 2.01200E+00
 -1      1484 0.00000E+00 3.79975E-02 2.03600E+00
 -1      1489-1.23329E+00 1.61495E-02 1.00000E+00
 -1      1490-1.20002E+00-6.05551E-03 1.00000E+00
 -1      1491-1.16671E+00 4.38505E-02 1.00000E+00
 -1      1492-1.19998E+00 6.60555E-02 1.00000E+00
 -1      1497 1.16671E+00-4.38505E-02 1.00000E+00
 -1      1498 1.19998E+00-6.60555E-02 1.00000E+00
 -1      1499 1.23329E+00-1.61495E-02 1.00000E+00
 -1      1500 1.20002E+00 6.05551E-03 1.00000E+00
 -1      1505 0.00000E+00 1.99300E+01-1.20023E-02
 -1      1506 0.00000E+00 1.99620E+01-3.60001E-02
 -1      1507 0.00000E+00 1.99980E+01 1.20023E-02
 -1      1508 0.00000E+00 1.99660E+01 3.60001E-02
 -1      1513 0.00000E+00 2.00020E+01 1.98800E+00
 -1      1514 0.00000E+00 2.00340E+01 1.96400E+00
 -1      1515 0.00000E+00 2.00700E+01 2.01200E+00
 -1      1516 0.00000E+00 2.00380E+01 2.03600E+00
 -1      1521-1.23329E+00 2.00161E+01 1.00000E+00
 -1      1522-1.20002E+00 1.99939E+01 1.00000E+00
 -1      1523-1.16671E+00 2.00438E+01 1.00000E+00
 -1      1524-1.19998E+00 2.00661E+01 1.00000E+00
 -1      1529 1.16671E+00 1.99562E+01 1.00000E+00
 -1      1530 1.19998E+00 1.99339E+01 1.00000E+00
 -1      1531 1.23329E+00 1.99839E+01 1.00000E+00
 -1      1532 1.20002E+00 2.00061E+01 1.00000E+00
 -1      1537-6.01023E-01 2.99404E+01-1.16832E-02
 -1      1538-6.00070E-01 2.99722E+01-3.59798E-02
 -1      1539-5.98977E-01 3.00086E+01 1.16832E-02
 -1      1540-5.99930E-01 2.99769E+01 3.59798E-02
 -1      1545 0.00000E+00 2.99300E+01-1.20008E-02
 -1      1546 0.00000E+00 2.99620E+01-3.60000E-02
 -1      1547 0.00000E+00 2.99980E+01 1.20008E-02
 -1      1548 0.00000E+00 2.99660E+01 3.60000E-02
 -1      1553 6.01016E-01 2.99407E+01-1.23359E-02
 -1      1554 6.00049E-01 2.99729E+01-3.60180E-02
 -1      1555 5.98984E-01 3.00084E+01 1.23359E-02
 -1      1556 5.99951E-01 2.99762E+01 3.60180E-02
 -1      1561-5.98984E-01 2.99916E+01 1.98766E+00
 -1      1562-5.99951E-01 3.00238E+01 1.96398E+00
 -1      1563-6.01016E-01 3.00593E+01 2.01234E+00
 -1      1564-6.00049E-01 3.00271E+01 2.03602E+00
 -1      1569 0.00000E+00 3.00020E+01 1.98800E+00
 -1      1570 0.00000E+00 3.00340E+01 1.96400E+00
 -1      1571 0.00000E+00 3.00700E+01 2.01200E+00
 -1      1572 0.00000E+00 3.00380E+01 2.03600E+00
 -1      1577 5.98977E-01 2.99914E+01 1.98832E+00
 -1      1578 5.99930E-01 3.00231E+01 1.96402E+00
 -1      1579 6.01023E-01 3.00596E+01 2.01168E+00
 -1      1580 6.00070E-01 3.00278E+01 2.03598E+00
 -1      1585-1.23354E+00 3.00080E+01 5.00396E-01
 -1      1586-1.20070E+00 2.99852E+01 5.01081E-01
 -1      1587-1.16646E+00 3.00344E+01 4.99604E-01
 -1      1588-1.19930E+00 3.00572E+01 4.98919E-01
 -1      1593-1.23328E+00 3.00161E+01 1.00000E+00
 -1      1594-1.20001E+00 2.99939E+01 1.00000E+00
 -1      1595-1.16672E+00 3.00439E+01 1.00000E+00
 -1      1596-1.19999E+00 3.00661E+01 1.00000E+00
 -1      1601-1.23303E+00 3.00068E+01 1.49957E+00
 -1      1602-1.19936E+00 2.99852E+01 1.49892E+00
 -1      1603-1.16697E+00 3.00357E+01 1.50043E+00
 -1      1604-1.20064E+00 3.00572E+01 1.50108E+00
 -1      1609 1.16697E+00 2.99643E+01 4.99567E-01
 -1      1610 1.20064E+00 2.99428E+01 4.98919E-01
 -1      1611 1.23303E+00 2.99932E+01 5.00433E-01
 -1      1612 1.19936E+00 3.00148E+01 5.01081E-01
 -1      1617 1.16672E+00 2.99561E+01 1.00000E+00
 -1      1618 1.19999E+00 2.99339E+01 1.00000E+00
 -1      1619 1.23328E+00 2.99839E+01 1.00000E+00
 -1      1620 1.20001E+00 3.00061E+01 1.00000E+00
 -1      1625 1.16646E+00 2.99656E+01 1.50040E+00
 -1      1626 1.19930E+00 2.99428E+01 1.50108E+00
 -1      1627 1.23354E+00 2.99920E+01 1.49960E+00
 -1      1628 1.20070E+00 3.00148E+01 1.49892E+00
 -1      1633 0.00000E+00 3.99300E+01-1.20023E-02
 -1      1634 0.00000E+00 3.99620E+01-3.60001E-02
 -1      1635 0.00000E+00 3.99980E+01 1.20023E-02
 -1      1636 0.00000E+00 3.99660E+01 3.60001E-02
 -1      1641 0.00000E+00 4.00020E+01 1.98800E+00
 -1      1642 0.00000E+00 4.00340E+01 1.96400E+00
 -1      1643 0.00000E+00 4.00700E+01 2.01200E+00
 -1      1644 0.00000E+00 4.00380E+01 2.03600E+00
 -1      1649-1.23329E+00 4.00161E+01 1.00000E+00
 -1      1650-1.20002E+00 3.99939E+01 1.00000E+00
 -1      1651-1.16671E+00 4.00438E+01 1.00000E+00
 -1      1652-1.19998E+00 4.00661E+01 1.00000E+00
 -1      1657 1.16671E+00 3.99562E+01 1.00000E+00
 -1      1658 1.19998E+00 3.99339E+01 1.00000E+00
 -1      1659 1.23329E+00 3.99839E+01 1.00000E+00
 -1      1660 1.20002E+00 4.00061E+01 1.00000E+00
 -1      1665 0.00000E+00 4.99300E+01-1.20023E-02
 -1      1666 0.00000E+00 4.99620E+01-3.60001E-02
 -1      1667 0.00000E+00 4.99980E+01 1.20023E-02
 -1      1668 0.00000E+00 4.99660E+01 3.60001E-02
 -1      1673 0.00000E+00 5.00020E+01 1.98800E+00
 -1      1674 0.00000E+00 5.00340E+01 1.96400E+00
 -1      1675 0.00000E+00 5.00700E+01 2.01200E+00
 -1      1676 0.00000E+00 5.00380E+01 2.03600E+00
 -1      1681-1.23329E+00 5.00161E+01 1.00000E+00
 -1      1682-1.20002E+00 4.99939E+01 1.00000E+00
 -1      1683-1.16671E+00 5.00438E+01 1.00000E+00
 -1      1684-1.19998E+00 5.00661E+01 1.00000E+00
 -1      1689 1.16671E+00 4.99562E+01 1.00000E+00
 -1      1690 1.19998E+00 4.99339E+01 1.00000E+00
 -1      1691 1.23329E+00 4.99839E+01 1.00000E+00
 -1      1692 1.20002E+00 5.00061E+01 1.00000E+00
 -1      1697-1.19777E+00 2.52721E+00 3.58451E-01
 -1      1698-1.23236E+00 2.52386E+00 3.78258E-01
 -1      1699-1.20223E+00 2.51522E+00 4.29417E-01
 -1      1700-1.16764E+00 2.51856E+00 4.09610E-01
 -1      1705-1.19829E+00 5.03706E+00 8.14685E-01
 -1      1706-1.23259E+00 5.03303E+00 8.34866E-01
 -1      1707-1.20171E+00 5.02294E+00 8.85315E-01
 -1      1708-1.16741E+00 5.02697E+00 8.65134E-01
 -1      1713-1.19884E+00 7.52934E+00 1.35882E+00
 -1      1714-1.23282E+00 7.52458E+00 1.37939E+00
 -1      1715-1.20116E+00 7.51309E+00 1.42904E+00
 -1      1716-1.16718E+00 7.51785E+00 1.40848E+00
 -1      1721-1.19407E+00 2.51529E+00 1.57100E+00
 -1      1722-1.23055E+00 2.51802E+00 1.58719E+00
 -1      1723-1.20593E+00 2.52714E+00 1.64113E+00
 -1      1724-1.16945E+00 2.52440E+00 1.62495E+00
 -1      1729-1.19388E+00 5.02303E+00 1.11516E+00
 -1      1730-1.23044E+00 5.02621E+00 1.13106E+00
 -1      1731-1.20612E+00 5.03697E+00 1.18484E+00
 -1      1732-1.16956E+00 5.03379E+00 1.16894E+00
 -1      1737-1.19370E+00 7.51321E+00 5.71480E-01
 -1      1738-1.23034E+00 7.51682E+00 5.87095E-01
 -1      1739-1.20630E+00 7.52922E+00 6.40652E-01
 -1      1740-1.16966E+00 7.52560E+00 6.25037E-01
 -1      1745 1.20223E+00 2.52721E+00 3.58451E-01
 -1      1746 1.16764E+00 2.52386E+00 3.78258E-01
 -1      1747 1.19777E+00 2.51522E+00 4.29417E-01
 -1      1748 1.23236E+00 2.51856E+00 4.09610E-01
 -1      1753 1.20171E+00 5.03706E+00 8.14685E-01
 -1      1754 1.16741E+00 5.03303E+00 8.34866E-01
 -1      1755 1.19829E+00 5.02294E+00 8.85315E-01
 -1      1756 1.23259E+00 5.02697E+00 8.65134E-01
 -1      1761 1.20116E+00 7.52934E+00 1.35882E+00
 -1      1762 1.16718E+00 7.52458E+00 1.37939E+00
 -1      1763 1.19884E+00 7.51309E+00 1.42904E+00
 -1      1764 1.23282E+00 7.51785E+00 1.40848E+00
 -1      1769 1.20593E+00 2.51529E+00 1.57100E+00
 -1      1770 1.16945E+00 2.51802E+00 1.58719E+00
 -1      1771 1.19407E+00 2.52714E+00 1.64113E+00
 -1      1772 1.23055E+00 2.52440E+00 1.62495E+00
 -1      1777 1.20612E+00 5.02303E+00 1.11516E+00
 -1      1778 1.16956E+00 5.02621E+00 1.13106E+00
 -1      1779 1.19388E+00 5.03697E+00 1.18484E+00
 -1      1780 1.23044E+00 5.03379E+00 1.16894E+00
 -1      1785 1.20630E+00 7.51321E+00 5.71480E-01
 -1      1786 1.16966E+00 7.51682E+00 5.87095E-01
 -1      1787 1.19370E+00 7.52922E+00 6.40652E-01
 -1      1788 1.23034E+00 7.52560E+00 6.25037E-01
 -1      1793-4.83328E-01 2.47166E+00-3.43393E-02
 -1      1794-5.20442E-01 2.48175E+00-2.33534E-02
 -1      1795-5.04540E-01 2.47743E+00 3.43393E-02
 -1      1796-4.67426E-01 2.46734E+00 2.33534E-02
 -1      1801 1.59904E-01 4.96162E+00-3.45869E-02
 -1      1802 1.22764E-01 4.97054E+00-2.27046E-02
 -1      1803 1.40096E-01 4.96638E+00 3.45869E-02
 -1      1804 1.77236E-01 4.95746E+00 2.27046E-02
 -1      1809 7.15261E-01 7.47263E+00-3.48107E-02
 -1      1810 6.78146E-01 7.48037E+00-2.20585E-02
 -1      1811 6.96871E-01 7.47646E+00 3.48107E-02
 -1      1812 7.33986E-01 7.46872E+00 2.20585E-02
 -1      1817 4.93632E-01 2.47446E+00-3.60542E-02
 -1      1818 4.61704E-01 2.46578E+00-1.35783E-02
 -1      1819 4.94236E-01 2.47463E+00 3.60542E-02
 -1      1820 5.26164E-01 2.48331E+00 1.35783E-02
 -1      1825-1.49866E-01 4.96403E+00-3.60553E-02
 -1      1826-1.82311E-01 4.95625E+00-1.39944E-02
 -1      1827-1.50134E-01 4.96397E+00 3.60553E-02
 -1      1828-1.17689E-01 4.97175E+00 1.39944E-02
 -1      1833-7.05470E-01 7.47467E+00-3.60504E-02
 -1      1834-7.38413E-01 7.46780E+00-1.44278E-02
 -1      1835-7.06662E-01 7.47442E+00 3.60504E-02
 -1      1836-6.73719E-01 7.48129E+00 1.44278E-02
 -1      1841-4.83328E-01 2.47166E+00 1.96566E+00
 -1      1842-5.20442E-01 2.48175E+00 1.97665E+00
 -1      1843-5.04540E-01 2.47743E+00 2.03434E+00
 -1      1844-4.67426E-01 2.46734E+00 2.02335E+00
 -1      1849 1.59904E-01 4.96162E+00 1.96541E+00
 -1      1850 1.22764E-01 4.97054E+00 1.97730E+00
 -1      1851 1.40096E-01 4.96638E+00 2.03459E+00
 -1      1852 1.77236E-01 4.95746E+00 2.02270E+00
 -1      1857 7.15261E-01 7.47263E+00 1.96519E+00
 -1      1858 6.78146E-01 7.48037E+00 1.97794E+00
 -1      1859 6.96871E-01 7.47646E+00 2.03481E+00
 -1      1860 7.33986E-01 7.46872E+00 2.02206E+00
 -1      1865 4.93632E-01 2.47446E+00 1.96395E+00
 -1      1866 4.61704E-01 2.46578E+00 1.98642E+00
 -1      1867 4.94236E-01 2.47463E+00 2.03605E+00
 -1      1868 5.26164E-01 2.48331E+00 2.01358E+00
 -1      1873-1.49866E-01 4.96403E+00 1.96394E+00
 -1      1874-1.82311E-01 4.95625E+00 1.98601E+00
 -1      1875-1.50134E-01 4.96397E+00 2.03606E+00
 -1      1876-1.17689E-01 4.97175E+00 2.01399E+00
 -1      1881-7.05470E-01 7.47467E+00 1.96395E+00
 -1      1882-7.38413E-01 7.46780E+00 1.98557E+00
 -1      1883-7.06662E-01 7.47442E+00 2.03605E+00
 -1      1884-6.73719E-01 7.48129E+00 2.01443E+00
 -1      1889-1.19777E+00 1.25272E+01 3.58451E-01
 -1      1890-1.23236E+00 1.25239E+01 3.78258E-01
 -1      1891-1.20223E+00 1.25152E+01 4.29417E-01
 -1      1892-1.16764E+00 1.25186E+01 4.09610E-01
 -1      1897-1.19829E+00 1.50371E+01 8.14685E-01
 -1      1898-1.23259E+00 1.50330E+01 8.34866E-01
 -1      1899-1.20171E+00 1.50229E+01 8.85315E-01
 -1      1900-1.16741E+00 1.50270E+01 8.65134E-01
 -1      1905-1.19884E+00 1.75293E+01 1.35882E+00
 -1      1906-1.23282E+00 1.75246E+01 1.37939E+00
 -1      1907-1.20116E+00 1.75131E+01 1.42904E+00
 -1      1908-1.16718E+00 1.75178E+01 1.40848E+00
 -1      1913-1.19407E+00 1.25153E+01 1.57100E+00
 -1      1914-1.23055E+00 1.25180E+01 1.58719E+00
 -1      1915-1.20593E+00 1.25271E+01 1.64113E+00
 -1      1916-1.16945E+00 1.25244E+01 1.62495E+00
 -1      1921-1.19388E+00 1.50230E+01 1.11516E+00
 -1      1922-1.23044E+00 1.50262E+01 1.13106E+00
 -1      1923-1.20612E+00 1.50370E+01 1.18484E+00
 -1      1924-1.16956E+00 1.50338E+01 1.16894E+00
 -1      1929-1.19370E+00 1.75132E+01 5.71480E-01
 -1      1930-1.23034E+00 1.75168E+01 5.87095E-01
 -1      1931-1.20630E+00 1.75292E+01 6.40652E-01
 -1      1932-1.16966E+00 1.75256E+01 6.25037E-01
 -1      1937 1.20223E+00 1.25272E+01 3.58451E-01
 -1      1938 1.16764E+00 1.25239E+01 3.78258E-01
 -1      1939 1.19777E+00 1.25152E+01 4.29417E-01
 -1      1940 1.23236E+00 1.25186E+01 4.09610E-01
 -1      1945 1.20171E+00 1.50371E+01 8.14685E-01
 -1      1946 1.16741E+00 1.50330E+01 8.34866E-01
 -1      1947 1.19829E+00 1.50229E+01 8.85315E-01
 -1      1948 1.23259E+00 1.50270E+01 8.65134E-01
 -1      1953 1.20116E+00 1.75293E+01 1.35882E+00
 -1      1954 1.16718E+00 1.75246E+01 1.37939E+00
 -1      1955 1.19884E+00 1.75131E+01 1.42904E+00
 -1      1956 1.23282E+00 1.75178E+01 1.40848E+00
 -1      1961 1.20593E+00 1.25153E+01 1.57100E+00
 -1      1962 1.16945E+00 1.25180E+01 1.58719E+00
 -1      1963 1.19407E+00 1.25271E+01 1.64113E+00
 -1      1964 1.23055E+00 1.25244E+01 1.62495E+00
 -1      1969 1.20612E+00 1.50230E+01 1.11516E+00
 -1      1970 1.16956E+00 1.50262E+01 1.13106E+00
 -1      1971 1.19388E+00 1.50370E+01 1.18484E+00
 -1      1972 1.23044E+00 1.50338E+01 1.16894E+00
 -1      1977 1.20630E+00 1.75132E+01 5.71480E-01
 -1      1978 1.16966E+00 1.75168E+01 5.87095E-01
 -1      1979 1.19370E+00 1.75292E+01 6.40652E-01
 -1      1980 1.23034E+00 1.75256E+01 6.25037E-01
 -1      1985-4.83328E-01 1.24717E+01-3.43393E-02
 -1      1986-5.20442E-01 1.24818E+01-2.33534E-02
 -1      1987-5.04540E-01 1.24774E+01 3.43393E-02
 -1      1988-4.67426E-01 1.24673E+01 2.33534E-02
 -1      1993 1.59904E-01 1.49616E+01-3.45869E-02
 -1      1994 1.22764E-01 1.49705E+01-2.27046E-02
 -1      1995 1.40096E-01 1.49664E+01 3.45869E-02
 -1      1996 1.77236E-01 1.49575E+01 2.27046E-02
 -1      2001 7.15261E-01 1.74726E+01-3.48107E-02
 -1      2002 6.78146E-01 1.74804E+01-2.20585E-02
 -1      2003 6.96871E-01 1.74765E+01 3.48107E-02
 -1      2004 7.33986E-01 1.74687E+01 2.20585E-02
 -1      2009 4.93632E-01 1.24745E+01-3.60542E-02
 -1      2010 4.61704E-01 1.24658E+01-1.35783E-02
 -1      2011 4.94236E-01 1.24746E+01 3.60542E-02
 -1      2012 5.26164E-01 1.24833E+01 1.35783E-02
 -1      2017-1.49866E-01 1.49640E+01-3.60553E-02
 -1      2018-1.82311E-01 1.49562E+01-1.39944E-02
 -1      2019-1.50134E-01 1.49640E+01 3.60553E-02
 -1      2020-1.17689E-01 1.49718E+01 1.39944E-02
 -1      2025-7.05470E-01 1.74747E+01-3.60504E-02
 -1      2026-7.38413E-01 1.74678E+01-1.44278E-02
 -1      2027-7.06662E-01 1.74744E+01 3.60504E-02
 -1      2028-6.73719E-01 1.74813E+01 1.44278E-02
 -1      2033-4.83328E-01 1.24717E+01 1.96566E+00
 -1      2034-5.20442E-01 1.24818E+01 1.97665E+00
 -1      2035-5.04540E-01 1.24774E+01 2.03434E+00
 -1      2036-4.67426E-01 1.24673E+01 2.02335E+00
 -1      2041 1.59904E-01 1.49616E+01 1.96541E+00
 -1      2042 1.22764E-01 1.49705E+01 1.97730E+00
 -1      2043 1.40096E-01 1.49664E+01 2.03459E+00
 -1      2044 1.77236E-01 1.49575E+01 2.02270E+00
 -1      2049 7.15261E-01 1.74726E+01 1.96519E+00
 -1      2050 6.78146E-01 1.74804E+01 1.97794E+00
 -1      2051 6.96871E-01 1.74765E+01 2.03481E+00
 -1      2052 7.33986E-01 1.74687E+01 2.02206E+00
 -1      2057 4.93632E-01 1.24745E+01 1.96395E+00
 -1      2058 4.61704E-01 1.24658E+01 1.98642E+00
 -1      2059 4.94236E-01 1.24746E+01 2.03605E+00
 -1      2060 5.26164E-01 1.24833E+01 2.01358E+00
 -1      2065-1.49866E-01 1.49640E+01 1.96394E+00
 -1      2066-1.82311E-01 1.49562E+01 1.98601E+00
 -1      2067-1.50134E-01 1.49640E+01 2.03606E+00
 -1      2068-1.17689E-01 1.49718E+01 2.01399E+00
 -1      2073-7.05470E-01 1.74747E+01 1.96395E+00
 -1      2074-7.38413E-01 1.74678E+01 1.98557E+00
 -1      2075-7.06662E-01 1.74744E+01 2.03605E+00
 -1      2076-6.73719E-01 1.74813E+01 2.01443E+00
 -1      2081-1.19830E+00 3.50371E+01 8.14684E-01
 -1      2082-1.23259E+00 3.50330E+01 8.34874E-01
 -1      2083-1.20170E+00 3.50229E+01 8.85316E-01
 -1      2084-1.16741E+00 3.50270E+01 8.65126E-01
 -1      2089-1.19388E+00 3.50230E+01 1.11516E+00
 -1      2090-1.23044E+00 3.50262E+01 1.13106E+00
 -1      2091-1.20612E+00 3.50370E+01 1.18484E+00
 -1      2092-1.16956E+00 3.50338E+01 1.16894E+00
 -1      2097 1.20170E+00 3.50371E+01 8.14684E-01
 -1      2098 1.16741E+00 3.50330E+01 8.34874E-01
 -1      2099 1.19830E+00 3.50229E+01 8.85316E-01
 -1      2100 1.23259E+00 3.50270E+01 8.65126E-01
 -1      2105 1.20612E+00 3.50230E+01 1.11516E+00
 -1      2106 1.16956E+00 3.50262E+01 1.13106E+00
 -1      2107 1.19388E+00 3.50370E+01 1.18484E+00
 -1      2108 1.23044E+00 3.50338E+01 1.16894E+00
 -1      2113 1.59908E-01 3.49616E+01-3.45858E-02
 -1      2114 1.22767E-01 3.49705E+01-2.27077E-02
 -1      2115 1.40092E-01 3.49664E+01 3.45858E-02
 -1      2116 1.77233E-01 3.49575E+01 2.27077E-02
 -1      2121-1.49864E-01 3.49640E+01-3.60552E-02
 -1      2122-1.82310E-01 3.49562E+01-1.39967E-02
 -1      2123-1.50136E-01 3.49640E+01 3.60552E-02
 -1      2124-1.17690E-01 3.49718E+01 1.39967E-02
 -1      2129 1.59908E-01 3.49616E+01 1.96541E+00
 -1      2130 1.22767E-01 3.49705E+01 1.97729E+00
 -1      2131 1.40092E-01 3.49664E+01 2.03459E+00
 -1      2132 1.77233E-01 3.49575E+01 2.02271E+00
 -1      2137-1.49864E-01 3.49640E+01 1.96394E+00
 -1      2138-1.82310E-01 3.49562E+01 1.98600E+00
 -1      2139-1.50136E-01 3.49640E+01 2.03606E+00
 -1      2140-1.17690E-01 3.49718E+01 2.01400E+00
 -1      2145-1.19757E+00 4.12670E+01 1.57055E-01
 -1      2146-1.23227E+00 4.12640E+01 1.76710E-01
 -1      2147-1.20243E+00 4.12559E+01 2.28140E-01
 -1      2148-1.16773E+00 4.12590E+01 2.08485E-01
 -1      2153-1.19773E+00 4.25271E+01 3.58438E-01
 -1      2154-1.23234E+00 4.25238E+01 3.78214E-01
 -1      2155-1.20227E+00 4.25153E+01 4.29430E-01
 -1      2156-1.16766E+00 4.25186E+01 4.09654E-01
 -1      2161-1.19798E+00 4.37842E+01 5.76000E-01
 -1      2162-1.23245E+00 4.37805E+01 5.95959E-01
 -1      2163-1.20202E+00 4.37713E+01 6.46836E-01
 -1      2164-1.16755E+00 4.37749E+01 6.26877E-01
 -1      2169-1.19828E+00 4.50371E+01 8.14685E-01
 -1      2170-1.23258E+00 4.50330E+01 8.34863E-01
 -1      2171-1.20172E+00 4.50229E+01 8.85315E-01
 -1      2172-1.16742E+00 4.50270E+01 8.65137E-01
 -1      2177-1.19860E+00 4.62854E+01 1.07622E+00
 -1      2178-1.23272E+00 4.62809E+01 1.09662E+00
 -1      2179-1.20140E+00 4.62700E+01 1.14662E+00
 -1      2180-1.16728E+00 4.62745E+01 1.12622E+00
 -1      2185-1.19888E+00 4.75294E+01 1.35884E+00
 -1      2186-1.23284E+00 4.75246E+01 1.37943E+00
 -1      2187-1.20112E+00 4.75130E+01 1.42902E+00
 -1      2188-1.16716E+00 4.75178E+01 1.40843E+00
 -1      2193-1.19908E+00 4.87700E+01 1.65759E+00
 -1      2194-1.23292E+00 4.87650E+01 1.67830E+00
 -1      2195-1.20092E+00 4.87529E+01 1.72761E+00
 -1      2196-1.16708E+00 4.87580E+01 1.70689E+00
 -1      2201-1.19416E+00 4.12560E+01 1.77225E+00
 -1      2202-1.23060E+00 4.12585E+01 1.78856E+00
 -1      2203-1.20584E+00 4.12670E+01 1.84256E+00
 -1      2204-1.16940E+00 4.12644E+01 1.82625E+00
 -1      2209-1.19409E+00 4.25154E+01 1.57098E+00
 -1      2210-1.23056E+00 4.25181E+01 1.58719E+00
 -1      2211-1.20591E+00 4.25271E+01 1.64115E+00
 -1      2212-1.16944E+00 4.25244E+01 1.62494E+00
 -1      2217-1.19399E+00 4.37714E+01 1.35360E+00
 -1      2218-1.23051E+00 4.37743E+01 1.36967E+00
 -1      2219-1.20601E+00 4.37841E+01 1.42356E+00
 -1      2220-1.16949E+00 4.37812E+01 1.40749E+00
 -1      2225-1.19388E+00 4.50230E+01 1.11516E+00
 -1      2226-1.23044E+00 4.50262E+01 1.13106E+00
 -1      2227-1.20612E+00 4.50370E+01 1.18484E+00
 -1      2228-1.16956E+00 4.50338E+01 1.16894E+00
 -1      2233-1.19377E+00 4.62701E+01 8.53886E-01
 -1      2234-1.23038E+00 4.62736E+01 8.69618E-01
 -1      2235-1.20623E+00 4.62853E+01 9.23278E-01
 -1      2236-1.16962E+00 4.62819E+01 9.07546E-01
 -1      2241-1.19368E+00 4.75131E+01 5.71502E-01
 -1      2242-1.23034E+00 4.75168E+01 5.87093E-01
 -1      2243-1.20632E+00 4.75293E+01 6.40630E-01
 -1      2244-1.16966E+00 4.75257E+01 6.25039E-01
 -1      2249-1.19363E+00 4.87531E+01 2.72930E-01
 -1      2250-1.23031E+00 4.87568E+01 2.88429E-01
 -1      2251-1.20637E+00 4.87699E+01 3.41875E-01
 -1      2252-1.16969E+00 4.87661E+01 3.26376E-01
 -1      2257 1.20243E+00 4.12670E+01 1.57055E-01
 -1      2258 1.16773E+00 4.12640E+01 1.76710E-01
 -1      2259 1.19757E+00 4.12559E+01 2.28140E-01
 -1      2260 1.23227E+00 4.12590E+01 2.08485E-01
 -1      2265 1.20227E+00 4.25271E+01 3.58438E-01
 -1      2266 1.16766E+00 4.25238E+01 3.78214E-01
 -1      2267 1.19773E+00 4.25153E+01 4.29430E-01
 -1      2268 1.23234E+00 4.25186E+01 4.09654E-01
 -1      2273 1.20202E+00 4.37842E+01 5.76000E-01
 -1      2274 1.16755E+00 4.37805E+01 5.95959E-01
 -1      2275 1.19798E+00 4.37713E+01 6.46836E-01
 -1      2276 1.23245E+00 4.37749E+01 6.26877E-01
 -1      2281 1.20172E+00 4.50371E+01 8.14685E-01
 -1      2282 1.16742E+00 4.50330E+01 8.34863E-01
 -1      2283 1.19828E+00 4.50229E+01 8.85315E-01
 -1      2284 1.23258E+00 4.50270E+01 8.65137E-01
 -1      2289 1.20140E+00 4.62854E+01 1.07622E+00
 -1      2290 1.16728E+00 4.62809E+01 1.09662E+00
 -1      2291 1.19860E+00 4.62700E+01 1.14662E+00
 -1      2292 1.23272E+00 4.62745E+01 1.12622E+00
 -1      2297 1.20112E+00 4.75294E+01 1.35884E+00
 -1      2298 1.16716E+00 4.75246E+01 1.37943E+00
 -1      2299 1.19888E+00 4.75130E+01 1.42902E+00
 -1      2300 1.23284E+00 4.75178E+01 1.40843E+00
 -1      2305 1.20092E+00 4.87700E+01 1.65759E+00
 -1      2306 1.16708E+00 4.87650E+01 1.67830E+00
 -1      2307 1.19908E+00 4.87529E+01 1.72761E+00
 -1      2308 1.23292E+00 4.87580E+01 1.70689E+00
 -1      2313 1.20584E+00 4.12560E+01 1.77225E+00
 -1      2314 1.16940E+00 4.12585E+01 1.78856E+00
 -1      2315 1.19416E+00 4.12670E+01 1.84256E+00
 -1      2316 1.23060E+00 4.12644E+01 1.82625E+00
 -1      2321 1.20591E+00 4.25154E+01 1.57098E+00
 -1      2322 1.16944E+00 4.25181E+01 1.58719E+00
 -1      2323 1.19409E+00 4.25271E+01 1.64115E+00
 -1      2324 1.23056E+00 4.25244E+01 1.62494E+00
 -1      2329 1.20601E+00 4.37714E+01 1.35360E+00
 -1      2330 1.16949E+00 4.37743E+01 1.36967E+00
 -1      2331 1.19399E+00 4.37841E+01 1.42356E+00
 -1      2332 1.23051E+00 4.37812E+01 1.40749E+00
 -1      2337 1.20612E+00 4.50230E+01 1.11516E+00
 -1      2338 1.16956E+00 4.50262E+01 1.13106E+00
 -1      2339 1.19388E+00 4.50370E+01 1.18484E+00
 -1      2340 1.23044E+00 4.50338E+01 1.16894E+00
 -1      2345 1.20623E+00 4.62701E+01 8.53886E-01
 -1      2346 1.16962E+00 4.62736E+01 8.69618E-01
 -1      2347 1.19377E+00 4.62853E+01 9.23278E-01
 -1      2348 1.23038E+00 4.62819E+01 9.07546E-01
 -1      2353 1.20632E+00 4.75131E+01 5.71502E-01
 -1      2354 1.16966E+00 4.75168E+01 5.87093E-01
 -1      2355 1.19368E+00 4.75293E+01 6.40630E-01
 -1      2356 1.23034E+00 4.75257E+01 6.25039E-01
 -1      2361 1.20637E+00 4.87531E+01 2.72930E-01
 -1      2362 1.16969E+00 4.87568E+01 2.88429E-01
 -1      2363 1.19363E+00 4.87699E+01 3.41875E-01
 -1      2364 1.23031E+00 4.87661E+01 3.26376E-01
 -1      2369-8.31704E-01 4.12331E+01-3.42295E-02
 -1      2370-8.68791E-01 4.12437E+01-2.36225E-02
 -1      2371-8.53491E-01 4.12393E+01 3.42295E-02
 -1      2372-8.16404E-01 4.12287E+01 2.36225E-02
 -1      2377-4.83271E-01 4.24716E+01-3.43179E-02
 -1      2378-5.20380E-01 4.24818E+01-2.34066E-02
 -1      2379-5.04597E-01 4.24775E+01 3.43179E-02
 -1      2380-4.67488E-01 4.24673E+01 2.34066E-02
 -1      2385-1.51102E-01 4.37141E+01-3.44451E-02
 -1      2386-1.88233E-01 4.37237E+01-2.30837E-02
 -1      2387-1.71734E-01 4.37194E+01 3.44451E-02
 -1      2388-1.34603E-01 4.37098E+01 2.30837E-02
 -1      2393 1.59903E-01 4.49616E+01-3.45874E-02
 -1      2394 1.22764E-01 4.49705E+01-2.27035E-02
 -1      2395 1.40097E-01 4.49664E+01 3.45874E-02
 -1      2396 1.77236E-01 4.49575E+01 2.27035E-02
 -1      2401 4.48070E-01 4.62146E+01-3.47212E-02
 -1      2402 4.10939E-01 4.62229E+01-2.23246E-02
 -1      2403 4.29094E-01 4.62188E+01 3.47212E-02
 -1      2404 4.66225E-01 4.62106E+01 2.23246E-02
 -1      2409 7.15201E-01 4.74727E+01-3.48283E-02
 -1      2410 6.78091E-01 4.74803E+01-2.20050E-02
 -1      2411 6.96931E-01 4.74764E+01 3.48283E-02
 -1      2412 7.34041E-01 4.74688E+01 2.20050E-02
 -1      2417 9.66302E-01 4.87345E+01-3.48965E-02
 -1      2418 9.29212E-01 4.87417E+01-2.17923E-02
 -1      2419 9.48503E-01 4.87380E+01 3.48965E-02
 -1      2420 9.85593E-01 4.87307E+01 2.17923E-02
 -1      2425 8.42124E-01 4.12361E+01-3.60521E-02
 -1      2426 8.10413E-01 4.12270E+01-1.34113E-02
 -1      2427 8.43071E-01 4.12364E+01 3.60521E-02
 -1      2428 8.74781E-01 4.12454E+01 1.34113E-02
 -1      2433 4.93597E-01 4.24745E+01-3.60538E-02
 -1      2434 4.61712E-01 4.24657E+01-1.35445E-02
 -1      2435 4.94271E-01 4.24746E+01 3.60538E-02
 -1      2436 5.26156E-01 4.24834E+01 1.35445E-02
 -1      2441 1.61293E-01 4.37167E+01-3.60553E-02
 -1      2442 1.29148E-01 4.37084E+01-1.37478E-02
 -1      2443 1.61544E-01 4.37168E+01 3.60553E-02
 -1      2444 1.93688E-01 4.37251E+01 1.37478E-02
 -1      2449-1.49867E-01 4.49640E+01-3.60553E-02
 -1      2450-1.82312E-01 4.49562E+01-1.39935E-02
 -1      2451-1.50133E-01 4.49640E+01 3.60553E-02
 -1      2452-1.17688E-01 4.49718E+01 1.39935E-02
 -1      2457-4.38181E-01 4.62168E+01-3.60532E-02
 -1      2458-4.70920E-01 4.62096E+01-1.42455E-02
 -1      2459-4.38983E-01 4.62167E+01 3.60532E-02
 -1      2460-4.06244E-01 4.62239E+01 1.42455E-02
 -1      2465-7.05431E-01 4.74747E+01-3.60497E-02
 -1      2466-7.38414E-01 4.74679E+01-1.44640E-02
 -1      2467-7.06701E-01 4.74744E+01 3.60497E-02
 -1      2468-6.73718E-01 4.74812E+01 1.44640E-02
 -1      2473-9.56607E-01 4.87364E+01-3.60464E-02
 -1      2474-9.89751E-01 4.87299E+01-1.46123E-02
 -1      2475-9.58198E-01 4.87361E+01 3.60464E-02
 -1      2476-9.25054E-01 4.87425E+01 1.46123E-02
 -1      2481-8.31704E-01 4.12331E+01 1.96577E+00
 -1      2482-8.68791E-01 4.12437E+01 1.97638E+00
 -1      2483-8.53491E-01 4.12393E+01 2.03423E+00
 -1      2484-8.16404E-01 4.12287E+01 2.02362E+00
 -1      2489-4.83271E-01 4.24716E+01 1.96568E+00
 -1      2490-5.20380E-01 4.24818E+01 1.97659E+00
 -1      2491-5.04597E-01 4.24775E+01 2.03432E+00
 -1      2492-4.67488E-01 4.24673E+01 2.02341E+00
 -1      2497-1.51102E-01 4.37141E+01 1.96555E+00
 -1      2498-1.88233E-01 4.37237E+01 1.97692E+00
 -1      2499-1.71734E-01 4.37194E+01 2.03445E+00
 -1      2500-1.34603E-01 4.37098E+01 2.02308E+00
 -1      2505 1.59903E-01 4.49616E+01 1.96541E+00
 -1      2506 1.22764E-01 4.49705E+01 1.97730E+00
 -1      2507 1.40097E-01 4.49664E+01 2.03459E+00
 -1      2508 1.77236E-01 4.49575E+01 2.02270E+00
 -1      2513 4.48070E-01 4.62146E+01 1.96528E+00
 -1      2514 4.10939E-01 4.62229E+01 1.97768E+00
 -1      2515 4.29094E-01 4.62188E+01 2.03472E+00
 -1      2516 4.66225E-01 4.62106E+01 2.02232E+00
 -1      2521 7.15201E-01 4.74727E+01 1.96517E+00
 -1      2522 6.78091E-01 4.74803E+01 1.97800E+00
 -1      2523 6.96931E-01 4.74764E+01 2.03483E+00
 -1      2524 7.34041E-01 4.74688E+01 2.02200E+00
 -1      2529 9.66302E-01 4.87345E+01 1.96510E+00
 -1      2530 9.29212E-01 4.87417E+01 1.97821E+00
 -1      2531 9.48503E-01 4.87380E+01 2.03490E+00
 -1      2532 9.85593E-01 4.87307E+01 2.02179E+00
 -1      2537 8.42124E-01 4.12361E+01 1.96395E+00
 -1      2538 8.10413E-01 4.12270E+01 1.98659E+00
 -1      2539 8.43071E-01 4.12364E+01 2.03605E+00
 -1      2540 8.74781E-01 4.12454E+01 2.01341E+00
 -1      2545 4.93597E-01 4.24745E+01 1.96395E+00
 -1      2546 4.61712E-01 4.24657E+01 1.98646E+00
 -1      2547 4.94271E-01 4.24746E+01 2.03605E+00
 -1      2548 5.26156E-01 4.24834E+01 2.01354E+00
 -1      2553 1.61293E-01 4.37167E+01 1.96394E+00
 -1      2554 1.29148E-01 4.37084E+01 1.98625E+00
 -1      2555 1.61544E-01 4.37168E+01 2.03606E+00
 -1      2556 1.93688E-01 4.37251E+01 2.01375E+00
 -1      2561-1.49867E-01 4.49640E+01 1.96394E+00
 -1      2562-1.82312E-01 4.49562E+01 1.98601E+00
 -1      2563-1.50133E-01 4.49640E+01 2.03606E+00
 -1      2564-1.17688E-01 4.49718E+01 2.01399E+00
 -1      2569-4.38181E-01 4.62168E+01 1.96395E+00
 -1      2570-4.70920E-01 4.62096E+01 1.98575E+00
 -1      2571-4.38983E-01 4.62167E+01 2.03605E+00
 -1      2572-4.06244E-01 4.62239E+01 2.01425E+00
 -1      2577-7.05431E-01 4.74747E+01 1.96395E+00
 -1      2578-7.38414E-01 4.74679E+01 1.98554E+00
 -1      2579-7.06701E-01 4.74744E+01 2.03605E+00
 -1      2580-6.73718E-01 4.74812E+01 2.01446E+00
 -1      2585-9.56607E-01 4.87364E+01 1.96395E+00
 -1      2586-9.89751E-01 4.87299E+01 1.98539E+00
 -1      2587-9.58198E-01 4.87361E+01 2.03605E+00
 -1      2588-9.25054E-01 4.87425E+01 2.01461E+00
 -3
    3C                           236                                     1
 -1         1    1    0    1
 -2       177      1377      1378       178       180      1380      1379       179
 -1         2    1    0    1
 -2      1377       377       378      1378      1380       380       379      1379
 -1         3    1    0    1
 -2       227      1385      1386       228       230      1388      1387       229
 -1         4    1    0    1
 -2      1385       427       428      1386      1388       430       429      1387
 -1         5    1    0    1
 -2       277      1393      1394       278       280      1396      1395       279
 -1         6    1    0    1
 -2      1393       477       478      1394      1396       480       479      1395
 -1         7    1    0    1
 -2       327      1401      1402       328       330      1404      1403       329
 -1         8    1    0    1
 -2      1401       527       528      1402      1404       530       529      1403
 -1         9    1    0    1
 -2       377      1409      1410       378       380      1412      1411       379
 -1        10    1    0    1
 -2      1409       577       578      1410      1412       580       579      1411
 -1        11    1    0    1
 -2       427      1417      1418       428       430      1420      1419       429
 -1        12    1    0    1
 -2      1417       627       628      1418      1420       630       629      1419
 -1        13    1    0    1
 -2       477      1425      1426       478       480      1428      1427       479
 -1        14    1    0    1
 -2      1425       677       678      1426      1428       680       679      1427
 -1        15    1    0    1
 -2       527      1433      1434       528       530      1436      1435       529
 -1        16    1    0    1
 -2      1433       727       728      1434      1436       730       729      1435
 -1        17    1    0    1
 -2       577       777       778       578       580       780       779       579
 -1        18    1    0    1
 -2       627       827       828       628       630       830       829       629
 -1        19    1    0    1
 -2       677       877       878       678       680       880       879       679
 -1        20    1    0    1
 -2       727       927       928       728       730       930       929       729
 -1        21    1    0    1
 -2       777       977       978       778       780       980       979       779
 -1        22    1    0    1
 -2       827      1027      1028       828       830      1030      1029       829
 -1        23    1    0    1
 -2       877      1077      1078       878       880      1080      1079       879
 -1        24    1    0    1
 -2       927      1127      1128       928       930      1130      1129       929
 -1        25    1    0    1
 -2       977      1441      1442       978       980      1444      1443       979
 -1        26    1    0    1
 -2      1441      1177      1178      1442      1444      1180      1179      1443
 -1        27    1    0    1
 -2      1027      1449      1450      1028      1030      1452      1451      1029
 -1        28    1    0    1
 -2      1449      1227      1228      1450      1452      1230      1229      1451
 -1        29    1    0    1
 -2      1077      1457      1458      1078      1080      1460      1459      1079
 -1        30    1    0    1
 -2      1457      1277      1278      1458      1460      1280      1279      1459
 -1        31    1    0    1
 -2      1127      1465      1466      1128      1130      1468      1467      1129
 -1        32    1    0    1
 -2      1465      1327      1328      1466      1468      1330      1329      1467
 -1        33    1    0    1
 -2       185      1473      1474       186       188      1476      1475       187
 -1        34    1    0    1
 -2      1473       235       236      1474      1476       238       237      1475
 -1        35    1    0    1
 -2       285      1481      1482       286       288      1484      1483       287
 -1        36    1    0    1
 -2      1481       335       336      1482      1484       338       337      1483
 -1        37    1    0    1
 -2       193      1489      1490       194       196      1492      1491       195
 -1        38    1    0    1
 -2      1489       293       294      1490      1492       296       295      1491
 -1        39    1    0    1
 -2       243      1497      1498       244       246      1500      1499       245
 -1        40    1    0    1
 -2      1497       343       344      1498      1500       346       345      1499
 -1        41    1    0    1
 -2       385       435       436       386       388       438       437       387
 -1        42    1    0    1
 -2       485       535       536       486       488       538       537       487
 -1        43    1    0    1
 -2       393       493       494       394       396       496       495       395
 -1        44    1    0    1
 -2       443       543       544       444       446       546       545       445
 -1        45    1    0    1
 -2       585      1505      1506       586       588      1508      1507       587
 -1        46    1    0    1
 -2      1505       635       636      1506      1508       638       637      1507
 -1        47    1    0    1
 -2       685      1513      1514       686       688      1516      1515       687
 -1        48    1    0    1
 -2      1513       735       736      1514      1516       738       737      1515
 -1        49    1    0    1
 -2       593      1521      1522       594       596      1524      1523       595
 -1        50    1    0    1
 -2      1521       693       694      1522      1524       696       695      1523
 -1        51    1    0    1
 -2       643      1529      1530       644       646      1532      1531       645
 -1        52    1    0    1
 -2      1529       743       744      1530      1532       746       745      1531
 -1        53    1    0    1
 -2       785      1537      1538       786       788      1540      1539       787
 -1        54    1    0    1
 -2      1537      1545      1546      1538      1540      1548      1547      1539
 -1        55    1    0    1
 -2      1545      1553      1554      1546      1548      1556      1555      1547
 -1        56    1    0    1
 -2      1553       835       836      1554      1556       838       837      1555
 -1        57    1    0    1
 -2       885      1561      1562       886       888      1564      1563       887
 -1        58    1    0    1
 -2      1561      1569      1570      1562      1564      1572      1571      1563
 -1        59    1    0    1
 -2      1569      1577      1578      1570      1572      1580      1579      1571
 -1        60    1    0    1
 -2      1577       935       936      1578      1580       938       937      1579
 -1        61    1    0    1
 -2       793      1585      1586       794       796      1588      1587       795
 -1        62    1    0    1
 -2      1585      1593      1594      1586      1588      1596      1595      1587
 -1        63    1    0    1
 -2      1593      1601      1602      1594      1596      1604      1603      1595
 -1        64    1    0    1
 -2      1601       893       894      1602      1604       896       895      1603
 -1        65    1    0    1
 -2       843      1609      1610       844       846      1612      1611       845
 -1        66    1    0    1
 -2      1609      1617      1618      1610      1612      1620      1619      1611
 -1        67    1    0    1
 -2      1617      1625      1626      1618      1620      1628      1627      1619
 -1        68    1    0    1
 -2      1625       943       944      1626      1628       946       945      1627
 -1        69    1    0    1
 -2       985      1633      1634       986       988      1636      1635       987
 -1        70    1    0    1
 -2      1633      1035      1036      1634      1636      1038      1037      1635
 -1        71    1    0    1
 -2      1085      1641      1642      1086      1088      1644      1643      1087
 -1        72    1    0    1
 -2      1641      1135      1136      1642      1644      1138      1137      1643
 -1        73    1    0    1
 -2       993      1649      1650       994       996      1652      1651       995
 -1        74    1    0    1
 -2      1649      1093      1094      1650      1652      1096      1095      1651
 -1        75    1    0    1
 -2      1043      1657      1658      1044      1046      1660      1659      1045
 -1        76    1    0    1
 -2      1657      1143      1144      1658      1660      1146      1145      1659
 -1        77    1    0    1
 -2      1185      1665      1666      1186      1188      1668      1667      1187
 -1        78    1    0    1
 -2      1665      1235      1236      1666      1668      1238      1237      1667
 -1        79    1    0    1
 -2      1285      1673      1674      1286      1288      1676      1675      1287
 -1        80    1    0    1
 -2      1673      1335      1336      1674      1676      1338      1337      1675
 -1        81    1    0    1
 -2      1193      1681      1682      1194      1196      1684      1683      1195
 -1        82    1    0    1
 -2      1681      1293      1294      1682      1684      1296      1295      1683
 -1        83    1    0    1
 -2      1243      1689      1690      1244      1246      1692      1691      1245
 -1        84    1    0    1
 -2      1689      1343      1344      1690      1692      1346      1345      1691
 -1        85    1    0    1
 -2       177      1697      1698       178       180      1700      1699       179
 -1        86    1    0    1
 -2      1697      1705      1706      1698      1700      1708      1707      1699
 -1        87    1    0    1
 -2      1705      1713      1714      1706      1708      1716      1715      1707
 -1        88    1    0    1
 -2      1713       477       478      1714      1716       480       479      1715
 -1        89    1    0    1
 -2       277      1721      1722       278       280      1724      1723       279
 -1        90    1    0    1
 -2      1721      1729      1730      1722      1724      1732      1731      1723
 -1        91    1    0    1
 -2      1729      1737      1738      1730      1732      1740      1739      1731
 -1        92    1    0    1
 -2      1737       377       378      1738      1740       380       379      1739
 -1        93    1    0    1
 -2       227      1745      1746       228       230      1748      1747       229
 -1        94    1    0    1
 -2      1745      1753      1754      1746      1748      1756      1755      1747
 -1        95    1    0    1
 -2      1753      1761      1762      1754      1756      1764      1763      1755
 -1        96    1    0    1
 -2      1761       527       528      1762      1764       530       529      1763
 -1        97    1    0    1
 -2       327      1769      1770       328       330      1772      1771       329
 -1        98    1    0    1
 -2      1769      1777      1778      1770      1772      1780      1779      1771
 -1        99    1    0    1
 -2      1777      1785      1786      1778      1780      1788      1787      1779
 -1       100    1    0    1
 -2      1785       427       428      1786      1788       430       429      1787
 -1       101    1    0    1
 -2       177      1793      1794       178       180      1796      1795       179
 -1       102    1    0    1
 -2      1793      1801      1802      1794      1796      1804      1803      1795
 -1       103    1    0    1
 -2      1801      1809      1810      1802      1804      1812      1811      1803
 -1       104    1    0    1
 -2      1809       427       428      1810      1812       430       429      1811
 -1       105    1    0    1
 -2       227      1817      1818       228       230      1820      1819       229
 -1       106    1    0    1
 -2      1817      1825      1826      1818      1820      1828      1827      1819
 -1       107    1    0    1
 -2      1825      1833      1834      1826      1828      1836      1835      1827
 -1       108    1    0    1
 -2      1833       377       378      1834      1836       380       379      1835
 -1       109    1    0    1
 -2       277      1841      1842       278       280      1844      1843       279
 -1       110    1    0    1
 -2      1841      1849      1850      1842      1844      1852      1851      1843
 -1       111    1    0    1
 -2      1849      1857      1858      1850      1852      1860      1859      1851
 -1       112    1    0    1
 -2      1857       527       528      1858      1860       530       529      1859
 -1       113    1    0    1
 -2       327      1865      1866       328       330      1868      1867       329
 -1       114    1    0    1
 -2      1865      1873      1874      1866      1868      1876      1875      1867
 -1       115    1    0    1
 -2      1873      1881      1882      1874      1876      1884      1883      1875
 -1       116    1    0    1
 -2      1881       477       478      1882      1884       480       479      1883
 -1       117    1    0    1
 -2       377      1889      1890       378       380      1892      1891       379
 -1       118    1    0    1
 -2      1889      1897      1898      1890      1892      1900      1899      1891
 -1       119    1    0    1
 -2      1897      1905      1906      1898      1900      1908      1907      1899
 -1       120    1    0    1
 -2      1905       677       678      1906      1908       680       679      1907
 -1       121    1    0    1
 -2       477      1913      1914       478       480      1916      1915       479
 -1       122    1    0    1
 -2      1913      1921      1922      1914      1916      1924      1923      1915
 -1       123    1    0    1
 -2      1921      1929      1930      1922      1924      1932      1931      1923
 -1       124    1    0    1
 -2      1929       577       578      1930      1932       580       579      1931
 -1       125    1    0    1
 -2       427      1937      1938       428       430      1940      1939       429
 -1       126    1    0    1
 -2      1937      1945      1946      1938      1940      1948      1947      1939
 -1       127    1    0    1
 -2      1945      1953      1954      1946      1948      1956      1955      1947
 -1       128    1    0    1
 -2      1953       727       728      1954      1956       730       729      1955
 -1       129    1    0    1
 -2       527      1961      1962       528       530      1964      1963       529
 -1       130    1    0    1
 -2      1961      1969      1970      1962      1964      1972      1971      1963
 -1       131    1    0    1
 -2      1969      1977      1978      1970      1972      1980      1979      1971
 -1       132    1    0    1
 -2      1977       627       628      1978      1980       630       629      1979
 -1       133    1    0    1
 -2       377      1985      1986       378       380      1988      1987       379
 -1       134    1    0    1
 -2      1985      1993      1994      1986      1988      1996      1995      1987
 -1       135    1    0    1
 -2      1993      2001      2002      1994      1996      2004      2003      1995
 -1       136    1    0    1
 -2      2001       627       628      2002      2004       630       629      2003
 -1       137    1    0    1
 -2       427      2009      2010       428       430      2012      2011       429
 -1       138    1    0    1
 -2      2009      2017      2018      2010      2012      2020      2019      2011
 -1       139    1    0    1
 -2      2017      2025      2026      2018      2020      2028      2027      2019
 -1       140    1    0    1
 -2      2025       577       578      2026      2028       580       579      2027
 -1       141    1    0    1
 -2       477      2033      2034       478       480      2036      2035       479
 -1       142    1    0    1
 -2      2033      2041      2042      2034      2036      2044      2043      2035
 -1       143    1    0    1
 -2      2041      2049      2050      2042      2044      2052      2051      2043
 -1       144    1    0    1
 -2      2049       727       728      2050      2052       730       729      2051
 -1       145    1    0    1
 -2       527      2057      2058       528       530      2060      2059       529
 -1       146    1    0    1
 -2      2057      2065      2066      2058      2060      2068      2067      2059
 -1       147    1    0    1
 -2      2065      2073      2074      2066      2068      2076      2075      2067
 -1       148    1    0    1
 -2      2073       677       678      2074      2076       680       679      2075
 -1       149    1    0    1
 -2       577       877       878       578       580       880       879       579
 -1       150    1    0    1
 -2       677       777       778       678       680       780       779       679
 -1       151    1    0    1
 -2       627       927       928       628       630       930       929       629
 -1       152    1    0    1
 -2       727       827       828       728       730       830       829       729
 -1       153    1    0    1
 -2       577       827       828       578       580       830       829       579
 -1       154    1    0    1
 -2       627       777       778       628       630       780       779       629
 -1       155    1    0    1
 -2       677       927       928       678       680       930       929       679
 -1       156    1    0    1
 -2       727       877       878       728       730       880       879       729
 -1       157    1    0    1
 -2       777      2081      2082       778       780      2084      2083       779
 -1       158    1    0    1
 -2      2081      1077      1078      2082      2084      1080      1079      2083
 -1       159    1    0    1
 -2       877      2089      2090       878       880      2092      2091       879
 -1       160    1    0    1
 -2      2089       977       978      2090      2092       980       979      2091
 -1       161    1    0    1
 -2       827      2097      2098       828       830      2100      2099       829
 -1       162    1    0    1
 -2      2097      1127      1128      2098      2100      1130      1129      2099
 -1       163    1    0    1
 -2       927      2105      2106       928       930      2108      2107       929
 -1       164    1    0    1
 -2      2105      1027      1028      2106      2108      1030      1029      2107
 -1       165    1    0    1
 -2       777      2113      2114       778       780      2116      2115       779
 -1       166    1    0    1
 -2      2113      1027      1028      2114      2116      1030      1029      2115
 -1       167    1    0    1
 -2       827      2121      2122       828       830      2124      2123       829
 -1       168    1    0    1
 -2      2121       977       978      2122      2124       980       979      2123
 -1       169    1    0    1
 -2       877      2129      2130       878       880      2132      2131       879
 -1       170    1    0    1
 -2      2129      1127      1128      2130      2132      1130      1129      2131
 -1       171    1    0    1
 -2       927      2137      2138       928       930      2140      2139       929
 -1       172    1    0    1
 -2      2137      1077      1078      2138      2140      1080      1079      2139
 -1       173    1    0    1
 -2       977      2145      2146       978       980      2148      2147       979
 -1       174    1    0    1
 -2      2145      2153      2154      2146      2148      2156      2155      2147
 -1       175    1    0    1
 -2      2153      2161      2162      2154      2156      2164      2163      2155
 -1       176    1    0    1
 -2      2161      2169      2170      2162      2164      2172      2171      2163
 -1       177    1    0    1
 -2      2169      2177      2178      2170      2172      2180      2179      2171
 -1       178    1    0    1
 -2      2177      2185      2186      2178      2180      2188      2187      2179
 -1       179    1    0    1
 -2      2185      2193      2194      2186      2188      2196      2195      2187
 -1       180    1    0    1
 -2      2193      1277      1278      2194      2196      1280      1279      2195
 -1       181    1    0    1
 -2      1077      2201      2202      1078      1080      2204      2203      1079
 -1       182    1    0    1
 -2      2201      2209      2210      2202      2204      2212      2211      2203
 -1       183    1    0    1
 -2      2209      2217      2218      2210      2212      2220      2219      2211
 -1       184    1    0    1
 -2      2217      2225      2226      2218      2220      2228      2227      2219
 -1       185    1    0    1
 -2      2225      2233      2234      2226      2228      2236      2235      2227
 -1       186    1    0    1
 -2      2233      2241      2242      2234      2236      2244      2243      2235
 -1       187    1    0    1
 -2      2241      2249      2250      2242      2244      2252      2251      2243
 -1       188    1    0    1
 -2      2249      1177      1178      2250      2252      1180      1179      2251
 -1       189    1    0    1
 -2      1027      2257      2258      1028      1030      2260      2259      1029
 -1       190    1    0    1
 -2      2257      2265      2266      2258      2260      2268      2267      2259
 -1       191    1    0    1
 -2      2265      2273      2274      2266      2268      2276      2275      2267
 -1       192    1    0    1
 -2      2273      2281      2282      2274      2276      2284      2283      2275
 -1       193    1    0    1
 -2      2281      2289      2290      2282      2284      2292      2291      2283
 -1       194    1    0    1
 -2      2289      2297      2298      2290      2292      2300      2299      2291
 -1       195    1    0    1
 -2      2297      2305      2306      2298      2300      2308      2307      2299
 -1       196    1    0    1
 -2      2305      1327      1328      2306      2308      1330      1329      2307
 -1       197    1    0    1
 -2      1127      2313      2314      1128      1130      2316      2315      1129
 -1       198    1    0    1
 -2      2313      2321      2322      2314      2316      2324      2323      2315
 -1       199    1    0    1
 -2      2321      2329      2330      2322      2324      2332      2331      2323
 -1       200    1    0    1
 -2      2329      2337      2338      2330      2332      2340      2339      2331
 -1       201    1    0    1
 -2      2337      2345      2346      2338      2340      2348      2347      2339
 -1       202    1    0    1
 -2      2345      2353      2354      2346      2348      2356      2355      2347
 -1       203    1    0    1
 -2      2353      2361      2362      2354      2356      2364      2363      2355
 -1       204    1    0    1
 -2      2361      1227      1228      2362      2364      1230      1229      2363
 -1       205    1    0    1
 -2       977      2369      2370       978       980      2372      2371       979
 -1       206    1    0    1
 -2      2369      2377      2378      2370      2372      2380      2379      2371
 -1       207    1    0    1
 -2      2377      2385      2386      2378      2380      2388      2387      2379
 -1       208    1    0    1
 -2      2385      2393      2394      2386      2388      2396      2395      2387
 -1       209    1    0    1
 -2      2393      2401      2402      2394      2396      2404      2403      2395
 -1       210    1    0    1
 -2      2401      2409      2410      2402      2404      2412      2411      2403
 -1       211    1    0    1
 -2      2409      2417      2418      2410      2412      2420      2419      2411
 -1       212    1    0    1
 -2      2417      1227      1228      2418      2420      1230      1229      2419
 -1       213    1    0    1
 -2      1027      2425      2426      1028      1030      2428      2427      1029
 -1       214    1    0    1
 -2      2425      2433      2434      2426      2428      2436      2435      2427
 -1       215    1    0    1
 -2      2433      2441      2442      2434      2436      2444      2443      2435
 -1       216    1    0    1
 -2      2441      2449      2450      2442      2444      2452      2451      2443
 -1       217    1    0    1
 -2      2449      2457      2458      2450      2452      2460      2459      2451
 -1       218    1    0    1
 -2      2457      2465      2466      2458      2460      2468      2467      2459
 -1       219    1    0    1
 -2      2465      2473      2474      2466      2468      2476      2475      2467
 -1       220    1    0    1
 -2      2473      1177      1178      2474      2476      1180      1179      2475
 -1       221    1    0    1
 -2      1077      2481      2482      1078      1080      2484      2483      1079
 -1       222    1    0    1
 -2      2481      2489      2490      2482      2484      2492      2491      2483
 -1       223    1    0    1
 -2      2489      2497      2498      2490      2492      2500      2499      2491
 -1       224    1    0    1
 -2      2497      2505      2506      2498      2500      2508      2507      2499
 -1       225    1    0    1
 -2      2505      2513      2514      2506      2508      2516      2515      2507
 -1       226    1    0    1
 -2      2513      2521      2522      2514      2516      2524      2523      2515
 -1       227    1    0    1
 -2      2521      2529      2530      2522      2524      2532      2531      2523
 -1       228    1    0    1
 -2      2529      1327      1328      2530      2532      1330      1329      2531
 -1       229    1    0    1
 -2      1127      2537      2538      1128      1130      2540      2539      1129
 -1       230    1    0    1
 -2      2537      2545      2546      2538      2540      2548      2547      2539
 -1       231    1    0    1
 -2      2545      2553      2554      2546      2548      2556      2555      2547
 -1       232    1    0    1
 -2      2553      2561      2562      2554      2556      2564      2563      2555
 -1       233    1    0    1
 -2      2561      2569      2570      2562      2564      2572      2571      2563
 -1       234    1    0    1
 -2      2569      2577      2578      2570      2572      2580      2579      2571
 -1       235    1    0    1
 -2      2577      2585      2586      2578      2580      2588      2587      2579
 -1       236    1    0    1
 -2      2585      1277      1278      2586      2588      1280      1279      2587
 -3
    1PSTEP                         1           1           1          
  100CL  101 1.000000000           0                     0    1           1
 -4  DISP        4    1
 -5  D1          1    2    1    0
 -5  D2          1    2    2    0
 -5  D3          1    2    3    0
 -5  ALL         1    2    0    0    1ALL
 -3
 9999
