    1C
    1UNormalized cross-passage space-truss torsion benchmark            
    1UUSER                                                              
    1UDATE              05.august.2026                                  
    1UTIME              18:13:56                                        
    1UHOST                                                              
    1UPGM               CalculiX                                        
    1UVERSION           Version 2.21                             
    1UCOMPILETIME       Sat Jul 29 10:52:01 CEST 2023                    
    1UDIR                                                               
    1UDBN                                                               
    1UMAT    1STEEL                                                     
    2C                           880                                     1
 -1       173-1.19376E+00 9.16807E-04-3.54997E-02
 -1       174-1.23024E+00 3.62719E-03-1.93049E-02
 -1       175-1.20624E+00-9.16807E-04 3.54997E-02
 -1       176-1.16976E+00-3.62719E-03 1.93049E-02
 -1       181-1.20102E+00-3.40950E-02-1.16828E-02
 -1       182-1.20007E+00-2.33416E-03-3.59798E-02
 -1       183-1.19898E+00 3.40950E-02 1.16828E-02
 -1       184-1.19993E+00 2.33416E-03 3.59798E-02
 -1       189-1.23354E+00-1.32202E-02 3.96605E-04
 -1       190-1.20069E+00-3.60327E-02 1.08098E-03
 -1       191-1.16646E+00 1.32202E-02-3.96605E-04
 -1       192-1.19931E+00 3.60327E-02-1.08098E-03
 -1       223 1.20177E+00 2.41126E-03-3.59310E-02
 -1       224 1.16758E+00-2.03736E-03-1.56535E-02
 -1       225 1.19823E+00-2.41126E-03 3.59310E-02
 -1       226 1.23242E+00 2.03736E-03 1.56535E-02
 -1       231 1.20102E+00-3.38645E-02-1.23355E-02
 -1       232 1.20005E+00-1.64335E-03-3.60180E-02
 -1       233 1.19898E+00 3.38645E-02 1.23355E-02
 -1       234 1.19995E+00 1.64335E-03 3.60180E-02
 -1       239 1.16697E+00-1.44498E-02-4.33494E-04
 -1       240 1.20064E+00-3.60336E-02-1.08101E-03
 -1       241 1.23303E+00 1.44498E-02 4.33494E-04
 -1       242 1.19936E+00 3.60336E-02 1.08101E-03
 -1       273-1.19295E+00-2.85923E-03 1.96476E+00
 -1       274-1.22978E+00 1.50377E-03 1.97973E+00
 -1       275-1.20705E+00 2.85923E-03 2.03524E+00
 -1       276-1.17022E+00-1.50377E-03 2.02027E+00
 -1       281-1.19898E+00-3.38645E-02 1.98766E+00
 -1       282-1.19995E+00-1.64335E-03 1.96398E+00
 -1       283-1.20102E+00 3.38645E-02 2.01234E+00
 -1       284-1.20005E+00 1.64335E-03 2.03602E+00
 -1       289-1.23303E+00-1.44498E-02 1.99957E+00
 -1       290-1.19936E+00-3.60336E-02 1.99892E+00
 -1       291-1.16697E+00 1.44498E-02 2.00043E+00
 -1       292-1.20064E+00 3.60336E-02 2.00108E+00
 -1       323 1.20318E+00-1.21786E-03 1.96411E+00
 -1       324 1.16822E+00-3.65827E-03 1.98338E+00
 -1       325 1.19682E+00 1.21786E-03 2.03589E+00
 -1       326 1.23178E+00 3.65827E-03 2.01662E+00
 -1       331 1.19898E+00-3.40950E-02 1.98832E+00
 -1       332 1.19993E+00-2.33416E-03 1.96402E+00
 -1       333 1.20102E+00 3.40950E-02 2.01168E+00
 -1       334 1.20007E+00 2.33416E-03 2.03598E+00
 -1       339 1.16646E+00-1.32202E-02 2.00040E+00
 -1       340 1.19931E+00-3.60327E-02 2.00108E+00
 -1       341 1.23354E+00 1.32202E-02 1.99960E+00
 -1       342 1.20069E+00 3.60327E-02 1.99892E+00
 -1       373-1.19512E+00 9.99951E+00-3.57210E-02
 -1       374-1.23110E+00 1.00002E+01-1.82443E-02
 -1       375-1.20488E+00 1.00005E+01 3.57210E-02
 -1       376-1.16890E+00 9.99985E+00 1.82443E-02
 -1       381-1.20102E+00 9.96591E+00-1.16828E-02
 -1       382-1.20007E+00 9.99767E+00-3.59798E-02
 -1       383-1.19898E+00 1.00341E+01 1.16828E-02
 -1       384-1.19993E+00 1.00023E+01 3.59798E-02
 -1       389-1.23354E+00 9.98678E+00 3.96605E-04
 -1       390-1.20069E+00 9.96397E+00 1.08098E-03
 -1       391-1.16646E+00 1.00132E+01-3.96605E-04
 -1       392-1.19931E+00 1.00360E+01-1.08098E-03
 -1       423 1.20437E+00 9.99962E+00-3.57873E-02
 -1       424 1.16865E+00 9.99941E+00-1.77967E-02
 -1       425 1.19563E+00 1.00004E+01 3.57873E-02
 -1       426 1.23135E+00 1.00006E+01 1.77967E-02
 -1       431 1.20102E+00 9.96614E+00-1.23355E-02
 -1       432 1.20005E+00 9.99836E+00-3.60180E-02
 -1       433 1.19898E+00 1.00339E+01 1.23355E-02
 -1       434 1.19995E+00 1.00016E+01 3.60180E-02
 -1       439 1.16697E+00 9.98555E+00-4.33494E-04
 -1       440 1.20064E+00 9.96397E+00-1.08101E-03
 -1       441 1.23303E+00 1.00145E+01 4.33494E-04
 -1       442 1.19936E+00 1.00360E+01 1.08101E-03
 -1       473-1.19540E+00 1.00004E+01 1.96424E+00
 -1       474-1.23124E+00 1.00006E+01 1.98200E+00
 -1       475-1.20460E+00 9.99963E+00 2.03576E+00
 -1       476-1.16876E+00 9.99941E+00 2.01800E+00
 -1       481-1.19898E+00 9.96614E+00 1.98766E+00
 -1       482-1.19995E+00 9.99836E+00 1.96398E+00
 -1       483-1.20102E+00 1.00339E+01 2.01234E+00
 -1       484-1.20005E+00 1.00016E+01 2.03602E+00
 -1       489-1.23303E+00 9.98555E+00 1.99957E+00
 -1       490-1.19936E+00 9.96397E+00 1.99892E+00
 -1       491-1.16697E+00 1.00145E+01 2.00043E+00
 -1       492-1.20064E+00 1.00360E+01 2.00108E+00
 -1       523 1.20408E+00 1.00005E+01 1.96418E+00
 -1       524 1.16851E+00 9.99984E+00 1.98245E+00
 -1       525 1.19592E+00 9.99952E+00 2.03582E+00
 -1       526 1.23149E+00 1.00002E+01 2.01755E+00
 -1       531 1.19898E+00 9.96591E+00 1.98832E+00
 -1       532 1.19993E+00 9.99767E+00 1.96402E+00
 -1       533 1.20102E+00 1.00341E+01 2.01168E+00
 -1       534 1.20007E+00 1.00023E+01 2.03598E+00
 -1       539 1.16646E+00 9.98678E+00 2.00040E+00
 -1       540 1.19931E+00 9.96397E+00 2.00108E+00
 -1       541 1.23354E+00 1.00132E+01 1.99960E+00
 -1       542 1.20069E+00 1.00360E+01 1.99892E+00
 -1       573-1.19510E+00 1.99995E+01-3.57181E-02
 -1       574-1.23109E+00 2.00002E+01-1.82624E-02
 -1       575-1.20490E+00 2.00005E+01 3.57181E-02
 -1       576-1.16891E+00 1.99998E+01 1.82624E-02
 -1       581-1.20102E+00 1.99659E+01-1.16828E-02
 -1       582-1.20007E+00 1.99977E+01-3.59798E-02
 -1       583-1.19898E+00 2.00341E+01 1.16828E-02
 -1       584-1.19993E+00 2.00023E+01 3.59798E-02
 -1       589-1.23354E+00 1.99868E+01 3.96605E-04
 -1       590-1.20069E+00 1.99640E+01 1.08098E-03
 -1       591-1.16646E+00 2.00132E+01-3.96605E-04
 -1       592-1.19931E+00 2.00360E+01-1.08098E-03
 -1       623 1.20440E+00 1.99996E+01-3.57846E-02
 -1       624 1.16866E+00 1.99994E+01-1.78156E-02
 -1       625 1.19560E+00 2.00004E+01 3.57846E-02
 -1       626 1.23134E+00 2.00006E+01 1.78156E-02
 -1       631 1.20102E+00 1.99661E+01-1.23355E-02
 -1       632 1.20005E+00 1.99984E+01-3.60180E-02
 -1       633 1.19898E+00 2.00339E+01 1.23355E-02
 -1       634 1.19995E+00 2.00016E+01 3.60180E-02
 -1       639 1.16697E+00 1.99855E+01-4.33494E-04
 -1       640 1.20064E+00 1.99640E+01-1.08101E-03
 -1       641 1.23303E+00 2.00145E+01 4.33494E-04
 -1       642 1.19936E+00 2.00360E+01 1.08101E-03
 -1       673-1.19537E+00 2.00004E+01 1.96424E+00
 -1       674-1.23122E+00 2.00006E+01 1.98198E+00
 -1       675-1.20463E+00 1.99996E+01 2.03576E+00
 -1       676-1.16878E+00 1.99994E+01 2.01802E+00
 -1       681-1.19898E+00 1.99661E+01 1.98766E+00
 -1       682-1.19995E+00 1.99984E+01 1.96398E+00
 -1       683-1.20102E+00 2.00339E+01 2.01234E+00
 -1       684-1.20005E+00 2.00016E+01 2.03602E+00
 -1       689-1.23303E+00 1.99855E+01 1.99957E+00
 -1       690-1.19936E+00 1.99640E+01 1.99892E+00
 -1       691-1.16697E+00 2.00145E+01 2.00043E+00
 -1       692-1.20064E+00 2.00360E+01 2.00108E+00
 -1       723 1.20411E+00 2.00005E+01 1.96418E+00
 -1       724 1.16852E+00 1.99998E+01 1.98243E+00
 -1       725 1.19589E+00 1.99995E+01 2.03582E+00
 -1       726 1.23148E+00 2.00002E+01 2.01757E+00
 -1       731 1.19898E+00 1.99659E+01 1.98832E+00
 -1       732 1.19993E+00 1.99977E+01 1.96402E+00
 -1       733 1.20102E+00 2.00341E+01 2.01168E+00
 -1       734 1.20007E+00 2.00023E+01 2.03598E+00
 -1       739 1.16646E+00 1.99868E+01 2.00040E+00
 -1       740 1.19931E+00 1.99640E+01 2.00108E+00
 -1       741 1.23354E+00 2.00132E+01 1.99960E+00
 -1       742 1.20069E+00 2.00360E+01 1.99892E+00
 -1       773-1.19505E+00 2.99994E+01-3.57093E-02
 -1       774-1.23106E+00 3.00002E+01-1.83116E-02
 -1       775-1.20495E+00 3.00006E+01 3.57093E-02
 -1       776-1.16894E+00 2.99998E+01 1.83116E-02
 -1       781-1.20102E+00 2.99659E+01-1.16828E-02
 -1       782-1.20007E+00 2.99977E+01-3.59798E-02
 -1       783-1.19898E+00 3.00341E+01 1.16828E-02
 -1       784-1.19993E+00 3.00023E+01 3.59798E-02
 -1       789-1.23354E+00 2.99868E+01 3.96605E-04
 -1       790-1.20069E+00 2.99640E+01 1.08098E-03
 -1       791-1.16646E+00 3.00132E+01-3.96605E-04
 -1       792-1.19931E+00 3.00360E+01-1.08098E-03
 -1       823 1.20437E+00 2.99996E+01-3.57875E-02
 -1       824 1.16865E+00 2.99993E+01-1.77876E-02
 -1       825 1.19563E+00 3.00004E+01 3.57875E-02
 -1       826 1.23135E+00 3.00007E+01 1.77876E-02
 -1       831 1.20102E+00 2.99661E+01-1.23355E-02
 -1       832 1.20005E+00 2.99984E+01-3.60180E-02
 -1       833 1.19898E+00 3.00339E+01 1.23355E-02
 -1       834 1.19995E+00 3.00016E+01 3.60180E-02
 -1       839 1.16697E+00 2.99855E+01-4.33494E-04
 -1       840 1.20064E+00 2.99640E+01-1.08101E-03
 -1       841 1.23303E+00 3.00145E+01 4.33494E-04
 -1       842 1.19936E+00 3.00360E+01 1.08101E-03
 -1       873-1.19536E+00 3.00004E+01 1.96425E+00
 -1       874-1.23122E+00 3.00007E+01 1.98198E+00
 -1       875-1.20464E+00 2.99996E+01 2.03575E+00
 -1       876-1.16878E+00 2.99993E+01 2.01802E+00
 -1       881-1.19898E+00 2.99661E+01 1.98766E+00
 -1       882-1.19995E+00 2.99984E+01 1.96398E+00
 -1       883-1.20102E+00 3.00339E+01 2.01234E+00
 -1       884-1.20005E+00 3.00016E+01 2.03602E+00
 -1       889-1.23303E+00 2.99855E+01 1.99957E+00
 -1       890-1.19936E+00 2.99640E+01 1.99892E+00
 -1       891-1.16697E+00 3.00145E+01 2.00043E+00
 -1       892-1.20064E+00 3.00360E+01 2.00108E+00
 -1       923 1.20403E+00 3.00006E+01 1.96417E+00
 -1       924 1.16848E+00 2.99998E+01 1.98250E+00
 -1       925 1.19597E+00 2.99994E+01 2.03583E+00
 -1       926 1.23152E+00 3.00002E+01 2.01750E+00
 -1       931 1.19898E+00 2.99659E+01 1.98832E+00
 -1       932 1.19993E+00 2.99977E+01 1.96402E+00
 -1       933 1.20102E+00 3.00341E+01 2.01168E+00
 -1       934 1.20007E+00 3.00023E+01 2.03598E+00
 -1       939 1.16646E+00 2.99868E+01 2.00040E+00
 -1       940 1.19931E+00 2.99640E+01 2.00108E+00
 -1       941 1.23354E+00 3.00132E+01 1.99960E+00
 -1       942 1.20069E+00 3.00360E+01 1.99892E+00
 -1       973-1.19505E+00 3.99994E+01-3.57093E-02
 -1       974-1.23106E+00 4.00002E+01-1.83116E-02
 -1       975-1.20495E+00 4.00006E+01 3.57093E-02
 -1       976-1.16894E+00 3.99998E+01 1.83116E-02
 -1       981-1.20102E+00 3.99659E+01-1.16828E-02
 -1       982-1.20007E+00 3.99977E+01-3.59798E-02
 -1       983-1.19898E+00 4.00341E+01 1.16828E-02
 -1       984-1.19993E+00 4.00023E+01 3.59798E-02
 -1       989-1.23354E+00 3.99868E+01 3.96605E-04
 -1       990-1.20069E+00 3.99640E+01 1.08098E-03
 -1       991-1.16646E+00 4.00132E+01-3.96605E-04
 -1       992-1.19931E+00 4.00360E+01-1.08098E-03
 -1      1023 1.20437E+00 3.99996E+01-3.57875E-02
 -1      1024 1.16865E+00 3.99993E+01-1.77876E-02
 -1      1025 1.19563E+00 4.00004E+01 3.57875E-02
 -1      1026 1.23135E+00 4.00007E+01 1.77876E-02
 -1      1031 1.20102E+00 3.99661E+01-1.23355E-02
 -1      1032 1.20005E+00 3.99984E+01-3.60180E-02
 -1      1033 1.19898E+00 4.00339E+01 1.23355E-02
 -1      1034 1.19995E+00 4.00016E+01 3.60180E-02
 -1      1039 1.16697E+00 3.99855E+01-4.33494E-04
 -1      1040 1.20064E+00 3.99640E+01-1.08101E-03
 -1      1041 1.23303E+00 4.00145E+01 4.33494E-04
 -1      1042 1.19936E+00 4.00360E+01 1.08101E-03
 -1      1073-1.19536E+00 4.00004E+01 1.96425E+00
 -1      1074-1.23122E+00 4.00007E+01 1.98198E+00
 -1      1075-1.20464E+00 3.99996E+01 2.03575E+00
 -1      1076-1.16878E+00 3.99993E+01 2.01802E+00
 -1      1081-1.19898E+00 3.99661E+01 1.98766E+00
 -1      1082-1.19995E+00 3.99984E+01 1.96398E+00
 -1      1083-1.20102E+00 4.00339E+01 2.01234E+00
 -1      1084-1.20005E+00 4.00016E+01 2.03602E+00
 -1      1089-1.23303E+00 3.99855E+01 1.99957E+00
 -1      1090-1.19936E+00 3.99640E+01 1.99892E+00
 -1      1091-1.16697E+00 4.00145E+01 2.00043E+00
 -1      1092-1.20064E+00 4.00360E+01 2.00108E+00
 -1      1123 1.20403E+00 4.00006E+01 1.96417E+00
 -1      1124 1.16848E+00 3.99998E+01 1.98250E+00
 -1      1125 1.19597E+00 3.99994E+01 2.03583E+00
 -1      1126 1.23152E+00 4.00002E+01 2.01750E+00
 -1      1131 1.19898E+00 3.99659E+01 1.98832E+00
 -1      1132 1.19993E+00 3.99977E+01 1.96402E+00
 -1      1133 1.20102E+00 4.00341E+01 2.01168E+00
 -1      1134 1.20007E+00 4.00023E+01 2.03598E+00
 -1      1139 1.16646E+00 3.99868E+01 2.00040E+00
 -1      1140 1.19931E+00 3.99640E+01 2.00108E+00
 -1      1141 1.23354E+00 4.00132E+01 1.99960E+00
 -1      1142 1.20069E+00 4.00360E+01 1.99892E+00
 -1      1173-1.19606E+00 4.99977E+01-3.57684E-02
 -1      1174-1.23150E+00 4.99967E+01-1.72423E-02
 -1      1175-1.20394E+00 5.00023E+01 3.57684E-02
 -1      1176-1.16850E+00 5.00033E+01 1.72423E-02
 -1      1181-1.20102E+00 4.99659E+01-1.16828E-02
 -1      1182-1.20007E+00 4.99977E+01-3.59798E-02
 -1      1183-1.19898E+00 5.00341E+01 1.16828E-02
 -1      1184-1.19993E+00 5.00023E+01 3.59798E-02
 -1      1189-1.23354E+00 4.99868E+01 3.96605E-04
 -1      1190-1.20069E+00 4.99640E+01 1.08098E-03
 -1      1191-1.16646E+00 5.00132E+01-3.96605E-04
 -1      1192-1.19931E+00 5.00360E+01-1.08098E-03
 -1      1223 1.20658E+00 4.99964E+01-3.52651E-02
 -1      1224 1.16988E+00 5.00002E+01-1.98129E-02
 -1      1225 1.19342E+00 5.00036E+01 3.52651E-02
 -1      1226 1.23012E+00 4.99998E+01 1.98129E-02
 -1      1231 1.20102E+00 4.99661E+01-1.23355E-02
 -1      1232 1.20005E+00 4.99984E+01-3.60180E-02
 -1      1233 1.19898E+00 5.00339E+01 1.23355E-02
 -1      1234 1.19995E+00 5.00016E+01 3.60180E-02
 -1      1239 1.16697E+00 4.99855E+01-4.33494E-04
 -1      1240 1.20064E+00 4.99640E+01-1.08101E-03
 -1      1241 1.23303E+00 5.00145E+01 4.33494E-04
 -1      1242 1.19936E+00 5.00360E+01 1.08101E-03
 -1      1273-1.19817E+00 5.00034E+01 1.96415E+00
 -1      1274-1.23246E+00 4.99993E+01 1.98433E+00
 -1      1275-1.20183E+00 4.99966E+01 2.03585E+00
 -1      1276-1.16754E+00 5.00007E+01 2.01567E+00
 -1      1281-1.19898E+00 4.99661E+01 1.98766E+00
 -1      1282-1.19995E+00 4.99984E+01 1.96398E+00
 -1      1283-1.20102E+00 5.00339E+01 2.01234E+00
 -1      1284-1.20005E+00 5.00016E+01 2.03602E+00
 -1      1289-1.23303E+00 4.99855E+01 1.99957E+00
 -1      1290-1.19936E+00 4.99640E+01 1.99892E+00
 -1      1291-1.16697E+00 5.00145E+01 2.00043E+00
 -1      1292-1.20064E+00 5.00360E+01 2.00108E+00
 -1      1323 1.20512E+00 5.00022E+01 1.96438E+00
 -1      1324 1.16910E+00 5.00033E+01 1.98172E+00
 -1      1325 1.19488E+00 4.99978E+01 2.03562E+00
 -1      1326 1.23090E+00 4.99967E+01 2.01828E+00
 -1      1331 1.19898E+00 4.99659E+01 1.98832E+00
 -1      1332 1.19993E+00 4.99977E+01 1.96402E+00
 -1      1333 1.20102E+00 5.00341E+01 2.01168E+00
 -1      1334 1.20007E+00 5.00023E+01 2.03598E+00
 -1      1339 1.16646E+00 4.99868E+01 2.00040E+00
 -1      1340 1.19931E+00 4.99640E+01 2.00108E+00
 -1      1341 1.23354E+00 5.00132E+01 1.99960E+00
 -1      1342 1.20069E+00 5.00360E+01 1.99892E+00
 -1      1373-1.19553E+00 5.00000E+00-1.85778E-01
 -1      1374-1.23131E+00 5.00000E+00-1.67883E-01
 -1      1375-1.20447E+00 5.00000E+00-1.14222E-01
 -1      1376-1.16869E+00 5.00000E+00-1.32117E-01
 -1      1381 1.20447E+00 5.00000E+00 1.14222E-01
 -1      1382 1.16869E+00 5.00000E+00 1.32117E-01
 -1      1383 1.19553E+00 5.00000E+00 1.85778E-01
 -1      1384 1.23131E+00 5.00000E+00 1.67883E-01
 -1      1389-1.19553E+00 5.00000E+00 1.81422E+00
 -1      1390-1.23131E+00 5.00000E+00 1.83212E+00
 -1      1391-1.20447E+00 5.00000E+00 1.88578E+00
 -1      1392-1.16869E+00 5.00000E+00 1.86788E+00
 -1      1397 1.20447E+00 5.00000E+00 2.11422E+00
 -1      1398 1.16869E+00 5.00000E+00 2.13212E+00
 -1      1399 1.19553E+00 5.00000E+00 2.18578E+00
 -1      1400 1.23131E+00 5.00000E+00 2.16788E+00
 -1      1405-1.19553E+00 1.50000E+01-1.85778E-01
 -1      1406-1.23131E+00 1.50000E+01-1.67883E-01
 -1      1407-1.20447E+00 1.50000E+01-1.14222E-01
 -1      1408-1.16869E+00 1.50000E+01-1.32117E-01
 -1      1413 1.20447E+00 1.50000E+01 1.14222E-01
 -1      1414 1.16869E+00 1.50000E+01 1.32117E-01
 -1      1415 1.19553E+00 1.50000E+01 1.85778E-01
 -1      1416 1.23131E+00 1.50000E+01 1.67883E-01
 -1      1421-1.19553E+00 1.50000E+01 1.81422E+00
 -1      1422-1.23131E+00 1.50000E+01 1.83212E+00
 -1      1423-1.20447E+00 1.50000E+01 1.88578E+00
 -1      1424-1.16869E+00 1.50000E+01 1.86788E+00
 -1      1429 1.20447E+00 1.50000E+01 2.11422E+00
 -1      1430 1.16869E+00 1.50000E+01 2.13212E+00
 -1      1431 1.19553E+00 1.50000E+01 2.18578E+00
 -1      1432 1.23131E+00 1.50000E+01 2.16788E+00
 -1      1437-1.19553E+00 2.50000E+01-1.85778E-01
 -1      1438-1.23131E+00 2.50000E+01-1.67883E-01
 -1      1439-1.20447E+00 2.50000E+01-1.14222E-01
 -1      1440-1.16869E+00 2.50000E+01-1.32117E-01
 -1      1445 1.20447E+00 2.50000E+01 1.14222E-01
 -1      1446 1.16869E+00 2.50000E+01 1.32117E-01
 -1      1447 1.19553E+00 2.50000E+01 1.85778E-01
 -1      1448 1.23131E+00 2.50000E+01 1.67883E-01
 -1      1453-1.19553E+00 2.50000E+01 1.81422E+00
 -1      1454-1.23131E+00 2.50000E+01 1.83212E+00
 -1      1455-1.20447E+00 2.50000E+01 1.88578E+00
 -1      1456-1.16869E+00 2.50000E+01 1.86788E+00
 -1      1461 1.20447E+00 2.50000E+01 2.11422E+00
 -1      1462 1.16869E+00 2.50000E+01 2.13212E+00
 -1      1463 1.19553E+00 2.50000E+01 2.18578E+00
 -1      1464 1.23131E+00 2.50000E+01 2.16788E+00
 -1      1469-1.19553E+00 3.50000E+01-1.85778E-01
 -1      1470-1.23131E+00 3.50000E+01-1.67883E-01
 -1      1471-1.20447E+00 3.50000E+01-1.14222E-01
 -1      1472-1.16869E+00 3.50000E+01-1.32117E-01
 -1      1477 1.20447E+00 3.50000E+01 1.14222E-01
 -1      1478 1.16869E+00 3.50000E+01 1.32117E-01
 -1      1479 1.19553E+00 3.50000E+01 1.85778E-01
 -1      1480 1.23131E+00 3.50000E+01 1.67883E-01
 -1      1485-1.19553E+00 3.50000E+01 1.81422E+00
 -1      1486-1.23131E+00 3.50000E+01 1.83212E+00
 -1      1487-1.20447E+00 3.50000E+01 1.88578E+00
 -1      1488-1.16869E+00 3.50000E+01 1.86788E+00
 -1      1493 1.20447E+00 3.50000E+01 2.11422E+00
 -1      1494 1.16869E+00 3.50000E+01 2.13212E+00
 -1      1495 1.19553E+00 3.50000E+01 2.18578E+00
 -1      1496 1.23131E+00 3.50000E+01 2.16788E+00
 -1      1501-1.19553E+00 4.50000E+01-1.85778E-01
 -1      1502-1.23131E+00 4.50000E+01-1.67883E-01
 -1      1503-1.20447E+00 4.50000E+01-1.14222E-01
 -1      1504-1.16869E+00 4.50000E+01-1.32117E-01
 -1      1509 1.20447E+00 4.50000E+01 1.14222E-01
 -1      1510 1.16869E+00 4.50000E+01 1.32117E-01
 -1      1511 1.19553E+00 4.50000E+01 1.85778E-01
 -1      1512 1.23131E+00 4.50000E+01 1.67883E-01
 -1      1517-1.19553E+00 4.50000E+01 1.81422E+00
 -1      1518-1.23131E+00 4.50000E+01 1.83212E+00
 -1      1519-1.20447E+00 4.50000E+01 1.88578E+00
 -1      1520-1.16869E+00 4.50000E+01 1.86788E+00
 -1      1525 1.20447E+00 4.50000E+01 2.11422E+00
 -1      1526 1.16869E+00 4.50000E+01 2.13212E+00
 -1      1527 1.19553E+00 4.50000E+01 2.18578E+00
 -1      1528 1.23131E+00 4.50000E+01 2.16788E+00
 -1      1533 0.00000E+00-6.99992E-02-1.20023E-02
 -1      1534 0.00000E+00-3.79975E-02-3.60001E-02
 -1      1535 0.00000E+00-2.00083E-03 1.20023E-02
 -1      1536 0.00000E+00-3.40025E-02 3.60001E-02
 -1      1541 0.00000E+00 2.00083E-03 1.98800E+00
 -1      1542 0.00000E+00 3.40025E-02 1.96400E+00
 -1      1543 0.00000E+00 6.99992E-02 2.01200E+00
 -1      1544 0.00000E+00 3.79975E-02 2.03600E+00
 -1      1549-1.23329E+00 1.61495E-02 1.00000E+00
 -1      1550-1.20002E+00-6.05551E-03 1.00000E+00
 -1      1551-1.16671E+00 4.38505E-02 1.00000E+00
 -1      1552-1.19998E+00 6.60555E-02 1.00000E+00
 -1      1557 1.16671E+00-4.38505E-02 1.00000E+00
 -1      1558 1.19998E+00-6.60555E-02 1.00000E+00
 -1      1559 1.23329E+00-1.61495E-02 1.00000E+00
 -1      1560 1.20002E+00 6.05551E-03 1.00000E+00
 -1      1565 0.00000E+00 9.93000E+00-1.20023E-02
 -1      1566 0.00000E+00 9.96200E+00-3.60001E-02
 -1      1567 0.00000E+00 9.99800E+00 1.20023E-02
 -1      1568 0.00000E+00 9.96600E+00 3.60001E-02
 -1      1573 0.00000E+00 1.00020E+01 1.98800E+00
 -1      1574 0.00000E+00 1.00340E+01 1.96400E+00
 -1      1575 0.00000E+00 1.00700E+01 2.01200E+00
 -1      1576 0.00000E+00 1.00380E+01 2.03600E+00
 -1      1581-1.23329E+00 1.00161E+01 1.00000E+00
 -1      1582-1.20002E+00 9.99394E+00 1.00000E+00
 -1      1583-1.16671E+00 1.00439E+01 1.00000E+00
 -1      1584-1.19998E+00 1.00661E+01 1.00000E+00
 -1      1589 1.16671E+00 9.95615E+00 1.00000E+00
 -1      1590 1.19998E+00 9.93394E+00 1.00000E+00
 -1      1591 1.23329E+00 9.98385E+00 1.00000E+00
 -1      1592 1.20002E+00 1.00061E+01 1.00000E+00
 -1      1597 0.00000E+00 1.99300E+01-1.20023E-02
 -1      1598 0.00000E+00 1.99620E+01-3.60001E-02
 -1      1599 0.00000E+00 1.99980E+01 1.20023E-02
 -1      1600 0.00000E+00 1.99660E+01 3.60001E-02
 -1      1605 0.00000E+00 2.00020E+01 1.98800E+00
 -1      1606 0.00000E+00 2.00340E+01 1.96400E+00
 -1      1607 0.00000E+00 2.00700E+01 2.01200E+00
 -1      1608 0.00000E+00 2.00380E+01 2.03600E+00
 -1      1613-1.23329E+00 2.00161E+01 1.00000E+00
 -1      1614-1.20002E+00 1.99939E+01 1.00000E+00
 -1      1615-1.16671E+00 2.00438E+01 1.00000E+00
 -1      1616-1.19998E+00 2.00661E+01 1.00000E+00
 -1      1621 1.16671E+00 1.99562E+01 1.00000E+00
 -1      1622 1.19998E+00 1.99339E+01 1.00000E+00
 -1      1623 1.23329E+00 1.99839E+01 1.00000E+00
 -1      1624 1.20002E+00 2.00061E+01 1.00000E+00
 -1      1629 0.00000E+00 2.99300E+01-1.20023E-02
 -1      1630 0.00000E+00 2.99620E+01-3.60001E-02
 -1      1631 0.00000E+00 2.99980E+01 1.20023E-02
 -1      1632 0.00000E+00 2.99660E+01 3.60001E-02
 -1      1637 0.00000E+00 3.00020E+01 1.98800E+00
 -1      1638 0.00000E+00 3.00340E+01 1.96400E+00
 -1      1639 0.00000E+00 3.00700E+01 2.01200E+00
 -1      1640 0.00000E+00 3.00380E+01 2.03600E+00
 -1      1645-1.23329E+00 3.00161E+01 1.00000E+00
 -1      1646-1.20002E+00 2.99939E+01 1.00000E+00
 -1      1647-1.16671E+00 3.00438E+01 1.00000E+00
 -1      1648-1.19998E+00 3.00661E+01 1.00000E+00
 -1      1653 1.16671E+00 2.99562E+01 1.00000E+00
 -1      1654 1.19998E+00 2.99339E+01 1.00000E+00
 -1      1655 1.23329E+00 2.99839E+01 1.00000E+00
 -1      1656 1.20002E+00 3.00061E+01 1.00000E+00
 -1      1661 0.00000E+00 3.99300E+01-1.20023E-02
 -1      1662 0.00000E+00 3.99620E+01-3.60001E-02
 -1      1663 0.00000E+00 3.99980E+01 1.20023E-02
 -1      1664 0.00000E+00 3.99660E+01 3.60001E-02
 -1      1669 0.00000E+00 4.00020E+01 1.98800E+00
 -1      1670 0.00000E+00 4.00340E+01 1.96400E+00
 -1      1671 0.00000E+00 4.00700E+01 2.01200E+00
 -1      1672 0.00000E+00 4.00380E+01 2.03600E+00
 -1      1677-1.23329E+00 4.00161E+01 1.00000E+00
 -1      1678-1.20002E+00 3.99939E+01 1.00000E+00
 -1      1679-1.16671E+00 4.00438E+01 1.00000E+00
 -1      1680-1.19998E+00 4.00661E+01 1.00000E+00
 -1      1685 1.16671E+00 3.99562E+01 1.00000E+00
 -1      1686 1.19998E+00 3.99339E+01 1.00000E+00
 -1      1687 1.23329E+00 3.99839E+01 1.00000E+00
 -1      1688 1.20002E+00 4.00061E+01 1.00000E+00
 -1      1693 0.00000E+00 4.99300E+01-1.20023E-02
 -1      1694 0.00000E+00 4.99620E+01-3.60001E-02
 -1      1695 0.00000E+00 4.99980E+01 1.20023E-02
 -1      1696 0.00000E+00 4.99660E+01 3.60001E-02
 -1      1701 0.00000E+00 5.00020E+01 1.98800E+00
 -1      1702 0.00000E+00 5.00340E+01 1.96400E+00
 -1      1703 0.00000E+00 5.00700E+01 2.01200E+00
 -1      1704 0.00000E+00 5.00380E+01 2.03600E+00
 -1      1709-1.23329E+00 5.00161E+01 1.00000E+00
 -1      1710-1.20002E+00 4.99939E+01 1.00000E+00
 -1      1711-1.16671E+00 5.00438E+01 1.00000E+00
 -1      1712-1.19998E+00 5.00661E+01 1.00000E+00
 -1      1717 1.16671E+00 4.99562E+01 1.00000E+00
 -1      1718 1.19998E+00 4.99339E+01 1.00000E+00
 -1      1719 1.23329E+00 4.99839E+01 1.00000E+00
 -1      1720 1.20002E+00 5.00061E+01 1.00000E+00
 -1      1725-1.19777E+00 2.52721E+00 3.58451E-01
 -1      1726-1.23236E+00 2.52386E+00 3.78258E-01
 -1      1727-1.20223E+00 2.51522E+00 4.29417E-01
 -1      1728-1.16764E+00 2.51856E+00 4.09610E-01
 -1      1733-1.19829E+00 5.03706E+00 8.14685E-01
 -1      1734-1.23259E+00 5.03303E+00 8.34866E-01
 -1      1735-1.20171E+00 5.02294E+00 8.85315E-01
 -1      1736-1.16741E+00 5.02697E+00 8.65134E-01
 -1      1741-1.19884E+00 7.52934E+00 1.35882E+00
 -1      1742-1.23282E+00 7.52458E+00 1.37939E+00
 -1      1743-1.20116E+00 7.51309E+00 1.42904E+00
 -1      1744-1.16718E+00 7.51785E+00 1.40848E+00
 -1      1749-1.19407E+00 2.51529E+00 1.57100E+00
 -1      1750-1.23055E+00 2.51802E+00 1.58719E+00
 -1      1751-1.20593E+00 2.52714E+00 1.64113E+00
 -1      1752-1.16945E+00 2.52440E+00 1.62495E+00
 -1      1757-1.19388E+00 5.02303E+00 1.11516E+00
 -1      1758-1.23044E+00 5.02621E+00 1.13106E+00
 -1      1759-1.20612E+00 5.03697E+00 1.18484E+00
 -1      1760-1.16956E+00 5.03379E+00 1.16894E+00
 -1      1765-1.19370E+00 7.51321E+00 5.71480E-01
 -1      1766-1.23034E+00 7.51682E+00 5.87095E-01
 -1      1767-1.20630E+00 7.52922E+00 6.40652E-01
 -1      1768-1.16966E+00 7.52560E+00 6.25037E-01
 -1      1773 1.20223E+00 2.52721E+00 3.58451E-01
 -1      1774 1.16764E+00 2.52386E+00 3.78258E-01
 -1      1775 1.19777E+00 2.51522E+00 4.29417E-01
 -1      1776 1.23236E+00 2.51856E+00 4.09610E-01
 -1      1781 1.20171E+00 5.03706E+00 8.14685E-01
 -1      1782 1.16741E+00 5.03303E+00 8.34866E-01
 -1      1783 1.19829E+00 5.02294E+00 8.85315E-01
 -1      1784 1.23259E+00 5.02697E+00 8.65134E-01
 -1      1789 1.20116E+00 7.52934E+00 1.35882E+00
 -1      1790 1.16718E+00 7.52458E+00 1.37939E+00
 -1      1791 1.19884E+00 7.51309E+00 1.42904E+00
 -1      1792 1.23282E+00 7.51785E+00 1.40848E+00
 -1      1797 1.20593E+00 2.51529E+00 1.57100E+00
 -1      1798 1.16945E+00 2.51802E+00 1.58719E+00
 -1      1799 1.19407E+00 2.52714E+00 1.64113E+00
 -1      1800 1.23055E+00 2.52440E+00 1.62495E+00
 -1      1805 1.20612E+00 5.02303E+00 1.11516E+00
 -1      1806 1.16956E+00 5.02621E+00 1.13106E+00
 -1      1807 1.19388E+00 5.03697E+00 1.18484E+00
 -1      1808 1.23044E+00 5.03379E+00 1.16894E+00
 -1      1813 1.20630E+00 7.51321E+00 5.71480E-01
 -1      1814 1.16966E+00 7.51682E+00 5.87095E-01
 -1      1815 1.19370E+00 7.52922E+00 6.40652E-01
 -1      1816 1.23034E+00 7.52560E+00 6.25037E-01
 -1      1821-4.83328E-01 2.47166E+00-3.43393E-02
 -1      1822-5.20442E-01 2.48175E+00-2.33534E-02
 -1      1823-5.04540E-01 2.47743E+00 3.43393E-02
 -1      1824-4.67426E-01 2.46734E+00 2.33534E-02
 -1      1829 1.59904E-01 4.96162E+00-3.45869E-02
 -1      1830 1.22764E-01 4.97054E+00-2.27046E-02
 -1      1831 1.40096E-01 4.96638E+00 3.45869E-02
 -1      1832 1.77236E-01 4.95746E+00 2.27046E-02
 -1      1837 7.15261E-01 7.47263E+00-3.48107E-02
 -1      1838 6.78146E-01 7.48037E+00-2.20585E-02
 -1      1839 6.96871E-01 7.47646E+00 3.48107E-02
 -1      1840 7.33986E-01 7.46872E+00 2.20585E-02
 -1      1845 4.93632E-01 2.47446E+00-3.60542E-02
 -1      1846 4.61704E-01 2.46578E+00-1.35783E-02
 -1      1847 4.94236E-01 2.47463E+00 3.60542E-02
 -1      1848 5.26164E-01 2.48331E+00 1.35783E-02
 -1      1853-1.49866E-01 4.96403E+00-3.60553E-02
 -1      1854-1.82311E-01 4.95625E+00-1.39944E-02
 -1      1855-1.50134E-01 4.96397E+00 3.60553E-02
 -1      1856-1.17689E-01 4.97175E+00 1.39944E-02
 -1      1861-7.05470E-01 7.47467E+00-3.60504E-02
 -1      1862-7.38413E-01 7.46780E+00-1.44278E-02
 -1      1863-7.06662E-01 7.47442E+00 3.60504E-02
 -1      1864-6.73719E-01 7.48129E+00 1.44278E-02
 -1      1869-4.83328E-01 2.47166E+00 1.96566E+00
 -1      1870-5.20442E-01 2.48175E+00 1.97665E+00
 -1      1871-5.04540E-01 2.47743E+00 2.03434E+00
 -1      1872-4.67426E-01 2.46734E+00 2.02335E+00
 -1      1877 1.59904E-01 4.96162E+00 1.96541E+00
 -1      1878 1.22764E-01 4.97054E+00 1.97730E+00
 -1      1879 1.40096E-01 4.96638E+00 2.03459E+00
 -1      1880 1.77236E-01 4.95746E+00 2.02270E+00
 -1      1885 7.15261E-01 7.47263E+00 1.96519E+00
 -1      1886 6.78146E-01 7.48037E+00 1.97794E+00
 -1      1887 6.96871E-01 7.47646E+00 2.03481E+00
 -1      1888 7.33986E-01 7.46872E+00 2.02206E+00
 -1      1893 4.93632E-01 2.47446E+00 1.96395E+00
 -1      1894 4.61704E-01 2.46578E+00 1.98642E+00
 -1      1895 4.94236E-01 2.47463E+00 2.03605E+00
 -1      1896 5.26164E-01 2.48331E+00 2.01358E+00
 -1      1901-1.49866E-01 4.96403E+00 1.96394E+00
 -1      1902-1.82311E-01 4.95625E+00 1.98601E+00
 -1      1903-1.50134E-01 4.96397E+00 2.03606E+00
 -1      1904-1.17689E-01 4.97175E+00 2.01399E+00
 -1      1909-7.05470E-01 7.47467E+00 1.96395E+00
 -1      1910-7.38413E-01 7.46780E+00 1.98557E+00
 -1      1911-7.06662E-01 7.47442E+00 2.03605E+00
 -1      1912-6.73719E-01 7.48129E+00 2.01443E+00
 -1      1917-1.19830E+00 1.50371E+01 8.14684E-01
 -1      1918-1.23259E+00 1.50330E+01 8.34874E-01
 -1      1919-1.20170E+00 1.50229E+01 8.85316E-01
 -1      1920-1.16741E+00 1.50270E+01 8.65126E-01
 -1      1925-1.19388E+00 1.50230E+01 1.11516E+00
 -1      1926-1.23044E+00 1.50262E+01 1.13106E+00
 -1      1927-1.20612E+00 1.50370E+01 1.18484E+00
 -1      1928-1.16956E+00 1.50338E+01 1.16894E+00
 -1      1933 1.20170E+00 1.50371E+01 8.14684E-01
 -1      1934 1.16741E+00 1.50330E+01 8.34874E-01
 -1      1935 1.19830E+00 1.50229E+01 8.85316E-01
 -1      1936 1.23259E+00 1.50270E+01 8.65126E-01
 -1      1941 1.20612E+00 1.50230E+01 1.11516E+00
 -1      1942 1.16956E+00 1.50262E+01 1.13106E+00
 -1      1943 1.19388E+00 1.50370E+01 1.18484E+00
 -1      1944 1.23044E+00 1.50338E+01 1.16894E+00
 -1      1949 1.59908E-01 1.49616E+01-3.45858E-02
 -1      1950 1.22767E-01 1.49705E+01-2.27077E-02
 -1      1951 1.40092E-01 1.49664E+01 3.45858E-02
 -1      1952 1.77233E-01 1.49575E+01 2.27077E-02
 -1      1957-1.49864E-01 1.49640E+01-3.60552E-02
 -1      1958-1.82310E-01 1.49562E+01-1.39967E-02
 -1      1959-1.50136E-01 1.49640E+01 3.60552E-02
 -1      1960-1.17690E-01 1.49718E+01 1.39967E-02
 -1      1965 1.59908E-01 1.49616E+01 1.96541E+00
 -1      1966 1.22767E-01 1.49705E+01 1.97729E+00
 -1      1967 1.40092E-01 1.49664E+01 2.03459E+00
 -1      1968 1.77233E-01 1.49575E+01 2.02271E+00
 -1      1973-1.49864E-01 1.49640E+01 1.96394E+00
 -1      1974-1.82310E-01 1.49562E+01 1.98600E+00
 -1      1975-1.50136E-01 1.49640E+01 2.03606E+00
 -1      1976-1.17690E-01 1.49718E+01 2.01400E+00
 -1      1981-1.19777E+00 2.25272E+01 3.58451E-01
 -1      1982-1.23236E+00 2.25239E+01 3.78258E-01
 -1      1983-1.20223E+00 2.25152E+01 4.29417E-01
 -1      1984-1.16764E+00 2.25186E+01 4.09610E-01
 -1      1989-1.19829E+00 2.50371E+01 8.14685E-01
 -1      1990-1.23259E+00 2.50330E+01 8.34866E-01
 -1      1991-1.20171E+00 2.50229E+01 8.85315E-01
 -1      1992-1.16741E+00 2.50270E+01 8.65134E-01
 -1      1997-1.19884E+00 2.75293E+01 1.35882E+00
 -1      1998-1.23282E+00 2.75246E+01 1.37939E+00
 -1      1999-1.20116E+00 2.75131E+01 1.42904E+00
 -1      2000-1.16718E+00 2.75178E+01 1.40848E+00
 -1      2005-1.19407E+00 2.25153E+01 1.57100E+00
 -1      2006-1.23055E+00 2.25180E+01 1.58719E+00
 -1      2007-1.20593E+00 2.25271E+01 1.64113E+00
 -1      2008-1.16945E+00 2.25244E+01 1.62495E+00
 -1      2013-1.19388E+00 2.50230E+01 1.11516E+00
 -1      2014-1.23044E+00 2.50262E+01 1.13106E+00
 -1      2015-1.20612E+00 2.50370E+01 1.18484E+00
 -1      2016-1.16956E+00 2.50338E+01 1.16894E+00
 -1      2021-1.19370E+00 2.75132E+01 5.71480E-01
 -1      2022-1.23034E+00 2.75168E+01 5.87095E-01
 -1      2023-1.20630E+00 2.75292E+01 6.40652E-01
 -1      2024-1.16966E+00 2.75256E+01 6.25037E-01
 -1      2029 1.20223E+00 2.25272E+01 3.58451E-01
 -1      2030 1.16764E+00 2.25239E+01 3.78258E-01
 -1      2031 1.19777E+00 2.25152E+01 4.29417E-01
 -1      2032 1.23236E+00 2.25186E+01 4.09610E-01
 -1      2037 1.20171E+00 2.50371E+01 8.14685E-01
 -1      2038 1.16741E+00 2.50330E+01 8.34866E-01
 -1      2039 1.19829E+00 2.50229E+01 8.85315E-01
 -1      2040 1.23259E+00 2.50270E+01 8.65134E-01
 -1      2045 1.20116E+00 2.75293E+01 1.35882E+00
 -1      2046 1.16718E+00 2.75246E+01 1.37939E+00
 -1      2047 1.19884E+00 2.75131E+01 1.42904E+00
 -1      2048 1.23282E+00 2.75178E+01 1.40848E+00
 -1      2053 1.20593E+00 2.25153E+01 1.57100E+00
 -1      2054 1.16945E+00 2.25180E+01 1.58719E+00
 -1      2055 1.19407E+00 2.25271E+01 1.64113E+00
 -1      2056 1.23055E+00 2.25244E+01 1.62495E+00
 -1      2061 1.20612E+00 2.50230E+01 1.11516E+00
 -1      2062 1.16956E+00 2.50262E+01 1.13106E+00
 -1      2063 1.19388E+00 2.50370E+01 1.18484E+00
 -1      2064 1.23044E+00 2.50338E+01 1.16894E+00
 -1      2069 1.20630E+00 2.75132E+01 5.71480E-01
 -1      2070 1.16966E+00 2.75168E+01 5.87095E-01
 -1      2071 1.19370E+00 2.75292E+01 6.40652E-01
 -1      2072 1.23034E+00 2.75256E+01 6.25037E-01
 -1      2077-4.83328E-01 2.24717E+01-3.43393E-02
 -1      2078-5.20442E-01 2.24818E+01-2.33534E-02
 -1      2079-5.04540E-01 2.24774E+01 3.43393E-02
 -1      2080-4.67426E-01 2.24673E+01 2.33534E-02
 -1      2085 1.59904E-01 2.49616E+01-3.45869E-02
 -1      2086 1.22764E-01 2.49705E+01-2.27046E-02
 -1      2087 1.40096E-01 2.49664E+01 3.45869E-02
 -1      2088 1.77236E-01 2.49575E+01 2.27046E-02
 -1      2093 7.15261E-01 2.74726E+01-3.48107E-02
 -1      2094 6.78146E-01 2.74804E+01-2.20585E-02
 -1      2095 6.96871E-01 2.74765E+01 3.48107E-02
 -1      2096 7.33986E-01 2.74687E+01 2.20585E-02
 -1      2101 4.93632E-01 2.24745E+01-3.60542E-02
 -1      2102 4.61704E-01 2.24658E+01-1.35783E-02
 -1      2103 4.94236E-01 2.24746E+01 3.60542E-02
 -1      2104 5.26164E-01 2.24833E+01 1.35783E-02
 -1      2109-1.49866E-01 2.49640E+01-3.60553E-02
 -1      2110-1.82311E-01 2.49562E+01-1.39944E-02
 -1      2111-1.50134E-01 2.49640E+01 3.60553E-02
 -1      2112-1.17689E-01 2.49718E+01 1.39944E-02
 -1      2117-7.05470E-01 2.74747E+01-3.60504E-02
 -1      2118-7.38413E-01 2.74678E+01-1.44278E-02
 -1      2119-7.06662E-01 2.74744E+01 3.60504E-02
 -1      2120-6.73719E-01 2.74813E+01 1.44278E-02
 -1      2125-4.83328E-01 2.24717E+01 1.96566E+00
 -1      2126-5.20442E-01 2.24818E+01 1.97665E+00
 -1      2127-5.04540E-01 2.24774E+01 2.03434E+00
 -1      2128-4.67426E-01 2.24673E+01 2.02335E+00
 -1      2133 1.59904E-01 2.49616E+01 1.96541E+00
 -1      2134 1.22764E-01 2.49705E+01 1.97730E+00
 -1      2135 1.40096E-01 2.49664E+01 2.03459E+00
 -1      2136 1.77236E-01 2.49575E+01 2.02270E+00
 -1      2141 7.15261E-01 2.74726E+01 1.96519E+00
 -1      2142 6.78146E-01 2.74804E+01 1.97794E+00
 -1      2143 6.96871E-01 2.74765E+01 2.03481E+00
 -1      2144 7.33986E-01 2.74687E+01 2.02206E+00
 -1      2149 4.93632E-01 2.24745E+01 1.96395E+00
 -1      2150 4.61704E-01 2.24658E+01 1.98642E+00
 -1      2151 4.94236E-01 2.24746E+01 2.03605E+00
 -1      2152 5.26164E-01 2.24833E+01 2.01358E+00
 -1      2157-1.49866E-01 2.49640E+01 1.96394E+00
 -1      2158-1.82311E-01 2.49562E+01 1.98601E+00
 -1      2159-1.50134E-01 2.49640E+01 2.03606E+00
 -1      2160-1.17689E-01 2.49718E+01 2.01399E+00
 -1      2165-7.05470E-01 2.74747E+01 1.96395E+00
 -1      2166-7.38413E-01 2.74678E+01 1.98557E+00
 -1      2167-7.06662E-01 2.74744E+01 2.03605E+00
 -1      2168-6.73719E-01 2.74813E+01 2.01443E+00
 -1      2173-1.19777E+00 3.25272E+01 3.58451E-01
 -1      2174-1.23236E+00 3.25239E+01 3.78258E-01
 -1      2175-1.20223E+00 3.25152E+01 4.29417E-01
 -1      2176-1.16764E+00 3.25186E+01 4.09610E-01
 -1      2181-1.19829E+00 3.50371E+01 8.14685E-01
 -1      2182-1.23259E+00 3.50330E+01 8.34866E-01
 -1      2183-1.20171E+00 3.50229E+01 8.85315E-01
 -1      2184-1.16741E+00 3.50270E+01 8.65134E-01
 -1      2189-1.19884E+00 3.75293E+01 1.35882E+00
 -1      2190-1.23282E+00 3.75246E+01 1.37939E+00
 -1      2191-1.20116E+00 3.75131E+01 1.42904E+00
 -1      2192-1.16718E+00 3.75178E+01 1.40848E+00
 -1      2197-1.19407E+00 3.25153E+01 1.57100E+00
 -1      2198-1.23055E+00 3.25180E+01 1.58719E+00
 -1      2199-1.20593E+00 3.25271E+01 1.64113E+00
 -1      2200-1.16945E+00 3.25244E+01 1.62495E+00
 -1      2205-1.19388E+00 3.50230E+01 1.11516E+00
 -1      2206-1.23044E+00 3.50262E+01 1.13106E+00
 -1      2207-1.20612E+00 3.50370E+01 1.18484E+00
 -1      2208-1.16956E+00 3.50338E+01 1.16894E+00
 -1      2213-1.19370E+00 3.75132E+01 5.71480E-01
 -1      2214-1.23034E+00 3.75168E+01 5.87095E-01
 -1      2215-1.20630E+00 3.75292E+01 6.40652E-01
 -1      2216-1.16966E+00 3.75256E+01 6.25037E-01
 -1      2221 1.20223E+00 3.25272E+01 3.58451E-01
 -1      2222 1.16764E+00 3.25239E+01 3.78258E-01
 -1      2223 1.19777E+00 3.25152E+01 4.29417E-01
 -1      2224 1.23236E+00 3.25186E+01 4.09610E-01
 -1      2229 1.20171E+00 3.50371E+01 8.14685E-01
 -1      2230 1.16741E+00 3.50330E+01 8.34866E-01
 -1      2231 1.19829E+00 3.50229E+01 8.85315E-01
 -1      2232 1.23259E+00 3.50270E+01 8.65134E-01
 -1      2237 1.20116E+00 3.75293E+01 1.35882E+00
 -1      2238 1.16718E+00 3.75246E+01 1.37939E+00
 -1      2239 1.19884E+00 3.75131E+01 1.42904E+00
 -1      2240 1.23282E+00 3.75178E+01 1.40848E+00
 -1      2245 1.20593E+00 3.25153E+01 1.57100E+00
 -1      2246 1.16945E+00 3.25180E+01 1.58719E+00
 -1      2247 1.19407E+00 3.25271E+01 1.64113E+00
 -1      2248 1.23055E+00 3.25244E+01 1.62495E+00
 -1      2253 1.20612E+00 3.50230E+01 1.11516E+00
 -1      2254 1.16956E+00 3.50262E+01 1.13106E+00
 -1      2255 1.19388E+00 3.50370E+01 1.18484E+00
 -1      2256 1.23044E+00 3.50338E+01 1.16894E+00
 -1      2261 1.20630E+00 3.75132E+01 5.71480E-01
 -1      2262 1.16966E+00 3.75168E+01 5.87095E-01
 -1      2263 1.19370E+00 3.75292E+01 6.40652E-01
 -1      2264 1.23034E+00 3.75256E+01 6.25037E-01
 -1      2269-4.83328E-01 3.24717E+01-3.43393E-02
 -1      2270-5.20442E-01 3.24818E+01-2.33534E-02
 -1      2271-5.04540E-01 3.24774E+01 3.43393E-02
 -1      2272-4.67426E-01 3.24673E+01 2.33534E-02
 -1      2277 1.59904E-01 3.49616E+01-3.45869E-02
 -1      2278 1.22764E-01 3.49705E+01-2.27046E-02
 -1      2279 1.40096E-01 3.49664E+01 3.45869E-02
 -1      2280 1.77236E-01 3.49575E+01 2.27046E-02
 -1      2285 7.15261E-01 3.74726E+01-3.48107E-02
 -1      2286 6.78146E-01 3.74804E+01-2.20585E-02
 -1      2287 6.96871E-01 3.74765E+01 3.48107E-02
 -1      2288 7.33986E-01 3.74687E+01 2.20585E-02
 -1      2293 4.93632E-01 3.24745E+01-3.60542E-02
 -1      2294 4.61704E-01 3.24658E+01-1.35783E-02
 -1      2295 4.94236E-01 3.24746E+01 3.60542E-02
 -1      2296 5.26164E-01 3.24833E+01 1.35783E-02
 -1      2301-1.49866E-01 3.49640E+01-3.60553E-02
 -1      2302-1.82311E-01 3.49562E+01-1.39944E-02
 -1      2303-1.50134E-01 3.49640E+01 3.60553E-02
 -1      2304-1.17689E-01 3.49718E+01 1.39944E-02
 -1      2309-7.05470E-01 3.74747E+01-3.60504E-02
 -1      2310-7.38413E-01 3.74678E+01-1.44278E-02
 -1      2311-7.06662E-01 3.74744E+01 3.60504E-02
 -1      2312-6.73719E-01 3.74813E+01 1.44278E-02
 -1      2317-4.83328E-01 3.24717E+01 1.96566E+00
 -1      2318-5.20442E-01 3.24818E+01 1.97665E+00
 -1      2319-5.04540E-01 3.24774E+01 2.03434E+00
 -1      2320-4.67426E-01 3.24673E+01 2.02335E+00
 -1      2325 1.59904E-01 3.49616E+01 1.96541E+00
 -1      2326 1.22764E-01 3.49705E+01 1.97730E+00
 -1      2327 1.40096E-01 3.49664E+01 2.03459E+00
 -1      2328 1.77236E-01 3.49575E+01 2.02270E+00
 -1      2333 7.15261E-01 3.74726E+01 1.96519E+00
 -1      2334 6.78146E-01 3.74804E+01 1.97794E+00
 -1      2335 6.96871E-01 3.74765E+01 2.03481E+00
 -1      2336 7.33986E-01 3.74687E+01 2.02206E+00
 -1      2341 4.93632E-01 3.24745E+01 1.96395E+00
 -1      2342 4.61704E-01 3.24658E+01 1.98642E+00
 -1      2343 4.94236E-01 3.24746E+01 2.03605E+00
 -1      2344 5.26164E-01 3.24833E+01 2.01358E+00
 -1      2349-1.49866E-01 3.49640E+01 1.96394E+00
 -1      2350-1.82311E-01 3.49562E+01 1.98601E+00
 -1      2351-1.50134E-01 3.49640E+01 2.03606E+00
 -1      2352-1.17689E-01 3.49718E+01 2.01399E+00
 -1      2357-7.05470E-01 3.74747E+01 1.96395E+00
 -1      2358-7.38413E-01 3.74678E+01 1.98557E+00
 -1      2359-7.06662E-01 3.74744E+01 2.03605E+00
 -1      2360-6.73719E-01 3.74813E+01 2.01443E+00
 -1      2365-1.19777E+00 4.25272E+01 3.58451E-01
 -1      2366-1.23236E+00 4.25239E+01 3.78258E-01
 -1      2367-1.20223E+00 4.25152E+01 4.29417E-01
 -1      2368-1.16764E+00 4.25186E+01 4.09610E-01
 -1      2373-1.19829E+00 4.50371E+01 8.14685E-01
 -1      2374-1.23259E+00 4.50330E+01 8.34866E-01
 -1      2375-1.20171E+00 4.50229E+01 8.85315E-01
 -1      2376-1.16741E+00 4.50270E+01 8.65134E-01
 -1      2381-1.19884E+00 4.75293E+01 1.35882E+00
 -1      2382-1.23282E+00 4.75246E+01 1.37939E+00
 -1      2383-1.20116E+00 4.75131E+01 1.42904E+00
 -1      2384-1.16718E+00 4.75178E+01 1.40848E+00
 -1      2389-1.19407E+00 4.25153E+01 1.57100E+00
 -1      2390-1.23055E+00 4.25180E+01 1.58719E+00
 -1      2391-1.20593E+00 4.25271E+01 1.64113E+00
 -1      2392-1.16945E+00 4.25244E+01 1.62495E+00
 -1      2397-1.19388E+00 4.50230E+01 1.11516E+00
 -1      2398-1.23044E+00 4.50262E+01 1.13106E+00
 -1      2399-1.20612E+00 4.50370E+01 1.18484E+00
 -1      2400-1.16956E+00 4.50338E+01 1.16894E+00
 -1      2405-1.19370E+00 4.75132E+01 5.71480E-01
 -1      2406-1.23034E+00 4.75168E+01 5.87095E-01
 -1      2407-1.20630E+00 4.75292E+01 6.40652E-01
 -1      2408-1.16966E+00 4.75256E+01 6.25037E-01
 -1      2413 1.20223E+00 4.25272E+01 3.58451E-01
 -1      2414 1.16764E+00 4.25239E+01 3.78258E-01
 -1      2415 1.19777E+00 4.25152E+01 4.29417E-01
 -1      2416 1.23236E+00 4.25186E+01 4.09610E-01
 -1      2421 1.20171E+00 4.50371E+01 8.14685E-01
 -1      2422 1.16741E+00 4.50330E+01 8.34866E-01
 -1      2423 1.19829E+00 4.50229E+01 8.85315E-01
 -1      2424 1.23259E+00 4.50270E+01 8.65134E-01
 -1      2429 1.20116E+00 4.75293E+01 1.35882E+00
 -1      2430 1.16718E+00 4.75246E+01 1.37939E+00
 -1      2431 1.19884E+00 4.75131E+01 1.42904E+00
 -1      2432 1.23282E+00 4.75178E+01 1.40848E+00
 -1      2437 1.20593E+00 4.25153E+01 1.57100E+00
 -1      2438 1.16945E+00 4.25180E+01 1.58719E+00
 -1      2439 1.19407E+00 4.25271E+01 1.64113E+00
 -1      2440 1.23055E+00 4.25244E+01 1.62495E+00
 -1      2445 1.20612E+00 4.50230E+01 1.11516E+00
 -1      2446 1.16956E+00 4.50262E+01 1.13106E+00
 -1      2447 1.19388E+00 4.50370E+01 1.18484E+00
 -1      2448 1.23044E+00 4.50338E+01 1.16894E+00
 -1      2453 1.20630E+00 4.75132E+01 5.71480E-01
 -1      2454 1.16966E+00 4.75168E+01 5.87095E-01
 -1      2455 1.19370E+00 4.75292E+01 6.40652E-01
 -1      2456 1.23034E+00 4.75256E+01 6.25037E-01
 -1      2461-4.83328E-01 4.24717E+01-3.43393E-02
 -1      2462-5.20442E-01 4.24818E+01-2.33534E-02
 -1      2463-5.04540E-01 4.24774E+01 3.43393E-02
 -1      2464-4.67426E-01 4.24673E+01 2.33534E-02
 -1      2469 1.59904E-01 4.49616E+01-3.45869E-02
 -1      2470 1.22764E-01 4.49705E+01-2.27046E-02
 -1      2471 1.40096E-01 4.49664E+01 3.45869E-02
 -1      2472 1.77236E-01 4.49575E+01 2.27046E-02
 -1      2477 7.15261E-01 4.74726E+01-3.48107E-02
 -1      2478 6.78146E-01 4.74804E+01-2.20585E-02
 -1      2479 6.96871E-01 4.74765E+01 3.48107E-02
 -1      2480 7.33986E-01 4.74687E+01 2.20585E-02
 -1      2485 4.93632E-01 4.24745E+01-3.60542E-02
 -1      2486 4.61704E-01 4.24658E+01-1.35783E-02
 -1      2487 4.94236E-01 4.24746E+01 3.60542E-02
 -1      2488 5.26164E-01 4.24833E+01 1.35783E-02
 -1      2493-1.49866E-01 4.49640E+01-3.60553E-02
 -1      2494-1.82311E-01 4.49562E+01-1.39944E-02
 -1      2495-1.50134E-01 4.49640E+01 3.60553E-02
 -1      2496-1.17689E-01 4.49718E+01 1.39944E-02
 -1      2501-7.05470E-01 4.74747E+01-3.60504E-02
 -1      2502-7.38413E-01 4.74678E+01-1.44278E-02
 -1      2503-7.06662E-01 4.74744E+01 3.60504E-02
 -1      2504-6.73719E-01 4.74813E+01 1.44278E-02
 -1      2509-4.83328E-01 4.24717E+01 1.96566E+00
 -1      2510-5.20442E-01 4.24818E+01 1.97665E+00
 -1      2511-5.04540E-01 4.24774E+01 2.03434E+00
 -1      2512-4.67426E-01 4.24673E+01 2.02335E+00
 -1      2517 1.59904E-01 4.49616E+01 1.96541E+00
 -1      2518 1.22764E-01 4.49705E+01 1.97730E+00
 -1      2519 1.40096E-01 4.49664E+01 2.03459E+00
 -1      2520 1.77236E-01 4.49575E+01 2.02270E+00
 -1      2525 7.15261E-01 4.74726E+01 1.96519E+00
 -1      2526 6.78146E-01 4.74804E+01 1.97794E+00
 -1      2527 6.96871E-01 4.74765E+01 2.03481E+00
 -1      2528 7.33986E-01 4.74687E+01 2.02206E+00
 -1      2533 4.93632E-01 4.24745E+01 1.96395E+00
 -1      2534 4.61704E-01 4.24658E+01 1.98642E+00
 -1      2535 4.94236E-01 4.24746E+01 2.03605E+00
 -1      2536 5.26164E-01 4.24833E+01 2.01358E+00
 -1      2541-1.49866E-01 4.49640E+01 1.96394E+00
 -1      2542-1.82311E-01 4.49562E+01 1.98601E+00
 -1      2543-1.50134E-01 4.49640E+01 2.03606E+00
 -1      2544-1.17689E-01 4.49718E+01 2.01399E+00
 -1      2549-7.05470E-01 4.74747E+01 1.96395E+00
 -1      2550-7.38413E-01 4.74678E+01 1.98557E+00
 -1      2551-7.06662E-01 4.74744E+01 2.03605E+00
 -1      2552-6.73719E-01 4.74813E+01 2.01443E+00
 -3
    3C                           232                                     1
 -1         1    1    0    1
 -2       173      1373      1374       174       176      1376      1375       175
 -1         2    1    0    1
 -2      1373       373       374      1374      1376       376       375      1375
 -1         3    1    0    1
 -2       223      1381      1382       224       226      1384      1383       225
 -1         4    1    0    1
 -2      1381       423       424      1382      1384       426       425      1383
 -1         5    1    0    1
 -2       273      1389      1390       274       276      1392      1391       275
 -1         6    1    0    1
 -2      1389       473       474      1390      1392       476       475      1391
 -1         7    1    0    1
 -2       323      1397      1398       324       326      1400      1399       325
 -1         8    1    0    1
 -2      1397       523       524      1398      1400       526       525      1399
 -1         9    1    0    1
 -2       373      1405      1406       374       376      1408      1407       375
 -1        10    1    0    1
 -2      1405       573       574      1406      1408       576       575      1407
 -1        11    1    0    1
 -2       423      1413      1414       424       426      1416      1415       425
 -1        12    1    0    1
 -2      1413       623       624      1414      1416       626       625      1415
 -1        13    1    0    1
 -2       473      1421      1422       474       476      1424      1423       475
 -1        14    1    0    1
 -2      1421       673       674      1422      1424       676       675      1423
 -1        15    1    0    1
 -2       523      1429      1430       524       526      1432      1431       525
 -1        16    1    0    1
 -2      1429       723       724      1430      1432       726       725      1431
 -1        17    1    0    1
 -2       573      1437      1438       574       576      1440      1439       575
 -1        18    1    0    1
 -2      1437       773       774      1438      1440       776       775      1439
 -1        19    1    0    1
 -2       623      1445      1446       624       626      1448      1447       625
 -1        20    1    0    1
 -2      1445       823       824      1446      1448       826       825      1447
 -1        21    1    0    1
 -2       673      1453      1454       674       676      1456      1455       675
 -1        22    1    0    1
 -2      1453       873       874      1454      1456       876       875      1455
 -1        23    1    0    1
 -2       723      1461      1462       724       726      1464      1463       725
 -1        24    1    0    1
 -2      1461       923       924      1462      1464       926       925      1463
 -1        25    1    0    1
 -2       773      1469      1470       774       776      1472      1471       775
 -1        26    1    0    1
 -2      1469       973       974      1470      1472       976       975      1471
 -1        27    1    0    1
 -2       823      1477      1478       824       826      1480      1479       825
 -1        28    1    0    1
 -2      1477      1023      1024      1478      1480      1026      1025      1479
 -1        29    1    0    1
 -2       873      1485      1486       874       876      1488      1487       875
 -1        30    1    0    1
 -2      1485      1073      1074      1486      1488      1076      1075      1487
 -1        31    1    0    1
 -2       923      1493      1494       924       926      1496      1495       925
 -1        32    1    0    1
 -2      1493      1123      1124      1494      1496      1126      1125      1495
 -1        33    1    0    1
 -2       973      1501      1502       974       976      1504      1503       975
 -1        34    1    0    1
 -2      1501      1173      1174      1502      1504      1176      1175      1503
 -1        35    1    0    1
 -2      1023      1509      1510      1024      1026      1512      1511      1025
 -1        36    1    0    1
 -2      1509      1223      1224      1510      1512      1226      1225      1511
 -1        37    1    0    1
 -2      1073      1517      1518      1074      1076      1520      1519      1075
 -1        38    1    0    1
 -2      1517      1273      1274      1518      1520      1276      1275      1519
 -1        39    1    0    1
 -2      1123      1525      1526      1124      1126      1528      1527      1125
 -1        40    1    0    1
 -2      1525      1323      1324      1526      1528      1326      1325      1527
 -1        41    1    0    1
 -2       181      1533      1534       182       184      1536      1535       183
 -1        42    1    0    1
 -2      1533       231       232      1534      1536       234       233      1535
 -1        43    1    0    1
 -2       281      1541      1542       282       284      1544      1543       283
 -1        44    1    0    1
 -2      1541       331       332      1542      1544       334       333      1543
 -1        45    1    0    1
 -2       189      1549      1550       190       192      1552      1551       191
 -1        46    1    0    1
 -2      1549       289       290      1550      1552       292       291      1551
 -1        47    1    0    1
 -2       239      1557      1558       240       242      1560      1559       241
 -1        48    1    0    1
 -2      1557       339       340      1558      1560       342       341      1559
 -1        49    1    0    1
 -2       381      1565      1566       382       384      1568      1567       383
 -1        50    1    0    1
 -2      1565       431       432      1566      1568       434       433      1567
 -1        51    1    0    1
 -2       481      1573      1574       482       484      1576      1575       483
 -1        52    1    0    1
 -2      1573       531       532      1574      1576       534       533      1575
 -1        53    1    0    1
 -2       389      1581      1582       390       392      1584      1583       391
 -1        54    1    0    1
 -2      1581       489       490      1582      1584       492       491      1583
 -1        55    1    0    1
 -2       439      1589      1590       440       442      1592      1591       441
 -1        56    1    0    1
 -2      1589       539       540      1590      1592       542       541      1591
 -1        57    1    0    1
 -2       581      1597      1598       582       584      1600      1599       583
 -1        58    1    0    1
 -2      1597       631       632      1598      1600       634       633      1599
 -1        59    1    0    1
 -2       681      1605      1606       682       684      1608      1607       683
 -1        60    1    0    1
 -2      1605       731       732      1606      1608       734       733      1607
 -1        61    1    0    1
 -2       589      1613      1614       590       592      1616      1615       591
 -1        62    1    0    1
 -2      1613       689       690      1614      1616       692       691      1615
 -1        63    1    0    1
 -2       639      1621      1622       640       642      1624      1623       641
 -1        64    1    0    1
 -2      1621       739       740      1622      1624       742       741      1623
 -1        65    1    0    1
 -2       781      1629      1630       782       784      1632      1631       783
 -1        66    1    0    1
 -2      1629       831       832      1630      1632       834       833      1631
 -1        67    1    0    1
 -2       881      1637      1638       882       884      1640      1639       883
 -1        68    1    0    1
 -2      1637       931       932      1638      1640       934       933      1639
 -1        69    1    0    1
 -2       789      1645      1646       790       792      1648      1647       791
 -1        70    1    0    1
 -2      1645       889       890      1646      1648       892       891      1647
 -1        71    1    0    1
 -2       839      1653      1654       840       842      1656      1655       841
 -1        72    1    0    1
 -2      1653       939       940      1654      1656       942       941      1655
 -1        73    1    0    1
 -2       981      1661      1662       982       984      1664      1663       983
 -1        74    1    0    1
 -2      1661      1031      1032      1662      1664      1034      1033      1663
 -1        75    1    0    1
 -2      1081      1669      1670      1082      1084      1672      1671      1083
 -1        76    1    0    1
 -2      1669      1131      1132      1670      1672      1134      1133      1671
 -1        77    1    0    1
 -2       989      1677      1678       990       992      1680      1679       991
 -1        78    1    0    1
 -2      1677      1089      1090      1678      1680      1092      1091      1679
 -1        79    1    0    1
 -2      1039      1685      1686      1040      1042      1688      1687      1041
 -1        80    1    0    1
 -2      1685      1139      1140      1686      1688      1142      1141      1687
 -1        81    1    0    1
 -2      1181      1693      1694      1182      1184      1696      1695      1183
 -1        82    1    0    1
 -2      1693      1231      1232      1694      1696      1234      1233      1695
 -1        83    1    0    1
 -2      1281      1701      1702      1282      1284      1704      1703      1283
 -1        84    1    0    1
 -2      1701      1331      1332      1702      1704      1334      1333      1703
 -1        85    1    0    1
 -2      1189      1709      1710      1190      1192      1712      1711      1191
 -1        86    1    0    1
 -2      1709      1289      1290      1710      1712      1292      1291      1711
 -1        87    1    0    1
 -2      1239      1717      1718      1240      1242      1720      1719      1241
 -1        88    1    0    1
 -2      1717      1339      1340      1718      1720      1342      1341      1719
 -1        89    1    0    1
 -2       173      1725      1726       174       176      1728      1727       175
 -1        90    1    0    1
 -2      1725      1733      1734      1726      1728      1736      1735      1727
 -1        91    1    0    1
 -2      1733      1741      1742      1734      1736      1744      1743      1735
 -1        92    1    0    1
 -2      1741       473       474      1742      1744       476       475      1743
 -1        93    1    0    1
 -2       273      1749      1750       274       276      1752      1751       275
 -1        94    1    0    1
 -2      1749      1757      1758      1750      1752      1760      1759      1751
 -1        95    1    0    1
 -2      1757      1765      1766      1758      1760      1768      1767      1759
 -1        96    1    0    1
 -2      1765       373       374      1766      1768       376       375      1767
 -1        97    1    0    1
 -2       223      1773      1774       224       226      1776      1775       225
 -1        98    1    0    1
 -2      1773      1781      1782      1774      1776      1784      1783      1775
 -1        99    1    0    1
 -2      1781      1789      1790      1782      1784      1792      1791      1783
 -1       100    1    0    1
 -2      1789       523       524      1790      1792       526       525      1791
 -1       101    1    0    1
 -2       323      1797      1798       324       326      1800      1799       325
 -1       102    1    0    1
 -2      1797      1805      1806      1798      1800      1808      1807      1799
 -1       103    1    0    1
 -2      1805      1813      1814      1806      1808      1816      1815      1807
 -1       104    1    0    1
 -2      1813       423       424      1814      1816       426       425      1815
 -1       105    1    0    1
 -2       173      1821      1822       174       176      1824      1823       175
 -1       106    1    0    1
 -2      1821      1829      1830      1822      1824      1832      1831      1823
 -1       107    1    0    1
 -2      1829      1837      1838      1830      1832      1840      1839      1831
 -1       108    1    0    1
 -2      1837       423       424      1838      1840       426       425      1839
 -1       109    1    0    1
 -2       223      1845      1846       224       226      1848      1847       225
 -1       110    1    0    1
 -2      1845      1853      1854      1846      1848      1856      1855      1847
 -1       111    1    0    1
 -2      1853      1861      1862      1854      1856      1864      1863      1855
 -1       112    1    0    1
 -2      1861       373       374      1862      1864       376       375      1863
 -1       113    1    0    1
 -2       273      1869      1870       274       276      1872      1871       275
 -1       114    1    0    1
 -2      1869      1877      1878      1870      1872      1880      1879      1871
 -1       115    1    0    1
 -2      1877      1885      1886      1878      1880      1888      1887      1879
 -1       116    1    0    1
 -2      1885       523       524      1886      1888       526       525      1887
 -1       117    1    0    1
 -2       323      1893      1894       324       326      1896      1895       325
 -1       118    1    0    1
 -2      1893      1901      1902      1894      1896      1904      1903      1895
 -1       119    1    0    1
 -2      1901      1909      1910      1902      1904      1912      1911      1903
 -1       120    1    0    1
 -2      1909       473       474      1910      1912       476       475      1911
 -1       121    1    0    1
 -2       373      1917      1918       374       376      1920      1919       375
 -1       122    1    0    1
 -2      1917       673       674      1918      1920       676       675      1919
 -1       123    1    0    1
 -2       473      1925      1926       474       476      1928      1927       475
 -1       124    1    0    1
 -2      1925       573       574      1926      1928       576       575      1927
 -1       125    1    0    1
 -2       423      1933      1934       424       426      1936      1935       425
 -1       126    1    0    1
 -2      1933       723       724      1934      1936       726       725      1935
 -1       127    1    0    1
 -2       523      1941      1942       524       526      1944      1943       525
 -1       128    1    0    1
 -2      1941       623       624      1942      1944       626       625      1943
 -1       129    1    0    1
 -2       373      1949      1950       374       376      1952      1951       375
 -1       130    1    0    1
 -2      1949       623       624      1950      1952       626       625      1951
 -1       131    1    0    1
 -2       423      1957      1958       424       426      1960      1959       425
 -1       132    1    0    1
 -2      1957       573       574      1958      1960       576       575      1959
 -1       133    1    0    1
 -2       473      1965      1966       474       476      1968      1967       475
 -1       134    1    0    1
 -2      1965       723       724      1966      1968       726       725      1967
 -1       135    1    0    1
 -2       523      1973      1974       524       526      1976      1975       525
 -1       136    1    0    1
 -2      1973       673       674      1974      1976       676       675      1975
 -1       137    1    0    1
 -2       573      1981      1982       574       576      1984      1983       575
 -1       138    1    0    1
 -2      1981      1989      1990      1982      1984      1992      1991      1983
 -1       139    1    0    1
 -2      1989      1997      1998      1990      1992      2000      1999      1991
 -1       140    1    0    1
 -2      1997       873       874      1998      2000       876       875      1999
 -1       141    1    0    1
 -2       673      2005      2006       674       676      2008      2007       675
 -1       142    1    0    1
 -2      2005      2013      2014      2006      2008      2016      2015      2007
 -1       143    1    0    1
 -2      2013      2021      2022      2014      2016      2024      2023      2015
 -1       144    1    0    1
 -2      2021       773       774      2022      2024       776       775      2023
 -1       145    1    0    1
 -2       623      2029      2030       624       626      2032      2031       625
 -1       146    1    0    1
 -2      2029      2037      2038      2030      2032      2040      2039      2031
 -1       147    1    0    1
 -2      2037      2045      2046      2038      2040      2048      2047      2039
 -1       148    1    0    1
 -2      2045       923       924      2046      2048       926       925      2047
 -1       149    1    0    1
 -2       723      2053      2054       724       726      2056      2055       725
 -1       150    1    0    1
 -2      2053      2061      2062      2054      2056      2064      2063      2055
 -1       151    1    0    1
 -2      2061      2069      2070      2062      2064      2072      2071      2063
 -1       152    1    0    1
 -2      2069       823       824      2070      2072       826       825      2071
 -1       153    1    0    1
 -2       573      2077      2078       574       576      2080      2079       575
 -1       154    1    0    1
 -2      2077      2085      2086      2078      2080      2088      2087      2079
 -1       155    1    0    1
 -2      2085      2093      2094      2086      2088      2096      2095      2087
 -1       156    1    0    1
 -2      2093       823       824      2094      2096       826       825      2095
 -1       157    1    0    1
 -2       623      2101      2102       624       626      2104      2103       625
 -1       158    1    0    1
 -2      2101      2109      2110      2102      2104      2112      2111      2103
 -1       159    1    0    1
 -2      2109      2117      2118      2110      2112      2120      2119      2111
 -1       160    1    0    1
 -2      2117       773       774      2118      2120       776       775      2119
 -1       161    1    0    1
 -2       673      2125      2126       674       676      2128      2127       675
 -1       162    1    0    1
 -2      2125      2133      2134      2126      2128      2136      2135      2127
 -1       163    1    0    1
 -2      2133      2141      2142      2134      2136      2144      2143      2135
 -1       164    1    0    1
 -2      2141       923       924      2142      2144       926       925      2143
 -1       165    1    0    1
 -2       723      2149      2150       724       726      2152      2151       725
 -1       166    1    0    1
 -2      2149      2157      2158      2150      2152      2160      2159      2151
 -1       167    1    0    1
 -2      2157      2165      2166      2158      2160      2168      2167      2159
 -1       168    1    0    1
 -2      2165       873       874      2166      2168       876       875      2167
 -1       169    1    0    1
 -2       773      2173      2174       774       776      2176      2175       775
 -1       170    1    0    1
 -2      2173      2181      2182      2174      2176      2184      2183      2175
 -1       171    1    0    1
 -2      2181      2189      2190      2182      2184      2192      2191      2183
 -1       172    1    0    1
 -2      2189      1073      1074      2190      2192      1076      1075      2191
 -1       173    1    0    1
 -2       873      2197      2198       874       876      2200      2199       875
 -1       174    1    0    1
 -2      2197      2205      2206      2198      2200      2208      2207      2199
 -1       175    1    0    1
 -2      2205      2213      2214      2206      2208      2216      2215      2207
 -1       176    1    0    1
 -2      2213       973       974      2214      2216       976       975      2215
 -1       177    1    0    1
 -2       823      2221      2222       824       826      2224      2223       825
 -1       178    1    0    1
 -2      2221      2229      2230      2222      2224      2232      2231      2223
 -1       179    1    0    1
 -2      2229      2237      2238      2230      2232      2240      2239      2231
 -1       180    1    0    1
 -2      2237      1123      1124      2238      2240      1126      1125      2239
 -1       181    1    0    1
 -2       923      2245      2246       924       926      2248      2247       925
 -1       182    1    0    1
 -2      2245      2253      2254      2246      2248      2256      2255      2247
 -1       183    1    0    1
 -2      2253      2261      2262      2254      2256      2264      2263      2255
 -1       184    1    0    1
 -2      2261      1023      1024      2262      2264      1026      1025      2263
 -1       185    1    0    1
 -2       773      2269      2270       774       776      2272      2271       775
 -1       186    1    0    1
 -2      2269      2277      2278      2270      2272      2280      2279      2271
 -1       187    1    0    1
 -2      2277      2285      2286      2278      2280      2288      2287      2279
 -1       188    1    0    1
 -2      2285      1023      1024      2286      2288      1026      1025      2287
 -1       189    1    0    1
 -2       823      2293      2294       824       826      2296      2295       825
 -1       190    1    0    1
 -2      2293      2301      2302      2294      2296      2304      2303      2295
 -1       191    1    0    1
 -2      2301      2309      2310      2302      2304      2312      2311      2303
 -1       192    1    0    1
 -2      2309       973       974      2310      2312       976       975      2311
 -1       193    1    0    1
 -2       873      2317      2318       874       876      2320      2319       875
 -1       194    1    0    1
 -2      2317      2325      2326      2318      2320      2328      2327      2319
 -1       195    1    0    1
 -2      2325      2333      2334      2326      2328      2336      2335      2327
 -1       196    1    0    1
 -2      2333      1123      1124      2334      2336      1126      1125      2335
 -1       197    1    0    1
 -2       923      2341      2342       924       926      2344      2343       925
 -1       198    1    0    1
 -2      2341      2349      2350      2342      2344      2352      2351      2343
 -1       199    1    0    1
 -2      2349      2357      2358      2350      2352      2360      2359      2351
 -1       200    1    0    1
 -2      2357      1073      1074      2358      2360      1076      1075      2359
 -1       201    1    0    1
 -2       973      2365      2366       974       976      2368      2367       975
 -1       202    1    0    1
 -2      2365      2373      2374      2366      2368      2376      2375      2367
 -1       203    1    0    1
 -2      2373      2381      2382      2374      2376      2384      2383      2375
 -1       204    1    0    1
 -2      2381      1273      1274      2382      2384      1276      1275      2383
 -1       205    1    0    1
 -2      1073      2389      2390      1074      1076      2392      2391      1075
 -1       206    1    0    1
 -2      2389      2397      2398      2390      2392      2400      2399      2391
 -1       207    1    0    1
 -2      2397      2405      2406      2398      2400      2408      2407      2399
 -1       208    1    0    1
 -2      2405      1173      1174      2406      2408      1176      1175      2407
 -1       209    1    0    1
 -2      1023      2413      2414      1024      1026      2416      2415      1025
 -1       210    1    0    1
 -2      2413      2421      2422      2414      2416      2424      2423      2415
 -1       211    1    0    1
 -2      2421      2429      2430      2422      2424      2432      2431      2423
 -1       212    1    0    1
 -2      2429      1323      1324      2430      2432      1326      1325      2431
 -1       213    1    0    1
 -2      1123      2437      2438      1124      1126      2440      2439      1125
 -1       214    1    0    1
 -2      2437      2445      2446      2438      2440      2448      2447      2439
 -1       215    1    0    1
 -2      2445      2453      2454      2446      2448      2456      2455      2447
 -1       216    1    0    1
 -2      2453      1223      1224      2454      2456      1226      1225      2455
 -1       217    1    0    1
 -2       973      2461      2462       974       976      2464      2463       975
 -1       218    1    0    1
 -2      2461      2469      2470      2462      2464      2472      2471      2463
 -1       219    1    0    1
 -2      2469      2477      2478      2470      2472      2480      2479      2471
 -1       220    1    0    1
 -2      2477      1223      1224      2478      2480      1226      1225      2479
 -1       221    1    0    1
 -2      1023      2485      2486      1024      1026      2488      2487      1025
 -1       222    1    0    1
 -2      2485      2493      2494      2486      2488      2496      2495      2487
 -1       223    1    0    1
 -2      2493      2501      2502      2494      2496      2504      2503      2495
 -1       224    1    0    1
 -2      2501      1173      1174      2502      2504      1176      1175      2503
 -1       225    1    0    1
 -2      1073      2509      2510      1074      1076      2512      2511      1075
 -1       226    1    0    1
 -2      2509      2517      2518      2510      2512      2520      2519      2511
 -1       227    1    0    1
 -2      2517      2525      2526      2518      2520      2528      2527      2519
 -1       228    1    0    1
 -2      2525      1323      1324      2526      2528      1326      1325      2527
 -1       229    1    0    1
 -2      1123      2533      2534      1124      1126      2536      2535      1125
 -1       230    1    0    1
 -2      2533      2541      2542      2534      2536      2544      2543      2535
 -1       231    1    0    1
 -2      2541      2549      2550      2542      2544      2552      2551      2543
 -1       232    1    0    1
 -2      2549      1273      1274      2550      2552      1276      1275      2551
 -3
    1PSTEP                         1           1           1          
  100CL  101 1.000000000           0                     0    1           1
 -4  DISP        4    1
 -5  D1          1    2    1    0
 -5  D2          1    2    2    0
 -5  D3          1    2    3    0
 -5  ALL         1    2    0    0    1ALL
 -3
 9999
