SUMMARY OF C0NVERGENCE INFORMATION
  STEP   INC  ATT   ITER     CONT.   RESID.        CORR.      RESID.      CORR.
                              EL.    FORCE         DISP       FLUX        TEMP.
                              (#)     (%)           (%)        (%)         (%)
     1     1     1     1        0  0.4050E+02  0.1000E+03  0.0000E+00  0.0000E+00
     1     1     1     2        0  0.0000E+00  0.7361E-02  0.0000E+00  0.0000E+00
     1     2     1     1        0  0.9979E+01  0.2750E+02  0.0000E+00  0.0000E+00
     1     2     1     2        0  0.0000E+00  0.1632E-02  0.0000E+00  0.0000E+00
     1     3     1     1        0  0.4978E+02  0.3898E+02  0.0000E+00  0.0000E+00
     1     3     1     2        0  0.1394E-04  0.5136E-02  0.0000E+00  0.0000E+00
     1     4     1     1        0  0.4856E+02  0.2130E+02  0.0000E+00  0.0000E+00
     1     4     1     2        0  0.3411E-04  0.3639E-02  0.0000E+00  0.0000E+00
     1     5     1     1        0  0.8834E+02  0.1586E+02  0.0000E+00  0.0000E+00
     1     5     1     2        0  0.1557E-03  0.7337E-02  0.0000E+00  0.0000E+00
     1     6     1     1        0  0.1516E+03  0.3236E+01  0.0000E+00  0.0000E+00
     1     6     1     2        0  0.2178E-02  0.1752E-01  0.0000E+00  0.0000E+00
     1     7     1     1        0  0.1635E+03  0.8148E+01  0.0000E+00  0.0000E+00
     1     7     1     2        0  0.1342E-02  0.7858E-02  0.0000E+00  0.0000E+00
     1     8     1     1        0  0.2008E+03  0.2523E+02  0.0000E+00  0.0000E+00
     1     8     1     2        0  0.2637E-01  0.1435E+00  0.0000E+00  0.0000E+00
     1     9     1     1        0  0.8132E+02  0.8369E+02  0.0000E+00  0.0000E+00
     1     9     1     2        0  0.3768E-02  0.2667E+00  0.0000E+00  0.0000E+00
     1    10     1     1        0  0.4878E+02  0.2906E+02  0.0000E+00  0.0000E+00
     1    10     1     2        0  0.5655E-02  0.1268E+00  0.0000E+00  0.0000E+00
     1    11     1     1        0  0.1683E+02  0.7315E+01  0.0000E+00  0.0000E+00
     1    11     1     2        0  0.2663E-04  0.4059E-02  0.0000E+00  0.0000E+00
     1    12     1     1        0  0.4018E+02  0.2159E+01  0.0000E+00  0.0000E+00
     1    12     1     2        0  0.3911E-02  0.4160E-01  0.0000E+00  0.0000E+00
     1    13     1     1        0  0.5849E+02  0.9951E+01  0.0000E+00  0.0000E+00
     1    13     1     2        0  0.3696E-02  0.4272E-01  0.0000E+00  0.0000E+00
     1    14     1     1        0  0.1112E+03  0.2242E+02  0.0000E+00  0.0000E+00
     1    14     1     2        0  0.2855E-02  0.4150E-01  0.0000E+00  0.0000E+00
     1    15     1     1        0  0.3354E+02  0.6917E+02  0.0000E+00  0.0000E+00
     1    15     1     2        0  0.5846E-03  0.7301E-01  0.0000E+00  0.0000E+00
     1    16     1     1        0  0.1789E+02  0.3167E+02  0.0000E+00  0.0000E+00
     1    16     1     2        0  0.1330E-02  0.8200E-01  0.0000E+00  0.0000E+00
     1    17     1     1        0  0.3695E+02  0.9919E+01  0.0000E+00  0.0000E+00
     1    17     1     2        0  0.2908E-03  0.1036E-01  0.0000E+00  0.0000E+00
     1    18     1     1        0  0.1261E+02  0.5080E+01  0.0000E+00  0.0000E+00
     1    18     1     2        0  0.6747E-02  0.6630E-01  0.0000E+00  0.0000E+00
     1    19     1     1        0  0.8246E+02  0.1528E+02  0.0000E+00  0.0000E+00
     1    19     1     2        0  0.8473E-02  0.6724E-01  0.0000E+00  0.0000E+00
     1    20     1     1        0  0.3178E+02  0.2928E+02  0.0000E+00  0.0000E+00
     1    20     1     2        0  0.1876E-02  0.6223E-01  0.0000E+00  0.0000E+00
     1    21     1     1        0  0.3257E+02  0.1000E+03  0.0000E+00  0.0000E+00
     1    21     1     2        0  0.1641E-02  0.2004E+00  0.0000E+00  0.0000E+00
     1    22     1     1        0  0.3327E+02  0.1937E+02  0.0000E+00  0.0000E+00
     1    22     1     2        0  0.3769E-02  0.1003E+00  0.0000E+00  0.0000E+00
     1    23     1     1        0  0.3649E+01  0.8205E+00  0.0000E+00  0.0000E+00
     1    23     1     2        0  0.1399E-03  0.7962E-02  0.0000E+00  0.0000E+00
     1    24     1     1        0  0.4675E+02  0.1023E+02  0.0000E+00  0.0000E+00
     1    24     1     2        0  0.9419E-02  0.7495E-01  0.0000E+00  0.0000E+00
     1    25     1     1        0  0.3066E+02  0.1880E+02  0.0000E+00  0.0000E+00
     1    25     1     2        0  0.1751E-02  0.3978E-01  0.0000E+00  0.0000E+00
     1    26     1     1        0  0.2910E+02  0.5409E+02  0.0000E+00  0.0000E+00
     1    26     1     2        0  0.1189E-02  0.9125E-01  0.0000E+00  0.0000E+00
     1    27     1     1        0  0.5858E+02  0.5576E+02  0.0000E+00  0.0000E+00
     1    27     1     2        0  0.2228E-02  0.1336E+00  0.0000E+00  0.0000E+00
     1    28     1     1        0  0.4513E+01  0.7787E+01  0.0000E+00  0.0000E+00
     1    28     1     2        0  0.3216E-03  0.2639E-01  0.0000E+00  0.0000E+00
