    1C
    1UNormalized cross-passage space-truss torsion benchmark            
    1UUSER                                                              
    1UDATE              06.august.2026                                  
    1UTIME              08:14:17                                        
    1UHOST                                                              
    1UPGM               CalculiX                                        
    1UVERSION           Version 2.21                             
    1UCOMPILETIME       Sat Jul 29 10:52:01 CEST 2023                    
    1UDIR                                                               
    1UDBN                                                               
    1UMAT    1STEEL                                                     
    2C                           848                                     1
 -1       165-1.19373E+00 7.64433E-04-3.54974E-02
 -1       166-1.23022E+00 3.54650E-03-1.93487E-02
 -1       167-1.20627E+00-7.64433E-04 3.54974E-02
 -1       168-1.16978E+00-3.54650E-03 1.93487E-02
 -1       173-1.20102E+00-3.40950E-02-1.16828E-02
 -1       174-1.20007E+00-2.33416E-03-3.59798E-02
 -1       175-1.19898E+00 3.40950E-02 1.16828E-02
 -1       176-1.19993E+00 2.33416E-03 3.59798E-02
 -1       181-1.23354E+00-1.32202E-02 3.96605E-04
 -1       182-1.20069E+00-3.60327E-02 1.08098E-03
 -1       183-1.16646E+00 1.32202E-02-3.96605E-04
 -1       184-1.19931E+00 3.60327E-02-1.08098E-03
 -1       215 1.20171E+00 2.55663E-03-3.59239E-02
 -1       216 1.16756E+00-1.97735E-03-1.56071E-02
 -1       217 1.19829E+00-2.55663E-03 3.59239E-02
 -1       218 1.23244E+00 1.97735E-03 1.56071E-02
 -1       223 1.20102E+00-3.38645E-02-1.23355E-02
 -1       224 1.20005E+00-1.64335E-03-3.60180E-02
 -1       225 1.19898E+00 3.38645E-02 1.23355E-02
 -1       226 1.19995E+00 1.64335E-03 3.60180E-02
 -1       231 1.16697E+00-1.44498E-02-4.33494E-04
 -1       232 1.20064E+00-3.60336E-02-1.08101E-03
 -1       233 1.23303E+00 1.44498E-02 4.33494E-04
 -1       234 1.19936E+00 3.60336E-02 1.08101E-03
 -1       265-1.19292E+00-3.00914E-03 1.96477E+00
 -1       266-1.22977E+00 1.41549E-03 1.97970E+00
 -1       267-1.20708E+00 3.00914E-03 2.03523E+00
 -1       268-1.17023E+00-1.41549E-03 2.02030E+00
 -1       273-1.19898E+00-3.38645E-02 1.98766E+00
 -1       274-1.19995E+00-1.64335E-03 1.96398E+00
 -1       275-1.20102E+00 3.38645E-02 2.01234E+00
 -1       276-1.20005E+00 1.64335E-03 2.03602E+00
 -1       281-1.23303E+00-1.44498E-02 1.99957E+00
 -1       282-1.19936E+00-3.60336E-02 1.99892E+00
 -1       283-1.16697E+00 1.44498E-02 2.00043E+00
 -1       284-1.20064E+00 3.60336E-02 2.00108E+00
 -1       315 1.20313E+00-1.07255E-03 1.96410E+00
 -1       316 1.16819E+00-3.59000E-03 1.98341E+00
 -1       317 1.19687E+00 1.07255E-03 2.03590E+00
 -1       318 1.23181E+00 3.59000E-03 2.01659E+00
 -1       323 1.19898E+00-3.40950E-02 1.98832E+00
 -1       324 1.19993E+00-2.33416E-03 1.96402E+00
 -1       325 1.20102E+00 3.40950E-02 2.01168E+00
 -1       326 1.20007E+00 2.33416E-03 2.03598E+00
 -1       331 1.16646E+00-1.32202E-02 2.00040E+00
 -1       332 1.19931E+00-3.60327E-02 2.00108E+00
 -1       333 1.23354E+00 1.32202E-02 1.99960E+00
 -1       334 1.20069E+00 3.60327E-02 1.99892E+00
 -1       365-1.19507E+00 9.99950E+00-3.57135E-02
 -1       366-1.23107E+00 1.00002E+01-1.82919E-02
 -1       367-1.20493E+00 1.00005E+01 3.57135E-02
 -1       368-1.16893E+00 9.99979E+00 1.82919E-02
 -1       373-1.20145E+00 9.96588E+00-1.15569E-02
 -1       374-1.20010E+00 9.99753E+00-3.59709E-02
 -1       375-1.19855E+00 1.00341E+01 1.15569E-02
 -1       376-1.19990E+00 1.00025E+01 3.59709E-02
 -1       381-1.23365E+00 9.98707E+00 5.48678E-04
 -1       382-1.20099E+00 9.96399E+00 1.52775E-03
 -1       383-1.16635E+00 1.00129E+01-5.48678E-04
 -1       384-1.19901E+00 1.00360E+01-1.52775E-03
 -1       415 1.20439E+00 9.99948E+00-3.57838E-02
 -1       416 1.16866E+00 9.99927E+00-1.78052E-02
 -1       417 1.19561E+00 1.00005E+01 3.57838E-02
 -1       418 1.23134E+00 1.00007E+01 1.78052E-02
 -1       423 1.20143E+00 9.96620E+00-1.24797E-02
 -1       424 1.20006E+00 9.99851E+00-3.60247E-02
 -1       425 1.19857E+00 1.00338E+01 1.24797E-02
 -1       426 1.19994E+00 1.00015E+01 3.60247E-02
 -1       431 1.16707E+00 9.98533E+00-6.22501E-04
 -1       432 1.20089E+00 9.96399E+00-1.52786E-03
 -1       433 1.23293E+00 1.00147E+01 6.22501E-04
 -1       434 1.19911E+00 1.00360E+01 1.52786E-03
 -1       465-1.19539E+00 1.00005E+01 1.96424E+00
 -1       466-1.23123E+00 1.00007E+01 1.98200E+00
 -1       467-1.20461E+00 9.99949E+00 2.03576E+00
 -1       468-1.16877E+00 9.99927E+00 2.01800E+00
 -1       473-1.19857E+00 9.96620E+00 1.98752E+00
 -1       474-1.19994E+00 9.99851E+00 1.96398E+00
 -1       475-1.20143E+00 1.00338E+01 2.01248E+00
 -1       476-1.20006E+00 1.00015E+01 2.03602E+00
 -1       481-1.23293E+00 9.98533E+00 1.99938E+00
 -1       482-1.19911E+00 9.96399E+00 1.99847E+00
 -1       483-1.16707E+00 1.00147E+01 2.00062E+00
 -1       484-1.20089E+00 1.00360E+01 2.00153E+00
 -1       515 1.20405E+00 1.00005E+01 1.96418E+00
 -1       516 1.16849E+00 9.99977E+00 1.98248E+00
 -1       517 1.19595E+00 9.99951E+00 2.03582E+00
 -1       518 1.23151E+00 1.00002E+01 2.01752E+00
 -1       523 1.19855E+00 9.96588E+00 1.98844E+00
 -1       524 1.19990E+00 9.99753E+00 1.96403E+00
 -1       525 1.20145E+00 1.00341E+01 2.01156E+00
 -1       526 1.20010E+00 1.00025E+01 2.03597E+00
 -1       531 1.16635E+00 9.98707E+00 2.00055E+00
 -1       532 1.19901E+00 9.96399E+00 2.00153E+00
 -1       533 1.23365E+00 1.00129E+01 1.99945E+00
 -1       534 1.20099E+00 1.00360E+01 1.99847E+00
 -1       565-1.19531E+00 1.99997E+01-3.57481E-02
 -1       566-1.23119E+00 2.00001E+01-1.80798E-02
 -1       567-1.20469E+00 2.00003E+01 3.57481E-02
 -1       568-1.16881E+00 1.99999E+01 1.80798E-02
 -1       573-1.20102E+00 1.99659E+01-1.16828E-02
 -1       574-1.20007E+00 1.99977E+01-3.59798E-02
 -1       575-1.19898E+00 2.00341E+01 1.16828E-02
 -1       576-1.19993E+00 2.00023E+01 3.59798E-02
 -1       581-1.23354E+00 1.99868E+01 3.96605E-04
 -1       582-1.20069E+00 1.99640E+01 1.08098E-03
 -1       583-1.16646E+00 2.00132E+01-3.96605E-04
 -1       584-1.19931E+00 2.00360E+01-1.08098E-03
 -1       615 1.20439E+00 1.99998E+01-3.57862E-02
 -1       616 1.16866E+00 1.99997E+01-1.78172E-02
 -1       617 1.19561E+00 2.00002E+01 3.57862E-02
 -1       618 1.23134E+00 2.00003E+01 1.78172E-02
 -1       623 1.20102E+00 1.99661E+01-1.23355E-02
 -1       624 1.20005E+00 1.99984E+01-3.60180E-02
 -1       625 1.19898E+00 2.00339E+01 1.23355E-02
 -1       626 1.19995E+00 2.00016E+01 3.60180E-02
 -1       631 1.16697E+00 1.99855E+01-4.33494E-04
 -1       632 1.20064E+00 1.99640E+01-1.08101E-03
 -1       633 1.23303E+00 2.00145E+01 4.33494E-04
 -1       634 1.19936E+00 2.00360E+01 1.08101E-03
 -1       665-1.19547E+00 2.00002E+01 1.96423E+00
 -1       666-1.23128E+00 2.00003E+01 1.98207E+00
 -1       667-1.20453E+00 1.99998E+01 2.03577E+00
 -1       668-1.16872E+00 1.99997E+01 2.01793E+00
 -1       673-1.19898E+00 1.99661E+01 1.98766E+00
 -1       674-1.19995E+00 1.99984E+01 1.96398E+00
 -1       675-1.20102E+00 2.00339E+01 2.01234E+00
 -1       676-1.20005E+00 2.00016E+01 2.03602E+00
 -1       681-1.23303E+00 1.99855E+01 1.99957E+00
 -1       682-1.19936E+00 1.99640E+01 1.99892E+00
 -1       683-1.16697E+00 2.00145E+01 2.00043E+00
 -1       684-1.20064E+00 2.00360E+01 2.00108E+00
 -1       715 1.20422E+00 2.00003E+01 1.96419E+00
 -1       716 1.16857E+00 1.99999E+01 1.98233E+00
 -1       717 1.19578E+00 1.99997E+01 2.03581E+00
 -1       718 1.23143E+00 2.00001E+01 2.01767E+00
 -1       723 1.19898E+00 1.99659E+01 1.98832E+00
 -1       724 1.19993E+00 1.99977E+01 1.96402E+00
 -1       725 1.20102E+00 2.00341E+01 2.01168E+00
 -1       726 1.20007E+00 2.00023E+01 2.03598E+00
 -1       731 1.16646E+00 1.99868E+01 2.00040E+00
 -1       732 1.19931E+00 1.99640E+01 2.00108E+00
 -1       733 1.23354E+00 2.00132E+01 1.99960E+00
 -1       734 1.20069E+00 2.00360E+01 1.99892E+00
 -1       765-1.19529E+00 2.99997E+01-3.57459E-02
 -1       766-1.23119E+00 3.00000E+01-1.80945E-02
 -1       767-1.20471E+00 3.00003E+01 3.57459E-02
 -1       768-1.16881E+00 3.00000E+01 1.80945E-02
 -1       773-1.20000E+00 2.99660E+01-1.20000E-02
 -1       774-1.20000E+00 2.99980E+01-3.60000E-02
 -1       775-1.20000E+00 3.00340E+01 1.20000E-02
 -1       776-1.20000E+00 3.00020E+01 3.60000E-02
 -1       781-1.23328E+00 2.99861E+01 0.00000E+00
 -1       782-1.20000E+00 2.99639E+01 0.00000E+00
 -1       783-1.16672E+00 3.00139E+01 0.00000E+00
 -1       784-1.20000E+00 3.00361E+01 0.00000E+00
 -1       815 1.20445E+00 2.99999E+01-3.57794E-02
 -1       816 1.16869E+00 2.99998E+01-1.78714E-02
 -1       817 1.19555E+00 3.00001E+01 3.57794E-02
 -1       818 1.23131E+00 3.00002E+01 1.78714E-02
 -1       823 1.20000E+00 2.99660E+01-1.20000E-02
 -1       824 1.20000E+00 2.99980E+01-3.60000E-02
 -1       825 1.20000E+00 3.00340E+01 1.20000E-02
 -1       826 1.20000E+00 3.00020E+01 3.60000E-02
 -1       831 1.16672E+00 2.99861E+01 0.00000E+00
 -1       832 1.20000E+00 2.99639E+01 0.00000E+00
 -1       833 1.23328E+00 3.00139E+01 0.00000E+00
 -1       834 1.20000E+00 3.00361E+01 0.00000E+00
 -1       865-1.19541E+00 3.00001E+01 1.96424E+00
 -1       866-1.23124E+00 3.00002E+01 1.98200E+00
 -1       867-1.20459E+00 2.99999E+01 2.03576E+00
 -1       868-1.16876E+00 2.99998E+01 2.01800E+00
 -1       873-1.20000E+00 2.99660E+01 1.98800E+00
 -1       874-1.20000E+00 2.99980E+01 1.96400E+00
 -1       875-1.20000E+00 3.00340E+01 2.01200E+00
 -1       876-1.20000E+00 3.00020E+01 2.03600E+00
 -1       881-1.23328E+00 2.99861E+01 2.00000E+00
 -1       882-1.20000E+00 2.99639E+01 2.00000E+00
 -1       883-1.16672E+00 3.00139E+01 2.00000E+00
 -1       884-1.20000E+00 3.00361E+01 2.00000E+00
 -1       915 1.20434E+00 3.00003E+01 1.96421E+00
 -1       916 1.16863E+00 3.00000E+01 1.98223E+00
 -1       917 1.19566E+00 2.99997E+01 2.03579E+00
 -1       918 1.23137E+00 3.00000E+01 2.01777E+00
 -1       923 1.20000E+00 2.99660E+01 1.98800E+00
 -1       924 1.20000E+00 2.99980E+01 1.96400E+00
 -1       925 1.20000E+00 3.00340E+01 2.01200E+00
 -1       926 1.20000E+00 3.00020E+01 2.03600E+00
 -1       931 1.16672E+00 2.99861E+01 2.00000E+00
 -1       932 1.20000E+00 2.99639E+01 2.00000E+00
 -1       933 1.23328E+00 3.00139E+01 2.00000E+00
 -1       934 1.20000E+00 3.00361E+01 2.00000E+00
 -1       965-1.19518E+00 3.99996E+01-3.57298E-02
 -1       966-1.23113E+00 4.00001E+01-1.81933E-02
 -1       967-1.20482E+00 4.00004E+01 3.57298E-02
 -1       968-1.16887E+00 3.99999E+01 1.81933E-02
 -1       973-1.20145E+00 3.99659E+01-1.15569E-02
 -1       974-1.20010E+00 3.99975E+01-3.59709E-02
 -1       975-1.19855E+00 4.00341E+01 1.15569E-02
 -1       976-1.19990E+00 4.00025E+01 3.59709E-02
 -1       981-1.23365E+00 3.99871E+01 5.48678E-04
 -1       982-1.20099E+00 3.99640E+01 1.52775E-03
 -1       983-1.16635E+00 4.00129E+01-5.48678E-04
 -1       984-1.19901E+00 4.00360E+01-1.52775E-03
 -1      1015 1.20440E+00 3.99997E+01-3.57845E-02
 -1      1016 1.16866E+00 3.99995E+01-1.78229E-02
 -1      1017 1.19560E+00 4.00003E+01 3.57845E-02
 -1      1018 1.23134E+00 4.00005E+01 1.78229E-02
 -1      1023 1.20143E+00 3.99662E+01-1.24797E-02
 -1      1024 1.20006E+00 3.99985E+01-3.60247E-02
 -1      1025 1.19857E+00 4.00338E+01 1.24797E-02
 -1      1026 1.19994E+00 4.00015E+01 3.60247E-02
 -1      1031 1.16707E+00 3.99853E+01-6.22501E-04
 -1      1032 1.20089E+00 3.99640E+01-1.52786E-03
 -1      1033 1.23293E+00 4.00147E+01 6.22501E-04
 -1      1034 1.19911E+00 4.00360E+01 1.52786E-03
 -1      1065-1.19541E+00 4.00003E+01 1.96424E+00
 -1      1066-1.23124E+00 4.00005E+01 1.98201E+00
 -1      1067-1.20459E+00 3.99997E+01 2.03576E+00
 -1      1068-1.16876E+00 3.99995E+01 2.01799E+00
 -1      1073-1.19857E+00 3.99662E+01 1.98752E+00
 -1      1074-1.19994E+00 3.99985E+01 1.96398E+00
 -1      1075-1.20143E+00 4.00338E+01 2.01248E+00
 -1      1076-1.20006E+00 4.00015E+01 2.03602E+00
 -1      1081-1.23293E+00 3.99853E+01 1.99938E+00
 -1      1082-1.19911E+00 3.99640E+01 1.99847E+00
 -1      1083-1.16707E+00 4.00147E+01 2.00062E+00
 -1      1084-1.20089E+00 4.00360E+01 2.00153E+00
 -1      1115 1.20416E+00 4.00004E+01 1.96419E+00
 -1      1116 1.16854E+00 3.99999E+01 1.98238E+00
 -1      1117 1.19584E+00 3.99996E+01 2.03581E+00
 -1      1118 1.23146E+00 4.00001E+01 2.01762E+00
 -1      1123 1.19855E+00 3.99659E+01 1.98844E+00
 -1      1124 1.19990E+00 3.99975E+01 1.96403E+00
 -1      1125 1.20145E+00 4.00341E+01 2.01156E+00
 -1      1126 1.20010E+00 4.00025E+01 2.03597E+00
 -1      1131 1.16635E+00 3.99871E+01 2.00055E+00
 -1      1132 1.19901E+00 3.99640E+01 2.00153E+00
 -1      1133 1.23365E+00 4.00129E+01 1.99945E+00
 -1      1134 1.20099E+00 4.00360E+01 1.99847E+00
 -1      1165-1.19622E+00 4.99980E+01-3.58033E-02
 -1      1166-1.23157E+00 4.99968E+01-1.71203E-02
 -1      1167-1.20378E+00 5.00020E+01 3.58033E-02
 -1      1168-1.16843E+00 5.00032E+01 1.71203E-02
 -1      1173-1.20000E+00 4.99660E+01-1.20000E-02
 -1      1174-1.20000E+00 4.99980E+01-3.60000E-02
 -1      1175-1.20000E+00 5.00340E+01 1.20000E-02
 -1      1176-1.20000E+00 5.00020E+01 3.60000E-02
 -1      1181-1.23328E+00 4.99861E+01 0.00000E+00
 -1      1182-1.20000E+00 4.99639E+01 0.00000E+00
 -1      1183-1.16672E+00 5.00139E+01 0.00000E+00
 -1      1184-1.20000E+00 5.00361E+01 0.00000E+00
 -1      1215 1.20667E+00 4.99963E+01-3.52437E-02
 -1      1216 1.16994E+00 5.00003E+01-1.99053E-02
 -1      1217 1.19333E+00 5.00037E+01 3.52437E-02
 -1      1218 1.23006E+00 4.99997E+01 1.99053E-02
 -1      1223 1.20000E+00 4.99660E+01-1.20000E-02
 -1      1224 1.20000E+00 4.99980E+01-3.60000E-02
 -1      1225 1.20000E+00 5.00340E+01 1.20000E-02
 -1      1226 1.20000E+00 5.00020E+01 3.60000E-02
 -1      1231 1.16672E+00 4.99861E+01 0.00000E+00
 -1      1232 1.20000E+00 4.99639E+01 0.00000E+00
 -1      1233 1.23328E+00 5.00139E+01 0.00000E+00
 -1      1234 1.20000E+00 5.00361E+01 0.00000E+00
 -1      1265-1.19824E+00 5.00034E+01 1.96415E+00
 -1      1266-1.23248E+00 4.99992E+01 1.98438E+00
 -1      1267-1.20176E+00 4.99966E+01 2.03585E+00
 -1      1268-1.16752E+00 5.00008E+01 2.01562E+00
 -1      1273-1.20000E+00 4.99660E+01 1.98800E+00
 -1      1274-1.20000E+00 4.99980E+01 1.96400E+00
 -1      1275-1.20000E+00 5.00340E+01 2.01200E+00
 -1      1276-1.20000E+00 5.00020E+01 2.03600E+00
 -1      1281-1.23328E+00 4.99861E+01 2.00000E+00
 -1      1282-1.20000E+00 4.99639E+01 2.00000E+00
 -1      1283-1.16672E+00 5.00139E+01 2.00000E+00
 -1      1284-1.20000E+00 5.00361E+01 2.00000E+00
 -1      1315 1.20533E+00 5.00018E+01 1.96439E+00
 -1      1316 1.16921E+00 5.00033E+01 1.98152E+00
 -1      1317 1.19467E+00 4.99982E+01 2.03561E+00
 -1      1318 1.23079E+00 4.99967E+01 2.01848E+00
 -1      1323 1.20000E+00 4.99660E+01 1.98800E+00
 -1      1324 1.20000E+00 4.99980E+01 1.96400E+00
 -1      1325 1.20000E+00 5.00340E+01 2.01200E+00
 -1      1326 1.20000E+00 5.00020E+01 2.03600E+00
 -1      1331 1.16672E+00 4.99861E+01 2.00000E+00
 -1      1332 1.20000E+00 4.99639E+01 2.00000E+00
 -1      1333 1.23328E+00 5.00139E+01 2.00000E+00
 -1      1334 1.20000E+00 5.00361E+01 2.00000E+00
 -1      1365-1.19522E+00 2.49893E+00-1.41787E-01
 -1      1366-1.23115E+00 2.49946E+00-1.24216E-01
 -1      1367-1.20478E+00 2.50107E+00-7.03450E-02
 -1      1368-1.16885E+00 2.50054E+00-8.79159E-02
 -1      1373-1.19553E+00 5.00000E+00-1.85777E-01
 -1      1374-1.23131E+00 5.00000E+00-1.67887E-01
 -1      1375-1.20447E+00 5.00000E+00-1.14223E-01
 -1      1376-1.16869E+00 5.00000E+00-1.32113E-01
 -1      1381-1.19586E+00 7.50107E+00-1.41867E-01
 -1      1382-1.23147E+00 7.50053E+00-1.23652E-01
 -1      1383-1.20414E+00 7.49893E+00-7.02647E-02
 -1      1384-1.16853E+00 7.49947E+00-8.84797E-02
 -1      1389 1.20414E+00 2.50107E+00 7.02647E-02
 -1      1390 1.16853E+00 2.50053E+00 8.84797E-02
 -1      1391 1.19586E+00 2.49893E+00 1.41867E-01
 -1      1392 1.23147E+00 2.49947E+00 1.23652E-01
 -1      1397 1.20447E+00 5.00000E+00 1.14223E-01
 -1      1398 1.16869E+00 5.00000E+00 1.32113E-01
 -1      1399 1.19553E+00 5.00000E+00 1.85777E-01
 -1      1400 1.23131E+00 5.00000E+00 1.67887E-01
 -1      1405 1.20478E+00 7.49893E+00 7.03450E-02
 -1      1406 1.16885E+00 7.49946E+00 8.79159E-02
 -1      1407 1.19522E+00 7.50107E+00 1.41787E-01
 -1      1408 1.23115E+00 7.50054E+00 1.24216E-01
 -1      1413-1.19522E+00 2.49893E+00 1.85821E+00
 -1      1414-1.23115E+00 2.49946E+00 1.87578E+00
 -1      1415-1.20478E+00 2.50107E+00 1.92966E+00
 -1      1416-1.16885E+00 2.50054E+00 1.91208E+00
 -1      1421-1.19553E+00 5.00000E+00 1.81422E+00
 -1      1422-1.23131E+00 5.00000E+00 1.83211E+00
 -1      1423-1.20447E+00 5.00000E+00 1.88578E+00
 -1      1424-1.16869E+00 5.00000E+00 1.86789E+00
 -1      1429-1.19586E+00 7.50107E+00 1.85813E+00
 -1      1430-1.23147E+00 7.50053E+00 1.87635E+00
 -1      1431-1.20414E+00 7.49893E+00 1.92974E+00
 -1      1432-1.16853E+00 7.49947E+00 1.91152E+00
 -1      1437 1.20414E+00 2.50107E+00 2.07026E+00
 -1      1438 1.16853E+00 2.50053E+00 2.08848E+00
 -1      1439 1.19586E+00 2.49893E+00 2.14187E+00
 -1      1440 1.23147E+00 2.49947E+00 2.12365E+00
 -1      1445 1.20447E+00 5.00000E+00 2.11422E+00
 -1      1446 1.16869E+00 5.00000E+00 2.13211E+00
 -1      1447 1.19553E+00 5.00000E+00 2.18578E+00
 -1      1448 1.23131E+00 5.00000E+00 2.16789E+00
 -1      1453 1.20478E+00 7.49893E+00 2.07034E+00
 -1      1454 1.16885E+00 7.49946E+00 2.08792E+00
 -1      1455 1.19522E+00 7.50107E+00 2.14179E+00
 -1      1456 1.23115E+00 7.50054E+00 2.12422E+00
 -1      1461-1.19553E+00 1.50000E+01-1.85778E-01
 -1      1462-1.23131E+00 1.50000E+01-1.67883E-01
 -1      1463-1.20447E+00 1.50000E+01-1.14222E-01
 -1      1464-1.16869E+00 1.50000E+01-1.32117E-01
 -1      1469 1.20447E+00 1.50000E+01 1.14222E-01
 -1      1470 1.16869E+00 1.50000E+01 1.32117E-01
 -1      1471 1.19553E+00 1.50000E+01 1.85778E-01
 -1      1472 1.23131E+00 1.50000E+01 1.67883E-01
 -1      1477-1.19553E+00 1.50000E+01 1.81422E+00
 -1      1478-1.23131E+00 1.50000E+01 1.83212E+00
 -1      1479-1.20447E+00 1.50000E+01 1.88578E+00
 -1      1480-1.16869E+00 1.50000E+01 1.86788E+00
 -1      1485 1.20447E+00 1.50000E+01 2.11422E+00
 -1      1486 1.16869E+00 1.50000E+01 2.13212E+00
 -1      1487 1.19553E+00 1.50000E+01 2.18578E+00
 -1      1488 1.23131E+00 1.50000E+01 2.16788E+00
 -1      1493-1.19553E+00 2.50000E+01-1.85778E-01
 -1      1494-1.23131E+00 2.50000E+01-1.67883E-01
 -1      1495-1.20447E+00 2.50000E+01-1.14222E-01
 -1      1496-1.16869E+00 2.50000E+01-1.32117E-01
 -1      1501 1.20447E+00 2.50000E+01 1.14222E-01
 -1      1502 1.16869E+00 2.50000E+01 1.32117E-01
 -1      1503 1.19553E+00 2.50000E+01 1.85778E-01
 -1      1504 1.23131E+00 2.50000E+01 1.67883E-01
 -1      1509-1.19553E+00 2.50000E+01 1.81422E+00
 -1      1510-1.23131E+00 2.50000E+01 1.83212E+00
 -1      1511-1.20447E+00 2.50000E+01 1.88578E+00
 -1      1512-1.16869E+00 2.50000E+01 1.86788E+00
 -1      1517 1.20447E+00 2.50000E+01 2.11422E+00
 -1      1518 1.16869E+00 2.50000E+01 2.13212E+00
 -1      1519 1.19553E+00 2.50000E+01 2.18578E+00
 -1      1520 1.23131E+00 2.50000E+01 2.16788E+00
 -1      1525-1.19522E+00 3.24989E+01-1.41787E-01
 -1      1526-1.23115E+00 3.24995E+01-1.24216E-01
 -1      1527-1.20478E+00 3.25011E+01-7.03450E-02
 -1      1528-1.16885E+00 3.25005E+01-8.79159E-02
 -1      1533-1.19553E+00 3.50000E+01-1.85777E-01
 -1      1534-1.23131E+00 3.50000E+01-1.67887E-01
 -1      1535-1.20447E+00 3.50000E+01-1.14223E-01
 -1      1536-1.16869E+00 3.50000E+01-1.32113E-01
 -1      1541-1.19586E+00 3.75011E+01-1.41867E-01
 -1      1542-1.23147E+00 3.75005E+01-1.23652E-01
 -1      1543-1.20414E+00 3.74989E+01-7.02647E-02
 -1      1544-1.16853E+00 3.74995E+01-8.84797E-02
 -1      1549 1.20414E+00 3.25011E+01 7.02647E-02
 -1      1550 1.16853E+00 3.25005E+01 8.84797E-02
 -1      1551 1.19586E+00 3.24989E+01 1.41867E-01
 -1      1552 1.23147E+00 3.24995E+01 1.23652E-01
 -1      1557 1.20447E+00 3.50000E+01 1.14223E-01
 -1      1558 1.16869E+00 3.50000E+01 1.32113E-01
 -1      1559 1.19553E+00 3.50000E+01 1.85777E-01
 -1      1560 1.23131E+00 3.50000E+01 1.67887E-01
 -1      1565 1.20478E+00 3.74989E+01 7.03450E-02
 -1      1566 1.16885E+00 3.74995E+01 8.79159E-02
 -1      1567 1.19522E+00 3.75011E+01 1.41787E-01
 -1      1568 1.23115E+00 3.75005E+01 1.24216E-01
 -1      1573-1.19522E+00 3.24989E+01 1.85821E+00
 -1      1574-1.23115E+00 3.24995E+01 1.87578E+00
 -1      1575-1.20478E+00 3.25011E+01 1.92966E+00
 -1      1576-1.16885E+00 3.25005E+01 1.91208E+00
 -1      1581-1.19553E+00 3.50000E+01 1.81422E+00
 -1      1582-1.23131E+00 3.50000E+01 1.83211E+00
 -1      1583-1.20447E+00 3.50000E+01 1.88578E+00
 -1      1584-1.16869E+00 3.50000E+01 1.86789E+00
 -1      1589-1.19586E+00 3.75011E+01 1.85813E+00
 -1      1590-1.23147E+00 3.75005E+01 1.87635E+00
 -1      1591-1.20414E+00 3.74989E+01 1.92974E+00
 -1      1592-1.16853E+00 3.74995E+01 1.91152E+00
 -1      1597 1.20414E+00 3.25011E+01 2.07026E+00
 -1      1598 1.16853E+00 3.25005E+01 2.08848E+00
 -1      1599 1.19586E+00 3.24989E+01 2.14187E+00
 -1      1600 1.23147E+00 3.24995E+01 2.12365E+00
 -1      1605 1.20447E+00 3.50000E+01 2.11422E+00
 -1      1606 1.16869E+00 3.50000E+01 2.13211E+00
 -1      1607 1.19553E+00 3.50000E+01 2.18578E+00
 -1      1608 1.23131E+00 3.50000E+01 2.16789E+00
 -1      1613 1.20478E+00 3.74989E+01 2.07034E+00
 -1      1614 1.16885E+00 3.74995E+01 2.08792E+00
 -1      1615 1.19522E+00 3.75011E+01 2.14179E+00
 -1      1616 1.23115E+00 3.75005E+01 2.12422E+00
 -1      1621-1.19522E+00 4.24989E+01-1.41787E-01
 -1      1622-1.23115E+00 4.24995E+01-1.24216E-01
 -1      1623-1.20478E+00 4.25011E+01-7.03450E-02
 -1      1624-1.16885E+00 4.25005E+01-8.79159E-02
 -1      1629-1.19553E+00 4.50000E+01-1.85777E-01
 -1      1630-1.23131E+00 4.50000E+01-1.67887E-01
 -1      1631-1.20447E+00 4.50000E+01-1.14223E-01
 -1      1632-1.16869E+00 4.50000E+01-1.32113E-01
 -1      1637-1.19586E+00 4.75011E+01-1.41867E-01
 -1      1638-1.23147E+00 4.75005E+01-1.23652E-01
 -1      1639-1.20414E+00 4.74989E+01-7.02647E-02
 -1      1640-1.16853E+00 4.74995E+01-8.84797E-02
 -1      1645 1.20414E+00 4.25011E+01 7.02647E-02
 -1      1646 1.16853E+00 4.25005E+01 8.84797E-02
 -1      1647 1.19586E+00 4.24989E+01 1.41867E-01
 -1      1648 1.23147E+00 4.24995E+01 1.23652E-01
 -1      1653 1.20447E+00 4.50000E+01 1.14223E-01
 -1      1654 1.16869E+00 4.50000E+01 1.32113E-01
 -1      1655 1.19553E+00 4.50000E+01 1.85777E-01
 -1      1656 1.23131E+00 4.50000E+01 1.67887E-01
 -1      1661 1.20478E+00 4.74989E+01 7.03450E-02
 -1      1662 1.16885E+00 4.74995E+01 8.79159E-02
 -1      1663 1.19522E+00 4.75011E+01 1.41787E-01
 -1      1664 1.23115E+00 4.75005E+01 1.24216E-01
 -1      1669-1.19522E+00 4.24989E+01 1.85821E+00
 -1      1670-1.23115E+00 4.24995E+01 1.87578E+00
 -1      1671-1.20478E+00 4.25011E+01 1.92966E+00
 -1      1672-1.16885E+00 4.25005E+01 1.91208E+00
 -1      1677-1.19553E+00 4.50000E+01 1.81422E+00
 -1      1678-1.23131E+00 4.50000E+01 1.83211E+00
 -1      1679-1.20447E+00 4.50000E+01 1.88578E+00
 -1      1680-1.16869E+00 4.50000E+01 1.86789E+00
 -1      1685-1.19586E+00 4.75011E+01 1.85813E+00
 -1      1686-1.23147E+00 4.75005E+01 1.87635E+00
 -1      1687-1.20414E+00 4.74989E+01 1.92974E+00
 -1      1688-1.16853E+00 4.74995E+01 1.91152E+00
 -1      1693 1.20414E+00 4.25011E+01 2.07026E+00
 -1      1694 1.16853E+00 4.25005E+01 2.08848E+00
 -1      1695 1.19586E+00 4.24989E+01 2.14187E+00
 -1      1696 1.23147E+00 4.24995E+01 2.12365E+00
 -1      1701 1.20447E+00 4.50000E+01 2.11422E+00
 -1      1702 1.16869E+00 4.50000E+01 2.13211E+00
 -1      1703 1.19553E+00 4.50000E+01 2.18578E+00
 -1      1704 1.23131E+00 4.50000E+01 2.16789E+00
 -1      1709 1.20478E+00 4.74989E+01 2.07034E+00
 -1      1710 1.16885E+00 4.74995E+01 2.08792E+00
 -1      1711 1.19522E+00 4.75011E+01 2.14179E+00
 -1      1712 1.23115E+00 4.75005E+01 2.12422E+00
 -1      1717 0.00000E+00-6.99992E-02-1.20023E-02
 -1      1718 0.00000E+00-3.79975E-02-3.60001E-02
 -1      1719 0.00000E+00-2.00083E-03 1.20023E-02
 -1      1720 0.00000E+00-3.40025E-02 3.60001E-02
 -1      1725 0.00000E+00 2.00083E-03 1.98800E+00
 -1      1726 0.00000E+00 3.40025E-02 1.96400E+00
 -1      1727 0.00000E+00 6.99992E-02 2.01200E+00
 -1      1728 0.00000E+00 3.79975E-02 2.03600E+00
 -1      1733-1.23329E+00 1.61495E-02 1.00000E+00
 -1      1734-1.20002E+00-6.05551E-03 1.00000E+00
 -1      1735-1.16671E+00 4.38505E-02 1.00000E+00
 -1      1736-1.19998E+00 6.60555E-02 1.00000E+00
 -1      1741 1.16671E+00-4.38505E-02 1.00000E+00
 -1      1742 1.19998E+00-6.60555E-02 1.00000E+00
 -1      1743 1.23329E+00-1.61495E-02 1.00000E+00
 -1      1744 1.20002E+00 6.05551E-03 1.00000E+00
 -1      1749-6.01023E-01 9.94045E+00-1.16832E-02
 -1      1750-6.00070E-01 9.97221E+00-3.59798E-02
 -1      1751-5.98977E-01 1.00086E+01 1.16832E-02
 -1      1752-5.99930E-01 9.97688E+00 3.59798E-02
 -1      1757 0.00000E+00 9.93000E+00-1.20008E-02
 -1      1758 0.00000E+00 9.96200E+00-3.60000E-02
 -1      1759 0.00000E+00 9.99800E+00 1.20008E-02
 -1      1760 0.00000E+00 9.96600E+00 3.60000E-02
 -1      1765 6.01016E-01 9.94068E+00-1.23359E-02
 -1      1766 6.00049E-01 9.97290E+00-3.60180E-02
 -1      1767 5.98984E-01 1.00084E+01 1.23359E-02
 -1      1768 5.99951E-01 9.97619E+00 3.60180E-02
 -1      1773-5.98984E-01 9.99159E+00 1.98766E+00
 -1      1774-5.99951E-01 1.00238E+01 1.96398E+00
 -1      1775-6.01016E-01 1.00593E+01 2.01234E+00
 -1      1776-6.00049E-01 1.00271E+01 2.03602E+00
 -1      1781 0.00000E+00 1.00020E+01 1.98800E+00
 -1      1782 0.00000E+00 1.00340E+01 1.96400E+00
 -1      1783 0.00000E+00 1.00700E+01 2.01200E+00
 -1      1784 0.00000E+00 1.00380E+01 2.03600E+00
 -1      1789 5.98977E-01 9.99136E+00 1.98832E+00
 -1      1790 5.99930E-01 1.00231E+01 1.96402E+00
 -1      1791 6.01023E-01 1.00596E+01 2.01168E+00
 -1      1792 6.00070E-01 1.00278E+01 2.03598E+00
 -1      1797-1.23354E+00 1.00080E+01 5.00396E-01
 -1      1798-1.20070E+00 9.98518E+00 5.01081E-01
 -1      1799-1.16646E+00 1.00344E+01 4.99604E-01
 -1      1800-1.19930E+00 1.00572E+01 4.98919E-01
 -1      1805-1.23328E+00 1.00161E+01 1.00000E+00
 -1      1806-1.20001E+00 9.99394E+00 1.00000E+00
 -1      1807-1.16672E+00 1.00439E+01 1.00000E+00
 -1      1808-1.19999E+00 1.00661E+01 1.00000E+00
 -1      1813-1.23303E+00 1.00068E+01 1.49957E+00
 -1      1814-1.19936E+00 9.98518E+00 1.49892E+00
 -1      1815-1.16697E+00 1.00357E+01 1.50043E+00
 -1      1816-1.20064E+00 1.00572E+01 1.50108E+00
 -1      1821 1.16697E+00 9.96434E+00 4.99567E-01
 -1      1822 1.20064E+00 9.94275E+00 4.98919E-01
 -1      1823 1.23303E+00 9.99323E+00 5.00433E-01
 -1      1824 1.19936E+00 1.00148E+01 5.01081E-01
 -1      1829 1.16672E+00 9.95614E+00 1.00000E+00
 -1      1830 1.19999E+00 9.93394E+00 1.00000E+00
 -1      1831 1.23328E+00 9.98386E+00 1.00000E+00
 -1      1832 1.20001E+00 1.00061E+01 1.00000E+00
 -1      1837 1.16646E+00 9.96557E+00 1.50040E+00
 -1      1838 1.19930E+00 9.94275E+00 1.50108E+00
 -1      1839 1.23354E+00 9.99200E+00 1.49960E+00
 -1      1840 1.20070E+00 1.00148E+01 1.49892E+00
 -1      1845 0.00000E+00 1.99300E+01-1.20023E-02
 -1      1846 0.00000E+00 1.99620E+01-3.60001E-02
 -1      1847 0.00000E+00 1.99980E+01 1.20023E-02
 -1      1848 0.00000E+00 1.99660E+01 3.60001E-02
 -1      1853 0.00000E+00 2.00020E+01 1.98800E+00
 -1      1854 0.00000E+00 2.00340E+01 1.96400E+00
 -1      1855 0.00000E+00 2.00700E+01 2.01200E+00
 -1      1856 0.00000E+00 2.00380E+01 2.03600E+00
 -1      1861-1.23329E+00 2.00161E+01 1.00000E+00
 -1      1862-1.20002E+00 1.99939E+01 1.00000E+00
 -1      1863-1.16671E+00 2.00438E+01 1.00000E+00
 -1      1864-1.19998E+00 2.00661E+01 1.00000E+00
 -1      1869 1.16671E+00 1.99562E+01 1.00000E+00
 -1      1870 1.19998E+00 1.99339E+01 1.00000E+00
 -1      1871 1.23329E+00 1.99839E+01 1.00000E+00
 -1      1872 1.20002E+00 2.00061E+01 1.00000E+00
 -1      1877-6.01023E-01 3.99404E+01-1.16832E-02
 -1      1878-6.00070E-01 3.99722E+01-3.59798E-02
 -1      1879-5.98977E-01 4.00086E+01 1.16832E-02
 -1      1880-5.99930E-01 3.99769E+01 3.59798E-02
 -1      1885 0.00000E+00 3.99300E+01-1.20008E-02
 -1      1886 0.00000E+00 3.99620E+01-3.60000E-02
 -1      1887 0.00000E+00 3.99980E+01 1.20008E-02
 -1      1888 0.00000E+00 3.99660E+01 3.60000E-02
 -1      1893 6.01016E-01 3.99407E+01-1.23359E-02
 -1      1894 6.00049E-01 3.99729E+01-3.60180E-02
 -1      1895 5.98984E-01 4.00084E+01 1.23359E-02
 -1      1896 5.99951E-01 3.99762E+01 3.60180E-02
 -1      1901-5.98984E-01 3.99916E+01 1.98766E+00
 -1      1902-5.99951E-01 4.00238E+01 1.96398E+00
 -1      1903-6.01016E-01 4.00593E+01 2.01234E+00
 -1      1904-6.00049E-01 4.00271E+01 2.03602E+00
 -1      1909 0.00000E+00 4.00020E+01 1.98800E+00
 -1      1910 0.00000E+00 4.00340E+01 1.96400E+00
 -1      1911 0.00000E+00 4.00700E+01 2.01200E+00
 -1      1912 0.00000E+00 4.00380E+01 2.03600E+00
 -1      1917 5.98977E-01 3.99914E+01 1.98832E+00
 -1      1918 5.99930E-01 4.00231E+01 1.96402E+00
 -1      1919 6.01023E-01 4.00596E+01 2.01168E+00
 -1      1920 6.00070E-01 4.00278E+01 2.03598E+00
 -1      1925-1.23354E+00 4.00080E+01 5.00396E-01
 -1      1926-1.20070E+00 3.99852E+01 5.01081E-01
 -1      1927-1.16646E+00 4.00344E+01 4.99604E-01
 -1      1928-1.19930E+00 4.00572E+01 4.98919E-01
 -1      1933-1.23328E+00 4.00161E+01 1.00000E+00
 -1      1934-1.20001E+00 3.99939E+01 1.00000E+00
 -1      1935-1.16672E+00 4.00439E+01 1.00000E+00
 -1      1936-1.19999E+00 4.00661E+01 1.00000E+00
 -1      1941-1.23303E+00 4.00068E+01 1.49957E+00
 -1      1942-1.19936E+00 3.99852E+01 1.49892E+00
 -1      1943-1.16697E+00 4.00357E+01 1.50043E+00
 -1      1944-1.20064E+00 4.00572E+01 1.50108E+00
 -1      1949 1.16697E+00 3.99643E+01 4.99567E-01
 -1      1950 1.20064E+00 3.99428E+01 4.98919E-01
 -1      1951 1.23303E+00 3.99932E+01 5.00433E-01
 -1      1952 1.19936E+00 4.00148E+01 5.01081E-01
 -1      1957 1.16672E+00 3.99561E+01 1.00000E+00
 -1      1958 1.19999E+00 3.99339E+01 1.00000E+00
 -1      1959 1.23328E+00 3.99839E+01 1.00000E+00
 -1      1960 1.20001E+00 4.00061E+01 1.00000E+00
 -1      1965 1.16646E+00 3.99656E+01 1.50040E+00
 -1      1966 1.19930E+00 3.99428E+01 1.50108E+00
 -1      1967 1.23354E+00 3.99920E+01 1.49960E+00
 -1      1968 1.20070E+00 4.00148E+01 1.49892E+00
 -1      1973-1.19777E+00 2.52721E+00 3.58451E-01
 -1      1974-1.23236E+00 2.52386E+00 3.78258E-01
 -1      1975-1.20223E+00 2.51522E+00 4.29417E-01
 -1      1976-1.16764E+00 2.51856E+00 4.09610E-01
 -1      1981-1.19829E+00 5.03706E+00 8.14685E-01
 -1      1982-1.23259E+00 5.03303E+00 8.34866E-01
 -1      1983-1.20171E+00 5.02294E+00 8.85315E-01
 -1      1984-1.16741E+00 5.02697E+00 8.65134E-01
 -1      1989-1.19884E+00 7.52934E+00 1.35882E+00
 -1      1990-1.23282E+00 7.52458E+00 1.37939E+00
 -1      1991-1.20116E+00 7.51309E+00 1.42904E+00
 -1      1992-1.16718E+00 7.51785E+00 1.40848E+00
 -1      1997-1.19407E+00 2.51529E+00 1.57100E+00
 -1      1998-1.23055E+00 2.51802E+00 1.58719E+00
 -1      1999-1.20593E+00 2.52714E+00 1.64113E+00
 -1      2000-1.16945E+00 2.52440E+00 1.62495E+00
 -1      2005-1.19388E+00 5.02303E+00 1.11516E+00
 -1      2006-1.23044E+00 5.02621E+00 1.13106E+00
 -1      2007-1.20612E+00 5.03697E+00 1.18484E+00
 -1      2008-1.16956E+00 5.03379E+00 1.16894E+00
 -1      2013-1.19370E+00 7.51321E+00 5.71480E-01
 -1      2014-1.23034E+00 7.51682E+00 5.87095E-01
 -1      2015-1.20630E+00 7.52922E+00 6.40652E-01
 -1      2016-1.16966E+00 7.52560E+00 6.25037E-01
 -1      2021 1.20223E+00 2.52721E+00 3.58451E-01
 -1      2022 1.16764E+00 2.52386E+00 3.78258E-01
 -1      2023 1.19777E+00 2.51522E+00 4.29417E-01
 -1      2024 1.23236E+00 2.51856E+00 4.09610E-01
 -1      2029 1.20171E+00 5.03706E+00 8.14685E-01
 -1      2030 1.16741E+00 5.03303E+00 8.34866E-01
 -1      2031 1.19829E+00 5.02294E+00 8.85315E-01
 -1      2032 1.23259E+00 5.02697E+00 8.65134E-01
 -1      2037 1.20116E+00 7.52934E+00 1.35882E+00
 -1      2038 1.16718E+00 7.52458E+00 1.37939E+00
 -1      2039 1.19884E+00 7.51309E+00 1.42904E+00
 -1      2040 1.23282E+00 7.51785E+00 1.40848E+00
 -1      2045 1.20593E+00 2.51529E+00 1.57100E+00
 -1      2046 1.16945E+00 2.51802E+00 1.58719E+00
 -1      2047 1.19407E+00 2.52714E+00 1.64113E+00
 -1      2048 1.23055E+00 2.52440E+00 1.62495E+00
 -1      2053 1.20612E+00 5.02303E+00 1.11516E+00
 -1      2054 1.16956E+00 5.02621E+00 1.13106E+00
 -1      2055 1.19388E+00 5.03697E+00 1.18484E+00
 -1      2056 1.23044E+00 5.03379E+00 1.16894E+00
 -1      2061 1.20630E+00 7.51321E+00 5.71480E-01
 -1      2062 1.16966E+00 7.51682E+00 5.87095E-01
 -1      2063 1.19370E+00 7.52922E+00 6.40652E-01
 -1      2064 1.23034E+00 7.52560E+00 6.25037E-01
 -1      2069-4.83328E-01 2.47166E+00-3.43393E-02
 -1      2070-5.20442E-01 2.48175E+00-2.33534E-02
 -1      2071-5.04540E-01 2.47743E+00 3.43393E-02
 -1      2072-4.67426E-01 2.46734E+00 2.33534E-02
 -1      2077 1.59904E-01 4.96162E+00-3.45869E-02
 -1      2078 1.22764E-01 4.97054E+00-2.27046E-02
 -1      2079 1.40096E-01 4.96638E+00 3.45869E-02
 -1      2080 1.77236E-01 4.95746E+00 2.27046E-02
 -1      2085 7.15261E-01 7.47263E+00-3.48107E-02
 -1      2086 6.78146E-01 7.48037E+00-2.20585E-02
 -1      2087 6.96871E-01 7.47646E+00 3.48107E-02
 -1      2088 7.33986E-01 7.46872E+00 2.20585E-02
 -1      2093 4.93632E-01 2.47446E+00-3.60542E-02
 -1      2094 4.61704E-01 2.46578E+00-1.35783E-02
 -1      2095 4.94236E-01 2.47463E+00 3.60542E-02
 -1      2096 5.26164E-01 2.48331E+00 1.35783E-02
 -1      2101-1.49866E-01 4.96403E+00-3.60553E-02
 -1      2102-1.82311E-01 4.95625E+00-1.39944E-02
 -1      2103-1.50134E-01 4.96397E+00 3.60553E-02
 -1      2104-1.17689E-01 4.97175E+00 1.39944E-02
 -1      2109-7.05470E-01 7.47467E+00-3.60504E-02
 -1      2110-7.38413E-01 7.46780E+00-1.44278E-02
 -1      2111-7.06662E-01 7.47442E+00 3.60504E-02
 -1      2112-6.73719E-01 7.48129E+00 1.44278E-02
 -1      2117-4.83328E-01 2.47166E+00 1.96566E+00
 -1      2118-5.20442E-01 2.48175E+00 1.97665E+00
 -1      2119-5.04540E-01 2.47743E+00 2.03434E+00
 -1      2120-4.67426E-01 2.46734E+00 2.02335E+00
 -1      2125 1.59904E-01 4.96162E+00 1.96541E+00
 -1      2126 1.22764E-01 4.97054E+00 1.97730E+00
 -1      2127 1.40096E-01 4.96638E+00 2.03459E+00
 -1      2128 1.77236E-01 4.95746E+00 2.02270E+00
 -1      2133 7.15261E-01 7.47263E+00 1.96519E+00
 -1      2134 6.78146E-01 7.48037E+00 1.97794E+00
 -1      2135 6.96871E-01 7.47646E+00 2.03481E+00
 -1      2136 7.33986E-01 7.46872E+00 2.02206E+00
 -1      2141 4.93632E-01 2.47446E+00 1.96395E+00
 -1      2142 4.61704E-01 2.46578E+00 1.98642E+00
 -1      2143 4.94236E-01 2.47463E+00 2.03605E+00
 -1      2144 5.26164E-01 2.48331E+00 2.01358E+00
 -1      2149-1.49866E-01 4.96403E+00 1.96394E+00
 -1      2150-1.82311E-01 4.95625E+00 1.98601E+00
 -1      2151-1.50134E-01 4.96397E+00 2.03606E+00
 -1      2152-1.17689E-01 4.97175E+00 2.01399E+00
 -1      2157-7.05470E-01 7.47467E+00 1.96395E+00
 -1      2158-7.38413E-01 7.46780E+00 1.98557E+00
 -1      2159-7.06662E-01 7.47442E+00 2.03605E+00
 -1      2160-6.73719E-01 7.48129E+00 2.01443E+00
 -1      2165-1.19777E+00 1.25272E+01 3.58451E-01
 -1      2166-1.23236E+00 1.25239E+01 3.78258E-01
 -1      2167-1.20223E+00 1.25152E+01 4.29417E-01
 -1      2168-1.16764E+00 1.25186E+01 4.09610E-01
 -1      2173-1.19829E+00 1.50371E+01 8.14685E-01
 -1      2174-1.23259E+00 1.50330E+01 8.34866E-01
 -1      2175-1.20171E+00 1.50229E+01 8.85315E-01
 -1      2176-1.16741E+00 1.50270E+01 8.65134E-01
 -1      2181-1.19884E+00 1.75293E+01 1.35882E+00
 -1      2182-1.23282E+00 1.75246E+01 1.37939E+00
 -1      2183-1.20116E+00 1.75131E+01 1.42904E+00
 -1      2184-1.16718E+00 1.75178E+01 1.40848E+00
 -1      2189-1.19407E+00 1.25153E+01 1.57100E+00
 -1      2190-1.23055E+00 1.25180E+01 1.58719E+00
 -1      2191-1.20593E+00 1.25271E+01 1.64113E+00
 -1      2192-1.16945E+00 1.25244E+01 1.62495E+00
 -1      2197-1.19388E+00 1.50230E+01 1.11516E+00
 -1      2198-1.23044E+00 1.50262E+01 1.13106E+00
 -1      2199-1.20612E+00 1.50370E+01 1.18484E+00
 -1      2200-1.16956E+00 1.50338E+01 1.16894E+00
 -1      2205-1.19370E+00 1.75132E+01 5.71480E-01
 -1      2206-1.23034E+00 1.75168E+01 5.87095E-01
 -1      2207-1.20630E+00 1.75292E+01 6.40652E-01
 -1      2208-1.16966E+00 1.75256E+01 6.25037E-01
 -1      2213 1.20223E+00 1.25272E+01 3.58451E-01
 -1      2214 1.16764E+00 1.25239E+01 3.78258E-01
 -1      2215 1.19777E+00 1.25152E+01 4.29417E-01
 -1      2216 1.23236E+00 1.25186E+01 4.09610E-01
 -1      2221 1.20171E+00 1.50371E+01 8.14685E-01
 -1      2222 1.16741E+00 1.50330E+01 8.34866E-01
 -1      2223 1.19829E+00 1.50229E+01 8.85315E-01
 -1      2224 1.23259E+00 1.50270E+01 8.65134E-01
 -1      2229 1.20116E+00 1.75293E+01 1.35882E+00
 -1      2230 1.16718E+00 1.75246E+01 1.37939E+00
 -1      2231 1.19884E+00 1.75131E+01 1.42904E+00
 -1      2232 1.23282E+00 1.75178E+01 1.40848E+00
 -1      2237 1.20593E+00 1.25153E+01 1.57100E+00
 -1      2238 1.16945E+00 1.25180E+01 1.58719E+00
 -1      2239 1.19407E+00 1.25271E+01 1.64113E+00
 -1      2240 1.23055E+00 1.25244E+01 1.62495E+00
 -1      2245 1.20612E+00 1.50230E+01 1.11516E+00
 -1      2246 1.16956E+00 1.50262E+01 1.13106E+00
 -1      2247 1.19388E+00 1.50370E+01 1.18484E+00
 -1      2248 1.23044E+00 1.50338E+01 1.16894E+00
 -1      2253 1.20630E+00 1.75132E+01 5.71480E-01
 -1      2254 1.16966E+00 1.75168E+01 5.87095E-01
 -1      2255 1.19370E+00 1.75292E+01 6.40652E-01
 -1      2256 1.23034E+00 1.75256E+01 6.25037E-01
 -1      2261-4.83328E-01 1.24717E+01-3.43393E-02
 -1      2262-5.20442E-01 1.24818E+01-2.33534E-02
 -1      2263-5.04540E-01 1.24774E+01 3.43393E-02
 -1      2264-4.67426E-01 1.24673E+01 2.33534E-02
 -1      2269 1.59904E-01 1.49616E+01-3.45869E-02
 -1      2270 1.22764E-01 1.49705E+01-2.27046E-02
 -1      2271 1.40096E-01 1.49664E+01 3.45869E-02
 -1      2272 1.77236E-01 1.49575E+01 2.27046E-02
 -1      2277 7.15261E-01 1.74726E+01-3.48107E-02
 -1      2278 6.78146E-01 1.74804E+01-2.20585E-02
 -1      2279 6.96871E-01 1.74765E+01 3.48107E-02
 -1      2280 7.33986E-01 1.74687E+01 2.20585E-02
 -1      2285 4.93632E-01 1.24745E+01-3.60542E-02
 -1      2286 4.61704E-01 1.24658E+01-1.35783E-02
 -1      2287 4.94236E-01 1.24746E+01 3.60542E-02
 -1      2288 5.26164E-01 1.24833E+01 1.35783E-02
 -1      2293-1.49866E-01 1.49640E+01-3.60553E-02
 -1      2294-1.82311E-01 1.49562E+01-1.39944E-02
 -1      2295-1.50134E-01 1.49640E+01 3.60553E-02
 -1      2296-1.17689E-01 1.49718E+01 1.39944E-02
 -1      2301-7.05470E-01 1.74747E+01-3.60504E-02
 -1      2302-7.38413E-01 1.74678E+01-1.44278E-02
 -1      2303-7.06662E-01 1.74744E+01 3.60504E-02
 -1      2304-6.73719E-01 1.74813E+01 1.44278E-02
 -1      2309-4.83328E-01 1.24717E+01 1.96566E+00
 -1      2310-5.20442E-01 1.24818E+01 1.97665E+00
 -1      2311-5.04540E-01 1.24774E+01 2.03434E+00
 -1      2312-4.67426E-01 1.24673E+01 2.02335E+00
 -1      2317 1.59904E-01 1.49616E+01 1.96541E+00
 -1      2318 1.22764E-01 1.49705E+01 1.97730E+00
 -1      2319 1.40096E-01 1.49664E+01 2.03459E+00
 -1      2320 1.77236E-01 1.49575E+01 2.02270E+00
 -1      2325 7.15261E-01 1.74726E+01 1.96519E+00
 -1      2326 6.78146E-01 1.74804E+01 1.97794E+00
 -1      2327 6.96871E-01 1.74765E+01 2.03481E+00
 -1      2328 7.33986E-01 1.74687E+01 2.02206E+00
 -1      2333 4.93632E-01 1.24745E+01 1.96395E+00
 -1      2334 4.61704E-01 1.24658E+01 1.98642E+00
 -1      2335 4.94236E-01 1.24746E+01 2.03605E+00
 -1      2336 5.26164E-01 1.24833E+01 2.01358E+00
 -1      2341-1.49866E-01 1.49640E+01 1.96394E+00
 -1      2342-1.82311E-01 1.49562E+01 1.98601E+00
 -1      2343-1.50134E-01 1.49640E+01 2.03606E+00
 -1      2344-1.17689E-01 1.49718E+01 2.01399E+00
 -1      2349-7.05470E-01 1.74747E+01 1.96395E+00
 -1      2350-7.38413E-01 1.74678E+01 1.98557E+00
 -1      2351-7.06662E-01 1.74744E+01 2.03605E+00
 -1      2352-6.73719E-01 1.74813E+01 2.01443E+00
 -1      2357-1.19830E+00 3.50371E+01 8.14684E-01
 -1      2358-1.23259E+00 3.50330E+01 8.34874E-01
 -1      2359-1.20170E+00 3.50229E+01 8.85316E-01
 -1      2360-1.16741E+00 3.50270E+01 8.65126E-01
 -1      2365-1.19388E+00 3.50230E+01 1.11516E+00
 -1      2366-1.23044E+00 3.50262E+01 1.13106E+00
 -1      2367-1.20612E+00 3.50370E+01 1.18484E+00
 -1      2368-1.16956E+00 3.50338E+01 1.16894E+00
 -1      2373 1.20170E+00 3.50371E+01 8.14684E-01
 -1      2374 1.16741E+00 3.50330E+01 8.34874E-01
 -1      2375 1.19830E+00 3.50229E+01 8.85316E-01
 -1      2376 1.23259E+00 3.50270E+01 8.65126E-01
 -1      2381 1.20612E+00 3.50230E+01 1.11516E+00
 -1      2382 1.16956E+00 3.50262E+01 1.13106E+00
 -1      2383 1.19388E+00 3.50370E+01 1.18484E+00
 -1      2384 1.23044E+00 3.50338E+01 1.16894E+00
 -1      2389 1.59908E-01 3.49616E+01-3.45858E-02
 -1      2390 1.22767E-01 3.49705E+01-2.27077E-02
 -1      2391 1.40092E-01 3.49664E+01 3.45858E-02
 -1      2392 1.77233E-01 3.49575E+01 2.27077E-02
 -1      2397-1.49864E-01 3.49640E+01-3.60552E-02
 -1      2398-1.82310E-01 3.49562E+01-1.39967E-02
 -1      2399-1.50136E-01 3.49640E+01 3.60552E-02
 -1      2400-1.17690E-01 3.49718E+01 1.39967E-02
 -1      2405 1.59908E-01 3.49616E+01 1.96541E+00
 -1      2406 1.22767E-01 3.49705E+01 1.97729E+00
 -1      2407 1.40092E-01 3.49664E+01 2.03459E+00
 -1      2408 1.77233E-01 3.49575E+01 2.02271E+00
 -1      2413-1.49864E-01 3.49640E+01 1.96394E+00
 -1      2414-1.82310E-01 3.49562E+01 1.98600E+00
 -1      2415-1.50136E-01 3.49640E+01 2.03606E+00
 -1      2416-1.17690E-01 3.49718E+01 2.01400E+00
 -1      2421-1.19830E+00 4.50371E+01 8.14684E-01
 -1      2422-1.23259E+00 4.50330E+01 8.34874E-01
 -1      2423-1.20170E+00 4.50229E+01 8.85316E-01
 -1      2424-1.16741E+00 4.50270E+01 8.65126E-01
 -1      2429-1.19388E+00 4.50230E+01 1.11516E+00
 -1      2430-1.23044E+00 4.50262E+01 1.13106E+00
 -1      2431-1.20612E+00 4.50370E+01 1.18484E+00
 -1      2432-1.16956E+00 4.50338E+01 1.16894E+00
 -1      2437 1.20170E+00 4.50371E+01 8.14684E-01
 -1      2438 1.16741E+00 4.50330E+01 8.34874E-01
 -1      2439 1.19830E+00 4.50229E+01 8.85316E-01
 -1      2440 1.23259E+00 4.50270E+01 8.65126E-01
 -1      2445 1.20612E+00 4.50230E+01 1.11516E+00
 -1      2446 1.16956E+00 4.50262E+01 1.13106E+00
 -1      2447 1.19388E+00 4.50370E+01 1.18484E+00
 -1      2448 1.23044E+00 4.50338E+01 1.16894E+00
 -1      2453 1.59908E-01 4.49616E+01-3.45858E-02
 -1      2454 1.22767E-01 4.49705E+01-2.27077E-02
 -1      2455 1.40092E-01 4.49664E+01 3.45858E-02
 -1      2456 1.77233E-01 4.49575E+01 2.27077E-02
 -1      2461-1.49864E-01 4.49640E+01-3.60552E-02
 -1      2462-1.82310E-01 4.49562E+01-1.39967E-02
 -1      2463-1.50136E-01 4.49640E+01 3.60552E-02
 -1      2464-1.17690E-01 4.49718E+01 1.39967E-02
 -1      2469 1.59908E-01 4.49616E+01 1.96541E+00
 -1      2470 1.22767E-01 4.49705E+01 1.97729E+00
 -1      2471 1.40092E-01 4.49664E+01 2.03459E+00
 -1      2472 1.77233E-01 4.49575E+01 2.02271E+00
 -1      2477-1.49864E-01 4.49640E+01 1.96394E+00
 -1      2478-1.82310E-01 4.49562E+01 1.98600E+00
 -1      2479-1.50136E-01 4.49640E+01 2.03606E+00
 -1      2480-1.17690E-01 4.49718E+01 2.01400E+00
 -3
    3C                           224                                     1
 -1         1    1    0    1
 -2       165      1365      1366       166       168      1368      1367       167
 -1         2    1    0    1
 -2      1365      1373      1374      1366      1368      1376      1375      1367
 -1         3    1    0    1
 -2      1373      1381      1382      1374      1376      1384      1383      1375
 -1         4    1    0    1
 -2      1381       365       366      1382      1384       368       367      1383
 -1         5    1    0    1
 -2       215      1389      1390       216       218      1392      1391       217
 -1         6    1    0    1
 -2      1389      1397      1398      1390      1392      1400      1399      1391
 -1         7    1    0    1
 -2      1397      1405      1406      1398      1400      1408      1407      1399
 -1         8    1    0    1
 -2      1405       415       416      1406      1408       418       417      1407
 -1         9    1    0    1
 -2       265      1413      1414       266       268      1416      1415       267
 -1        10    1    0    1
 -2      1413      1421      1422      1414      1416      1424      1423      1415
 -1        11    1    0    1
 -2      1421      1429      1430      1422      1424      1432      1431      1423
 -1        12    1    0    1
 -2      1429       465       466      1430      1432       468       467      1431
 -1        13    1    0    1
 -2       315      1437      1438       316       318      1440      1439       317
 -1        14    1    0    1
 -2      1437      1445      1446      1438      1440      1448      1447      1439
 -1        15    1    0    1
 -2      1445      1453      1454      1446      1448      1456      1455      1447
 -1        16    1    0    1
 -2      1453       515       516      1454      1456       518       517      1455
 -1        17    1    0    1
 -2       365      1461      1462       366       368      1464      1463       367
 -1        18    1    0    1
 -2      1461       565       566      1462      1464       568       567      1463
 -1        19    1    0    1
 -2       415      1469      1470       416       418      1472      1471       417
 -1        20    1    0    1
 -2      1469       615       616      1470      1472       618       617      1471
 -1        21    1    0    1
 -2       465      1477      1478       466       468      1480      1479       467
 -1        22    1    0    1
 -2      1477       665       666      1478      1480       668       667      1479
 -1        23    1    0    1
 -2       515      1485      1486       516       518      1488      1487       517
 -1        24    1    0    1
 -2      1485       715       716      1486      1488       718       717      1487
 -1        25    1    0    1
 -2       565      1493      1494       566       568      1496      1495       567
 -1        26    1    0    1
 -2      1493       765       766      1494      1496       768       767      1495
 -1        27    1    0    1
 -2       615      1501      1502       616       618      1504      1503       617
 -1        28    1    0    1
 -2      1501       815       816      1502      1504       818       817      1503
 -1        29    1    0    1
 -2       665      1509      1510       666       668      1512      1511       667
 -1        30    1    0    1
 -2      1509       865       866      1510      1512       868       867      1511
 -1        31    1    0    1
 -2       715      1517      1518       716       718      1520      1519       717
 -1        32    1    0    1
 -2      1517       915       916      1518      1520       918       917      1519
 -1        33    1    0    1
 -2       765      1525      1526       766       768      1528      1527       767
 -1        34    1    0    1
 -2      1525      1533      1534      1526      1528      1536      1535      1527
 -1        35    1    0    1
 -2      1533      1541      1542      1534      1536      1544      1543      1535
 -1        36    1    0    1
 -2      1541       965       966      1542      1544       968       967      1543
 -1        37    1    0    1
 -2       815      1549      1550       816       818      1552      1551       817
 -1        38    1    0    1
 -2      1549      1557      1558      1550      1552      1560      1559      1551
 -1        39    1    0    1
 -2      1557      1565      1566      1558      1560      1568      1567      1559
 -1        40    1    0    1
 -2      1565      1015      1016      1566      1568      1018      1017      1567
 -1        41    1    0    1
 -2       865      1573      1574       866       868      1576      1575       867
 -1        42    1    0    1
 -2      1573      1581      1582      1574      1576      1584      1583      1575
 -1        43    1    0    1
 -2      1581      1589      1590      1582      1584      1592      1591      1583
 -1        44    1    0    1
 -2      1589      1065      1066      1590      1592      1068      1067      1591
 -1        45    1    0    1
 -2       915      1597      1598       916       918      1600      1599       917
 -1        46    1    0    1
 -2      1597      1605      1606      1598      1600      1608      1607      1599
 -1        47    1    0    1
 -2      1605      1613      1614      1606      1608      1616      1615      1607
 -1        48    1    0    1
 -2      1613      1115      1116      1614      1616      1118      1117      1615
 -1        49    1    0    1
 -2       965      1621      1622       966       968      1624      1623       967
 -1        50    1    0    1
 -2      1621      1629      1630      1622      1624      1632      1631      1623
 -1        51    1    0    1
 -2      1629      1637      1638      1630      1632      1640      1639      1631
 -1        52    1    0    1
 -2      1637      1165      1166      1638      1640      1168      1167      1639
 -1        53    1    0    1
 -2      1015      1645      1646      1016      1018      1648      1647      1017
 -1        54    1    0    1
 -2      1645      1653      1654      1646      1648      1656      1655      1647
 -1        55    1    0    1
 -2      1653      1661      1662      1654      1656      1664      1663      1655
 -1        56    1    0    1
 -2      1661      1215      1216      1662      1664      1218      1217      1663
 -1        57    1    0    1
 -2      1065      1669      1670      1066      1068      1672      1671      1067
 -1        58    1    0    1
 -2      1669      1677      1678      1670      1672      1680      1679      1671
 -1        59    1    0    1
 -2      1677      1685      1686      1678      1680      1688      1687      1679
 -1        60    1    0    1
 -2      1685      1265      1266      1686      1688      1268      1267      1687
 -1        61    1    0    1
 -2      1115      1693      1694      1116      1118      1696      1695      1117
 -1        62    1    0    1
 -2      1693      1701      1702      1694      1696      1704      1703      1695
 -1        63    1    0    1
 -2      1701      1709      1710      1702      1704      1712      1711      1703
 -1        64    1    0    1
 -2      1709      1315      1316      1710      1712      1318      1317      1711
 -1        65    1    0    1
 -2       173      1717      1718       174       176      1720      1719       175
 -1        66    1    0    1
 -2      1717       223       224      1718      1720       226       225      1719
 -1        67    1    0    1
 -2       273      1725      1726       274       276      1728      1727       275
 -1        68    1    0    1
 -2      1725       323       324      1726      1728       326       325      1727
 -1        69    1    0    1
 -2       181      1733      1734       182       184      1736      1735       183
 -1        70    1    0    1
 -2      1733       281       282      1734      1736       284       283      1735
 -1        71    1    0    1
 -2       231      1741      1742       232       234      1744      1743       233
 -1        72    1    0    1
 -2      1741       331       332      1742      1744       334       333      1743
 -1        73    1    0    1
 -2       373      1749      1750       374       376      1752      1751       375
 -1        74    1    0    1
 -2      1749      1757      1758      1750      1752      1760      1759      1751
 -1        75    1    0    1
 -2      1757      1765      1766      1758      1760      1768      1767      1759
 -1        76    1    0    1
 -2      1765       423       424      1766      1768       426       425      1767
 -1        77    1    0    1
 -2       473      1773      1774       474       476      1776      1775       475
 -1        78    1    0    1
 -2      1773      1781      1782      1774      1776      1784      1783      1775
 -1        79    1    0    1
 -2      1781      1789      1790      1782      1784      1792      1791      1783
 -1        80    1    0    1
 -2      1789       523       524      1790      1792       526       525      1791
 -1        81    1    0    1
 -2       381      1797      1798       382       384      1800      1799       383
 -1        82    1    0    1
 -2      1797      1805      1806      1798      1800      1808      1807      1799
 -1        83    1    0    1
 -2      1805      1813      1814      1806      1808      1816      1815      1807
 -1        84    1    0    1
 -2      1813       481       482      1814      1816       484       483      1815
 -1        85    1    0    1
 -2       431      1821      1822       432       434      1824      1823       433
 -1        86    1    0    1
 -2      1821      1829      1830      1822      1824      1832      1831      1823
 -1        87    1    0    1
 -2      1829      1837      1838      1830      1832      1840      1839      1831
 -1        88    1    0    1
 -2      1837       531       532      1838      1840       534       533      1839
 -1        89    1    0    1
 -2       573      1845      1846       574       576      1848      1847       575
 -1        90    1    0    1
 -2      1845       623       624      1846      1848       626       625      1847
 -1        91    1    0    1
 -2       673      1853      1854       674       676      1856      1855       675
 -1        92    1    0    1
 -2      1853       723       724      1854      1856       726       725      1855
 -1        93    1    0    1
 -2       581      1861      1862       582       584      1864      1863       583
 -1        94    1    0    1
 -2      1861       681       682      1862      1864       684       683      1863
 -1        95    1    0    1
 -2       631      1869      1870       632       634      1872      1871       633
 -1        96    1    0    1
 -2      1869       731       732      1870      1872       734       733      1871
 -1        97    1    0    1
 -2       773       823       824       774       776       826       825       775
 -1        98    1    0    1
 -2       873       923       924       874       876       926       925       875
 -1        99    1    0    1
 -2       781       881       882       782       784       884       883       783
 -1       100    1    0    1
 -2       831       931       932       832       834       934       933       833
 -1       101    1    0    1
 -2       973      1877      1878       974       976      1880      1879       975
 -1       102    1    0    1
 -2      1877      1885      1886      1878      1880      1888      1887      1879
 -1       103    1    0    1
 -2      1885      1893      1894      1886      1888      1896      1895      1887
 -1       104    1    0    1
 -2      1893      1023      1024      1894      1896      1026      1025      1895
 -1       105    1    0    1
 -2      1073      1901      1902      1074      1076      1904      1903      1075
 -1       106    1    0    1
 -2      1901      1909      1910      1902      1904      1912      1911      1903
 -1       107    1    0    1
 -2      1909      1917      1918      1910      1912      1920      1919      1911
 -1       108    1    0    1
 -2      1917      1123      1124      1918      1920      1126      1125      1919
 -1       109    1    0    1
 -2       981      1925      1926       982       984      1928      1927       983
 -1       110    1    0    1
 -2      1925      1933      1934      1926      1928      1936      1935      1927
 -1       111    1    0    1
 -2      1933      1941      1942      1934      1936      1944      1943      1935
 -1       112    1    0    1
 -2      1941      1081      1082      1942      1944      1084      1083      1943
 -1       113    1    0    1
 -2      1031      1949      1950      1032      1034      1952      1951      1033
 -1       114    1    0    1
 -2      1949      1957      1958      1950      1952      1960      1959      1951
 -1       115    1    0    1
 -2      1957      1965      1966      1958      1960      1968      1967      1959
 -1       116    1    0    1
 -2      1965      1131      1132      1966      1968      1134      1133      1967
 -1       117    1    0    1
 -2      1173      1223      1224      1174      1176      1226      1225      1175
 -1       118    1    0    1
 -2      1273      1323      1324      1274      1276      1326      1325      1275
 -1       119    1    0    1
 -2      1181      1281      1282      1182      1184      1284      1283      1183
 -1       120    1    0    1
 -2      1231      1331      1332      1232      1234      1334      1333      1233
 -1       121    1    0    1
 -2       165      1973      1974       166       168      1976      1975       167
 -1       122    1    0    1
 -2      1973      1981      1982      1974      1976      1984      1983      1975
 -1       123    1    0    1
 -2      1981      1989      1990      1982      1984      1992      1991      1983
 -1       124    1    0    1
 -2      1989       465       466      1990      1992       468       467      1991
 -1       125    1    0    1
 -2       265      1997      1998       266       268      2000      1999       267
 -1       126    1    0    1
 -2      1997      2005      2006      1998      2000      2008      2007      1999
 -1       127    1    0    1
 -2      2005      2013      2014      2006      2008      2016      2015      2007
 -1       128    1    0    1
 -2      2013       365       366      2014      2016       368       367      2015
 -1       129    1    0    1
 -2       215      2021      2022       216       218      2024      2023       217
 -1       130    1    0    1
 -2      2021      2029      2030      2022      2024      2032      2031      2023
 -1       131    1    0    1
 -2      2029      2037      2038      2030      2032      2040      2039      2031
 -1       132    1    0    1
 -2      2037       515       516      2038      2040       518       517      2039
 -1       133    1    0    1
 -2       315      2045      2046       316       318      2048      2047       317
 -1       134    1    0    1
 -2      2045      2053      2054      2046      2048      2056      2055      2047
 -1       135    1    0    1
 -2      2053      2061      2062      2054      2056      2064      2063      2055
 -1       136    1    0    1
 -2      2061       415       416      2062      2064       418       417      2063
 -1       137    1    0    1
 -2       165      2069      2070       166       168      2072      2071       167
 -1       138    1    0    1
 -2      2069      2077      2078      2070      2072      2080      2079      2071
 -1       139    1    0    1
 -2      2077      2085      2086      2078      2080      2088      2087      2079
 -1       140    1    0    1
 -2      2085       415       416      2086      2088       418       417      2087
 -1       141    1    0    1
 -2       215      2093      2094       216       218      2096      2095       217
 -1       142    1    0    1
 -2      2093      2101      2102      2094      2096      2104      2103      2095
 -1       143    1    0    1
 -2      2101      2109      2110      2102      2104      2112      2111      2103
 -1       144    1    0    1
 -2      2109       365       366      2110      2112       368       367      2111
 -1       145    1    0    1
 -2       265      2117      2118       266       268      2120      2119       267
 -1       146    1    0    1
 -2      2117      2125      2126      2118      2120      2128      2127      2119
 -1       147    1    0    1
 -2      2125      2133      2134      2126      2128      2136      2135      2127
 -1       148    1    0    1
 -2      2133       515       516      2134      2136       518       517      2135
 -1       149    1    0    1
 -2       315      2141      2142       316       318      2144      2143       317
 -1       150    1    0    1
 -2      2141      2149      2150      2142      2144      2152      2151      2143
 -1       151    1    0    1
 -2      2149      2157      2158      2150      2152      2160      2159      2151
 -1       152    1    0    1
 -2      2157       465       466      2158      2160       468       467      2159
 -1       153    1    0    1
 -2       365      2165      2166       366       368      2168      2167       367
 -1       154    1    0    1
 -2      2165      2173      2174      2166      2168      2176      2175      2167
 -1       155    1    0    1
 -2      2173      2181      2182      2174      2176      2184      2183      2175
 -1       156    1    0    1
 -2      2181       665       666      2182      2184       668       667      2183
 -1       157    1    0    1
 -2       465      2189      2190       466       468      2192      2191       467
 -1       158    1    0    1
 -2      2189      2197      2198      2190      2192      2200      2199      2191
 -1       159    1    0    1
 -2      2197      2205      2206      2198      2200      2208      2207      2199
 -1       160    1    0    1
 -2      2205       565       566      2206      2208       568       567      2207
 -1       161    1    0    1
 -2       415      2213      2214       416       418      2216      2215       417
 -1       162    1    0    1
 -2      2213      2221      2222      2214      2216      2224      2223      2215
 -1       163    1    0    1
 -2      2221      2229      2230      2222      2224      2232      2231      2223
 -1       164    1    0    1
 -2      2229       715       716      2230      2232       718       717      2231
 -1       165    1    0    1
 -2       515      2237      2238       516       518      2240      2239       517
 -1       166    1    0    1
 -2      2237      2245      2246      2238      2240      2248      2247      2239
 -1       167    1    0    1
 -2      2245      2253      2254      2246      2248      2256      2255      2247
 -1       168    1    0    1
 -2      2253       615       616      2254      2256       618       617      2255
 -1       169    1    0    1
 -2       365      2261      2262       366       368      2264      2263       367
 -1       170    1    0    1
 -2      2261      2269      2270      2262      2264      2272      2271      2263
 -1       171    1    0    1
 -2      2269      2277      2278      2270      2272      2280      2279      2271
 -1       172    1    0    1
 -2      2277       615       616      2278      2280       618       617      2279
 -1       173    1    0    1
 -2       415      2285      2286       416       418      2288      2287       417
 -1       174    1    0    1
 -2      2285      2293      2294      2286      2288      2296      2295      2287
 -1       175    1    0    1
 -2      2293      2301      2302      2294      2296      2304      2303      2295
 -1       176    1    0    1
 -2      2301       565       566      2302      2304       568       567      2303
 -1       177    1    0    1
 -2       465      2309      2310       466       468      2312      2311       467
 -1       178    1    0    1
 -2      2309      2317      2318      2310      2312      2320      2319      2311
 -1       179    1    0    1
 -2      2317      2325      2326      2318      2320      2328      2327      2319
 -1       180    1    0    1
 -2      2325       715       716      2326      2328       718       717      2327
 -1       181    1    0    1
 -2       515      2333      2334       516       518      2336      2335       517
 -1       182    1    0    1
 -2      2333      2341      2342      2334      2336      2344      2343      2335
 -1       183    1    0    1
 -2      2341      2349      2350      2342      2344      2352      2351      2343
 -1       184    1    0    1
 -2      2349       665       666      2350      2352       668       667      2351
 -1       185    1    0    1
 -2       565       865       866       566       568       868       867       567
 -1       186    1    0    1
 -2       665       765       766       666       668       768       767       667
 -1       187    1    0    1
 -2       615       915       916       616       618       918       917       617
 -1       188    1    0    1
 -2       715       815       816       716       718       818       817       717
 -1       189    1    0    1
 -2       565       815       816       566       568       818       817       567
 -1       190    1    0    1
 -2       615       765       766       616       618       768       767       617
 -1       191    1    0    1
 -2       665       915       916       666       668       918       917       667
 -1       192    1    0    1
 -2       715       865       866       716       718       868       867       717
 -1       193    1    0    1
 -2       765      2357      2358       766       768      2360      2359       767
 -1       194    1    0    1
 -2      2357      1065      1066      2358      2360      1068      1067      2359
 -1       195    1    0    1
 -2       865      2365      2366       866       868      2368      2367       867
 -1       196    1    0    1
 -2      2365       965       966      2366      2368       968       967      2367
 -1       197    1    0    1
 -2       815      2373      2374       816       818      2376      2375       817
 -1       198    1    0    1
 -2      2373      1115      1116      2374      2376      1118      1117      2375
 -1       199    1    0    1
 -2       915      2381      2382       916       918      2384      2383       917
 -1       200    1    0    1
 -2      2381      1015      1016      2382      2384      1018      1017      2383
 -1       201    1    0    1
 -2       765      2389      2390       766       768      2392      2391       767
 -1       202    1    0    1
 -2      2389      1015      1016      2390      2392      1018      1017      2391
 -1       203    1    0    1
 -2       815      2397      2398       816       818      2400      2399       817
 -1       204    1    0    1
 -2      2397       965       966      2398      2400       968       967      2399
 -1       205    1    0    1
 -2       865      2405      2406       866       868      2408      2407       867
 -1       206    1    0    1
 -2      2405      1115      1116      2406      2408      1118      1117      2407
 -1       207    1    0    1
 -2       915      2413      2414       916       918      2416      2415       917
 -1       208    1    0    1
 -2      2413      1065      1066      2414      2416      1068      1067      2415
 -1       209    1    0    1
 -2       965      2421      2422       966       968      2424      2423       967
 -1       210    1    0    1
 -2      2421      1265      1266      2422      2424      1268      1267      2423
 -1       211    1    0    1
 -2      1065      2429      2430      1066      1068      2432      2431      1067
 -1       212    1    0    1
 -2      2429      1165      1166      2430      2432      1168      1167      2431
 -1       213    1    0    1
 -2      1015      2437      2438      1016      1018      2440      2439      1017
 -1       214    1    0    1
 -2      2437      1315      1316      2438      2440      1318      1317      2439
 -1       215    1    0    1
 -2      1115      2445      2446      1116      1118      2448      2447      1117
 -1       216    1    0    1
 -2      2445      1215      1216      2446      2448      1218      1217      2447
 -1       217    1    0    1
 -2       965      2453      2454       966       968      2456      2455       967
 -1       218    1    0    1
 -2      2453      1215      1216      2454      2456      1218      1217      2455
 -1       219    1    0    1
 -2      1015      2461      2462      1016      1018      2464      2463      1017
 -1       220    1    0    1
 -2      2461      1165      1166      2462      2464      1168      1167      2463
 -1       221    1    0    1
 -2      1065      2469      2470      1066      1068      2472      2471      1067
 -1       222    1    0    1
 -2      2469      1315      1316      2470      2472      1318      1317      2471
 -1       223    1    0    1
 -2      1115      2477      2478      1116      1118      2480      2479      1117
 -1       224    1    0    1
 -2      2477      1265      1266      2478      2480      1268      1267      2479
 -3
    1PSTEP                         1           1           1          
  100CL  101 1.000000000           0                     0    1           1
 -4  DISP        4    1
 -5  D1          1    2    1    0
 -5  D2          1    2    2    0
 -5  D3          1    2    3    0
 -5  ALL         1    2    0    0    1ALL
 -3
 9999
