    1C
    1UNormalized cross-passage space-truss torsion benchmark            
    1UUSER                                                              
    1UDATE              06.august.2026                                  
    1UTIME              08:14:18                                        
    1UHOST                                                              
    1UPGM               CalculiX                                        
    1UVERSION           Version 2.21                             
    1UCOMPILETIME       Sat Jul 29 10:52:01 CEST 2023                    
    1UDIR                                                               
    1UDBN                                                               
    1UMAT    1STEEL                                                     
    2C                           720                                     1
 -1       133-1.19401E+00 1.47267E-03-3.55231E-02
 -1       134-1.23038E+00 3.77713E-03-1.90457E-02
 -1       135-1.20599E+00-1.47267E-03 3.55231E-02
 -1       136-1.16962E+00-3.77713E-03 1.90457E-02
 -1       141-1.20145E+00-3.41225E-02-1.15569E-02
 -1       142-1.20010E+00-2.46574E-03-3.59709E-02
 -1       143-1.19855E+00 3.41225E-02 1.15569E-02
 -1       144-1.19990E+00 2.46574E-03 3.59709E-02
 -1       149-1.23365E+00-1.29325E-02 5.48678E-04
 -1       150-1.20099E+00-3.60094E-02 1.52775E-03
 -1       151-1.16635E+00 1.29325E-02-5.48678E-04
 -1       152-1.19901E+00 3.60094E-02-1.52775E-03
 -1       183 1.20193E+00 2.20034E-03-3.59368E-02
 -1       184 1.16764E+00-1.98767E-03-1.57688E-02
 -1       185 1.19807E+00-2.20034E-03 3.59368E-02
 -1       186 1.23236E+00 1.98767E-03 1.57688E-02
 -1       191 1.20143E+00-3.37965E-02-1.24797E-02
 -1       192 1.20006E+00-1.48932E-03-3.60247E-02
 -1       193 1.19857E+00 3.37965E-02 1.24797E-02
 -1       194 1.19994E+00 1.48932E-03 3.60247E-02
 -1       199 1.16707E+00-1.46725E-02-6.22501E-04
 -1       200 1.20089E+00-3.60121E-02-1.52786E-03
 -1       201 1.23293E+00 1.46725E-02 6.22501E-04
 -1       202 1.19911E+00 3.60121E-02 1.52786E-03
 -1       233-1.19309E+00-2.60726E-03 1.96471E+00
 -1       234-1.22987E+00 1.51998E-03 1.97987E+00
 -1       235-1.20691E+00 2.60726E-03 2.03529E+00
 -1       236-1.17013E+00-1.51998E-03 2.02013E+00
 -1       241-1.19857E+00-3.37965E-02 1.98752E+00
 -1       242-1.19994E+00-1.48932E-03 1.96398E+00
 -1       243-1.20143E+00 3.37965E-02 2.01248E+00
 -1       244-1.20006E+00 1.48932E-03 2.03602E+00
 -1       249-1.23293E+00-1.46725E-02 1.99938E+00
 -1       250-1.19911E+00-3.60121E-02 1.99847E+00
 -1       251-1.16707E+00 1.46725E-02 2.00062E+00
 -1       252-1.20089E+00 3.60121E-02 2.00153E+00
 -1       283 1.20342E+00-1.71996E-03 1.96415E+00
 -1       284 1.16832E+00-3.76571E-03 1.98321E+00
 -1       285 1.19658E+00 1.71996E-03 2.03585E+00
 -1       286 1.23168E+00 3.76571E-03 2.01679E+00
 -1       291 1.19855E+00-3.41225E-02 1.98844E+00
 -1       292 1.19990E+00-2.46574E-03 1.96403E+00
 -1       293 1.20145E+00 3.41225E-02 2.01156E+00
 -1       294 1.20010E+00 2.46574E-03 2.03597E+00
 -1       299 1.16635E+00-1.29325E-02 2.00055E+00
 -1       300 1.19901E+00-3.60094E-02 2.00153E+00
 -1       301 1.23365E+00 1.29325E-02 1.99945E+00
 -1       302 1.20099E+00 3.60094E-02 1.99847E+00
 -1       333-1.19518E+00 9.99960E+00-3.57293E-02
 -1       334-1.23113E+00 1.00001E+01-1.81967E-02
 -1       335-1.20482E+00 1.00004E+01 3.57293E-02
 -1       336-1.16887E+00 9.99987E+00 1.81967E-02
 -1       341-1.20000E+00 9.96600E+00-1.20000E-02
 -1       342-1.20000E+00 9.99800E+00-3.60000E-02
 -1       343-1.20000E+00 1.00340E+01 1.20000E-02
 -1       344-1.20000E+00 1.00020E+01 3.60000E-02
 -1       349-1.23328E+00 9.98613E+00 0.00000E+00
 -1       350-1.20000E+00 9.96394E+00 0.00000E+00
 -1       351-1.16672E+00 1.00139E+01 0.00000E+00
 -1       352-1.20000E+00 1.00361E+01 0.00000E+00
 -1       383 1.20441E+00 9.99969E+00-3.57840E-02
 -1       384 1.16866E+00 9.99951E+00-1.78263E-02
 -1       385 1.19559E+00 1.00003E+01 3.57840E-02
 -1       386 1.23134E+00 1.00005E+01 1.78263E-02
 -1       391 1.20000E+00 9.96600E+00-1.20000E-02
 -1       392 1.20000E+00 9.99800E+00-3.60000E-02
 -1       393 1.20000E+00 1.00340E+01 1.20000E-02
 -1       394 1.20000E+00 1.00020E+01 3.60000E-02
 -1       399 1.16672E+00 9.98613E+00 0.00000E+00
 -1       400 1.20000E+00 9.96394E+00 0.00000E+00
 -1       401 1.23328E+00 1.00139E+01 0.00000E+00
 -1       402 1.20000E+00 1.00361E+01 0.00000E+00
 -1       433-1.19540E+00 1.00003E+01 1.96424E+00
 -1       434-1.23124E+00 1.00005E+01 1.98201E+00
 -1       435-1.20460E+00 9.99969E+00 2.03576E+00
 -1       436-1.16876E+00 9.99951E+00 2.01799E+00
 -1       441-1.20000E+00 9.96600E+00 1.98800E+00
 -1       442-1.20000E+00 9.99800E+00 1.96400E+00
 -1       443-1.20000E+00 1.00340E+01 2.01200E+00
 -1       444-1.20000E+00 1.00020E+01 2.03600E+00
 -1       449-1.23328E+00 9.98613E+00 2.00000E+00
 -1       450-1.20000E+00 9.96394E+00 2.00000E+00
 -1       451-1.16672E+00 1.00139E+01 2.00000E+00
 -1       452-1.20000E+00 1.00361E+01 2.00000E+00
 -1       483 1.20417E+00 1.00004E+01 1.96419E+00
 -1       484 1.16855E+00 9.99986E+00 1.98238E+00
 -1       485 1.19583E+00 9.99960E+00 2.03581E+00
 -1       486 1.23145E+00 1.00001E+01 2.01762E+00
 -1       491 1.20000E+00 9.96600E+00 1.98800E+00
 -1       492 1.20000E+00 9.99800E+00 1.96400E+00
 -1       493 1.20000E+00 1.00340E+01 2.01200E+00
 -1       494 1.20000E+00 1.00020E+01 2.03600E+00
 -1       499 1.16672E+00 9.98613E+00 2.00000E+00
 -1       500 1.20000E+00 9.96394E+00 2.00000E+00
 -1       501 1.23328E+00 1.00139E+01 2.00000E+00
 -1       502 1.20000E+00 1.00361E+01 2.00000E+00
 -1       533-1.19531E+00 1.99996E+01-3.57475E-02
 -1       534-1.23120E+00 2.00000E+01-1.80774E-02
 -1       535-1.20469E+00 2.00004E+01 3.57475E-02
 -1       536-1.16880E+00 2.00000E+01 1.80774E-02
 -1       541-1.20102E+00 1.99659E+01-1.16828E-02
 -1       542-1.20007E+00 1.99977E+01-3.59798E-02
 -1       543-1.19898E+00 2.00341E+01 1.16828E-02
 -1       544-1.19993E+00 2.00023E+01 3.59798E-02
 -1       549-1.23354E+00 1.99868E+01 3.96605E-04
 -1       550-1.20069E+00 1.99640E+01 1.08098E-03
 -1       551-1.16646E+00 2.00132E+01-3.96605E-04
 -1       552-1.19931E+00 2.00360E+01-1.08098E-03
 -1       583 1.20437E+00 2.00000E+01-3.57898E-02
 -1       584 1.16864E+00 1.99998E+01-1.77986E-02
 -1       585 1.19563E+00 2.00000E+01 3.57898E-02
 -1       586 1.23136E+00 2.00002E+01 1.77986E-02
 -1       591 1.20102E+00 1.99661E+01-1.23355E-02
 -1       592 1.20005E+00 1.99984E+01-3.60180E-02
 -1       593 1.19898E+00 2.00339E+01 1.23355E-02
 -1       594 1.19995E+00 2.00016E+01 3.60180E-02
 -1       599 1.16697E+00 1.99855E+01-4.33494E-04
 -1       600 1.20064E+00 1.99640E+01-1.08101E-03
 -1       601 1.23303E+00 2.00145E+01 4.33494E-04
 -1       602 1.19936E+00 2.00360E+01 1.08101E-03
 -1       633-1.19543E+00 2.00000E+01 1.96424E+00
 -1       634-1.23125E+00 2.00002E+01 1.98202E+00
 -1       635-1.20457E+00 2.00000E+01 2.03576E+00
 -1       636-1.16875E+00 1.99998E+01 2.01798E+00
 -1       641-1.19898E+00 1.99661E+01 1.98766E+00
 -1       642-1.19995E+00 1.99984E+01 1.96398E+00
 -1       643-1.20102E+00 2.00339E+01 2.01234E+00
 -1       644-1.20005E+00 2.00016E+01 2.03602E+00
 -1       649-1.23303E+00 1.99855E+01 1.99957E+00
 -1       650-1.19936E+00 1.99640E+01 1.99892E+00
 -1       651-1.16697E+00 2.00145E+01 2.00043E+00
 -1       652-1.20064E+00 2.00360E+01 2.00108E+00
 -1       683 1.20425E+00 2.00004E+01 1.96420E+00
 -1       684 1.16859E+00 2.00000E+01 1.98231E+00
 -1       685 1.19575E+00 1.99996E+01 2.03580E+00
 -1       686 1.23141E+00 2.00000E+01 2.01769E+00
 -1       691 1.19898E+00 1.99659E+01 1.98832E+00
 -1       692 1.19993E+00 1.99977E+01 1.96402E+00
 -1       693 1.20102E+00 2.00341E+01 2.01168E+00
 -1       694 1.20007E+00 2.00023E+01 2.03598E+00
 -1       699 1.16646E+00 1.99868E+01 2.00040E+00
 -1       700 1.19931E+00 1.99640E+01 2.00108E+00
 -1       701 1.23354E+00 2.00132E+01 1.99960E+00
 -1       702 1.20069E+00 2.00360E+01 1.99892E+00
 -1       733-1.19548E+00 2.99999E+01-3.57711E-02
 -1       734-1.23128E+00 3.00000E+01-1.79296E-02
 -1       735-1.20452E+00 3.00001E+01 3.57711E-02
 -1       736-1.16872E+00 3.00000E+01 1.79296E-02
 -1       741-1.20000E+00 2.99660E+01-1.20000E-02
 -1       742-1.20000E+00 2.99980E+01-3.60000E-02
 -1       743-1.20000E+00 3.00340E+01 1.20000E-02
 -1       744-1.20000E+00 3.00020E+01 3.60000E-02
 -1       749-1.23328E+00 2.99861E+01 0.00000E+00
 -1       750-1.20000E+00 2.99639E+01 0.00000E+00
 -1       751-1.16672E+00 3.00139E+01 0.00000E+00
 -1       752-1.20000E+00 3.00361E+01 0.00000E+00
 -1       783 1.20447E+00 3.00001E+01-3.57768E-02
 -1       784 1.16870E+00 3.00000E+01-1.78903E-02
 -1       785 1.19553E+00 2.99999E+01 3.57768E-02
 -1       786 1.23130E+00 3.00000E+01 1.78903E-02
 -1       791 1.20000E+00 2.99660E+01-1.20000E-02
 -1       792 1.20000E+00 2.99980E+01-3.60000E-02
 -1       793 1.20000E+00 3.00340E+01 1.20000E-02
 -1       794 1.20000E+00 3.00020E+01 3.60000E-02
 -1       799 1.16672E+00 2.99861E+01 0.00000E+00
 -1       800 1.20000E+00 2.99639E+01 0.00000E+00
 -1       801 1.23328E+00 3.00139E+01 0.00000E+00
 -1       802 1.20000E+00 3.00361E+01 0.00000E+00
 -1       833-1.19548E+00 2.99999E+01 1.96423E+00
 -1       834-1.23128E+00 3.00000E+01 1.98207E+00
 -1       835-1.20452E+00 3.00001E+01 2.03577E+00
 -1       836-1.16872E+00 3.00000E+01 2.01793E+00
 -1       841-1.20000E+00 2.99660E+01 1.98800E+00
 -1       842-1.20000E+00 2.99980E+01 1.96400E+00
 -1       843-1.20000E+00 3.00340E+01 2.01200E+00
 -1       844-1.20000E+00 3.00020E+01 2.03600E+00
 -1       849-1.23328E+00 2.99861E+01 2.00000E+00
 -1       850-1.20000E+00 2.99639E+01 2.00000E+00
 -1       851-1.16672E+00 3.00139E+01 2.00000E+00
 -1       852-1.20000E+00 3.00361E+01 2.00000E+00
 -1       883 1.20447E+00 3.00001E+01 1.96422E+00
 -1       884 1.16870E+00 3.00000E+01 1.98211E+00
 -1       885 1.19553E+00 2.99999E+01 2.03578E+00
 -1       886 1.23130E+00 3.00000E+01 2.01789E+00
 -1       891 1.20000E+00 2.99660E+01 1.98800E+00
 -1       892 1.20000E+00 2.99980E+01 1.96400E+00
 -1       893 1.20000E+00 3.00340E+01 2.01200E+00
 -1       894 1.20000E+00 3.00020E+01 2.03600E+00
 -1       899 1.16672E+00 2.99861E+01 2.00000E+00
 -1       900 1.20000E+00 2.99639E+01 2.00000E+00
 -1       901 1.23328E+00 3.00139E+01 2.00000E+00
 -1       902 1.20000E+00 3.00361E+01 2.00000E+00
 -1       933-1.19524E+00 3.99997E+01-3.57386E-02
 -1       934-1.23116E+00 4.00001E+01-1.81420E-02
 -1       935-1.20476E+00 4.00003E+01 3.57386E-02
 -1       936-1.16884E+00 3.99999E+01 1.81420E-02
 -1       941-1.20145E+00 3.99659E+01-1.15569E-02
 -1       942-1.20010E+00 3.99975E+01-3.59709E-02
 -1       943-1.19855E+00 4.00341E+01 1.15569E-02
 -1       944-1.19990E+00 4.00025E+01 3.59709E-02
 -1       949-1.23365E+00 3.99871E+01 5.48678E-04
 -1       950-1.20099E+00 3.99640E+01 1.52775E-03
 -1       951-1.16635E+00 4.00129E+01-5.48678E-04
 -1       952-1.19901E+00 4.00360E+01-1.52775E-03
 -1       983 1.20447E+00 3.99998E+01-3.57772E-02
 -1       984 1.16869E+00 3.99997E+01-1.78812E-02
 -1       985 1.19553E+00 4.00002E+01 3.57772E-02
 -1       986 1.23131E+00 4.00003E+01 1.78812E-02
 -1       991 1.20143E+00 3.99662E+01-1.24797E-02
 -1       992 1.20006E+00 3.99985E+01-3.60247E-02
 -1       993 1.19857E+00 4.00338E+01 1.24797E-02
 -1       994 1.19994E+00 4.00015E+01 3.60247E-02
 -1       999 1.16707E+00 3.99853E+01-6.22501E-04
 -1      1000 1.20089E+00 3.99640E+01-1.52786E-03
 -1      1001 1.23293E+00 4.00147E+01 6.22501E-04
 -1      1002 1.19911E+00 4.00360E+01 1.52786E-03
 -1      1033-1.19540E+00 4.00002E+01 1.96424E+00
 -1      1034-1.23124E+00 4.00003E+01 1.98200E+00
 -1      1035-1.20460E+00 3.99998E+01 2.03576E+00
 -1      1036-1.16876E+00 3.99997E+01 2.01800E+00
 -1      1041-1.19857E+00 3.99662E+01 1.98752E+00
 -1      1042-1.19994E+00 3.99985E+01 1.96398E+00
 -1      1043-1.20143E+00 4.00338E+01 2.01248E+00
 -1      1044-1.20006E+00 4.00015E+01 2.03602E+00
 -1      1049-1.23293E+00 3.99853E+01 1.99938E+00
 -1      1050-1.19911E+00 3.99640E+01 1.99847E+00
 -1      1051-1.16707E+00 4.00147E+01 2.00062E+00
 -1      1052-1.20089E+00 4.00360E+01 2.00153E+00
 -1      1083 1.20430E+00 4.00003E+01 1.96420E+00
 -1      1084 1.16861E+00 3.99999E+01 1.98226E+00
 -1      1085 1.19570E+00 3.99997E+01 2.03580E+00
 -1      1086 1.23139E+00 4.00001E+01 2.01774E+00
 -1      1091 1.19855E+00 3.99659E+01 1.98844E+00
 -1      1092 1.19990E+00 3.99975E+01 1.96403E+00
 -1      1093 1.20145E+00 4.00341E+01 2.01156E+00
 -1      1094 1.20010E+00 4.00025E+01 2.03597E+00
 -1      1099 1.16635E+00 3.99871E+01 2.00055E+00
 -1      1100 1.19901E+00 3.99640E+01 2.00153E+00
 -1      1101 1.23365E+00 4.00129E+01 1.99945E+00
 -1      1102 1.20099E+00 4.00360E+01 1.99847E+00
 -1      1133-1.19611E+00 4.99979E+01-3.57828E-02
 -1      1134-1.23152E+00 4.99968E+01-1.72113E-02
 -1      1135-1.20389E+00 5.00021E+01 3.57828E-02
 -1      1136-1.16848E+00 5.00032E+01 1.72113E-02
 -1      1141-1.20145E+00 4.99659E+01-1.15569E-02
 -1      1142-1.20010E+00 4.99975E+01-3.59709E-02
 -1      1143-1.19855E+00 5.00341E+01 1.15569E-02
 -1      1144-1.19990E+00 5.00025E+01 3.59709E-02
 -1      1149-1.23365E+00 4.99871E+01 5.48678E-04
 -1      1150-1.20099E+00 4.99640E+01 1.52775E-03
 -1      1151-1.16635E+00 5.00129E+01-5.48678E-04
 -1      1152-1.19901E+00 5.00360E+01-1.52775E-03
 -1      1183 1.20661E+00 4.99962E+01-3.52441E-02
 -1      1184 1.16989E+00 5.00001E+01-1.98375E-02
 -1      1185 1.19339E+00 5.00038E+01 3.52441E-02
 -1      1186 1.23011E+00 4.99999E+01 1.98375E-02
 -1      1191 1.20143E+00 4.99662E+01-1.24797E-02
 -1      1192 1.20006E+00 4.99985E+01-3.60247E-02
 -1      1193 1.19857E+00 5.00338E+01 1.24797E-02
 -1      1194 1.19994E+00 5.00015E+01 3.60247E-02
 -1      1199 1.16707E+00 4.99853E+01-6.22501E-04
 -1      1200 1.20089E+00 4.99640E+01-1.52786E-03
 -1      1201 1.23293E+00 5.00147E+01 6.22501E-04
 -1      1202 1.19911E+00 5.00360E+01 1.52786E-03
 -1      1233-1.19823E+00 5.00035E+01 1.96416E+00
 -1      1234-1.23249E+00 4.99994E+01 1.98438E+00
 -1      1235-1.20177E+00 4.99965E+01 2.03584E+00
 -1      1236-1.16751E+00 5.00006E+01 2.01562E+00
 -1      1241-1.19857E+00 4.99662E+01 1.98752E+00
 -1      1242-1.19994E+00 4.99985E+01 1.96398E+00
 -1      1243-1.20143E+00 5.00338E+01 2.01248E+00
 -1      1244-1.20006E+00 5.00015E+01 2.03602E+00
 -1      1249-1.23293E+00 4.99853E+01 1.99938E+00
 -1      1250-1.19911E+00 4.99640E+01 1.99847E+00
 -1      1251-1.16707E+00 5.00147E+01 2.00062E+00
 -1      1252-1.20089E+00 5.00360E+01 2.00153E+00
 -1      1283 1.20516E+00 5.00020E+01 1.96437E+00
 -1      1284 1.16912E+00 5.00032E+01 1.98168E+00
 -1      1285 1.19484E+00 4.99980E+01 2.03563E+00
 -1      1286 1.23088E+00 4.99968E+01 2.01832E+00
 -1      1291 1.19855E+00 4.99659E+01 1.98844E+00
 -1      1292 1.19990E+00 4.99975E+01 1.96403E+00
 -1      1293 1.20145E+00 5.00341E+01 2.01156E+00
 -1      1294 1.20010E+00 5.00025E+01 2.03597E+00
 -1      1299 1.16635E+00 4.99871E+01 2.00055E+00
 -1      1300 1.19901E+00 4.99640E+01 2.00153E+00
 -1      1301 1.23365E+00 5.00129E+01 1.99945E+00
 -1      1302 1.20099E+00 5.00360E+01 1.99847E+00
 -1      1333-1.19553E+00 2.50000E+01-1.85778E-01
 -1      1334-1.23131E+00 2.50000E+01-1.67883E-01
 -1      1335-1.20447E+00 2.50000E+01-1.14222E-01
 -1      1336-1.16869E+00 2.50000E+01-1.32117E-01
 -1      1341 1.20447E+00 2.50000E+01 1.14222E-01
 -1      1342 1.16869E+00 2.50000E+01 1.32117E-01
 -1      1343 1.19553E+00 2.50000E+01 1.85778E-01
 -1      1344 1.23131E+00 2.50000E+01 1.67883E-01
 -1      1349-1.19553E+00 2.50000E+01 1.81422E+00
 -1      1350-1.23131E+00 2.50000E+01 1.83212E+00
 -1      1351-1.20447E+00 2.50000E+01 1.88578E+00
 -1      1352-1.16869E+00 2.50000E+01 1.86788E+00
 -1      1357 1.20447E+00 2.50000E+01 2.11422E+00
 -1      1358 1.16869E+00 2.50000E+01 2.13212E+00
 -1      1359 1.19553E+00 2.50000E+01 2.18578E+00
 -1      1360 1.23131E+00 2.50000E+01 2.16788E+00
 -1      1365-1.19522E+00 3.24989E+01-1.41787E-01
 -1      1366-1.23115E+00 3.24995E+01-1.24216E-01
 -1      1367-1.20478E+00 3.25011E+01-7.03450E-02
 -1      1368-1.16885E+00 3.25005E+01-8.79159E-02
 -1      1373-1.19553E+00 3.50000E+01-1.85777E-01
 -1      1374-1.23131E+00 3.50000E+01-1.67887E-01
 -1      1375-1.20447E+00 3.50000E+01-1.14223E-01
 -1      1376-1.16869E+00 3.50000E+01-1.32113E-01
 -1      1381-1.19586E+00 3.75011E+01-1.41867E-01
 -1      1382-1.23147E+00 3.75005E+01-1.23652E-01
 -1      1383-1.20414E+00 3.74989E+01-7.02647E-02
 -1      1384-1.16853E+00 3.74995E+01-8.84797E-02
 -1      1389 1.20414E+00 3.25011E+01 7.02647E-02
 -1      1390 1.16853E+00 3.25005E+01 8.84797E-02
 -1      1391 1.19586E+00 3.24989E+01 1.41867E-01
 -1      1392 1.23147E+00 3.24995E+01 1.23652E-01
 -1      1397 1.20447E+00 3.50000E+01 1.14223E-01
 -1      1398 1.16869E+00 3.50000E+01 1.32113E-01
 -1      1399 1.19553E+00 3.50000E+01 1.85777E-01
 -1      1400 1.23131E+00 3.50000E+01 1.67887E-01
 -1      1405 1.20478E+00 3.74989E+01 7.03450E-02
 -1      1406 1.16885E+00 3.74995E+01 8.79159E-02
 -1      1407 1.19522E+00 3.75011E+01 1.41787E-01
 -1      1408 1.23115E+00 3.75005E+01 1.24216E-01
 -1      1413-1.19522E+00 3.24989E+01 1.85821E+00
 -1      1414-1.23115E+00 3.24995E+01 1.87578E+00
 -1      1415-1.20478E+00 3.25011E+01 1.92966E+00
 -1      1416-1.16885E+00 3.25005E+01 1.91208E+00
 -1      1421-1.19553E+00 3.50000E+01 1.81422E+00
 -1      1422-1.23131E+00 3.50000E+01 1.83211E+00
 -1      1423-1.20447E+00 3.50000E+01 1.88578E+00
 -1      1424-1.16869E+00 3.50000E+01 1.86789E+00
 -1      1429-1.19586E+00 3.75011E+01 1.85813E+00
 -1      1430-1.23147E+00 3.75005E+01 1.87635E+00
 -1      1431-1.20414E+00 3.74989E+01 1.92974E+00
 -1      1432-1.16853E+00 3.74995E+01 1.91152E+00
 -1      1437 1.20414E+00 3.25011E+01 2.07026E+00
 -1      1438 1.16853E+00 3.25005E+01 2.08848E+00
 -1      1439 1.19586E+00 3.24989E+01 2.14187E+00
 -1      1440 1.23147E+00 3.24995E+01 2.12365E+00
 -1      1445 1.20447E+00 3.50000E+01 2.11422E+00
 -1      1446 1.16869E+00 3.50000E+01 2.13211E+00
 -1      1447 1.19553E+00 3.50000E+01 2.18578E+00
 -1      1448 1.23131E+00 3.50000E+01 2.16789E+00
 -1      1453 1.20478E+00 3.74989E+01 2.07034E+00
 -1      1454 1.16885E+00 3.74995E+01 2.08792E+00
 -1      1455 1.19522E+00 3.75011E+01 2.14179E+00
 -1      1456 1.23115E+00 3.75005E+01 2.12422E+00
 -1      1461-1.19522E+00 4.24989E+01-1.41787E-01
 -1      1462-1.23115E+00 4.24995E+01-1.24216E-01
 -1      1463-1.20478E+00 4.25011E+01-7.03450E-02
 -1      1464-1.16885E+00 4.25005E+01-8.79159E-02
 -1      1469-1.19553E+00 4.50000E+01-1.85777E-01
 -1      1470-1.23131E+00 4.50000E+01-1.67887E-01
 -1      1471-1.20447E+00 4.50000E+01-1.14223E-01
 -1      1472-1.16869E+00 4.50000E+01-1.32113E-01
 -1      1477-1.19586E+00 4.75011E+01-1.41867E-01
 -1      1478-1.23147E+00 4.75005E+01-1.23652E-01
 -1      1479-1.20414E+00 4.74989E+01-7.02647E-02
 -1      1480-1.16853E+00 4.74995E+01-8.84797E-02
 -1      1485 1.20414E+00 4.25011E+01 7.02647E-02
 -1      1486 1.16853E+00 4.25005E+01 8.84797E-02
 -1      1487 1.19586E+00 4.24989E+01 1.41867E-01
 -1      1488 1.23147E+00 4.24995E+01 1.23652E-01
 -1      1493 1.20447E+00 4.50000E+01 1.14223E-01
 -1      1494 1.16869E+00 4.50000E+01 1.32113E-01
 -1      1495 1.19553E+00 4.50000E+01 1.85777E-01
 -1      1496 1.23131E+00 4.50000E+01 1.67887E-01
 -1      1501 1.20478E+00 4.74989E+01 7.03450E-02
 -1      1502 1.16885E+00 4.74995E+01 8.79159E-02
 -1      1503 1.19522E+00 4.75011E+01 1.41787E-01
 -1      1504 1.23115E+00 4.75005E+01 1.24216E-01
 -1      1509-1.19522E+00 4.24989E+01 1.85821E+00
 -1      1510-1.23115E+00 4.24995E+01 1.87578E+00
 -1      1511-1.20478E+00 4.25011E+01 1.92966E+00
 -1      1512-1.16885E+00 4.25005E+01 1.91208E+00
 -1      1517-1.19553E+00 4.50000E+01 1.81422E+00
 -1      1518-1.23131E+00 4.50000E+01 1.83211E+00
 -1      1519-1.20447E+00 4.50000E+01 1.88578E+00
 -1      1520-1.16869E+00 4.50000E+01 1.86789E+00
 -1      1525-1.19586E+00 4.75011E+01 1.85813E+00
 -1      1526-1.23147E+00 4.75005E+01 1.87635E+00
 -1      1527-1.20414E+00 4.74989E+01 1.92974E+00
 -1      1528-1.16853E+00 4.74995E+01 1.91152E+00
 -1      1533 1.20414E+00 4.25011E+01 2.07026E+00
 -1      1534 1.16853E+00 4.25005E+01 2.08848E+00
 -1      1535 1.19586E+00 4.24989E+01 2.14187E+00
 -1      1536 1.23147E+00 4.24995E+01 2.12365E+00
 -1      1541 1.20447E+00 4.50000E+01 2.11422E+00
 -1      1542 1.16869E+00 4.50000E+01 2.13211E+00
 -1      1543 1.19553E+00 4.50000E+01 2.18578E+00
 -1      1544 1.23131E+00 4.50000E+01 2.16789E+00
 -1      1549 1.20478E+00 4.74989E+01 2.07034E+00
 -1      1550 1.16885E+00 4.74995E+01 2.08792E+00
 -1      1551 1.19522E+00 4.75011E+01 2.14179E+00
 -1      1552 1.23115E+00 4.75005E+01 2.12422E+00
 -1      1557-6.01023E-01-5.95507E-02-1.16832E-02
 -1      1558-6.00070E-01-2.77896E-02-3.59798E-02
 -1      1559-5.98977E-01 8.63897E-03 1.16832E-02
 -1      1560-5.99930E-01-2.31221E-02 3.59798E-02
 -1      1565 0.00000E+00-6.99997E-02-1.20008E-02
 -1      1566 0.00000E+00-3.79991E-02-3.60000E-02
 -1      1567 0.00000E+00-2.00028E-03 1.20008E-02
 -1      1568 0.00000E+00-3.40009E-02 3.60000E-02
 -1      1573 6.01016E-01-5.93202E-02-1.23359E-02
 -1      1574 6.00049E-01-2.70988E-02-3.60180E-02
 -1      1575 5.98984E-01 8.40852E-03 1.23359E-02
 -1      1576 5.99951E-01-2.38129E-02 3.60180E-02
 -1      1581-5.98984E-01-8.40852E-03 1.98766E+00
 -1      1582-5.99951E-01 2.38129E-02 1.96398E+00
 -1      1583-6.01016E-01 5.93202E-02 2.01234E+00
 -1      1584-6.00049E-01 2.70988E-02 2.03602E+00
 -1      1589 0.00000E+00 2.00028E-03 1.98800E+00
 -1      1590 0.00000E+00 3.40009E-02 1.96400E+00
 -1      1591 0.00000E+00 6.99997E-02 2.01200E+00
 -1      1592 0.00000E+00 3.79991E-02 2.03600E+00
 -1      1597 5.98977E-01-8.63897E-03 1.98832E+00
 -1      1598 5.99930E-01 2.31221E-02 1.96402E+00
 -1      1599 6.01023E-01 5.95507E-02 2.01168E+00
 -1      1600 6.00070E-01 2.77896E-02 2.03598E+00
 -1      1605-1.23354E+00 7.99623E-03 5.00396E-01
 -1      1606-1.20070E+00-1.48194E-02 5.01081E-01
 -1      1607-1.16646E+00 3.44302E-02 4.99604E-01
 -1      1608-1.19930E+00 5.72458E-02 4.98919E-01
 -1      1613-1.23328E+00 1.61383E-02 1.00000E+00
 -1      1614-1.20001E+00-6.05551E-03 1.00000E+00
 -1      1615-1.16672E+00 4.38617E-02 1.00000E+00
 -1      1616-1.19999E+00 6.60555E-02 1.00000E+00
 -1      1621-1.23303E+00 6.76606E-03 1.49957E+00
 -1      1622-1.19936E+00-1.48205E-02 1.49892E+00
 -1      1623-1.16697E+00 3.56603E-02 1.50043E+00
 -1      1624-1.20064E+00 5.72469E-02 1.50108E+00
 -1      1629 1.16697E+00-3.56603E-02 4.99567E-01
 -1      1630 1.20064E+00-5.72469E-02 4.98919E-01
 -1      1631 1.23303E+00-6.76606E-03 5.00433E-01
 -1      1632 1.19936E+00 1.48205E-02 5.01081E-01
 -1      1637 1.16672E+00-4.38617E-02 1.00000E+00
 -1      1638 1.19999E+00-6.60555E-02 1.00000E+00
 -1      1639 1.23328E+00-1.61383E-02 1.00000E+00
 -1      1640 1.20001E+00 6.05551E-03 1.00000E+00
 -1      1645 1.16646E+00-3.44302E-02 1.50040E+00
 -1      1646 1.19930E+00-5.72458E-02 1.50108E+00
 -1      1647 1.23354E+00-7.99623E-03 1.49960E+00
 -1      1648 1.20070E+00 1.48194E-02 1.49892E+00
 -1      1653 0.00000E+00 1.99300E+01-1.20023E-02
 -1      1654 0.00000E+00 1.99620E+01-3.60001E-02
 -1      1655 0.00000E+00 1.99980E+01 1.20023E-02
 -1      1656 0.00000E+00 1.99660E+01 3.60001E-02
 -1      1661 0.00000E+00 2.00020E+01 1.98800E+00
 -1      1662 0.00000E+00 2.00340E+01 1.96400E+00
 -1      1663 0.00000E+00 2.00700E+01 2.01200E+00
 -1      1664 0.00000E+00 2.00380E+01 2.03600E+00
 -1      1669-1.23329E+00 2.00161E+01 1.00000E+00
 -1      1670-1.20002E+00 1.99939E+01 1.00000E+00
 -1      1671-1.16671E+00 2.00438E+01 1.00000E+00
 -1      1672-1.19998E+00 2.00661E+01 1.00000E+00
 -1      1677 1.16671E+00 1.99562E+01 1.00000E+00
 -1      1678 1.19998E+00 1.99339E+01 1.00000E+00
 -1      1679 1.23329E+00 1.99839E+01 1.00000E+00
 -1      1680 1.20002E+00 2.00061E+01 1.00000E+00
 -1      1685-6.01023E-01 3.99404E+01-1.16832E-02
 -1      1686-6.00070E-01 3.99722E+01-3.59798E-02
 -1      1687-5.98977E-01 4.00086E+01 1.16832E-02
 -1      1688-5.99930E-01 3.99769E+01 3.59798E-02
 -1      1693 0.00000E+00 3.99300E+01-1.20008E-02
 -1      1694 0.00000E+00 3.99620E+01-3.60000E-02
 -1      1695 0.00000E+00 3.99980E+01 1.20008E-02
 -1      1696 0.00000E+00 3.99660E+01 3.60000E-02
 -1      1701 6.01016E-01 3.99407E+01-1.23359E-02
 -1      1702 6.00049E-01 3.99729E+01-3.60180E-02
 -1      1703 5.98984E-01 4.00084E+01 1.23359E-02
 -1      1704 5.99951E-01 3.99762E+01 3.60180E-02
 -1      1709-5.98984E-01 3.99916E+01 1.98766E+00
 -1      1710-5.99951E-01 4.00238E+01 1.96398E+00
 -1      1711-6.01016E-01 4.00593E+01 2.01234E+00
 -1      1712-6.00049E-01 4.00271E+01 2.03602E+00
 -1      1717 0.00000E+00 4.00020E+01 1.98800E+00
 -1      1718 0.00000E+00 4.00340E+01 1.96400E+00
 -1      1719 0.00000E+00 4.00700E+01 2.01200E+00
 -1      1720 0.00000E+00 4.00380E+01 2.03600E+00
 -1      1725 5.98977E-01 3.99914E+01 1.98832E+00
 -1      1726 5.99930E-01 4.00231E+01 1.96402E+00
 -1      1727 6.01023E-01 4.00596E+01 2.01168E+00
 -1      1728 6.00070E-01 4.00278E+01 2.03598E+00
 -1      1733-1.23354E+00 4.00080E+01 5.00396E-01
 -1      1734-1.20070E+00 3.99852E+01 5.01081E-01
 -1      1735-1.16646E+00 4.00344E+01 4.99604E-01
 -1      1736-1.19930E+00 4.00572E+01 4.98919E-01
 -1      1741-1.23328E+00 4.00161E+01 1.00000E+00
 -1      1742-1.20001E+00 3.99939E+01 1.00000E+00
 -1      1743-1.16672E+00 4.00439E+01 1.00000E+00
 -1      1744-1.19999E+00 4.00661E+01 1.00000E+00
 -1      1749-1.23303E+00 4.00068E+01 1.49957E+00
 -1      1750-1.19936E+00 3.99852E+01 1.49892E+00
 -1      1751-1.16697E+00 4.00357E+01 1.50043E+00
 -1      1752-1.20064E+00 4.00572E+01 1.50108E+00
 -1      1757 1.16697E+00 3.99643E+01 4.99567E-01
 -1      1758 1.20064E+00 3.99428E+01 4.98919E-01
 -1      1759 1.23303E+00 3.99932E+01 5.00433E-01
 -1      1760 1.19936E+00 4.00148E+01 5.01081E-01
 -1      1765 1.16672E+00 3.99561E+01 1.00000E+00
 -1      1766 1.19999E+00 3.99339E+01 1.00000E+00
 -1      1767 1.23328E+00 3.99839E+01 1.00000E+00
 -1      1768 1.20001E+00 4.00061E+01 1.00000E+00
 -1      1773 1.16646E+00 3.99656E+01 1.50040E+00
 -1      1774 1.19930E+00 3.99428E+01 1.50108E+00
 -1      1775 1.23354E+00 3.99920E+01 1.49960E+00
 -1      1776 1.20070E+00 4.00148E+01 1.49892E+00
 -1      1781-6.01023E-01 4.99404E+01-1.16832E-02
 -1      1782-6.00070E-01 4.99722E+01-3.59798E-02
 -1      1783-5.98977E-01 5.00086E+01 1.16832E-02
 -1      1784-5.99930E-01 4.99769E+01 3.59798E-02
 -1      1789 0.00000E+00 4.99300E+01-1.20008E-02
 -1      1790 0.00000E+00 4.99620E+01-3.60000E-02
 -1      1791 0.00000E+00 4.99980E+01 1.20008E-02
 -1      1792 0.00000E+00 4.99660E+01 3.60000E-02
 -1      1797 6.01016E-01 4.99407E+01-1.23359E-02
 -1      1798 6.00049E-01 4.99729E+01-3.60180E-02
 -1      1799 5.98984E-01 5.00084E+01 1.23359E-02
 -1      1800 5.99951E-01 4.99762E+01 3.60180E-02
 -1      1805-5.98984E-01 4.99916E+01 1.98766E+00
 -1      1806-5.99951E-01 5.00238E+01 1.96398E+00
 -1      1807-6.01016E-01 5.00593E+01 2.01234E+00
 -1      1808-6.00049E-01 5.00271E+01 2.03602E+00
 -1      1813 0.00000E+00 5.00020E+01 1.98800E+00
 -1      1814 0.00000E+00 5.00340E+01 1.96400E+00
 -1      1815 0.00000E+00 5.00700E+01 2.01200E+00
 -1      1816 0.00000E+00 5.00380E+01 2.03600E+00
 -1      1821 5.98977E-01 4.99914E+01 1.98832E+00
 -1      1822 5.99930E-01 5.00231E+01 1.96402E+00
 -1      1823 6.01023E-01 5.00596E+01 2.01168E+00
 -1      1824 6.00070E-01 5.00278E+01 2.03598E+00
 -1      1829-1.23354E+00 5.00080E+01 5.00396E-01
 -1      1830-1.20070E+00 4.99852E+01 5.01081E-01
 -1      1831-1.16646E+00 5.00344E+01 4.99604E-01
 -1      1832-1.19930E+00 5.00572E+01 4.98919E-01
 -1      1837-1.23328E+00 5.00161E+01 1.00000E+00
 -1      1838-1.20001E+00 4.99939E+01 1.00000E+00
 -1      1839-1.16672E+00 5.00439E+01 1.00000E+00
 -1      1840-1.19999E+00 5.00661E+01 1.00000E+00
 -1      1845-1.23303E+00 5.00068E+01 1.49957E+00
 -1      1846-1.19936E+00 4.99852E+01 1.49892E+00
 -1      1847-1.16697E+00 5.00357E+01 1.50043E+00
 -1      1848-1.20064E+00 5.00572E+01 1.50108E+00
 -1      1853 1.16697E+00 4.99643E+01 4.99567E-01
 -1      1854 1.20064E+00 4.99428E+01 4.98919E-01
 -1      1855 1.23303E+00 4.99932E+01 5.00433E-01
 -1      1856 1.19936E+00 5.00148E+01 5.01081E-01
 -1      1861 1.16672E+00 4.99561E+01 1.00000E+00
 -1      1862 1.19999E+00 4.99339E+01 1.00000E+00
 -1      1863 1.23328E+00 4.99839E+01 1.00000E+00
 -1      1864 1.20001E+00 5.00061E+01 1.00000E+00
 -1      1869 1.16646E+00 4.99656E+01 1.50040E+00
 -1      1870 1.19930E+00 4.99428E+01 1.50108E+00
 -1      1871 1.23354E+00 4.99920E+01 1.49960E+00
 -1      1872 1.20070E+00 5.00148E+01 1.49892E+00
 -1      1877-1.19830E+00 5.03706E+00 8.14684E-01
 -1      1878-1.23259E+00 5.03303E+00 8.34874E-01
 -1      1879-1.20170E+00 5.02294E+00 8.85316E-01
 -1      1880-1.16741E+00 5.02697E+00 8.65126E-01
 -1      1885-1.19388E+00 5.02303E+00 1.11516E+00
 -1      1886-1.23044E+00 5.02621E+00 1.13106E+00
 -1      1887-1.20612E+00 5.03697E+00 1.18484E+00
 -1      1888-1.16956E+00 5.03379E+00 1.16894E+00
 -1      1893 1.20170E+00 5.03706E+00 8.14684E-01
 -1      1894 1.16741E+00 5.03303E+00 8.34874E-01
 -1      1895 1.19830E+00 5.02294E+00 8.85316E-01
 -1      1896 1.23259E+00 5.02697E+00 8.65126E-01
 -1      1901 1.20612E+00 5.02303E+00 1.11516E+00
 -1      1902 1.16956E+00 5.02621E+00 1.13106E+00
 -1      1903 1.19388E+00 5.03697E+00 1.18484E+00
 -1      1904 1.23044E+00 5.03379E+00 1.16894E+00
 -1      1909 1.59908E-01 4.96162E+00-3.45858E-02
 -1      1910 1.22767E-01 4.97054E+00-2.27077E-02
 -1      1911 1.40092E-01 4.96638E+00 3.45858E-02
 -1      1912 1.77233E-01 4.95746E+00 2.27077E-02
 -1      1917-1.49864E-01 4.96403E+00-3.60552E-02
 -1      1918-1.82310E-01 4.95625E+00-1.39967E-02
 -1      1919-1.50136E-01 4.96397E+00 3.60552E-02
 -1      1920-1.17690E-01 4.97175E+00 1.39967E-02
 -1      1925 1.59908E-01 4.96162E+00 1.96541E+00
 -1      1926 1.22767E-01 4.97054E+00 1.97729E+00
 -1      1927 1.40092E-01 4.96638E+00 2.03459E+00
 -1      1928 1.77233E-01 4.95746E+00 2.02271E+00
 -1      1933-1.49864E-01 4.96403E+00 1.96394E+00
 -1      1934-1.82310E-01 4.95625E+00 1.98600E+00
 -1      1935-1.50136E-01 4.96397E+00 2.03606E+00
 -1      1936-1.17690E-01 4.97175E+00 2.01400E+00
 -1      1941-1.19830E+00 1.50371E+01 8.14684E-01
 -1      1942-1.23259E+00 1.50330E+01 8.34874E-01
 -1      1943-1.20170E+00 1.50229E+01 8.85316E-01
 -1      1944-1.16741E+00 1.50270E+01 8.65126E-01
 -1      1949-1.19388E+00 1.50230E+01 1.11516E+00
 -1      1950-1.23044E+00 1.50262E+01 1.13106E+00
 -1      1951-1.20612E+00 1.50370E+01 1.18484E+00
 -1      1952-1.16956E+00 1.50338E+01 1.16894E+00
 -1      1957 1.20170E+00 1.50371E+01 8.14684E-01
 -1      1958 1.16741E+00 1.50330E+01 8.34874E-01
 -1      1959 1.19830E+00 1.50229E+01 8.85316E-01
 -1      1960 1.23259E+00 1.50270E+01 8.65126E-01
 -1      1965 1.20612E+00 1.50230E+01 1.11516E+00
 -1      1966 1.16956E+00 1.50262E+01 1.13106E+00
 -1      1967 1.19388E+00 1.50370E+01 1.18484E+00
 -1      1968 1.23044E+00 1.50338E+01 1.16894E+00
 -1      1973 1.59908E-01 1.49616E+01-3.45858E-02
 -1      1974 1.22767E-01 1.49705E+01-2.27077E-02
 -1      1975 1.40092E-01 1.49664E+01 3.45858E-02
 -1      1976 1.77233E-01 1.49575E+01 2.27077E-02
 -1      1981-1.49864E-01 1.49640E+01-3.60552E-02
 -1      1982-1.82310E-01 1.49562E+01-1.39967E-02
 -1      1983-1.50136E-01 1.49640E+01 3.60552E-02
 -1      1984-1.17690E-01 1.49718E+01 1.39967E-02
 -1      1989 1.59908E-01 1.49616E+01 1.96541E+00
 -1      1990 1.22767E-01 1.49705E+01 1.97729E+00
 -1      1991 1.40092E-01 1.49664E+01 2.03459E+00
 -1      1992 1.77233E-01 1.49575E+01 2.02271E+00
 -1      1997-1.49864E-01 1.49640E+01 1.96394E+00
 -1      1998-1.82310E-01 1.49562E+01 1.98600E+00
 -1      1999-1.50136E-01 1.49640E+01 2.03606E+00
 -1      2000-1.17690E-01 1.49718E+01 2.01400E+00
 -1      2005-1.19777E+00 4.25272E+01 3.58451E-01
 -1      2006-1.23236E+00 4.25239E+01 3.78258E-01
 -1      2007-1.20223E+00 4.25152E+01 4.29417E-01
 -1      2008-1.16764E+00 4.25186E+01 4.09610E-01
 -1      2013-1.19829E+00 4.50371E+01 8.14685E-01
 -1      2014-1.23259E+00 4.50330E+01 8.34866E-01
 -1      2015-1.20171E+00 4.50229E+01 8.85315E-01
 -1      2016-1.16741E+00 4.50270E+01 8.65134E-01
 -1      2021-1.19884E+00 4.75293E+01 1.35882E+00
 -1      2022-1.23282E+00 4.75246E+01 1.37939E+00
 -1      2023-1.20116E+00 4.75131E+01 1.42904E+00
 -1      2024-1.16718E+00 4.75178E+01 1.40848E+00
 -1      2029-1.19407E+00 4.25153E+01 1.57100E+00
 -1      2030-1.23055E+00 4.25180E+01 1.58719E+00
 -1      2031-1.20593E+00 4.25271E+01 1.64113E+00
 -1      2032-1.16945E+00 4.25244E+01 1.62495E+00
 -1      2037-1.19388E+00 4.50230E+01 1.11516E+00
 -1      2038-1.23044E+00 4.50262E+01 1.13106E+00
 -1      2039-1.20612E+00 4.50370E+01 1.18484E+00
 -1      2040-1.16956E+00 4.50338E+01 1.16894E+00
 -1      2045-1.19370E+00 4.75132E+01 5.71480E-01
 -1      2046-1.23034E+00 4.75168E+01 5.87095E-01
 -1      2047-1.20630E+00 4.75292E+01 6.40652E-01
 -1      2048-1.16966E+00 4.75256E+01 6.25037E-01
 -1      2053 1.20223E+00 4.25272E+01 3.58451E-01
 -1      2054 1.16764E+00 4.25239E+01 3.78258E-01
 -1      2055 1.19777E+00 4.25152E+01 4.29417E-01
 -1      2056 1.23236E+00 4.25186E+01 4.09610E-01
 -1      2061 1.20171E+00 4.50371E+01 8.14685E-01
 -1      2062 1.16741E+00 4.50330E+01 8.34866E-01
 -1      2063 1.19829E+00 4.50229E+01 8.85315E-01
 -1      2064 1.23259E+00 4.50270E+01 8.65134E-01
 -1      2069 1.20116E+00 4.75293E+01 1.35882E+00
 -1      2070 1.16718E+00 4.75246E+01 1.37939E+00
 -1      2071 1.19884E+00 4.75131E+01 1.42904E+00
 -1      2072 1.23282E+00 4.75178E+01 1.40848E+00
 -1      2077 1.20593E+00 4.25153E+01 1.57100E+00
 -1      2078 1.16945E+00 4.25180E+01 1.58719E+00
 -1      2079 1.19407E+00 4.25271E+01 1.64113E+00
 -1      2080 1.23055E+00 4.25244E+01 1.62495E+00
 -1      2085 1.20612E+00 4.50230E+01 1.11516E+00
 -1      2086 1.16956E+00 4.50262E+01 1.13106E+00
 -1      2087 1.19388E+00 4.50370E+01 1.18484E+00
 -1      2088 1.23044E+00 4.50338E+01 1.16894E+00
 -1      2093 1.20630E+00 4.75132E+01 5.71480E-01
 -1      2094 1.16966E+00 4.75168E+01 5.87095E-01
 -1      2095 1.19370E+00 4.75292E+01 6.40652E-01
 -1      2096 1.23034E+00 4.75256E+01 6.25037E-01
 -1      2101-4.83328E-01 4.24717E+01-3.43393E-02
 -1      2102-5.20442E-01 4.24818E+01-2.33534E-02
 -1      2103-5.04540E-01 4.24774E+01 3.43393E-02
 -1      2104-4.67426E-01 4.24673E+01 2.33534E-02
 -1      2109 1.59904E-01 4.49616E+01-3.45869E-02
 -1      2110 1.22764E-01 4.49705E+01-2.27046E-02
 -1      2111 1.40096E-01 4.49664E+01 3.45869E-02
 -1      2112 1.77236E-01 4.49575E+01 2.27046E-02
 -1      2117 7.15261E-01 4.74726E+01-3.48107E-02
 -1      2118 6.78146E-01 4.74804E+01-2.20585E-02
 -1      2119 6.96871E-01 4.74765E+01 3.48107E-02
 -1      2120 7.33986E-01 4.74687E+01 2.20585E-02
 -1      2125 4.93632E-01 4.24745E+01-3.60542E-02
 -1      2126 4.61704E-01 4.24658E+01-1.35783E-02
 -1      2127 4.94236E-01 4.24746E+01 3.60542E-02
 -1      2128 5.26164E-01 4.24833E+01 1.35783E-02
 -1      2133-1.49866E-01 4.49640E+01-3.60553E-02
 -1      2134-1.82311E-01 4.49562E+01-1.39944E-02
 -1      2135-1.50134E-01 4.49640E+01 3.60553E-02
 -1      2136-1.17689E-01 4.49718E+01 1.39944E-02
 -1      2141-7.05470E-01 4.74747E+01-3.60504E-02
 -1      2142-7.38413E-01 4.74678E+01-1.44278E-02
 -1      2143-7.06662E-01 4.74744E+01 3.60504E-02
 -1      2144-6.73719E-01 4.74813E+01 1.44278E-02
 -1      2149-4.83328E-01 4.24717E+01 1.96566E+00
 -1      2150-5.20442E-01 4.24818E+01 1.97665E+00
 -1      2151-5.04540E-01 4.24774E+01 2.03434E+00
 -1      2152-4.67426E-01 4.24673E+01 2.02335E+00
 -1      2157 1.59904E-01 4.49616E+01 1.96541E+00
 -1      2158 1.22764E-01 4.49705E+01 1.97730E+00
 -1      2159 1.40096E-01 4.49664E+01 2.03459E+00
 -1      2160 1.77236E-01 4.49575E+01 2.02270E+00
 -1      2165 7.15261E-01 4.74726E+01 1.96519E+00
 -1      2166 6.78146E-01 4.74804E+01 1.97794E+00
 -1      2167 6.96871E-01 4.74765E+01 2.03481E+00
 -1      2168 7.33986E-01 4.74687E+01 2.02206E+00
 -1      2173 4.93632E-01 4.24745E+01 1.96395E+00
 -1      2174 4.61704E-01 4.24658E+01 1.98642E+00
 -1      2175 4.94236E-01 4.24746E+01 2.03605E+00
 -1      2176 5.26164E-01 4.24833E+01 2.01358E+00
 -1      2181-1.49866E-01 4.49640E+01 1.96394E+00
 -1      2182-1.82311E-01 4.49562E+01 1.98601E+00
 -1      2183-1.50134E-01 4.49640E+01 2.03606E+00
 -1      2184-1.17689E-01 4.49718E+01 2.01399E+00
 -1      2189-7.05470E-01 4.74747E+01 1.96395E+00
 -1      2190-7.38413E-01 4.74678E+01 1.98557E+00
 -1      2191-7.06662E-01 4.74744E+01 2.03605E+00
 -1      2192-6.73719E-01 4.74813E+01 2.01443E+00
 -3
    3C                           192                                     1
 -1         1    1    0    1
 -2       133       333       334       134       136       336       335       135
 -1         2    1    0    1
 -2       183       383       384       184       186       386       385       185
 -1         3    1    0    1
 -2       233       433       434       234       236       436       435       235
 -1         4    1    0    1
 -2       283       483       484       284       286       486       485       285
 -1         5    1    0    1
 -2       333       533       534       334       336       536       535       335
 -1         6    1    0    1
 -2       383       583       584       384       386       586       585       385
 -1         7    1    0    1
 -2       433       633       634       434       436       636       635       435
 -1         8    1    0    1
 -2       483       683       684       484       486       686       685       485
 -1         9    1    0    1
 -2       533      1333      1334       534       536      1336      1335       535
 -1        10    1    0    1
 -2      1333       733       734      1334      1336       736       735      1335
 -1        11    1    0    1
 -2       583      1341      1342       584       586      1344      1343       585
 -1        12    1    0    1
 -2      1341       783       784      1342      1344       786       785      1343
 -1        13    1    0    1
 -2       633      1349      1350       634       636      1352      1351       635
 -1        14    1    0    1
 -2      1349       833       834      1350      1352       836       835      1351
 -1        15    1    0    1
 -2       683      1357      1358       684       686      1360      1359       685
 -1        16    1    0    1
 -2      1357       883       884      1358      1360       886       885      1359
 -1        17    1    0    1
 -2       733      1365      1366       734       736      1368      1367       735
 -1        18    1    0    1
 -2      1365      1373      1374      1366      1368      1376      1375      1367
 -1        19    1    0    1
 -2      1373      1381      1382      1374      1376      1384      1383      1375
 -1        20    1    0    1
 -2      1381       933       934      1382      1384       936       935      1383
 -1        21    1    0    1
 -2       783      1389      1390       784       786      1392      1391       785
 -1        22    1    0    1
 -2      1389      1397      1398      1390      1392      1400      1399      1391
 -1        23    1    0    1
 -2      1397      1405      1406      1398      1400      1408      1407      1399
 -1        24    1    0    1
 -2      1405       983       984      1406      1408       986       985      1407
 -1        25    1    0    1
 -2       833      1413      1414       834       836      1416      1415       835
 -1        26    1    0    1
 -2      1413      1421      1422      1414      1416      1424      1423      1415
 -1        27    1    0    1
 -2      1421      1429      1430      1422      1424      1432      1431      1423
 -1        28    1    0    1
 -2      1429      1033      1034      1430      1432      1036      1035      1431
 -1        29    1    0    1
 -2       883      1437      1438       884       886      1440      1439       885
 -1        30    1    0    1
 -2      1437      1445      1446      1438      1440      1448      1447      1439
 -1        31    1    0    1
 -2      1445      1453      1454      1446      1448      1456      1455      1447
 -1        32    1    0    1
 -2      1453      1083      1084      1454      1456      1086      1085      1455
 -1        33    1    0    1
 -2       933      1461      1462       934       936      1464      1463       935
 -1        34    1    0    1
 -2      1461      1469      1470      1462      1464      1472      1471      1463
 -1        35    1    0    1
 -2      1469      1477      1478      1470      1472      1480      1479      1471
 -1        36    1    0    1
 -2      1477      1133      1134      1478      1480      1136      1135      1479
 -1        37    1    0    1
 -2       983      1485      1486       984       986      1488      1487       985
 -1        38    1    0    1
 -2      1485      1493      1494      1486      1488      1496      1495      1487
 -1        39    1    0    1
 -2      1493      1501      1502      1494      1496      1504      1503      1495
 -1        40    1    0    1
 -2      1501      1183      1184      1502      1504      1186      1185      1503
 -1        41    1    0    1
 -2      1033      1509      1510      1034      1036      1512      1511      1035
 -1        42    1    0    1
 -2      1509      1517      1518      1510      1512      1520      1519      1511
 -1        43    1    0    1
 -2      1517      1525      1526      1518      1520      1528      1527      1519
 -1        44    1    0    1
 -2      1525      1233      1234      1526      1528      1236      1235      1527
 -1        45    1    0    1
 -2      1083      1533      1534      1084      1086      1536      1535      1085
 -1        46    1    0    1
 -2      1533      1541      1542      1534      1536      1544      1543      1535
 -1        47    1    0    1
 -2      1541      1549      1550      1542      1544      1552      1551      1543
 -1        48    1    0    1
 -2      1549      1283      1284      1550      1552      1286      1285      1551
 -1        49    1    0    1
 -2       141      1557      1558       142       144      1560      1559       143
 -1        50    1    0    1
 -2      1557      1565      1566      1558      1560      1568      1567      1559
 -1        51    1    0    1
 -2      1565      1573      1574      1566      1568      1576      1575      1567
 -1        52    1    0    1
 -2      1573       191       192      1574      1576       194       193      1575
 -1        53    1    0    1
 -2       241      1581      1582       242       244      1584      1583       243
 -1        54    1    0    1
 -2      1581      1589      1590      1582      1584      1592      1591      1583
 -1        55    1    0    1
 -2      1589      1597      1598      1590      1592      1600      1599      1591
 -1        56    1    0    1
 -2      1597       291       292      1598      1600       294       293      1599
 -1        57    1    0    1
 -2       149      1605      1606       150       152      1608      1607       151
 -1        58    1    0    1
 -2      1605      1613      1614      1606      1608      1616      1615      1607
 -1        59    1    0    1
 -2      1613      1621      1622      1614      1616      1624      1623      1615
 -1        60    1    0    1
 -2      1621       249       250      1622      1624       252       251      1623
 -1        61    1    0    1
 -2       199      1629      1630       200       202      1632      1631       201
 -1        62    1    0    1
 -2      1629      1637      1638      1630      1632      1640      1639      1631
 -1        63    1    0    1
 -2      1637      1645      1646      1638      1640      1648      1647      1639
 -1        64    1    0    1
 -2      1645       299       300      1646      1648       302       301      1647
 -1        65    1    0    1
 -2       341       391       392       342       344       394       393       343
 -1        66    1    0    1
 -2       441       491       492       442       444       494       493       443
 -1        67    1    0    1
 -2       349       449       450       350       352       452       451       351
 -1        68    1    0    1
 -2       399       499       500       400       402       502       501       401
 -1        69    1    0    1
 -2       541      1653      1654       542       544      1656      1655       543
 -1        70    1    0    1
 -2      1653       591       592      1654      1656       594       593      1655
 -1        71    1    0    1
 -2       641      1661      1662       642       644      1664      1663       643
 -1        72    1    0    1
 -2      1661       691       692      1662      1664       694       693      1663
 -1        73    1    0    1
 -2       549      1669      1670       550       552      1672      1671       551
 -1        74    1    0    1
 -2      1669       649       650      1670      1672       652       651      1671
 -1        75    1    0    1
 -2       599      1677      1678       600       602      1680      1679       601
 -1        76    1    0    1
 -2      1677       699       700      1678      1680       702       701      1679
 -1        77    1    0    1
 -2       741       791       792       742       744       794       793       743
 -1        78    1    0    1
 -2       841       891       892       842       844       894       893       843
 -1        79    1    0    1
 -2       749       849       850       750       752       852       851       751
 -1        80    1    0    1
 -2       799       899       900       800       802       902       901       801
 -1        81    1    0    1
 -2       941      1685      1686       942       944      1688      1687       943
 -1        82    1    0    1
 -2      1685      1693      1694      1686      1688      1696      1695      1687
 -1        83    1    0    1
 -2      1693      1701      1702      1694      1696      1704      1703      1695
 -1        84    1    0    1
 -2      1701       991       992      1702      1704       994       993      1703
 -1        85    1    0    1
 -2      1041      1709      1710      1042      1044      1712      1711      1043
 -1        86    1    0    1
 -2      1709      1717      1718      1710      1712      1720      1719      1711
 -1        87    1    0    1
 -2      1717      1725      1726      1718      1720      1728      1727      1719
 -1        88    1    0    1
 -2      1725      1091      1092      1726      1728      1094      1093      1727
 -1        89    1    0    1
 -2       949      1733      1734       950       952      1736      1735       951
 -1        90    1    0    1
 -2      1733      1741      1742      1734      1736      1744      1743      1735
 -1        91    1    0    1
 -2      1741      1749      1750      1742      1744      1752      1751      1743
 -1        92    1    0    1
 -2      1749      1049      1050      1750      1752      1052      1051      1751
 -1        93    1    0    1
 -2       999      1757      1758      1000      1002      1760      1759      1001
 -1        94    1    0    1
 -2      1757      1765      1766      1758      1760      1768      1767      1759
 -1        95    1    0    1
 -2      1765      1773      1774      1766      1768      1776      1775      1767
 -1        96    1    0    1
 -2      1773      1099      1100      1774      1776      1102      1101      1775
 -1        97    1    0    1
 -2      1141      1781      1782      1142      1144      1784      1783      1143
 -1        98    1    0    1
 -2      1781      1789      1790      1782      1784      1792      1791      1783
 -1        99    1    0    1
 -2      1789      1797      1798      1790      1792      1800      1799      1791
 -1       100    1    0    1
 -2      1797      1191      1192      1798      1800      1194      1193      1799
 -1       101    1    0    1
 -2      1241      1805      1806      1242      1244      1808      1807      1243
 -1       102    1    0    1
 -2      1805      1813      1814      1806      1808      1816      1815      1807
 -1       103    1    0    1
 -2      1813      1821      1822      1814      1816      1824      1823      1815
 -1       104    1    0    1
 -2      1821      1291      1292      1822      1824      1294      1293      1823
 -1       105    1    0    1
 -2      1149      1829      1830      1150      1152      1832      1831      1151
 -1       106    1    0    1
 -2      1829      1837      1838      1830      1832      1840      1839      1831
 -1       107    1    0    1
 -2      1837      1845      1846      1838      1840      1848      1847      1839
 -1       108    1    0    1
 -2      1845      1249      1250      1846      1848      1252      1251      1847
 -1       109    1    0    1
 -2      1199      1853      1854      1200      1202      1856      1855      1201
 -1       110    1    0    1
 -2      1853      1861      1862      1854      1856      1864      1863      1855
 -1       111    1    0    1
 -2      1861      1869      1870      1862      1864      1872      1871      1863
 -1       112    1    0    1
 -2      1869      1299      1300      1870      1872      1302      1301      1871
 -1       113    1    0    1
 -2       133      1877      1878       134       136      1880      1879       135
 -1       114    1    0    1
 -2      1877       433       434      1878      1880       436       435      1879
 -1       115    1    0    1
 -2       233      1885      1886       234       236      1888      1887       235
 -1       116    1    0    1
 -2      1885       333       334      1886      1888       336       335      1887
 -1       117    1    0    1
 -2       183      1893      1894       184       186      1896      1895       185
 -1       118    1    0    1
 -2      1893       483       484      1894      1896       486       485      1895
 -1       119    1    0    1
 -2       283      1901      1902       284       286      1904      1903       285
 -1       120    1    0    1
 -2      1901       383       384      1902      1904       386       385      1903
 -1       121    1    0    1
 -2       133      1909      1910       134       136      1912      1911       135
 -1       122    1    0    1
 -2      1909       383       384      1910      1912       386       385      1911
 -1       123    1    0    1
 -2       183      1917      1918       184       186      1920      1919       185
 -1       124    1    0    1
 -2      1917       333       334      1918      1920       336       335      1919
 -1       125    1    0    1
 -2       233      1925      1926       234       236      1928      1927       235
 -1       126    1    0    1
 -2      1925       483       484      1926      1928       486       485      1927
 -1       127    1    0    1
 -2       283      1933      1934       284       286      1936      1935       285
 -1       128    1    0    1
 -2      1933       433       434      1934      1936       436       435      1935
 -1       129    1    0    1
 -2       333      1941      1942       334       336      1944      1943       335
 -1       130    1    0    1
 -2      1941       633       634      1942      1944       636       635      1943
 -1       131    1    0    1
 -2       433      1949      1950       434       436      1952      1951       435
 -1       132    1    0    1
 -2      1949       533       534      1950      1952       536       535      1951
 -1       133    1    0    1
 -2       383      1957      1958       384       386      1960      1959       385
 -1       134    1    0    1
 -2      1957       683       684      1958      1960       686       685      1959
 -1       135    1    0    1
 -2       483      1965      1966       484       486      1968      1967       485
 -1       136    1    0    1
 -2      1965       583       584      1966      1968       586       585      1967
 -1       137    1    0    1
 -2       333      1973      1974       334       336      1976      1975       335
 -1       138    1    0    1
 -2      1973       583       584      1974      1976       586       585      1975
 -1       139    1    0    1
 -2       383      1981      1982       384       386      1984      1983       385
 -1       140    1    0    1
 -2      1981       533       534      1982      1984       536       535      1983
 -1       141    1    0    1
 -2       433      1989      1990       434       436      1992      1991       435
 -1       142    1    0    1
 -2      1989       683       684      1990      1992       686       685      1991
 -1       143    1    0    1
 -2       483      1997      1998       484       486      2000      1999       485
 -1       144    1    0    1
 -2      1997       633       634      1998      2000       636       635      1999
 -1       145    1    0    1
 -2       533       833       834       534       536       836       835       535
 -1       146    1    0    1
 -2       633       733       734       634       636       736       735       635
 -1       147    1    0    1
 -2       583       883       884       584       586       886       885       585
 -1       148    1    0    1
 -2       683       783       784       684       686       786       785       685
 -1       149    1    0    1
 -2       533       783       784       534       536       786       785       535
 -1       150    1    0    1
 -2       583       733       734       584       586       736       735       585
 -1       151    1    0    1
 -2       633       883       884       634       636       886       885       635
 -1       152    1    0    1
 -2       683       833       834       684       686       836       835       685
 -1       153    1    0    1
 -2       733      1033      1034       734       736      1036      1035       735
 -1       154    1    0    1
 -2       833       933       934       834       836       936       935       835
 -1       155    1    0    1
 -2       783      1083      1084       784       786      1086      1085       785
 -1       156    1    0    1
 -2       883       983       984       884       886       986       985       885
 -1       157    1    0    1
 -2       733       983       984       734       736       986       985       735
 -1       158    1    0    1
 -2       783       933       934       784       786       936       935       785
 -1       159    1    0    1
 -2       833      1083      1084       834       836      1086      1085       835
 -1       160    1    0    1
 -2       883      1033      1034       884       886      1036      1035       885
 -1       161    1    0    1
 -2       933      2005      2006       934       936      2008      2007       935
 -1       162    1    0    1
 -2      2005      2013      2014      2006      2008      2016      2015      2007
 -1       163    1    0    1
 -2      2013      2021      2022      2014      2016      2024      2023      2015
 -1       164    1    0    1
 -2      2021      1233      1234      2022      2024      1236      1235      2023
 -1       165    1    0    1
 -2      1033      2029      2030      1034      1036      2032      2031      1035
 -1       166    1    0    1
 -2      2029      2037      2038      2030      2032      2040      2039      2031
 -1       167    1    0    1
 -2      2037      2045      2046      2038      2040      2048      2047      2039
 -1       168    1    0    1
 -2      2045      1133      1134      2046      2048      1136      1135      2047
 -1       169    1    0    1
 -2       983      2053      2054       984       986      2056      2055       985
 -1       170    1    0    1
 -2      2053      2061      2062      2054      2056      2064      2063      2055
 -1       171    1    0    1
 -2      2061      2069      2070      2062      2064      2072      2071      2063
 -1       172    1    0    1
 -2      2069      1283      1284      2070      2072      1286      1285      2071
 -1       173    1    0    1
 -2      1083      2077      2078      1084      1086      2080      2079      1085
 -1       174    1    0    1
 -2      2077      2085      2086      2078      2080      2088      2087      2079
 -1       175    1    0    1
 -2      2085      2093      2094      2086      2088      2096      2095      2087
 -1       176    1    0    1
 -2      2093      1183      1184      2094      2096      1186      1185      2095
 -1       177    1    0    1
 -2       933      2101      2102       934       936      2104      2103       935
 -1       178    1    0    1
 -2      2101      2109      2110      2102      2104      2112      2111      2103
 -1       179    1    0    1
 -2      2109      2117      2118      2110      2112      2120      2119      2111
 -1       180    1    0    1
 -2      2117      1183      1184      2118      2120      1186      1185      2119
 -1       181    1    0    1
 -2       983      2125      2126       984       986      2128      2127       985
 -1       182    1    0    1
 -2      2125      2133      2134      2126      2128      2136      2135      2127
 -1       183    1    0    1
 -2      2133      2141      2142      2134      2136      2144      2143      2135
 -1       184    1    0    1
 -2      2141      1133      1134      2142      2144      1136      1135      2143
 -1       185    1    0    1
 -2      1033      2149      2150      1034      1036      2152      2151      1035
 -1       186    1    0    1
 -2      2149      2157      2158      2150      2152      2160      2159      2151
 -1       187    1    0    1
 -2      2157      2165      2166      2158      2160      2168      2167      2159
 -1       188    1    0    1
 -2      2165      1283      1284      2166      2168      1286      1285      2167
 -1       189    1    0    1
 -2      1083      2173      2174      1084      1086      2176      2175      1085
 -1       190    1    0    1
 -2      2173      2181      2182      2174      2176      2184      2183      2175
 -1       191    1    0    1
 -2      2181      2189      2190      2182      2184      2192      2191      2183
 -1       192    1    0    1
 -2      2189      1233      1234      2190      2192      1236      1235      2191
 -3
    1PSTEP                         1           1           1          
  100CL  101 1.000000000           0                     0    1           1
 -4  DISP        4    1
 -5  D1          1    2    1    0
 -5  D2          1    2    2    0
 -5  D3          1    2    3    0
 -5  ALL         1    2    0    0    1ALL
 -3
 9999
