    1C
    1UNormalized cross-passage space-truss torsion benchmark            
    1UUSER                                                              
    1UDATE              05.august.2026                                  
    1UTIME              18:18:09                                        
    1UHOST                                                              
    1UPGM               CalculiX                                        
    1UVERSION           Version 2.21                             
    1UCOMPILETIME       Sat Jul 29 10:52:01 CEST 2023                    
    1UDIR                                                               
    1UDBN                                                               
    1UMAT    1STEEL                                                     
    2C                           624                                     1
 -1       109-1.19401E+00 1.47267E-03-3.55231E-02
 -1       110-1.23038E+00 3.77713E-03-1.90457E-02
 -1       111-1.20599E+00-1.47267E-03 3.55231E-02
 -1       112-1.16962E+00-3.77713E-03 1.90457E-02
 -1       117-1.20102E+00-3.40950E-02-1.16828E-02
 -1       118-1.20007E+00-2.33416E-03-3.59798E-02
 -1       119-1.19898E+00 3.40950E-02 1.16828E-02
 -1       120-1.19993E+00 2.33416E-03 3.59798E-02
 -1       125-1.23354E+00-1.32202E-02 3.96605E-04
 -1       126-1.20069E+00-3.60327E-02 1.08098E-03
 -1       127-1.16646E+00 1.32202E-02-3.96605E-04
 -1       128-1.19931E+00 3.60327E-02-1.08098E-03
 -1       159 1.20193E+00 2.20034E-03-3.59368E-02
 -1       160 1.16764E+00-1.98767E-03-1.57688E-02
 -1       161 1.19807E+00-2.20034E-03 3.59368E-02
 -1       162 1.23236E+00 1.98767E-03 1.57688E-02
 -1       167 1.20102E+00-3.38645E-02-1.23355E-02
 -1       168 1.20005E+00-1.64335E-03-3.60180E-02
 -1       169 1.19898E+00 3.38645E-02 1.23355E-02
 -1       170 1.19995E+00 1.64335E-03 3.60180E-02
 -1       175 1.16697E+00-1.44498E-02-4.33494E-04
 -1       176 1.20064E+00-3.60336E-02-1.08101E-03
 -1       177 1.23303E+00 1.44498E-02 4.33494E-04
 -1       178 1.19936E+00 3.60336E-02 1.08101E-03
 -1       209-1.19309E+00-2.60726E-03 1.96471E+00
 -1       210-1.22987E+00 1.51998E-03 1.97987E+00
 -1       211-1.20691E+00 2.60726E-03 2.03529E+00
 -1       212-1.17013E+00-1.51998E-03 2.02013E+00
 -1       217-1.19898E+00-3.38645E-02 1.98766E+00
 -1       218-1.19995E+00-1.64335E-03 1.96398E+00
 -1       219-1.20102E+00 3.38645E-02 2.01234E+00
 -1       220-1.20005E+00 1.64335E-03 2.03602E+00
 -1       225-1.23303E+00-1.44498E-02 1.99957E+00
 -1       226-1.19936E+00-3.60336E-02 1.99892E+00
 -1       227-1.16697E+00 1.44498E-02 2.00043E+00
 -1       228-1.20064E+00 3.60336E-02 2.00108E+00
 -1       259 1.20342E+00-1.71996E-03 1.96415E+00
 -1       260 1.16832E+00-3.76571E-03 1.98321E+00
 -1       261 1.19658E+00 1.71996E-03 2.03585E+00
 -1       262 1.23168E+00 3.76571E-03 2.01679E+00
 -1       267 1.19898E+00-3.40950E-02 1.98832E+00
 -1       268 1.19993E+00-2.33416E-03 1.96402E+00
 -1       269 1.20102E+00 3.40950E-02 2.01168E+00
 -1       270 1.20007E+00 2.33416E-03 2.03598E+00
 -1       275 1.16646E+00-1.32202E-02 2.00040E+00
 -1       276 1.19931E+00-3.60327E-02 2.00108E+00
 -1       277 1.23354E+00 1.32202E-02 1.99960E+00
 -1       278 1.20069E+00 3.60327E-02 1.99892E+00
 -1       309-1.19513E+00 9.99941E+00-3.57199E-02
 -1       310-1.23110E+00 1.00000E+01-1.82413E-02
 -1       311-1.20487E+00 1.00006E+01 3.57199E-02
 -1       312-1.16890E+00 9.99997E+00 1.82413E-02
 -1       317-1.20102E+00 9.96591E+00-1.16828E-02
 -1       318-1.20007E+00 9.99767E+00-3.59798E-02
 -1       319-1.19898E+00 1.00341E+01 1.16828E-02
 -1       320-1.19993E+00 1.00023E+01 3.59798E-02
 -1       325-1.23354E+00 9.98678E+00 3.96605E-04
 -1       326-1.20069E+00 9.96397E+00 1.08098E-03
 -1       327-1.16646E+00 1.00132E+01-3.96605E-04
 -1       328-1.19931E+00 1.00360E+01-1.08098E-03
 -1       359 1.20435E+00 9.99987E+00-3.57920E-02
 -1       360 1.16864E+00 9.99960E+00-1.77795E-02
 -1       361 1.19565E+00 1.00001E+01 3.57920E-02
 -1       362 1.23136E+00 1.00004E+01 1.77795E-02
 -1       367 1.20102E+00 9.96614E+00-1.23355E-02
 -1       368 1.20005E+00 9.99836E+00-3.60180E-02
 -1       369 1.19898E+00 1.00339E+01 1.23355E-02
 -1       370 1.19995E+00 1.00016E+01 3.60180E-02
 -1       375 1.16697E+00 9.98555E+00-4.33494E-04
 -1       376 1.20064E+00 9.96397E+00-1.08101E-03
 -1       377 1.23303E+00 1.00145E+01 4.33494E-04
 -1       378 1.19936E+00 1.00360E+01 1.08101E-03
 -1       409-1.19535E+00 1.00001E+01 1.96425E+00
 -1       410-1.23121E+00 1.00004E+01 1.98196E+00
 -1       411-1.20465E+00 9.99987E+00 2.03575E+00
 -1       412-1.16879E+00 9.99960E+00 2.01804E+00
 -1       417-1.19898E+00 9.96614E+00 1.98766E+00
 -1       418-1.19995E+00 9.99836E+00 1.96398E+00
 -1       419-1.20102E+00 1.00339E+01 2.01234E+00
 -1       420-1.20005E+00 1.00016E+01 2.03602E+00
 -1       425-1.23303E+00 9.98555E+00 1.99957E+00
 -1       426-1.19936E+00 9.96397E+00 1.99892E+00
 -1       427-1.16697E+00 1.00145E+01 2.00043E+00
 -1       428-1.20064E+00 1.00360E+01 2.00108E+00
 -1       459 1.20411E+00 1.00006E+01 1.96418E+00
 -1       460 1.16852E+00 9.99995E+00 1.98243E+00
 -1       461 1.19589E+00 9.99942E+00 2.03582E+00
 -1       462 1.23148E+00 1.00000E+01 2.01757E+00
 -1       467 1.19898E+00 9.96591E+00 1.98832E+00
 -1       468 1.19993E+00 9.99767E+00 1.96402E+00
 -1       469 1.20102E+00 1.00341E+01 2.01168E+00
 -1       470 1.20007E+00 1.00023E+01 2.03598E+00
 -1       475 1.16646E+00 9.98678E+00 2.00040E+00
 -1       476 1.19931E+00 9.96397E+00 2.00108E+00
 -1       477 1.23354E+00 1.00132E+01 1.99960E+00
 -1       478 1.20069E+00 1.00360E+01 1.99892E+00
 -1       509-1.19518E+00 1.99996E+01-3.57295E-02
 -1       510-1.23113E+00 2.00001E+01-1.81950E-02
 -1       511-1.20482E+00 2.00004E+01 3.57295E-02
 -1       512-1.16887E+00 1.99999E+01 1.81950E-02
 -1       517-1.20102E+00 1.99659E+01-1.16828E-02
 -1       518-1.20007E+00 1.99977E+01-3.59798E-02
 -1       519-1.19898E+00 2.00341E+01 1.16828E-02
 -1       520-1.19993E+00 2.00023E+01 3.59798E-02
 -1       525-1.23354E+00 1.99868E+01 3.96605E-04
 -1       526-1.20069E+00 1.99640E+01 1.08098E-03
 -1       527-1.16646E+00 2.00132E+01-3.96605E-04
 -1       528-1.19931E+00 2.00360E+01-1.08098E-03
 -1       559 1.20440E+00 1.99997E+01-3.57842E-02
 -1       560 1.16866E+00 1.99995E+01-1.78246E-02
 -1       561 1.19560E+00 2.00003E+01 3.57842E-02
 -1       562 1.23134E+00 2.00005E+01 1.78246E-02
 -1       567 1.20102E+00 1.99661E+01-1.23355E-02
 -1       568 1.20005E+00 1.99984E+01-3.60180E-02
 -1       569 1.19898E+00 2.00339E+01 1.23355E-02
 -1       570 1.19995E+00 2.00016E+01 3.60180E-02
 -1       575 1.16697E+00 1.99855E+01-4.33494E-04
 -1       576 1.20064E+00 1.99640E+01-1.08101E-03
 -1       577 1.23303E+00 2.00145E+01 4.33494E-04
 -1       578 1.19936E+00 2.00360E+01 1.08101E-03
 -1       609-1.19541E+00 2.00003E+01 1.96424E+00
 -1       610-1.23124E+00 2.00005E+01 1.98201E+00
 -1       611-1.20459E+00 1.99997E+01 2.03576E+00
 -1       612-1.16876E+00 1.99995E+01 2.01799E+00
 -1       617-1.19898E+00 1.99661E+01 1.98766E+00
 -1       618-1.19995E+00 1.99984E+01 1.96398E+00
 -1       619-1.20102E+00 2.00339E+01 2.01234E+00
 -1       620-1.20005E+00 2.00016E+01 2.03602E+00
 -1       625-1.23303E+00 1.99855E+01 1.99957E+00
 -1       626-1.19936E+00 1.99640E+01 1.99892E+00
 -1       627-1.16697E+00 2.00145E+01 2.00043E+00
 -1       628-1.20064E+00 2.00360E+01 2.00108E+00
 -1       659 1.20417E+00 2.00004E+01 1.96419E+00
 -1       660 1.16855E+00 1.99999E+01 1.98238E+00
 -1       661 1.19583E+00 1.99996E+01 2.03581E+00
 -1       662 1.23145E+00 2.00001E+01 2.01762E+00
 -1       667 1.19898E+00 1.99659E+01 1.98832E+00
 -1       668 1.19993E+00 1.99977E+01 1.96402E+00
 -1       669 1.20102E+00 2.00341E+01 2.01168E+00
 -1       670 1.20007E+00 2.00023E+01 2.03598E+00
 -1       675 1.16646E+00 1.99868E+01 2.00040E+00
 -1       676 1.19931E+00 1.99640E+01 2.00108E+00
 -1       677 1.23354E+00 2.00132E+01 1.99960E+00
 -1       678 1.20069E+00 2.00360E+01 1.99892E+00
 -1       709-1.19516E+00 2.99995E+01-3.57258E-02
 -1       710-1.23112E+00 3.00001E+01-1.82131E-02
 -1       711-1.20484E+00 3.00005E+01 3.57258E-02
 -1       712-1.16888E+00 2.99999E+01 1.82131E-02
 -1       717-1.20102E+00 2.99659E+01-1.16828E-02
 -1       718-1.20007E+00 2.99977E+01-3.59798E-02
 -1       719-1.19898E+00 3.00341E+01 1.16828E-02
 -1       720-1.19993E+00 3.00023E+01 3.59798E-02
 -1       725-1.23354E+00 2.99868E+01 3.96605E-04
 -1       726-1.20069E+00 2.99640E+01 1.08098E-03
 -1       727-1.16646E+00 3.00132E+01-3.96605E-04
 -1       728-1.19931E+00 3.00360E+01-1.08098E-03
 -1       759 1.20438E+00 2.99998E+01-3.57877E-02
 -1       760 1.16865E+00 2.99995E+01-1.78048E-02
 -1       761 1.19562E+00 3.00002E+01 3.57877E-02
 -1       762 1.23135E+00 3.00005E+01 1.78048E-02
 -1       767 1.20102E+00 2.99661E+01-1.23355E-02
 -1       768 1.20005E+00 2.99984E+01-3.60180E-02
 -1       769 1.19898E+00 3.00339E+01 1.23355E-02
 -1       770 1.19995E+00 3.00016E+01 3.60180E-02
 -1       775 1.16697E+00 2.99855E+01-4.33494E-04
 -1       776 1.20064E+00 2.99640E+01-1.08101E-03
 -1       777 1.23303E+00 3.00145E+01 4.33494E-04
 -1       778 1.19936E+00 3.00360E+01 1.08101E-03
 -1       809-1.19538E+00 3.00002E+01 1.96424E+00
 -1       810-1.23123E+00 3.00005E+01 1.98199E+00
 -1       811-1.20462E+00 2.99998E+01 2.03576E+00
 -1       812-1.16877E+00 2.99995E+01 2.01801E+00
 -1       817-1.19898E+00 2.99661E+01 1.98766E+00
 -1       818-1.19995E+00 2.99984E+01 1.96398E+00
 -1       819-1.20102E+00 3.00339E+01 2.01234E+00
 -1       820-1.20005E+00 3.00016E+01 2.03602E+00
 -1       825-1.23303E+00 2.99855E+01 1.99957E+00
 -1       826-1.19936E+00 2.99640E+01 1.99892E+00
 -1       827-1.16697E+00 3.00145E+01 2.00043E+00
 -1       828-1.20064E+00 3.00360E+01 2.00108E+00
 -1       859 1.20414E+00 3.00005E+01 1.96419E+00
 -1       860 1.16853E+00 2.99999E+01 1.98240E+00
 -1       861 1.19586E+00 2.99995E+01 2.03581E+00
 -1       862 1.23147E+00 3.00001E+01 2.01760E+00
 -1       867 1.19898E+00 2.99659E+01 1.98832E+00
 -1       868 1.19993E+00 2.99977E+01 1.96402E+00
 -1       869 1.20102E+00 3.00341E+01 2.01168E+00
 -1       870 1.20007E+00 3.00023E+01 2.03598E+00
 -1       875 1.16646E+00 2.99868E+01 2.00040E+00
 -1       876 1.19931E+00 2.99640E+01 2.00108E+00
 -1       877 1.23354E+00 3.00132E+01 1.99960E+00
 -1       878 1.20069E+00 3.00360E+01 1.99892E+00
 -1       909-1.19520E+00 3.99997E+01-3.57333E-02
 -1       910-1.23114E+00 4.00002E+01-1.81751E-02
 -1       911-1.20480E+00 4.00003E+01 3.57333E-02
 -1       912-1.16886E+00 3.99998E+01 1.81751E-02
 -1       917-1.20000E+00 3.99660E+01-1.20000E-02
 -1       918-1.20000E+00 3.99980E+01-3.60000E-02
 -1       919-1.20000E+00 4.00340E+01 1.20000E-02
 -1       920-1.20000E+00 4.00020E+01 3.60000E-02
 -1       925-1.23328E+00 3.99861E+01 0.00000E+00
 -1       926-1.20000E+00 3.99639E+01 0.00000E+00
 -1       927-1.16672E+00 4.00139E+01 0.00000E+00
 -1       928-1.20000E+00 4.00361E+01 0.00000E+00
 -1       959 1.20443E+00 3.99996E+01-3.57808E-02
 -1       960 1.16867E+00 3.99995E+01-1.78425E-02
 -1       961 1.19557E+00 4.00004E+01 3.57808E-02
 -1       962 1.23133E+00 4.00005E+01 1.78425E-02
 -1       967 1.20000E+00 3.99660E+01-1.20000E-02
 -1       968 1.20000E+00 3.99980E+01-3.60000E-02
 -1       969 1.20000E+00 4.00340E+01 1.20000E-02
 -1       970 1.20000E+00 4.00020E+01 3.60000E-02
 -1       975 1.16672E+00 3.99861E+01 0.00000E+00
 -1       976 1.20000E+00 3.99639E+01 0.00000E+00
 -1       977 1.23328E+00 4.00139E+01 0.00000E+00
 -1       978 1.20000E+00 4.00361E+01 0.00000E+00
 -1      1009-1.19543E+00 4.00004E+01 1.96424E+00
 -1      1010-1.23125E+00 4.00005E+01 1.98203E+00
 -1      1011-1.20457E+00 3.99996E+01 2.03576E+00
 -1      1012-1.16875E+00 3.99995E+01 2.01797E+00
 -1      1017-1.20000E+00 3.99660E+01 1.98800E+00
 -1      1018-1.20000E+00 3.99980E+01 1.96400E+00
 -1      1019-1.20000E+00 4.00340E+01 2.01200E+00
 -1      1020-1.20000E+00 4.00020E+01 2.03600E+00
 -1      1025-1.23328E+00 3.99861E+01 2.00000E+00
 -1      1026-1.20000E+00 3.99639E+01 2.00000E+00
 -1      1027-1.16672E+00 4.00139E+01 2.00000E+00
 -1      1028-1.20000E+00 4.00361E+01 2.00000E+00
 -1      1059 1.20419E+00 4.00003E+01 1.96419E+00
 -1      1060 1.16856E+00 3.99998E+01 1.98236E+00
 -1      1061 1.19581E+00 3.99997E+01 2.03581E+00
 -1      1062 1.23144E+00 4.00002E+01 2.01764E+00
 -1      1067 1.20000E+00 3.99660E+01 1.98800E+00
 -1      1068 1.20000E+00 3.99980E+01 1.96400E+00
 -1      1069 1.20000E+00 4.00340E+01 2.01200E+00
 -1      1070 1.20000E+00 4.00020E+01 2.03600E+00
 -1      1075 1.16672E+00 3.99861E+01 2.00000E+00
 -1      1076 1.20000E+00 3.99639E+01 2.00000E+00
 -1      1077 1.23328E+00 4.00139E+01 2.00000E+00
 -1      1078 1.20000E+00 4.00361E+01 2.00000E+00
 -1      1109-1.19617E+00 4.99979E+01-3.57896E-02
 -1      1110-1.23154E+00 4.99967E+01-1.71518E-02
 -1      1111-1.20383E+00 5.00021E+01 3.57896E-02
 -1      1112-1.16846E+00 5.00033E+01 1.71518E-02
 -1      1117-1.20102E+00 4.99659E+01-1.16828E-02
 -1      1118-1.20007E+00 4.99977E+01-3.59798E-02
 -1      1119-1.19898E+00 5.00341E+01 1.16828E-02
 -1      1120-1.19993E+00 5.00023E+01 3.59798E-02
 -1      1125-1.23354E+00 4.99868E+01 3.96605E-04
 -1      1126-1.20069E+00 4.99640E+01 1.08098E-03
 -1      1127-1.16646E+00 5.00132E+01-3.96605E-04
 -1      1128-1.19931E+00 5.00360E+01-1.08098E-03
 -1      1159 1.20664E+00 4.99965E+01-3.52641E-02
 -1      1160 1.16992E+00 5.00004E+01-1.98802E-02
 -1      1161 1.19336E+00 5.00035E+01 3.52641E-02
 -1      1162 1.23008E+00 4.99996E+01 1.98802E-02
 -1      1167 1.20102E+00 4.99661E+01-1.23355E-02
 -1      1168 1.20005E+00 4.99984E+01-3.60180E-02
 -1      1169 1.19898E+00 5.00339E+01 1.23355E-02
 -1      1170 1.19995E+00 5.00016E+01 3.60180E-02
 -1      1175 1.16697E+00 4.99855E+01-4.33494E-04
 -1      1176 1.20064E+00 4.99640E+01-1.08101E-03
 -1      1177 1.23303E+00 5.00145E+01 4.33494E-04
 -1      1178 1.19936E+00 5.00360E+01 1.08101E-03
 -1      1209-1.19818E+00 5.00032E+01 1.96414E+00
 -1      1210-1.23246E+00 4.99991E+01 1.98433E+00
 -1      1211-1.20182E+00 4.99968E+01 2.03586E+00
 -1      1212-1.16754E+00 5.00009E+01 2.01567E+00
 -1      1217-1.19898E+00 4.99661E+01 1.98766E+00
 -1      1218-1.19995E+00 4.99984E+01 1.96398E+00
 -1      1219-1.20102E+00 5.00339E+01 2.01234E+00
 -1      1220-1.20005E+00 5.00016E+01 2.03602E+00
 -1      1225-1.23303E+00 4.99855E+01 1.99957E+00
 -1      1226-1.19936E+00 4.99640E+01 1.99892E+00
 -1      1227-1.16697E+00 5.00145E+01 2.00043E+00
 -1      1228-1.20064E+00 5.00360E+01 2.00108E+00
 -1      1259 1.20529E+00 5.00020E+01 1.96439E+00
 -1      1260 1.16919E+00 5.00033E+01 1.98157E+00
 -1      1261 1.19471E+00 4.99980E+01 2.03561E+00
 -1      1262 1.23081E+00 4.99967E+01 2.01843E+00
 -1      1267 1.19898E+00 4.99659E+01 1.98832E+00
 -1      1268 1.19993E+00 4.99977E+01 1.96402E+00
 -1      1269 1.20102E+00 5.00341E+01 2.01168E+00
 -1      1270 1.20007E+00 5.00023E+01 2.03598E+00
 -1      1275 1.16646E+00 4.99868E+01 2.00040E+00
 -1      1276 1.19931E+00 4.99640E+01 2.00108E+00
 -1      1277 1.23354E+00 5.00132E+01 1.99960E+00
 -1      1278 1.20069E+00 5.00360E+01 1.99892E+00
 -1      1309-1.19553E+00 1.50000E+01-1.85778E-01
 -1      1310-1.23131E+00 1.50000E+01-1.67883E-01
 -1      1311-1.20447E+00 1.50000E+01-1.14222E-01
 -1      1312-1.16869E+00 1.50000E+01-1.32117E-01
 -1      1317 1.20447E+00 1.50000E+01 1.14222E-01
 -1      1318 1.16869E+00 1.50000E+01 1.32117E-01
 -1      1319 1.19553E+00 1.50000E+01 1.85778E-01
 -1      1320 1.23131E+00 1.50000E+01 1.67883E-01
 -1      1325-1.19553E+00 1.50000E+01 1.81422E+00
 -1      1326-1.23131E+00 1.50000E+01 1.83212E+00
 -1      1327-1.20447E+00 1.50000E+01 1.88578E+00
 -1      1328-1.16869E+00 1.50000E+01 1.86788E+00
 -1      1333 1.20447E+00 1.50000E+01 2.11422E+00
 -1      1334 1.16869E+00 1.50000E+01 2.13212E+00
 -1      1335 1.19553E+00 1.50000E+01 2.18578E+00
 -1      1336 1.23131E+00 1.50000E+01 2.16788E+00
 -1      1341-1.19553E+00 2.50000E+01-1.85778E-01
 -1      1342-1.23131E+00 2.50000E+01-1.67883E-01
 -1      1343-1.20447E+00 2.50000E+01-1.14222E-01
 -1      1344-1.16869E+00 2.50000E+01-1.32117E-01
 -1      1349 1.20447E+00 2.50000E+01 1.14222E-01
 -1      1350 1.16869E+00 2.50000E+01 1.32117E-01
 -1      1351 1.19553E+00 2.50000E+01 1.85778E-01
 -1      1352 1.23131E+00 2.50000E+01 1.67883E-01
 -1      1357-1.19553E+00 2.50000E+01 1.81422E+00
 -1      1358-1.23131E+00 2.50000E+01 1.83212E+00
 -1      1359-1.20447E+00 2.50000E+01 1.88578E+00
 -1      1360-1.16869E+00 2.50000E+01 1.86788E+00
 -1      1365 1.20447E+00 2.50000E+01 2.11422E+00
 -1      1366 1.16869E+00 2.50000E+01 2.13212E+00
 -1      1367 1.19553E+00 2.50000E+01 2.18578E+00
 -1      1368 1.23131E+00 2.50000E+01 2.16788E+00
 -1      1373-1.19522E+00 3.24989E+01-1.41787E-01
 -1      1374-1.23115E+00 3.24995E+01-1.24216E-01
 -1      1375-1.20478E+00 3.25011E+01-7.03450E-02
 -1      1376-1.16885E+00 3.25005E+01-8.79159E-02
 -1      1381-1.19553E+00 3.50000E+01-1.85777E-01
 -1      1382-1.23131E+00 3.50000E+01-1.67887E-01
 -1      1383-1.20447E+00 3.50000E+01-1.14223E-01
 -1      1384-1.16869E+00 3.50000E+01-1.32113E-01
 -1      1389-1.19586E+00 3.75011E+01-1.41867E-01
 -1      1390-1.23147E+00 3.75005E+01-1.23652E-01
 -1      1391-1.20414E+00 3.74989E+01-7.02647E-02
 -1      1392-1.16853E+00 3.74995E+01-8.84797E-02
 -1      1397 1.20414E+00 3.25011E+01 7.02647E-02
 -1      1398 1.16853E+00 3.25005E+01 8.84797E-02
 -1      1399 1.19586E+00 3.24989E+01 1.41867E-01
 -1      1400 1.23147E+00 3.24995E+01 1.23652E-01
 -1      1405 1.20447E+00 3.50000E+01 1.14223E-01
 -1      1406 1.16869E+00 3.50000E+01 1.32113E-01
 -1      1407 1.19553E+00 3.50000E+01 1.85777E-01
 -1      1408 1.23131E+00 3.50000E+01 1.67887E-01
 -1      1413 1.20478E+00 3.74989E+01 7.03450E-02
 -1      1414 1.16885E+00 3.74995E+01 8.79159E-02
 -1      1415 1.19522E+00 3.75011E+01 1.41787E-01
 -1      1416 1.23115E+00 3.75005E+01 1.24216E-01
 -1      1421-1.19522E+00 3.24989E+01 1.85821E+00
 -1      1422-1.23115E+00 3.24995E+01 1.87578E+00
 -1      1423-1.20478E+00 3.25011E+01 1.92966E+00
 -1      1424-1.16885E+00 3.25005E+01 1.91208E+00
 -1      1429-1.19553E+00 3.50000E+01 1.81422E+00
 -1      1430-1.23131E+00 3.50000E+01 1.83211E+00
 -1      1431-1.20447E+00 3.50000E+01 1.88578E+00
 -1      1432-1.16869E+00 3.50000E+01 1.86789E+00
 -1      1437-1.19586E+00 3.75011E+01 1.85813E+00
 -1      1438-1.23147E+00 3.75005E+01 1.87635E+00
 -1      1439-1.20414E+00 3.74989E+01 1.92974E+00
 -1      1440-1.16853E+00 3.74995E+01 1.91152E+00
 -1      1445 1.20414E+00 3.25011E+01 2.07026E+00
 -1      1446 1.16853E+00 3.25005E+01 2.08848E+00
 -1      1447 1.19586E+00 3.24989E+01 2.14187E+00
 -1      1448 1.23147E+00 3.24995E+01 2.12365E+00
 -1      1453 1.20447E+00 3.50000E+01 2.11422E+00
 -1      1454 1.16869E+00 3.50000E+01 2.13211E+00
 -1      1455 1.19553E+00 3.50000E+01 2.18578E+00
 -1      1456 1.23131E+00 3.50000E+01 2.16789E+00
 -1      1461 1.20478E+00 3.74989E+01 2.07034E+00
 -1      1462 1.16885E+00 3.74995E+01 2.08792E+00
 -1      1463 1.19522E+00 3.75011E+01 2.14179E+00
 -1      1464 1.23115E+00 3.75005E+01 2.12422E+00
 -1      1469-1.19553E+00 4.50000E+01-1.85778E-01
 -1      1470-1.23131E+00 4.50000E+01-1.67883E-01
 -1      1471-1.20447E+00 4.50000E+01-1.14222E-01
 -1      1472-1.16869E+00 4.50000E+01-1.32117E-01
 -1      1477 1.20447E+00 4.50000E+01 1.14222E-01
 -1      1478 1.16869E+00 4.50000E+01 1.32117E-01
 -1      1479 1.19553E+00 4.50000E+01 1.85778E-01
 -1      1480 1.23131E+00 4.50000E+01 1.67883E-01
 -1      1485-1.19553E+00 4.50000E+01 1.81422E+00
 -1      1486-1.23131E+00 4.50000E+01 1.83212E+00
 -1      1487-1.20447E+00 4.50000E+01 1.88578E+00
 -1      1488-1.16869E+00 4.50000E+01 1.86788E+00
 -1      1493 1.20447E+00 4.50000E+01 2.11422E+00
 -1      1494 1.16869E+00 4.50000E+01 2.13212E+00
 -1      1495 1.19553E+00 4.50000E+01 2.18578E+00
 -1      1496 1.23131E+00 4.50000E+01 2.16788E+00
 -1      1501 0.00000E+00-6.99992E-02-1.20023E-02
 -1      1502 0.00000E+00-3.79975E-02-3.60001E-02
 -1      1503 0.00000E+00-2.00083E-03 1.20023E-02
 -1      1504 0.00000E+00-3.40025E-02 3.60001E-02
 -1      1509 0.00000E+00 2.00083E-03 1.98800E+00
 -1      1510 0.00000E+00 3.40025E-02 1.96400E+00
 -1      1511 0.00000E+00 6.99992E-02 2.01200E+00
 -1      1512 0.00000E+00 3.79975E-02 2.03600E+00
 -1      1517-1.23329E+00 1.61495E-02 1.00000E+00
 -1      1518-1.20002E+00-6.05551E-03 1.00000E+00
 -1      1519-1.16671E+00 4.38505E-02 1.00000E+00
 -1      1520-1.19998E+00 6.60555E-02 1.00000E+00
 -1      1525 1.16671E+00-4.38505E-02 1.00000E+00
 -1      1526 1.19998E+00-6.60555E-02 1.00000E+00
 -1      1527 1.23329E+00-1.61495E-02 1.00000E+00
 -1      1528 1.20002E+00 6.05551E-03 1.00000E+00
 -1      1533 0.00000E+00 9.93000E+00-1.20023E-02
 -1      1534 0.00000E+00 9.96200E+00-3.60001E-02
 -1      1535 0.00000E+00 9.99800E+00 1.20023E-02
 -1      1536 0.00000E+00 9.96600E+00 3.60001E-02
 -1      1541 0.00000E+00 1.00020E+01 1.98800E+00
 -1      1542 0.00000E+00 1.00340E+01 1.96400E+00
 -1      1543 0.00000E+00 1.00700E+01 2.01200E+00
 -1      1544 0.00000E+00 1.00380E+01 2.03600E+00
 -1      1549-1.23329E+00 1.00161E+01 1.00000E+00
 -1      1550-1.20002E+00 9.99394E+00 1.00000E+00
 -1      1551-1.16671E+00 1.00439E+01 1.00000E+00
 -1      1552-1.19998E+00 1.00661E+01 1.00000E+00
 -1      1557 1.16671E+00 9.95615E+00 1.00000E+00
 -1      1558 1.19998E+00 9.93394E+00 1.00000E+00
 -1      1559 1.23329E+00 9.98385E+00 1.00000E+00
 -1      1560 1.20002E+00 1.00061E+01 1.00000E+00
 -1      1565 0.00000E+00 1.99300E+01-1.20023E-02
 -1      1566 0.00000E+00 1.99620E+01-3.60001E-02
 -1      1567 0.00000E+00 1.99980E+01 1.20023E-02
 -1      1568 0.00000E+00 1.99660E+01 3.60001E-02
 -1      1573 0.00000E+00 2.00020E+01 1.98800E+00
 -1      1574 0.00000E+00 2.00340E+01 1.96400E+00
 -1      1575 0.00000E+00 2.00700E+01 2.01200E+00
 -1      1576 0.00000E+00 2.00380E+01 2.03600E+00
 -1      1581-1.23329E+00 2.00161E+01 1.00000E+00
 -1      1582-1.20002E+00 1.99939E+01 1.00000E+00
 -1      1583-1.16671E+00 2.00438E+01 1.00000E+00
 -1      1584-1.19998E+00 2.00661E+01 1.00000E+00
 -1      1589 1.16671E+00 1.99562E+01 1.00000E+00
 -1      1590 1.19998E+00 1.99339E+01 1.00000E+00
 -1      1591 1.23329E+00 1.99839E+01 1.00000E+00
 -1      1592 1.20002E+00 2.00061E+01 1.00000E+00
 -1      1597 0.00000E+00 2.99300E+01-1.20023E-02
 -1      1598 0.00000E+00 2.99620E+01-3.60001E-02
 -1      1599 0.00000E+00 2.99980E+01 1.20023E-02
 -1      1600 0.00000E+00 2.99660E+01 3.60001E-02
 -1      1605 0.00000E+00 3.00020E+01 1.98800E+00
 -1      1606 0.00000E+00 3.00340E+01 1.96400E+00
 -1      1607 0.00000E+00 3.00700E+01 2.01200E+00
 -1      1608 0.00000E+00 3.00380E+01 2.03600E+00
 -1      1613-1.23329E+00 3.00161E+01 1.00000E+00
 -1      1614-1.20002E+00 2.99939E+01 1.00000E+00
 -1      1615-1.16671E+00 3.00438E+01 1.00000E+00
 -1      1616-1.19998E+00 3.00661E+01 1.00000E+00
 -1      1621 1.16671E+00 2.99562E+01 1.00000E+00
 -1      1622 1.19998E+00 2.99339E+01 1.00000E+00
 -1      1623 1.23329E+00 2.99839E+01 1.00000E+00
 -1      1624 1.20002E+00 3.00061E+01 1.00000E+00
 -1      1629 0.00000E+00 4.99300E+01-1.20023E-02
 -1      1630 0.00000E+00 4.99620E+01-3.60001E-02
 -1      1631 0.00000E+00 4.99980E+01 1.20023E-02
 -1      1632 0.00000E+00 4.99660E+01 3.60001E-02
 -1      1637 0.00000E+00 5.00020E+01 1.98800E+00
 -1      1638 0.00000E+00 5.00340E+01 1.96400E+00
 -1      1639 0.00000E+00 5.00700E+01 2.01200E+00
 -1      1640 0.00000E+00 5.00380E+01 2.03600E+00
 -1      1645-1.23329E+00 5.00161E+01 1.00000E+00
 -1      1646-1.20002E+00 4.99939E+01 1.00000E+00
 -1      1647-1.16671E+00 5.00438E+01 1.00000E+00
 -1      1648-1.19998E+00 5.00661E+01 1.00000E+00
 -1      1653 1.16671E+00 4.99562E+01 1.00000E+00
 -1      1654 1.19998E+00 4.99339E+01 1.00000E+00
 -1      1655 1.23329E+00 4.99839E+01 1.00000E+00
 -1      1656 1.20002E+00 5.00061E+01 1.00000E+00
 -1      1661-1.19830E+00 5.03706E+00 8.14684E-01
 -1      1662-1.23259E+00 5.03303E+00 8.34874E-01
 -1      1663-1.20170E+00 5.02294E+00 8.85316E-01
 -1      1664-1.16741E+00 5.02697E+00 8.65126E-01
 -1      1669-1.19388E+00 5.02303E+00 1.11516E+00
 -1      1670-1.23044E+00 5.02621E+00 1.13106E+00
 -1      1671-1.20612E+00 5.03697E+00 1.18484E+00
 -1      1672-1.16956E+00 5.03379E+00 1.16894E+00
 -1      1677 1.20170E+00 5.03706E+00 8.14684E-01
 -1      1678 1.16741E+00 5.03303E+00 8.34874E-01
 -1      1679 1.19830E+00 5.02294E+00 8.85316E-01
 -1      1680 1.23259E+00 5.02697E+00 8.65126E-01
 -1      1685 1.20612E+00 5.02303E+00 1.11516E+00
 -1      1686 1.16956E+00 5.02621E+00 1.13106E+00
 -1      1687 1.19388E+00 5.03697E+00 1.18484E+00
 -1      1688 1.23044E+00 5.03379E+00 1.16894E+00
 -1      1693 1.59908E-01 4.96162E+00-3.45858E-02
 -1      1694 1.22767E-01 4.97054E+00-2.27077E-02
 -1      1695 1.40092E-01 4.96638E+00 3.45858E-02
 -1      1696 1.77233E-01 4.95746E+00 2.27077E-02
 -1      1701-1.49864E-01 4.96403E+00-3.60552E-02
 -1      1702-1.82310E-01 4.95625E+00-1.39967E-02
 -1      1703-1.50136E-01 4.96397E+00 3.60552E-02
 -1      1704-1.17690E-01 4.97175E+00 1.39967E-02
 -1      1709 1.59908E-01 4.96162E+00 1.96541E+00
 -1      1710 1.22767E-01 4.97054E+00 1.97729E+00
 -1      1711 1.40092E-01 4.96638E+00 2.03459E+00
 -1      1712 1.77233E-01 4.95746E+00 2.02271E+00
 -1      1717-1.49864E-01 4.96403E+00 1.96394E+00
 -1      1718-1.82310E-01 4.95625E+00 1.98600E+00
 -1      1719-1.50136E-01 4.96397E+00 2.03606E+00
 -1      1720-1.17690E-01 4.97175E+00 2.01400E+00
 -1      1725-1.19830E+00 1.50371E+01 8.14684E-01
 -1      1726-1.23259E+00 1.50330E+01 8.34874E-01
 -1      1727-1.20170E+00 1.50229E+01 8.85316E-01
 -1      1728-1.16741E+00 1.50270E+01 8.65126E-01
 -1      1733-1.19388E+00 1.50230E+01 1.11516E+00
 -1      1734-1.23044E+00 1.50262E+01 1.13106E+00
 -1      1735-1.20612E+00 1.50370E+01 1.18484E+00
 -1      1736-1.16956E+00 1.50338E+01 1.16894E+00
 -1      1741 1.20170E+00 1.50371E+01 8.14684E-01
 -1      1742 1.16741E+00 1.50330E+01 8.34874E-01
 -1      1743 1.19830E+00 1.50229E+01 8.85316E-01
 -1      1744 1.23259E+00 1.50270E+01 8.65126E-01
 -1      1749 1.20612E+00 1.50230E+01 1.11516E+00
 -1      1750 1.16956E+00 1.50262E+01 1.13106E+00
 -1      1751 1.19388E+00 1.50370E+01 1.18484E+00
 -1      1752 1.23044E+00 1.50338E+01 1.16894E+00
 -1      1757 1.59908E-01 1.49616E+01-3.45858E-02
 -1      1758 1.22767E-01 1.49705E+01-2.27077E-02
 -1      1759 1.40092E-01 1.49664E+01 3.45858E-02
 -1      1760 1.77233E-01 1.49575E+01 2.27077E-02
 -1      1765-1.49864E-01 1.49640E+01-3.60552E-02
 -1      1766-1.82310E-01 1.49562E+01-1.39967E-02
 -1      1767-1.50136E-01 1.49640E+01 3.60552E-02
 -1      1768-1.17690E-01 1.49718E+01 1.39967E-02
 -1      1773 1.59908E-01 1.49616E+01 1.96541E+00
 -1      1774 1.22767E-01 1.49705E+01 1.97729E+00
 -1      1775 1.40092E-01 1.49664E+01 2.03459E+00
 -1      1776 1.77233E-01 1.49575E+01 2.02271E+00
 -1      1781-1.49864E-01 1.49640E+01 1.96394E+00
 -1      1782-1.82310E-01 1.49562E+01 1.98600E+00
 -1      1783-1.50136E-01 1.49640E+01 2.03606E+00
 -1      1784-1.17690E-01 1.49718E+01 2.01400E+00
 -1      1789-1.19830E+00 2.50371E+01 8.14684E-01
 -1      1790-1.23259E+00 2.50330E+01 8.34874E-01
 -1      1791-1.20170E+00 2.50229E+01 8.85316E-01
 -1      1792-1.16741E+00 2.50270E+01 8.65126E-01
 -1      1797-1.19388E+00 2.50230E+01 1.11516E+00
 -1      1798-1.23044E+00 2.50262E+01 1.13106E+00
 -1      1799-1.20612E+00 2.50370E+01 1.18484E+00
 -1      1800-1.16956E+00 2.50338E+01 1.16894E+00
 -1      1805 1.20170E+00 2.50371E+01 8.14684E-01
 -1      1806 1.16741E+00 2.50330E+01 8.34874E-01
 -1      1807 1.19830E+00 2.50229E+01 8.85316E-01
 -1      1808 1.23259E+00 2.50270E+01 8.65126E-01
 -1      1813 1.20612E+00 2.50230E+01 1.11516E+00
 -1      1814 1.16956E+00 2.50262E+01 1.13106E+00
 -1      1815 1.19388E+00 2.50370E+01 1.18484E+00
 -1      1816 1.23044E+00 2.50338E+01 1.16894E+00
 -1      1821 1.59908E-01 2.49616E+01-3.45858E-02
 -1      1822 1.22767E-01 2.49705E+01-2.27077E-02
 -1      1823 1.40092E-01 2.49664E+01 3.45858E-02
 -1      1824 1.77233E-01 2.49575E+01 2.27077E-02
 -1      1829-1.49864E-01 2.49640E+01-3.60552E-02
 -1      1830-1.82310E-01 2.49562E+01-1.39967E-02
 -1      1831-1.50136E-01 2.49640E+01 3.60552E-02
 -1      1832-1.17690E-01 2.49718E+01 1.39967E-02
 -1      1837 1.59908E-01 2.49616E+01 1.96541E+00
 -1      1838 1.22767E-01 2.49705E+01 1.97729E+00
 -1      1839 1.40092E-01 2.49664E+01 2.03459E+00
 -1      1840 1.77233E-01 2.49575E+01 2.02271E+00
 -1      1845-1.49864E-01 2.49640E+01 1.96394E+00
 -1      1846-1.82310E-01 2.49562E+01 1.98600E+00
 -1      1847-1.50136E-01 2.49640E+01 2.03606E+00
 -1      1848-1.17690E-01 2.49718E+01 2.01400E+00
 -1      1853-1.19830E+00 3.50371E+01 8.14684E-01
 -1      1854-1.23259E+00 3.50330E+01 8.34874E-01
 -1      1855-1.20170E+00 3.50229E+01 8.85316E-01
 -1      1856-1.16741E+00 3.50270E+01 8.65126E-01
 -1      1861-1.19388E+00 3.50230E+01 1.11516E+00
 -1      1862-1.23044E+00 3.50262E+01 1.13106E+00
 -1      1863-1.20612E+00 3.50370E+01 1.18484E+00
 -1      1864-1.16956E+00 3.50338E+01 1.16894E+00
 -1      1869 1.20170E+00 3.50371E+01 8.14684E-01
 -1      1870 1.16741E+00 3.50330E+01 8.34874E-01
 -1      1871 1.19830E+00 3.50229E+01 8.85316E-01
 -1      1872 1.23259E+00 3.50270E+01 8.65126E-01
 -1      1877 1.20612E+00 3.50230E+01 1.11516E+00
 -1      1878 1.16956E+00 3.50262E+01 1.13106E+00
 -1      1879 1.19388E+00 3.50370E+01 1.18484E+00
 -1      1880 1.23044E+00 3.50338E+01 1.16894E+00
 -1      1885 1.59908E-01 3.49616E+01-3.45858E-02
 -1      1886 1.22767E-01 3.49705E+01-2.27077E-02
 -1      1887 1.40092E-01 3.49664E+01 3.45858E-02
 -1      1888 1.77233E-01 3.49575E+01 2.27077E-02
 -1      1893-1.49864E-01 3.49640E+01-3.60552E-02
 -1      1894-1.82310E-01 3.49562E+01-1.39967E-02
 -1      1895-1.50136E-01 3.49640E+01 3.60552E-02
 -1      1896-1.17690E-01 3.49718E+01 1.39967E-02
 -1      1901 1.59908E-01 3.49616E+01 1.96541E+00
 -1      1902 1.22767E-01 3.49705E+01 1.97729E+00
 -1      1903 1.40092E-01 3.49664E+01 2.03459E+00
 -1      1904 1.77233E-01 3.49575E+01 2.02271E+00
 -1      1909-1.49864E-01 3.49640E+01 1.96394E+00
 -1      1910-1.82310E-01 3.49562E+01 1.98600E+00
 -1      1911-1.50136E-01 3.49640E+01 2.03606E+00
 -1      1912-1.17690E-01 3.49718E+01 2.01400E+00
 -1      1917-1.19830E+00 4.50371E+01 8.14684E-01
 -1      1918-1.23259E+00 4.50330E+01 8.34874E-01
 -1      1919-1.20170E+00 4.50229E+01 8.85316E-01
 -1      1920-1.16741E+00 4.50270E+01 8.65126E-01
 -1      1925-1.19388E+00 4.50230E+01 1.11516E+00
 -1      1926-1.23044E+00 4.50262E+01 1.13106E+00
 -1      1927-1.20612E+00 4.50370E+01 1.18484E+00
 -1      1928-1.16956E+00 4.50338E+01 1.16894E+00
 -1      1933 1.20170E+00 4.50371E+01 8.14684E-01
 -1      1934 1.16741E+00 4.50330E+01 8.34874E-01
 -1      1935 1.19830E+00 4.50229E+01 8.85316E-01
 -1      1936 1.23259E+00 4.50270E+01 8.65126E-01
 -1      1941 1.20612E+00 4.50230E+01 1.11516E+00
 -1      1942 1.16956E+00 4.50262E+01 1.13106E+00
 -1      1943 1.19388E+00 4.50370E+01 1.18484E+00
 -1      1944 1.23044E+00 4.50338E+01 1.16894E+00
 -1      1949 1.59908E-01 4.49616E+01-3.45858E-02
 -1      1950 1.22767E-01 4.49705E+01-2.27077E-02
 -1      1951 1.40092E-01 4.49664E+01 3.45858E-02
 -1      1952 1.77233E-01 4.49575E+01 2.27077E-02
 -1      1957-1.49864E-01 4.49640E+01-3.60552E-02
 -1      1958-1.82310E-01 4.49562E+01-1.39967E-02
 -1      1959-1.50136E-01 4.49640E+01 3.60552E-02
 -1      1960-1.17690E-01 4.49718E+01 1.39967E-02
 -1      1965 1.59908E-01 4.49616E+01 1.96541E+00
 -1      1966 1.22767E-01 4.49705E+01 1.97729E+00
 -1      1967 1.40092E-01 4.49664E+01 2.03459E+00
 -1      1968 1.77233E-01 4.49575E+01 2.02271E+00
 -1      1973-1.49864E-01 4.49640E+01 1.96394E+00
 -1      1974-1.82310E-01 4.49562E+01 1.98600E+00
 -1      1975-1.50136E-01 4.49640E+01 2.03606E+00
 -1      1976-1.17690E-01 4.49718E+01 2.01400E+00
 -3
    3C                           168                                     1
 -1         1    1    0    1
 -2       109       309       310       110       112       312       311       111
 -1         2    1    0    1
 -2       159       359       360       160       162       362       361       161
 -1         3    1    0    1
 -2       209       409       410       210       212       412       411       211
 -1         4    1    0    1
 -2       259       459       460       260       262       462       461       261
 -1         5    1    0    1
 -2       309      1309      1310       310       312      1312      1311       311
 -1         6    1    0    1
 -2      1309       509       510      1310      1312       512       511      1311
 -1         7    1    0    1
 -2       359      1317      1318       360       362      1320      1319       361
 -1         8    1    0    1
 -2      1317       559       560      1318      1320       562       561      1319
 -1         9    1    0    1
 -2       409      1325      1326       410       412      1328      1327       411
 -1        10    1    0    1
 -2      1325       609       610      1326      1328       612       611      1327
 -1        11    1    0    1
 -2       459      1333      1334       460       462      1336      1335       461
 -1        12    1    0    1
 -2      1333       659       660      1334      1336       662       661      1335
 -1        13    1    0    1
 -2       509      1341      1342       510       512      1344      1343       511
 -1        14    1    0    1
 -2      1341       709       710      1342      1344       712       711      1343
 -1        15    1    0    1
 -2       559      1349      1350       560       562      1352      1351       561
 -1        16    1    0    1
 -2      1349       759       760      1350      1352       762       761      1351
 -1        17    1    0    1
 -2       609      1357      1358       610       612      1360      1359       611
 -1        18    1    0    1
 -2      1357       809       810      1358      1360       812       811      1359
 -1        19    1    0    1
 -2       659      1365      1366       660       662      1368      1367       661
 -1        20    1    0    1
 -2      1365       859       860      1366      1368       862       861      1367
 -1        21    1    0    1
 -2       709      1373      1374       710       712      1376      1375       711
 -1        22    1    0    1
 -2      1373      1381      1382      1374      1376      1384      1383      1375
 -1        23    1    0    1
 -2      1381      1389      1390      1382      1384      1392      1391      1383
 -1        24    1    0    1
 -2      1389       909       910      1390      1392       912       911      1391
 -1        25    1    0    1
 -2       759      1397      1398       760       762      1400      1399       761
 -1        26    1    0    1
 -2      1397      1405      1406      1398      1400      1408      1407      1399
 -1        27    1    0    1
 -2      1405      1413      1414      1406      1408      1416      1415      1407
 -1        28    1    0    1
 -2      1413       959       960      1414      1416       962       961      1415
 -1        29    1    0    1
 -2       809      1421      1422       810       812      1424      1423       811
 -1        30    1    0    1
 -2      1421      1429      1430      1422      1424      1432      1431      1423
 -1        31    1    0    1
 -2      1429      1437      1438      1430      1432      1440      1439      1431
 -1        32    1    0    1
 -2      1437      1009      1010      1438      1440      1012      1011      1439
 -1        33    1    0    1
 -2       859      1445      1446       860       862      1448      1447       861
 -1        34    1    0    1
 -2      1445      1453      1454      1446      1448      1456      1455      1447
 -1        35    1    0    1
 -2      1453      1461      1462      1454      1456      1464      1463      1455
 -1        36    1    0    1
 -2      1461      1059      1060      1462      1464      1062      1061      1463
 -1        37    1    0    1
 -2       909      1469      1470       910       912      1472      1471       911
 -1        38    1    0    1
 -2      1469      1109      1110      1470      1472      1112      1111      1471
 -1        39    1    0    1
 -2       959      1477      1478       960       962      1480      1479       961
 -1        40    1    0    1
 -2      1477      1159      1160      1478      1480      1162      1161      1479
 -1        41    1    0    1
 -2      1009      1485      1486      1010      1012      1488      1487      1011
 -1        42    1    0    1
 -2      1485      1209      1210      1486      1488      1212      1211      1487
 -1        43    1    0    1
 -2      1059      1493      1494      1060      1062      1496      1495      1061
 -1        44    1    0    1
 -2      1493      1259      1260      1494      1496      1262      1261      1495
 -1        45    1    0    1
 -2       117      1501      1502       118       120      1504      1503       119
 -1        46    1    0    1
 -2      1501       167       168      1502      1504       170       169      1503
 -1        47    1    0    1
 -2       217      1509      1510       218       220      1512      1511       219
 -1        48    1    0    1
 -2      1509       267       268      1510      1512       270       269      1511
 -1        49    1    0    1
 -2       125      1517      1518       126       128      1520      1519       127
 -1        50    1    0    1
 -2      1517       225       226      1518      1520       228       227      1519
 -1        51    1    0    1
 -2       175      1525      1526       176       178      1528      1527       177
 -1        52    1    0    1
 -2      1525       275       276      1526      1528       278       277      1527
 -1        53    1    0    1
 -2       317      1533      1534       318       320      1536      1535       319
 -1        54    1    0    1
 -2      1533       367       368      1534      1536       370       369      1535
 -1        55    1    0    1
 -2       417      1541      1542       418       420      1544      1543       419
 -1        56    1    0    1
 -2      1541       467       468      1542      1544       470       469      1543
 -1        57    1    0    1
 -2       325      1549      1550       326       328      1552      1551       327
 -1        58    1    0    1
 -2      1549       425       426      1550      1552       428       427      1551
 -1        59    1    0    1
 -2       375      1557      1558       376       378      1560      1559       377
 -1        60    1    0    1
 -2      1557       475       476      1558      1560       478       477      1559
 -1        61    1    0    1
 -2       517      1565      1566       518       520      1568      1567       519
 -1        62    1    0    1
 -2      1565       567       568      1566      1568       570       569      1567
 -1        63    1    0    1
 -2       617      1573      1574       618       620      1576      1575       619
 -1        64    1    0    1
 -2      1573       667       668      1574      1576       670       669      1575
 -1        65    1    0    1
 -2       525      1581      1582       526       528      1584      1583       527
 -1        66    1    0    1
 -2      1581       625       626      1582      1584       628       627      1583
 -1        67    1    0    1
 -2       575      1589      1590       576       578      1592      1591       577
 -1        68    1    0    1
 -2      1589       675       676      1590      1592       678       677      1591
 -1        69    1    0    1
 -2       717      1597      1598       718       720      1600      1599       719
 -1        70    1    0    1
 -2      1597       767       768      1598      1600       770       769      1599
 -1        71    1    0    1
 -2       817      1605      1606       818       820      1608      1607       819
 -1        72    1    0    1
 -2      1605       867       868      1606      1608       870       869      1607
 -1        73    1    0    1
 -2       725      1613      1614       726       728      1616      1615       727
 -1        74    1    0    1
 -2      1613       825       826      1614      1616       828       827      1615
 -1        75    1    0    1
 -2       775      1621      1622       776       778      1624      1623       777
 -1        76    1    0    1
 -2      1621       875       876      1622      1624       878       877      1623
 -1        77    1    0    1
 -2       917       967       968       918       920       970       969       919
 -1        78    1    0    1
 -2      1017      1067      1068      1018      1020      1070      1069      1019
 -1        79    1    0    1
 -2       925      1025      1026       926       928      1028      1027       927
 -1        80    1    0    1
 -2       975      1075      1076       976       978      1078      1077       977
 -1        81    1    0    1
 -2      1117      1629      1630      1118      1120      1632      1631      1119
 -1        82    1    0    1
 -2      1629      1167      1168      1630      1632      1170      1169      1631
 -1        83    1    0    1
 -2      1217      1637      1638      1218      1220      1640      1639      1219
 -1        84    1    0    1
 -2      1637      1267      1268      1638      1640      1270      1269      1639
 -1        85    1    0    1
 -2      1125      1645      1646      1126      1128      1648      1647      1127
 -1        86    1    0    1
 -2      1645      1225      1226      1646      1648      1228      1227      1647
 -1        87    1    0    1
 -2      1175      1653      1654      1176      1178      1656      1655      1177
 -1        88    1    0    1
 -2      1653      1275      1276      1654      1656      1278      1277      1655
 -1        89    1    0    1
 -2       109      1661      1662       110       112      1664      1663       111
 -1        90    1    0    1
 -2      1661       409       410      1662      1664       412       411      1663
 -1        91    1    0    1
 -2       209      1669      1670       210       212      1672      1671       211
 -1        92    1    0    1
 -2      1669       309       310      1670      1672       312       311      1671
 -1        93    1    0    1
 -2       159      1677      1678       160       162      1680      1679       161
 -1        94    1    0    1
 -2      1677       459       460      1678      1680       462       461      1679
 -1        95    1    0    1
 -2       259      1685      1686       260       262      1688      1687       261
 -1        96    1    0    1
 -2      1685       359       360      1686      1688       362       361      1687
 -1        97    1    0    1
 -2       109      1693      1694       110       112      1696      1695       111
 -1        98    1    0    1
 -2      1693       359       360      1694      1696       362       361      1695
 -1        99    1    0    1
 -2       159      1701      1702       160       162      1704      1703       161
 -1       100    1    0    1
 -2      1701       309       310      1702      1704       312       311      1703
 -1       101    1    0    1
 -2       209      1709      1710       210       212      1712      1711       211
 -1       102    1    0    1
 -2      1709       459       460      1710      1712       462       461      1711
 -1       103    1    0    1
 -2       259      1717      1718       260       262      1720      1719       261
 -1       104    1    0    1
 -2      1717       409       410      1718      1720       412       411      1719
 -1       105    1    0    1
 -2       309      1725      1726       310       312      1728      1727       311
 -1       106    1    0    1
 -2      1725       609       610      1726      1728       612       611      1727
 -1       107    1    0    1
 -2       409      1733      1734       410       412      1736      1735       411
 -1       108    1    0    1
 -2      1733       509       510      1734      1736       512       511      1735
 -1       109    1    0    1
 -2       359      1741      1742       360       362      1744      1743       361
 -1       110    1    0    1
 -2      1741       659       660      1742      1744       662       661      1743
 -1       111    1    0    1
 -2       459      1749      1750       460       462      1752      1751       461
 -1       112    1    0    1
 -2      1749       559       560      1750      1752       562       561      1751
 -1       113    1    0    1
 -2       309      1757      1758       310       312      1760      1759       311
 -1       114    1    0    1
 -2      1757       559       560      1758      1760       562       561      1759
 -1       115    1    0    1
 -2       359      1765      1766       360       362      1768      1767       361
 -1       116    1    0    1
 -2      1765       509       510      1766      1768       512       511      1767
 -1       117    1    0    1
 -2       409      1773      1774       410       412      1776      1775       411
 -1       118    1    0    1
 -2      1773       659       660      1774      1776       662       661      1775
 -1       119    1    0    1
 -2       459      1781      1782       460       462      1784      1783       461
 -1       120    1    0    1
 -2      1781       609       610      1782      1784       612       611      1783
 -1       121    1    0    1
 -2       509      1789      1790       510       512      1792      1791       511
 -1       122    1    0    1
 -2      1789       809       810      1790      1792       812       811      1791
 -1       123    1    0    1
 -2       609      1797      1798       610       612      1800      1799       611
 -1       124    1    0    1
 -2      1797       709       710      1798      1800       712       711      1799
 -1       125    1    0    1
 -2       559      1805      1806       560       562      1808      1807       561
 -1       126    1    0    1
 -2      1805       859       860      1806      1808       862       861      1807
 -1       127    1    0    1
 -2       659      1813      1814       660       662      1816      1815       661
 -1       128    1    0    1
 -2      1813       759       760      1814      1816       762       761      1815
 -1       129    1    0    1
 -2       509      1821      1822       510       512      1824      1823       511
 -1       130    1    0    1
 -2      1821       759       760      1822      1824       762       761      1823
 -1       131    1    0    1
 -2       559      1829      1830       560       562      1832      1831       561
 -1       132    1    0    1
 -2      1829       709       710      1830      1832       712       711      1831
 -1       133    1    0    1
 -2       609      1837      1838       610       612      1840      1839       611
 -1       134    1    0    1
 -2      1837       859       860      1838      1840       862       861      1839
 -1       135    1    0    1
 -2       659      1845      1846       660       662      1848      1847       661
 -1       136    1    0    1
 -2      1845       809       810      1846      1848       812       811      1847
 -1       137    1    0    1
 -2       709      1853      1854       710       712      1856      1855       711
 -1       138    1    0    1
 -2      1853      1009      1010      1854      1856      1012      1011      1855
 -1       139    1    0    1
 -2       809      1861      1862       810       812      1864      1863       811
 -1       140    1    0    1
 -2      1861       909       910      1862      1864       912       911      1863
 -1       141    1    0    1
 -2       759      1869      1870       760       762      1872      1871       761
 -1       142    1    0    1
 -2      1869      1059      1060      1870      1872      1062      1061      1871
 -1       143    1    0    1
 -2       859      1877      1878       860       862      1880      1879       861
 -1       144    1    0    1
 -2      1877       959       960      1878      1880       962       961      1879
 -1       145    1    0    1
 -2       709      1885      1886       710       712      1888      1887       711
 -1       146    1    0    1
 -2      1885       959       960      1886      1888       962       961      1887
 -1       147    1    0    1
 -2       759      1893      1894       760       762      1896      1895       761
 -1       148    1    0    1
 -2      1893       909       910      1894      1896       912       911      1895
 -1       149    1    0    1
 -2       809      1901      1902       810       812      1904      1903       811
 -1       150    1    0    1
 -2      1901      1059      1060      1902      1904      1062      1061      1903
 -1       151    1    0    1
 -2       859      1909      1910       860       862      1912      1911       861
 -1       152    1    0    1
 -2      1909      1009      1010      1910      1912      1012      1011      1911
 -1       153    1    0    1
 -2       909      1917      1918       910       912      1920      1919       911
 -1       154    1    0    1
 -2      1917      1209      1210      1918      1920      1212      1211      1919
 -1       155    1    0    1
 -2      1009      1925      1926      1010      1012      1928      1927      1011
 -1       156    1    0    1
 -2      1925      1109      1110      1926      1928      1112      1111      1927
 -1       157    1    0    1
 -2       959      1933      1934       960       962      1936      1935       961
 -1       158    1    0    1
 -2      1933      1259      1260      1934      1936      1262      1261      1935
 -1       159    1    0    1
 -2      1059      1941      1942      1060      1062      1944      1943      1061
 -1       160    1    0    1
 -2      1941      1159      1160      1942      1944      1162      1161      1943
 -1       161    1    0    1
 -2       909      1949      1950       910       912      1952      1951       911
 -1       162    1    0    1
 -2      1949      1159      1160      1950      1952      1162      1161      1951
 -1       163    1    0    1
 -2       959      1957      1958       960       962      1960      1959       961
 -1       164    1    0    1
 -2      1957      1109      1110      1958      1960      1112      1111      1959
 -1       165    1    0    1
 -2      1009      1965      1966      1010      1012      1968      1967      1011
 -1       166    1    0    1
 -2      1965      1259      1260      1966      1968      1262      1261      1967
 -1       167    1    0    1
 -2      1059      1973      1974      1060      1062      1976      1975      1061
 -1       168    1    0    1
 -2      1973      1209      1210      1974      1976      1212      1211      1975
 -3
    1PSTEP                         1           1           1          
  100CL  101 1.000000000           0                     0    1           1
 -4  DISP        4    1
 -5  D1          1    2    1    0
 -5  D2          1    2    2    0
 -5  D3          1    2    3    0
 -5  ALL         1    2    0    0    1ALL
 -3
 9999
