    1C
    1UNormalized cross-passage space-truss torsion benchmark            
    1UUSER                                                              
    1UDATE              06.august.2026                                  
    1UTIME              08:06:55                                        
    1UHOST                                                              
    1UPGM               CalculiX                                        
    1UVERSION           Version 2.21                             
    1UCOMPILETIME       Sat Jul 29 10:52:01 CEST 2023                    
    1UDIR                                                               
    1UDBN                                                               
    1UMAT    1STEEL                                                     
    2C                           920                                     1
 -1       181-1.19392E+00 1.10406E-03-3.55217E-02
 -1       182-1.23033E+00 3.58513E-03-1.91580E-02
 -1       183-1.20608E+00-1.10406E-03 3.55217E-02
 -1       184-1.16967E+00-3.58513E-03 1.91580E-02
 -1       189-1.20145E+00-3.41225E-02-1.15569E-02
 -1       190-1.20010E+00-2.46574E-03-3.59709E-02
 -1       191-1.19855E+00 3.41225E-02 1.15569E-02
 -1       192-1.19990E+00 2.46574E-03 3.59709E-02
 -1       197-1.23365E+00-1.29325E-02 5.48678E-04
 -1       198-1.20099E+00-3.60094E-02 1.52775E-03
 -1       199-1.16635E+00 1.29325E-02-5.48678E-04
 -1       200-1.19901E+00 3.60094E-02-1.52775E-03
 -1       231 1.20178E+00 2.55221E-03-3.59208E-02
 -1       232 1.16758E+00-1.84045E-03-1.56598E-02
 -1       233 1.19822E+00-2.55221E-03 3.59208E-02
 -1       234 1.23242E+00 1.84045E-03 1.56598E-02
 -1       239 1.20143E+00-3.37965E-02-1.24797E-02
 -1       240 1.20006E+00-1.48932E-03-3.60247E-02
 -1       241 1.19857E+00 3.37965E-02 1.24797E-02
 -1       242 1.19994E+00 1.48932E-03 3.60247E-02
 -1       247 1.16707E+00-1.46725E-02-6.22501E-04
 -1       248 1.20089E+00-3.60121E-02-1.52786E-03
 -1       249 1.23293E+00 1.46725E-02 6.22501E-04
 -1       250 1.19911E+00 3.60121E-02 1.52786E-03
 -1       281-1.19302E+00-2.96955E-03 1.96475E+00
 -1       282-1.22984E+00 1.30746E-03 1.97980E+00
 -1       283-1.20698E+00 2.96955E-03 2.03525E+00
 -1       284-1.17016E+00-1.30746E-03 2.02020E+00
 -1       289-1.19857E+00-3.37965E-02 1.98752E+00
 -1       290-1.19994E+00-1.48932E-03 1.96398E+00
 -1       291-1.20143E+00 3.37965E-02 2.01248E+00
 -1       292-1.20006E+00 1.48932E-03 2.03602E+00
 -1       297-1.23293E+00-1.46725E-02 1.99938E+00
 -1       298-1.19911E+00-3.60121E-02 1.99847E+00
 -1       299-1.16707E+00 1.46725E-02 2.00062E+00
 -1       300-1.20089E+00 3.60121E-02 2.00153E+00
 -1       331 1.20330E+00-1.36844E-03 1.96412E+00
 -1       332 1.16826E+00-3.59743E-03 1.98329E+00
 -1       333 1.19670E+00 1.36844E-03 2.03588E+00
 -1       334 1.23174E+00 3.59743E-03 2.01671E+00
 -1       339 1.19855E+00-3.41225E-02 1.98844E+00
 -1       340 1.19990E+00-2.46574E-03 1.96403E+00
 -1       341 1.20145E+00 3.41225E-02 2.01156E+00
 -1       342 1.20010E+00 2.46574E-03 2.03597E+00
 -1       347 1.16635E+00-1.29325E-02 2.00055E+00
 -1       348 1.19901E+00-3.60094E-02 2.00153E+00
 -1       349 1.23365E+00 1.29325E-02 1.99945E+00
 -1       350 1.20099E+00 3.60094E-02 1.99847E+00
 -1       381-1.19535E+00 9.99972E+00-3.57527E-02
 -1       382-1.23121E+00 1.00000E+01-1.80487E-02
 -1       383-1.20465E+00 1.00003E+01 3.57527E-02
 -1       384-1.16879E+00 9.99997E+00 1.80487E-02
 -1       389-1.20000E+00 9.96600E+00-1.20000E-02
 -1       390-1.20000E+00 9.99800E+00-3.60000E-02
 -1       391-1.20000E+00 1.00340E+01 1.20000E-02
 -1       392-1.20000E+00 1.00020E+01 3.60000E-02
 -1       397-1.23328E+00 9.98613E+00 0.00000E+00
 -1       398-1.20000E+00 9.96394E+00 0.00000E+00
 -1       399-1.16672E+00 1.00139E+01 0.00000E+00
 -1       400-1.20000E+00 1.00361E+01 0.00000E+00
 -1       431 1.20440E+00 9.99992E+00-3.57860E-02
 -1       432 1.16866E+00 9.99979E+00-1.78245E-02
 -1       433 1.19560E+00 1.00001E+01 3.57860E-02
 -1       434 1.23134E+00 1.00002E+01 1.78245E-02
 -1       439 1.20000E+00 9.96600E+00-1.20000E-02
 -1       440 1.20000E+00 9.99800E+00-3.60000E-02
 -1       441 1.20000E+00 1.00340E+01 1.20000E-02
 -1       442 1.20000E+00 1.00020E+01 3.60000E-02
 -1       447 1.16672E+00 9.98613E+00 0.00000E+00
 -1       448 1.20000E+00 9.96394E+00 0.00000E+00
 -1       449 1.23328E+00 1.00139E+01 0.00000E+00
 -1       450 1.20000E+00 1.00361E+01 0.00000E+00
 -1       481-1.19546E+00 1.00001E+01 1.96423E+00
 -1       482-1.23127E+00 1.00002E+01 1.98205E+00
 -1       483-1.20454E+00 9.99992E+00 2.03577E+00
 -1       484-1.16873E+00 9.99979E+00 2.01795E+00
 -1       489-1.20000E+00 9.96600E+00 1.98800E+00
 -1       490-1.20000E+00 9.99800E+00 1.96400E+00
 -1       491-1.20000E+00 1.00340E+01 2.01200E+00
 -1       492-1.20000E+00 1.00020E+01 2.03600E+00
 -1       497-1.23328E+00 9.98613E+00 2.00000E+00
 -1       498-1.20000E+00 9.96394E+00 2.00000E+00
 -1       499-1.16672E+00 1.00139E+01 2.00000E+00
 -1       500-1.20000E+00 1.00361E+01 2.00000E+00
 -1       531 1.20428E+00 1.00003E+01 1.96420E+00
 -1       532 1.16860E+00 9.99997E+00 1.98228E+00
 -1       533 1.19572E+00 9.99973E+00 2.03580E+00
 -1       534 1.23140E+00 1.00000E+01 2.01772E+00
 -1       539 1.20000E+00 9.96600E+00 1.98800E+00
 -1       540 1.20000E+00 9.99800E+00 1.96400E+00
 -1       541 1.20000E+00 1.00340E+01 2.01200E+00
 -1       542 1.20000E+00 1.00020E+01 2.03600E+00
 -1       547 1.16672E+00 9.98613E+00 2.00000E+00
 -1       548 1.20000E+00 9.96394E+00 2.00000E+00
 -1       549 1.23328E+00 1.00139E+01 2.00000E+00
 -1       550 1.20000E+00 1.00361E+01 2.00000E+00
 -1       581-1.19526E+00 1.99998E+01-3.57419E-02
 -1       582-1.23117E+00 2.00001E+01-1.81237E-02
 -1       583-1.20474E+00 2.00002E+01 3.57419E-02
 -1       584-1.16883E+00 1.99999E+01 1.81237E-02
 -1       589-1.20000E+00 1.99660E+01-1.20000E-02
 -1       590-1.20000E+00 1.99980E+01-3.60000E-02
 -1       591-1.20000E+00 2.00340E+01 1.20000E-02
 -1       592-1.20000E+00 2.00020E+01 3.60000E-02
 -1       597-1.23328E+00 1.99861E+01 0.00000E+00
 -1       598-1.20000E+00 1.99639E+01 0.00000E+00
 -1       599-1.16672E+00 2.00139E+01 0.00000E+00
 -1       600-1.20000E+00 2.00361E+01 0.00000E+00
 -1       631 1.20449E+00 1.99997E+01-3.57737E-02
 -1       632 1.16870E+00 1.99996E+01-1.79010E-02
 -1       633 1.19551E+00 2.00003E+01 3.57737E-02
 -1       634 1.23130E+00 2.00004E+01 1.79010E-02
 -1       639 1.20000E+00 1.99660E+01-1.20000E-02
 -1       640 1.20000E+00 1.99980E+01-3.60000E-02
 -1       641 1.20000E+00 2.00340E+01 1.20000E-02
 -1       642 1.20000E+00 2.00020E+01 3.60000E-02
 -1       647 1.16672E+00 1.99861E+01 0.00000E+00
 -1       648 1.20000E+00 1.99639E+01 0.00000E+00
 -1       649 1.23328E+00 2.00139E+01 0.00000E+00
 -1       650 1.20000E+00 2.00361E+01 0.00000E+00
 -1       681-1.19542E+00 2.00003E+01 1.96424E+00
 -1       682-1.23125E+00 2.00004E+01 1.98202E+00
 -1       683-1.20458E+00 1.99997E+01 2.03576E+00
 -1       684-1.16875E+00 1.99996E+01 2.01798E+00
 -1       689-1.20000E+00 1.99660E+01 1.98800E+00
 -1       690-1.20000E+00 1.99980E+01 1.96400E+00
 -1       691-1.20000E+00 2.00340E+01 2.01200E+00
 -1       692-1.20000E+00 2.00020E+01 2.03600E+00
 -1       697-1.23328E+00 1.99861E+01 2.00000E+00
 -1       698-1.20000E+00 1.99639E+01 2.00000E+00
 -1       699-1.16672E+00 2.00139E+01 2.00000E+00
 -1       700-1.20000E+00 2.00361E+01 2.00000E+00
 -1       731 1.20433E+00 2.00002E+01 1.96421E+00
 -1       732 1.16862E+00 1.99999E+01 1.98224E+00
 -1       733 1.19567E+00 1.99998E+01 2.03579E+00
 -1       734 1.23138E+00 2.00001E+01 2.01776E+00
 -1       739 1.20000E+00 1.99660E+01 1.98800E+00
 -1       740 1.20000E+00 1.99980E+01 1.96400E+00
 -1       741 1.20000E+00 2.00340E+01 2.01200E+00
 -1       742 1.20000E+00 2.00020E+01 2.03600E+00
 -1       747 1.16672E+00 1.99861E+01 2.00000E+00
 -1       748 1.20000E+00 1.99639E+01 2.00000E+00
 -1       749 1.23328E+00 2.00139E+01 2.00000E+00
 -1       750 1.20000E+00 2.00361E+01 2.00000E+00
 -1       781-1.19510E+00 2.99994E+01-3.57160E-02
 -1       782-1.23109E+00 3.00001E+01-1.82673E-02
 -1       783-1.20490E+00 3.00006E+01 3.57160E-02
 -1       784-1.16891E+00 2.99999E+01 1.82673E-02
 -1       789-1.20102E+00 2.99659E+01-1.16828E-02
 -1       790-1.20007E+00 2.99977E+01-3.59798E-02
 -1       791-1.19898E+00 3.00341E+01 1.16828E-02
 -1       792-1.19993E+00 3.00023E+01 3.59798E-02
 -1       797-1.23354E+00 2.99868E+01 3.96605E-04
 -1       798-1.20069E+00 2.99640E+01 1.08098E-03
 -1       799-1.16646E+00 3.00132E+01-3.96605E-04
 -1       800-1.19931E+00 3.00360E+01-1.08098E-03
 -1       831 1.20434E+00 2.99997E+01-3.57919E-02
 -1       832 1.16863E+00 2.99995E+01-1.77714E-02
 -1       833 1.19566E+00 3.00003E+01 3.57919E-02
 -1       834 1.23137E+00 3.00005E+01 1.77714E-02
 -1       839 1.20102E+00 2.99661E+01-1.23355E-02
 -1       840 1.20005E+00 2.99984E+01-3.60180E-02
 -1       841 1.19898E+00 3.00339E+01 1.23355E-02
 -1       842 1.19995E+00 3.00016E+01 3.60180E-02
 -1       847 1.16697E+00 2.99855E+01-4.33494E-04
 -1       848 1.20064E+00 2.99640E+01-1.08101E-03
 -1       849 1.23303E+00 3.00145E+01 4.33494E-04
 -1       850 1.19936E+00 3.00360E+01 1.08101E-03
 -1       881-1.19537E+00 3.00003E+01 1.96424E+00
 -1       882-1.23122E+00 3.00005E+01 1.98198E+00
 -1       883-1.20463E+00 2.99997E+01 2.03576E+00
 -1       884-1.16878E+00 2.99995E+01 2.01802E+00
 -1       889-1.19898E+00 2.99661E+01 1.98766E+00
 -1       890-1.19995E+00 2.99984E+01 1.96398E+00
 -1       891-1.20102E+00 3.00339E+01 2.01234E+00
 -1       892-1.20005E+00 3.00016E+01 2.03602E+00
 -1       897-1.23303E+00 2.99855E+01 1.99957E+00
 -1       898-1.19936E+00 2.99640E+01 1.99892E+00
 -1       899-1.16697E+00 3.00145E+01 2.00043E+00
 -1       900-1.20064E+00 3.00360E+01 2.00108E+00
 -1       931 1.20405E+00 3.00006E+01 1.96418E+00
 -1       932 1.16849E+00 2.99999E+01 1.98248E+00
 -1       933 1.19595E+00 2.99994E+01 2.03582E+00
 -1       934 1.23151E+00 3.00001E+01 2.01752E+00
 -1       939 1.19898E+00 2.99659E+01 1.98832E+00
 -1       940 1.19993E+00 2.99977E+01 1.96402E+00
 -1       941 1.20102E+00 3.00341E+01 2.01168E+00
 -1       942 1.20007E+00 3.00023E+01 2.03598E+00
 -1       947 1.16646E+00 2.99868E+01 2.00040E+00
 -1       948 1.19931E+00 2.99640E+01 2.00108E+00
 -1       949 1.23354E+00 3.00132E+01 1.99960E+00
 -1       950 1.20069E+00 3.00360E+01 1.99892E+00
 -1       981-1.19631E+00 3.99998E+01-3.58651E-02
 -1       982-1.23166E+00 3.99985E+01-1.71901E-02
 -1       983-1.20369E+00 4.00002E+01 3.58651E-02
 -1       984-1.16834E+00 4.00015E+01 1.71901E-02
 -1       989-1.20145E+00 3.99659E+01-1.15569E-02
 -1       990-1.20010E+00 3.99975E+01-3.59709E-02
 -1       991-1.19855E+00 4.00341E+01 1.15569E-02
 -1       992-1.19990E+00 4.00025E+01 3.59709E-02
 -1       997-1.23365E+00 3.99871E+01 5.48678E-04
 -1       998-1.20099E+00 3.99640E+01 1.52775E-03
 -1       999-1.16635E+00 4.00129E+01-5.48678E-04
 -1      1000-1.19901E+00 4.00360E+01-1.52775E-03
 -1      1005-1.19216E+00 3.99984E+01-3.51555E-02
 -1      1006-1.22914E+00 4.00038E+01-2.08940E-02
 -1      1007-1.20784E+00 4.00016E+01 3.51555E-02
 -1      1008-1.17086E+00 3.99962E+01 2.08940E-02
 -1      1047 1.20442E+00 3.99995E+01-3.57801E-02
 -1      1048 1.16867E+00 3.99994E+01-1.78383E-02
 -1      1049 1.19558E+00 4.00005E+01 3.57801E-02
 -1      1050 1.23133E+00 4.00006E+01 1.78383E-02
 -1      1055 1.20143E+00 3.99662E+01-1.24797E-02
 -1      1056 1.20006E+00 3.99985E+01-3.60247E-02
 -1      1057 1.19857E+00 4.00338E+01 1.24797E-02
 -1      1058 1.19994E+00 4.00015E+01 3.60247E-02
 -1      1063 1.16707E+00 3.99853E+01-6.22501E-04
 -1      1064 1.20089E+00 3.99640E+01-1.52786E-03
 -1      1065 1.23293E+00 4.00147E+01 6.22501E-04
 -1      1066 1.19911E+00 4.00360E+01 1.52786E-03
 -1      1097-1.19668E+00 4.00008E+01 1.96411E+00
 -1      1098-1.23183E+00 3.99990E+01 1.98310E+00
 -1      1099-1.20332E+00 3.99992E+01 2.03589E+00
 -1      1100-1.16817E+00 4.00010E+01 2.01690E+00
 -1      1105-1.19857E+00 3.99662E+01 1.98752E+00
 -1      1106-1.19994E+00 3.99985E+01 1.96398E+00
 -1      1107-1.20143E+00 4.00338E+01 2.01248E+00
 -1      1108-1.20006E+00 4.00015E+01 2.03602E+00
 -1      1113-1.23293E+00 3.99853E+01 1.99938E+00
 -1      1114-1.19911E+00 3.99640E+01 1.99847E+00
 -1      1115-1.16707E+00 4.00147E+01 2.00062E+00
 -1      1116-1.20089E+00 4.00360E+01 2.00153E+00
 -1      1121-1.19295E+00 3.99971E+01 1.96476E+00
 -1      1122-1.22978E+00 4.00015E+01 1.97973E+00
 -1      1123-1.20705E+00 4.00029E+01 2.03524E+00
 -1      1124-1.17022E+00 3.99985E+01 2.02027E+00
 -1      1163 1.20414E+00 4.00004E+01 1.96418E+00
 -1      1164 1.16853E+00 3.99998E+01 1.98240E+00
 -1      1165 1.19586E+00 3.99996E+01 2.03582E+00
 -1      1166 1.23147E+00 4.00002E+01 2.01760E+00
 -1      1171 1.19855E+00 3.99659E+01 1.98844E+00
 -1      1172 1.19990E+00 3.99975E+01 1.96403E+00
 -1      1173 1.20145E+00 4.00341E+01 2.01156E+00
 -1      1174 1.20010E+00 4.00025E+01 2.03597E+00
 -1      1179 1.16635E+00 3.99871E+01 2.00055E+00
 -1      1180 1.19901E+00 3.99640E+01 2.00153E+00
 -1      1181 1.23365E+00 4.00129E+01 1.99945E+00
 -1      1182 1.20099E+00 4.00360E+01 1.99847E+00
 -1      1213-1.19606E+00 4.99977E+01-3.57684E-02
 -1      1214-1.23150E+00 4.99967E+01-1.72423E-02
 -1      1215-1.20394E+00 5.00023E+01 3.57684E-02
 -1      1216-1.16850E+00 5.00033E+01 1.72423E-02
 -1      1221-1.20145E+00 4.99659E+01-1.15569E-02
 -1      1222-1.20010E+00 4.99975E+01-3.59709E-02
 -1      1223-1.19855E+00 5.00341E+01 1.15569E-02
 -1      1224-1.19990E+00 5.00025E+01 3.59709E-02
 -1      1229-1.23365E+00 4.99871E+01 5.48678E-04
 -1      1230-1.20099E+00 4.99640E+01 1.52775E-03
 -1      1231-1.16635E+00 5.00129E+01-5.48678E-04
 -1      1232-1.19901E+00 5.00360E+01-1.52775E-03
 -1      1263 1.20658E+00 4.99964E+01-3.52651E-02
 -1      1264 1.16988E+00 5.00002E+01-1.98129E-02
 -1      1265 1.19342E+00 5.00036E+01 3.52651E-02
 -1      1266 1.23012E+00 4.99998E+01 1.98129E-02
 -1      1271 1.20143E+00 4.99662E+01-1.24797E-02
 -1      1272 1.20006E+00 4.99985E+01-3.60247E-02
 -1      1273 1.19857E+00 5.00338E+01 1.24797E-02
 -1      1274 1.19994E+00 5.00015E+01 3.60247E-02
 -1      1279 1.16707E+00 4.99853E+01-6.22501E-04
 -1      1280 1.20089E+00 4.99640E+01-1.52786E-03
 -1      1281 1.23293E+00 5.00147E+01 6.22501E-04
 -1      1282 1.19911E+00 5.00360E+01 1.52786E-03
 -1      1313-1.19817E+00 5.00034E+01 1.96415E+00
 -1      1314-1.23246E+00 4.99993E+01 1.98433E+00
 -1      1315-1.20183E+00 4.99966E+01 2.03585E+00
 -1      1316-1.16754E+00 5.00007E+01 2.01567E+00
 -1      1321-1.19857E+00 4.99662E+01 1.98752E+00
 -1      1322-1.19994E+00 4.99985E+01 1.96398E+00
 -1      1323-1.20143E+00 5.00338E+01 2.01248E+00
 -1      1324-1.20006E+00 5.00015E+01 2.03602E+00
 -1      1329-1.23293E+00 4.99853E+01 1.99938E+00
 -1      1330-1.19911E+00 4.99640E+01 1.99847E+00
 -1      1331-1.16707E+00 5.00147E+01 2.00062E+00
 -1      1332-1.20089E+00 5.00360E+01 2.00153E+00
 -1      1363 1.20512E+00 5.00022E+01 1.96438E+00
 -1      1364 1.16910E+00 5.00033E+01 1.98172E+00
 -1      1365 1.19488E+00 4.99978E+01 2.03562E+00
 -1      1366 1.23090E+00 4.99967E+01 2.01828E+00
 -1      1371 1.19855E+00 4.99659E+01 1.98844E+00
 -1      1372 1.19990E+00 4.99975E+01 1.96403E+00
 -1      1373 1.20145E+00 5.00341E+01 2.01156E+00
 -1      1374 1.20010E+00 5.00025E+01 2.03597E+00
 -1      1379 1.16635E+00 4.99871E+01 2.00055E+00
 -1      1380 1.19901E+00 4.99640E+01 2.00153E+00
 -1      1381 1.23365E+00 5.00129E+01 1.99945E+00
 -1      1382 1.20099E+00 5.00360E+01 1.99847E+00
 -1      1413-1.19553E+00 5.00000E+00-1.85778E-01
 -1      1414-1.23131E+00 5.00000E+00-1.67883E-01
 -1      1415-1.20447E+00 5.00000E+00-1.14222E-01
 -1      1416-1.16869E+00 5.00000E+00-1.32117E-01
 -1      1421 1.20447E+00 5.00000E+00 1.14222E-01
 -1      1422 1.16869E+00 5.00000E+00 1.32117E-01
 -1      1423 1.19553E+00 5.00000E+00 1.85778E-01
 -1      1424 1.23131E+00 5.00000E+00 1.67883E-01
 -1      1429-1.19553E+00 5.00000E+00 1.81422E+00
 -1      1430-1.23131E+00 5.00000E+00 1.83212E+00
 -1      1431-1.20447E+00 5.00000E+00 1.88578E+00
 -1      1432-1.16869E+00 5.00000E+00 1.86788E+00
 -1      1437 1.20447E+00 5.00000E+00 2.11422E+00
 -1      1438 1.16869E+00 5.00000E+00 2.13212E+00
 -1      1439 1.19553E+00 5.00000E+00 2.18578E+00
 -1      1440 1.23131E+00 5.00000E+00 2.16788E+00
 -1      1445-1.19522E+00 1.24989E+01-1.41787E-01
 -1      1446-1.23115E+00 1.24995E+01-1.24216E-01
 -1      1447-1.20478E+00 1.25011E+01-7.03450E-02
 -1      1448-1.16885E+00 1.25005E+01-8.79159E-02
 -1      1453-1.19553E+00 1.50000E+01-1.85777E-01
 -1      1454-1.23131E+00 1.50000E+01-1.67887E-01
 -1      1455-1.20447E+00 1.50000E+01-1.14223E-01
 -1      1456-1.16869E+00 1.50000E+01-1.32113E-01
 -1      1461-1.19586E+00 1.75011E+01-1.41867E-01
 -1      1462-1.23147E+00 1.75005E+01-1.23652E-01
 -1      1463-1.20414E+00 1.74989E+01-7.02647E-02
 -1      1464-1.16853E+00 1.74995E+01-8.84797E-02
 -1      1469 1.20414E+00 1.25011E+01 7.02647E-02
 -1      1470 1.16853E+00 1.25005E+01 8.84797E-02
 -1      1471 1.19586E+00 1.24989E+01 1.41867E-01
 -1      1472 1.23147E+00 1.24995E+01 1.23652E-01
 -1      1477 1.20447E+00 1.50000E+01 1.14223E-01
 -1      1478 1.16869E+00 1.50000E+01 1.32113E-01
 -1      1479 1.19553E+00 1.50000E+01 1.85777E-01
 -1      1480 1.23131E+00 1.50000E+01 1.67887E-01
 -1      1485 1.20478E+00 1.74989E+01 7.03450E-02
 -1      1486 1.16885E+00 1.74995E+01 8.79159E-02
 -1      1487 1.19522E+00 1.75011E+01 1.41787E-01
 -1      1488 1.23115E+00 1.75005E+01 1.24216E-01
 -1      1493-1.19522E+00 1.24989E+01 1.85821E+00
 -1      1494-1.23115E+00 1.24995E+01 1.87578E+00
 -1      1495-1.20478E+00 1.25011E+01 1.92966E+00
 -1      1496-1.16885E+00 1.25005E+01 1.91208E+00
 -1      1501-1.19553E+00 1.50000E+01 1.81422E+00
 -1      1502-1.23131E+00 1.50000E+01 1.83211E+00
 -1      1503-1.20447E+00 1.50000E+01 1.88578E+00
 -1      1504-1.16869E+00 1.50000E+01 1.86789E+00
 -1      1509-1.19586E+00 1.75011E+01 1.85813E+00
 -1      1510-1.23147E+00 1.75005E+01 1.87635E+00
 -1      1511-1.20414E+00 1.74989E+01 1.92974E+00
 -1      1512-1.16853E+00 1.74995E+01 1.91152E+00
 -1      1517 1.20414E+00 1.25011E+01 2.07026E+00
 -1      1518 1.16853E+00 1.25005E+01 2.08848E+00
 -1      1519 1.19586E+00 1.24989E+01 2.14187E+00
 -1      1520 1.23147E+00 1.24995E+01 2.12365E+00
 -1      1525 1.20447E+00 1.50000E+01 2.11422E+00
 -1      1526 1.16869E+00 1.50000E+01 2.13211E+00
 -1      1527 1.19553E+00 1.50000E+01 2.18578E+00
 -1      1528 1.23131E+00 1.50000E+01 2.16789E+00
 -1      1533 1.20478E+00 1.74989E+01 2.07034E+00
 -1      1534 1.16885E+00 1.74995E+01 2.08792E+00
 -1      1535 1.19522E+00 1.75011E+01 2.14179E+00
 -1      1536 1.23115E+00 1.75005E+01 2.12422E+00
 -1      1541-1.19553E+00 2.50000E+01-1.85778E-01
 -1      1542-1.23131E+00 2.50000E+01-1.67883E-01
 -1      1543-1.20447E+00 2.50000E+01-1.14222E-01
 -1      1544-1.16869E+00 2.50000E+01-1.32117E-01
 -1      1549 1.20447E+00 2.50000E+01 1.14222E-01
 -1      1550 1.16869E+00 2.50000E+01 1.32117E-01
 -1      1551 1.19553E+00 2.50000E+01 1.85778E-01
 -1      1552 1.23131E+00 2.50000E+01 1.67883E-01
 -1      1557-1.19553E+00 2.50000E+01 1.81422E+00
 -1      1558-1.23131E+00 2.50000E+01 1.83212E+00
 -1      1559-1.20447E+00 2.50000E+01 1.88578E+00
 -1      1560-1.16869E+00 2.50000E+01 1.86788E+00
 -1      1565 1.20447E+00 2.50000E+01 2.11422E+00
 -1      1566 1.16869E+00 2.50000E+01 2.13212E+00
 -1      1567 1.19553E+00 2.50000E+01 2.18578E+00
 -1      1568 1.23131E+00 2.50000E+01 2.16788E+00
 -1      1573-1.19510E+00 3.12485E+01-9.30910E-02
 -1      1574-1.23109E+00 3.12492E+01-7.56508E-02
 -1      1575-1.20490E+00 3.12515E+01-2.17140E-02
 -1      1576-1.16891E+00 3.12508E+01-3.91543E-02
 -1      1581-1.19519E+00 3.24988E+01-1.41781E-01
 -1      1582-1.23114E+00 3.24994E+01-1.24237E-01
 -1      1583-1.20481E+00 3.25012E+01-7.03511E-02
 -1      1584-1.16886E+00 3.25006E+01-8.78954E-02
 -1      1589-1.19534E+00 3.37494E+01-1.74330E-01
 -1      1590-1.23121E+00 3.37497E+01-1.56628E-01
 -1      1591-1.20466E+00 3.37506E+01-1.02834E-01
 -1      1592-1.16879E+00 3.37503E+01-1.20535E-01
 -1      1597-1.19553E+00 3.50000E+01-1.85777E-01
 -1      1598-1.23131E+00 3.50000E+01-1.67888E-01
 -1      1599-1.20447E+00 3.50000E+01-1.14223E-01
 -1      1600-1.16869E+00 3.50000E+01-1.32112E-01
 -1      1605-1.19572E+00 3.62506E+01-1.74377E-01
 -1      1606-1.23140E+00 3.62503E+01-1.56298E-01
 -1      1607-1.20428E+00 3.62494E+01-1.02787E-01
 -1      1608-1.16860E+00 3.62497E+01-1.20866E-01
 -1      1613-1.19589E+00 3.75012E+01-1.41868E-01
 -1      1614-1.23149E+00 3.75006E+01-1.23626E-01
 -1      1615-1.20411E+00 3.74988E+01-7.02642E-02
 -1      1616-1.16851E+00 3.74994E+01-8.85056E-02
 -1      1621-1.19601E+00 3.87515E+01-9.32042E-02
 -1      1622-1.23154E+00 3.87507E+01-7.48534E-02
 -1      1623-1.20399E+00 3.87485E+01-2.16008E-02
 -1      1624-1.16846E+00 3.87493E+01-3.99517E-02
 -1      1629 1.20399E+00 3.12515E+01 2.16008E-02
 -1      1630 1.16846E+00 3.12507E+01 3.99517E-02
 -1      1631 1.19601E+00 3.12485E+01 9.32042E-02
 -1      1632 1.23154E+00 3.12493E+01 7.48534E-02
 -1      1637 1.20411E+00 3.25012E+01 7.02642E-02
 -1      1638 1.16851E+00 3.25006E+01 8.85056E-02
 -1      1639 1.19589E+00 3.24988E+01 1.41868E-01
 -1      1640 1.23149E+00 3.24994E+01 1.23626E-01
 -1      1645 1.20428E+00 3.37506E+01 1.02787E-01
 -1      1646 1.16860E+00 3.37503E+01 1.20866E-01
 -1      1647 1.19572E+00 3.37494E+01 1.74377E-01
 -1      1648 1.23140E+00 3.37497E+01 1.56298E-01
 -1      1653 1.20447E+00 3.50000E+01 1.14223E-01
 -1      1654 1.16869E+00 3.50000E+01 1.32112E-01
 -1      1655 1.19553E+00 3.50000E+01 1.85777E-01
 -1      1656 1.23131E+00 3.50000E+01 1.67888E-01
 -1      1661 1.20466E+00 3.62494E+01 1.02834E-01
 -1      1662 1.16879E+00 3.62497E+01 1.20535E-01
 -1      1663 1.19534E+00 3.62506E+01 1.74330E-01
 -1      1664 1.23121E+00 3.62503E+01 1.56628E-01
 -1      1669 1.20481E+00 3.74988E+01 7.03511E-02
 -1      1670 1.16886E+00 3.74994E+01 8.78954E-02
 -1      1671 1.19519E+00 3.75012E+01 1.41781E-01
 -1      1672 1.23114E+00 3.75006E+01 1.24237E-01
 -1      1677 1.20490E+00 3.87485E+01 2.17140E-02
 -1      1678 1.16891E+00 3.87492E+01 3.91543E-02
 -1      1679 1.19510E+00 3.87515E+01 9.30910E-02
 -1      1680 1.23109E+00 3.87508E+01 7.56508E-02
 -1      1685-1.19510E+00 3.12485E+01 1.90691E+00
 -1      1686-1.23109E+00 3.12492E+01 1.92435E+00
 -1      1687-1.20490E+00 3.12515E+01 1.97829E+00
 -1      1688-1.16891E+00 3.12508E+01 1.96085E+00
 -1      1693-1.19519E+00 3.24988E+01 1.85822E+00
 -1      1694-1.23114E+00 3.24994E+01 1.87576E+00
 -1      1695-1.20481E+00 3.25012E+01 1.92965E+00
 -1      1696-1.16886E+00 3.25006E+01 1.91210E+00
 -1      1701-1.19534E+00 3.37494E+01 1.82567E+00
 -1      1702-1.23121E+00 3.37497E+01 1.84337E+00
 -1      1703-1.20466E+00 3.37506E+01 1.89717E+00
 -1      1704-1.16879E+00 3.37503E+01 1.87946E+00
 -1      1709-1.19553E+00 3.50000E+01 1.81422E+00
 -1      1710-1.23131E+00 3.50000E+01 1.83211E+00
 -1      1711-1.20447E+00 3.50000E+01 1.88578E+00
 -1      1712-1.16869E+00 3.50000E+01 1.86789E+00
 -1      1717-1.19572E+00 3.62506E+01 1.82562E+00
 -1      1718-1.23140E+00 3.62503E+01 1.84370E+00
 -1      1719-1.20428E+00 3.62494E+01 1.89721E+00
 -1      1720-1.16860E+00 3.62497E+01 1.87913E+00
 -1      1725-1.19589E+00 3.75012E+01 1.85813E+00
 -1      1726-1.23149E+00 3.75006E+01 1.87637E+00
 -1      1727-1.20411E+00 3.74988E+01 1.92974E+00
 -1      1728-1.16851E+00 3.74994E+01 1.91149E+00
 -1      1733-1.19601E+00 3.87515E+01 1.90680E+00
 -1      1734-1.23154E+00 3.87507E+01 1.92515E+00
 -1      1735-1.20399E+00 3.87485E+01 1.97840E+00
 -1      1736-1.16846E+00 3.87493E+01 1.96005E+00
 -1      1741 1.20399E+00 3.12515E+01 2.02160E+00
 -1      1742 1.16846E+00 3.12507E+01 2.03995E+00
 -1      1743 1.19601E+00 3.12485E+01 2.09320E+00
 -1      1744 1.23154E+00 3.12493E+01 2.07485E+00
 -1      1749 1.20411E+00 3.25012E+01 2.07026E+00
 -1      1750 1.16851E+00 3.25006E+01 2.08851E+00
 -1      1751 1.19589E+00 3.24988E+01 2.14187E+00
 -1      1752 1.23149E+00 3.24994E+01 2.12363E+00
 -1      1757 1.20428E+00 3.37506E+01 2.10279E+00
 -1      1758 1.16860E+00 3.37503E+01 2.12087E+00
 -1      1759 1.19572E+00 3.37494E+01 2.17438E+00
 -1      1760 1.23140E+00 3.37497E+01 2.15630E+00
 -1      1765 1.20447E+00 3.50000E+01 2.11422E+00
 -1      1766 1.16869E+00 3.50000E+01 2.13211E+00
 -1      1767 1.19553E+00 3.50000E+01 2.18578E+00
 -1      1768 1.23131E+00 3.50000E+01 2.16789E+00
 -1      1773 1.20466E+00 3.62494E+01 2.10283E+00
 -1      1774 1.16879E+00 3.62497E+01 2.12054E+00
 -1      1775 1.19534E+00 3.62506E+01 2.17433E+00
 -1      1776 1.23121E+00 3.62503E+01 2.15663E+00
 -1      1781 1.20481E+00 3.74988E+01 2.07035E+00
 -1      1782 1.16886E+00 3.74994E+01 2.08790E+00
 -1      1783 1.19519E+00 3.75012E+01 2.14178E+00
 -1      1784 1.23114E+00 3.75006E+01 2.12424E+00
 -1      1789 1.20490E+00 3.87485E+01 2.02171E+00
 -1      1790 1.16891E+00 3.87492E+01 2.03915E+00
 -1      1791 1.19510E+00 3.87515E+01 2.09309E+00
 -1      1792 1.23109E+00 3.87508E+01 2.07565E+00
 -1      1797-1.19553E+00 4.50000E+01-1.85778E-01
 -1      1798-1.23131E+00 4.50000E+01-1.67883E-01
 -1      1799-1.20447E+00 4.50000E+01-1.14222E-01
 -1      1800-1.16869E+00 4.50000E+01-1.32117E-01
 -1      1805 1.20447E+00 4.50000E+01 1.14222E-01
 -1      1806 1.16869E+00 4.50000E+01 1.32117E-01
 -1      1807 1.19553E+00 4.50000E+01 1.85778E-01
 -1      1808 1.23131E+00 4.50000E+01 1.67883E-01
 -1      1813-1.19553E+00 4.50000E+01 1.81422E+00
 -1      1814-1.23131E+00 4.50000E+01 1.83212E+00
 -1      1815-1.20447E+00 4.50000E+01 1.88578E+00
 -1      1816-1.16869E+00 4.50000E+01 1.86788E+00
 -1      1821 1.20447E+00 4.50000E+01 2.11422E+00
 -1      1822 1.16869E+00 4.50000E+01 2.13212E+00
 -1      1823 1.19553E+00 4.50000E+01 2.18578E+00
 -1      1824 1.23131E+00 4.50000E+01 2.16788E+00
 -1      1829-6.01023E-01-5.95507E-02-1.16832E-02
 -1      1830-6.00070E-01-2.77896E-02-3.59798E-02
 -1      1831-5.98977E-01 8.63897E-03 1.16832E-02
 -1      1832-5.99930E-01-2.31221E-02 3.59798E-02
 -1      1837 0.00000E+00-6.99997E-02-1.20008E-02
 -1      1838 0.00000E+00-3.79991E-02-3.60000E-02
 -1      1839 0.00000E+00-2.00028E-03 1.20008E-02
 -1      1840 0.00000E+00-3.40009E-02 3.60000E-02
 -1      1845 6.01016E-01-5.93202E-02-1.23359E-02
 -1      1846 6.00049E-01-2.70988E-02-3.60180E-02
 -1      1847 5.98984E-01 8.40852E-03 1.23359E-02
 -1      1848 5.99951E-01-2.38129E-02 3.60180E-02
 -1      1853-5.98984E-01-8.40852E-03 1.98766E+00
 -1      1854-5.99951E-01 2.38129E-02 1.96398E+00
 -1      1855-6.01016E-01 5.93202E-02 2.01234E+00
 -1      1856-6.00049E-01 2.70988E-02 2.03602E+00
 -1      1861 0.00000E+00 2.00028E-03 1.98800E+00
 -1      1862 0.00000E+00 3.40009E-02 1.96400E+00
 -1      1863 0.00000E+00 6.99997E-02 2.01200E+00
 -1      1864 0.00000E+00 3.79991E-02 2.03600E+00
 -1      1869 5.98977E-01-8.63897E-03 1.98832E+00
 -1      1870 5.99930E-01 2.31221E-02 1.96402E+00
 -1      1871 6.01023E-01 5.95507E-02 2.01168E+00
 -1      1872 6.00070E-01 2.77896E-02 2.03598E+00
 -1      1877-1.23354E+00 7.99623E-03 5.00396E-01
 -1      1878-1.20070E+00-1.48194E-02 5.01081E-01
 -1      1879-1.16646E+00 3.44302E-02 4.99604E-01
 -1      1880-1.19930E+00 5.72458E-02 4.98919E-01
 -1      1885-1.23328E+00 1.61383E-02 1.00000E+00
 -1      1886-1.20001E+00-6.05551E-03 1.00000E+00
 -1      1887-1.16672E+00 4.38617E-02 1.00000E+00
 -1      1888-1.19999E+00 6.60555E-02 1.00000E+00
 -1      1893-1.23303E+00 6.76606E-03 1.49957E+00
 -1      1894-1.19936E+00-1.48205E-02 1.49892E+00
 -1      1895-1.16697E+00 3.56603E-02 1.50043E+00
 -1      1896-1.20064E+00 5.72469E-02 1.50108E+00
 -1      1901 1.16697E+00-3.56603E-02 4.99567E-01
 -1      1902 1.20064E+00-5.72469E-02 4.98919E-01
 -1      1903 1.23303E+00-6.76606E-03 5.00433E-01
 -1      1904 1.19936E+00 1.48205E-02 5.01081E-01
 -1      1909 1.16672E+00-4.38617E-02 1.00000E+00
 -1      1910 1.19999E+00-6.60555E-02 1.00000E+00
 -1      1911 1.23328E+00-1.61383E-02 1.00000E+00
 -1      1912 1.20001E+00 6.05551E-03 1.00000E+00
 -1      1917 1.16646E+00-3.44302E-02 1.50040E+00
 -1      1918 1.19930E+00-5.72458E-02 1.50108E+00
 -1      1919 1.23354E+00-7.99623E-03 1.49960E+00
 -1      1920 1.20070E+00 1.48194E-02 1.49892E+00
 -1      1925 0.00000E+00 2.99300E+01-1.20023E-02
 -1      1926 0.00000E+00 2.99620E+01-3.60001E-02
 -1      1927 0.00000E+00 2.99980E+01 1.20023E-02
 -1      1928 0.00000E+00 2.99660E+01 3.60001E-02
 -1      1933 0.00000E+00 3.00020E+01 1.98800E+00
 -1      1934 0.00000E+00 3.00340E+01 1.96400E+00
 -1      1935 0.00000E+00 3.00700E+01 2.01200E+00
 -1      1936 0.00000E+00 3.00380E+01 2.03600E+00
 -1      1941-1.23329E+00 3.00161E+01 1.00000E+00
 -1      1942-1.20002E+00 2.99939E+01 1.00000E+00
 -1      1943-1.16671E+00 3.00438E+01 1.00000E+00
 -1      1944-1.19998E+00 3.00661E+01 1.00000E+00
 -1      1949 1.16671E+00 2.99562E+01 1.00000E+00
 -1      1950 1.19998E+00 2.99339E+01 1.00000E+00
 -1      1951 1.23329E+00 2.99839E+01 1.00000E+00
 -1      1952 1.20002E+00 3.00061E+01 1.00000E+00
 -1      1957-6.01023E-01 3.99404E+01-1.16832E-02
 -1      1958-6.00070E-01 3.99722E+01-3.59798E-02
 -1      1959-5.98977E-01 4.00086E+01 1.16832E-02
 -1      1960-5.99930E-01 3.99769E+01 3.59798E-02
 -1      1965 0.00000E+00 3.99300E+01-1.20008E-02
 -1      1966 0.00000E+00 3.99620E+01-3.60000E-02
 -1      1967 0.00000E+00 3.99980E+01 1.20008E-02
 -1      1968 0.00000E+00 3.99660E+01 3.60000E-02
 -1      1973 6.01016E-01 3.99407E+01-1.23359E-02
 -1      1974 6.00049E-01 3.99729E+01-3.60180E-02
 -1      1975 5.98984E-01 4.00084E+01 1.23359E-02
 -1      1976 5.99951E-01 3.99762E+01 3.60180E-02
 -1      1981-5.98984E-01 3.99916E+01 1.98766E+00
 -1      1982-5.99951E-01 4.00238E+01 1.96398E+00
 -1      1983-6.01016E-01 4.00593E+01 2.01234E+00
 -1      1984-6.00049E-01 4.00271E+01 2.03602E+00
 -1      1989 0.00000E+00 4.00020E+01 1.98800E+00
 -1      1990 0.00000E+00 4.00340E+01 1.96400E+00
 -1      1991 0.00000E+00 4.00700E+01 2.01200E+00
 -1      1992 0.00000E+00 4.00380E+01 2.03600E+00
 -1      1997 5.98977E-01 3.99914E+01 1.98832E+00
 -1      1998 5.99930E-01 4.00231E+01 1.96402E+00
 -1      1999 6.01023E-01 4.00596E+01 2.01168E+00
 -1      2000 6.00070E-01 4.00278E+01 2.03598E+00
 -1      2005-1.23354E+00 4.00080E+01 5.00396E-01
 -1      2006-1.20070E+00 3.99852E+01 5.01081E-01
 -1      2007-1.16646E+00 4.00344E+01 4.99604E-01
 -1      2008-1.19930E+00 4.00572E+01 4.98919E-01
 -1      2013-1.23328E+00 4.00161E+01 1.00000E+00
 -1      2014-1.20001E+00 3.99939E+01 1.00000E+00
 -1      2015-1.16672E+00 4.00439E+01 1.00000E+00
 -1      2016-1.19999E+00 4.00661E+01 1.00000E+00
 -1      2021-1.23303E+00 4.00068E+01 1.49957E+00
 -1      2022-1.19936E+00 3.99852E+01 1.49892E+00
 -1      2023-1.16697E+00 4.00357E+01 1.50043E+00
 -1      2024-1.20064E+00 4.00572E+01 1.50108E+00
 -1      2029 1.16697E+00 3.99643E+01 4.99567E-01
 -1      2030 1.20064E+00 3.99428E+01 4.98919E-01
 -1      2031 1.23303E+00 3.99932E+01 5.00433E-01
 -1      2032 1.19936E+00 4.00148E+01 5.01081E-01
 -1      2037 1.16672E+00 3.99561E+01 1.00000E+00
 -1      2038 1.19999E+00 3.99339E+01 1.00000E+00
 -1      2039 1.23328E+00 3.99839E+01 1.00000E+00
 -1      2040 1.20001E+00 4.00061E+01 1.00000E+00
 -1      2045 1.16646E+00 3.99656E+01 1.50040E+00
 -1      2046 1.19930E+00 3.99428E+01 1.50108E+00
 -1      2047 1.23354E+00 3.99920E+01 1.49960E+00
 -1      2048 1.20070E+00 4.00148E+01 1.49892E+00
 -1      2053-6.01023E-01 4.99404E+01-1.16832E-02
 -1      2054-6.00070E-01 4.99722E+01-3.59798E-02
 -1      2055-5.98977E-01 5.00086E+01 1.16832E-02
 -1      2056-5.99930E-01 4.99769E+01 3.59798E-02
 -1      2061 0.00000E+00 4.99300E+01-1.20008E-02
 -1      2062 0.00000E+00 4.99620E+01-3.60000E-02
 -1      2063 0.00000E+00 4.99980E+01 1.20008E-02
 -1      2064 0.00000E+00 4.99660E+01 3.60000E-02
 -1      2069 6.01016E-01 4.99407E+01-1.23359E-02
 -1      2070 6.00049E-01 4.99729E+01-3.60180E-02
 -1      2071 5.98984E-01 5.00084E+01 1.23359E-02
 -1      2072 5.99951E-01 4.99762E+01 3.60180E-02
 -1      2077-5.98984E-01 4.99916E+01 1.98766E+00
 -1      2078-5.99951E-01 5.00238E+01 1.96398E+00
 -1      2079-6.01016E-01 5.00593E+01 2.01234E+00
 -1      2080-6.00049E-01 5.00271E+01 2.03602E+00
 -1      2085 0.00000E+00 5.00020E+01 1.98800E+00
 -1      2086 0.00000E+00 5.00340E+01 1.96400E+00
 -1      2087 0.00000E+00 5.00700E+01 2.01200E+00
 -1      2088 0.00000E+00 5.00380E+01 2.03600E+00
 -1      2093 5.98977E-01 4.99914E+01 1.98832E+00
 -1      2094 5.99930E-01 5.00231E+01 1.96402E+00
 -1      2095 6.01023E-01 5.00596E+01 2.01168E+00
 -1      2096 6.00070E-01 5.00278E+01 2.03598E+00
 -1      2101-1.23354E+00 5.00080E+01 5.00396E-01
 -1      2102-1.20070E+00 4.99852E+01 5.01081E-01
 -1      2103-1.16646E+00 5.00344E+01 4.99604E-01
 -1      2104-1.19930E+00 5.00572E+01 4.98919E-01
 -1      2109-1.23328E+00 5.00161E+01 1.00000E+00
 -1      2110-1.20001E+00 4.99939E+01 1.00000E+00
 -1      2111-1.16672E+00 5.00439E+01 1.00000E+00
 -1      2112-1.19999E+00 5.00661E+01 1.00000E+00
 -1      2117-1.23303E+00 5.00068E+01 1.49957E+00
 -1      2118-1.19936E+00 4.99852E+01 1.49892E+00
 -1      2119-1.16697E+00 5.00357E+01 1.50043E+00
 -1      2120-1.20064E+00 5.00572E+01 1.50108E+00
 -1      2125 1.16697E+00 4.99643E+01 4.99567E-01
 -1      2126 1.20064E+00 4.99428E+01 4.98919E-01
 -1      2127 1.23303E+00 4.99932E+01 5.00433E-01
 -1      2128 1.19936E+00 5.00148E+01 5.01081E-01
 -1      2133 1.16672E+00 4.99561E+01 1.00000E+00
 -1      2134 1.19999E+00 4.99339E+01 1.00000E+00
 -1      2135 1.23328E+00 4.99839E+01 1.00000E+00
 -1      2136 1.20001E+00 5.00061E+01 1.00000E+00
 -1      2141 1.16646E+00 4.99656E+01 1.50040E+00
 -1      2142 1.19930E+00 4.99428E+01 1.50108E+00
 -1      2143 1.23354E+00 4.99920E+01 1.49960E+00
 -1      2144 1.20070E+00 5.00148E+01 1.49892E+00
 -1      2149-1.19830E+00 5.03706E+00 8.14684E-01
 -1      2150-1.23259E+00 5.03303E+00 8.34874E-01
 -1      2151-1.20170E+00 5.02294E+00 8.85316E-01
 -1      2152-1.16741E+00 5.02697E+00 8.65126E-01
 -1      2157-1.19388E+00 5.02303E+00 1.11516E+00
 -1      2158-1.23044E+00 5.02621E+00 1.13106E+00
 -1      2159-1.20612E+00 5.03697E+00 1.18484E+00
 -1      2160-1.16956E+00 5.03379E+00 1.16894E+00
 -1      2165 1.20170E+00 5.03706E+00 8.14684E-01
 -1      2166 1.16741E+00 5.03303E+00 8.34874E-01
 -1      2167 1.19830E+00 5.02294E+00 8.85316E-01
 -1      2168 1.23259E+00 5.02697E+00 8.65126E-01
 -1      2173 1.20612E+00 5.02303E+00 1.11516E+00
 -1      2174 1.16956E+00 5.02621E+00 1.13106E+00
 -1      2175 1.19388E+00 5.03697E+00 1.18484E+00
 -1      2176 1.23044E+00 5.03379E+00 1.16894E+00
 -1      2181 1.59908E-01 4.96162E+00-3.45858E-02
 -1      2182 1.22767E-01 4.97054E+00-2.27077E-02
 -1      2183 1.40092E-01 4.96638E+00 3.45858E-02
 -1      2184 1.77233E-01 4.95746E+00 2.27077E-02
 -1      2189-1.49864E-01 4.96403E+00-3.60552E-02
 -1      2190-1.82310E-01 4.95625E+00-1.39967E-02
 -1      2191-1.50136E-01 4.96397E+00 3.60552E-02
 -1      2192-1.17690E-01 4.97175E+00 1.39967E-02
 -1      2197 1.59908E-01 4.96162E+00 1.96541E+00
 -1      2198 1.22767E-01 4.97054E+00 1.97729E+00
 -1      2199 1.40092E-01 4.96638E+00 2.03459E+00
 -1      2200 1.77233E-01 4.95746E+00 2.02271E+00
 -1      2205-1.49864E-01 4.96403E+00 1.96394E+00
 -1      2206-1.82310E-01 4.95625E+00 1.98600E+00
 -1      2207-1.50136E-01 4.96397E+00 2.03606E+00
 -1      2208-1.17690E-01 4.97175E+00 2.01400E+00
 -1      2213-1.19777E+00 2.25272E+01 3.58451E-01
 -1      2214-1.23236E+00 2.25239E+01 3.78258E-01
 -1      2215-1.20223E+00 2.25152E+01 4.29417E-01
 -1      2216-1.16764E+00 2.25186E+01 4.09610E-01
 -1      2221-1.19829E+00 2.50371E+01 8.14685E-01
 -1      2222-1.23259E+00 2.50330E+01 8.34866E-01
 -1      2223-1.20171E+00 2.50229E+01 8.85315E-01
 -1      2224-1.16741E+00 2.50270E+01 8.65134E-01
 -1      2229-1.19884E+00 2.75293E+01 1.35882E+00
 -1      2230-1.23282E+00 2.75246E+01 1.37939E+00
 -1      2231-1.20116E+00 2.75131E+01 1.42904E+00
 -1      2232-1.16718E+00 2.75178E+01 1.40848E+00
 -1      2237-1.19407E+00 2.25153E+01 1.57100E+00
 -1      2238-1.23055E+00 2.25180E+01 1.58719E+00
 -1      2239-1.20593E+00 2.25271E+01 1.64113E+00
 -1      2240-1.16945E+00 2.25244E+01 1.62495E+00
 -1      2245-1.19388E+00 2.50230E+01 1.11516E+00
 -1      2246-1.23044E+00 2.50262E+01 1.13106E+00
 -1      2247-1.20612E+00 2.50370E+01 1.18484E+00
 -1      2248-1.16956E+00 2.50338E+01 1.16894E+00
 -1      2253-1.19370E+00 2.75132E+01 5.71480E-01
 -1      2254-1.23034E+00 2.75168E+01 5.87095E-01
 -1      2255-1.20630E+00 2.75292E+01 6.40652E-01
 -1      2256-1.16966E+00 2.75256E+01 6.25037E-01
 -1      2261 1.20223E+00 2.25272E+01 3.58451E-01
 -1      2262 1.16764E+00 2.25239E+01 3.78258E-01
 -1      2263 1.19777E+00 2.25152E+01 4.29417E-01
 -1      2264 1.23236E+00 2.25186E+01 4.09610E-01
 -1      2269 1.20171E+00 2.50371E+01 8.14685E-01
 -1      2270 1.16741E+00 2.50330E+01 8.34866E-01
 -1      2271 1.19829E+00 2.50229E+01 8.85315E-01
 -1      2272 1.23259E+00 2.50270E+01 8.65134E-01
 -1      2277 1.20116E+00 2.75293E+01 1.35882E+00
 -1      2278 1.16718E+00 2.75246E+01 1.37939E+00
 -1      2279 1.19884E+00 2.75131E+01 1.42904E+00
 -1      2280 1.23282E+00 2.75178E+01 1.40848E+00
 -1      2285 1.20593E+00 2.25153E+01 1.57100E+00
 -1      2286 1.16945E+00 2.25180E+01 1.58719E+00
 -1      2287 1.19407E+00 2.25271E+01 1.64113E+00
 -1      2288 1.23055E+00 2.25244E+01 1.62495E+00
 -1      2293 1.20612E+00 2.50230E+01 1.11516E+00
 -1      2294 1.16956E+00 2.50262E+01 1.13106E+00
 -1      2295 1.19388E+00 2.50370E+01 1.18484E+00
 -1      2296 1.23044E+00 2.50338E+01 1.16894E+00
 -1      2301 1.20630E+00 2.75132E+01 5.71480E-01
 -1      2302 1.16966E+00 2.75168E+01 5.87095E-01
 -1      2303 1.19370E+00 2.75292E+01 6.40652E-01
 -1      2304 1.23034E+00 2.75256E+01 6.25037E-01
 -1      2309-4.83328E-01 2.24717E+01-3.43393E-02
 -1      2310-5.20442E-01 2.24818E+01-2.33534E-02
 -1      2311-5.04540E-01 2.24774E+01 3.43393E-02
 -1      2312-4.67426E-01 2.24673E+01 2.33534E-02
 -1      2317 1.59904E-01 2.49616E+01-3.45869E-02
 -1      2318 1.22764E-01 2.49705E+01-2.27046E-02
 -1      2319 1.40096E-01 2.49664E+01 3.45869E-02
 -1      2320 1.77236E-01 2.49575E+01 2.27046E-02
 -1      2325 7.15261E-01 2.74726E+01-3.48107E-02
 -1      2326 6.78146E-01 2.74804E+01-2.20585E-02
 -1      2327 6.96871E-01 2.74765E+01 3.48107E-02
 -1      2328 7.33986E-01 2.74687E+01 2.20585E-02
 -1      2333 4.93632E-01 2.24745E+01-3.60542E-02
 -1      2334 4.61704E-01 2.24658E+01-1.35783E-02
 -1      2335 4.94236E-01 2.24746E+01 3.60542E-02
 -1      2336 5.26164E-01 2.24833E+01 1.35783E-02
 -1      2341-1.49866E-01 2.49640E+01-3.60553E-02
 -1      2342-1.82311E-01 2.49562E+01-1.39944E-02
 -1      2343-1.50134E-01 2.49640E+01 3.60553E-02
 -1      2344-1.17689E-01 2.49718E+01 1.39944E-02
 -1      2349-7.05470E-01 2.74747E+01-3.60504E-02
 -1      2350-7.38413E-01 2.74678E+01-1.44278E-02
 -1      2351-7.06662E-01 2.74744E+01 3.60504E-02
 -1      2352-6.73719E-01 2.74813E+01 1.44278E-02
 -1      2357-4.83328E-01 2.24717E+01 1.96566E+00
 -1      2358-5.20442E-01 2.24818E+01 1.97665E+00
 -1      2359-5.04540E-01 2.24774E+01 2.03434E+00
 -1      2360-4.67426E-01 2.24673E+01 2.02335E+00
 -1      2365 1.59904E-01 2.49616E+01 1.96541E+00
 -1      2366 1.22764E-01 2.49705E+01 1.97730E+00
 -1      2367 1.40096E-01 2.49664E+01 2.03459E+00
 -1      2368 1.77236E-01 2.49575E+01 2.02270E+00
 -1      2373 7.15261E-01 2.74726E+01 1.96519E+00
 -1      2374 6.78146E-01 2.74804E+01 1.97794E+00
 -1      2375 6.96871E-01 2.74765E+01 2.03481E+00
 -1      2376 7.33986E-01 2.74687E+01 2.02206E+00
 -1      2381 4.93632E-01 2.24745E+01 1.96395E+00
 -1      2382 4.61704E-01 2.24658E+01 1.98642E+00
 -1      2383 4.94236E-01 2.24746E+01 2.03605E+00
 -1      2384 5.26164E-01 2.24833E+01 2.01358E+00
 -1      2389-1.49866E-01 2.49640E+01 1.96394E+00
 -1      2390-1.82311E-01 2.49562E+01 1.98601E+00
 -1      2391-1.50134E-01 2.49640E+01 2.03606E+00
 -1      2392-1.17689E-01 2.49718E+01 2.01399E+00
 -1      2397-7.05470E-01 2.74747E+01 1.96395E+00
 -1      2398-7.38413E-01 2.74678E+01 1.98557E+00
 -1      2399-7.06662E-01 2.74744E+01 2.03605E+00
 -1      2400-6.73719E-01 2.74813E+01 2.01443E+00
 -1      2405-1.19830E+00 3.50371E+01 8.14684E-01
 -1      2406-1.23259E+00 3.50330E+01 8.34874E-01
 -1      2407-1.20170E+00 3.50229E+01 8.85316E-01
 -1      2408-1.16741E+00 3.50270E+01 8.65126E-01
 -1      2413-1.19388E+00 3.50230E+01 1.11516E+00
 -1      2414-1.23044E+00 3.50262E+01 1.13106E+00
 -1      2415-1.20612E+00 3.50370E+01 1.18484E+00
 -1      2416-1.16956E+00 3.50338E+01 1.16894E+00
 -1      2421 1.20170E+00 3.50371E+01 8.14684E-01
 -1      2422 1.16741E+00 3.50330E+01 8.34874E-01
 -1      2423 1.19830E+00 3.50229E+01 8.85316E-01
 -1      2424 1.23259E+00 3.50270E+01 8.65126E-01
 -1      2429 1.20612E+00 3.50230E+01 1.11516E+00
 -1      2430 1.16956E+00 3.50262E+01 1.13106E+00
 -1      2431 1.19388E+00 3.50370E+01 1.18484E+00
 -1      2432 1.23044E+00 3.50338E+01 1.16894E+00
 -1      2437 1.59908E-01 3.49616E+01-3.45858E-02
 -1      2438 1.22767E-01 3.49705E+01-2.27077E-02
 -1      2439 1.40092E-01 3.49664E+01 3.45858E-02
 -1      2440 1.77233E-01 3.49575E+01 2.27077E-02
 -1      2445-1.49864E-01 3.49640E+01-3.60552E-02
 -1      2446-1.82310E-01 3.49562E+01-1.39967E-02
 -1      2447-1.50136E-01 3.49640E+01 3.60552E-02
 -1      2448-1.17690E-01 3.49718E+01 1.39967E-02
 -1      2453 1.59908E-01 3.49616E+01 1.96541E+00
 -1      2454 1.22767E-01 3.49705E+01 1.97729E+00
 -1      2455 1.40092E-01 3.49664E+01 2.03459E+00
 -1      2456 1.77233E-01 3.49575E+01 2.02271E+00
 -1      2461-1.49864E-01 3.49640E+01 1.96394E+00
 -1      2462-1.82310E-01 3.49562E+01 1.98600E+00
 -1      2463-1.50136E-01 3.49640E+01 2.03606E+00
 -1      2464-1.17690E-01 3.49718E+01 2.01400E+00
 -1      2469-1.19777E+00 4.25272E+01 3.58451E-01
 -1      2470-1.23236E+00 4.25239E+01 3.78258E-01
 -1      2471-1.20223E+00 4.25152E+01 4.29417E-01
 -1      2472-1.16764E+00 4.25186E+01 4.09610E-01
 -1      2477-1.19829E+00 4.50371E+01 8.14685E-01
 -1      2478-1.23259E+00 4.50330E+01 8.34866E-01
 -1      2479-1.20171E+00 4.50229E+01 8.85315E-01
 -1      2480-1.16741E+00 4.50270E+01 8.65134E-01
 -1      2485-1.19884E+00 4.75293E+01 1.35882E+00
 -1      2486-1.23282E+00 4.75246E+01 1.37939E+00
 -1      2487-1.20116E+00 4.75131E+01 1.42904E+00
 -1      2488-1.16718E+00 4.75178E+01 1.40848E+00
 -1      2493-1.19407E+00 4.25153E+01 1.57100E+00
 -1      2494-1.23055E+00 4.25180E+01 1.58719E+00
 -1      2495-1.20593E+00 4.25271E+01 1.64113E+00
 -1      2496-1.16945E+00 4.25244E+01 1.62495E+00
 -1      2501-1.19388E+00 4.50230E+01 1.11516E+00
 -1      2502-1.23044E+00 4.50262E+01 1.13106E+00
 -1      2503-1.20612E+00 4.50370E+01 1.18484E+00
 -1      2504-1.16956E+00 4.50338E+01 1.16894E+00
 -1      2509-1.19370E+00 4.75132E+01 5.71480E-01
 -1      2510-1.23034E+00 4.75168E+01 5.87095E-01
 -1      2511-1.20630E+00 4.75292E+01 6.40652E-01
 -1      2512-1.16966E+00 4.75256E+01 6.25037E-01
 -1      2517 1.20223E+00 4.25272E+01 3.58451E-01
 -1      2518 1.16764E+00 4.25239E+01 3.78258E-01
 -1      2519 1.19777E+00 4.25152E+01 4.29417E-01
 -1      2520 1.23236E+00 4.25186E+01 4.09610E-01
 -1      2525 1.20171E+00 4.50371E+01 8.14685E-01
 -1      2526 1.16741E+00 4.50330E+01 8.34866E-01
 -1      2527 1.19829E+00 4.50229E+01 8.85315E-01
 -1      2528 1.23259E+00 4.50270E+01 8.65134E-01
 -1      2533 1.20116E+00 4.75293E+01 1.35882E+00
 -1      2534 1.16718E+00 4.75246E+01 1.37939E+00
 -1      2535 1.19884E+00 4.75131E+01 1.42904E+00
 -1      2536 1.23282E+00 4.75178E+01 1.40848E+00
 -1      2541 1.20593E+00 4.25153E+01 1.57100E+00
 -1      2542 1.16945E+00 4.25180E+01 1.58719E+00
 -1      2543 1.19407E+00 4.25271E+01 1.64113E+00
 -1      2544 1.23055E+00 4.25244E+01 1.62495E+00
 -1      2549 1.20612E+00 4.50230E+01 1.11516E+00
 -1      2550 1.16956E+00 4.50262E+01 1.13106E+00
 -1      2551 1.19388E+00 4.50370E+01 1.18484E+00
 -1      2552 1.23044E+00 4.50338E+01 1.16894E+00
 -1      2557 1.20630E+00 4.75132E+01 5.71480E-01
 -1      2558 1.16966E+00 4.75168E+01 5.87095E-01
 -1      2559 1.19370E+00 4.75292E+01 6.40652E-01
 -1      2560 1.23034E+00 4.75256E+01 6.25037E-01
 -1      2565-4.83328E-01 4.24717E+01-3.43393E-02
 -1      2566-5.20442E-01 4.24818E+01-2.33534E-02
 -1      2567-5.04540E-01 4.24774E+01 3.43393E-02
 -1      2568-4.67426E-01 4.24673E+01 2.33534E-02
 -1      2573 1.59904E-01 4.49616E+01-3.45869E-02
 -1      2574 1.22764E-01 4.49705E+01-2.27046E-02
 -1      2575 1.40096E-01 4.49664E+01 3.45869E-02
 -1      2576 1.77236E-01 4.49575E+01 2.27046E-02
 -1      2581 7.15261E-01 4.74726E+01-3.48107E-02
 -1      2582 6.78146E-01 4.74804E+01-2.20585E-02
 -1      2583 6.96871E-01 4.74765E+01 3.48107E-02
 -1      2584 7.33986E-01 4.74687E+01 2.20585E-02
 -1      2589 4.93632E-01 4.24745E+01-3.60542E-02
 -1      2590 4.61704E-01 4.24658E+01-1.35783E-02
 -1      2591 4.94236E-01 4.24746E+01 3.60542E-02
 -1      2592 5.26164E-01 4.24833E+01 1.35783E-02
 -1      2597-1.49866E-01 4.49640E+01-3.60553E-02
 -1      2598-1.82311E-01 4.49562E+01-1.39944E-02
 -1      2599-1.50134E-01 4.49640E+01 3.60553E-02
 -1      2600-1.17689E-01 4.49718E+01 1.39944E-02
 -1      2605-7.05470E-01 4.74747E+01-3.60504E-02
 -1      2606-7.38413E-01 4.74678E+01-1.44278E-02
 -1      2607-7.06662E-01 4.74744E+01 3.60504E-02
 -1      2608-6.73719E-01 4.74813E+01 1.44278E-02
 -1      2613-4.83328E-01 4.24717E+01 1.96566E+00
 -1      2614-5.20442E-01 4.24818E+01 1.97665E+00
 -1      2615-5.04540E-01 4.24774E+01 2.03434E+00
 -1      2616-4.67426E-01 4.24673E+01 2.02335E+00
 -1      2621 1.59904E-01 4.49616E+01 1.96541E+00
 -1      2622 1.22764E-01 4.49705E+01 1.97730E+00
 -1      2623 1.40096E-01 4.49664E+01 2.03459E+00
 -1      2624 1.77236E-01 4.49575E+01 2.02270E+00
 -1      2629 7.15261E-01 4.74726E+01 1.96519E+00
 -1      2630 6.78146E-01 4.74804E+01 1.97794E+00
 -1      2631 6.96871E-01 4.74765E+01 2.03481E+00
 -1      2632 7.33986E-01 4.74687E+01 2.02206E+00
 -1      2637 4.93632E-01 4.24745E+01 1.96395E+00
 -1      2638 4.61704E-01 4.24658E+01 1.98642E+00
 -1      2639 4.94236E-01 4.24746E+01 2.03605E+00
 -1      2640 5.26164E-01 4.24833E+01 2.01358E+00
 -1      2645-1.49866E-01 4.49640E+01 1.96394E+00
 -1      2646-1.82311E-01 4.49562E+01 1.98601E+00
 -1      2647-1.50134E-01 4.49640E+01 2.03606E+00
 -1      2648-1.17689E-01 4.49718E+01 2.01399E+00
 -1      2653-7.05470E-01 4.74747E+01 1.96395E+00
 -1      2654-7.38413E-01 4.74678E+01 1.98557E+00
 -1      2655-7.06662E-01 4.74744E+01 2.03605E+00
 -1      2656-6.73719E-01 4.74813E+01 2.01443E+00
 -3
    3C                           240                                     1
 -1         1    1    0    1
 -2       181      1413      1414       182       184      1416      1415       183
 -1         2    1    0    1
 -2      1413       381       382      1414      1416       384       383      1415
 -1         3    1    0    1
 -2       231      1421      1422       232       234      1424      1423       233
 -1         4    1    0    1
 -2      1421       431       432      1422      1424       434       433      1423
 -1         5    1    0    1
 -2       281      1429      1430       282       284      1432      1431       283
 -1         6    1    0    1
 -2      1429       481       482      1430      1432       484       483      1431
 -1         7    1    0    1
 -2       331      1437      1438       332       334      1440      1439       333
 -1         8    1    0    1
 -2      1437       531       532      1438      1440       534       533      1439
 -1         9    1    0    1
 -2       381      1445      1446       382       384      1448      1447       383
 -1        10    1    0    1
 -2      1445      1453      1454      1446      1448      1456      1455      1447
 -1        11    1    0    1
 -2      1453      1461      1462      1454      1456      1464      1463      1455
 -1        12    1    0    1
 -2      1461       581       582      1462      1464       584       583      1463
 -1        13    1    0    1
 -2       431      1469      1470       432       434      1472      1471       433
 -1        14    1    0    1
 -2      1469      1477      1478      1470      1472      1480      1479      1471
 -1        15    1    0    1
 -2      1477      1485      1486      1478      1480      1488      1487      1479
 -1        16    1    0    1
 -2      1485       631       632      1486      1488       634       633      1487
 -1        17    1    0    1
 -2       481      1493      1494       482       484      1496      1495       483
 -1        18    1    0    1
 -2      1493      1501      1502      1494      1496      1504      1503      1495
 -1        19    1    0    1
 -2      1501      1509      1510      1502      1504      1512      1511      1503
 -1        20    1    0    1
 -2      1509       681       682      1510      1512       684       683      1511
 -1        21    1    0    1
 -2       531      1517      1518       532       534      1520      1519       533
 -1        22    1    0    1
 -2      1517      1525      1526      1518      1520      1528      1527      1519
 -1        23    1    0    1
 -2      1525      1533      1534      1526      1528      1536      1535      1527
 -1        24    1    0    1
 -2      1533       731       732      1534      1536       734       733      1535
 -1        25    1    0    1
 -2       581      1541      1542       582       584      1544      1543       583
 -1        26    1    0    1
 -2      1541       781       782      1542      1544       784       783      1543
 -1        27    1    0    1
 -2       631      1549      1550       632       634      1552      1551       633
 -1        28    1    0    1
 -2      1549       831       832      1550      1552       834       833      1551
 -1        29    1    0    1
 -2       681      1557      1558       682       684      1560      1559       683
 -1        30    1    0    1
 -2      1557       881       882      1558      1560       884       883      1559
 -1        31    1    0    1
 -2       731      1565      1566       732       734      1568      1567       733
 -1        32    1    0    1
 -2      1565       931       932      1566      1568       934       933      1567
 -1        33    1    0    1
 -2       781      1573      1574       782       784      1576      1575       783
 -1        34    1    0    1
 -2      1573      1581      1582      1574      1576      1584      1583      1575
 -1        35    1    0    1
 -2      1581      1589      1590      1582      1584      1592      1591      1583
 -1        36    1    0    1
 -2      1589      1597      1598      1590      1592      1600      1599      1591
 -1        37    1    0    1
 -2      1597      1605      1606      1598      1600      1608      1607      1599
 -1        38    1    0    1
 -2      1605      1613      1614      1606      1608      1616      1615      1607
 -1        39    1    0    1
 -2      1613      1621      1622      1614      1616      1624      1623      1615
 -1        40    1    0    1
 -2      1621       981       982      1622      1624       984       983      1623
 -1        41    1    0    1
 -2       831      1629      1630       832       834      1632      1631       833
 -1        42    1    0    1
 -2      1629      1637      1638      1630      1632      1640      1639      1631
 -1        43    1    0    1
 -2      1637      1645      1646      1638      1640      1648      1647      1639
 -1        44    1    0    1
 -2      1645      1653      1654      1646      1648      1656      1655      1647
 -1        45    1    0    1
 -2      1653      1661      1662      1654      1656      1664      1663      1655
 -1        46    1    0    1
 -2      1661      1669      1670      1662      1664      1672      1671      1663
 -1        47    1    0    1
 -2      1669      1677      1678      1670      1672      1680      1679      1671
 -1        48    1    0    1
 -2      1677      1047      1048      1678      1680      1050      1049      1679
 -1        49    1    0    1
 -2       881      1685      1686       882       884      1688      1687       883
 -1        50    1    0    1
 -2      1685      1693      1694      1686      1688      1696      1695      1687
 -1        51    1    0    1
 -2      1693      1701      1702      1694      1696      1704      1703      1695
 -1        52    1    0    1
 -2      1701      1709      1710      1702      1704      1712      1711      1703
 -1        53    1    0    1
 -2      1709      1717      1718      1710      1712      1720      1719      1711
 -1        54    1    0    1
 -2      1717      1725      1726      1718      1720      1728      1727      1719
 -1        55    1    0    1
 -2      1725      1733      1734      1726      1728      1736      1735      1727
 -1        56    1    0    1
 -2      1733      1097      1098      1734      1736      1100      1099      1735
 -1        57    1    0    1
 -2       931      1741      1742       932       934      1744      1743       933
 -1        58    1    0    1
 -2      1741      1749      1750      1742      1744      1752      1751      1743
 -1        59    1    0    1
 -2      1749      1757      1758      1750      1752      1760      1759      1751
 -1        60    1    0    1
 -2      1757      1765      1766      1758      1760      1768      1767      1759
 -1        61    1    0    1
 -2      1765      1773      1774      1766      1768      1776      1775      1767
 -1        62    1    0    1
 -2      1773      1781      1782      1774      1776      1784      1783      1775
 -1        63    1    0    1
 -2      1781      1789      1790      1782      1784      1792      1791      1783
 -1        64    1    0    1
 -2      1789      1163      1164      1790      1792      1166      1165      1791
 -1        65    1    0    1
 -2      1005      1797      1798      1006      1008      1800      1799      1007
 -1        66    1    0    1
 -2      1797      1213      1214      1798      1800      1216      1215      1799
 -1        67    1    0    1
 -2      1047      1805      1806      1048      1050      1808      1807      1049
 -1        68    1    0    1
 -2      1805      1263      1264      1806      1808      1266      1265      1807
 -1        69    1    0    1
 -2      1121      1813      1814      1122      1124      1816      1815      1123
 -1        70    1    0    1
 -2      1813      1313      1314      1814      1816      1316      1315      1815
 -1        71    1    0    1
 -2      1163      1821      1822      1164      1166      1824      1823      1165
 -1        72    1    0    1
 -2      1821      1363      1364      1822      1824      1366      1365      1823
 -1        73    1    0    1
 -2       189      1829      1830       190       192      1832      1831       191
 -1        74    1    0    1
 -2      1829      1837      1838      1830      1832      1840      1839      1831
 -1        75    1    0    1
 -2      1837      1845      1846      1838      1840      1848      1847      1839
 -1        76    1    0    1
 -2      1845       239       240      1846      1848       242       241      1847
 -1        77    1    0    1
 -2       289      1853      1854       290       292      1856      1855       291
 -1        78    1    0    1
 -2      1853      1861      1862      1854      1856      1864      1863      1855
 -1        79    1    0    1
 -2      1861      1869      1870      1862      1864      1872      1871      1863
 -1        80    1    0    1
 -2      1869       339       340      1870      1872       342       341      1871
 -1        81    1    0    1
 -2       197      1877      1878       198       200      1880      1879       199
 -1        82    1    0    1
 -2      1877      1885      1886      1878      1880      1888      1887      1879
 -1        83    1    0    1
 -2      1885      1893      1894      1886      1888      1896      1895      1887
 -1        84    1    0    1
 -2      1893       297       298      1894      1896       300       299      1895
 -1        85    1    0    1
 -2       247      1901      1902       248       250      1904      1903       249
 -1        86    1    0    1
 -2      1901      1909      1910      1902      1904      1912      1911      1903
 -1        87    1    0    1
 -2      1909      1917      1918      1910      1912      1920      1919      1911
 -1        88    1    0    1
 -2      1917       347       348      1918      1920       350       349      1919
 -1        89    1    0    1
 -2       389       439       440       390       392       442       441       391
 -1        90    1    0    1
 -2       489       539       540       490       492       542       541       491
 -1        91    1    0    1
 -2       397       497       498       398       400       500       499       399
 -1        92    1    0    1
 -2       447       547       548       448       450       550       549       449
 -1        93    1    0    1
 -2       589       639       640       590       592       642       641       591
 -1        94    1    0    1
 -2       689       739       740       690       692       742       741       691
 -1        95    1    0    1
 -2       597       697       698       598       600       700       699       599
 -1        96    1    0    1
 -2       647       747       748       648       650       750       749       649
 -1        97    1    0    1
 -2       789      1925      1926       790       792      1928      1927       791
 -1        98    1    0    1
 -2      1925       839       840      1926      1928       842       841      1927
 -1        99    1    0    1
 -2       889      1933      1934       890       892      1936      1935       891
 -1       100    1    0    1
 -2      1933       939       940      1934      1936       942       941      1935
 -1       101    1    0    1
 -2       797      1941      1942       798       800      1944      1943       799
 -1       102    1    0    1
 -2      1941       897       898      1942      1944       900       899      1943
 -1       103    1    0    1
 -2       847      1949      1950       848       850      1952      1951       849
 -1       104    1    0    1
 -2      1949       947       948      1950      1952       950       949      1951
 -1       105    1    0    1
 -2       989      1957      1958       990       992      1960      1959       991
 -1       106    1    0    1
 -2      1957      1965      1966      1958      1960      1968      1967      1959
 -1       107    1    0    1
 -2      1965      1973      1974      1966      1968      1976      1975      1967
 -1       108    1    0    1
 -2      1973      1055      1056      1974      1976      1058      1057      1975
 -1       109    1    0    1
 -2      1105      1981      1982      1106      1108      1984      1983      1107
 -1       110    1    0    1
 -2      1981      1989      1990      1982      1984      1992      1991      1983
 -1       111    1    0    1
 -2      1989      1997      1998      1990      1992      2000      1999      1991
 -1       112    1    0    1
 -2      1997      1171      1172      1998      2000      1174      1173      1999
 -1       113    1    0    1
 -2       997      2005      2006       998      1000      2008      2007       999
 -1       114    1    0    1
 -2      2005      2013      2014      2006      2008      2016      2015      2007
 -1       115    1    0    1
 -2      2013      2021      2022      2014      2016      2024      2023      2015
 -1       116    1    0    1
 -2      2021      1113      1114      2022      2024      1116      1115      2023
 -1       117    1    0    1
 -2      1063      2029      2030      1064      1066      2032      2031      1065
 -1       118    1    0    1
 -2      2029      2037      2038      2030      2032      2040      2039      2031
 -1       119    1    0    1
 -2      2037      2045      2046      2038      2040      2048      2047      2039
 -1       120    1    0    1
 -2      2045      1179      1180      2046      2048      1182      1181      2047
 -1       121    1    0    1
 -2      1221      2053      2054      1222      1224      2056      2055      1223
 -1       122    1    0    1
 -2      2053      2061      2062      2054      2056      2064      2063      2055
 -1       123    1    0    1
 -2      2061      2069      2070      2062      2064      2072      2071      2063
 -1       124    1    0    1
 -2      2069      1271      1272      2070      2072      1274      1273      2071
 -1       125    1    0    1
 -2      1321      2077      2078      1322      1324      2080      2079      1323
 -1       126    1    0    1
 -2      2077      2085      2086      2078      2080      2088      2087      2079
 -1       127    1    0    1
 -2      2085      2093      2094      2086      2088      2096      2095      2087
 -1       128    1    0    1
 -2      2093      1371      1372      2094      2096      1374      1373      2095
 -1       129    1    0    1
 -2      1229      2101      2102      1230      1232      2104      2103      1231
 -1       130    1    0    1
 -2      2101      2109      2110      2102      2104      2112      2111      2103
 -1       131    1    0    1
 -2      2109      2117      2118      2110      2112      2120      2119      2111
 -1       132    1    0    1
 -2      2117      1329      1330      2118      2120      1332      1331      2119
 -1       133    1    0    1
 -2      1279      2125      2126      1280      1282      2128      2127      1281
 -1       134    1    0    1
 -2      2125      2133      2134      2126      2128      2136      2135      2127
 -1       135    1    0    1
 -2      2133      2141      2142      2134      2136      2144      2143      2135
 -1       136    1    0    1
 -2      2141      1379      1380      2142      2144      1382      1381      2143
 -1       137    1    0    1
 -2       181      2149      2150       182       184      2152      2151       183
 -1       138    1    0    1
 -2      2149       481       482      2150      2152       484       483      2151
 -1       139    1    0    1
 -2       281      2157      2158       282       284      2160      2159       283
 -1       140    1    0    1
 -2      2157       381       382      2158      2160       384       383      2159
 -1       141    1    0    1
 -2       231      2165      2166       232       234      2168      2167       233
 -1       142    1    0    1
 -2      2165       531       532      2166      2168       534       533      2167
 -1       143    1    0    1
 -2       331      2173      2174       332       334      2176      2175       333
 -1       144    1    0    1
 -2      2173       431       432      2174      2176       434       433      2175
 -1       145    1    0    1
 -2       181      2181      2182       182       184      2184      2183       183
 -1       146    1    0    1
 -2      2181       431       432      2182      2184       434       433      2183
 -1       147    1    0    1
 -2       231      2189      2190       232       234      2192      2191       233
 -1       148    1    0    1
 -2      2189       381       382      2190      2192       384       383      2191
 -1       149    1    0    1
 -2       281      2197      2198       282       284      2200      2199       283
 -1       150    1    0    1
 -2      2197       531       532      2198      2200       534       533      2199
 -1       151    1    0    1
 -2       331      2205      2206       332       334      2208      2207       333
 -1       152    1    0    1
 -2      2205       481       482      2206      2208       484       483      2207
 -1       153    1    0    1
 -2       381       681       682       382       384       684       683       383
 -1       154    1    0    1
 -2       481       581       582       482       484       584       583       483
 -1       155    1    0    1
 -2       431       731       732       432       434       734       733       433
 -1       156    1    0    1
 -2       531       631       632       532       534       634       633       533
 -1       157    1    0    1
 -2       381       631       632       382       384       634       633       383
 -1       158    1    0    1
 -2       431       581       582       432       434       584       583       433
 -1       159    1    0    1
 -2       481       731       732       482       484       734       733       483
 -1       160    1    0    1
 -2       531       681       682       532       534       684       683       533
 -1       161    1    0    1
 -2       581      2213      2214       582       584      2216      2215       583
 -1       162    1    0    1
 -2      2213      2221      2222      2214      2216      2224      2223      2215
 -1       163    1    0    1
 -2      2221      2229      2230      2222      2224      2232      2231      2223
 -1       164    1    0    1
 -2      2229       881       882      2230      2232       884       883      2231
 -1       165    1    0    1
 -2       681      2237      2238       682       684      2240      2239       683
 -1       166    1    0    1
 -2      2237      2245      2246      2238      2240      2248      2247      2239
 -1       167    1    0    1
 -2      2245      2253      2254      2246      2248      2256      2255      2247
 -1       168    1    0    1
 -2      2253       781       782      2254      2256       784       783      2255
 -1       169    1    0    1
 -2       631      2261      2262       632       634      2264      2263       633
 -1       170    1    0    1
 -2      2261      2269      2270      2262      2264      2272      2271      2263
 -1       171    1    0    1
 -2      2269      2277      2278      2270      2272      2280      2279      2271
 -1       172    1    0    1
 -2      2277       931       932      2278      2280       934       933      2279
 -1       173    1    0    1
 -2       731      2285      2286       732       734      2288      2287       733
 -1       174    1    0    1
 -2      2285      2293      2294      2286      2288      2296      2295      2287
 -1       175    1    0    1
 -2      2293      2301      2302      2294      2296      2304      2303      2295
 -1       176    1    0    1
 -2      2301       831       832      2302      2304       834       833      2303
 -1       177    1    0    1
 -2       581      2309      2310       582       584      2312      2311       583
 -1       178    1    0    1
 -2      2309      2317      2318      2310      2312      2320      2319      2311
 -1       179    1    0    1
 -2      2317      2325      2326      2318      2320      2328      2327      2319
 -1       180    1    0    1
 -2      2325       831       832      2326      2328       834       833      2327
 -1       181    1    0    1
 -2       631      2333      2334       632       634      2336      2335       633
 -1       182    1    0    1
 -2      2333      2341      2342      2334      2336      2344      2343      2335
 -1       183    1    0    1
 -2      2341      2349      2350      2342      2344      2352      2351      2343
 -1       184    1    0    1
 -2      2349       781       782      2350      2352       784       783      2351
 -1       185    1    0    1
 -2       681      2357      2358       682       684      2360      2359       683
 -1       186    1    0    1
 -2      2357      2365      2366      2358      2360      2368      2367      2359
 -1       187    1    0    1
 -2      2365      2373      2374      2366      2368      2376      2375      2367
 -1       188    1    0    1
 -2      2373       931       932      2374      2376       934       933      2375
 -1       189    1    0    1
 -2       731      2381      2382       732       734      2384      2383       733
 -1       190    1    0    1
 -2      2381      2389      2390      2382      2384      2392      2391      2383
 -1       191    1    0    1
 -2      2389      2397      2398      2390      2392      2400      2399      2391
 -1       192    1    0    1
 -2      2397       881       882      2398      2400       884       883      2399
 -1       193    1    0    1
 -2       781      2405      2406       782       784      2408      2407       783
 -1       194    1    0    1
 -2      2405      1097      1098      2406      2408      1100      1099      2407
 -1       195    1    0    1
 -2       881      2413      2414       882       884      2416      2415       883
 -1       196    1    0    1
 -2      2413       981       982      2414      2416       984       983      2415
 -1       197    1    0    1
 -2       831      2421      2422       832       834      2424      2423       833
 -1       198    1    0    1
 -2      2421      1163      1164      2422      2424      1166      1165      2423
 -1       199    1    0    1
 -2       931      2429      2430       932       934      2432      2431       933
 -1       200    1    0    1
 -2      2429      1047      1048      2430      2432      1050      1049      2431
 -1       201    1    0    1
 -2       781      2437      2438       782       784      2440      2439       783
 -1       202    1    0    1
 -2      2437      1047      1048      2438      2440      1050      1049      2439
 -1       203    1    0    1
 -2       831      2445      2446       832       834      2448      2447       833
 -1       204    1    0    1
 -2      2445       981       982      2446      2448       984       983      2447
 -1       205    1    0    1
 -2       881      2453      2454       882       884      2456      2455       883
 -1       206    1    0    1
 -2      2453      1163      1164      2454      2456      1166      1165      2455
 -1       207    1    0    1
 -2       931      2461      2462       932       934      2464      2463       933
 -1       208    1    0    1
 -2      2461      1097      1098      2462      2464      1100      1099      2463
 -1       209    1    0    1
 -2       981      2469      2470       982       984      2472      2471       983
 -1       210    1    0    1
 -2      2469      2477      2478      2470      2472      2480      2479      2471
 -1       211    1    0    1
 -2      2477      2485      2486      2478      2480      2488      2487      2479
 -1       212    1    0    1
 -2      2485      1313      1314      2486      2488      1316      1315      2487
 -1       213    1    0    1
 -2      1121      2493      2494      1122      1124      2496      2495      1123
 -1       214    1    0    1
 -2      2493      2501      2502      2494      2496      2504      2503      2495
 -1       215    1    0    1
 -2      2501      2509      2510      2502      2504      2512      2511      2503
 -1       216    1    0    1
 -2      2509      1213      1214      2510      2512      1216      1215      2511
 -1       217    1    0    1
 -2      1047      2517      2518      1048      1050      2520      2519      1049
 -1       218    1    0    1
 -2      2517      2525      2526      2518      2520      2528      2527      2519
 -1       219    1    0    1
 -2      2525      2533      2534      2526      2528      2536      2535      2527
 -1       220    1    0    1
 -2      2533      1363      1364      2534      2536      1366      1365      2535
 -1       221    1    0    1
 -2      1163      2541      2542      1164      1166      2544      2543      1165
 -1       222    1    0    1
 -2      2541      2549      2550      2542      2544      2552      2551      2543
 -1       223    1    0    1
 -2      2549      2557      2558      2550      2552      2560      2559      2551
 -1       224    1    0    1
 -2      2557      1263      1264      2558      2560      1266      1265      2559
 -1       225    1    0    1
 -2      1005      2565      2566      1006      1008      2568      2567      1007
 -1       226    1    0    1
 -2      2565      2573      2574      2566      2568      2576      2575      2567
 -1       227    1    0    1
 -2      2573      2581      2582      2574      2576      2584      2583      2575
 -1       228    1    0    1
 -2      2581      1263      1264      2582      2584      1266      1265      2583
 -1       229    1    0    1
 -2      1047      2589      2590      1048      1050      2592      2591      1049
 -1       230    1    0    1
 -2      2589      2597      2598      2590      2592      2600      2599      2591
 -1       231    1    0    1
 -2      2597      2605      2606      2598      2600      2608      2607      2599
 -1       232    1    0    1
 -2      2605      1213      1214      2606      2608      1216      1215      2607
 -1       233    1    0    1
 -2      1121      2613      2614      1122      1124      2616      2615      1123
 -1       234    1    0    1
 -2      2613      2621      2622      2614      2616      2624      2623      2615
 -1       235    1    0    1
 -2      2621      2629      2630      2622      2624      2632      2631      2623
 -1       236    1    0    1
 -2      2629      1363      1364      2630      2632      1366      1365      2631
 -1       237    1    0    1
 -2      1163      2637      2638      1164      1166      2640      2639      1165
 -1       238    1    0    1
 -2      2637      2645      2646      2638      2640      2648      2647      2639
 -1       239    1    0    1
 -2      2645      2653      2654      2646      2648      2656      2655      2647
 -1       240    1    0    1
 -2      2653      1313      1314      2654      2656      1316      1315      2655
 -3
    1PSTEP                         1           1           1          
  100CL  101 1.000000000           0                     0    1           1
 -4  DISP        4    1
 -5  D1          1    2    1    0
 -5  D2          1    2    2    0
 -5  D3          1    2    3    0
 -5  ALL         1    2    0    0    1ALL
 -3
 9999
