    1C
    1UNormalized cross-passage space-truss torsion benchmark            
    1UUSER                                                              
    1UDATE              06.august.2026                                  
    1UTIME              08:06:59                                        
    1UHOST                                                              
    1UPGM               CalculiX                                        
    1UVERSION           Version 2.21                             
    1UCOMPILETIME       Sat Jul 29 10:52:01 CEST 2023                    
    1UDIR                                                               
    1UDBN                                                               
    1UMAT    1STEEL                                                     
    2C                           944                                     1
 -1       189-1.19392E+00 1.10406E-03-3.55217E-02
 -1       190-1.23033E+00 3.58513E-03-1.91580E-02
 -1       191-1.20608E+00-1.10406E-03 3.55217E-02
 -1       192-1.16967E+00-3.58513E-03 1.91580E-02
 -1       197-1.20102E+00-3.40950E-02-1.16828E-02
 -1       198-1.20007E+00-2.33416E-03-3.59798E-02
 -1       199-1.19898E+00 3.40950E-02 1.16828E-02
 -1       200-1.19993E+00 2.33416E-03 3.59798E-02
 -1       205-1.23354E+00-1.32202E-02 3.96605E-04
 -1       206-1.20069E+00-3.60327E-02 1.08098E-03
 -1       207-1.16646E+00 1.32202E-02-3.96605E-04
 -1       208-1.19931E+00 3.60327E-02-1.08098E-03
 -1       239 1.20178E+00 2.55221E-03-3.59208E-02
 -1       240 1.16758E+00-1.84045E-03-1.56598E-02
 -1       241 1.19822E+00-2.55221E-03 3.59208E-02
 -1       242 1.23242E+00 1.84045E-03 1.56598E-02
 -1       247 1.20102E+00-3.38645E-02-1.23355E-02
 -1       248 1.20005E+00-1.64335E-03-3.60180E-02
 -1       249 1.19898E+00 3.38645E-02 1.23355E-02
 -1       250 1.19995E+00 1.64335E-03 3.60180E-02
 -1       255 1.16697E+00-1.44498E-02-4.33494E-04
 -1       256 1.20064E+00-3.60336E-02-1.08101E-03
 -1       257 1.23303E+00 1.44498E-02 4.33494E-04
 -1       258 1.19936E+00 3.60336E-02 1.08101E-03
 -1       289-1.19302E+00-2.96955E-03 1.96475E+00
 -1       290-1.22984E+00 1.30746E-03 1.97980E+00
 -1       291-1.20698E+00 2.96955E-03 2.03525E+00
 -1       292-1.17016E+00-1.30746E-03 2.02020E+00
 -1       297-1.19898E+00-3.38645E-02 1.98766E+00
 -1       298-1.19995E+00-1.64335E-03 1.96398E+00
 -1       299-1.20102E+00 3.38645E-02 2.01234E+00
 -1       300-1.20005E+00 1.64335E-03 2.03602E+00
 -1       305-1.23303E+00-1.44498E-02 1.99957E+00
 -1       306-1.19936E+00-3.60336E-02 1.99892E+00
 -1       307-1.16697E+00 1.44498E-02 2.00043E+00
 -1       308-1.20064E+00 3.60336E-02 2.00108E+00
 -1       339 1.20330E+00-1.36844E-03 1.96412E+00
 -1       340 1.16826E+00-3.59743E-03 1.98329E+00
 -1       341 1.19670E+00 1.36844E-03 2.03588E+00
 -1       342 1.23174E+00 3.59743E-03 2.01671E+00
 -1       347 1.19898E+00-3.40950E-02 1.98832E+00
 -1       348 1.19993E+00-2.33416E-03 1.96402E+00
 -1       349 1.20102E+00 3.40950E-02 2.01168E+00
 -1       350 1.20007E+00 2.33416E-03 2.03598E+00
 -1       355 1.16646E+00-1.32202E-02 2.00040E+00
 -1       356 1.19931E+00-3.60327E-02 2.00108E+00
 -1       357 1.23354E+00 1.32202E-02 1.99960E+00
 -1       358 1.20069E+00 3.60327E-02 1.99892E+00
 -1       389-1.19518E+00 9.99960E+00-3.57295E-02
 -1       390-1.23113E+00 1.00001E+01-1.81950E-02
 -1       391-1.20482E+00 1.00004E+01 3.57295E-02
 -1       392-1.16887E+00 9.99987E+00 1.81950E-02
 -1       397-1.20102E+00 9.96591E+00-1.16828E-02
 -1       398-1.20007E+00 9.99767E+00-3.59798E-02
 -1       399-1.19898E+00 1.00341E+01 1.16828E-02
 -1       400-1.19993E+00 1.00023E+01 3.59798E-02
 -1       405-1.23354E+00 9.98678E+00 3.96605E-04
 -1       406-1.20069E+00 9.96397E+00 1.08098E-03
 -1       407-1.16646E+00 1.00132E+01-3.96605E-04
 -1       408-1.19931E+00 1.00360E+01-1.08098E-03
 -1       439 1.20440E+00 9.99969E+00-3.57842E-02
 -1       440 1.16866E+00 9.99951E+00-1.78246E-02
 -1       441 1.19560E+00 1.00003E+01 3.57842E-02
 -1       442 1.23134E+00 1.00005E+01 1.78246E-02
 -1       447 1.20102E+00 9.96614E+00-1.23355E-02
 -1       448 1.20005E+00 9.99836E+00-3.60180E-02
 -1       449 1.19898E+00 1.00339E+01 1.23355E-02
 -1       450 1.19995E+00 1.00016E+01 3.60180E-02
 -1       455 1.16697E+00 9.98555E+00-4.33494E-04
 -1       456 1.20064E+00 9.96397E+00-1.08101E-03
 -1       457 1.23303E+00 1.00145E+01 4.33494E-04
 -1       458 1.19936E+00 1.00360E+01 1.08101E-03
 -1       489-1.19541E+00 1.00003E+01 1.96424E+00
 -1       490-1.23124E+00 1.00005E+01 1.98201E+00
 -1       491-1.20459E+00 9.99969E+00 2.03576E+00
 -1       492-1.16876E+00 9.99951E+00 2.01799E+00
 -1       497-1.19898E+00 9.96614E+00 1.98766E+00
 -1       498-1.19995E+00 9.99836E+00 1.96398E+00
 -1       499-1.20102E+00 1.00339E+01 2.01234E+00
 -1       500-1.20005E+00 1.00016E+01 2.03602E+00
 -1       505-1.23303E+00 9.98555E+00 1.99957E+00
 -1       506-1.19936E+00 9.96397E+00 1.99892E+00
 -1       507-1.16697E+00 1.00145E+01 2.00043E+00
 -1       508-1.20064E+00 1.00360E+01 2.00108E+00
 -1       539 1.20417E+00 1.00004E+01 1.96419E+00
 -1       540 1.16855E+00 9.99986E+00 1.98238E+00
 -1       541 1.19583E+00 9.99960E+00 2.03581E+00
 -1       542 1.23145E+00 1.00001E+01 2.01762E+00
 -1       547 1.19898E+00 9.96591E+00 1.98832E+00
 -1       548 1.19993E+00 9.99767E+00 1.96402E+00
 -1       549 1.20102E+00 1.00341E+01 2.01168E+00
 -1       550 1.20007E+00 1.00023E+01 2.03598E+00
 -1       555 1.16646E+00 9.98678E+00 2.00040E+00
 -1       556 1.19931E+00 9.96397E+00 2.00108E+00
 -1       557 1.23354E+00 1.00132E+01 1.99960E+00
 -1       558 1.20069E+00 1.00360E+01 1.99892E+00
 -1       589-1.19510E+00 1.99995E+01-3.57181E-02
 -1       590-1.23109E+00 2.00002E+01-1.82624E-02
 -1       591-1.20490E+00 2.00005E+01 3.57181E-02
 -1       592-1.16891E+00 1.99998E+01 1.82624E-02
 -1       597-1.20157E+00 1.99659E+01-1.15220E-02
 -1       598-1.20011E+00 1.99975E+01-3.59684E-02
 -1       599-1.19843E+00 2.00341E+01 1.15220E-02
 -1       600-1.19989E+00 2.00025E+01 3.59684E-02
 -1       605-1.23368E+00 1.99872E+01 5.90072E-04
 -1       606-1.20108E+00 1.99640E+01 1.65325E-03
 -1       607-1.16632E+00 2.00128E+01-5.90072E-04
 -1       608-1.19892E+00 2.00360E+01-1.65325E-03
 -1       639 1.20440E+00 1.99996E+01-3.57846E-02
 -1       640 1.16866E+00 1.99994E+01-1.78156E-02
 -1       641 1.19560E+00 2.00004E+01 3.57846E-02
 -1       642 1.23134E+00 2.00006E+01 1.78156E-02
 -1       647 1.20155E+00 1.99662E+01-1.25208E-02
 -1       648 1.20007E+00 1.99986E+01-3.60265E-02
 -1       649 1.19845E+00 2.00338E+01 1.25208E-02
 -1       650 1.19993E+00 2.00014E+01 3.60265E-02
 -1       655 1.16710E+00 1.99853E+01-6.76580E-04
 -1       656 1.20096E+00 1.99640E+01-1.65341E-03
 -1       657 1.23290E+00 2.00147E+01 6.76580E-04
 -1       658 1.19904E+00 2.00360E+01 1.65341E-03
 -1       689-1.19537E+00 2.00004E+01 1.96424E+00
 -1       690-1.23122E+00 2.00006E+01 1.98198E+00
 -1       691-1.20463E+00 1.99996E+01 2.03576E+00
 -1       692-1.16878E+00 1.99994E+01 2.01802E+00
 -1       697-1.19845E+00 1.99662E+01 1.98748E+00
 -1       698-1.19993E+00 1.99986E+01 1.96397E+00
 -1       699-1.20155E+00 2.00338E+01 2.01252E+00
 -1       700-1.20007E+00 2.00014E+01 2.03603E+00
 -1       705-1.23290E+00 1.99853E+01 1.99932E+00
 -1       706-1.19904E+00 1.99640E+01 1.99835E+00
 -1       707-1.16710E+00 2.00147E+01 2.00068E+00
 -1       708-1.20096E+00 2.00360E+01 2.00165E+00
 -1       739 1.20411E+00 2.00005E+01 1.96418E+00
 -1       740 1.16852E+00 1.99998E+01 1.98243E+00
 -1       741 1.19589E+00 1.99995E+01 2.03582E+00
 -1       742 1.23148E+00 2.00002E+01 2.01757E+00
 -1       747 1.19843E+00 1.99659E+01 1.98848E+00
 -1       748 1.19989E+00 1.99975E+01 1.96403E+00
 -1       749 1.20157E+00 2.00341E+01 2.01152E+00
 -1       750 1.20011E+00 2.00025E+01 2.03597E+00
 -1       755 1.16632E+00 1.99872E+01 2.00059E+00
 -1       756 1.19892E+00 1.99640E+01 2.00165E+00
 -1       757 1.23368E+00 2.00128E+01 1.99941E+00
 -1       758 1.20108E+00 2.00360E+01 1.99835E+00
 -1       789-1.19505E+00 2.99994E+01-3.57093E-02
 -1       790-1.23106E+00 3.00002E+01-1.83116E-02
 -1       791-1.20495E+00 3.00006E+01 3.57093E-02
 -1       792-1.16894E+00 2.99998E+01 1.83116E-02
 -1       797-1.20102E+00 2.99659E+01-1.16828E-02
 -1       798-1.20007E+00 2.99977E+01-3.59798E-02
 -1       799-1.19898E+00 3.00341E+01 1.16828E-02
 -1       800-1.19993E+00 3.00023E+01 3.59798E-02
 -1       805-1.23354E+00 2.99868E+01 3.96605E-04
 -1       806-1.20069E+00 2.99640E+01 1.08098E-03
 -1       807-1.16646E+00 3.00132E+01-3.96605E-04
 -1       808-1.19931E+00 3.00360E+01-1.08098E-03
 -1       839 1.20437E+00 2.99996E+01-3.57875E-02
 -1       840 1.16865E+00 2.99993E+01-1.77876E-02
 -1       841 1.19563E+00 3.00004E+01 3.57875E-02
 -1       842 1.23135E+00 3.00007E+01 1.77876E-02
 -1       847 1.20102E+00 2.99661E+01-1.23355E-02
 -1       848 1.20005E+00 2.99984E+01-3.60180E-02
 -1       849 1.19898E+00 3.00339E+01 1.23355E-02
 -1       850 1.19995E+00 3.00016E+01 3.60180E-02
 -1       855 1.16697E+00 2.99855E+01-4.33494E-04
 -1       856 1.20064E+00 2.99640E+01-1.08101E-03
 -1       857 1.23303E+00 3.00145E+01 4.33494E-04
 -1       858 1.19936E+00 3.00360E+01 1.08101E-03
 -1       889-1.19536E+00 3.00004E+01 1.96425E+00
 -1       890-1.23122E+00 3.00007E+01 1.98198E+00
 -1       891-1.20464E+00 2.99996E+01 2.03575E+00
 -1       892-1.16878E+00 2.99993E+01 2.01802E+00
 -1       897-1.19898E+00 2.99661E+01 1.98766E+00
 -1       898-1.19995E+00 2.99984E+01 1.96398E+00
 -1       899-1.20102E+00 3.00339E+01 2.01234E+00
 -1       900-1.20005E+00 3.00016E+01 2.03602E+00
 -1       905-1.23303E+00 2.99855E+01 1.99957E+00
 -1       906-1.19936E+00 2.99640E+01 1.99892E+00
 -1       907-1.16697E+00 3.00145E+01 2.00043E+00
 -1       908-1.20064E+00 3.00360E+01 2.00108E+00
 -1       939 1.20403E+00 3.00006E+01 1.96417E+00
 -1       940 1.16848E+00 2.99998E+01 1.98250E+00
 -1       941 1.19597E+00 2.99994E+01 2.03583E+00
 -1       942 1.23152E+00 3.00002E+01 2.01750E+00
 -1       947 1.19898E+00 2.99659E+01 1.98832E+00
 -1       948 1.19993E+00 2.99977E+01 1.96402E+00
 -1       949 1.20102E+00 3.00341E+01 2.01168E+00
 -1       950 1.20007E+00 3.00023E+01 2.03598E+00
 -1       955 1.16646E+00 2.99868E+01 2.00040E+00
 -1       956 1.19931E+00 2.99640E+01 2.00108E+00
 -1       957 1.23354E+00 3.00132E+01 1.99960E+00
 -1       958 1.20069E+00 3.00360E+01 1.99892E+00
 -1       989-1.19512E+00 3.99995E+01-3.57210E-02
 -1       990-1.23110E+00 4.00002E+01-1.82443E-02
 -1       991-1.20488E+00 4.00005E+01 3.57210E-02
 -1       992-1.16890E+00 3.99998E+01 1.82443E-02
 -1       997-1.20157E+00 3.99659E+01-1.15220E-02
 -1       998-1.20011E+00 3.99975E+01-3.59684E-02
 -1       999-1.19843E+00 4.00341E+01 1.15220E-02
 -1      1000-1.19989E+00 4.00025E+01 3.59684E-02
 -1      1005-1.23368E+00 3.99872E+01 5.90072E-04
 -1      1006-1.20108E+00 3.99640E+01 1.65325E-03
 -1      1007-1.16632E+00 4.00128E+01-5.90072E-04
 -1      1008-1.19892E+00 4.00360E+01-1.65325E-03
 -1      1039 1.20437E+00 3.99996E+01-3.57873E-02
 -1      1040 1.16865E+00 3.99994E+01-1.77967E-02
 -1      1041 1.19563E+00 4.00004E+01 3.57873E-02
 -1      1042 1.23135E+00 4.00006E+01 1.77967E-02
 -1      1047 1.20155E+00 3.99662E+01-1.25208E-02
 -1      1048 1.20007E+00 3.99986E+01-3.60265E-02
 -1      1049 1.19845E+00 4.00338E+01 1.25208E-02
 -1      1050 1.19993E+00 4.00014E+01 3.60265E-02
 -1      1055 1.16710E+00 3.99853E+01-6.76580E-04
 -1      1056 1.20096E+00 3.99640E+01-1.65341E-03
 -1      1057 1.23290E+00 4.00147E+01 6.76580E-04
 -1      1058 1.19904E+00 4.00360E+01 1.65341E-03
 -1      1089-1.19540E+00 4.00004E+01 1.96424E+00
 -1      1090-1.23124E+00 4.00006E+01 1.98200E+00
 -1      1091-1.20460E+00 3.99996E+01 2.03576E+00
 -1      1092-1.16876E+00 3.99994E+01 2.01800E+00
 -1      1097-1.19845E+00 3.99662E+01 1.98748E+00
 -1      1098-1.19993E+00 3.99986E+01 1.96397E+00
 -1      1099-1.20155E+00 4.00338E+01 2.01252E+00
 -1      1100-1.20007E+00 4.00014E+01 2.03603E+00
 -1      1105-1.23290E+00 3.99853E+01 1.99932E+00
 -1      1106-1.19904E+00 3.99640E+01 1.99835E+00
 -1      1107-1.16710E+00 4.00147E+01 2.00068E+00
 -1      1108-1.20096E+00 4.00360E+01 2.00165E+00
 -1      1139 1.20408E+00 4.00005E+01 1.96418E+00
 -1      1140 1.16851E+00 3.99998E+01 1.98245E+00
 -1      1141 1.19592E+00 3.99995E+01 2.03582E+00
 -1      1142 1.23149E+00 4.00002E+01 2.01755E+00
 -1      1147 1.19843E+00 3.99659E+01 1.98848E+00
 -1      1148 1.19989E+00 3.99975E+01 1.96403E+00
 -1      1149 1.20157E+00 4.00341E+01 2.01152E+00
 -1      1150 1.20011E+00 4.00025E+01 2.03597E+00
 -1      1155 1.16632E+00 3.99872E+01 2.00059E+00
 -1      1156 1.19892E+00 3.99640E+01 2.00165E+00
 -1      1157 1.23368E+00 4.00128E+01 1.99941E+00
 -1      1158 1.20108E+00 4.00360E+01 1.99835E+00
 -1      1189-1.19617E+00 4.99979E+01-3.57896E-02
 -1      1190-1.23154E+00 4.99967E+01-1.71518E-02
 -1      1191-1.20383E+00 5.00021E+01 3.57896E-02
 -1      1192-1.16846E+00 5.00033E+01 1.71518E-02
 -1      1197-1.20102E+00 4.99659E+01-1.16828E-02
 -1      1198-1.20007E+00 4.99977E+01-3.59798E-02
 -1      1199-1.19898E+00 5.00341E+01 1.16828E-02
 -1      1200-1.19993E+00 5.00023E+01 3.59798E-02
 -1      1205-1.23354E+00 4.99868E+01 3.96605E-04
 -1      1206-1.20069E+00 4.99640E+01 1.08098E-03
 -1      1207-1.16646E+00 5.00132E+01-3.96605E-04
 -1      1208-1.19931E+00 5.00360E+01-1.08098E-03
 -1      1239 1.20664E+00 4.99965E+01-3.52641E-02
 -1      1240 1.16992E+00 5.00004E+01-1.98802E-02
 -1      1241 1.19336E+00 5.00035E+01 3.52641E-02
 -1      1242 1.23008E+00 4.99996E+01 1.98802E-02
 -1      1247 1.20102E+00 4.99661E+01-1.23355E-02
 -1      1248 1.20005E+00 4.99984E+01-3.60180E-02
 -1      1249 1.19898E+00 5.00339E+01 1.23355E-02
 -1      1250 1.19995E+00 5.00016E+01 3.60180E-02
 -1      1255 1.16697E+00 4.99855E+01-4.33494E-04
 -1      1256 1.20064E+00 4.99640E+01-1.08101E-03
 -1      1257 1.23303E+00 5.00145E+01 4.33494E-04
 -1      1258 1.19936E+00 5.00360E+01 1.08101E-03
 -1      1289-1.19818E+00 5.00032E+01 1.96414E+00
 -1      1290-1.23246E+00 4.99991E+01 1.98433E+00
 -1      1291-1.20182E+00 4.99968E+01 2.03586E+00
 -1      1292-1.16754E+00 5.00009E+01 2.01567E+00
 -1      1297-1.19898E+00 4.99661E+01 1.98766E+00
 -1      1298-1.19995E+00 4.99984E+01 1.96398E+00
 -1      1299-1.20102E+00 5.00339E+01 2.01234E+00
 -1      1300-1.20005E+00 5.00016E+01 2.03602E+00
 -1      1305-1.23303E+00 4.99855E+01 1.99957E+00
 -1      1306-1.19936E+00 4.99640E+01 1.99892E+00
 -1      1307-1.16697E+00 5.00145E+01 2.00043E+00
 -1      1308-1.20064E+00 5.00360E+01 2.00108E+00
 -1      1339 1.20529E+00 5.00020E+01 1.96439E+00
 -1      1340 1.16919E+00 5.00033E+01 1.98157E+00
 -1      1341 1.19471E+00 4.99980E+01 2.03561E+00
 -1      1342 1.23081E+00 4.99967E+01 2.01843E+00
 -1      1347 1.19898E+00 4.99659E+01 1.98832E+00
 -1      1348 1.19993E+00 4.99977E+01 1.96402E+00
 -1      1349 1.20102E+00 5.00341E+01 2.01168E+00
 -1      1350 1.20007E+00 5.00023E+01 2.03598E+00
 -1      1355 1.16646E+00 4.99868E+01 2.00040E+00
 -1      1356 1.19931E+00 4.99640E+01 2.00108E+00
 -1      1357 1.23354E+00 5.00132E+01 1.99960E+00
 -1      1358 1.20069E+00 5.00360E+01 1.99892E+00
 -1      1389-1.19553E+00 5.00000E+00-1.85778E-01
 -1      1390-1.23131E+00 5.00000E+00-1.67883E-01
 -1      1391-1.20447E+00 5.00000E+00-1.14222E-01
 -1      1392-1.16869E+00 5.00000E+00-1.32117E-01
 -1      1397 1.20447E+00 5.00000E+00 1.14222E-01
 -1      1398 1.16869E+00 5.00000E+00 1.32117E-01
 -1      1399 1.19553E+00 5.00000E+00 1.85778E-01
 -1      1400 1.23131E+00 5.00000E+00 1.67883E-01
 -1      1405-1.19553E+00 5.00000E+00 1.81422E+00
 -1      1406-1.23131E+00 5.00000E+00 1.83212E+00
 -1      1407-1.20447E+00 5.00000E+00 1.88578E+00
 -1      1408-1.16869E+00 5.00000E+00 1.86788E+00
 -1      1413 1.20447E+00 5.00000E+00 2.11422E+00
 -1      1414 1.16869E+00 5.00000E+00 2.13212E+00
 -1      1415 1.19553E+00 5.00000E+00 2.18578E+00
 -1      1416 1.23131E+00 5.00000E+00 2.16788E+00
 -1      1421-1.19553E+00 1.50000E+01-1.85778E-01
 -1      1422-1.23131E+00 1.50000E+01-1.67883E-01
 -1      1423-1.20447E+00 1.50000E+01-1.14222E-01
 -1      1424-1.16869E+00 1.50000E+01-1.32117E-01
 -1      1429 1.20447E+00 1.50000E+01 1.14222E-01
 -1      1430 1.16869E+00 1.50000E+01 1.32117E-01
 -1      1431 1.19553E+00 1.50000E+01 1.85778E-01
 -1      1432 1.23131E+00 1.50000E+01 1.67883E-01
 -1      1437-1.19553E+00 1.50000E+01 1.81422E+00
 -1      1438-1.23131E+00 1.50000E+01 1.83212E+00
 -1      1439-1.20447E+00 1.50000E+01 1.88578E+00
 -1      1440-1.16869E+00 1.50000E+01 1.86788E+00
 -1      1445 1.20447E+00 1.50000E+01 2.11422E+00
 -1      1446 1.16869E+00 1.50000E+01 2.13212E+00
 -1      1447 1.19553E+00 1.50000E+01 2.18578E+00
 -1      1448 1.23131E+00 1.50000E+01 2.16788E+00
 -1      1453-1.19553E+00 2.50000E+01-1.85778E-01
 -1      1454-1.23131E+00 2.50000E+01-1.67883E-01
 -1      1455-1.20447E+00 2.50000E+01-1.14222E-01
 -1      1456-1.16869E+00 2.50000E+01-1.32117E-01
 -1      1461 1.20447E+00 2.50000E+01 1.14222E-01
 -1      1462 1.16869E+00 2.50000E+01 1.32117E-01
 -1      1463 1.19553E+00 2.50000E+01 1.85778E-01
 -1      1464 1.23131E+00 2.50000E+01 1.67883E-01
 -1      1469-1.19553E+00 2.50000E+01 1.81422E+00
 -1      1470-1.23131E+00 2.50000E+01 1.83212E+00
 -1      1471-1.20447E+00 2.50000E+01 1.88578E+00
 -1      1472-1.16869E+00 2.50000E+01 1.86788E+00
 -1      1477 1.20447E+00 2.50000E+01 2.11422E+00
 -1      1478 1.16869E+00 2.50000E+01 2.13212E+00
 -1      1479 1.19553E+00 2.50000E+01 2.18578E+00
 -1      1480 1.23131E+00 2.50000E+01 2.16788E+00
 -1      1485-1.19553E+00 3.50000E+01-1.85778E-01
 -1      1486-1.23131E+00 3.50000E+01-1.67883E-01
 -1      1487-1.20447E+00 3.50000E+01-1.14222E-01
 -1      1488-1.16869E+00 3.50000E+01-1.32117E-01
 -1      1493 1.20447E+00 3.50000E+01 1.14222E-01
 -1      1494 1.16869E+00 3.50000E+01 1.32117E-01
 -1      1495 1.19553E+00 3.50000E+01 1.85778E-01
 -1      1496 1.23131E+00 3.50000E+01 1.67883E-01
 -1      1501-1.19553E+00 3.50000E+01 1.81422E+00
 -1      1502-1.23131E+00 3.50000E+01 1.83212E+00
 -1      1503-1.20447E+00 3.50000E+01 1.88578E+00
 -1      1504-1.16869E+00 3.50000E+01 1.86788E+00
 -1      1509 1.20447E+00 3.50000E+01 2.11422E+00
 -1      1510 1.16869E+00 3.50000E+01 2.13212E+00
 -1      1511 1.19553E+00 3.50000E+01 2.18578E+00
 -1      1512 1.23131E+00 3.50000E+01 2.16788E+00
 -1      1517-1.19553E+00 4.50000E+01-1.85778E-01
 -1      1518-1.23131E+00 4.50000E+01-1.67883E-01
 -1      1519-1.20447E+00 4.50000E+01-1.14222E-01
 -1      1520-1.16869E+00 4.50000E+01-1.32117E-01
 -1      1525 1.20447E+00 4.50000E+01 1.14222E-01
 -1      1526 1.16869E+00 4.50000E+01 1.32117E-01
 -1      1527 1.19553E+00 4.50000E+01 1.85778E-01
 -1      1528 1.23131E+00 4.50000E+01 1.67883E-01
 -1      1533-1.19553E+00 4.50000E+01 1.81422E+00
 -1      1534-1.23131E+00 4.50000E+01 1.83212E+00
 -1      1535-1.20447E+00 4.50000E+01 1.88578E+00
 -1      1536-1.16869E+00 4.50000E+01 1.86788E+00
 -1      1541 1.20447E+00 4.50000E+01 2.11422E+00
 -1      1542 1.16869E+00 4.50000E+01 2.13212E+00
 -1      1543 1.19553E+00 4.50000E+01 2.18578E+00
 -1      1544 1.23131E+00 4.50000E+01 2.16788E+00
 -1      1549 0.00000E+00-6.99992E-02-1.20023E-02
 -1      1550 0.00000E+00-3.79975E-02-3.60001E-02
 -1      1551 0.00000E+00-2.00083E-03 1.20023E-02
 -1      1552 0.00000E+00-3.40025E-02 3.60001E-02
 -1      1557 0.00000E+00 2.00083E-03 1.98800E+00
 -1      1558 0.00000E+00 3.40025E-02 1.96400E+00
 -1      1559 0.00000E+00 6.99992E-02 2.01200E+00
 -1      1560 0.00000E+00 3.79975E-02 2.03600E+00
 -1      1565-1.23329E+00 1.61495E-02 1.00000E+00
 -1      1566-1.20002E+00-6.05551E-03 1.00000E+00
 -1      1567-1.16671E+00 4.38505E-02 1.00000E+00
 -1      1568-1.19998E+00 6.60555E-02 1.00000E+00
 -1      1573 1.16671E+00-4.38505E-02 1.00000E+00
 -1      1574 1.19998E+00-6.60555E-02 1.00000E+00
 -1      1575 1.23329E+00-1.61495E-02 1.00000E+00
 -1      1576 1.20002E+00 6.05551E-03 1.00000E+00
 -1      1581 0.00000E+00 9.93000E+00-1.20023E-02
 -1      1582 0.00000E+00 9.96200E+00-3.60001E-02
 -1      1583 0.00000E+00 9.99800E+00 1.20023E-02
 -1      1584 0.00000E+00 9.96600E+00 3.60001E-02
 -1      1589 0.00000E+00 1.00020E+01 1.98800E+00
 -1      1590 0.00000E+00 1.00340E+01 1.96400E+00
 -1      1591 0.00000E+00 1.00700E+01 2.01200E+00
 -1      1592 0.00000E+00 1.00380E+01 2.03600E+00
 -1      1597-1.23329E+00 1.00161E+01 1.00000E+00
 -1      1598-1.20002E+00 9.99394E+00 1.00000E+00
 -1      1599-1.16671E+00 1.00439E+01 1.00000E+00
 -1      1600-1.19998E+00 1.00661E+01 1.00000E+00
 -1      1605 1.16671E+00 9.95615E+00 1.00000E+00
 -1      1606 1.19998E+00 9.93394E+00 1.00000E+00
 -1      1607 1.23329E+00 9.98385E+00 1.00000E+00
 -1      1608 1.20002E+00 1.00061E+01 1.00000E+00
 -1      1613-9.01448E-01 1.99521E+01-1.15569E-02
 -1      1614-9.00105E-01 1.99838E+01-3.59710E-02
 -1      1615-8.98552E-01 2.00203E+01 1.15569E-02
 -1      1616-8.99895E-01 1.99887E+01 3.59710E-02
 -1      1621-6.01107E-01 1.99404E+01-1.16576E-02
 -1      1622-6.00077E-01 1.99722E+01-3.59781E-02
 -1      1623-5.98893E-01 2.00086E+01 1.16576E-02
 -1      1624-5.99923E-01 1.99769E+01 3.59781E-02
 -1      1629-3.00599E-01 1.99327E+01-1.18121E-02
 -1      1630-3.00039E-01 1.99645E+01-3.59884E-02
 -1      1631-2.99401E-01 2.00008E+01 1.18121E-02
 -1      1632-2.99961E-01 1.99689E+01 3.59884E-02
 -1      1637 0.00000E+00 1.99300E+01-1.20002E-02
 -1      1638 0.00000E+00 1.99620E+01-3.60000E-02
 -1      1639 0.00000E+00 1.99980E+01 1.20002E-02
 -1      1640 0.00000E+00 1.99660E+01 3.60000E-02
 -1      1645 3.00596E-01 1.99328E+01-1.21945E-02
 -1      1646 3.00032E-01 1.99649E+01-3.60109E-02
 -1      1647 2.99404E-01 2.00007E+01 1.21945E-02
 -1      1648 2.99968E-01 1.99685E+01 3.60109E-02
 -1      1653 6.01099E-01 1.99407E+01-1.23640E-02
 -1      1654 6.00052E-01 1.99729E+01-3.60194E-02
 -1      1655 5.98901E-01 2.00084E+01 1.23640E-02
 -1      1656 5.99948E-01 1.99762E+01 3.60194E-02
 -1      1661 9.01434E-01 1.99524E+01-1.24797E-02
 -1      1662 9.00063E-01 1.99847E+01-3.60247E-02
 -1      1663 8.98566E-01 2.00200E+01 1.24797E-02
 -1      1664 8.99937E-01 1.99877E+01 3.60247E-02
 -1      1669-8.98566E-01 1.99800E+01 1.98752E+00
 -1      1670-8.99937E-01 2.00123E+01 1.96398E+00
 -1      1671-9.01434E-01 2.00476E+01 2.01248E+00
 -1      1672-9.00063E-01 2.00153E+01 2.03602E+00
 -1      1677-5.98901E-01 1.99916E+01 1.98764E+00
 -1      1678-5.99948E-01 2.00238E+01 1.96398E+00
 -1      1679-6.01099E-01 2.00593E+01 2.01236E+00
 -1      1680-6.00052E-01 2.00271E+01 2.03602E+00
 -1      1685-2.99404E-01 1.99993E+01 1.98781E+00
 -1      1686-2.99968E-01 2.00315E+01 1.96399E+00
 -1      1687-3.00596E-01 2.00672E+01 2.01219E+00
 -1      1688-3.00032E-01 2.00351E+01 2.03601E+00
 -1      1693 0.00000E+00 2.00020E+01 1.98800E+00
 -1      1694 0.00000E+00 2.00340E+01 1.96400E+00
 -1      1695 0.00000E+00 2.00700E+01 2.01200E+00
 -1      1696 0.00000E+00 2.00380E+01 2.03600E+00
 -1      1701 2.99401E-01 1.99992E+01 1.98819E+00
 -1      1702 2.99961E-01 2.00311E+01 1.96401E+00
 -1      1703 3.00599E-01 2.00673E+01 2.01181E+00
 -1      1704 3.00039E-01 2.00355E+01 2.03599E+00
 -1      1709 5.98893E-01 1.99914E+01 1.98834E+00
 -1      1710 5.99923E-01 2.00231E+01 1.96402E+00
 -1      1711 6.01107E-01 2.00596E+01 2.01166E+00
 -1      1712 6.00077E-01 2.00278E+01 2.03598E+00
 -1      1717 8.98552E-01 1.99797E+01 1.98844E+00
 -1      1718 8.99895E-01 2.00113E+01 1.96403E+00
 -1      1719 9.01448E-01 2.00479E+01 2.01156E+00
 -1      1720 9.00105E-01 2.00162E+01 2.03597E+00
 -1      1725-1.23365E+00 1.99985E+01 2.50549E-01
 -1      1726-1.20099E+00 1.99755E+01 2.51528E-01
 -1      1727-1.16635E+00 2.00244E+01 2.49451E-01
 -1      1728-1.19901E+00 2.00475E+01 2.48472E-01
 -1      1733-1.23356E+00 2.00081E+01 5.00427E-01
 -1      1734-1.20075E+00 1.99852E+01 5.01170E-01
 -1      1735-1.16644E+00 2.00344E+01 4.99573E-01
 -1      1736-1.19925E+00 2.00572E+01 4.98830E-01
 -1      1741-1.23343E+00 2.00142E+01 7.50237E-01
 -1      1742-1.20040E+00 1.99917E+01 7.50633E-01
 -1      1743-1.16657E+00 2.00412E+01 7.49763E-01
 -1      1744-1.19960E+00 2.00638E+01 7.49367E-01
 -1      1749-1.23328E+00 2.00161E+01 1.00000E+00
 -1      1750-1.20000E+00 1.99939E+01 1.00000E+00
 -1      1751-1.16672E+00 2.00439E+01 1.00000E+00
 -1      1752-1.20000E+00 2.00661E+01 1.00000E+00
 -1      1757-1.23313E+00 2.00135E+01 1.24975E+00
 -1      1758-1.19962E+00 1.99917E+01 1.24937E+00
 -1      1759-1.16687E+00 2.00419E+01 1.25025E+00
 -1      1760-1.20038E+00 2.00638E+01 1.25063E+00
 -1      1765-1.23301E+00 2.00067E+01 1.49953E+00
 -1      1766-1.19931E+00 1.99852E+01 1.49883E+00
 -1      1767-1.16699E+00 2.00357E+01 1.50047E+00
 -1      1768-1.20069E+00 2.00572E+01 1.50117E+00
 -1      1773-1.23293E+00 1.99968E+01 1.74938E+00
 -1      1774-1.19911E+00 1.99755E+01 1.74847E+00
 -1      1775-1.16707E+00 2.00262E+01 1.75062E+00
 -1      1776-1.20089E+00 2.00475E+01 1.75153E+00
 -1      1781 1.16707E+00 1.99738E+01 2.49378E-01
 -1      1782 1.20089E+00 1.99525E+01 2.48472E-01
 -1      1783 1.23293E+00 2.00032E+01 2.50622E-01
 -1      1784 1.19911E+00 2.00245E+01 2.51528E-01
 -1      1789 1.16699E+00 1.99643E+01 4.99529E-01
 -1      1790 1.20069E+00 1.99428E+01 4.98830E-01
 -1      1791 1.23301E+00 1.99933E+01 5.00471E-01
 -1      1792 1.19931E+00 2.00148E+01 5.01170E-01
 -1      1797 1.16687E+00 1.99581E+01 7.49750E-01
 -1      1798 1.20038E+00 1.99362E+01 7.49367E-01
 -1      1799 1.23313E+00 1.99865E+01 7.50250E-01
 -1      1800 1.19962E+00 2.00083E+01 7.50633E-01
 -1      1805 1.16672E+00 1.99561E+01 1.00000E+00
 -1      1806 1.20000E+00 1.99339E+01 1.00000E+00
 -1      1807 1.23328E+00 1.99839E+01 1.00000E+00
 -1      1808 1.20000E+00 2.00061E+01 1.00000E+00
 -1      1813 1.16657E+00 1.99588E+01 1.25024E+00
 -1      1814 1.19960E+00 1.99362E+01 1.25063E+00
 -1      1815 1.23343E+00 1.99858E+01 1.24976E+00
 -1      1816 1.20040E+00 2.00083E+01 1.24937E+00
 -1      1821 1.16644E+00 1.99656E+01 1.50043E+00
 -1      1822 1.19925E+00 1.99428E+01 1.50117E+00
 -1      1823 1.23356E+00 1.99919E+01 1.49957E+00
 -1      1824 1.20075E+00 2.00148E+01 1.49883E+00
 -1      1829 1.16635E+00 1.99756E+01 1.75055E+00
 -1      1830 1.19901E+00 1.99525E+01 1.75153E+00
 -1      1831 1.23365E+00 2.00015E+01 1.74945E+00
 -1      1832 1.20099E+00 2.00245E+01 1.74847E+00
 -1      1837 0.00000E+00 2.99300E+01-1.20023E-02
 -1      1838 0.00000E+00 2.99620E+01-3.60001E-02
 -1      1839 0.00000E+00 2.99980E+01 1.20023E-02
 -1      1840 0.00000E+00 2.99660E+01 3.60001E-02
 -1      1845 0.00000E+00 3.00020E+01 1.98800E+00
 -1      1846 0.00000E+00 3.00340E+01 1.96400E+00
 -1      1847 0.00000E+00 3.00700E+01 2.01200E+00
 -1      1848 0.00000E+00 3.00380E+01 2.03600E+00
 -1      1853-1.23329E+00 3.00161E+01 1.00000E+00
 -1      1854-1.20002E+00 2.99939E+01 1.00000E+00
 -1      1855-1.16671E+00 3.00438E+01 1.00000E+00
 -1      1856-1.19998E+00 3.00661E+01 1.00000E+00
 -1      1861 1.16671E+00 2.99562E+01 1.00000E+00
 -1      1862 1.19998E+00 2.99339E+01 1.00000E+00
 -1      1863 1.23329E+00 2.99839E+01 1.00000E+00
 -1      1864 1.20002E+00 3.00061E+01 1.00000E+00
 -1      1869-9.01448E-01 3.99521E+01-1.15569E-02
 -1      1870-9.00105E-01 3.99838E+01-3.59710E-02
 -1      1871-8.98552E-01 4.00203E+01 1.15569E-02
 -1      1872-8.99895E-01 3.99887E+01 3.59710E-02
 -1      1877-6.01107E-01 3.99404E+01-1.16576E-02
 -1      1878-6.00077E-01 3.99722E+01-3.59781E-02
 -1      1879-5.98893E-01 4.00086E+01 1.16576E-02
 -1      1880-5.99923E-01 3.99769E+01 3.59781E-02
 -1      1885-3.00599E-01 3.99327E+01-1.18121E-02
 -1      1886-3.00039E-01 3.99645E+01-3.59884E-02
 -1      1887-2.99401E-01 4.00008E+01 1.18121E-02
 -1      1888-2.99961E-01 3.99689E+01 3.59884E-02
 -1      1893 0.00000E+00 3.99300E+01-1.20002E-02
 -1      1894 0.00000E+00 3.99620E+01-3.60000E-02
 -1      1895 0.00000E+00 3.99980E+01 1.20002E-02
 -1      1896 0.00000E+00 3.99660E+01 3.60000E-02
 -1      1901 3.00596E-01 3.99328E+01-1.21945E-02
 -1      1902 3.00032E-01 3.99649E+01-3.60109E-02
 -1      1903 2.99404E-01 4.00007E+01 1.21945E-02
 -1      1904 2.99968E-01 3.99685E+01 3.60109E-02
 -1      1909 6.01099E-01 3.99407E+01-1.23640E-02
 -1      1910 6.00052E-01 3.99729E+01-3.60194E-02
 -1      1911 5.98901E-01 4.00084E+01 1.23640E-02
 -1      1912 5.99948E-01 3.99762E+01 3.60194E-02
 -1      1917 9.01434E-01 3.99524E+01-1.24797E-02
 -1      1918 9.00063E-01 3.99847E+01-3.60247E-02
 -1      1919 8.98566E-01 4.00200E+01 1.24797E-02
 -1      1920 8.99937E-01 3.99877E+01 3.60247E-02
 -1      1925-8.98566E-01 3.99800E+01 1.98752E+00
 -1      1926-8.99937E-01 4.00123E+01 1.96398E+00
 -1      1927-9.01434E-01 4.00476E+01 2.01248E+00
 -1      1928-9.00063E-01 4.00153E+01 2.03602E+00
 -1      1933-5.98901E-01 3.99916E+01 1.98764E+00
 -1      1934-5.99948E-01 4.00238E+01 1.96398E+00
 -1      1935-6.01099E-01 4.00593E+01 2.01236E+00
 -1      1936-6.00052E-01 4.00271E+01 2.03602E+00
 -1      1941-2.99404E-01 3.99993E+01 1.98781E+00
 -1      1942-2.99968E-01 4.00315E+01 1.96399E+00
 -1      1943-3.00596E-01 4.00672E+01 2.01219E+00
 -1      1944-3.00032E-01 4.00351E+01 2.03601E+00
 -1      1949 0.00000E+00 4.00020E+01 1.98800E+00
 -1      1950 0.00000E+00 4.00340E+01 1.96400E+00
 -1      1951 0.00000E+00 4.00700E+01 2.01200E+00
 -1      1952 0.00000E+00 4.00380E+01 2.03600E+00
 -1      1957 2.99401E-01 3.99992E+01 1.98819E+00
 -1      1958 2.99961E-01 4.00311E+01 1.96401E+00
 -1      1959 3.00599E-01 4.00673E+01 2.01181E+00
 -1      1960 3.00039E-01 4.00355E+01 2.03599E+00
 -1      1965 5.98893E-01 3.99914E+01 1.98834E+00
 -1      1966 5.99923E-01 4.00231E+01 1.96402E+00
 -1      1967 6.01107E-01 4.00596E+01 2.01166E+00
 -1      1968 6.00077E-01 4.00278E+01 2.03598E+00
 -1      1973 8.98552E-01 3.99797E+01 1.98844E+00
 -1      1974 8.99895E-01 4.00113E+01 1.96403E+00
 -1      1975 9.01448E-01 4.00479E+01 2.01156E+00
 -1      1976 9.00105E-01 4.00162E+01 2.03597E+00
 -1      1981-1.23365E+00 3.99985E+01 2.50549E-01
 -1      1982-1.20099E+00 3.99755E+01 2.51528E-01
 -1      1983-1.16635E+00 4.00244E+01 2.49451E-01
 -1      1984-1.19901E+00 4.00475E+01 2.48472E-01
 -1      1989-1.23356E+00 4.00080E+01 5.00427E-01
 -1      1990-1.20075E+00 3.99852E+01 5.01170E-01
 -1      1991-1.16644E+00 4.00344E+01 4.99573E-01
 -1      1992-1.19925E+00 4.00572E+01 4.98830E-01
 -1      1997-1.23343E+00 4.00142E+01 7.50237E-01
 -1      1998-1.20040E+00 3.99917E+01 7.50633E-01
 -1      1999-1.16657E+00 4.00412E+01 7.49763E-01
 -1      2000-1.19960E+00 4.00638E+01 7.49367E-01
 -1      2005-1.23328E+00 4.00161E+01 1.00000E+00
 -1      2006-1.20000E+00 3.99939E+01 1.00000E+00
 -1      2007-1.16672E+00 4.00439E+01 1.00000E+00
 -1      2008-1.20000E+00 4.00661E+01 1.00000E+00
 -1      2013-1.23313E+00 4.00135E+01 1.24975E+00
 -1      2014-1.19962E+00 3.99917E+01 1.24937E+00
 -1      2015-1.16687E+00 4.00419E+01 1.25025E+00
 -1      2016-1.20038E+00 4.00638E+01 1.25063E+00
 -1      2021-1.23301E+00 4.00067E+01 1.49953E+00
 -1      2022-1.19931E+00 3.99852E+01 1.49883E+00
 -1      2023-1.16699E+00 4.00357E+01 1.50047E+00
 -1      2024-1.20069E+00 4.00572E+01 1.50117E+00
 -1      2029-1.23293E+00 3.99968E+01 1.74938E+00
 -1      2030-1.19911E+00 3.99755E+01 1.74847E+00
 -1      2031-1.16707E+00 4.00262E+01 1.75062E+00
 -1      2032-1.20089E+00 4.00475E+01 1.75153E+00
 -1      2037 1.16707E+00 3.99738E+01 2.49378E-01
 -1      2038 1.20089E+00 3.99525E+01 2.48472E-01
 -1      2039 1.23293E+00 4.00032E+01 2.50622E-01
 -1      2040 1.19911E+00 4.00245E+01 2.51528E-01
 -1      2045 1.16699E+00 3.99643E+01 4.99529E-01
 -1      2046 1.20069E+00 3.99428E+01 4.98830E-01
 -1      2047 1.23301E+00 3.99933E+01 5.00471E-01
 -1      2048 1.19931E+00 4.00148E+01 5.01170E-01
 -1      2053 1.16687E+00 3.99581E+01 7.49750E-01
 -1      2054 1.20038E+00 3.99362E+01 7.49367E-01
 -1      2055 1.23313E+00 3.99865E+01 7.50250E-01
 -1      2056 1.19962E+00 4.00083E+01 7.50633E-01
 -1      2061 1.16672E+00 3.99561E+01 1.00000E+00
 -1      2062 1.20000E+00 3.99339E+01 1.00000E+00
 -1      2063 1.23328E+00 3.99839E+01 1.00000E+00
 -1      2064 1.20000E+00 4.00061E+01 1.00000E+00
 -1      2069 1.16657E+00 3.99588E+01 1.25024E+00
 -1      2070 1.19960E+00 3.99362E+01 1.25063E+00
 -1      2071 1.23343E+00 3.99858E+01 1.24976E+00
 -1      2072 1.20040E+00 4.00083E+01 1.24937E+00
 -1      2077 1.16644E+00 3.99656E+01 1.50043E+00
 -1      2078 1.19925E+00 3.99428E+01 1.50117E+00
 -1      2079 1.23356E+00 3.99920E+01 1.49957E+00
 -1      2080 1.20075E+00 4.00148E+01 1.49883E+00
 -1      2085 1.16635E+00 3.99756E+01 1.75055E+00
 -1      2086 1.19901E+00 3.99525E+01 1.75153E+00
 -1      2087 1.23365E+00 4.00015E+01 1.74945E+00
 -1      2088 1.20099E+00 4.00245E+01 1.74847E+00
 -1      2093 0.00000E+00 4.99300E+01-1.20023E-02
 -1      2094 0.00000E+00 4.99620E+01-3.60001E-02
 -1      2095 0.00000E+00 4.99980E+01 1.20023E-02
 -1      2096 0.00000E+00 4.99660E+01 3.60001E-02
 -1      2101 0.00000E+00 5.00020E+01 1.98800E+00
 -1      2102 0.00000E+00 5.00340E+01 1.96400E+00
 -1      2103 0.00000E+00 5.00700E+01 2.01200E+00
 -1      2104 0.00000E+00 5.00380E+01 2.03600E+00
 -1      2109-1.23329E+00 5.00161E+01 1.00000E+00
 -1      2110-1.20002E+00 4.99939E+01 1.00000E+00
 -1      2111-1.16671E+00 5.00438E+01 1.00000E+00
 -1      2112-1.19998E+00 5.00661E+01 1.00000E+00
 -1      2117 1.16671E+00 4.99562E+01 1.00000E+00
 -1      2118 1.19998E+00 4.99339E+01 1.00000E+00
 -1      2119 1.23329E+00 4.99839E+01 1.00000E+00
 -1      2120 1.20002E+00 5.00061E+01 1.00000E+00
 -1      2125-1.19830E+00 5.03706E+00 8.14684E-01
 -1      2126-1.23259E+00 5.03303E+00 8.34874E-01
 -1      2127-1.20170E+00 5.02294E+00 8.85316E-01
 -1      2128-1.16741E+00 5.02697E+00 8.65126E-01
 -1      2133-1.19388E+00 5.02303E+00 1.11516E+00
 -1      2134-1.23044E+00 5.02621E+00 1.13106E+00
 -1      2135-1.20612E+00 5.03697E+00 1.18484E+00
 -1      2136-1.16956E+00 5.03379E+00 1.16894E+00
 -1      2141 1.20170E+00 5.03706E+00 8.14684E-01
 -1      2142 1.16741E+00 5.03303E+00 8.34874E-01
 -1      2143 1.19830E+00 5.02294E+00 8.85316E-01
 -1      2144 1.23259E+00 5.02697E+00 8.65126E-01
 -1      2149 1.20612E+00 5.02303E+00 1.11516E+00
 -1      2150 1.16956E+00 5.02621E+00 1.13106E+00
 -1      2151 1.19388E+00 5.03697E+00 1.18484E+00
 -1      2152 1.23044E+00 5.03379E+00 1.16894E+00
 -1      2157 1.59908E-01 4.96162E+00-3.45858E-02
 -1      2158 1.22767E-01 4.97054E+00-2.27077E-02
 -1      2159 1.40092E-01 4.96638E+00 3.45858E-02
 -1      2160 1.77233E-01 4.95746E+00 2.27077E-02
 -1      2165-1.49864E-01 4.96403E+00-3.60552E-02
 -1      2166-1.82310E-01 4.95625E+00-1.39967E-02
 -1      2167-1.50136E-01 4.96397E+00 3.60552E-02
 -1      2168-1.17690E-01 4.97175E+00 1.39967E-02
 -1      2173 1.59908E-01 4.96162E+00 1.96541E+00
 -1      2174 1.22767E-01 4.97054E+00 1.97729E+00
 -1      2175 1.40092E-01 4.96638E+00 2.03459E+00
 -1      2176 1.77233E-01 4.95746E+00 2.02271E+00
 -1      2181-1.49864E-01 4.96403E+00 1.96394E+00
 -1      2182-1.82310E-01 4.95625E+00 1.98600E+00
 -1      2183-1.50136E-01 4.96397E+00 2.03606E+00
 -1      2184-1.17690E-01 4.97175E+00 2.01400E+00
 -1      2189-1.19830E+00 1.50371E+01 8.14684E-01
 -1      2190-1.23259E+00 1.50330E+01 8.34874E-01
 -1      2191-1.20170E+00 1.50229E+01 8.85316E-01
 -1      2192-1.16741E+00 1.50270E+01 8.65126E-01
 -1      2197-1.19388E+00 1.50230E+01 1.11516E+00
 -1      2198-1.23044E+00 1.50262E+01 1.13106E+00
 -1      2199-1.20612E+00 1.50370E+01 1.18484E+00
 -1      2200-1.16956E+00 1.50338E+01 1.16894E+00
 -1      2205 1.20170E+00 1.50371E+01 8.14684E-01
 -1      2206 1.16741E+00 1.50330E+01 8.34874E-01
 -1      2207 1.19830E+00 1.50229E+01 8.85316E-01
 -1      2208 1.23259E+00 1.50270E+01 8.65126E-01
 -1      2213 1.20612E+00 1.50230E+01 1.11516E+00
 -1      2214 1.16956E+00 1.50262E+01 1.13106E+00
 -1      2215 1.19388E+00 1.50370E+01 1.18484E+00
 -1      2216 1.23044E+00 1.50338E+01 1.16894E+00
 -1      2221 1.59908E-01 1.49616E+01-3.45858E-02
 -1      2222 1.22767E-01 1.49705E+01-2.27077E-02
 -1      2223 1.40092E-01 1.49664E+01 3.45858E-02
 -1      2224 1.77233E-01 1.49575E+01 2.27077E-02
 -1      2229-1.49864E-01 1.49640E+01-3.60552E-02
 -1      2230-1.82310E-01 1.49562E+01-1.39967E-02
 -1      2231-1.50136E-01 1.49640E+01 3.60552E-02
 -1      2232-1.17690E-01 1.49718E+01 1.39967E-02
 -1      2237 1.59908E-01 1.49616E+01 1.96541E+00
 -1      2238 1.22767E-01 1.49705E+01 1.97729E+00
 -1      2239 1.40092E-01 1.49664E+01 2.03459E+00
 -1      2240 1.77233E-01 1.49575E+01 2.02271E+00
 -1      2245-1.49864E-01 1.49640E+01 1.96394E+00
 -1      2246-1.82310E-01 1.49562E+01 1.98600E+00
 -1      2247-1.50136E-01 1.49640E+01 2.03606E+00
 -1      2248-1.17690E-01 1.49718E+01 2.01400E+00
 -1      2253-1.19777E+00 2.25272E+01 3.58451E-01
 -1      2254-1.23236E+00 2.25239E+01 3.78258E-01
 -1      2255-1.20223E+00 2.25152E+01 4.29417E-01
 -1      2256-1.16764E+00 2.25186E+01 4.09610E-01
 -1      2261-1.19829E+00 2.50371E+01 8.14685E-01
 -1      2262-1.23259E+00 2.50330E+01 8.34866E-01
 -1      2263-1.20171E+00 2.50229E+01 8.85315E-01
 -1      2264-1.16741E+00 2.50270E+01 8.65134E-01
 -1      2269-1.19884E+00 2.75293E+01 1.35882E+00
 -1      2270-1.23282E+00 2.75246E+01 1.37939E+00
 -1      2271-1.20116E+00 2.75131E+01 1.42904E+00
 -1      2272-1.16718E+00 2.75178E+01 1.40848E+00
 -1      2277-1.19407E+00 2.25153E+01 1.57100E+00
 -1      2278-1.23055E+00 2.25180E+01 1.58719E+00
 -1      2279-1.20593E+00 2.25271E+01 1.64113E+00
 -1      2280-1.16945E+00 2.25244E+01 1.62495E+00
 -1      2285-1.19388E+00 2.50230E+01 1.11516E+00
 -1      2286-1.23044E+00 2.50262E+01 1.13106E+00
 -1      2287-1.20612E+00 2.50370E+01 1.18484E+00
 -1      2288-1.16956E+00 2.50338E+01 1.16894E+00
 -1      2293-1.19370E+00 2.75132E+01 5.71480E-01
 -1      2294-1.23034E+00 2.75168E+01 5.87095E-01
 -1      2295-1.20630E+00 2.75292E+01 6.40652E-01
 -1      2296-1.16966E+00 2.75256E+01 6.25037E-01
 -1      2301 1.20223E+00 2.25272E+01 3.58451E-01
 -1      2302 1.16764E+00 2.25239E+01 3.78258E-01
 -1      2303 1.19777E+00 2.25152E+01 4.29417E-01
 -1      2304 1.23236E+00 2.25186E+01 4.09610E-01
 -1      2309 1.20171E+00 2.50371E+01 8.14685E-01
 -1      2310 1.16741E+00 2.50330E+01 8.34866E-01
 -1      2311 1.19829E+00 2.50229E+01 8.85315E-01
 -1      2312 1.23259E+00 2.50270E+01 8.65134E-01
 -1      2317 1.20116E+00 2.75293E+01 1.35882E+00
 -1      2318 1.16718E+00 2.75246E+01 1.37939E+00
 -1      2319 1.19884E+00 2.75131E+01 1.42904E+00
 -1      2320 1.23282E+00 2.75178E+01 1.40848E+00
 -1      2325 1.20593E+00 2.25153E+01 1.57100E+00
 -1      2326 1.16945E+00 2.25180E+01 1.58719E+00
 -1      2327 1.19407E+00 2.25271E+01 1.64113E+00
 -1      2328 1.23055E+00 2.25244E+01 1.62495E+00
 -1      2333 1.20612E+00 2.50230E+01 1.11516E+00
 -1      2334 1.16956E+00 2.50262E+01 1.13106E+00
 -1      2335 1.19388E+00 2.50370E+01 1.18484E+00
 -1      2336 1.23044E+00 2.50338E+01 1.16894E+00
 -1      2341 1.20630E+00 2.75132E+01 5.71480E-01
 -1      2342 1.16966E+00 2.75168E+01 5.87095E-01
 -1      2343 1.19370E+00 2.75292E+01 6.40652E-01
 -1      2344 1.23034E+00 2.75256E+01 6.25037E-01
 -1      2349-4.83328E-01 2.24717E+01-3.43393E-02
 -1      2350-5.20442E-01 2.24818E+01-2.33534E-02
 -1      2351-5.04540E-01 2.24774E+01 3.43393E-02
 -1      2352-4.67426E-01 2.24673E+01 2.33534E-02
 -1      2357 1.59904E-01 2.49616E+01-3.45869E-02
 -1      2358 1.22764E-01 2.49705E+01-2.27046E-02
 -1      2359 1.40096E-01 2.49664E+01 3.45869E-02
 -1      2360 1.77236E-01 2.49575E+01 2.27046E-02
 -1      2365 7.15261E-01 2.74726E+01-3.48107E-02
 -1      2366 6.78146E-01 2.74804E+01-2.20585E-02
 -1      2367 6.96871E-01 2.74765E+01 3.48107E-02
 -1      2368 7.33986E-01 2.74687E+01 2.20585E-02
 -1      2373 4.93632E-01 2.24745E+01-3.60542E-02
 -1      2374 4.61704E-01 2.24658E+01-1.35783E-02
 -1      2375 4.94236E-01 2.24746E+01 3.60542E-02
 -1      2376 5.26164E-01 2.24833E+01 1.35783E-02
 -1      2381-1.49866E-01 2.49640E+01-3.60553E-02
 -1      2382-1.82311E-01 2.49562E+01-1.39944E-02
 -1      2383-1.50134E-01 2.49640E+01 3.60553E-02
 -1      2384-1.17689E-01 2.49718E+01 1.39944E-02
 -1      2389-7.05470E-01 2.74747E+01-3.60504E-02
 -1      2390-7.38413E-01 2.74678E+01-1.44278E-02
 -1      2391-7.06662E-01 2.74744E+01 3.60504E-02
 -1      2392-6.73719E-01 2.74813E+01 1.44278E-02
 -1      2397-4.83328E-01 2.24717E+01 1.96566E+00
 -1      2398-5.20442E-01 2.24818E+01 1.97665E+00
 -1      2399-5.04540E-01 2.24774E+01 2.03434E+00
 -1      2400-4.67426E-01 2.24673E+01 2.02335E+00
 -1      2405 1.59904E-01 2.49616E+01 1.96541E+00
 -1      2406 1.22764E-01 2.49705E+01 1.97730E+00
 -1      2407 1.40096E-01 2.49664E+01 2.03459E+00
 -1      2408 1.77236E-01 2.49575E+01 2.02270E+00
 -1      2413 7.15261E-01 2.74726E+01 1.96519E+00
 -1      2414 6.78146E-01 2.74804E+01 1.97794E+00
 -1      2415 6.96871E-01 2.74765E+01 2.03481E+00
 -1      2416 7.33986E-01 2.74687E+01 2.02206E+00
 -1      2421 4.93632E-01 2.24745E+01 1.96395E+00
 -1      2422 4.61704E-01 2.24658E+01 1.98642E+00
 -1      2423 4.94236E-01 2.24746E+01 2.03605E+00
 -1      2424 5.26164E-01 2.24833E+01 2.01358E+00
 -1      2429-1.49866E-01 2.49640E+01 1.96394E+00
 -1      2430-1.82311E-01 2.49562E+01 1.98601E+00
 -1      2431-1.50134E-01 2.49640E+01 2.03606E+00
 -1      2432-1.17689E-01 2.49718E+01 2.01399E+00
 -1      2437-7.05470E-01 2.74747E+01 1.96395E+00
 -1      2438-7.38413E-01 2.74678E+01 1.98557E+00
 -1      2439-7.06662E-01 2.74744E+01 2.03605E+00
 -1      2440-6.73719E-01 2.74813E+01 2.01443E+00
 -1      2445-1.19777E+00 3.25272E+01 3.58451E-01
 -1      2446-1.23236E+00 3.25239E+01 3.78258E-01
 -1      2447-1.20223E+00 3.25152E+01 4.29417E-01
 -1      2448-1.16764E+00 3.25186E+01 4.09610E-01
 -1      2453-1.19829E+00 3.50371E+01 8.14685E-01
 -1      2454-1.23259E+00 3.50330E+01 8.34866E-01
 -1      2455-1.20171E+00 3.50229E+01 8.85315E-01
 -1      2456-1.16741E+00 3.50270E+01 8.65134E-01
 -1      2461-1.19884E+00 3.75293E+01 1.35882E+00
 -1      2462-1.23282E+00 3.75246E+01 1.37939E+00
 -1      2463-1.20116E+00 3.75131E+01 1.42904E+00
 -1      2464-1.16718E+00 3.75178E+01 1.40848E+00
 -1      2469-1.19407E+00 3.25153E+01 1.57100E+00
 -1      2470-1.23055E+00 3.25180E+01 1.58719E+00
 -1      2471-1.20593E+00 3.25271E+01 1.64113E+00
 -1      2472-1.16945E+00 3.25244E+01 1.62495E+00
 -1      2477-1.19388E+00 3.50230E+01 1.11516E+00
 -1      2478-1.23044E+00 3.50262E+01 1.13106E+00
 -1      2479-1.20612E+00 3.50370E+01 1.18484E+00
 -1      2480-1.16956E+00 3.50338E+01 1.16894E+00
 -1      2485-1.19370E+00 3.75132E+01 5.71480E-01
 -1      2486-1.23034E+00 3.75168E+01 5.87095E-01
 -1      2487-1.20630E+00 3.75292E+01 6.40652E-01
 -1      2488-1.16966E+00 3.75256E+01 6.25037E-01
 -1      2493 1.20223E+00 3.25272E+01 3.58451E-01
 -1      2494 1.16764E+00 3.25239E+01 3.78258E-01
 -1      2495 1.19777E+00 3.25152E+01 4.29417E-01
 -1      2496 1.23236E+00 3.25186E+01 4.09610E-01
 -1      2501 1.20171E+00 3.50371E+01 8.14685E-01
 -1      2502 1.16741E+00 3.50330E+01 8.34866E-01
 -1      2503 1.19829E+00 3.50229E+01 8.85315E-01
 -1      2504 1.23259E+00 3.50270E+01 8.65134E-01
 -1      2509 1.20116E+00 3.75293E+01 1.35882E+00
 -1      2510 1.16718E+00 3.75246E+01 1.37939E+00
 -1      2511 1.19884E+00 3.75131E+01 1.42904E+00
 -1      2512 1.23282E+00 3.75178E+01 1.40848E+00
 -1      2517 1.20593E+00 3.25153E+01 1.57100E+00
 -1      2518 1.16945E+00 3.25180E+01 1.58719E+00
 -1      2519 1.19407E+00 3.25271E+01 1.64113E+00
 -1      2520 1.23055E+00 3.25244E+01 1.62495E+00
 -1      2525 1.20612E+00 3.50230E+01 1.11516E+00
 -1      2526 1.16956E+00 3.50262E+01 1.13106E+00
 -1      2527 1.19388E+00 3.50370E+01 1.18484E+00
 -1      2528 1.23044E+00 3.50338E+01 1.16894E+00
 -1      2533 1.20630E+00 3.75132E+01 5.71480E-01
 -1      2534 1.16966E+00 3.75168E+01 5.87095E-01
 -1      2535 1.19370E+00 3.75292E+01 6.40652E-01
 -1      2536 1.23034E+00 3.75256E+01 6.25037E-01
 -1      2541-4.83328E-01 3.24717E+01-3.43393E-02
 -1      2542-5.20442E-01 3.24818E+01-2.33534E-02
 -1      2543-5.04540E-01 3.24774E+01 3.43393E-02
 -1      2544-4.67426E-01 3.24673E+01 2.33534E-02
 -1      2549 1.59904E-01 3.49616E+01-3.45869E-02
 -1      2550 1.22764E-01 3.49705E+01-2.27046E-02
 -1      2551 1.40096E-01 3.49664E+01 3.45869E-02
 -1      2552 1.77236E-01 3.49575E+01 2.27046E-02
 -1      2557 7.15261E-01 3.74726E+01-3.48107E-02
 -1      2558 6.78146E-01 3.74804E+01-2.20585E-02
 -1      2559 6.96871E-01 3.74765E+01 3.48107E-02
 -1      2560 7.33986E-01 3.74687E+01 2.20585E-02
 -1      2565 4.93632E-01 3.24745E+01-3.60542E-02
 -1      2566 4.61704E-01 3.24658E+01-1.35783E-02
 -1      2567 4.94236E-01 3.24746E+01 3.60542E-02
 -1      2568 5.26164E-01 3.24833E+01 1.35783E-02
 -1      2573-1.49866E-01 3.49640E+01-3.60553E-02
 -1      2574-1.82311E-01 3.49562E+01-1.39944E-02
 -1      2575-1.50134E-01 3.49640E+01 3.60553E-02
 -1      2576-1.17689E-01 3.49718E+01 1.39944E-02
 -1      2581-7.05470E-01 3.74747E+01-3.60504E-02
 -1      2582-7.38413E-01 3.74678E+01-1.44278E-02
 -1      2583-7.06662E-01 3.74744E+01 3.60504E-02
 -1      2584-6.73719E-01 3.74813E+01 1.44278E-02
 -1      2589-4.83328E-01 3.24717E+01 1.96566E+00
 -1      2590-5.20442E-01 3.24818E+01 1.97665E+00
 -1      2591-5.04540E-01 3.24774E+01 2.03434E+00
 -1      2592-4.67426E-01 3.24673E+01 2.02335E+00
 -1      2597 1.59904E-01 3.49616E+01 1.96541E+00
 -1      2598 1.22764E-01 3.49705E+01 1.97730E+00
 -1      2599 1.40096E-01 3.49664E+01 2.03459E+00
 -1      2600 1.77236E-01 3.49575E+01 2.02270E+00
 -1      2605 7.15261E-01 3.74726E+01 1.96519E+00
 -1      2606 6.78146E-01 3.74804E+01 1.97794E+00
 -1      2607 6.96871E-01 3.74765E+01 2.03481E+00
 -1      2608 7.33986E-01 3.74687E+01 2.02206E+00
 -1      2613 4.93632E-01 3.24745E+01 1.96395E+00
 -1      2614 4.61704E-01 3.24658E+01 1.98642E+00
 -1      2615 4.94236E-01 3.24746E+01 2.03605E+00
 -1      2616 5.26164E-01 3.24833E+01 2.01358E+00
 -1      2621-1.49866E-01 3.49640E+01 1.96394E+00
 -1      2622-1.82311E-01 3.49562E+01 1.98601E+00
 -1      2623-1.50134E-01 3.49640E+01 2.03606E+00
 -1      2624-1.17689E-01 3.49718E+01 2.01399E+00
 -1      2629-7.05470E-01 3.74747E+01 1.96395E+00
 -1      2630-7.38413E-01 3.74678E+01 1.98557E+00
 -1      2631-7.06662E-01 3.74744E+01 2.03605E+00
 -1      2632-6.73719E-01 3.74813E+01 2.01443E+00
 -1      2637-1.19830E+00 4.50371E+01 8.14684E-01
 -1      2638-1.23259E+00 4.50330E+01 8.34874E-01
 -1      2639-1.20170E+00 4.50229E+01 8.85316E-01
 -1      2640-1.16741E+00 4.50270E+01 8.65126E-01
 -1      2645-1.19388E+00 4.50230E+01 1.11516E+00
 -1      2646-1.23044E+00 4.50262E+01 1.13106E+00
 -1      2647-1.20612E+00 4.50370E+01 1.18484E+00
 -1      2648-1.16956E+00 4.50338E+01 1.16894E+00
 -1      2653 1.20170E+00 4.50371E+01 8.14684E-01
 -1      2654 1.16741E+00 4.50330E+01 8.34874E-01
 -1      2655 1.19830E+00 4.50229E+01 8.85316E-01
 -1      2656 1.23259E+00 4.50270E+01 8.65126E-01
 -1      2661 1.20612E+00 4.50230E+01 1.11516E+00
 -1      2662 1.16956E+00 4.50262E+01 1.13106E+00
 -1      2663 1.19388E+00 4.50370E+01 1.18484E+00
 -1      2664 1.23044E+00 4.50338E+01 1.16894E+00
 -1      2669 1.59908E-01 4.49616E+01-3.45858E-02
 -1      2670 1.22767E-01 4.49705E+01-2.27077E-02
 -1      2671 1.40092E-01 4.49664E+01 3.45858E-02
 -1      2672 1.77233E-01 4.49575E+01 2.27077E-02
 -1      2677-1.49864E-01 4.49640E+01-3.60552E-02
 -1      2678-1.82310E-01 4.49562E+01-1.39967E-02
 -1      2679-1.50136E-01 4.49640E+01 3.60552E-02
 -1      2680-1.17690E-01 4.49718E+01 1.39967E-02
 -1      2685 1.59908E-01 4.49616E+01 1.96541E+00
 -1      2686 1.22767E-01 4.49705E+01 1.97729E+00
 -1      2687 1.40092E-01 4.49664E+01 2.03459E+00
 -1      2688 1.77233E-01 4.49575E+01 2.02271E+00
 -1      2693-1.49864E-01 4.49640E+01 1.96394E+00
 -1      2694-1.82310E-01 4.49562E+01 1.98600E+00
 -1      2695-1.50136E-01 4.49640E+01 2.03606E+00
 -1      2696-1.17690E-01 4.49718E+01 2.01400E+00
 -3
    3C                           248                                     1
 -1         1    1    0    1
 -2       189      1389      1390       190       192      1392      1391       191
 -1         2    1    0    1
 -2      1389       389       390      1390      1392       392       391      1391
 -1         3    1    0    1
 -2       239      1397      1398       240       242      1400      1399       241
 -1         4    1    0    1
 -2      1397       439       440      1398      1400       442       441      1399
 -1         5    1    0    1
 -2       289      1405      1406       290       292      1408      1407       291
 -1         6    1    0    1
 -2      1405       489       490      1406      1408       492       491      1407
 -1         7    1    0    1
 -2       339      1413      1414       340       342      1416      1415       341
 -1         8    1    0    1
 -2      1413       539       540      1414      1416       542       541      1415
 -1         9    1    0    1
 -2       389      1421      1422       390       392      1424      1423       391
 -1        10    1    0    1
 -2      1421       589       590      1422      1424       592       591      1423
 -1        11    1    0    1
 -2       439      1429      1430       440       442      1432      1431       441
 -1        12    1    0    1
 -2      1429       639       640      1430      1432       642       641      1431
 -1        13    1    0    1
 -2       489      1437      1438       490       492      1440      1439       491
 -1        14    1    0    1
 -2      1437       689       690      1438      1440       692       691      1439
 -1        15    1    0    1
 -2       539      1445      1446       540       542      1448      1447       541
 -1        16    1    0    1
 -2      1445       739       740      1446      1448       742       741      1447
 -1        17    1    0    1
 -2       589      1453      1454       590       592      1456      1455       591
 -1        18    1    0    1
 -2      1453       789       790      1454      1456       792       791      1455
 -1        19    1    0    1
 -2       639      1461      1462       640       642      1464      1463       641
 -1        20    1    0    1
 -2      1461       839       840      1462      1464       842       841      1463
 -1        21    1    0    1
 -2       689      1469      1470       690       692      1472      1471       691
 -1        22    1    0    1
 -2      1469       889       890      1470      1472       892       891      1471
 -1        23    1    0    1
 -2       739      1477      1478       740       742      1480      1479       741
 -1        24    1    0    1
 -2      1477       939       940      1478      1480       942       941      1479
 -1        25    1    0    1
 -2       789      1485      1486       790       792      1488      1487       791
 -1        26    1    0    1
 -2      1485       989       990      1486      1488       992       991      1487
 -1        27    1    0    1
 -2       839      1493      1494       840       842      1496      1495       841
 -1        28    1    0    1
 -2      1493      1039      1040      1494      1496      1042      1041      1495
 -1        29    1    0    1
 -2       889      1501      1502       890       892      1504      1503       891
 -1        30    1    0    1
 -2      1501      1089      1090      1502      1504      1092      1091      1503
 -1        31    1    0    1
 -2       939      1509      1510       940       942      1512      1511       941
 -1        32    1    0    1
 -2      1509      1139      1140      1510      1512      1142      1141      1511
 -1        33    1    0    1
 -2       989      1517      1518       990       992      1520      1519       991
 -1        34    1    0    1
 -2      1517      1189      1190      1518      1520      1192      1191      1519
 -1        35    1    0    1
 -2      1039      1525      1526      1040      1042      1528      1527      1041
 -1        36    1    0    1
 -2      1525      1239      1240      1526      1528      1242      1241      1527
 -1        37    1    0    1
 -2      1089      1533      1534      1090      1092      1536      1535      1091
 -1        38    1    0    1
 -2      1533      1289      1290      1534      1536      1292      1291      1535
 -1        39    1    0    1
 -2      1139      1541      1542      1140      1142      1544      1543      1141
 -1        40    1    0    1
 -2      1541      1339      1340      1542      1544      1342      1341      1543
 -1        41    1    0    1
 -2       197      1549      1550       198       200      1552      1551       199
 -1        42    1    0    1
 -2      1549       247       248      1550      1552       250       249      1551
 -1        43    1    0    1
 -2       297      1557      1558       298       300      1560      1559       299
 -1        44    1    0    1
 -2      1557       347       348      1558      1560       350       349      1559
 -1        45    1    0    1
 -2       205      1565      1566       206       208      1568      1567       207
 -1        46    1    0    1
 -2      1565       305       306      1566      1568       308       307      1567
 -1        47    1    0    1
 -2       255      1573      1574       256       258      1576      1575       257
 -1        48    1    0    1
 -2      1573       355       356      1574      1576       358       357      1575
 -1        49    1    0    1
 -2       397      1581      1582       398       400      1584      1583       399
 -1        50    1    0    1
 -2      1581       447       448      1582      1584       450       449      1583
 -1        51    1    0    1
 -2       497      1589      1590       498       500      1592      1591       499
 -1        52    1    0    1
 -2      1589       547       548      1590      1592       550       549      1591
 -1        53    1    0    1
 -2       405      1597      1598       406       408      1600      1599       407
 -1        54    1    0    1
 -2      1597       505       506      1598      1600       508       507      1599
 -1        55    1    0    1
 -2       455      1605      1606       456       458      1608      1607       457
 -1        56    1    0    1
 -2      1605       555       556      1606      1608       558       557      1607
 -1        57    1    0    1
 -2       597      1613      1614       598       600      1616      1615       599
 -1        58    1    0    1
 -2      1613      1621      1622      1614      1616      1624      1623      1615
 -1        59    1    0    1
 -2      1621      1629      1630      1622      1624      1632      1631      1623
 -1        60    1    0    1
 -2      1629      1637      1638      1630      1632      1640      1639      1631
 -1        61    1    0    1
 -2      1637      1645      1646      1638      1640      1648      1647      1639
 -1        62    1    0    1
 -2      1645      1653      1654      1646      1648      1656      1655      1647
 -1        63    1    0    1
 -2      1653      1661      1662      1654      1656      1664      1663      1655
 -1        64    1    0    1
 -2      1661       647       648      1662      1664       650       649      1663
 -1        65    1    0    1
 -2       697      1669      1670       698       700      1672      1671       699
 -1        66    1    0    1
 -2      1669      1677      1678      1670      1672      1680      1679      1671
 -1        67    1    0    1
 -2      1677      1685      1686      1678      1680      1688      1687      1679
 -1        68    1    0    1
 -2      1685      1693      1694      1686      1688      1696      1695      1687
 -1        69    1    0    1
 -2      1693      1701      1702      1694      1696      1704      1703      1695
 -1        70    1    0    1
 -2      1701      1709      1710      1702      1704      1712      1711      1703
 -1        71    1    0    1
 -2      1709      1717      1718      1710      1712      1720      1719      1711
 -1        72    1    0    1
 -2      1717       747       748      1718      1720       750       749      1719
 -1        73    1    0    1
 -2       605      1725      1726       606       608      1728      1727       607
 -1        74    1    0    1
 -2      1725      1733      1734      1726      1728      1736      1735      1727
 -1        75    1    0    1
 -2      1733      1741      1742      1734      1736      1744      1743      1735
 -1        76    1    0    1
 -2      1741      1749      1750      1742      1744      1752      1751      1743
 -1        77    1    0    1
 -2      1749      1757      1758      1750      1752      1760      1759      1751
 -1        78    1    0    1
 -2      1757      1765      1766      1758      1760      1768      1767      1759
 -1        79    1    0    1
 -2      1765      1773      1774      1766      1768      1776      1775      1767
 -1        80    1    0    1
 -2      1773       705       706      1774      1776       708       707      1775
 -1        81    1    0    1
 -2       655      1781      1782       656       658      1784      1783       657
 -1        82    1    0    1
 -2      1781      1789      1790      1782      1784      1792      1791      1783
 -1        83    1    0    1
 -2      1789      1797      1798      1790      1792      1800      1799      1791
 -1        84    1    0    1
 -2      1797      1805      1806      1798      1800      1808      1807      1799
 -1        85    1    0    1
 -2      1805      1813      1814      1806      1808      1816      1815      1807
 -1        86    1    0    1
 -2      1813      1821      1822      1814      1816      1824      1823      1815
 -1        87    1    0    1
 -2      1821      1829      1830      1822      1824      1832      1831      1823
 -1        88    1    0    1
 -2      1829       755       756      1830      1832       758       757      1831
 -1        89    1    0    1
 -2       797      1837      1838       798       800      1840      1839       799
 -1        90    1    0    1
 -2      1837       847       848      1838      1840       850       849      1839
 -1        91    1    0    1
 -2       897      1845      1846       898       900      1848      1847       899
 -1        92    1    0    1
 -2      1845       947       948      1846      1848       950       949      1847
 -1        93    1    0    1
 -2       805      1853      1854       806       808      1856      1855       807
 -1        94    1    0    1
 -2      1853       905       906      1854      1856       908       907      1855
 -1        95    1    0    1
 -2       855      1861      1862       856       858      1864      1863       857
 -1        96    1    0    1
 -2      1861       955       956      1862      1864       958       957      1863
 -1        97    1    0    1
 -2       997      1869      1870       998      1000      1872      1871       999
 -1        98    1    0    1
 -2      1869      1877      1878      1870      1872      1880      1879      1871
 -1        99    1    0    1
 -2      1877      1885      1886      1878      1880      1888      1887      1879
 -1       100    1    0    1
 -2      1885      1893      1894      1886      1888      1896      1895      1887
 -1       101    1    0    1
 -2      1893      1901      1902      1894      1896      1904      1903      1895
 -1       102    1    0    1
 -2      1901      1909      1910      1902      1904      1912      1911      1903
 -1       103    1    0    1
 -2      1909      1917      1918      1910      1912      1920      1919      1911
 -1       104    1    0    1
 -2      1917      1047      1048      1918      1920      1050      1049      1919
 -1       105    1    0    1
 -2      1097      1925      1926      1098      1100      1928      1927      1099
 -1       106    1    0    1
 -2      1925      1933      1934      1926      1928      1936      1935      1927
 -1       107    1    0    1
 -2      1933      1941      1942      1934      1936      1944      1943      1935
 -1       108    1    0    1
 -2      1941      1949      1950      1942      1944      1952      1951      1943
 -1       109    1    0    1
 -2      1949      1957      1958      1950      1952      1960      1959      1951
 -1       110    1    0    1
 -2      1957      1965      1966      1958      1960      1968      1967      1959
 -1       111    1    0    1
 -2      1965      1973      1974      1966      1968      1976      1975      1967
 -1       112    1    0    1
 -2      1973      1147      1148      1974      1976      1150      1149      1975
 -1       113    1    0    1
 -2      1005      1981      1982      1006      1008      1984      1983      1007
 -1       114    1    0    1
 -2      1981      1989      1990      1982      1984      1992      1991      1983
 -1       115    1    0    1
 -2      1989      1997      1998      1990      1992      2000      1999      1991
 -1       116    1    0    1
 -2      1997      2005      2006      1998      2000      2008      2007      1999
 -1       117    1    0    1
 -2      2005      2013      2014      2006      2008      2016      2015      2007
 -1       118    1    0    1
 -2      2013      2021      2022      2014      2016      2024      2023      2015
 -1       119    1    0    1
 -2      2021      2029      2030      2022      2024      2032      2031      2023
 -1       120    1    0    1
 -2      2029      1105      1106      2030      2032      1108      1107      2031
 -1       121    1    0    1
 -2      1055      2037      2038      1056      1058      2040      2039      1057
 -1       122    1    0    1
 -2      2037      2045      2046      2038      2040      2048      2047      2039
 -1       123    1    0    1
 -2      2045      2053      2054      2046      2048      2056      2055      2047
 -1       124    1    0    1
 -2      2053      2061      2062      2054      2056      2064      2063      2055
 -1       125    1    0    1
 -2      2061      2069      2070      2062      2064      2072      2071      2063
 -1       126    1    0    1
 -2      2069      2077      2078      2070      2072      2080      2079      2071
 -1       127    1    0    1
 -2      2077      2085      2086      2078      2080      2088      2087      2079
 -1       128    1    0    1
 -2      2085      1155      1156      2086      2088      1158      1157      2087
 -1       129    1    0    1
 -2      1197      2093      2094      1198      1200      2096      2095      1199
 -1       130    1    0    1
 -2      2093      1247      1248      2094      2096      1250      1249      2095
 -1       131    1    0    1
 -2      1297      2101      2102      1298      1300      2104      2103      1299
 -1       132    1    0    1
 -2      2101      1347      1348      2102      2104      1350      1349      2103
 -1       133    1    0    1
 -2      1205      2109      2110      1206      1208      2112      2111      1207
 -1       134    1    0    1
 -2      2109      1305      1306      2110      2112      1308      1307      2111
 -1       135    1    0    1
 -2      1255      2117      2118      1256      1258      2120      2119      1257
 -1       136    1    0    1
 -2      2117      1355      1356      2118      2120      1358      1357      2119
 -1       137    1    0    1
 -2       189      2125      2126       190       192      2128      2127       191
 -1       138    1    0    1
 -2      2125       489       490      2126      2128       492       491      2127
 -1       139    1    0    1
 -2       289      2133      2134       290       292      2136      2135       291
 -1       140    1    0    1
 -2      2133       389       390      2134      2136       392       391      2135
 -1       141    1    0    1
 -2       239      2141      2142       240       242      2144      2143       241
 -1       142    1    0    1
 -2      2141       539       540      2142      2144       542       541      2143
 -1       143    1    0    1
 -2       339      2149      2150       340       342      2152      2151       341
 -1       144    1    0    1
 -2      2149       439       440      2150      2152       442       441      2151
 -1       145    1    0    1
 -2       189      2157      2158       190       192      2160      2159       191
 -1       146    1    0    1
 -2      2157       439       440      2158      2160       442       441      2159
 -1       147    1    0    1
 -2       239      2165      2166       240       242      2168      2167       241
 -1       148    1    0    1
 -2      2165       389       390      2166      2168       392       391      2167
 -1       149    1    0    1
 -2       289      2173      2174       290       292      2176      2175       291
 -1       150    1    0    1
 -2      2173       539       540      2174      2176       542       541      2175
 -1       151    1    0    1
 -2       339      2181      2182       340       342      2184      2183       341
 -1       152    1    0    1
 -2      2181       489       490      2182      2184       492       491      2183
 -1       153    1    0    1
 -2       389      2189      2190       390       392      2192      2191       391
 -1       154    1    0    1
 -2      2189       689       690      2190      2192       692       691      2191
 -1       155    1    0    1
 -2       489      2197      2198       490       492      2200      2199       491
 -1       156    1    0    1
 -2      2197       589       590      2198      2200       592       591      2199
 -1       157    1    0    1
 -2       439      2205      2206       440       442      2208      2207       441
 -1       158    1    0    1
 -2      2205       739       740      2206      2208       742       741      2207
 -1       159    1    0    1
 -2       539      2213      2214       540       542      2216      2215       541
 -1       160    1    0    1
 -2      2213       639       640      2214      2216       642       641      2215
 -1       161    1    0    1
 -2       389      2221      2222       390       392      2224      2223       391
 -1       162    1    0    1
 -2      2221       639       640      2222      2224       642       641      2223
 -1       163    1    0    1
 -2       439      2229      2230       440       442      2232      2231       441
 -1       164    1    0    1
 -2      2229       589       590      2230      2232       592       591      2231
 -1       165    1    0    1
 -2       489      2237      2238       490       492      2240      2239       491
 -1       166    1    0    1
 -2      2237       739       740      2238      2240       742       741      2239
 -1       167    1    0    1
 -2       539      2245      2246       540       542      2248      2247       541
 -1       168    1    0    1
 -2      2245       689       690      2246      2248       692       691      2247
 -1       169    1    0    1
 -2       589      2253      2254       590       592      2256      2255       591
 -1       170    1    0    1
 -2      2253      2261      2262      2254      2256      2264      2263      2255
 -1       171    1    0    1
 -2      2261      2269      2270      2262      2264      2272      2271      2263
 -1       172    1    0    1
 -2      2269       889       890      2270      2272       892       891      2271
 -1       173    1    0    1
 -2       689      2277      2278       690       692      2280      2279       691
 -1       174    1    0    1
 -2      2277      2285      2286      2278      2280      2288      2287      2279
 -1       175    1    0    1
 -2      2285      2293      2294      2286      2288      2296      2295      2287
 -1       176    1    0    1
 -2      2293       789       790      2294      2296       792       791      2295
 -1       177    1    0    1
 -2       639      2301      2302       640       642      2304      2303       641
 -1       178    1    0    1
 -2      2301      2309      2310      2302      2304      2312      2311      2303
 -1       179    1    0    1
 -2      2309      2317      2318      2310      2312      2320      2319      2311
 -1       180    1    0    1
 -2      2317       939       940      2318      2320       942       941      2319
 -1       181    1    0    1
 -2       739      2325      2326       740       742      2328      2327       741
 -1       182    1    0    1
 -2      2325      2333      2334      2326      2328      2336      2335      2327
 -1       183    1    0    1
 -2      2333      2341      2342      2334      2336      2344      2343      2335
 -1       184    1    0    1
 -2      2341       839       840      2342      2344       842       841      2343
 -1       185    1    0    1
 -2       589      2349      2350       590       592      2352      2351       591
 -1       186    1    0    1
 -2      2349      2357      2358      2350      2352      2360      2359      2351
 -1       187    1    0    1
 -2      2357      2365      2366      2358      2360      2368      2367      2359
 -1       188    1    0    1
 -2      2365       839       840      2366      2368       842       841      2367
 -1       189    1    0    1
 -2       639      2373      2374       640       642      2376      2375       641
 -1       190    1    0    1
 -2      2373      2381      2382      2374      2376      2384      2383      2375
 -1       191    1    0    1
 -2      2381      2389      2390      2382      2384      2392      2391      2383
 -1       192    1    0    1
 -2      2389       789       790      2390      2392       792       791      2391
 -1       193    1    0    1
 -2       689      2397      2398       690       692      2400      2399       691
 -1       194    1    0    1
 -2      2397      2405      2406      2398      2400      2408      2407      2399
 -1       195    1    0    1
 -2      2405      2413      2414      2406      2408      2416      2415      2407
 -1       196    1    0    1
 -2      2413       939       940      2414      2416       942       941      2415
 -1       197    1    0    1
 -2       739      2421      2422       740       742      2424      2423       741
 -1       198    1    0    1
 -2      2421      2429      2430      2422      2424      2432      2431      2423
 -1       199    1    0    1
 -2      2429      2437      2438      2430      2432      2440      2439      2431
 -1       200    1    0    1
 -2      2437       889       890      2438      2440       892       891      2439
 -1       201    1    0    1
 -2       789      2445      2446       790       792      2448      2447       791
 -1       202    1    0    1
 -2      2445      2453      2454      2446      2448      2456      2455      2447
 -1       203    1    0    1
 -2      2453      2461      2462      2454      2456      2464      2463      2455
 -1       204    1    0    1
 -2      2461      1089      1090      2462      2464      1092      1091      2463
 -1       205    1    0    1
 -2       889      2469      2470       890       892      2472      2471       891
 -1       206    1    0    1
 -2      2469      2477      2478      2470      2472      2480      2479      2471
 -1       207    1    0    1
 -2      2477      2485      2486      2478      2480      2488      2487      2479
 -1       208    1    0    1
 -2      2485       989       990      2486      2488       992       991      2487
 -1       209    1    0    1
 -2       839      2493      2494       840       842      2496      2495       841
 -1       210    1    0    1
 -2      2493      2501      2502      2494      2496      2504      2503      2495
 -1       211    1    0    1
 -2      2501      2509      2510      2502      2504      2512      2511      2503
 -1       212    1    0    1
 -2      2509      1139      1140      2510      2512      1142      1141      2511
 -1       213    1    0    1
 -2       939      2517      2518       940       942      2520      2519       941
 -1       214    1    0    1
 -2      2517      2525      2526      2518      2520      2528      2527      2519
 -1       215    1    0    1
 -2      2525      2533      2534      2526      2528      2536      2535      2527
 -1       216    1    0    1
 -2      2533      1039      1040      2534      2536      1042      1041      2535
 -1       217    1    0    1
 -2       789      2541      2542       790       792      2544      2543       791
 -1       218    1    0    1
 -2      2541      2549      2550      2542      2544      2552      2551      2543
 -1       219    1    0    1
 -2      2549      2557      2558      2550      2552      2560      2559      2551
 -1       220    1    0    1
 -2      2557      1039      1040      2558      2560      1042      1041      2559
 -1       221    1    0    1
 -2       839      2565      2566       840       842      2568      2567       841
 -1       222    1    0    1
 -2      2565      2573      2574      2566      2568      2576      2575      2567
 -1       223    1    0    1
 -2      2573      2581      2582      2574      2576      2584      2583      2575
 -1       224    1    0    1
 -2      2581       989       990      2582      2584       992       991      2583
 -1       225    1    0    1
 -2       889      2589      2590       890       892      2592      2591       891
 -1       226    1    0    1
 -2      2589      2597      2598      2590      2592      2600      2599      2591
 -1       227    1    0    1
 -2      2597      2605      2606      2598      2600      2608      2607      2599
 -1       228    1    0    1
 -2      2605      1139      1140      2606      2608      1142      1141      2607
 -1       229    1    0    1
 -2       939      2613      2614       940       942      2616      2615       941
 -1       230    1    0    1
 -2      2613      2621      2622      2614      2616      2624      2623      2615
 -1       231    1    0    1
 -2      2621      2629      2630      2622      2624      2632      2631      2623
 -1       232    1    0    1
 -2      2629      1089      1090      2630      2632      1092      1091      2631
 -1       233    1    0    1
 -2       989      2637      2638       990       992      2640      2639       991
 -1       234    1    0    1
 -2      2637      1289      1290      2638      2640      1292      1291      2639
 -1       235    1    0    1
 -2      1089      2645      2646      1090      1092      2648      2647      1091
 -1       236    1    0    1
 -2      2645      1189      1190      2646      2648      1192      1191      2647
 -1       237    1    0    1
 -2      1039      2653      2654      1040      1042      2656      2655      1041
 -1       238    1    0    1
 -2      2653      1339      1340      2654      2656      1342      1341      2655
 -1       239    1    0    1
 -2      1139      2661      2662      1140      1142      2664      2663      1141
 -1       240    1    0    1
 -2      2661      1239      1240      2662      2664      1242      1241      2663
 -1       241    1    0    1
 -2       989      2669      2670       990       992      2672      2671       991
 -1       242    1    0    1
 -2      2669      1239      1240      2670      2672      1242      1241      2671
 -1       243    1    0    1
 -2      1039      2677      2678      1040      1042      2680      2679      1041
 -1       244    1    0    1
 -2      2677      1189      1190      2678      2680      1192      1191      2679
 -1       245    1    0    1
 -2      1089      2685      2686      1090      1092      2688      2687      1091
 -1       246    1    0    1
 -2      2685      1339      1340      2686      2688      1342      1341      2687
 -1       247    1    0    1
 -2      1139      2693      2694      1140      1142      2696      2695      1141
 -1       248    1    0    1
 -2      2693      1289      1290      2694      2696      1292      1291      2695
 -3
    1PSTEP                         1           1           1          
  100CL  101 1.000000000           0                     0    1           1
 -4  DISP        4    1
 -5  D1          1    2    1    0
 -5  D2          1    2    2    0
 -5  D3          1    2    3    0
 -5  ALL         1    2    0    0    1ALL
 -3
 9999
