    1C
    1UNormalized cross-passage space-truss torsion benchmark            
    1UUSER                                                              
    1UDATE              06.august.2026                                  
    1UTIME              05:20:09                                        
    1UHOST                                                              
    1UPGM               CalculiX                                        
    1UVERSION           Version 2.21                             
    1UCOMPILETIME       Sat Jul 29 10:52:01 CEST 2023                    
    1UDIR                                                               
    1UDBN                                                               
    1UMAT    1STEEL                                                     
    2C                           944                                     1
 -1       189-1.19376E+00 9.16807E-04-3.54997E-02
 -1       190-1.23024E+00 3.62719E-03-1.93049E-02
 -1       191-1.20624E+00-9.16807E-04 3.54997E-02
 -1       192-1.16976E+00-3.62719E-03 1.93049E-02
 -1       197-1.20102E+00-3.40950E-02-1.16828E-02
 -1       198-1.20007E+00-2.33416E-03-3.59798E-02
 -1       199-1.19898E+00 3.40950E-02 1.16828E-02
 -1       200-1.19993E+00 2.33416E-03 3.59798E-02
 -1       205-1.23354E+00-1.32202E-02 3.96605E-04
 -1       206-1.20069E+00-3.60327E-02 1.08098E-03
 -1       207-1.16646E+00 1.32202E-02-3.96605E-04
 -1       208-1.19931E+00 3.60327E-02-1.08098E-03
 -1       239 1.20177E+00 2.41126E-03-3.59310E-02
 -1       240 1.16758E+00-2.03736E-03-1.56535E-02
 -1       241 1.19823E+00-2.41126E-03 3.59310E-02
 -1       242 1.23242E+00 2.03736E-03 1.56535E-02
 -1       247 1.20102E+00-3.38645E-02-1.23355E-02
 -1       248 1.20005E+00-1.64335E-03-3.60180E-02
 -1       249 1.19898E+00 3.38645E-02 1.23355E-02
 -1       250 1.19995E+00 1.64335E-03 3.60180E-02
 -1       255 1.16697E+00-1.44498E-02-4.33494E-04
 -1       256 1.20064E+00-3.60336E-02-1.08101E-03
 -1       257 1.23303E+00 1.44498E-02 4.33494E-04
 -1       258 1.19936E+00 3.60336E-02 1.08101E-03
 -1       289-1.19295E+00-2.85923E-03 1.96476E+00
 -1       290-1.22978E+00 1.50377E-03 1.97973E+00
 -1       291-1.20705E+00 2.85923E-03 2.03524E+00
 -1       292-1.17022E+00-1.50377E-03 2.02027E+00
 -1       297-1.19898E+00-3.38645E-02 1.98766E+00
 -1       298-1.19995E+00-1.64335E-03 1.96398E+00
 -1       299-1.20102E+00 3.38645E-02 2.01234E+00
 -1       300-1.20005E+00 1.64335E-03 2.03602E+00
 -1       305-1.23303E+00-1.44498E-02 1.99957E+00
 -1       306-1.19936E+00-3.60336E-02 1.99892E+00
 -1       307-1.16697E+00 1.44498E-02 2.00043E+00
 -1       308-1.20064E+00 3.60336E-02 2.00108E+00
 -1       339 1.20318E+00-1.21786E-03 1.96411E+00
 -1       340 1.16822E+00-3.65827E-03 1.98338E+00
 -1       341 1.19682E+00 1.21786E-03 2.03589E+00
 -1       342 1.23178E+00 3.65827E-03 2.01662E+00
 -1       347 1.19898E+00-3.40950E-02 1.98832E+00
 -1       348 1.19993E+00-2.33416E-03 1.96402E+00
 -1       349 1.20102E+00 3.40950E-02 2.01168E+00
 -1       350 1.20007E+00 2.33416E-03 2.03598E+00
 -1       355 1.16646E+00-1.32202E-02 2.00040E+00
 -1       356 1.19931E+00-3.60327E-02 2.00108E+00
 -1       357 1.23354E+00 1.32202E-02 1.99960E+00
 -1       358 1.20069E+00 3.60327E-02 1.99892E+00
 -1       389-1.19505E+00 9.99943E+00-3.57093E-02
 -1       390-1.23106E+00 1.00002E+01-1.83116E-02
 -1       391-1.20495E+00 1.00006E+01 3.57093E-02
 -1       392-1.16894E+00 9.99982E+00 1.83116E-02
 -1       397-1.20102E+00 9.96591E+00-1.16828E-02
 -1       398-1.20007E+00 9.99767E+00-3.59798E-02
 -1       399-1.19898E+00 1.00341E+01 1.16828E-02
 -1       400-1.19993E+00 1.00023E+01 3.59798E-02
 -1       405-1.23354E+00 9.98678E+00 3.96605E-04
 -1       406-1.20069E+00 9.96397E+00 1.08098E-03
 -1       407-1.16646E+00 1.00132E+01-3.96605E-04
 -1       408-1.19931E+00 1.00360E+01-1.08098E-03
 -1       439 1.20437E+00 9.99956E+00-3.57875E-02
 -1       440 1.16865E+00 9.99931E+00-1.77876E-02
 -1       441 1.19563E+00 1.00004E+01 3.57875E-02
 -1       442 1.23135E+00 1.00007E+01 1.77876E-02
 -1       447 1.20102E+00 9.96614E+00-1.23355E-02
 -1       448 1.20005E+00 9.99836E+00-3.60180E-02
 -1       449 1.19898E+00 1.00339E+01 1.23355E-02
 -1       450 1.19995E+00 1.00016E+01 3.60180E-02
 -1       455 1.16697E+00 9.98555E+00-4.33494E-04
 -1       456 1.20064E+00 9.96397E+00-1.08101E-03
 -1       457 1.23303E+00 1.00145E+01 4.33494E-04
 -1       458 1.19936E+00 1.00360E+01 1.08101E-03
 -1       489-1.19536E+00 1.00004E+01 1.96425E+00
 -1       490-1.23122E+00 1.00007E+01 1.98198E+00
 -1       491-1.20464E+00 9.99956E+00 2.03575E+00
 -1       492-1.16878E+00 9.99931E+00 2.01802E+00
 -1       497-1.19898E+00 9.96614E+00 1.98766E+00
 -1       498-1.19995E+00 9.99836E+00 1.96398E+00
 -1       499-1.20102E+00 1.00339E+01 2.01234E+00
 -1       500-1.20005E+00 1.00016E+01 2.03602E+00
 -1       505-1.23303E+00 9.98555E+00 1.99957E+00
 -1       506-1.19936E+00 9.96397E+00 1.99892E+00
 -1       507-1.16697E+00 1.00145E+01 2.00043E+00
 -1       508-1.20064E+00 1.00360E+01 2.00108E+00
 -1       539 1.20403E+00 1.00006E+01 1.96417E+00
 -1       540 1.16848E+00 9.99981E+00 1.98250E+00
 -1       541 1.19597E+00 9.99944E+00 2.03583E+00
 -1       542 1.23152E+00 1.00002E+01 2.01750E+00
 -1       547 1.19898E+00 9.96591E+00 1.98832E+00
 -1       548 1.19993E+00 9.99767E+00 1.96402E+00
 -1       549 1.20102E+00 1.00341E+01 2.01168E+00
 -1       550 1.20007E+00 1.00023E+01 2.03598E+00
 -1       555 1.16646E+00 9.98678E+00 2.00040E+00
 -1       556 1.19931E+00 9.96397E+00 2.00108E+00
 -1       557 1.23354E+00 1.00132E+01 1.99960E+00
 -1       558 1.20069E+00 1.00360E+01 1.99892E+00
 -1       589-1.19505E+00 1.99994E+01-3.57093E-02
 -1       590-1.23106E+00 2.00002E+01-1.83116E-02
 -1       591-1.20495E+00 2.00006E+01 3.57093E-02
 -1       592-1.16894E+00 1.99998E+01 1.83116E-02
 -1       597-1.20102E+00 1.99659E+01-1.16828E-02
 -1       598-1.20007E+00 1.99977E+01-3.59798E-02
 -1       599-1.19898E+00 2.00341E+01 1.16828E-02
 -1       600-1.19993E+00 2.00023E+01 3.59798E-02
 -1       605-1.23354E+00 1.99868E+01 3.96605E-04
 -1       606-1.20069E+00 1.99640E+01 1.08098E-03
 -1       607-1.16646E+00 2.00132E+01-3.96605E-04
 -1       608-1.19931E+00 2.00360E+01-1.08098E-03
 -1       639 1.20437E+00 1.99996E+01-3.57875E-02
 -1       640 1.16865E+00 1.99993E+01-1.77876E-02
 -1       641 1.19563E+00 2.00004E+01 3.57875E-02
 -1       642 1.23135E+00 2.00007E+01 1.77876E-02
 -1       647 1.20102E+00 1.99661E+01-1.23355E-02
 -1       648 1.20005E+00 1.99984E+01-3.60180E-02
 -1       649 1.19898E+00 2.00339E+01 1.23355E-02
 -1       650 1.19995E+00 2.00016E+01 3.60180E-02
 -1       655 1.16697E+00 1.99855E+01-4.33494E-04
 -1       656 1.20064E+00 1.99640E+01-1.08101E-03
 -1       657 1.23303E+00 2.00145E+01 4.33494E-04
 -1       658 1.19936E+00 2.00360E+01 1.08101E-03
 -1       689-1.19536E+00 2.00004E+01 1.96425E+00
 -1       690-1.23122E+00 2.00007E+01 1.98198E+00
 -1       691-1.20464E+00 1.99996E+01 2.03575E+00
 -1       692-1.16878E+00 1.99993E+01 2.01802E+00
 -1       697-1.19898E+00 1.99661E+01 1.98766E+00
 -1       698-1.19995E+00 1.99984E+01 1.96398E+00
 -1       699-1.20102E+00 2.00339E+01 2.01234E+00
 -1       700-1.20005E+00 2.00016E+01 2.03602E+00
 -1       705-1.23303E+00 1.99855E+01 1.99957E+00
 -1       706-1.19936E+00 1.99640E+01 1.99892E+00
 -1       707-1.16697E+00 2.00145E+01 2.00043E+00
 -1       708-1.20064E+00 2.00360E+01 2.00108E+00
 -1       739 1.20403E+00 2.00006E+01 1.96417E+00
 -1       740 1.16848E+00 1.99998E+01 1.98250E+00
 -1       741 1.19597E+00 1.99994E+01 2.03583E+00
 -1       742 1.23152E+00 2.00002E+01 2.01750E+00
 -1       747 1.19898E+00 1.99659E+01 1.98832E+00
 -1       748 1.19993E+00 1.99977E+01 1.96402E+00
 -1       749 1.20102E+00 2.00341E+01 2.01168E+00
 -1       750 1.20007E+00 2.00023E+01 2.03598E+00
 -1       755 1.16646E+00 1.99868E+01 2.00040E+00
 -1       756 1.19931E+00 1.99640E+01 2.00108E+00
 -1       757 1.23354E+00 2.00132E+01 1.99960E+00
 -1       758 1.20069E+00 2.00360E+01 1.99892E+00
 -1       789-1.19505E+00 2.99994E+01-3.57093E-02
 -1       790-1.23106E+00 3.00002E+01-1.83116E-02
 -1       791-1.20495E+00 3.00006E+01 3.57093E-02
 -1       792-1.16894E+00 2.99998E+01 1.83116E-02
 -1       797-1.20102E+00 2.99659E+01-1.16828E-02
 -1       798-1.20007E+00 2.99977E+01-3.59798E-02
 -1       799-1.19898E+00 3.00341E+01 1.16828E-02
 -1       800-1.19993E+00 3.00023E+01 3.59798E-02
 -1       805-1.23354E+00 2.99868E+01 3.96605E-04
 -1       806-1.20069E+00 2.99640E+01 1.08098E-03
 -1       807-1.16646E+00 3.00132E+01-3.96605E-04
 -1       808-1.19931E+00 3.00360E+01-1.08098E-03
 -1       839 1.20437E+00 2.99996E+01-3.57875E-02
 -1       840 1.16865E+00 2.99993E+01-1.77876E-02
 -1       841 1.19563E+00 3.00004E+01 3.57875E-02
 -1       842 1.23135E+00 3.00007E+01 1.77876E-02
 -1       847 1.20102E+00 2.99661E+01-1.23355E-02
 -1       848 1.20005E+00 2.99984E+01-3.60180E-02
 -1       849 1.19898E+00 3.00339E+01 1.23355E-02
 -1       850 1.19995E+00 3.00016E+01 3.60180E-02
 -1       855 1.16697E+00 2.99855E+01-4.33494E-04
 -1       856 1.20064E+00 2.99640E+01-1.08101E-03
 -1       857 1.23303E+00 3.00145E+01 4.33494E-04
 -1       858 1.19936E+00 3.00360E+01 1.08101E-03
 -1       889-1.19536E+00 3.00004E+01 1.96425E+00
 -1       890-1.23122E+00 3.00007E+01 1.98198E+00
 -1       891-1.20464E+00 2.99996E+01 2.03575E+00
 -1       892-1.16878E+00 2.99993E+01 2.01802E+00
 -1       897-1.19898E+00 2.99661E+01 1.98766E+00
 -1       898-1.19995E+00 2.99984E+01 1.96398E+00
 -1       899-1.20102E+00 3.00339E+01 2.01234E+00
 -1       900-1.20005E+00 3.00016E+01 2.03602E+00
 -1       905-1.23303E+00 2.99855E+01 1.99957E+00
 -1       906-1.19936E+00 2.99640E+01 1.99892E+00
 -1       907-1.16697E+00 3.00145E+01 2.00043E+00
 -1       908-1.20064E+00 3.00360E+01 2.00108E+00
 -1       939 1.20403E+00 3.00006E+01 1.96417E+00
 -1       940 1.16848E+00 2.99998E+01 1.98250E+00
 -1       941 1.19597E+00 2.99994E+01 2.03583E+00
 -1       942 1.23152E+00 3.00002E+01 2.01750E+00
 -1       947 1.19898E+00 2.99659E+01 1.98832E+00
 -1       948 1.19993E+00 2.99977E+01 1.96402E+00
 -1       949 1.20102E+00 3.00341E+01 2.01168E+00
 -1       950 1.20007E+00 3.00023E+01 2.03598E+00
 -1       955 1.16646E+00 2.99868E+01 2.00040E+00
 -1       956 1.19931E+00 2.99640E+01 2.00108E+00
 -1       957 1.23354E+00 3.00132E+01 1.99960E+00
 -1       958 1.20069E+00 3.00360E+01 1.99892E+00
 -1       989-1.19505E+00 3.99994E+01-3.57093E-02
 -1       990-1.23106E+00 4.00002E+01-1.83116E-02
 -1       991-1.20495E+00 4.00006E+01 3.57093E-02
 -1       992-1.16894E+00 3.99998E+01 1.83116E-02
 -1       997-1.20102E+00 3.99659E+01-1.16828E-02
 -1       998-1.20007E+00 3.99977E+01-3.59798E-02
 -1       999-1.19898E+00 4.00341E+01 1.16828E-02
 -1      1000-1.19993E+00 4.00023E+01 3.59798E-02
 -1      1005-1.23354E+00 3.99868E+01 3.96605E-04
 -1      1006-1.20069E+00 3.99640E+01 1.08098E-03
 -1      1007-1.16646E+00 4.00132E+01-3.96605E-04
 -1      1008-1.19931E+00 4.00360E+01-1.08098E-03
 -1      1039 1.20437E+00 3.99996E+01-3.57875E-02
 -1      1040 1.16865E+00 3.99993E+01-1.77876E-02
 -1      1041 1.19563E+00 4.00004E+01 3.57875E-02
 -1      1042 1.23135E+00 4.00007E+01 1.77876E-02
 -1      1047 1.20102E+00 3.99661E+01-1.23355E-02
 -1      1048 1.20005E+00 3.99984E+01-3.60180E-02
 -1      1049 1.19898E+00 4.00339E+01 1.23355E-02
 -1      1050 1.19995E+00 4.00016E+01 3.60180E-02
 -1      1055 1.16697E+00 3.99855E+01-4.33494E-04
 -1      1056 1.20064E+00 3.99640E+01-1.08101E-03
 -1      1057 1.23303E+00 4.00145E+01 4.33494E-04
 -1      1058 1.19936E+00 4.00360E+01 1.08101E-03
 -1      1089-1.19536E+00 4.00004E+01 1.96425E+00
 -1      1090-1.23122E+00 4.00007E+01 1.98198E+00
 -1      1091-1.20464E+00 3.99996E+01 2.03575E+00
 -1      1092-1.16878E+00 3.99993E+01 2.01802E+00
 -1      1097-1.19898E+00 3.99661E+01 1.98766E+00
 -1      1098-1.19995E+00 3.99984E+01 1.96398E+00
 -1      1099-1.20102E+00 4.00339E+01 2.01234E+00
 -1      1100-1.20005E+00 4.00016E+01 2.03602E+00
 -1      1105-1.23303E+00 3.99855E+01 1.99957E+00
 -1      1106-1.19936E+00 3.99640E+01 1.99892E+00
 -1      1107-1.16697E+00 4.00145E+01 2.00043E+00
 -1      1108-1.20064E+00 4.00360E+01 2.00108E+00
 -1      1139 1.20403E+00 4.00006E+01 1.96417E+00
 -1      1140 1.16848E+00 3.99998E+01 1.98250E+00
 -1      1141 1.19597E+00 3.99994E+01 2.03583E+00
 -1      1142 1.23152E+00 4.00002E+01 2.01750E+00
 -1      1147 1.19898E+00 3.99659E+01 1.98832E+00
 -1      1148 1.19993E+00 3.99977E+01 1.96402E+00
 -1      1149 1.20102E+00 4.00341E+01 2.01168E+00
 -1      1150 1.20007E+00 4.00023E+01 2.03598E+00
 -1      1155 1.16646E+00 3.99868E+01 2.00040E+00
 -1      1156 1.19931E+00 3.99640E+01 2.00108E+00
 -1      1157 1.23354E+00 4.00132E+01 1.99960E+00
 -1      1158 1.20069E+00 4.00360E+01 1.99892E+00
 -1      1189-1.19606E+00 4.99977E+01-3.57684E-02
 -1      1190-1.23150E+00 4.99967E+01-1.72423E-02
 -1      1191-1.20394E+00 5.00023E+01 3.57684E-02
 -1      1192-1.16850E+00 5.00033E+01 1.72423E-02
 -1      1197-1.20102E+00 4.99659E+01-1.16828E-02
 -1      1198-1.20007E+00 4.99977E+01-3.59798E-02
 -1      1199-1.19898E+00 5.00341E+01 1.16828E-02
 -1      1200-1.19993E+00 5.00023E+01 3.59798E-02
 -1      1205-1.23354E+00 4.99868E+01 3.96605E-04
 -1      1206-1.20069E+00 4.99640E+01 1.08098E-03
 -1      1207-1.16646E+00 5.00132E+01-3.96605E-04
 -1      1208-1.19931E+00 5.00360E+01-1.08098E-03
 -1      1239 1.20658E+00 4.99964E+01-3.52651E-02
 -1      1240 1.16988E+00 5.00002E+01-1.98129E-02
 -1      1241 1.19342E+00 5.00036E+01 3.52651E-02
 -1      1242 1.23012E+00 4.99998E+01 1.98129E-02
 -1      1247 1.20102E+00 4.99661E+01-1.23355E-02
 -1      1248 1.20005E+00 4.99984E+01-3.60180E-02
 -1      1249 1.19898E+00 5.00339E+01 1.23355E-02
 -1      1250 1.19995E+00 5.00016E+01 3.60180E-02
 -1      1255 1.16697E+00 4.99855E+01-4.33494E-04
 -1      1256 1.20064E+00 4.99640E+01-1.08101E-03
 -1      1257 1.23303E+00 5.00145E+01 4.33494E-04
 -1      1258 1.19936E+00 5.00360E+01 1.08101E-03
 -1      1289-1.19817E+00 5.00034E+01 1.96415E+00
 -1      1290-1.23246E+00 4.99993E+01 1.98433E+00
 -1      1291-1.20183E+00 4.99966E+01 2.03585E+00
 -1      1292-1.16754E+00 5.00007E+01 2.01567E+00
 -1      1297-1.19898E+00 4.99661E+01 1.98766E+00
 -1      1298-1.19995E+00 4.99984E+01 1.96398E+00
 -1      1299-1.20102E+00 5.00339E+01 2.01234E+00
 -1      1300-1.20005E+00 5.00016E+01 2.03602E+00
 -1      1305-1.23303E+00 4.99855E+01 1.99957E+00
 -1      1306-1.19936E+00 4.99640E+01 1.99892E+00
 -1      1307-1.16697E+00 5.00145E+01 2.00043E+00
 -1      1308-1.20064E+00 5.00360E+01 2.00108E+00
 -1      1339 1.20512E+00 5.00022E+01 1.96438E+00
 -1      1340 1.16910E+00 5.00033E+01 1.98172E+00
 -1      1341 1.19488E+00 4.99978E+01 2.03562E+00
 -1      1342 1.23090E+00 4.99967E+01 2.01828E+00
 -1      1347 1.19898E+00 4.99659E+01 1.98832E+00
 -1      1348 1.19993E+00 4.99977E+01 1.96402E+00
 -1      1349 1.20102E+00 5.00341E+01 2.01168E+00
 -1      1350 1.20007E+00 5.00023E+01 2.03598E+00
 -1      1355 1.16646E+00 4.99868E+01 2.00040E+00
 -1      1356 1.19931E+00 4.99640E+01 2.00108E+00
 -1      1357 1.23354E+00 5.00132E+01 1.99960E+00
 -1      1358 1.20069E+00 5.00360E+01 1.99892E+00
 -1      1389-1.19553E+00 5.00000E+00-1.85778E-01
 -1      1390-1.23131E+00 5.00000E+00-1.67883E-01
 -1      1391-1.20447E+00 5.00000E+00-1.14222E-01
 -1      1392-1.16869E+00 5.00000E+00-1.32117E-01
 -1      1397 1.20447E+00 5.00000E+00 1.14222E-01
 -1      1398 1.16869E+00 5.00000E+00 1.32117E-01
 -1      1399 1.19553E+00 5.00000E+00 1.85778E-01
 -1      1400 1.23131E+00 5.00000E+00 1.67883E-01
 -1      1405-1.19553E+00 5.00000E+00 1.81422E+00
 -1      1406-1.23131E+00 5.00000E+00 1.83212E+00
 -1      1407-1.20447E+00 5.00000E+00 1.88578E+00
 -1      1408-1.16869E+00 5.00000E+00 1.86788E+00
 -1      1413 1.20447E+00 5.00000E+00 2.11422E+00
 -1      1414 1.16869E+00 5.00000E+00 2.13212E+00
 -1      1415 1.19553E+00 5.00000E+00 2.18578E+00
 -1      1416 1.23131E+00 5.00000E+00 2.16788E+00
 -1      1421-1.19553E+00 1.50000E+01-1.85778E-01
 -1      1422-1.23131E+00 1.50000E+01-1.67883E-01
 -1      1423-1.20447E+00 1.50000E+01-1.14222E-01
 -1      1424-1.16869E+00 1.50000E+01-1.32117E-01
 -1      1429 1.20447E+00 1.50000E+01 1.14222E-01
 -1      1430 1.16869E+00 1.50000E+01 1.32117E-01
 -1      1431 1.19553E+00 1.50000E+01 1.85778E-01
 -1      1432 1.23131E+00 1.50000E+01 1.67883E-01
 -1      1437-1.19553E+00 1.50000E+01 1.81422E+00
 -1      1438-1.23131E+00 1.50000E+01 1.83212E+00
 -1      1439-1.20447E+00 1.50000E+01 1.88578E+00
 -1      1440-1.16869E+00 1.50000E+01 1.86788E+00
 -1      1445 1.20447E+00 1.50000E+01 2.11422E+00
 -1      1446 1.16869E+00 1.50000E+01 2.13212E+00
 -1      1447 1.19553E+00 1.50000E+01 2.18578E+00
 -1      1448 1.23131E+00 1.50000E+01 2.16788E+00
 -1      1453-1.19553E+00 2.50000E+01-1.85778E-01
 -1      1454-1.23131E+00 2.50000E+01-1.67883E-01
 -1      1455-1.20447E+00 2.50000E+01-1.14222E-01
 -1      1456-1.16869E+00 2.50000E+01-1.32117E-01
 -1      1461 1.20447E+00 2.50000E+01 1.14222E-01
 -1      1462 1.16869E+00 2.50000E+01 1.32117E-01
 -1      1463 1.19553E+00 2.50000E+01 1.85778E-01
 -1      1464 1.23131E+00 2.50000E+01 1.67883E-01
 -1      1469-1.19553E+00 2.50000E+01 1.81422E+00
 -1      1470-1.23131E+00 2.50000E+01 1.83212E+00
 -1      1471-1.20447E+00 2.50000E+01 1.88578E+00
 -1      1472-1.16869E+00 2.50000E+01 1.86788E+00
 -1      1477 1.20447E+00 2.50000E+01 2.11422E+00
 -1      1478 1.16869E+00 2.50000E+01 2.13212E+00
 -1      1479 1.19553E+00 2.50000E+01 2.18578E+00
 -1      1480 1.23131E+00 2.50000E+01 2.16788E+00
 -1      1485-1.19553E+00 3.50000E+01-1.85778E-01
 -1      1486-1.23131E+00 3.50000E+01-1.67883E-01
 -1      1487-1.20447E+00 3.50000E+01-1.14222E-01
 -1      1488-1.16869E+00 3.50000E+01-1.32117E-01
 -1      1493 1.20447E+00 3.50000E+01 1.14222E-01
 -1      1494 1.16869E+00 3.50000E+01 1.32117E-01
 -1      1495 1.19553E+00 3.50000E+01 1.85778E-01
 -1      1496 1.23131E+00 3.50000E+01 1.67883E-01
 -1      1501-1.19553E+00 3.50000E+01 1.81422E+00
 -1      1502-1.23131E+00 3.50000E+01 1.83212E+00
 -1      1503-1.20447E+00 3.50000E+01 1.88578E+00
 -1      1504-1.16869E+00 3.50000E+01 1.86788E+00
 -1      1509 1.20447E+00 3.50000E+01 2.11422E+00
 -1      1510 1.16869E+00 3.50000E+01 2.13212E+00
 -1      1511 1.19553E+00 3.50000E+01 2.18578E+00
 -1      1512 1.23131E+00 3.50000E+01 2.16788E+00
 -1      1517-1.19553E+00 4.50000E+01-1.85778E-01
 -1      1518-1.23131E+00 4.50000E+01-1.67883E-01
 -1      1519-1.20447E+00 4.50000E+01-1.14222E-01
 -1      1520-1.16869E+00 4.50000E+01-1.32117E-01
 -1      1525 1.20447E+00 4.50000E+01 1.14222E-01
 -1      1526 1.16869E+00 4.50000E+01 1.32117E-01
 -1      1527 1.19553E+00 4.50000E+01 1.85778E-01
 -1      1528 1.23131E+00 4.50000E+01 1.67883E-01
 -1      1533-1.19553E+00 4.50000E+01 1.81422E+00
 -1      1534-1.23131E+00 4.50000E+01 1.83212E+00
 -1      1535-1.20447E+00 4.50000E+01 1.88578E+00
 -1      1536-1.16869E+00 4.50000E+01 1.86788E+00
 -1      1541 1.20447E+00 4.50000E+01 2.11422E+00
 -1      1542 1.16869E+00 4.50000E+01 2.13212E+00
 -1      1543 1.19553E+00 4.50000E+01 2.18578E+00
 -1      1544 1.23131E+00 4.50000E+01 2.16788E+00
 -1      1549 0.00000E+00-6.99992E-02-1.20023E-02
 -1      1550 0.00000E+00-3.79975E-02-3.60001E-02
 -1      1551 0.00000E+00-2.00083E-03 1.20023E-02
 -1      1552 0.00000E+00-3.40025E-02 3.60001E-02
 -1      1557 0.00000E+00 2.00083E-03 1.98800E+00
 -1      1558 0.00000E+00 3.40025E-02 1.96400E+00
 -1      1559 0.00000E+00 6.99992E-02 2.01200E+00
 -1      1560 0.00000E+00 3.79975E-02 2.03600E+00
 -1      1565-1.23329E+00 1.61495E-02 1.00000E+00
 -1      1566-1.20002E+00-6.05551E-03 1.00000E+00
 -1      1567-1.16671E+00 4.38505E-02 1.00000E+00
 -1      1568-1.19998E+00 6.60555E-02 1.00000E+00
 -1      1573 1.16671E+00-4.38505E-02 1.00000E+00
 -1      1574 1.19998E+00-6.60555E-02 1.00000E+00
 -1      1575 1.23329E+00-1.61495E-02 1.00000E+00
 -1      1576 1.20002E+00 6.05551E-03 1.00000E+00
 -1      1581 0.00000E+00 9.93000E+00-1.20023E-02
 -1      1582 0.00000E+00 9.96200E+00-3.60001E-02
 -1      1583 0.00000E+00 9.99800E+00 1.20023E-02
 -1      1584 0.00000E+00 9.96600E+00 3.60001E-02
 -1      1589 0.00000E+00 1.00020E+01 1.98800E+00
 -1      1590 0.00000E+00 1.00340E+01 1.96400E+00
 -1      1591 0.00000E+00 1.00700E+01 2.01200E+00
 -1      1592 0.00000E+00 1.00380E+01 2.03600E+00
 -1      1597-1.23329E+00 1.00161E+01 1.00000E+00
 -1      1598-1.20002E+00 9.99394E+00 1.00000E+00
 -1      1599-1.16671E+00 1.00439E+01 1.00000E+00
 -1      1600-1.19998E+00 1.00661E+01 1.00000E+00
 -1      1605 1.16671E+00 9.95615E+00 1.00000E+00
 -1      1606 1.19998E+00 9.93394E+00 1.00000E+00
 -1      1607 1.23329E+00 9.98385E+00 1.00000E+00
 -1      1608 1.20002E+00 1.00061E+01 1.00000E+00
 -1      1613 0.00000E+00 1.99300E+01-1.20023E-02
 -1      1614 0.00000E+00 1.99620E+01-3.60001E-02
 -1      1615 0.00000E+00 1.99980E+01 1.20023E-02
 -1      1616 0.00000E+00 1.99660E+01 3.60001E-02
 -1      1621 0.00000E+00 2.00020E+01 1.98800E+00
 -1      1622 0.00000E+00 2.00340E+01 1.96400E+00
 -1      1623 0.00000E+00 2.00700E+01 2.01200E+00
 -1      1624 0.00000E+00 2.00380E+01 2.03600E+00
 -1      1629-1.23329E+00 2.00161E+01 1.00000E+00
 -1      1630-1.20002E+00 1.99939E+01 1.00000E+00
 -1      1631-1.16671E+00 2.00438E+01 1.00000E+00
 -1      1632-1.19998E+00 2.00661E+01 1.00000E+00
 -1      1637 1.16671E+00 1.99562E+01 1.00000E+00
 -1      1638 1.19998E+00 1.99339E+01 1.00000E+00
 -1      1639 1.23329E+00 1.99839E+01 1.00000E+00
 -1      1640 1.20002E+00 2.00061E+01 1.00000E+00
 -1      1645 0.00000E+00 2.99300E+01-1.20023E-02
 -1      1646 0.00000E+00 2.99620E+01-3.60001E-02
 -1      1647 0.00000E+00 2.99980E+01 1.20023E-02
 -1      1648 0.00000E+00 2.99660E+01 3.60001E-02
 -1      1653 0.00000E+00 3.00020E+01 1.98800E+00
 -1      1654 0.00000E+00 3.00340E+01 1.96400E+00
 -1      1655 0.00000E+00 3.00700E+01 2.01200E+00
 -1      1656 0.00000E+00 3.00380E+01 2.03600E+00
 -1      1661-1.23329E+00 3.00161E+01 1.00000E+00
 -1      1662-1.20002E+00 2.99939E+01 1.00000E+00
 -1      1663-1.16671E+00 3.00438E+01 1.00000E+00
 -1      1664-1.19998E+00 3.00661E+01 1.00000E+00
 -1      1669 1.16671E+00 2.99562E+01 1.00000E+00
 -1      1670 1.19998E+00 2.99339E+01 1.00000E+00
 -1      1671 1.23329E+00 2.99839E+01 1.00000E+00
 -1      1672 1.20002E+00 3.00061E+01 1.00000E+00
 -1      1677 0.00000E+00 3.99300E+01-1.20023E-02
 -1      1678 0.00000E+00 3.99620E+01-3.60001E-02
 -1      1679 0.00000E+00 3.99980E+01 1.20023E-02
 -1      1680 0.00000E+00 3.99660E+01 3.60001E-02
 -1      1685 0.00000E+00 4.00020E+01 1.98800E+00
 -1      1686 0.00000E+00 4.00340E+01 1.96400E+00
 -1      1687 0.00000E+00 4.00700E+01 2.01200E+00
 -1      1688 0.00000E+00 4.00380E+01 2.03600E+00
 -1      1693-1.23329E+00 4.00161E+01 1.00000E+00
 -1      1694-1.20002E+00 3.99939E+01 1.00000E+00
 -1      1695-1.16671E+00 4.00438E+01 1.00000E+00
 -1      1696-1.19998E+00 4.00661E+01 1.00000E+00
 -1      1701 1.16671E+00 3.99562E+01 1.00000E+00
 -1      1702 1.19998E+00 3.99339E+01 1.00000E+00
 -1      1703 1.23329E+00 3.99839E+01 1.00000E+00
 -1      1704 1.20002E+00 4.00061E+01 1.00000E+00
 -1      1709 0.00000E+00 4.99300E+01-1.20023E-02
 -1      1710 0.00000E+00 4.99620E+01-3.60001E-02
 -1      1711 0.00000E+00 4.99980E+01 1.20023E-02
 -1      1712 0.00000E+00 4.99660E+01 3.60001E-02
 -1      1717 0.00000E+00 5.00020E+01 1.98800E+00
 -1      1718 0.00000E+00 5.00340E+01 1.96400E+00
 -1      1719 0.00000E+00 5.00700E+01 2.01200E+00
 -1      1720 0.00000E+00 5.00380E+01 2.03600E+00
 -1      1725-1.23329E+00 5.00161E+01 1.00000E+00
 -1      1726-1.20002E+00 4.99939E+01 1.00000E+00
 -1      1727-1.16671E+00 5.00438E+01 1.00000E+00
 -1      1728-1.19998E+00 5.00661E+01 1.00000E+00
 -1      1733 1.16671E+00 4.99562E+01 1.00000E+00
 -1      1734 1.19998E+00 4.99339E+01 1.00000E+00
 -1      1735 1.23329E+00 4.99839E+01 1.00000E+00
 -1      1736 1.20002E+00 5.00061E+01 1.00000E+00
 -1      1741-1.19777E+00 2.52721E+00 3.58451E-01
 -1      1742-1.23236E+00 2.52386E+00 3.78258E-01
 -1      1743-1.20223E+00 2.51522E+00 4.29417E-01
 -1      1744-1.16764E+00 2.51856E+00 4.09610E-01
 -1      1749-1.19829E+00 5.03706E+00 8.14685E-01
 -1      1750-1.23259E+00 5.03303E+00 8.34866E-01
 -1      1751-1.20171E+00 5.02294E+00 8.85315E-01
 -1      1752-1.16741E+00 5.02697E+00 8.65134E-01
 -1      1757-1.19884E+00 7.52934E+00 1.35882E+00
 -1      1758-1.23282E+00 7.52458E+00 1.37939E+00
 -1      1759-1.20116E+00 7.51309E+00 1.42904E+00
 -1      1760-1.16718E+00 7.51785E+00 1.40848E+00
 -1      1765-1.19407E+00 2.51529E+00 1.57100E+00
 -1      1766-1.23055E+00 2.51802E+00 1.58719E+00
 -1      1767-1.20593E+00 2.52714E+00 1.64113E+00
 -1      1768-1.16945E+00 2.52440E+00 1.62495E+00
 -1      1773-1.19388E+00 5.02303E+00 1.11516E+00
 -1      1774-1.23044E+00 5.02621E+00 1.13106E+00
 -1      1775-1.20612E+00 5.03697E+00 1.18484E+00
 -1      1776-1.16956E+00 5.03379E+00 1.16894E+00
 -1      1781-1.19370E+00 7.51321E+00 5.71480E-01
 -1      1782-1.23034E+00 7.51682E+00 5.87095E-01
 -1      1783-1.20630E+00 7.52922E+00 6.40652E-01
 -1      1784-1.16966E+00 7.52560E+00 6.25037E-01
 -1      1789 1.20223E+00 2.52721E+00 3.58451E-01
 -1      1790 1.16764E+00 2.52386E+00 3.78258E-01
 -1      1791 1.19777E+00 2.51522E+00 4.29417E-01
 -1      1792 1.23236E+00 2.51856E+00 4.09610E-01
 -1      1797 1.20171E+00 5.03706E+00 8.14685E-01
 -1      1798 1.16741E+00 5.03303E+00 8.34866E-01
 -1      1799 1.19829E+00 5.02294E+00 8.85315E-01
 -1      1800 1.23259E+00 5.02697E+00 8.65134E-01
 -1      1805 1.20116E+00 7.52934E+00 1.35882E+00
 -1      1806 1.16718E+00 7.52458E+00 1.37939E+00
 -1      1807 1.19884E+00 7.51309E+00 1.42904E+00
 -1      1808 1.23282E+00 7.51785E+00 1.40848E+00
 -1      1813 1.20593E+00 2.51529E+00 1.57100E+00
 -1      1814 1.16945E+00 2.51802E+00 1.58719E+00
 -1      1815 1.19407E+00 2.52714E+00 1.64113E+00
 -1      1816 1.23055E+00 2.52440E+00 1.62495E+00
 -1      1821 1.20612E+00 5.02303E+00 1.11516E+00
 -1      1822 1.16956E+00 5.02621E+00 1.13106E+00
 -1      1823 1.19388E+00 5.03697E+00 1.18484E+00
 -1      1824 1.23044E+00 5.03379E+00 1.16894E+00
 -1      1829 1.20630E+00 7.51321E+00 5.71480E-01
 -1      1830 1.16966E+00 7.51682E+00 5.87095E-01
 -1      1831 1.19370E+00 7.52922E+00 6.40652E-01
 -1      1832 1.23034E+00 7.52560E+00 6.25037E-01
 -1      1837-4.83328E-01 2.47166E+00-3.43393E-02
 -1      1838-5.20442E-01 2.48175E+00-2.33534E-02
 -1      1839-5.04540E-01 2.47743E+00 3.43393E-02
 -1      1840-4.67426E-01 2.46734E+00 2.33534E-02
 -1      1845 1.59904E-01 4.96162E+00-3.45869E-02
 -1      1846 1.22764E-01 4.97054E+00-2.27046E-02
 -1      1847 1.40096E-01 4.96638E+00 3.45869E-02
 -1      1848 1.77236E-01 4.95746E+00 2.27046E-02
 -1      1853 7.15261E-01 7.47263E+00-3.48107E-02
 -1      1854 6.78146E-01 7.48037E+00-2.20585E-02
 -1      1855 6.96871E-01 7.47646E+00 3.48107E-02
 -1      1856 7.33986E-01 7.46872E+00 2.20585E-02
 -1      1861 4.93632E-01 2.47446E+00-3.60542E-02
 -1      1862 4.61704E-01 2.46578E+00-1.35783E-02
 -1      1863 4.94236E-01 2.47463E+00 3.60542E-02
 -1      1864 5.26164E-01 2.48331E+00 1.35783E-02
 -1      1869-1.49866E-01 4.96403E+00-3.60553E-02
 -1      1870-1.82311E-01 4.95625E+00-1.39944E-02
 -1      1871-1.50134E-01 4.96397E+00 3.60553E-02
 -1      1872-1.17689E-01 4.97175E+00 1.39944E-02
 -1      1877-7.05470E-01 7.47467E+00-3.60504E-02
 -1      1878-7.38413E-01 7.46780E+00-1.44278E-02
 -1      1879-7.06662E-01 7.47442E+00 3.60504E-02
 -1      1880-6.73719E-01 7.48129E+00 1.44278E-02
 -1      1885-4.83328E-01 2.47166E+00 1.96566E+00
 -1      1886-5.20442E-01 2.48175E+00 1.97665E+00
 -1      1887-5.04540E-01 2.47743E+00 2.03434E+00
 -1      1888-4.67426E-01 2.46734E+00 2.02335E+00
 -1      1893 1.59904E-01 4.96162E+00 1.96541E+00
 -1      1894 1.22764E-01 4.97054E+00 1.97730E+00
 -1      1895 1.40096E-01 4.96638E+00 2.03459E+00
 -1      1896 1.77236E-01 4.95746E+00 2.02270E+00
 -1      1901 7.15261E-01 7.47263E+00 1.96519E+00
 -1      1902 6.78146E-01 7.48037E+00 1.97794E+00
 -1      1903 6.96871E-01 7.47646E+00 2.03481E+00
 -1      1904 7.33986E-01 7.46872E+00 2.02206E+00
 -1      1909 4.93632E-01 2.47446E+00 1.96395E+00
 -1      1910 4.61704E-01 2.46578E+00 1.98642E+00
 -1      1911 4.94236E-01 2.47463E+00 2.03605E+00
 -1      1912 5.26164E-01 2.48331E+00 2.01358E+00
 -1      1917-1.49866E-01 4.96403E+00 1.96394E+00
 -1      1918-1.82311E-01 4.95625E+00 1.98601E+00
 -1      1919-1.50134E-01 4.96397E+00 2.03606E+00
 -1      1920-1.17689E-01 4.97175E+00 2.01399E+00
 -1      1925-7.05470E-01 7.47467E+00 1.96395E+00
 -1      1926-7.38413E-01 7.46780E+00 1.98557E+00
 -1      1927-7.06662E-01 7.47442E+00 2.03605E+00
 -1      1928-6.73719E-01 7.48129E+00 2.01443E+00
 -1      1933-1.19777E+00 1.25272E+01 3.58451E-01
 -1      1934-1.23236E+00 1.25239E+01 3.78258E-01
 -1      1935-1.20223E+00 1.25152E+01 4.29417E-01
 -1      1936-1.16764E+00 1.25186E+01 4.09610E-01
 -1      1941-1.19829E+00 1.50371E+01 8.14685E-01
 -1      1942-1.23259E+00 1.50330E+01 8.34866E-01
 -1      1943-1.20171E+00 1.50229E+01 8.85315E-01
 -1      1944-1.16741E+00 1.50270E+01 8.65134E-01
 -1      1949-1.19884E+00 1.75293E+01 1.35882E+00
 -1      1950-1.23282E+00 1.75246E+01 1.37939E+00
 -1      1951-1.20116E+00 1.75131E+01 1.42904E+00
 -1      1952-1.16718E+00 1.75178E+01 1.40848E+00
 -1      1957-1.19407E+00 1.25153E+01 1.57100E+00
 -1      1958-1.23055E+00 1.25180E+01 1.58719E+00
 -1      1959-1.20593E+00 1.25271E+01 1.64113E+00
 -1      1960-1.16945E+00 1.25244E+01 1.62495E+00
 -1      1965-1.19388E+00 1.50230E+01 1.11516E+00
 -1      1966-1.23044E+00 1.50262E+01 1.13106E+00
 -1      1967-1.20612E+00 1.50370E+01 1.18484E+00
 -1      1968-1.16956E+00 1.50338E+01 1.16894E+00
 -1      1973-1.19370E+00 1.75132E+01 5.71480E-01
 -1      1974-1.23034E+00 1.75168E+01 5.87095E-01
 -1      1975-1.20630E+00 1.75292E+01 6.40652E-01
 -1      1976-1.16966E+00 1.75256E+01 6.25037E-01
 -1      1981 1.20223E+00 1.25272E+01 3.58451E-01
 -1      1982 1.16764E+00 1.25239E+01 3.78258E-01
 -1      1983 1.19777E+00 1.25152E+01 4.29417E-01
 -1      1984 1.23236E+00 1.25186E+01 4.09610E-01
 -1      1989 1.20171E+00 1.50371E+01 8.14685E-01
 -1      1990 1.16741E+00 1.50330E+01 8.34866E-01
 -1      1991 1.19829E+00 1.50229E+01 8.85315E-01
 -1      1992 1.23259E+00 1.50270E+01 8.65134E-01
 -1      1997 1.20116E+00 1.75293E+01 1.35882E+00
 -1      1998 1.16718E+00 1.75246E+01 1.37939E+00
 -1      1999 1.19884E+00 1.75131E+01 1.42904E+00
 -1      2000 1.23282E+00 1.75178E+01 1.40848E+00
 -1      2005 1.20593E+00 1.25153E+01 1.57100E+00
 -1      2006 1.16945E+00 1.25180E+01 1.58719E+00
 -1      2007 1.19407E+00 1.25271E+01 1.64113E+00
 -1      2008 1.23055E+00 1.25244E+01 1.62495E+00
 -1      2013 1.20612E+00 1.50230E+01 1.11516E+00
 -1      2014 1.16956E+00 1.50262E+01 1.13106E+00
 -1      2015 1.19388E+00 1.50370E+01 1.18484E+00
 -1      2016 1.23044E+00 1.50338E+01 1.16894E+00
 -1      2021 1.20630E+00 1.75132E+01 5.71480E-01
 -1      2022 1.16966E+00 1.75168E+01 5.87095E-01
 -1      2023 1.19370E+00 1.75292E+01 6.40652E-01
 -1      2024 1.23034E+00 1.75256E+01 6.25037E-01
 -1      2029-4.83328E-01 1.24717E+01-3.43393E-02
 -1      2030-5.20442E-01 1.24818E+01-2.33534E-02
 -1      2031-5.04540E-01 1.24774E+01 3.43393E-02
 -1      2032-4.67426E-01 1.24673E+01 2.33534E-02
 -1      2037 1.59904E-01 1.49616E+01-3.45869E-02
 -1      2038 1.22764E-01 1.49705E+01-2.27046E-02
 -1      2039 1.40096E-01 1.49664E+01 3.45869E-02
 -1      2040 1.77236E-01 1.49575E+01 2.27046E-02
 -1      2045 7.15261E-01 1.74726E+01-3.48107E-02
 -1      2046 6.78146E-01 1.74804E+01-2.20585E-02
 -1      2047 6.96871E-01 1.74765E+01 3.48107E-02
 -1      2048 7.33986E-01 1.74687E+01 2.20585E-02
 -1      2053 4.93632E-01 1.24745E+01-3.60542E-02
 -1      2054 4.61704E-01 1.24658E+01-1.35783E-02
 -1      2055 4.94236E-01 1.24746E+01 3.60542E-02
 -1      2056 5.26164E-01 1.24833E+01 1.35783E-02
 -1      2061-1.49866E-01 1.49640E+01-3.60553E-02
 -1      2062-1.82311E-01 1.49562E+01-1.39944E-02
 -1      2063-1.50134E-01 1.49640E+01 3.60553E-02
 -1      2064-1.17689E-01 1.49718E+01 1.39944E-02
 -1      2069-7.05470E-01 1.74747E+01-3.60504E-02
 -1      2070-7.38413E-01 1.74678E+01-1.44278E-02
 -1      2071-7.06662E-01 1.74744E+01 3.60504E-02
 -1      2072-6.73719E-01 1.74813E+01 1.44278E-02
 -1      2077-4.83328E-01 1.24717E+01 1.96566E+00
 -1      2078-5.20442E-01 1.24818E+01 1.97665E+00
 -1      2079-5.04540E-01 1.24774E+01 2.03434E+00
 -1      2080-4.67426E-01 1.24673E+01 2.02335E+00
 -1      2085 1.59904E-01 1.49616E+01 1.96541E+00
 -1      2086 1.22764E-01 1.49705E+01 1.97730E+00
 -1      2087 1.40096E-01 1.49664E+01 2.03459E+00
 -1      2088 1.77236E-01 1.49575E+01 2.02270E+00
 -1      2093 7.15261E-01 1.74726E+01 1.96519E+00
 -1      2094 6.78146E-01 1.74804E+01 1.97794E+00
 -1      2095 6.96871E-01 1.74765E+01 2.03481E+00
 -1      2096 7.33986E-01 1.74687E+01 2.02206E+00
 -1      2101 4.93632E-01 1.24745E+01 1.96395E+00
 -1      2102 4.61704E-01 1.24658E+01 1.98642E+00
 -1      2103 4.94236E-01 1.24746E+01 2.03605E+00
 -1      2104 5.26164E-01 1.24833E+01 2.01358E+00
 -1      2109-1.49866E-01 1.49640E+01 1.96394E+00
 -1      2110-1.82311E-01 1.49562E+01 1.98601E+00
 -1      2111-1.50134E-01 1.49640E+01 2.03606E+00
 -1      2112-1.17689E-01 1.49718E+01 2.01399E+00
 -1      2117-7.05470E-01 1.74747E+01 1.96395E+00
 -1      2118-7.38413E-01 1.74678E+01 1.98557E+00
 -1      2119-7.06662E-01 1.74744E+01 2.03605E+00
 -1      2120-6.73719E-01 1.74813E+01 2.01443E+00
 -1      2125-1.19777E+00 2.25272E+01 3.58451E-01
 -1      2126-1.23236E+00 2.25239E+01 3.78258E-01
 -1      2127-1.20223E+00 2.25152E+01 4.29417E-01
 -1      2128-1.16764E+00 2.25186E+01 4.09610E-01
 -1      2133-1.19829E+00 2.50371E+01 8.14685E-01
 -1      2134-1.23259E+00 2.50330E+01 8.34866E-01
 -1      2135-1.20171E+00 2.50229E+01 8.85315E-01
 -1      2136-1.16741E+00 2.50270E+01 8.65134E-01
 -1      2141-1.19884E+00 2.75293E+01 1.35882E+00
 -1      2142-1.23282E+00 2.75246E+01 1.37939E+00
 -1      2143-1.20116E+00 2.75131E+01 1.42904E+00
 -1      2144-1.16718E+00 2.75178E+01 1.40848E+00
 -1      2149-1.19407E+00 2.25153E+01 1.57100E+00
 -1      2150-1.23055E+00 2.25180E+01 1.58719E+00
 -1      2151-1.20593E+00 2.25271E+01 1.64113E+00
 -1      2152-1.16945E+00 2.25244E+01 1.62495E+00
 -1      2157-1.19388E+00 2.50230E+01 1.11516E+00
 -1      2158-1.23044E+00 2.50262E+01 1.13106E+00
 -1      2159-1.20612E+00 2.50370E+01 1.18484E+00
 -1      2160-1.16956E+00 2.50338E+01 1.16894E+00
 -1      2165-1.19370E+00 2.75132E+01 5.71480E-01
 -1      2166-1.23034E+00 2.75168E+01 5.87095E-01
 -1      2167-1.20630E+00 2.75292E+01 6.40652E-01
 -1      2168-1.16966E+00 2.75256E+01 6.25037E-01
 -1      2173 1.20223E+00 2.25272E+01 3.58451E-01
 -1      2174 1.16764E+00 2.25239E+01 3.78258E-01
 -1      2175 1.19777E+00 2.25152E+01 4.29417E-01
 -1      2176 1.23236E+00 2.25186E+01 4.09610E-01
 -1      2181 1.20171E+00 2.50371E+01 8.14685E-01
 -1      2182 1.16741E+00 2.50330E+01 8.34866E-01
 -1      2183 1.19829E+00 2.50229E+01 8.85315E-01
 -1      2184 1.23259E+00 2.50270E+01 8.65134E-01
 -1      2189 1.20116E+00 2.75293E+01 1.35882E+00
 -1      2190 1.16718E+00 2.75246E+01 1.37939E+00
 -1      2191 1.19884E+00 2.75131E+01 1.42904E+00
 -1      2192 1.23282E+00 2.75178E+01 1.40848E+00
 -1      2197 1.20593E+00 2.25153E+01 1.57100E+00
 -1      2198 1.16945E+00 2.25180E+01 1.58719E+00
 -1      2199 1.19407E+00 2.25271E+01 1.64113E+00
 -1      2200 1.23055E+00 2.25244E+01 1.62495E+00
 -1      2205 1.20612E+00 2.50230E+01 1.11516E+00
 -1      2206 1.16956E+00 2.50262E+01 1.13106E+00
 -1      2207 1.19388E+00 2.50370E+01 1.18484E+00
 -1      2208 1.23044E+00 2.50338E+01 1.16894E+00
 -1      2213 1.20630E+00 2.75132E+01 5.71480E-01
 -1      2214 1.16966E+00 2.75168E+01 5.87095E-01
 -1      2215 1.19370E+00 2.75292E+01 6.40652E-01
 -1      2216 1.23034E+00 2.75256E+01 6.25037E-01
 -1      2221-4.83328E-01 2.24717E+01-3.43393E-02
 -1      2222-5.20442E-01 2.24818E+01-2.33534E-02
 -1      2223-5.04540E-01 2.24774E+01 3.43393E-02
 -1      2224-4.67426E-01 2.24673E+01 2.33534E-02
 -1      2229 1.59904E-01 2.49616E+01-3.45869E-02
 -1      2230 1.22764E-01 2.49705E+01-2.27046E-02
 -1      2231 1.40096E-01 2.49664E+01 3.45869E-02
 -1      2232 1.77236E-01 2.49575E+01 2.27046E-02
 -1      2237 7.15261E-01 2.74726E+01-3.48107E-02
 -1      2238 6.78146E-01 2.74804E+01-2.20585E-02
 -1      2239 6.96871E-01 2.74765E+01 3.48107E-02
 -1      2240 7.33986E-01 2.74687E+01 2.20585E-02
 -1      2245 4.93632E-01 2.24745E+01-3.60542E-02
 -1      2246 4.61704E-01 2.24658E+01-1.35783E-02
 -1      2247 4.94236E-01 2.24746E+01 3.60542E-02
 -1      2248 5.26164E-01 2.24833E+01 1.35783E-02
 -1      2253-1.49866E-01 2.49640E+01-3.60553E-02
 -1      2254-1.82311E-01 2.49562E+01-1.39944E-02
 -1      2255-1.50134E-01 2.49640E+01 3.60553E-02
 -1      2256-1.17689E-01 2.49718E+01 1.39944E-02
 -1      2261-7.05470E-01 2.74747E+01-3.60504E-02
 -1      2262-7.38413E-01 2.74678E+01-1.44278E-02
 -1      2263-7.06662E-01 2.74744E+01 3.60504E-02
 -1      2264-6.73719E-01 2.74813E+01 1.44278E-02
 -1      2269-4.83328E-01 2.24717E+01 1.96566E+00
 -1      2270-5.20442E-01 2.24818E+01 1.97665E+00
 -1      2271-5.04540E-01 2.24774E+01 2.03434E+00
 -1      2272-4.67426E-01 2.24673E+01 2.02335E+00
 -1      2277 1.59904E-01 2.49616E+01 1.96541E+00
 -1      2278 1.22764E-01 2.49705E+01 1.97730E+00
 -1      2279 1.40096E-01 2.49664E+01 2.03459E+00
 -1      2280 1.77236E-01 2.49575E+01 2.02270E+00
 -1      2285 7.15261E-01 2.74726E+01 1.96519E+00
 -1      2286 6.78146E-01 2.74804E+01 1.97794E+00
 -1      2287 6.96871E-01 2.74765E+01 2.03481E+00
 -1      2288 7.33986E-01 2.74687E+01 2.02206E+00
 -1      2293 4.93632E-01 2.24745E+01 1.96395E+00
 -1      2294 4.61704E-01 2.24658E+01 1.98642E+00
 -1      2295 4.94236E-01 2.24746E+01 2.03605E+00
 -1      2296 5.26164E-01 2.24833E+01 2.01358E+00
 -1      2301-1.49866E-01 2.49640E+01 1.96394E+00
 -1      2302-1.82311E-01 2.49562E+01 1.98601E+00
 -1      2303-1.50134E-01 2.49640E+01 2.03606E+00
 -1      2304-1.17689E-01 2.49718E+01 2.01399E+00
 -1      2309-7.05470E-01 2.74747E+01 1.96395E+00
 -1      2310-7.38413E-01 2.74678E+01 1.98557E+00
 -1      2311-7.06662E-01 2.74744E+01 2.03605E+00
 -1      2312-6.73719E-01 2.74813E+01 2.01443E+00
 -1      2317-1.19777E+00 3.25272E+01 3.58451E-01
 -1      2318-1.23236E+00 3.25239E+01 3.78258E-01
 -1      2319-1.20223E+00 3.25152E+01 4.29417E-01
 -1      2320-1.16764E+00 3.25186E+01 4.09610E-01
 -1      2325-1.19829E+00 3.50371E+01 8.14685E-01
 -1      2326-1.23259E+00 3.50330E+01 8.34866E-01
 -1      2327-1.20171E+00 3.50229E+01 8.85315E-01
 -1      2328-1.16741E+00 3.50270E+01 8.65134E-01
 -1      2333-1.19884E+00 3.75293E+01 1.35882E+00
 -1      2334-1.23282E+00 3.75246E+01 1.37939E+00
 -1      2335-1.20116E+00 3.75131E+01 1.42904E+00
 -1      2336-1.16718E+00 3.75178E+01 1.40848E+00
 -1      2341-1.19407E+00 3.25153E+01 1.57100E+00
 -1      2342-1.23055E+00 3.25180E+01 1.58719E+00
 -1      2343-1.20593E+00 3.25271E+01 1.64113E+00
 -1      2344-1.16945E+00 3.25244E+01 1.62495E+00
 -1      2349-1.19388E+00 3.50230E+01 1.11516E+00
 -1      2350-1.23044E+00 3.50262E+01 1.13106E+00
 -1      2351-1.20612E+00 3.50370E+01 1.18484E+00
 -1      2352-1.16956E+00 3.50338E+01 1.16894E+00
 -1      2357-1.19370E+00 3.75132E+01 5.71480E-01
 -1      2358-1.23034E+00 3.75168E+01 5.87095E-01
 -1      2359-1.20630E+00 3.75292E+01 6.40652E-01
 -1      2360-1.16966E+00 3.75256E+01 6.25037E-01
 -1      2365 1.20223E+00 3.25272E+01 3.58451E-01
 -1      2366 1.16764E+00 3.25239E+01 3.78258E-01
 -1      2367 1.19777E+00 3.25152E+01 4.29417E-01
 -1      2368 1.23236E+00 3.25186E+01 4.09610E-01
 -1      2373 1.20171E+00 3.50371E+01 8.14685E-01
 -1      2374 1.16741E+00 3.50330E+01 8.34866E-01
 -1      2375 1.19829E+00 3.50229E+01 8.85315E-01
 -1      2376 1.23259E+00 3.50270E+01 8.65134E-01
 -1      2381 1.20116E+00 3.75293E+01 1.35882E+00
 -1      2382 1.16718E+00 3.75246E+01 1.37939E+00
 -1      2383 1.19884E+00 3.75131E+01 1.42904E+00
 -1      2384 1.23282E+00 3.75178E+01 1.40848E+00
 -1      2389 1.20593E+00 3.25153E+01 1.57100E+00
 -1      2390 1.16945E+00 3.25180E+01 1.58719E+00
 -1      2391 1.19407E+00 3.25271E+01 1.64113E+00
 -1      2392 1.23055E+00 3.25244E+01 1.62495E+00
 -1      2397 1.20612E+00 3.50230E+01 1.11516E+00
 -1      2398 1.16956E+00 3.50262E+01 1.13106E+00
 -1      2399 1.19388E+00 3.50370E+01 1.18484E+00
 -1      2400 1.23044E+00 3.50338E+01 1.16894E+00
 -1      2405 1.20630E+00 3.75132E+01 5.71480E-01
 -1      2406 1.16966E+00 3.75168E+01 5.87095E-01
 -1      2407 1.19370E+00 3.75292E+01 6.40652E-01
 -1      2408 1.23034E+00 3.75256E+01 6.25037E-01
 -1      2413-4.83328E-01 3.24717E+01-3.43393E-02
 -1      2414-5.20442E-01 3.24818E+01-2.33534E-02
 -1      2415-5.04540E-01 3.24774E+01 3.43393E-02
 -1      2416-4.67426E-01 3.24673E+01 2.33534E-02
 -1      2421 1.59904E-01 3.49616E+01-3.45869E-02
 -1      2422 1.22764E-01 3.49705E+01-2.27046E-02
 -1      2423 1.40096E-01 3.49664E+01 3.45869E-02
 -1      2424 1.77236E-01 3.49575E+01 2.27046E-02
 -1      2429 7.15261E-01 3.74726E+01-3.48107E-02
 -1      2430 6.78146E-01 3.74804E+01-2.20585E-02
 -1      2431 6.96871E-01 3.74765E+01 3.48107E-02
 -1      2432 7.33986E-01 3.74687E+01 2.20585E-02
 -1      2437 4.93632E-01 3.24745E+01-3.60542E-02
 -1      2438 4.61704E-01 3.24658E+01-1.35783E-02
 -1      2439 4.94236E-01 3.24746E+01 3.60542E-02
 -1      2440 5.26164E-01 3.24833E+01 1.35783E-02
 -1      2445-1.49866E-01 3.49640E+01-3.60553E-02
 -1      2446-1.82311E-01 3.49562E+01-1.39944E-02
 -1      2447-1.50134E-01 3.49640E+01 3.60553E-02
 -1      2448-1.17689E-01 3.49718E+01 1.39944E-02
 -1      2453-7.05470E-01 3.74747E+01-3.60504E-02
 -1      2454-7.38413E-01 3.74678E+01-1.44278E-02
 -1      2455-7.06662E-01 3.74744E+01 3.60504E-02
 -1      2456-6.73719E-01 3.74813E+01 1.44278E-02
 -1      2461-4.83328E-01 3.24717E+01 1.96566E+00
 -1      2462-5.20442E-01 3.24818E+01 1.97665E+00
 -1      2463-5.04540E-01 3.24774E+01 2.03434E+00
 -1      2464-4.67426E-01 3.24673E+01 2.02335E+00
 -1      2469 1.59904E-01 3.49616E+01 1.96541E+00
 -1      2470 1.22764E-01 3.49705E+01 1.97730E+00
 -1      2471 1.40096E-01 3.49664E+01 2.03459E+00
 -1      2472 1.77236E-01 3.49575E+01 2.02270E+00
 -1      2477 7.15261E-01 3.74726E+01 1.96519E+00
 -1      2478 6.78146E-01 3.74804E+01 1.97794E+00
 -1      2479 6.96871E-01 3.74765E+01 2.03481E+00
 -1      2480 7.33986E-01 3.74687E+01 2.02206E+00
 -1      2485 4.93632E-01 3.24745E+01 1.96395E+00
 -1      2486 4.61704E-01 3.24658E+01 1.98642E+00
 -1      2487 4.94236E-01 3.24746E+01 2.03605E+00
 -1      2488 5.26164E-01 3.24833E+01 2.01358E+00
 -1      2493-1.49866E-01 3.49640E+01 1.96394E+00
 -1      2494-1.82311E-01 3.49562E+01 1.98601E+00
 -1      2495-1.50134E-01 3.49640E+01 2.03606E+00
 -1      2496-1.17689E-01 3.49718E+01 2.01399E+00
 -1      2501-7.05470E-01 3.74747E+01 1.96395E+00
 -1      2502-7.38413E-01 3.74678E+01 1.98557E+00
 -1      2503-7.06662E-01 3.74744E+01 2.03605E+00
 -1      2504-6.73719E-01 3.74813E+01 2.01443E+00
 -1      2509-1.19777E+00 4.25272E+01 3.58451E-01
 -1      2510-1.23236E+00 4.25239E+01 3.78258E-01
 -1      2511-1.20223E+00 4.25152E+01 4.29417E-01
 -1      2512-1.16764E+00 4.25186E+01 4.09610E-01
 -1      2517-1.19829E+00 4.50371E+01 8.14685E-01
 -1      2518-1.23259E+00 4.50330E+01 8.34866E-01
 -1      2519-1.20171E+00 4.50229E+01 8.85315E-01
 -1      2520-1.16741E+00 4.50270E+01 8.65134E-01
 -1      2525-1.19884E+00 4.75293E+01 1.35882E+00
 -1      2526-1.23282E+00 4.75246E+01 1.37939E+00
 -1      2527-1.20116E+00 4.75131E+01 1.42904E+00
 -1      2528-1.16718E+00 4.75178E+01 1.40848E+00
 -1      2533-1.19407E+00 4.25153E+01 1.57100E+00
 -1      2534-1.23055E+00 4.25180E+01 1.58719E+00
 -1      2535-1.20593E+00 4.25271E+01 1.64113E+00
 -1      2536-1.16945E+00 4.25244E+01 1.62495E+00
 -1      2541-1.19388E+00 4.50230E+01 1.11516E+00
 -1      2542-1.23044E+00 4.50262E+01 1.13106E+00
 -1      2543-1.20612E+00 4.50370E+01 1.18484E+00
 -1      2544-1.16956E+00 4.50338E+01 1.16894E+00
 -1      2549-1.19370E+00 4.75132E+01 5.71480E-01
 -1      2550-1.23034E+00 4.75168E+01 5.87095E-01
 -1      2551-1.20630E+00 4.75292E+01 6.40652E-01
 -1      2552-1.16966E+00 4.75256E+01 6.25037E-01
 -1      2557 1.20223E+00 4.25272E+01 3.58451E-01
 -1      2558 1.16764E+00 4.25239E+01 3.78258E-01
 -1      2559 1.19777E+00 4.25152E+01 4.29417E-01
 -1      2560 1.23236E+00 4.25186E+01 4.09610E-01
 -1      2565 1.20171E+00 4.50371E+01 8.14685E-01
 -1      2566 1.16741E+00 4.50330E+01 8.34866E-01
 -1      2567 1.19829E+00 4.50229E+01 8.85315E-01
 -1      2568 1.23259E+00 4.50270E+01 8.65134E-01
 -1      2573 1.20116E+00 4.75293E+01 1.35882E+00
 -1      2574 1.16718E+00 4.75246E+01 1.37939E+00
 -1      2575 1.19884E+00 4.75131E+01 1.42904E+00
 -1      2576 1.23282E+00 4.75178E+01 1.40848E+00
 -1      2581 1.20593E+00 4.25153E+01 1.57100E+00
 -1      2582 1.16945E+00 4.25180E+01 1.58719E+00
 -1      2583 1.19407E+00 4.25271E+01 1.64113E+00
 -1      2584 1.23055E+00 4.25244E+01 1.62495E+00
 -1      2589 1.20612E+00 4.50230E+01 1.11516E+00
 -1      2590 1.16956E+00 4.50262E+01 1.13106E+00
 -1      2591 1.19388E+00 4.50370E+01 1.18484E+00
 -1      2592 1.23044E+00 4.50338E+01 1.16894E+00
 -1      2597 1.20630E+00 4.75132E+01 5.71480E-01
 -1      2598 1.16966E+00 4.75168E+01 5.87095E-01
 -1      2599 1.19370E+00 4.75292E+01 6.40652E-01
 -1      2600 1.23034E+00 4.75256E+01 6.25037E-01
 -1      2605-4.83328E-01 4.24717E+01-3.43393E-02
 -1      2606-5.20442E-01 4.24818E+01-2.33534E-02
 -1      2607-5.04540E-01 4.24774E+01 3.43393E-02
 -1      2608-4.67426E-01 4.24673E+01 2.33534E-02
 -1      2613 1.59904E-01 4.49616E+01-3.45869E-02
 -1      2614 1.22764E-01 4.49705E+01-2.27046E-02
 -1      2615 1.40096E-01 4.49664E+01 3.45869E-02
 -1      2616 1.77236E-01 4.49575E+01 2.27046E-02
 -1      2621 7.15261E-01 4.74726E+01-3.48107E-02
 -1      2622 6.78146E-01 4.74804E+01-2.20585E-02
 -1      2623 6.96871E-01 4.74765E+01 3.48107E-02
 -1      2624 7.33986E-01 4.74687E+01 2.20585E-02
 -1      2629 4.93632E-01 4.24745E+01-3.60542E-02
 -1      2630 4.61704E-01 4.24658E+01-1.35783E-02
 -1      2631 4.94236E-01 4.24746E+01 3.60542E-02
 -1      2632 5.26164E-01 4.24833E+01 1.35783E-02
 -1      2637-1.49866E-01 4.49640E+01-3.60553E-02
 -1      2638-1.82311E-01 4.49562E+01-1.39944E-02
 -1      2639-1.50134E-01 4.49640E+01 3.60553E-02
 -1      2640-1.17689E-01 4.49718E+01 1.39944E-02
 -1      2645-7.05470E-01 4.74747E+01-3.60504E-02
 -1      2646-7.38413E-01 4.74678E+01-1.44278E-02
 -1      2647-7.06662E-01 4.74744E+01 3.60504E-02
 -1      2648-6.73719E-01 4.74813E+01 1.44278E-02
 -1      2653-4.83328E-01 4.24717E+01 1.96566E+00
 -1      2654-5.20442E-01 4.24818E+01 1.97665E+00
 -1      2655-5.04540E-01 4.24774E+01 2.03434E+00
 -1      2656-4.67426E-01 4.24673E+01 2.02335E+00
 -1      2661 1.59904E-01 4.49616E+01 1.96541E+00
 -1      2662 1.22764E-01 4.49705E+01 1.97730E+00
 -1      2663 1.40096E-01 4.49664E+01 2.03459E+00
 -1      2664 1.77236E-01 4.49575E+01 2.02270E+00
 -1      2669 7.15261E-01 4.74726E+01 1.96519E+00
 -1      2670 6.78146E-01 4.74804E+01 1.97794E+00
 -1      2671 6.96871E-01 4.74765E+01 2.03481E+00
 -1      2672 7.33986E-01 4.74687E+01 2.02206E+00
 -1      2677 4.93632E-01 4.24745E+01 1.96395E+00
 -1      2678 4.61704E-01 4.24658E+01 1.98642E+00
 -1      2679 4.94236E-01 4.24746E+01 2.03605E+00
 -1      2680 5.26164E-01 4.24833E+01 2.01358E+00
 -1      2685-1.49866E-01 4.49640E+01 1.96394E+00
 -1      2686-1.82311E-01 4.49562E+01 1.98601E+00
 -1      2687-1.50134E-01 4.49640E+01 2.03606E+00
 -1      2688-1.17689E-01 4.49718E+01 2.01399E+00
 -1      2693-7.05470E-01 4.74747E+01 1.96395E+00
 -1      2694-7.38413E-01 4.74678E+01 1.98557E+00
 -1      2695-7.06662E-01 4.74744E+01 2.03605E+00
 -1      2696-6.73719E-01 4.74813E+01 2.01443E+00
 -3
    3C                           248                                     1
 -1         1    1    0    1
 -2       189      1389      1390       190       192      1392      1391       191
 -1         2    1    0    1
 -2      1389       389       390      1390      1392       392       391      1391
 -1         3    1    0    1
 -2       239      1397      1398       240       242      1400      1399       241
 -1         4    1    0    1
 -2      1397       439       440      1398      1400       442       441      1399
 -1         5    1    0    1
 -2       289      1405      1406       290       292      1408      1407       291
 -1         6    1    0    1
 -2      1405       489       490      1406      1408       492       491      1407
 -1         7    1    0    1
 -2       339      1413      1414       340       342      1416      1415       341
 -1         8    1    0    1
 -2      1413       539       540      1414      1416       542       541      1415
 -1         9    1    0    1
 -2       389      1421      1422       390       392      1424      1423       391
 -1        10    1    0    1
 -2      1421       589       590      1422      1424       592       591      1423
 -1        11    1    0    1
 -2       439      1429      1430       440       442      1432      1431       441
 -1        12    1    0    1
 -2      1429       639       640      1430      1432       642       641      1431
 -1        13    1    0    1
 -2       489      1437      1438       490       492      1440      1439       491
 -1        14    1    0    1
 -2      1437       689       690      1438      1440       692       691      1439
 -1        15    1    0    1
 -2       539      1445      1446       540       542      1448      1447       541
 -1        16    1    0    1
 -2      1445       739       740      1446      1448       742       741      1447
 -1        17    1    0    1
 -2       589      1453      1454       590       592      1456      1455       591
 -1        18    1    0    1
 -2      1453       789       790      1454      1456       792       791      1455
 -1        19    1    0    1
 -2       639      1461      1462       640       642      1464      1463       641
 -1        20    1    0    1
 -2      1461       839       840      1462      1464       842       841      1463
 -1        21    1    0    1
 -2       689      1469      1470       690       692      1472      1471       691
 -1        22    1    0    1
 -2      1469       889       890      1470      1472       892       891      1471
 -1        23    1    0    1
 -2       739      1477      1478       740       742      1480      1479       741
 -1        24    1    0    1
 -2      1477       939       940      1478      1480       942       941      1479
 -1        25    1    0    1
 -2       789      1485      1486       790       792      1488      1487       791
 -1        26    1    0    1
 -2      1485       989       990      1486      1488       992       991      1487
 -1        27    1    0    1
 -2       839      1493      1494       840       842      1496      1495       841
 -1        28    1    0    1
 -2      1493      1039      1040      1494      1496      1042      1041      1495
 -1        29    1    0    1
 -2       889      1501      1502       890       892      1504      1503       891
 -1        30    1    0    1
 -2      1501      1089      1090      1502      1504      1092      1091      1503
 -1        31    1    0    1
 -2       939      1509      1510       940       942      1512      1511       941
 -1        32    1    0    1
 -2      1509      1139      1140      1510      1512      1142      1141      1511
 -1        33    1    0    1
 -2       989      1517      1518       990       992      1520      1519       991
 -1        34    1    0    1
 -2      1517      1189      1190      1518      1520      1192      1191      1519
 -1        35    1    0    1
 -2      1039      1525      1526      1040      1042      1528      1527      1041
 -1        36    1    0    1
 -2      1525      1239      1240      1526      1528      1242      1241      1527
 -1        37    1    0    1
 -2      1089      1533      1534      1090      1092      1536      1535      1091
 -1        38    1    0    1
 -2      1533      1289      1290      1534      1536      1292      1291      1535
 -1        39    1    0    1
 -2      1139      1541      1542      1140      1142      1544      1543      1141
 -1        40    1    0    1
 -2      1541      1339      1340      1542      1544      1342      1341      1543
 -1        41    1    0    1
 -2       197      1549      1550       198       200      1552      1551       199
 -1        42    1    0    1
 -2      1549       247       248      1550      1552       250       249      1551
 -1        43    1    0    1
 -2       297      1557      1558       298       300      1560      1559       299
 -1        44    1    0    1
 -2      1557       347       348      1558      1560       350       349      1559
 -1        45    1    0    1
 -2       205      1565      1566       206       208      1568      1567       207
 -1        46    1    0    1
 -2      1565       305       306      1566      1568       308       307      1567
 -1        47    1    0    1
 -2       255      1573      1574       256       258      1576      1575       257
 -1        48    1    0    1
 -2      1573       355       356      1574      1576       358       357      1575
 -1        49    1    0    1
 -2       397      1581      1582       398       400      1584      1583       399
 -1        50    1    0    1
 -2      1581       447       448      1582      1584       450       449      1583
 -1        51    1    0    1
 -2       497      1589      1590       498       500      1592      1591       499
 -1        52    1    0    1
 -2      1589       547       548      1590      1592       550       549      1591
 -1        53    1    0    1
 -2       405      1597      1598       406       408      1600      1599       407
 -1        54    1    0    1
 -2      1597       505       506      1598      1600       508       507      1599
 -1        55    1    0    1
 -2       455      1605      1606       456       458      1608      1607       457
 -1        56    1    0    1
 -2      1605       555       556      1606      1608       558       557      1607
 -1        57    1    0    1
 -2       597      1613      1614       598       600      1616      1615       599
 -1        58    1    0    1
 -2      1613       647       648      1614      1616       650       649      1615
 -1        59    1    0    1
 -2       697      1621      1622       698       700      1624      1623       699
 -1        60    1    0    1
 -2      1621       747       748      1622      1624       750       749      1623
 -1        61    1    0    1
 -2       605      1629      1630       606       608      1632      1631       607
 -1        62    1    0    1
 -2      1629       705       706      1630      1632       708       707      1631
 -1        63    1    0    1
 -2       655      1637      1638       656       658      1640      1639       657
 -1        64    1    0    1
 -2      1637       755       756      1638      1640       758       757      1639
 -1        65    1    0    1
 -2       797      1645      1646       798       800      1648      1647       799
 -1        66    1    0    1
 -2      1645       847       848      1646      1648       850       849      1647
 -1        67    1    0    1
 -2       897      1653      1654       898       900      1656      1655       899
 -1        68    1    0    1
 -2      1653       947       948      1654      1656       950       949      1655
 -1        69    1    0    1
 -2       805      1661      1662       806       808      1664      1663       807
 -1        70    1    0    1
 -2      1661       905       906      1662      1664       908       907      1663
 -1        71    1    0    1
 -2       855      1669      1670       856       858      1672      1671       857
 -1        72    1    0    1
 -2      1669       955       956      1670      1672       958       957      1671
 -1        73    1    0    1
 -2       997      1677      1678       998      1000      1680      1679       999
 -1        74    1    0    1
 -2      1677      1047      1048      1678      1680      1050      1049      1679
 -1        75    1    0    1
 -2      1097      1685      1686      1098      1100      1688      1687      1099
 -1        76    1    0    1
 -2      1685      1147      1148      1686      1688      1150      1149      1687
 -1        77    1    0    1
 -2      1005      1693      1694      1006      1008      1696      1695      1007
 -1        78    1    0    1
 -2      1693      1105      1106      1694      1696      1108      1107      1695
 -1        79    1    0    1
 -2      1055      1701      1702      1056      1058      1704      1703      1057
 -1        80    1    0    1
 -2      1701      1155      1156      1702      1704      1158      1157      1703
 -1        81    1    0    1
 -2      1197      1709      1710      1198      1200      1712      1711      1199
 -1        82    1    0    1
 -2      1709      1247      1248      1710      1712      1250      1249      1711
 -1        83    1    0    1
 -2      1297      1717      1718      1298      1300      1720      1719      1299
 -1        84    1    0    1
 -2      1717      1347      1348      1718      1720      1350      1349      1719
 -1        85    1    0    1
 -2      1205      1725      1726      1206      1208      1728      1727      1207
 -1        86    1    0    1
 -2      1725      1305      1306      1726      1728      1308      1307      1727
 -1        87    1    0    1
 -2      1255      1733      1734      1256      1258      1736      1735      1257
 -1        88    1    0    1
 -2      1733      1355      1356      1734      1736      1358      1357      1735
 -1        89    1    0    1
 -2       189      1741      1742       190       192      1744      1743       191
 -1        90    1    0    1
 -2      1741      1749      1750      1742      1744      1752      1751      1743
 -1        91    1    0    1
 -2      1749      1757      1758      1750      1752      1760      1759      1751
 -1        92    1    0    1
 -2      1757       489       490      1758      1760       492       491      1759
 -1        93    1    0    1
 -2       289      1765      1766       290       292      1768      1767       291
 -1        94    1    0    1
 -2      1765      1773      1774      1766      1768      1776      1775      1767
 -1        95    1    0    1
 -2      1773      1781      1782      1774      1776      1784      1783      1775
 -1        96    1    0    1
 -2      1781       389       390      1782      1784       392       391      1783
 -1        97    1    0    1
 -2       239      1789      1790       240       242      1792      1791       241
 -1        98    1    0    1
 -2      1789      1797      1798      1790      1792      1800      1799      1791
 -1        99    1    0    1
 -2      1797      1805      1806      1798      1800      1808      1807      1799
 -1       100    1    0    1
 -2      1805       539       540      1806      1808       542       541      1807
 -1       101    1    0    1
 -2       339      1813      1814       340       342      1816      1815       341
 -1       102    1    0    1
 -2      1813      1821      1822      1814      1816      1824      1823      1815
 -1       103    1    0    1
 -2      1821      1829      1830      1822      1824      1832      1831      1823
 -1       104    1    0    1
 -2      1829       439       440      1830      1832       442       441      1831
 -1       105    1    0    1
 -2       189      1837      1838       190       192      1840      1839       191
 -1       106    1    0    1
 -2      1837      1845      1846      1838      1840      1848      1847      1839
 -1       107    1    0    1
 -2      1845      1853      1854      1846      1848      1856      1855      1847
 -1       108    1    0    1
 -2      1853       439       440      1854      1856       442       441      1855
 -1       109    1    0    1
 -2       239      1861      1862       240       242      1864      1863       241
 -1       110    1    0    1
 -2      1861      1869      1870      1862      1864      1872      1871      1863
 -1       111    1    0    1
 -2      1869      1877      1878      1870      1872      1880      1879      1871
 -1       112    1    0    1
 -2      1877       389       390      1878      1880       392       391      1879
 -1       113    1    0    1
 -2       289      1885      1886       290       292      1888      1887       291
 -1       114    1    0    1
 -2      1885      1893      1894      1886      1888      1896      1895      1887
 -1       115    1    0    1
 -2      1893      1901      1902      1894      1896      1904      1903      1895
 -1       116    1    0    1
 -2      1901       539       540      1902      1904       542       541      1903
 -1       117    1    0    1
 -2       339      1909      1910       340       342      1912      1911       341
 -1       118    1    0    1
 -2      1909      1917      1918      1910      1912      1920      1919      1911
 -1       119    1    0    1
 -2      1917      1925      1926      1918      1920      1928      1927      1919
 -1       120    1    0    1
 -2      1925       489       490      1926      1928       492       491      1927
 -1       121    1    0    1
 -2       389      1933      1934       390       392      1936      1935       391
 -1       122    1    0    1
 -2      1933      1941      1942      1934      1936      1944      1943      1935
 -1       123    1    0    1
 -2      1941      1949      1950      1942      1944      1952      1951      1943
 -1       124    1    0    1
 -2      1949       689       690      1950      1952       692       691      1951
 -1       125    1    0    1
 -2       489      1957      1958       490       492      1960      1959       491
 -1       126    1    0    1
 -2      1957      1965      1966      1958      1960      1968      1967      1959
 -1       127    1    0    1
 -2      1965      1973      1974      1966      1968      1976      1975      1967
 -1       128    1    0    1
 -2      1973       589       590      1974      1976       592       591      1975
 -1       129    1    0    1
 -2       439      1981      1982       440       442      1984      1983       441
 -1       130    1    0    1
 -2      1981      1989      1990      1982      1984      1992      1991      1983
 -1       131    1    0    1
 -2      1989      1997      1998      1990      1992      2000      1999      1991
 -1       132    1    0    1
 -2      1997       739       740      1998      2000       742       741      1999
 -1       133    1    0    1
 -2       539      2005      2006       540       542      2008      2007       541
 -1       134    1    0    1
 -2      2005      2013      2014      2006      2008      2016      2015      2007
 -1       135    1    0    1
 -2      2013      2021      2022      2014      2016      2024      2023      2015
 -1       136    1    0    1
 -2      2021       639       640      2022      2024       642       641      2023
 -1       137    1    0    1
 -2       389      2029      2030       390       392      2032      2031       391
 -1       138    1    0    1
 -2      2029      2037      2038      2030      2032      2040      2039      2031
 -1       139    1    0    1
 -2      2037      2045      2046      2038      2040      2048      2047      2039
 -1       140    1    0    1
 -2      2045       639       640      2046      2048       642       641      2047
 -1       141    1    0    1
 -2       439      2053      2054       440       442      2056      2055       441
 -1       142    1    0    1
 -2      2053      2061      2062      2054      2056      2064      2063      2055
 -1       143    1    0    1
 -2      2061      2069      2070      2062      2064      2072      2071      2063
 -1       144    1    0    1
 -2      2069       589       590      2070      2072       592       591      2071
 -1       145    1    0    1
 -2       489      2077      2078       490       492      2080      2079       491
 -1       146    1    0    1
 -2      2077      2085      2086      2078      2080      2088      2087      2079
 -1       147    1    0    1
 -2      2085      2093      2094      2086      2088      2096      2095      2087
 -1       148    1    0    1
 -2      2093       739       740      2094      2096       742       741      2095
 -1       149    1    0    1
 -2       539      2101      2102       540       542      2104      2103       541
 -1       150    1    0    1
 -2      2101      2109      2110      2102      2104      2112      2111      2103
 -1       151    1    0    1
 -2      2109      2117      2118      2110      2112      2120      2119      2111
 -1       152    1    0    1
 -2      2117       689       690      2118      2120       692       691      2119
 -1       153    1    0    1
 -2       589      2125      2126       590       592      2128      2127       591
 -1       154    1    0    1
 -2      2125      2133      2134      2126      2128      2136      2135      2127
 -1       155    1    0    1
 -2      2133      2141      2142      2134      2136      2144      2143      2135
 -1       156    1    0    1
 -2      2141       889       890      2142      2144       892       891      2143
 -1       157    1    0    1
 -2       689      2149      2150       690       692      2152      2151       691
 -1       158    1    0    1
 -2      2149      2157      2158      2150      2152      2160      2159      2151
 -1       159    1    0    1
 -2      2157      2165      2166      2158      2160      2168      2167      2159
 -1       160    1    0    1
 -2      2165       789       790      2166      2168       792       791      2167
 -1       161    1    0    1
 -2       639      2173      2174       640       642      2176      2175       641
 -1       162    1    0    1
 -2      2173      2181      2182      2174      2176      2184      2183      2175
 -1       163    1    0    1
 -2      2181      2189      2190      2182      2184      2192      2191      2183
 -1       164    1    0    1
 -2      2189       939       940      2190      2192       942       941      2191
 -1       165    1    0    1
 -2       739      2197      2198       740       742      2200      2199       741
 -1       166    1    0    1
 -2      2197      2205      2206      2198      2200      2208      2207      2199
 -1       167    1    0    1
 -2      2205      2213      2214      2206      2208      2216      2215      2207
 -1       168    1    0    1
 -2      2213       839       840      2214      2216       842       841      2215
 -1       169    1    0    1
 -2       589      2221      2222       590       592      2224      2223       591
 -1       170    1    0    1
 -2      2221      2229      2230      2222      2224      2232      2231      2223
 -1       171    1    0    1
 -2      2229      2237      2238      2230      2232      2240      2239      2231
 -1       172    1    0    1
 -2      2237       839       840      2238      2240       842       841      2239
 -1       173    1    0    1
 -2       639      2245      2246       640       642      2248      2247       641
 -1       174    1    0    1
 -2      2245      2253      2254      2246      2248      2256      2255      2247
 -1       175    1    0    1
 -2      2253      2261      2262      2254      2256      2264      2263      2255
 -1       176    1    0    1
 -2      2261       789       790      2262      2264       792       791      2263
 -1       177    1    0    1
 -2       689      2269      2270       690       692      2272      2271       691
 -1       178    1    0    1
 -2      2269      2277      2278      2270      2272      2280      2279      2271
 -1       179    1    0    1
 -2      2277      2285      2286      2278      2280      2288      2287      2279
 -1       180    1    0    1
 -2      2285       939       940      2286      2288       942       941      2287
 -1       181    1    0    1
 -2       739      2293      2294       740       742      2296      2295       741
 -1       182    1    0    1
 -2      2293      2301      2302      2294      2296      2304      2303      2295
 -1       183    1    0    1
 -2      2301      2309      2310      2302      2304      2312      2311      2303
 -1       184    1    0    1
 -2      2309       889       890      2310      2312       892       891      2311
 -1       185    1    0    1
 -2       789      2317      2318       790       792      2320      2319       791
 -1       186    1    0    1
 -2      2317      2325      2326      2318      2320      2328      2327      2319
 -1       187    1    0    1
 -2      2325      2333      2334      2326      2328      2336      2335      2327
 -1       188    1    0    1
 -2      2333      1089      1090      2334      2336      1092      1091      2335
 -1       189    1    0    1
 -2       889      2341      2342       890       892      2344      2343       891
 -1       190    1    0    1
 -2      2341      2349      2350      2342      2344      2352      2351      2343
 -1       191    1    0    1
 -2      2349      2357      2358      2350      2352      2360      2359      2351
 -1       192    1    0    1
 -2      2357       989       990      2358      2360       992       991      2359
 -1       193    1    0    1
 -2       839      2365      2366       840       842      2368      2367       841
 -1       194    1    0    1
 -2      2365      2373      2374      2366      2368      2376      2375      2367
 -1       195    1    0    1
 -2      2373      2381      2382      2374      2376      2384      2383      2375
 -1       196    1    0    1
 -2      2381      1139      1140      2382      2384      1142      1141      2383
 -1       197    1    0    1
 -2       939      2389      2390       940       942      2392      2391       941
 -1       198    1    0    1
 -2      2389      2397      2398      2390      2392      2400      2399      2391
 -1       199    1    0    1
 -2      2397      2405      2406      2398      2400      2408      2407      2399
 -1       200    1    0    1
 -2      2405      1039      1040      2406      2408      1042      1041      2407
 -1       201    1    0    1
 -2       789      2413      2414       790       792      2416      2415       791
 -1       202    1    0    1
 -2      2413      2421      2422      2414      2416      2424      2423      2415
 -1       203    1    0    1
 -2      2421      2429      2430      2422      2424      2432      2431      2423
 -1       204    1    0    1
 -2      2429      1039      1040      2430      2432      1042      1041      2431
 -1       205    1    0    1
 -2       839      2437      2438       840       842      2440      2439       841
 -1       206    1    0    1
 -2      2437      2445      2446      2438      2440      2448      2447      2439
 -1       207    1    0    1
 -2      2445      2453      2454      2446      2448      2456      2455      2447
 -1       208    1    0    1
 -2      2453       989       990      2454      2456       992       991      2455
 -1       209    1    0    1
 -2       889      2461      2462       890       892      2464      2463       891
 -1       210    1    0    1
 -2      2461      2469      2470      2462      2464      2472      2471      2463
 -1       211    1    0    1
 -2      2469      2477      2478      2470      2472      2480      2479      2471
 -1       212    1    0    1
 -2      2477      1139      1140      2478      2480      1142      1141      2479
 -1       213    1    0    1
 -2       939      2485      2486       940       942      2488      2487       941
 -1       214    1    0    1
 -2      2485      2493      2494      2486      2488      2496      2495      2487
 -1       215    1    0    1
 -2      2493      2501      2502      2494      2496      2504      2503      2495
 -1       216    1    0    1
 -2      2501      1089      1090      2502      2504      1092      1091      2503
 -1       217    1    0    1
 -2       989      2509      2510       990       992      2512      2511       991
 -1       218    1    0    1
 -2      2509      2517      2518      2510      2512      2520      2519      2511
 -1       219    1    0    1
 -2      2517      2525      2526      2518      2520      2528      2527      2519
 -1       220    1    0    1
 -2      2525      1289      1290      2526      2528      1292      1291      2527
 -1       221    1    0    1
 -2      1089      2533      2534      1090      1092      2536      2535      1091
 -1       222    1    0    1
 -2      2533      2541      2542      2534      2536      2544      2543      2535
 -1       223    1    0    1
 -2      2541      2549      2550      2542      2544      2552      2551      2543
 -1       224    1    0    1
 -2      2549      1189      1190      2550      2552      1192      1191      2551
 -1       225    1    0    1
 -2      1039      2557      2558      1040      1042      2560      2559      1041
 -1       226    1    0    1
 -2      2557      2565      2566      2558      2560      2568      2567      2559
 -1       227    1    0    1
 -2      2565      2573      2574      2566      2568      2576      2575      2567
 -1       228    1    0    1
 -2      2573      1339      1340      2574      2576      1342      1341      2575
 -1       229    1    0    1
 -2      1139      2581      2582      1140      1142      2584      2583      1141
 -1       230    1    0    1
 -2      2581      2589      2590      2582      2584      2592      2591      2583
 -1       231    1    0    1
 -2      2589      2597      2598      2590      2592      2600      2599      2591
 -1       232    1    0    1
 -2      2597      1239      1240      2598      2600      1242      1241      2599
 -1       233    1    0    1
 -2       989      2605      2606       990       992      2608      2607       991
 -1       234    1    0    1
 -2      2605      2613      2614      2606      2608      2616      2615      2607
 -1       235    1    0    1
 -2      2613      2621      2622      2614      2616      2624      2623      2615
 -1       236    1    0    1
 -2      2621      1239      1240      2622      2624      1242      1241      2623
 -1       237    1    0    1
 -2      1039      2629      2630      1040      1042      2632      2631      1041
 -1       238    1    0    1
 -2      2629      2637      2638      2630      2632      2640      2639      2631
 -1       239    1    0    1
 -2      2637      2645      2646      2638      2640      2648      2647      2639
 -1       240    1    0    1
 -2      2645      1189      1190      2646      2648      1192      1191      2647
 -1       241    1    0    1
 -2      1089      2653      2654      1090      1092      2656      2655      1091
 -1       242    1    0    1
 -2      2653      2661      2662      2654      2656      2664      2663      2655
 -1       243    1    0    1
 -2      2661      2669      2670      2662      2664      2672      2671      2663
 -1       244    1    0    1
 -2      2669      1339      1340      2670      2672      1342      1341      2671
 -1       245    1    0    1
 -2      1139      2677      2678      1140      1142      2680      2679      1141
 -1       246    1    0    1
 -2      2677      2685      2686      2678      2680      2688      2687      2679
 -1       247    1    0    1
 -2      2685      2693      2694      2686      2688      2696      2695      2687
 -1       248    1    0    1
 -2      2693      1289      1290      2694      2696      1292      1291      2695
 -3
    1PSTEP                         1           1           1          
  100CL  101 1.000000000           0                     0    1           1
 -4  DISP        4    1
 -5  D1          1    2    1    0
 -5  D2          1    2    2    0
 -5  D3          1    2    3    0
 -5  ALL         1    2    0    0    1ALL
 -3
 9999
