SUMMARY OF C0NVERGENCE INFORMATION
  STEP   INC  ATT   ITER     CONT.   RESID.        CORR.      RESID.      CORR.
                              EL.    FORCE         DISP       FLUX        TEMP.
                              (#)     (%)           (%)        (%)         (%)
     1     1     1     1        0  0.1680E+03  0.1000E+03  0.0000E+00  0.0000E+00
     1     1     1     2        0  0.4714E-04  0.2452E-01  0.0000E+00  0.0000E+00
     1     2     1     1        0  0.1257E-03  0.4904E-01  0.0000E+00  0.0000E+00
     1     2     1     2        0  0.0000E+00  0.3437E-05  0.0000E+00  0.0000E+00
     1     3     1     1        0  0.3060E-03  0.6129E-01  0.0000E+00  0.0000E+00
     1     3     1     2        0  0.0000E+00  0.8179E-05  0.0000E+00  0.0000E+00
     1     4     1     1        0  0.7700E-03  0.8580E-01  0.0000E+00  0.0000E+00
     1     4     1     2        0  0.0000E+00  0.2179E-04  0.0000E+00  0.0000E+00
     1     5     1     1        0  0.7736E-03  0.9805E-01  0.0000E+00  0.0000E+00
     1     5     1     2        0  0.0000E+00  0.2924E-04  0.0000E+00  0.0000E+00
     1     6     1     1        0  0.6241E-03  0.9804E-01  0.0000E+00  0.0000E+00
     1     6     1     2        0  0.0000E+00  0.3014E-04  0.0000E+00  0.0000E+00
     1     7     1     1        0  0.5214E-03  0.9803E-01  0.0000E+00  0.0000E+00
     1     7     1     2        0  0.0000E+00  0.3104E-04  0.0000E+00  0.0000E+00
     1     8     1     1        0  0.4468E-03  0.9801E-01  0.0000E+00  0.0000E+00
     1     8     1     2        0  0.0000E+00  0.3193E-04  0.0000E+00  0.0000E+00
     1     9     1     1        0  0.3905E-03  0.9800E-01  0.0000E+00  0.0000E+00
     1     9     1     2        0  0.0000E+00  0.3283E-04  0.0000E+00  0.0000E+00
     1    10     1     1        0  0.1847E+02  0.1843E+01  0.0000E+00  0.0000E+00
     1    10     1     2        0  0.6768E-02  0.5529E-01  0.0000E+00  0.0000E+00
     1    11     1     1        0  0.5468E+02  0.1018E+02  0.0000E+00  0.0000E+00
     1    11     1     2        0  0.8443E+00  0.4659E+00  0.0000E+00  0.0000E+00
     1    11     1     3        0  0.2867E-03  0.3414E-02  0.0000E+00  0.0000E+00
     1    12     1     1        0  0.9500E+00  0.1124E+02  0.0000E+00  0.0000E+00
     1    12     1     2        0  0.1528E-03  0.1140E-01  0.0000E+00  0.0000E+00
     2     1     1     1        0  0.2097E+02  0.1000E+03  0.0000E+00  0.0000E+00
     2     1     1     2        0  0.1278E-04  0.3673E-01  0.0000E+00  0.0000E+00
     2     2     1     1        0  0.5327E-04  0.7348E-01  0.0000E+00  0.0000E+00
     2     2     1     2        0  0.0000E+00  0.1517E-04  0.0000E+00  0.0000E+00
     2     3     1     1        0  0.1984E-03  0.9186E-01  0.0000E+00  0.0000E+00
     2     3     1     2        0  0.0000E+00  0.3477E-04  0.0000E+00  0.0000E+00
     2     4     1     1        0  0.7463E-03  0.1286E+00  0.0000E+00  0.0000E+00
     2     4     1     2        0  0.0000E+00  0.8843E-04  0.0000E+00  0.0000E+00
     2     5     1     1        0  0.1067E-02  0.1470E+00  0.0000E+00  0.0000E+00
     2     5     1     2        0  0.0000E+00  0.1114E-03  0.0000E+00  0.0000E+00
     2     6     1     1        0  0.1182E-02  0.1471E+00  0.0000E+00  0.0000E+00
     2     6     1     2        0  0.0000E+00  0.1069E-03  0.0000E+00  0.0000E+00
     2     7     1     1        0  0.1329E-02  0.1471E+00  0.0000E+00  0.0000E+00
     2     7     1     2        0  0.0000E+00  0.1024E-03  0.0000E+00  0.0000E+00
     2     8     1     1        0  0.1508E-02  0.1471E+00  0.0000E+00  0.0000E+00
     2     8     1     2        0  0.0000E+00  0.9784E-04  0.0000E+00  0.0000E+00
     2     9     1     1        0  0.1632E-02  0.1471E+00  0.0000E+00  0.0000E+00
     2     9     1     2        0  0.0000E+00  0.9329E-04  0.0000E+00  0.0000E+00
     2    10     1     1        0  0.1690E-02  0.1471E+00  0.0000E+00  0.0000E+00
     2    10     1     2        0  0.0000E+00  0.8874E-04  0.0000E+00  0.0000E+00
     2    11     1     1        0  0.1688E-02  0.1471E+00  0.0000E+00  0.0000E+00
     2    11     1     2        0  0.0000E+00  0.8417E-04  0.0000E+00  0.0000E+00
     2    12     1     1        0  0.4091E-04  0.9197E-01  0.0000E+00  0.0000E+00
     2    12     1     2        0  0.0000E+00  0.7835E-05  0.0000E+00  0.0000E+00
