    1C
    1UNormalized cross-passage space-truss torsion benchmark            
    1UUSER                                                              
    1UDATE              06.august.2026                                  
    1UTIME              08:14:17                                        
    1UHOST                                                              
    1UPGM               CalculiX                                        
    1UVERSION           Version 2.21                             
    1UCOMPILETIME       Sat Jul 29 10:52:01 CEST 2023                    
    1UDIR                                                               
    1UDBN                                                               
    1UMAT    1STEEL                                                     
    2C                           656                                     1
 -1       117-1.19401E+00 1.47267E-03-3.55231E-02
 -1       118-1.23038E+00 3.77713E-03-1.90457E-02
 -1       119-1.20599E+00-1.47267E-03 3.55231E-02
 -1       120-1.16962E+00-3.77713E-03 1.90457E-02
 -1       125-1.20145E+00-3.41225E-02-1.15569E-02
 -1       126-1.20010E+00-2.46574E-03-3.59709E-02
 -1       127-1.19855E+00 3.41225E-02 1.15569E-02
 -1       128-1.19990E+00 2.46574E-03 3.59709E-02
 -1       133-1.23365E+00-1.29325E-02 5.48678E-04
 -1       134-1.20099E+00-3.60094E-02 1.52775E-03
 -1       135-1.16635E+00 1.29325E-02-5.48678E-04
 -1       136-1.19901E+00 3.60094E-02-1.52775E-03
 -1       167 1.20193E+00 2.20034E-03-3.59368E-02
 -1       168 1.16764E+00-1.98767E-03-1.57688E-02
 -1       169 1.19807E+00-2.20034E-03 3.59368E-02
 -1       170 1.23236E+00 1.98767E-03 1.57688E-02
 -1       175 1.20143E+00-3.37965E-02-1.24797E-02
 -1       176 1.20006E+00-1.48932E-03-3.60247E-02
 -1       177 1.19857E+00 3.37965E-02 1.24797E-02
 -1       178 1.19994E+00 1.48932E-03 3.60247E-02
 -1       183 1.16707E+00-1.46725E-02-6.22501E-04
 -1       184 1.20089E+00-3.60121E-02-1.52786E-03
 -1       185 1.23293E+00 1.46725E-02 6.22501E-04
 -1       186 1.19911E+00 3.60121E-02 1.52786E-03
 -1       217-1.19309E+00-2.60726E-03 1.96471E+00
 -1       218-1.22987E+00 1.51998E-03 1.97987E+00
 -1       219-1.20691E+00 2.60726E-03 2.03529E+00
 -1       220-1.17013E+00-1.51998E-03 2.02013E+00
 -1       225-1.19857E+00-3.37965E-02 1.98752E+00
 -1       226-1.19994E+00-1.48932E-03 1.96398E+00
 -1       227-1.20143E+00 3.37965E-02 2.01248E+00
 -1       228-1.20006E+00 1.48932E-03 2.03602E+00
 -1       233-1.23293E+00-1.46725E-02 1.99938E+00
 -1       234-1.19911E+00-3.60121E-02 1.99847E+00
 -1       235-1.16707E+00 1.46725E-02 2.00062E+00
 -1       236-1.20089E+00 3.60121E-02 2.00153E+00
 -1       267 1.20342E+00-1.71996E-03 1.96415E+00
 -1       268 1.16832E+00-3.76571E-03 1.98321E+00
 -1       269 1.19658E+00 1.71996E-03 2.03585E+00
 -1       270 1.23168E+00 3.76571E-03 2.01679E+00
 -1       275 1.19855E+00-3.41225E-02 1.98844E+00
 -1       276 1.19990E+00-2.46574E-03 1.96403E+00
 -1       277 1.20145E+00 3.41225E-02 2.01156E+00
 -1       278 1.20010E+00 2.46574E-03 2.03597E+00
 -1       283 1.16635E+00-1.29325E-02 2.00055E+00
 -1       284 1.19901E+00-3.60094E-02 2.00153E+00
 -1       285 1.23365E+00 1.29325E-02 1.99945E+00
 -1       286 1.20099E+00 3.60094E-02 1.99847E+00
 -1       317-1.19518E+00 9.99960E+00-3.57293E-02
 -1       318-1.23113E+00 1.00001E+01-1.81967E-02
 -1       319-1.20482E+00 1.00004E+01 3.57293E-02
 -1       320-1.16887E+00 9.99987E+00 1.81967E-02
 -1       325-1.20000E+00 9.96600E+00-1.20000E-02
 -1       326-1.20000E+00 9.99800E+00-3.60000E-02
 -1       327-1.20000E+00 1.00340E+01 1.20000E-02
 -1       328-1.20000E+00 1.00020E+01 3.60000E-02
 -1       333-1.23328E+00 9.98613E+00 0.00000E+00
 -1       334-1.20000E+00 9.96394E+00 0.00000E+00
 -1       335-1.16672E+00 1.00139E+01 0.00000E+00
 -1       336-1.20000E+00 1.00361E+01 0.00000E+00
 -1       367 1.20441E+00 9.99969E+00-3.57840E-02
 -1       368 1.16866E+00 9.99951E+00-1.78263E-02
 -1       369 1.19559E+00 1.00003E+01 3.57840E-02
 -1       370 1.23134E+00 1.00005E+01 1.78263E-02
 -1       375 1.20000E+00 9.96600E+00-1.20000E-02
 -1       376 1.20000E+00 9.99800E+00-3.60000E-02
 -1       377 1.20000E+00 1.00340E+01 1.20000E-02
 -1       378 1.20000E+00 1.00020E+01 3.60000E-02
 -1       383 1.16672E+00 9.98613E+00 0.00000E+00
 -1       384 1.20000E+00 9.96394E+00 0.00000E+00
 -1       385 1.23328E+00 1.00139E+01 0.00000E+00
 -1       386 1.20000E+00 1.00361E+01 0.00000E+00
 -1       417-1.19540E+00 1.00003E+01 1.96424E+00
 -1       418-1.23124E+00 1.00005E+01 1.98201E+00
 -1       419-1.20460E+00 9.99969E+00 2.03576E+00
 -1       420-1.16876E+00 9.99951E+00 2.01799E+00
 -1       425-1.20000E+00 9.96600E+00 1.98800E+00
 -1       426-1.20000E+00 9.99800E+00 1.96400E+00
 -1       427-1.20000E+00 1.00340E+01 2.01200E+00
 -1       428-1.20000E+00 1.00020E+01 2.03600E+00
 -1       433-1.23328E+00 9.98613E+00 2.00000E+00
 -1       434-1.20000E+00 9.96394E+00 2.00000E+00
 -1       435-1.16672E+00 1.00139E+01 2.00000E+00
 -1       436-1.20000E+00 1.00361E+01 2.00000E+00
 -1       467 1.20417E+00 1.00004E+01 1.96419E+00
 -1       468 1.16855E+00 9.99986E+00 1.98238E+00
 -1       469 1.19583E+00 9.99960E+00 2.03581E+00
 -1       470 1.23145E+00 1.00001E+01 2.01762E+00
 -1       475 1.20000E+00 9.96600E+00 1.98800E+00
 -1       476 1.20000E+00 9.99800E+00 1.96400E+00
 -1       477 1.20000E+00 1.00340E+01 2.01200E+00
 -1       478 1.20000E+00 1.00020E+01 2.03600E+00
 -1       483 1.16672E+00 9.98613E+00 2.00000E+00
 -1       484 1.20000E+00 9.96394E+00 2.00000E+00
 -1       485 1.23328E+00 1.00139E+01 2.00000E+00
 -1       486 1.20000E+00 1.00361E+01 2.00000E+00
 -1       517-1.19531E+00 1.99996E+01-3.57475E-02
 -1       518-1.23120E+00 2.00000E+01-1.80774E-02
 -1       519-1.20469E+00 2.00004E+01 3.57475E-02
 -1       520-1.16880E+00 2.00000E+01 1.80774E-02
 -1       525-1.20102E+00 1.99659E+01-1.16828E-02
 -1       526-1.20007E+00 1.99977E+01-3.59798E-02
 -1       527-1.19898E+00 2.00341E+01 1.16828E-02
 -1       528-1.19993E+00 2.00023E+01 3.59798E-02
 -1       533-1.23354E+00 1.99868E+01 3.96605E-04
 -1       534-1.20069E+00 1.99640E+01 1.08098E-03
 -1       535-1.16646E+00 2.00132E+01-3.96605E-04
 -1       536-1.19931E+00 2.00360E+01-1.08098E-03
 -1       567 1.20437E+00 2.00000E+01-3.57898E-02
 -1       568 1.16864E+00 1.99998E+01-1.77986E-02
 -1       569 1.19563E+00 2.00000E+01 3.57898E-02
 -1       570 1.23136E+00 2.00002E+01 1.77986E-02
 -1       575 1.20102E+00 1.99661E+01-1.23355E-02
 -1       576 1.20005E+00 1.99984E+01-3.60180E-02
 -1       577 1.19898E+00 2.00339E+01 1.23355E-02
 -1       578 1.19995E+00 2.00016E+01 3.60180E-02
 -1       583 1.16697E+00 1.99855E+01-4.33494E-04
 -1       584 1.20064E+00 1.99640E+01-1.08101E-03
 -1       585 1.23303E+00 2.00145E+01 4.33494E-04
 -1       586 1.19936E+00 2.00360E+01 1.08101E-03
 -1       617-1.19543E+00 2.00000E+01 1.96424E+00
 -1       618-1.23125E+00 2.00002E+01 1.98202E+00
 -1       619-1.20457E+00 2.00000E+01 2.03576E+00
 -1       620-1.16875E+00 1.99998E+01 2.01798E+00
 -1       625-1.19898E+00 1.99661E+01 1.98766E+00
 -1       626-1.19995E+00 1.99984E+01 1.96398E+00
 -1       627-1.20102E+00 2.00339E+01 2.01234E+00
 -1       628-1.20005E+00 2.00016E+01 2.03602E+00
 -1       633-1.23303E+00 1.99855E+01 1.99957E+00
 -1       634-1.19936E+00 1.99640E+01 1.99892E+00
 -1       635-1.16697E+00 2.00145E+01 2.00043E+00
 -1       636-1.20064E+00 2.00360E+01 2.00108E+00
 -1       667 1.20425E+00 2.00004E+01 1.96420E+00
 -1       668 1.16859E+00 2.00000E+01 1.98231E+00
 -1       669 1.19575E+00 1.99996E+01 2.03580E+00
 -1       670 1.23141E+00 2.00000E+01 2.01769E+00
 -1       675 1.19898E+00 1.99659E+01 1.98832E+00
 -1       676 1.19993E+00 1.99977E+01 1.96402E+00
 -1       677 1.20102E+00 2.00341E+01 2.01168E+00
 -1       678 1.20007E+00 2.00023E+01 2.03598E+00
 -1       683 1.16646E+00 1.99868E+01 2.00040E+00
 -1       684 1.19931E+00 1.99640E+01 2.00108E+00
 -1       685 1.23354E+00 2.00132E+01 1.99960E+00
 -1       686 1.20069E+00 2.00360E+01 1.99892E+00
 -1       717-1.19548E+00 2.99999E+01-3.57711E-02
 -1       718-1.23128E+00 3.00000E+01-1.79296E-02
 -1       719-1.20452E+00 3.00001E+01 3.57711E-02
 -1       720-1.16872E+00 3.00000E+01 1.79296E-02
 -1       725-1.20000E+00 2.99660E+01-1.20000E-02
 -1       726-1.20000E+00 2.99980E+01-3.60000E-02
 -1       727-1.20000E+00 3.00340E+01 1.20000E-02
 -1       728-1.20000E+00 3.00020E+01 3.60000E-02
 -1       733-1.23328E+00 2.99861E+01 0.00000E+00
 -1       734-1.20000E+00 2.99639E+01 0.00000E+00
 -1       735-1.16672E+00 3.00139E+01 0.00000E+00
 -1       736-1.20000E+00 3.00361E+01 0.00000E+00
 -1       767 1.20447E+00 3.00001E+01-3.57768E-02
 -1       768 1.16870E+00 3.00000E+01-1.78903E-02
 -1       769 1.19553E+00 2.99999E+01 3.57768E-02
 -1       770 1.23130E+00 3.00000E+01 1.78903E-02
 -1       775 1.20000E+00 2.99660E+01-1.20000E-02
 -1       776 1.20000E+00 2.99980E+01-3.60000E-02
 -1       777 1.20000E+00 3.00340E+01 1.20000E-02
 -1       778 1.20000E+00 3.00020E+01 3.60000E-02
 -1       783 1.16672E+00 2.99861E+01 0.00000E+00
 -1       784 1.20000E+00 2.99639E+01 0.00000E+00
 -1       785 1.23328E+00 3.00139E+01 0.00000E+00
 -1       786 1.20000E+00 3.00361E+01 0.00000E+00
 -1       817-1.19548E+00 2.99999E+01 1.96423E+00
 -1       818-1.23128E+00 3.00000E+01 1.98207E+00
 -1       819-1.20452E+00 3.00001E+01 2.03577E+00
 -1       820-1.16872E+00 3.00000E+01 2.01793E+00
 -1       825-1.20000E+00 2.99660E+01 1.98800E+00
 -1       826-1.20000E+00 2.99980E+01 1.96400E+00
 -1       827-1.20000E+00 3.00340E+01 2.01200E+00
 -1       828-1.20000E+00 3.00020E+01 2.03600E+00
 -1       833-1.23328E+00 2.99861E+01 2.00000E+00
 -1       834-1.20000E+00 2.99639E+01 2.00000E+00
 -1       835-1.16672E+00 3.00139E+01 2.00000E+00
 -1       836-1.20000E+00 3.00361E+01 2.00000E+00
 -1       867 1.20447E+00 3.00001E+01 1.96422E+00
 -1       868 1.16870E+00 3.00000E+01 1.98211E+00
 -1       869 1.19553E+00 2.99999E+01 2.03578E+00
 -1       870 1.23130E+00 3.00000E+01 2.01789E+00
 -1       875 1.20000E+00 2.99660E+01 1.98800E+00
 -1       876 1.20000E+00 2.99980E+01 1.96400E+00
 -1       877 1.20000E+00 3.00340E+01 2.01200E+00
 -1       878 1.20000E+00 3.00020E+01 2.03600E+00
 -1       883 1.16672E+00 2.99861E+01 2.00000E+00
 -1       884 1.20000E+00 2.99639E+01 2.00000E+00
 -1       885 1.23328E+00 3.00139E+01 2.00000E+00
 -1       886 1.20000E+00 3.00361E+01 2.00000E+00
 -1       917-1.19532E+00 3.99998E+01-3.57494E-02
 -1       918-1.23120E+00 4.00001E+01-1.80745E-02
 -1       919-1.20468E+00 4.00002E+01 3.57494E-02
 -1       920-1.16880E+00 3.99999E+01 1.80745E-02
 -1       925-1.20145E+00 3.99659E+01-1.15569E-02
 -1       926-1.20010E+00 3.99975E+01-3.59709E-02
 -1       927-1.19855E+00 4.00341E+01 1.15569E-02
 -1       928-1.19990E+00 4.00025E+01 3.59709E-02
 -1       933-1.23365E+00 3.99871E+01 5.48678E-04
 -1       934-1.20099E+00 3.99640E+01 1.52775E-03
 -1       935-1.16635E+00 4.00129E+01-5.48678E-04
 -1       936-1.19901E+00 4.00360E+01-1.52775E-03
 -1       967 1.20447E+00 3.99998E+01-3.57764E-02
 -1       968 1.16870E+00 3.99998E+01-1.78899E-02
 -1       969 1.19553E+00 4.00002E+01 3.57764E-02
 -1       970 1.23130E+00 4.00002E+01 1.78899E-02
 -1       975 1.20143E+00 3.99662E+01-1.24797E-02
 -1       976 1.20006E+00 3.99985E+01-3.60247E-02
 -1       977 1.19857E+00 4.00338E+01 1.24797E-02
 -1       978 1.19994E+00 4.00015E+01 3.60247E-02
 -1       983 1.16707E+00 3.99853E+01-6.22501E-04
 -1       984 1.20089E+00 3.99640E+01-1.52786E-03
 -1       985 1.23293E+00 4.00147E+01 6.22501E-04
 -1       986 1.19911E+00 4.00360E+01 1.52786E-03
 -1      1017-1.19543E+00 4.00002E+01 1.96424E+00
 -1      1018-1.23125E+00 4.00002E+01 1.98203E+00
 -1      1019-1.20457E+00 3.99998E+01 2.03576E+00
 -1      1020-1.16875E+00 3.99998E+01 2.01797E+00
 -1      1025-1.19857E+00 3.99662E+01 1.98752E+00
 -1      1026-1.19994E+00 3.99985E+01 1.96398E+00
 -1      1027-1.20143E+00 4.00338E+01 2.01248E+00
 -1      1028-1.20006E+00 4.00015E+01 2.03602E+00
 -1      1033-1.23293E+00 3.99853E+01 1.99938E+00
 -1      1034-1.19911E+00 3.99640E+01 1.99847E+00
 -1      1035-1.16707E+00 4.00147E+01 2.00062E+00
 -1      1036-1.20089E+00 4.00360E+01 2.00153E+00
 -1      1067 1.20436E+00 4.00002E+01 1.96421E+00
 -1      1068 1.16864E+00 3.99999E+01 1.98221E+00
 -1      1069 1.19564E+00 3.99998E+01 2.03579E+00
 -1      1070 1.23136E+00 4.00001E+01 2.01779E+00
 -1      1075 1.19855E+00 3.99659E+01 1.98844E+00
 -1      1076 1.19990E+00 3.99975E+01 1.96403E+00
 -1      1077 1.20145E+00 4.00341E+01 2.01156E+00
 -1      1078 1.20010E+00 4.00025E+01 2.03597E+00
 -1      1083 1.16635E+00 3.99871E+01 2.00055E+00
 -1      1084 1.19901E+00 3.99640E+01 2.00153E+00
 -1      1085 1.23365E+00 4.00129E+01 1.99945E+00
 -1      1086 1.20099E+00 4.00360E+01 1.99847E+00
 -1      1117-1.19622E+00 4.99980E+01-3.58033E-02
 -1      1118-1.23157E+00 4.99968E+01-1.71203E-02
 -1      1119-1.20378E+00 5.00020E+01 3.58033E-02
 -1      1120-1.16843E+00 5.00032E+01 1.71203E-02
 -1      1125-1.20145E+00 4.99659E+01-1.15569E-02
 -1      1126-1.20010E+00 4.99975E+01-3.59709E-02
 -1      1127-1.19855E+00 5.00341E+01 1.15569E-02
 -1      1128-1.19990E+00 5.00025E+01 3.59709E-02
 -1      1133-1.23365E+00 4.99871E+01 5.48678E-04
 -1      1134-1.20099E+00 4.99640E+01 1.52775E-03
 -1      1135-1.16635E+00 5.00129E+01-5.48678E-04
 -1      1136-1.19901E+00 5.00360E+01-1.52775E-03
 -1      1167 1.20667E+00 4.99963E+01-3.52437E-02
 -1      1168 1.16994E+00 5.00003E+01-1.99053E-02
 -1      1169 1.19333E+00 5.00037E+01 3.52437E-02
 -1      1170 1.23006E+00 4.99997E+01 1.99053E-02
 -1      1175 1.20143E+00 4.99662E+01-1.24797E-02
 -1      1176 1.20006E+00 4.99985E+01-3.60247E-02
 -1      1177 1.19857E+00 5.00338E+01 1.24797E-02
 -1      1178 1.19994E+00 5.00015E+01 3.60247E-02
 -1      1183 1.16707E+00 4.99853E+01-6.22501E-04
 -1      1184 1.20089E+00 4.99640E+01-1.52786E-03
 -1      1185 1.23293E+00 5.00147E+01 6.22501E-04
 -1      1186 1.19911E+00 5.00360E+01 1.52786E-03
 -1      1217-1.19824E+00 5.00034E+01 1.96415E+00
 -1      1218-1.23248E+00 4.99992E+01 1.98438E+00
 -1      1219-1.20176E+00 4.99966E+01 2.03585E+00
 -1      1220-1.16752E+00 5.00008E+01 2.01562E+00
 -1      1225-1.19857E+00 4.99662E+01 1.98752E+00
 -1      1226-1.19994E+00 4.99985E+01 1.96398E+00
 -1      1227-1.20143E+00 5.00338E+01 2.01248E+00
 -1      1228-1.20006E+00 5.00015E+01 2.03602E+00
 -1      1233-1.23293E+00 4.99853E+01 1.99938E+00
 -1      1234-1.19911E+00 4.99640E+01 1.99847E+00
 -1      1235-1.16707E+00 5.00147E+01 2.00062E+00
 -1      1236-1.20089E+00 5.00360E+01 2.00153E+00
 -1      1267 1.20533E+00 5.00018E+01 1.96439E+00
 -1      1268 1.16921E+00 5.00033E+01 1.98152E+00
 -1      1269 1.19467E+00 4.99982E+01 2.03561E+00
 -1      1270 1.23079E+00 4.99967E+01 2.01848E+00
 -1      1275 1.19855E+00 4.99659E+01 1.98844E+00
 -1      1276 1.19990E+00 4.99975E+01 1.96403E+00
 -1      1277 1.20145E+00 5.00341E+01 2.01156E+00
 -1      1278 1.20010E+00 5.00025E+01 2.03597E+00
 -1      1283 1.16635E+00 4.99871E+01 2.00055E+00
 -1      1284 1.19901E+00 4.99640E+01 2.00153E+00
 -1      1285 1.23365E+00 5.00129E+01 1.99945E+00
 -1      1286 1.20099E+00 5.00360E+01 1.99847E+00
 -1      1317-1.19553E+00 2.50000E+01-1.85778E-01
 -1      1318-1.23131E+00 2.50000E+01-1.67883E-01
 -1      1319-1.20447E+00 2.50000E+01-1.14222E-01
 -1      1320-1.16869E+00 2.50000E+01-1.32117E-01
 -1      1325 1.20447E+00 2.50000E+01 1.14222E-01
 -1      1326 1.16869E+00 2.50000E+01 1.32117E-01
 -1      1327 1.19553E+00 2.50000E+01 1.85778E-01
 -1      1328 1.23131E+00 2.50000E+01 1.67883E-01
 -1      1333-1.19553E+00 2.50000E+01 1.81422E+00
 -1      1334-1.23131E+00 2.50000E+01 1.83212E+00
 -1      1335-1.20447E+00 2.50000E+01 1.88578E+00
 -1      1336-1.16869E+00 2.50000E+01 1.86788E+00
 -1      1341 1.20447E+00 2.50000E+01 2.11422E+00
 -1      1342 1.16869E+00 2.50000E+01 2.13212E+00
 -1      1343 1.19553E+00 2.50000E+01 2.18578E+00
 -1      1344 1.23131E+00 2.50000E+01 2.16788E+00
 -1      1349-1.19522E+00 3.24989E+01-1.41787E-01
 -1      1350-1.23115E+00 3.24995E+01-1.24216E-01
 -1      1351-1.20478E+00 3.25011E+01-7.03450E-02
 -1      1352-1.16885E+00 3.25005E+01-8.79159E-02
 -1      1357-1.19553E+00 3.50000E+01-1.85777E-01
 -1      1358-1.23131E+00 3.50000E+01-1.67887E-01
 -1      1359-1.20447E+00 3.50000E+01-1.14223E-01
 -1      1360-1.16869E+00 3.50000E+01-1.32113E-01
 -1      1365-1.19586E+00 3.75011E+01-1.41867E-01
 -1      1366-1.23147E+00 3.75005E+01-1.23652E-01
 -1      1367-1.20414E+00 3.74989E+01-7.02647E-02
 -1      1368-1.16853E+00 3.74995E+01-8.84797E-02
 -1      1373 1.20414E+00 3.25011E+01 7.02647E-02
 -1      1374 1.16853E+00 3.25005E+01 8.84797E-02
 -1      1375 1.19586E+00 3.24989E+01 1.41867E-01
 -1      1376 1.23147E+00 3.24995E+01 1.23652E-01
 -1      1381 1.20447E+00 3.50000E+01 1.14223E-01
 -1      1382 1.16869E+00 3.50000E+01 1.32113E-01
 -1      1383 1.19553E+00 3.50000E+01 1.85777E-01
 -1      1384 1.23131E+00 3.50000E+01 1.67887E-01
 -1      1389 1.20478E+00 3.74989E+01 7.03450E-02
 -1      1390 1.16885E+00 3.74995E+01 8.79159E-02
 -1      1391 1.19522E+00 3.75011E+01 1.41787E-01
 -1      1392 1.23115E+00 3.75005E+01 1.24216E-01
 -1      1397-1.19522E+00 3.24989E+01 1.85821E+00
 -1      1398-1.23115E+00 3.24995E+01 1.87578E+00
 -1      1399-1.20478E+00 3.25011E+01 1.92966E+00
 -1      1400-1.16885E+00 3.25005E+01 1.91208E+00
 -1      1405-1.19553E+00 3.50000E+01 1.81422E+00
 -1      1406-1.23131E+00 3.50000E+01 1.83211E+00
 -1      1407-1.20447E+00 3.50000E+01 1.88578E+00
 -1      1408-1.16869E+00 3.50000E+01 1.86789E+00
 -1      1413-1.19586E+00 3.75011E+01 1.85813E+00
 -1      1414-1.23147E+00 3.75005E+01 1.87635E+00
 -1      1415-1.20414E+00 3.74989E+01 1.92974E+00
 -1      1416-1.16853E+00 3.74995E+01 1.91152E+00
 -1      1421 1.20414E+00 3.25011E+01 2.07026E+00
 -1      1422 1.16853E+00 3.25005E+01 2.08848E+00
 -1      1423 1.19586E+00 3.24989E+01 2.14187E+00
 -1      1424 1.23147E+00 3.24995E+01 2.12365E+00
 -1      1429 1.20447E+00 3.50000E+01 2.11422E+00
 -1      1430 1.16869E+00 3.50000E+01 2.13211E+00
 -1      1431 1.19553E+00 3.50000E+01 2.18578E+00
 -1      1432 1.23131E+00 3.50000E+01 2.16789E+00
 -1      1437 1.20478E+00 3.74989E+01 2.07034E+00
 -1      1438 1.16885E+00 3.74995E+01 2.08792E+00
 -1      1439 1.19522E+00 3.75011E+01 2.14179E+00
 -1      1440 1.23115E+00 3.75005E+01 2.12422E+00
 -1      1445-1.19522E+00 4.24989E+01-1.41787E-01
 -1      1446-1.23115E+00 4.24995E+01-1.24216E-01
 -1      1447-1.20478E+00 4.25011E+01-7.03450E-02
 -1      1448-1.16885E+00 4.25005E+01-8.79159E-02
 -1      1453-1.19553E+00 4.50000E+01-1.85777E-01
 -1      1454-1.23131E+00 4.50000E+01-1.67887E-01
 -1      1455-1.20447E+00 4.50000E+01-1.14223E-01
 -1      1456-1.16869E+00 4.50000E+01-1.32113E-01
 -1      1461-1.19586E+00 4.75011E+01-1.41867E-01
 -1      1462-1.23147E+00 4.75005E+01-1.23652E-01
 -1      1463-1.20414E+00 4.74989E+01-7.02647E-02
 -1      1464-1.16853E+00 4.74995E+01-8.84797E-02
 -1      1469 1.20414E+00 4.25011E+01 7.02647E-02
 -1      1470 1.16853E+00 4.25005E+01 8.84797E-02
 -1      1471 1.19586E+00 4.24989E+01 1.41867E-01
 -1      1472 1.23147E+00 4.24995E+01 1.23652E-01
 -1      1477 1.20447E+00 4.50000E+01 1.14223E-01
 -1      1478 1.16869E+00 4.50000E+01 1.32113E-01
 -1      1479 1.19553E+00 4.50000E+01 1.85777E-01
 -1      1480 1.23131E+00 4.50000E+01 1.67887E-01
 -1      1485 1.20478E+00 4.74989E+01 7.03450E-02
 -1      1486 1.16885E+00 4.74995E+01 8.79159E-02
 -1      1487 1.19522E+00 4.75011E+01 1.41787E-01
 -1      1488 1.23115E+00 4.75005E+01 1.24216E-01
 -1      1493-1.19522E+00 4.24989E+01 1.85821E+00
 -1      1494-1.23115E+00 4.24995E+01 1.87578E+00
 -1      1495-1.20478E+00 4.25011E+01 1.92966E+00
 -1      1496-1.16885E+00 4.25005E+01 1.91208E+00
 -1      1501-1.19553E+00 4.50000E+01 1.81422E+00
 -1      1502-1.23131E+00 4.50000E+01 1.83211E+00
 -1      1503-1.20447E+00 4.50000E+01 1.88578E+00
 -1      1504-1.16869E+00 4.50000E+01 1.86789E+00
 -1      1509-1.19586E+00 4.75011E+01 1.85813E+00
 -1      1510-1.23147E+00 4.75005E+01 1.87635E+00
 -1      1511-1.20414E+00 4.74989E+01 1.92974E+00
 -1      1512-1.16853E+00 4.74995E+01 1.91152E+00
 -1      1517 1.20414E+00 4.25011E+01 2.07026E+00
 -1      1518 1.16853E+00 4.25005E+01 2.08848E+00
 -1      1519 1.19586E+00 4.24989E+01 2.14187E+00
 -1      1520 1.23147E+00 4.24995E+01 2.12365E+00
 -1      1525 1.20447E+00 4.50000E+01 2.11422E+00
 -1      1526 1.16869E+00 4.50000E+01 2.13211E+00
 -1      1527 1.19553E+00 4.50000E+01 2.18578E+00
 -1      1528 1.23131E+00 4.50000E+01 2.16789E+00
 -1      1533 1.20478E+00 4.74989E+01 2.07034E+00
 -1      1534 1.16885E+00 4.74995E+01 2.08792E+00
 -1      1535 1.19522E+00 4.75011E+01 2.14179E+00
 -1      1536 1.23115E+00 4.75005E+01 2.12422E+00
 -1      1541-6.01023E-01-5.95507E-02-1.16832E-02
 -1      1542-6.00070E-01-2.77896E-02-3.59798E-02
 -1      1543-5.98977E-01 8.63897E-03 1.16832E-02
 -1      1544-5.99930E-01-2.31221E-02 3.59798E-02
 -1      1549 0.00000E+00-6.99997E-02-1.20008E-02
 -1      1550 0.00000E+00-3.79991E-02-3.60000E-02
 -1      1551 0.00000E+00-2.00028E-03 1.20008E-02
 -1      1552 0.00000E+00-3.40009E-02 3.60000E-02
 -1      1557 6.01016E-01-5.93202E-02-1.23359E-02
 -1      1558 6.00049E-01-2.70988E-02-3.60180E-02
 -1      1559 5.98984E-01 8.40852E-03 1.23359E-02
 -1      1560 5.99951E-01-2.38129E-02 3.60180E-02
 -1      1565-5.98984E-01-8.40852E-03 1.98766E+00
 -1      1566-5.99951E-01 2.38129E-02 1.96398E+00
 -1      1567-6.01016E-01 5.93202E-02 2.01234E+00
 -1      1568-6.00049E-01 2.70988E-02 2.03602E+00
 -1      1573 0.00000E+00 2.00028E-03 1.98800E+00
 -1      1574 0.00000E+00 3.40009E-02 1.96400E+00
 -1      1575 0.00000E+00 6.99997E-02 2.01200E+00
 -1      1576 0.00000E+00 3.79991E-02 2.03600E+00
 -1      1581 5.98977E-01-8.63897E-03 1.98832E+00
 -1      1582 5.99930E-01 2.31221E-02 1.96402E+00
 -1      1583 6.01023E-01 5.95507E-02 2.01168E+00
 -1      1584 6.00070E-01 2.77896E-02 2.03598E+00
 -1      1589-1.23354E+00 7.99623E-03 5.00396E-01
 -1      1590-1.20070E+00-1.48194E-02 5.01081E-01
 -1      1591-1.16646E+00 3.44302E-02 4.99604E-01
 -1      1592-1.19930E+00 5.72458E-02 4.98919E-01
 -1      1597-1.23328E+00 1.61383E-02 1.00000E+00
 -1      1598-1.20001E+00-6.05551E-03 1.00000E+00
 -1      1599-1.16672E+00 4.38617E-02 1.00000E+00
 -1      1600-1.19999E+00 6.60555E-02 1.00000E+00
 -1      1605-1.23303E+00 6.76606E-03 1.49957E+00
 -1      1606-1.19936E+00-1.48205E-02 1.49892E+00
 -1      1607-1.16697E+00 3.56603E-02 1.50043E+00
 -1      1608-1.20064E+00 5.72469E-02 1.50108E+00
 -1      1613 1.16697E+00-3.56603E-02 4.99567E-01
 -1      1614 1.20064E+00-5.72469E-02 4.98919E-01
 -1      1615 1.23303E+00-6.76606E-03 5.00433E-01
 -1      1616 1.19936E+00 1.48205E-02 5.01081E-01
 -1      1621 1.16672E+00-4.38617E-02 1.00000E+00
 -1      1622 1.19999E+00-6.60555E-02 1.00000E+00
 -1      1623 1.23328E+00-1.61383E-02 1.00000E+00
 -1      1624 1.20001E+00 6.05551E-03 1.00000E+00
 -1      1629 1.16646E+00-3.44302E-02 1.50040E+00
 -1      1630 1.19930E+00-5.72458E-02 1.50108E+00
 -1      1631 1.23354E+00-7.99623E-03 1.49960E+00
 -1      1632 1.20070E+00 1.48194E-02 1.49892E+00
 -1      1637 0.00000E+00 1.99300E+01-1.20023E-02
 -1      1638 0.00000E+00 1.99620E+01-3.60001E-02
 -1      1639 0.00000E+00 1.99980E+01 1.20023E-02
 -1      1640 0.00000E+00 1.99660E+01 3.60001E-02
 -1      1645 0.00000E+00 2.00020E+01 1.98800E+00
 -1      1646 0.00000E+00 2.00340E+01 1.96400E+00
 -1      1647 0.00000E+00 2.00700E+01 2.01200E+00
 -1      1648 0.00000E+00 2.00380E+01 2.03600E+00
 -1      1653-1.23329E+00 2.00161E+01 1.00000E+00
 -1      1654-1.20002E+00 1.99939E+01 1.00000E+00
 -1      1655-1.16671E+00 2.00438E+01 1.00000E+00
 -1      1656-1.19998E+00 2.00661E+01 1.00000E+00
 -1      1661 1.16671E+00 1.99562E+01 1.00000E+00
 -1      1662 1.19998E+00 1.99339E+01 1.00000E+00
 -1      1663 1.23329E+00 1.99839E+01 1.00000E+00
 -1      1664 1.20002E+00 2.00061E+01 1.00000E+00
 -1      1669-6.01023E-01 3.99404E+01-1.16832E-02
 -1      1670-6.00070E-01 3.99722E+01-3.59798E-02
 -1      1671-5.98977E-01 4.00086E+01 1.16832E-02
 -1      1672-5.99930E-01 3.99769E+01 3.59798E-02
 -1      1677 0.00000E+00 3.99300E+01-1.20008E-02
 -1      1678 0.00000E+00 3.99620E+01-3.60000E-02
 -1      1679 0.00000E+00 3.99980E+01 1.20008E-02
 -1      1680 0.00000E+00 3.99660E+01 3.60000E-02
 -1      1685 6.01016E-01 3.99407E+01-1.23359E-02
 -1      1686 6.00049E-01 3.99729E+01-3.60180E-02
 -1      1687 5.98984E-01 4.00084E+01 1.23359E-02
 -1      1688 5.99951E-01 3.99762E+01 3.60180E-02
 -1      1693-5.98984E-01 3.99916E+01 1.98766E+00
 -1      1694-5.99951E-01 4.00238E+01 1.96398E+00
 -1      1695-6.01016E-01 4.00593E+01 2.01234E+00
 -1      1696-6.00049E-01 4.00271E+01 2.03602E+00
 -1      1701 0.00000E+00 4.00020E+01 1.98800E+00
 -1      1702 0.00000E+00 4.00340E+01 1.96400E+00
 -1      1703 0.00000E+00 4.00700E+01 2.01200E+00
 -1      1704 0.00000E+00 4.00380E+01 2.03600E+00
 -1      1709 5.98977E-01 3.99914E+01 1.98832E+00
 -1      1710 5.99930E-01 4.00231E+01 1.96402E+00
 -1      1711 6.01023E-01 4.00596E+01 2.01168E+00
 -1      1712 6.00070E-01 4.00278E+01 2.03598E+00
 -1      1717-1.23354E+00 4.00080E+01 5.00396E-01
 -1      1718-1.20070E+00 3.99852E+01 5.01081E-01
 -1      1719-1.16646E+00 4.00344E+01 4.99604E-01
 -1      1720-1.19930E+00 4.00572E+01 4.98919E-01
 -1      1725-1.23328E+00 4.00161E+01 1.00000E+00
 -1      1726-1.20001E+00 3.99939E+01 1.00000E+00
 -1      1727-1.16672E+00 4.00439E+01 1.00000E+00
 -1      1728-1.19999E+00 4.00661E+01 1.00000E+00
 -1      1733-1.23303E+00 4.00068E+01 1.49957E+00
 -1      1734-1.19936E+00 3.99852E+01 1.49892E+00
 -1      1735-1.16697E+00 4.00357E+01 1.50043E+00
 -1      1736-1.20064E+00 4.00572E+01 1.50108E+00
 -1      1741 1.16697E+00 3.99643E+01 4.99567E-01
 -1      1742 1.20064E+00 3.99428E+01 4.98919E-01
 -1      1743 1.23303E+00 3.99932E+01 5.00433E-01
 -1      1744 1.19936E+00 4.00148E+01 5.01081E-01
 -1      1749 1.16672E+00 3.99561E+01 1.00000E+00
 -1      1750 1.19999E+00 3.99339E+01 1.00000E+00
 -1      1751 1.23328E+00 3.99839E+01 1.00000E+00
 -1      1752 1.20001E+00 4.00061E+01 1.00000E+00
 -1      1757 1.16646E+00 3.99656E+01 1.50040E+00
 -1      1758 1.19930E+00 3.99428E+01 1.50108E+00
 -1      1759 1.23354E+00 3.99920E+01 1.49960E+00
 -1      1760 1.20070E+00 4.00148E+01 1.49892E+00
 -1      1765-6.01023E-01 4.99404E+01-1.16832E-02
 -1      1766-6.00070E-01 4.99722E+01-3.59798E-02
 -1      1767-5.98977E-01 5.00086E+01 1.16832E-02
 -1      1768-5.99930E-01 4.99769E+01 3.59798E-02
 -1      1773 0.00000E+00 4.99300E+01-1.20008E-02
 -1      1774 0.00000E+00 4.99620E+01-3.60000E-02
 -1      1775 0.00000E+00 4.99980E+01 1.20008E-02
 -1      1776 0.00000E+00 4.99660E+01 3.60000E-02
 -1      1781 6.01016E-01 4.99407E+01-1.23359E-02
 -1      1782 6.00049E-01 4.99729E+01-3.60180E-02
 -1      1783 5.98984E-01 5.00084E+01 1.23359E-02
 -1      1784 5.99951E-01 4.99762E+01 3.60180E-02
 -1      1789-5.98984E-01 4.99916E+01 1.98766E+00
 -1      1790-5.99951E-01 5.00238E+01 1.96398E+00
 -1      1791-6.01016E-01 5.00593E+01 2.01234E+00
 -1      1792-6.00049E-01 5.00271E+01 2.03602E+00
 -1      1797 0.00000E+00 5.00020E+01 1.98800E+00
 -1      1798 0.00000E+00 5.00340E+01 1.96400E+00
 -1      1799 0.00000E+00 5.00700E+01 2.01200E+00
 -1      1800 0.00000E+00 5.00380E+01 2.03600E+00
 -1      1805 5.98977E-01 4.99914E+01 1.98832E+00
 -1      1806 5.99930E-01 5.00231E+01 1.96402E+00
 -1      1807 6.01023E-01 5.00596E+01 2.01168E+00
 -1      1808 6.00070E-01 5.00278E+01 2.03598E+00
 -1      1813-1.23354E+00 5.00080E+01 5.00396E-01
 -1      1814-1.20070E+00 4.99852E+01 5.01081E-01
 -1      1815-1.16646E+00 5.00344E+01 4.99604E-01
 -1      1816-1.19930E+00 5.00572E+01 4.98919E-01
 -1      1821-1.23328E+00 5.00161E+01 1.00000E+00
 -1      1822-1.20001E+00 4.99939E+01 1.00000E+00
 -1      1823-1.16672E+00 5.00439E+01 1.00000E+00
 -1      1824-1.19999E+00 5.00661E+01 1.00000E+00
 -1      1829-1.23303E+00 5.00068E+01 1.49957E+00
 -1      1830-1.19936E+00 4.99852E+01 1.49892E+00
 -1      1831-1.16697E+00 5.00357E+01 1.50043E+00
 -1      1832-1.20064E+00 5.00572E+01 1.50108E+00
 -1      1837 1.16697E+00 4.99643E+01 4.99567E-01
 -1      1838 1.20064E+00 4.99428E+01 4.98919E-01
 -1      1839 1.23303E+00 4.99932E+01 5.00433E-01
 -1      1840 1.19936E+00 5.00148E+01 5.01081E-01
 -1      1845 1.16672E+00 4.99561E+01 1.00000E+00
 -1      1846 1.19999E+00 4.99339E+01 1.00000E+00
 -1      1847 1.23328E+00 4.99839E+01 1.00000E+00
 -1      1848 1.20001E+00 5.00061E+01 1.00000E+00
 -1      1853 1.16646E+00 4.99656E+01 1.50040E+00
 -1      1854 1.19930E+00 4.99428E+01 1.50108E+00
 -1      1855 1.23354E+00 4.99920E+01 1.49960E+00
 -1      1856 1.20070E+00 5.00148E+01 1.49892E+00
 -1      1861-1.19830E+00 5.03706E+00 8.14684E-01
 -1      1862-1.23259E+00 5.03303E+00 8.34874E-01
 -1      1863-1.20170E+00 5.02294E+00 8.85316E-01
 -1      1864-1.16741E+00 5.02697E+00 8.65126E-01
 -1      1869-1.19388E+00 5.02303E+00 1.11516E+00
 -1      1870-1.23044E+00 5.02621E+00 1.13106E+00
 -1      1871-1.20612E+00 5.03697E+00 1.18484E+00
 -1      1872-1.16956E+00 5.03379E+00 1.16894E+00
 -1      1877 1.20170E+00 5.03706E+00 8.14684E-01
 -1      1878 1.16741E+00 5.03303E+00 8.34874E-01
 -1      1879 1.19830E+00 5.02294E+00 8.85316E-01
 -1      1880 1.23259E+00 5.02697E+00 8.65126E-01
 -1      1885 1.20612E+00 5.02303E+00 1.11516E+00
 -1      1886 1.16956E+00 5.02621E+00 1.13106E+00
 -1      1887 1.19388E+00 5.03697E+00 1.18484E+00
 -1      1888 1.23044E+00 5.03379E+00 1.16894E+00
 -1      1893 1.59908E-01 4.96162E+00-3.45858E-02
 -1      1894 1.22767E-01 4.97054E+00-2.27077E-02
 -1      1895 1.40092E-01 4.96638E+00 3.45858E-02
 -1      1896 1.77233E-01 4.95746E+00 2.27077E-02
 -1      1901-1.49864E-01 4.96403E+00-3.60552E-02
 -1      1902-1.82310E-01 4.95625E+00-1.39967E-02
 -1      1903-1.50136E-01 4.96397E+00 3.60552E-02
 -1      1904-1.17690E-01 4.97175E+00 1.39967E-02
 -1      1909 1.59908E-01 4.96162E+00 1.96541E+00
 -1      1910 1.22767E-01 4.97054E+00 1.97729E+00
 -1      1911 1.40092E-01 4.96638E+00 2.03459E+00
 -1      1912 1.77233E-01 4.95746E+00 2.02271E+00
 -1      1917-1.49864E-01 4.96403E+00 1.96394E+00
 -1      1918-1.82310E-01 4.95625E+00 1.98600E+00
 -1      1919-1.50136E-01 4.96397E+00 2.03606E+00
 -1      1920-1.17690E-01 4.97175E+00 2.01400E+00
 -1      1925-1.19830E+00 1.50371E+01 8.14684E-01
 -1      1926-1.23259E+00 1.50330E+01 8.34874E-01
 -1      1927-1.20170E+00 1.50229E+01 8.85316E-01
 -1      1928-1.16741E+00 1.50270E+01 8.65126E-01
 -1      1933-1.19388E+00 1.50230E+01 1.11516E+00
 -1      1934-1.23044E+00 1.50262E+01 1.13106E+00
 -1      1935-1.20612E+00 1.50370E+01 1.18484E+00
 -1      1936-1.16956E+00 1.50338E+01 1.16894E+00
 -1      1941 1.20170E+00 1.50371E+01 8.14684E-01
 -1      1942 1.16741E+00 1.50330E+01 8.34874E-01
 -1      1943 1.19830E+00 1.50229E+01 8.85316E-01
 -1      1944 1.23259E+00 1.50270E+01 8.65126E-01
 -1      1949 1.20612E+00 1.50230E+01 1.11516E+00
 -1      1950 1.16956E+00 1.50262E+01 1.13106E+00
 -1      1951 1.19388E+00 1.50370E+01 1.18484E+00
 -1      1952 1.23044E+00 1.50338E+01 1.16894E+00
 -1      1957 1.59908E-01 1.49616E+01-3.45858E-02
 -1      1958 1.22767E-01 1.49705E+01-2.27077E-02
 -1      1959 1.40092E-01 1.49664E+01 3.45858E-02
 -1      1960 1.77233E-01 1.49575E+01 2.27077E-02
 -1      1965-1.49864E-01 1.49640E+01-3.60552E-02
 -1      1966-1.82310E-01 1.49562E+01-1.39967E-02
 -1      1967-1.50136E-01 1.49640E+01 3.60552E-02
 -1      1968-1.17690E-01 1.49718E+01 1.39967E-02
 -1      1973 1.59908E-01 1.49616E+01 1.96541E+00
 -1      1974 1.22767E-01 1.49705E+01 1.97729E+00
 -1      1975 1.40092E-01 1.49664E+01 2.03459E+00
 -1      1976 1.77233E-01 1.49575E+01 2.02271E+00
 -1      1981-1.49864E-01 1.49640E+01 1.96394E+00
 -1      1982-1.82310E-01 1.49562E+01 1.98600E+00
 -1      1983-1.50136E-01 1.49640E+01 2.03606E+00
 -1      1984-1.17690E-01 1.49718E+01 2.01400E+00
 -1      1989-1.19830E+00 4.50371E+01 8.14684E-01
 -1      1990-1.23259E+00 4.50330E+01 8.34874E-01
 -1      1991-1.20170E+00 4.50229E+01 8.85316E-01
 -1      1992-1.16741E+00 4.50270E+01 8.65126E-01
 -1      1997-1.19388E+00 4.50230E+01 1.11516E+00
 -1      1998-1.23044E+00 4.50262E+01 1.13106E+00
 -1      1999-1.20612E+00 4.50370E+01 1.18484E+00
 -1      2000-1.16956E+00 4.50338E+01 1.16894E+00
 -1      2005 1.20170E+00 4.50371E+01 8.14684E-01
 -1      2006 1.16741E+00 4.50330E+01 8.34874E-01
 -1      2007 1.19830E+00 4.50229E+01 8.85316E-01
 -1      2008 1.23259E+00 4.50270E+01 8.65126E-01
 -1      2013 1.20612E+00 4.50230E+01 1.11516E+00
 -1      2014 1.16956E+00 4.50262E+01 1.13106E+00
 -1      2015 1.19388E+00 4.50370E+01 1.18484E+00
 -1      2016 1.23044E+00 4.50338E+01 1.16894E+00
 -1      2021 1.59908E-01 4.49616E+01-3.45858E-02
 -1      2022 1.22767E-01 4.49705E+01-2.27077E-02
 -1      2023 1.40092E-01 4.49664E+01 3.45858E-02
 -1      2024 1.77233E-01 4.49575E+01 2.27077E-02
 -1      2029-1.49864E-01 4.49640E+01-3.60552E-02
 -1      2030-1.82310E-01 4.49562E+01-1.39967E-02
 -1      2031-1.50136E-01 4.49640E+01 3.60552E-02
 -1      2032-1.17690E-01 4.49718E+01 1.39967E-02
 -1      2037 1.59908E-01 4.49616E+01 1.96541E+00
 -1      2038 1.22767E-01 4.49705E+01 1.97729E+00
 -1      2039 1.40092E-01 4.49664E+01 2.03459E+00
 -1      2040 1.77233E-01 4.49575E+01 2.02271E+00
 -1      2045-1.49864E-01 4.49640E+01 1.96394E+00
 -1      2046-1.82310E-01 4.49562E+01 1.98600E+00
 -1      2047-1.50136E-01 4.49640E+01 2.03606E+00
 -1      2048-1.17690E-01 4.49718E+01 2.01400E+00
 -3
    3C                           176                                     1
 -1         1    1    0    1
 -2       117       317       318       118       120       320       319       119
 -1         2    1    0    1
 -2       167       367       368       168       170       370       369       169
 -1         3    1    0    1
 -2       217       417       418       218       220       420       419       219
 -1         4    1    0    1
 -2       267       467       468       268       270       470       469       269
 -1         5    1    0    1
 -2       317       517       518       318       320       520       519       319
 -1         6    1    0    1
 -2       367       567       568       368       370       570       569       369
 -1         7    1    0    1
 -2       417       617       618       418       420       620       619       419
 -1         8    1    0    1
 -2       467       667       668       468       470       670       669       469
 -1         9    1    0    1
 -2       517      1317      1318       518       520      1320      1319       519
 -1        10    1    0    1
 -2      1317       717       718      1318      1320       720       719      1319
 -1        11    1    0    1
 -2       567      1325      1326       568       570      1328      1327       569
 -1        12    1    0    1
 -2      1325       767       768      1326      1328       770       769      1327
 -1        13    1    0    1
 -2       617      1333      1334       618       620      1336      1335       619
 -1        14    1    0    1
 -2      1333       817       818      1334      1336       820       819      1335
 -1        15    1    0    1
 -2       667      1341      1342       668       670      1344      1343       669
 -1        16    1    0    1
 -2      1341       867       868      1342      1344       870       869      1343
 -1        17    1    0    1
 -2       717      1349      1350       718       720      1352      1351       719
 -1        18    1    0    1
 -2      1349      1357      1358      1350      1352      1360      1359      1351
 -1        19    1    0    1
 -2      1357      1365      1366      1358      1360      1368      1367      1359
 -1        20    1    0    1
 -2      1365       917       918      1366      1368       920       919      1367
 -1        21    1    0    1
 -2       767      1373      1374       768       770      1376      1375       769
 -1        22    1    0    1
 -2      1373      1381      1382      1374      1376      1384      1383      1375
 -1        23    1    0    1
 -2      1381      1389      1390      1382      1384      1392      1391      1383
 -1        24    1    0    1
 -2      1389       967       968      1390      1392       970       969      1391
 -1        25    1    0    1
 -2       817      1397      1398       818       820      1400      1399       819
 -1        26    1    0    1
 -2      1397      1405      1406      1398      1400      1408      1407      1399
 -1        27    1    0    1
 -2      1405      1413      1414      1406      1408      1416      1415      1407
 -1        28    1    0    1
 -2      1413      1017      1018      1414      1416      1020      1019      1415
 -1        29    1    0    1
 -2       867      1421      1422       868       870      1424      1423       869
 -1        30    1    0    1
 -2      1421      1429      1430      1422      1424      1432      1431      1423
 -1        31    1    0    1
 -2      1429      1437      1438      1430      1432      1440      1439      1431
 -1        32    1    0    1
 -2      1437      1067      1068      1438      1440      1070      1069      1439
 -1        33    1    0    1
 -2       917      1445      1446       918       920      1448      1447       919
 -1        34    1    0    1
 -2      1445      1453      1454      1446      1448      1456      1455      1447
 -1        35    1    0    1
 -2      1453      1461      1462      1454      1456      1464      1463      1455
 -1        36    1    0    1
 -2      1461      1117      1118      1462      1464      1120      1119      1463
 -1        37    1    0    1
 -2       967      1469      1470       968       970      1472      1471       969
 -1        38    1    0    1
 -2      1469      1477      1478      1470      1472      1480      1479      1471
 -1        39    1    0    1
 -2      1477      1485      1486      1478      1480      1488      1487      1479
 -1        40    1    0    1
 -2      1485      1167      1168      1486      1488      1170      1169      1487
 -1        41    1    0    1
 -2      1017      1493      1494      1018      1020      1496      1495      1019
 -1        42    1    0    1
 -2      1493      1501      1502      1494      1496      1504      1503      1495
 -1        43    1    0    1
 -2      1501      1509      1510      1502      1504      1512      1511      1503
 -1        44    1    0    1
 -2      1509      1217      1218      1510      1512      1220      1219      1511
 -1        45    1    0    1
 -2      1067      1517      1518      1068      1070      1520      1519      1069
 -1        46    1    0    1
 -2      1517      1525      1526      1518      1520      1528      1527      1519
 -1        47    1    0    1
 -2      1525      1533      1534      1526      1528      1536      1535      1527
 -1        48    1    0    1
 -2      1533      1267      1268      1534      1536      1270      1269      1535
 -1        49    1    0    1
 -2       125      1541      1542       126       128      1544      1543       127
 -1        50    1    0    1
 -2      1541      1549      1550      1542      1544      1552      1551      1543
 -1        51    1    0    1
 -2      1549      1557      1558      1550      1552      1560      1559      1551
 -1        52    1    0    1
 -2      1557       175       176      1558      1560       178       177      1559
 -1        53    1    0    1
 -2       225      1565      1566       226       228      1568      1567       227
 -1        54    1    0    1
 -2      1565      1573      1574      1566      1568      1576      1575      1567
 -1        55    1    0    1
 -2      1573      1581      1582      1574      1576      1584      1583      1575
 -1        56    1    0    1
 -2      1581       275       276      1582      1584       278       277      1583
 -1        57    1    0    1
 -2       133      1589      1590       134       136      1592      1591       135
 -1        58    1    0    1
 -2      1589      1597      1598      1590      1592      1600      1599      1591
 -1        59    1    0    1
 -2      1597      1605      1606      1598      1600      1608      1607      1599
 -1        60    1    0    1
 -2      1605       233       234      1606      1608       236       235      1607
 -1        61    1    0    1
 -2       183      1613      1614       184       186      1616      1615       185
 -1        62    1    0    1
 -2      1613      1621      1622      1614      1616      1624      1623      1615
 -1        63    1    0    1
 -2      1621      1629      1630      1622      1624      1632      1631      1623
 -1        64    1    0    1
 -2      1629       283       284      1630      1632       286       285      1631
 -1        65    1    0    1
 -2       325       375       376       326       328       378       377       327
 -1        66    1    0    1
 -2       425       475       476       426       428       478       477       427
 -1        67    1    0    1
 -2       333       433       434       334       336       436       435       335
 -1        68    1    0    1
 -2       383       483       484       384       386       486       485       385
 -1        69    1    0    1
 -2       525      1637      1638       526       528      1640      1639       527
 -1        70    1    0    1
 -2      1637       575       576      1638      1640       578       577      1639
 -1        71    1    0    1
 -2       625      1645      1646       626       628      1648      1647       627
 -1        72    1    0    1
 -2      1645       675       676      1646      1648       678       677      1647
 -1        73    1    0    1
 -2       533      1653      1654       534       536      1656      1655       535
 -1        74    1    0    1
 -2      1653       633       634      1654      1656       636       635      1655
 -1        75    1    0    1
 -2       583      1661      1662       584       586      1664      1663       585
 -1        76    1    0    1
 -2      1661       683       684      1662      1664       686       685      1663
 -1        77    1    0    1
 -2       725       775       776       726       728       778       777       727
 -1        78    1    0    1
 -2       825       875       876       826       828       878       877       827
 -1        79    1    0    1
 -2       733       833       834       734       736       836       835       735
 -1        80    1    0    1
 -2       783       883       884       784       786       886       885       785
 -1        81    1    0    1
 -2       925      1669      1670       926       928      1672      1671       927
 -1        82    1    0    1
 -2      1669      1677      1678      1670      1672      1680      1679      1671
 -1        83    1    0    1
 -2      1677      1685      1686      1678      1680      1688      1687      1679
 -1        84    1    0    1
 -2      1685       975       976      1686      1688       978       977      1687
 -1        85    1    0    1
 -2      1025      1693      1694      1026      1028      1696      1695      1027
 -1        86    1    0    1
 -2      1693      1701      1702      1694      1696      1704      1703      1695
 -1        87    1    0    1
 -2      1701      1709      1710      1702      1704      1712      1711      1703
 -1        88    1    0    1
 -2      1709      1075      1076      1710      1712      1078      1077      1711
 -1        89    1    0    1
 -2       933      1717      1718       934       936      1720      1719       935
 -1        90    1    0    1
 -2      1717      1725      1726      1718      1720      1728      1727      1719
 -1        91    1    0    1
 -2      1725      1733      1734      1726      1728      1736      1735      1727
 -1        92    1    0    1
 -2      1733      1033      1034      1734      1736      1036      1035      1735
 -1        93    1    0    1
 -2       983      1741      1742       984       986      1744      1743       985
 -1        94    1    0    1
 -2      1741      1749      1750      1742      1744      1752      1751      1743
 -1        95    1    0    1
 -2      1749      1757      1758      1750      1752      1760      1759      1751
 -1        96    1    0    1
 -2      1757      1083      1084      1758      1760      1086      1085      1759
 -1        97    1    0    1
 -2      1125      1765      1766      1126      1128      1768      1767      1127
 -1        98    1    0    1
 -2      1765      1773      1774      1766      1768      1776      1775      1767
 -1        99    1    0    1
 -2      1773      1781      1782      1774      1776      1784      1783      1775
 -1       100    1    0    1
 -2      1781      1175      1176      1782      1784      1178      1177      1783
 -1       101    1    0    1
 -2      1225      1789      1790      1226      1228      1792      1791      1227
 -1       102    1    0    1
 -2      1789      1797      1798      1790      1792      1800      1799      1791
 -1       103    1    0    1
 -2      1797      1805      1806      1798      1800      1808      1807      1799
 -1       104    1    0    1
 -2      1805      1275      1276      1806      1808      1278      1277      1807
 -1       105    1    0    1
 -2      1133      1813      1814      1134      1136      1816      1815      1135
 -1       106    1    0    1
 -2      1813      1821      1822      1814      1816      1824      1823      1815
 -1       107    1    0    1
 -2      1821      1829      1830      1822      1824      1832      1831      1823
 -1       108    1    0    1
 -2      1829      1233      1234      1830      1832      1236      1235      1831
 -1       109    1    0    1
 -2      1183      1837      1838      1184      1186      1840      1839      1185
 -1       110    1    0    1
 -2      1837      1845      1846      1838      1840      1848      1847      1839
 -1       111    1    0    1
 -2      1845      1853      1854      1846      1848      1856      1855      1847
 -1       112    1    0    1
 -2      1853      1283      1284      1854      1856      1286      1285      1855
 -1       113    1    0    1
 -2       117      1861      1862       118       120      1864      1863       119
 -1       114    1    0    1
 -2      1861       417       418      1862      1864       420       419      1863
 -1       115    1    0    1
 -2       217      1869      1870       218       220      1872      1871       219
 -1       116    1    0    1
 -2      1869       317       318      1870      1872       320       319      1871
 -1       117    1    0    1
 -2       167      1877      1878       168       170      1880      1879       169
 -1       118    1    0    1
 -2      1877       467       468      1878      1880       470       469      1879
 -1       119    1    0    1
 -2       267      1885      1886       268       270      1888      1887       269
 -1       120    1    0    1
 -2      1885       367       368      1886      1888       370       369      1887
 -1       121    1    0    1
 -2       117      1893      1894       118       120      1896      1895       119
 -1       122    1    0    1
 -2      1893       367       368      1894      1896       370       369      1895
 -1       123    1    0    1
 -2       167      1901      1902       168       170      1904      1903       169
 -1       124    1    0    1
 -2      1901       317       318      1902      1904       320       319      1903
 -1       125    1    0    1
 -2       217      1909      1910       218       220      1912      1911       219
 -1       126    1    0    1
 -2      1909       467       468      1910      1912       470       469      1911
 -1       127    1    0    1
 -2       267      1917      1918       268       270      1920      1919       269
 -1       128    1    0    1
 -2      1917       417       418      1918      1920       420       419      1919
 -1       129    1    0    1
 -2       317      1925      1926       318       320      1928      1927       319
 -1       130    1    0    1
 -2      1925       617       618      1926      1928       620       619      1927
 -1       131    1    0    1
 -2       417      1933      1934       418       420      1936      1935       419
 -1       132    1    0    1
 -2      1933       517       518      1934      1936       520       519      1935
 -1       133    1    0    1
 -2       367      1941      1942       368       370      1944      1943       369
 -1       134    1    0    1
 -2      1941       667       668      1942      1944       670       669      1943
 -1       135    1    0    1
 -2       467      1949      1950       468       470      1952      1951       469
 -1       136    1    0    1
 -2      1949       567       568      1950      1952       570       569      1951
 -1       137    1    0    1
 -2       317      1957      1958       318       320      1960      1959       319
 -1       138    1    0    1
 -2      1957       567       568      1958      1960       570       569      1959
 -1       139    1    0    1
 -2       367      1965      1966       368       370      1968      1967       369
 -1       140    1    0    1
 -2      1965       517       518      1966      1968       520       519      1967
 -1       141    1    0    1
 -2       417      1973      1974       418       420      1976      1975       419
 -1       142    1    0    1
 -2      1973       667       668      1974      1976       670       669      1975
 -1       143    1    0    1
 -2       467      1981      1982       468       470      1984      1983       469
 -1       144    1    0    1
 -2      1981       617       618      1982      1984       620       619      1983
 -1       145    1    0    1
 -2       517       817       818       518       520       820       819       519
 -1       146    1    0    1
 -2       617       717       718       618       620       720       719       619
 -1       147    1    0    1
 -2       567       867       868       568       570       870       869       569
 -1       148    1    0    1
 -2       667       767       768       668       670       770       769       669
 -1       149    1    0    1
 -2       517       767       768       518       520       770       769       519
 -1       150    1    0    1
 -2       567       717       718       568       570       720       719       569
 -1       151    1    0    1
 -2       617       867       868       618       620       870       869       619
 -1       152    1    0    1
 -2       667       817       818       668       670       820       819       669
 -1       153    1    0    1
 -2       717      1017      1018       718       720      1020      1019       719
 -1       154    1    0    1
 -2       817       917       918       818       820       920       919       819
 -1       155    1    0    1
 -2       767      1067      1068       768       770      1070      1069       769
 -1       156    1    0    1
 -2       867       967       968       868       870       970       969       869
 -1       157    1    0    1
 -2       717       967       968       718       720       970       969       719
 -1       158    1    0    1
 -2       767       917       918       768       770       920       919       769
 -1       159    1    0    1
 -2       817      1067      1068       818       820      1070      1069       819
 -1       160    1    0    1
 -2       867      1017      1018       868       870      1020      1019       869
 -1       161    1    0    1
 -2       917      1989      1990       918       920      1992      1991       919
 -1       162    1    0    1
 -2      1989      1217      1218      1990      1992      1220      1219      1991
 -1       163    1    0    1
 -2      1017      1997      1998      1018      1020      2000      1999      1019
 -1       164    1    0    1
 -2      1997      1117      1118      1998      2000      1120      1119      1999
 -1       165    1    0    1
 -2       967      2005      2006       968       970      2008      2007       969
 -1       166    1    0    1
 -2      2005      1267      1268      2006      2008      1270      1269      2007
 -1       167    1    0    1
 -2      1067      2013      2014      1068      1070      2016      2015      1069
 -1       168    1    0    1
 -2      2013      1167      1168      2014      2016      1170      1169      2015
 -1       169    1    0    1
 -2       917      2021      2022       918       920      2024      2023       919
 -1       170    1    0    1
 -2      2021      1167      1168      2022      2024      1170      1169      2023
 -1       171    1    0    1
 -2       967      2029      2030       968       970      2032      2031       969
 -1       172    1    0    1
 -2      2029      1117      1118      2030      2032      1120      1119      2031
 -1       173    1    0    1
 -2      1017      2037      2038      1018      1020      2040      2039      1019
 -1       174    1    0    1
 -2      2037      1267      1268      2038      2040      1270      1269      2039
 -1       175    1    0    1
 -2      1067      2045      2046      1068      1070      2048      2047      1069
 -1       176    1    0    1
 -2      2045      1217      1218      2046      2048      1220      1219      2047
 -3
    1PSTEP                         1           1           1          
  100CL  101 1.000000000           0                     0    1           1
 -4  DISP        4    1
 -5  D1          1    2    1    0
 -5  D2          1    2    2    0
 -5  D3          1    2    3    0
 -5  ALL         1    2    0    0    1ALL
 -3
 9999
