SUMMARY OF C0NVERGENCE INFORMATION
  STEP   INC  ATT   ITER     CONT.   RESID.        CORR.      RESID.      CORR.
                              EL.    FORCE         DISP       FLUX        TEMP.
                              (#)     (%)           (%)        (%)         (%)
     1     1     1     1        8  0.2684E+04  0.1000E+03  0.0000E+00  0.0000E+00
     1     1     1     2        4  0.2850E+04  0.1000E+03  0.0000E+00  0.0000E+00
     1     1     1     3        8  0.2283E+04  0.1000E+03  0.0000E+00  0.0000E+00
     1     1     1     4        0  0.5765E+03  0.1000E+03  0.0000E+00  0.0000E+00
     1     1     1     5        0  0.5746E+03  0.3599E+02  0.0000E+00  0.0000E+00
     1     1     1     6        0  0.6205E+03  0.8394E+02  0.0000E+00  0.0000E+00
     1     1     1     7        0  0.6923E+03  0.7258E+02  0.0000E+00  0.0000E+00
     1     1     1     8        0  0.7472E+03  0.3921E+02  0.0000E+00  0.0000E+00
     1     1     1     9        0  0.5758E+03  0.5886E+02  0.0000E+00  0.0000E+00
     1     1     1    10        0  0.3699E+03  0.9789E+02  0.0000E+00  0.0000E+00
     1     1     2     1        8  0.1304E+04  0.1000E+03  0.0000E+00  0.0000E+00
     1     1     2     2        4  0.7199E+03  0.2208E+02  0.0000E+00  0.0000E+00
     1     1     2     3        0  0.1192E+03  0.1000E+03  0.0000E+00  0.0000E+00
     1     1     2     4        8  0.2883E+04  0.1000E+03  0.0000E+00  0.0000E+00
     1     1     2     5        2  0.1492E+04  0.3049E-05  0.0000E+00  0.0000E+00
     1     1     2     6        2  0.1492E+04  0.2033E-05  0.0000E+00  0.0000E+00
     1     1     2     7        2  0.1491E+04  0.1355E-05  0.0000E+00  0.0000E+00
     1     1     2     8        2  0.1488E+04  0.9020E-06  0.0000E+00  0.0000E+00
     1     1     2     9        2  0.1485E+04  0.5985E-06  0.0000E+00  0.0000E+00
     1     1     2    10        2  0.2125E+04  0.2810E-05  0.0000E+00  0.0000E+00
     1     1     2    11        2  0.2128E+04  0.1002E-05  0.0000E+00  0.0000E+00
     1     1     3     1        8  0.1323E+04  0.1000E+03  0.0000E+00  0.0000E+00
     1     1     3     2        4  0.7310E+03  0.2225E+02  0.0000E+00  0.0000E+00
     1     1     3     3        0  0.1220E+03  0.1000E+03  0.0000E+00  0.0000E+00
     1     1     3     4        0  0.5402E+03  0.1000E+03  0.0000E+00  0.0000E+00
     1     1     3     5        8  0.2701E+04  0.6918E+02  0.0000E+00  0.0000E+00
     1     1     3     6        4  0.1830E+04  0.5711E-05  0.0000E+00  0.0000E+00
     1     1     3     7        2  0.1398E+04  0.3810E-05  0.0000E+00  0.0000E+00
     1     1     3     8        4  0.1829E+04  0.2540E-05  0.0000E+00  0.0000E+00
     1     1     3     9        4  0.6246E+04  0.9899E-05  0.0000E+00  0.0000E+00
     1     1     3    10        4  0.6187E+04  0.1008E-04  0.0000E+00  0.0000E+00
     1     1     3    11        4  0.7617E+04  0.4152E-05  0.0000E+00  0.0000E+00
     1     1     3    12        4  0.4770E+04  0.4962E-05  0.0000E+00  0.0000E+00
     1     1     3    13        4  0.3539E+04  0.5260E-03  0.0000E+00  0.0000E+00
     1     1     3    14        4  0.2885E+04  0.4384E-03  0.0000E+00  0.0000E+00
     1     1     3    15        4  0.2903E+04  0.6157E-03  0.0000E+00  0.0000E+00
     1     1     3    16        4  0.6840E+04  0.7158E-03  0.0000E+00  0.0000E+00
     1     1     3    17        4  0.3508E+04  0.2041E-02  0.0000E+00  0.0000E+00
     1     1     4     1        8  0.1277E+04  0.1000E+03  0.0000E+00  0.0000E+00
     1     1     4     2        4  0.7036E+03  0.2183E+02  0.0000E+00  0.0000E+00
     1     1     4     3        0  0.1152E+03  0.1000E+03  0.0000E+00  0.0000E+00
     1     1     4     4        8  0.3094E+04  0.1000E+03  0.0000E+00  0.0000E+00
     1     1     4     5        4  0.2100E+04  0.9098E-04  0.0000E+00  0.0000E+00
     1     1     4     6        4  0.2102E+04  0.6065E-04  0.0000E+00  0.0000E+00
     1     1     4     7        4  0.2104E+04  0.4042E-04  0.0000E+00  0.0000E+00
     1     1     4     8        4  0.2107E+04  0.2692E-04  0.0000E+00  0.0000E+00
     1     1     4     9        4  0.2113E+04  0.1791E-04  0.0000E+00  0.0000E+00
     1     1     4    10        4  0.2122E+04  0.1256E-02  0.0000E+00  0.0000E+00
     1     1     4    11        4  0.3168E+04  0.5636E-02  0.0000E+00  0.0000E+00
     1     1     4    12        4  0.1330E+04  0.4023E-02  0.0000E+00  0.0000E+00
     1     1     5     1        8  0.1286E+04  0.1000E+03  0.0000E+00  0.0000E+00
     1     1     5     2        4  0.7089E+03  0.2191E+02  0.0000E+00  0.0000E+00
     1     1     5     3        0  0.1165E+03  0.1000E+03  0.0000E+00  0.0000E+00
     1     1     5     4        8  0.3090E+04  0.1000E+03  0.0000E+00  0.0000E+00
     1     1     5     5        4  0.2098E+04  0.7607E-04  0.0000E+00  0.0000E+00
     1     1     5     6        4  0.2099E+04  0.5071E-04  0.0000E+00  0.0000E+00
     1     1     5     7        4  0.2101E+04  0.3379E-04  0.0000E+00  0.0000E+00
     1     1     5     8        4  0.2105E+04  0.2251E-04  0.0000E+00  0.0000E+00
     1     1     5     9        4  0.2110E+04  0.1498E-04  0.0000E+00  0.0000E+00
     1     1     5    10        4  0.2119E+04  0.9943E-05  0.0000E+00  0.0000E+00
     1     1     5    11        4  0.2135E+04  0.6576E-05  0.0000E+00  0.0000E+00
     1     1     5    12        4  0.2151E+04  0.4322E-05  0.0000E+00  0.0000E+00
     1     1     5    13        4  0.2124E+04  0.2803E-05  0.0000E+00  0.0000E+00
     1     1     5    14        4  0.3349E+04  0.8288E-04  0.0000E+00  0.0000E+00
     1     1     5    15        4  0.8948E+03  0.7696E-04  0.0000E+00  0.0000E+00
     1     1     6     1        8  0.1317E+04  0.1000E+03  0.0000E+00  0.0000E+00
     1     1     6     2        4  0.7272E+03  0.2219E+02  0.0000E+00  0.0000E+00
     1     1     6     3        0  0.1210E+03  0.1000E+03  0.0000E+00  0.0000E+00
     1     1     6     4        8  0.3125E+04  0.1000E+03  0.0000E+00  0.0000E+00
     1     1     6     5        4  0.2121E+04  0.7783E-03  0.0000E+00  0.0000E+00
     1     1     6     6        4  0.2123E+04  0.5188E-03  0.0000E+00  0.0000E+00
     1     1     6     7        4  0.2125E+04  0.3457E-03  0.0000E+00  0.0000E+00
     1     1     6     8        4  0.2128E+04  0.2303E-03  0.0000E+00  0.0000E+00
     1     1     6     9        4  0.2132E+04  0.1532E-03  0.0000E+00  0.0000E+00
     1     1     6    10        4  0.2142E+04  0.1844E-02  0.0000E+00  0.0000E+00
     1     1     6    11        4  0.3093E+04  0.5732E-02  0.0000E+00  0.0000E+00
     1     1     6    12        4  0.1069E+04  0.3369E-02  0.0000E+00  0.0000E+00
