    1C
    1UUSER                                                              
    1UDATE              31.july.2026                                    
    1UTIME              10:34:36                                        
    1UHOST                                                              
    1UPGM               CalculiX                                        
    1UVERSION           Version 2.22                             
    1UCOMPILETIME       Mon Aug  5 19:15:25 CEST 2024                    
    1UDIR                                                               
    1UDBN                                                               
    1UMAT    1EL                                                        
    1UMAT    2SI1                                                       
    2C                            40                                     1
 -1         1 1.00000E+00 1.00000E+00 0.00000E+00
 -1         2 1.00000E+00 0.00000E+00 0.00000E+00
 -1         3 1.00000E+00 0.00000E+00 1.00000E+00
 -1         4 1.00000E+00 1.00000E+00 1.00000E+00
 -1         5 0.00000E+00 1.00000E+00 0.00000E+00
 -1         6 0.00000E+00 0.00000E+00 0.00000E+00
 -1         7 0.00000E+00 0.00000E+00 1.00000E+00
 -1         8 0.00000E+00 1.00000E+00 1.00000E+00
 -1         9 1.00000E+00 5.00000E-01 0.00000E+00
 -1        10 1.00000E+00 0.00000E+00 5.00000E-01
 -1        11 1.00000E+00 5.00000E-01 1.00000E+00
 -1        12 1.00000E+00 1.00000E+00 5.00000E-01
 -1        13 5.00000E-01 1.00000E+00 0.00000E+00
 -1        14 5.00000E-01 0.00000E+00 0.00000E+00
 -1        15 5.00000E-01 0.00000E+00 1.00000E+00
 -1        16 5.00000E-01 1.00000E+00 1.00000E+00
 -1        17 0.00000E+00 5.00000E-01 0.00000E+00
 -1        18 0.00000E+00 0.00000E+00 5.00000E-01
 -1        19 0.00000E+00 5.00000E-01 1.00000E+00
 -1        20 0.00000E+00 1.00000E+00 5.00000E-01
 -1        21 7.50000E-01 7.50000E-01 1.00000E+00
 -1        22 7.50000E-01 2.50000E-01 1.00000E+00
 -1        23 7.50000E-01 2.50000E-01 1.50000E+00
 -1        24 7.50000E-01 7.50000E-01 1.50000E+00
 -1        25 2.50000E-01 7.50000E-01 1.00000E+00
 -1        26 2.50000E-01 2.50000E-01 1.00000E+00
 -1        27 2.50000E-01 2.50000E-01 1.50000E+00
 -1        28 2.50000E-01 7.50000E-01 1.50000E+00
 -1        29 7.50000E-01 5.00000E-01 9.50000E-01
 -1        30 7.50000E-01 2.50000E-01 1.25000E+00
 -1        31 7.50000E-01 5.00000E-01 1.50000E+00
 -1        32 7.50000E-01 7.50000E-01 1.25000E+00
 -1        33 5.00000E-01 7.50000E-01 9.50000E-01
 -1        34 5.00000E-01 2.50000E-01 9.50000E-01
 -1        35 5.00000E-01 2.50000E-01 1.50000E+00
 -1        36 5.00000E-01 7.50000E-01 1.50000E+00
 -1        37 2.50000E-01 5.00000E-01 9.50000E-01
 -1        38 2.50000E-01 2.50000E-01 1.25000E+00
 -1        39 2.50000E-01 5.00000E-01 1.50000E+00
 -1        40 2.50000E-01 7.50000E-01 1.25000E+00
 -3
    3C                             2                                     1
 -1         1    4    0    1
 -2         1         2         3         4         5         6         7         8         9        10
 -2        11        12        13        14        15        16        17        18        19        20
 -1         2    4    0    1
 -2        21        22        23        24        25        26        27        28        29        30
 -2        31        32        33        34        35        36        37        38        39        40
 -3
    1PSTEP                         1           1           1          
  100CL  101 9.76563E-06          40                     0    1           1
 -4  DISP        4    1
 -5  D1          1    2    1    0
 -5  D2          1    2    2    0
 -5  D3          1    2    3    0
 -5  ALL         1    2    0    0    1ALL
 -1         1 0.00000E+00 0.00000E+00 0.00000E+00
 -1         2 0.00000E+00 0.00000E+00 0.00000E+00
 -1         3 3.02598E-01 1.20860E-01-1.82617E+00
 -1         4 3.02597E-01-1.20860E-01-1.82617E+00
 -1         5 0.00000E+00 0.00000E+00 0.00000E+00
 -1         6 0.00000E+00 0.00000E+00 0.00000E+00
 -1         7-3.02606E-01 1.20859E-01-1.82617E+00
 -1         8-3.02605E-01-1.20860E-01-1.82617E+00
 -1         9 0.00000E+00 0.00000E+00 0.00000E+00
 -1        10-4.81254E-01 3.78822E-01-6.58277E-01
 -1        11-5.90214E-01 1.97971E-07-1.77095E+00
 -1        12-4.81254E-01-3.78822E-01-6.58277E-01
 -1        13 0.00000E+00 0.00000E+00 0.00000E+00
 -1        14 0.00000E+00 0.00000E+00 0.00000E+00
 -1        15-4.35738E-06 1.09972E-01-1.78683E+00
 -1        16-4.24103E-06-1.09970E-01-1.78683E+00
 -1        17 0.00000E+00 0.00000E+00 0.00000E+00
 -1        18 4.81248E-01 3.78822E-01-6.58277E-01
 -1        19 5.90205E-01 7.75632E-07-1.77095E+00
 -1        20 4.81247E-01-3.78822E-01-6.58277E-01
 -1        21-5.55465E+01-1.83181E+00-7.43539E+01
 -1        22-5.55465E+01 1.83185E+00-7.43539E+01
 -1        23 0.00000E+00 0.00000E+00-5.87126E+01
 -1        24 0.00000E+00 0.00000E+00-5.87127E+01
 -1        25 5.55465E+01-1.83180E+00-7.43539E+01
 -1        26 5.55465E+01 1.83186E+00-7.43539E+01
 -1        27 0.00000E+00 0.00000E+00-5.87134E+01
 -1        28 0.00000E+00 0.00000E+00-5.87135E+01
 -1        29-4.69076E+00 2.59351E-05-7.02794E+01
 -1        30-1.87386E+01 2.81660E+01-8.18877E+01
 -1        31 0.00000E+00 0.00000E+00-8.43618E+01
 -1        32-1.87386E+01-2.81660E+01-8.18877E+01
 -1        33-8.91604E-05 5.25619E+00-7.61893E+01
 -1        34-8.90443E-05-5.25613E+00-7.61893E+01
 -1        35 0.00000E+00 0.00000E+00-5.63409E+01
 -1        36 0.00000E+00 0.00000E+00-5.63410E+01
 -1        37 4.69075E+00 2.61232E-05-7.02794E+01
 -1        38 1.87386E+01 2.81653E+01-8.18877E+01
 -1        39 0.00000E+00 0.00000E+00-8.43616E+01
 -1        40 1.87386E+01-2.81652E+01-8.18877E+01
 -3
    1PSTEP                         2           1           1          
  100CL  101 9.76563E-06          40                     0    1           1
 -4  FORC        4    1
 -5  F1          1    2    1    0
 -5  F2          1    2    2    0
 -5  F3          1    2    3    0
 -5  ALL         1    2    0    0    1ALL
 -1         1 0.00000E+00 0.00000E+00 0.00000E+00
 -1         2 0.00000E+00 0.00000E+00 0.00000E+00
 -1         3-3.51694E+04 1.05032E+04 4.30921E+04
 -1         4-3.51694E+04-1.05033E+04 4.30921E+04
 -1         5 0.00000E+00 0.00000E+00 0.00000E+00
 -1         6 0.00000E+00 0.00000E+00 0.00000E+00
 -1         7 3.51687E+04 1.05032E+04 4.30920E+04
 -1         8 3.51686E+04-1.05033E+04 4.30920E+04
 -1         9 0.00000E+00 0.00000E+00 0.00000E+00
 -1        10 4.09370E+04-1.80223E+04-5.91864E+04
 -1        11 1.07996E+04 1.28541E-02-2.13162E+04
 -1        12 4.09370E+04 1.80223E+04-5.91865E+04
 -1        13 0.00000E+00 0.00000E+00 0.00000E+00
 -1        14 0.00000E+00 0.00000E+00 0.00000E+00
 -1        15 3.92201E-01 1.73163E+04 4.75371E+04
 -1        16 3.53315E-01-1.73163E+04 4.75373E+04
 -1        17 0.00000E+00 0.00000E+00 0.00000E+00
 -1        18-4.09359E+04-1.80222E+04-5.91864E+04
 -1        19-1.07989E+04 4.48366E-03-2.13163E+04
 -1        20-4.09360E+04 1.80222E+04-5.91865E+04
 -1        21 1.33816E+10-3.46899E+09-1.40440E+10
 -1        22 1.33816E+10 3.46901E+09-1.40440E+10
 -1        23 0.00000E+00 0.00000E+00-1.55121E+10
 -1        24 0.00000E+00 0.00000E+00-1.55121E+10
 -1        25-1.33815E+10-3.46900E+09-1.40437E+10
 -1        26-1.33815E+10 3.46901E+09-1.40437E+10
 -1        27 0.00000E+00 0.00000E+00-1.55117E+10
 -1        28 0.00000E+00 0.00000E+00-1.55117E+10
 -1        29-7.14237E+09-9.47872E+03 1.11611E+10
 -1        30-1.93291E+09-1.14312E+10 1.10727E+10
 -1        31 0.00000E+00 0.00000E+00 2.11271E+10
 -1        32-1.93290E+09 1.14312E+10 1.10728E+10
 -1        33 8.59870E+04 5.96890E+09 2.65356E+09
 -1        34 8.57373E+04-5.96892E+09 2.65356E+09
 -1        35 0.00000E+00 0.00000E+00 2.02505E+09
 -1        36 0.00000E+00 0.00000E+00 2.02511E+09
 -1        37 7.14214E+09-8.38746E+03 1.11607E+10
 -1        38 1.93281E+09-1.14309E+10 1.10724E+10
 -1        39 0.00000E+00 0.00000E+00 2.11264E+10
 -1        40 1.93281E+09 1.14309E+10 1.10725E+10
 -3
