    1C
    1UNormalized cross-passage space-truss torsion benchmark            
    1UUSER                                                              
    1UDATE              06.august.2026                                  
    1UTIME              05:34:14                                        
    1UHOST                                                              
    1UPGM               CalculiX                                        
    1UVERSION           Version 2.21                             
    1UCOMPILETIME       Sat Jul 29 10:52:01 CEST 2023                    
    1UDIR                                                               
    1UDBN                                                               
    1UMAT    1STEEL                                                     
    2C                          1232                                     1
 -1       261-1.19376E+00 9.16807E-04-3.54997E-02
 -1       262-1.23024E+00 3.62719E-03-1.93049E-02
 -1       263-1.20624E+00-9.16807E-04 3.54997E-02
 -1       264-1.16976E+00-3.62719E-03 1.93049E-02
 -1       269-1.20145E+00-3.41225E-02-1.15569E-02
 -1       270-1.20010E+00-2.46574E-03-3.59709E-02
 -1       271-1.19855E+00 3.41225E-02 1.15569E-02
 -1       272-1.19990E+00 2.46574E-03 3.59709E-02
 -1       277-1.23365E+00-1.29325E-02 5.48678E-04
 -1       278-1.20099E+00-3.60094E-02 1.52775E-03
 -1       279-1.16635E+00 1.29325E-02-5.48678E-04
 -1       280-1.19901E+00 3.60094E-02-1.52775E-03
 -1       311 1.20177E+00 2.41126E-03-3.59310E-02
 -1       312 1.16758E+00-2.03736E-03-1.56535E-02
 -1       313 1.19823E+00-2.41126E-03 3.59310E-02
 -1       314 1.23242E+00 2.03736E-03 1.56535E-02
 -1       319 1.20143E+00-3.37965E-02-1.24797E-02
 -1       320 1.20006E+00-1.48932E-03-3.60247E-02
 -1       321 1.19857E+00 3.37965E-02 1.24797E-02
 -1       322 1.19994E+00 1.48932E-03 3.60247E-02
 -1       327 1.16707E+00-1.46725E-02-6.22501E-04
 -1       328 1.20089E+00-3.60121E-02-1.52786E-03
 -1       329 1.23293E+00 1.46725E-02 6.22501E-04
 -1       330 1.19911E+00 3.60121E-02 1.52786E-03
 -1       361-1.19295E+00-2.85923E-03 1.96476E+00
 -1       362-1.22978E+00 1.50377E-03 1.97973E+00
 -1       363-1.20705E+00 2.85923E-03 2.03524E+00
 -1       364-1.17022E+00-1.50377E-03 2.02027E+00
 -1       369-1.19857E+00-3.37965E-02 1.98752E+00
 -1       370-1.19994E+00-1.48932E-03 1.96398E+00
 -1       371-1.20143E+00 3.37965E-02 2.01248E+00
 -1       372-1.20006E+00 1.48932E-03 2.03602E+00
 -1       377-1.23293E+00-1.46725E-02 1.99938E+00
 -1       378-1.19911E+00-3.60121E-02 1.99847E+00
 -1       379-1.16707E+00 1.46725E-02 2.00062E+00
 -1       380-1.20089E+00 3.60121E-02 2.00153E+00
 -1       411 1.20318E+00-1.21786E-03 1.96411E+00
 -1       412 1.16822E+00-3.65827E-03 1.98338E+00
 -1       413 1.19682E+00 1.21786E-03 2.03589E+00
 -1       414 1.23178E+00 3.65827E-03 2.01662E+00
 -1       419 1.19855E+00-3.41225E-02 1.98844E+00
 -1       420 1.19990E+00-2.46574E-03 1.96403E+00
 -1       421 1.20145E+00 3.41225E-02 2.01156E+00
 -1       422 1.20010E+00 2.46574E-03 2.03597E+00
 -1       427 1.16635E+00-1.29325E-02 2.00055E+00
 -1       428 1.19901E+00-3.60094E-02 2.00153E+00
 -1       429 1.23365E+00 1.29325E-02 1.99945E+00
 -1       430 1.20099E+00 3.60094E-02 1.99847E+00
 -1       461-1.19510E+00 9.99961E+00-3.57187E-02
 -1       462-1.23108E+00 1.00003E+01-1.82668E-02
 -1       463-1.20490E+00 1.00004E+01 3.57187E-02
 -1       464-1.16892E+00 9.99973E+00 1.82668E-02
 -1       469-1.20000E+00 9.96600E+00-1.20000E-02
 -1       470-1.20000E+00 9.99800E+00-3.60000E-02
 -1       471-1.20000E+00 1.00340E+01 1.20000E-02
 -1       472-1.20000E+00 1.00020E+01 3.60000E-02
 -1       477-1.23328E+00 9.98613E+00 0.00000E+00
 -1       478-1.20000E+00 9.96394E+00 0.00000E+00
 -1       479-1.16672E+00 1.00139E+01 0.00000E+00
 -1       480-1.20000E+00 1.00361E+01 0.00000E+00
 -1       511 1.20442E+00 9.99938E+00-3.57780E-02
 -1       512 1.16867E+00 9.99922E+00-1.78328E-02
 -1       513 1.19558E+00 1.00006E+01 3.57780E-02
 -1       514 1.23133E+00 1.00008E+01 1.78328E-02
 -1       519 1.20000E+00 9.96600E+00-1.20000E-02
 -1       520 1.20000E+00 9.99800E+00-3.60000E-02
 -1       521 1.20000E+00 1.00340E+01 1.20000E-02
 -1       522 1.20000E+00 1.00020E+01 3.60000E-02
 -1       527 1.16672E+00 9.98613E+00 0.00000E+00
 -1       528 1.20000E+00 9.96394E+00 0.00000E+00
 -1       529 1.23328E+00 1.00139E+01 0.00000E+00
 -1       530 1.20000E+00 1.00361E+01 0.00000E+00
 -1       561-1.19542E+00 1.00006E+01 1.96424E+00
 -1       562-1.23125E+00 1.00008E+01 1.98203E+00
 -1       563-1.20458E+00 9.99938E+00 2.03576E+00
 -1       564-1.16875E+00 9.99922E+00 2.01797E+00
 -1       569-1.20000E+00 9.96600E+00 1.98800E+00
 -1       570-1.20000E+00 9.99800E+00 1.96400E+00
 -1       571-1.20000E+00 1.00340E+01 2.01200E+00
 -1       572-1.20000E+00 1.00020E+01 2.03600E+00
 -1       577-1.23328E+00 9.98613E+00 2.00000E+00
 -1       578-1.20000E+00 9.96394E+00 2.00000E+00
 -1       579-1.16672E+00 1.00139E+01 2.00000E+00
 -1       580-1.20000E+00 1.00361E+01 2.00000E+00
 -1       611 1.20409E+00 1.00004E+01 1.96418E+00
 -1       612 1.16851E+00 9.99972E+00 1.98245E+00
 -1       613 1.19591E+00 9.99962E+00 2.03582E+00
 -1       614 1.23149E+00 1.00003E+01 2.01755E+00
 -1       619 1.20000E+00 9.96600E+00 1.98800E+00
 -1       620 1.20000E+00 9.99800E+00 1.96400E+00
 -1       621 1.20000E+00 1.00340E+01 2.01200E+00
 -1       622 1.20000E+00 1.00020E+01 2.03600E+00
 -1       627 1.16672E+00 9.98613E+00 2.00000E+00
 -1       628 1.20000E+00 9.96394E+00 2.00000E+00
 -1       629 1.23328E+00 1.00139E+01 2.00000E+00
 -1       630 1.20000E+00 1.00361E+01 2.00000E+00
 -1       661-1.19531E+00 1.99997E+01-3.57478E-02
 -1       662-1.23119E+00 2.00001E+01-1.80815E-02
 -1       663-1.20469E+00 2.00003E+01 3.57478E-02
 -1       664-1.16881E+00 1.99999E+01 1.80815E-02
 -1       669-1.20102E+00 1.99659E+01-1.16828E-02
 -1       670-1.20007E+00 1.99977E+01-3.59798E-02
 -1       671-1.19898E+00 2.00341E+01 1.16828E-02
 -1       672-1.19993E+00 2.00023E+01 3.59798E-02
 -1       677-1.23354E+00 1.99868E+01 3.96605E-04
 -1       678-1.20069E+00 1.99640E+01 1.08098E-03
 -1       679-1.16646E+00 2.00132E+01-3.96605E-04
 -1       680-1.19931E+00 2.00360E+01-1.08098E-03
 -1       711 1.20439E+00 1.99998E+01-3.57860E-02
 -1       712 1.16866E+00 1.99997E+01-1.78189E-02
 -1       713 1.19561E+00 2.00002E+01 3.57860E-02
 -1       714 1.23134E+00 2.00003E+01 1.78189E-02
 -1       719 1.20102E+00 1.99661E+01-1.23355E-02
 -1       720 1.20005E+00 1.99984E+01-3.60180E-02
 -1       721 1.19898E+00 2.00339E+01 1.23355E-02
 -1       722 1.19995E+00 2.00016E+01 3.60180E-02
 -1       727 1.16697E+00 1.99855E+01-4.33494E-04
 -1       728 1.20064E+00 1.99640E+01-1.08101E-03
 -1       729 1.23303E+00 2.00145E+01 4.33494E-04
 -1       730 1.19936E+00 2.00360E+01 1.08101E-03
 -1       761-1.19547E+00 2.00002E+01 1.96423E+00
 -1       762-1.23128E+00 2.00003E+01 1.98206E+00
 -1       763-1.20453E+00 1.99998E+01 2.03577E+00
 -1       764-1.16872E+00 1.99997E+01 2.01794E+00
 -1       769-1.19898E+00 1.99661E+01 1.98766E+00
 -1       770-1.19995E+00 1.99984E+01 1.96398E+00
 -1       771-1.20102E+00 2.00339E+01 2.01234E+00
 -1       772-1.20005E+00 2.00016E+01 2.03602E+00
 -1       777-1.23303E+00 1.99855E+01 1.99957E+00
 -1       778-1.19936E+00 1.99640E+01 1.99892E+00
 -1       779-1.16697E+00 2.00145E+01 2.00043E+00
 -1       780-1.20064E+00 2.00360E+01 2.00108E+00
 -1       811 1.20423E+00 2.00003E+01 1.96419E+00
 -1       812 1.16857E+00 1.99999E+01 1.98233E+00
 -1       813 1.19577E+00 1.99997E+01 2.03581E+00
 -1       814 1.23143E+00 2.00001E+01 2.01767E+00
 -1       819 1.19898E+00 1.99659E+01 1.98832E+00
 -1       820 1.19993E+00 1.99977E+01 1.96402E+00
 -1       821 1.20102E+00 2.00341E+01 2.01168E+00
 -1       822 1.20007E+00 2.00023E+01 2.03598E+00
 -1       827 1.16646E+00 1.99868E+01 2.00040E+00
 -1       828 1.19931E+00 1.99640E+01 2.00108E+00
 -1       829 1.23354E+00 2.00132E+01 1.99960E+00
 -1       830 1.20069E+00 2.00360E+01 1.99892E+00
 -1       861-1.19516E+00 2.99995E+01-3.57261E-02
 -1       862-1.23112E+00 3.00000E+01-1.82091E-02
 -1       863-1.20484E+00 3.00005E+01 3.57261E-02
 -1       864-1.16888E+00 3.00000E+01 1.82091E-02
 -1       869-1.20000E+00 2.99660E+01-1.20000E-02
 -1       870-1.20000E+00 2.99980E+01-3.60000E-02
 -1       871-1.20000E+00 3.00340E+01 1.20000E-02
 -1       872-1.20000E+00 3.00020E+01 3.60000E-02
 -1       877-1.23328E+00 2.99861E+01 0.00000E+00
 -1       878-1.20000E+00 2.99639E+01 0.00000E+00
 -1       879-1.16672E+00 3.00139E+01 0.00000E+00
 -1       880-1.20000E+00 3.00361E+01 0.00000E+00
 -1       911 1.20441E+00 2.99999E+01-3.57845E-02
 -1       912 1.16867E+00 2.99997E+01-1.78351E-02
 -1       913 1.19559E+00 3.00001E+01 3.57845E-02
 -1       914 1.23133E+00 3.00003E+01 1.78351E-02
 -1       919 1.20000E+00 2.99660E+01-1.20000E-02
 -1       920 1.20000E+00 2.99980E+01-3.60000E-02
 -1       921 1.20000E+00 3.00340E+01 1.20000E-02
 -1       922 1.20000E+00 3.00020E+01 3.60000E-02
 -1       927 1.16672E+00 2.99861E+01 0.00000E+00
 -1       928 1.20000E+00 2.99639E+01 0.00000E+00
 -1       929 1.23328E+00 3.00139E+01 0.00000E+00
 -1       930 1.20000E+00 3.00361E+01 0.00000E+00
 -1       961-1.19533E+00 3.00001E+01 1.96425E+00
 -1       962-1.23121E+00 3.00003E+01 1.98194E+00
 -1       963-1.20467E+00 2.99999E+01 2.03575E+00
 -1       964-1.16879E+00 2.99997E+01 2.01806E+00
 -1       969-1.20000E+00 2.99660E+01 1.98800E+00
 -1       970-1.20000E+00 2.99980E+01 1.96400E+00
 -1       971-1.20000E+00 3.00340E+01 2.01200E+00
 -1       972-1.20000E+00 3.00020E+01 2.03600E+00
 -1       977-1.23328E+00 2.99861E+01 2.00000E+00
 -1       978-1.20000E+00 2.99639E+01 2.00000E+00
 -1       979-1.16672E+00 3.00139E+01 2.00000E+00
 -1       980-1.20000E+00 3.00361E+01 2.00000E+00
 -1      1011 1.20423E+00 3.00005E+01 1.96420E+00
 -1      1012 1.16858E+00 3.00000E+01 1.98232E+00
 -1      1013 1.19577E+00 2.99995E+01 2.03580E+00
 -1      1014 1.23142E+00 3.00000E+01 2.01768E+00
 -1      1019 1.20000E+00 2.99660E+01 1.98800E+00
 -1      1020 1.20000E+00 2.99980E+01 1.96400E+00
 -1      1021 1.20000E+00 3.00340E+01 2.01200E+00
 -1      1022 1.20000E+00 3.00020E+01 2.03600E+00
 -1      1027 1.16672E+00 2.99861E+01 2.00000E+00
 -1      1028 1.20000E+00 2.99639E+01 2.00000E+00
 -1      1029 1.23328E+00 3.00139E+01 2.00000E+00
 -1      1030 1.20000E+00 3.00361E+01 2.00000E+00
 -1      1061-1.19499E+00 3.99993E+01-3.56992E-02
 -1      1062-1.23103E+00 4.00001E+01-1.83620E-02
 -1      1063-1.20501E+00 4.00007E+01 3.56992E-02
 -1      1064-1.16897E+00 3.99999E+01 1.83620E-02
 -1      1069-1.20145E+00 3.99659E+01-1.15569E-02
 -1      1070-1.20010E+00 3.99975E+01-3.59709E-02
 -1      1071-1.19855E+00 4.00341E+01 1.15569E-02
 -1      1072-1.19990E+00 4.00025E+01 3.59709E-02
 -1      1077-1.23365E+00 3.99871E+01 5.48678E-04
 -1      1078-1.20099E+00 3.99640E+01 1.52775E-03
 -1      1079-1.16635E+00 4.00129E+01-5.48678E-04
 -1      1080-1.19901E+00 4.00360E+01-1.52775E-03
 -1      1111 1.20433E+00 3.99996E+01-3.57922E-02
 -1      1112 1.16863E+00 3.99993E+01-1.77576E-02
 -1      1113 1.19567E+00 4.00004E+01 3.57922E-02
 -1      1114 1.23137E+00 4.00007E+01 1.77576E-02
 -1      1119 1.20143E+00 3.99662E+01-1.24797E-02
 -1      1120 1.20006E+00 3.99985E+01-3.60247E-02
 -1      1121 1.19857E+00 4.00338E+01 1.24797E-02
 -1      1122 1.19994E+00 4.00015E+01 3.60247E-02
 -1      1127 1.16707E+00 3.99853E+01-6.22501E-04
 -1      1128 1.20089E+00 3.99640E+01-1.52786E-03
 -1      1129 1.23293E+00 4.00147E+01 6.22501E-04
 -1      1130 1.19911E+00 4.00360E+01 1.52786E-03
 -1      1161-1.19533E+00 4.00004E+01 1.96425E+00
 -1      1162-1.23120E+00 4.00007E+01 1.98195E+00
 -1      1163-1.20467E+00 3.99996E+01 2.03575E+00
 -1      1164-1.16880E+00 3.99993E+01 2.01805E+00
 -1      1169-1.19857E+00 3.99662E+01 1.98752E+00
 -1      1170-1.19994E+00 3.99985E+01 1.96398E+00
 -1      1171-1.20143E+00 4.00338E+01 2.01248E+00
 -1      1172-1.20006E+00 4.00015E+01 2.03602E+00
 -1      1177-1.23293E+00 3.99853E+01 1.99938E+00
 -1      1178-1.19911E+00 3.99640E+01 1.99847E+00
 -1      1179-1.16707E+00 4.00147E+01 2.00062E+00
 -1      1180-1.20089E+00 4.00360E+01 2.00153E+00
 -1      1211 1.20396E+00 4.00007E+01 1.96417E+00
 -1      1212 1.16845E+00 3.99998E+01 1.98255E+00
 -1      1213 1.19604E+00 3.99993E+01 2.03583E+00
 -1      1214 1.23155E+00 4.00002E+01 2.01745E+00
 -1      1219 1.19855E+00 3.99659E+01 1.98844E+00
 -1      1220 1.19990E+00 3.99975E+01 1.96403E+00
 -1      1221 1.20145E+00 4.00341E+01 2.01156E+00
 -1      1222 1.20010E+00 4.00025E+01 2.03597E+00
 -1      1227 1.16635E+00 3.99871E+01 2.00055E+00
 -1      1228 1.19901E+00 3.99640E+01 2.00153E+00
 -1      1229 1.23365E+00 4.00129E+01 1.99945E+00
 -1      1230 1.20099E+00 4.00360E+01 1.99847E+00
 -1      1261-1.19608E+00 4.99978E+01-3.57769E-02
 -1      1262-1.23151E+00 4.99968E+01-1.72369E-02
 -1      1263-1.20392E+00 5.00022E+01 3.57769E-02
 -1      1264-1.16849E+00 5.00032E+01 1.72369E-02
 -1      1269-1.20157E+00 4.99659E+01-1.15220E-02
 -1      1270-1.20011E+00 4.99975E+01-3.59684E-02
 -1      1271-1.19843E+00 5.00341E+01 1.15220E-02
 -1      1272-1.19989E+00 5.00025E+01 3.59684E-02
 -1      1277-1.23368E+00 4.99872E+01 5.90072E-04
 -1      1278-1.20108E+00 4.99640E+01 1.65325E-03
 -1      1279-1.16632E+00 5.00128E+01-5.90072E-04
 -1      1280-1.19892E+00 5.00360E+01-1.65325E-03
 -1      1311 1.20659E+00 4.99962E+01-3.52441E-02
 -1      1312 1.16988E+00 5.00000E+01-1.98184E-02
 -1      1313 1.19341E+00 5.00038E+01 3.52441E-02
 -1      1314 1.23012E+00 5.00000E+01 1.98184E-02
 -1      1319 1.20155E+00 4.99662E+01-1.25208E-02
 -1      1320 1.20007E+00 4.99986E+01-3.60265E-02
 -1      1321 1.19845E+00 5.00338E+01 1.25208E-02
 -1      1322 1.19993E+00 5.00014E+01 3.60265E-02
 -1      1327 1.16710E+00 4.99853E+01-6.76580E-04
 -1      1328 1.20096E+00 4.99640E+01-1.65341E-03
 -1      1329 1.23290E+00 5.00147E+01 6.76580E-04
 -1      1330 1.19904E+00 5.00360E+01 1.65341E-03
 -1      1361-1.19822E+00 5.00036E+01 1.96416E+00
 -1      1362-1.23249E+00 4.99994E+01 1.98438E+00
 -1      1363-1.20178E+00 4.99964E+01 2.03584E+00
 -1      1364-1.16751E+00 5.00006E+01 2.01562E+00
 -1      1369-1.19845E+00 4.99662E+01 1.98748E+00
 -1      1370-1.19993E+00 4.99986E+01 1.96397E+00
 -1      1371-1.20155E+00 5.00338E+01 2.01252E+00
 -1      1372-1.20007E+00 5.00014E+01 2.03603E+00
 -1      1377-1.23290E+00 4.99853E+01 1.99932E+00
 -1      1378-1.19904E+00 4.99640E+01 1.99835E+00
 -1      1379-1.16710E+00 5.00147E+01 2.00068E+00
 -1      1380-1.20096E+00 5.00360E+01 2.00165E+00
 -1      1411 1.20511E+00 5.00021E+01 1.96437E+00
 -1      1412 1.16909E+00 5.00032E+01 1.98172E+00
 -1      1413 1.19489E+00 4.99979E+01 2.03563E+00
 -1      1414 1.23091E+00 4.99968E+01 2.01828E+00
 -1      1419 1.19843E+00 4.99659E+01 1.98848E+00
 -1      1420 1.19989E+00 4.99975E+01 1.96403E+00
 -1      1421 1.20157E+00 5.00341E+01 2.01152E+00
 -1      1422 1.20011E+00 5.00025E+01 2.03597E+00
 -1      1427 1.16632E+00 4.99872E+01 2.00059E+00
 -1      1428 1.19892E+00 4.99640E+01 2.00165E+00
 -1      1429 1.23368E+00 5.00128E+01 1.99941E+00
 -1      1430 1.20108E+00 5.00360E+01 1.99835E+00
 -1      1461-1.19553E+00 5.00000E+00-1.85778E-01
 -1      1462-1.23131E+00 5.00000E+00-1.67883E-01
 -1      1463-1.20447E+00 5.00000E+00-1.14222E-01
 -1      1464-1.16869E+00 5.00000E+00-1.32117E-01
 -1      1469 1.20447E+00 5.00000E+00 1.14222E-01
 -1      1470 1.16869E+00 5.00000E+00 1.32117E-01
 -1      1471 1.19553E+00 5.00000E+00 1.85778E-01
 -1      1472 1.23131E+00 5.00000E+00 1.67883E-01
 -1      1477-1.19553E+00 5.00000E+00 1.81422E+00
 -1      1478-1.23131E+00 5.00000E+00 1.83212E+00
 -1      1479-1.20447E+00 5.00000E+00 1.88578E+00
 -1      1480-1.16869E+00 5.00000E+00 1.86788E+00
 -1      1485 1.20447E+00 5.00000E+00 2.11422E+00
 -1      1486 1.16869E+00 5.00000E+00 2.13212E+00
 -1      1487 1.19553E+00 5.00000E+00 2.18578E+00
 -1      1488 1.23131E+00 5.00000E+00 2.16788E+00
 -1      1493-1.19553E+00 3.50000E+01-1.85778E-01
 -1      1494-1.23131E+00 3.50000E+01-1.67883E-01
 -1      1495-1.20447E+00 3.50000E+01-1.14222E-01
 -1      1496-1.16869E+00 3.50000E+01-1.32117E-01
 -1      1501 1.20447E+00 3.50000E+01 1.14222E-01
 -1      1502 1.16869E+00 3.50000E+01 1.32117E-01
 -1      1503 1.19553E+00 3.50000E+01 1.85778E-01
 -1      1504 1.23131E+00 3.50000E+01 1.67883E-01
 -1      1509-1.19553E+00 3.50000E+01 1.81422E+00
 -1      1510-1.23131E+00 3.50000E+01 1.83212E+00
 -1      1511-1.20447E+00 3.50000E+01 1.88578E+00
 -1      1512-1.16869E+00 3.50000E+01 1.86788E+00
 -1      1517 1.20447E+00 3.50000E+01 2.11422E+00
 -1      1518 1.16869E+00 3.50000E+01 2.13212E+00
 -1      1519 1.19553E+00 3.50000E+01 2.18578E+00
 -1      1520 1.23131E+00 3.50000E+01 2.16788E+00
 -1      1525-1.19522E+00 4.24989E+01-1.41787E-01
 -1      1526-1.23115E+00 4.24995E+01-1.24216E-01
 -1      1527-1.20478E+00 4.25011E+01-7.03450E-02
 -1      1528-1.16885E+00 4.25005E+01-8.79159E-02
 -1      1533-1.19553E+00 4.50000E+01-1.85777E-01
 -1      1534-1.23131E+00 4.50000E+01-1.67887E-01
 -1      1535-1.20447E+00 4.50000E+01-1.14223E-01
 -1      1536-1.16869E+00 4.50000E+01-1.32113E-01
 -1      1541-1.19586E+00 4.75011E+01-1.41867E-01
 -1      1542-1.23147E+00 4.75005E+01-1.23652E-01
 -1      1543-1.20414E+00 4.74989E+01-7.02647E-02
 -1      1544-1.16853E+00 4.74995E+01-8.84797E-02
 -1      1549 1.20414E+00 4.25011E+01 7.02647E-02
 -1      1550 1.16853E+00 4.25005E+01 8.84797E-02
 -1      1551 1.19586E+00 4.24989E+01 1.41867E-01
 -1      1552 1.23147E+00 4.24995E+01 1.23652E-01
 -1      1557 1.20447E+00 4.50000E+01 1.14223E-01
 -1      1558 1.16869E+00 4.50000E+01 1.32113E-01
 -1      1559 1.19553E+00 4.50000E+01 1.85777E-01
 -1      1560 1.23131E+00 4.50000E+01 1.67887E-01
 -1      1565 1.20478E+00 4.74989E+01 7.03450E-02
 -1      1566 1.16885E+00 4.74995E+01 8.79159E-02
 -1      1567 1.19522E+00 4.75011E+01 1.41787E-01
 -1      1568 1.23115E+00 4.75005E+01 1.24216E-01
 -1      1573-1.19522E+00 4.24989E+01 1.85821E+00
 -1      1574-1.23115E+00 4.24995E+01 1.87578E+00
 -1      1575-1.20478E+00 4.25011E+01 1.92966E+00
 -1      1576-1.16885E+00 4.25005E+01 1.91208E+00
 -1      1581-1.19553E+00 4.50000E+01 1.81422E+00
 -1      1582-1.23131E+00 4.50000E+01 1.83211E+00
 -1      1583-1.20447E+00 4.50000E+01 1.88578E+00
 -1      1584-1.16869E+00 4.50000E+01 1.86789E+00
 -1      1589-1.19586E+00 4.75011E+01 1.85813E+00
 -1      1590-1.23147E+00 4.75005E+01 1.87635E+00
 -1      1591-1.20414E+00 4.74989E+01 1.92974E+00
 -1      1592-1.16853E+00 4.74995E+01 1.91152E+00
 -1      1597 1.20414E+00 4.25011E+01 2.07026E+00
 -1      1598 1.16853E+00 4.25005E+01 2.08848E+00
 -1      1599 1.19586E+00 4.24989E+01 2.14187E+00
 -1      1600 1.23147E+00 4.24995E+01 2.12365E+00
 -1      1605 1.20447E+00 4.50000E+01 2.11422E+00
 -1      1606 1.16869E+00 4.50000E+01 2.13211E+00
 -1      1607 1.19553E+00 4.50000E+01 2.18578E+00
 -1      1608 1.23131E+00 4.50000E+01 2.16789E+00
 -1      1613 1.20478E+00 4.74989E+01 2.07034E+00
 -1      1614 1.16885E+00 4.74995E+01 2.08792E+00
 -1      1615 1.19522E+00 4.75011E+01 2.14179E+00
 -1      1616 1.23115E+00 4.75005E+01 2.12422E+00
 -1      1621-6.01023E-01-5.95507E-02-1.16832E-02
 -1      1622-6.00070E-01-2.77896E-02-3.59798E-02
 -1      1623-5.98977E-01 8.63897E-03 1.16832E-02
 -1      1624-5.99930E-01-2.31221E-02 3.59798E-02
 -1      1629 0.00000E+00-6.99997E-02-1.20008E-02
 -1      1630 0.00000E+00-3.79991E-02-3.60000E-02
 -1      1631 0.00000E+00-2.00028E-03 1.20008E-02
 -1      1632 0.00000E+00-3.40009E-02 3.60000E-02
 -1      1637 6.01016E-01-5.93202E-02-1.23359E-02
 -1      1638 6.00049E-01-2.70988E-02-3.60180E-02
 -1      1639 5.98984E-01 8.40852E-03 1.23359E-02
 -1      1640 5.99951E-01-2.38129E-02 3.60180E-02
 -1      1645-5.98984E-01-8.40852E-03 1.98766E+00
 -1      1646-5.99951E-01 2.38129E-02 1.96398E+00
 -1      1647-6.01016E-01 5.93202E-02 2.01234E+00
 -1      1648-6.00049E-01 2.70988E-02 2.03602E+00
 -1      1653 0.00000E+00 2.00028E-03 1.98800E+00
 -1      1654 0.00000E+00 3.40009E-02 1.96400E+00
 -1      1655 0.00000E+00 6.99997E-02 2.01200E+00
 -1      1656 0.00000E+00 3.79991E-02 2.03600E+00
 -1      1661 5.98977E-01-8.63897E-03 1.98832E+00
 -1      1662 5.99930E-01 2.31221E-02 1.96402E+00
 -1      1663 6.01023E-01 5.95507E-02 2.01168E+00
 -1      1664 6.00070E-01 2.77896E-02 2.03598E+00
 -1      1669-1.23354E+00 7.99623E-03 5.00396E-01
 -1      1670-1.20070E+00-1.48194E-02 5.01081E-01
 -1      1671-1.16646E+00 3.44302E-02 4.99604E-01
 -1      1672-1.19930E+00 5.72458E-02 4.98919E-01
 -1      1677-1.23328E+00 1.61383E-02 1.00000E+00
 -1      1678-1.20001E+00-6.05551E-03 1.00000E+00
 -1      1679-1.16672E+00 4.38617E-02 1.00000E+00
 -1      1680-1.19999E+00 6.60555E-02 1.00000E+00
 -1      1685-1.23303E+00 6.76606E-03 1.49957E+00
 -1      1686-1.19936E+00-1.48205E-02 1.49892E+00
 -1      1687-1.16697E+00 3.56603E-02 1.50043E+00
 -1      1688-1.20064E+00 5.72469E-02 1.50108E+00
 -1      1693 1.16697E+00-3.56603E-02 4.99567E-01
 -1      1694 1.20064E+00-5.72469E-02 4.98919E-01
 -1      1695 1.23303E+00-6.76606E-03 5.00433E-01
 -1      1696 1.19936E+00 1.48205E-02 5.01081E-01
 -1      1701 1.16672E+00-4.38617E-02 1.00000E+00
 -1      1702 1.19999E+00-6.60555E-02 1.00000E+00
 -1      1703 1.23328E+00-1.61383E-02 1.00000E+00
 -1      1704 1.20001E+00 6.05551E-03 1.00000E+00
 -1      1709 1.16646E+00-3.44302E-02 1.50040E+00
 -1      1710 1.19930E+00-5.72458E-02 1.50108E+00
 -1      1711 1.23354E+00-7.99623E-03 1.49960E+00
 -1      1712 1.20070E+00 1.48194E-02 1.49892E+00
 -1      1717 0.00000E+00 1.99300E+01-1.20023E-02
 -1      1718 0.00000E+00 1.99620E+01-3.60001E-02
 -1      1719 0.00000E+00 1.99980E+01 1.20023E-02
 -1      1720 0.00000E+00 1.99660E+01 3.60001E-02
 -1      1725 0.00000E+00 2.00020E+01 1.98800E+00
 -1      1726 0.00000E+00 2.00340E+01 1.96400E+00
 -1      1727 0.00000E+00 2.00700E+01 2.01200E+00
 -1      1728 0.00000E+00 2.00380E+01 2.03600E+00
 -1      1733-1.23329E+00 2.00161E+01 1.00000E+00
 -1      1734-1.20002E+00 1.99939E+01 1.00000E+00
 -1      1735-1.16671E+00 2.00438E+01 1.00000E+00
 -1      1736-1.19998E+00 2.00661E+01 1.00000E+00
 -1      1741 1.16671E+00 1.99562E+01 1.00000E+00
 -1      1742 1.19998E+00 1.99339E+01 1.00000E+00
 -1      1743 1.23329E+00 1.99839E+01 1.00000E+00
 -1      1744 1.20002E+00 2.00061E+01 1.00000E+00
 -1      1749-6.01023E-01 3.99404E+01-1.16832E-02
 -1      1750-6.00070E-01 3.99722E+01-3.59798E-02
 -1      1751-5.98977E-01 4.00086E+01 1.16832E-02
 -1      1752-5.99930E-01 3.99769E+01 3.59798E-02
 -1      1757 0.00000E+00 3.99300E+01-1.20008E-02
 -1      1758 0.00000E+00 3.99620E+01-3.60000E-02
 -1      1759 0.00000E+00 3.99980E+01 1.20008E-02
 -1      1760 0.00000E+00 3.99660E+01 3.60000E-02
 -1      1765 6.01016E-01 3.99407E+01-1.23359E-02
 -1      1766 6.00049E-01 3.99729E+01-3.60180E-02
 -1      1767 5.98984E-01 4.00084E+01 1.23359E-02
 -1      1768 5.99951E-01 3.99762E+01 3.60180E-02
 -1      1773-5.98984E-01 3.99916E+01 1.98766E+00
 -1      1774-5.99951E-01 4.00238E+01 1.96398E+00
 -1      1775-6.01016E-01 4.00593E+01 2.01234E+00
 -1      1776-6.00049E-01 4.00271E+01 2.03602E+00
 -1      1781 0.00000E+00 4.00020E+01 1.98800E+00
 -1      1782 0.00000E+00 4.00340E+01 1.96400E+00
 -1      1783 0.00000E+00 4.00700E+01 2.01200E+00
 -1      1784 0.00000E+00 4.00380E+01 2.03600E+00
 -1      1789 5.98977E-01 3.99914E+01 1.98832E+00
 -1      1790 5.99930E-01 4.00231E+01 1.96402E+00
 -1      1791 6.01023E-01 4.00596E+01 2.01168E+00
 -1      1792 6.00070E-01 4.00278E+01 2.03598E+00
 -1      1797-1.23354E+00 4.00080E+01 5.00396E-01
 -1      1798-1.20070E+00 3.99852E+01 5.01081E-01
 -1      1799-1.16646E+00 4.00344E+01 4.99604E-01
 -1      1800-1.19930E+00 4.00572E+01 4.98919E-01
 -1      1805-1.23328E+00 4.00161E+01 1.00000E+00
 -1      1806-1.20001E+00 3.99939E+01 1.00000E+00
 -1      1807-1.16672E+00 4.00439E+01 1.00000E+00
 -1      1808-1.19999E+00 4.00661E+01 1.00000E+00
 -1      1813-1.23303E+00 4.00068E+01 1.49957E+00
 -1      1814-1.19936E+00 3.99852E+01 1.49892E+00
 -1      1815-1.16697E+00 4.00357E+01 1.50043E+00
 -1      1816-1.20064E+00 4.00572E+01 1.50108E+00
 -1      1821 1.16697E+00 3.99643E+01 4.99567E-01
 -1      1822 1.20064E+00 3.99428E+01 4.98919E-01
 -1      1823 1.23303E+00 3.99932E+01 5.00433E-01
 -1      1824 1.19936E+00 4.00148E+01 5.01081E-01
 -1      1829 1.16672E+00 3.99561E+01 1.00000E+00
 -1      1830 1.19999E+00 3.99339E+01 1.00000E+00
 -1      1831 1.23328E+00 3.99839E+01 1.00000E+00
 -1      1832 1.20001E+00 4.00061E+01 1.00000E+00
 -1      1837 1.16646E+00 3.99656E+01 1.50040E+00
 -1      1838 1.19930E+00 3.99428E+01 1.50108E+00
 -1      1839 1.23354E+00 3.99920E+01 1.49960E+00
 -1      1840 1.20070E+00 4.00148E+01 1.49892E+00
 -1      1845-9.01448E-01 4.99521E+01-1.15569E-02
 -1      1846-9.00105E-01 4.99838E+01-3.59710E-02
 -1      1847-8.98552E-01 5.00203E+01 1.15569E-02
 -1      1848-8.99895E-01 4.99887E+01 3.59710E-02
 -1      1853-6.01107E-01 4.99404E+01-1.16576E-02
 -1      1854-6.00077E-01 4.99722E+01-3.59781E-02
 -1      1855-5.98893E-01 5.00086E+01 1.16576E-02
 -1      1856-5.99923E-01 4.99769E+01 3.59781E-02
 -1      1861-3.00599E-01 4.99327E+01-1.18121E-02
 -1      1862-3.00039E-01 4.99645E+01-3.59884E-02
 -1      1863-2.99401E-01 5.00008E+01 1.18121E-02
 -1      1864-2.99961E-01 4.99689E+01 3.59884E-02
 -1      1869 0.00000E+00 4.99300E+01-1.20002E-02
 -1      1870 0.00000E+00 4.99620E+01-3.60000E-02
 -1      1871 0.00000E+00 4.99980E+01 1.20002E-02
 -1      1872 0.00000E+00 4.99660E+01 3.60000E-02
 -1      1877 3.00596E-01 4.99328E+01-1.21945E-02
 -1      1878 3.00032E-01 4.99649E+01-3.60109E-02
 -1      1879 2.99404E-01 5.00007E+01 1.21945E-02
 -1      1880 2.99968E-01 4.99685E+01 3.60109E-02
 -1      1885 6.01099E-01 4.99407E+01-1.23640E-02
 -1      1886 6.00052E-01 4.99729E+01-3.60194E-02
 -1      1887 5.98901E-01 5.00084E+01 1.23640E-02
 -1      1888 5.99948E-01 4.99762E+01 3.60194E-02
 -1      1893 9.01434E-01 4.99524E+01-1.24797E-02
 -1      1894 9.00063E-01 4.99847E+01-3.60247E-02
 -1      1895 8.98566E-01 5.00200E+01 1.24797E-02
 -1      1896 8.99937E-01 4.99877E+01 3.60247E-02
 -1      1901-8.98566E-01 4.99800E+01 1.98752E+00
 -1      1902-8.99937E-01 5.00123E+01 1.96398E+00
 -1      1903-9.01434E-01 5.00476E+01 2.01248E+00
 -1      1904-9.00063E-01 5.00153E+01 2.03602E+00
 -1      1909-5.98901E-01 4.99916E+01 1.98764E+00
 -1      1910-5.99948E-01 5.00238E+01 1.96398E+00
 -1      1911-6.01099E-01 5.00593E+01 2.01236E+00
 -1      1912-6.00052E-01 5.00271E+01 2.03602E+00
 -1      1917-2.99404E-01 4.99993E+01 1.98781E+00
 -1      1918-2.99968E-01 5.00315E+01 1.96399E+00
 -1      1919-3.00596E-01 5.00672E+01 2.01219E+00
 -1      1920-3.00032E-01 5.00351E+01 2.03601E+00
 -1      1925 0.00000E+00 5.00020E+01 1.98800E+00
 -1      1926 0.00000E+00 5.00340E+01 1.96400E+00
 -1      1927 0.00000E+00 5.00700E+01 2.01200E+00
 -1      1928 0.00000E+00 5.00380E+01 2.03600E+00
 -1      1933 2.99401E-01 4.99992E+01 1.98819E+00
 -1      1934 2.99961E-01 5.00311E+01 1.96401E+00
 -1      1935 3.00599E-01 5.00673E+01 2.01181E+00
 -1      1936 3.00039E-01 5.00355E+01 2.03599E+00
 -1      1941 5.98893E-01 4.99914E+01 1.98834E+00
 -1      1942 5.99923E-01 5.00231E+01 1.96402E+00
 -1      1943 6.01107E-01 5.00596E+01 2.01166E+00
 -1      1944 6.00077E-01 5.00278E+01 2.03598E+00
 -1      1949 8.98552E-01 4.99797E+01 1.98844E+00
 -1      1950 8.99895E-01 5.00113E+01 1.96403E+00
 -1      1951 9.01448E-01 5.00479E+01 2.01156E+00
 -1      1952 9.00105E-01 5.00162E+01 2.03597E+00
 -1      1957-1.23365E+00 4.99985E+01 2.50549E-01
 -1      1958-1.20099E+00 4.99755E+01 2.51528E-01
 -1      1959-1.16635E+00 5.00244E+01 2.49451E-01
 -1      1960-1.19901E+00 5.00475E+01 2.48472E-01
 -1      1965-1.23356E+00 5.00080E+01 5.00427E-01
 -1      1966-1.20075E+00 4.99852E+01 5.01170E-01
 -1      1967-1.16644E+00 5.00344E+01 4.99573E-01
 -1      1968-1.19925E+00 5.00572E+01 4.98830E-01
 -1      1973-1.23343E+00 5.00142E+01 7.50237E-01
 -1      1974-1.20040E+00 4.99917E+01 7.50633E-01
 -1      1975-1.16657E+00 5.00412E+01 7.49763E-01
 -1      1976-1.19960E+00 5.00638E+01 7.49367E-01
 -1      1981-1.23328E+00 5.00161E+01 1.00000E+00
 -1      1982-1.20000E+00 4.99939E+01 1.00000E+00
 -1      1983-1.16672E+00 5.00439E+01 1.00000E+00
 -1      1984-1.20000E+00 5.00661E+01 1.00000E+00
 -1      1989-1.23313E+00 5.00135E+01 1.24975E+00
 -1      1990-1.19962E+00 4.99917E+01 1.24937E+00
 -1      1991-1.16687E+00 5.00419E+01 1.25025E+00
 -1      1992-1.20038E+00 5.00638E+01 1.25063E+00
 -1      1997-1.23301E+00 5.00067E+01 1.49953E+00
 -1      1998-1.19931E+00 4.99852E+01 1.49883E+00
 -1      1999-1.16699E+00 5.00357E+01 1.50047E+00
 -1      2000-1.20069E+00 5.00572E+01 1.50117E+00
 -1      2005-1.23293E+00 4.99968E+01 1.74938E+00
 -1      2006-1.19911E+00 4.99755E+01 1.74847E+00
 -1      2007-1.16707E+00 5.00262E+01 1.75062E+00
 -1      2008-1.20089E+00 5.00475E+01 1.75153E+00
 -1      2013 1.16707E+00 4.99738E+01 2.49378E-01
 -1      2014 1.20089E+00 4.99525E+01 2.48472E-01
 -1      2015 1.23293E+00 5.00032E+01 2.50622E-01
 -1      2016 1.19911E+00 5.00245E+01 2.51528E-01
 -1      2021 1.16699E+00 4.99643E+01 4.99529E-01
 -1      2022 1.20069E+00 4.99428E+01 4.98830E-01
 -1      2023 1.23301E+00 4.99933E+01 5.00471E-01
 -1      2024 1.19931E+00 5.00148E+01 5.01170E-01
 -1      2029 1.16687E+00 4.99581E+01 7.49750E-01
 -1      2030 1.20038E+00 4.99362E+01 7.49367E-01
 -1      2031 1.23313E+00 4.99865E+01 7.50250E-01
 -1      2032 1.19962E+00 5.00083E+01 7.50633E-01
 -1      2037 1.16672E+00 4.99561E+01 1.00000E+00
 -1      2038 1.20000E+00 4.99339E+01 1.00000E+00
 -1      2039 1.23328E+00 4.99839E+01 1.00000E+00
 -1      2040 1.20000E+00 5.00061E+01 1.00000E+00
 -1      2045 1.16657E+00 4.99588E+01 1.25024E+00
 -1      2046 1.19960E+00 4.99362E+01 1.25063E+00
 -1      2047 1.23343E+00 4.99858E+01 1.24976E+00
 -1      2048 1.20040E+00 5.00083E+01 1.24937E+00
 -1      2053 1.16644E+00 4.99656E+01 1.50043E+00
 -1      2054 1.19925E+00 4.99428E+01 1.50117E+00
 -1      2055 1.23356E+00 4.99920E+01 1.49957E+00
 -1      2056 1.20075E+00 5.00148E+01 1.49883E+00
 -1      2061 1.16635E+00 4.99756E+01 1.75055E+00
 -1      2062 1.19901E+00 4.99525E+01 1.75153E+00
 -1      2063 1.23365E+00 5.00015E+01 1.74945E+00
 -1      2064 1.20099E+00 5.00245E+01 1.74847E+00
 -1      2069-1.19777E+00 2.52721E+00 3.58451E-01
 -1      2070-1.23236E+00 2.52386E+00 3.78258E-01
 -1      2071-1.20223E+00 2.51522E+00 4.29417E-01
 -1      2072-1.16764E+00 2.51856E+00 4.09610E-01
 -1      2077-1.19829E+00 5.03706E+00 8.14685E-01
 -1      2078-1.23259E+00 5.03303E+00 8.34866E-01
 -1      2079-1.20171E+00 5.02294E+00 8.85315E-01
 -1      2080-1.16741E+00 5.02697E+00 8.65134E-01
 -1      2085-1.19884E+00 7.52934E+00 1.35882E+00
 -1      2086-1.23282E+00 7.52458E+00 1.37939E+00
 -1      2087-1.20116E+00 7.51309E+00 1.42904E+00
 -1      2088-1.16718E+00 7.51785E+00 1.40848E+00
 -1      2093-1.19407E+00 2.51529E+00 1.57100E+00
 -1      2094-1.23055E+00 2.51802E+00 1.58719E+00
 -1      2095-1.20593E+00 2.52714E+00 1.64113E+00
 -1      2096-1.16945E+00 2.52440E+00 1.62495E+00
 -1      2101-1.19388E+00 5.02303E+00 1.11516E+00
 -1      2102-1.23044E+00 5.02621E+00 1.13106E+00
 -1      2103-1.20612E+00 5.03697E+00 1.18484E+00
 -1      2104-1.16956E+00 5.03379E+00 1.16894E+00
 -1      2109-1.19370E+00 7.51321E+00 5.71480E-01
 -1      2110-1.23034E+00 7.51682E+00 5.87095E-01
 -1      2111-1.20630E+00 7.52922E+00 6.40652E-01
 -1      2112-1.16966E+00 7.52560E+00 6.25037E-01
 -1      2117 1.20223E+00 2.52721E+00 3.58451E-01
 -1      2118 1.16764E+00 2.52386E+00 3.78258E-01
 -1      2119 1.19777E+00 2.51522E+00 4.29417E-01
 -1      2120 1.23236E+00 2.51856E+00 4.09610E-01
 -1      2125 1.20171E+00 5.03706E+00 8.14685E-01
 -1      2126 1.16741E+00 5.03303E+00 8.34866E-01
 -1      2127 1.19829E+00 5.02294E+00 8.85315E-01
 -1      2128 1.23259E+00 5.02697E+00 8.65134E-01
 -1      2133 1.20116E+00 7.52934E+00 1.35882E+00
 -1      2134 1.16718E+00 7.52458E+00 1.37939E+00
 -1      2135 1.19884E+00 7.51309E+00 1.42904E+00
 -1      2136 1.23282E+00 7.51785E+00 1.40848E+00
 -1      2141 1.20593E+00 2.51529E+00 1.57100E+00
 -1      2142 1.16945E+00 2.51802E+00 1.58719E+00
 -1      2143 1.19407E+00 2.52714E+00 1.64113E+00
 -1      2144 1.23055E+00 2.52440E+00 1.62495E+00
 -1      2149 1.20612E+00 5.02303E+00 1.11516E+00
 -1      2150 1.16956E+00 5.02621E+00 1.13106E+00
 -1      2151 1.19388E+00 5.03697E+00 1.18484E+00
 -1      2152 1.23044E+00 5.03379E+00 1.16894E+00
 -1      2157 1.20630E+00 7.51321E+00 5.71480E-01
 -1      2158 1.16966E+00 7.51682E+00 5.87095E-01
 -1      2159 1.19370E+00 7.52922E+00 6.40652E-01
 -1      2160 1.23034E+00 7.52560E+00 6.25037E-01
 -1      2165-4.83328E-01 2.47166E+00-3.43393E-02
 -1      2166-5.20442E-01 2.48175E+00-2.33534E-02
 -1      2167-5.04540E-01 2.47743E+00 3.43393E-02
 -1      2168-4.67426E-01 2.46734E+00 2.33534E-02
 -1      2173 1.59904E-01 4.96162E+00-3.45869E-02
 -1      2174 1.22764E-01 4.97054E+00-2.27046E-02
 -1      2175 1.40096E-01 4.96638E+00 3.45869E-02
 -1      2176 1.77236E-01 4.95746E+00 2.27046E-02
 -1      2181 7.15261E-01 7.47263E+00-3.48107E-02
 -1      2182 6.78146E-01 7.48037E+00-2.20585E-02
 -1      2183 6.96871E-01 7.47646E+00 3.48107E-02
 -1      2184 7.33986E-01 7.46872E+00 2.20585E-02
 -1      2189 4.93632E-01 2.47446E+00-3.60542E-02
 -1      2190 4.61704E-01 2.46578E+00-1.35783E-02
 -1      2191 4.94236E-01 2.47463E+00 3.60542E-02
 -1      2192 5.26164E-01 2.48331E+00 1.35783E-02
 -1      2197-1.49866E-01 4.96403E+00-3.60553E-02
 -1      2198-1.82311E-01 4.95625E+00-1.39944E-02
 -1      2199-1.50134E-01 4.96397E+00 3.60553E-02
 -1      2200-1.17689E-01 4.97175E+00 1.39944E-02
 -1      2205-7.05470E-01 7.47467E+00-3.60504E-02
 -1      2206-7.38413E-01 7.46780E+00-1.44278E-02
 -1      2207-7.06662E-01 7.47442E+00 3.60504E-02
 -1      2208-6.73719E-01 7.48129E+00 1.44278E-02
 -1      2213-4.83328E-01 2.47166E+00 1.96566E+00
 -1      2214-5.20442E-01 2.48175E+00 1.97665E+00
 -1      2215-5.04540E-01 2.47743E+00 2.03434E+00
 -1      2216-4.67426E-01 2.46734E+00 2.02335E+00
 -1      2221 1.59904E-01 4.96162E+00 1.96541E+00
 -1      2222 1.22764E-01 4.97054E+00 1.97730E+00
 -1      2223 1.40096E-01 4.96638E+00 2.03459E+00
 -1      2224 1.77236E-01 4.95746E+00 2.02270E+00
 -1      2229 7.15261E-01 7.47263E+00 1.96519E+00
 -1      2230 6.78146E-01 7.48037E+00 1.97794E+00
 -1      2231 6.96871E-01 7.47646E+00 2.03481E+00
 -1      2232 7.33986E-01 7.46872E+00 2.02206E+00
 -1      2237 4.93632E-01 2.47446E+00 1.96395E+00
 -1      2238 4.61704E-01 2.46578E+00 1.98642E+00
 -1      2239 4.94236E-01 2.47463E+00 2.03605E+00
 -1      2240 5.26164E-01 2.48331E+00 2.01358E+00
 -1      2245-1.49866E-01 4.96403E+00 1.96394E+00
 -1      2246-1.82311E-01 4.95625E+00 1.98601E+00
 -1      2247-1.50134E-01 4.96397E+00 2.03606E+00
 -1      2248-1.17689E-01 4.97175E+00 2.01399E+00
 -1      2253-7.05470E-01 7.47467E+00 1.96395E+00
 -1      2254-7.38413E-01 7.46780E+00 1.98557E+00
 -1      2255-7.06662E-01 7.47442E+00 2.03605E+00
 -1      2256-6.73719E-01 7.48129E+00 2.01443E+00
 -1      2261-1.19777E+00 1.25272E+01 3.58451E-01
 -1      2262-1.23236E+00 1.25239E+01 3.78258E-01
 -1      2263-1.20223E+00 1.25152E+01 4.29417E-01
 -1      2264-1.16764E+00 1.25186E+01 4.09610E-01
 -1      2269-1.19829E+00 1.50371E+01 8.14685E-01
 -1      2270-1.23259E+00 1.50330E+01 8.34866E-01
 -1      2271-1.20171E+00 1.50229E+01 8.85315E-01
 -1      2272-1.16741E+00 1.50270E+01 8.65134E-01
 -1      2277-1.19884E+00 1.75293E+01 1.35882E+00
 -1      2278-1.23282E+00 1.75246E+01 1.37939E+00
 -1      2279-1.20116E+00 1.75131E+01 1.42904E+00
 -1      2280-1.16718E+00 1.75178E+01 1.40848E+00
 -1      2285-1.19407E+00 1.25153E+01 1.57100E+00
 -1      2286-1.23055E+00 1.25180E+01 1.58719E+00
 -1      2287-1.20593E+00 1.25271E+01 1.64113E+00
 -1      2288-1.16945E+00 1.25244E+01 1.62495E+00
 -1      2293-1.19388E+00 1.50230E+01 1.11516E+00
 -1      2294-1.23044E+00 1.50262E+01 1.13106E+00
 -1      2295-1.20612E+00 1.50370E+01 1.18484E+00
 -1      2296-1.16956E+00 1.50338E+01 1.16894E+00
 -1      2301-1.19370E+00 1.75132E+01 5.71480E-01
 -1      2302-1.23034E+00 1.75168E+01 5.87095E-01
 -1      2303-1.20630E+00 1.75292E+01 6.40652E-01
 -1      2304-1.16966E+00 1.75256E+01 6.25037E-01
 -1      2309 1.20223E+00 1.25272E+01 3.58451E-01
 -1      2310 1.16764E+00 1.25239E+01 3.78258E-01
 -1      2311 1.19777E+00 1.25152E+01 4.29417E-01
 -1      2312 1.23236E+00 1.25186E+01 4.09610E-01
 -1      2317 1.20171E+00 1.50371E+01 8.14685E-01
 -1      2318 1.16741E+00 1.50330E+01 8.34866E-01
 -1      2319 1.19829E+00 1.50229E+01 8.85315E-01
 -1      2320 1.23259E+00 1.50270E+01 8.65134E-01
 -1      2325 1.20116E+00 1.75293E+01 1.35882E+00
 -1      2326 1.16718E+00 1.75246E+01 1.37939E+00
 -1      2327 1.19884E+00 1.75131E+01 1.42904E+00
 -1      2328 1.23282E+00 1.75178E+01 1.40848E+00
 -1      2333 1.20593E+00 1.25153E+01 1.57100E+00
 -1      2334 1.16945E+00 1.25180E+01 1.58719E+00
 -1      2335 1.19407E+00 1.25271E+01 1.64113E+00
 -1      2336 1.23055E+00 1.25244E+01 1.62495E+00
 -1      2341 1.20612E+00 1.50230E+01 1.11516E+00
 -1      2342 1.16956E+00 1.50262E+01 1.13106E+00
 -1      2343 1.19388E+00 1.50370E+01 1.18484E+00
 -1      2344 1.23044E+00 1.50338E+01 1.16894E+00
 -1      2349 1.20630E+00 1.75132E+01 5.71480E-01
 -1      2350 1.16966E+00 1.75168E+01 5.87095E-01
 -1      2351 1.19370E+00 1.75292E+01 6.40652E-01
 -1      2352 1.23034E+00 1.75256E+01 6.25037E-01
 -1      2357-4.83328E-01 1.24717E+01-3.43393E-02
 -1      2358-5.20442E-01 1.24818E+01-2.33534E-02
 -1      2359-5.04540E-01 1.24774E+01 3.43393E-02
 -1      2360-4.67426E-01 1.24673E+01 2.33534E-02
 -1      2365 1.59904E-01 1.49616E+01-3.45869E-02
 -1      2366 1.22764E-01 1.49705E+01-2.27046E-02
 -1      2367 1.40096E-01 1.49664E+01 3.45869E-02
 -1      2368 1.77236E-01 1.49575E+01 2.27046E-02
 -1      2373 7.15261E-01 1.74726E+01-3.48107E-02
 -1      2374 6.78146E-01 1.74804E+01-2.20585E-02
 -1      2375 6.96871E-01 1.74765E+01 3.48107E-02
 -1      2376 7.33986E-01 1.74687E+01 2.20585E-02
 -1      2381 4.93632E-01 1.24745E+01-3.60542E-02
 -1      2382 4.61704E-01 1.24658E+01-1.35783E-02
 -1      2383 4.94236E-01 1.24746E+01 3.60542E-02
 -1      2384 5.26164E-01 1.24833E+01 1.35783E-02
 -1      2389-1.49866E-01 1.49640E+01-3.60553E-02
 -1      2390-1.82311E-01 1.49562E+01-1.39944E-02
 -1      2391-1.50134E-01 1.49640E+01 3.60553E-02
 -1      2392-1.17689E-01 1.49718E+01 1.39944E-02
 -1      2397-7.05470E-01 1.74747E+01-3.60504E-02
 -1      2398-7.38413E-01 1.74678E+01-1.44278E-02
 -1      2399-7.06662E-01 1.74744E+01 3.60504E-02
 -1      2400-6.73719E-01 1.74813E+01 1.44278E-02
 -1      2405-4.83328E-01 1.24717E+01 1.96566E+00
 -1      2406-5.20442E-01 1.24818E+01 1.97665E+00
 -1      2407-5.04540E-01 1.24774E+01 2.03434E+00
 -1      2408-4.67426E-01 1.24673E+01 2.02335E+00
 -1      2413 1.59904E-01 1.49616E+01 1.96541E+00
 -1      2414 1.22764E-01 1.49705E+01 1.97730E+00
 -1      2415 1.40096E-01 1.49664E+01 2.03459E+00
 -1      2416 1.77236E-01 1.49575E+01 2.02270E+00
 -1      2421 7.15261E-01 1.74726E+01 1.96519E+00
 -1      2422 6.78146E-01 1.74804E+01 1.97794E+00
 -1      2423 6.96871E-01 1.74765E+01 2.03481E+00
 -1      2424 7.33986E-01 1.74687E+01 2.02206E+00
 -1      2429 4.93632E-01 1.24745E+01 1.96395E+00
 -1      2430 4.61704E-01 1.24658E+01 1.98642E+00
 -1      2431 4.94236E-01 1.24746E+01 2.03605E+00
 -1      2432 5.26164E-01 1.24833E+01 2.01358E+00
 -1      2437-1.49866E-01 1.49640E+01 1.96394E+00
 -1      2438-1.82311E-01 1.49562E+01 1.98601E+00
 -1      2439-1.50134E-01 1.49640E+01 2.03606E+00
 -1      2440-1.17689E-01 1.49718E+01 2.01399E+00
 -1      2445-7.05470E-01 1.74747E+01 1.96395E+00
 -1      2446-7.38413E-01 1.74678E+01 1.98557E+00
 -1      2447-7.06662E-01 1.74744E+01 2.03605E+00
 -1      2448-6.73719E-01 1.74813E+01 2.01443E+00
 -1      2453-1.19757E+00 3.12670E+01 1.57055E-01
 -1      2454-1.23227E+00 3.12640E+01 1.76710E-01
 -1      2455-1.20243E+00 3.12559E+01 2.28140E-01
 -1      2456-1.16773E+00 3.12590E+01 2.08485E-01
 -1      2461-1.19773E+00 3.25271E+01 3.58438E-01
 -1      2462-1.23234E+00 3.25238E+01 3.78214E-01
 -1      2463-1.20227E+00 3.25153E+01 4.29430E-01
 -1      2464-1.16766E+00 3.25186E+01 4.09654E-01
 -1      2469-1.19798E+00 3.37842E+01 5.76000E-01
 -1      2470-1.23245E+00 3.37805E+01 5.95959E-01
 -1      2471-1.20202E+00 3.37713E+01 6.46836E-01
 -1      2472-1.16755E+00 3.37749E+01 6.26877E-01
 -1      2477-1.19828E+00 3.50371E+01 8.14685E-01
 -1      2478-1.23258E+00 3.50330E+01 8.34863E-01
 -1      2479-1.20172E+00 3.50229E+01 8.85315E-01
 -1      2480-1.16742E+00 3.50270E+01 8.65137E-01
 -1      2485-1.19860E+00 3.62854E+01 1.07622E+00
 -1      2486-1.23272E+00 3.62809E+01 1.09662E+00
 -1      2487-1.20140E+00 3.62700E+01 1.14662E+00
 -1      2488-1.16728E+00 3.62745E+01 1.12622E+00
 -1      2493-1.19888E+00 3.75294E+01 1.35884E+00
 -1      2494-1.23284E+00 3.75246E+01 1.37943E+00
 -1      2495-1.20112E+00 3.75130E+01 1.42902E+00
 -1      2496-1.16716E+00 3.75178E+01 1.40843E+00
 -1      2501-1.19908E+00 3.87700E+01 1.65759E+00
 -1      2502-1.23292E+00 3.87650E+01 1.67830E+00
 -1      2503-1.20092E+00 3.87529E+01 1.72761E+00
 -1      2504-1.16708E+00 3.87580E+01 1.70689E+00
 -1      2509-1.19416E+00 3.12560E+01 1.77225E+00
 -1      2510-1.23060E+00 3.12585E+01 1.78856E+00
 -1      2511-1.20584E+00 3.12670E+01 1.84256E+00
 -1      2512-1.16940E+00 3.12644E+01 1.82625E+00
 -1      2517-1.19409E+00 3.25154E+01 1.57098E+00
 -1      2518-1.23056E+00 3.25181E+01 1.58719E+00
 -1      2519-1.20591E+00 3.25271E+01 1.64115E+00
 -1      2520-1.16944E+00 3.25244E+01 1.62494E+00
 -1      2525-1.19399E+00 3.37714E+01 1.35360E+00
 -1      2526-1.23051E+00 3.37743E+01 1.36967E+00
 -1      2527-1.20601E+00 3.37841E+01 1.42356E+00
 -1      2528-1.16949E+00 3.37812E+01 1.40749E+00
 -1      2533-1.19388E+00 3.50230E+01 1.11516E+00
 -1      2534-1.23044E+00 3.50262E+01 1.13106E+00
 -1      2535-1.20612E+00 3.50370E+01 1.18484E+00
 -1      2536-1.16956E+00 3.50338E+01 1.16894E+00
 -1      2541-1.19377E+00 3.62701E+01 8.53886E-01
 -1      2542-1.23038E+00 3.62736E+01 8.69618E-01
 -1      2543-1.20623E+00 3.62853E+01 9.23278E-01
 -1      2544-1.16962E+00 3.62819E+01 9.07546E-01
 -1      2549-1.19368E+00 3.75131E+01 5.71502E-01
 -1      2550-1.23034E+00 3.75168E+01 5.87093E-01
 -1      2551-1.20632E+00 3.75293E+01 6.40630E-01
 -1      2552-1.16966E+00 3.75257E+01 6.25039E-01
 -1      2557-1.19363E+00 3.87531E+01 2.72930E-01
 -1      2558-1.23031E+00 3.87568E+01 2.88429E-01
 -1      2559-1.20637E+00 3.87699E+01 3.41875E-01
 -1      2560-1.16969E+00 3.87661E+01 3.26376E-01
 -1      2565 1.20243E+00 3.12670E+01 1.57055E-01
 -1      2566 1.16773E+00 3.12640E+01 1.76710E-01
 -1      2567 1.19757E+00 3.12559E+01 2.28140E-01
 -1      2568 1.23227E+00 3.12590E+01 2.08485E-01
 -1      2573 1.20227E+00 3.25271E+01 3.58438E-01
 -1      2574 1.16766E+00 3.25238E+01 3.78214E-01
 -1      2575 1.19773E+00 3.25153E+01 4.29430E-01
 -1      2576 1.23234E+00 3.25186E+01 4.09654E-01
 -1      2581 1.20202E+00 3.37842E+01 5.76000E-01
 -1      2582 1.16755E+00 3.37805E+01 5.95959E-01
 -1      2583 1.19798E+00 3.37713E+01 6.46836E-01
 -1      2584 1.23245E+00 3.37749E+01 6.26877E-01
 -1      2589 1.20172E+00 3.50371E+01 8.14685E-01
 -1      2590 1.16742E+00 3.50330E+01 8.34863E-01
 -1      2591 1.19828E+00 3.50229E+01 8.85315E-01
 -1      2592 1.23258E+00 3.50270E+01 8.65137E-01
 -1      2597 1.20140E+00 3.62854E+01 1.07622E+00
 -1      2598 1.16728E+00 3.62809E+01 1.09662E+00
 -1      2599 1.19860E+00 3.62700E+01 1.14662E+00
 -1      2600 1.23272E+00 3.62745E+01 1.12622E+00
 -1      2605 1.20112E+00 3.75294E+01 1.35884E+00
 -1      2606 1.16716E+00 3.75246E+01 1.37943E+00
 -1      2607 1.19888E+00 3.75130E+01 1.42902E+00
 -1      2608 1.23284E+00 3.75178E+01 1.40843E+00
 -1      2613 1.20092E+00 3.87700E+01 1.65759E+00
 -1      2614 1.16708E+00 3.87650E+01 1.67830E+00
 -1      2615 1.19908E+00 3.87529E+01 1.72761E+00
 -1      2616 1.23292E+00 3.87580E+01 1.70689E+00
 -1      2621 1.20584E+00 3.12560E+01 1.77225E+00
 -1      2622 1.16940E+00 3.12585E+01 1.78856E+00
 -1      2623 1.19416E+00 3.12670E+01 1.84256E+00
 -1      2624 1.23060E+00 3.12644E+01 1.82625E+00
 -1      2629 1.20591E+00 3.25154E+01 1.57098E+00
 -1      2630 1.16944E+00 3.25181E+01 1.58719E+00
 -1      2631 1.19409E+00 3.25271E+01 1.64115E+00
 -1      2632 1.23056E+00 3.25244E+01 1.62494E+00
 -1      2637 1.20601E+00 3.37714E+01 1.35360E+00
 -1      2638 1.16949E+00 3.37743E+01 1.36967E+00
 -1      2639 1.19399E+00 3.37841E+01 1.42356E+00
 -1      2640 1.23051E+00 3.37812E+01 1.40749E+00
 -1      2645 1.20612E+00 3.50230E+01 1.11516E+00
 -1      2646 1.16956E+00 3.50262E+01 1.13106E+00
 -1      2647 1.19388E+00 3.50370E+01 1.18484E+00
 -1      2648 1.23044E+00 3.50338E+01 1.16894E+00
 -1      2653 1.20623E+00 3.62701E+01 8.53886E-01
 -1      2654 1.16962E+00 3.62736E+01 8.69618E-01
 -1      2655 1.19377E+00 3.62853E+01 9.23278E-01
 -1      2656 1.23038E+00 3.62819E+01 9.07546E-01
 -1      2661 1.20632E+00 3.75131E+01 5.71502E-01
 -1      2662 1.16966E+00 3.75168E+01 5.87093E-01
 -1      2663 1.19368E+00 3.75293E+01 6.40630E-01
 -1      2664 1.23034E+00 3.75257E+01 6.25039E-01
 -1      2669 1.20637E+00 3.87531E+01 2.72930E-01
 -1      2670 1.16969E+00 3.87568E+01 2.88429E-01
 -1      2671 1.19363E+00 3.87699E+01 3.41875E-01
 -1      2672 1.23031E+00 3.87661E+01 3.26376E-01
 -1      2677-8.31704E-01 3.12331E+01-3.42295E-02
 -1      2678-8.68791E-01 3.12437E+01-2.36225E-02
 -1      2679-8.53491E-01 3.12393E+01 3.42295E-02
 -1      2680-8.16404E-01 3.12288E+01 2.36225E-02
 -1      2685-4.83271E-01 3.24716E+01-3.43179E-02
 -1      2686-5.20380E-01 3.24818E+01-2.34066E-02
 -1      2687-5.04597E-01 3.24775E+01 3.43179E-02
 -1      2688-4.67488E-01 3.24673E+01 2.34066E-02
 -1      2693-1.51102E-01 3.37141E+01-3.44451E-02
 -1      2694-1.88233E-01 3.37237E+01-2.30837E-02
 -1      2695-1.71734E-01 3.37194E+01 3.44451E-02
 -1      2696-1.34603E-01 3.37098E+01 2.30837E-02
 -1      2701 1.59903E-01 3.49616E+01-3.45874E-02
 -1      2702 1.22764E-01 3.49705E+01-2.27035E-02
 -1      2703 1.40097E-01 3.49664E+01 3.45874E-02
 -1      2704 1.77236E-01 3.49575E+01 2.27035E-02
 -1      2709 4.48070E-01 3.62146E+01-3.47212E-02
 -1      2710 4.10939E-01 3.62229E+01-2.23246E-02
 -1      2711 4.29094E-01 3.62188E+01 3.47212E-02
 -1      2712 4.66225E-01 3.62106E+01 2.23246E-02
 -1      2717 7.15201E-01 3.74727E+01-3.48283E-02
 -1      2718 6.78091E-01 3.74803E+01-2.20050E-02
 -1      2719 6.96931E-01 3.74764E+01 3.48283E-02
 -1      2720 7.34041E-01 3.74688E+01 2.20050E-02
 -1      2725 9.66302E-01 3.87345E+01-3.48965E-02
 -1      2726 9.29212E-01 3.87417E+01-2.17923E-02
 -1      2727 9.48503E-01 3.87380E+01 3.48965E-02
 -1      2728 9.85593E-01 3.87307E+01 2.17923E-02
 -1      2733 8.42124E-01 3.12361E+01-3.60521E-02
 -1      2734 8.10413E-01 3.12270E+01-1.34113E-02
 -1      2735 8.43071E-01 3.12364E+01 3.60521E-02
 -1      2736 8.74781E-01 3.12454E+01 1.34113E-02
 -1      2741 4.93597E-01 3.24745E+01-3.60538E-02
 -1      2742 4.61712E-01 3.24657E+01-1.35445E-02
 -1      2743 4.94271E-01 3.24746E+01 3.60538E-02
 -1      2744 5.26156E-01 3.24834E+01 1.35445E-02
 -1      2749 1.61293E-01 3.37167E+01-3.60553E-02
 -1      2750 1.29148E-01 3.37084E+01-1.37478E-02
 -1      2751 1.61544E-01 3.37168E+01 3.60553E-02
 -1      2752 1.93688E-01 3.37251E+01 1.37478E-02
 -1      2757-1.49867E-01 3.49640E+01-3.60553E-02
 -1      2758-1.82312E-01 3.49562E+01-1.39935E-02
 -1      2759-1.50133E-01 3.49640E+01 3.60553E-02
 -1      2760-1.17688E-01 3.49718E+01 1.39935E-02
 -1      2765-4.38181E-01 3.62168E+01-3.60532E-02
 -1      2766-4.70920E-01 3.62096E+01-1.42455E-02
 -1      2767-4.38983E-01 3.62167E+01 3.60532E-02
 -1      2768-4.06244E-01 3.62239E+01 1.42455E-02
 -1      2773-7.05431E-01 3.74747E+01-3.60497E-02
 -1      2774-7.38414E-01 3.74679E+01-1.44640E-02
 -1      2775-7.06701E-01 3.74744E+01 3.60497E-02
 -1      2776-6.73718E-01 3.74812E+01 1.44640E-02
 -1      2781-9.56607E-01 3.87364E+01-3.60464E-02
 -1      2782-9.89751E-01 3.87299E+01-1.46123E-02
 -1      2783-9.58198E-01 3.87361E+01 3.60464E-02
 -1      2784-9.25054E-01 3.87425E+01 1.46123E-02
 -1      2789-8.31704E-01 3.12331E+01 1.96577E+00
 -1      2790-8.68791E-01 3.12437E+01 1.97638E+00
 -1      2791-8.53491E-01 3.12393E+01 2.03423E+00
 -1      2792-8.16404E-01 3.12288E+01 2.02362E+00
 -1      2797-4.83271E-01 3.24716E+01 1.96568E+00
 -1      2798-5.20380E-01 3.24818E+01 1.97659E+00
 -1      2799-5.04597E-01 3.24775E+01 2.03432E+00
 -1      2800-4.67488E-01 3.24673E+01 2.02341E+00
 -1      2805-1.51102E-01 3.37141E+01 1.96555E+00
 -1      2806-1.88233E-01 3.37237E+01 1.97692E+00
 -1      2807-1.71734E-01 3.37194E+01 2.03445E+00
 -1      2808-1.34603E-01 3.37098E+01 2.02308E+00
 -1      2813 1.59903E-01 3.49616E+01 1.96541E+00
 -1      2814 1.22764E-01 3.49705E+01 1.97730E+00
 -1      2815 1.40097E-01 3.49664E+01 2.03459E+00
 -1      2816 1.77236E-01 3.49575E+01 2.02270E+00
 -1      2821 4.48070E-01 3.62146E+01 1.96528E+00
 -1      2822 4.10939E-01 3.62229E+01 1.97768E+00
 -1      2823 4.29094E-01 3.62188E+01 2.03472E+00
 -1      2824 4.66225E-01 3.62106E+01 2.02232E+00
 -1      2829 7.15201E-01 3.74727E+01 1.96517E+00
 -1      2830 6.78091E-01 3.74803E+01 1.97800E+00
 -1      2831 6.96931E-01 3.74764E+01 2.03483E+00
 -1      2832 7.34041E-01 3.74688E+01 2.02200E+00
 -1      2837 9.66302E-01 3.87345E+01 1.96510E+00
 -1      2838 9.29212E-01 3.87417E+01 1.97821E+00
 -1      2839 9.48503E-01 3.87380E+01 2.03490E+00
 -1      2840 9.85593E-01 3.87307E+01 2.02179E+00
 -1      2845 8.42124E-01 3.12361E+01 1.96395E+00
 -1      2846 8.10413E-01 3.12270E+01 1.98659E+00
 -1      2847 8.43071E-01 3.12364E+01 2.03605E+00
 -1      2848 8.74781E-01 3.12454E+01 2.01341E+00
 -1      2853 4.93597E-01 3.24745E+01 1.96395E+00
 -1      2854 4.61712E-01 3.24657E+01 1.98646E+00
 -1      2855 4.94271E-01 3.24746E+01 2.03605E+00
 -1      2856 5.26156E-01 3.24834E+01 2.01354E+00
 -1      2861 1.61293E-01 3.37167E+01 1.96394E+00
 -1      2862 1.29148E-01 3.37084E+01 1.98625E+00
 -1      2863 1.61544E-01 3.37168E+01 2.03606E+00
 -1      2864 1.93688E-01 3.37251E+01 2.01375E+00
 -1      2869-1.49867E-01 3.49640E+01 1.96394E+00
 -1      2870-1.82312E-01 3.49562E+01 1.98601E+00
 -1      2871-1.50133E-01 3.49640E+01 2.03606E+00
 -1      2872-1.17688E-01 3.49718E+01 2.01399E+00
 -1      2877-4.38181E-01 3.62168E+01 1.96395E+00
 -1      2878-4.70920E-01 3.62096E+01 1.98575E+00
 -1      2879-4.38983E-01 3.62167E+01 2.03605E+00
 -1      2880-4.06244E-01 3.62239E+01 2.01425E+00
 -1      2885-7.05431E-01 3.74747E+01 1.96395E+00
 -1      2886-7.38414E-01 3.74679E+01 1.98554E+00
 -1      2887-7.06701E-01 3.74744E+01 2.03605E+00
 -1      2888-6.73718E-01 3.74812E+01 2.01446E+00
 -1      2893-9.56607E-01 3.87364E+01 1.96395E+00
 -1      2894-9.89751E-01 3.87299E+01 1.98539E+00
 -1      2895-9.58198E-01 3.87361E+01 2.03605E+00
 -1      2896-9.25054E-01 3.87425E+01 2.01461E+00
 -1      2901-1.19757E+00 4.12670E+01 1.57055E-01
 -1      2902-1.23227E+00 4.12640E+01 1.76710E-01
 -1      2903-1.20243E+00 4.12559E+01 2.28140E-01
 -1      2904-1.16773E+00 4.12590E+01 2.08485E-01
 -1      2909-1.19773E+00 4.25271E+01 3.58438E-01
 -1      2910-1.23234E+00 4.25238E+01 3.78214E-01
 -1      2911-1.20227E+00 4.25153E+01 4.29430E-01
 -1      2912-1.16766E+00 4.25186E+01 4.09654E-01
 -1      2917-1.19798E+00 4.37842E+01 5.76000E-01
 -1      2918-1.23245E+00 4.37805E+01 5.95959E-01
 -1      2919-1.20202E+00 4.37713E+01 6.46836E-01
 -1      2920-1.16755E+00 4.37749E+01 6.26877E-01
 -1      2925-1.19828E+00 4.50371E+01 8.14685E-01
 -1      2926-1.23258E+00 4.50330E+01 8.34863E-01
 -1      2927-1.20172E+00 4.50229E+01 8.85315E-01
 -1      2928-1.16742E+00 4.50270E+01 8.65137E-01
 -1      2933-1.19860E+00 4.62854E+01 1.07622E+00
 -1      2934-1.23272E+00 4.62809E+01 1.09662E+00
 -1      2935-1.20140E+00 4.62700E+01 1.14662E+00
 -1      2936-1.16728E+00 4.62745E+01 1.12622E+00
 -1      2941-1.19888E+00 4.75294E+01 1.35884E+00
 -1      2942-1.23284E+00 4.75246E+01 1.37943E+00
 -1      2943-1.20112E+00 4.75130E+01 1.42902E+00
 -1      2944-1.16716E+00 4.75178E+01 1.40843E+00
 -1      2949-1.19908E+00 4.87700E+01 1.65759E+00
 -1      2950-1.23292E+00 4.87650E+01 1.67830E+00
 -1      2951-1.20092E+00 4.87529E+01 1.72761E+00
 -1      2952-1.16708E+00 4.87580E+01 1.70689E+00
 -1      2957-1.19416E+00 4.12560E+01 1.77225E+00
 -1      2958-1.23060E+00 4.12585E+01 1.78856E+00
 -1      2959-1.20584E+00 4.12670E+01 1.84256E+00
 -1      2960-1.16940E+00 4.12644E+01 1.82625E+00
 -1      2965-1.19409E+00 4.25154E+01 1.57098E+00
 -1      2966-1.23056E+00 4.25181E+01 1.58719E+00
 -1      2967-1.20591E+00 4.25271E+01 1.64115E+00
 -1      2968-1.16944E+00 4.25244E+01 1.62494E+00
 -1      2973-1.19399E+00 4.37714E+01 1.35360E+00
 -1      2974-1.23051E+00 4.37743E+01 1.36967E+00
 -1      2975-1.20601E+00 4.37841E+01 1.42356E+00
 -1      2976-1.16949E+00 4.37812E+01 1.40749E+00
 -1      2981-1.19388E+00 4.50230E+01 1.11516E+00
 -1      2982-1.23044E+00 4.50262E+01 1.13106E+00
 -1      2983-1.20612E+00 4.50370E+01 1.18484E+00
 -1      2984-1.16956E+00 4.50338E+01 1.16894E+00
 -1      2989-1.19377E+00 4.62701E+01 8.53886E-01
 -1      2990-1.23038E+00 4.62736E+01 8.69618E-01
 -1      2991-1.20623E+00 4.62853E+01 9.23278E-01
 -1      2992-1.16962E+00 4.62819E+01 9.07546E-01
 -1      2997-1.19368E+00 4.75131E+01 5.71502E-01
 -1      2998-1.23034E+00 4.75168E+01 5.87093E-01
 -1      2999-1.20632E+00 4.75293E+01 6.40630E-01
 -1      3000-1.16966E+00 4.75257E+01 6.25039E-01
 -1      3005-1.19363E+00 4.87531E+01 2.72930E-01
 -1      3006-1.23031E+00 4.87568E+01 2.88429E-01
 -1      3007-1.20637E+00 4.87699E+01 3.41875E-01
 -1      3008-1.16969E+00 4.87661E+01 3.26376E-01
 -1      3013 1.20243E+00 4.12670E+01 1.57055E-01
 -1      3014 1.16773E+00 4.12640E+01 1.76710E-01
 -1      3015 1.19757E+00 4.12559E+01 2.28140E-01
 -1      3016 1.23227E+00 4.12590E+01 2.08485E-01
 -1      3021 1.20227E+00 4.25271E+01 3.58438E-01
 -1      3022 1.16766E+00 4.25238E+01 3.78214E-01
 -1      3023 1.19773E+00 4.25153E+01 4.29430E-01
 -1      3024 1.23234E+00 4.25186E+01 4.09654E-01
 -1      3029 1.20202E+00 4.37842E+01 5.76000E-01
 -1      3030 1.16755E+00 4.37805E+01 5.95959E-01
 -1      3031 1.19798E+00 4.37713E+01 6.46836E-01
 -1      3032 1.23245E+00 4.37749E+01 6.26877E-01
 -1      3037 1.20172E+00 4.50371E+01 8.14685E-01
 -1      3038 1.16742E+00 4.50330E+01 8.34863E-01
 -1      3039 1.19828E+00 4.50229E+01 8.85315E-01
 -1      3040 1.23258E+00 4.50270E+01 8.65137E-01
 -1      3045 1.20140E+00 4.62854E+01 1.07622E+00
 -1      3046 1.16728E+00 4.62809E+01 1.09662E+00
 -1      3047 1.19860E+00 4.62700E+01 1.14662E+00
 -1      3048 1.23272E+00 4.62745E+01 1.12622E+00
 -1      3053 1.20112E+00 4.75294E+01 1.35884E+00
 -1      3054 1.16716E+00 4.75246E+01 1.37943E+00
 -1      3055 1.19888E+00 4.75130E+01 1.42902E+00
 -1      3056 1.23284E+00 4.75178E+01 1.40843E+00
 -1      3061 1.20092E+00 4.87700E+01 1.65759E+00
 -1      3062 1.16708E+00 4.87650E+01 1.67830E+00
 -1      3063 1.19908E+00 4.87529E+01 1.72761E+00
 -1      3064 1.23292E+00 4.87580E+01 1.70689E+00
 -1      3069 1.20584E+00 4.12560E+01 1.77225E+00
 -1      3070 1.16940E+00 4.12585E+01 1.78856E+00
 -1      3071 1.19416E+00 4.12670E+01 1.84256E+00
 -1      3072 1.23060E+00 4.12644E+01 1.82625E+00
 -1      3077 1.20591E+00 4.25154E+01 1.57098E+00
 -1      3078 1.16944E+00 4.25181E+01 1.58719E+00
 -1      3079 1.19409E+00 4.25271E+01 1.64115E+00
 -1      3080 1.23056E+00 4.25244E+01 1.62494E+00
 -1      3085 1.20601E+00 4.37714E+01 1.35360E+00
 -1      3086 1.16949E+00 4.37743E+01 1.36967E+00
 -1      3087 1.19399E+00 4.37841E+01 1.42356E+00
 -1      3088 1.23051E+00 4.37812E+01 1.40749E+00
 -1      3093 1.20612E+00 4.50230E+01 1.11516E+00
 -1      3094 1.16956E+00 4.50262E+01 1.13106E+00
 -1      3095 1.19388E+00 4.50370E+01 1.18484E+00
 -1      3096 1.23044E+00 4.50338E+01 1.16894E+00
 -1      3101 1.20623E+00 4.62701E+01 8.53886E-01
 -1      3102 1.16962E+00 4.62736E+01 8.69618E-01
 -1      3103 1.19377E+00 4.62853E+01 9.23278E-01
 -1      3104 1.23038E+00 4.62819E+01 9.07546E-01
 -1      3109 1.20632E+00 4.75131E+01 5.71502E-01
 -1      3110 1.16966E+00 4.75168E+01 5.87093E-01
 -1      3111 1.19368E+00 4.75293E+01 6.40630E-01
 -1      3112 1.23034E+00 4.75257E+01 6.25039E-01
 -1      3117 1.20637E+00 4.87531E+01 2.72930E-01
 -1      3118 1.16969E+00 4.87568E+01 2.88429E-01
 -1      3119 1.19363E+00 4.87699E+01 3.41875E-01
 -1      3120 1.23031E+00 4.87661E+01 3.26376E-01
 -1      3125-8.31704E-01 4.12331E+01-3.42295E-02
 -1      3126-8.68791E-01 4.12437E+01-2.36225E-02
 -1      3127-8.53491E-01 4.12393E+01 3.42295E-02
 -1      3128-8.16404E-01 4.12287E+01 2.36225E-02
 -1      3133-4.83271E-01 4.24716E+01-3.43179E-02
 -1      3134-5.20380E-01 4.24818E+01-2.34066E-02
 -1      3135-5.04597E-01 4.24775E+01 3.43179E-02
 -1      3136-4.67488E-01 4.24673E+01 2.34066E-02
 -1      3141-1.51102E-01 4.37141E+01-3.44451E-02
 -1      3142-1.88233E-01 4.37237E+01-2.30837E-02
 -1      3143-1.71734E-01 4.37194E+01 3.44451E-02
 -1      3144-1.34603E-01 4.37098E+01 2.30837E-02
 -1      3149 1.59903E-01 4.49616E+01-3.45874E-02
 -1      3150 1.22764E-01 4.49705E+01-2.27035E-02
 -1      3151 1.40097E-01 4.49664E+01 3.45874E-02
 -1      3152 1.77236E-01 4.49575E+01 2.27035E-02
 -1      3157 4.48070E-01 4.62146E+01-3.47212E-02
 -1      3158 4.10939E-01 4.62229E+01-2.23246E-02
 -1      3159 4.29094E-01 4.62188E+01 3.47212E-02
 -1      3160 4.66225E-01 4.62106E+01 2.23246E-02
 -1      3165 7.15201E-01 4.74727E+01-3.48283E-02
 -1      3166 6.78091E-01 4.74803E+01-2.20050E-02
 -1      3167 6.96931E-01 4.74764E+01 3.48283E-02
 -1      3168 7.34041E-01 4.74688E+01 2.20050E-02
 -1      3173 9.66302E-01 4.87345E+01-3.48965E-02
 -1      3174 9.29212E-01 4.87417E+01-2.17923E-02
 -1      3175 9.48503E-01 4.87380E+01 3.48965E-02
 -1      3176 9.85593E-01 4.87307E+01 2.17923E-02
 -1      3181 8.42124E-01 4.12361E+01-3.60521E-02
 -1      3182 8.10413E-01 4.12270E+01-1.34113E-02
 -1      3183 8.43071E-01 4.12364E+01 3.60521E-02
 -1      3184 8.74781E-01 4.12454E+01 1.34113E-02
 -1      3189 4.93597E-01 4.24745E+01-3.60538E-02
 -1      3190 4.61712E-01 4.24657E+01-1.35445E-02
 -1      3191 4.94271E-01 4.24746E+01 3.60538E-02
 -1      3192 5.26156E-01 4.24834E+01 1.35445E-02
 -1      3197 1.61293E-01 4.37167E+01-3.60553E-02
 -1      3198 1.29148E-01 4.37084E+01-1.37478E-02
 -1      3199 1.61544E-01 4.37168E+01 3.60553E-02
 -1      3200 1.93688E-01 4.37251E+01 1.37478E-02
 -1      3205-1.49867E-01 4.49640E+01-3.60553E-02
 -1      3206-1.82312E-01 4.49562E+01-1.39935E-02
 -1      3207-1.50133E-01 4.49640E+01 3.60553E-02
 -1      3208-1.17688E-01 4.49718E+01 1.39935E-02
 -1      3213-4.38181E-01 4.62168E+01-3.60532E-02
 -1      3214-4.70920E-01 4.62096E+01-1.42455E-02
 -1      3215-4.38983E-01 4.62167E+01 3.60532E-02
 -1      3216-4.06244E-01 4.62239E+01 1.42455E-02
 -1      3221-7.05431E-01 4.74747E+01-3.60497E-02
 -1      3222-7.38414E-01 4.74679E+01-1.44640E-02
 -1      3223-7.06701E-01 4.74744E+01 3.60497E-02
 -1      3224-6.73718E-01 4.74812E+01 1.44640E-02
 -1      3229-9.56607E-01 4.87364E+01-3.60464E-02
 -1      3230-9.89751E-01 4.87299E+01-1.46123E-02
 -1      3231-9.58198E-01 4.87361E+01 3.60464E-02
 -1      3232-9.25054E-01 4.87425E+01 1.46123E-02
 -1      3237-8.31704E-01 4.12331E+01 1.96577E+00
 -1      3238-8.68791E-01 4.12437E+01 1.97638E+00
 -1      3239-8.53491E-01 4.12393E+01 2.03423E+00
 -1      3240-8.16404E-01 4.12287E+01 2.02362E+00
 -1      3245-4.83271E-01 4.24716E+01 1.96568E+00
 -1      3246-5.20380E-01 4.24818E+01 1.97659E+00
 -1      3247-5.04597E-01 4.24775E+01 2.03432E+00
 -1      3248-4.67488E-01 4.24673E+01 2.02341E+00
 -1      3253-1.51102E-01 4.37141E+01 1.96555E+00
 -1      3254-1.88233E-01 4.37237E+01 1.97692E+00
 -1      3255-1.71734E-01 4.37194E+01 2.03445E+00
 -1      3256-1.34603E-01 4.37098E+01 2.02308E+00
 -1      3261 1.59903E-01 4.49616E+01 1.96541E+00
 -1      3262 1.22764E-01 4.49705E+01 1.97730E+00
 -1      3263 1.40097E-01 4.49664E+01 2.03459E+00
 -1      3264 1.77236E-01 4.49575E+01 2.02270E+00
 -1      3269 4.48070E-01 4.62146E+01 1.96528E+00
 -1      3270 4.10939E-01 4.62229E+01 1.97768E+00
 -1      3271 4.29094E-01 4.62188E+01 2.03472E+00
 -1      3272 4.66225E-01 4.62106E+01 2.02232E+00
 -1      3277 7.15201E-01 4.74727E+01 1.96517E+00
 -1      3278 6.78091E-01 4.74803E+01 1.97800E+00
 -1      3279 6.96931E-01 4.74764E+01 2.03483E+00
 -1      3280 7.34041E-01 4.74688E+01 2.02200E+00
 -1      3285 9.66302E-01 4.87345E+01 1.96510E+00
 -1      3286 9.29212E-01 4.87417E+01 1.97821E+00
 -1      3287 9.48503E-01 4.87380E+01 2.03490E+00
 -1      3288 9.85593E-01 4.87307E+01 2.02179E+00
 -1      3293 8.42124E-01 4.12361E+01 1.96395E+00
 -1      3294 8.10413E-01 4.12270E+01 1.98659E+00
 -1      3295 8.43071E-01 4.12364E+01 2.03605E+00
 -1      3296 8.74781E-01 4.12454E+01 2.01341E+00
 -1      3301 4.93597E-01 4.24745E+01 1.96395E+00
 -1      3302 4.61712E-01 4.24657E+01 1.98646E+00
 -1      3303 4.94271E-01 4.24746E+01 2.03605E+00
 -1      3304 5.26156E-01 4.24834E+01 2.01354E+00
 -1      3309 1.61293E-01 4.37167E+01 1.96394E+00
 -1      3310 1.29148E-01 4.37084E+01 1.98625E+00
 -1      3311 1.61544E-01 4.37168E+01 2.03606E+00
 -1      3312 1.93688E-01 4.37251E+01 2.01375E+00
 -1      3317-1.49867E-01 4.49640E+01 1.96394E+00
 -1      3318-1.82312E-01 4.49562E+01 1.98601E+00
 -1      3319-1.50133E-01 4.49640E+01 2.03606E+00
 -1      3320-1.17688E-01 4.49718E+01 2.01399E+00
 -1      3325-4.38181E-01 4.62168E+01 1.96395E+00
 -1      3326-4.70920E-01 4.62096E+01 1.98575E+00
 -1      3327-4.38983E-01 4.62167E+01 2.03605E+00
 -1      3328-4.06244E-01 4.62239E+01 2.01425E+00
 -1      3333-7.05431E-01 4.74747E+01 1.96395E+00
 -1      3334-7.38414E-01 4.74679E+01 1.98554E+00
 -1      3335-7.06701E-01 4.74744E+01 2.03605E+00
 -1      3336-6.73718E-01 4.74812E+01 2.01446E+00
 -1      3341-9.56607E-01 4.87364E+01 1.96395E+00
 -1      3342-9.89751E-01 4.87299E+01 1.98539E+00
 -1      3343-9.58198E-01 4.87361E+01 2.03605E+00
 -1      3344-9.25054E-01 4.87425E+01 2.01461E+00
 -3
    3C                           320                                     1
 -1         1    1    0    1
 -2       261      1461      1462       262       264      1464      1463       263
 -1         2    1    0    1
 -2      1461       461       462      1462      1464       464       463      1463
 -1         3    1    0    1
 -2       311      1469      1470       312       314      1472      1471       313
 -1         4    1    0    1
 -2      1469       511       512      1470      1472       514       513      1471
 -1         5    1    0    1
 -2       361      1477      1478       362       364      1480      1479       363
 -1         6    1    0    1
 -2      1477       561       562      1478      1480       564       563      1479
 -1         7    1    0    1
 -2       411      1485      1486       412       414      1488      1487       413
 -1         8    1    0    1
 -2      1485       611       612      1486      1488       614       613      1487
 -1         9    1    0    1
 -2       461       661       662       462       464       664       663       463
 -1        10    1    0    1
 -2       511       711       712       512       514       714       713       513
 -1        11    1    0    1
 -2       561       761       762       562       564       764       763       563
 -1        12    1    0    1
 -2       611       811       812       612       614       814       813       613
 -1        13    1    0    1
 -2       661       861       862       662       664       864       863       663
 -1        14    1    0    1
 -2       711       911       912       712       714       914       913       713
 -1        15    1    0    1
 -2       761       961       962       762       764       964       963       763
 -1        16    1    0    1
 -2       811      1011      1012       812       814      1014      1013       813
 -1        17    1    0    1
 -2       861      1493      1494       862       864      1496      1495       863
 -1        18    1    0    1
 -2      1493      1061      1062      1494      1496      1064      1063      1495
 -1        19    1    0    1
 -2       911      1501      1502       912       914      1504      1503       913
 -1        20    1    0    1
 -2      1501      1111      1112      1502      1504      1114      1113      1503
 -1        21    1    0    1
 -2       961      1509      1510       962       964      1512      1511       963
 -1        22    1    0    1
 -2      1509      1161      1162      1510      1512      1164      1163      1511
 -1        23    1    0    1
 -2      1011      1517      1518      1012      1014      1520      1519      1013
 -1        24    1    0    1
 -2      1517      1211      1212      1518      1520      1214      1213      1519
 -1        25    1    0    1
 -2      1061      1525      1526      1062      1064      1528      1527      1063
 -1        26    1    0    1
 -2      1525      1533      1534      1526      1528      1536      1535      1527
 -1        27    1    0    1
 -2      1533      1541      1542      1534      1536      1544      1543      1535
 -1        28    1    0    1
 -2      1541      1261      1262      1542      1544      1264      1263      1543
 -1        29    1    0    1
 -2      1111      1549      1550      1112      1114      1552      1551      1113
 -1        30    1    0    1
 -2      1549      1557      1558      1550      1552      1560      1559      1551
 -1        31    1    0    1
 -2      1557      1565      1566      1558      1560      1568      1567      1559
 -1        32    1    0    1
 -2      1565      1311      1312      1566      1568      1314      1313      1567
 -1        33    1    0    1
 -2      1161      1573      1574      1162      1164      1576      1575      1163
 -1        34    1    0    1
 -2      1573      1581      1582      1574      1576      1584      1583      1575
 -1        35    1    0    1
 -2      1581      1589      1590      1582      1584      1592      1591      1583
 -1        36    1    0    1
 -2      1589      1361      1362      1590      1592      1364      1363      1591
 -1        37    1    0    1
 -2      1211      1597      1598      1212      1214      1600      1599      1213
 -1        38    1    0    1
 -2      1597      1605      1606      1598      1600      1608      1607      1599
 -1        39    1    0    1
 -2      1605      1613      1614      1606      1608      1616      1615      1607
 -1        40    1    0    1
 -2      1613      1411      1412      1614      1616      1414      1413      1615
 -1        41    1    0    1
 -2       269      1621      1622       270       272      1624      1623       271
 -1        42    1    0    1
 -2      1621      1629      1630      1622      1624      1632      1631      1623
 -1        43    1    0    1
 -2      1629      1637      1638      1630      1632      1640      1639      1631
 -1        44    1    0    1
 -2      1637       319       320      1638      1640       322       321      1639
 -1        45    1    0    1
 -2       369      1645      1646       370       372      1648      1647       371
 -1        46    1    0    1
 -2      1645      1653      1654      1646      1648      1656      1655      1647
 -1        47    1    0    1
 -2      1653      1661      1662      1654      1656      1664      1663      1655
 -1        48    1    0    1
 -2      1661       419       420      1662      1664       422       421      1663
 -1        49    1    0    1
 -2       277      1669      1670       278       280      1672      1671       279
 -1        50    1    0    1
 -2      1669      1677      1678      1670      1672      1680      1679      1671
 -1        51    1    0    1
 -2      1677      1685      1686      1678      1680      1688      1687      1679
 -1        52    1    0    1
 -2      1685       377       378      1686      1688       380       379      1687
 -1        53    1    0    1
 -2       327      1693      1694       328       330      1696      1695       329
 -1        54    1    0    1
 -2      1693      1701      1702      1694      1696      1704      1703      1695
 -1        55    1    0    1
 -2      1701      1709      1710      1702      1704      1712      1711      1703
 -1        56    1    0    1
 -2      1709       427       428      1710      1712       430       429      1711
 -1        57    1    0    1
 -2       469       519       520       470       472       522       521       471
 -1        58    1    0    1
 -2       569       619       620       570       572       622       621       571
 -1        59    1    0    1
 -2       477       577       578       478       480       580       579       479
 -1        60    1    0    1
 -2       527       627       628       528       530       630       629       529
 -1        61    1    0    1
 -2       669      1717      1718       670       672      1720      1719       671
 -1        62    1    0    1
 -2      1717       719       720      1718      1720       722       721      1719
 -1        63    1    0    1
 -2       769      1725      1726       770       772      1728      1727       771
 -1        64    1    0    1
 -2      1725       819       820      1726      1728       822       821      1727
 -1        65    1    0    1
 -2       677      1733      1734       678       680      1736      1735       679
 -1        66    1    0    1
 -2      1733       777       778      1734      1736       780       779      1735
 -1        67    1    0    1
 -2       727      1741      1742       728       730      1744      1743       729
 -1        68    1    0    1
 -2      1741       827       828      1742      1744       830       829      1743
 -1        69    1    0    1
 -2       869       919       920       870       872       922       921       871
 -1        70    1    0    1
 -2       969      1019      1020       970       972      1022      1021       971
 -1        71    1    0    1
 -2       877       977       978       878       880       980       979       879
 -1        72    1    0    1
 -2       927      1027      1028       928       930      1030      1029       929
 -1        73    1    0    1
 -2      1069      1749      1750      1070      1072      1752      1751      1071
 -1        74    1    0    1
 -2      1749      1757      1758      1750      1752      1760      1759      1751
 -1        75    1    0    1
 -2      1757      1765      1766      1758      1760      1768      1767      1759
 -1        76    1    0    1
 -2      1765      1119      1120      1766      1768      1122      1121      1767
 -1        77    1    0    1
 -2      1169      1773      1774      1170      1172      1776      1775      1171
 -1        78    1    0    1
 -2      1773      1781      1782      1774      1776      1784      1783      1775
 -1        79    1    0    1
 -2      1781      1789      1790      1782      1784      1792      1791      1783
 -1        80    1    0    1
 -2      1789      1219      1220      1790      1792      1222      1221      1791
 -1        81    1    0    1
 -2      1077      1797      1798      1078      1080      1800      1799      1079
 -1        82    1    0    1
 -2      1797      1805      1806      1798      1800      1808      1807      1799
 -1        83    1    0    1
 -2      1805      1813      1814      1806      1808      1816      1815      1807
 -1        84    1    0    1
 -2      1813      1177      1178      1814      1816      1180      1179      1815
 -1        85    1    0    1
 -2      1127      1821      1822      1128      1130      1824      1823      1129
 -1        86    1    0    1
 -2      1821      1829      1830      1822      1824      1832      1831      1823
 -1        87    1    0    1
 -2      1829      1837      1838      1830      1832      1840      1839      1831
 -1        88    1    0    1
 -2      1837      1227      1228      1838      1840      1230      1229      1839
 -1        89    1    0    1
 -2      1269      1845      1846      1270      1272      1848      1847      1271
 -1        90    1    0    1
 -2      1845      1853      1854      1846      1848      1856      1855      1847
 -1        91    1    0    1
 -2      1853      1861      1862      1854      1856      1864      1863      1855
 -1        92    1    0    1
 -2      1861      1869      1870      1862      1864      1872      1871      1863
 -1        93    1    0    1
 -2      1869      1877      1878      1870      1872      1880      1879      1871
 -1        94    1    0    1
 -2      1877      1885      1886      1878      1880      1888      1887      1879
 -1        95    1    0    1
 -2      1885      1893      1894      1886      1888      1896      1895      1887
 -1        96    1    0    1
 -2      1893      1319      1320      1894      1896      1322      1321      1895
 -1        97    1    0    1
 -2      1369      1901      1902      1370      1372      1904      1903      1371
 -1        98    1    0    1
 -2      1901      1909      1910      1902      1904      1912      1911      1903
 -1        99    1    0    1
 -2      1909      1917      1918      1910      1912      1920      1919      1911
 -1       100    1    0    1
 -2      1917      1925      1926      1918      1920      1928      1927      1919
 -1       101    1    0    1
 -2      1925      1933      1934      1926      1928      1936      1935      1927
 -1       102    1    0    1
 -2      1933      1941      1942      1934      1936      1944      1943      1935
 -1       103    1    0    1
 -2      1941      1949      1950      1942      1944      1952      1951      1943
 -1       104    1    0    1
 -2      1949      1419      1420      1950      1952      1422      1421      1951
 -1       105    1    0    1
 -2      1277      1957      1958      1278      1280      1960      1959      1279
 -1       106    1    0    1
 -2      1957      1965      1966      1958      1960      1968      1967      1959
 -1       107    1    0    1
 -2      1965      1973      1974      1966      1968      1976      1975      1967
 -1       108    1    0    1
 -2      1973      1981      1982      1974      1976      1984      1983      1975
 -1       109    1    0    1
 -2      1981      1989      1990      1982      1984      1992      1991      1983
 -1       110    1    0    1
 -2      1989      1997      1998      1990      1992      2000      1999      1991
 -1       111    1    0    1
 -2      1997      2005      2006      1998      2000      2008      2007      1999
 -1       112    1    0    1
 -2      2005      1377      1378      2006      2008      1380      1379      2007
 -1       113    1    0    1
 -2      1327      2013      2014      1328      1330      2016      2015      1329
 -1       114    1    0    1
 -2      2013      2021      2022      2014      2016      2024      2023      2015
 -1       115    1    0    1
 -2      2021      2029      2030      2022      2024      2032      2031      2023
 -1       116    1    0    1
 -2      2029      2037      2038      2030      2032      2040      2039      2031
 -1       117    1    0    1
 -2      2037      2045      2046      2038      2040      2048      2047      2039
 -1       118    1    0    1
 -2      2045      2053      2054      2046      2048      2056      2055      2047
 -1       119    1    0    1
 -2      2053      2061      2062      2054      2056      2064      2063      2055
 -1       120    1    0    1
 -2      2061      1427      1428      2062      2064      1430      1429      2063
 -1       121    1    0    1
 -2       261      2069      2070       262       264      2072      2071       263
 -1       122    1    0    1
 -2      2069      2077      2078      2070      2072      2080      2079      2071
 -1       123    1    0    1
 -2      2077      2085      2086      2078      2080      2088      2087      2079
 -1       124    1    0    1
 -2      2085       561       562      2086      2088       564       563      2087
 -1       125    1    0    1
 -2       361      2093      2094       362       364      2096      2095       363
 -1       126    1    0    1
 -2      2093      2101      2102      2094      2096      2104      2103      2095
 -1       127    1    0    1
 -2      2101      2109      2110      2102      2104      2112      2111      2103
 -1       128    1    0    1
 -2      2109       461       462      2110      2112       464       463      2111
 -1       129    1    0    1
 -2       311      2117      2118       312       314      2120      2119       313
 -1       130    1    0    1
 -2      2117      2125      2126      2118      2120      2128      2127      2119
 -1       131    1    0    1
 -2      2125      2133      2134      2126      2128      2136      2135      2127
 -1       132    1    0    1
 -2      2133       611       612      2134      2136       614       613      2135
 -1       133    1    0    1
 -2       411      2141      2142       412       414      2144      2143       413
 -1       134    1    0    1
 -2      2141      2149      2150      2142      2144      2152      2151      2143
 -1       135    1    0    1
 -2      2149      2157      2158      2150      2152      2160      2159      2151
 -1       136    1    0    1
 -2      2157       511       512      2158      2160       514       513      2159
 -1       137    1    0    1
 -2       261      2165      2166       262       264      2168      2167       263
 -1       138    1    0    1
 -2      2165      2173      2174      2166      2168      2176      2175      2167
 -1       139    1    0    1
 -2      2173      2181      2182      2174      2176      2184      2183      2175
 -1       140    1    0    1
 -2      2181       511       512      2182      2184       514       513      2183
 -1       141    1    0    1
 -2       311      2189      2190       312       314      2192      2191       313
 -1       142    1    0    1
 -2      2189      2197      2198      2190      2192      2200      2199      2191
 -1       143    1    0    1
 -2      2197      2205      2206      2198      2200      2208      2207      2199
 -1       144    1    0    1
 -2      2205       461       462      2206      2208       464       463      2207
 -1       145    1    0    1
 -2       361      2213      2214       362       364      2216      2215       363
 -1       146    1    0    1
 -2      2213      2221      2222      2214      2216      2224      2223      2215
 -1       147    1    0    1
 -2      2221      2229      2230      2222      2224      2232      2231      2223
 -1       148    1    0    1
 -2      2229       611       612      2230      2232       614       613      2231
 -1       149    1    0    1
 -2       411      2237      2238       412       414      2240      2239       413
 -1       150    1    0    1
 -2      2237      2245      2246      2238      2240      2248      2247      2239
 -1       151    1    0    1
 -2      2245      2253      2254      2246      2248      2256      2255      2247
 -1       152    1    0    1
 -2      2253       561       562      2254      2256       564       563      2255
 -1       153    1    0    1
 -2       461      2261      2262       462       464      2264      2263       463
 -1       154    1    0    1
 -2      2261      2269      2270      2262      2264      2272      2271      2263
 -1       155    1    0    1
 -2      2269      2277      2278      2270      2272      2280      2279      2271
 -1       156    1    0    1
 -2      2277       761       762      2278      2280       764       763      2279
 -1       157    1    0    1
 -2       561      2285      2286       562       564      2288      2287       563
 -1       158    1    0    1
 -2      2285      2293      2294      2286      2288      2296      2295      2287
 -1       159    1    0    1
 -2      2293      2301      2302      2294      2296      2304      2303      2295
 -1       160    1    0    1
 -2      2301       661       662      2302      2304       664       663      2303
 -1       161    1    0    1
 -2       511      2309      2310       512       514      2312      2311       513
 -1       162    1    0    1
 -2      2309      2317      2318      2310      2312      2320      2319      2311
 -1       163    1    0    1
 -2      2317      2325      2326      2318      2320      2328      2327      2319
 -1       164    1    0    1
 -2      2325       811       812      2326      2328       814       813      2327
 -1       165    1    0    1
 -2       611      2333      2334       612       614      2336      2335       613
 -1       166    1    0    1
 -2      2333      2341      2342      2334      2336      2344      2343      2335
 -1       167    1    0    1
 -2      2341      2349      2350      2342      2344      2352      2351      2343
 -1       168    1    0    1
 -2      2349       711       712      2350      2352       714       713      2351
 -1       169    1    0    1
 -2       461      2357      2358       462       464      2360      2359       463
 -1       170    1    0    1
 -2      2357      2365      2366      2358      2360      2368      2367      2359
 -1       171    1    0    1
 -2      2365      2373      2374      2366      2368      2376      2375      2367
 -1       172    1    0    1
 -2      2373       711       712      2374      2376       714       713      2375
 -1       173    1    0    1
 -2       511      2381      2382       512       514      2384      2383       513
 -1       174    1    0    1
 -2      2381      2389      2390      2382      2384      2392      2391      2383
 -1       175    1    0    1
 -2      2389      2397      2398      2390      2392      2400      2399      2391
 -1       176    1    0    1
 -2      2397       661       662      2398      2400       664       663      2399
 -1       177    1    0    1
 -2       561      2405      2406       562       564      2408      2407       563
 -1       178    1    0    1
 -2      2405      2413      2414      2406      2408      2416      2415      2407
 -1       179    1    0    1
 -2      2413      2421      2422      2414      2416      2424      2423      2415
 -1       180    1    0    1
 -2      2421       811       812      2422      2424       814       813      2423
 -1       181    1    0    1
 -2       611      2429      2430       612       614      2432      2431       613
 -1       182    1    0    1
 -2      2429      2437      2438      2430      2432      2440      2439      2431
 -1       183    1    0    1
 -2      2437      2445      2446      2438      2440      2448      2447      2439
 -1       184    1    0    1
 -2      2445       761       762      2446      2448       764       763      2447
 -1       185    1    0    1
 -2       661       961       962       662       664       964       963       663
 -1       186    1    0    1
 -2       761       861       862       762       764       864       863       763
 -1       187    1    0    1
 -2       711      1011      1012       712       714      1014      1013       713
 -1       188    1    0    1
 -2       811       911       912       812       814       914       913       813
 -1       189    1    0    1
 -2       661       911       912       662       664       914       913       663
 -1       190    1    0    1
 -2       711       861       862       712       714       864       863       713
 -1       191    1    0    1
 -2       761      1011      1012       762       764      1014      1013       763
 -1       192    1    0    1
 -2       811       961       962       812       814       964       963       813
 -1       193    1    0    1
 -2       861      2453      2454       862       864      2456      2455       863
 -1       194    1    0    1
 -2      2453      2461      2462      2454      2456      2464      2463      2455
 -1       195    1    0    1
 -2      2461      2469      2470      2462      2464      2472      2471      2463
 -1       196    1    0    1
 -2      2469      2477      2478      2470      2472      2480      2479      2471
 -1       197    1    0    1
 -2      2477      2485      2486      2478      2480      2488      2487      2479
 -1       198    1    0    1
 -2      2485      2493      2494      2486      2488      2496      2495      2487
 -1       199    1    0    1
 -2      2493      2501      2502      2494      2496      2504      2503      2495
 -1       200    1    0    1
 -2      2501      1161      1162      2502      2504      1164      1163      2503
 -1       201    1    0    1
 -2       961      2509      2510       962       964      2512      2511       963
 -1       202    1    0    1
 -2      2509      2517      2518      2510      2512      2520      2519      2511
 -1       203    1    0    1
 -2      2517      2525      2526      2518      2520      2528      2527      2519
 -1       204    1    0    1
 -2      2525      2533      2534      2526      2528      2536      2535      2527
 -1       205    1    0    1
 -2      2533      2541      2542      2534      2536      2544      2543      2535
 -1       206    1    0    1
 -2      2541      2549      2550      2542      2544      2552      2551      2543
 -1       207    1    0    1
 -2      2549      2557      2558      2550      2552      2560      2559      2551
 -1       208    1    0    1
 -2      2557      1061      1062      2558      2560      1064      1063      2559
 -1       209    1    0    1
 -2       911      2565      2566       912       914      2568      2567       913
 -1       210    1    0    1
 -2      2565      2573      2574      2566      2568      2576      2575      2567
 -1       211    1    0    1
 -2      2573      2581      2582      2574      2576      2584      2583      2575
 -1       212    1    0    1
 -2      2581      2589      2590      2582      2584      2592      2591      2583
 -1       213    1    0    1
 -2      2589      2597      2598      2590      2592      2600      2599      2591
 -1       214    1    0    1
 -2      2597      2605      2606      2598      2600      2608      2607      2599
 -1       215    1    0    1
 -2      2605      2613      2614      2606      2608      2616      2615      2607
 -1       216    1    0    1
 -2      2613      1211      1212      2614      2616      1214      1213      2615
 -1       217    1    0    1
 -2      1011      2621      2622      1012      1014      2624      2623      1013
 -1       218    1    0    1
 -2      2621      2629      2630      2622      2624      2632      2631      2623
 -1       219    1    0    1
 -2      2629      2637      2638      2630      2632      2640      2639      2631
 -1       220    1    0    1
 -2      2637      2645      2646      2638      2640      2648      2647      2639
 -1       221    1    0    1
 -2      2645      2653      2654      2646      2648      2656      2655      2647
 -1       222    1    0    1
 -2      2653      2661      2662      2654      2656      2664      2663      2655
 -1       223    1    0    1
 -2      2661      2669      2670      2662      2664      2672      2671      2663
 -1       224    1    0    1
 -2      2669      1111      1112      2670      2672      1114      1113      2671
 -1       225    1    0    1
 -2       861      2677      2678       862       864      2680      2679       863
 -1       226    1    0    1
 -2      2677      2685      2686      2678      2680      2688      2687      2679
 -1       227    1    0    1
 -2      2685      2693      2694      2686      2688      2696      2695      2687
 -1       228    1    0    1
 -2      2693      2701      2702      2694      2696      2704      2703      2695
 -1       229    1    0    1
 -2      2701      2709      2710      2702      2704      2712      2711      2703
 -1       230    1    0    1
 -2      2709      2717      2718      2710      2712      2720      2719      2711
 -1       231    1    0    1
 -2      2717      2725      2726      2718      2720      2728      2727      2719
 -1       232    1    0    1
 -2      2725      1111      1112      2726      2728      1114      1113      2727
 -1       233    1    0    1
 -2       911      2733      2734       912       914      2736      2735       913
 -1       234    1    0    1
 -2      2733      2741      2742      2734      2736      2744      2743      2735
 -1       235    1    0    1
 -2      2741      2749      2750      2742      2744      2752      2751      2743
 -1       236    1    0    1
 -2      2749      2757      2758      2750      2752      2760      2759      2751
 -1       237    1    0    1
 -2      2757      2765      2766      2758      2760      2768      2767      2759
 -1       238    1    0    1
 -2      2765      2773      2774      2766      2768      2776      2775      2767
 -1       239    1    0    1
 -2      2773      2781      2782      2774      2776      2784      2783      2775
 -1       240    1    0    1
 -2      2781      1061      1062      2782      2784      1064      1063      2783
 -1       241    1    0    1
 -2       961      2789      2790       962       964      2792      2791       963
 -1       242    1    0    1
 -2      2789      2797      2798      2790      2792      2800      2799      2791
 -1       243    1    0    1
 -2      2797      2805      2806      2798      2800      2808      2807      2799
 -1       244    1    0    1
 -2      2805      2813      2814      2806      2808      2816      2815      2807
 -1       245    1    0    1
 -2      2813      2821      2822      2814      2816      2824      2823      2815
 -1       246    1    0    1
 -2      2821      2829      2830      2822      2824      2832      2831      2823
 -1       247    1    0    1
 -2      2829      2837      2838      2830      2832      2840      2839      2831
 -1       248    1    0    1
 -2      2837      1211      1212      2838      2840      1214      1213      2839
 -1       249    1    0    1
 -2      1011      2845      2846      1012      1014      2848      2847      1013
 -1       250    1    0    1
 -2      2845      2853      2854      2846      2848      2856      2855      2847
 -1       251    1    0    1
 -2      2853      2861      2862      2854      2856      2864      2863      2855
 -1       252    1    0    1
 -2      2861      2869      2870      2862      2864      2872      2871      2863
 -1       253    1    0    1
 -2      2869      2877      2878      2870      2872      2880      2879      2871
 -1       254    1    0    1
 -2      2877      2885      2886      2878      2880      2888      2887      2879
 -1       255    1    0    1
 -2      2885      2893      2894      2886      2888      2896      2895      2887
 -1       256    1    0    1
 -2      2893      1161      1162      2894      2896      1164      1163      2895
 -1       257    1    0    1
 -2      1061      2901      2902      1062      1064      2904      2903      1063
 -1       258    1    0    1
 -2      2901      2909      2910      2902      2904      2912      2911      2903
 -1       259    1    0    1
 -2      2909      2917      2918      2910      2912      2920      2919      2911
 -1       260    1    0    1
 -2      2917      2925      2926      2918      2920      2928      2927      2919
 -1       261    1    0    1
 -2      2925      2933      2934      2926      2928      2936      2935      2927
 -1       262    1    0    1
 -2      2933      2941      2942      2934      2936      2944      2943      2935
 -1       263    1    0    1
 -2      2941      2949      2950      2942      2944      2952      2951      2943
 -1       264    1    0    1
 -2      2949      1361      1362      2950      2952      1364      1363      2951
 -1       265    1    0    1
 -2      1161      2957      2958      1162      1164      2960      2959      1163
 -1       266    1    0    1
 -2      2957      2965      2966      2958      2960      2968      2967      2959
 -1       267    1    0    1
 -2      2965      2973      2974      2966      2968      2976      2975      2967
 -1       268    1    0    1
 -2      2973      2981      2982      2974      2976      2984      2983      2975
 -1       269    1    0    1
 -2      2981      2989      2990      2982      2984      2992      2991      2983
 -1       270    1    0    1
 -2      2989      2997      2998      2990      2992      3000      2999      2991
 -1       271    1    0    1
 -2      2997      3005      3006      2998      3000      3008      3007      2999
 -1       272    1    0    1
 -2      3005      1261      1262      3006      3008      1264      1263      3007
 -1       273    1    0    1
 -2      1111      3013      3014      1112      1114      3016      3015      1113
 -1       274    1    0    1
 -2      3013      3021      3022      3014      3016      3024      3023      3015
 -1       275    1    0    1
 -2      3021      3029      3030      3022      3024      3032      3031      3023
 -1       276    1    0    1
 -2      3029      3037      3038      3030      3032      3040      3039      3031
 -1       277    1    0    1
 -2      3037      3045      3046      3038      3040      3048      3047      3039
 -1       278    1    0    1
 -2      3045      3053      3054      3046      3048      3056      3055      3047
 -1       279    1    0    1
 -2      3053      3061      3062      3054      3056      3064      3063      3055
 -1       280    1    0    1
 -2      3061      1411      1412      3062      3064      1414      1413      3063
 -1       281    1    0    1
 -2      1211      3069      3070      1212      1214      3072      3071      1213
 -1       282    1    0    1
 -2      3069      3077      3078      3070      3072      3080      3079      3071
 -1       283    1    0    1
 -2      3077      3085      3086      3078      3080      3088      3087      3079
 -1       284    1    0    1
 -2      3085      3093      3094      3086      3088      3096      3095      3087
 -1       285    1    0    1
 -2      3093      3101      3102      3094      3096      3104      3103      3095
 -1       286    1    0    1
 -2      3101      3109      3110      3102      3104      3112      3111      3103
 -1       287    1    0    1
 -2      3109      3117      3118      3110      3112      3120      3119      3111
 -1       288    1    0    1
 -2      3117      1311      1312      3118      3120      1314      1313      3119
 -1       289    1    0    1
 -2      1061      3125      3126      1062      1064      3128      3127      1063
 -1       290    1    0    1
 -2      3125      3133      3134      3126      3128      3136      3135      3127
 -1       291    1    0    1
 -2      3133      3141      3142      3134      3136      3144      3143      3135
 -1       292    1    0    1
 -2      3141      3149      3150      3142      3144      3152      3151      3143
 -1       293    1    0    1
 -2      3149      3157      3158      3150      3152      3160      3159      3151
 -1       294    1    0    1
 -2      3157      3165      3166      3158      3160      3168      3167      3159
 -1       295    1    0    1
 -2      3165      3173      3174      3166      3168      3176      3175      3167
 -1       296    1    0    1
 -2      3173      1311      1312      3174      3176      1314      1313      3175
 -1       297    1    0    1
 -2      1111      3181      3182      1112      1114      3184      3183      1113
 -1       298    1    0    1
 -2      3181      3189      3190      3182      3184      3192      3191      3183
 -1       299    1    0    1
 -2      3189      3197      3198      3190      3192      3200      3199      3191
 -1       300    1    0    1
 -2      3197      3205      3206      3198      3200      3208      3207      3199
 -1       301    1    0    1
 -2      3205      3213      3214      3206      3208      3216      3215      3207
 -1       302    1    0    1
 -2      3213      3221      3222      3214      3216      3224      3223      3215
 -1       303    1    0    1
 -2      3221      3229      3230      3222      3224      3232      3231      3223
 -1       304    1    0    1
 -2      3229      1261      1262      3230      3232      1264      1263      3231
 -1       305    1    0    1
 -2      1161      3237      3238      1162      1164      3240      3239      1163
 -1       306    1    0    1
 -2      3237      3245      3246      3238      3240      3248      3247      3239
 -1       307    1    0    1
 -2      3245      3253      3254      3246      3248      3256      3255      3247
 -1       308    1    0    1
 -2      3253      3261      3262      3254      3256      3264      3263      3255
 -1       309    1    0    1
 -2      3261      3269      3270      3262      3264      3272      3271      3263
 -1       310    1    0    1
 -2      3269      3277      3278      3270      3272      3280      3279      3271
 -1       311    1    0    1
 -2      3277      3285      3286      3278      3280      3288      3287      3279
 -1       312    1    0    1
 -2      3285      1411      1412      3286      3288      1414      1413      3287
 -1       313    1    0    1
 -2      1211      3293      3294      1212      1214      3296      3295      1213
 -1       314    1    0    1
 -2      3293      3301      3302      3294      3296      3304      3303      3295
 -1       315    1    0    1
 -2      3301      3309      3310      3302      3304      3312      3311      3303
 -1       316    1    0    1
 -2      3309      3317      3318      3310      3312      3320      3319      3311
 -1       317    1    0    1
 -2      3317      3325      3326      3318      3320      3328      3327      3319
 -1       318    1    0    1
 -2      3325      3333      3334      3326      3328      3336      3335      3327
 -1       319    1    0    1
 -2      3333      3341      3342      3334      3336      3344      3343      3335
 -1       320    1    0    1
 -2      3341      1361      1362      3342      3344      1364      1363      3343
 -3
    1PSTEP                         1           1           1          
  100CL  101 1.000000000           0                     0    1           1
 -4  DISP        4    1
 -5  D1          1    2    1    0
 -5  D2          1    2    2    0
 -5  D3          1    2    3    0
 -5  ALL         1    2    0    0    1ALL
 -3
 9999
