    1C
    1UNormalized cross-passage space-truss torsion benchmark            
    1UUSER                                                              
    1UDATE              06.august.2026                                  
    1UTIME              08:14:21                                        
    1UHOST                                                              
    1UPGM               CalculiX                                        
    1UVERSION           Version 2.21                             
    1UCOMPILETIME       Sat Jul 29 10:52:01 CEST 2023                    
    1UDIR                                                               
    1UDBN                                                               
    1UMAT    1STEEL                                                     
    2C                          1096                                     1
 -1       225-1.19392E+00 1.10406E-03-3.55217E-02
 -1       226-1.23033E+00 3.58513E-03-1.91580E-02
 -1       227-1.20608E+00-1.10406E-03 3.55217E-02
 -1       228-1.16967E+00-3.58513E-03 1.91580E-02
 -1       233-1.20102E+00-3.40950E-02-1.16828E-02
 -1       234-1.20007E+00-2.33416E-03-3.59798E-02
 -1       235-1.19898E+00 3.40950E-02 1.16828E-02
 -1       236-1.19993E+00 2.33416E-03 3.59798E-02
 -1       241-1.23354E+00-1.32202E-02 3.96605E-04
 -1       242-1.20069E+00-3.60327E-02 1.08098E-03
 -1       243-1.16646E+00 1.32202E-02-3.96605E-04
 -1       244-1.19931E+00 3.60327E-02-1.08098E-03
 -1       275 1.20178E+00 2.55221E-03-3.59208E-02
 -1       276 1.16758E+00-1.84045E-03-1.56598E-02
 -1       277 1.19822E+00-2.55221E-03 3.59208E-02
 -1       278 1.23242E+00 1.84045E-03 1.56598E-02
 -1       283 1.20102E+00-3.38645E-02-1.23355E-02
 -1       284 1.20005E+00-1.64335E-03-3.60180E-02
 -1       285 1.19898E+00 3.38645E-02 1.23355E-02
 -1       286 1.19995E+00 1.64335E-03 3.60180E-02
 -1       291 1.16697E+00-1.44498E-02-4.33494E-04
 -1       292 1.20064E+00-3.60336E-02-1.08101E-03
 -1       293 1.23303E+00 1.44498E-02 4.33494E-04
 -1       294 1.19936E+00 3.60336E-02 1.08101E-03
 -1       325-1.19302E+00-2.96955E-03 1.96475E+00
 -1       326-1.22984E+00 1.30746E-03 1.97980E+00
 -1       327-1.20698E+00 2.96955E-03 2.03525E+00
 -1       328-1.17016E+00-1.30746E-03 2.02020E+00
 -1       333-1.19898E+00-3.38645E-02 1.98766E+00
 -1       334-1.19995E+00-1.64335E-03 1.96398E+00
 -1       335-1.20102E+00 3.38645E-02 2.01234E+00
 -1       336-1.20005E+00 1.64335E-03 2.03602E+00
 -1       341-1.23303E+00-1.44498E-02 1.99957E+00
 -1       342-1.19936E+00-3.60336E-02 1.99892E+00
 -1       343-1.16697E+00 1.44498E-02 2.00043E+00
 -1       344-1.20064E+00 3.60336E-02 2.00108E+00
 -1       375 1.20330E+00-1.36844E-03 1.96412E+00
 -1       376 1.16826E+00-3.59743E-03 1.98329E+00
 -1       377 1.19670E+00 1.36844E-03 2.03588E+00
 -1       378 1.23174E+00 3.59743E-03 2.01671E+00
 -1       383 1.19898E+00-3.40950E-02 1.98832E+00
 -1       384 1.19993E+00-2.33416E-03 1.96402E+00
 -1       385 1.20102E+00 3.40950E-02 2.01168E+00
 -1       386 1.20007E+00 2.33416E-03 2.03598E+00
 -1       391 1.16646E+00-1.32202E-02 2.00040E+00
 -1       392 1.19931E+00-3.60327E-02 2.00108E+00
 -1       393 1.23354E+00 1.32202E-02 1.99960E+00
 -1       394 1.20069E+00 3.60327E-02 1.99892E+00
 -1       425-1.19523E+00 9.99978E+00-3.57380E-02
 -1       426-1.23115E+00 1.00002E+01-1.81496E-02
 -1       427-1.20477E+00 1.00002E+01 3.57380E-02
 -1       428-1.16885E+00 9.99978E+00 1.81496E-02
 -1       433-1.20102E+00 9.96591E+00-1.16828E-02
 -1       434-1.20007E+00 9.99767E+00-3.59798E-02
 -1       435-1.19898E+00 1.00341E+01 1.16828E-02
 -1       436-1.19993E+00 1.00023E+01 3.59798E-02
 -1       441-1.23354E+00 9.98678E+00 3.96605E-04
 -1       442-1.20069E+00 9.96397E+00 1.08098E-03
 -1       443-1.16646E+00 1.00132E+01-3.96605E-04
 -1       444-1.19931E+00 1.00360E+01-1.08098E-03
 -1       475 1.20446E+00 9.99951E+00-3.57753E-02
 -1       476 1.16869E+00 9.99942E+00-1.78705E-02
 -1       477 1.19554E+00 1.00005E+01 3.57753E-02
 -1       478 1.23131E+00 1.00006E+01 1.78705E-02
 -1       483 1.20102E+00 9.96614E+00-1.23355E-02
 -1       484 1.20005E+00 9.99836E+00-3.60180E-02
 -1       485 1.19898E+00 1.00339E+01 1.23355E-02
 -1       486 1.19995E+00 1.00016E+01 3.60180E-02
 -1       491 1.16697E+00 9.98555E+00-4.33494E-04
 -1       492 1.20064E+00 9.96397E+00-1.08101E-03
 -1       493 1.23303E+00 1.00145E+01 4.33494E-04
 -1       494 1.19936E+00 1.00360E+01 1.08101E-03
 -1       525-1.19546E+00 1.00005E+01 1.96424E+00
 -1       526-1.23127E+00 1.00006E+01 1.98206E+00
 -1       527-1.20454E+00 9.99951E+00 2.03576E+00
 -1       528-1.16873E+00 9.99942E+00 2.01794E+00
 -1       533-1.19898E+00 9.96614E+00 1.98766E+00
 -1       534-1.19995E+00 9.99836E+00 1.96398E+00
 -1       535-1.20102E+00 1.00339E+01 2.01234E+00
 -1       536-1.20005E+00 1.00016E+01 2.03602E+00
 -1       541-1.23303E+00 9.98555E+00 1.99957E+00
 -1       542-1.19936E+00 9.96397E+00 1.99892E+00
 -1       543-1.16697E+00 1.00145E+01 2.00043E+00
 -1       544-1.20064E+00 1.00360E+01 2.00108E+00
 -1       575 1.20422E+00 1.00002E+01 1.96419E+00
 -1       576 1.16857E+00 9.99978E+00 1.98233E+00
 -1       577 1.19578E+00 9.99978E+00 2.03581E+00
 -1       578 1.23143E+00 1.00002E+01 2.01767E+00
 -1       583 1.19898E+00 9.96591E+00 1.98832E+00
 -1       584 1.19993E+00 9.99767E+00 1.96402E+00
 -1       585 1.20102E+00 1.00341E+01 2.01168E+00
 -1       586 1.20007E+00 1.00023E+01 2.03598E+00
 -1       591 1.16646E+00 9.98678E+00 2.00040E+00
 -1       592 1.19931E+00 9.96397E+00 2.00108E+00
 -1       593 1.23354E+00 1.00132E+01 1.99960E+00
 -1       594 1.20069E+00 1.00360E+01 1.99892E+00
 -1       625-1.19511E+00 1.99993E+01-3.57158E-02
 -1       626-1.23109E+00 2.00000E+01-1.82590E-02
 -1       627-1.20489E+00 2.00007E+01 3.57158E-02
 -1       628-1.16891E+00 2.00000E+01 1.82590E-02
 -1       633-1.20102E+00 1.99659E+01-1.16828E-02
 -1       634-1.20007E+00 1.99977E+01-3.59798E-02
 -1       635-1.19898E+00 2.00341E+01 1.16828E-02
 -1       636-1.19993E+00 2.00023E+01 3.59798E-02
 -1       641-1.23354E+00 1.99868E+01 3.96605E-04
 -1       642-1.20069E+00 1.99640E+01 1.08098E-03
 -1       643-1.16646E+00 2.00132E+01-3.96605E-04
 -1       644-1.19931E+00 2.00360E+01-1.08098E-03
 -1       675 1.20433E+00 1.99999E+01-3.57951E-02
 -1       676 1.16862E+00 1.99996E+01-1.77593E-02
 -1       677 1.19567E+00 2.00001E+01 3.57951E-02
 -1       678 1.23138E+00 2.00004E+01 1.77593E-02
 -1       683 1.20102E+00 1.99661E+01-1.23355E-02
 -1       684 1.20005E+00 1.99984E+01-3.60180E-02
 -1       685 1.19898E+00 2.00339E+01 1.23355E-02
 -1       686 1.19995E+00 2.00016E+01 3.60180E-02
 -1       691 1.16697E+00 1.99855E+01-4.33494E-04
 -1       692 1.20064E+00 1.99640E+01-1.08101E-03
 -1       693 1.23303E+00 2.00145E+01 4.33494E-04
 -1       694 1.19936E+00 2.00360E+01 1.08101E-03
 -1       725-1.19533E+00 2.00001E+01 1.96425E+00
 -1       726-1.23120E+00 2.00004E+01 1.98194E+00
 -1       727-1.20467E+00 1.99999E+01 2.03575E+00
 -1       728-1.16880E+00 1.99996E+01 2.01806E+00
 -1       733-1.19898E+00 1.99661E+01 1.98766E+00
 -1       734-1.19995E+00 1.99984E+01 1.96398E+00
 -1       735-1.20102E+00 2.00339E+01 2.01234E+00
 -1       736-1.20005E+00 2.00016E+01 2.03602E+00
 -1       741-1.23303E+00 1.99855E+01 1.99957E+00
 -1       742-1.19936E+00 1.99640E+01 1.99892E+00
 -1       743-1.16697E+00 2.00145E+01 2.00043E+00
 -1       744-1.20064E+00 2.00360E+01 2.00108E+00
 -1       775 1.20409E+00 2.00007E+01 1.96418E+00
 -1       776 1.16851E+00 2.00000E+01 1.98245E+00
 -1       777 1.19591E+00 1.99993E+01 2.03582E+00
 -1       778 1.23149E+00 2.00000E+01 2.01755E+00
 -1       783 1.19898E+00 1.99659E+01 1.98832E+00
 -1       784 1.19993E+00 1.99977E+01 1.96402E+00
 -1       785 1.20102E+00 2.00341E+01 2.01168E+00
 -1       786 1.20007E+00 2.00023E+01 2.03598E+00
 -1       791 1.16646E+00 1.99868E+01 2.00040E+00
 -1       792 1.19931E+00 1.99640E+01 2.00108E+00
 -1       793 1.23354E+00 2.00132E+01 1.99960E+00
 -1       794 1.20069E+00 2.00360E+01 1.99892E+00
 -1       825-1.19518E+00 2.99996E+01-3.57298E-02
 -1       826-1.23113E+00 3.00001E+01-1.81933E-02
 -1       827-1.20482E+00 3.00004E+01 3.57298E-02
 -1       828-1.16887E+00 2.99999E+01 1.81933E-02
 -1       833-1.20102E+00 2.99659E+01-1.16828E-02
 -1       834-1.20007E+00 2.99977E+01-3.59798E-02
 -1       835-1.19898E+00 3.00341E+01 1.16828E-02
 -1       836-1.19993E+00 3.00023E+01 3.59798E-02
 -1       841-1.23354E+00 2.99868E+01 3.96605E-04
 -1       842-1.20069E+00 2.99640E+01 1.08098E-03
 -1       843-1.16646E+00 3.00132E+01-3.96605E-04
 -1       844-1.19931E+00 3.00360E+01-1.08098E-03
 -1       875 1.20440E+00 2.99997E+01-3.57845E-02
 -1       876 1.16866E+00 2.99995E+01-1.78229E-02
 -1       877 1.19560E+00 3.00003E+01 3.57845E-02
 -1       878 1.23134E+00 3.00005E+01 1.78229E-02
 -1       883 1.20102E+00 2.99661E+01-1.23355E-02
 -1       884 1.20005E+00 2.99984E+01-3.60180E-02
 -1       885 1.19898E+00 3.00339E+01 1.23355E-02
 -1       886 1.19995E+00 3.00016E+01 3.60180E-02
 -1       891 1.16697E+00 2.99855E+01-4.33494E-04
 -1       892 1.20064E+00 2.99640E+01-1.08101E-03
 -1       893 1.23303E+00 3.00145E+01 4.33494E-04
 -1       894 1.19936E+00 3.00360E+01 1.08101E-03
 -1       925-1.19541E+00 3.00003E+01 1.96424E+00
 -1       926-1.23124E+00 3.00005E+01 1.98201E+00
 -1       927-1.20459E+00 2.99997E+01 2.03576E+00
 -1       928-1.16876E+00 2.99995E+01 2.01799E+00
 -1       933-1.19898E+00 2.99661E+01 1.98766E+00
 -1       934-1.19995E+00 2.99984E+01 1.96398E+00
 -1       935-1.20102E+00 3.00339E+01 2.01234E+00
 -1       936-1.20005E+00 3.00016E+01 2.03602E+00
 -1       941-1.23303E+00 2.99855E+01 1.99957E+00
 -1       942-1.19936E+00 2.99640E+01 1.99892E+00
 -1       943-1.16697E+00 3.00145E+01 2.00043E+00
 -1       944-1.20064E+00 3.00360E+01 2.00108E+00
 -1       975 1.20416E+00 3.00004E+01 1.96419E+00
 -1       976 1.16854E+00 2.99999E+01 1.98238E+00
 -1       977 1.19584E+00 2.99996E+01 2.03581E+00
 -1       978 1.23146E+00 3.00001E+01 2.01762E+00
 -1       983 1.19898E+00 2.99659E+01 1.98832E+00
 -1       984 1.19993E+00 2.99977E+01 1.96402E+00
 -1       985 1.20102E+00 3.00341E+01 2.01168E+00
 -1       986 1.20007E+00 3.00023E+01 2.03598E+00
 -1       991 1.16646E+00 2.99868E+01 2.00040E+00
 -1       992 1.19931E+00 2.99640E+01 2.00108E+00
 -1       993 1.23354E+00 3.00132E+01 1.99960E+00
 -1       994 1.20069E+00 3.00360E+01 1.99892E+00
 -1      1025-1.19625E+00 3.99996E+01-3.58579E-02
 -1      1026-1.23163E+00 3.99984E+01-1.72316E-02
 -1      1027-1.20375E+00 4.00004E+01 3.58579E-02
 -1      1028-1.16837E+00 4.00016E+01 1.72316E-02
 -1      1033-1.20145E+00 3.99659E+01-1.15569E-02
 -1      1034-1.20010E+00 3.99975E+01-3.59709E-02
 -1      1035-1.19855E+00 4.00341E+01 1.15569E-02
 -1      1036-1.19990E+00 4.00025E+01 3.59709E-02
 -1      1041-1.23365E+00 3.99871E+01 5.48678E-04
 -1      1042-1.20099E+00 3.99640E+01 1.52775E-03
 -1      1043-1.16635E+00 4.00129E+01-5.48678E-04
 -1      1044-1.19901E+00 4.00360E+01-1.52775E-03
 -1      1049-1.19208E+00 3.99981E+01-3.51203E-02
 -1      1050-1.22908E+00 4.00036E+01-2.09992E-02
 -1      1051-1.20792E+00 4.00019E+01 3.51203E-02
 -1      1052-1.17092E+00 3.99964E+01 2.09992E-02
 -1      1091 1.20438E+00 3.99996E+01-3.57860E-02
 -1      1092 1.16865E+00 3.99994E+01-1.78058E-02
 -1      1093 1.19562E+00 4.00004E+01 3.57860E-02
 -1      1094 1.23135E+00 4.00006E+01 1.78058E-02
 -1      1099 1.20143E+00 3.99662E+01-1.24797E-02
 -1      1100 1.20006E+00 3.99985E+01-3.60247E-02
 -1      1101 1.19857E+00 4.00338E+01 1.24797E-02
 -1      1102 1.19994E+00 4.00015E+01 3.60247E-02
 -1      1107 1.16707E+00 3.99853E+01-6.22501E-04
 -1      1108 1.20089E+00 3.99640E+01-1.52786E-03
 -1      1109 1.23293E+00 4.00147E+01 6.22501E-04
 -1      1110 1.19911E+00 4.00360E+01 1.52786E-03
 -1      1141-1.19664E+00 4.00007E+01 1.96411E+00
 -1      1142-1.23182E+00 3.99989E+01 1.98307E+00
 -1      1143-1.20336E+00 3.99993E+01 2.03589E+00
 -1      1144-1.16818E+00 4.00011E+01 2.01693E+00
 -1      1149-1.19857E+00 3.99662E+01 1.98752E+00
 -1      1150-1.19994E+00 3.99985E+01 1.96398E+00
 -1      1151-1.20143E+00 4.00338E+01 2.01248E+00
 -1      1152-1.20006E+00 4.00015E+01 2.03602E+00
 -1      1157-1.23293E+00 3.99853E+01 1.99938E+00
 -1      1158-1.19911E+00 3.99640E+01 1.99847E+00
 -1      1159-1.16707E+00 4.00147E+01 2.00062E+00
 -1      1160-1.20089E+00 4.00360E+01 2.00153E+00
 -1      1165-1.19289E+00 3.99970E+01 1.96478E+00
 -1      1166-1.22975E+00 4.00014E+01 1.97968E+00
 -1      1167-1.20711E+00 4.00030E+01 2.03522E+00
 -1      1168-1.17025E+00 3.99986E+01 2.02032E+00
 -1      1207 1.20408E+00 4.00005E+01 1.96418E+00
 -1      1208 1.16851E+00 3.99998E+01 1.98245E+00
 -1      1209 1.19592E+00 3.99995E+01 2.03582E+00
 -1      1210 1.23149E+00 4.00002E+01 2.01755E+00
 -1      1215 1.19855E+00 3.99659E+01 1.98844E+00
 -1      1216 1.19990E+00 3.99975E+01 1.96403E+00
 -1      1217 1.20145E+00 4.00341E+01 2.01156E+00
 -1      1218 1.20010E+00 4.00025E+01 2.03597E+00
 -1      1223 1.16635E+00 3.99871E+01 2.00055E+00
 -1      1224 1.19901E+00 3.99640E+01 2.00153E+00
 -1      1225 1.23365E+00 4.00129E+01 1.99945E+00
 -1      1226 1.20099E+00 4.00360E+01 1.99847E+00
 -1      1257-1.19609E+00 4.99979E+01-3.57809E-02
 -1      1258-1.23152E+00 4.99968E+01-1.72280E-02
 -1      1259-1.20391E+00 5.00021E+01 3.57809E-02
 -1      1260-1.16848E+00 5.00032E+01 1.72280E-02
 -1      1265-1.20157E+00 4.99659E+01-1.15220E-02
 -1      1266-1.20011E+00 4.99975E+01-3.59684E-02
 -1      1267-1.19843E+00 5.00341E+01 1.15220E-02
 -1      1268-1.19989E+00 5.00025E+01 3.59684E-02
 -1      1273-1.23368E+00 4.99872E+01 5.90072E-04
 -1      1274-1.20108E+00 4.99640E+01 1.65325E-03
 -1      1275-1.16632E+00 5.00128E+01-5.90072E-04
 -1      1276-1.19892E+00 5.00360E+01-1.65325E-03
 -1      1307 1.20659E+00 4.99962E+01-3.52381E-02
 -1      1308 1.16988E+00 5.00000E+01-1.98251E-02
 -1      1309 1.19341E+00 5.00038E+01 3.52381E-02
 -1      1310 1.23012E+00 5.00000E+01 1.98251E-02
 -1      1315 1.20155E+00 4.99662E+01-1.25208E-02
 -1      1316 1.20007E+00 4.99986E+01-3.60265E-02
 -1      1317 1.19845E+00 5.00338E+01 1.25208E-02
 -1      1318 1.19993E+00 5.00014E+01 3.60265E-02
 -1      1323 1.16710E+00 4.99853E+01-6.76580E-04
 -1      1324 1.20096E+00 4.99640E+01-1.65341E-03
 -1      1325 1.23290E+00 5.00147E+01 6.76580E-04
 -1      1326 1.19904E+00 5.00360E+01 1.65341E-03
 -1      1357-1.19824E+00 5.00036E+01 1.96417E+00
 -1      1358-1.23250E+00 4.99994E+01 1.98440E+00
 -1      1359-1.20176E+00 4.99964E+01 2.03583E+00
 -1      1360-1.16750E+00 5.00006E+01 2.01560E+00
 -1      1365-1.19845E+00 4.99662E+01 1.98748E+00
 -1      1366-1.19993E+00 4.99986E+01 1.96397E+00
 -1      1367-1.20155E+00 5.00338E+01 2.01252E+00
 -1      1368-1.20007E+00 5.00014E+01 2.03603E+00
 -1      1373-1.23290E+00 4.99853E+01 1.99932E+00
 -1      1374-1.19904E+00 4.99640E+01 1.99835E+00
 -1      1375-1.16710E+00 5.00147E+01 2.00068E+00
 -1      1376-1.20096E+00 5.00360E+01 2.00165E+00
 -1      1407 1.20512E+00 5.00020E+01 1.96437E+00
 -1      1408 1.16909E+00 5.00032E+01 1.98171E+00
 -1      1409 1.19488E+00 4.99980E+01 2.03563E+00
 -1      1410 1.23091E+00 4.99968E+01 2.01829E+00
 -1      1415 1.19843E+00 4.99659E+01 1.98848E+00
 -1      1416 1.19989E+00 4.99975E+01 1.96403E+00
 -1      1417 1.20157E+00 5.00341E+01 2.01152E+00
 -1      1418 1.20011E+00 5.00025E+01 2.03597E+00
 -1      1423 1.16632E+00 4.99872E+01 2.00059E+00
 -1      1424 1.19892E+00 4.99640E+01 2.00165E+00
 -1      1425 1.23368E+00 5.00128E+01 1.99941E+00
 -1      1426 1.20108E+00 5.00360E+01 1.99835E+00
 -1      1457-1.19553E+00 5.00000E+00-1.85778E-01
 -1      1458-1.23131E+00 5.00000E+00-1.67883E-01
 -1      1459-1.20447E+00 5.00000E+00-1.14222E-01
 -1      1460-1.16869E+00 5.00000E+00-1.32117E-01
 -1      1465 1.20447E+00 5.00000E+00 1.14222E-01
 -1      1466 1.16869E+00 5.00000E+00 1.32117E-01
 -1      1467 1.19553E+00 5.00000E+00 1.85778E-01
 -1      1468 1.23131E+00 5.00000E+00 1.67883E-01
 -1      1473-1.19553E+00 5.00000E+00 1.81422E+00
 -1      1474-1.23131E+00 5.00000E+00 1.83212E+00
 -1      1475-1.20447E+00 5.00000E+00 1.88578E+00
 -1      1476-1.16869E+00 5.00000E+00 1.86788E+00
 -1      1481 1.20447E+00 5.00000E+00 2.11422E+00
 -1      1482 1.16869E+00 5.00000E+00 2.13212E+00
 -1      1483 1.19553E+00 5.00000E+00 2.18578E+00
 -1      1484 1.23131E+00 5.00000E+00 2.16788E+00
 -1      1489-1.19522E+00 2.24989E+01-1.41787E-01
 -1      1490-1.23115E+00 2.24995E+01-1.24216E-01
 -1      1491-1.20478E+00 2.25011E+01-7.03450E-02
 -1      1492-1.16885E+00 2.25005E+01-8.79159E-02
 -1      1497-1.19553E+00 2.50000E+01-1.85777E-01
 -1      1498-1.23131E+00 2.50000E+01-1.67887E-01
 -1      1499-1.20447E+00 2.50000E+01-1.14223E-01
 -1      1500-1.16869E+00 2.50000E+01-1.32113E-01
 -1      1505-1.19586E+00 2.75011E+01-1.41867E-01
 -1      1506-1.23147E+00 2.75005E+01-1.23652E-01
 -1      1507-1.20414E+00 2.74989E+01-7.02647E-02
 -1      1508-1.16853E+00 2.74995E+01-8.84797E-02
 -1      1513 1.20414E+00 2.25011E+01 7.02647E-02
 -1      1514 1.16853E+00 2.25005E+01 8.84797E-02
 -1      1515 1.19586E+00 2.24989E+01 1.41867E-01
 -1      1516 1.23147E+00 2.24995E+01 1.23652E-01
 -1      1521 1.20447E+00 2.50000E+01 1.14223E-01
 -1      1522 1.16869E+00 2.50000E+01 1.32113E-01
 -1      1523 1.19553E+00 2.50000E+01 1.85777E-01
 -1      1524 1.23131E+00 2.50000E+01 1.67887E-01
 -1      1529 1.20478E+00 2.74989E+01 7.03450E-02
 -1      1530 1.16885E+00 2.74995E+01 8.79159E-02
 -1      1531 1.19522E+00 2.75011E+01 1.41787E-01
 -1      1532 1.23115E+00 2.75005E+01 1.24216E-01
 -1      1537-1.19522E+00 2.24989E+01 1.85821E+00
 -1      1538-1.23115E+00 2.24995E+01 1.87578E+00
 -1      1539-1.20478E+00 2.25011E+01 1.92966E+00
 -1      1540-1.16885E+00 2.25005E+01 1.91208E+00
 -1      1545-1.19553E+00 2.50000E+01 1.81422E+00
 -1      1546-1.23131E+00 2.50000E+01 1.83211E+00
 -1      1547-1.20447E+00 2.50000E+01 1.88578E+00
 -1      1548-1.16869E+00 2.50000E+01 1.86789E+00
 -1      1553-1.19586E+00 2.75011E+01 1.85813E+00
 -1      1554-1.23147E+00 2.75005E+01 1.87635E+00
 -1      1555-1.20414E+00 2.74989E+01 1.92974E+00
 -1      1556-1.16853E+00 2.74995E+01 1.91152E+00
 -1      1561 1.20414E+00 2.25011E+01 2.07026E+00
 -1      1562 1.16853E+00 2.25005E+01 2.08848E+00
 -1      1563 1.19586E+00 2.24989E+01 2.14187E+00
 -1      1564 1.23147E+00 2.24995E+01 2.12365E+00
 -1      1569 1.20447E+00 2.50000E+01 2.11422E+00
 -1      1570 1.16869E+00 2.50000E+01 2.13211E+00
 -1      1571 1.19553E+00 2.50000E+01 2.18578E+00
 -1      1572 1.23131E+00 2.50000E+01 2.16789E+00
 -1      1577 1.20478E+00 2.74989E+01 2.07034E+00
 -1      1578 1.16885E+00 2.74995E+01 2.08792E+00
 -1      1579 1.19522E+00 2.75011E+01 2.14179E+00
 -1      1580 1.23115E+00 2.75005E+01 2.12422E+00
 -1      1585-1.19522E+00 3.24989E+01-1.41787E-01
 -1      1586-1.23115E+00 3.24995E+01-1.24216E-01
 -1      1587-1.20478E+00 3.25011E+01-7.03450E-02
 -1      1588-1.16885E+00 3.25005E+01-8.79159E-02
 -1      1593-1.19553E+00 3.50000E+01-1.85777E-01
 -1      1594-1.23131E+00 3.50000E+01-1.67887E-01
 -1      1595-1.20447E+00 3.50000E+01-1.14223E-01
 -1      1596-1.16869E+00 3.50000E+01-1.32113E-01
 -1      1601-1.19586E+00 3.75011E+01-1.41867E-01
 -1      1602-1.23147E+00 3.75005E+01-1.23652E-01
 -1      1603-1.20414E+00 3.74989E+01-7.02647E-02
 -1      1604-1.16853E+00 3.74995E+01-8.84797E-02
 -1      1609 1.20414E+00 3.25011E+01 7.02647E-02
 -1      1610 1.16853E+00 3.25005E+01 8.84797E-02
 -1      1611 1.19586E+00 3.24989E+01 1.41867E-01
 -1      1612 1.23147E+00 3.24995E+01 1.23652E-01
 -1      1617 1.20447E+00 3.50000E+01 1.14223E-01
 -1      1618 1.16869E+00 3.50000E+01 1.32113E-01
 -1      1619 1.19553E+00 3.50000E+01 1.85777E-01
 -1      1620 1.23131E+00 3.50000E+01 1.67887E-01
 -1      1625 1.20478E+00 3.74989E+01 7.03450E-02
 -1      1626 1.16885E+00 3.74995E+01 8.79159E-02
 -1      1627 1.19522E+00 3.75011E+01 1.41787E-01
 -1      1628 1.23115E+00 3.75005E+01 1.24216E-01
 -1      1633-1.19522E+00 3.24989E+01 1.85821E+00
 -1      1634-1.23115E+00 3.24995E+01 1.87578E+00
 -1      1635-1.20478E+00 3.25011E+01 1.92966E+00
 -1      1636-1.16885E+00 3.25005E+01 1.91208E+00
 -1      1641-1.19553E+00 3.50000E+01 1.81422E+00
 -1      1642-1.23131E+00 3.50000E+01 1.83211E+00
 -1      1643-1.20447E+00 3.50000E+01 1.88578E+00
 -1      1644-1.16869E+00 3.50000E+01 1.86789E+00
 -1      1649-1.19586E+00 3.75011E+01 1.85813E+00
 -1      1650-1.23147E+00 3.75005E+01 1.87635E+00
 -1      1651-1.20414E+00 3.74989E+01 1.92974E+00
 -1      1652-1.16853E+00 3.74995E+01 1.91152E+00
 -1      1657 1.20414E+00 3.25011E+01 2.07026E+00
 -1      1658 1.16853E+00 3.25005E+01 2.08848E+00
 -1      1659 1.19586E+00 3.24989E+01 2.14187E+00
 -1      1660 1.23147E+00 3.24995E+01 2.12365E+00
 -1      1665 1.20447E+00 3.50000E+01 2.11422E+00
 -1      1666 1.16869E+00 3.50000E+01 2.13211E+00
 -1      1667 1.19553E+00 3.50000E+01 2.18578E+00
 -1      1668 1.23131E+00 3.50000E+01 2.16789E+00
 -1      1673 1.20478E+00 3.74989E+01 2.07034E+00
 -1      1674 1.16885E+00 3.74995E+01 2.08792E+00
 -1      1675 1.19522E+00 3.75011E+01 2.14179E+00
 -1      1676 1.23115E+00 3.75005E+01 2.12422E+00
 -1      1681-1.19510E+00 4.12485E+01-9.30910E-02
 -1      1682-1.23109E+00 4.12492E+01-7.56508E-02
 -1      1683-1.20490E+00 4.12515E+01-2.17140E-02
 -1      1684-1.16891E+00 4.12508E+01-3.91543E-02
 -1      1689-1.19519E+00 4.24988E+01-1.41781E-01
 -1      1690-1.23114E+00 4.24994E+01-1.24237E-01
 -1      1691-1.20481E+00 4.25012E+01-7.03511E-02
 -1      1692-1.16886E+00 4.25006E+01-8.78954E-02
 -1      1697-1.19534E+00 4.37494E+01-1.74330E-01
 -1      1698-1.23121E+00 4.37497E+01-1.56628E-01
 -1      1699-1.20466E+00 4.37506E+01-1.02834E-01
 -1      1700-1.16879E+00 4.37503E+01-1.20535E-01
 -1      1705-1.19553E+00 4.50000E+01-1.85777E-01
 -1      1706-1.23131E+00 4.50000E+01-1.67888E-01
 -1      1707-1.20447E+00 4.50000E+01-1.14223E-01
 -1      1708-1.16869E+00 4.50000E+01-1.32112E-01
 -1      1713-1.19572E+00 4.62506E+01-1.74377E-01
 -1      1714-1.23140E+00 4.62503E+01-1.56298E-01
 -1      1715-1.20428E+00 4.62494E+01-1.02787E-01
 -1      1716-1.16860E+00 4.62497E+01-1.20866E-01
 -1      1721-1.19589E+00 4.75012E+01-1.41868E-01
 -1      1722-1.23149E+00 4.75006E+01-1.23626E-01
 -1      1723-1.20411E+00 4.74988E+01-7.02642E-02
 -1      1724-1.16851E+00 4.74994E+01-8.85056E-02
 -1      1729-1.19601E+00 4.87515E+01-9.32042E-02
 -1      1730-1.23154E+00 4.87507E+01-7.48534E-02
 -1      1731-1.20399E+00 4.87485E+01-2.16008E-02
 -1      1732-1.16846E+00 4.87493E+01-3.99517E-02
 -1      1737 1.20399E+00 4.12515E+01 2.16008E-02
 -1      1738 1.16846E+00 4.12507E+01 3.99517E-02
 -1      1739 1.19601E+00 4.12485E+01 9.32042E-02
 -1      1740 1.23154E+00 4.12493E+01 7.48534E-02
 -1      1745 1.20411E+00 4.25012E+01 7.02642E-02
 -1      1746 1.16851E+00 4.25006E+01 8.85056E-02
 -1      1747 1.19589E+00 4.24988E+01 1.41868E-01
 -1      1748 1.23149E+00 4.24994E+01 1.23626E-01
 -1      1753 1.20428E+00 4.37506E+01 1.02787E-01
 -1      1754 1.16860E+00 4.37503E+01 1.20866E-01
 -1      1755 1.19572E+00 4.37494E+01 1.74377E-01
 -1      1756 1.23140E+00 4.37497E+01 1.56298E-01
 -1      1761 1.20447E+00 4.50000E+01 1.14223E-01
 -1      1762 1.16869E+00 4.50000E+01 1.32112E-01
 -1      1763 1.19553E+00 4.50000E+01 1.85777E-01
 -1      1764 1.23131E+00 4.50000E+01 1.67888E-01
 -1      1769 1.20466E+00 4.62494E+01 1.02834E-01
 -1      1770 1.16879E+00 4.62497E+01 1.20535E-01
 -1      1771 1.19534E+00 4.62506E+01 1.74330E-01
 -1      1772 1.23121E+00 4.62503E+01 1.56628E-01
 -1      1777 1.20481E+00 4.74988E+01 7.03511E-02
 -1      1778 1.16886E+00 4.74994E+01 8.78954E-02
 -1      1779 1.19519E+00 4.75012E+01 1.41781E-01
 -1      1780 1.23114E+00 4.75006E+01 1.24237E-01
 -1      1785 1.20490E+00 4.87485E+01 2.17140E-02
 -1      1786 1.16891E+00 4.87492E+01 3.91543E-02
 -1      1787 1.19510E+00 4.87515E+01 9.30910E-02
 -1      1788 1.23109E+00 4.87508E+01 7.56508E-02
 -1      1793-1.19510E+00 4.12485E+01 1.90691E+00
 -1      1794-1.23109E+00 4.12492E+01 1.92435E+00
 -1      1795-1.20490E+00 4.12515E+01 1.97829E+00
 -1      1796-1.16891E+00 4.12508E+01 1.96085E+00
 -1      1801-1.19519E+00 4.24988E+01 1.85822E+00
 -1      1802-1.23114E+00 4.24994E+01 1.87576E+00
 -1      1803-1.20481E+00 4.25012E+01 1.92965E+00
 -1      1804-1.16886E+00 4.25006E+01 1.91210E+00
 -1      1809-1.19534E+00 4.37494E+01 1.82567E+00
 -1      1810-1.23121E+00 4.37497E+01 1.84337E+00
 -1      1811-1.20466E+00 4.37506E+01 1.89717E+00
 -1      1812-1.16879E+00 4.37503E+01 1.87946E+00
 -1      1817-1.19553E+00 4.50000E+01 1.81422E+00
 -1      1818-1.23131E+00 4.50000E+01 1.83211E+00
 -1      1819-1.20447E+00 4.50000E+01 1.88578E+00
 -1      1820-1.16869E+00 4.50000E+01 1.86789E+00
 -1      1825-1.19572E+00 4.62506E+01 1.82562E+00
 -1      1826-1.23140E+00 4.62503E+01 1.84370E+00
 -1      1827-1.20428E+00 4.62494E+01 1.89721E+00
 -1      1828-1.16860E+00 4.62497E+01 1.87913E+00
 -1      1833-1.19589E+00 4.75012E+01 1.85813E+00
 -1      1834-1.23149E+00 4.75006E+01 1.87637E+00
 -1      1835-1.20411E+00 4.74988E+01 1.92974E+00
 -1      1836-1.16851E+00 4.74994E+01 1.91149E+00
 -1      1841-1.19601E+00 4.87515E+01 1.90680E+00
 -1      1842-1.23154E+00 4.87507E+01 1.92515E+00
 -1      1843-1.20399E+00 4.87485E+01 1.97840E+00
 -1      1844-1.16846E+00 4.87493E+01 1.96005E+00
 -1      1849 1.20399E+00 4.12515E+01 2.02160E+00
 -1      1850 1.16846E+00 4.12507E+01 2.03995E+00
 -1      1851 1.19601E+00 4.12485E+01 2.09320E+00
 -1      1852 1.23154E+00 4.12493E+01 2.07485E+00
 -1      1857 1.20411E+00 4.25012E+01 2.07026E+00
 -1      1858 1.16851E+00 4.25006E+01 2.08851E+00
 -1      1859 1.19589E+00 4.24988E+01 2.14187E+00
 -1      1860 1.23149E+00 4.24994E+01 2.12363E+00
 -1      1865 1.20428E+00 4.37506E+01 2.10279E+00
 -1      1866 1.16860E+00 4.37503E+01 2.12087E+00
 -1      1867 1.19572E+00 4.37494E+01 2.17438E+00
 -1      1868 1.23140E+00 4.37497E+01 2.15630E+00
 -1      1873 1.20447E+00 4.50000E+01 2.11422E+00
 -1      1874 1.16869E+00 4.50000E+01 2.13211E+00
 -1      1875 1.19553E+00 4.50000E+01 2.18578E+00
 -1      1876 1.23131E+00 4.50000E+01 2.16789E+00
 -1      1881 1.20466E+00 4.62494E+01 2.10283E+00
 -1      1882 1.16879E+00 4.62497E+01 2.12054E+00
 -1      1883 1.19534E+00 4.62506E+01 2.17433E+00
 -1      1884 1.23121E+00 4.62503E+01 2.15663E+00
 -1      1889 1.20481E+00 4.74988E+01 2.07035E+00
 -1      1890 1.16886E+00 4.74994E+01 2.08790E+00
 -1      1891 1.19519E+00 4.75012E+01 2.14178E+00
 -1      1892 1.23114E+00 4.75006E+01 2.12424E+00
 -1      1897 1.20490E+00 4.87485E+01 2.02171E+00
 -1      1898 1.16891E+00 4.87492E+01 2.03915E+00
 -1      1899 1.19510E+00 4.87515E+01 2.09309E+00
 -1      1900 1.23109E+00 4.87508E+01 2.07565E+00
 -1      1905 0.00000E+00-6.99992E-02-1.20023E-02
 -1      1906 0.00000E+00-3.79975E-02-3.60001E-02
 -1      1907 0.00000E+00-2.00083E-03 1.20023E-02
 -1      1908 0.00000E+00-3.40025E-02 3.60001E-02
 -1      1913 0.00000E+00 2.00083E-03 1.98800E+00
 -1      1914 0.00000E+00 3.40025E-02 1.96400E+00
 -1      1915 0.00000E+00 6.99992E-02 2.01200E+00
 -1      1916 0.00000E+00 3.79975E-02 2.03600E+00
 -1      1921-1.23329E+00 1.61495E-02 1.00000E+00
 -1      1922-1.20002E+00-6.05551E-03 1.00000E+00
 -1      1923-1.16671E+00 4.38505E-02 1.00000E+00
 -1      1924-1.19998E+00 6.60555E-02 1.00000E+00
 -1      1929 1.16671E+00-4.38505E-02 1.00000E+00
 -1      1930 1.19998E+00-6.60555E-02 1.00000E+00
 -1      1931 1.23329E+00-1.61495E-02 1.00000E+00
 -1      1932 1.20002E+00 6.05551E-03 1.00000E+00
 -1      1937 0.00000E+00 9.93000E+00-1.20023E-02
 -1      1938 0.00000E+00 9.96200E+00-3.60001E-02
 -1      1939 0.00000E+00 9.99800E+00 1.20023E-02
 -1      1940 0.00000E+00 9.96600E+00 3.60001E-02
 -1      1945 0.00000E+00 1.00020E+01 1.98800E+00
 -1      1946 0.00000E+00 1.00340E+01 1.96400E+00
 -1      1947 0.00000E+00 1.00700E+01 2.01200E+00
 -1      1948 0.00000E+00 1.00380E+01 2.03600E+00
 -1      1953-1.23329E+00 1.00161E+01 1.00000E+00
 -1      1954-1.20002E+00 9.99394E+00 1.00000E+00
 -1      1955-1.16671E+00 1.00439E+01 1.00000E+00
 -1      1956-1.19998E+00 1.00661E+01 1.00000E+00
 -1      1961 1.16671E+00 9.95615E+00 1.00000E+00
 -1      1962 1.19998E+00 9.93394E+00 1.00000E+00
 -1      1963 1.23329E+00 9.98385E+00 1.00000E+00
 -1      1964 1.20002E+00 1.00061E+01 1.00000E+00
 -1      1969 0.00000E+00 1.99300E+01-1.20023E-02
 -1      1970 0.00000E+00 1.99620E+01-3.60001E-02
 -1      1971 0.00000E+00 1.99980E+01 1.20023E-02
 -1      1972 0.00000E+00 1.99660E+01 3.60001E-02
 -1      1977 0.00000E+00 2.00020E+01 1.98800E+00
 -1      1978 0.00000E+00 2.00340E+01 1.96400E+00
 -1      1979 0.00000E+00 2.00700E+01 2.01200E+00
 -1      1980 0.00000E+00 2.00380E+01 2.03600E+00
 -1      1985-1.23329E+00 2.00161E+01 1.00000E+00
 -1      1986-1.20002E+00 1.99939E+01 1.00000E+00
 -1      1987-1.16671E+00 2.00438E+01 1.00000E+00
 -1      1988-1.19998E+00 2.00661E+01 1.00000E+00
 -1      1993 1.16671E+00 1.99562E+01 1.00000E+00
 -1      1994 1.19998E+00 1.99339E+01 1.00000E+00
 -1      1995 1.23329E+00 1.99839E+01 1.00000E+00
 -1      1996 1.20002E+00 2.00061E+01 1.00000E+00
 -1      2001 0.00000E+00 2.99300E+01-1.20023E-02
 -1      2002 0.00000E+00 2.99620E+01-3.60001E-02
 -1      2003 0.00000E+00 2.99980E+01 1.20023E-02
 -1      2004 0.00000E+00 2.99660E+01 3.60001E-02
 -1      2009 0.00000E+00 3.00020E+01 1.98800E+00
 -1      2010 0.00000E+00 3.00340E+01 1.96400E+00
 -1      2011 0.00000E+00 3.00700E+01 2.01200E+00
 -1      2012 0.00000E+00 3.00380E+01 2.03600E+00
 -1      2017-1.23329E+00 3.00161E+01 1.00000E+00
 -1      2018-1.20002E+00 2.99939E+01 1.00000E+00
 -1      2019-1.16671E+00 3.00438E+01 1.00000E+00
 -1      2020-1.19998E+00 3.00661E+01 1.00000E+00
 -1      2025 1.16671E+00 2.99562E+01 1.00000E+00
 -1      2026 1.19998E+00 2.99339E+01 1.00000E+00
 -1      2027 1.23329E+00 2.99839E+01 1.00000E+00
 -1      2028 1.20002E+00 3.00061E+01 1.00000E+00
 -1      2033-6.01023E-01 3.99404E+01-1.16832E-02
 -1      2034-6.00070E-01 3.99722E+01-3.59798E-02
 -1      2035-5.98977E-01 4.00086E+01 1.16832E-02
 -1      2036-5.99930E-01 3.99769E+01 3.59798E-02
 -1      2041 0.00000E+00 3.99300E+01-1.20008E-02
 -1      2042 0.00000E+00 3.99620E+01-3.60000E-02
 -1      2043 0.00000E+00 3.99980E+01 1.20008E-02
 -1      2044 0.00000E+00 3.99660E+01 3.60000E-02
 -1      2049 6.01016E-01 3.99407E+01-1.23359E-02
 -1      2050 6.00049E-01 3.99729E+01-3.60180E-02
 -1      2051 5.98984E-01 4.00084E+01 1.23359E-02
 -1      2052 5.99951E-01 3.99762E+01 3.60180E-02
 -1      2057-5.98984E-01 3.99916E+01 1.98766E+00
 -1      2058-5.99951E-01 4.00238E+01 1.96398E+00
 -1      2059-6.01016E-01 4.00593E+01 2.01234E+00
 -1      2060-6.00049E-01 4.00271E+01 2.03602E+00
 -1      2065 0.00000E+00 4.00020E+01 1.98800E+00
 -1      2066 0.00000E+00 4.00340E+01 1.96400E+00
 -1      2067 0.00000E+00 4.00700E+01 2.01200E+00
 -1      2068 0.00000E+00 4.00380E+01 2.03600E+00
 -1      2073 5.98977E-01 3.99914E+01 1.98832E+00
 -1      2074 5.99930E-01 4.00231E+01 1.96402E+00
 -1      2075 6.01023E-01 4.00596E+01 2.01168E+00
 -1      2076 6.00070E-01 4.00278E+01 2.03598E+00
 -1      2081-1.23354E+00 4.00080E+01 5.00396E-01
 -1      2082-1.20070E+00 3.99852E+01 5.01081E-01
 -1      2083-1.16646E+00 4.00344E+01 4.99604E-01
 -1      2084-1.19930E+00 4.00572E+01 4.98919E-01
 -1      2089-1.23328E+00 4.00161E+01 1.00000E+00
 -1      2090-1.20001E+00 3.99939E+01 1.00000E+00
 -1      2091-1.16672E+00 4.00439E+01 1.00000E+00
 -1      2092-1.19999E+00 4.00661E+01 1.00000E+00
 -1      2097-1.23303E+00 4.00068E+01 1.49957E+00
 -1      2098-1.19936E+00 3.99852E+01 1.49892E+00
 -1      2099-1.16697E+00 4.00357E+01 1.50043E+00
 -1      2100-1.20064E+00 4.00572E+01 1.50108E+00
 -1      2105 1.16697E+00 3.99643E+01 4.99567E-01
 -1      2106 1.20064E+00 3.99428E+01 4.98919E-01
 -1      2107 1.23303E+00 3.99932E+01 5.00433E-01
 -1      2108 1.19936E+00 4.00148E+01 5.01081E-01
 -1      2113 1.16672E+00 3.99561E+01 1.00000E+00
 -1      2114 1.19999E+00 3.99339E+01 1.00000E+00
 -1      2115 1.23328E+00 3.99839E+01 1.00000E+00
 -1      2116 1.20001E+00 4.00061E+01 1.00000E+00
 -1      2121 1.16646E+00 3.99656E+01 1.50040E+00
 -1      2122 1.19930E+00 3.99428E+01 1.50108E+00
 -1      2123 1.23354E+00 3.99920E+01 1.49960E+00
 -1      2124 1.20070E+00 4.00148E+01 1.49892E+00
 -1      2129-9.01448E-01 4.99521E+01-1.15569E-02
 -1      2130-9.00105E-01 4.99838E+01-3.59710E-02
 -1      2131-8.98552E-01 5.00203E+01 1.15569E-02
 -1      2132-8.99895E-01 4.99887E+01 3.59710E-02
 -1      2137-6.01107E-01 4.99404E+01-1.16576E-02
 -1      2138-6.00077E-01 4.99722E+01-3.59781E-02
 -1      2139-5.98893E-01 5.00086E+01 1.16576E-02
 -1      2140-5.99923E-01 4.99769E+01 3.59781E-02
 -1      2145-3.00599E-01 4.99327E+01-1.18121E-02
 -1      2146-3.00039E-01 4.99645E+01-3.59884E-02
 -1      2147-2.99401E-01 5.00008E+01 1.18121E-02
 -1      2148-2.99961E-01 4.99689E+01 3.59884E-02
 -1      2153 0.00000E+00 4.99300E+01-1.20002E-02
 -1      2154 0.00000E+00 4.99620E+01-3.60000E-02
 -1      2155 0.00000E+00 4.99980E+01 1.20002E-02
 -1      2156 0.00000E+00 4.99660E+01 3.60000E-02
 -1      2161 3.00596E-01 4.99328E+01-1.21945E-02
 -1      2162 3.00032E-01 4.99649E+01-3.60109E-02
 -1      2163 2.99404E-01 5.00007E+01 1.21945E-02
 -1      2164 2.99968E-01 4.99685E+01 3.60109E-02
 -1      2169 6.01099E-01 4.99407E+01-1.23640E-02
 -1      2170 6.00052E-01 4.99729E+01-3.60194E-02
 -1      2171 5.98901E-01 5.00084E+01 1.23640E-02
 -1      2172 5.99948E-01 4.99762E+01 3.60194E-02
 -1      2177 9.01434E-01 4.99524E+01-1.24797E-02
 -1      2178 9.00063E-01 4.99847E+01-3.60247E-02
 -1      2179 8.98566E-01 5.00200E+01 1.24797E-02
 -1      2180 8.99937E-01 4.99877E+01 3.60247E-02
 -1      2185-8.98566E-01 4.99800E+01 1.98752E+00
 -1      2186-8.99937E-01 5.00123E+01 1.96398E+00
 -1      2187-9.01434E-01 5.00476E+01 2.01248E+00
 -1      2188-9.00063E-01 5.00153E+01 2.03602E+00
 -1      2193-5.98901E-01 4.99916E+01 1.98764E+00
 -1      2194-5.99948E-01 5.00238E+01 1.96398E+00
 -1      2195-6.01099E-01 5.00593E+01 2.01236E+00
 -1      2196-6.00052E-01 5.00271E+01 2.03602E+00
 -1      2201-2.99404E-01 4.99993E+01 1.98781E+00
 -1      2202-2.99968E-01 5.00315E+01 1.96399E+00
 -1      2203-3.00596E-01 5.00672E+01 2.01219E+00
 -1      2204-3.00032E-01 5.00351E+01 2.03601E+00
 -1      2209 0.00000E+00 5.00020E+01 1.98800E+00
 -1      2210 0.00000E+00 5.00340E+01 1.96400E+00
 -1      2211 0.00000E+00 5.00700E+01 2.01200E+00
 -1      2212 0.00000E+00 5.00380E+01 2.03600E+00
 -1      2217 2.99401E-01 4.99992E+01 1.98819E+00
 -1      2218 2.99961E-01 5.00311E+01 1.96401E+00
 -1      2219 3.00599E-01 5.00673E+01 2.01181E+00
 -1      2220 3.00039E-01 5.00355E+01 2.03599E+00
 -1      2225 5.98893E-01 4.99914E+01 1.98834E+00
 -1      2226 5.99923E-01 5.00231E+01 1.96402E+00
 -1      2227 6.01107E-01 5.00596E+01 2.01166E+00
 -1      2228 6.00077E-01 5.00278E+01 2.03598E+00
 -1      2233 8.98552E-01 4.99797E+01 1.98844E+00
 -1      2234 8.99895E-01 5.00113E+01 1.96403E+00
 -1      2235 9.01448E-01 5.00479E+01 2.01156E+00
 -1      2236 9.00105E-01 5.00162E+01 2.03597E+00
 -1      2241-1.23365E+00 4.99985E+01 2.50549E-01
 -1      2242-1.20099E+00 4.99755E+01 2.51528E-01
 -1      2243-1.16635E+00 5.00244E+01 2.49451E-01
 -1      2244-1.19901E+00 5.00475E+01 2.48472E-01
 -1      2249-1.23356E+00 5.00080E+01 5.00427E-01
 -1      2250-1.20075E+00 4.99852E+01 5.01170E-01
 -1      2251-1.16644E+00 5.00344E+01 4.99573E-01
 -1      2252-1.19925E+00 5.00572E+01 4.98830E-01
 -1      2257-1.23343E+00 5.00142E+01 7.50237E-01
 -1      2258-1.20040E+00 4.99917E+01 7.50633E-01
 -1      2259-1.16657E+00 5.00412E+01 7.49763E-01
 -1      2260-1.19960E+00 5.00638E+01 7.49367E-01
 -1      2265-1.23328E+00 5.00161E+01 1.00000E+00
 -1      2266-1.20000E+00 4.99939E+01 1.00000E+00
 -1      2267-1.16672E+00 5.00439E+01 1.00000E+00
 -1      2268-1.20000E+00 5.00661E+01 1.00000E+00
 -1      2273-1.23313E+00 5.00135E+01 1.24975E+00
 -1      2274-1.19962E+00 4.99917E+01 1.24937E+00
 -1      2275-1.16687E+00 5.00419E+01 1.25025E+00
 -1      2276-1.20038E+00 5.00638E+01 1.25063E+00
 -1      2281-1.23301E+00 5.00067E+01 1.49953E+00
 -1      2282-1.19931E+00 4.99852E+01 1.49883E+00
 -1      2283-1.16699E+00 5.00357E+01 1.50047E+00
 -1      2284-1.20069E+00 5.00572E+01 1.50117E+00
 -1      2289-1.23293E+00 4.99968E+01 1.74938E+00
 -1      2290-1.19911E+00 4.99755E+01 1.74847E+00
 -1      2291-1.16707E+00 5.00262E+01 1.75062E+00
 -1      2292-1.20089E+00 5.00475E+01 1.75153E+00
 -1      2297 1.16707E+00 4.99738E+01 2.49378E-01
 -1      2298 1.20089E+00 4.99525E+01 2.48472E-01
 -1      2299 1.23293E+00 5.00032E+01 2.50622E-01
 -1      2300 1.19911E+00 5.00245E+01 2.51528E-01
 -1      2305 1.16699E+00 4.99643E+01 4.99529E-01
 -1      2306 1.20069E+00 4.99428E+01 4.98830E-01
 -1      2307 1.23301E+00 4.99933E+01 5.00471E-01
 -1      2308 1.19931E+00 5.00148E+01 5.01170E-01
 -1      2313 1.16687E+00 4.99581E+01 7.49750E-01
 -1      2314 1.20038E+00 4.99362E+01 7.49367E-01
 -1      2315 1.23313E+00 4.99865E+01 7.50250E-01
 -1      2316 1.19962E+00 5.00083E+01 7.50633E-01
 -1      2321 1.16672E+00 4.99561E+01 1.00000E+00
 -1      2322 1.20000E+00 4.99339E+01 1.00000E+00
 -1      2323 1.23328E+00 4.99839E+01 1.00000E+00
 -1      2324 1.20000E+00 5.00061E+01 1.00000E+00
 -1      2329 1.16657E+00 4.99588E+01 1.25024E+00
 -1      2330 1.19960E+00 4.99362E+01 1.25063E+00
 -1      2331 1.23343E+00 4.99858E+01 1.24976E+00
 -1      2332 1.20040E+00 5.00083E+01 1.24937E+00
 -1      2337 1.16644E+00 4.99656E+01 1.50043E+00
 -1      2338 1.19925E+00 4.99428E+01 1.50117E+00
 -1      2339 1.23356E+00 4.99920E+01 1.49957E+00
 -1      2340 1.20075E+00 5.00148E+01 1.49883E+00
 -1      2345 1.16635E+00 4.99756E+01 1.75055E+00
 -1      2346 1.19901E+00 4.99525E+01 1.75153E+00
 -1      2347 1.23365E+00 5.00015E+01 1.74945E+00
 -1      2348 1.20099E+00 5.00245E+01 1.74847E+00
 -1      2353-1.19830E+00 5.03706E+00 8.14684E-01
 -1      2354-1.23259E+00 5.03303E+00 8.34874E-01
 -1      2355-1.20170E+00 5.02294E+00 8.85316E-01
 -1      2356-1.16741E+00 5.02697E+00 8.65126E-01
 -1      2361-1.19388E+00 5.02303E+00 1.11516E+00
 -1      2362-1.23044E+00 5.02621E+00 1.13106E+00
 -1      2363-1.20612E+00 5.03697E+00 1.18484E+00
 -1      2364-1.16956E+00 5.03379E+00 1.16894E+00
 -1      2369 1.20170E+00 5.03706E+00 8.14684E-01
 -1      2370 1.16741E+00 5.03303E+00 8.34874E-01
 -1      2371 1.19830E+00 5.02294E+00 8.85316E-01
 -1      2372 1.23259E+00 5.02697E+00 8.65126E-01
 -1      2377 1.20612E+00 5.02303E+00 1.11516E+00
 -1      2378 1.16956E+00 5.02621E+00 1.13106E+00
 -1      2379 1.19388E+00 5.03697E+00 1.18484E+00
 -1      2380 1.23044E+00 5.03379E+00 1.16894E+00
 -1      2385 1.59908E-01 4.96162E+00-3.45858E-02
 -1      2386 1.22767E-01 4.97054E+00-2.27077E-02
 -1      2387 1.40092E-01 4.96638E+00 3.45858E-02
 -1      2388 1.77233E-01 4.95746E+00 2.27077E-02
 -1      2393-1.49864E-01 4.96403E+00-3.60552E-02
 -1      2394-1.82310E-01 4.95625E+00-1.39967E-02
 -1      2395-1.50136E-01 4.96397E+00 3.60552E-02
 -1      2396-1.17690E-01 4.97175E+00 1.39967E-02
 -1      2401 1.59908E-01 4.96162E+00 1.96541E+00
 -1      2402 1.22767E-01 4.97054E+00 1.97729E+00
 -1      2403 1.40092E-01 4.96638E+00 2.03459E+00
 -1      2404 1.77233E-01 4.95746E+00 2.02271E+00
 -1      2409-1.49864E-01 4.96403E+00 1.96394E+00
 -1      2410-1.82310E-01 4.95625E+00 1.98600E+00
 -1      2411-1.50136E-01 4.96397E+00 2.03606E+00
 -1      2412-1.17690E-01 4.97175E+00 2.01400E+00
 -1      2417-1.19830E+00 1.50371E+01 8.14684E-01
 -1      2418-1.23259E+00 1.50330E+01 8.34874E-01
 -1      2419-1.20170E+00 1.50229E+01 8.85316E-01
 -1      2420-1.16741E+00 1.50270E+01 8.65126E-01
 -1      2425-1.19388E+00 1.50230E+01 1.11516E+00
 -1      2426-1.23044E+00 1.50262E+01 1.13106E+00
 -1      2427-1.20612E+00 1.50370E+01 1.18484E+00
 -1      2428-1.16956E+00 1.50338E+01 1.16894E+00
 -1      2433 1.20170E+00 1.50371E+01 8.14684E-01
 -1      2434 1.16741E+00 1.50330E+01 8.34874E-01
 -1      2435 1.19830E+00 1.50229E+01 8.85316E-01
 -1      2436 1.23259E+00 1.50270E+01 8.65126E-01
 -1      2441 1.20612E+00 1.50230E+01 1.11516E+00
 -1      2442 1.16956E+00 1.50262E+01 1.13106E+00
 -1      2443 1.19388E+00 1.50370E+01 1.18484E+00
 -1      2444 1.23044E+00 1.50338E+01 1.16894E+00
 -1      2449 1.59908E-01 1.49616E+01-3.45858E-02
 -1      2450 1.22767E-01 1.49705E+01-2.27077E-02
 -1      2451 1.40092E-01 1.49664E+01 3.45858E-02
 -1      2452 1.77233E-01 1.49575E+01 2.27077E-02
 -1      2457-1.49864E-01 1.49640E+01-3.60552E-02
 -1      2458-1.82310E-01 1.49562E+01-1.39967E-02
 -1      2459-1.50136E-01 1.49640E+01 3.60552E-02
 -1      2460-1.17690E-01 1.49718E+01 1.39967E-02
 -1      2465 1.59908E-01 1.49616E+01 1.96541E+00
 -1      2466 1.22767E-01 1.49705E+01 1.97729E+00
 -1      2467 1.40092E-01 1.49664E+01 2.03459E+00
 -1      2468 1.77233E-01 1.49575E+01 2.02271E+00
 -1      2473-1.49864E-01 1.49640E+01 1.96394E+00
 -1      2474-1.82310E-01 1.49562E+01 1.98600E+00
 -1      2475-1.50136E-01 1.49640E+01 2.03606E+00
 -1      2476-1.17690E-01 1.49718E+01 2.01400E+00
 -1      2481-1.19830E+00 2.50371E+01 8.14684E-01
 -1      2482-1.23259E+00 2.50330E+01 8.34874E-01
 -1      2483-1.20170E+00 2.50229E+01 8.85316E-01
 -1      2484-1.16741E+00 2.50270E+01 8.65126E-01
 -1      2489-1.19388E+00 2.50230E+01 1.11516E+00
 -1      2490-1.23044E+00 2.50262E+01 1.13106E+00
 -1      2491-1.20612E+00 2.50370E+01 1.18484E+00
 -1      2492-1.16956E+00 2.50338E+01 1.16894E+00
 -1      2497 1.20170E+00 2.50371E+01 8.14684E-01
 -1      2498 1.16741E+00 2.50330E+01 8.34874E-01
 -1      2499 1.19830E+00 2.50229E+01 8.85316E-01
 -1      2500 1.23259E+00 2.50270E+01 8.65126E-01
 -1      2505 1.20612E+00 2.50230E+01 1.11516E+00
 -1      2506 1.16956E+00 2.50262E+01 1.13106E+00
 -1      2507 1.19388E+00 2.50370E+01 1.18484E+00
 -1      2508 1.23044E+00 2.50338E+01 1.16894E+00
 -1      2513 1.59908E-01 2.49616E+01-3.45858E-02
 -1      2514 1.22767E-01 2.49705E+01-2.27077E-02
 -1      2515 1.40092E-01 2.49664E+01 3.45858E-02
 -1      2516 1.77233E-01 2.49575E+01 2.27077E-02
 -1      2521-1.49864E-01 2.49640E+01-3.60552E-02
 -1      2522-1.82310E-01 2.49562E+01-1.39967E-02
 -1      2523-1.50136E-01 2.49640E+01 3.60552E-02
 -1      2524-1.17690E-01 2.49718E+01 1.39967E-02
 -1      2529 1.59908E-01 2.49616E+01 1.96541E+00
 -1      2530 1.22767E-01 2.49705E+01 1.97729E+00
 -1      2531 1.40092E-01 2.49664E+01 2.03459E+00
 -1      2532 1.77233E-01 2.49575E+01 2.02271E+00
 -1      2537-1.49864E-01 2.49640E+01 1.96394E+00
 -1      2538-1.82310E-01 2.49562E+01 1.98600E+00
 -1      2539-1.50136E-01 2.49640E+01 2.03606E+00
 -1      2540-1.17690E-01 2.49718E+01 2.01400E+00
 -1      2545-1.19830E+00 3.50371E+01 8.14684E-01
 -1      2546-1.23259E+00 3.50330E+01 8.34874E-01
 -1      2547-1.20170E+00 3.50229E+01 8.85316E-01
 -1      2548-1.16741E+00 3.50270E+01 8.65126E-01
 -1      2553-1.19388E+00 3.50230E+01 1.11516E+00
 -1      2554-1.23044E+00 3.50262E+01 1.13106E+00
 -1      2555-1.20612E+00 3.50370E+01 1.18484E+00
 -1      2556-1.16956E+00 3.50338E+01 1.16894E+00
 -1      2561 1.20170E+00 3.50371E+01 8.14684E-01
 -1      2562 1.16741E+00 3.50330E+01 8.34874E-01
 -1      2563 1.19830E+00 3.50229E+01 8.85316E-01
 -1      2564 1.23259E+00 3.50270E+01 8.65126E-01
 -1      2569 1.20612E+00 3.50230E+01 1.11516E+00
 -1      2570 1.16956E+00 3.50262E+01 1.13106E+00
 -1      2571 1.19388E+00 3.50370E+01 1.18484E+00
 -1      2572 1.23044E+00 3.50338E+01 1.16894E+00
 -1      2577 1.59908E-01 3.49616E+01-3.45858E-02
 -1      2578 1.22767E-01 3.49705E+01-2.27077E-02
 -1      2579 1.40092E-01 3.49664E+01 3.45858E-02
 -1      2580 1.77233E-01 3.49575E+01 2.27077E-02
 -1      2585-1.49864E-01 3.49640E+01-3.60552E-02
 -1      2586-1.82310E-01 3.49562E+01-1.39967E-02
 -1      2587-1.50136E-01 3.49640E+01 3.60552E-02
 -1      2588-1.17690E-01 3.49718E+01 1.39967E-02
 -1      2593 1.59908E-01 3.49616E+01 1.96541E+00
 -1      2594 1.22767E-01 3.49705E+01 1.97729E+00
 -1      2595 1.40092E-01 3.49664E+01 2.03459E+00
 -1      2596 1.77233E-01 3.49575E+01 2.02271E+00
 -1      2601-1.49864E-01 3.49640E+01 1.96394E+00
 -1      2602-1.82310E-01 3.49562E+01 1.98600E+00
 -1      2603-1.50136E-01 3.49640E+01 2.03606E+00
 -1      2604-1.17690E-01 3.49718E+01 2.01400E+00
 -1      2609-1.19757E+00 4.12670E+01 1.57055E-01
 -1      2610-1.23227E+00 4.12640E+01 1.76710E-01
 -1      2611-1.20243E+00 4.12559E+01 2.28140E-01
 -1      2612-1.16773E+00 4.12590E+01 2.08485E-01
 -1      2617-1.19773E+00 4.25271E+01 3.58438E-01
 -1      2618-1.23234E+00 4.25238E+01 3.78214E-01
 -1      2619-1.20227E+00 4.25153E+01 4.29430E-01
 -1      2620-1.16766E+00 4.25186E+01 4.09654E-01
 -1      2625-1.19798E+00 4.37842E+01 5.76000E-01
 -1      2626-1.23245E+00 4.37805E+01 5.95959E-01
 -1      2627-1.20202E+00 4.37713E+01 6.46836E-01
 -1      2628-1.16755E+00 4.37749E+01 6.26877E-01
 -1      2633-1.19828E+00 4.50371E+01 8.14685E-01
 -1      2634-1.23258E+00 4.50330E+01 8.34863E-01
 -1      2635-1.20172E+00 4.50229E+01 8.85315E-01
 -1      2636-1.16742E+00 4.50270E+01 8.65137E-01
 -1      2641-1.19860E+00 4.62854E+01 1.07622E+00
 -1      2642-1.23272E+00 4.62809E+01 1.09662E+00
 -1      2643-1.20140E+00 4.62700E+01 1.14662E+00
 -1      2644-1.16728E+00 4.62745E+01 1.12622E+00
 -1      2649-1.19888E+00 4.75294E+01 1.35884E+00
 -1      2650-1.23284E+00 4.75246E+01 1.37943E+00
 -1      2651-1.20112E+00 4.75130E+01 1.42902E+00
 -1      2652-1.16716E+00 4.75178E+01 1.40843E+00
 -1      2657-1.19908E+00 4.87700E+01 1.65759E+00
 -1      2658-1.23292E+00 4.87650E+01 1.67830E+00
 -1      2659-1.20092E+00 4.87529E+01 1.72761E+00
 -1      2660-1.16708E+00 4.87580E+01 1.70689E+00
 -1      2665-1.19416E+00 4.12560E+01 1.77225E+00
 -1      2666-1.23060E+00 4.12585E+01 1.78856E+00
 -1      2667-1.20584E+00 4.12670E+01 1.84256E+00
 -1      2668-1.16940E+00 4.12644E+01 1.82625E+00
 -1      2673-1.19409E+00 4.25154E+01 1.57098E+00
 -1      2674-1.23056E+00 4.25181E+01 1.58719E+00
 -1      2675-1.20591E+00 4.25271E+01 1.64115E+00
 -1      2676-1.16944E+00 4.25244E+01 1.62494E+00
 -1      2681-1.19399E+00 4.37714E+01 1.35360E+00
 -1      2682-1.23051E+00 4.37743E+01 1.36967E+00
 -1      2683-1.20601E+00 4.37841E+01 1.42356E+00
 -1      2684-1.16949E+00 4.37812E+01 1.40749E+00
 -1      2689-1.19388E+00 4.50230E+01 1.11516E+00
 -1      2690-1.23044E+00 4.50262E+01 1.13106E+00
 -1      2691-1.20612E+00 4.50370E+01 1.18484E+00
 -1      2692-1.16956E+00 4.50338E+01 1.16894E+00
 -1      2697-1.19377E+00 4.62701E+01 8.53886E-01
 -1      2698-1.23038E+00 4.62736E+01 8.69618E-01
 -1      2699-1.20623E+00 4.62853E+01 9.23278E-01
 -1      2700-1.16962E+00 4.62819E+01 9.07546E-01
 -1      2705-1.19368E+00 4.75131E+01 5.71502E-01
 -1      2706-1.23034E+00 4.75168E+01 5.87093E-01
 -1      2707-1.20632E+00 4.75293E+01 6.40630E-01
 -1      2708-1.16966E+00 4.75257E+01 6.25039E-01
 -1      2713-1.19363E+00 4.87531E+01 2.72930E-01
 -1      2714-1.23031E+00 4.87568E+01 2.88429E-01
 -1      2715-1.20637E+00 4.87699E+01 3.41875E-01
 -1      2716-1.16969E+00 4.87661E+01 3.26376E-01
 -1      2721 1.20243E+00 4.12670E+01 1.57055E-01
 -1      2722 1.16773E+00 4.12640E+01 1.76710E-01
 -1      2723 1.19757E+00 4.12559E+01 2.28140E-01
 -1      2724 1.23227E+00 4.12590E+01 2.08485E-01
 -1      2729 1.20227E+00 4.25271E+01 3.58438E-01
 -1      2730 1.16766E+00 4.25238E+01 3.78214E-01
 -1      2731 1.19773E+00 4.25153E+01 4.29430E-01
 -1      2732 1.23234E+00 4.25186E+01 4.09654E-01
 -1      2737 1.20202E+00 4.37842E+01 5.76000E-01
 -1      2738 1.16755E+00 4.37805E+01 5.95959E-01
 -1      2739 1.19798E+00 4.37713E+01 6.46836E-01
 -1      2740 1.23245E+00 4.37749E+01 6.26877E-01
 -1      2745 1.20172E+00 4.50371E+01 8.14685E-01
 -1      2746 1.16742E+00 4.50330E+01 8.34863E-01
 -1      2747 1.19828E+00 4.50229E+01 8.85315E-01
 -1      2748 1.23258E+00 4.50270E+01 8.65137E-01
 -1      2753 1.20140E+00 4.62854E+01 1.07622E+00
 -1      2754 1.16728E+00 4.62809E+01 1.09662E+00
 -1      2755 1.19860E+00 4.62700E+01 1.14662E+00
 -1      2756 1.23272E+00 4.62745E+01 1.12622E+00
 -1      2761 1.20112E+00 4.75294E+01 1.35884E+00
 -1      2762 1.16716E+00 4.75246E+01 1.37943E+00
 -1      2763 1.19888E+00 4.75130E+01 1.42902E+00
 -1      2764 1.23284E+00 4.75178E+01 1.40843E+00
 -1      2769 1.20092E+00 4.87700E+01 1.65759E+00
 -1      2770 1.16708E+00 4.87650E+01 1.67830E+00
 -1      2771 1.19908E+00 4.87529E+01 1.72761E+00
 -1      2772 1.23292E+00 4.87580E+01 1.70689E+00
 -1      2777 1.20584E+00 4.12560E+01 1.77225E+00
 -1      2778 1.16940E+00 4.12585E+01 1.78856E+00
 -1      2779 1.19416E+00 4.12670E+01 1.84256E+00
 -1      2780 1.23060E+00 4.12644E+01 1.82625E+00
 -1      2785 1.20591E+00 4.25154E+01 1.57098E+00
 -1      2786 1.16944E+00 4.25181E+01 1.58719E+00
 -1      2787 1.19409E+00 4.25271E+01 1.64115E+00
 -1      2788 1.23056E+00 4.25244E+01 1.62494E+00
 -1      2793 1.20601E+00 4.37714E+01 1.35360E+00
 -1      2794 1.16949E+00 4.37743E+01 1.36967E+00
 -1      2795 1.19399E+00 4.37841E+01 1.42356E+00
 -1      2796 1.23051E+00 4.37812E+01 1.40749E+00
 -1      2801 1.20612E+00 4.50230E+01 1.11516E+00
 -1      2802 1.16956E+00 4.50262E+01 1.13106E+00
 -1      2803 1.19388E+00 4.50370E+01 1.18484E+00
 -1      2804 1.23044E+00 4.50338E+01 1.16894E+00
 -1      2809 1.20623E+00 4.62701E+01 8.53886E-01
 -1      2810 1.16962E+00 4.62736E+01 8.69618E-01
 -1      2811 1.19377E+00 4.62853E+01 9.23278E-01
 -1      2812 1.23038E+00 4.62819E+01 9.07546E-01
 -1      2817 1.20632E+00 4.75131E+01 5.71502E-01
 -1      2818 1.16966E+00 4.75168E+01 5.87093E-01
 -1      2819 1.19368E+00 4.75293E+01 6.40630E-01
 -1      2820 1.23034E+00 4.75257E+01 6.25039E-01
 -1      2825 1.20637E+00 4.87531E+01 2.72930E-01
 -1      2826 1.16969E+00 4.87568E+01 2.88429E-01
 -1      2827 1.19363E+00 4.87699E+01 3.41875E-01
 -1      2828 1.23031E+00 4.87661E+01 3.26376E-01
 -1      2833-8.31704E-01 4.12331E+01-3.42295E-02
 -1      2834-8.68791E-01 4.12437E+01-2.36225E-02
 -1      2835-8.53491E-01 4.12393E+01 3.42295E-02
 -1      2836-8.16404E-01 4.12287E+01 2.36225E-02
 -1      2841-4.83271E-01 4.24716E+01-3.43179E-02
 -1      2842-5.20380E-01 4.24818E+01-2.34066E-02
 -1      2843-5.04597E-01 4.24775E+01 3.43179E-02
 -1      2844-4.67488E-01 4.24673E+01 2.34066E-02
 -1      2849-1.51102E-01 4.37141E+01-3.44451E-02
 -1      2850-1.88233E-01 4.37237E+01-2.30837E-02
 -1      2851-1.71734E-01 4.37194E+01 3.44451E-02
 -1      2852-1.34603E-01 4.37098E+01 2.30837E-02
 -1      2857 1.59903E-01 4.49616E+01-3.45874E-02
 -1      2858 1.22764E-01 4.49705E+01-2.27035E-02
 -1      2859 1.40097E-01 4.49664E+01 3.45874E-02
 -1      2860 1.77236E-01 4.49575E+01 2.27035E-02
 -1      2865 4.48070E-01 4.62146E+01-3.47212E-02
 -1      2866 4.10939E-01 4.62229E+01-2.23246E-02
 -1      2867 4.29094E-01 4.62188E+01 3.47212E-02
 -1      2868 4.66225E-01 4.62106E+01 2.23246E-02
 -1      2873 7.15201E-01 4.74727E+01-3.48283E-02
 -1      2874 6.78091E-01 4.74803E+01-2.20050E-02
 -1      2875 6.96931E-01 4.74764E+01 3.48283E-02
 -1      2876 7.34041E-01 4.74688E+01 2.20050E-02
 -1      2881 9.66302E-01 4.87345E+01-3.48965E-02
 -1      2882 9.29212E-01 4.87417E+01-2.17923E-02
 -1      2883 9.48503E-01 4.87380E+01 3.48965E-02
 -1      2884 9.85593E-01 4.87307E+01 2.17923E-02
 -1      2889 8.42124E-01 4.12361E+01-3.60521E-02
 -1      2890 8.10413E-01 4.12270E+01-1.34113E-02
 -1      2891 8.43071E-01 4.12364E+01 3.60521E-02
 -1      2892 8.74781E-01 4.12454E+01 1.34113E-02
 -1      2897 4.93597E-01 4.24745E+01-3.60538E-02
 -1      2898 4.61712E-01 4.24657E+01-1.35445E-02
 -1      2899 4.94271E-01 4.24746E+01 3.60538E-02
 -1      2900 5.26156E-01 4.24834E+01 1.35445E-02
 -1      2905 1.61293E-01 4.37167E+01-3.60553E-02
 -1      2906 1.29148E-01 4.37084E+01-1.37478E-02
 -1      2907 1.61544E-01 4.37168E+01 3.60553E-02
 -1      2908 1.93688E-01 4.37251E+01 1.37478E-02
 -1      2913-1.49867E-01 4.49640E+01-3.60553E-02
 -1      2914-1.82312E-01 4.49562E+01-1.39935E-02
 -1      2915-1.50133E-01 4.49640E+01 3.60553E-02
 -1      2916-1.17688E-01 4.49718E+01 1.39935E-02
 -1      2921-4.38181E-01 4.62168E+01-3.60532E-02
 -1      2922-4.70920E-01 4.62096E+01-1.42455E-02
 -1      2923-4.38983E-01 4.62167E+01 3.60532E-02
 -1      2924-4.06244E-01 4.62239E+01 1.42455E-02
 -1      2929-7.05431E-01 4.74747E+01-3.60497E-02
 -1      2930-7.38414E-01 4.74679E+01-1.44640E-02
 -1      2931-7.06701E-01 4.74744E+01 3.60497E-02
 -1      2932-6.73718E-01 4.74812E+01 1.44640E-02
 -1      2937-9.56607E-01 4.87364E+01-3.60464E-02
 -1      2938-9.89751E-01 4.87299E+01-1.46123E-02
 -1      2939-9.58198E-01 4.87361E+01 3.60464E-02
 -1      2940-9.25054E-01 4.87425E+01 1.46123E-02
 -1      2945-8.31704E-01 4.12331E+01 1.96577E+00
 -1      2946-8.68791E-01 4.12437E+01 1.97638E+00
 -1      2947-8.53491E-01 4.12393E+01 2.03423E+00
 -1      2948-8.16404E-01 4.12287E+01 2.02362E+00
 -1      2953-4.83271E-01 4.24716E+01 1.96568E+00
 -1      2954-5.20380E-01 4.24818E+01 1.97659E+00
 -1      2955-5.04597E-01 4.24775E+01 2.03432E+00
 -1      2956-4.67488E-01 4.24673E+01 2.02341E+00
 -1      2961-1.51102E-01 4.37141E+01 1.96555E+00
 -1      2962-1.88233E-01 4.37237E+01 1.97692E+00
 -1      2963-1.71734E-01 4.37194E+01 2.03445E+00
 -1      2964-1.34603E-01 4.37098E+01 2.02308E+00
 -1      2969 1.59903E-01 4.49616E+01 1.96541E+00
 -1      2970 1.22764E-01 4.49705E+01 1.97730E+00
 -1      2971 1.40097E-01 4.49664E+01 2.03459E+00
 -1      2972 1.77236E-01 4.49575E+01 2.02270E+00
 -1      2977 4.48070E-01 4.62146E+01 1.96528E+00
 -1      2978 4.10939E-01 4.62229E+01 1.97768E+00
 -1      2979 4.29094E-01 4.62188E+01 2.03472E+00
 -1      2980 4.66225E-01 4.62106E+01 2.02232E+00
 -1      2985 7.15201E-01 4.74727E+01 1.96517E+00
 -1      2986 6.78091E-01 4.74803E+01 1.97800E+00
 -1      2987 6.96931E-01 4.74764E+01 2.03483E+00
 -1      2988 7.34041E-01 4.74688E+01 2.02200E+00
 -1      2993 9.66302E-01 4.87345E+01 1.96510E+00
 -1      2994 9.29212E-01 4.87417E+01 1.97821E+00
 -1      2995 9.48503E-01 4.87380E+01 2.03490E+00
 -1      2996 9.85593E-01 4.87307E+01 2.02179E+00
 -1      3001 8.42124E-01 4.12361E+01 1.96395E+00
 -1      3002 8.10413E-01 4.12270E+01 1.98659E+00
 -1      3003 8.43071E-01 4.12364E+01 2.03605E+00
 -1      3004 8.74781E-01 4.12454E+01 2.01341E+00
 -1      3009 4.93597E-01 4.24745E+01 1.96395E+00
 -1      3010 4.61712E-01 4.24657E+01 1.98646E+00
 -1      3011 4.94271E-01 4.24746E+01 2.03605E+00
 -1      3012 5.26156E-01 4.24834E+01 2.01354E+00
 -1      3017 1.61293E-01 4.37167E+01 1.96394E+00
 -1      3018 1.29148E-01 4.37084E+01 1.98625E+00
 -1      3019 1.61544E-01 4.37168E+01 2.03606E+00
 -1      3020 1.93688E-01 4.37251E+01 2.01375E+00
 -1      3025-1.49867E-01 4.49640E+01 1.96394E+00
 -1      3026-1.82312E-01 4.49562E+01 1.98601E+00
 -1      3027-1.50133E-01 4.49640E+01 2.03606E+00
 -1      3028-1.17688E-01 4.49718E+01 2.01399E+00
 -1      3033-4.38181E-01 4.62168E+01 1.96395E+00
 -1      3034-4.70920E-01 4.62096E+01 1.98575E+00
 -1      3035-4.38983E-01 4.62167E+01 2.03605E+00
 -1      3036-4.06244E-01 4.62239E+01 2.01425E+00
 -1      3041-7.05431E-01 4.74747E+01 1.96395E+00
 -1      3042-7.38414E-01 4.74679E+01 1.98554E+00
 -1      3043-7.06701E-01 4.74744E+01 2.03605E+00
 -1      3044-6.73718E-01 4.74812E+01 2.01446E+00
 -1      3049-9.56607E-01 4.87364E+01 1.96395E+00
 -1      3050-9.89751E-01 4.87299E+01 1.98539E+00
 -1      3051-9.58198E-01 4.87361E+01 2.03605E+00
 -1      3052-9.25054E-01 4.87425E+01 2.01461E+00
 -3
    3C                           284                                     1
 -1         1    1    0    1
 -2       225      1457      1458       226       228      1460      1459       227
 -1         2    1    0    1
 -2      1457       425       426      1458      1460       428       427      1459
 -1         3    1    0    1
 -2       275      1465      1466       276       278      1468      1467       277
 -1         4    1    0    1
 -2      1465       475       476      1466      1468       478       477      1467
 -1         5    1    0    1
 -2       325      1473      1474       326       328      1476      1475       327
 -1         6    1    0    1
 -2      1473       525       526      1474      1476       528       527      1475
 -1         7    1    0    1
 -2       375      1481      1482       376       378      1484      1483       377
 -1         8    1    0    1
 -2      1481       575       576      1482      1484       578       577      1483
 -1         9    1    0    1
 -2       425       625       626       426       428       628       627       427
 -1        10    1    0    1
 -2       475       675       676       476       478       678       677       477
 -1        11    1    0    1
 -2       525       725       726       526       528       728       727       527
 -1        12    1    0    1
 -2       575       775       776       576       578       778       777       577
 -1        13    1    0    1
 -2       625      1489      1490       626       628      1492      1491       627
 -1        14    1    0    1
 -2      1489      1497      1498      1490      1492      1500      1499      1491
 -1        15    1    0    1
 -2      1497      1505      1506      1498      1500      1508      1507      1499
 -1        16    1    0    1
 -2      1505       825       826      1506      1508       828       827      1507
 -1        17    1    0    1
 -2       675      1513      1514       676       678      1516      1515       677
 -1        18    1    0    1
 -2      1513      1521      1522      1514      1516      1524      1523      1515
 -1        19    1    0    1
 -2      1521      1529      1530      1522      1524      1532      1531      1523
 -1        20    1    0    1
 -2      1529       875       876      1530      1532       878       877      1531
 -1        21    1    0    1
 -2       725      1537      1538       726       728      1540      1539       727
 -1        22    1    0    1
 -2      1537      1545      1546      1538      1540      1548      1547      1539
 -1        23    1    0    1
 -2      1545      1553      1554      1546      1548      1556      1555      1547
 -1        24    1    0    1
 -2      1553       925       926      1554      1556       928       927      1555
 -1        25    1    0    1
 -2       775      1561      1562       776       778      1564      1563       777
 -1        26    1    0    1
 -2      1561      1569      1570      1562      1564      1572      1571      1563
 -1        27    1    0    1
 -2      1569      1577      1578      1570      1572      1580      1579      1571
 -1        28    1    0    1
 -2      1577       975       976      1578      1580       978       977      1579
 -1        29    1    0    1
 -2       825      1585      1586       826       828      1588      1587       827
 -1        30    1    0    1
 -2      1585      1593      1594      1586      1588      1596      1595      1587
 -1        31    1    0    1
 -2      1593      1601      1602      1594      1596      1604      1603      1595
 -1        32    1    0    1
 -2      1601      1025      1026      1602      1604      1028      1027      1603
 -1        33    1    0    1
 -2       875      1609      1610       876       878      1612      1611       877
 -1        34    1    0    1
 -2      1609      1617      1618      1610      1612      1620      1619      1611
 -1        35    1    0    1
 -2      1617      1625      1626      1618      1620      1628      1627      1619
 -1        36    1    0    1
 -2      1625      1091      1092      1626      1628      1094      1093      1627
 -1        37    1    0    1
 -2       925      1633      1634       926       928      1636      1635       927
 -1        38    1    0    1
 -2      1633      1641      1642      1634      1636      1644      1643      1635
 -1        39    1    0    1
 -2      1641      1649      1650      1642      1644      1652      1651      1643
 -1        40    1    0    1
 -2      1649      1141      1142      1650      1652      1144      1143      1651
 -1        41    1    0    1
 -2       975      1657      1658       976       978      1660      1659       977
 -1        42    1    0    1
 -2      1657      1665      1666      1658      1660      1668      1667      1659
 -1        43    1    0    1
 -2      1665      1673      1674      1666      1668      1676      1675      1667
 -1        44    1    0    1
 -2      1673      1207      1208      1674      1676      1210      1209      1675
 -1        45    1    0    1
 -2      1049      1681      1682      1050      1052      1684      1683      1051
 -1        46    1    0    1
 -2      1681      1689      1690      1682      1684      1692      1691      1683
 -1        47    1    0    1
 -2      1689      1697      1698      1690      1692      1700      1699      1691
 -1        48    1    0    1
 -2      1697      1705      1706      1698      1700      1708      1707      1699
 -1        49    1    0    1
 -2      1705      1713      1714      1706      1708      1716      1715      1707
 -1        50    1    0    1
 -2      1713      1721      1722      1714      1716      1724      1723      1715
 -1        51    1    0    1
 -2      1721      1729      1730      1722      1724      1732      1731      1723
 -1        52    1    0    1
 -2      1729      1257      1258      1730      1732      1260      1259      1731
 -1        53    1    0    1
 -2      1091      1737      1738      1092      1094      1740      1739      1093
 -1        54    1    0    1
 -2      1737      1745      1746      1738      1740      1748      1747      1739
 -1        55    1    0    1
 -2      1745      1753      1754      1746      1748      1756      1755      1747
 -1        56    1    0    1
 -2      1753      1761      1762      1754      1756      1764      1763      1755
 -1        57    1    0    1
 -2      1761      1769      1770      1762      1764      1772      1771      1763
 -1        58    1    0    1
 -2      1769      1777      1778      1770      1772      1780      1779      1771
 -1        59    1    0    1
 -2      1777      1785      1786      1778      1780      1788      1787      1779
 -1        60    1    0    1
 -2      1785      1307      1308      1786      1788      1310      1309      1787
 -1        61    1    0    1
 -2      1165      1793      1794      1166      1168      1796      1795      1167
 -1        62    1    0    1
 -2      1793      1801      1802      1794      1796      1804      1803      1795
 -1        63    1    0    1
 -2      1801      1809      1810      1802      1804      1812      1811      1803
 -1        64    1    0    1
 -2      1809      1817      1818      1810      1812      1820      1819      1811
 -1        65    1    0    1
 -2      1817      1825      1826      1818      1820      1828      1827      1819
 -1        66    1    0    1
 -2      1825      1833      1834      1826      1828      1836      1835      1827
 -1        67    1    0    1
 -2      1833      1841      1842      1834      1836      1844      1843      1835
 -1        68    1    0    1
 -2      1841      1357      1358      1842      1844      1360      1359      1843
 -1        69    1    0    1
 -2      1207      1849      1850      1208      1210      1852      1851      1209
 -1        70    1    0    1
 -2      1849      1857      1858      1850      1852      1860      1859      1851
 -1        71    1    0    1
 -2      1857      1865      1866      1858      1860      1868      1867      1859
 -1        72    1    0    1
 -2      1865      1873      1874      1866      1868      1876      1875      1867
 -1        73    1    0    1
 -2      1873      1881      1882      1874      1876      1884      1883      1875
 -1        74    1    0    1
 -2      1881      1889      1890      1882      1884      1892      1891      1883
 -1        75    1    0    1
 -2      1889      1897      1898      1890      1892      1900      1899      1891
 -1        76    1    0    1
 -2      1897      1407      1408      1898      1900      1410      1409      1899
 -1        77    1    0    1
 -2       233      1905      1906       234       236      1908      1907       235
 -1        78    1    0    1
 -2      1905       283       284      1906      1908       286       285      1907
 -1        79    1    0    1
 -2       333      1913      1914       334       336      1916      1915       335
 -1        80    1    0    1
 -2      1913       383       384      1914      1916       386       385      1915
 -1        81    1    0    1
 -2       241      1921      1922       242       244      1924      1923       243
 -1        82    1    0    1
 -2      1921       341       342      1922      1924       344       343      1923
 -1        83    1    0    1
 -2       291      1929      1930       292       294      1932      1931       293
 -1        84    1    0    1
 -2      1929       391       392      1930      1932       394       393      1931
 -1        85    1    0    1
 -2       433      1937      1938       434       436      1940      1939       435
 -1        86    1    0    1
 -2      1937       483       484      1938      1940       486       485      1939
 -1        87    1    0    1
 -2       533      1945      1946       534       536      1948      1947       535
 -1        88    1    0    1
 -2      1945       583       584      1946      1948       586       585      1947
 -1        89    1    0    1
 -2       441      1953      1954       442       444      1956      1955       443
 -1        90    1    0    1
 -2      1953       541       542      1954      1956       544       543      1955
 -1        91    1    0    1
 -2       491      1961      1962       492       494      1964      1963       493
 -1        92    1    0    1
 -2      1961       591       592      1962      1964       594       593      1963
 -1        93    1    0    1
 -2       633      1969      1970       634       636      1972      1971       635
 -1        94    1    0    1
 -2      1969       683       684      1970      1972       686       685      1971
 -1        95    1    0    1
 -2       733      1977      1978       734       736      1980      1979       735
 -1        96    1    0    1
 -2      1977       783       784      1978      1980       786       785      1979
 -1        97    1    0    1
 -2       641      1985      1986       642       644      1988      1987       643
 -1        98    1    0    1
 -2      1985       741       742      1986      1988       744       743      1987
 -1        99    1    0    1
 -2       691      1993      1994       692       694      1996      1995       693
 -1       100    1    0    1
 -2      1993       791       792      1994      1996       794       793      1995
 -1       101    1    0    1
 -2       833      2001      2002       834       836      2004      2003       835
 -1       102    1    0    1
 -2      2001       883       884      2002      2004       886       885      2003
 -1       103    1    0    1
 -2       933      2009      2010       934       936      2012      2011       935
 -1       104    1    0    1
 -2      2009       983       984      2010      2012       986       985      2011
 -1       105    1    0    1
 -2       841      2017      2018       842       844      2020      2019       843
 -1       106    1    0    1
 -2      2017       941       942      2018      2020       944       943      2019
 -1       107    1    0    1
 -2       891      2025      2026       892       894      2028      2027       893
 -1       108    1    0    1
 -2      2025       991       992      2026      2028       994       993      2027
 -1       109    1    0    1
 -2      1033      2033      2034      1034      1036      2036      2035      1035
 -1       110    1    0    1
 -2      2033      2041      2042      2034      2036      2044      2043      2035
 -1       111    1    0    1
 -2      2041      2049      2050      2042      2044      2052      2051      2043
 -1       112    1    0    1
 -2      2049      1099      1100      2050      2052      1102      1101      2051
 -1       113    1    0    1
 -2      1149      2057      2058      1150      1152      2060      2059      1151
 -1       114    1    0    1
 -2      2057      2065      2066      2058      2060      2068      2067      2059
 -1       115    1    0    1
 -2      2065      2073      2074      2066      2068      2076      2075      2067
 -1       116    1    0    1
 -2      2073      1215      1216      2074      2076      1218      1217      2075
 -1       117    1    0    1
 -2      1041      2081      2082      1042      1044      2084      2083      1043
 -1       118    1    0    1
 -2      2081      2089      2090      2082      2084      2092      2091      2083
 -1       119    1    0    1
 -2      2089      2097      2098      2090      2092      2100      2099      2091
 -1       120    1    0    1
 -2      2097      1157      1158      2098      2100      1160      1159      2099
 -1       121    1    0    1
 -2      1107      2105      2106      1108      1110      2108      2107      1109
 -1       122    1    0    1
 -2      2105      2113      2114      2106      2108      2116      2115      2107
 -1       123    1    0    1
 -2      2113      2121      2122      2114      2116      2124      2123      2115
 -1       124    1    0    1
 -2      2121      1223      1224      2122      2124      1226      1225      2123
 -1       125    1    0    1
 -2      1265      2129      2130      1266      1268      2132      2131      1267
 -1       126    1    0    1
 -2      2129      2137      2138      2130      2132      2140      2139      2131
 -1       127    1    0    1
 -2      2137      2145      2146      2138      2140      2148      2147      2139
 -1       128    1    0    1
 -2      2145      2153      2154      2146      2148      2156      2155      2147
 -1       129    1    0    1
 -2      2153      2161      2162      2154      2156      2164      2163      2155
 -1       130    1    0    1
 -2      2161      2169      2170      2162      2164      2172      2171      2163
 -1       131    1    0    1
 -2      2169      2177      2178      2170      2172      2180      2179      2171
 -1       132    1    0    1
 -2      2177      1315      1316      2178      2180      1318      1317      2179
 -1       133    1    0    1
 -2      1365      2185      2186      1366      1368      2188      2187      1367
 -1       134    1    0    1
 -2      2185      2193      2194      2186      2188      2196      2195      2187
 -1       135    1    0    1
 -2      2193      2201      2202      2194      2196      2204      2203      2195
 -1       136    1    0    1
 -2      2201      2209      2210      2202      2204      2212      2211      2203
 -1       137    1    0    1
 -2      2209      2217      2218      2210      2212      2220      2219      2211
 -1       138    1    0    1
 -2      2217      2225      2226      2218      2220      2228      2227      2219
 -1       139    1    0    1
 -2      2225      2233      2234      2226      2228      2236      2235      2227
 -1       140    1    0    1
 -2      2233      1415      1416      2234      2236      1418      1417      2235
 -1       141    1    0    1
 -2      1273      2241      2242      1274      1276      2244      2243      1275
 -1       142    1    0    1
 -2      2241      2249      2250      2242      2244      2252      2251      2243
 -1       143    1    0    1
 -2      2249      2257      2258      2250      2252      2260      2259      2251
 -1       144    1    0    1
 -2      2257      2265      2266      2258      2260      2268      2267      2259
 -1       145    1    0    1
 -2      2265      2273      2274      2266      2268      2276      2275      2267
 -1       146    1    0    1
 -2      2273      2281      2282      2274      2276      2284      2283      2275
 -1       147    1    0    1
 -2      2281      2289      2290      2282      2284      2292      2291      2283
 -1       148    1    0    1
 -2      2289      1373      1374      2290      2292      1376      1375      2291
 -1       149    1    0    1
 -2      1323      2297      2298      1324      1326      2300      2299      1325
 -1       150    1    0    1
 -2      2297      2305      2306      2298      2300      2308      2307      2299
 -1       151    1    0    1
 -2      2305      2313      2314      2306      2308      2316      2315      2307
 -1       152    1    0    1
 -2      2313      2321      2322      2314      2316      2324      2323      2315
 -1       153    1    0    1
 -2      2321      2329      2330      2322      2324      2332      2331      2323
 -1       154    1    0    1
 -2      2329      2337      2338      2330      2332      2340      2339      2331
 -1       155    1    0    1
 -2      2337      2345      2346      2338      2340      2348      2347      2339
 -1       156    1    0    1
 -2      2345      1423      1424      2346      2348      1426      1425      2347
 -1       157    1    0    1
 -2       225      2353      2354       226       228      2356      2355       227
 -1       158    1    0    1
 -2      2353       525       526      2354      2356       528       527      2355
 -1       159    1    0    1
 -2       325      2361      2362       326       328      2364      2363       327
 -1       160    1    0    1
 -2      2361       425       426      2362      2364       428       427      2363
 -1       161    1    0    1
 -2       275      2369      2370       276       278      2372      2371       277
 -1       162    1    0    1
 -2      2369       575       576      2370      2372       578       577      2371
 -1       163    1    0    1
 -2       375      2377      2378       376       378      2380      2379       377
 -1       164    1    0    1
 -2      2377       475       476      2378      2380       478       477      2379
 -1       165    1    0    1
 -2       225      2385      2386       226       228      2388      2387       227
 -1       166    1    0    1
 -2      2385       475       476      2386      2388       478       477      2387
 -1       167    1    0    1
 -2       275      2393      2394       276       278      2396      2395       277
 -1       168    1    0    1
 -2      2393       425       426      2394      2396       428       427      2395
 -1       169    1    0    1
 -2       325      2401      2402       326       328      2404      2403       327
 -1       170    1    0    1
 -2      2401       575       576      2402      2404       578       577      2403
 -1       171    1    0    1
 -2       375      2409      2410       376       378      2412      2411       377
 -1       172    1    0    1
 -2      2409       525       526      2410      2412       528       527      2411
 -1       173    1    0    1
 -2       425      2417      2418       426       428      2420      2419       427
 -1       174    1    0    1
 -2      2417       725       726      2418      2420       728       727      2419
 -1       175    1    0    1
 -2       525      2425      2426       526       528      2428      2427       527
 -1       176    1    0    1
 -2      2425       625       626      2426      2428       628       627      2427
 -1       177    1    0    1
 -2       475      2433      2434       476       478      2436      2435       477
 -1       178    1    0    1
 -2      2433       775       776      2434      2436       778       777      2435
 -1       179    1    0    1
 -2       575      2441      2442       576       578      2444      2443       577
 -1       180    1    0    1
 -2      2441       675       676      2442      2444       678       677      2443
 -1       181    1    0    1
 -2       425      2449      2450       426       428      2452      2451       427
 -1       182    1    0    1
 -2      2449       675       676      2450      2452       678       677      2451
 -1       183    1    0    1
 -2       475      2457      2458       476       478      2460      2459       477
 -1       184    1    0    1
 -2      2457       625       626      2458      2460       628       627      2459
 -1       185    1    0    1
 -2       525      2465      2466       526       528      2468      2467       527
 -1       186    1    0    1
 -2      2465       775       776      2466      2468       778       777      2467
 -1       187    1    0    1
 -2       575      2473      2474       576       578      2476      2475       577
 -1       188    1    0    1
 -2      2473       725       726      2474      2476       728       727      2475
 -1       189    1    0    1
 -2       625      2481      2482       626       628      2484      2483       627
 -1       190    1    0    1
 -2      2481       925       926      2482      2484       928       927      2483
 -1       191    1    0    1
 -2       725      2489      2490       726       728      2492      2491       727
 -1       192    1    0    1
 -2      2489       825       826      2490      2492       828       827      2491
 -1       193    1    0    1
 -2       675      2497      2498       676       678      2500      2499       677
 -1       194    1    0    1
 -2      2497       975       976      2498      2500       978       977      2499
 -1       195    1    0    1
 -2       775      2505      2506       776       778      2508      2507       777
 -1       196    1    0    1
 -2      2505       875       876      2506      2508       878       877      2507
 -1       197    1    0    1
 -2       625      2513      2514       626       628      2516      2515       627
 -1       198    1    0    1
 -2      2513       875       876      2514      2516       878       877      2515
 -1       199    1    0    1
 -2       675      2521      2522       676       678      2524      2523       677
 -1       200    1    0    1
 -2      2521       825       826      2522      2524       828       827      2523
 -1       201    1    0    1
 -2       725      2529      2530       726       728      2532      2531       727
 -1       202    1    0    1
 -2      2529       975       976      2530      2532       978       977      2531
 -1       203    1    0    1
 -2       775      2537      2538       776       778      2540      2539       777
 -1       204    1    0    1
 -2      2537       925       926      2538      2540       928       927      2539
 -1       205    1    0    1
 -2       825      2545      2546       826       828      2548      2547       827
 -1       206    1    0    1
 -2      2545      1141      1142      2546      2548      1144      1143      2547
 -1       207    1    0    1
 -2       925      2553      2554       926       928      2556      2555       927
 -1       208    1    0    1
 -2      2553      1025      1026      2554      2556      1028      1027      2555
 -1       209    1    0    1
 -2       875      2561      2562       876       878      2564      2563       877
 -1       210    1    0    1
 -2      2561      1207      1208      2562      2564      1210      1209      2563
 -1       211    1    0    1
 -2       975      2569      2570       976       978      2572      2571       977
 -1       212    1    0    1
 -2      2569      1091      1092      2570      2572      1094      1093      2571
 -1       213    1    0    1
 -2       825      2577      2578       826       828      2580      2579       827
 -1       214    1    0    1
 -2      2577      1091      1092      2578      2580      1094      1093      2579
 -1       215    1    0    1
 -2       875      2585      2586       876       878      2588      2587       877
 -1       216    1    0    1
 -2      2585      1025      1026      2586      2588      1028      1027      2587
 -1       217    1    0    1
 -2       925      2593      2594       926       928      2596      2595       927
 -1       218    1    0    1
 -2      2593      1207      1208      2594      2596      1210      1209      2595
 -1       219    1    0    1
 -2       975      2601      2602       976       978      2604      2603       977
 -1       220    1    0    1
 -2      2601      1141      1142      2602      2604      1144      1143      2603
 -1       221    1    0    1
 -2      1025      2609      2610      1026      1028      2612      2611      1027
 -1       222    1    0    1
 -2      2609      2617      2618      2610      2612      2620      2619      2611
 -1       223    1    0    1
 -2      2617      2625      2626      2618      2620      2628      2627      2619
 -1       224    1    0    1
 -2      2625      2633      2634      2626      2628      2636      2635      2627
 -1       225    1    0    1
 -2      2633      2641      2642      2634      2636      2644      2643      2635
 -1       226    1    0    1
 -2      2641      2649      2650      2642      2644      2652      2651      2643
 -1       227    1    0    1
 -2      2649      2657      2658      2650      2652      2660      2659      2651
 -1       228    1    0    1
 -2      2657      1357      1358      2658      2660      1360      1359      2659
 -1       229    1    0    1
 -2      1165      2665      2666      1166      1168      2668      2667      1167
 -1       230    1    0    1
 -2      2665      2673      2674      2666      2668      2676      2675      2667
 -1       231    1    0    1
 -2      2673      2681      2682      2674      2676      2684      2683      2675
 -1       232    1    0    1
 -2      2681      2689      2690      2682      2684      2692      2691      2683
 -1       233    1    0    1
 -2      2689      2697      2698      2690      2692      2700      2699      2691
 -1       234    1    0    1
 -2      2697      2705      2706      2698      2700      2708      2707      2699
 -1       235    1    0    1
 -2      2705      2713      2714      2706      2708      2716      2715      2707
 -1       236    1    0    1
 -2      2713      1257      1258      2714      2716      1260      1259      2715
 -1       237    1    0    1
 -2      1091      2721      2722      1092      1094      2724      2723      1093
 -1       238    1    0    1
 -2      2721      2729      2730      2722      2724      2732      2731      2723
 -1       239    1    0    1
 -2      2729      2737      2738      2730      2732      2740      2739      2731
 -1       240    1    0    1
 -2      2737      2745      2746      2738      2740      2748      2747      2739
 -1       241    1    0    1
 -2      2745      2753      2754      2746      2748      2756      2755      2747
 -1       242    1    0    1
 -2      2753      2761      2762      2754      2756      2764      2763      2755
 -1       243    1    0    1
 -2      2761      2769      2770      2762      2764      2772      2771      2763
 -1       244    1    0    1
 -2      2769      1407      1408      2770      2772      1410      1409      2771
 -1       245    1    0    1
 -2      1207      2777      2778      1208      1210      2780      2779      1209
 -1       246    1    0    1
 -2      2777      2785      2786      2778      2780      2788      2787      2779
 -1       247    1    0    1
 -2      2785      2793      2794      2786      2788      2796      2795      2787
 -1       248    1    0    1
 -2      2793      2801      2802      2794      2796      2804      2803      2795
 -1       249    1    0    1
 -2      2801      2809      2810      2802      2804      2812      2811      2803
 -1       250    1    0    1
 -2      2809      2817      2818      2810      2812      2820      2819      2811
 -1       251    1    0    1
 -2      2817      2825      2826      2818      2820      2828      2827      2819
 -1       252    1    0    1
 -2      2825      1307      1308      2826      2828      1310      1309      2827
 -1       253    1    0    1
 -2      1049      2833      2834      1050      1052      2836      2835      1051
 -1       254    1    0    1
 -2      2833      2841      2842      2834      2836      2844      2843      2835
 -1       255    1    0    1
 -2      2841      2849      2850      2842      2844      2852      2851      2843
 -1       256    1    0    1
 -2      2849      2857      2858      2850      2852      2860      2859      2851
 -1       257    1    0    1
 -2      2857      2865      2866      2858      2860      2868      2867      2859
 -1       258    1    0    1
 -2      2865      2873      2874      2866      2868      2876      2875      2867
 -1       259    1    0    1
 -2      2873      2881      2882      2874      2876      2884      2883      2875
 -1       260    1    0    1
 -2      2881      1307      1308      2882      2884      1310      1309      2883
 -1       261    1    0    1
 -2      1091      2889      2890      1092      1094      2892      2891      1093
 -1       262    1    0    1
 -2      2889      2897      2898      2890      2892      2900      2899      2891
 -1       263    1    0    1
 -2      2897      2905      2906      2898      2900      2908      2907      2899
 -1       264    1    0    1
 -2      2905      2913      2914      2906      2908      2916      2915      2907
 -1       265    1    0    1
 -2      2913      2921      2922      2914      2916      2924      2923      2915
 -1       266    1    0    1
 -2      2921      2929      2930      2922      2924      2932      2931      2923
 -1       267    1    0    1
 -2      2929      2937      2938      2930      2932      2940      2939      2931
 -1       268    1    0    1
 -2      2937      1257      1258      2938      2940      1260      1259      2939
 -1       269    1    0    1
 -2      1165      2945      2946      1166      1168      2948      2947      1167
 -1       270    1    0    1
 -2      2945      2953      2954      2946      2948      2956      2955      2947
 -1       271    1    0    1
 -2      2953      2961      2962      2954      2956      2964      2963      2955
 -1       272    1    0    1
 -2      2961      2969      2970      2962      2964      2972      2971      2963
 -1       273    1    0    1
 -2      2969      2977      2978      2970      2972      2980      2979      2971
 -1       274    1    0    1
 -2      2977      2985      2986      2978      2980      2988      2987      2979
 -1       275    1    0    1
 -2      2985      2993      2994      2986      2988      2996      2995      2987
 -1       276    1    0    1
 -2      2993      1407      1408      2994      2996      1410      1409      2995
 -1       277    1    0    1
 -2      1207      3001      3002      1208      1210      3004      3003      1209
 -1       278    1    0    1
 -2      3001      3009      3010      3002      3004      3012      3011      3003
 -1       279    1    0    1
 -2      3009      3017      3018      3010      3012      3020      3019      3011
 -1       280    1    0    1
 -2      3017      3025      3026      3018      3020      3028      3027      3019
 -1       281    1    0    1
 -2      3025      3033      3034      3026      3028      3036      3035      3027
 -1       282    1    0    1
 -2      3033      3041      3042      3034      3036      3044      3043      3035
 -1       283    1    0    1
 -2      3041      3049      3050      3042      3044      3052      3051      3043
 -1       284    1    0    1
 -2      3049      1357      1358      3050      3052      1360      1359      3051
 -3
    1PSTEP                         1           1           1          
  100CL  101 1.000000000           0                     0    1           1
 -4  DISP        4    1
 -5  D1          1    2    1    0
 -5  D2          1    2    2    0
 -5  D3          1    2    3    0
 -5  ALL         1    2    0    0    1ALL
 -3
 9999
